2025-05-11 15:55:01 [INFO] 正在获取图像，尝试 1/10 (已耗时: 0.0秒)
2025-05-11 15:55:05 [INFO] 图像质量: 模糊 拉普拉斯变异度低 (0.04 < 100) | Sobel梯度均值低 (0.05 < 20) | 边缘检测点少 (0.00% < 1.0%) | 高频能量正常 (92.35)
2025-05-11 15:55:05 [WARNING] 图像模糊，尝试重新获取 (第1次尝试)
2025-05-11 15:55:07 [INFO] 正在获取图像，尝试 2/10 (已耗时: 6.0秒)
2025-05-11 15:55:10 [INFO] 图像质量: 模糊 拉普拉斯变异度低 (0.05 < 100) | Sobel梯度均值低 (0.09 < 20) | 边缘检测点少 (0.00% < 1.0%) | 高频能量正常 (95.56)
2025-05-11 15:55:10 [WARNING] 图像模糊，尝试重新获取 (第2次尝试)
2025-05-11 15:55:12 [INFO] 正在获取图像，尝试 3/10 (已耗时: 11.7秒)
2025-05-11 15:55:16 [INFO] 图像质量: 模糊 拉普拉斯变异度低 (0.60 < 100) | Sobel梯度均值低 (0.07 < 20) | 边缘检测点少 (0.00% < 1.0%) | 高频能量正常 (121.37)
2025-05-11 15:55:16 [WARNING] 图像模糊，尝试重新获取 (第3次尝试)
2025-05-11 15:55:18 [INFO] 正在获取图像，尝试 4/10 (已耗时: 17.3秒)
2025-05-11 15:55:22 [INFO] 图像质量: 模糊 拉普拉斯变异度低 (0.04 < 100) | Sobel梯度均值低 (0.05 < 20) | 边缘检测点少 (0.00% < 1.0%) | 高频能量正常 (92.04)
2025-05-11 15:55:22 [WARNING] 图像模糊，尝试重新获取 (第4次尝试)
2025-05-11 15:55:24 [INFO] 正在获取图像，尝试 5/10 (已耗时: 23.1秒)
2025-05-11 15:55:28 [INFO] 图像质量: 模糊 拉普拉斯变异度低 (0.04 < 100) | Sobel梯度均值低 (0.04 < 20) | 边缘检测点少 (0.00% < 1.0%) | 高频能量正常 (90.51)
2025-05-11 15:55:28 [WARNING] 图像模糊，尝试重新获取 (第5次尝试)
2025-05-11 15:55:30 [INFO] 正在获取图像，尝试 6/10 (已耗时: 28.8秒)
2025-05-11 15:55:33 [INFO] 图像质量: 模糊 拉普拉斯变异度低 (0.04 < 100) | Sobel梯度均值低 (0.05 < 20) | 边缘检测点少 (0.00% < 1.0%) | 高频能量正常 (93.48)
2025-05-11 15:55:33 [WARNING] 图像模糊，尝试重新获取 (第6次尝试)
2025-05-11 15:55:35 [INFO] 正在获取图像，尝试 7/10 (已耗时: 34.4秒)
2025-05-11 15:55:39 [INFO] 图像质量: 模糊 拉普拉斯变异度低 (0.07 < 100) | Sobel梯度均值低 (0.07 < 20) | 边缘检测点少 (0.00% < 1.0%) | 高频能量正常 (98.77)
2025-05-11 15:55:39 [WARNING] 图像模糊，尝试重新获取 (第7次尝试)
2025-05-11 15:55:41 [ERROR] 获取清晰图像超时 (40.0秒)
2025-05-11 15:55:41 [WARNING] 返回超时前的最后一帧图像
2025-05-11 15:55:41 [INFO] 正在获取图像，尝试 1/10 (已耗时: 0.0秒)
2025-05-11 15:55:45 [INFO] 图像质量: 模糊 拉普拉斯变异度低 (0.05 < 100) | Sobel梯度均值低 (0.04 < 20) | 边缘检测点少 (0.00% < 1.0%) | 高频能量正常 (93.06)
2025-05-11 15:55:45 [WARNING] 图像模糊，尝试重新获取 (第1次尝试)
2025-05-11 15:55:47 [INFO] 正在获取图像，尝试 2/10 (已耗时: 5.7秒)
2025-05-11 15:55:50 [INFO] 图像质量: 模糊 拉普拉斯变异度低 (0.02 < 100) | Sobel梯度均值低 (0.03 < 20) | 边缘检测点少 (0.00% < 1.0%) | 高频能量正常 (81.51)
2025-05-11 15:55:50 [WARNING] 图像模糊，尝试重新获取 (第2次尝试)
2025-05-11 15:55:52 [INFO] 正在获取图像，尝试 3/10 (已耗时: 11.4秒)
2025-05-11 15:55:56 [INFO] 图像质量: 模糊 拉普拉斯变异度低 (0.04 < 100) | Sobel梯度均值低 (0.04 < 20) | 边缘检测点少 (0.00% < 1.0%) | 高频能量正常 (89.25)
2025-05-11 15:55:56 [WARNING] 图像模糊，尝试重新获取 (第3次尝试)
2025-05-11 15:55:58 [INFO] 正在获取图像，尝试 4/10 (已耗时: 17.0秒)
2025-05-11 15:56:02 [INFO] 图像质量: 模糊 拉普拉斯变异度低 (0.04 < 100) | Sobel梯度均值低 (0.05 < 20) | 边缘检测点少 (0.00% < 1.0%) | 高频能量正常 (91.11)
2025-05-11 15:56:02 [WARNING] 图像模糊，尝试重新获取 (第4次尝试)
2025-05-11 15:56:04 [INFO] 正在获取图像，尝试 5/10 (已耗时: 22.7秒)
2025-05-11 15:56:07 [INFO] 图像质量: 模糊 拉普拉斯变异度低 (0.10 < 100) | Sobel梯度均值低 (0.08 < 20) | 边缘检测点少 (0.00% < 1.0%) | 高频能量正常 (100.47)
2025-05-11 15:56:07 [WARNING] 图像模糊，尝试重新获取 (第5次尝试)
2025-05-11 15:56:09 [INFO] 正在获取图像，尝试 6/10 (已耗时: 28.4秒)
2025-05-11 15:56:13 [INFO] 图像质量: 模糊 拉普拉斯变异度低 (0.05 < 100) | Sobel梯度均值低 (0.05 < 20) | 边缘检测点少 (0.00% < 1.0%) | 高频能量正常 (91.79)
2025-05-11 15:56:13 [WARNING] 图像模糊，尝试重新获取 (第6次尝试)
2025-05-11 15:56:15 [INFO] 正在获取图像，尝试 7/10 (已耗时: 34.0秒)
2025-05-11 15:56:19 [INFO] 图像质量: 模糊 拉普拉斯变异度低 (0.07 < 100) | Sobel梯度均值低 (0.07 < 20) | 边缘检测点少 (0.00% < 1.0%) | 高频能量正常 (96.72)
2025-05-11 15:56:19 [WARNING] 图像模糊，尝试重新获取 (第7次尝试)
2025-05-11 15:56:21 [INFO] 正在获取图像，尝试 8/10 (已耗时: 39.8秒)
2025-05-11 15:56:24 [INFO] 图像质量: 模糊 拉普拉斯变异度低 (0.03 < 100) | Sobel梯度均值低 (0.04 < 20) | 边缘检测点少 (0.00% < 1.0%) | 高频能量正常 (88.35)
2025-05-11 15:56:24 [WARNING] 图像模糊，尝试重新获取 (第8次尝试)
2025-05-11 15:56:26 [ERROR] 获取清晰图像超时 (40.0秒)
2025-05-11 15:56:26 [WARNING] 返回超时前的最后一帧图像
2025-05-11 15:56:49 [INFO] 正在获取图像，尝试 1/30 (已耗时: 0.0秒)
2025-05-11 15:56:53 [INFO] 图像质量: 模糊 拉普拉斯变异度低 (0.08 < 100) | Sobel梯度均值低 (0.08 < 20) | 边缘检测点少 (0.00% < 1.0%) | 高频能量正常 (99.89)
2025-05-11 15:56:53 [WARNING] 图像模糊，尝试重新获取 (第1次尝试)
2025-05-11 15:56:54 [INFO] 正在获取图像，尝试 2/30 (已耗时: 4.4秒)
2025-05-11 15:56:58 [INFO] 图像质量: 模糊 拉普拉斯变异度低 (0.09 < 100) | Sobel梯度均值低 (0.09 < 20) | 边缘检测点少 (0.00% < 1.0%) | 高频能量正常 (100.24)
2025-05-11 15:56:58 [WARNING] 图像模糊，尝试重新获取 (第2次尝试)
2025-05-11 15:56:58 [INFO] 正在获取图像，尝试 3/30 (已耗时: 8.7秒)
2025-05-11 15:57:02 [INFO] 图像质量: 清晰 拉普拉斯变异度正常 (231.10) | Sobel梯度均值正常 (26.21) | 边缘检测点正常 (1.41%) | 高频能量正常 (176.19)
2025-05-11 15:57:02 [INFO] 图像清晰度良好，可以进行检测
