2025-05-08 11:03:06 [INFO] 正在获取图像，尝试 1/10 (已耗时: 0.0秒)
2025-05-08 11:03:10 [INFO] 图像质量: 模糊 拉普拉斯变异度低 (2.07 < 100) | Sobel梯度均值低 (0.13 < 20) | 边缘检测点少 (0.01% < 1.0%) | 高频能量正常 (133.69)
2025-05-08 11:03:10 [WARNING] 图像模糊，尝试重新获取 (第1次尝试)
2025-05-08 11:03:10 [INFO] 正在获取图像，尝试 2/10 (已耗时: 4.0秒)
2025-05-08 11:03:14 [INFO] 图像质量: 模糊 拉普拉斯变异度低 (0.03 < 100) | Sobel梯度均值低 (0.02 < 20) | 边缘检测点少 (0.00% < 1.0%) | 高频能量正常 (91.47)
2025-05-08 11:03:14 [WARNING] 图像模糊，尝试重新获取 (第2次尝试)
2025-05-08 11:03:14 [ERROR] 获取清晰图像超时 (5秒)
2025-05-08 11:03:14 [WARNING] 返回超时前的最后一帧图像
2025-05-08 11:03:15 [INFO] 正在获取图像，尝试 1/10 (已耗时: 0.0秒)
2025-05-08 11:03:19 [INFO] 图像质量: 模糊 拉普拉斯变异度低 (0.93 < 100) | Sobel梯度均值低 (0.05 < 20) | 边缘检测点少 (0.00% < 1.0%) | 高频能量正常 (126.76)
2025-05-08 11:03:19 [WARNING] 图像模糊，尝试重新获取 (第1次尝试)
2025-05-08 11:03:20 [INFO] 正在获取图像，尝试 2/10 (已耗时: 4.3秒)
2025-05-08 11:03:23 [INFO] 图像质量: 模糊 拉普拉斯变异度低 (0.02 < 100) | Sobel梯度均值低 (0.01 < 20) | 边缘检测点少 (0.00% < 1.0%) | 高频能量正常 (85.95)
2025-05-08 11:03:23 [WARNING] 图像模糊，尝试重新获取 (第2次尝试)
2025-05-08 11:03:24 [ERROR] 获取清晰图像超时 (5秒)
2025-05-08 11:03:24 [WARNING] 返回超时前的最后一帧图像
2025-05-08 11:03:25 [INFO] 正在获取图像，尝试 1/10 (已耗时: 0.0秒)
2025-05-08 11:03:28 [INFO] 图像质量: 清晰 拉普拉斯变异度正常 (197.91) | Sobel梯度均值正常 (24.59) | 边缘检测点正常 (1.58%) | 高频能量正常 (171.63)
2025-05-08 11:03:28 [INFO] 图像清晰度良好，可以进行检测
2025-05-08 11:03:50 [INFO] 正在获取图像，尝试 1/10 (已耗时: 0.0秒)
2025-05-08 11:03:54 [INFO] 图像质量: 模糊 拉普拉斯变异度低 (0.10 < 100) | Sobel梯度均值低 (0.07 < 20) | 边缘检测点少 (0.00% < 1.0%) | 高频能量正常 (100.23)
2025-05-08 11:03:54 [WARNING] 图像模糊，尝试重新获取 (第1次尝试)
2025-05-08 11:03:54 [INFO] 正在获取图像，尝试 2/10 (已耗时: 3.8秒)
2025-05-08 11:03:58 [INFO] 图像质量: 模糊 拉普拉斯变异度低 (0.93 < 100) | Sobel梯度均值低 (0.04 < 20) | 边缘检测点少 (0.00% < 1.0%) | 高频能量正常 (125.87)
2025-05-08 11:03:58 [WARNING] 图像模糊，尝试重新获取 (第2次尝试)
2025-05-08 11:03:58 [ERROR] 获取清晰图像超时 (5秒)
2025-05-08 11:03:58 [WARNING] 返回超时前的最后一帧图像
2025-05-08 11:03:59 [INFO] 正在获取图像，尝试 1/10 (已耗时: 0.0秒)
2025-05-08 11:04:02 [INFO] 图像质量: 模糊 拉普拉斯变异度低 (0.02 < 100) | Sobel梯度均值低 (0.01 < 20) | 边缘检测点少 (0.00% < 1.0%) | 高频能量正常 (84.90)
2025-05-08 11:04:02 [WARNING] 图像模糊，尝试重新获取 (第1次尝试)
2025-05-08 11:04:03 [INFO] 正在获取图像，尝试 2/10 (已耗时: 3.8秒)
2025-05-08 11:04:06 [INFO] 图像质量: 清晰 拉普拉斯变异度正常 (196.65) | Sobel梯度均值正常 (21.47) | 边缘检测点正常 (1.23%) | 高频能量正常 (168.82)
2025-05-08 11:04:06 [INFO] 图像清晰度良好，可以进行检测
2025-05-08 11:04:11 [INFO] 正在获取图像，尝试 1/10 (已耗时: 0.0秒)
2025-05-08 11:04:14 [INFO] 图像质量: 模糊 拉普拉斯变异度低 (0.01 < 100) | Sobel梯度均值低 (0.01 < 20) | 边缘检测点少 (0.00% < 1.0%) | 高频能量正常 (73.88)
2025-05-08 11:04:14 [WARNING] 图像模糊，尝试重新获取 (第1次尝试)
2025-05-08 11:04:15 [INFO] 正在获取图像，尝试 2/10 (已耗时: 3.9秒)
2025-05-08 11:04:18 [INFO] 图像质量: 模糊 拉普拉斯变异度低 (60.05 < 100) | Sobel梯度均值低 (6.22 < 20) | 边缘检测点少 (0.60% < 1.0%) | 高频能量正常 (152.86)
2025-05-08 11:04:18 [WARNING] 图像模糊，尝试重新获取 (第2次尝试)
2025-05-08 11:04:19 [ERROR] 获取清晰图像超时 (5秒)
2025-05-08 11:04:19 [WARNING] 返回超时前的最后一帧图像
2025-05-08 11:04:20 [INFO] 正在获取图像，尝试 1/10 (已耗时: 0.0秒)
2025-05-08 11:04:24 [INFO] 图像质量: 模糊 拉普拉斯变异度低 (1.39 < 100) | Sobel梯度均值低 (0.29 < 20) | 边缘检测点少 (0.01% < 1.0%) | 高频能量正常 (122.30)
2025-05-08 11:04:24 [WARNING] 图像模糊，尝试重新获取 (第1次尝试)
2025-05-08 11:04:24 [INFO] 正在获取图像，尝试 2/10 (已耗时: 4.0秒)
2025-05-08 11:04:28 [INFO] 图像质量: 模糊 拉普拉斯变异度低 (0.01 < 100) | Sobel梯度均值低 (0.01 < 20) | 边缘检测点少 (0.00% < 1.0%) | 高频能量正常 (75.57)
2025-05-08 11:04:28 [WARNING] 图像模糊，尝试重新获取 (第2次尝试)
2025-05-08 11:04:28 [ERROR] 获取清晰图像超时 (5秒)
2025-05-08 11:04:28 [WARNING] 返回超时前的最后一帧图像
2025-05-08 11:04:29 [INFO] 正在获取图像，尝试 1/10 (已耗时: 0.0秒)
2025-05-08 11:04:32 [INFO] 图像质量: 模糊 拉普拉斯变异度低 (0.03 < 100) | Sobel梯度均值低 (0.02 < 20) | 边缘检测点少 (0.00% < 1.0%) | 高频能量正常 (87.80)
2025-05-08 11:04:32 [WARNING] 图像模糊，尝试重新获取 (第1次尝试)
2025-05-08 11:04:33 [INFO] 正在获取图像，尝试 2/10 (已耗时: 3.8秒)
2025-05-08 11:04:36 [INFO] 图像质量: 清晰 拉普拉斯变异度正常 (216.32) | Sobel梯度均值正常 (22.80) | 边缘检测点正常 (1.39%) | 高频能量正常 (171.33)
2025-05-08 11:04:36 [INFO] 图像清晰度良好，可以进行检测
2025-05-08 11:04:47 [INFO] 正在获取图像，尝试 1/10 (已耗时: 0.0秒)
2025-05-08 11:04:51 [INFO] 图像质量: 模糊 拉普拉斯变异度低 (1.25 < 100) | Sobel梯度均值低 (0.48 < 20) | 边缘检测点少 (0.01% < 1.0%) | 高频能量正常 (126.93)
2025-05-08 11:04:51 [WARNING] 图像模糊，尝试重新获取 (第1次尝试)
2025-05-08 11:04:51 [INFO] 正在获取图像，尝试 2/10 (已耗时: 3.8秒)
2025-05-08 11:04:55 [INFO] 图像质量: 模糊 拉普拉斯变异度低 (0.07 < 100) | Sobel梯度均值低 (0.06 < 20) | 边缘检测点少 (0.00% < 1.0%) | 高频能量正常 (97.11)
2025-05-08 11:04:55 [WARNING] 图像模糊，尝试重新获取 (第2次尝试)
2025-05-08 11:04:55 [ERROR] 获取清晰图像超时 (5秒)
2025-05-08 11:04:55 [WARNING] 返回超时前的最后一帧图像
2025-05-08 11:04:56 [INFO] 正在获取图像，尝试 1/10 (已耗时: 0.0秒)
2025-05-08 11:04:59 [INFO] 图像质量: 模糊 拉普拉斯变异度低 (0.01 < 100) | Sobel梯度均值低 (0.01 < 20) | 边缘检测点少 (0.00% < 1.0%) | 高频能量正常 (71.89)
2025-05-08 11:04:59 [WARNING] 图像模糊，尝试重新获取 (第1次尝试)
2025-05-08 11:05:00 [INFO] 正在获取图像，尝试 2/10 (已耗时: 3.9秒)
2025-05-08 11:05:03 [INFO] 图像质量: 模糊 拉普拉斯变异度低 (0.01 < 100) | Sobel梯度均值低 (0.01 < 20) | 边缘检测点少 (0.00% < 1.0%) | 高频能量正常 (81.57)
2025-05-08 11:05:03 [WARNING] 图像模糊，尝试重新获取 (第2次尝试)
2025-05-08 11:05:04 [ERROR] 获取清晰图像超时 (5秒)
2025-05-08 11:05:04 [WARNING] 返回超时前的最后一帧图像
2025-05-08 11:05:05 [INFO] 正在获取图像，尝试 1/10 (已耗时: 0.0秒)
2025-05-08 11:05:08 [INFO] 图像质量: 模糊 拉普拉斯变异度低 (0.08 < 100) | Sobel梯度均值低 (0.04 < 20) | 边缘检测点少 (0.00% < 1.0%) | 高频能量正常 (102.46)
2025-05-08 11:05:08 [WARNING] 图像模糊，尝试重新获取 (第1次尝试)
2025-05-08 11:05:09 [INFO] 正在获取图像，尝试 2/10 (已耗时: 3.8秒)
2025-05-08 11:05:12 [INFO] 图像质量: 模糊 拉普拉斯变异度低 (0.71 < 100) | Sobel梯度均值低 (0.14 < 20) | 边缘检测点少 (0.01% < 1.0%) | 高频能量正常 (107.96)
2025-05-08 11:05:12 [WARNING] 图像模糊，尝试重新获取 (第2次尝试)
2025-05-08 11:05:13 [ERROR] 获取清晰图像超时 (5秒)
2025-05-08 11:05:13 [WARNING] 返回超时前的最后一帧图像
2025-05-08 11:05:14 [INFO] 正在获取图像，尝试 1/10 (已耗时: 0.0秒)
2025-05-08 11:05:17 [INFO] 图像质量: 模糊 拉普拉斯变异度低 (5.07 < 100) | Sobel梯度均值低 (1.00 < 20) | 边缘检测点少 (0.05% < 1.0%) | 高频能量正常 (132.06)
2025-05-08 11:05:17 [WARNING] 图像模糊，尝试重新获取 (第1次尝试)
2025-05-08 11:05:17 [INFO] 正在获取图像，尝试 2/10 (已耗时: 3.9秒)
2025-05-08 11:05:21 [INFO] 图像质量: 模糊 拉普拉斯变异度低 (19.94 < 100) | Sobel梯度均值低 (3.28 < 20) | 边缘检测点少 (0.26% < 1.0%) | 高频能量正常 (147.25)
2025-05-08 11:05:21 [WARNING] 图像模糊，尝试重新获取 (第2次尝试)
2025-05-08 11:05:21 [ERROR] 获取清晰图像超时 (5秒)
2025-05-08 11:05:21 [WARNING] 返回超时前的最后一帧图像
2025-05-08 11:05:23 [INFO] 正在获取图像，尝试 1/10 (已耗时: 0.0秒)
2025-05-08 11:05:26 [INFO] 图像质量: 模糊 拉普拉斯变异度低 (1.90 < 100) | Sobel梯度均值低 (0.91 < 20) | 边缘检测点少 (0.02% < 1.0%) | 高频能量正常 (129.12)
2025-05-08 11:05:26 [WARNING] 图像模糊，尝试重新获取 (第1次尝试)
2025-05-08 11:05:27 [INFO] 正在获取图像，尝试 2/10 (已耗时: 3.9秒)
2025-05-08 11:05:30 [INFO] 图像质量: 模糊 拉普拉斯变异度低 (1.26 < 100) | Sobel梯度均值低 (0.31 < 20) | 边缘检测点少 (0.02% < 1.0%) | 高频能量正常 (126.90)
2025-05-08 11:05:30 [WARNING] 图像模糊，尝试重新获取 (第2次尝试)
2025-05-08 11:05:31 [ERROR] 获取清晰图像超时 (5秒)
2025-05-08 11:05:31 [WARNING] 返回超时前的最后一帧图像
2025-05-08 11:05:32 [INFO] 正在获取图像，尝试 1/10 (已耗时: 0.0秒)
2025-05-08 11:05:35 [INFO] 图像质量: 模糊 拉普拉斯变异度低 (14.21 < 100) | Sobel梯度均值低 (2.32 < 20) | 边缘检测点少 (0.18% < 1.0%) | 高频能量正常 (143.33)
2025-05-08 11:05:35 [WARNING] 图像模糊，尝试重新获取 (第1次尝试)
2025-05-08 11:05:36 [INFO] 正在获取图像，尝试 2/10 (已耗时: 3.8秒)
2025-05-08 11:05:39 [INFO] 图像质量: 模糊 拉普拉斯变异度低 (0.36 < 100) | Sobel梯度均值低 (0.26 < 20) | 边缘检测点少 (0.00% < 1.0%) | 高频能量正常 (110.77)
2025-05-08 11:05:39 [WARNING] 图像模糊，尝试重新获取 (第2次尝试)
2025-05-08 11:05:39 [ERROR] 获取清晰图像超时 (5秒)
2025-05-08 11:05:39 [WARNING] 返回超时前的最后一帧图像
2025-05-08 11:05:41 [INFO] 正在获取图像，尝试 1/10 (已耗时: 0.0秒)
2025-05-08 11:05:44 [INFO] 图像质量: 模糊 拉普拉斯变异度低 (0.03 < 100) | Sobel梯度均值低 (0.02 < 20) | 边缘检测点少 (0.00% < 1.0%) | 高频能量正常 (89.21)
2025-05-08 11:05:44 [WARNING] 图像模糊，尝试重新获取 (第1次尝试)
2025-05-08 11:05:45 [INFO] 正在获取图像，尝试 2/10 (已耗时: 4.0秒)
2025-05-08 11:05:48 [INFO] 图像质量: 模糊 拉普拉斯变异度低 (0.02 < 100) | Sobel梯度均值低 (0.02 < 20) | 边缘检测点少 (0.00% < 1.0%) | 高频能量正常 (86.93)
2025-05-08 11:05:48 [WARNING] 图像模糊，尝试重新获取 (第2次尝试)
2025-05-08 11:05:48 [ERROR] 获取清晰图像超时 (5秒)
2025-05-08 11:05:48 [WARNING] 返回超时前的最后一帧图像
2025-05-08 11:05:49 [INFO] 正在获取图像，尝试 1/10 (已耗时: 0.0秒)
2025-05-08 11:05:53 [INFO] 图像质量: 模糊 拉普拉斯变异度低 (0.10 < 100) | Sobel梯度均值低 (0.02 < 20) | 边缘检测点少 (0.00% < 1.0%) | 高频能量正常 (103.88)
2025-05-08 11:05:53 [WARNING] 图像模糊，尝试重新获取 (第1次尝试)
2025-05-08 11:05:53 [INFO] 正在获取图像，尝试 2/10 (已耗时: 3.9秒)
2025-05-08 11:05:57 [INFO] 图像质量: 模糊 拉普拉斯变异度低 (0.07 < 100) | Sobel梯度均值低 (0.06 < 20) | 边缘检测点少 (0.00% < 1.0%) | 高频能量正常 (94.03)
2025-05-08 11:05:57 [WARNING] 图像模糊，尝试重新获取 (第2次尝试)
2025-05-08 11:05:57 [ERROR] 获取清晰图像超时 (5秒)
2025-05-08 11:05:57 [WARNING] 返回超时前的最后一帧图像
2025-05-08 11:05:58 [INFO] 正在获取图像，尝试 1/10 (已耗时: 0.0秒)
2025-05-08 11:06:02 [INFO] 图像质量: 模糊 拉普拉斯变异度低 (0.66 < 100) | Sobel梯度均值低 (0.29 < 20) | 边缘检测点少 (0.01% < 1.0%) | 高频能量正常 (118.73)
2025-05-08 11:06:02 [WARNING] 图像模糊，尝试重新获取 (第1次尝试)
2025-05-08 11:06:02 [INFO] 正在获取图像，尝试 2/10 (已耗时: 3.9秒)
2025-05-08 11:06:06 [INFO] 图像质量: 模糊 拉普拉斯变异度低 (21.60 < 100) | Sobel梯度均值低 (2.94 < 20) | 边缘检测点少 (0.30% < 1.0%) | 高频能量正常 (145.18)
2025-05-08 11:06:06 [WARNING] 图像模糊，尝试重新获取 (第2次尝试)
2025-05-08 11:06:06 [ERROR] 获取清晰图像超时 (5秒)
2025-05-08 11:06:06 [WARNING] 返回超时前的最后一帧图像
2025-05-08 11:06:08 [INFO] 正在获取图像，尝试 1/10 (已耗时: 0.0秒)
2025-05-08 11:06:11 [INFO] 图像质量: 模糊 拉普拉斯变异度低 (3.01 < 100) | Sobel梯度均值低 (0.60 < 20) | 边缘检测点少 (0.04% < 1.0%) | 高频能量正常 (130.14)
2025-05-08 11:06:11 [WARNING] 图像模糊，尝试重新获取 (第1次尝试)
2025-05-08 11:06:12 [INFO] 正在获取图像，尝试 2/10 (已耗时: 3.8秒)
2025-05-08 11:06:15 [INFO] 图像质量: 模糊 拉普拉斯变异度低 (4.22 < 100) | Sobel梯度均值低 (0.80 < 20) | 边缘检测点少 (0.06% < 1.0%) | 高频能量正常 (132.76)
2025-05-08 11:06:15 [WARNING] 图像模糊，尝试重新获取 (第2次尝试)
2025-05-08 11:06:15 [ERROR] 获取清晰图像超时 (5秒)
2025-05-08 11:06:15 [WARNING] 返回超时前的最后一帧图像
2025-05-08 11:06:17 [INFO] 正在获取图像，尝试 1/10 (已耗时: 0.0秒)
2025-05-08 11:06:20 [INFO] 图像质量: 模糊 拉普拉斯变异度低 (29.15 < 100) | Sobel梯度均值低 (5.60 < 20) | 边缘检测点少 (0.57% < 1.0%) | 高频能量正常 (146.70)
2025-05-08 11:06:20 [WARNING] 图像模糊，尝试重新获取 (第1次尝试)
2025-05-08 11:06:21 [INFO] 正在获取图像，尝试 2/10 (已耗时: 4.0秒)
2025-05-08 11:06:24 [INFO] 图像质量: 模糊 拉普拉斯变异度低 (2.08 < 100) | Sobel梯度均值低 (0.52 < 20) | 边缘检测点少 (0.02% < 1.0%) | 高频能量正常 (124.49)
2025-05-08 11:06:24 [WARNING] 图像模糊，尝试重新获取 (第2次尝试)
2025-05-08 11:06:25 [ERROR] 获取清晰图像超时 (5秒)
2025-05-08 11:06:25 [WARNING] 返回超时前的最后一帧图像
2025-05-08 11:06:26 [INFO] 正在获取图像，尝试 1/10 (已耗时: 0.0秒)
2025-05-08 11:06:29 [INFO] 图像质量: 模糊 拉普拉斯变异度低 (0.12 < 100) | Sobel梯度均值低 (0.07 < 20) | 边缘检测点少 (0.00% < 1.0%) | 高频能量正常 (99.67)
2025-05-08 11:06:29 [WARNING] 图像模糊，尝试重新获取 (第1次尝试)
2025-05-08 11:06:30 [INFO] 正在获取图像，尝试 2/10 (已耗时: 3.9秒)
2025-05-08 11:06:33 [INFO] 图像质量: 模糊 拉普拉斯变异度低 (0.04 < 100) | Sobel梯度均值低 (0.03 < 20) | 边缘检测点少 (0.00% < 1.0%) | 高频能量正常 (92.53)
2025-05-08 11:06:33 [WARNING] 图像模糊，尝试重新获取 (第2次尝试)
2025-05-08 11:06:34 [ERROR] 获取清晰图像超时 (5秒)
2025-05-08 11:06:34 [WARNING] 返回超时前的最后一帧图像
2025-05-08 11:06:34 [INFO] 正在获取图像，尝试 1/10 (已耗时: 0.0秒)
2025-05-08 11:06:38 [INFO] 图像质量: 模糊 拉普拉斯变异度低 (0.04 < 100) | Sobel梯度均值低 (0.03 < 20) | 边缘检测点少 (0.00% < 1.0%) | 高频能量正常 (91.20)
2025-05-08 11:06:38 [WARNING] 图像模糊，尝试重新获取 (第1次尝试)
2025-05-08 11:06:38 [INFO] 正在获取图像，尝试 2/10 (已耗时: 3.9秒)
2025-05-08 11:06:42 [INFO] 图像质量: 模糊 拉普拉斯变异度低 (0.11 < 100) | Sobel梯度均值低 (0.07 < 20) | 边缘检测点少 (0.00% < 1.0%) | 高频能量正常 (103.46)
2025-05-08 11:06:42 [WARNING] 图像模糊，尝试重新获取 (第2次尝试)
2025-05-08 11:06:42 [ERROR] 获取清晰图像超时 (5秒)
2025-05-08 11:06:42 [WARNING] 返回超时前的最后一帧图像
2025-05-08 11:06:43 [INFO] 正在获取图像，尝试 1/10 (已耗时: 0.0秒)
2025-05-08 11:06:47 [INFO] 图像质量: 模糊 拉普拉斯变异度低 (0.03 < 100) | Sobel梯度均值低 (0.03 < 20) | 边缘检测点少 (0.00% < 1.0%) | 高频能量正常 (90.01)
2025-05-08 11:06:47 [WARNING] 图像模糊，尝试重新获取 (第1次尝试)
2025-05-08 11:06:48 [INFO] 正在获取图像，尝试 2/10 (已耗时: 4.1秒)
2025-05-08 11:06:51 [INFO] 图像质量: 模糊 拉普拉斯变异度低 (7.86 < 100) | Sobel梯度均值低 (0.93 < 20) | 边缘检测点少 (0.10% < 1.0%) | 高频能量正常 (133.03)
2025-05-08 11:06:51 [WARNING] 图像模糊，尝试重新获取 (第2次尝试)
2025-05-08 11:06:51 [ERROR] 获取清晰图像超时 (5秒)
2025-05-08 11:06:51 [WARNING] 返回超时前的最后一帧图像
2025-05-08 11:06:53 [INFO] 正在获取图像，尝试 1/10 (已耗时: 0.0秒)
2025-05-08 11:06:56 [INFO] 图像质量: 模糊 拉普拉斯变异度低 (0.13 < 100) | Sobel梯度均值低 (0.11 < 20) | 边缘检测点少 (0.00% < 1.0%) | 高频能量正常 (101.50)
2025-05-08 11:06:56 [WARNING] 图像模糊，尝试重新获取 (第1次尝试)
2025-05-08 11:06:57 [INFO] 正在获取图像，尝试 2/10 (已耗时: 4.1秒)
2025-05-08 11:07:00 [INFO] 图像质量: 模糊 拉普拉斯变异度低 (0.05 < 100) | Sobel梯度均值低 (0.02 < 20) | 边缘检测点少 (0.00% < 1.0%) | 高频能量正常 (96.41)
2025-05-08 11:07:00 [WARNING] 图像模糊，尝试重新获取 (第2次尝试)
2025-05-08 11:07:01 [ERROR] 获取清晰图像超时 (5秒)
2025-05-08 11:07:01 [WARNING] 返回超时前的最后一帧图像
2025-05-08 11:07:01 [INFO] 正在获取图像，尝试 1/10 (已耗时: 0.0秒)
2025-05-08 11:07:05 [INFO] 图像质量: 模糊 拉普拉斯变异度低 (0.02 < 100) | Sobel梯度均值低 (0.01 < 20) | 边缘检测点少 (0.00% < 1.0%) | 高频能量正常 (82.49)
2025-05-08 11:07:05 [WARNING] 图像模糊，尝试重新获取 (第1次尝试)
2025-05-08 11:07:05 [INFO] 正在获取图像，尝试 2/10 (已耗时: 3.8秒)
2025-05-08 11:07:09 [INFO] 图像质量: 模糊 拉普拉斯变异度低 (1.02 < 100) | Sobel梯度均值低 (0.05 < 20) | 边缘检测点少 (0.00% < 1.0%) | 高频能量正常 (126.91)
2025-05-08 11:07:09 [WARNING] 图像模糊，尝试重新获取 (第2次尝试)
2025-05-08 11:07:09 [ERROR] 获取清晰图像超时 (5秒)
2025-05-08 11:07:09 [WARNING] 返回超时前的最后一帧图像
2025-05-08 11:07:10 [INFO] 正在获取图像，尝试 1/10 (已耗时: 0.0秒)
2025-05-08 11:07:14 [INFO] 图像质量: 模糊 拉普拉斯变异度低 (1.12 < 100) | Sobel梯度均值低 (0.13 < 20) | 边缘检测点少 (0.01% < 1.0%) | 高频能量正常 (125.81)
2025-05-08 11:07:14 [WARNING] 图像模糊，尝试重新获取 (第1次尝试)
2025-05-08 11:07:14 [INFO] 正在获取图像，尝试 2/10 (已耗时: 3.9秒)
2025-05-08 11:07:17 [INFO] 图像质量: 模糊 拉普拉斯变异度低 (0.08 < 100) | Sobel梯度均值低 (0.07 < 20) | 边缘检测点少 (0.00% < 1.0%) | 高频能量正常 (97.55)
2025-05-08 11:07:17 [WARNING] 图像模糊，尝试重新获取 (第2次尝试)
2025-05-08 11:07:18 [ERROR] 获取清晰图像超时 (5秒)
2025-05-08 11:07:18 [WARNING] 返回超时前的最后一帧图像
2025-05-08 11:07:19 [INFO] 正在获取图像，尝试 1/10 (已耗时: 0.0秒)
2025-05-08 11:07:22 [INFO] 图像质量: 模糊 拉普拉斯变异度低 (0.02 < 100) | Sobel梯度均值低 (0.02 < 20) | 边缘检测点少 (0.00% < 1.0%) | 高频能量正常 (87.22)
2025-05-08 11:07:22 [WARNING] 图像模糊，尝试重新获取 (第1次尝试)
2025-05-08 11:07:23 [INFO] 正在获取图像，尝试 2/10 (已耗时: 3.9秒)
2025-05-08 11:07:26 [INFO] 图像质量: 清晰 拉普拉斯变异度正常 (197.86) | Sobel梯度均值正常 (24.25) | 边缘检测点正常 (1.49%) | 高频能量正常 (170.90)
2025-05-08 11:07:26 [INFO] 图像清晰度良好，可以进行检测
2025-05-08 11:07:32 [INFO] 正在获取图像，尝试 1/10 (已耗时: 0.0秒)
2025-05-08 11:07:35 [INFO] 图像质量: 模糊 拉普拉斯变异度低 (0.01 < 100) | Sobel梯度均值低 (0.01 < 20) | 边缘检测点少 (0.00% < 1.0%) | 高频能量正常 (72.94)
2025-05-08 11:07:35 [WARNING] 图像模糊，尝试重新获取 (第1次尝试)
2025-05-08 11:07:36 [INFO] 正在获取图像，尝试 2/10 (已耗时: 3.9秒)
2025-05-08 11:07:39 [INFO] 图像质量: 模糊 拉普拉斯变异度低 (0.01 < 100) | Sobel梯度均值低 (0.01 < 20) | 边缘检测点少 (0.00% < 1.0%) | 高频能量正常 (68.93)
2025-05-08 11:07:39 [WARNING] 图像模糊，尝试重新获取 (第2次尝试)
2025-05-08 11:07:40 [ERROR] 获取清晰图像超时 (5秒)
2025-05-08 11:07:40 [WARNING] 返回超时前的最后一帧图像
2025-05-08 11:07:41 [INFO] 正在获取图像，尝试 1/10 (已耗时: 0.0秒)
2025-05-08 11:07:45 [INFO] 图像质量: 模糊 拉普拉斯变异度低 (0.02 < 100) | Sobel梯度均值低 (0.01 < 20) | 边缘检测点少 (0.00% < 1.0%) | 高频能量正常 (80.62)
2025-05-08 11:07:45 [WARNING] 图像模糊，尝试重新获取 (第1次尝试)
2025-05-08 11:07:45 [INFO] 正在获取图像，尝试 2/10 (已耗时: 4.0秒)
2025-05-08 11:07:49 [INFO] 图像质量: 模糊 拉普拉斯变异度低 (0.02 < 100) | Sobel梯度均值低 (0.02 < 20) | 边缘检测点少 (0.00% < 1.0%) | 高频能量正常 (78.14)
2025-05-08 11:07:49 [WARNING] 图像模糊，尝试重新获取 (第2次尝试)
2025-05-08 11:07:49 [ERROR] 获取清晰图像超时 (5秒)
2025-05-08 11:07:49 [WARNING] 返回超时前的最后一帧图像
2025-05-08 11:07:50 [INFO] 正在获取图像，尝试 1/10 (已耗时: 0.0秒)
2025-05-08 11:07:54 [INFO] 图像质量: 模糊 拉普拉斯变异度低 (0.01 < 100) | Sobel梯度均值低 (0.01 < 20) | 边缘检测点少 (0.00% < 1.0%) | 高频能量正常 (81.12)
2025-05-08 11:07:54 [WARNING] 图像模糊，尝试重新获取 (第1次尝试)
2025-05-08 11:07:54 [INFO] 正在获取图像，尝试 2/10 (已耗时: 4.1秒)
2025-05-08 11:07:58 [INFO] 图像质量: 模糊 拉普拉斯变异度低 (1.11 < 100) | Sobel梯度均值低 (0.05 < 20) | 边缘检测点少 (0.00% < 1.0%) | 高频能量正常 (127.26)
2025-05-08 11:07:58 [WARNING] 图像模糊，尝试重新获取 (第2次尝试)
2025-05-08 11:07:58 [ERROR] 获取清晰图像超时 (5秒)
2025-05-08 11:07:58 [WARNING] 返回超时前的最后一帧图像
2025-05-08 11:07:59 [INFO] 正在获取图像，尝试 1/10 (已耗时: 0.0秒)
2025-05-08 11:08:03 [INFO] 图像质量: 模糊 拉普拉斯变异度低 (1.84 < 100) | Sobel梯度均值低 (0.29 < 20) | 边缘检测点少 (0.02% < 1.0%) | 高频能量正常 (123.52)
2025-05-08 11:08:03 [WARNING] 图像模糊，尝试重新获取 (第1次尝试)
2025-05-08 11:08:03 [INFO] 正在获取图像，尝试 2/10 (已耗时: 4.0秒)
2025-05-08 11:08:07 [INFO] 图像质量: 模糊 拉普拉斯变异度低 (0.31 < 100) | Sobel梯度均值低 (0.13 < 20) | 边缘检测点少 (0.00% < 1.0%) | 高频能量正常 (110.35)
2025-05-08 11:08:07 [WARNING] 图像模糊，尝试重新获取 (第2次尝试)
2025-05-08 11:08:07 [ERROR] 获取清晰图像超时 (5秒)
2025-05-08 11:08:07 [WARNING] 返回超时前的最后一帧图像
2025-05-08 11:08:08 [INFO] 正在获取图像，尝试 1/10 (已耗时: 0.0秒)
2025-05-08 11:08:12 [INFO] 图像质量: 模糊 拉普拉斯变异度低 (11.34 < 100) | Sobel梯度均值低 (1.66 < 20) | 边缘检测点少 (0.15% < 1.0%) | 高频能量正常 (139.00)
2025-05-08 11:08:12 [WARNING] 图像模糊，尝试重新获取 (第1次尝试)
2025-05-08 11:08:13 [INFO] 正在获取图像，尝试 2/10 (已耗时: 4.1秒)
2025-05-08 11:08:16 [INFO] 图像质量: 模糊 拉普拉斯变异度低 (0.87 < 100) | Sobel梯度均值低 (0.41 < 20) | 边缘检测点少 (0.01% < 1.0%) | 高频能量正常 (116.45)
2025-05-08 11:08:16 [WARNING] 图像模糊，尝试重新获取 (第2次尝试)
2025-05-08 11:08:17 [ERROR] 获取清晰图像超时 (5秒)
2025-05-08 11:08:17 [WARNING] 返回超时前的最后一帧图像
2025-05-08 11:08:18 [INFO] 正在获取图像，尝试 1/10 (已耗时: 0.0秒)
2025-05-08 11:08:22 [INFO] 图像质量: 模糊 拉普拉斯变异度低 (0.00 < 100) | Sobel梯度均值低 (0.00 < 20) | 边缘检测点少 (0.00% < 1.0%) | 高频能量正常 (66.79)
2025-05-08 11:08:22 [WARNING] 图像模糊，尝试重新获取 (第1次尝试)
2025-05-08 11:08:22 [INFO] 正在获取图像，尝试 2/10 (已耗时: 4.1秒)
2025-05-08 11:08:26 [INFO] 图像质量: 模糊 拉普拉斯变异度低 (0.01 < 100) | Sobel梯度均值低 (0.01 < 20) | 边缘检测点少 (0.00% < 1.0%) | 高频能量正常 (69.85)
2025-05-08 11:08:26 [WARNING] 图像模糊，尝试重新获取 (第2次尝试)
2025-05-08 11:08:26 [ERROR] 获取清晰图像超时 (5秒)
2025-05-08 11:08:26 [WARNING] 返回超时前的最后一帧图像
2025-05-08 11:08:27 [INFO] 正在获取图像，尝试 1/10 (已耗时: 0.0秒)
2025-05-08 11:08:31 [INFO] 图像质量: 模糊 拉普拉斯变异度低 (6.92 < 100) | Sobel梯度均值低 (1.00 < 20) | 边缘检测点少 (0.09% < 1.0%) | 高频能量正常 (134.55)
2025-05-08 11:08:31 [WARNING] 图像模糊，尝试重新获取 (第1次尝试)
2025-05-08 11:08:31 [INFO] 正在获取图像，尝试 2/10 (已耗时: 4.2秒)
2025-05-08 11:08:35 [INFO] 图像质量: 模糊 拉普拉斯变异度低 (28.23 < 100) | Sobel梯度均值低 (5.27 < 20) | 边缘检测点少 (0.49% < 1.0%) | 高频能量正常 (147.75)
2025-05-08 11:08:35 [WARNING] 图像模糊，尝试重新获取 (第2次尝试)
2025-05-08 11:08:35 [ERROR] 获取清晰图像超时 (5秒)
2025-05-08 11:08:35 [WARNING] 返回超时前的最后一帧图像
2025-05-08 11:08:37 [INFO] 正在获取图像，尝试 1/10 (已耗时: 0.0秒)
2025-05-08 11:08:40 [INFO] 图像质量: 模糊 拉普拉斯变异度低 (0.21 < 100) | Sobel梯度均值低 (0.15 < 20) | 边缘检测点少 (0.00% < 1.0%) | 高频能量正常 (107.06)
2025-05-08 11:08:40 [WARNING] 图像模糊，尝试重新获取 (第1次尝试)
2025-05-08 11:08:41 [INFO] 正在获取图像，尝试 2/10 (已耗时: 4.2秒)
2025-05-08 11:08:44 [INFO] 图像质量: 模糊 拉普拉斯变异度低 (0.02 < 100) | Sobel梯度均值低 (0.02 < 20) | 边缘检测点少 (0.00% < 1.0%) | 高频能量正常 (84.29)
2025-05-08 11:08:44 [WARNING] 图像模糊，尝试重新获取 (第2次尝试)
2025-05-08 11:08:45 [ERROR] 获取清晰图像超时 (5秒)
2025-05-08 11:08:45 [WARNING] 返回超时前的最后一帧图像
2025-05-08 11:08:46 [INFO] 正在获取图像，尝试 1/10 (已耗时: 0.0秒)
2025-05-08 11:08:49 [INFO] 图像质量: 模糊 拉普拉斯变异度低 (0.76 < 100) | Sobel梯度均值低 (0.44 < 20) | 边缘检测点少 (0.01% < 1.0%) | 高频能量正常 (121.17)
2025-05-08 11:08:49 [WARNING] 图像模糊，尝试重新获取 (第1次尝试)
2025-05-08 11:08:50 [INFO] 正在获取图像，尝试 2/10 (已耗时: 4.1秒)
2025-05-08 11:08:53 [INFO] 图像质量: 模糊 拉普拉斯变异度低 (54.13 < 100) | Sobel梯度均值低 (7.24 < 20) | 边缘检测点少 (0.72% < 1.0%) | 高频能量正常 (150.17)
2025-05-08 11:08:53 [WARNING] 图像模糊，尝试重新获取 (第2次尝试)
2025-05-08 11:08:54 [ERROR] 获取清晰图像超时 (5秒)
2025-05-08 11:08:54 [WARNING] 返回超时前的最后一帧图像
2025-05-08 11:08:56 [INFO] 正在获取图像，尝试 1/10 (已耗时: 0.0秒)
2025-05-08 11:08:59 [INFO] 图像质量: 模糊 拉普拉斯变异度低 (4.02 < 100) | Sobel梯度均值低 (0.68 < 20) | 边缘检测点少 (0.03% < 1.0%) | 高频能量正常 (138.34)
2025-05-08 11:08:59 [WARNING] 图像模糊，尝试重新获取 (第1次尝试)
2025-05-08 11:09:00 [INFO] 正在获取图像，尝试 2/10 (已耗时: 4.0秒)
2025-05-08 11:09:03 [INFO] 图像质量: 模糊 拉普拉斯变异度低 (26.88 < 100) | Sobel梯度均值低 (3.98 < 20) | 边缘检测点少 (0.39% < 1.0%) | 高频能量正常 (147.11)
2025-05-08 11:09:03 [WARNING] 图像模糊，尝试重新获取 (第2次尝试)
2025-05-08 11:09:04 [ERROR] 获取清晰图像超时 (5秒)
2025-05-08 11:09:04 [WARNING] 返回超时前的最后一帧图像
2025-05-08 11:09:05 [INFO] 正在获取图像，尝试 1/10 (已耗时: 0.0秒)
2025-05-08 11:09:09 [INFO] 图像质量: 模糊 拉普拉斯变异度低 (1.43 < 100) | Sobel梯度均值低 (0.50 < 20) | 边缘检测点少 (0.00% < 1.0%) | 高频能量正常 (131.28)
2025-05-08 11:09:09 [WARNING] 图像模糊，尝试重新获取 (第1次尝试)
2025-05-08 11:09:10 [INFO] 正在获取图像，尝试 2/10 (已耗时: 4.4秒)
2025-05-08 11:09:13 [INFO] 图像质量: 模糊 拉普拉斯变异度低 (5.99 < 100) | Sobel梯度均值低 (0.81 < 20) | 边缘检测点少 (0.05% < 1.0%) | 高频能量正常 (132.46)
2025-05-08 11:09:13 [WARNING] 图像模糊，尝试重新获取 (第2次尝试)
2025-05-08 11:09:14 [ERROR] 获取清晰图像超时 (5秒)
2025-05-08 11:09:14 [WARNING] 返回超时前的最后一帧图像
2025-05-08 11:09:15 [INFO] 正在获取图像，尝试 1/10 (已耗时: 0.0秒)
2025-05-08 11:09:18 [INFO] 图像质量: 模糊 拉普拉斯变异度低 (0.36 < 100) | Sobel梯度均值低 (0.50 < 20) | 边缘检测点少 (0.00% < 1.0%) | 高频能量正常 (117.07)
2025-05-08 11:09:18 [WARNING] 图像模糊，尝试重新获取 (第1次尝试)
2025-05-08 11:09:19 [INFO] 正在获取图像，尝试 2/10 (已耗时: 4.0秒)
2025-05-08 11:09:22 [INFO] 图像质量: 模糊 拉普拉斯变异度低 (0.06 < 100) | Sobel梯度均值低 (0.04 < 20) | 边缘检测点少 (0.00% < 1.0%) | 高频能量正常 (98.37)
2025-05-08 11:09:22 [WARNING] 图像模糊，尝试重新获取 (第2次尝试)
2025-05-08 11:09:23 [ERROR] 获取清晰图像超时 (5秒)
2025-05-08 11:09:23 [WARNING] 返回超时前的最后一帧图像
2025-05-08 11:09:24 [INFO] 正在获取图像，尝试 1/10 (已耗时: 0.0秒)
2025-05-08 11:09:28 [INFO] 图像质量: 模糊 拉普拉斯变异度低 (0.01 < 100) | Sobel梯度均值低 (0.01 < 20) | 边缘检测点少 (0.00% < 1.0%) | 高频能量正常 (67.48)
2025-05-08 11:09:28 [WARNING] 图像模糊，尝试重新获取 (第1次尝试)
2025-05-08 11:09:28 [INFO] 正在获取图像，尝试 2/10 (已耗时: 4.1秒)
2025-05-08 11:09:32 [INFO] 图像质量: 模糊 拉普拉斯变异度低 (16.20 < 100) | Sobel梯度均值低 (4.95 < 20) | 边缘检测点少 (0.42% < 1.0%) | 高频能量正常 (141.37)
2025-05-08 11:09:32 [WARNING] 图像模糊，尝试重新获取 (第2次尝试)
2025-05-08 11:09:32 [ERROR] 获取清晰图像超时 (5秒)
2025-05-08 11:09:32 [WARNING] 返回超时前的最后一帧图像
2025-05-08 11:09:34 [INFO] 正在获取图像，尝试 1/10 (已耗时: 0.0秒)
2025-05-08 11:09:37 [INFO] 图像质量: 模糊 拉普拉斯变异度低 (13.36 < 100) | Sobel梯度均值低 (2.45 < 20) | 边缘检测点少 (0.22% < 1.0%) | 高频能量正常 (145.40)
2025-05-08 11:09:37 [WARNING] 图像模糊，尝试重新获取 (第1次尝试)
2025-05-08 11:09:38 [INFO] 正在获取图像，尝试 2/10 (已耗时: 4.0秒)
2025-05-08 11:09:41 [INFO] 图像质量: 模糊 拉普拉斯变异度低 (1.26 < 100) | Sobel梯度均值低 (1.54 < 20) | 边缘检测点少 (0.00% < 1.0%) | 高频能量正常 (129.87)
2025-05-08 11:09:41 [WARNING] 图像模糊，尝试重新获取 (第2次尝试)
2025-05-08 11:09:42 [ERROR] 获取清晰图像超时 (5秒)
2025-05-08 11:09:42 [WARNING] 返回超时前的最后一帧图像
2025-05-08 11:09:44 [INFO] 正在获取图像，尝试 1/10 (已耗时: 0.0秒)
2025-05-08 11:09:48 [INFO] 图像质量: 模糊 拉普拉斯变异度低 (0.02 < 100) | Sobel梯度均值低 (0.02 < 20) | 边缘检测点少 (0.00% < 1.0%) | 高频能量正常 (84.84)
2025-05-08 11:09:48 [WARNING] 图像模糊，尝试重新获取 (第1次尝试)
2025-05-08 11:09:48 [INFO] 正在获取图像，尝试 2/10 (已耗时: 4.1秒)
2025-05-08 11:09:52 [INFO] 图像质量: 模糊 拉普拉斯变异度低 (0.29 < 100) | Sobel梯度均值低 (0.17 < 20) | 边缘检测点少 (0.00% < 1.0%) | 高频能量正常 (114.31)
2025-05-08 11:09:52 [WARNING] 图像模糊，尝试重新获取 (第2次尝试)
2025-05-08 11:09:53 [ERROR] 获取清晰图像超时 (5秒)
2025-05-08 11:09:53 [WARNING] 返回超时前的最后一帧图像
2025-05-08 11:09:54 [INFO] 正在获取图像，尝试 1/10 (已耗时: 0.0秒)
2025-05-08 11:09:58 [INFO] 图像质量: 模糊 拉普拉斯变异度低 (0.03 < 100) | Sobel梯度均值低 (0.02 < 20) | 边缘检测点少 (0.00% < 1.0%) | 高频能量正常 (85.56)
2025-05-08 11:09:58 [WARNING] 图像模糊，尝试重新获取 (第1次尝试)
2025-05-08 11:09:58 [INFO] 正在获取图像，尝试 2/10 (已耗时: 4.2秒)
2025-05-08 11:10:02 [INFO] 图像质量: 模糊 拉普拉斯变异度低 (0.01 < 100) | Sobel梯度均值低 (0.01 < 20) | 边缘检测点少 (0.00% < 1.0%) | 高频能量正常 (79.14)
2025-05-08 11:10:02 [WARNING] 图像模糊，尝试重新获取 (第2次尝试)
2025-05-08 11:10:02 [ERROR] 获取清晰图像超时 (5秒)
2025-05-08 11:10:02 [WARNING] 返回超时前的最后一帧图像
2025-05-08 11:10:04 [INFO] 正在获取图像，尝试 1/10 (已耗时: 0.0秒)
2025-05-08 11:10:07 [INFO] 图像质量: 模糊 拉普拉斯变异度低 (0.08 < 100) | Sobel梯度均值低 (0.03 < 20) | 边缘检测点少 (0.00% < 1.0%) | 高频能量正常 (100.53)
2025-05-08 11:10:07 [WARNING] 图像模糊，尝试重新获取 (第1次尝试)
2025-05-08 11:10:08 [INFO] 正在获取图像，尝试 2/10 (已耗时: 4.2秒)
2025-05-08 11:10:11 [INFO] 图像质量: 模糊 拉普拉斯变异度低 (0.03 < 100) | Sobel梯度均值低 (0.03 < 20) | 边缘检测点少 (0.00% < 1.0%) | 高频能量正常 (89.91)
2025-05-08 11:10:11 [WARNING] 图像模糊，尝试重新获取 (第2次尝试)
2025-05-08 11:10:12 [ERROR] 获取清晰图像超时 (5秒)
2025-05-08 11:10:12 [WARNING] 返回超时前的最后一帧图像
2025-05-08 11:10:13 [INFO] 正在获取图像，尝试 1/10 (已耗时: 0.0秒)
2025-05-08 11:10:17 [INFO] 图像质量: 模糊 拉普拉斯变异度低 (1.51 < 100) | Sobel梯度均值低 (0.27 < 20) | 边缘检测点少 (0.02% < 1.0%) | 高频能量正常 (122.61)
2025-05-08 11:10:17 [WARNING] 图像模糊，尝试重新获取 (第1次尝试)
2025-05-08 11:10:17 [INFO] 正在获取图像，尝试 2/10 (已耗时: 4.5秒)
2025-05-08 11:10:21 [INFO] 图像质量: 模糊 拉普拉斯变异度低 (0.77 < 100) | Sobel梯度均值低 (0.08 < 20) | 边缘检测点少 (0.00% < 1.0%) | 高频能量正常 (120.66)
2025-05-08 11:10:21 [WARNING] 图像模糊，尝试重新获取 (第2次尝试)
2025-05-08 11:10:21 [ERROR] 获取清晰图像超时 (5秒)
2025-05-08 11:10:21 [WARNING] 返回超时前的最后一帧图像
2025-05-08 11:10:22 [INFO] 正在获取图像，尝试 1/10 (已耗时: 0.0秒)
2025-05-08 11:10:26 [INFO] 图像质量: 模糊 拉普拉斯变异度低 (0.35 < 100) | Sobel梯度均值低 (0.15 < 20) | 边缘检测点少 (0.01% < 1.0%) | 高频能量正常 (112.15)
2025-05-08 11:10:26 [WARNING] 图像模糊，尝试重新获取 (第1次尝试)
2025-05-08 11:10:27 [INFO] 正在获取图像，尝试 2/10 (已耗时: 4.2秒)
2025-05-08 11:10:30 [INFO] 图像质量: 模糊 拉普拉斯变异度低 (0.07 < 100) | Sobel梯度均值低 (0.03 < 20) | 边缘检测点少 (0.00% < 1.0%) | 高频能量正常 (98.87)
2025-05-08 11:10:30 [WARNING] 图像模糊，尝试重新获取 (第2次尝试)
2025-05-08 11:10:31 [ERROR] 获取清晰图像超时 (5秒)
2025-05-08 11:10:31 [WARNING] 返回超时前的最后一帧图像
2025-05-08 11:10:32 [INFO] 正在获取图像，尝试 1/10 (已耗时: 0.0秒)
2025-05-08 11:10:35 [INFO] 图像质量: 模糊 拉普拉斯变异度低 (3.44 < 100) | Sobel梯度均值低 (1.05 < 20) | 边缘检测点少 (0.04% < 1.0%) | 高频能量正常 (134.34)
2025-05-08 11:10:35 [WARNING] 图像模糊，尝试重新获取 (第1次尝试)
2025-05-08 11:10:36 [INFO] 正在获取图像，尝试 2/10 (已耗时: 4.0秒)
2025-05-08 11:10:39 [INFO] 图像质量: 模糊 拉普拉斯变异度低 (0.35 < 100) | Sobel梯度均值低 (0.28 < 20) | 边缘检测点少 (0.00% < 1.0%) | 高频能量正常 (113.97)
2025-05-08 11:10:39 [WARNING] 图像模糊，尝试重新获取 (第2次尝试)
2025-05-08 11:10:40 [ERROR] 获取清晰图像超时 (5秒)
2025-05-08 11:10:40 [WARNING] 返回超时前的最后一帧图像
2025-05-08 11:10:41 [INFO] 正在获取图像，尝试 1/10 (已耗时: 0.0秒)
2025-05-08 11:10:45 [INFO] 图像质量: 模糊 拉普拉斯变异度低 (0.03 < 100) | Sobel梯度均值低 (0.02 < 20) | 边缘检测点少 (0.00% < 1.0%) | 高频能量正常 (84.56)
2025-05-08 11:10:45 [WARNING] 图像模糊，尝试重新获取 (第1次尝试)
2025-05-08 11:10:45 [INFO] 正在获取图像，尝试 2/10 (已耗时: 4.1秒)
2025-05-08 11:10:49 [INFO] 图像质量: 模糊 拉普拉斯变异度低 (0.03 < 100) | Sobel梯度均值低 (0.05 < 20) | 边缘检测点少 (0.00% < 1.0%) | 高频能量正常 (89.97)
2025-05-08 11:10:49 [WARNING] 图像模糊，尝试重新获取 (第2次尝试)
2025-05-08 11:10:49 [ERROR] 获取清晰图像超时 (5秒)
2025-05-08 11:10:49 [WARNING] 返回超时前的最后一帧图像
2025-05-08 11:10:50 [INFO] 正在获取图像，尝试 1/10 (已耗时: 0.0秒)
2025-05-08 11:10:54 [INFO] 图像质量: 模糊 拉普拉斯变异度低 (0.01 < 100) | Sobel梯度均值低 (0.01 < 20) | 边缘检测点少 (0.00% < 1.0%) | 高频能量正常 (73.47)
2025-05-08 11:10:54 [WARNING] 图像模糊，尝试重新获取 (第1次尝试)
2025-05-08 11:10:54 [INFO] 正在获取图像，尝试 2/10 (已耗时: 4.1秒)
2025-05-08 11:10:58 [INFO] 图像质量: 模糊 拉普拉斯变异度低 (0.02 < 100) | Sobel梯度均值低 (0.01 < 20) | 边缘检测点少 (0.00% < 1.0%) | 高频能量正常 (83.52)
2025-05-08 11:10:58 [WARNING] 图像模糊，尝试重新获取 (第2次尝试)
2025-05-08 11:10:59 [ERROR] 获取清晰图像超时 (5秒)
2025-05-08 11:10:59 [WARNING] 返回超时前的最后一帧图像
2025-05-08 11:11:00 [INFO] 正在获取图像，尝试 1/10 (已耗时: 0.0秒)
2025-05-08 11:11:04 [INFO] 图像质量: 模糊 拉普拉斯变异度低 (0.00 < 100) | Sobel梯度均值低 (0.00 < 20) | 边缘检测点少 (0.00% < 1.0%) | 高频能量正常 (33.25)
2025-05-08 11:11:04 [WARNING] 图像模糊，尝试重新获取 (第1次尝试)
2025-05-08 11:11:04 [INFO] 正在获取图像，尝试 2/10 (已耗时: 4.2秒)
2025-05-08 11:11:08 [INFO] 图像质量: 模糊 拉普拉斯变异度低 (0.01 < 100) | Sobel梯度均值低 (0.01 < 20) | 边缘检测点少 (0.00% < 1.0%) | 高频能量正常 (66.30)
2025-05-08 11:11:08 [WARNING] 图像模糊，尝试重新获取 (第2次尝试)
2025-05-08 11:11:08 [ERROR] 获取清晰图像超时 (5秒)
2025-05-08 11:11:08 [WARNING] 返回超时前的最后一帧图像
2025-05-08 11:11:09 [INFO] 正在获取图像，尝试 1/10 (已耗时: 0.0秒)
2025-05-08 11:11:13 [INFO] 图像质量: 模糊 拉普拉斯变异度低 (0.01 < 100) | Sobel梯度均值低 (0.01 < 20) | 边缘检测点少 (0.00% < 1.0%) | 高频能量正常 (79.09)
2025-05-08 11:11:13 [WARNING] 图像模糊，尝试重新获取 (第1次尝试)
2025-05-08 11:11:13 [INFO] 正在获取图像，尝试 2/10 (已耗时: 4.3秒)
2025-05-08 11:11:17 [INFO] 图像质量: 模糊 拉普拉斯变异度低 (0.01 < 100) | Sobel梯度均值低 (0.01 < 20) | 边缘检测点少 (0.00% < 1.0%) | 高频能量正常 (80.74)
2025-05-08 11:11:17 [WARNING] 图像模糊，尝试重新获取 (第2次尝试)
2025-05-08 11:11:18 [ERROR] 获取清晰图像超时 (5秒)
2025-05-08 11:11:18 [WARNING] 返回超时前的最后一帧图像
2025-05-08 11:11:19 [INFO] 正在获取图像，尝试 1/10 (已耗时: 0.0秒)
2025-05-08 11:11:22 [INFO] 图像质量: 模糊 拉普拉斯变异度低 (0.07 < 100) | Sobel梯度均值低 (0.02 < 20) | 边缘检测点少 (0.00% < 1.0%) | 高频能量正常 (98.61)
2025-05-08 11:11:22 [WARNING] 图像模糊，尝试重新获取 (第1次尝试)
2025-05-08 11:11:23 [INFO] 正在获取图像，尝试 2/10 (已耗时: 4.1秒)
2025-05-08 11:11:26 [INFO] 图像质量: 清晰 拉普拉斯变异度正常 (200.06) | Sobel梯度均值正常 (24.73) | 边缘检测点正常 (1.53%) | 高频能量正常 (171.35)
2025-05-08 11:11:26 [INFO] 图像清晰度良好，可以进行检测
2025-05-08 11:11:49 [INFO] 正在获取图像，尝试 1/10 (已耗时: 0.0秒)
2025-05-08 11:11:52 [INFO] 图像质量: 模糊 拉普拉斯变异度低 (0.97 < 100) | Sobel梯度均值低 (1.31 < 20) | 边缘检测点少 (0.00% < 1.0%) | 高频能量正常 (126.03)
2025-05-08 11:11:52 [WARNING] 图像模糊，尝试重新获取 (第1次尝试)
2025-05-08 11:11:53 [INFO] 正在获取图像，尝试 2/10 (已耗时: 4.0秒)
2025-05-08 11:11:56 [INFO] 图像质量: 模糊 拉普拉斯变异度低 (0.03 < 100) | Sobel梯度均值低 (0.02 < 20) | 边缘检测点少 (0.00% < 1.0%) | 高频能量正常 (86.34)
2025-05-08 11:11:56 [WARNING] 图像模糊，尝试重新获取 (第2次尝试)
2025-05-08 11:11:57 [ERROR] 获取清晰图像超时 (5秒)
2025-05-08 11:11:57 [WARNING] 返回超时前的最后一帧图像
2025-05-08 11:11:58 [INFO] 正在获取图像，尝试 1/10 (已耗时: 0.0秒)
2025-05-08 11:12:01 [INFO] 图像质量: 模糊 拉普拉斯变异度低 (0.21 < 100) | Sobel梯度均值低 (0.16 < 20) | 边缘检测点少 (0.00% < 1.0%) | 高频能量正常 (108.57)
2025-05-08 11:12:01 [WARNING] 图像模糊，尝试重新获取 (第1次尝试)
2025-05-08 11:12:02 [INFO] 正在获取图像，尝试 2/10 (已耗时: 4.0秒)
2025-05-08 11:12:05 [INFO] 图像质量: 模糊 拉普拉斯变异度低 (0.08 < 100) | Sobel梯度均值低 (0.01 < 20) | 边缘检测点少 (0.00% < 1.0%) | 高频能量正常 (99.30)
2025-05-08 11:12:05 [WARNING] 图像模糊，尝试重新获取 (第2次尝试)
2025-05-08 11:12:06 [ERROR] 获取清晰图像超时 (5秒)
2025-05-08 11:12:06 [WARNING] 返回超时前的最后一帧图像
2025-05-08 11:12:07 [INFO] 正在获取图像，尝试 1/10 (已耗时: 0.0秒)
2025-05-08 11:12:10 [INFO] 图像质量: 清晰 拉普拉斯变异度正常 (199.33) | Sobel梯度均值正常 (24.63) | 边缘检测点正常 (1.58%) | 高频能量正常 (171.73)
2025-05-08 11:12:10 [INFO] 图像清晰度良好，可以进行检测
2025-05-08 11:12:20 [INFO] 正在获取图像，尝试 1/10 (已耗时: 0.0秒)
2025-05-08 11:12:24 [INFO] 图像质量: 模糊 拉普拉斯变异度低 (0.65 < 100) | Sobel梯度均值低 (0.44 < 20) | 边缘检测点少 (0.00% < 1.0%) | 高频能量正常 (114.64)
2025-05-08 11:12:24 [WARNING] 图像模糊，尝试重新获取 (第1次尝试)
2025-05-08 11:12:24 [INFO] 正在获取图像，尝试 2/10 (已耗时: 4.1秒)
2025-05-08 11:12:28 [INFO] 图像质量: 模糊 拉普拉斯变异度低 (0.33 < 100) | Sobel梯度均值低 (0.15 < 20) | 边缘检测点少 (0.00% < 1.0%) | 高频能量正常 (114.05)
2025-05-08 11:12:28 [WARNING] 图像模糊，尝试重新获取 (第2次尝试)
2025-05-08 11:12:28 [ERROR] 获取清晰图像超时 (5秒)
2025-05-08 11:12:28 [WARNING] 返回超时前的最后一帧图像
2025-05-08 11:12:29 [INFO] 正在获取图像，尝试 1/10 (已耗时: 0.0秒)
2025-05-08 11:12:33 [INFO] 图像质量: 模糊 拉普拉斯变异度低 (0.78 < 100) | Sobel梯度均值低 (0.07 < 20) | 边缘检测点少 (0.00% < 1.0%) | 高频能量正常 (125.23)
2025-05-08 11:12:33 [WARNING] 图像模糊，尝试重新获取 (第1次尝试)
2025-05-08 11:12:33 [INFO] 正在获取图像，尝试 2/10 (已耗时: 3.9秒)
2025-05-08 11:12:37 [INFO] 图像质量: 模糊 拉普拉斯变异度低 (1.39 < 100) | Sobel梯度均值低 (0.26 < 20) | 边缘检测点少 (0.00% < 1.0%) | 高频能量正常 (126.49)
2025-05-08 11:12:37 [WARNING] 图像模糊，尝试重新获取 (第2次尝试)
2025-05-08 11:12:37 [ERROR] 获取清晰图像超时 (5秒)
2025-05-08 11:12:37 [WARNING] 返回超时前的最后一帧图像
2025-05-08 11:12:38 [INFO] 正在获取图像，尝试 1/10 (已耗时: 0.0秒)
2025-05-08 11:12:42 [INFO] 图像质量: 模糊 拉普拉斯变异度低 (1.18 < 100) | Sobel梯度均值低 (0.06 < 20) | 边缘检测点少 (0.01% < 1.0%) | 高频能量正常 (127.00)
2025-05-08 11:12:42 [WARNING] 图像模糊，尝试重新获取 (第1次尝试)
2025-05-08 11:12:42 [INFO] 正在获取图像，尝试 2/10 (已耗时: 4.0秒)
2025-05-08 11:12:46 [INFO] 图像质量: 模糊 拉普拉斯变异度低 (0.02 < 100) | Sobel梯度均值低 (0.01 < 20) | 边缘检测点少 (0.00% < 1.0%) | 高频能量正常 (85.10)
2025-05-08 11:12:46 [WARNING] 图像模糊，尝试重新获取 (第2次尝试)
2025-05-08 11:12:46 [ERROR] 获取清晰图像超时 (5秒)
2025-05-08 11:12:46 [WARNING] 返回超时前的最后一帧图像
2025-05-08 11:12:47 [INFO] 正在获取图像，尝试 1/10 (已耗时: 0.0秒)
2025-05-08 11:12:51 [INFO] 图像质量: 模糊 拉普拉斯变异度低 (0.03 < 100) | Sobel梯度均值低 (0.02 < 20) | 边缘检测点少 (0.00% < 1.0%) | 高频能量正常 (85.44)
2025-05-08 11:12:51 [WARNING] 图像模糊，尝试重新获取 (第1次尝试)
2025-05-08 11:12:51 [INFO] 正在获取图像，尝试 2/10 (已耗时: 3.8秒)
2025-05-08 11:12:54 [INFO] 图像质量: 模糊 拉普拉斯变异度低 (0.03 < 100) | Sobel梯度均值低 (0.02 < 20) | 边缘检测点少 (0.00% < 1.0%) | 高频能量正常 (84.36)
2025-05-08 11:12:54 [WARNING] 图像模糊，尝试重新获取 (第2次尝试)
2025-05-08 11:12:55 [ERROR] 获取清晰图像超时 (5秒)
2025-05-08 11:12:55 [WARNING] 返回超时前的最后一帧图像
2025-05-08 11:12:56 [INFO] 正在获取图像，尝试 1/10 (已耗时: 0.0秒)
2025-05-08 11:12:59 [INFO] 图像质量: 模糊 拉普拉斯变异度低 (0.00 < 100) | Sobel梯度均值低 (0.00 < 20) | 边缘检测点少 (0.00% < 1.0%) | 高频能量低 (19.74 < 30)
2025-05-08 11:12:59 [WARNING] 图像模糊，尝试重新获取 (第1次尝试)
2025-05-08 11:13:00 [INFO] 正在获取图像，尝试 2/10 (已耗时: 3.8秒)
2025-05-08 11:13:03 [INFO] 图像质量: 模糊 拉普拉斯变异度低 (0.21 < 100) | Sobel梯度均值低 (0.15 < 20) | 边缘检测点少 (0.00% < 1.0%) | 高频能量正常 (109.76)
2025-05-08 11:13:03 [WARNING] 图像模糊，尝试重新获取 (第2次尝试)
2025-05-08 11:13:04 [ERROR] 获取清晰图像超时 (5秒)
2025-05-08 11:13:04 [WARNING] 返回超时前的最后一帧图像
2025-05-08 11:13:05 [INFO] 正在获取图像，尝试 1/10 (已耗时: 0.0秒)
2025-05-08 11:13:08 [INFO] 图像质量: 清晰 拉普拉斯变异度正常 (200.95) | Sobel梯度均值正常 (24.42) | 边缘检测点正常 (1.51%) | 高频能量正常 (171.16)
2025-05-08 11:13:08 [INFO] 图像清晰度良好，可以进行检测
2025-05-08 11:13:19 [INFO] 正在获取图像，尝试 1/10 (已耗时: 0.0秒)
2025-05-08 11:13:22 [INFO] 图像质量: 模糊 拉普拉斯变异度低 (33.54 < 100) | Sobel梯度均值低 (4.22 < 20) | 边缘检测点少 (0.36% < 1.0%) | 高频能量正常 (148.43)
2025-05-08 11:13:22 [WARNING] 图像模糊，尝试重新获取 (第1次尝试)
2025-05-08 11:13:23 [INFO] 正在获取图像，尝试 2/10 (已耗时: 4.0秒)
2025-05-08 11:13:26 [INFO] 图像质量: 模糊 拉普拉斯变异度低 (0.44 < 100) | Sobel梯度均值低 (0.28 < 20) | 边缘检测点少 (0.00% < 1.0%) | 高频能量正常 (115.88)
2025-05-08 11:13:26 [WARNING] 图像模糊，尝试重新获取 (第2次尝试)
2025-05-08 11:13:27 [ERROR] 获取清晰图像超时 (5秒)
2025-05-08 11:13:27 [WARNING] 返回超时前的最后一帧图像
2025-05-08 11:13:28 [INFO] 正在获取图像，尝试 1/10 (已耗时: 0.0秒)
2025-05-08 11:13:31 [INFO] 图像质量: 模糊 拉普拉斯变异度低 (0.81 < 100) | Sobel梯度均值低 (0.35 < 20) | 边缘检测点少 (0.01% < 1.0%) | 高频能量正常 (120.99)
2025-05-08 11:13:31 [WARNING] 图像模糊，尝试重新获取 (第1次尝试)
2025-05-08 11:13:32 [INFO] 正在获取图像，尝试 2/10 (已耗时: 3.9秒)
2025-05-08 11:13:35 [INFO] 图像质量: 模糊 拉普拉斯变异度低 (0.14 < 100) | Sobel梯度均值低 (0.12 < 20) | 边缘检测点少 (0.00% < 1.0%) | 高频能量正常 (102.93)
2025-05-08 11:13:35 [WARNING] 图像模糊，尝试重新获取 (第2次尝试)
2025-05-08 11:13:35 [ERROR] 获取清晰图像超时 (5秒)
2025-05-08 11:13:35 [WARNING] 返回超时前的最后一帧图像
2025-05-08 11:13:37 [INFO] 正在获取图像，尝试 1/10 (已耗时: 0.0秒)
2025-05-08 11:13:40 [INFO] 图像质量: 模糊 拉普拉斯变异度低 (14.87 < 100) | Sobel梯度均值低 (1.96 < 20) | 边缘检测点少 (0.15% < 1.0%) | 高频能量正常 (146.88)
2025-05-08 11:13:40 [WARNING] 图像模糊，尝试重新获取 (第1次尝试)
2025-05-08 11:13:41 [INFO] 正在获取图像，尝试 2/10 (已耗时: 4.1秒)
2025-05-08 11:13:44 [INFO] 图像质量: 模糊 拉普拉斯变异度低 (0.37 < 100) | Sobel梯度均值低 (0.20 < 20) | 边缘检测点少 (0.00% < 1.0%) | 高频能量正常 (116.04)
2025-05-08 11:13:44 [WARNING] 图像模糊，尝试重新获取 (第2次尝试)
2025-05-08 11:13:44 [ERROR] 获取清晰图像超时 (5秒)
2025-05-08 11:13:44 [WARNING] 返回超时前的最后一帧图像
2025-05-08 11:13:46 [INFO] 正在获取图像，尝试 1/10 (已耗时: 0.0秒)
2025-05-08 11:13:49 [INFO] 图像质量: 模糊 拉普拉斯变异度低 (0.04 < 100) | Sobel梯度均值低 (0.03 < 20) | 边缘检测点少 (0.00% < 1.0%) | 高频能量正常 (90.86)
2025-05-08 11:13:49 [WARNING] 图像模糊，尝试重新获取 (第1次尝试)
2025-05-08 11:13:50 [INFO] 正在获取图像，尝试 2/10 (已耗时: 4.0秒)
2025-05-08 11:13:53 [INFO] 图像质量: 模糊 拉普拉斯变异度低 (0.02 < 100) | Sobel梯度均值低 (0.02 < 20) | 边缘检测点少 (0.00% < 1.0%) | 高频能量正常 (85.69)
2025-05-08 11:13:53 [WARNING] 图像模糊，尝试重新获取 (第2次尝试)
2025-05-08 11:13:53 [ERROR] 获取清晰图像超时 (5秒)
2025-05-08 11:13:53 [WARNING] 返回超时前的最后一帧图像
2025-05-08 11:13:54 [INFO] 正在获取图像，尝试 1/10 (已耗时: 0.0秒)
2025-05-08 11:13:58 [INFO] 图像质量: 模糊 拉普拉斯变异度低 (0.01 < 100) | Sobel梯度均值低 (0.01 < 20) | 边缘检测点少 (0.00% < 1.0%) | 高频能量正常 (71.41)
2025-05-08 11:13:58 [WARNING] 图像模糊，尝试重新获取 (第1次尝试)
2025-05-08 11:13:59 [INFO] 正在获取图像，尝试 2/10 (已耗时: 4.0秒)
2025-05-08 11:14:02 [INFO] 图像质量: 模糊 拉普拉斯变异度低 (0.01 < 100) | Sobel梯度均值低 (0.01 < 20) | 边缘检测点少 (0.00% < 1.0%) | 高频能量正常 (73.86)
2025-05-08 11:14:02 [WARNING] 图像模糊，尝试重新获取 (第2次尝试)
2025-05-08 11:14:03 [ERROR] 获取清晰图像超时 (5秒)
2025-05-08 11:14:03 [WARNING] 返回超时前的最后一帧图像
2025-05-08 11:14:04 [INFO] 正在获取图像，尝试 1/10 (已耗时: 0.0秒)
2025-05-08 11:14:07 [INFO] 图像质量: 模糊 拉普拉斯变异度低 (0.04 < 100) | Sobel梯度均值低 (0.01 < 20) | 边缘检测点少 (0.00% < 1.0%) | 高频能量正常 (95.03)
2025-05-08 11:14:07 [WARNING] 图像模糊，尝试重新获取 (第1次尝试)
2025-05-08 11:14:07 [INFO] 正在获取图像，尝试 2/10 (已耗时: 3.9秒)
2025-05-08 11:14:11 [INFO] 图像质量: 模糊 拉普拉斯变异度低 (0.85 < 100) | Sobel梯度均值低 (0.06 < 20) | 边缘检测点少 (0.00% < 1.0%) | 高频能量正常 (123.23)
2025-05-08 11:14:11 [WARNING] 图像模糊，尝试重新获取 (第2次尝试)
2025-05-08 11:14:11 [ERROR] 获取清晰图像超时 (5秒)
2025-05-08 11:14:11 [WARNING] 返回超时前的最后一帧图像
2025-05-08 11:14:12 [INFO] 正在获取图像，尝试 1/10 (已耗时: 0.0秒)
2025-05-08 11:14:16 [INFO] 图像质量: 模糊 拉普拉斯变异度低 (0.02 < 100) | Sobel梯度均值低 (0.01 < 20) | 边缘检测点少 (0.00% < 1.0%) | 高频能量正常 (71.57)
2025-05-08 11:14:16 [WARNING] 图像模糊，尝试重新获取 (第1次尝试)
2025-05-08 11:14:16 [INFO] 正在获取图像，尝试 2/10 (已耗时: 4.0秒)
2025-05-08 11:14:20 [INFO] 图像质量: 模糊 拉普拉斯变异度低 (0.01 < 100) | Sobel梯度均值低 (0.01 < 20) | 边缘检测点少 (0.00% < 1.0%) | 高频能量正常 (78.56)
2025-05-08 11:14:20 [WARNING] 图像模糊，尝试重新获取 (第2次尝试)
2025-05-08 11:14:20 [ERROR] 获取清晰图像超时 (5秒)
2025-05-08 11:14:20 [WARNING] 返回超时前的最后一帧图像
2025-05-08 11:14:21 [INFO] 正在获取图像，尝试 1/10 (已耗时: 0.0秒)
2025-05-08 11:14:24 [INFO] 图像质量: 模糊 拉普拉斯变异度低 (0.02 < 100) | Sobel梯度均值低 (0.02 < 20) | 边缘检测点少 (0.00% < 1.0%) | 高频能量正常 (82.68)
2025-05-08 11:14:24 [WARNING] 图像模糊，尝试重新获取 (第1次尝试)
2025-05-08 11:14:25 [INFO] 正在获取图像，尝试 2/10 (已耗时: 3.9秒)
2025-05-08 11:14:28 [INFO] 图像质量: 模糊 拉普拉斯变异度低 (13.15 < 100) | Sobel梯度均值低 (2.51 < 20) | 边缘检测点少 (0.27% < 1.0%) | 高频能量正常 (149.38)
2025-05-08 11:14:28 [WARNING] 图像模糊，尝试重新获取 (第2次尝试)
2025-05-08 11:14:29 [ERROR] 获取清晰图像超时 (5秒)
2025-05-08 11:14:29 [WARNING] 返回超时前的最后一帧图像
2025-05-08 11:14:30 [INFO] 正在获取图像，尝试 1/10 (已耗时: 0.0秒)
2025-05-08 11:14:34 [INFO] 图像质量: 模糊 拉普拉斯变异度低 (54.25 < 100) | Sobel梯度均值低 (6.52 < 20) | 边缘检测点少 (0.72% < 1.0%) | 高频能量正常 (154.19)
2025-05-08 11:14:34 [WARNING] 图像模糊，尝试重新获取 (第1次尝试)
2025-05-08 11:14:34 [INFO] 正在获取图像，尝试 2/10 (已耗时: 3.8秒)
2025-05-08 11:14:38 [INFO] 图像质量: 模糊 拉普拉斯变异度低 (18.97 < 100) | Sobel梯度均值低 (2.96 < 20) | 边缘检测点少 (0.26% < 1.0%) | 高频能量正常 (144.72)
2025-05-08 11:14:38 [WARNING] 图像模糊，尝试重新获取 (第2次尝试)
2025-05-08 11:14:38 [ERROR] 获取清晰图像超时 (5秒)
2025-05-08 11:14:38 [WARNING] 返回超时前的最后一帧图像
2025-05-08 11:14:39 [INFO] 正在获取图像，尝试 1/10 (已耗时: 0.0秒)
2025-05-08 11:14:43 [INFO] 图像质量: 模糊 拉普拉斯变异度低 (0.52 < 100) | Sobel梯度均值低 (0.05 < 20) | 边缘检测点少 (0.00% < 1.0%) | 高频能量正常 (119.36)
2025-05-08 11:14:43 [WARNING] 图像模糊，尝试重新获取 (第1次尝试)
2025-05-08 11:14:43 [INFO] 正在获取图像，尝试 2/10 (已耗时: 4.0秒)
2025-05-08 11:14:47 [INFO] 图像质量: 模糊 拉普拉斯变异度低 (1.00 < 100) | Sobel梯度均值低 (0.07 < 20) | 边缘检测点少 (0.00% < 1.0%) | 高频能量正常 (123.83)
2025-05-08 11:14:47 [WARNING] 图像模糊，尝试重新获取 (第2次尝试)
2025-05-08 11:14:47 [ERROR] 获取清晰图像超时 (5秒)
2025-05-08 11:14:47 [WARNING] 返回超时前的最后一帧图像
2025-05-08 11:14:48 [INFO] 正在获取图像，尝试 1/10 (已耗时: 0.0秒)
2025-05-08 11:14:52 [INFO] 图像质量: 模糊 拉普拉斯变异度低 (0.02 < 100) | Sobel梯度均值低 (0.01 < 20) | 边缘检测点少 (0.00% < 1.0%) | 高频能量正常 (85.66)
2025-05-08 11:14:52 [WARNING] 图像模糊，尝试重新获取 (第1次尝试)
2025-05-08 11:14:52 [INFO] 正在获取图像，尝试 2/10 (已耗时: 4.0秒)
2025-05-08 11:14:56 [INFO] 图像质量: 模糊 拉普拉斯变异度低 (0.01 < 100) | Sobel梯度均值低 (0.01 < 20) | 边缘检测点少 (0.00% < 1.0%) | 高频能量正常 (63.13)
2025-05-08 11:14:56 [WARNING] 图像模糊，尝试重新获取 (第2次尝试)
2025-05-08 11:14:56 [ERROR] 获取清晰图像超时 (5秒)
2025-05-08 11:14:56 [WARNING] 返回超时前的最后一帧图像
2025-05-08 11:14:57 [INFO] 正在获取图像，尝试 1/10 (已耗时: 0.0秒)
2025-05-08 11:15:01 [INFO] 图像质量: 模糊 拉普拉斯变异度低 (0.05 < 100) | Sobel梯度均值低 (0.03 < 20) | 边缘检测点少 (0.00% < 1.0%) | 高频能量正常 (93.85)
2025-05-08 11:15:01 [WARNING] 图像模糊，尝试重新获取 (第1次尝试)
2025-05-08 11:15:01 [INFO] 正在获取图像，尝试 2/10 (已耗时: 3.8秒)
2025-05-08 11:15:05 [INFO] 图像质量: 模糊 拉普拉斯变异度低 (0.03 < 100) | Sobel梯度均值低 (0.03 < 20) | 边缘检测点少 (0.00% < 1.0%) | 高频能量正常 (86.01)
2025-05-08 11:15:05 [WARNING] 图像模糊，尝试重新获取 (第2次尝试)
2025-05-08 11:15:05 [ERROR] 获取清晰图像超时 (5秒)
2025-05-08 11:15:05 [WARNING] 返回超时前的最后一帧图像
2025-05-08 11:15:06 [INFO] 正在获取图像，尝试 1/10 (已耗时: 0.0秒)
2025-05-08 11:15:10 [INFO] 图像质量: 模糊 拉普拉斯变异度低 (0.05 < 100) | Sobel梯度均值低 (0.02 < 20) | 边缘检测点少 (0.00% < 1.0%) | 高频能量正常 (94.99)
2025-05-08 11:15:10 [WARNING] 图像模糊，尝试重新获取 (第1次尝试)
2025-05-08 11:15:10 [INFO] 正在获取图像，尝试 2/10 (已耗时: 4.2秒)
2025-05-08 11:15:14 [INFO] 图像质量: 模糊 拉普拉斯变异度低 (1.09 < 100) | Sobel梯度均值低 (0.06 < 20) | 边缘检测点少 (0.00% < 1.0%) | 高频能量正常 (126.28)
2025-05-08 11:15:14 [WARNING] 图像模糊，尝试重新获取 (第2次尝试)
2025-05-08 11:15:14 [ERROR] 获取清晰图像超时 (5秒)
2025-05-08 11:15:14 [WARNING] 返回超时前的最后一帧图像
2025-05-08 11:15:15 [INFO] 正在获取图像，尝试 1/10 (已耗时: 0.0秒)
2025-05-08 11:15:18 [INFO] 图像质量: 模糊 拉普拉斯变异度低 (0.02 < 100) | Sobel梯度均值低 (0.02 < 20) | 边缘检测点少 (0.00% < 1.0%) | 高频能量正常 (85.97)
2025-05-08 11:15:18 [WARNING] 图像模糊，尝试重新获取 (第1次尝试)
2025-05-08 11:15:19 [INFO] 正在获取图像，尝试 2/10 (已耗时: 3.8秒)
2025-05-08 11:15:22 [INFO] 图像质量: 模糊 拉普拉斯变异度低 (0.10 < 100) | Sobel梯度均值低 (0.06 < 20) | 边缘检测点少 (0.00% < 1.0%) | 高频能量正常 (103.59)
2025-05-08 11:15:22 [WARNING] 图像模糊，尝试重新获取 (第2次尝试)
2025-05-08 11:15:23 [ERROR] 获取清晰图像超时 (5秒)
2025-05-08 11:15:23 [WARNING] 返回超时前的最后一帧图像
2025-05-08 11:15:24 [INFO] 正在获取图像，尝试 1/10 (已耗时: 0.0秒)
2025-05-08 11:15:27 [INFO] 图像质量: 模糊 拉普拉斯变异度低 (0.01 < 100) | Sobel梯度均值低 (0.01 < 20) | 边缘检测点少 (0.00% < 1.0%) | 高频能量正常 (79.01)
2025-05-08 11:15:27 [WARNING] 图像模糊，尝试重新获取 (第1次尝试)
2025-05-08 11:15:28 [INFO] 正在获取图像，尝试 2/10 (已耗时: 3.8秒)
2025-05-08 11:15:31 [INFO] 图像质量: 模糊 拉普拉斯变异度低 (0.04 < 100) | Sobel梯度均值低 (0.03 < 20) | 边缘检测点少 (0.00% < 1.0%) | 高频能量正常 (92.67)
2025-05-08 11:15:31 [WARNING] 图像模糊，尝试重新获取 (第2次尝试)
2025-05-08 11:15:31 [ERROR] 获取清晰图像超时 (5秒)
2025-05-08 11:15:31 [WARNING] 返回超时前的最后一帧图像
2025-05-08 11:15:32 [INFO] 正在获取图像，尝试 1/10 (已耗时: 0.0秒)
2025-05-08 11:15:36 [INFO] 图像质量: 模糊 拉普拉斯变异度低 (0.09 < 100) | Sobel梯度均值低 (0.01 < 20) | 边缘检测点少 (0.00% < 1.0%) | 高频能量正常 (98.36)
2025-05-08 11:15:36 [WARNING] 图像模糊，尝试重新获取 (第1次尝试)
2025-05-08 11:15:36 [INFO] 正在获取图像，尝试 2/10 (已耗时: 3.9秒)
2025-05-08 11:15:40 [INFO] 图像质量: 模糊 拉普拉斯变异度低 (1.15 < 100) | Sobel梯度均值低 (0.07 < 20) | 边缘检测点少 (0.01% < 1.0%) | 高频能量正常 (126.21)
2025-05-08 11:15:40 [WARNING] 图像模糊，尝试重新获取 (第2次尝试)
2025-05-08 11:15:40 [ERROR] 获取清晰图像超时 (5秒)
2025-05-08 11:15:40 [WARNING] 返回超时前的最后一帧图像
2025-05-08 11:15:41 [INFO] 正在获取图像，尝试 1/10 (已耗时: 0.0秒)
2025-05-08 11:15:45 [INFO] 图像质量: 模糊 拉普拉斯变异度低 (0.02 < 100) | Sobel梯度均值低 (0.02 < 20) | 边缘检测点少 (0.00% < 1.0%) | 高频能量正常 (82.04)
2025-05-08 11:15:45 [WARNING] 图像模糊，尝试重新获取 (第1次尝试)
2025-05-08 11:15:45 [INFO] 正在获取图像，尝试 2/10 (已耗时: 3.9秒)
2025-05-08 11:15:49 [INFO] 图像质量: 模糊 拉普拉斯变异度低 (0.02 < 100) | Sobel梯度均值低 (0.02 < 20) | 边缘检测点少 (0.00% < 1.0%) | 高频能量正常 (83.56)
2025-05-08 11:15:49 [WARNING] 图像模糊，尝试重新获取 (第2次尝试)
2025-05-08 11:15:49 [ERROR] 获取清晰图像超时 (5秒)
2025-05-08 11:15:49 [WARNING] 返回超时前的最后一帧图像
2025-05-08 11:15:50 [INFO] 正在获取图像，尝试 1/10 (已耗时: 0.0秒)
2025-05-08 11:15:53 [INFO] 图像质量: 模糊 拉普拉斯变异度低 (0.01 < 100) | Sobel梯度均值低 (0.01 < 20) | 边缘检测点少 (0.00% < 1.0%) | 高频能量正常 (77.45)
2025-05-08 11:15:53 [WARNING] 图像模糊，尝试重新获取 (第1次尝试)
2025-05-08 11:15:54 [INFO] 正在获取图像，尝试 2/10 (已耗时: 3.9秒)
2025-05-08 11:15:57 [INFO] 图像质量: 模糊 拉普拉斯变异度低 (0.00 < 100) | Sobel梯度均值低 (0.00 < 20) | 边缘检测点少 (0.00% < 1.0%) | 高频能量正常 (60.63)
2025-05-08 11:15:57 [WARNING] 图像模糊，尝试重新获取 (第2次尝试)
2025-05-08 11:15:58 [ERROR] 获取清晰图像超时 (5秒)
2025-05-08 11:15:58 [WARNING] 返回超时前的最后一帧图像
2025-05-08 11:15:59 [INFO] 正在获取图像，尝试 1/10 (已耗时: 0.0秒)
2025-05-08 11:16:02 [INFO] 图像质量: 清晰 拉普拉斯变异度正常 (217.96) | Sobel梯度均值正常 (24.42) | 边缘检测点正常 (1.60%) | 高频能量正常 (172.14)
2025-05-08 11:16:02 [INFO] 图像清晰度良好，可以进行检测
2025-05-08 11:16:26 [INFO] 正在获取图像，尝试 1/10 (已耗时: 0.0秒)
2025-05-08 11:16:29 [INFO] 图像质量: 模糊 拉普拉斯变异度低 (10.22 < 100) | Sobel梯度均值低 (1.86 < 20) | 边缘检测点少 (0.06% < 1.0%) | 高频能量正常 (146.13)
2025-05-08 11:16:29 [WARNING] 图像模糊，尝试重新获取 (第1次尝试)
2025-05-08 11:16:30 [INFO] 正在获取图像，尝试 2/10 (已耗时: 3.9秒)
2025-05-08 11:16:33 [INFO] 图像质量: 模糊 拉普拉斯变异度低 (3.31 < 100) | Sobel梯度均值低 (1.35 < 20) | 边缘检测点少 (0.04% < 1.0%) | 高频能量正常 (136.95)
2025-05-08 11:16:33 [WARNING] 图像模糊，尝试重新获取 (第2次尝试)
2025-05-08 11:16:34 [ERROR] 获取清晰图像超时 (5秒)
2025-05-08 11:16:34 [WARNING] 返回超时前的最后一帧图像
2025-05-08 11:16:35 [INFO] 正在获取图像，尝试 1/10 (已耗时: 0.0秒)
2025-05-08 11:16:38 [INFO] 图像质量: 模糊 拉普拉斯变异度低 (0.04 < 100) | Sobel梯度均值低 (0.04 < 20) | 边缘检测点少 (0.00% < 1.0%) | 高频能量正常 (91.24)
2025-05-08 11:16:38 [WARNING] 图像模糊，尝试重新获取 (第1次尝试)
2025-05-08 11:16:39 [INFO] 正在获取图像，尝试 2/10 (已耗时: 3.8秒)
2025-05-08 11:16:42 [INFO] 图像质量: 模糊 拉普拉斯变异度低 (0.04 < 100) | Sobel梯度均值低 (0.04 < 20) | 边缘检测点少 (0.00% < 1.0%) | 高频能量正常 (89.97)
2025-05-08 11:16:42 [WARNING] 图像模糊，尝试重新获取 (第2次尝试)
2025-05-08 11:16:43 [ERROR] 获取清晰图像超时 (5秒)
2025-05-08 11:16:43 [WARNING] 返回超时前的最后一帧图像
2025-05-08 11:16:44 [INFO] 正在获取图像，尝试 1/10 (已耗时: 0.0秒)
2025-05-08 11:16:47 [INFO] 图像质量: 模糊 拉普拉斯变异度低 (0.00 < 100) | Sobel梯度均值低 (0.00 < 20) | 边缘检测点少 (0.00% < 1.0%) | 高频能量正常 (66.91)
2025-05-08 11:16:47 [WARNING] 图像模糊，尝试重新获取 (第1次尝试)
2025-05-08 11:16:48 [INFO] 正在获取图像，尝试 2/10 (已耗时: 4.1秒)
2025-05-08 11:16:51 [INFO] 图像质量: 模糊 拉普拉斯变异度低 (0.00 < 100) | Sobel梯度均值低 (0.00 < 20) | 边缘检测点少 (0.00% < 1.0%) | 高频能量正常 (62.22)
2025-05-08 11:16:51 [WARNING] 图像模糊，尝试重新获取 (第2次尝试)
2025-05-08 11:16:52 [ERROR] 获取清晰图像超时 (5秒)
2025-05-08 11:16:52 [WARNING] 返回超时前的最后一帧图像
2025-05-08 11:16:53 [INFO] 正在获取图像，尝试 1/10 (已耗时: 0.0秒)
2025-05-08 11:16:56 [INFO] 图像质量: 模糊 拉普拉斯变异度低 (0.03 < 100) | Sobel梯度均值低 (0.03 < 20) | 边缘检测点少 (0.00% < 1.0%) | 高频能量正常 (89.24)
2025-05-08 11:16:56 [WARNING] 图像模糊，尝试重新获取 (第1次尝试)
2025-05-08 11:16:57 [INFO] 正在获取图像，尝试 2/10 (已耗时: 3.9秒)
2025-05-08 11:17:00 [INFO] 图像质量: 清晰 拉普拉斯变异度正常 (194.11) | Sobel梯度均值正常 (24.28) | 边缘检测点正常 (1.55%) | 高频能量正常 (171.83)
2025-05-08 11:17:00 [INFO] 图像清晰度良好，可以进行检测
2025-05-08 11:17:15 [INFO] 正在获取图像，尝试 1/10 (已耗时: 0.0秒)
2025-05-08 11:17:19 [INFO] 图像质量: 模糊 拉普拉斯变异度低 (0.18 < 100) | Sobel梯度均值低 (0.14 < 20) | 边缘检测点少 (0.00% < 1.0%) | 高频能量正常 (105.99)
2025-05-08 11:17:19 [WARNING] 图像模糊，尝试重新获取 (第1次尝试)
2025-05-08 11:17:19 [INFO] 正在获取图像，尝试 2/10 (已耗时: 3.8秒)
2025-05-08 11:17:22 [INFO] 图像质量: 模糊 拉普拉斯变异度低 (0.03 < 100) | Sobel梯度均值低 (0.04 < 20) | 边缘检测点少 (0.00% < 1.0%) | 高频能量正常 (91.97)
2025-05-08 11:17:22 [WARNING] 图像模糊，尝试重新获取 (第2次尝试)
2025-05-08 11:17:23 [ERROR] 获取清晰图像超时 (5秒)
2025-05-08 11:17:23 [WARNING] 返回超时前的最后一帧图像
2025-05-08 11:17:24 [INFO] 正在获取图像，尝试 1/10 (已耗时: 0.0秒)
2025-05-08 11:17:27 [INFO] 图像质量: 模糊 拉普拉斯变异度低 (0.01 < 100) | Sobel梯度均值低 (0.01 < 20) | 边缘检测点少 (0.00% < 1.0%) | 高频能量正常 (75.29)
2025-05-08 11:17:27 [WARNING] 图像模糊，尝试重新获取 (第1次尝试)
2025-05-08 11:17:28 [INFO] 正在获取图像，尝试 2/10 (已耗时: 4.0秒)
2025-05-08 11:17:31 [INFO] 图像质量: 模糊 拉普拉斯变异度低 (0.01 < 100) | Sobel梯度均值低 (0.00 < 20) | 边缘检测点少 (0.00% < 1.0%) | 高频能量正常 (70.31)
2025-05-08 11:17:31 [WARNING] 图像模糊，尝试重新获取 (第2次尝试)
2025-05-08 11:17:32 [ERROR] 获取清晰图像超时 (5秒)
2025-05-08 11:17:32 [WARNING] 返回超时前的最后一帧图像
2025-05-08 11:17:33 [INFO] 正在获取图像，尝试 1/10 (已耗时: 0.0秒)
2025-05-08 11:17:36 [INFO] 图像质量: 清晰 拉普拉斯变异度正常 (189.49) | Sobel梯度均值正常 (24.46) | 边缘检测点正常 (1.59%) | 高频能量正常 (172.73)
2025-05-08 11:17:36 [INFO] 图像清晰度良好，可以进行检测
2025-05-08 11:17:48 [INFO] 正在获取图像，尝试 1/10 (已耗时: 0.0秒)
2025-05-08 11:17:51 [INFO] 图像质量: 模糊 拉普拉斯变异度低 (0.17 < 100) | Sobel梯度均值低 (0.19 < 20) | 边缘检测点少 (0.00% < 1.0%) | 高频能量正常 (106.05)
2025-05-08 11:17:51 [WARNING] 图像模糊，尝试重新获取 (第1次尝试)
2025-05-08 11:17:51 [INFO] 正在获取图像，尝试 2/10 (已耗时: 3.8秒)
2025-05-08 11:17:55 [INFO] 图像质量: 模糊 拉普拉斯变异度低 (0.02 < 100) | Sobel梯度均值低 (0.02 < 20) | 边缘检测点少 (0.00% < 1.0%) | 高频能量正常 (85.43)
2025-05-08 11:17:55 [WARNING] 图像模糊，尝试重新获取 (第2次尝试)
2025-05-08 11:17:55 [ERROR] 获取清晰图像超时 (5秒)
2025-05-08 11:17:55 [WARNING] 返回超时前的最后一帧图像
2025-05-08 11:17:56 [INFO] 正在获取图像，尝试 1/10 (已耗时: 0.0秒)
2025-05-08 11:18:00 [INFO] 图像质量: 模糊 拉普拉斯变异度低 (0.02 < 100) | Sobel梯度均值低 (0.01 < 20) | 边缘检测点少 (0.00% < 1.0%) | 高频能量正常 (80.27)
2025-05-08 11:18:00 [WARNING] 图像模糊，尝试重新获取 (第1次尝试)
2025-05-08 11:18:00 [INFO] 正在获取图像，尝试 2/10 (已耗时: 4.0秒)
2025-05-08 11:18:04 [INFO] 图像质量: 模糊 拉普拉斯变异度低 (0.04 < 100) | Sobel梯度均值低 (0.03 < 20) | 边缘检测点少 (0.00% < 1.0%) | 高频能量正常 (91.45)
2025-05-08 11:18:04 [WARNING] 图像模糊，尝试重新获取 (第2次尝试)
2025-05-08 11:18:04 [ERROR] 获取清晰图像超时 (5秒)
2025-05-08 11:18:04 [WARNING] 返回超时前的最后一帧图像
2025-05-08 11:18:05 [INFO] 正在获取图像，尝试 1/10 (已耗时: 0.0秒)
2025-05-08 11:18:09 [INFO] 图像质量: 模糊 拉普拉斯变异度低 (3.39 < 100) | Sobel梯度均值低 (0.92 < 20) | 边缘检测点少 (0.03% < 1.0%) | 高频能量正常 (133.89)
2025-05-08 11:18:09 [WARNING] 图像模糊，尝试重新获取 (第1次尝试)
2025-05-08 11:18:09 [INFO] 正在获取图像，尝试 2/10 (已耗时: 4.0秒)
2025-05-08 11:18:13 [INFO] 图像质量: 模糊 拉普拉斯变异度低 (0.05 < 100) | Sobel梯度均值低 (0.04 < 20) | 边缘检测点少 (0.00% < 1.0%) | 高频能量正常 (94.70)
2025-05-08 11:18:13 [WARNING] 图像模糊，尝试重新获取 (第2次尝试)
2025-05-08 11:18:13 [ERROR] 获取清晰图像超时 (5秒)
2025-05-08 11:18:13 [WARNING] 返回超时前的最后一帧图像
2025-05-08 11:18:14 [INFO] 正在获取图像，尝试 1/10 (已耗时: 0.0秒)
2025-05-08 11:18:18 [INFO] 图像质量: 模糊 拉普拉斯变异度低 (0.01 < 100) | Sobel梯度均值低 (0.01 < 20) | 边缘检测点少 (0.00% < 1.0%) | 高频能量正常 (66.26)
2025-05-08 11:18:18 [WARNING] 图像模糊，尝试重新获取 (第1次尝试)
2025-05-08 11:18:18 [INFO] 正在获取图像，尝试 2/10 (已耗时: 4.0秒)
2025-05-08 11:18:22 [INFO] 图像质量: 模糊 拉普拉斯变异度低 (0.00 < 100) | Sobel梯度均值低 (0.00 < 20) | 边缘检测点少 (0.00% < 1.0%) | 高频能量正常 (63.87)
2025-05-08 11:18:22 [WARNING] 图像模糊，尝试重新获取 (第2次尝试)
2025-05-08 11:18:22 [ERROR] 获取清晰图像超时 (5秒)
2025-05-08 11:18:22 [WARNING] 返回超时前的最后一帧图像
2025-05-08 11:18:23 [INFO] 正在获取图像，尝试 1/10 (已耗时: 0.0秒)
2025-05-08 11:18:26 [INFO] 图像质量: 模糊 拉普拉斯变异度低 (0.03 < 100) | Sobel梯度均值低 (0.02 < 20) | 边缘检测点少 (0.00% < 1.0%) | 高频能量正常 (87.26)
2025-05-08 11:18:26 [WARNING] 图像模糊，尝试重新获取 (第1次尝试)
2025-05-08 11:18:27 [INFO] 正在获取图像，尝试 2/10 (已耗时: 3.8秒)
2025-05-08 11:18:30 [INFO] 图像质量: 模糊 拉普拉斯变异度低 (0.05 < 100) | Sobel梯度均值低 (0.03 < 20) | 边缘检测点少 (0.00% < 1.0%) | 高频能量正常 (92.95)
2025-05-08 11:18:30 [WARNING] 图像模糊，尝试重新获取 (第2次尝试)
2025-05-08 11:18:31 [ERROR] 获取清晰图像超时 (5秒)
2025-05-08 11:18:31 [WARNING] 返回超时前的最后一帧图像
2025-05-08 11:18:32 [INFO] 正在获取图像，尝试 1/10 (已耗时: 0.0秒)
2025-05-08 11:18:35 [INFO] 图像质量: 模糊 拉普拉斯变异度低 (0.23 < 100) | Sobel梯度均值低 (0.16 < 20) | 边缘检测点少 (0.00% < 1.0%) | 高频能量正常 (110.00)
2025-05-08 11:18:35 [WARNING] 图像模糊，尝试重新获取 (第1次尝试)
2025-05-08 11:18:36 [INFO] 正在获取图像，尝试 2/10 (已耗时: 3.9秒)
2025-05-08 11:18:39 [INFO] 图像质量: 模糊 拉普拉斯变异度低 (0.25 < 100) | Sobel梯度均值低 (0.17 < 20) | 边缘检测点少 (0.00% < 1.0%) | 高频能量正常 (111.54)
2025-05-08 11:18:39 [WARNING] 图像模糊，尝试重新获取 (第2次尝试)
2025-05-08 11:18:40 [ERROR] 获取清晰图像超时 (5秒)
2025-05-08 11:18:40 [WARNING] 返回超时前的最后一帧图像
2025-05-08 11:18:41 [INFO] 正在获取图像，尝试 1/10 (已耗时: 0.0秒)
2025-05-08 11:18:44 [INFO] 图像质量: 清晰 拉普拉斯变异度正常 (198.50) | Sobel梯度均值正常 (24.69) | 边缘检测点正常 (1.57%) | 高频能量正常 (170.86)
2025-05-08 11:18:44 [INFO] 图像清晰度良好，可以进行检测
2025-05-08 11:19:17 [INFO] 正在获取图像，尝试 1/10 (已耗时: 0.0秒)
2025-05-08 11:19:20 [INFO] 图像质量: 模糊 拉普拉斯变异度低 (0.76 < 100) | Sobel梯度均值低 (0.33 < 20) | 边缘检测点少 (0.00% < 1.0%) | 高频能量正常 (124.69)
2025-05-08 11:19:20 [WARNING] 图像模糊，尝试重新获取 (第1次尝试)
2025-05-08 11:19:21 [INFO] 正在获取图像，尝试 2/10 (已耗时: 4.0秒)
2025-05-08 11:19:24 [INFO] 图像质量: 模糊 拉普拉斯变异度低 (0.77 < 100) | Sobel梯度均值低 (0.35 < 20) | 边缘检测点少 (0.00% < 1.0%) | 高频能量正常 (124.87)
2025-05-08 11:19:24 [WARNING] 图像模糊，尝试重新获取 (第2次尝试)
2025-05-08 11:19:25 [ERROR] 获取清晰图像超时 (5秒)
2025-05-08 11:19:25 [WARNING] 返回超时前的最后一帧图像
2025-05-08 11:19:26 [INFO] 正在获取图像，尝试 1/10 (已耗时: 0.0秒)
2025-05-08 11:19:29 [INFO] 图像质量: 模糊 拉普拉斯变异度低 (0.08 < 100) | Sobel梯度均值低 (0.06 < 20) | 边缘检测点少 (0.00% < 1.0%) | 高频能量正常 (97.67)
2025-05-08 11:19:29 [WARNING] 图像模糊，尝试重新获取 (第1次尝试)
2025-05-08 11:19:30 [INFO] 正在获取图像，尝试 2/10 (已耗时: 3.9秒)
