2025-05-09 12:51:41 [INFO] 正在获取图像，尝试 1/30 (已耗时: 0.0秒)
2025-05-09 12:51:44 [INFO] 图像质量: 模糊 拉普拉斯变异度低 (0.05 < 100) | Sobel梯度均值低 (0.07 < 20) | 边缘检测点少 (0.00% < 1.0%) | 高频能量正常 (94.84)
2025-05-09 12:51:44 [WARNING] 图像模糊，尝试重新获取 (第1次尝试)
2025-05-09 12:51:45 [INFO] 正在获取图像，尝试 2/30 (已耗时: 4.0秒)
2025-05-09 12:51:48 [INFO] 图像质量: 模糊 拉普拉斯变异度低 (0.02 < 100) | Sobel梯度均值低 (0.04 < 20) | 边缘检测点少 (0.00% < 1.0%) | 高频能量正常 (85.97)
2025-05-09 12:51:48 [WARNING] 图像模糊，尝试重新获取 (第2次尝试)
2025-05-09 12:51:49 [INFO] 正在获取图像，尝试 3/30 (已耗时: 7.9秒)
2025-05-09 12:51:52 [INFO] 图像质量: 模糊 拉普拉斯变异度低 (0.88 < 100) | Sobel梯度均值低 (0.10 < 20) | 边缘检测点少 (0.01% < 1.0%) | 高频能量正常 (124.19)
2025-05-09 12:51:52 [WARNING] 图像模糊，尝试重新获取 (第3次尝试)
2025-05-09 12:51:53 [INFO] 正在获取图像，尝试 4/30 (已耗时: 11.9秒)
2025-05-09 12:51:56 [INFO] 图像质量: 模糊 拉普拉斯变异度低 (0.02 < 100) | Sobel梯度均值低 (0.05 < 20) | 边缘检测点少 (0.00% < 1.0%) | 高频能量正常 (87.51)
2025-05-09 12:51:56 [WARNING] 图像模糊，尝试重新获取 (第4次尝试)
2025-05-09 12:51:57 [INFO] 正在获取图像，尝试 5/30 (已耗时: 15.9秒)
2025-05-09 12:52:00 [INFO] 图像质量: 模糊 拉普拉斯变异度低 (0.05 < 100) | Sobel梯度均值低 (0.07 < 20) | 边缘检测点少 (0.00% < 1.0%) | 高频能量正常 (95.08)
2025-05-09 12:52:00 [WARNING] 图像模糊，尝试重新获取 (第5次尝试)
2025-05-09 12:52:01 [INFO] 正在获取图像，尝试 6/30 (已耗时: 19.9秒)
2025-05-09 12:52:04 [INFO] 图像质量: 模糊 拉普拉斯变异度低 (1.05 < 100) | Sobel梯度均值低 (0.10 < 20) | 边缘检测点少 (0.00% < 1.0%) | 高频能量正常 (128.39)
2025-05-09 12:52:04 [WARNING] 图像模糊，尝试重新获取 (第6次尝试)
2025-05-09 12:52:05 [INFO] 正在获取图像，尝试 7/30 (已耗时: 23.9秒)
2025-05-09 12:52:08 [INFO] 图像质量: 模糊 拉普拉斯变异度低 (0.92 < 100) | Sobel梯度均值低 (0.10 < 20) | 边缘检测点少 (0.00% < 1.0%) | 高频能量正常 (125.25)
2025-05-09 12:52:08 [WARNING] 图像模糊，尝试重新获取 (第7次尝试)
2025-05-09 12:52:09 [INFO] 正在获取图像，尝试 8/30 (已耗时: 27.9秒)
2025-05-09 12:52:12 [INFO] 图像质量: 模糊 拉普拉斯变异度低 (0.04 < 100) | Sobel梯度均值低 (0.06 < 20) | 边缘检测点少 (0.00% < 1.0%) | 高频能量正常 (91.98)
2025-05-09 12:52:12 [WARNING] 图像模糊，尝试重新获取 (第8次尝试)
2025-05-09 12:52:13 [ERROR] 获取清晰图像超时 (30秒)
2025-05-09 12:52:13 [WARNING] 返回超时前的最后一帧图像
2025-05-09 12:52:16 [INFO] 正在获取图像，尝试 1/30 (已耗时: 0.0秒)
2025-05-09 12:52:19 [INFO] 图像质量: 模糊 拉普拉斯变异度低 (0.07 < 100) | Sobel梯度均值低 (0.08 < 20) | 边缘检测点少 (0.00% < 1.0%) | 高频能量正常 (97.44)
2025-05-09 12:52:19 [WARNING] 图像模糊，尝试重新获取 (第1次尝试)
2025-05-09 12:52:20 [INFO] 正在获取图像，尝试 2/30 (已耗时: 3.9秒)
2025-05-09 12:52:23 [INFO] 图像质量: 模糊 拉普拉斯变异度低 (1.13 < 100) | Sobel梯度均值低 (0.12 < 20) | 边缘检测点少 (0.00% < 1.0%) | 高频能量正常 (128.07)
2025-05-09 12:52:23 [WARNING] 图像模糊，尝试重新获取 (第2次尝试)
2025-05-09 12:52:24 [INFO] 正在获取图像，尝试 3/30 (已耗时: 7.9秒)
2025-05-09 12:52:27 [INFO] 图像质量: 模糊 拉普拉斯变异度低 (0.04 < 100) | Sobel梯度均值低 (0.07 < 20) | 边缘检测点少 (0.00% < 1.0%) | 高频能量正常 (93.47)
2025-05-09 12:52:27 [WARNING] 图像模糊，尝试重新获取 (第3次尝试)
2025-05-09 12:52:28 [INFO] 正在获取图像，尝试 4/30 (已耗时: 11.8秒)
2025-05-09 12:52:31 [INFO] 图像质量: 模糊 拉普拉斯变异度低 (0.06 < 100) | Sobel梯度均值低 (0.11 < 20) | 边缘检测点少 (0.00% < 1.0%) | 高频能量正常 (98.05)
2025-05-09 12:52:31 [WARNING] 图像模糊，尝试重新获取 (第4次尝试)
2025-05-09 12:52:31 [INFO] 正在获取图像，尝试 5/30 (已耗时: 15.7秒)
2025-05-09 12:52:35 [INFO] 图像质量: 模糊 拉普拉斯变异度低 (0.06 < 100) | Sobel梯度均值低 (0.09 < 20) | 边缘检测点少 (0.00% < 1.0%) | 高频能量正常 (96.98)
2025-05-09 12:52:35 [WARNING] 图像模糊，尝试重新获取 (第5次尝试)
2025-05-09 12:52:35 [INFO] 正在获取图像，尝试 6/30 (已耗时: 19.7秒)
2025-05-09 12:52:39 [INFO] 图像质量: 模糊 拉普拉斯变异度低 (0.03 < 100) | Sobel梯度均值低 (0.06 < 20) | 边缘检测点少 (0.00% < 1.0%) | 高频能量正常 (91.30)
2025-05-09 12:52:39 [WARNING] 图像模糊，尝试重新获取 (第6次尝试)
2025-05-09 12:52:39 [INFO] 正在获取图像，尝试 7/30 (已耗时: 23.5秒)
2025-05-09 12:52:43 [INFO] 图像质量: 清晰 拉普拉斯变异度正常 (273.79) | Sobel梯度均值正常 (26.20) | 边缘检测点正常 (2.07%) | 高频能量正常 (179.47)
2025-05-09 12:52:43 [INFO] 图像清晰度良好，可以进行检测
