2025-05-11 20:12:54 [INFO] 正在获取图像，尝试 1/30 (已耗时: 0.0秒)
2025-05-11 20:12:58 [INFO] 图像质量: 模糊 拉普拉斯变异度低 (0.34 < 100) | Sobel梯度均值低 (0.17 < 20) | 边缘检测点少 (0.00% < 1.0%) | 高频能量正常 (117.51)
2025-05-11 20:12:58 [WARNING] 图像模糊，尝试重新获取 (第1次尝试)
2025-05-11 20:12:58 [INFO] 正在获取图像，尝试 2/30 (已耗时: 4.1秒)
2025-05-11 20:13:02 [INFO] 图像质量: 模糊 拉普拉斯变异度低 (0.08 < 100) | Sobel梯度均值低 (0.14 < 20) | 边缘检测点少 (0.00% < 1.0%) | 高频能量正常 (100.95)
2025-05-11 20:13:02 [WARNING] 图像模糊，尝试重新获取 (第2次尝试)
2025-05-11 20:13:02 [INFO] 正在获取图像，尝试 3/30 (已耗时: 8.3秒)
2025-05-11 20:13:06 [INFO] 图像质量: 模糊 拉普拉斯变异度低 (0.07 < 100) | Sobel梯度均值低 (0.12 < 20) | 边缘检测点少 (0.00% < 1.0%) | 高频能量正常 (99.03)
2025-05-11 20:13:06 [WARNING] 图像模糊，尝试重新获取 (第3次尝试)
2025-05-11 20:13:06 [INFO] 正在获取图像，尝试 4/30 (已耗时: 12.5秒)
2025-05-11 20:13:10 [INFO] 图像质量: 模糊 拉普拉斯变异度低 (0.89 < 100) | Sobel梯度均值低 (0.14 < 20) | 边缘检测点少 (0.00% < 1.0%) | 高频能量正常 (126.49)
2025-05-11 20:13:10 [WARNING] 图像模糊，尝试重新获取 (第4次尝试)
2025-05-11 20:13:11 [INFO] 正在获取图像，尝试 5/30 (已耗时: 16.7秒)
2025-05-11 20:13:14 [INFO] 图像质量: 模糊 拉普拉斯变异度低 (0.07 < 100) | Sobel梯度均值低 (0.13 < 20) | 边缘检测点少 (0.00% < 1.0%) | 高频能量正常 (100.49)
2025-05-11 20:13:14 [WARNING] 图像模糊，尝试重新获取 (第5次尝试)
2025-05-11 20:13:15 [INFO] 正在获取图像，尝试 6/30 (已耗时: 20.9秒)
2025-05-11 20:13:18 [INFO] 图像质量: 模糊 拉普拉斯变异度低 (0.26 < 100) | Sobel梯度均值低 (0.26 < 20) | 边缘检测点少 (0.00% < 1.0%) | 高频能量正常 (112.94)
2025-05-11 20:13:18 [WARNING] 图像模糊，尝试重新获取 (第6次尝试)
2025-05-11 20:13:19 [INFO] 正在获取图像，尝试 7/30 (已耗时: 25.1秒)
2025-05-11 20:13:23 [INFO] 图像质量: 模糊 拉普拉斯变异度低 (0.04 < 100) | Sobel梯度均值低 (0.09 < 20) | 边缘检测点少 (0.00% < 1.0%) | 高频能量正常 (92.46)
2025-05-11 20:13:23 [WARNING] 图像模糊，尝试重新获取 (第7次尝试)
2025-05-11 20:13:23 [INFO] 正在获取图像，尝试 8/30 (已耗时: 29.3秒)
2025-05-11 20:13:27 [INFO] 图像质量: 模糊 拉普拉斯变异度低 (0.05 < 100) | Sobel梯度均值低 (0.10 < 20) | 边缘检测点少 (0.00% < 1.0%) | 高频能量正常 (95.96)
2025-05-11 20:13:27 [WARNING] 图像模糊，尝试重新获取 (第8次尝试)
2025-05-11 20:13:27 [ERROR] 获取清晰图像超时 (30秒)
2025-05-11 20:13:27 [WARNING] 返回超时前的最后一帧图像
2025-05-11 20:13:31 [INFO] 正在获取图像，尝试 1/30 (已耗时: 0.0秒)
2025-05-11 20:13:34 [INFO] 图像质量: 模糊 拉普拉斯变异度低 (0.04 < 100) | Sobel梯度均值低 (0.08 < 20) | 边缘检测点少 (0.00% < 1.0%) | 高频能量正常 (93.70)
2025-05-11 20:13:34 [WARNING] 图像模糊，尝试重新获取 (第1次尝试)
2025-05-11 20:13:35 [INFO] 正在获取图像，尝试 2/30 (已耗时: 4.0秒)
2025-05-11 20:13:38 [INFO] 图像质量: 模糊 拉普拉斯变异度低 (0.07 < 100) | Sobel梯度均值低 (0.12 < 20) | 边缘检测点少 (0.00% < 1.0%) | 高频能量正常 (98.72)
2025-05-11 20:13:38 [WARNING] 图像模糊，尝试重新获取 (第2次尝试)
2025-05-11 20:13:39 [INFO] 正在获取图像，尝试 3/30 (已耗时: 8.3秒)
2025-05-11 20:13:42 [INFO] 图像质量: 模糊 拉普拉斯变异度低 (0.29 < 100) | Sobel梯度均值低 (0.29 < 20) | 边缘检测点少 (0.00% < 1.0%) | 高频能量正常 (113.86)
2025-05-11 20:13:42 [WARNING] 图像模糊，尝试重新获取 (第3次尝试)
2025-05-11 20:13:43 [INFO] 正在获取图像，尝试 4/30 (已耗时: 12.5秒)
2025-05-11 20:13:47 [INFO] 图像质量: 模糊 拉普拉斯变异度低 (0.04 < 100) | Sobel梯度均值低 (0.10 < 20) | 边缘检测点少 (0.00% < 1.0%) | 高频能量正常 (93.90)
2025-05-11 20:13:47 [WARNING] 图像模糊，尝试重新获取 (第4次尝试)
2025-05-11 20:13:47 [INFO] 正在获取图像，尝试 5/30 (已耗时: 16.7秒)
2025-05-11 20:13:51 [INFO] 图像质量: 模糊 拉普拉斯变异度低 (0.06 < 100) | Sobel梯度均值低 (0.11 < 20) | 边缘检测点少 (0.00% < 1.0%) | 高频能量正常 (97.30)
2025-05-11 20:13:51 [WARNING] 图像模糊，尝试重新获取 (第5次尝试)
2025-05-11 20:13:51 [INFO] 正在获取图像，尝试 6/30 (已耗时: 20.9秒)
2025-05-11 20:13:55 [INFO] 图像质量: 模糊 拉普拉斯变异度低 (0.61 < 100) | Sobel梯度均值低 (0.11 < 20) | 边缘检测点少 (0.00% < 1.0%) | 高频能量正常 (122.56)
2025-05-11 20:13:55 [WARNING] 图像模糊，尝试重新获取 (第6次尝试)
2025-05-11 20:13:56 [INFO] 正在获取图像，尝试 7/30 (已耗时: 25.2秒)
2025-05-11 20:13:59 [INFO] 图像质量: 模糊 拉普拉斯变异度低 (0.03 < 100) | Sobel梯度均值低 (0.07 < 20) | 边缘检测点少 (0.00% < 1.0%) | 高频能量正常 (90.62)
2025-05-11 20:13:59 [WARNING] 图像模糊，尝试重新获取 (第7次尝试)
2025-05-11 20:14:00 [INFO] 正在获取图像，尝试 8/30 (已耗时: 29.3秒)
2025-05-11 20:14:03 [INFO] 图像质量: 清晰 拉普拉斯变异度正常 (276.15) | Sobel梯度均值正常 (28.17) | 边缘检测点正常 (2.47%) | 高频能量正常 (179.61)
2025-05-11 20:14:04 [INFO] 图像清晰度良好，可以进行检测
