2025-04-28 18:10:00 [INFO] 正在获取图像，尝试 1/10 (已耗时: 0.0秒)
2025-04-28 18:10:04 [INFO] 图像质量: 模糊 拉普拉斯变异度低 (0.02 < 100) | Sobel梯度均值低 (0.03 < 20) | 边缘检测点少 (0.00% < 1.0%) | 高频能量正常 (81.77)
2025-04-28 18:10:04 [WARNING] 图像模糊，尝试重新获取 (第1次尝试)
2025-04-28 18:10:06 [INFO] 正在获取图像，尝试 2/10 (已耗时: 5.7秒)
2025-04-28 18:10:09 [INFO] 图像质量: 清晰 拉普拉斯变异度正常 (187.23) | Sobel梯度均值正常 (22.50) | 边缘检测点正常 (1.62%) | 高频能量正常 (174.18)
2025-04-28 18:10:09 [INFO] 图像清晰度良好，可以进行检测
2025-04-28 18:10:10 [INFO] 正在获取图像，尝试 1/10 (已耗时: 0.0秒)
2025-04-28 18:10:13 [INFO] 图像质量: 模糊 拉普拉斯变异度低 (0.09 < 100) | Sobel梯度均值低 (0.02 < 20) | 边缘检测点少 (0.00% < 1.0%) | 高频能量正常 (102.93)
2025-04-28 18:10:13 [WARNING] 图像模糊，尝试重新获取 (第1次尝试)
2025-04-28 18:10:15 [INFO] 正在获取图像，尝试 2/10 (已耗时: 5.5秒)
2025-04-28 18:10:18 [INFO] 图像质量: 模糊 拉普拉斯变异度低 (0.03 < 100) | Sobel梯度均值低 (0.03 < 20) | 边缘检测点少 (0.00% < 1.0%) | 高频能量正常 (91.62)
2025-04-28 18:10:18 [WARNING] 图像模糊，尝试重新获取 (第2次尝试)
2025-04-28 18:10:21 [INFO] 正在获取图像，尝试 3/10 (已耗时: 11.0秒)
2025-04-28 18:10:24 [INFO] 图像质量: 模糊 拉普拉斯变异度低 (1.32 < 100) | Sobel梯度均值低 (0.07 < 20) | 边缘检测点少 (0.01% < 1.0%) | 高频能量正常 (125.79)
2025-04-28 18:10:24 [WARNING] 图像模糊，尝试重新获取 (第3次尝试)
2025-04-28 18:10:26 [INFO] 正在获取图像，尝试 4/10 (已耗时: 16.5秒)
2025-04-28 18:10:30 [INFO] 图像质量: 清晰 拉普拉斯变异度正常 (185.32) | Sobel梯度均值正常 (22.44) | 边缘检测点正常 (1.61%) | 高频能量正常 (174.00)
2025-04-28 18:10:30 [INFO] 图像清晰度良好，可以进行检测
2025-04-28 18:11:21 [INFO] 正在获取图像，尝试 1/10 (已耗时: 0.0秒)
2025-04-28 18:11:24 [INFO] 图像质量: 模糊 拉普拉斯变异度低 (0.02 < 100) | Sobel梯度均值低 (0.03 < 20) | 边缘检测点少 (0.00% < 1.0%) | 高频能量正常 (83.54)
2025-04-28 18:11:24 [WARNING] 图像模糊，尝试重新获取 (第1次尝试)
2025-04-28 18:11:26 [INFO] 正在获取图像，尝试 2/10 (已耗时: 5.5秒)
2025-04-28 18:11:30 [INFO] 图像质量: 清晰 拉普拉斯变异度正常 (183.99) | Sobel梯度均值正常 (22.50) | 边缘检测点正常 (1.62%) | 高频能量正常 (173.85)
2025-04-28 18:11:30 [INFO] 图像清晰度良好，可以进行检测
2025-04-28 18:11:49 [INFO] 正在获取图像，尝试 1/10 (已耗时: 0.0秒)
2025-04-28 18:11:53 [INFO] 图像质量: 模糊 拉普拉斯变异度低 (0.02 < 100) | Sobel梯度均值低 (0.02 < 20) | 边缘检测点少 (0.00% < 1.0%) | 高频能量正常 (84.55)
2025-04-28 18:11:53 [WARNING] 图像模糊，尝试重新获取 (第1次尝试)
2025-04-28 18:11:55 [INFO] 正在获取图像，尝试 2/10 (已耗时: 5.7秒)
2025-04-28 18:11:59 [INFO] 图像质量: 清晰 拉普拉斯变异度正常 (185.57) | Sobel梯度均值正常 (22.43) | 边缘检测点正常 (1.62%) | 高频能量正常 (174.02)
2025-04-28 18:11:59 [INFO] 图像清晰度良好，可以进行检测
