2025-05-06 15:32:34 [INFO] 正在获取图像，尝试 1/10 (已耗时: 0.0秒)
2025-05-06 15:32:38 [INFO] 图像质量: 模糊 拉普拉斯变异度正常 (130.14) | Sobel梯度均值低 (17.71 < 20) | 边缘检测点正常 (1.08%) | 高频能量正常 (171.33)
2025-05-06 15:32:38 [WARNING] 图像模糊，尝试重新获取 (第1次尝试)
2025-05-06 15:32:38 [INFO] 正在获取图像，尝试 2/10 (已耗时: 4.1秒)
2025-05-06 15:32:42 [INFO] 图像质量: 模糊 拉普拉斯变异度正常 (128.71) | Sobel梯度均值低 (17.71 < 20) | 边缘检测点正常 (1.06%) | 高频能量正常 (171.12)
2025-05-06 15:32:42 [WARNING] 图像模糊，尝试重新获取 (第2次尝试)
2025-05-06 15:32:42 [INFO] 正在获取图像，尝试 3/10 (已耗时: 8.2秒)
2025-05-06 15:32:46 [INFO] 图像质量: 模糊 拉普拉斯变异度正常 (129.26) | Sobel梯度均值低 (17.74 < 20) | 边缘检测点正常 (1.07%) | 高频能量正常 (171.07)
2025-05-06 15:32:46 [WARNING] 图像模糊，尝试重新获取 (第3次尝试)
2025-05-06 15:32:46 [INFO] 正在获取图像，尝试 4/10 (已耗时: 12.3秒)
2025-05-06 15:32:50 [INFO] 图像质量: 模糊 拉普拉斯变异度正常 (130.02) | Sobel梯度均值低 (17.74 < 20) | 边缘检测点正常 (1.08%) | 高频能量正常 (171.24)
2025-05-06 15:32:50 [WARNING] 图像模糊，尝试重新获取 (第4次尝试)
2025-05-06 15:32:50 [INFO] 正在获取图像，尝试 5/10 (已耗时: 16.4秒)
2025-05-06 15:32:54 [INFO] 图像质量: 模糊 拉普拉斯变异度正常 (130.01) | Sobel梯度均值低 (17.75 < 20) | 边缘检测点正常 (1.08%) | 高频能量正常 (171.20)
2025-05-06 15:32:54 [WARNING] 图像模糊，尝试重新获取 (第5次尝试)
2025-05-06 15:32:55 [INFO] 正在获取图像，尝试 6/10 (已耗时: 20.6秒)
2025-05-06 15:32:58 [INFO] 图像质量: 模糊 拉普拉斯变异度正常 (129.48) | Sobel梯度均值低 (17.75 < 20) | 边缘检测点正常 (1.08%) | 高频能量正常 (171.16)
2025-05-06 15:32:58 [WARNING] 图像模糊，尝试重新获取 (第6次尝试)
2025-05-06 15:32:59 [INFO] 正在获取图像，尝试 7/10 (已耗时: 24.6秒)
2025-05-06 15:33:02 [INFO] 图像质量: 模糊 拉普拉斯变异度正常 (129.61) | Sobel梯度均值低 (17.70 < 20) | 边缘检测点正常 (1.08%) | 高频能量正常 (171.21)
2025-05-06 15:33:02 [WARNING] 图像模糊，尝试重新获取 (第7次尝试)
2025-05-06 15:33:03 [INFO] 正在获取图像，尝试 8/10 (已耗时: 28.6秒)
2025-05-06 15:33:06 [INFO] 图像质量: 模糊 拉普拉斯变异度低 (0.05 < 100) | Sobel梯度均值低 (0.11 < 20) | 边缘检测点少 (0.00% < 1.0%) | 高频能量正常 (95.16)
2025-05-06 15:33:06 [WARNING] 图像模糊，尝试重新获取 (第8次尝试)
2025-05-06 15:33:07 [ERROR] 获取清晰图像超时 (30秒)
2025-05-06 15:33:07 [WARNING] 返回超时前的最后一帧图像
