2025-05-11 22:37:05 [INFO] 正在获取图像，尝试 1/30 (已耗时: 0.0秒)
2025-05-11 22:37:08 [INFO] 图像质量: 模糊 拉普拉斯变异度低 (0.05 < 100) | Sobel梯度均值低 (0.12 < 20) | 边缘检测点少 (0.00% < 1.0%) | 高频能量正常 (95.74)
2025-05-11 22:37:08 [WARNING] 图像模糊，尝试重新获取 (第1次尝试)
2025-05-11 22:37:09 [INFO] 正在获取图像，尝试 2/30 (已耗时: 4.0秒)
2025-05-11 22:37:12 [INFO] 图像质量: 模糊 拉普拉斯变异度低 (0.07 < 100) | Sobel梯度均值低 (0.16 < 20) | 边缘检测点少 (0.00% < 1.0%) | 高频能量正常 (98.79)
2025-05-11 22:37:12 [WARNING] 图像模糊，尝试重新获取 (第2次尝试)
2025-05-11 22:37:13 [INFO] 正在获取图像，尝试 3/30 (已耗时: 7.9秒)
2025-05-11 22:37:16 [INFO] 图像质量: 模糊 拉普拉斯变异度低 (0.06 < 100) | Sobel梯度均值低 (0.15 < 20) | 边缘检测点少 (0.00% < 1.0%) | 高频能量正常 (98.03)
2025-05-11 22:37:16 [WARNING] 图像模糊，尝试重新获取 (第3次尝试)
2025-05-11 22:37:17 [INFO] 正在获取图像，尝试 4/30 (已耗时: 11.9秒)
2025-05-11 22:37:20 [INFO] 图像质量: 模糊 拉普拉斯变异度低 (0.06 < 100) | Sobel梯度均值低 (0.14 < 20) | 边缘检测点少 (0.00% < 1.0%) | 高频能量正常 (97.67)
2025-05-11 22:37:20 [WARNING] 图像模糊，尝试重新获取 (第4次尝试)
2025-05-11 22:37:21 [INFO] 正在获取图像，尝试 5/30 (已耗时: 16.0秒)
2025-05-11 22:37:24 [INFO] 图像质量: 模糊 拉普拉斯变异度低 (0.06 < 100) | Sobel梯度均值低 (0.15 < 20) | 边缘检测点少 (0.00% < 1.0%) | 高频能量正常 (97.20)
2025-05-11 22:37:24 [WARNING] 图像模糊，尝试重新获取 (第5次尝试)
2025-05-11 22:37:25 [INFO] 正在获取图像，尝试 6/30 (已耗时: 19.9秒)
2025-05-11 22:37:28 [INFO] 图像质量: 模糊 拉普拉斯变异度低 (0.05 < 100) | Sobel梯度均值低 (0.11 < 20) | 边缘检测点少 (0.00% < 1.0%) | 高频能量正常 (94.25)
2025-05-11 22:37:28 [WARNING] 图像模糊，尝试重新获取 (第6次尝试)
2025-05-11 22:37:29 [INFO] 正在获取图像，尝试 7/30 (已耗时: 23.8秒)
2025-05-11 22:37:32 [INFO] 图像质量: 模糊 拉普拉斯变异度低 (0.21 < 100) | Sobel梯度均值低 (0.28 < 20) | 边缘检测点少 (0.00% < 1.0%) | 高频能量正常 (111.27)
2025-05-11 22:37:32 [WARNING] 图像模糊，尝试重新获取 (第7次尝试)
2025-05-11 22:37:33 [INFO] 正在获取图像，尝试 8/30 (已耗时: 27.7秒)
2025-05-11 22:37:36 [INFO] 图像质量: 模糊 拉普拉斯变异度低 (0.18 < 100) | Sobel梯度均值低 (0.28 < 20) | 边缘检测点少 (0.00% < 1.0%) | 高频能量正常 (109.93)
2025-05-11 22:37:36 [WARNING] 图像模糊，尝试重新获取 (第8次尝试)
2025-05-11 22:37:37 [ERROR] 获取清晰图像超时 (30秒)
2025-05-11 22:37:37 [WARNING] 返回超时前的最后一帧图像
2025-05-11 22:37:40 [INFO] 正在获取图像，尝试 1/30 (已耗时: 0.0秒)
2025-05-11 22:37:43 [INFO] 图像质量: 模糊 拉普拉斯变异度正常 (149.73) | Sobel梯度均值低 (18.54 < 20) | 边缘检测点正常 (1.24%) | 高频能量正常 (173.39)
2025-05-11 22:37:43 [WARNING] 图像模糊，尝试重新获取 (第1次尝试)
2025-05-11 22:37:44 [INFO] 正在获取图像，尝试 2/30 (已耗时: 3.9秒)
2025-05-11 22:37:47 [INFO] 图像质量: 模糊 拉普拉斯变异度低 (0.06 < 100) | Sobel梯度均值低 (0.15 < 20) | 边缘检测点少 (0.00% < 1.0%) | 高频能量正常 (97.71)
2025-05-11 22:37:47 [WARNING] 图像模糊，尝试重新获取 (第2次尝试)
2025-05-11 22:37:48 [INFO] 正在获取图像，尝试 3/30 (已耗时: 7.9秒)
2025-05-11 22:37:51 [INFO] 图像质量: 模糊 拉普拉斯变异度低 (0.07 < 100) | Sobel梯度均值低 (0.16 < 20) | 边缘检测点少 (0.00% < 1.0%) | 高频能量正常 (98.34)
2025-05-11 22:37:51 [WARNING] 图像模糊，尝试重新获取 (第3次尝试)
2025-05-11 22:37:52 [INFO] 正在获取图像，尝试 4/30 (已耗时: 11.8秒)
2025-05-11 22:37:55 [INFO] 图像质量: 模糊 拉普拉斯变异度低 (0.06 < 100) | Sobel梯度均值低 (0.15 < 20) | 边缘检测点少 (0.00% < 1.0%) | 高频能量正常 (97.85)
2025-05-11 22:37:55 [WARNING] 图像模糊，尝试重新获取 (第4次尝试)
2025-05-11 22:37:56 [INFO] 正在获取图像，尝试 5/30 (已耗时: 15.9秒)
2025-05-11 22:37:59 [INFO] 图像质量: 模糊 拉普拉斯变异度低 (0.07 < 100) | Sobel梯度均值低 (0.16 < 20) | 边缘检测点少 (0.00% < 1.0%) | 高频能量正常 (99.46)
2025-05-11 22:37:59 [WARNING] 图像模糊，尝试重新获取 (第5次尝试)
2025-05-11 22:38:00 [INFO] 正在获取图像，尝试 6/30 (已耗时: 19.8秒)
2025-05-11 22:38:03 [INFO] 图像质量: 模糊 拉普拉斯变异度低 (0.07 < 100) | Sobel梯度均值低 (0.16 < 20) | 边缘检测点少 (0.00% < 1.0%) | 高频能量正常 (98.99)
2025-05-11 22:38:03 [WARNING] 图像模糊，尝试重新获取 (第6次尝试)
2025-05-11 22:38:04 [INFO] 正在获取图像，尝试 7/30 (已耗时: 23.8秒)
2025-05-11 22:38:07 [INFO] 图像质量: 模糊 拉普拉斯变异度低 (0.08 < 100) | Sobel梯度均值低 (0.17 < 20) | 边缘检测点少 (0.00% < 1.0%) | 高频能量正常 (100.32)
2025-05-11 22:38:07 [WARNING] 图像模糊，尝试重新获取 (第7次尝试)
2025-05-11 22:38:08 [INFO] 正在获取图像，尝试 8/30 (已耗时: 27.9秒)
2025-05-11 22:38:11 [INFO] 图像质量: 模糊 拉普拉斯变异度低 (0.09 < 100) | Sobel梯度均值低 (0.16 < 20) | 边缘检测点少 (0.00% < 1.0%) | 高频能量正常 (101.10)
2025-05-11 22:38:11 [WARNING] 图像模糊，尝试重新获取 (第8次尝试)
2025-05-11 22:38:11 [ERROR] 获取清晰图像超时 (30秒)
2025-05-11 22:38:11 [WARNING] 返回超时前的最后一帧图像
2025-05-11 22:38:15 [INFO] 正在获取图像，尝试 1/30 (已耗时: 0.0秒)
2025-05-11 22:38:18 [INFO] 图像质量: 模糊 拉普拉斯变异度低 (0.07 < 100) | Sobel梯度均值低 (0.17 < 20) | 边缘检测点少 (0.00% < 1.0%) | 高频能量正常 (99.05)
2025-05-11 22:38:18 [WARNING] 图像模糊，尝试重新获取 (第1次尝试)
2025-05-11 22:38:18 [INFO] 正在获取图像，尝试 2/30 (已耗时: 3.9秒)
2025-05-11 22:38:22 [INFO] 图像质量: 模糊 拉普拉斯变异度低 (0.06 < 100) | Sobel梯度均值低 (0.13 < 20) | 边缘检测点少 (0.00% < 1.0%) | 高频能量正常 (96.89)
2025-05-11 22:38:22 [WARNING] 图像模糊，尝试重新获取 (第2次尝试)
2025-05-11 22:38:22 [INFO] 正在获取图像，尝试 3/30 (已耗时: 7.8秒)
2025-05-11 22:38:26 [INFO] 图像质量: 模糊 拉普拉斯变异度低 (0.84 < 100) | Sobel梯度均值低 (0.21 < 20) | 边缘检测点少 (0.00% < 1.0%) | 高频能量正常 (125.02)
2025-05-11 22:38:26 [WARNING] 图像模糊，尝试重新获取 (第3次尝试)
2025-05-11 22:38:26 [INFO] 正在获取图像，尝试 4/30 (已耗时: 11.7秒)
2025-05-11 22:38:30 [INFO] 图像质量: 模糊 拉普拉斯变异度低 (1.37 < 100) | Sobel梯度均值低 (0.22 < 20) | 边缘检测点少 (0.00% < 1.0%) | 高频能量正常 (129.96)
2025-05-11 22:38:30 [WARNING] 图像模糊，尝试重新获取 (第4次尝试)
2025-05-11 22:38:30 [INFO] 正在获取图像，尝试 5/30 (已耗时: 15.5秒)
2025-05-11 22:38:33 [INFO] 图像质量: 模糊 拉普拉斯变异度低 (0.07 < 100) | Sobel梯度均值低 (0.14 < 20) | 边缘检测点少 (0.00% < 1.0%) | 高频能量正常 (99.57)
2025-05-11 22:38:33 [WARNING] 图像模糊，尝试重新获取 (第5次尝试)
2025-05-11 22:38:34 [INFO] 正在获取图像，尝试 6/30 (已耗时: 19.4秒)
2025-05-11 22:38:37 [INFO] 图像质量: 模糊 拉普拉斯变异度低 (0.10 < 100) | Sobel梯度均值低 (0.20 < 20) | 边缘检测点少 (0.00% < 1.0%) | 高频能量正常 (102.68)
2025-05-11 22:38:37 [WARNING] 图像模糊，尝试重新获取 (第6次尝试)
2025-05-11 22:38:38 [INFO] 正在获取图像，尝试 7/30 (已耗时: 23.3秒)
2025-05-11 22:38:41 [INFO] 图像质量: 模糊 拉普拉斯变异度正常 (151.21) | Sobel梯度均值低 (18.55 < 20) | 边缘检测点正常 (1.24%) | 高频能量正常 (173.50)
2025-05-11 22:38:41 [WARNING] 图像模糊，尝试重新获取 (第7次尝试)
2025-05-11 22:38:42 [INFO] 正在获取图像，尝试 8/30 (已耗时: 27.1秒)
2025-05-11 22:38:45 [INFO] 图像质量: 模糊 拉普拉斯变异度低 (0.05 < 100) | Sobel梯度均值低 (0.13 < 20) | 边缘检测点少 (0.00% < 1.0%) | 高频能量正常 (96.49)
2025-05-11 22:38:45 [WARNING] 图像模糊，尝试重新获取 (第8次尝试)
2025-05-11 22:38:46 [ERROR] 获取清晰图像超时 (30秒)
2025-05-11 22:38:46 [WARNING] 返回超时前的最后一帧图像
2025-05-11 22:38:49 [INFO] 正在获取图像，尝试 1/30 (已耗时: 0.0秒)
2025-05-11 22:38:52 [INFO] 图像质量: 模糊 拉普拉斯变异度低 (0.06 < 100) | Sobel梯度均值低 (0.13 < 20) | 边缘检测点少 (0.00% < 1.0%) | 高频能量正常 (97.73)
2025-05-11 22:38:52 [WARNING] 图像模糊，尝试重新获取 (第1次尝试)
2025-05-11 22:38:53 [INFO] 正在获取图像，尝试 2/30 (已耗时: 3.9秒)
2025-05-11 22:38:56 [INFO] 图像质量: 模糊 拉普拉斯变异度低 (0.08 < 100) | Sobel梯度均值低 (0.17 < 20) | 边缘检测点少 (0.00% < 1.0%) | 高频能量正常 (100.52)
2025-05-11 22:38:56 [WARNING] 图像模糊，尝试重新获取 (第2次尝试)
2025-05-11 22:38:56 [INFO] 正在获取图像，尝试 3/30 (已耗时: 7.9秒)
2025-05-11 22:39:00 [INFO] 图像质量: 模糊 拉普拉斯变异度低 (0.07 < 100) | Sobel梯度均值低 (0.16 < 20) | 边缘检测点少 (0.00% < 1.0%) | 高频能量正常 (99.19)
2025-05-11 22:39:00 [WARNING] 图像模糊，尝试重新获取 (第3次尝试)
2025-05-11 22:39:01 [INFO] 正在获取图像，尝试 4/30 (已耗时: 11.9秒)
2025-05-11 22:39:04 [INFO] 图像质量: 模糊 拉普拉斯变异度低 (0.06 < 100) | Sobel梯度均值低 (0.13 < 20) | 边缘检测点少 (0.00% < 1.0%) | 高频能量正常 (97.63)
2025-05-11 22:39:04 [WARNING] 图像模糊，尝试重新获取 (第4次尝试)
2025-05-11 22:39:04 [INFO] 正在获取图像，尝试 5/30 (已耗时: 15.7秒)
2025-05-11 22:39:08 [INFO] 图像质量: 模糊 拉普拉斯变异度低 (0.57 < 100) | Sobel梯度均值低 (0.20 < 20) | 边缘检测点少 (0.00% < 1.0%) | 高频能量正常 (120.91)
2025-05-11 22:39:08 [WARNING] 图像模糊，尝试重新获取 (第5次尝试)
2025-05-11 22:39:08 [INFO] 正在获取图像，尝试 6/30 (已耗时: 19.7秒)
2025-05-11 22:39:12 [INFO] 图像质量: 模糊 拉普拉斯变异度低 (0.15 < 100) | Sobel梯度均值低 (0.19 < 20) | 边缘检测点少 (0.00% < 1.0%) | 高频能量正常 (107.32)
2025-05-11 22:39:12 [WARNING] 图像模糊，尝试重新获取 (第6次尝试)
2025-05-11 22:39:12 [INFO] 正在获取图像，尝试 7/30 (已耗时: 23.7秒)
2025-05-11 22:39:16 [INFO] 图像质量: 模糊 拉普拉斯变异度低 (0.86 < 100) | Sobel梯度均值低 (0.19 < 20) | 边缘检测点少 (0.00% < 1.0%) | 高频能量正常 (124.85)
2025-05-11 22:39:16 [WARNING] 图像模糊，尝试重新获取 (第7次尝试)
2025-05-11 22:39:16 [INFO] 正在获取图像，尝试 8/30 (已耗时: 27.6秒)
2025-05-11 22:39:20 [INFO] 图像质量: 模糊 拉普拉斯变异度低 (0.35 < 100) | Sobel梯度均值低 (0.25 < 20) | 边缘检测点少 (0.00% < 1.0%) | 高频能量正常 (115.59)
2025-05-11 22:39:20 [WARNING] 图像模糊，尝试重新获取 (第8次尝试)
2025-05-11 22:39:20 [ERROR] 获取清晰图像超时 (30秒)
2025-05-11 22:39:20 [WARNING] 返回超时前的最后一帧图像
2025-05-11 22:39:23 [INFO] 正在获取图像，尝试 1/30 (已耗时: 0.0秒)
2025-05-11 22:39:27 [INFO] 图像质量: 模糊 拉普拉斯变异度低 (0.09 < 100) | Sobel梯度均值低 (0.19 < 20) | 边缘检测点少 (0.00% < 1.0%) | 高频能量正常 (100.81)
2025-05-11 22:39:27 [WARNING] 图像模糊，尝试重新获取 (第1次尝试)
2025-05-11 22:39:27 [INFO] 正在获取图像，尝试 2/30 (已耗时: 3.9秒)
2025-05-11 22:39:30 [INFO] 图像质量: 模糊 拉普拉斯变异度低 (0.06 < 100) | Sobel梯度均值低 (0.15 < 20) | 边缘检测点少 (0.00% < 1.0%) | 高频能量正常 (97.63)
2025-05-11 22:39:30 [WARNING] 图像模糊，尝试重新获取 (第2次尝试)
2025-05-11 22:39:31 [INFO] 正在获取图像，尝试 3/30 (已耗时: 7.8秒)
2025-05-11 22:39:34 [INFO] 图像质量: 模糊 拉普拉斯变异度低 (0.08 < 100) | Sobel梯度均值低 (0.18 < 20) | 边缘检测点少 (0.00% < 1.0%) | 高频能量正常 (99.79)
2025-05-11 22:39:34 [WARNING] 图像模糊，尝试重新获取 (第3次尝试)
2025-05-11 22:39:35 [INFO] 正在获取图像，尝试 4/30 (已耗时: 11.7秒)
2025-05-11 22:39:38 [INFO] 图像质量: 模糊 拉普拉斯变异度低 (1.24 < 100) | Sobel梯度均值低 (0.54 < 20) | 边缘检测点少 (0.03% < 1.0%) | 高频能量正常 (126.41)
2025-05-11 22:39:38 [WARNING] 图像模糊，尝试重新获取 (第4次尝试)
2025-05-11 22:39:39 [INFO] 正在获取图像，尝试 5/30 (已耗时: 15.5秒)
2025-05-11 22:39:42 [INFO] 图像质量: 模糊 拉普拉斯变异度低 (0.30 < 100) | Sobel梯度均值低 (0.36 < 20) | 边缘检测点少 (0.00% < 1.0%) | 高频能量正常 (114.24)
2025-05-11 22:39:42 [WARNING] 图像模糊，尝试重新获取 (第5次尝试)
2025-05-11 22:39:43 [INFO] 正在获取图像，尝试 6/30 (已耗时: 19.5秒)
2025-05-11 22:39:46 [INFO] 图像质量: 模糊 拉普拉斯变异度低 (2.86 < 100) | Sobel梯度均值低 (1.32 < 20) | 边缘检测点少 (0.05% < 1.0%) | 高频能量正常 (131.80)
2025-05-11 22:39:46 [WARNING] 图像模糊，尝试重新获取 (第6次尝试)
2025-05-11 22:39:47 [INFO] 正在获取图像，尝试 7/30 (已耗时: 23.4秒)
2025-05-11 22:39:50 [INFO] 图像质量: 模糊 拉普拉斯变异度低 (0.09 < 100) | Sobel梯度均值低 (0.14 < 20) | 边缘检测点少 (0.00% < 1.0%) | 高频能量正常 (103.28)
2025-05-11 22:39:50 [WARNING] 图像模糊，尝试重新获取 (第7次尝试)
2025-05-11 22:39:50 [INFO] 正在获取图像，尝试 8/30 (已耗时: 27.2秒)
2025-05-11 22:39:54 [INFO] 图像质量: 模糊 拉普拉斯变异度低 (2.49 < 100) | Sobel梯度均值低 (0.83 < 20) | 边缘检测点少 (0.04% < 1.0%) | 高频能量正常 (134.32)
2025-05-11 22:39:54 [WARNING] 图像模糊，尝试重新获取 (第8次尝试)
2025-05-11 22:39:54 [ERROR] 获取清晰图像超时 (30秒)
2025-05-11 22:39:54 [WARNING] 返回超时前的最后一帧图像
2025-05-11 22:39:57 [INFO] 正在获取图像，尝试 1/30 (已耗时: 0.0秒)
2025-05-11 22:40:01 [INFO] 图像质量: 模糊 拉普拉斯变异度低 (0.09 < 100) | Sobel梯度均值低 (0.15 < 20) | 边缘检测点少 (0.00% < 1.0%) | 高频能量正常 (102.54)
2025-05-11 22:40:01 [WARNING] 图像模糊，尝试重新获取 (第1次尝试)
2025-05-11 22:40:01 [INFO] 正在获取图像，尝试 2/30 (已耗时: 4.0秒)
2025-05-11 22:40:05 [INFO] 图像质量: 模糊 拉普拉斯变异度低 (1.64 < 100) | Sobel梯度均值低 (0.65 < 20) | 边缘检测点少 (0.02% < 1.0%) | 高频能量正常 (131.56)
2025-05-11 22:40:05 [WARNING] 图像模糊，尝试重新获取 (第2次尝试)
2025-05-11 22:40:05 [INFO] 正在获取图像，尝试 3/30 (已耗时: 7.9秒)
2025-05-11 22:40:09 [INFO] 图像质量: 模糊 拉普拉斯变异度低 (0.10 < 100) | Sobel梯度均值低 (0.23 < 20) | 边缘检测点少 (0.00% < 1.0%) | 高频能量正常 (102.70)
2025-05-11 22:40:09 [WARNING] 图像模糊，尝试重新获取 (第3次尝试)
2025-05-11 22:40:09 [INFO] 正在获取图像，尝试 4/30 (已耗时: 11.8秒)
2025-05-11 22:40:13 [INFO] 图像质量: 模糊 拉普拉斯变异度低 (9.05 < 100) | Sobel梯度均值低 (3.03 < 20) | 边缘检测点少 (0.14% < 1.0%) | 高频能量正常 (142.31)
2025-05-11 22:40:13 [WARNING] 图像模糊，尝试重新获取 (第4次尝试)
2025-05-11 22:40:13 [INFO] 正在获取图像，尝试 5/30 (已耗时: 15.7秒)
2025-05-11 22:40:17 [INFO] 图像质量: 模糊 拉普拉斯变异度低 (2.92 < 100) | Sobel梯度均值低 (1.97 < 20) | 边缘检测点少 (0.06% < 1.0%) | 高频能量正常 (132.20)
2025-05-11 22:40:17 [WARNING] 图像模糊，尝试重新获取 (第5次尝试)
2025-05-11 22:40:17 [INFO] 正在获取图像，尝试 6/30 (已耗时: 19.7秒)
2025-05-11 22:40:21 [INFO] 图像质量: 模糊 拉普拉斯变异度低 (2.74 < 100) | Sobel梯度均值低 (1.44 < 20) | 边缘检测点少 (0.04% < 1.0%) | 高频能量正常 (135.69)
2025-05-11 22:40:21 [WARNING] 图像模糊，尝试重新获取 (第6次尝试)
2025-05-11 22:40:21 [INFO] 正在获取图像，尝试 7/30 (已耗时: 23.7秒)
2025-05-11 22:40:25 [INFO] 图像质量: 模糊 拉普拉斯变异度低 (1.23 < 100) | Sobel梯度均值低 (0.45 < 20) | 边缘检测点少 (0.00% < 1.0%) | 高频能量正常 (128.22)
2025-05-11 22:40:25 [WARNING] 图像模糊，尝试重新获取 (第7次尝试)
2025-05-11 22:40:25 [INFO] 正在获取图像，尝试 8/30 (已耗时: 27.6秒)
2025-05-11 22:40:29 [INFO] 图像质量: 模糊 拉普拉斯变异度低 (0.06 < 100) | Sobel梯度均值低 (0.16 < 20) | 边缘检测点少 (0.00% < 1.0%) | 高频能量正常 (97.90)
2025-05-11 22:40:29 [WARNING] 图像模糊，尝试重新获取 (第8次尝试)
2025-05-11 22:40:29 [ERROR] 获取清晰图像超时 (30秒)
2025-05-11 22:40:29 [WARNING] 返回超时前的最后一帧图像
2025-05-11 22:40:32 [INFO] 正在获取图像，尝试 1/30 (已耗时: 0.0秒)
