2025-05-12 20:18:18 [INFO] 正在获取图像，尝试 1/30 (已耗时: 0.0秒)
2025-05-12 20:18:21 [INFO] 图像质量: 模糊 拉普拉斯变异度低 (0.03 < 100) | Sobel梯度均值低 (0.03 < 20) | 边缘检测点少 (0.00% < 1.0%) | 高频能量正常 (89.06)
2025-05-12 20:18:21 [WARNING] 图像模糊，尝试重新获取 (第1次尝试)
2025-05-12 20:18:22 [INFO] 正在获取图像，尝试 2/30 (已耗时: 3.9秒)
2025-05-12 20:18:25 [INFO] 图像质量: 模糊 拉普拉斯变异度低 (1.39 < 100) | Sobel梯度均值低 (0.07 < 20) | 边缘检测点少 (0.00% < 1.0%) | 高频能量正常 (128.21)
2025-05-12 20:18:25 [WARNING] 图像模糊，尝试重新获取 (第2次尝试)
2025-05-12 20:18:26 [INFO] 正在获取图像，尝试 3/30 (已耗时: 8.0秒)
2025-05-12 20:18:29 [INFO] 图像质量: 模糊 拉普拉斯变异度低 (0.37 < 100) | Sobel梯度均值低 (0.05 < 20) | 边缘检测点少 (0.00% < 1.0%) | 高频能量正常 (117.50)
2025-05-12 20:18:29 [WARNING] 图像模糊，尝试重新获取 (第3次尝试)
2025-05-12 20:18:30 [INFO] 正在获取图像，尝试 4/30 (已耗时: 11.9秒)
2025-05-12 20:18:33 [INFO] 图像质量: 模糊 拉普拉斯变异度低 (0.04 < 100) | Sobel梯度均值低 (0.03 < 20) | 边缘检测点少 (0.00% < 1.0%) | 高频能量正常 (94.74)
2025-05-12 20:18:33 [WARNING] 图像模糊，尝试重新获取 (第4次尝试)
2025-05-12 20:18:34 [INFO] 正在获取图像，尝试 5/30 (已耗时: 15.8秒)
2025-05-12 20:18:37 [INFO] 图像质量: 模糊 拉普拉斯变异度低 (0.01 < 100) | Sobel梯度均值低 (0.02 < 20) | 边缘检测点少 (0.00% < 1.0%) | 高频能量正常 (83.52)
2025-05-12 20:18:37 [WARNING] 图像模糊，尝试重新获取 (第5次尝试)
2025-05-12 20:18:38 [INFO] 正在获取图像，尝试 6/30 (已耗时: 19.7秒)
2025-05-12 20:18:41 [INFO] 图像质量: 模糊 拉普拉斯变异度低 (0.01 < 100) | Sobel梯度均值低 (0.01 < 20) | 边缘检测点少 (0.00% < 1.0%) | 高频能量正常 (71.90)
2025-05-12 20:18:41 [WARNING] 图像模糊，尝试重新获取 (第6次尝试)
2025-05-12 20:18:41 [INFO] 正在获取图像，尝试 7/30 (已耗时: 23.6秒)
2025-05-12 20:18:45 [INFO] 图像质量: 模糊 拉普拉斯变异度低 (0.01 < 100) | Sobel梯度均值低 (0.02 < 20) | 边缘检测点少 (0.00% < 1.0%) | 高频能量正常 (79.14)
2025-05-12 20:18:45 [WARNING] 图像模糊，尝试重新获取 (第7次尝试)
2025-05-12 20:18:45 [INFO] 正在获取图像，尝试 8/30 (已耗时: 27.5秒)
2025-05-12 20:18:49 [INFO] 图像质量: 模糊 拉普拉斯变异度低 (0.28 < 100) | Sobel梯度均值低 (0.24 < 20) | 边缘检测点少 (0.00% < 1.0%) | 高频能量正常 (113.56)
2025-05-12 20:18:49 [WARNING] 图像模糊，尝试重新获取 (第8次尝试)
2025-05-12 20:18:49 [ERROR] 获取清晰图像超时 (30秒)
2025-05-12 20:18:49 [WARNING] 返回超时前的最后一帧图像
2025-05-12 20:18:52 [INFO] 正在获取图像，尝试 1/30 (已耗时: 0.0秒)
2025-05-12 20:18:56 [INFO] 图像质量: 模糊 拉普拉斯变异度低 (0.03 < 100) | Sobel梯度均值低 (0.03 < 20) | 边缘检测点少 (0.00% < 1.0%) | 高频能量正常 (89.97)
2025-05-12 20:18:56 [WARNING] 图像模糊，尝试重新获取 (第1次尝试)
2025-05-12 20:18:56 [INFO] 正在获取图像，尝试 2/30 (已耗时: 3.9秒)
2025-05-12 20:19:00 [INFO] 图像质量: 模糊 拉普拉斯变异度低 (0.02 < 100) | Sobel梯度均值低 (0.02 < 20) | 边缘检测点少 (0.00% < 1.0%) | 高频能量正常 (83.96)
2025-05-12 20:19:00 [WARNING] 图像模糊，尝试重新获取 (第2次尝试)
2025-05-12 20:19:00 [INFO] 正在获取图像，尝试 3/30 (已耗时: 7.8秒)
2025-05-12 20:19:04 [INFO] 图像质量: 模糊 拉普拉斯变异度低 (0.02 < 100) | Sobel梯度均值低 (0.02 < 20) | 边缘检测点少 (0.00% < 1.0%) | 高频能量正常 (87.08)
2025-05-12 20:19:04 [WARNING] 图像模糊，尝试重新获取 (第3次尝试)
2025-05-12 20:19:04 [INFO] 正在获取图像，尝试 4/30 (已耗时: 11.7秒)
2025-05-12 20:19:08 [INFO] 图像质量: 模糊 拉普拉斯变异度低 (0.03 < 100) | Sobel梯度均值低 (0.03 < 20) | 边缘检测点少 (0.00% < 1.0%) | 高频能量正常 (91.95)
2025-05-12 20:19:08 [WARNING] 图像模糊，尝试重新获取 (第4次尝试)
2025-05-12 20:19:08 [INFO] 正在获取图像，尝试 5/30 (已耗时: 15.8秒)
2025-05-12 20:19:12 [INFO] 图像质量: 模糊 拉普拉斯变异度低 (0.05 < 100) | Sobel梯度均值低 (0.03 < 20) | 边缘检测点少 (0.00% < 1.0%) | 高频能量正常 (92.88)
2025-05-12 20:19:12 [WARNING] 图像模糊，尝试重新获取 (第5次尝试)
2025-05-12 20:19:12 [INFO] 正在获取图像，尝试 6/30 (已耗时: 20.0秒)
2025-05-12 20:19:16 [INFO] 图像质量: 模糊 拉普拉斯变异度低 (0.03 < 100) | Sobel梯度均值低 (0.03 < 20) | 边缘检测点少 (0.00% < 1.0%) | 高频能量正常 (88.35)
2025-05-12 20:19:16 [WARNING] 图像模糊，尝试重新获取 (第6次尝试)
2025-05-12 20:19:16 [INFO] 正在获取图像，尝试 7/30 (已耗时: 24.2秒)
2025-05-12 20:19:20 [INFO] 图像质量: 清晰 拉普拉斯变异度正常 (313.49) | Sobel梯度均值正常 (32.00) | 边缘检测点正常 (2.80%) | 高频能量正常 (181.97)
2025-05-12 20:19:20 [INFO] 图像清晰度良好，可以进行检测
