2025-05-15 22:59:51 [INFO] 正在获取图像，尝试 1/10 (已耗时: 0.0秒)
2025-05-15 22:59:54 [INFO] 图像质量: 模糊 拉普拉斯变异度低 (16.27 < 100) | Sobel梯度均值低 (4.49 < 20) | 边缘检测点少 (0.44% < 1.0%) | 高频能量正常 (151.57)
2025-05-15 22:59:54 [WARNING] 图像模糊，尝试重新获取 (第1次尝试)
2025-05-15 22:59:56 [INFO] 正在获取图像，尝试 2/10 (已耗时: 5.8秒)
2025-05-15 23:00:00 [INFO] 图像质量: 模糊 拉普拉斯变异度低 (0.05 < 100) | Sobel梯度均值低 (0.08 < 20) | 边缘检测点少 (0.00% < 1.0%) | 高频能量正常 (94.99)
2025-05-15 23:00:00 [WARNING] 图像模糊，尝试重新获取 (第2次尝试)
2025-05-15 23:00:02 [INFO] 正在获取图像，尝试 3/10 (已耗时: 11.7秒)
2025-05-15 23:00:06 [INFO] 图像质量: 模糊 拉普拉斯变异度低 (0.04 < 100) | Sobel梯度均值低 (0.08 < 20) | 边缘检测点少 (0.00% < 1.0%) | 高频能量正常 (93.74)
2025-05-15 23:00:06 [WARNING] 图像模糊，尝试重新获取 (第3次尝试)
2025-05-15 23:00:08 [INFO] 正在获取图像，尝试 4/10 (已耗时: 17.3秒)
2025-05-15 23:00:12 [INFO] 图像质量: 模糊 拉普拉斯变异度低 (0.03 < 100) | Sobel梯度均值低 (0.05 < 20) | 边缘检测点少 (0.00% < 1.0%) | 高频能量正常 (90.34)
2025-05-15 23:00:12 [WARNING] 图像模糊，尝试重新获取 (第4次尝试)
2025-05-15 23:00:14 [INFO] 正在获取图像，尝试 5/10 (已耗时: 23.1秒)
2025-05-15 23:00:17 [INFO] 图像质量: 模糊 拉普拉斯变异度低 (0.27 < 100) | Sobel梯度均值低 (0.28 < 20) | 边缘检测点少 (0.00% < 1.0%) | 高频能量正常 (113.56)
2025-05-15 23:00:17 [WARNING] 图像模糊，尝试重新获取 (第5次尝试)
2025-05-15 23:00:19 [INFO] 正在获取图像，尝试 6/10 (已耗时: 28.7秒)
2025-05-15 23:00:23 [INFO] 图像质量: 模糊 拉普拉斯变异度低 (0.05 < 100) | Sobel梯度均值低 (0.10 < 20) | 边缘检测点少 (0.00% < 1.0%) | 高频能量正常 (95.62)
2025-05-15 23:00:23 [WARNING] 图像模糊，尝试重新获取 (第6次尝试)
2025-05-15 23:00:25 [INFO] 正在获取图像，尝试 7/10 (已耗时: 34.4秒)
2025-05-15 23:00:29 [INFO] 图像质量: 模糊 拉普拉斯变异度低 (0.09 < 100) | Sobel梯度均值低 (0.13 < 20) | 边缘检测点少 (0.00% < 1.0%) | 高频能量正常 (100.56)
2025-05-15 23:00:29 [WARNING] 图像模糊，尝试重新获取 (第7次尝试)
2025-05-15 23:00:31 [ERROR] 获取清晰图像超时 (40.0秒)
2025-05-15 23:00:31 [WARNING] 返回超时前的最后一帧图像
2025-05-15 23:00:47 [INFO] 正在获取图像，尝试 1/1000 (已耗时: 0.0秒)
2025-05-15 23:00:50 [INFO] 图像质量: 模糊 拉普拉斯变异度低 (0.06 < 100) | Sobel梯度均值低 (0.11 < 20) | 边缘检测点少 (0.00% < 1.0%) | 高频能量正常 (96.50)
2025-05-15 23:00:50 [WARNING] 图像模糊，尝试重新获取 (第1次尝试)
2025-05-15 23:00:51 [INFO] 正在获取图像，尝试 2/1000 (已耗时: 3.9秒)
2025-05-15 23:00:54 [INFO] 图像质量: 模糊 拉普拉斯变异度低 (0.05 < 100) | Sobel梯度均值低 (0.08 < 20) | 边缘检测点少 (0.00% < 1.0%) | 高频能量正常 (95.75)
2025-05-15 23:00:54 [WARNING] 图像模糊，尝试重新获取 (第2次尝试)
2025-05-15 23:00:55 [INFO] 正在获取图像，尝试 3/1000 (已耗时: 7.8秒)
2025-05-15 23:00:58 [INFO] 图像质量: 模糊 拉普拉斯变异度低 (0.07 < 100) | Sobel梯度均值低 (0.13 < 20) | 边缘检测点少 (0.00% < 1.0%) | 高频能量正常 (98.89)
2025-05-15 23:00:58 [WARNING] 图像模糊，尝试重新获取 (第3次尝试)
2025-05-15 23:00:59 [INFO] 正在获取图像，尝试 4/1000 (已耗时: 12.0秒)
2025-05-15 23:01:03 [INFO] 图像质量: 模糊 拉普拉斯变异度低 (0.07 < 100) | Sobel梯度均值低 (0.12 < 20) | 边缘检测点少 (0.00% < 1.0%) | 高频能量正常 (99.37)
2025-05-15 23:01:03 [WARNING] 图像模糊，尝试重新获取 (第4次尝试)
2025-05-15 23:01:03 [INFO] 正在获取图像，尝试 5/1000 (已耗时: 16.2秒)
2025-05-15 23:01:07 [INFO] 图像质量: 模糊 拉普拉斯变异度低 (0.04 < 100) | Sobel梯度均值低 (0.08 < 20) | 边缘检测点少 (0.00% < 1.0%) | 高频能量正常 (93.54)
2025-05-15 23:01:07 [WARNING] 图像模糊，尝试重新获取 (第5次尝试)
2025-05-15 23:01:07 [INFO] 正在获取图像，尝试 6/1000 (已耗时: 20.1秒)
2025-05-15 23:01:11 [INFO] 图像质量: 模糊 拉普拉斯变异度低 (0.07 < 100) | Sobel梯度均值低 (0.11 < 20) | 边缘检测点少 (0.00% < 1.0%) | 高频能量正常 (99.66)
2025-05-15 23:01:11 [WARNING] 图像模糊，尝试重新获取 (第6次尝试)
2025-05-15 23:01:11 [INFO] 正在获取图像，尝试 7/1000 (已耗时: 24.1秒)
2025-05-15 23:01:14 [INFO] 图像质量: 模糊 拉普拉斯变异度低 (0.06 < 100) | Sobel梯度均值低 (0.11 < 20) | 边缘检测点少 (0.00% < 1.0%) | 高频能量正常 (96.52)
2025-05-15 23:01:14 [WARNING] 图像模糊，尝试重新获取 (第7次尝试)
2025-05-15 23:01:15 [INFO] 正在获取图像，尝试 8/1000 (已耗时: 27.9秒)
2025-05-15 23:01:18 [INFO] 图像质量: 模糊 拉普拉斯变异度低 (0.05 < 100) | Sobel梯度均值低 (0.08 < 20) | 边缘检测点少 (0.00% < 1.0%) | 高频能量正常 (93.77)
2025-05-15 23:01:18 [WARNING] 图像模糊，尝试重新获取 (第8次尝试)
2025-05-15 23:01:19 [ERROR] 获取清晰图像超时 (30秒)
2025-05-15 23:01:19 [WARNING] 返回超时前的最后一帧图像
2025-05-15 23:01:19 [INFO] 正在获取图像，尝试 1/1000 (已耗时: 0.0秒)
2025-05-15 23:01:22 [INFO] 图像质量: 模糊 拉普拉斯变异度低 (0.08 < 100) | Sobel梯度均值低 (0.13 < 20) | 边缘检测点少 (0.00% < 1.0%) | 高频能量正常 (99.09)
2025-05-15 23:01:22 [WARNING] 图像模糊，尝试重新获取 (第1次尝试)
2025-05-15 23:01:23 [INFO] 正在获取图像，尝试 2/1000 (已耗时: 4.1秒)
2025-05-15 23:01:26 [INFO] 图像质量: 模糊 拉普拉斯变异度低 (0.05 < 100) | Sobel梯度均值低 (0.09 < 20) | 边缘检测点少 (0.00% < 1.0%) | 高频能量正常 (93.74)
2025-05-15 23:01:26 [WARNING] 图像模糊，尝试重新获取 (第2次尝试)
2025-05-15 23:01:27 [INFO] 正在获取图像，尝试 3/1000 (已耗时: 7.9秒)
2025-05-15 23:01:30 [INFO] 图像质量: 模糊 拉普拉斯变异度低 (0.07 < 100) | Sobel梯度均值低 (0.13 < 20) | 边缘检测点少 (0.00% < 1.0%) | 高频能量正常 (98.15)
2025-05-15 23:01:30 [WARNING] 图像模糊，尝试重新获取 (第3次尝试)
2025-05-15 23:01:31 [INFO] 正在获取图像，尝试 4/1000 (已耗时: 11.9秒)
2025-05-15 23:01:34 [INFO] 图像质量: 模糊 拉普拉斯变异度低 (0.22 < 100) | Sobel梯度均值低 (0.13 < 20) | 边缘检测点少 (0.00% < 1.0%) | 高频能量正常 (112.66)
2025-05-15 23:01:34 [WARNING] 图像模糊，尝试重新获取 (第4次尝试)
2025-05-15 23:01:35 [INFO] 正在获取图像，尝试 5/1000 (已耗时: 15.7秒)
2025-05-15 23:01:38 [INFO] 图像质量: 模糊 拉普拉斯变异度低 (0.03 < 100) | Sobel梯度均值低 (0.06 < 20) | 边缘检测点少 (0.00% < 1.0%) | 高频能量正常 (89.88)
2025-05-15 23:01:38 [WARNING] 图像模糊，尝试重新获取 (第5次尝试)
2025-05-15 23:01:38 [INFO] 正在获取图像，尝试 6/1000 (已耗时: 19.7秒)
2025-05-15 23:01:42 [INFO] 图像质量: 模糊 拉普拉斯变异度低 (0.04 < 100) | Sobel梯度均值低 (0.07 < 20) | 边缘检测点少 (0.00% < 1.0%) | 高频能量正常 (91.31)
2025-05-15 23:01:42 [WARNING] 图像模糊，尝试重新获取 (第6次尝试)
2025-05-15 23:01:42 [INFO] 正在获取图像，尝试 7/1000 (已耗时: 23.5秒)
2025-05-15 23:01:46 [INFO] 图像质量: 模糊 拉普拉斯变异度低 (0.58 < 100) | Sobel梯度均值低 (0.10 < 20) | 边缘检测点少 (0.00% < 1.0%) | 高频能量正常 (120.36)
2025-05-15 23:01:46 [WARNING] 图像模糊，尝试重新获取 (第7次尝试)
2025-05-15 23:01:46 [INFO] 正在获取图像，尝试 8/1000 (已耗时: 27.6秒)
2025-05-15 23:01:50 [INFO] 图像质量: 模糊 拉普拉斯变异度低 (0.03 < 100) | Sobel梯度均值低 (0.07 < 20) | 边缘检测点少 (0.00% < 1.0%) | 高频能量正常 (91.71)
2025-05-15 23:01:50 [WARNING] 图像模糊，尝试重新获取 (第8次尝试)
2025-05-15 23:01:50 [ERROR] 获取清晰图像超时 (30秒)
2025-05-15 23:01:50 [WARNING] 返回超时前的最后一帧图像
2025-05-15 23:01:50 [INFO] 正在获取图像，尝试 1/1000 (已耗时: 0.0秒)
2025-05-15 23:01:54 [INFO] 图像质量: 模糊 拉普拉斯变异度低 (0.03 < 100) | Sobel梯度均值低 (0.06 < 20) | 边缘检测点少 (0.00% < 1.0%) | 高频能量正常 (89.78)
2025-05-15 23:01:54 [WARNING] 图像模糊，尝试重新获取 (第1次尝试)
2025-05-15 23:01:54 [INFO] 正在获取图像，尝试 2/1000 (已耗时: 4.0秒)
2025-05-15 23:01:58 [INFO] 图像质量: 模糊 拉普拉斯变异度低 (0.04 < 100) | Sobel梯度均值低 (0.08 < 20) | 边缘检测点少 (0.00% < 1.0%) | 高频能量正常 (92.42)
2025-05-15 23:01:58 [WARNING] 图像模糊，尝试重新获取 (第2次尝试)
2025-05-15 23:01:58 [INFO] 正在获取图像，尝试 3/1000 (已耗时: 8.0秒)
2025-05-15 23:02:02 [INFO] 图像质量: 模糊 拉普拉斯变异度低 (0.99 < 100) | Sobel梯度均值低 (0.12 < 20) | 边缘检测点少 (0.00% < 1.0%) | 高频能量正常 (124.14)
2025-05-15 23:02:02 [WARNING] 图像模糊，尝试重新获取 (第3次尝试)
2025-05-15 23:02:02 [INFO] 正在获取图像，尝试 4/1000 (已耗时: 12.0秒)
2025-05-15 23:02:06 [INFO] 图像质量: 模糊 拉普拉斯变异度低 (0.05 < 100) | Sobel梯度均值低 (0.09 < 20) | 边缘检测点少 (0.00% < 1.0%) | 高频能量正常 (93.20)
2025-05-15 23:02:06 [WARNING] 图像模糊，尝试重新获取 (第4次尝试)
2025-05-15 23:02:07 [INFO] 正在获取图像，尝试 5/1000 (已耗时: 16.2秒)
2025-05-15 23:02:10 [INFO] 图像质量: 清晰 拉普拉斯变异度正常 (213.47) | Sobel梯度均值正常 (27.37) | 边缘检测点正常 (2.32%) | 高频能量正常 (176.55)
2025-05-15 23:02:10 [INFO] 图像清晰度良好，可以进行检测
