2025-05-08 17:51:23 [INFO] 正在获取图像，尝试 1/30 (已耗时: 0.0秒)
2025-05-08 17:51:27 [INFO] 图像质量: 模糊 拉普拉斯变异度低 (0.05 < 100) | Sobel梯度均值低 (0.12 < 20) | 边缘检测点少 (0.00% < 1.0%) | 高频能量正常 (95.63)
2025-05-08 17:51:27 [WARNING] 图像模糊，尝试重新获取 (第1次尝试)
2025-05-08 17:51:28 [INFO] 正在获取图像，尝试 2/30 (已耗时: 4.1秒)
2025-05-08 17:51:31 [INFO] 图像质量: 模糊 拉普拉斯变异度低 (0.04 < 100) | Sobel梯度均值低 (0.09 < 20) | 边缘检测点少 (0.00% < 1.0%) | 高频能量正常 (91.67)
2025-05-08 17:51:31 [WARNING] 图像模糊，尝试重新获取 (第2次尝试)
2025-05-08 17:51:31 [INFO] 正在获取图像，尝试 3/30 (已耗时: 8.0秒)
2025-05-08 17:51:35 [INFO] 图像质量: 模糊 拉普拉斯变异度低 (0.05 < 100) | Sobel梯度均值低 (0.13 < 20) | 边缘检测点少 (0.00% < 1.0%) | 高频能量正常 (96.64)
2025-05-08 17:51:35 [WARNING] 图像模糊，尝试重新获取 (第3次尝试)
2025-05-08 17:51:35 [INFO] 正在获取图像，尝试 4/30 (已耗时: 12.0秒)
2025-05-08 17:51:39 [INFO] 图像质量: 模糊 拉普拉斯变异度低 (0.06 < 100) | Sobel梯度均值低 (0.14 < 20) | 边缘检测点少 (0.00% < 1.0%) | 高频能量正常 (96.85)
2025-05-08 17:51:39 [WARNING] 图像模糊，尝试重新获取 (第4次尝试)
2025-05-08 17:51:39 [INFO] 正在获取图像，尝试 5/30 (已耗时: 16.0秒)
2025-05-08 17:51:43 [INFO] 图像质量: 模糊 拉普拉斯变异度低 (0.05 < 100) | Sobel梯度均值低 (0.13 < 20) | 边缘检测点少 (0.00% < 1.0%) | 高频能量正常 (96.13)
2025-05-08 17:51:43 [WARNING] 图像模糊，尝试重新获取 (第5次尝试)
2025-05-08 17:51:43 [INFO] 正在获取图像，尝试 6/30 (已耗时: 20.0秒)
2025-05-08 17:51:47 [INFO] 图像质量: 模糊 拉普拉斯变异度低 (0.06 < 100) | Sobel梯度均值低 (0.12 < 20) | 边缘检测点少 (0.00% < 1.0%) | 高频能量正常 (96.33)
2025-05-08 17:51:47 [WARNING] 图像模糊，尝试重新获取 (第6次尝试)
2025-05-08 17:51:47 [INFO] 正在获取图像，尝试 7/30 (已耗时: 24.0秒)
2025-05-08 17:51:51 [INFO] 图像质量: 模糊 拉普拉斯变异度低 (0.05 < 100) | Sobel梯度均值低 (0.13 < 20) | 边缘检测点少 (0.00% < 1.0%) | 高频能量正常 (96.39)
2025-05-08 17:51:51 [WARNING] 图像模糊，尝试重新获取 (第7次尝试)
2025-05-08 17:51:52 [INFO] 正在获取图像，尝试 8/30 (已耗时: 28.1秒)
2025-05-08 17:51:55 [INFO] 图像质量: 模糊 拉普拉斯变异度低 (0.04 < 100) | Sobel梯度均值低 (0.10 < 20) | 边缘检测点少 (0.00% < 1.0%) | 高频能量正常 (94.14)
2025-05-08 17:51:55 [WARNING] 图像模糊，尝试重新获取 (第8次尝试)
2025-05-08 17:51:56 [ERROR] 获取清晰图像超时 (30秒)
2025-05-08 17:51:56 [WARNING] 返回超时前的最后一帧图像
