2025-05-12 22:08:57 [INFO] 正在获取图像，尝试 1/30 (已耗时: 0.0秒)
2025-05-12 22:09:01 [INFO] 图像质量: 模糊 拉普拉斯变异度低 (0.04 < 100) | Sobel梯度均值低 (0.04 < 20) | 边缘检测点少 (0.00% < 1.0%) | 高频能量正常 (93.66)
2025-05-12 22:09:01 [WARNING] 图像模糊，尝试重新获取 (第1次尝试)
2025-05-12 22:09:01 [INFO] 正在获取图像，尝试 2/30 (已耗时: 4.0秒)
2025-05-12 22:09:05 [INFO] 图像质量: 模糊 拉普拉斯变异度低 (0.02 < 100) | Sobel梯度均值低 (0.03 < 20) | 边缘检测点少 (0.00% < 1.0%) | 高频能量正常 (86.00)
2025-05-12 22:09:05 [WARNING] 图像模糊，尝试重新获取 (第2次尝试)
2025-05-12 22:09:05 [INFO] 正在获取图像，尝试 3/30 (已耗时: 7.9秒)
2025-05-12 22:09:08 [INFO] 图像质量: 模糊 拉普拉斯变异度低 (0.03 < 100) | Sobel梯度均值低 (0.03 < 20) | 边缘检测点少 (0.00% < 1.0%) | 高频能量正常 (85.78)
2025-05-12 22:09:08 [WARNING] 图像模糊，尝试重新获取 (第3次尝试)
2025-05-12 22:09:09 [INFO] 正在获取图像，尝试 4/30 (已耗时: 11.6秒)
2025-05-12 22:09:12 [INFO] 图像质量: 模糊 拉普拉斯变异度低 (1.03 < 100) | Sobel梯度均值低 (0.07 < 20) | 边缘检测点少 (0.00% < 1.0%) | 高频能量正常 (126.36)
2025-05-12 22:09:12 [WARNING] 图像模糊，尝试重新获取 (第4次尝试)
2025-05-12 22:09:13 [INFO] 正在获取图像，尝试 5/30 (已耗时: 15.6秒)
2025-05-12 22:09:16 [INFO] 图像质量: 模糊 拉普拉斯变异度低 (0.04 < 100) | Sobel梯度均值低 (0.04 < 20) | 边缘检测点少 (0.00% < 1.0%) | 高频能量正常 (91.25)
2025-05-12 22:09:16 [WARNING] 图像模糊，尝试重新获取 (第5次尝试)
2025-05-12 22:09:17 [INFO] 正在获取图像，尝试 6/30 (已耗时: 19.5秒)
2025-05-12 22:09:20 [INFO] 图像质量: 模糊 拉普拉斯变异度低 (0.05 < 100) | Sobel梯度均值低 (0.05 < 20) | 边缘检测点少 (0.00% < 1.0%) | 高频能量正常 (94.47)
2025-05-12 22:09:20 [WARNING] 图像模糊，尝试重新获取 (第6次尝试)
2025-05-12 22:09:20 [INFO] 正在获取图像，尝试 7/30 (已耗时: 23.3秒)
2025-05-12 22:09:24 [INFO] 图像质量: 模糊 拉普拉斯变异度低 (0.33 < 100) | Sobel梯度均值低 (0.14 < 20) | 边缘检测点少 (0.00% < 1.0%) | 高频能量正常 (117.55)
2025-05-12 22:09:24 [WARNING] 图像模糊，尝试重新获取 (第7次尝试)
2025-05-12 22:09:24 [INFO] 正在获取图像，尝试 8/30 (已耗时: 27.1秒)
2025-05-12 22:09:28 [INFO] 图像质量: 清晰 拉普拉斯变异度正常 (281.16) | Sobel梯度均值正常 (30.61) | 边缘检测点正常 (2.50%) | 高频能量正常 (180.34)
2025-05-12 22:09:28 [INFO] 图像清晰度良好，可以进行检测
