2025-05-12 21:35:58 [INFO] 正在获取图像，尝试 1/30 (已耗时: 0.0秒)
2025-05-12 21:36:01 [INFO] 图像质量: 模糊 拉普拉斯变异度低 (0.02 < 100) | Sobel梯度均值低 (0.03 < 20) | 边缘检测点少 (0.00% < 1.0%) | 高频能量正常 (86.37)
2025-05-12 21:36:01 [WARNING] 图像模糊，尝试重新获取 (第1次尝试)
2025-05-12 21:36:02 [INFO] 正在获取图像，尝试 2/30 (已耗时: 3.9秒)
2025-05-12 21:36:05 [INFO] 图像质量: 模糊 拉普拉斯变异度低 (0.02 < 100) | Sobel梯度均值低 (0.04 < 20) | 边缘检测点少 (0.00% < 1.0%) | 高频能量正常 (88.03)
2025-05-12 21:36:05 [WARNING] 图像模糊，尝试重新获取 (第2次尝试)
2025-05-12 21:36:05 [INFO] 正在获取图像，尝试 3/30 (已耗时: 7.9秒)
2025-05-12 21:36:09 [INFO] 图像质量: 模糊 拉普拉斯变异度低 (0.02 < 100) | Sobel梯度均值低 (0.03 < 20) | 边缘检测点少 (0.00% < 1.0%) | 高频能量正常 (87.40)
2025-05-12 21:36:09 [WARNING] 图像模糊，尝试重新获取 (第3次尝试)
2025-05-12 21:36:09 [INFO] 正在获取图像，尝试 4/30 (已耗时: 11.9秒)
2025-05-12 21:36:13 [INFO] 图像质量: 模糊 拉普拉斯变异度低 (0.03 < 100) | Sobel梯度均值低 (0.03 < 20) | 边缘检测点少 (0.00% < 1.0%) | 高频能量正常 (87.90)
2025-05-12 21:36:13 [WARNING] 图像模糊，尝试重新获取 (第4次尝试)
2025-05-12 21:36:13 [INFO] 正在获取图像，尝试 5/30 (已耗时: 15.8秒)
2025-05-12 21:36:17 [INFO] 图像质量: 模糊 拉普拉斯变异度低 (0.31 < 100) | Sobel梯度均值低 (0.27 < 20) | 边缘检测点少 (0.00% < 1.0%) | 高频能量正常 (114.83)
2025-05-12 21:36:17 [WARNING] 图像模糊，尝试重新获取 (第5次尝试)
2025-05-12 21:36:17 [INFO] 正在获取图像，尝试 6/30 (已耗时: 19.7秒)
2025-05-12 21:36:21 [INFO] 图像质量: 模糊 拉普拉斯变异度低 (0.07 < 100) | Sobel梯度均值低 (0.08 < 20) | 边缘检测点少 (0.00% < 1.0%) | 高频能量正常 (100.23)
2025-05-12 21:36:21 [WARNING] 图像模糊，尝试重新获取 (第6次尝试)
2025-05-12 21:36:21 [INFO] 正在获取图像，尝试 7/30 (已耗时: 23.6秒)
2025-05-12 21:36:25 [INFO] 图像质量: 模糊 拉普拉斯变异度低 (0.04 < 100) | Sobel梯度均值低 (0.05 < 20) | 边缘检测点少 (0.00% < 1.0%) | 高频能量正常 (93.17)
2025-05-12 21:36:25 [WARNING] 图像模糊，尝试重新获取 (第7次尝试)
2025-05-12 21:36:25 [INFO] 正在获取图像，尝试 8/30 (已耗时: 27.5秒)
2025-05-12 21:36:28 [INFO] 图像质量: 模糊 拉普拉斯变异度低 (0.06 < 100) | Sobel梯度均值低 (0.06 < 20) | 边缘检测点少 (0.00% < 1.0%) | 高频能量正常 (94.21)
2025-05-12 21:36:28 [WARNING] 图像模糊，尝试重新获取 (第8次尝试)
2025-05-12 21:36:29 [ERROR] 获取清晰图像超时 (30秒)
2025-05-12 21:36:29 [WARNING] 返回超时前的最后一帧图像
2025-05-12 21:36:32 [INFO] 正在获取图像，尝试 1/30 (已耗时: 0.0秒)
2025-05-12 21:36:35 [INFO] 图像质量: 模糊 拉普拉斯变异度低 (0.02 < 100) | Sobel梯度均值低 (0.04 < 20) | 边缘检测点少 (0.00% < 1.0%) | 高频能量正常 (89.66)
2025-05-12 21:36:35 [WARNING] 图像模糊，尝试重新获取 (第1次尝试)
2025-05-12 21:36:36 [INFO] 正在获取图像，尝试 2/30 (已耗时: 4.0秒)
2025-05-12 21:36:39 [INFO] 图像质量: 模糊 拉普拉斯变异度低 (0.41 < 100) | Sobel梯度均值低 (0.06 < 20) | 边缘检测点少 (0.00% < 1.0%) | 高频能量正常 (119.12)
2025-05-12 21:36:39 [WARNING] 图像模糊，尝试重新获取 (第2次尝试)
2025-05-12 21:36:40 [INFO] 正在获取图像，尝试 3/30 (已耗时: 7.8秒)
2025-05-12 21:36:43 [INFO] 图像质量: 模糊 拉普拉斯变异度低 (2.41 < 100) | Sobel梯度均值低 (0.13 < 20) | 边缘检测点少 (0.01% < 1.0%) | 高频能量正常 (134.02)
2025-05-12 21:36:43 [WARNING] 图像模糊，尝试重新获取 (第3次尝试)
2025-05-12 21:36:44 [INFO] 正在获取图像，尝试 4/30 (已耗时: 11.8秒)
2025-05-12 21:36:47 [INFO] 图像质量: 模糊 拉普拉斯变异度低 (0.03 < 100) | Sobel梯度均值低 (0.05 < 20) | 边缘检测点少 (0.00% < 1.0%) | 高频能量正常 (90.65)
2025-05-12 21:36:47 [WARNING] 图像模糊，尝试重新获取 (第4次尝试)
2025-05-12 21:36:48 [INFO] 正在获取图像，尝试 5/30 (已耗时: 15.8秒)
2025-05-12 21:36:51 [INFO] 图像质量: 模糊 拉普拉斯变异度低 (0.01 < 100) | Sobel梯度均值低 (0.02 < 20) | 边缘检测点少 (0.00% < 1.0%) | 高频能量正常 (82.47)
2025-05-12 21:36:51 [WARNING] 图像模糊，尝试重新获取 (第5次尝试)
2025-05-12 21:36:52 [INFO] 正在获取图像，尝试 6/30 (已耗时: 19.6秒)
2025-05-12 21:36:55 [INFO] 图像质量: 模糊 拉普拉斯变异度低 (0.03 < 100) | Sobel梯度均值低 (0.05 < 20) | 边缘检测点少 (0.00% < 1.0%) | 高频能量正常 (91.81)
2025-05-12 21:36:55 [WARNING] 图像模糊，尝试重新获取 (第6次尝试)
2025-05-12 21:36:56 [INFO] 正在获取图像，尝试 7/30 (已耗时: 23.6秒)
2025-05-12 21:36:59 [INFO] 图像质量: 模糊 拉普拉斯变异度低 (0.03 < 100) | Sobel梯度均值低 (0.05 < 20) | 边缘检测点少 (0.00% < 1.0%) | 高频能量正常 (91.47)
2025-05-12 21:36:59 [WARNING] 图像模糊，尝试重新获取 (第7次尝试)
2025-05-12 21:37:00 [INFO] 正在获取图像，尝试 8/30 (已耗时: 27.6秒)
2025-05-12 21:37:03 [INFO] 图像质量: 模糊 拉普拉斯变异度低 (0.04 < 100) | Sobel梯度均值低 (0.04 < 20) | 边缘检测点少 (0.00% < 1.0%) | 高频能量正常 (91.84)
2025-05-12 21:37:03 [WARNING] 图像模糊，尝试重新获取 (第8次尝试)
2025-05-12 21:37:04 [ERROR] 获取清晰图像超时 (30秒)
2025-05-12 21:37:04 [WARNING] 返回超时前的最后一帧图像
2025-05-12 21:37:07 [INFO] 正在获取图像，尝试 1/30 (已耗时: 0.0秒)
2025-05-12 21:37:10 [INFO] 图像质量: 模糊 拉普拉斯变异度低 (0.07 < 100) | Sobel梯度均值低 (0.08 < 20) | 边缘检测点少 (0.00% < 1.0%) | 高频能量正常 (99.50)
2025-05-12 21:37:10 [WARNING] 图像模糊，尝试重新获取 (第1次尝试)
2025-05-12 21:37:11 [INFO] 正在获取图像，尝试 2/30 (已耗时: 3.8秒)
2025-05-12 21:37:14 [INFO] 图像质量: 模糊 拉普拉斯变异度低 (0.49 < 100) | Sobel梯度均值低 (0.22 < 20) | 边缘检测点少 (0.00% < 1.0%) | 高频能量正常 (120.92)
2025-05-12 21:37:14 [WARNING] 图像模糊，尝试重新获取 (第2次尝试)
2025-05-12 21:37:14 [INFO] 正在获取图像，尝试 3/30 (已耗时: 7.6秒)
2025-05-12 21:37:18 [INFO] 图像质量: 模糊 拉普拉斯变异度低 (0.02 < 100) | Sobel梯度均值低 (0.03 < 20) | 边缘检测点少 (0.00% < 1.0%) | 高频能量正常 (88.54)
2025-05-12 21:37:18 [WARNING] 图像模糊，尝试重新获取 (第3次尝试)
2025-05-12 21:37:18 [INFO] 正在获取图像，尝试 4/30 (已耗时: 11.5秒)
2025-05-12 21:37:22 [INFO] 图像质量: 模糊 拉普拉斯变异度低 (0.02 < 100) | Sobel梯度均值低 (0.04 < 20) | 边缘检测点少 (0.00% < 1.0%) | 高频能量正常 (87.79)
2025-05-12 21:37:22 [WARNING] 图像模糊，尝试重新获取 (第4次尝试)
2025-05-12 21:37:22 [INFO] 正在获取图像，尝试 5/30 (已耗时: 15.5秒)
2025-05-12 21:37:26 [INFO] 图像质量: 模糊 拉普拉斯变异度低 (0.02 < 100) | Sobel梯度均值低 (0.03 < 20) | 边缘检测点少 (0.00% < 1.0%) | 高频能量正常 (87.86)
2025-05-12 21:37:26 [WARNING] 图像模糊，尝试重新获取 (第5次尝试)
2025-05-12 21:37:26 [INFO] 正在获取图像，尝试 6/30 (已耗时: 19.5秒)
2025-05-12 21:37:30 [INFO] 图像质量: 模糊 拉普拉斯变异度低 (0.05 < 100) | Sobel梯度均值低 (0.05 < 20) | 边缘检测点少 (0.00% < 1.0%) | 高频能量正常 (95.45)
2025-05-12 21:37:30 [WARNING] 图像模糊，尝试重新获取 (第6次尝试)
2025-05-12 21:37:30 [INFO] 正在获取图像，尝试 7/30 (已耗时: 23.6秒)
2025-05-12 21:37:34 [INFO] 图像质量: 清晰 拉普拉斯变异度正常 (316.95) | Sobel梯度均值正常 (32.28) | 边缘检测点正常 (2.99%) | 高频能量正常 (182.23)
2025-05-12 21:37:34 [INFO] 图像清晰度良好，可以进行检测
