2025-05-07 17:21:34 [INFO] 正在获取图像，尝试 1/10 (已耗时: 0.0秒)
2025-05-07 17:21:37 [INFO] 图像质量: 模糊 拉普拉斯变异度正常 (120.69) | Sobel梯度均值低 (13.75 < 20) | 边缘检测点少 (0.88% < 1.0%) | 高频能量正常 (166.91)
2025-05-07 17:21:37 [WARNING] 图像模糊，尝试重新获取 (第1次尝试)
2025-05-07 17:21:38 [INFO] 正在获取图像，尝试 2/10 (已耗时: 4.1秒)
2025-05-07 17:21:41 [INFO] 图像质量: 模糊 拉普拉斯变异度正常 (119.53) | Sobel梯度均值低 (13.79 < 20) | 边缘检测点少 (0.88% < 1.0%) | 高频能量正常 (166.56)
2025-05-07 17:21:41 [WARNING] 图像模糊，尝试重新获取 (第2次尝试)
2025-05-07 17:21:42 [ERROR] 获取清晰图像超时 (5秒)
2025-05-07 17:21:42 [WARNING] 返回超时前的最后一帧图像
2025-05-07 17:21:53 [INFO] 正在获取图像，尝试 1/10 (已耗时: 0.0秒)
2025-05-07 17:21:57 [INFO] 图像质量: 模糊 拉普拉斯变异度低 (0.10 < 100) | Sobel梯度均值低 (0.03 < 20) | 边缘检测点少 (0.00% < 1.0%) | 高频能量正常 (103.68)
2025-05-07 17:21:57 [WARNING] 图像模糊，尝试重新获取 (第1次尝试)
2025-05-07 17:21:57 [INFO] 正在获取图像，尝试 2/10 (已耗时: 4.0秒)
2025-05-07 17:22:01 [INFO] 图像质量: 模糊 拉普拉斯变异度低 (18.24 < 100) | Sobel梯度均值低 (3.90 < 20) | 边缘检测点少 (0.34% < 1.0%) | 高频能量正常 (149.08)
2025-05-07 17:22:01 [WARNING] 图像模糊，尝试重新获取 (第2次尝试)
2025-05-07 17:22:01 [ERROR] 获取清晰图像超时 (5秒)
2025-05-07 17:22:01 [WARNING] 返回超时前的最后一帧图像
2025-05-07 17:22:03 [INFO] 正在获取图像，尝试 1/10 (已耗时: 0.0秒)
2025-05-07 17:22:06 [INFO] 图像质量: 模糊 拉普拉斯变异度低 (93.38 < 100) | Sobel梯度均值低 (13.75 < 20) | 边缘检测点少 (0.83% < 1.0%) | 高频能量正常 (166.06)
2025-05-07 17:22:06 [WARNING] 图像模糊，尝试重新获取 (第1次尝试)
2025-05-07 17:22:07 [INFO] 正在获取图像，尝试 2/10 (已耗时: 4.0秒)
2025-05-07 17:22:10 [INFO] 图像质量: 模糊 拉普拉斯变异度低 (11.91 < 100) | Sobel梯度均值低 (2.25 < 20) | 边缘检测点少 (0.17% < 1.0%) | 高频能量正常 (143.20)
2025-05-07 17:22:10 [WARNING] 图像模糊，尝试重新获取 (第2次尝试)
2025-05-07 17:22:11 [ERROR] 获取清晰图像超时 (5秒)
2025-05-07 17:22:11 [WARNING] 返回超时前的最后一帧图像
2025-05-07 17:22:12 [INFO] 正在获取图像，尝试 1/10 (已耗时: 0.0秒)
2025-05-07 17:22:16 [INFO] 图像质量: 模糊 拉普拉斯变异度低 (65.88 < 100) | Sobel梯度均值低 (10.14 < 20) | 边缘检测点少 (0.54% < 1.0%) | 高频能量正常 (162.98)
2025-05-07 17:22:16 [WARNING] 图像模糊，尝试重新获取 (第1次尝试)
2025-05-07 17:22:16 [INFO] 正在获取图像，尝试 2/10 (已耗时: 4.1秒)
2025-05-07 17:22:20 [INFO] 图像质量: 模糊 拉普拉斯变异度低 (82.16 < 100) | Sobel梯度均值低 (11.06 < 20) | 边缘检测点少 (0.82% < 1.0%) | 高频能量正常 (165.25)
2025-05-07 17:22:20 [WARNING] 图像模糊，尝试重新获取 (第2次尝试)
2025-05-07 17:22:20 [ERROR] 获取清晰图像超时 (5秒)
2025-05-07 17:22:20 [WARNING] 返回超时前的最后一帧图像
2025-05-07 17:22:24 [INFO] 正在获取图像，尝试 1/10 (已耗时: 0.0秒)
2025-05-07 17:22:28 [INFO] 图像质量: 模糊 拉普拉斯变异度低 (85.31 < 100) | Sobel梯度均值低 (11.76 < 20) | 边缘检测点少 (0.72% < 1.0%) | 高频能量正常 (164.13)
2025-05-07 17:22:28 [WARNING] 图像模糊，尝试重新获取 (第1次尝试)
2025-05-07 17:22:28 [INFO] 正在获取图像，尝试 2/10 (已耗时: 4.0秒)
2025-05-07 17:22:32 [INFO] 图像质量: 模糊 拉普拉斯变异度低 (1.14 < 100) | Sobel梯度均值低 (0.40 < 20) | 边缘检测点少 (0.02% < 1.0%) | 高频能量正常 (120.52)
2025-05-07 17:22:32 [WARNING] 图像模糊，尝试重新获取 (第2次尝试)
2025-05-07 17:22:32 [ERROR] 获取清晰图像超时 (5秒)
2025-05-07 17:22:32 [WARNING] 返回超时前的最后一帧图像
2025-05-07 17:22:34 [INFO] 正在获取图像，尝试 1/10 (已耗时: 0.0秒)
2025-05-07 17:22:37 [INFO] 图像质量: 模糊 拉普拉斯变异度低 (2.38 < 100) | Sobel梯度均值低 (0.73 < 20) | 边缘检测点少 (0.04% < 1.0%) | 高频能量正常 (127.71)
2025-05-07 17:22:37 [WARNING] 图像模糊，尝试重新获取 (第1次尝试)
2025-05-07 17:22:37 [INFO] 正在获取图像，尝试 2/10 (已耗时: 3.9秒)
2025-05-07 17:22:41 [INFO] 图像质量: 模糊 拉普拉斯变异度低 (85.52 < 100) | Sobel梯度均值低 (14.16 < 20) | 边缘检测点少 (0.69% < 1.0%) | 高频能量正常 (164.77)
2025-05-07 17:22:41 [WARNING] 图像模糊，尝试重新获取 (第2次尝试)
2025-05-07 17:22:41 [ERROR] 获取清晰图像超时 (5秒)
2025-05-07 17:22:41 [WARNING] 返回超时前的最后一帧图像
2025-05-07 17:22:47 [INFO] 正在获取图像，尝试 1/10 (已耗时: 0.0秒)
2025-05-07 17:22:51 [INFO] 图像质量: 模糊 拉普拉斯变异度低 (70.03 < 100) | Sobel梯度均值低 (10.41 < 20) | 边缘检测点少 (0.60% < 1.0%) | 高频能量正常 (163.77)
2025-05-07 17:22:51 [WARNING] 图像模糊，尝试重新获取 (第1次尝试)
2025-05-07 17:22:51 [INFO] 正在获取图像，尝试 2/10 (已耗时: 4.0秒)
2025-05-07 17:22:55 [INFO] 图像质量: 模糊 拉普拉斯变异度低 (0.42 < 100) | Sobel梯度均值低 (0.19 < 20) | 边缘检测点少 (0.00% < 1.0%) | 高频能量正常 (112.56)
2025-05-07 17:22:55 [WARNING] 图像模糊，尝试重新获取 (第2次尝试)
2025-05-07 17:22:55 [ERROR] 获取清晰图像超时 (5秒)
2025-05-07 17:22:55 [WARNING] 返回超时前的最后一帧图像
2025-05-07 17:22:56 [INFO] 正在获取图像，尝试 1/10 (已耗时: 0.0秒)
2025-05-07 17:23:00 [INFO] 图像质量: 模糊 拉普拉斯变异度低 (73.70 < 100) | Sobel梯度均值低 (10.55 < 20) | 边缘检测点少 (0.64% < 1.0%) | 高频能量正常 (164.95)
2025-05-07 17:23:00 [WARNING] 图像模糊，尝试重新获取 (第1次尝试)
2025-05-07 17:23:00 [INFO] 正在获取图像，尝试 2/10 (已耗时: 4.1秒)
2025-05-07 17:23:04 [INFO] 图像质量: 模糊 拉普拉斯变异度低 (95.67 < 100) | Sobel梯度均值低 (12.22 < 20) | 边缘检测点少 (0.75% < 1.0%) | 高频能量正常 (165.32)
2025-05-07 17:23:04 [WARNING] 图像模糊，尝试重新获取 (第2次尝试)
2025-05-07 17:23:04 [ERROR] 获取清晰图像超时 (5秒)
2025-05-07 17:23:04 [WARNING] 返回超时前的最后一帧图像
2025-05-07 17:23:10 [INFO] 正在获取图像，尝试 1/10 (已耗时: 0.0秒)
2025-05-07 17:23:13 [INFO] 图像质量: 模糊 拉普拉斯变异度低 (65.74 < 100) | Sobel梯度均值低 (11.57 < 20) | 边缘检测点少 (0.54% < 1.0%) | 高频能量正常 (163.43)
2025-05-07 17:23:13 [WARNING] 图像模糊，尝试重新获取 (第1次尝试)
2025-05-07 17:23:14 [INFO] 正在获取图像，尝试 2/10 (已耗时: 4.1秒)
2025-05-07 17:23:17 [INFO] 图像质量: 模糊 拉普拉斯变异度低 (70.00 < 100) | Sobel梯度均值低 (12.14 < 20) | 边缘检测点少 (0.58% < 1.0%) | 高频能量正常 (164.07)
2025-05-07 17:23:17 [WARNING] 图像模糊，尝试重新获取 (第2次尝试)
2025-05-07 17:23:18 [ERROR] 获取清晰图像超时 (5秒)
2025-05-07 17:23:18 [WARNING] 返回超时前的最后一帧图像
