2025-05-08 20:22:25 [INFO] 正在获取图像，尝试 1/30 (已耗时: 0.0秒)
2025-05-08 20:22:28 [INFO] 图像质量: 模糊 拉普拉斯变异度低 (0.08 < 100) | Sobel梯度均值低 (0.13 < 20) | 边缘检测点少 (0.00% < 1.0%) | 高频能量正常 (99.40)
2025-05-08 20:22:28 [WARNING] 图像模糊，尝试重新获取 (第1次尝试)
2025-05-08 20:22:29 [INFO] 正在获取图像，尝试 2/30 (已耗时: 4.1秒)
2025-05-08 20:22:32 [INFO] 图像质量: 模糊 拉普拉斯变异度低 (0.13 < 100) | Sobel梯度均值低 (0.14 < 20) | 边缘检测点少 (0.00% < 1.0%) | 高频能量正常 (104.96)
2025-05-08 20:22:32 [WARNING] 图像模糊，尝试重新获取 (第2次尝试)
2025-05-08 20:22:33 [INFO] 正在获取图像，尝试 3/30 (已耗时: 8.2秒)
2025-05-08 20:22:36 [INFO] 图像质量: 模糊 拉普拉斯变异度低 (1.35 < 100) | Sobel梯度均值低 (0.20 < 20) | 边缘检测点少 (0.00% < 1.0%) | 高频能量正常 (127.87)
2025-05-08 20:22:36 [WARNING] 图像模糊，尝试重新获取 (第3次尝试)
2025-05-08 20:22:37 [INFO] 正在获取图像，尝试 4/30 (已耗时: 12.3秒)
2025-05-08 20:22:41 [INFO] 图像质量: 模糊 拉普拉斯变异度低 (0.09 < 100) | Sobel梯度均值低 (0.17 < 20) | 边缘检测点少 (0.00% < 1.0%) | 高频能量正常 (101.48)
2025-05-08 20:22:41 [WARNING] 图像模糊，尝试重新获取 (第4次尝试)
2025-05-08 20:22:41 [INFO] 正在获取图像，尝试 5/30 (已耗时: 16.5秒)
2025-05-08 20:22:45 [INFO] 图像质量: 模糊 拉普拉斯变异度低 (0.35 < 100) | Sobel梯度均值低 (0.35 < 20) | 边缘检测点少 (0.00% < 1.0%) | 高频能量正常 (116.95)
2025-05-08 20:22:45 [WARNING] 图像模糊，尝试重新获取 (第5次尝试)
2025-05-08 20:22:45 [INFO] 正在获取图像，尝试 6/30 (已耗时: 20.7秒)
2025-05-08 20:22:49 [INFO] 图像质量: 模糊 拉普拉斯变异度低 (0.07 < 100) | Sobel梯度均值低 (0.16 < 20) | 边缘检测点少 (0.00% < 1.0%) | 高频能量正常 (98.71)
2025-05-08 20:22:49 [WARNING] 图像模糊，尝试重新获取 (第6次尝试)
2025-05-08 20:22:50 [INFO] 正在获取图像，尝试 7/30 (已耗时: 24.9秒)
2025-05-08 20:22:53 [INFO] 图像质量: 模糊 拉普拉斯变异度低 (0.06 < 100) | Sobel梯度均值低 (0.14 < 20) | 边缘检测点少 (0.00% < 1.0%) | 高频能量正常 (97.53)
2025-05-08 20:22:53 [WARNING] 图像模糊，尝试重新获取 (第7次尝试)
2025-05-08 20:22:54 [INFO] 正在获取图像，尝试 8/30 (已耗时: 29.2秒)
2025-05-08 20:22:57 [INFO] 图像质量: 模糊 拉普拉斯变异度低 (1.42 < 100) | Sobel梯度均值低 (0.19 < 20) | 边缘检测点少 (0.00% < 1.0%) | 高频能量正常 (130.74)
2025-05-08 20:22:57 [WARNING] 图像模糊，尝试重新获取 (第8次尝试)
2025-05-08 20:22:58 [ERROR] 获取清晰图像超时 (30秒)
2025-05-08 20:22:58 [WARNING] 返回超时前的最后一帧图像
2025-05-08 20:23:01 [INFO] 正在获取图像，尝试 1/30 (已耗时: 0.0秒)
2025-05-08 20:23:05 [INFO] 图像质量: 模糊 拉普拉斯变异度低 (0.33 < 100) | Sobel梯度均值低 (0.34 < 20) | 边缘检测点少 (0.00% < 1.0%) | 高频能量正常 (115.56)
2025-05-08 20:23:05 [WARNING] 图像模糊，尝试重新获取 (第1次尝试)
2025-05-08 20:23:05 [INFO] 正在获取图像，尝试 2/30 (已耗时: 4.3秒)
2025-05-08 20:23:09 [INFO] 图像质量: 模糊 拉普拉斯变异度低 (0.06 < 100) | Sobel梯度均值低 (0.16 < 20) | 边缘检测点少 (0.00% < 1.0%) | 高频能量正常 (97.74)
2025-05-08 20:23:09 [WARNING] 图像模糊，尝试重新获取 (第2次尝试)
2025-05-08 20:23:10 [INFO] 正在获取图像，尝试 3/30 (已耗时: 8.5秒)
2025-05-08 20:23:13 [INFO] 图像质量: 模糊 拉普拉斯变异度低 (0.04 < 100) | Sobel梯度均值低 (0.10 < 20) | 边缘检测点少 (0.00% < 1.0%) | 高频能量正常 (92.54)
2025-05-08 20:23:13 [WARNING] 图像模糊，尝试重新获取 (第3次尝试)
2025-05-08 20:23:14 [INFO] 正在获取图像，尝试 4/30 (已耗时: 12.8秒)
2025-05-08 20:23:17 [INFO] 图像质量: 模糊 拉普拉斯变异度低 (0.05 < 100) | Sobel梯度均值低 (0.11 < 20) | 边缘检测点少 (0.00% < 1.0%) | 高频能量正常 (96.53)
2025-05-08 20:23:17 [WARNING] 图像模糊，尝试重新获取 (第4次尝试)
2025-05-08 20:23:18 [INFO] 正在获取图像，尝试 5/30 (已耗时: 16.9秒)
2025-05-08 20:23:22 [INFO] 图像质量: 模糊 拉普拉斯变异度低 (0.07 < 100) | Sobel梯度均值低 (0.15 < 20) | 边缘检测点少 (0.00% < 1.0%) | 高频能量正常 (98.70)
2025-05-08 20:23:22 [WARNING] 图像模糊，尝试重新获取 (第5次尝试)
2025-05-08 20:23:22 [INFO] 正在获取图像，尝试 6/30 (已耗时: 21.1秒)
2025-05-08 20:23:26 [INFO] 图像质量: 清晰 拉普拉斯变异度正常 (278.28) | Sobel梯度均值正常 (26.54) | 边缘检测点正常 (1.93%) | 高频能量正常 (178.53)
2025-05-08 20:23:26 [INFO] 图像清晰度良好，可以进行检测
