2025-05-09 20:56:22 [INFO] 正在获取图像，尝试 1/10 (已耗时: 0.0秒)
2025-05-09 20:56:26 [INFO] 图像质量: 模糊 拉普拉斯变异度低 (0.04 < 100) | Sobel梯度均值低 (0.06 < 20) | 边缘检测点少 (0.00% < 1.0%) | 高频能量正常 (92.71)
2025-05-09 20:56:26 [WARNING] 图像模糊，尝试重新获取 (第1次尝试)
2025-05-09 20:56:28 [INFO] 正在获取图像，尝试 2/10 (已耗时: 5.7秒)
2025-05-09 20:56:32 [INFO] 图像质量: 模糊 拉普拉斯变异度低 (0.08 < 100) | Sobel梯度均值低 (0.09 < 20) | 边缘检测点少 (0.00% < 1.0%) | 高频能量正常 (101.30)
2025-05-09 20:56:32 [WARNING] 图像模糊，尝试重新获取 (第2次尝试)
2025-05-09 20:56:34 [INFO] 正在获取图像，尝试 3/10 (已耗时: 11.5秒)
2025-05-09 20:56:37 [INFO] 图像质量: 模糊 拉普拉斯变异度低 (2.29 < 100) | Sobel梯度均值低 (0.22 < 20) | 边缘检测点少 (0.01% < 1.0%) | 高频能量正常 (134.38)
2025-05-09 20:56:37 [WARNING] 图像模糊，尝试重新获取 (第3次尝试)
2025-05-09 20:56:39 [INFO] 正在获取图像，尝试 4/10 (已耗时: 17.0秒)
2025-05-09 20:56:43 [INFO] 图像质量: 模糊 拉普拉斯变异度低 (0.03 < 100) | Sobel梯度均值低 (0.07 < 20) | 边缘检测点少 (0.00% < 1.0%) | 高频能量正常 (89.58)
2025-05-09 20:56:43 [WARNING] 图像模糊，尝试重新获取 (第4次尝试)
2025-05-09 20:56:45 [INFO] 正在获取图像，尝试 5/10 (已耗时: 22.6秒)
2025-05-09 20:56:49 [INFO] 图像质量: 模糊 拉普拉斯变异度低 (0.02 < 100) | Sobel梯度均值低 (0.04 < 20) | 边缘检测点少 (0.00% < 1.0%) | 高频能量正常 (85.80)
2025-05-09 20:56:49 [WARNING] 图像模糊，尝试重新获取 (第5次尝试)
2025-05-09 20:56:51 [INFO] 正在获取图像，尝试 6/10 (已耗时: 28.2秒)
2025-05-09 20:56:54 [INFO] 图像质量: 模糊 拉普拉斯变异度低 (0.29 < 100) | Sobel梯度均值低 (0.26 < 20) | 边缘检测点少 (0.00% < 1.0%) | 高频能量正常 (114.05)
2025-05-09 20:56:54 [WARNING] 图像模糊，尝试重新获取 (第6次尝试)
2025-05-09 20:56:56 [INFO] 正在获取图像，尝试 7/10 (已耗时: 33.8秒)
2025-05-09 20:57:00 [INFO] 图像质量: 模糊 拉普拉斯变异度低 (0.05 < 100) | Sobel梯度均值低 (0.07 < 20) | 边缘检测点少 (0.00% < 1.0%) | 高频能量正常 (96.21)
2025-05-09 20:57:00 [WARNING] 图像模糊，尝试重新获取 (第7次尝试)
2025-05-09 20:57:02 [INFO] 正在获取图像，尝试 8/10 (已耗时: 39.5秒)
2025-05-09 20:57:06 [INFO] 图像质量: 模糊 拉普拉斯变异度低 (0.06 < 100) | Sobel梯度均值低 (0.10 < 20) | 边缘检测点少 (0.00% < 1.0%) | 高频能量正常 (98.14)
2025-05-09 20:57:06 [WARNING] 图像模糊，尝试重新获取 (第8次尝试)
2025-05-09 20:57:08 [ERROR] 获取清晰图像超时 (40.0秒)
2025-05-09 20:57:08 [WARNING] 返回超时前的最后一帧图像
2025-05-09 20:57:08 [INFO] 正在获取图像，尝试 1/10 (已耗时: 0.0秒)
2025-05-09 20:57:11 [INFO] 图像质量: 模糊 拉普拉斯变异度低 (0.21 < 100) | Sobel梯度均值低 (0.15 < 20) | 边缘检测点少 (0.00% < 1.0%) | 高频能量正常 (112.68)
2025-05-09 20:57:11 [WARNING] 图像模糊，尝试重新获取 (第1次尝试)
2025-05-09 20:57:13 [INFO] 正在获取图像，尝试 2/10 (已耗时: 5.7秒)
2025-05-09 20:57:17 [INFO] 图像质量: 模糊 拉普拉斯变异度低 (0.03 < 100) | Sobel梯度均值低 (0.05 < 20) | 边缘检测点少 (0.00% < 1.0%) | 高频能量正常 (90.67)
2025-05-09 20:57:17 [WARNING] 图像模糊，尝试重新获取 (第2次尝试)
2025-05-09 20:57:19 [INFO] 正在获取图像，尝试 3/10 (已耗时: 11.4秒)
2025-05-09 20:57:23 [INFO] 图像质量: 模糊 拉普拉斯变异度低 (0.05 < 100) | Sobel梯度均值低 (0.06 < 20) | 边缘检测点少 (0.00% < 1.0%) | 高频能量正常 (93.19)
2025-05-09 20:57:23 [WARNING] 图像模糊，尝试重新获取 (第3次尝试)
2025-05-09 20:57:25 [INFO] 正在获取图像，尝试 4/10 (已耗时: 17.2秒)
2025-05-09 20:57:29 [INFO] 图像质量: 模糊 拉普拉斯变异度低 (0.05 < 100) | Sobel梯度均值低 (0.06 < 20) | 边缘检测点少 (0.00% < 1.0%) | 高频能量正常 (95.64)
2025-05-09 20:57:29 [WARNING] 图像模糊，尝试重新获取 (第4次尝试)
2025-05-09 20:57:31 [INFO] 正在获取图像，尝试 5/10 (已耗时: 23.0秒)
2025-05-09 20:57:35 [INFO] 图像质量: 模糊 拉普拉斯变异度低 (0.02 < 100) | Sobel梯度均值低 (0.06 < 20) | 边缘检测点少 (0.00% < 1.0%) | 高频能量正常 (86.83)
2025-05-09 20:57:35 [WARNING] 图像模糊，尝试重新获取 (第5次尝试)
2025-05-09 20:57:37 [INFO] 正在获取图像，尝试 6/10 (已耗时: 28.9秒)
2025-05-09 20:57:40 [INFO] 图像质量: 模糊 拉普拉斯变异度低 (0.24 < 100) | Sobel梯度均值低 (0.22 < 20) | 边缘检测点少 (0.00% < 1.0%) | 高频能量正常 (112.05)
2025-05-09 20:57:40 [WARNING] 图像模糊，尝试重新获取 (第6次尝试)
2025-05-09 20:57:42 [INFO] 正在获取图像，尝试 7/10 (已耗时: 34.5秒)
2025-05-09 20:57:46 [INFO] 图像质量: 模糊 拉普拉斯变异度低 (0.06 < 100) | Sobel梯度均值低 (0.09 < 20) | 边缘检测点少 (0.00% < 1.0%) | 高频能量正常 (96.81)
2025-05-09 20:57:46 [WARNING] 图像模糊，尝试重新获取 (第7次尝试)
2025-05-09 20:57:48 [ERROR] 获取清晰图像超时 (40.0秒)
2025-05-09 20:57:48 [WARNING] 返回超时前的最后一帧图像
2025-05-09 20:58:09 [INFO] 正在获取图像，尝试 1/30 (已耗时: 0.0秒)
2025-05-09 20:58:13 [INFO] 图像质量: 模糊 拉普拉斯变异度低 (0.10 < 100) | Sobel梯度均值低 (0.06 < 20) | 边缘检测点少 (0.00% < 1.0%) | 高频能量正常 (101.31)
2025-05-09 20:58:13 [WARNING] 图像模糊，尝试重新获取 (第1次尝试)
2025-05-09 20:58:14 [INFO] 正在获取图像，尝试 2/30 (已耗时: 4.2秒)
2025-05-09 20:58:17 [INFO] 图像质量: 清晰 拉普拉斯变异度正常 (281.00) | Sobel梯度均值正常 (26.78) | 边缘检测点正常 (1.98%) | 高频能量正常 (178.22)
2025-05-09 20:58:17 [INFO] 图像清晰度良好，可以进行检测
