2025-05-11 18:48:46 [INFO] 正在获取图像，尝试 1/10 (已耗时: 0.0秒)
2025-05-11 18:48:49 [INFO] 图像质量: 模糊 拉普拉斯变异度低 (1.36 < 100) | Sobel梯度均值低 (0.20 < 20) | 边缘检测点少 (0.01% < 1.0%) | 高频能量正常 (128.77)
2025-05-11 18:48:49 [WARNING] 图像模糊，尝试重新获取 (第1次尝试)
2025-05-11 18:48:51 [INFO] 正在获取图像，尝试 2/10 (已耗时: 5.4秒)
2025-05-11 18:48:54 [INFO] 图像质量: 模糊 拉普拉斯变异度低 (0.30 < 100) | Sobel梯度均值低 (0.33 < 20) | 边缘检测点少 (0.00% < 1.0%) | 高频能量正常 (114.26)
2025-05-11 18:48:54 [WARNING] 图像模糊，尝试重新获取 (第2次尝试)
2025-05-11 18:48:56 [INFO] 正在获取图像，尝试 3/10 (已耗时: 10.8秒)
2025-05-11 18:49:00 [INFO] 图像质量: 模糊 拉普拉斯变异度低 (0.07 < 100) | Sobel梯度均值低 (0.15 < 20) | 边缘检测点少 (0.00% < 1.0%) | 高频能量正常 (99.42)
2025-05-11 18:49:00 [WARNING] 图像模糊，尝试重新获取 (第3次尝试)
2025-05-11 18:49:02 [INFO] 正在获取图像，尝试 4/10 (已耗时: 16.1秒)
2025-05-11 18:49:05 [INFO] 图像质量: 模糊 拉普拉斯变异度低 (0.04 < 100) | Sobel梯度均值低 (0.09 < 20) | 边缘检测点少 (0.00% < 1.0%) | 高频能量正常 (93.79)
2025-05-11 18:49:05 [WARNING] 图像模糊，尝试重新获取 (第4次尝试)
2025-05-11 18:49:07 [INFO] 正在获取图像，尝试 5/10 (已耗时: 21.4秒)
2025-05-11 18:49:10 [INFO] 图像质量: 模糊 拉普拉斯变异度低 (0.03 < 100) | Sobel梯度均值低 (0.09 < 20) | 边缘检测点少 (0.00% < 1.0%) | 高频能量正常 (90.76)
2025-05-11 18:49:10 [WARNING] 图像模糊，尝试重新获取 (第5次尝试)
2025-05-11 18:49:12 [INFO] 正在获取图像，尝试 6/10 (已耗时: 26.9秒)
2025-05-11 18:49:16 [INFO] 图像质量: 模糊 拉普拉斯变异度低 (0.06 < 100) | Sobel梯度均值低 (0.11 < 20) | 边缘检测点少 (0.00% < 1.0%) | 高频能量正常 (96.60)
2025-05-11 18:49:16 [WARNING] 图像模糊，尝试重新获取 (第6次尝试)
2025-05-11 18:49:18 [INFO] 正在获取图像，尝试 7/10 (已耗时: 32.2秒)
2025-05-11 18:49:21 [INFO] 图像质量: 模糊 拉普拉斯变异度低 (0.04 < 100) | Sobel梯度均值低 (0.09 < 20) | 边缘检测点少 (0.00% < 1.0%) | 高频能量正常 (93.35)
2025-05-11 18:49:21 [WARNING] 图像模糊，尝试重新获取 (第7次尝试)
2025-05-11 18:49:23 [INFO] 正在获取图像，尝试 8/10 (已耗时: 37.7秒)
2025-05-11 18:49:27 [INFO] 图像质量: 模糊 拉普拉斯变异度低 (0.05 < 100) | Sobel梯度均值低 (0.13 < 20) | 边缘检测点少 (0.00% < 1.0%) | 高频能量正常 (96.41)
2025-05-11 18:49:27 [WARNING] 图像模糊，尝试重新获取 (第8次尝试)
2025-05-11 18:49:29 [ERROR] 获取清晰图像超时 (40.0秒)
2025-05-11 18:49:29 [WARNING] 返回超时前的最后一帧图像
2025-05-11 18:49:29 [INFO] 正在获取图像，尝试 1/10 (已耗时: 0.0秒)
2025-05-11 18:49:32 [INFO] 图像质量: 模糊 拉普拉斯变异度低 (0.05 < 100) | Sobel梯度均值低 (0.10 < 20) | 边缘检测点少 (0.00% < 1.0%) | 高频能量正常 (95.02)
2025-05-11 18:49:32 [WARNING] 图像模糊，尝试重新获取 (第1次尝试)
2025-05-11 18:49:34 [INFO] 正在获取图像，尝试 2/10 (已耗时: 5.4秒)
2025-05-11 18:49:37 [INFO] 图像质量: 模糊 拉普拉斯变异度低 (0.08 < 100) | Sobel梯度均值低 (0.17 < 20) | 边缘检测点少 (0.00% < 1.0%) | 高频能量正常 (102.01)
2025-05-11 18:49:37 [WARNING] 图像模糊，尝试重新获取 (第2次尝试)
2025-05-11 18:49:39 [INFO] 正在获取图像，尝试 3/10 (已耗时: 10.7秒)
2025-05-11 18:49:43 [INFO] 图像质量: 模糊 拉普拉斯变异度低 (0.05 < 100) | Sobel梯度均值低 (0.12 < 20) | 边缘检测点少 (0.00% < 1.0%) | 高频能量正常 (96.46)
2025-05-11 18:49:43 [WARNING] 图像模糊，尝试重新获取 (第3次尝试)
2025-05-11 18:49:45 [INFO] 正在获取图像，尝试 4/10 (已耗时: 16.2秒)
2025-05-11 18:49:49 [INFO] 图像质量: 模糊 拉普拉斯变异度低 (0.26 < 100) | Sobel梯度均值低 (0.27 < 20) | 边缘检测点少 (0.00% < 1.0%) | 高频能量正常 (113.45)
2025-05-11 18:49:49 [WARNING] 图像模糊，尝试重新获取 (第4次尝试)
2025-05-11 18:49:51 [INFO] 正在获取图像，尝试 5/10 (已耗时: 21.8秒)
2025-05-11 18:49:54 [INFO] 图像质量: 模糊 拉普拉斯变异度低 (0.06 < 100) | Sobel梯度均值低 (0.11 < 20) | 边缘检测点少 (0.00% < 1.0%) | 高频能量正常 (97.03)
2025-05-11 18:49:54 [WARNING] 图像模糊，尝试重新获取 (第5次尝试)
2025-05-11 18:49:56 [INFO] 正在获取图像，尝试 6/10 (已耗时: 27.2秒)
2025-05-11 18:49:59 [INFO] 图像质量: 清晰 拉普拉斯变异度正常 (249.52) | Sobel梯度均值正常 (27.35) | 边缘检测点正常 (2.48%) | 高频能量正常 (178.27)
2025-05-11 18:49:59 [INFO] 图像清晰度良好，可以进行检测
2025-05-11 18:50:26 [INFO] 正在获取图像，尝试 1/30 (已耗时: 0.0秒)
2025-05-11 18:50:29 [INFO] 图像质量: 模糊 拉普拉斯变异度低 (0.10 < 100) | Sobel梯度均值低 (0.17 < 20) | 边缘检测点少 (0.00% < 1.0%) | 高频能量正常 (103.37)
2025-05-11 18:50:29 [WARNING] 图像模糊，尝试重新获取 (第1次尝试)
2025-05-11 18:50:30 [INFO] 正在获取图像，尝试 2/30 (已耗时: 3.8秒)
2025-05-11 18:50:33 [INFO] 图像质量: 模糊 拉普拉斯变异度低 (0.21 < 100) | Sobel梯度均值低 (0.17 < 20) | 边缘检测点少 (0.00% < 1.0%) | 高频能量正常 (112.46)
2025-05-11 18:50:33 [WARNING] 图像模糊，尝试重新获取 (第2次尝试)
2025-05-11 18:50:34 [INFO] 正在获取图像，尝试 3/30 (已耗时: 7.7秒)
2025-05-11 18:50:37 [INFO] 图像质量: 清晰 拉普拉斯变异度正常 (250.11) | Sobel梯度均值正常 (27.39) | 边缘检测点正常 (2.51%) | 高频能量正常 (178.29)
2025-05-11 18:50:37 [INFO] 图像清晰度良好，可以进行检测
