2025-05-20 17:46:57 [INFO] 正在获取图像，尝试 1/10 (已耗时: 0.0秒)
2025-05-20 17:47:01 [INFO] 图像质量: 模糊 拉普拉斯变异度低 (0.05 < 50) | Sobel梯度均值低 (0.06 < 20) | 边缘检测点少 (0.00% < 0.5%) | 高频能量正常 (95.66)
2025-05-20 17:47:01 [WARNING] 图像模糊，尝试重新获取 (第1次尝试)
2025-05-20 17:47:03 [INFO] 正在获取图像，尝试 2/10 (已耗时: 5.7秒)
2025-05-20 17:47:07 [INFO] 图像质量: 清晰 拉普拉斯变异度正常 (353.08) | Sobel梯度均值正常 (41.00) | 边缘检测点正常 (4.36%) | 高频能量正常 (180.94)
2025-05-20 17:47:07 [INFO] 图像清晰度良好，可以进行检测
2025-05-20 17:47:20 [INFO] 正在获取图像，尝试 1/1000 (已耗时: 0.0秒)
2025-05-20 17:47:23 [INFO] 图像质量: 模糊 拉普拉斯变异度低 (0.05 < 50) | Sobel梯度均值低 (0.06 < 20) | 边缘检测点少 (0.00% < 0.5%) | 高频能量正常 (93.89)
2025-05-20 17:47:23 [WARNING] 图像模糊，尝试重新获取 (第1次尝试)
2025-05-20 17:47:24 [INFO] 正在获取图像，尝试 2/1000 (已耗时: 4.2秒)
2025-05-20 17:47:28 [INFO] 图像质量: 模糊 拉普拉斯变异度低 (0.19 < 50) | Sobel梯度均值低 (0.13 < 20) | 边缘检测点少 (0.00% < 0.5%) | 高频能量正常 (111.28)
2025-05-20 17:47:28 [WARNING] 图像模糊，尝试重新获取 (第2次尝试)
2025-05-20 17:47:28 [INFO] 正在获取图像，尝试 3/1000 (已耗时: 8.5秒)
2025-05-20 17:47:32 [INFO] 图像质量: 模糊 拉普拉斯变异度低 (0.03 < 50) | Sobel梯度均值低 (0.04 < 20) | 边缘检测点少 (0.00% < 0.5%) | 高频能量正常 (91.19)
2025-05-20 17:47:32 [WARNING] 图像模糊，尝试重新获取 (第3次尝试)
2025-05-20 17:47:32 [INFO] 正在获取图像，尝试 4/1000 (已耗时: 12.7秒)
2025-05-20 17:47:36 [INFO] 图像质量: 清晰 拉普拉斯变异度正常 (353.16) | Sobel梯度均值正常 (40.99) | 边缘检测点正常 (4.36%) | 高频能量正常 (180.92)
2025-05-20 17:47:36 [INFO] 图像清晰度良好，可以进行检测
2025-05-20 17:51:04 [INFO] 正在获取图像，尝试 1/10 (已耗时: 0.0秒)
2025-05-20 17:51:07 [INFO] 图像质量: 清晰 拉普拉斯变异度正常 (352.30) | Sobel梯度均值正常 (40.96) | 边缘检测点正常 (4.35%) | 高频能量正常 (180.91)
2025-05-20 17:51:07 [INFO] 图像清晰度良好，可以进行检测
2025-05-20 17:51:20 [INFO] 正在获取图像，尝试 1/1000 (已耗时: 0.0秒)
2025-05-20 17:51:24 [INFO] 图像质量: 模糊 拉普拉斯变异度低 (0.05 < 50) | Sobel梯度均值低 (0.07 < 20) | 边缘检测点少 (0.00% < 0.5%) | 高频能量正常 (93.40)
2025-05-20 17:51:24 [WARNING] 图像模糊，尝试重新获取 (第1次尝试)
2025-05-20 17:51:24 [INFO] 正在获取图像，尝试 2/1000 (已耗时: 4.1秒)
2025-05-20 17:51:28 [INFO] 图像质量: 清晰 拉普拉斯变异度正常 (350.78) | Sobel梯度均值正常 (40.93) | 边缘检测点正常 (4.37%) | 高频能量正常 (180.80)
2025-05-20 17:51:28 [INFO] 图像清晰度良好，可以进行检测
2025-05-20 17:52:42 [INFO] 正在获取图像，尝试 1/10 (已耗时: 0.0秒)
2025-05-20 17:52:46 [INFO] 图像质量: 模糊 拉普拉斯变异度低 (0.02 < 50) | Sobel梯度均值低 (0.03 < 20) | 边缘检测点少 (0.00% < 0.5%) | 高频能量正常 (86.78)
2025-05-20 17:52:46 [WARNING] 图像模糊，尝试重新获取 (第1次尝试)
2025-05-20 17:52:48 [INFO] 正在获取图像，尝试 2/10 (已耗时: 5.8秒)
2025-05-20 17:52:52 [INFO] 图像质量: 清晰 拉普拉斯变异度正常 (356.89) | Sobel梯度均值正常 (41.29) | 边缘检测点正常 (4.42%) | 高频能量正常 (181.08)
2025-05-20 17:52:52 [INFO] 图像清晰度良好，可以进行检测
2025-05-20 17:53:04 [INFO] 正在获取图像，尝试 1/1000 (已耗时: 0.0秒)
2025-05-20 17:53:08 [INFO] 图像质量: 模糊 拉普拉斯变异度低 (0.17 < 50) | Sobel梯度均值低 (0.07 < 20) | 边缘检测点少 (0.00% < 0.5%) | 高频能量正常 (109.43)
2025-05-20 17:53:08 [WARNING] 图像模糊，尝试重新获取 (第1次尝试)
2025-05-20 17:53:08 [INFO] 正在获取图像，尝试 2/1000 (已耗时: 4.1秒)
2025-05-20 17:53:12 [INFO] 图像质量: 清晰 拉普拉斯变异度正常 (355.08) | Sobel梯度均值正常 (41.27) | 边缘检测点正常 (4.40%) | 高频能量正常 (180.97)
2025-05-20 17:53:12 [INFO] 图像清晰度良好，可以进行检测
