2025-05-07 15:44:17 [INFO] 正在获取图像，尝试 1/10 (已耗时: 0.0秒)
2025-05-07 15:44:21 [INFO] 图像质量: 模糊 拉普拉斯变异度正常 (114.61) | Sobel梯度均值低 (19.88 < 20) | 边缘检测点正常 (1.30%) | 高频能量正常 (169.65)
2025-05-07 15:44:21 [WARNING] 图像模糊，尝试重新获取 (第1次尝试)
2025-05-07 15:44:21 [INFO] 正在获取图像，尝试 2/10 (已耗时: 4.2秒)
2025-05-07 15:44:25 [INFO] 图像质量: 模糊 拉普拉斯变异度低 (0.15 < 100) | Sobel梯度均值低 (0.15 < 20) | 边缘检测点少 (0.00% < 1.0%) | 高频能量正常 (108.79)
2025-05-07 15:44:25 [WARNING] 图像模糊，尝试重新获取 (第2次尝试)
2025-05-07 15:44:26 [ERROR] 获取清晰图像超时 (5秒)
2025-05-07 15:44:26 [WARNING] 返回超时前的最后一帧图像
2025-05-07 15:44:27 [INFO] 正在获取图像，尝试 1/10 (已耗时: 0.0秒)
2025-05-07 15:44:31 [INFO] 图像质量: 模糊 拉普拉斯变异度正常 (114.28) | Sobel梯度均值低 (19.84 < 20) | 边缘检测点正常 (1.29%) | 高频能量正常 (169.59)
2025-05-07 15:44:31 [WARNING] 图像模糊，尝试重新获取 (第1次尝试)
2025-05-07 15:44:31 [INFO] 正在获取图像，尝试 2/10 (已耗时: 4.1秒)
2025-05-07 15:44:35 [INFO] 图像质量: 模糊 拉普拉斯变异度低 (0.15 < 100) | Sobel梯度均值低 (0.15 < 20) | 边缘检测点少 (0.00% < 1.0%) | 高频能量正常 (108.25)
2025-05-07 15:44:35 [WARNING] 图像模糊，尝试重新获取 (第2次尝试)
2025-05-07 15:44:35 [ERROR] 获取清晰图像超时 (5秒)
2025-05-07 15:44:35 [WARNING] 返回超时前的最后一帧图像
2025-05-07 15:44:37 [INFO] 正在获取图像，尝试 1/10 (已耗时: 0.0秒)
2025-05-07 15:44:40 [INFO] 图像质量: 模糊 拉普拉斯变异度低 (0.05 < 100) | Sobel梯度均值低 (0.09 < 20) | 边缘检测点少 (0.00% < 1.0%) | 高频能量正常 (95.50)
2025-05-07 15:44:40 [WARNING] 图像模糊，尝试重新获取 (第1次尝试)
2025-05-07 15:44:41 [INFO] 正在获取图像，尝试 2/10 (已耗时: 4.1秒)
2025-05-07 15:44:45 [INFO] 图像质量: 模糊 拉普拉斯变异度低 (0.03 < 100) | Sobel梯度均值低 (0.07 < 20) | 边缘检测点少 (0.00% < 1.0%) | 高频能量正常 (89.90)
2025-05-07 15:44:45 [WARNING] 图像模糊，尝试重新获取 (第2次尝试)
2025-05-07 15:44:45 [ERROR] 获取清晰图像超时 (5秒)
2025-05-07 15:44:45 [WARNING] 返回超时前的最后一帧图像
2025-05-07 15:44:46 [INFO] 正在获取图像，尝试 1/10 (已耗时: 0.0秒)
2025-05-07 15:44:50 [INFO] 图像质量: 模糊 拉普拉斯变异度正常 (115.26) | Sobel梯度均值低 (19.87 < 20) | 边缘检测点正常 (1.30%) | 高频能量正常 (169.71)
2025-05-07 15:44:50 [WARNING] 图像模糊，尝试重新获取 (第1次尝试)
2025-05-07 15:44:51 [INFO] 正在获取图像，尝试 2/10 (已耗时: 4.3秒)
2025-05-07 15:44:55 [INFO] 图像质量: 模糊 拉普拉斯变异度正常 (113.81) | Sobel梯度均值低 (19.71 < 20) | 边缘检测点正常 (1.29%) | 高频能量正常 (169.53)
2025-05-07 15:44:55 [WARNING] 图像模糊，尝试重新获取 (第2次尝试)
2025-05-07 15:44:55 [ERROR] 获取清晰图像超时 (5秒)
2025-05-07 15:44:55 [WARNING] 返回超时前的最后一帧图像
2025-05-07 15:45:11 [INFO] 正在获取图像，尝试 1/10 (已耗时: 0.0秒)
2025-05-07 15:45:15 [INFO] 图像质量: 模糊 拉普拉斯变异度正常 (117.79) | Sobel梯度均值低 (19.76 < 20) | 边缘检测点正常 (1.27%) | 高频能量正常 (169.24)
2025-05-07 15:45:15 [WARNING] 图像模糊，尝试重新获取 (第1次尝试)
2025-05-07 15:45:16 [INFO] 正在获取图像，尝试 2/10 (已耗时: 4.5秒)
2025-05-07 15:45:20 [INFO] 图像质量: 模糊 拉普拉斯变异度低 (0.06 < 100) | Sobel梯度均值低 (0.12 < 20) | 边缘检测点少 (0.00% < 1.0%) | 高频能量正常 (98.14)
2025-05-07 15:45:20 [WARNING] 图像模糊，尝试重新获取 (第2次尝试)
2025-05-07 15:45:20 [ERROR] 获取清晰图像超时 (5秒)
2025-05-07 15:45:20 [WARNING] 返回超时前的最后一帧图像
2025-05-07 15:45:22 [INFO] 正在获取图像，尝试 1/10 (已耗时: 0.0秒)
2025-05-07 15:45:25 [INFO] 图像质量: 模糊 拉普拉斯变异度正常 (118.75) | Sobel梯度均值低 (19.80 < 20) | 边缘检测点正常 (1.28%) | 高频能量正常 (169.42)
2025-05-07 15:45:25 [WARNING] 图像模糊，尝试重新获取 (第1次尝试)
2025-05-07 15:45:26 [INFO] 正在获取图像，尝试 2/10 (已耗时: 4.3秒)
2025-05-07 15:45:30 [INFO] 图像质量: 模糊 拉普拉斯变异度低 (0.08 < 100) | Sobel梯度均值低 (0.15 < 20) | 边缘检测点少 (0.00% < 1.0%) | 高频能量正常 (100.54)
2025-05-07 15:45:30 [WARNING] 图像模糊，尝试重新获取 (第2次尝试)
2025-05-07 15:45:30 [ERROR] 获取清晰图像超时 (5秒)
2025-05-07 15:45:30 [WARNING] 返回超时前的最后一帧图像
2025-05-07 15:45:32 [INFO] 正在获取图像，尝试 1/10 (已耗时: 0.0秒)
2025-05-07 15:45:35 [INFO] 图像质量: 模糊 拉普拉斯变异度低 (0.05 < 100) | Sobel梯度均值低 (0.10 < 20) | 边缘检测点少 (0.00% < 1.0%) | 高频能量正常 (95.35)
2025-05-07 15:45:35 [WARNING] 图像模糊，尝试重新获取 (第1次尝试)
2025-05-07 15:45:36 [INFO] 正在获取图像，尝试 2/10 (已耗时: 4.1秒)
2025-05-07 15:45:40 [INFO] 图像质量: 模糊 拉普拉斯变异度正常 (119.61) | Sobel梯度均值低 (19.86 < 20) | 边缘检测点正常 (1.27%) | 高频能量正常 (169.50)
2025-05-07 15:45:40 [WARNING] 图像模糊，尝试重新获取 (第2次尝试)
2025-05-07 15:45:40 [ERROR] 获取清晰图像超时 (5秒)
2025-05-07 15:45:40 [WARNING] 返回超时前的最后一帧图像
