2025-06-18 14:17:07 [INFO] 正在获取图像，尝试 1/10 (已耗时: 0.0秒)
2025-06-18 14:17:10 [INFO] 图像质量: 模糊 拉普拉斯变异度低 (18.56 < 50) | Sobel梯度均值低 (3.78 < 20) | 边缘检测点少 (0.31% < 0.5%) | 高频能量正常 (145.03)
2025-06-18 14:17:10 [WARNING] 图像模糊，尝试重新获取 (第1次尝试)
2025-06-18 14:17:12 [INFO] 正在获取图像，尝试 2/10 (已耗时: 4.9秒)
2025-06-18 14:17:14 [INFO] 图像质量: 清晰 拉普拉斯变异度正常 (418.11) | Sobel梯度均值正常 (46.03) | 边缘检测点正常 (5.18%) | 高频能量正常 (181.66)
2025-06-18 14:17:14 [INFO] 图像清晰度良好，可以进行检测
2025-06-18 14:17:18 [INFO] 正在获取图像，尝试 1/1000 (已耗时: 0.0秒)
2025-06-18 14:17:21 [INFO] 图像质量: 清晰 拉普拉斯变异度正常 (423.27) | Sobel梯度均值正常 (46.17) | 边缘检测点正常 (5.22%) | 高频能量正常 (181.81)
2025-06-18 14:17:21 [INFO] 图像清晰度良好，可以进行检测
2025-06-18 14:56:15 [INFO] 正在获取图像，尝试 1/10 (已耗时: 0.0秒)
2025-06-18 14:56:18 [INFO] 图像质量: 清晰 拉普拉斯变异度正常 (295.45) | Sobel梯度均值正常 (30.27) | 边缘检测点正常 (3.49%) | 高频能量正常 (176.90)
2025-06-18 14:56:18 [INFO] 图像清晰度良好，可以进行检测
2025-06-18 14:56:21 [INFO] 正在获取图像，尝试 1/1000 (已耗时: 0.0秒)
2025-06-18 14:56:24 [INFO] 图像质量: 清晰 拉普拉斯变异度正常 (378.19) | Sobel梯度均值正常 (41.19) | 边缘检测点正常 (4.49%) | 高频能量正常 (180.11)
2025-06-18 14:56:24 [INFO] 图像清晰度良好，可以进行检测
2025-06-18 15:01:35 [INFO] 正在获取图像，尝试 1/10 (已耗时: 0.0秒)
2025-06-18 15:01:38 [INFO] 图像质量: 模糊 拉普拉斯变异度低 (13.22 < 50) | Sobel梯度均值低 (3.10 < 20) | 边缘检测点少 (0.21% < 0.5%) | 高频能量正常 (139.50)
2025-06-18 15:01:38 [WARNING] 图像模糊，尝试重新获取 (第1次尝试)
2025-06-18 15:01:40 [INFO] 正在获取图像，尝试 2/10 (已耗时: 4.9秒)
2025-06-18 15:01:43 [INFO] 图像质量: 模糊 拉普拉斯变异度低 (0.05 < 50) | Sobel梯度均值低 (0.05 < 20) | 边缘检测点少 (0.00% < 0.5%) | 高频能量正常 (93.65)
2025-06-18 15:01:43 [WARNING] 图像模糊，尝试重新获取 (第2次尝试)
2025-06-18 15:01:45 [INFO] 正在获取图像，尝试 3/10 (已耗时: 9.8秒)
2025-06-18 15:01:48 [INFO] 图像质量: 清晰 拉普拉斯变异度正常 (366.05) | Sobel梯度均值正常 (41.19) | 边缘检测点正常 (4.44%) | 高频能量正常 (179.64)
2025-06-18 15:01:48 [INFO] 图像清晰度良好，可以进行检测
2025-06-18 15:01:51 [INFO] 正在获取图像，尝试 1/1000 (已耗时: 0.0秒)
2025-06-18 15:01:54 [INFO] 图像质量: 模糊 拉普拉斯变异度低 (0.01 < 50) | Sobel梯度均值低 (0.02 < 20) | 边缘检测点少 (0.00% < 0.5%) | 高频能量正常 (78.79)
2025-06-18 15:01:54 [WARNING] 图像模糊，尝试重新获取 (第1次尝试)
2025-06-18 15:01:54 [INFO] 正在获取图像，尝试 2/1000 (已耗时: 3.4秒)
2025-06-18 15:01:57 [INFO] 图像质量: 清晰 拉普拉斯变异度正常 (367.28) | Sobel梯度均值正常 (41.21) | 边缘检测点正常 (4.45%) | 高频能量正常 (179.63)
2025-06-18 15:01:57 [INFO] 图像清晰度良好，可以进行检测
