2025-05-09 09:28:09 [INFO] 正在获取图像，尝试 1/30 (已耗时: 0.0秒)
2025-05-09 09:28:13 [INFO] 图像质量: 模糊 拉普拉斯变异度低 (0.04 < 100) | Sobel梯度均值低 (0.10 < 20) | 边缘检测点少 (0.00% < 1.0%) | 高频能量正常 (92.92)
2025-05-09 09:28:13 [WARNING] 图像模糊，尝试重新获取 (第1次尝试)
2025-05-09 09:28:13 [INFO] 正在获取图像，尝试 2/30 (已耗时: 4.2秒)
2025-05-09 09:28:17 [INFO] 图像质量: 模糊 拉普拉斯变异度低 (0.05 < 100) | Sobel梯度均值低 (0.11 < 20) | 边缘检测点少 (0.00% < 1.0%) | 高频能量正常 (95.62)
2025-05-09 09:28:17 [WARNING] 图像模糊，尝试重新获取 (第2次尝试)
2025-05-09 09:28:17 [INFO] 正在获取图像，尝试 3/30 (已耗时: 8.2秒)
2025-05-09 09:28:21 [INFO] 图像质量: 模糊 拉普拉斯变异度低 (0.05 < 100) | Sobel梯度均值低 (0.12 < 20) | 边缘检测点少 (0.00% < 1.0%) | 高频能量正常 (95.99)
2025-05-09 09:28:21 [WARNING] 图像模糊，尝试重新获取 (第3次尝试)
2025-05-09 09:28:21 [INFO] 正在获取图像，尝试 4/30 (已耗时: 12.2秒)
2025-05-09 09:28:25 [INFO] 图像质量: 模糊 拉普拉斯变异度低 (0.05 < 100) | Sobel梯度均值低 (0.11 < 20) | 边缘检测点少 (0.00% < 1.0%) | 高频能量正常 (95.36)
2025-05-09 09:28:25 [WARNING] 图像模糊，尝试重新获取 (第4次尝试)
2025-05-09 09:28:25 [INFO] 正在获取图像，尝试 5/30 (已耗时: 16.2秒)
2025-05-09 09:28:29 [INFO] 图像质量: 模糊 拉普拉斯变异度低 (0.06 < 100) | Sobel梯度均值低 (0.12 < 20) | 边缘检测点少 (0.00% < 1.0%) | 高频能量正常 (97.82)
2025-05-09 09:28:29 [WARNING] 图像模糊，尝试重新获取 (第5次尝试)
2025-05-09 09:28:29 [INFO] 正在获取图像，尝试 6/30 (已耗时: 20.2秒)
2025-05-09 09:28:33 [INFO] 图像质量: 模糊 拉普拉斯变异度低 (0.04 < 100) | Sobel梯度均值低 (0.11 < 20) | 边缘检测点少 (0.00% < 1.0%) | 高频能量正常 (94.85)
2025-05-09 09:28:33 [WARNING] 图像模糊，尝试重新获取 (第6次尝试)
2025-05-09 09:28:33 [INFO] 正在获取图像，尝试 7/30 (已耗时: 24.2秒)
2025-05-09 09:28:37 [INFO] 图像质量: 模糊 拉普拉斯变异度低 (0.05 < 100) | Sobel梯度均值低 (0.11 < 20) | 边缘检测点少 (0.00% < 1.0%) | 高频能量正常 (96.48)
2025-05-09 09:28:37 [WARNING] 图像模糊，尝试重新获取 (第7次尝试)
2025-05-09 09:28:37 [INFO] 正在获取图像，尝试 8/30 (已耗时: 28.2秒)
2025-05-09 09:28:41 [INFO] 图像质量: 模糊 拉普拉斯变异度低 (0.07 < 100) | Sobel梯度均值低 (0.12 < 20) | 边缘检测点少 (0.00% < 1.0%) | 高频能量正常 (98.28)
2025-05-09 09:28:41 [WARNING] 图像模糊，尝试重新获取 (第8次尝试)
2025-05-09 09:28:41 [ERROR] 获取清晰图像超时 (30秒)
2025-05-09 09:28:41 [WARNING] 返回超时前的最后一帧图像
2025-05-09 09:28:42 [INFO] 正在获取图像，尝试 1/30 (已耗时: 0.0秒)
2025-05-09 09:28:45 [INFO] 图像质量: 模糊 拉普拉斯变异度低 (0.05 < 100) | Sobel梯度均值低 (0.10 < 20) | 边缘检测点少 (0.00% < 1.0%) | 高频能量正常 (94.30)
2025-05-09 09:28:45 [WARNING] 图像模糊，尝试重新获取 (第1次尝试)
2025-05-09 09:28:46 [INFO] 正在获取图像，尝试 2/30 (已耗时: 3.8秒)
2025-05-09 09:28:49 [INFO] 图像质量: 模糊 拉普拉斯变异度低 (0.07 < 100) | Sobel梯度均值低 (0.14 < 20) | 边缘检测点少 (0.00% < 1.0%) | 高频能量正常 (98.75)
2025-05-09 09:28:49 [WARNING] 图像模糊，尝试重新获取 (第2次尝试)
2025-05-09 09:28:50 [INFO] 正在获取图像，尝试 3/30 (已耗时: 7.8秒)
2025-05-09 09:28:53 [INFO] 图像质量: 模糊 拉普拉斯变异度低 (0.08 < 100) | Sobel梯度均值低 (0.13 < 20) | 边缘检测点少 (0.00% < 1.0%) | 高频能量正常 (99.07)
2025-05-09 09:28:53 [WARNING] 图像模糊，尝试重新获取 (第3次尝试)
2025-05-09 09:28:54 [INFO] 正在获取图像，尝试 4/30 (已耗时: 11.8秒)
2025-05-09 09:28:57 [INFO] 图像质量: 模糊 拉普拉斯变异度低 (0.08 < 100) | Sobel梯度均值低 (0.14 < 20) | 边缘检测点少 (0.00% < 1.0%) | 高频能量正常 (99.48)
2025-05-09 09:28:57 [WARNING] 图像模糊，尝试重新获取 (第4次尝试)
2025-05-09 09:28:58 [INFO] 正在获取图像，尝试 5/30 (已耗时: 15.9秒)
2025-05-09 09:29:01 [INFO] 图像质量: 模糊 拉普拉斯变异度低 (0.07 < 100) | Sobel梯度均值低 (0.14 < 20) | 边缘检测点少 (0.00% < 1.0%) | 高频能量正常 (99.19)
2025-05-09 09:29:01 [WARNING] 图像模糊，尝试重新获取 (第5次尝试)
2025-05-09 09:29:02 [INFO] 正在获取图像，尝试 6/30 (已耗时: 19.9秒)
2025-05-09 09:29:05 [INFO] 图像质量: 模糊 拉普拉斯变异度低 (0.07 < 100) | Sobel梯度均值低 (0.14 < 20) | 边缘检测点少 (0.00% < 1.0%) | 高频能量正常 (98.93)
2025-05-09 09:29:05 [WARNING] 图像模糊，尝试重新获取 (第6次尝试)
2025-05-09 09:29:06 [INFO] 正在获取图像，尝试 7/30 (已耗时: 23.8秒)
2025-05-09 09:29:09 [INFO] 图像质量: 模糊 拉普拉斯变异度低 (0.05 < 100) | Sobel梯度均值低 (0.10 < 20) | 边缘检测点少 (0.00% < 1.0%) | 高频能量正常 (94.70)
2025-05-09 09:29:09 [WARNING] 图像模糊，尝试重新获取 (第7次尝试)
2025-05-09 09:29:09 [INFO] 正在获取图像，尝试 8/30 (已耗时: 27.6秒)
2025-05-09 09:29:13 [INFO] 图像质量: 模糊 拉普拉斯变异度低 (0.24 < 100) | Sobel梯度均值低 (0.23 < 20) | 边缘检测点少 (0.00% < 1.0%) | 高频能量正常 (114.11)
2025-05-09 09:29:13 [WARNING] 图像模糊，尝试重新获取 (第8次尝试)
2025-05-09 09:29:13 [ERROR] 获取清晰图像超时 (30秒)
2025-05-09 09:29:13 [WARNING] 返回超时前的最后一帧图像
2025-05-09 09:29:14 [INFO] 正在获取图像，尝试 1/30 (已耗时: 0.0秒)
2025-05-09 09:29:17 [INFO] 图像质量: 模糊 拉普拉斯变异度低 (0.05 < 100) | Sobel梯度均值低 (0.09 < 20) | 边缘检测点少 (0.00% < 1.0%) | 高频能量正常 (94.47)
2025-05-09 09:29:17 [WARNING] 图像模糊，尝试重新获取 (第1次尝试)
2025-05-09 09:29:18 [INFO] 正在获取图像，尝试 2/30 (已耗时: 4.1秒)
2025-05-09 09:29:22 [INFO] 图像质量: 模糊 拉普拉斯变异度低 (0.05 < 100) | Sobel梯度均值低 (0.09 < 20) | 边缘检测点少 (0.00% < 1.0%) | 高频能量正常 (94.34)
2025-05-09 09:29:22 [WARNING] 图像模糊，尝试重新获取 (第2次尝试)
2025-05-09 09:29:22 [INFO] 正在获取图像，尝试 3/30 (已耗时: 8.2秒)
2025-05-09 09:29:26 [INFO] 图像质量: 模糊 拉普拉斯变异度低 (0.04 < 100) | Sobel梯度均值低 (0.09 < 20) | 边缘检测点少 (0.00% < 1.0%) | 高频能量正常 (94.02)
2025-05-09 09:29:26 [WARNING] 图像模糊，尝试重新获取 (第3次尝试)
2025-05-09 09:29:26 [INFO] 正在获取图像，尝试 4/30 (已耗时: 12.3秒)
2025-05-09 09:29:30 [INFO] 图像质量: 模糊 拉普拉斯变异度低 (0.06 < 100) | Sobel梯度均值低 (0.12 < 20) | 边缘检测点少 (0.00% < 1.0%) | 高频能量正常 (97.80)
2025-05-09 09:29:30 [WARNING] 图像模糊，尝试重新获取 (第4次尝试)
2025-05-09 09:29:30 [INFO] 正在获取图像，尝试 5/30 (已耗时: 16.3秒)
2025-05-09 09:29:34 [INFO] 图像质量: 模糊 拉普拉斯变异度低 (0.07 < 100) | Sobel梯度均值低 (0.13 < 20) | 边缘检测点少 (0.00% < 1.0%) | 高频能量正常 (99.75)
2025-05-09 09:29:34 [WARNING] 图像模糊，尝试重新获取 (第5次尝试)
2025-05-09 09:29:34 [INFO] 正在获取图像，尝试 6/30 (已耗时: 20.3秒)
2025-05-09 09:29:38 [INFO] 图像质量: 模糊 拉普拉斯变异度低 (0.07 < 100) | Sobel梯度均值低 (0.12 < 20) | 边缘检测点少 (0.00% < 1.0%) | 高频能量正常 (97.20)
2025-05-09 09:29:38 [WARNING] 图像模糊，尝试重新获取 (第6次尝试)
2025-05-09 09:29:38 [INFO] 正在获取图像，尝试 7/30 (已耗时: 24.3秒)
2025-05-09 09:29:42 [INFO] 图像质量: 模糊 拉普拉斯变异度低 (0.06 < 100) | Sobel梯度均值低 (0.12 < 20) | 边缘检测点少 (0.00% < 1.0%) | 高频能量正常 (96.74)
2025-05-09 09:29:42 [WARNING] 图像模糊，尝试重新获取 (第7次尝试)
2025-05-09 09:29:42 [INFO] 正在获取图像，尝试 8/30 (已耗时: 28.3秒)
2025-05-09 09:29:46 [INFO] 图像质量: 模糊 拉普拉斯变异度低 (0.05 < 100) | Sobel梯度均值低 (0.09 < 20) | 边缘检测点少 (0.00% < 1.0%) | 高频能量正常 (94.50)
2025-05-09 09:29:46 [WARNING] 图像模糊，尝试重新获取 (第8次尝试)
2025-05-09 09:29:46 [ERROR] 获取清晰图像超时 (30秒)
2025-05-09 09:29:46 [WARNING] 返回超时前的最后一帧图像
2025-05-09 09:29:47 [INFO] 正在获取图像，尝试 1/30 (已耗时: 0.0秒)
2025-05-09 09:29:50 [INFO] 图像质量: 模糊 拉普拉斯变异度低 (0.05 < 100) | Sobel梯度均值低 (0.11 < 20) | 边缘检测点少 (0.00% < 1.0%) | 高频能量正常 (94.60)
2025-05-09 09:29:50 [WARNING] 图像模糊，尝试重新获取 (第1次尝试)
2025-05-09 09:29:51 [INFO] 正在获取图像，尝试 2/30 (已耗时: 4.0秒)
2025-05-09 09:29:54 [INFO] 图像质量: 模糊 拉普拉斯变异度低 (0.04 < 100) | Sobel梯度均值低 (0.10 < 20) | 边缘检测点少 (0.00% < 1.0%) | 高频能量正常 (92.87)
2025-05-09 09:29:54 [WARNING] 图像模糊，尝试重新获取 (第2次尝试)
2025-05-09 09:29:55 [INFO] 正在获取图像，尝试 3/30 (已耗时: 8.1秒)
2025-05-09 09:29:58 [INFO] 图像质量: 模糊 拉普拉斯变异度低 (0.03 < 100) | Sobel梯度均值低 (0.07 < 20) | 边缘检测点少 (0.00% < 1.0%) | 高频能量正常 (91.41)
2025-05-09 09:29:58 [WARNING] 图像模糊，尝试重新获取 (第3次尝试)
2025-05-09 09:29:59 [INFO] 正在获取图像，尝试 4/30 (已耗时: 12.0秒)
2025-05-09 09:30:02 [INFO] 图像质量: 模糊 拉普拉斯变异度低 (1.23 < 100) | Sobel梯度均值低 (0.15 < 20) | 边缘检测点少 (0.00% < 1.0%) | 高频能量正常 (128.55)
2025-05-09 09:30:02 [WARNING] 图像模糊，尝试重新获取 (第4次尝试)
2025-05-09 09:30:03 [INFO] 正在获取图像，尝试 5/30 (已耗时: 16.0秒)
2025-05-09 09:30:06 [INFO] 图像质量: 模糊 拉普拉斯变异度低 (0.06 < 100) | Sobel梯度均值低 (0.12 < 20) | 边缘检测点少 (0.00% < 1.0%) | 高频能量正常 (98.74)
2025-05-09 09:30:06 [WARNING] 图像模糊，尝试重新获取 (第5次尝试)
2025-05-09 09:30:07 [INFO] 正在获取图像，尝试 6/30 (已耗时: 19.9秒)
2025-05-09 09:30:10 [INFO] 图像质量: 模糊 拉普拉斯变异度低 (0.03 < 100) | Sobel梯度均值低 (0.07 < 20) | 边缘检测点少 (0.00% < 1.0%) | 高频能量正常 (90.28)
2025-05-09 09:30:10 [WARNING] 图像模糊，尝试重新获取 (第6次尝试)
2025-05-09 09:30:10 [INFO] 正在获取图像，尝试 7/30 (已耗时: 23.8秒)
2025-05-09 09:30:14 [INFO] 图像质量: 模糊 拉普拉斯变异度低 (0.04 < 100) | Sobel梯度均值低 (0.11 < 20) | 边缘检测点少 (0.00% < 1.0%) | 高频能量正常 (93.23)
2025-05-09 09:30:14 [WARNING] 图像模糊，尝试重新获取 (第7次尝试)
2025-05-09 09:30:15 [INFO] 正在获取图像，尝试 8/30 (已耗时: 27.9秒)
2025-05-09 09:30:18 [INFO] 图像质量: 模糊 拉普拉斯变异度低 (0.04 < 100) | Sobel梯度均值低 (0.10 < 20) | 边缘检测点少 (0.00% < 1.0%) | 高频能量正常 (92.37)
2025-05-09 09:30:18 [WARNING] 图像模糊，尝试重新获取 (第8次尝试)
2025-05-09 09:30:18 [ERROR] 获取清晰图像超时 (30秒)
2025-05-09 09:30:18 [WARNING] 返回超时前的最后一帧图像
2025-05-09 09:30:19 [INFO] 正在获取图像，尝试 1/30 (已耗时: 0.0秒)
2025-05-09 09:30:22 [INFO] 图像质量: 模糊 拉普拉斯变异度低 (0.03 < 100) | Sobel梯度均值低 (0.07 < 20) | 边缘检测点少 (0.00% < 1.0%) | 高频能量正常 (91.01)
2025-05-09 09:30:22 [WARNING] 图像模糊，尝试重新获取 (第1次尝试)
2025-05-09 09:30:23 [INFO] 正在获取图像，尝试 2/30 (已耗时: 3.9秒)
2025-05-09 09:30:26 [INFO] 图像质量: 模糊 拉普拉斯变异度低 (0.56 < 100) | Sobel梯度均值低 (0.13 < 20) | 边缘检测点少 (0.00% < 1.0%) | 高频能量正常 (121.28)
2025-05-09 09:30:26 [WARNING] 图像模糊，尝试重新获取 (第2次尝试)
2025-05-09 09:30:27 [INFO] 正在获取图像，尝试 3/30 (已耗时: 7.9秒)
2025-05-09 09:30:30 [INFO] 图像质量: 模糊 拉普拉斯变异度低 (0.03 < 100) | Sobel梯度均值低 (0.07 < 20) | 边缘检测点少 (0.00% < 1.0%) | 高频能量正常 (89.28)
2025-05-09 09:30:30 [WARNING] 图像模糊，尝试重新获取 (第3次尝试)
2025-05-09 09:30:31 [INFO] 正在获取图像，尝试 4/30 (已耗时: 11.7秒)
2025-05-09 09:30:34 [INFO] 图像质量: 模糊 拉普拉斯变异度低 (0.81 < 100) | Sobel梯度均值低 (0.13 < 20) | 边缘检测点少 (0.00% < 1.0%) | 高频能量正常 (124.61)
2025-05-09 09:30:34 [WARNING] 图像模糊，尝试重新获取 (第4次尝试)
2025-05-09 09:30:35 [INFO] 正在获取图像，尝试 5/30 (已耗时: 15.7秒)
2025-05-09 09:30:38 [INFO] 图像质量: 模糊 拉普拉斯变异度低 (0.04 < 100) | Sobel梯度均值低 (0.10 < 20) | 边缘检测点少 (0.00% < 1.0%) | 高频能量正常 (93.68)
2025-05-09 09:30:38 [WARNING] 图像模糊，尝试重新获取 (第5次尝试)
2025-05-09 09:30:39 [INFO] 正在获取图像，尝试 6/30 (已耗时: 19.7秒)
2025-05-09 09:30:42 [INFO] 图像质量: 模糊 拉普拉斯变异度低 (0.06 < 100) | Sobel梯度均值低 (0.11 < 20) | 边缘检测点少 (0.00% < 1.0%) | 高频能量正常 (96.84)
2025-05-09 09:30:42 [WARNING] 图像模糊，尝试重新获取 (第6次尝试)
2025-05-09 09:30:43 [INFO] 正在获取图像，尝试 7/30 (已耗时: 23.8秒)
2025-05-09 09:30:46 [INFO] 图像质量: 模糊 拉普拉斯变异度低 (0.04 < 100) | Sobel梯度均值低 (0.10 < 20) | 边缘检测点少 (0.00% < 1.0%) | 高频能量正常 (93.05)
2025-05-09 09:30:46 [WARNING] 图像模糊，尝试重新获取 (第7次尝试)
2025-05-09 09:30:47 [INFO] 正在获取图像，尝试 8/30 (已耗时: 27.8秒)
2025-05-09 09:30:50 [INFO] 图像质量: 模糊 拉普拉斯变异度低 (1.27 < 100) | Sobel梯度均值低 (0.14 < 20) | 边缘检测点少 (0.00% < 1.0%) | 高频能量正常 (128.17)
2025-05-09 09:30:50 [WARNING] 图像模糊，尝试重新获取 (第8次尝试)
2025-05-09 09:30:51 [ERROR] 获取清晰图像超时 (30秒)
2025-05-09 09:30:51 [WARNING] 返回超时前的最后一帧图像
2025-05-09 09:30:51 [INFO] 正在获取图像，尝试 1/30 (已耗时: 0.0秒)
2025-05-09 09:30:55 [INFO] 图像质量: 模糊 拉普拉斯变异度低 (0.04 < 100) | Sobel梯度均值低 (0.10 < 20) | 边缘检测点少 (0.00% < 1.0%) | 高频能量正常 (93.63)
2025-05-09 09:30:55 [WARNING] 图像模糊，尝试重新获取 (第1次尝试)
2025-05-09 09:30:55 [INFO] 正在获取图像，尝试 2/30 (已耗时: 4.1秒)
2025-05-09 09:30:59 [INFO] 图像质量: 模糊 拉普拉斯变异度低 (0.06 < 100) | Sobel梯度均值低 (0.12 < 20) | 边缘检测点少 (0.00% < 1.0%) | 高频能量正常 (97.17)
2025-05-09 09:30:59 [WARNING] 图像模糊，尝试重新获取 (第2次尝试)
2025-05-09 09:30:59 [INFO] 正在获取图像，尝试 3/30 (已耗时: 8.2秒)
2025-05-09 09:31:03 [INFO] 图像质量: 清晰 拉普拉斯变异度正常 (247.60) | Sobel梯度均值正常 (26.67) | 边缘检测点正常 (2.27%) | 高频能量正常 (177.12)
2025-05-09 09:31:03 [INFO] 图像清晰度良好，可以进行检测
