2025-05-16 10:16:29 [INFO] 正在获取图像，尝试 1/10 (已耗时: 0.0秒)
2025-05-16 10:16:33 [INFO] 图像质量: 模糊 拉普拉斯变异度低 (14.66 < 100) | Sobel梯度均值低 (2.93 < 20) | 边缘检测点少 (0.29% < 1.0%) | 高频能量正常 (150.98)
2025-05-16 10:16:33 [WARNING] 图像模糊，尝试重新获取 (第1次尝试)
2025-05-16 10:16:35 [INFO] 正在获取图像，尝试 2/10 (已耗时: 5.9秒)
2025-05-16 10:16:39 [INFO] 图像质量: 模糊 拉普拉斯变异度低 (1.09 < 100) | Sobel梯度均值低 (0.06 < 20) | 边缘检测点少 (0.00% < 1.0%) | 高频能量正常 (123.02)
2025-05-16 10:16:39 [WARNING] 图像模糊，尝试重新获取 (第2次尝试)
2025-05-16 10:16:41 [INFO] 正在获取图像，尝试 3/10 (已耗时: 11.4秒)
2025-05-16 10:16:44 [INFO] 图像质量: 模糊 拉普拉斯变异度低 (0.02 < 100) | Sobel梯度均值低 (0.02 < 20) | 边缘检测点少 (0.00% < 1.0%) | 高频能量正常 (85.00)
2025-05-16 10:16:44 [WARNING] 图像模糊，尝试重新获取 (第3次尝试)
2025-05-16 10:16:46 [INFO] 正在获取图像，尝试 4/10 (已耗时: 16.8秒)
2025-05-16 10:16:50 [INFO] 图像质量: 模糊 拉普拉斯变异度低 (0.03 < 100) | Sobel梯度均值低 (0.03 < 20) | 边缘检测点少 (0.00% < 1.0%) | 高频能量正常 (82.44)
2025-05-16 10:16:50 [WARNING] 图像模糊，尝试重新获取 (第4次尝试)
2025-05-16 10:16:52 [INFO] 正在获取图像，尝试 5/10 (已耗时: 22.3秒)
2025-05-16 10:16:55 [INFO] 图像质量: 模糊 拉普拉斯变异度低 (0.02 < 100) | Sobel梯度均值低 (0.02 < 20) | 边缘检测点少 (0.00% < 1.0%) | 高频能量正常 (86.44)
2025-05-16 10:16:55 [WARNING] 图像模糊，尝试重新获取 (第5次尝试)
2025-05-16 10:16:57 [INFO] 正在获取图像，尝试 6/10 (已耗时: 27.8秒)
2025-05-16 10:17:00 [INFO] 图像质量: 模糊 拉普拉斯变异度低 (0.01 < 100) | Sobel梯度均值低 (0.01 < 20) | 边缘检测点少 (0.00% < 1.0%) | 高频能量正常 (72.78)
2025-05-16 10:17:00 [WARNING] 图像模糊，尝试重新获取 (第6次尝试)
2025-05-16 10:17:03 [INFO] 正在获取图像，尝试 7/10 (已耗时: 33.2秒)
2025-05-16 10:17:06 [INFO] 图像质量: 模糊 拉普拉斯变异度低 (0.06 < 100) | Sobel梯度均值低 (0.02 < 20) | 边缘检测点少 (0.00% < 1.0%) | 高频能量正常 (98.12)
2025-05-16 10:17:06 [WARNING] 图像模糊，尝试重新获取 (第7次尝试)
2025-05-16 10:17:08 [INFO] 正在获取图像，尝试 8/10 (已耗时: 38.6秒)
2025-05-16 10:17:11 [INFO] 图像质量: 模糊 拉普拉斯变异度低 (0.03 < 100) | Sobel梯度均值低 (0.04 < 20) | 边缘检测点少 (0.00% < 1.0%) | 高频能量正常 (85.83)
2025-05-16 10:17:11 [WARNING] 图像模糊，尝试重新获取 (第8次尝试)
2025-05-16 10:17:13 [ERROR] 获取清晰图像超时 (40.0秒)
2025-05-16 10:17:13 [WARNING] 返回超时前的最后一帧图像
2025-05-16 10:17:38 [INFO] 正在获取图像，尝试 1/1000 (已耗时: 0.0秒)
2025-05-16 10:17:42 [INFO] 图像质量: 模糊 拉普拉斯变异度低 (0.02 < 100) | Sobel梯度均值低 (0.03 < 20) | 边缘检测点少 (0.00% < 1.0%) | 高频能量正常 (83.40)
2025-05-16 10:17:42 [WARNING] 图像模糊，尝试重新获取 (第1次尝试)
2025-05-16 10:17:42 [INFO] 正在获取图像，尝试 2/1000 (已耗时: 3.9秒)
2025-05-16 10:17:46 [INFO] 图像质量: 模糊 拉普拉斯变异度低 (0.64 < 100) | Sobel梯度均值低 (0.05 < 20) | 边缘检测点少 (0.00% < 1.0%) | 高频能量正常 (122.66)
2025-05-16 10:17:46 [WARNING] 图像模糊，尝试重新获取 (第2次尝试)
2025-05-16 10:17:46 [INFO] 正在获取图像，尝试 3/1000 (已耗时: 7.9秒)
2025-05-16 10:17:49 [INFO] 图像质量: 模糊 拉普拉斯变异度低 (0.03 < 100) | Sobel梯度均值低 (0.03 < 20) | 边缘检测点少 (0.00% < 1.0%) | 高频能量正常 (86.41)
2025-05-16 10:17:49 [WARNING] 图像模糊，尝试重新获取 (第3次尝试)
2025-05-16 10:17:50 [INFO] 正在获取图像，尝试 4/1000 (已耗时: 11.7秒)
2025-05-16 10:17:53 [INFO] 图像质量: 模糊 拉普拉斯变异度低 (0.05 < 100) | Sobel梯度均值低 (0.03 < 20) | 边缘检测点少 (0.00% < 1.0%) | 高频能量正常 (95.94)
2025-05-16 10:17:53 [WARNING] 图像模糊，尝试重新获取 (第4次尝试)
2025-05-16 10:17:54 [INFO] 正在获取图像，尝试 5/1000 (已耗时: 15.6秒)
2025-05-16 10:17:57 [INFO] 图像质量: 模糊 拉普拉斯变异度低 (0.13 < 100) | Sobel梯度均值低 (0.07 < 20) | 边缘检测点少 (0.00% < 1.0%) | 高频能量正常 (107.09)
2025-05-16 10:17:57 [WARNING] 图像模糊，尝试重新获取 (第5次尝试)
2025-05-16 10:17:58 [INFO] 正在获取图像，尝试 6/1000 (已耗时: 19.5秒)
2025-05-16 10:18:01 [INFO] 图像质量: 清晰 拉普拉斯变异度正常 (199.03) | Sobel梯度均值正常 (26.12) | 边缘检测点正常 (2.06%) | 高频能量正常 (177.26)
2025-05-16 10:18:01 [INFO] 图像清晰度良好，可以进行检测
2025-05-16 10:24:58 [INFO] 正在获取图像，尝试 1/10 (已耗时: 0.0秒)
2025-05-16 10:25:02 [INFO] 图像质量: 模糊 拉普拉斯变异度低 (14.80 < 100) | Sobel梯度均值低 (3.78 < 20) | 边缘检测点少 (0.29% < 1.0%) | 高频能量正常 (147.77)
2025-05-16 10:25:02 [WARNING] 图像模糊，尝试重新获取 (第1次尝试)
2025-05-16 10:25:04 [INFO] 正在获取图像，尝试 2/10 (已耗时: 5.9秒)
2025-05-16 10:25:07 [INFO] 图像质量: 模糊 拉普拉斯变异度低 (0.07 < 100) | Sobel梯度均值低 (0.02 < 20) | 边缘检测点少 (0.00% < 1.0%) | 高频能量正常 (98.92)
2025-05-16 10:25:07 [WARNING] 图像模糊，尝试重新获取 (第2次尝试)
2025-05-16 10:25:09 [INFO] 正在获取图像，尝试 3/10 (已耗时: 11.7秒)
2025-05-16 10:25:13 [INFO] 图像质量: 模糊 拉普拉斯变异度低 (0.01 < 100) | Sobel梯度均值低 (0.01 < 20) | 边缘检测点少 (0.00% < 1.0%) | 高频能量正常 (73.22)
2025-05-16 10:25:13 [WARNING] 图像模糊，尝试重新获取 (第3次尝试)
2025-05-16 10:25:15 [INFO] 正在获取图像，尝试 4/10 (已耗时: 17.1秒)
2025-05-16 10:25:18 [INFO] 图像质量: 模糊 拉普拉斯变异度低 (0.20 < 100) | Sobel梯度均值低 (0.19 < 20) | 边缘检测点少 (0.00% < 1.0%) | 高频能量正常 (109.43)
2025-05-16 10:25:18 [WARNING] 图像模糊，尝试重新获取 (第4次尝试)
2025-05-16 10:25:20 [INFO] 正在获取图像，尝试 5/10 (已耗时: 22.7秒)
2025-05-16 10:25:24 [INFO] 图像质量: 模糊 拉普拉斯变异度低 (0.98 < 100) | Sobel梯度均值低 (0.07 < 20) | 边缘检测点少 (0.00% < 1.0%) | 高频能量正常 (121.19)
2025-05-16 10:25:24 [WARNING] 图像模糊，尝试重新获取 (第5次尝试)
2025-05-16 10:25:26 [INFO] 正在获取图像，尝试 6/10 (已耗时: 28.1秒)
2025-05-16 10:25:29 [INFO] 图像质量: 模糊 拉普拉斯变异度低 (0.01 < 100) | Sobel梯度均值低 (0.01 < 20) | 边缘检测点少 (0.00% < 1.0%) | 高频能量正常 (72.68)
2025-05-16 10:25:29 [WARNING] 图像模糊，尝试重新获取 (第6次尝试)
2025-05-16 10:25:31 [INFO] 正在获取图像，尝试 7/10 (已耗时: 33.5秒)
2025-05-16 10:25:35 [INFO] 图像质量: 模糊 拉普拉斯变异度低 (0.01 < 100) | Sobel梯度均值低 (0.02 < 20) | 边缘检测点少 (0.00% < 1.0%) | 高频能量正常 (81.54)
2025-05-16 10:25:35 [WARNING] 图像模糊，尝试重新获取 (第7次尝试)
2025-05-16 10:25:37 [INFO] 正在获取图像，尝试 8/10 (已耗时: 39.1秒)
2025-05-16 10:25:40 [INFO] 图像质量: 模糊 拉普拉斯变异度低 (0.02 < 100) | Sobel梯度均值低 (0.02 < 20) | 边缘检测点少 (0.00% < 1.0%) | 高频能量正常 (81.57)
2025-05-16 10:25:40 [WARNING] 图像模糊，尝试重新获取 (第8次尝试)
2025-05-16 10:25:42 [ERROR] 获取清晰图像超时 (40.0秒)
2025-05-16 10:25:42 [WARNING] 返回超时前的最后一帧图像
2025-05-16 10:26:07 [INFO] 正在获取图像，尝试 1/1000 (已耗时: 0.0秒)
2025-05-16 10:26:10 [INFO] 图像质量: 模糊 拉普拉斯变异度低 (0.01 < 100) | Sobel梯度均值低 (0.01 < 20) | 边缘检测点少 (0.00% < 1.0%) | 高频能量正常 (71.44)
2025-05-16 10:26:10 [WARNING] 图像模糊，尝试重新获取 (第1次尝试)
2025-05-16 10:26:11 [INFO] 正在获取图像，尝试 2/1000 (已耗时: 4.0秒)
2025-05-16 10:26:14 [INFO] 图像质量: 模糊 拉普拉斯变异度低 (0.00 < 100) | Sobel梯度均值低 (0.01 < 20) | 边缘检测点少 (0.00% < 1.0%) | 高频能量正常 (62.33)
2025-05-16 10:26:14 [WARNING] 图像模糊，尝试重新获取 (第2次尝试)
2025-05-16 10:26:15 [INFO] 正在获取图像，尝试 3/1000 (已耗时: 7.9秒)
2025-05-16 10:26:18 [INFO] 图像质量: 模糊 拉普拉斯变异度低 (0.01 < 100) | Sobel梯度均值低 (0.00 < 20) | 边缘检测点少 (0.00% < 1.0%) | 高频能量正常 (72.83)
2025-05-16 10:26:18 [WARNING] 图像模糊，尝试重新获取 (第3次尝试)
2025-05-16 10:26:19 [INFO] 正在获取图像，尝试 4/1000 (已耗时: 11.9秒)
2025-05-16 10:26:22 [INFO] 图像质量: 模糊 拉普拉斯变异度低 (0.08 < 100) | Sobel梯度均值低 (0.02 < 20) | 边缘检测点少 (0.00% < 1.0%) | 高频能量正常 (101.14)
2025-05-16 10:26:22 [WARNING] 图像模糊，尝试重新获取 (第4次尝试)
2025-05-16 10:26:23 [INFO] 正在获取图像，尝试 5/1000 (已耗时: 15.8秒)
2025-05-16 10:26:26 [INFO] 图像质量: 模糊 拉普拉斯变异度低 (0.17 < 100) | Sobel梯度均值低 (0.14 < 20) | 边缘检测点少 (0.00% < 1.0%) | 高频能量正常 (107.96)
2025-05-16 10:26:26 [WARNING] 图像模糊，尝试重新获取 (第5次尝试)
2025-05-16 10:26:27 [INFO] 正在获取图像，尝试 6/1000 (已耗时: 19.8秒)
2025-05-16 10:26:30 [INFO] 图像质量: 模糊 拉普拉斯变异度低 (0.19 < 100) | Sobel梯度均值低 (0.17 < 20) | 边缘检测点少 (0.00% < 1.0%) | 高频能量正常 (108.87)
2025-05-16 10:26:30 [WARNING] 图像模糊，尝试重新获取 (第6次尝试)
2025-05-16 10:26:31 [INFO] 正在获取图像，尝试 7/1000 (已耗时: 23.7秒)
2025-05-16 10:26:34 [INFO] 图像质量: 模糊 拉普拉斯变异度低 (0.02 < 100) | Sobel梯度均值低 (0.02 < 20) | 边缘检测点少 (0.00% < 1.0%) | 高频能量正常 (84.65)
2025-05-16 10:26:34 [WARNING] 图像模糊，尝试重新获取 (第7次尝试)
2025-05-16 10:26:35 [INFO] 正在获取图像，尝试 8/1000 (已耗时: 27.6秒)
2025-05-16 10:26:38 [INFO] 图像质量: 模糊 拉普拉斯变异度低 (0.03 < 100) | Sobel梯度均值低 (0.03 < 20) | 边缘检测点少 (0.00% < 1.0%) | 高频能量正常 (87.82)
2025-05-16 10:26:38 [WARNING] 图像模糊，尝试重新获取 (第8次尝试)
2025-05-16 10:26:39 [ERROR] 获取清晰图像超时 (30秒)
2025-05-16 10:26:39 [WARNING] 返回超时前的最后一帧图像
2025-05-16 10:26:39 [INFO] 正在获取图像，尝试 1/1000 (已耗时: 0.0秒)
2025-05-16 10:26:42 [INFO] 图像质量: 模糊 拉普拉斯变异度低 (0.02 < 100) | Sobel梯度均值低 (0.03 < 20) | 边缘检测点少 (0.00% < 1.0%) | 高频能量正常 (84.75)
2025-05-16 10:26:42 [WARNING] 图像模糊，尝试重新获取 (第1次尝试)
2025-05-16 10:26:43 [INFO] 正在获取图像，尝试 2/1000 (已耗时: 4.0秒)
2025-05-16 10:26:46 [INFO] 图像质量: 模糊 拉普拉斯变异度低 (0.01 < 100) | Sobel梯度均值低 (0.02 < 20) | 边缘检测点少 (0.00% < 1.0%) | 高频能量正常 (80.12)
2025-05-16 10:26:46 [WARNING] 图像模糊，尝试重新获取 (第2次尝试)
2025-05-16 10:26:47 [INFO] 正在获取图像，尝试 3/1000 (已耗时: 7.9秒)
2025-05-16 10:26:50 [INFO] 图像质量: 模糊 拉普拉斯变异度低 (0.03 < 100) | Sobel梯度均值低 (0.03 < 20) | 边缘检测点少 (0.00% < 1.0%) | 高频能量正常 (89.56)
2025-05-16 10:26:50 [WARNING] 图像模糊，尝试重新获取 (第3次尝试)
2025-05-16 10:26:51 [INFO] 正在获取图像，尝试 4/1000 (已耗时: 11.9秒)
2025-05-16 10:26:54 [INFO] 图像质量: 模糊 拉普拉斯变异度低 (0.01 < 100) | Sobel梯度均值低 (0.02 < 20) | 边缘检测点少 (0.00% < 1.0%) | 高频能量正常 (80.43)
2025-05-16 10:26:54 [WARNING] 图像模糊，尝试重新获取 (第4次尝试)
2025-05-16 10:26:55 [INFO] 正在获取图像，尝试 5/1000 (已耗时: 15.9秒)
2025-05-16 10:26:58 [INFO] 图像质量: 模糊 拉普拉斯变异度低 (0.05 < 100) | Sobel梯度均值低 (0.03 < 20) | 边缘检测点少 (0.00% < 1.0%) | 高频能量正常 (95.20)
2025-05-16 10:26:58 [WARNING] 图像模糊，尝试重新获取 (第5次尝试)
2025-05-16 10:26:59 [INFO] 正在获取图像，尝试 6/1000 (已耗时: 19.9秒)
2025-05-16 10:27:02 [INFO] 图像质量: 模糊 拉普拉斯变异度低 (0.02 < 100) | Sobel梯度均值低 (0.03 < 20) | 边缘检测点少 (0.00% < 1.0%) | 高频能量正常 (87.51)
2025-05-16 10:27:02 [WARNING] 图像模糊，尝试重新获取 (第6次尝试)
2025-05-16 10:27:03 [INFO] 正在获取图像，尝试 7/1000 (已耗时: 23.9秒)
2025-05-16 10:27:06 [INFO] 图像质量: 模糊 拉普拉斯变异度低 (0.02 < 100) | Sobel梯度均值低 (0.03 < 20) | 边缘检测点少 (0.00% < 1.0%) | 高频能量正常 (86.66)
2025-05-16 10:27:06 [WARNING] 图像模糊，尝试重新获取 (第7次尝试)
2025-05-16 10:27:07 [INFO] 正在获取图像，尝试 8/1000 (已耗时: 27.9秒)
2025-05-16 10:27:10 [INFO] 图像质量: 模糊 拉普拉斯变异度低 (0.02 < 100) | Sobel梯度均值低 (0.02 < 20) | 边缘检测点少 (0.00% < 1.0%) | 高频能量正常 (86.58)
2025-05-16 10:27:10 [WARNING] 图像模糊，尝试重新获取 (第8次尝试)
2025-05-16 10:27:11 [ERROR] 获取清晰图像超时 (30秒)
2025-05-16 10:27:11 [WARNING] 返回超时前的最后一帧图像
2025-05-16 10:27:11 [INFO] 正在获取图像，尝试 1/1000 (已耗时: 0.0秒)
2025-05-16 10:27:14 [INFO] 图像质量: 模糊 拉普拉斯变异度低 (0.06 < 100) | Sobel梯度均值低 (0.03 < 20) | 边缘检测点少 (0.00% < 1.0%) | 高频能量正常 (98.41)
2025-05-16 10:27:14 [WARNING] 图像模糊，尝试重新获取 (第1次尝试)
2025-05-16 10:27:15 [INFO] 正在获取图像，尝试 2/1000 (已耗时: 4.0秒)
2025-05-16 10:27:18 [INFO] 图像质量: 模糊 拉普拉斯变异度低 (0.04 < 100) | Sobel梯度均值低 (0.03 < 20) | 边缘检测点少 (0.00% < 1.0%) | 高频能量正常 (94.76)
2025-05-16 10:27:18 [WARNING] 图像模糊，尝试重新获取 (第2次尝试)
2025-05-16 10:27:19 [INFO] 正在获取图像，尝试 3/1000 (已耗时: 8.0秒)
2025-05-16 10:27:22 [INFO] 图像质量: 模糊 拉普拉斯变异度低 (0.02 < 100) | Sobel梯度均值低 (0.03 < 20) | 边缘检测点少 (0.00% < 1.0%) | 高频能量正常 (86.62)
2025-05-16 10:27:22 [WARNING] 图像模糊，尝试重新获取 (第3次尝试)
2025-05-16 10:27:23 [INFO] 正在获取图像，尝试 4/1000 (已耗时: 12.0秒)
2025-05-16 10:27:26 [INFO] 图像质量: 模糊 拉普拉斯变异度低 (0.03 < 100) | Sobel梯度均值低 (0.03 < 20) | 边缘检测点少 (0.00% < 1.0%) | 高频能量正常 (90.39)
2025-05-16 10:27:26 [WARNING] 图像模糊，尝试重新获取 (第4次尝试)
2025-05-16 10:27:27 [INFO] 正在获取图像，尝试 5/1000 (已耗时: 16.0秒)
2025-05-16 10:27:30 [INFO] 图像质量: 模糊 拉普拉斯变异度低 (0.02 < 100) | Sobel梯度均值低 (0.02 < 20) | 边缘检测点少 (0.00% < 1.0%) | 高频能量正常 (83.17)
2025-05-16 10:27:30 [WARNING] 图像模糊，尝试重新获取 (第5次尝试)
2025-05-16 10:27:31 [INFO] 正在获取图像，尝试 6/1000 (已耗时: 20.0秒)
2025-05-16 10:27:34 [INFO] 图像质量: 模糊 拉普拉斯变异度低 (0.02 < 100) | Sobel梯度均值低 (0.02 < 20) | 边缘检测点少 (0.00% < 1.0%) | 高频能量正常 (82.92)
2025-05-16 10:27:34 [WARNING] 图像模糊，尝试重新获取 (第6次尝试)
2025-05-16 10:27:35 [INFO] 正在获取图像，尝试 7/1000 (已耗时: 24.0秒)
2025-05-16 10:27:38 [INFO] 图像质量: 模糊 拉普拉斯变异度低 (0.03 < 100) | Sobel梯度均值低 (0.03 < 20) | 边缘检测点少 (0.00% < 1.0%) | 高频能量正常 (90.59)
2025-05-16 10:27:38 [WARNING] 图像模糊，尝试重新获取 (第7次尝试)
2025-05-16 10:27:39 [INFO] 正在获取图像，尝试 8/1000 (已耗时: 28.0秒)
2025-05-16 10:27:42 [INFO] 图像质量: 模糊 拉普拉斯变异度低 (0.03 < 100) | Sobel梯度均值低 (0.03 < 20) | 边缘检测点少 (0.00% < 1.0%) | 高频能量正常 (86.01)
2025-05-16 10:27:42 [WARNING] 图像模糊，尝试重新获取 (第8次尝试)
2025-05-16 10:27:43 [ERROR] 获取清晰图像超时 (30秒)
2025-05-16 10:27:43 [WARNING] 返回超时前的最后一帧图像
2025-05-16 10:27:43 [INFO] 正在获取图像，尝试 1/1000 (已耗时: 0.0秒)
2025-05-16 10:27:46 [INFO] 图像质量: 模糊 拉普拉斯变异度低 (0.02 < 100) | Sobel梯度均值低 (0.02 < 20) | 边缘检测点少 (0.00% < 1.0%) | 高频能量正常 (82.46)
2025-05-16 10:27:46 [WARNING] 图像模糊，尝试重新获取 (第1次尝试)
2025-05-16 10:27:47 [INFO] 正在获取图像，尝试 2/1000 (已耗时: 4.0秒)
2025-05-16 10:27:50 [INFO] 图像质量: 模糊 拉普拉斯变异度低 (0.03 < 100) | Sobel梯度均值低 (0.03 < 20) | 边缘检测点少 (0.00% < 1.0%) | 高频能量正常 (90.77)
2025-05-16 10:27:50 [WARNING] 图像模糊，尝试重新获取 (第2次尝试)
2025-05-16 10:27:51 [INFO] 正在获取图像，尝试 3/1000 (已耗时: 8.0秒)
2025-05-16 10:27:54 [INFO] 图像质量: 模糊 拉普拉斯变异度低 (0.02 < 100) | Sobel梯度均值低 (0.02 < 20) | 边缘检测点少 (0.00% < 1.0%) | 高频能量正常 (84.43)
2025-05-16 10:27:54 [WARNING] 图像模糊，尝试重新获取 (第3次尝试)
2025-05-16 10:27:55 [INFO] 正在获取图像，尝试 4/1000 (已耗时: 11.9秒)
2025-05-16 10:27:58 [INFO] 图像质量: 模糊 拉普拉斯变异度低 (0.02 < 100) | Sobel梯度均值低 (0.02 < 20) | 边缘检测点少 (0.00% < 1.0%) | 高频能量正常 (86.57)
2025-05-16 10:27:58 [WARNING] 图像模糊，尝试重新获取 (第4次尝试)
2025-05-16 10:27:59 [INFO] 正在获取图像，尝试 5/1000 (已耗时: 16.0秒)
2025-05-16 10:28:02 [INFO] 图像质量: 模糊 拉普拉斯变异度低 (0.03 < 100) | Sobel梯度均值低 (0.03 < 20) | 边缘检测点少 (0.00% < 1.0%) | 高频能量正常 (88.22)
2025-05-16 10:28:02 [WARNING] 图像模糊，尝试重新获取 (第5次尝试)
2025-05-16 10:28:03 [INFO] 正在获取图像，尝试 6/1000 (已耗时: 20.0秒)
2025-05-16 10:28:06 [INFO] 图像质量: 模糊 拉普拉斯变异度低 (0.09 < 100) | Sobel梯度均值低 (0.03 < 20) | 边缘检测点少 (0.00% < 1.0%) | 高频能量正常 (102.67)
2025-05-16 10:28:06 [WARNING] 图像模糊，尝试重新获取 (第6次尝试)
2025-05-16 10:28:07 [INFO] 正在获取图像，尝试 7/1000 (已耗时: 24.0秒)
2025-05-16 10:28:10 [INFO] 图像质量: 模糊 拉普拉斯变异度低 (0.03 < 100) | Sobel梯度均值低 (0.03 < 20) | 边缘检测点少 (0.00% < 1.0%) | 高频能量正常 (88.80)
2025-05-16 10:28:10 [WARNING] 图像模糊，尝试重新获取 (第7次尝试)
2025-05-16 10:28:11 [INFO] 正在获取图像，尝试 8/1000 (已耗时: 27.9秒)
2025-05-16 10:28:14 [INFO] 图像质量: 模糊 拉普拉斯变异度低 (0.03 < 100) | Sobel梯度均值低 (0.03 < 20) | 边缘检测点少 (0.00% < 1.0%) | 高频能量正常 (89.35)
2025-05-16 10:28:14 [WARNING] 图像模糊，尝试重新获取 (第8次尝试)
2025-05-16 10:28:15 [ERROR] 获取清晰图像超时 (30秒)
2025-05-16 10:28:15 [WARNING] 返回超时前的最后一帧图像
2025-05-16 10:28:15 [INFO] 正在获取图像，尝试 1/1000 (已耗时: 0.0秒)
2025-05-16 10:28:18 [INFO] 图像质量: 模糊 拉普拉斯变异度低 (0.04 < 100) | Sobel梯度均值低 (0.02 < 20) | 边缘检测点少 (0.00% < 1.0%) | 高频能量正常 (93.60)
2025-05-16 10:28:18 [WARNING] 图像模糊，尝试重新获取 (第1次尝试)
2025-05-16 10:28:19 [INFO] 正在获取图像，尝试 2/1000 (已耗时: 3.9秒)
2025-05-16 10:28:22 [INFO] 图像质量: 模糊 拉普拉斯变异度低 (0.01 < 100) | Sobel梯度均值低 (0.01 < 20) | 边缘检测点少 (0.00% < 1.0%) | 高频能量正常 (79.02)
2025-05-16 10:28:22 [WARNING] 图像模糊，尝试重新获取 (第2次尝试)
2025-05-16 10:28:23 [INFO] 正在获取图像，尝试 3/1000 (已耗时: 7.9秒)
2025-05-16 10:28:26 [INFO] 图像质量: 模糊 拉普拉斯变异度低 (0.02 < 100) | Sobel梯度均值低 (0.02 < 20) | 边缘检测点少 (0.00% < 1.0%) | 高频能量正常 (84.91)
2025-05-16 10:28:26 [WARNING] 图像模糊，尝试重新获取 (第3次尝试)
2025-05-16 10:28:27 [INFO] 正在获取图像，尝试 4/1000 (已耗时: 11.9秒)
2025-05-16 10:28:30 [INFO] 图像质量: 模糊 拉普拉斯变异度低 (0.01 < 100) | Sobel梯度均值低 (0.02 < 20) | 边缘检测点少 (0.00% < 1.0%) | 高频能量正常 (80.93)
2025-05-16 10:28:30 [WARNING] 图像模糊，尝试重新获取 (第4次尝试)
2025-05-16 10:28:31 [INFO] 正在获取图像，尝试 5/1000 (已耗时: 15.9秒)
2025-05-16 10:28:34 [INFO] 图像质量: 模糊 拉普拉斯变异度低 (0.01 < 100) | Sobel梯度均值低 (0.02 < 20) | 边缘检测点少 (0.00% < 1.0%) | 高频能量正常 (77.04)
2025-05-16 10:28:34 [WARNING] 图像模糊，尝试重新获取 (第5次尝试)
2025-05-16 10:28:35 [INFO] 正在获取图像，尝试 6/1000 (已耗时: 19.9秒)
2025-05-16 10:28:38 [INFO] 图像质量: 模糊 拉普拉斯变异度低 (11.79 < 100) | Sobel梯度均值低 (2.95 < 20) | 边缘检测点少 (0.21% < 1.0%) | 高频能量正常 (143.84)
2025-05-16 10:28:38 [WARNING] 图像模糊，尝试重新获取 (第6次尝试)
2025-05-16 10:28:39 [INFO] 正在获取图像，尝试 7/1000 (已耗时: 24.0秒)
2025-05-16 10:28:42 [INFO] 图像质量: 模糊 拉普拉斯变异度低 (10.49 < 100) | Sobel梯度均值低 (2.16 < 20) | 边缘检测点少 (0.17% < 1.0%) | 高频能量正常 (143.88)
2025-05-16 10:28:42 [WARNING] 图像模糊，尝试重新获取 (第7次尝试)
2025-05-16 10:28:43 [INFO] 正在获取图像，尝试 8/1000 (已耗时: 27.9秒)
2025-05-16 10:28:46 [INFO] 图像质量: 模糊 拉普拉斯变异度低 (0.15 < 100) | Sobel梯度均值低 (0.22 < 20) | 边缘检测点少 (0.00% < 1.0%) | 高频能量正常 (102.24)
2025-05-16 10:28:46 [WARNING] 图像模糊，尝试重新获取 (第8次尝试)
2025-05-16 10:28:46 [ERROR] 获取清晰图像超时 (30秒)
2025-05-16 10:28:46 [WARNING] 返回超时前的最后一帧图像
