2025-05-11 19:59:39 [INFO] 正在获取图像，尝试 1/30 (已耗时: 0.0秒)
2025-05-11 19:59:42 [INFO] 图像质量: 模糊 拉普拉斯变异度低 (0.13 < 100) | Sobel梯度均值低 (0.27 < 20) | 边缘检测点少 (0.00% < 1.0%) | 高频能量正常 (106.52)
2025-05-11 19:59:42 [WARNING] 图像模糊，尝试重新获取 (第1次尝试)
2025-05-11 19:59:43 [INFO] 正在获取图像，尝试 2/30 (已耗时: 4.0秒)
2025-05-11 19:59:46 [INFO] 图像质量: 模糊 拉普拉斯变异度低 (0.10 < 100) | Sobel梯度均值低 (0.21 < 20) | 边缘检测点少 (0.00% < 1.0%) | 高频能量正常 (102.97)
2025-05-11 19:59:46 [WARNING] 图像模糊，尝试重新获取 (第2次尝试)
2025-05-11 19:59:47 [INFO] 正在获取图像，尝试 3/30 (已耗时: 7.9秒)
2025-05-11 19:59:50 [INFO] 图像质量: 模糊 拉普拉斯变异度低 (0.09 < 100) | Sobel梯度均值低 (0.19 < 20) | 边缘检测点少 (0.00% < 1.0%) | 高频能量正常 (101.71)
2025-05-11 19:59:50 [WARNING] 图像模糊，尝试重新获取 (第3次尝试)
2025-05-11 19:59:51 [INFO] 正在获取图像，尝试 4/30 (已耗时: 11.8秒)
2025-05-11 19:59:54 [INFO] 图像质量: 模糊 拉普拉斯变异度低 (0.12 < 100) | Sobel梯度均值低 (0.25 < 20) | 边缘检测点少 (0.00% < 1.0%) | 高频能量正常 (105.27)
2025-05-11 19:59:54 [WARNING] 图像模糊，尝试重新获取 (第4次尝试)
2025-05-11 19:59:55 [INFO] 正在获取图像，尝试 5/30 (已耗时: 15.7秒)
2025-05-11 19:59:58 [INFO] 图像质量: 模糊 拉普拉斯变异度低 (0.14 < 100) | Sobel梯度均值低 (0.26 < 20) | 边缘检测点少 (0.00% < 1.0%) | 高频能量正常 (106.61)
2025-05-11 19:59:58 [WARNING] 图像模糊，尝试重新获取 (第5次尝试)
2025-05-11 19:59:59 [INFO] 正在获取图像，尝试 6/30 (已耗时: 19.7秒)
2025-05-11 20:00:02 [INFO] 图像质量: 模糊 拉普拉斯变异度低 (0.15 < 100) | Sobel梯度均值低 (0.29 < 20) | 边缘检测点少 (0.00% < 1.0%) | 高频能量正常 (106.83)
2025-05-11 20:00:02 [WARNING] 图像模糊，尝试重新获取 (第6次尝试)
2025-05-11 20:00:03 [INFO] 正在获取图像，尝试 7/30 (已耗时: 23.7秒)
2025-05-11 20:00:06 [INFO] 图像质量: 模糊 拉普拉斯变异度低 (0.13 < 100) | Sobel梯度均值低 (0.23 < 20) | 边缘检测点少 (0.00% < 1.0%) | 高频能量正常 (105.79)
2025-05-11 20:00:06 [WARNING] 图像模糊，尝试重新获取 (第7次尝试)
2025-05-11 20:00:07 [INFO] 正在获取图像，尝试 8/30 (已耗时: 27.6秒)
2025-05-11 20:00:10 [INFO] 图像质量: 模糊 拉普拉斯变异度低 (0.15 < 100) | Sobel梯度均值低 (0.29 < 20) | 边缘检测点少 (0.00% < 1.0%) | 高频能量正常 (107.51)
2025-05-11 20:00:10 [WARNING] 图像模糊，尝试重新获取 (第8次尝试)
2025-05-11 20:00:11 [ERROR] 获取清晰图像超时 (30秒)
2025-05-11 20:00:11 [WARNING] 返回超时前的最后一帧图像
2025-05-11 20:00:14 [INFO] 正在获取图像，尝试 1/30 (已耗时: 0.0秒)
2025-05-11 20:00:17 [INFO] 图像质量: 模糊 拉普拉斯变异度低 (0.12 < 100) | Sobel梯度均值低 (0.26 < 20) | 边缘检测点少 (0.00% < 1.0%) | 高频能量正常 (105.08)
2025-05-11 20:00:17 [WARNING] 图像模糊，尝试重新获取 (第1次尝试)
2025-05-11 20:00:18 [INFO] 正在获取图像，尝试 2/30 (已耗时: 3.9秒)
2025-05-11 20:00:21 [INFO] 图像质量: 模糊 拉普拉斯变异度低 (0.13 < 100) | Sobel梯度均值低 (0.27 < 20) | 边缘检测点少 (0.00% < 1.0%) | 高频能量正常 (106.33)
2025-05-11 20:00:21 [WARNING] 图像模糊，尝试重新获取 (第2次尝试)
2025-05-11 20:00:22 [INFO] 正在获取图像，尝试 3/30 (已耗时: 8.0秒)
2025-05-11 20:00:25 [INFO] 图像质量: 模糊 拉普拉斯变异度低 (0.13 < 100) | Sobel梯度均值低 (0.27 < 20) | 边缘检测点少 (0.00% < 1.0%) | 高频能量正常 (106.11)
2025-05-11 20:00:25 [WARNING] 图像模糊，尝试重新获取 (第3次尝试)
2025-05-11 20:00:26 [INFO] 正在获取图像，尝试 4/30 (已耗时: 12.0秒)
2025-05-11 20:00:29 [INFO] 图像质量: 模糊 拉普拉斯变异度低 (0.12 < 100) | Sobel梯度均值低 (0.26 < 20) | 边缘检测点少 (0.00% < 1.0%) | 高频能量正常 (105.46)
2025-05-11 20:00:29 [WARNING] 图像模糊，尝试重新获取 (第4次尝试)
2025-05-11 20:00:30 [INFO] 正在获取图像，尝试 5/30 (已耗时: 16.0秒)
2025-05-11 20:00:33 [INFO] 图像质量: 模糊 拉普拉斯变异度低 (0.14 < 100) | Sobel梯度均值低 (0.26 < 20) | 边缘检测点少 (0.00% < 1.0%) | 高频能量正常 (107.09)
2025-05-11 20:00:33 [WARNING] 图像模糊，尝试重新获取 (第5次尝试)
2025-05-11 20:00:34 [INFO] 正在获取图像，尝试 6/30 (已耗时: 20.0秒)
2025-05-11 20:00:37 [INFO] 图像质量: 模糊 拉普拉斯变异度低 (0.12 < 100) | Sobel梯度均值低 (0.25 < 20) | 边缘检测点少 (0.00% < 1.0%) | 高频能量正常 (105.44)
2025-05-11 20:00:37 [WARNING] 图像模糊，尝试重新获取 (第6次尝试)
2025-05-11 20:00:38 [INFO] 正在获取图像，尝试 7/30 (已耗时: 24.0秒)
2025-05-11 20:00:41 [INFO] 图像质量: 模糊 拉普拉斯变异度低 (0.13 < 100) | Sobel梯度均值低 (0.26 < 20) | 边缘检测点少 (0.00% < 1.0%) | 高频能量正常 (106.01)
2025-05-11 20:00:41 [WARNING] 图像模糊，尝试重新获取 (第7次尝试)
2025-05-11 20:00:42 [INFO] 正在获取图像，尝试 8/30 (已耗时: 28.0秒)
2025-05-11 20:00:45 [INFO] 图像质量: 模糊 拉普拉斯变异度低 (0.10 < 100) | Sobel梯度均值低 (0.20 < 20) | 边缘检测点少 (0.00% < 1.0%) | 高频能量正常 (103.00)
2025-05-11 20:00:45 [WARNING] 图像模糊，尝试重新获取 (第8次尝试)
2025-05-11 20:00:45 [ERROR] 获取清晰图像超时 (30秒)
2025-05-11 20:00:45 [WARNING] 返回超时前的最后一帧图像
2025-05-11 20:00:48 [INFO] 正在获取图像，尝试 1/30 (已耗时: 0.0秒)
2025-05-11 20:00:52 [INFO] 图像质量: 模糊 拉普拉斯变异度低 (0.11 < 100) | Sobel梯度均值低 (0.20 < 20) | 边缘检测点少 (0.00% < 1.0%) | 高频能量正常 (103.43)
2025-05-11 20:00:52 [WARNING] 图像模糊，尝试重新获取 (第1次尝试)
2025-05-11 20:00:52 [INFO] 正在获取图像，尝试 2/30 (已耗时: 3.9秒)
2025-05-11 20:00:56 [INFO] 图像质量: 模糊 拉普拉斯变异度低 (0.86 < 100) | Sobel梯度均值低 (0.30 < 20) | 边缘检测点少 (0.00% < 1.0%) | 高频能量正常 (125.26)
2025-05-11 20:00:56 [WARNING] 图像模糊，尝试重新获取 (第2次尝试)
2025-05-11 20:00:56 [INFO] 正在获取图像，尝试 3/30 (已耗时: 8.0秒)
2025-05-11 20:01:00 [INFO] 图像质量: 模糊 拉普拉斯变异度低 (1.25 < 100) | Sobel梯度均值低 (0.33 < 20) | 边缘检测点少 (0.01% < 1.0%) | 高频能量正常 (129.46)
2025-05-11 20:01:00 [WARNING] 图像模糊，尝试重新获取 (第3次尝试)
2025-05-11 20:01:00 [INFO] 正在获取图像，尝试 4/30 (已耗时: 11.9秒)
2025-05-11 20:01:04 [INFO] 图像质量: 模糊 拉普拉斯变异度低 (0.14 < 100) | Sobel梯度均值低 (0.26 < 20) | 边缘检测点少 (0.00% < 1.0%) | 高频能量正常 (106.43)
2025-05-11 20:01:04 [WARNING] 图像模糊，尝试重新获取 (第4次尝试)
2025-05-11 20:01:04 [INFO] 正在获取图像，尝试 5/30 (已耗时: 15.9秒)
2025-05-11 20:01:08 [INFO] 图像质量: 模糊 拉普拉斯变异度低 (0.17 < 100) | Sobel梯度均值低 (0.28 < 20) | 边缘检测点少 (0.00% < 1.0%) | 高频能量正常 (108.56)
2025-05-11 20:01:08 [WARNING] 图像模糊，尝试重新获取 (第5次尝试)
2025-05-11 20:01:08 [INFO] 正在获取图像，尝试 6/30 (已耗时: 19.9秒)
2025-05-11 20:01:12 [INFO] 图像质量: 模糊 拉普拉斯变异度低 (2.32 < 100) | Sobel梯度均值低 (0.36 < 20) | 边缘检测点少 (0.01% < 1.0%) | 高频能量正常 (133.79)
2025-05-11 20:01:12 [WARNING] 图像模糊，尝试重新获取 (第6次尝试)
2025-05-11 20:01:12 [INFO] 正在获取图像，尝试 7/30 (已耗时: 23.9秒)
2025-05-11 20:01:16 [INFO] 图像质量: 模糊 拉普拉斯变异度低 (1.00 < 100) | Sobel梯度均值低 (0.31 < 20) | 边缘检测点少 (0.01% < 1.0%) | 高频能量正常 (126.67)
2025-05-11 20:01:16 [WARNING] 图像模糊，尝试重新获取 (第7次尝试)
2025-05-11 20:01:16 [INFO] 正在获取图像，尝试 8/30 (已耗时: 27.9秒)
2025-05-11 20:01:20 [INFO] 图像质量: 模糊 拉普拉斯变异度低 (1.24 < 100) | Sobel梯度均值低 (0.30 < 20) | 边缘检测点少 (0.01% < 1.0%) | 高频能量正常 (128.94)
2025-05-11 20:01:20 [WARNING] 图像模糊，尝试重新获取 (第8次尝试)
2025-05-11 20:01:20 [ERROR] 获取清晰图像超时 (30秒)
2025-05-11 20:01:20 [WARNING] 返回超时前的最后一帧图像
2025-05-11 20:01:23 [INFO] 正在获取图像，尝试 1/30 (已耗时: 0.0秒)
2025-05-11 20:01:27 [INFO] 图像质量: 模糊 拉普拉斯变异度低 (0.13 < 100) | Sobel梯度均值低 (0.26 < 20) | 边缘检测点少 (0.00% < 1.0%) | 高频能量正常 (106.24)
2025-05-11 20:01:27 [WARNING] 图像模糊，尝试重新获取 (第1次尝试)
2025-05-11 20:01:27 [INFO] 正在获取图像，尝试 2/30 (已耗时: 3.9秒)
2025-05-11 20:01:31 [INFO] 图像质量: 模糊 拉普拉斯变异度低 (0.71 < 100) | Sobel梯度均值低 (0.28 < 20) | 边缘检测点少 (0.00% < 1.0%) | 高频能量正常 (123.12)
2025-05-11 20:01:31 [WARNING] 图像模糊，尝试重新获取 (第2次尝试)
2025-05-11 20:01:31 [INFO] 正在获取图像，尝试 3/30 (已耗时: 7.9秒)
2025-05-11 20:01:35 [INFO] 图像质量: 模糊 拉普拉斯变异度低 (0.09 < 100) | Sobel梯度均值低 (0.19 < 20) | 边缘检测点少 (0.00% < 1.0%) | 高频能量正常 (102.26)
2025-05-11 20:01:35 [WARNING] 图像模糊，尝试重新获取 (第3次尝试)
2025-05-11 20:01:35 [INFO] 正在获取图像，尝试 4/30 (已耗时: 11.8秒)
2025-05-11 20:01:39 [INFO] 图像质量: 模糊 拉普拉斯变异度低 (0.12 < 100) | Sobel梯度均值低 (0.25 < 20) | 边缘检测点少 (0.00% < 1.0%) | 高频能量正常 (105.23)
2025-05-11 20:01:39 [WARNING] 图像模糊，尝试重新获取 (第4次尝试)
2025-05-11 20:01:39 [INFO] 正在获取图像，尝试 5/30 (已耗时: 15.7秒)
2025-05-11 20:01:43 [INFO] 图像质量: 模糊 拉普拉斯变异度低 (0.10 < 100) | Sobel梯度均值低 (0.21 < 20) | 边缘检测点少 (0.00% < 1.0%) | 高频能量正常 (103.62)
2025-05-11 20:01:43 [WARNING] 图像模糊，尝试重新获取 (第5次尝试)
2025-05-11 20:01:43 [INFO] 正在获取图像，尝试 6/30 (已耗时: 19.7秒)
2025-05-11 20:01:47 [INFO] 图像质量: 模糊 拉普拉斯变异度低 (0.09 < 100) | Sobel梯度均值低 (0.20 < 20) | 边缘检测点少 (0.00% < 1.0%) | 高频能量正常 (102.56)
2025-05-11 20:01:47 [WARNING] 图像模糊，尝试重新获取 (第6次尝试)
2025-05-11 20:01:47 [INFO] 正在获取图像，尝试 7/30 (已耗时: 23.6秒)
2025-05-11 20:01:50 [INFO] 图像质量: 模糊 拉普拉斯变异度低 (0.14 < 100) | Sobel梯度均值低 (0.27 < 20) | 边缘检测点少 (0.00% < 1.0%) | 高频能量正常 (107.23)
2025-05-11 20:01:50 [WARNING] 图像模糊，尝试重新获取 (第7次尝试)
2025-05-11 20:01:51 [INFO] 正在获取图像，尝试 8/30 (已耗时: 27.5秒)
2025-05-11 20:01:55 [INFO] 图像质量: 模糊 拉普拉斯变异度低 (0.14 < 100) | Sobel梯度均值低 (0.26 < 20) | 边缘检测点少 (0.00% < 1.0%) | 高频能量正常 (107.16)
2025-05-11 20:01:55 [WARNING] 图像模糊，尝试重新获取 (第8次尝试)
2025-05-11 20:01:55 [ERROR] 获取清晰图像超时 (30秒)
2025-05-11 20:01:55 [WARNING] 返回超时前的最后一帧图像
2025-05-11 20:01:58 [INFO] 正在获取图像，尝试 1/30 (已耗时: 0.0秒)
2025-05-11 20:02:01 [INFO] 图像质量: 模糊 拉普拉斯变异度低 (0.17 < 100) | Sobel梯度均值低 (0.30 < 20) | 边缘检测点少 (0.00% < 1.0%) | 高频能量正常 (109.44)
2025-05-11 20:02:01 [WARNING] 图像模糊，尝试重新获取 (第1次尝试)
2025-05-11 20:02:02 [INFO] 正在获取图像，尝试 2/30 (已耗时: 3.9秒)
2025-05-11 20:02:06 [INFO] 图像质量: 模糊 拉普拉斯变异度低 (0.16 < 100) | Sobel梯度均值低 (0.30 < 20) | 边缘检测点少 (0.00% < 1.0%) | 高频能量正常 (108.93)
2025-05-11 20:02:06 [WARNING] 图像模糊，尝试重新获取 (第2次尝试)
2025-05-11 20:02:06 [INFO] 正在获取图像，尝试 3/30 (已耗时: 8.0秒)
2025-05-11 20:02:09 [INFO] 图像质量: 模糊 拉普拉斯变异度低 (0.18 < 100) | Sobel梯度均值低 (0.32 < 20) | 边缘检测点少 (0.00% < 1.0%) | 高频能量正常 (109.74)
2025-05-11 20:02:09 [WARNING] 图像模糊，尝试重新获取 (第3次尝试)
2025-05-11 20:02:10 [INFO] 正在获取图像，尝试 4/30 (已耗时: 11.9秒)
2025-05-11 20:02:13 [INFO] 图像质量: 模糊 拉普拉斯变异度低 (0.17 < 100) | Sobel梯度均值低 (0.32 < 20) | 边缘检测点少 (0.00% < 1.0%) | 高频能量正常 (109.11)
2025-05-11 20:02:13 [WARNING] 图像模糊，尝试重新获取 (第4次尝试)
2025-05-11 20:02:14 [INFO] 正在获取图像，尝试 5/30 (已耗时: 15.9秒)
2025-05-11 20:02:17 [INFO] 图像质量: 模糊 拉普拉斯变异度低 (0.38 < 100) | Sobel梯度均值低 (0.33 < 20) | 边缘检测点少 (0.00% < 1.0%) | 高频能量正常 (118.22)
2025-05-11 20:02:17 [WARNING] 图像模糊，尝试重新获取 (第5次尝试)
2025-05-11 20:02:18 [INFO] 正在获取图像，尝试 6/30 (已耗时: 19.8秒)
2025-05-11 20:02:21 [INFO] 图像质量: 清晰 拉普拉斯变异度正常 (263.38) | Sobel梯度均值正常 (30.86) | 边缘检测点正常 (2.79%) | 高频能量正常 (179.03)
2025-05-11 20:02:21 [INFO] 图像清晰度良好，可以进行检测
