2025-05-11 20:19:17 [INFO] 正在获取图像，尝试 1/30 (已耗时: 0.0秒)
2025-05-11 20:19:21 [INFO] 图像质量: 模糊 拉普拉斯变异度低 (0.04 < 100) | Sobel梯度均值低 (0.10 < 20) | 边缘检测点少 (0.00% < 1.0%) | 高频能量正常 (93.15)
2025-05-11 20:19:21 [WARNING] 图像模糊，尝试重新获取 (第1次尝试)
2025-05-11 20:19:21 [INFO] 正在获取图像，尝试 2/30 (已耗时: 4.2秒)
2025-05-11 20:19:25 [INFO] 图像质量: 模糊 拉普拉斯变异度低 (0.07 < 100) | Sobel梯度均值低 (0.14 < 20) | 边缘检测点少 (0.00% < 1.0%) | 高频能量正常 (98.60)
2025-05-11 20:19:25 [WARNING] 图像模糊，尝试重新获取 (第2次尝试)
2025-05-11 20:19:25 [INFO] 正在获取图像，尝试 3/30 (已耗时: 8.3秒)
2025-05-11 20:19:29 [INFO] 图像质量: 模糊 拉普拉斯变异度低 (0.06 < 100) | Sobel梯度均值低 (0.14 < 20) | 边缘检测点少 (0.00% < 1.0%) | 高频能量正常 (98.21)
2025-05-11 20:19:29 [WARNING] 图像模糊，尝试重新获取 (第3次尝试)
2025-05-11 20:19:29 [INFO] 正在获取图像，尝试 4/30 (已耗时: 12.5秒)
2025-05-11 20:19:33 [INFO] 图像质量: 模糊 拉普拉斯变异度低 (0.62 < 100) | Sobel梯度均值低 (0.17 < 20) | 边缘检测点少 (0.00% < 1.0%) | 高频能量正常 (122.29)
2025-05-11 20:19:33 [WARNING] 图像模糊，尝试重新获取 (第4次尝试)
2025-05-11 20:19:34 [INFO] 正在获取图像，尝试 5/30 (已耗时: 16.7秒)
2025-05-11 20:19:37 [INFO] 图像质量: 模糊 拉普拉斯变异度低 (0.07 < 100) | Sobel梯度均值低 (0.15 < 20) | 边缘检测点少 (0.00% < 1.0%) | 高频能量正常 (100.02)
2025-05-11 20:19:37 [WARNING] 图像模糊，尝试重新获取 (第5次尝试)
2025-05-11 20:19:38 [INFO] 正在获取图像，尝试 6/30 (已耗时: 20.9秒)
2025-05-11 20:19:41 [INFO] 图像质量: 清晰 拉普拉斯变异度正常 (263.22) | Sobel梯度均值正常 (27.66) | 边缘检测点正常 (2.47%) | 高频能量正常 (178.34)
2025-05-11 20:19:41 [INFO] 图像清晰度良好，可以进行检测
2025-05-11 20:20:02 [INFO] 正在获取图像，尝试 1/30 (已耗时: 0.0秒)
2025-05-11 20:20:05 [INFO] 图像质量: 模糊 拉普拉斯变异度低 (0.04 < 100) | Sobel梯度均值低 (0.10 < 20) | 边缘检测点少 (0.00% < 1.0%) | 高频能量正常 (94.24)
2025-05-11 20:20:05 [WARNING] 图像模糊，尝试重新获取 (第1次尝试)
2025-05-11 20:20:06 [INFO] 正在获取图像，尝试 2/30 (已耗时: 4.2秒)
2025-05-11 20:20:10 [INFO] 图像质量: 清晰 拉普拉斯变异度正常 (262.30) | Sobel梯度均值正常 (27.64) | 边缘检测点正常 (2.46%) | 高频能量正常 (178.33)
2025-05-11 20:20:10 [INFO] 图像清晰度良好，可以进行检测
