2025-05-06 15:01:43 [INFO] 正在获取图像，尝试 1/10 (已耗时: 0.0秒)
2025-05-06 15:01:43 [ERROR] 获取图像失败: OpenCV(4.11.0) D:\a\opencv-python\opencv-python\opencv\modules\imgcodecs\src\loadsave.cpp:929: error: (-215:Assertion failed) !_img.empty() in function 'cv::imwrite'

2025-05-06 15:01:44 [INFO] 正在获取图像，尝试 2/10 (已耗时: 0.6秒)
2025-05-06 15:01:44 [ERROR] 获取图像失败: OpenCV(4.11.0) D:\a\opencv-python\opencv-python\opencv\modules\imgcodecs\src\loadsave.cpp:929: error: (-215:Assertion failed) !_img.empty() in function 'cv::imwrite'

2025-05-06 15:01:44 [INFO] 正在获取图像，尝试 3/10 (已耗时: 1.1秒)
2025-05-06 15:01:48 [INFO] 图像质量: 模糊 拉普拉斯变异度正常 (126.07) | Sobel梯度均值低 (18.82 < 20) | 边缘检测点正常 (1.28%) | 高频能量正常 (170.64)
2025-05-06 15:01:48 [WARNING] 图像模糊，尝试重新获取 (第3次尝试)
2025-05-06 15:01:49 [INFO] 正在获取图像，尝试 4/10 (已耗时: 5.9秒)
2025-05-06 15:01:52 [INFO] 图像质量: 模糊 拉普拉斯变异度低 (1.04 < 100) | Sobel梯度均值低 (0.18 < 20) | 边缘检测点少 (0.00% < 1.0%) | 高频能量正常 (125.19)
2025-05-06 15:01:52 [WARNING] 图像模糊，尝试重新获取 (第4次尝试)
2025-05-06 15:01:53 [INFO] 正在获取图像，尝试 5/10 (已耗时: 9.8秒)
2025-05-06 15:01:56 [INFO] 图像质量: 模糊 拉普拉斯变异度低 (0.04 < 100) | Sobel梯度均值低 (0.10 < 20) | 边缘检测点少 (0.00% < 1.0%) | 高频能量正常 (93.83)
2025-05-06 15:01:56 [WARNING] 图像模糊，尝试重新获取 (第5次尝试)
2025-05-06 15:01:57 [INFO] 正在获取图像，尝试 6/10 (已耗时: 13.7秒)
2025-05-06 15:02:00 [INFO] 图像质量: 模糊 拉普拉斯变异度正常 (126.86) | Sobel梯度均值低 (18.83 < 20) | 边缘检测点正常 (1.29%) | 高频能量正常 (170.75)
2025-05-06 15:02:00 [WARNING] 图像模糊，尝试重新获取 (第6次尝试)
2025-05-06 15:02:01 [INFO] 正在获取图像，尝试 7/10 (已耗时: 17.7秒)
2025-05-06 15:02:04 [INFO] 图像质量: 模糊 拉普拉斯变异度正常 (127.22) | Sobel梯度均值低 (18.83 < 20) | 边缘检测点正常 (1.28%) | 高频能量正常 (170.73)
2025-05-06 15:02:04 [WARNING] 图像模糊，尝试重新获取 (第7次尝试)
2025-05-06 15:02:05 [INFO] 正在获取图像，尝试 8/10 (已耗时: 21.7秒)
2025-05-06 15:02:08 [INFO] 图像质量: 模糊 拉普拉斯变异度正常 (127.10) | Sobel梯度均值低 (18.86 < 20) | 边缘检测点正常 (1.28%) | 高频能量正常 (170.79)
2025-05-06 15:02:08 [WARNING] 图像模糊，尝试重新获取 (第8次尝试)
2025-05-06 15:02:09 [INFO] 正在获取图像，尝试 9/10 (已耗时: 25.8秒)
2025-05-06 15:02:12 [INFO] 图像质量: 模糊 拉普拉斯变异度正常 (127.59) | Sobel梯度均值低 (18.85 < 20) | 边缘检测点正常 (1.31%) | 高频能量正常 (170.82)
2025-05-06 15:02:12 [WARNING] 图像模糊，尝试重新获取 (第9次尝试)
2025-05-06 15:02:13 [INFO] 正在获取图像，尝试 10/10 (已耗时: 29.7秒)
2025-05-06 15:02:16 [INFO] 图像质量: 模糊 拉普拉斯变异度低 (0.66 < 100) | Sobel梯度均值低 (0.16 < 20) | 边缘检测点少 (0.00% < 1.0%) | 高频能量正常 (121.59)
2025-05-06 15:02:16 [WARNING] 图像模糊，尝试重新获取 (第10次尝试)
2025-05-06 15:02:17 [WARNING] 在10次尝试后未能获取清晰图像，使用最后一次获取的图像
