2025-05-06 14:58:41 [INFO] 正在获取图像，尝试 1/10 (已耗时: 0.0秒)
2025-05-06 14:58:44 [INFO] 图像质量: 模糊 拉普拉斯变异度低 (0.09 < 100) | Sobel梯度均值低 (0.14 < 20) | 边缘检测点少 (0.00% < 1.0%) | 高频能量正常 (103.02)
2025-05-06 14:58:44 [WARNING] 图像模糊，尝试重新获取 (第1次尝试)
2025-05-06 14:58:45 [INFO] 正在获取图像，尝试 2/10 (已耗时: 3.9秒)
2025-05-06 14:58:48 [INFO] 图像质量: 模糊 拉普拉斯变异度低 (0.45 < 100) | Sobel梯度均值低 (0.16 < 20) | 边缘检测点少 (0.00% < 1.0%) | 高频能量正常 (118.98)
2025-05-06 14:58:48 [WARNING] 图像模糊，尝试重新获取 (第2次尝试)
2025-05-06 14:58:49 [INFO] 正在获取图像，尝试 3/10 (已耗时: 7.8秒)
2025-05-06 14:58:52 [INFO] 图像质量: 模糊 拉普拉斯变异度正常 (120.42) | Sobel梯度均值低 (18.41 < 20) | 边缘检测点正常 (1.18%) | 高频能量正常 (170.17)
2025-05-06 14:58:52 [WARNING] 图像模糊，尝试重新获取 (第3次尝试)
2025-05-06 14:58:53 [INFO] 正在获取图像，尝试 4/10 (已耗时: 11.9秒)
2025-05-06 14:58:56 [INFO] 图像质量: 模糊 拉普拉斯变异度正常 (120.69) | Sobel梯度均值低 (18.40 < 20) | 边缘检测点正常 (1.18%) | 高频能量正常 (170.15)
2025-05-06 14:58:56 [WARNING] 图像模糊，尝试重新获取 (第4次尝试)
2025-05-06 14:58:57 [INFO] 正在获取图像，尝试 5/10 (已耗时: 15.8秒)
2025-05-06 14:59:00 [INFO] 图像质量: 模糊 拉普拉斯变异度正常 (118.87) | Sobel梯度均值低 (18.40 < 20) | 边缘检测点正常 (1.19%) | 高频能量正常 (169.87)
2025-05-06 14:59:00 [WARNING] 图像模糊，尝试重新获取 (第5次尝试)
2025-05-06 14:59:01 [INFO] 正在获取图像，尝试 6/10 (已耗时: 19.8秒)
2025-05-06 14:59:04 [INFO] 图像质量: 模糊 拉普拉斯变异度正常 (119.38) | Sobel梯度均值低 (18.39 < 20) | 边缘检测点正常 (1.17%) | 高频能量正常 (170.07)
2025-05-06 14:59:04 [WARNING] 图像模糊，尝试重新获取 (第6次尝试)
2025-05-06 14:59:05 [INFO] 正在获取图像，尝试 7/10 (已耗时: 23.9秒)
2025-05-06 14:59:08 [INFO] 图像质量: 模糊 拉普拉斯变异度低 (0.05 < 100) | Sobel梯度均值低 (0.12 < 20) | 边缘检测点少 (0.00% < 1.0%) | 高频能量正常 (95.24)
2025-05-06 14:59:08 [WARNING] 图像模糊，尝试重新获取 (第7次尝试)
2025-05-06 14:59:09 [INFO] 正在获取图像，尝试 8/10 (已耗时: 27.7秒)
2025-05-06 14:59:12 [INFO] 图像质量: 模糊 拉普拉斯变异度低 (0.07 < 100) | Sobel梯度均值低 (0.16 < 20) | 边缘检测点少 (0.00% < 1.0%) | 高频能量正常 (100.35)
2025-05-06 14:59:12 [WARNING] 图像模糊，尝试重新获取 (第8次尝试)
2025-05-06 14:59:13 [ERROR] 获取清晰图像超时 (30秒)
2025-05-06 14:59:13 [WARNING] 返回超时前的最后一帧图像
