2025-05-12 20:50:48 [INFO] 正在获取图像，尝试 1/30 (已耗时: 0.0秒)
2025-05-12 20:50:51 [INFO] 图像质量: 模糊 拉普拉斯变异度低 (0.02 < 100) | Sobel梯度均值低 (0.02 < 20) | 边缘检测点少 (0.00% < 1.0%) | 高频能量正常 (83.61)
2025-05-12 20:50:51 [WARNING] 图像模糊，尝试重新获取 (第1次尝试)
2025-05-12 20:50:52 [INFO] 正在获取图像，尝试 2/30 (已耗时: 4.1秒)
2025-05-12 20:50:56 [INFO] 图像质量: 模糊 拉普拉斯变异度低 (1.48 < 100) | Sobel梯度均值低 (0.07 < 20) | 边缘检测点少 (0.00% < 1.0%) | 高频能量正常 (128.91)
2025-05-12 20:50:56 [WARNING] 图像模糊，尝试重新获取 (第2次尝试)
2025-05-12 20:50:56 [INFO] 正在获取图像，尝试 3/30 (已耗时: 8.5秒)
2025-05-12 20:51:00 [INFO] 图像质量: 模糊 拉普拉斯变异度低 (0.02 < 100) | Sobel梯度均值低 (0.02 < 20) | 边缘检测点少 (0.00% < 1.0%) | 高频能量正常 (85.67)
2025-05-12 20:51:00 [WARNING] 图像模糊，尝试重新获取 (第3次尝试)
2025-05-12 20:51:01 [INFO] 正在获取图像，尝试 4/30 (已耗时: 12.8秒)
2025-05-12 20:51:04 [INFO] 图像质量: 模糊 拉普拉斯变异度低 (0.45 < 100) | Sobel梯度均值低 (0.18 < 20) | 边缘检测点少 (0.00% < 1.0%) | 高频能量正常 (120.03)
2025-05-12 20:51:04 [WARNING] 图像模糊，尝试重新获取 (第4次尝试)
2025-05-12 20:51:05 [INFO] 正在获取图像，尝试 5/30 (已耗时: 17.0秒)
2025-05-12 20:51:08 [INFO] 图像质量: 模糊 拉普拉斯变异度低 (0.06 < 100) | Sobel梯度均值低 (0.06 < 20) | 边缘检测点少 (0.00% < 1.0%) | 高频能量正常 (98.66)
2025-05-12 20:51:08 [WARNING] 图像模糊，尝试重新获取 (第5次尝试)
2025-05-12 20:51:09 [INFO] 正在获取图像，尝试 6/30 (已耗时: 21.1秒)
2025-05-12 20:51:12 [INFO] 图像质量: 模糊 拉普拉斯变异度低 (0.83 < 100) | Sobel梯度均值低 (0.08 < 20) | 边缘检测点少 (0.00% < 1.0%) | 高频能量正常 (125.40)
2025-05-12 20:51:12 [WARNING] 图像模糊，尝试重新获取 (第6次尝试)
2025-05-12 20:51:13 [INFO] 正在获取图像，尝试 7/30 (已耗时: 25.1秒)
2025-05-12 20:51:17 [INFO] 图像质量: 模糊 拉普拉斯变异度低 (0.62 < 100) | Sobel梯度均值低 (0.08 < 20) | 边缘检测点少 (0.00% < 1.0%) | 高频能量正常 (123.52)
2025-05-12 20:51:17 [WARNING] 图像模糊，尝试重新获取 (第7次尝试)
2025-05-12 20:51:17 [INFO] 正在获取图像，尝试 8/30 (已耗时: 29.5秒)
2025-05-12 20:51:21 [INFO] 图像质量: 模糊 拉普拉斯变异度低 (0.03 < 100) | Sobel梯度均值低 (0.03 < 20) | 边缘检测点少 (0.00% < 1.0%) | 高频能量正常 (90.57)
2025-05-12 20:51:21 [WARNING] 图像模糊，尝试重新获取 (第8次尝试)
2025-05-12 20:51:21 [ERROR] 获取清晰图像超时 (30秒)
2025-05-12 20:51:21 [WARNING] 返回超时前的最后一帧图像
2025-05-12 20:51:24 [INFO] 正在获取图像，尝试 1/30 (已耗时: 0.0秒)
2025-05-12 20:51:28 [INFO] 图像质量: 模糊 拉普拉斯变异度低 (0.48 < 100) | Sobel梯度均值低 (0.18 < 20) | 边缘检测点少 (0.00% < 1.0%) | 高频能量正常 (120.81)
2025-05-12 20:51:28 [WARNING] 图像模糊，尝试重新获取 (第1次尝试)
2025-05-12 20:51:29 [INFO] 正在获取图像，尝试 2/30 (已耗时: 4.2秒)
2025-05-12 20:51:32 [INFO] 图像质量: 模糊 拉普拉斯变异度低 (0.05 < 100) | Sobel梯度均值低 (0.06 < 20) | 边缘检测点少 (0.00% < 1.0%) | 高频能量正常 (96.44)
2025-05-12 20:51:32 [WARNING] 图像模糊，尝试重新获取 (第2次尝试)
2025-05-12 20:51:33 [INFO] 正在获取图像，尝试 3/30 (已耗时: 8.4秒)
2025-05-12 20:51:37 [INFO] 图像质量: 模糊 拉普拉斯变异度低 (0.87 < 100) | Sobel梯度均值低 (0.09 < 20) | 边缘检测点少 (0.00% < 1.0%) | 高频能量正常 (126.55)
2025-05-12 20:51:37 [WARNING] 图像模糊，尝试重新获取 (第3次尝试)
2025-05-12 20:51:37 [INFO] 正在获取图像，尝试 4/30 (已耗时: 12.7秒)
2025-05-12 20:51:41 [INFO] 图像质量: 模糊 拉普拉斯变异度低 (0.04 < 100) | Sobel梯度均值低 (0.04 < 20) | 边缘检测点少 (0.00% < 1.0%) | 高频能量正常 (92.46)
2025-05-12 20:51:41 [WARNING] 图像模糊，尝试重新获取 (第4次尝试)
2025-05-12 20:51:41 [INFO] 正在获取图像，尝试 5/30 (已耗时: 16.8秒)
2025-05-12 20:51:45 [INFO] 图像质量: 模糊 拉普拉斯变异度低 (0.05 < 100) | Sobel梯度均值低 (0.04 < 20) | 边缘检测点少 (0.00% < 1.0%) | 高频能量正常 (95.27)
2025-05-12 20:51:45 [WARNING] 图像模糊，尝试重新获取 (第5次尝试)
2025-05-12 20:51:45 [INFO] 正在获取图像，尝试 6/30 (已耗时: 21.0秒)
2025-05-12 20:51:49 [INFO] 图像质量: 模糊 拉普拉斯变异度低 (0.25 < 100) | Sobel梯度均值低 (0.21 < 20) | 边缘检测点少 (0.00% < 1.0%) | 高频能量正常 (112.43)
2025-05-12 20:51:49 [WARNING] 图像模糊，尝试重新获取 (第6次尝试)
2025-05-12 20:51:50 [INFO] 正在获取图像，尝试 7/30 (已耗时: 25.1秒)
2025-05-12 20:51:53 [INFO] 图像质量: 模糊 拉普拉斯变异度低 (0.01 < 100) | Sobel梯度均值低 (0.01 < 20) | 边缘检测点少 (0.00% < 1.0%) | 高频能量正常 (73.52)
2025-05-12 20:51:53 [WARNING] 图像模糊，尝试重新获取 (第7次尝试)
2025-05-12 20:51:54 [INFO] 正在获取图像，尝试 8/30 (已耗时: 29.2秒)
2025-05-12 20:51:57 [INFO] 图像质量: 模糊 拉普拉斯变异度低 (1.02 < 100) | Sobel梯度均值低 (0.06 < 20) | 边缘检测点少 (0.00% < 1.0%) | 高频能量正常 (125.68)
2025-05-12 20:51:57 [WARNING] 图像模糊，尝试重新获取 (第8次尝试)
2025-05-12 20:51:58 [ERROR] 获取清晰图像超时 (30秒)
2025-05-12 20:51:58 [WARNING] 返回超时前的最后一帧图像
2025-05-12 20:52:01 [INFO] 正在获取图像，尝试 1/30 (已耗时: 0.0秒)
2025-05-12 20:52:05 [INFO] 图像质量: 模糊 拉普拉斯变异度低 (0.06 < 100) | Sobel梯度均值低 (0.06 < 20) | 边缘检测点少 (0.00% < 1.0%) | 高频能量正常 (98.10)
2025-05-12 20:52:05 [WARNING] 图像模糊，尝试重新获取 (第1次尝试)
2025-05-12 20:52:05 [INFO] 正在获取图像，尝试 2/30 (已耗时: 4.1秒)
2025-05-12 20:52:09 [INFO] 图像质量: 模糊 拉普拉斯变异度低 (0.05 < 100) | Sobel梯度均值低 (0.05 < 20) | 边缘检测点少 (0.00% < 1.0%) | 高频能量正常 (94.36)
2025-05-12 20:52:09 [WARNING] 图像模糊，尝试重新获取 (第2次尝试)
2025-05-12 20:52:09 [INFO] 正在获取图像，尝试 3/30 (已耗时: 8.3秒)
2025-05-12 20:52:13 [INFO] 图像质量: 模糊 拉普拉斯变异度低 (0.04 < 100) | Sobel梯度均值低 (0.03 < 20) | 边缘检测点少 (0.00% < 1.0%) | 高频能量正常 (90.84)
2025-05-12 20:52:13 [WARNING] 图像模糊，尝试重新获取 (第3次尝试)
2025-05-12 20:52:14 [INFO] 正在获取图像，尝试 4/30 (已耗时: 12.6秒)
2025-05-12 20:52:17 [INFO] 图像质量: 模糊 拉普拉斯变异度低 (0.02 < 100) | Sobel梯度均值低 (0.02 < 20) | 边缘检测点少 (0.00% < 1.0%) | 高频能量正常 (83.63)
2025-05-12 20:52:17 [WARNING] 图像模糊，尝试重新获取 (第4次尝试)
2025-05-12 20:52:18 [INFO] 正在获取图像，尝试 5/30 (已耗时: 16.9秒)
2025-05-12 20:52:22 [INFO] 图像质量: 模糊 拉普拉斯变异度低 (0.99 < 100) | Sobel梯度均值低 (0.06 < 20) | 边缘检测点少 (0.00% < 1.0%) | 高频能量正常 (127.10)
2025-05-12 20:52:22 [WARNING] 图像模糊，尝试重新获取 (第5次尝试)
2025-05-12 20:52:22 [INFO] 正在获取图像，尝试 6/30 (已耗时: 21.2秒)
2025-05-12 20:52:26 [INFO] 图像质量: 模糊 拉普拉斯变异度低 (0.02 < 100) | Sobel梯度均值低 (0.02 < 20) | 边缘检测点少 (0.00% < 1.0%) | 高频能量正常 (83.84)
2025-05-12 20:52:26 [WARNING] 图像模糊，尝试重新获取 (第6次尝试)
2025-05-12 20:52:26 [INFO] 正在获取图像，尝试 7/30 (已耗时: 25.3秒)
2025-05-12 20:52:30 [INFO] 图像质量: 模糊 拉普拉斯变异度低 (0.05 < 100) | Sobel梯度均值低 (0.03 < 20) | 边缘检测点少 (0.00% < 1.0%) | 高频能量正常 (92.24)
2025-05-12 20:52:30 [WARNING] 图像模糊，尝试重新获取 (第7次尝试)
2025-05-12 20:52:30 [INFO] 正在获取图像，尝试 8/30 (已耗时: 29.5秒)
2025-05-12 20:52:34 [INFO] 图像质量: 模糊 拉普拉斯变异度低 (0.41 < 100) | Sobel梯度均值低 (0.18 < 20) | 边缘检测点少 (0.00% < 1.0%) | 高频能量正常 (119.20)
2025-05-12 20:52:34 [WARNING] 图像模糊，尝试重新获取 (第8次尝试)
2025-05-12 20:52:35 [ERROR] 获取清晰图像超时 (30秒)
2025-05-12 20:52:35 [WARNING] 返回超时前的最后一帧图像
2025-05-12 20:52:38 [INFO] 正在获取图像，尝试 1/30 (已耗时: 0.0秒)
2025-05-12 20:52:41 [INFO] 图像质量: 模糊 拉普拉斯变异度低 (0.02 < 100) | Sobel梯度均值低 (0.02 < 20) | 边缘检测点少 (0.00% < 1.0%) | 高频能量正常 (85.20)
2025-05-12 20:52:41 [WARNING] 图像模糊，尝试重新获取 (第1次尝试)
2025-05-12 20:52:42 [INFO] 正在获取图像，尝试 2/30 (已耗时: 4.2秒)
2025-05-12 20:52:46 [INFO] 图像质量: 模糊 拉普拉斯变异度低 (0.02 < 100) | Sobel梯度均值低 (0.02 < 20) | 边缘检测点少 (0.00% < 1.0%) | 高频能量正常 (86.81)
2025-05-12 20:52:46 [WARNING] 图像模糊，尝试重新获取 (第2次尝试)
2025-05-12 20:52:46 [INFO] 正在获取图像，尝试 3/30 (已耗时: 8.4秒)
2025-05-12 20:52:50 [INFO] 图像质量: 模糊 拉普拉斯变异度低 (0.02 < 100) | Sobel梯度均值低 (0.03 < 20) | 边缘检测点少 (0.00% < 1.0%) | 高频能量正常 (86.76)
2025-05-12 20:52:50 [WARNING] 图像模糊，尝试重新获取 (第3次尝试)
2025-05-12 20:52:50 [INFO] 正在获取图像，尝试 4/30 (已耗时: 12.6秒)
2025-05-12 20:52:54 [INFO] 图像质量: 模糊 拉普拉斯变异度低 (0.02 < 100) | Sobel梯度均值低 (0.02 < 20) | 边缘检测点少 (0.00% < 1.0%) | 高频能量正常 (86.61)
2025-05-12 20:52:54 [WARNING] 图像模糊，尝试重新获取 (第4次尝试)
2025-05-12 20:52:55 [INFO] 正在获取图像，尝试 5/30 (已耗时: 16.9秒)
2025-05-12 20:52:58 [INFO] 图像质量: 模糊 拉普拉斯变异度低 (0.40 < 100) | Sobel梯度均值低 (0.16 < 20) | 边缘检测点少 (0.00% < 1.0%) | 高频能量正常 (119.26)
2025-05-12 20:52:58 [WARNING] 图像模糊，尝试重新获取 (第5次尝试)
2025-05-12 20:52:59 [INFO] 正在获取图像，尝试 6/30 (已耗时: 21.0秒)
2025-05-12 20:53:02 [INFO] 图像质量: 模糊 拉普拉斯变异度低 (0.04 < 100) | Sobel梯度均值低 (0.04 < 20) | 边缘检测点少 (0.00% < 1.0%) | 高频能量正常 (94.18)
2025-05-12 20:53:02 [WARNING] 图像模糊，尝试重新获取 (第6次尝试)
2025-05-12 20:53:03 [INFO] 正在获取图像，尝试 7/30 (已耗时: 25.0秒)
2025-05-12 20:53:06 [INFO] 图像质量: 模糊 拉普拉斯变异度低 (0.06 < 100) | Sobel梯度均值低 (0.07 < 20) | 边缘检测点少 (0.00% < 1.0%) | 高频能量正常 (98.30)
2025-05-12 20:53:06 [WARNING] 图像模糊，尝试重新获取 (第7次尝试)
2025-05-12 20:53:07 [INFO] 正在获取图像，尝试 8/30 (已耗时: 29.2秒)
2025-05-12 20:53:11 [INFO] 图像质量: 模糊 拉普拉斯变异度低 (1.22 < 100) | Sobel梯度均值低 (0.08 < 20) | 边缘检测点少 (0.00% < 1.0%) | 高频能量正常 (125.73)
2025-05-12 20:53:11 [WARNING] 图像模糊，尝试重新获取 (第8次尝试)
2025-05-12 20:53:11 [ERROR] 获取清晰图像超时 (30秒)
2025-05-12 20:53:11 [WARNING] 返回超时前的最后一帧图像
2025-05-12 20:53:14 [INFO] 正在获取图像，尝试 1/30 (已耗时: 0.0秒)
2025-05-12 20:53:18 [INFO] 图像质量: 模糊 拉普拉斯变异度低 (0.01 < 100) | Sobel梯度均值低 (0.02 < 20) | 边缘检测点少 (0.00% < 1.0%) | 高频能量正常 (81.14)
2025-05-12 20:53:18 [WARNING] 图像模糊，尝试重新获取 (第1次尝试)
2025-05-12 20:53:18 [INFO] 正在获取图像，尝试 2/30 (已耗时: 4.2秒)
2025-05-12 20:53:22 [INFO] 图像质量: 清晰 拉普拉斯变异度正常 (323.77) | Sobel梯度均值正常 (32.62) | 边缘检测点正常 (2.78%) | 高频能量正常 (181.82)
2025-05-12 20:53:22 [INFO] 图像清晰度良好，可以进行检测
