2025-05-06 14:59:17 [INFO] 正在获取图像，尝试 1/10 (已耗时: 0.0秒)
2025-05-06 14:59:21 [INFO] 图像质量: 模糊 拉普拉斯变异度正常 (118.91) | Sobel梯度均值低 (18.36 < 20) | 边缘检测点正常 (1.18%) | 高频能量正常 (169.92)
2025-05-06 14:59:21 [WARNING] 图像模糊，尝试重新获取 (第1次尝试)
2025-05-06 14:59:21 [INFO] 正在获取图像，尝试 2/10 (已耗时: 4.0秒)
2025-05-06 14:59:25 [INFO] 图像质量: 模糊 拉普拉斯变异度正常 (119.60) | Sobel梯度均值低 (18.42 < 20) | 边缘检测点正常 (1.19%) | 高频能量正常 (170.04)
2025-05-06 14:59:25 [WARNING] 图像模糊，尝试重新获取 (第2次尝试)
2025-05-06 14:59:25 [INFO] 正在获取图像，尝试 3/10 (已耗时: 8.1秒)
2025-05-06 14:59:29 [INFO] 图像质量: 模糊 拉普拉斯变异度正常 (119.81) | Sobel梯度均值低 (18.39 < 20) | 边缘检测点正常 (1.18%) | 高频能量正常 (170.11)
2025-05-06 14:59:29 [WARNING] 图像模糊，尝试重新获取 (第3次尝试)
2025-05-06 14:59:29 [INFO] 正在获取图像，尝试 4/10 (已耗时: 12.1秒)
2025-05-06 14:59:33 [INFO] 图像质量: 模糊 拉普拉斯变异度低 (0.51 < 100) | Sobel梯度均值低 (0.16 < 20) | 边缘检测点少 (0.00% < 1.0%) | 高频能量正常 (119.61)
2025-05-06 14:59:33 [WARNING] 图像模糊，尝试重新获取 (第4次尝试)
2025-05-06 14:59:33 [INFO] 正在获取图像，尝试 5/10 (已耗时: 16.0秒)
2025-05-06 14:59:37 [INFO] 图像质量: 模糊 拉普拉斯变异度低 (0.69 < 100) | Sobel梯度均值低 (0.18 < 20) | 边缘检测点少 (0.00% < 1.0%) | 高频能量正常 (120.78)
2025-05-06 14:59:37 [WARNING] 图像模糊，尝试重新获取 (第5次尝试)
2025-05-06 14:59:37 [INFO] 正在获取图像，尝试 6/10 (已耗时: 20.1秒)
2025-05-06 14:59:41 [INFO] 图像质量: 模糊 拉普拉斯变异度低 (0.06 < 100) | Sobel梯度均值低 (0.13 < 20) | 边缘检测点少 (0.00% < 1.0%) | 高频能量正常 (98.02)
2025-05-06 14:59:41 [WARNING] 图像模糊，尝试重新获取 (第6次尝试)
2025-05-06 14:59:41 [INFO] 正在获取图像，尝试 7/10 (已耗时: 24.0秒)
2025-05-06 14:59:45 [INFO] 图像质量: 模糊 拉普拉斯变异度低 (0.05 < 100) | Sobel梯度均值低 (0.11 < 20) | 边缘检测点少 (0.00% < 1.0%) | 高频能量正常 (94.76)
2025-05-06 14:59:45 [WARNING] 图像模糊，尝试重新获取 (第7次尝试)
2025-05-06 14:59:45 [INFO] 正在获取图像，尝试 8/10 (已耗时: 27.9秒)
2025-05-06 14:59:48 [INFO] 图像质量: 模糊 拉普拉斯变异度低 (0.06 < 100) | Sobel梯度均值低 (0.15 < 20) | 边缘检测点少 (0.00% < 1.0%) | 高频能量正常 (97.10)
2025-05-06 14:59:48 [WARNING] 图像模糊，尝试重新获取 (第8次尝试)
2025-05-06 14:59:49 [ERROR] 获取清晰图像超时 (30秒)
2025-05-06 14:59:49 [WARNING] 返回超时前的最后一帧图像
