2025-05-12 21:42:51 [INFO] 正在获取图像，尝试 1/30 (已耗时: 0.0秒)
2025-05-12 21:42:54 [INFO] 图像质量: 模糊 拉普拉斯变异度低 (0.04 < 100) | Sobel梯度均值低 (0.04 < 20) | 边缘检测点少 (0.00% < 1.0%) | 高频能量正常 (93.02)
2025-05-12 21:42:54 [WARNING] 图像模糊，尝试重新获取 (第1次尝试)
2025-05-12 21:42:55 [INFO] 正在获取图像，尝试 2/30 (已耗时: 4.0秒)
2025-05-12 21:42:58 [INFO] 图像质量: 模糊 拉普拉斯变异度低 (0.07 < 100) | Sobel梯度均值低 (0.04 < 20) | 边缘检测点少 (0.00% < 1.0%) | 高频能量正常 (96.72)
2025-05-12 21:42:58 [WARNING] 图像模糊，尝试重新获取 (第2次尝试)
2025-05-12 21:42:59 [INFO] 正在获取图像，尝试 3/30 (已耗时: 7.8秒)
2025-05-12 21:43:02 [INFO] 图像质量: 模糊 拉普拉斯变异度低 (1.11 < 100) | Sobel梯度均值低 (0.08 < 20) | 边缘检测点少 (0.00% < 1.0%) | 高频能量正常 (128.36)
2025-05-12 21:43:02 [WARNING] 图像模糊，尝试重新获取 (第3次尝试)
2025-05-12 21:43:03 [INFO] 正在获取图像，尝试 4/30 (已耗时: 11.8秒)
2025-05-12 21:43:06 [INFO] 图像质量: 模糊 拉普拉斯变异度低 (0.03 < 100) | Sobel梯度均值低 (0.03 < 20) | 边缘检测点少 (0.00% < 1.0%) | 高频能量正常 (88.36)
2025-05-12 21:43:06 [WARNING] 图像模糊，尝试重新获取 (第4次尝试)
2025-05-12 21:43:07 [INFO] 正在获取图像，尝试 5/30 (已耗时: 15.6秒)
2025-05-12 21:43:10 [INFO] 图像质量: 模糊 拉普拉斯变异度低 (0.05 < 100) | Sobel梯度均值低 (0.06 < 20) | 边缘检测点少 (0.00% < 1.0%) | 高频能量正常 (96.71)
2025-05-12 21:43:10 [WARNING] 图像模糊，尝试重新获取 (第5次尝试)
2025-05-12 21:43:11 [INFO] 正在获取图像，尝试 6/30 (已耗时: 19.5秒)
2025-05-12 21:43:14 [INFO] 图像质量: 模糊 拉普拉斯变异度低 (0.40 < 100) | Sobel梯度均值低 (0.16 < 20) | 边缘检测点少 (0.00% < 1.0%) | 高频能量正常 (119.41)
2025-05-12 21:43:14 [WARNING] 图像模糊，尝试重新获取 (第6次尝试)
2025-05-12 21:43:14 [INFO] 正在获取图像，尝试 7/30 (已耗时: 23.3秒)
2025-05-12 21:43:18 [INFO] 图像质量: 模糊 拉普拉斯变异度低 (0.02 < 100) | Sobel梯度均值低 (0.03 < 20) | 边缘检测点少 (0.00% < 1.0%) | 高频能量正常 (86.26)
2025-05-12 21:43:18 [WARNING] 图像模糊，尝试重新获取 (第7次尝试)
2025-05-12 21:43:18 [INFO] 正在获取图像，尝试 8/30 (已耗时: 27.3秒)
2025-05-12 21:43:22 [INFO] 图像质量: 模糊 拉普拉斯变异度低 (0.02 < 100) | Sobel梯度均值低 (0.03 < 20) | 边缘检测点少 (0.00% < 1.0%) | 高频能量正常 (86.80)
2025-05-12 21:43:22 [WARNING] 图像模糊，尝试重新获取 (第8次尝试)
2025-05-12 21:43:22 [ERROR] 获取清晰图像超时 (30秒)
2025-05-12 21:43:22 [WARNING] 返回超时前的最后一帧图像
2025-05-12 21:43:25 [INFO] 正在获取图像，尝试 1/30 (已耗时: 0.0秒)
2025-05-12 21:43:29 [INFO] 图像质量: 模糊 拉普拉斯变异度低 (0.04 < 100) | Sobel梯度均值低 (0.05 < 20) | 边缘检测点少 (0.00% < 1.0%) | 高频能量正常 (94.63)
2025-05-12 21:43:29 [WARNING] 图像模糊，尝试重新获取 (第1次尝试)
2025-05-12 21:43:29 [INFO] 正在获取图像，尝试 2/30 (已耗时: 3.9秒)
2025-05-12 21:43:33 [INFO] 图像质量: 模糊 拉普拉斯变异度低 (0.03 < 100) | Sobel梯度均值低 (0.03 < 20) | 边缘检测点少 (0.00% < 1.0%) | 高频能量正常 (88.49)
2025-05-12 21:43:33 [WARNING] 图像模糊，尝试重新获取 (第2次尝试)
2025-05-12 21:43:33 [INFO] 正在获取图像，尝试 3/30 (已耗时: 7.8秒)
2025-05-12 21:43:36 [INFO] 图像质量: 模糊 拉普拉斯变异度低 (0.08 < 100) | Sobel梯度均值低 (0.05 < 20) | 边缘检测点少 (0.00% < 1.0%) | 高频能量正常 (98.35)
2025-05-12 21:43:36 [WARNING] 图像模糊，尝试重新获取 (第3次尝试)
2025-05-12 21:43:37 [INFO] 正在获取图像，尝试 4/30 (已耗时: 11.6秒)
2025-05-12 21:43:40 [INFO] 图像质量: 模糊 拉普拉斯变异度低 (0.05 < 100) | Sobel梯度均值低 (0.05 < 20) | 边缘检测点少 (0.00% < 1.0%) | 高频能量正常 (95.39)
2025-05-12 21:43:40 [WARNING] 图像模糊，尝试重新获取 (第4次尝试)
2025-05-12 21:43:41 [INFO] 正在获取图像，尝试 5/30 (已耗时: 15.5秒)
2025-05-12 21:43:44 [INFO] 图像质量: 模糊 拉普拉斯变异度低 (0.58 < 100) | Sobel梯度均值低 (0.06 < 20) | 边缘检测点少 (0.00% < 1.0%) | 高频能量正常 (121.38)
2025-05-12 21:43:44 [WARNING] 图像模糊，尝试重新获取 (第5次尝试)
2025-05-12 21:43:45 [INFO] 正在获取图像，尝试 6/30 (已耗时: 19.5秒)
2025-05-12 21:43:48 [INFO] 图像质量: 模糊 拉普拉斯变异度低 (0.06 < 100) | Sobel梯度均值低 (0.07 < 20) | 边缘检测点少 (0.00% < 1.0%) | 高频能量正常 (96.87)
2025-05-12 21:43:48 [WARNING] 图像模糊，尝试重新获取 (第6次尝试)
2025-05-12 21:43:49 [INFO] 正在获取图像，尝试 7/30 (已耗时: 23.2秒)
2025-05-12 21:43:52 [INFO] 图像质量: 模糊 拉普拉斯变异度低 (0.03 < 100) | Sobel梯度均值低 (0.03 < 20) | 边缘检测点少 (0.00% < 1.0%) | 高频能量正常 (88.83)
2025-05-12 21:43:52 [WARNING] 图像模糊，尝试重新获取 (第7次尝试)
2025-05-12 21:43:52 [INFO] 正在获取图像，尝试 8/30 (已耗时: 27.1秒)
2025-05-12 21:43:56 [INFO] 图像质量: 清晰 拉普拉斯变异度正常 (283.96) | Sobel梯度均值正常 (30.88) | 边缘检测点正常 (2.51%) | 高频能量正常 (180.11)
2025-05-12 21:43:56 [INFO] 图像清晰度良好，可以进行检测
