2025-04-28 16:12:27 [INFO] 正在获取图像，尝试 1/10 (已耗时: 0.0秒)
2025-04-28 16:12:31 [INFO] 图像质量: 模糊 拉普拉斯变异度低 (0.01 < 100) | Sobel梯度均值低 (0.01 < 20) | 边缘检测点少 (0.00% < 1.0%) | 高频能量正常 (81.35)
2025-04-28 16:12:31 [WARNING] 图像模糊，尝试重新获取 (第1次尝试)
2025-04-28 16:12:33 [INFO] 正在获取图像，尝试 2/10 (已耗时: 5.8秒)
2025-04-28 16:12:37 [INFO] 图像质量: 模糊 拉普拉斯变异度低 (0.79 < 100) | Sobel梯度均值低 (0.04 < 20) | 边缘检测点少 (0.00% < 1.0%) | 高频能量正常 (123.00)
2025-04-28 16:12:37 [WARNING] 图像模糊，尝试重新获取 (第2次尝试)
2025-04-28 16:12:39 [INFO] 正在获取图像，尝试 3/10 (已耗时: 11.4秒)
2025-04-28 16:12:42 [INFO] 图像质量: 模糊 拉普拉斯变异度低 (0.01 < 100) | Sobel梯度均值低 (0.01 < 20) | 边缘检测点少 (0.00% < 1.0%) | 高频能量正常 (72.92)
2025-04-28 16:12:42 [WARNING] 图像模糊，尝试重新获取 (第3次尝试)
2025-04-28 16:12:44 [INFO] 正在获取图像，尝试 4/10 (已耗时: 17.1秒)
2025-04-28 16:12:48 [INFO] 图像质量: 模糊 拉普拉斯变异度低 (0.01 < 100) | Sobel梯度均值低 (0.01 < 20) | 边缘检测点少 (0.00% < 1.0%) | 高频能量正常 (68.42)
2025-04-28 16:12:48 [WARNING] 图像模糊，尝试重新获取 (第4次尝试)
2025-04-28 16:12:50 [INFO] 正在获取图像，尝试 5/10 (已耗时: 22.6秒)
2025-04-28 16:12:53 [INFO] 图像质量: 模糊 拉普拉斯变异度低 (0.95 < 100) | Sobel梯度均值低 (0.05 < 20) | 边缘检测点少 (0.00% < 1.0%) | 高频能量正常 (125.06)
2025-04-28 16:12:53 [WARNING] 图像模糊，尝试重新获取 (第5次尝试)
2025-04-28 16:12:55 [INFO] 正在获取图像，尝试 6/10 (已耗时: 28.1秒)
2025-04-28 16:12:59 [INFO] 图像质量: 模糊 拉普拉斯变异度低 (0.45 < 100) | Sobel梯度均值低 (0.76 < 20) | 边缘检测点少 (0.00% < 1.0%) | 高频能量正常 (115.33)
2025-04-28 16:12:59 [WARNING] 图像模糊，尝试重新获取 (第6次尝试)
2025-04-28 16:13:01 [INFO] 正在获取图像，尝试 7/10 (已耗时: 33.7秒)
2025-04-28 16:13:05 [INFO] 图像质量: 模糊 拉普拉斯变异度低 (1.74 < 100) | Sobel梯度均值低 (0.18 < 20) | 边缘检测点少 (0.01% < 1.0%) | 高频能量正常 (130.17)
2025-04-28 16:13:05 [WARNING] 图像模糊，尝试重新获取 (第7次尝试)
2025-04-28 16:13:07 [INFO] 正在获取图像，尝试 8/10 (已耗时: 39.2秒)
2025-04-28 16:13:10 [INFO] 图像质量: 模糊 拉普拉斯变异度低 (0.01 < 100) | Sobel梯度均值低 (0.01 < 20) | 边缘检测点少 (0.00% < 1.0%) | 高频能量正常 (75.11)
2025-04-28 16:13:10 [WARNING] 图像模糊，尝试重新获取 (第8次尝试)
2025-04-28 16:13:12 [ERROR] 获取清晰图像超时 (40.0秒)
2025-04-28 16:13:12 [WARNING] 返回超时前的最后一帧图像
2025-04-28 16:13:16 [INFO] 正在获取图像，尝试 1/10 (已耗时: 0.0秒)
2025-04-28 16:13:20 [INFO] 图像质量: 清晰 拉普拉斯变异度正常 (156.56) | Sobel梯度均值正常 (21.81) | 边缘检测点正常 (1.57%) | 高频能量正常 (173.09)
2025-04-28 16:13:20 [INFO] 图像清晰度良好，可以进行检测
2025-04-28 16:17:02 [INFO] 正在获取图像，尝试 1/10 (已耗时: 0.0秒)
2025-04-28 16:17:06 [INFO] 图像质量: 模糊 拉普拉斯变异度低 (0.01 < 100) | Sobel梯度均值低 (0.01 < 20) | 边缘检测点少 (0.00% < 1.0%) | 高频能量正常 (79.23)
2025-04-28 16:17:06 [WARNING] 图像模糊，尝试重新获取 (第1次尝试)
2025-04-28 16:17:08 [INFO] 正在获取图像，尝试 2/10 (已耗时: 5.6秒)
2025-04-28 16:17:11 [INFO] 图像质量: 模糊 拉普拉斯变异度低 (0.00 < 100) | Sobel梯度均值低 (0.01 < 20) | 边缘检测点少 (0.00% < 1.0%) | 高频能量正常 (69.74)
2025-04-28 16:17:11 [WARNING] 图像模糊，尝试重新获取 (第2次尝试)
2025-04-28 16:17:13 [INFO] 正在获取图像，尝试 3/10 (已耗时: 11.1秒)
2025-04-28 16:17:17 [INFO] 图像质量: 模糊 拉普拉斯变异度低 (0.01 < 100) | Sobel梯度均值低 (0.01 < 20) | 边缘检测点少 (0.00% < 1.0%) | 高频能量正常 (81.88)
2025-04-28 16:17:17 [WARNING] 图像模糊，尝试重新获取 (第3次尝试)
2025-04-28 16:17:19 [INFO] 正在获取图像，尝试 4/10 (已耗时: 16.8秒)
2025-04-28 16:17:22 [INFO] 图像质量: 模糊 拉普拉斯变异度低 (1.01 < 100) | Sobel梯度均值低 (0.06 < 20) | 边缘检测点少 (0.00% < 1.0%) | 高频能量正常 (125.09)
2025-04-28 16:17:22 [WARNING] 图像模糊，尝试重新获取 (第4次尝试)
2025-04-28 16:17:24 [INFO] 正在获取图像，尝试 5/10 (已耗时: 22.3秒)
2025-04-28 16:17:28 [INFO] 图像质量: 模糊 拉普拉斯变异度低 (0.01 < 100) | Sobel梯度均值低 (0.01 < 20) | 边缘检测点少 (0.00% < 1.0%) | 高频能量正常 (79.22)
2025-04-28 16:17:28 [WARNING] 图像模糊，尝试重新获取 (第5次尝试)
2025-04-28 16:17:30 [INFO] 正在获取图像，尝试 6/10 (已耗时: 28.0秒)
2025-04-28 16:17:34 [INFO] 图像质量: 清晰 拉普拉斯变异度正常 (159.98) | Sobel梯度均值正常 (21.93) | 边缘检测点正常 (1.58%) | 高频能量正常 (173.39)
2025-04-28 16:17:34 [INFO] 图像清晰度良好，可以进行检测
2025-04-28 16:19:42 [INFO] 正在获取图像，尝试 1/10 (已耗时: 0.0秒)
2025-04-28 16:19:45 [INFO] 图像质量: 模糊 拉普拉斯变异度低 (0.08 < 100) | Sobel梯度均值低 (0.02 < 20) | 边缘检测点少 (0.00% < 1.0%) | 高频能量正常 (100.70)
2025-04-28 16:19:45 [WARNING] 图像模糊，尝试重新获取 (第1次尝试)
2025-04-28 16:19:47 [INFO] 正在获取图像，尝试 2/10 (已耗时: 5.7秒)
2025-04-28 16:19:51 [INFO] 图像质量: 清晰 拉普拉斯变异度正常 (159.14) | Sobel梯度均值正常 (21.91) | 边缘检测点正常 (1.57%) | 高频能量正常 (173.30)
2025-04-28 16:19:51 [INFO] 图像清晰度良好，可以进行检测
