2025-05-16 10:10:39 [INFO] 正在获取图像，尝试 1/10 (已耗时: 0.0秒)
2025-05-16 10:10:42 [INFO] 图像质量: 模糊 拉普拉斯变异度低 (13.92 < 100) | Sobel梯度均值低 (3.86 < 20) | 边缘检测点少 (0.31% < 1.0%) | 高频能量正常 (146.37)
2025-05-16 10:10:42 [WARNING] 图像模糊，尝试重新获取 (第1次尝试)
2025-05-16 10:10:44 [INFO] 正在获取图像，尝试 2/10 (已耗时: 5.5秒)
2025-05-16 10:10:48 [INFO] 图像质量: 模糊 拉普拉斯变异度低 (0.03 < 100) | Sobel梯度均值低 (0.04 < 20) | 边缘检测点少 (0.00% < 1.0%) | 高频能量正常 (88.54)
2025-05-16 10:10:48 [WARNING] 图像模糊，尝试重新获取 (第2次尝试)
2025-05-16 10:10:50 [INFO] 正在获取图像，尝试 3/10 (已耗时: 11.0秒)
2025-05-16 10:10:53 [INFO] 图像质量: 模糊 拉普拉斯变异度低 (0.01 < 100) | Sobel梯度均值低 (0.01 < 20) | 边缘检测点少 (0.00% < 1.0%) | 高频能量正常 (74.72)
2025-05-16 10:10:53 [WARNING] 图像模糊，尝试重新获取 (第3次尝试)
2025-05-16 10:10:55 [INFO] 正在获取图像，尝试 4/10 (已耗时: 16.5秒)
2025-05-16 10:10:59 [INFO] 图像质量: 模糊 拉普拉斯变异度低 (0.01 < 100) | Sobel梯度均值低 (0.01 < 20) | 边缘检测点少 (0.00% < 1.0%) | 高频能量正常 (77.84)
2025-05-16 10:10:59 [WARNING] 图像模糊，尝试重新获取 (第4次尝试)
2025-05-16 10:11:01 [INFO] 正在获取图像，尝试 5/10 (已耗时: 22.0秒)
2025-05-16 10:11:04 [INFO] 图像质量: 模糊 拉普拉斯变异度低 (0.02 < 100) | Sobel梯度均值低 (0.02 < 20) | 边缘检测点少 (0.00% < 1.0%) | 高频能量正常 (86.78)
2025-05-16 10:11:04 [WARNING] 图像模糊，尝试重新获取 (第5次尝试)
2025-05-16 10:11:06 [INFO] 正在获取图像，尝试 6/10 (已耗时: 27.5秒)
2025-05-16 10:11:10 [INFO] 图像质量: 模糊 拉普拉斯变异度低 (0.02 < 100) | Sobel梯度均值低 (0.02 < 20) | 边缘检测点少 (0.00% < 1.0%) | 高频能量正常 (82.91)
2025-05-16 10:11:10 [WARNING] 图像模糊，尝试重新获取 (第6次尝试)
2025-05-16 10:11:12 [INFO] 正在获取图像，尝试 7/10 (已耗时: 33.1秒)
2025-05-16 10:11:15 [INFO] 图像质量: 模糊 拉普拉斯变异度低 (0.00 < 100) | Sobel梯度均值低 (0.01 < 20) | 边缘检测点少 (0.00% < 1.0%) | 高频能量正常 (66.49)
2025-05-16 10:11:15 [WARNING] 图像模糊，尝试重新获取 (第7次尝试)
2025-05-16 10:11:17 [INFO] 正在获取图像，尝试 8/10 (已耗时: 38.7秒)
2025-05-16 10:11:21 [INFO] 图像质量: 模糊 拉普拉斯变异度低 (0.68 < 100) | Sobel梯度均值低 (0.04 < 20) | 边缘检测点少 (0.00% < 1.0%) | 高频能量正常 (121.05)
2025-05-16 10:11:21 [WARNING] 图像模糊，尝试重新获取 (第8次尝试)
2025-05-16 10:11:23 [ERROR] 获取清晰图像超时 (40.0秒)
2025-05-16 10:11:23 [WARNING] 返回超时前的最后一帧图像
2025-05-16 10:11:48 [INFO] 正在获取图像，尝试 1/1000 (已耗时: 0.0秒)
2025-05-16 10:11:51 [INFO] 图像质量: 清晰 拉普拉斯变异度正常 (204.37) | Sobel梯度均值正常 (26.57) | 边缘检测点正常 (2.11%) | 高频能量正常 (176.48)
2025-05-16 10:11:51 [INFO] 图像清晰度良好，可以进行检测
