2025-05-08 17:43:46 [INFO] 正在获取图像，尝试 1/30 (已耗时: 0.0秒)
2025-05-08 17:43:49 [INFO] 图像质量: 模糊 拉普拉斯变异度低 (0.03 < 100) | Sobel梯度均值低 (0.08 < 20) | 边缘检测点少 (0.00% < 1.0%) | 高频能量正常 (91.93)
2025-05-08 17:43:49 [WARNING] 图像模糊，尝试重新获取 (第1次尝试)
2025-05-08 17:43:50 [INFO] 正在获取图像，尝试 2/30 (已耗时: 4.0秒)
2025-05-08 17:43:53 [INFO] 图像质量: 模糊 拉普拉斯变异度低 (0.05 < 100) | Sobel梯度均值低 (0.11 < 20) | 边缘检测点少 (0.00% < 1.0%) | 高频能量正常 (94.71)
2025-05-08 17:43:53 [WARNING] 图像模糊，尝试重新获取 (第2次尝试)
2025-05-08 17:43:53 [INFO] 正在获取图像，尝试 3/30 (已耗时: 7.9秒)
2025-05-08 17:43:57 [INFO] 图像质量: 模糊 拉普拉斯变异度低 (0.05 < 100) | Sobel梯度均值低 (0.11 < 20) | 边缘检测点少 (0.00% < 1.0%) | 高频能量正常 (93.74)
2025-05-08 17:43:57 [WARNING] 图像模糊，尝试重新获取 (第3次尝试)
2025-05-08 17:43:57 [INFO] 正在获取图像，尝试 4/30 (已耗时: 11.8秒)
2025-05-08 17:44:01 [INFO] 图像质量: 模糊 拉普拉斯变异度低 (0.05 < 100) | Sobel梯度均值低 (0.12 < 20) | 边缘检测点少 (0.00% < 1.0%) | 高频能量正常 (95.94)
2025-05-08 17:44:01 [WARNING] 图像模糊，尝试重新获取 (第4次尝试)
2025-05-08 17:44:01 [INFO] 正在获取图像，尝试 5/30 (已耗时: 15.8秒)
2025-05-08 17:44:05 [INFO] 图像质量: 模糊 拉普拉斯变异度低 (0.31 < 100) | Sobel梯度均值低 (0.30 < 20) | 边缘检测点少 (0.00% < 1.0%) | 高频能量正常 (114.75)
2025-05-08 17:44:05 [WARNING] 图像模糊，尝试重新获取 (第5次尝试)
2025-05-08 17:44:05 [INFO] 正在获取图像，尝试 6/30 (已耗时: 19.6秒)
2025-05-08 17:44:09 [INFO] 图像质量: 模糊 拉普拉斯变异度低 (0.07 < 100) | Sobel梯度均值低 (0.14 < 20) | 边缘检测点少 (0.00% < 1.0%) | 高频能量正常 (98.43)
2025-05-08 17:44:09 [WARNING] 图像模糊，尝试重新获取 (第6次尝试)
2025-05-08 17:44:09 [INFO] 正在获取图像，尝试 7/30 (已耗时: 23.5秒)
2025-05-08 17:44:13 [INFO] 图像质量: 模糊 拉普拉斯变异度低 (0.08 < 100) | Sobel梯度均值低 (0.15 < 20) | 边缘检测点少 (0.00% < 1.0%) | 高频能量正常 (101.17)
2025-05-08 17:44:13 [WARNING] 图像模糊，尝试重新获取 (第7次尝试)
2025-05-08 17:44:13 [INFO] 正在获取图像，尝试 8/30 (已耗时: 27.6秒)
2025-05-08 17:44:17 [INFO] 图像质量: 模糊 拉普拉斯变异度低 (0.05 < 100) | Sobel梯度均值低 (0.10 < 20) | 边缘检测点少 (0.00% < 1.0%) | 高频能量正常 (95.46)
2025-05-08 17:44:17 [WARNING] 图像模糊，尝试重新获取 (第8次尝试)
2025-05-08 17:44:17 [ERROR] 获取清晰图像超时 (30秒)
2025-05-08 17:44:17 [WARNING] 返回超时前的最后一帧图像
