2025-05-13 09:50:56 [INFO] 正在获取图像，尝试 1/1000 (已耗时: 0.0秒)
2025-05-13 09:51:00 [INFO] 图像质量: 模糊 拉普拉斯变异度低 (0.03 < 100) | Sobel梯度均值低 (0.03 < 20) | 边缘检测点少 (0.00% < 1.0%) | 高频能量正常 (89.09)
2025-05-13 09:51:00 [WARNING] 图像模糊，尝试重新获取 (第1次尝试)
2025-05-13 09:51:01 [INFO] 正在获取图像，尝试 2/1000 (已耗时: 4.1秒)
2025-05-13 09:51:04 [INFO] 图像质量: 模糊 拉普拉斯变异度低 (0.05 < 100) | Sobel梯度均值低 (0.04 < 20) | 边缘检测点少 (0.00% < 1.0%) | 高频能量正常 (94.48)
2025-05-13 09:51:04 [WARNING] 图像模糊，尝试重新获取 (第2次尝试)
2025-05-13 09:51:04 [INFO] 正在获取图像，尝试 3/1000 (已耗时: 8.0秒)
2025-05-13 09:51:08 [INFO] 图像质量: 模糊 拉普拉斯变异度低 (1.08 < 100) | Sobel梯度均值低 (0.09 < 20) | 边缘检测点少 (0.00% < 1.0%) | 高频能量正常 (126.72)
2025-05-13 09:51:08 [WARNING] 图像模糊，尝试重新获取 (第3次尝试)
2025-05-13 09:51:08 [INFO] 正在获取图像，尝试 4/1000 (已耗时: 12.0秒)
2025-05-13 09:51:12 [INFO] 图像质量: 模糊 拉普拉斯变异度低 (0.47 < 100) | Sobel梯度均值低 (0.06 < 20) | 边缘检测点少 (0.00% < 1.0%) | 高频能量正常 (119.92)
2025-05-13 09:51:12 [WARNING] 图像模糊，尝试重新获取 (第4次尝试)
2025-05-13 09:51:12 [INFO] 正在获取图像，尝试 5/1000 (已耗时: 16.0秒)
2025-05-13 09:51:16 [INFO] 图像质量: 模糊 拉普拉斯变异度低 (0.06 < 100) | Sobel梯度均值低 (0.05 < 20) | 边缘检测点少 (0.00% < 1.0%) | 高频能量正常 (97.32)
2025-05-13 09:51:16 [WARNING] 图像模糊，尝试重新获取 (第5次尝试)
2025-05-13 09:51:16 [INFO] 正在获取图像，尝试 6/1000 (已耗时: 19.8秒)
2025-05-13 09:51:20 [INFO] 图像质量: 模糊 拉普拉斯变异度低 (0.07 < 100) | Sobel梯度均值低 (0.06 < 20) | 边缘检测点少 (0.00% < 1.0%) | 高频能量正常 (98.59)
2025-05-13 09:51:20 [WARNING] 图像模糊，尝试重新获取 (第6次尝试)
2025-05-13 09:51:20 [INFO] 正在获取图像，尝试 7/1000 (已耗时: 23.7秒)
2025-05-13 09:51:24 [INFO] 图像质量: 模糊 拉普拉斯变异度低 (0.04 < 100) | Sobel梯度均值低 (0.04 < 20) | 边缘检测点少 (0.00% < 1.0%) | 高频能量正常 (90.40)
2025-05-13 09:51:24 [WARNING] 图像模糊，尝试重新获取 (第7次尝试)
2025-05-13 09:51:24 [INFO] 正在获取图像，尝试 8/1000 (已耗时: 27.7秒)
2025-05-13 09:51:27 [INFO] 图像质量: 模糊 拉普拉斯变异度低 (0.05 < 100) | Sobel梯度均值低 (0.07 < 20) | 边缘检测点少 (0.00% < 1.0%) | 高频能量正常 (92.80)
2025-05-13 09:51:27 [WARNING] 图像模糊，尝试重新获取 (第8次尝试)
2025-05-13 09:51:28 [ERROR] 获取清晰图像超时 (30秒)
2025-05-13 09:51:28 [WARNING] 返回超时前的最后一帧图像
2025-05-13 09:51:28 [INFO] 正在获取图像，尝试 1/1000 (已耗时: 0.0秒)
2025-05-13 09:51:31 [INFO] 图像质量: 模糊 拉普拉斯变异度低 (0.04 < 100) | Sobel梯度均值低 (0.05 < 20) | 边缘检测点少 (0.00% < 1.0%) | 高频能量正常 (91.55)
2025-05-13 09:51:31 [WARNING] 图像模糊，尝试重新获取 (第1次尝试)
2025-05-13 09:51:32 [INFO] 正在获取图像，尝试 2/1000 (已耗时: 3.8秒)
2025-05-13 09:51:35 [INFO] 图像质量: 模糊 拉普拉斯变异度低 (0.06 < 100) | Sobel梯度均值低 (0.08 < 20) | 边缘检测点少 (0.00% < 1.0%) | 高频能量正常 (98.36)
2025-05-13 09:51:35 [WARNING] 图像模糊，尝试重新获取 (第2次尝试)
2025-05-13 09:51:36 [INFO] 正在获取图像，尝试 3/1000 (已耗时: 7.7秒)
2025-05-13 09:51:39 [INFO] 图像质量: 清晰 拉普拉斯变异度正常 (277.14) | Sobel梯度均值正常 (28.63) | 边缘检测点正常 (2.26%) | 高频能量正常 (180.12)
2025-05-13 09:51:39 [INFO] 图像清晰度良好，可以进行检测
