2025-05-15 22:37:44 [INFO] 正在获取图像，尝试 1/10 (已耗时: 0.0秒)
2025-05-15 22:37:47 [INFO] 图像质量: 模糊 拉普拉斯变异度低 (7.30 < 100) | Sobel梯度均值低 (2.44 < 20) | 边缘检测点少 (0.18% < 1.0%) | 高频能量正常 (143.02)
2025-05-15 22:37:47 [WARNING] 图像模糊，尝试重新获取 (第1次尝试)
2025-05-15 22:37:49 [INFO] 正在获取图像，尝试 2/10 (已耗时: 5.6秒)
2025-05-15 22:37:53 [INFO] 图像质量: 模糊 拉普拉斯变异度低 (0.03 < 100) | Sobel梯度均值低 (0.06 < 20) | 边缘检测点少 (0.00% < 1.0%) | 高频能量正常 (91.63)
2025-05-15 22:37:53 [WARNING] 图像模糊，尝试重新获取 (第2次尝试)
2025-05-15 22:37:55 [INFO] 正在获取图像，尝试 3/10 (已耗时: 11.2秒)
2025-05-15 22:37:58 [INFO] 图像质量: 清晰 拉普拉斯变异度正常 (214.08) | Sobel梯度均值正常 (27.53) | 边缘检测点正常 (2.31%) | 高频能量正常 (176.67)
2025-05-15 22:37:58 [INFO] 图像清晰度良好，可以进行检测
2025-05-15 22:38:15 [INFO] 正在获取图像，尝试 1/1000 (已耗时: 0.0秒)
2025-05-15 22:38:18 [INFO] 图像质量: 清晰 拉普拉斯变异度正常 (212.79) | Sobel梯度均值正常 (27.56) | 边缘检测点正常 (2.29%) | 高频能量正常 (176.56)
2025-05-15 22:38:18 [INFO] 图像清晰度良好，可以进行检测
2025-05-15 22:41:32 [INFO] 正在获取图像，尝试 1/10 (已耗时: 0.0秒)
2025-05-15 22:41:36 [INFO] 图像质量: 模糊 拉普拉斯变异度低 (23.78 < 100) | Sobel梯度均值低 (6.49 < 20) | 边缘检测点少 (0.67% < 1.0%) | 高频能量正常 (154.88)
2025-05-15 22:41:36 [WARNING] 图像模糊，尝试重新获取 (第1次尝试)
2025-05-15 22:41:38 [INFO] 正在获取图像，尝试 2/10 (已耗时: 5.6秒)
2025-05-15 22:41:41 [INFO] 图像质量: 模糊 拉普拉斯变异度低 (0.04 < 100) | Sobel梯度均值低 (0.08 < 20) | 边缘检测点少 (0.00% < 1.0%) | 高频能量正常 (90.86)
2025-05-15 22:41:41 [WARNING] 图像模糊，尝试重新获取 (第2次尝试)
2025-05-15 22:41:43 [INFO] 正在获取图像，尝试 3/10 (已耗时: 11.2秒)
2025-05-15 22:41:47 [INFO] 图像质量: 模糊 拉普拉斯变异度低 (0.04 < 100) | Sobel梯度均值低 (0.09 < 20) | 边缘检测点少 (0.00% < 1.0%) | 高频能量正常 (94.54)
2025-05-15 22:41:47 [WARNING] 图像模糊，尝试重新获取 (第3次尝试)
2025-05-15 22:41:49 [INFO] 正在获取图像，尝试 4/10 (已耗时: 16.8秒)
2025-05-15 22:41:53 [INFO] 图像质量: 模糊 拉普拉斯变异度低 (0.07 < 100) | Sobel梯度均值低 (0.10 < 20) | 边缘检测点少 (0.00% < 1.0%) | 高频能量正常 (98.09)
2025-05-15 22:41:53 [WARNING] 图像模糊，尝试重新获取 (第4次尝试)
2025-05-15 22:41:55 [INFO] 正在获取图像，尝试 5/10 (已耗时: 22.3秒)
2025-05-15 22:41:58 [INFO] 图像质量: 模糊 拉普拉斯变异度低 (0.05 < 100) | Sobel梯度均值低 (0.07 < 20) | 边缘检测点少 (0.00% < 1.0%) | 高频能量正常 (94.50)
2025-05-15 22:41:58 [WARNING] 图像模糊，尝试重新获取 (第5次尝试)
2025-05-15 22:42:00 [INFO] 正在获取图像，尝试 6/10 (已耗时: 28.0秒)
2025-05-15 22:42:04 [INFO] 图像质量: 模糊 拉普拉斯变异度低 (0.04 < 100) | Sobel梯度均值低 (0.08 < 20) | 边缘检测点少 (0.00% < 1.0%) | 高频能量正常 (93.28)
2025-05-15 22:42:04 [WARNING] 图像模糊，尝试重新获取 (第6次尝试)
2025-05-15 22:42:06 [INFO] 正在获取图像，尝试 7/10 (已耗时: 33.8秒)
2025-05-15 22:42:10 [INFO] 图像质量: 模糊 拉普拉斯变异度低 (0.04 < 100) | Sobel梯度均值低 (0.08 < 20) | 边缘检测点少 (0.00% < 1.0%) | 高频能量正常 (93.50)
2025-05-15 22:42:10 [WARNING] 图像模糊，尝试重新获取 (第7次尝试)
2025-05-15 22:42:12 [INFO] 正在获取图像，尝试 8/10 (已耗时: 39.6秒)
2025-05-15 22:42:16 [INFO] 图像质量: 模糊 拉普拉斯变异度低 (0.03 < 100) | Sobel梯度均值低 (0.07 < 20) | 边缘检测点少 (0.00% < 1.0%) | 高频能量正常 (90.23)
2025-05-15 22:42:16 [WARNING] 图像模糊，尝试重新获取 (第8次尝试)
2025-05-15 22:42:18 [ERROR] 获取清晰图像超时 (40.0秒)
2025-05-15 22:42:18 [WARNING] 返回超时前的最后一帧图像
2025-05-15 22:42:34 [INFO] 正在获取图像，尝试 1/1000 (已耗时: 0.0秒)
2025-05-15 22:42:38 [INFO] 图像质量: 模糊 拉普拉斯变异度低 (0.07 < 100) | Sobel梯度均值低 (0.05 < 20) | 边缘检测点少 (0.00% < 1.0%) | 高频能量正常 (97.34)
2025-05-15 22:42:38 [WARNING] 图像模糊，尝试重新获取 (第1次尝试)
2025-05-15 22:42:38 [INFO] 正在获取图像，尝试 2/1000 (已耗时: 4.3秒)
2025-05-15 22:42:42 [INFO] 图像质量: 模糊 拉普拉斯变异度低 (0.04 < 100) | Sobel梯度均值低 (0.08 < 20) | 边缘检测点少 (0.00% < 1.0%) | 高频能量正常 (92.55)
2025-05-15 22:42:42 [WARNING] 图像模糊，尝试重新获取 (第2次尝试)
2025-05-15 22:42:42 [INFO] 正在获取图像，尝试 3/1000 (已耗时: 8.5秒)
2025-05-15 22:42:46 [INFO] 图像质量: 模糊 拉普拉斯变异度低 (0.05 < 100) | Sobel梯度均值低 (0.08 < 20) | 边缘检测点少 (0.00% < 1.0%) | 高频能量正常 (94.72)
2025-05-15 22:42:46 [WARNING] 图像模糊，尝试重新获取 (第3次尝试)
2025-05-15 22:42:46 [INFO] 正在获取图像，尝试 4/1000 (已耗时: 12.8秒)
2025-05-15 22:42:50 [INFO] 图像质量: 模糊 拉普拉斯变异度低 (0.09 < 100) | Sobel梯度均值低 (0.07 < 20) | 边缘检测点少 (0.00% < 1.0%) | 高频能量正常 (102.14)
2025-05-15 22:42:50 [WARNING] 图像模糊，尝试重新获取 (第4次尝试)
2025-05-15 22:42:51 [INFO] 正在获取图像，尝试 5/1000 (已耗时: 16.9秒)
2025-05-15 22:42:54 [INFO] 图像质量: 模糊 拉普拉斯变异度低 (0.07 < 100) | Sobel梯度均值低 (0.13 < 20) | 边缘检测点少 (0.00% < 1.0%) | 高频能量正常 (99.62)
2025-05-15 22:42:54 [WARNING] 图像模糊，尝试重新获取 (第5次尝试)
2025-05-15 22:42:55 [INFO] 正在获取图像，尝试 6/1000 (已耗时: 21.0秒)
2025-05-15 22:42:58 [INFO] 图像质量: 模糊 拉普拉斯变异度低 (0.07 < 100) | Sobel梯度均值低 (0.13 < 20) | 边缘检测点少 (0.00% < 1.0%) | 高频能量正常 (99.88)
2025-05-15 22:42:58 [WARNING] 图像模糊，尝试重新获取 (第6次尝试)
2025-05-15 22:42:59 [INFO] 正在获取图像，尝试 7/1000 (已耗时: 25.2秒)
2025-05-15 22:43:03 [INFO] 图像质量: 模糊 拉普拉斯变异度低 (0.06 < 100) | Sobel梯度均值低 (0.11 < 20) | 边缘检测点少 (0.00% < 1.0%) | 高频能量正常 (97.26)
2025-05-15 22:43:03 [WARNING] 图像模糊，尝试重新获取 (第7次尝试)
2025-05-15 22:43:03 [INFO] 正在获取图像，尝试 8/1000 (已耗时: 29.5秒)
2025-05-15 22:43:07 [INFO] 图像质量: 模糊 拉普拉斯变异度低 (0.07 < 100) | Sobel梯度均值低 (0.12 < 20) | 边缘检测点少 (0.00% < 1.0%) | 高频能量正常 (97.10)
2025-05-15 22:43:07 [WARNING] 图像模糊，尝试重新获取 (第8次尝试)
2025-05-15 22:43:07 [ERROR] 获取清晰图像超时 (30秒)
2025-05-15 22:43:07 [WARNING] 返回超时前的最后一帧图像
2025-05-15 22:43:07 [INFO] 正在获取图像，尝试 1/1000 (已耗时: 0.0秒)
2025-05-15 22:43:11 [INFO] 图像质量: 模糊 拉普拉斯变异度低 (0.04 < 100) | Sobel梯度均值低 (0.08 < 20) | 边缘检测点少 (0.00% < 1.0%) | 高频能量正常 (92.05)
2025-05-15 22:43:11 [WARNING] 图像模糊，尝试重新获取 (第1次尝试)
2025-05-15 22:43:11 [INFO] 正在获取图像，尝试 2/1000 (已耗时: 4.0秒)
2025-05-15 22:43:15 [INFO] 图像质量: 模糊 拉普拉斯变异度低 (0.04 < 100) | Sobel梯度均值低 (0.08 < 20) | 边缘检测点少 (0.00% < 1.0%) | 高频能量正常 (92.68)
2025-05-15 22:43:15 [WARNING] 图像模糊，尝试重新获取 (第2次尝试)
2025-05-15 22:43:15 [INFO] 正在获取图像，尝试 3/1000 (已耗时: 8.1秒)
2025-05-15 22:43:19 [INFO] 图像质量: 模糊 拉普拉斯变异度低 (0.06 < 100) | Sobel梯度均值低 (0.10 < 20) | 边缘检测点少 (0.00% < 1.0%) | 高频能量正常 (95.05)
2025-05-15 22:43:19 [WARNING] 图像模糊，尝试重新获取 (第3次尝试)
2025-05-15 22:43:20 [INFO] 正在获取图像，尝试 4/1000 (已耗时: 12.3秒)
2025-05-15 22:43:23 [INFO] 图像质量: 模糊 拉普拉斯变异度低 (0.91 < 100) | Sobel梯度均值低 (0.36 < 20) | 边缘检测点少 (0.00% < 1.0%) | 高频能量正常 (126.81)
2025-05-15 22:43:23 [WARNING] 图像模糊，尝试重新获取 (第4次尝试)
2025-05-15 22:43:24 [INFO] 正在获取图像，尝试 5/1000 (已耗时: 16.5秒)
2025-05-15 22:43:27 [INFO] 图像质量: 模糊 拉普拉斯变异度低 (0.03 < 100) | Sobel梯度均值低 (0.07 < 20) | 边缘检测点少 (0.00% < 1.0%) | 高频能量正常 (89.65)
2025-05-15 22:43:27 [WARNING] 图像模糊，尝试重新获取 (第5次尝试)
2025-05-15 22:43:28 [INFO] 正在获取图像，尝试 6/1000 (已耗时: 20.7秒)
2025-05-15 22:43:32 [INFO] 图像质量: 模糊 拉普拉斯变异度低 (0.03 < 100) | Sobel梯度均值低 (0.08 < 20) | 边缘检测点少 (0.00% < 1.0%) | 高频能量正常 (92.34)
2025-05-15 22:43:32 [WARNING] 图像模糊，尝试重新获取 (第6次尝试)
2025-05-15 22:43:32 [INFO] 正在获取图像，尝试 7/1000 (已耗时: 25.0秒)
2025-05-15 22:43:36 [INFO] 图像质量: 模糊 拉普拉斯变异度低 (0.04 < 100) | Sobel梯度均值低 (0.08 < 20) | 边缘检测点少 (0.00% < 1.0%) | 高频能量正常 (92.71)
2025-05-15 22:43:36 [WARNING] 图像模糊，尝试重新获取 (第7次尝试)
2025-05-15 22:43:36 [INFO] 正在获取图像，尝试 8/1000 (已耗时: 29.2秒)
2025-05-15 22:43:40 [INFO] 图像质量: 模糊 拉普拉斯变异度低 (0.04 < 100) | Sobel梯度均值低 (0.08 < 20) | 边缘检测点少 (0.00% < 1.0%) | 高频能量正常 (92.61)
2025-05-15 22:43:40 [WARNING] 图像模糊，尝试重新获取 (第8次尝试)
2025-05-15 22:43:41 [ERROR] 获取清晰图像超时 (30秒)
2025-05-15 22:43:41 [WARNING] 返回超时前的最后一帧图像
2025-05-15 22:43:41 [INFO] 正在获取图像，尝试 1/1000 (已耗时: 0.0秒)
2025-05-15 22:43:44 [INFO] 图像质量: 清晰 拉普拉斯变异度正常 (222.14) | Sobel梯度均值正常 (28.15) | 边缘检测点正常 (2.44%) | 高频能量正常 (177.03)
2025-05-15 22:43:44 [INFO] 图像清晰度良好，可以进行检测
2025-05-15 22:54:52 [INFO] 正在获取图像，尝试 1/10 (已耗时: 0.0秒)
2025-05-15 22:54:56 [INFO] 图像质量: 模糊 拉普拉斯变异度低 (10.74 < 100) | Sobel梯度均值低 (3.40 < 20) | 边缘检测点少 (0.25% < 1.0%) | 高频能量正常 (146.81)
2025-05-15 22:54:56 [WARNING] 图像模糊，尝试重新获取 (第1次尝试)
2025-05-15 22:54:58 [INFO] 正在获取图像，尝试 2/10 (已耗时: 5.6秒)
2025-05-15 22:55:01 [INFO] 图像质量: 模糊 拉普拉斯变异度低 (0.03 < 100) | Sobel梯度均值低 (0.07 < 20) | 边缘检测点少 (0.00% < 1.0%) | 高频能量正常 (88.54)
2025-05-15 22:55:01 [WARNING] 图像模糊，尝试重新获取 (第2次尝试)
2025-05-15 22:55:03 [INFO] 正在获取图像，尝试 3/10 (已耗时: 11.3秒)
2025-05-15 22:55:07 [INFO] 图像质量: 模糊 拉普拉斯变异度低 (0.05 < 100) | Sobel梯度均值低 (0.09 < 20) | 边缘检测点少 (0.00% < 1.0%) | 高频能量正常 (95.07)
2025-05-15 22:55:07 [WARNING] 图像模糊，尝试重新获取 (第3次尝试)
2025-05-15 22:55:09 [INFO] 正在获取图像，尝试 4/10 (已耗时: 16.8秒)
2025-05-15 22:55:13 [INFO] 图像质量: 模糊 拉普拉斯变异度低 (0.07 < 100) | Sobel梯度均值低 (0.12 < 20) | 边缘检测点少 (0.00% < 1.0%) | 高频能量正常 (96.41)
2025-05-15 22:55:13 [WARNING] 图像模糊，尝试重新获取 (第4次尝试)
2025-05-15 22:55:15 [INFO] 正在获取图像，尝试 5/10 (已耗时: 22.5秒)
2025-05-15 22:55:18 [INFO] 图像质量: 清晰 拉普拉斯变异度正常 (211.71) | Sobel梯度均值正常 (27.32) | 边缘检测点正常 (2.32%) | 高频能量正常 (176.59)
2025-05-15 22:55:18 [INFO] 图像清晰度良好，可以进行检测
2025-05-15 22:55:34 [INFO] 正在获取图像，尝试 1/1000 (已耗时: 0.0秒)
2025-05-15 22:55:38 [INFO] 图像质量: 模糊 拉普拉斯变异度低 (0.04 < 100) | Sobel梯度均值低 (0.06 < 20) | 边缘检测点少 (0.00% < 1.0%) | 高频能量正常 (92.68)
2025-05-15 22:55:38 [WARNING] 图像模糊，尝试重新获取 (第1次尝试)
2025-05-15 22:55:39 [INFO] 正在获取图像，尝试 2/1000 (已耗时: 4.2秒)
2025-05-15 22:55:42 [INFO] 图像质量: 清晰 拉普拉斯变异度正常 (210.22) | Sobel梯度均值正常 (27.33) | 边缘检测点正常 (2.32%) | 高频能量正常 (176.46)
2025-05-15 22:55:42 [INFO] 图像清晰度良好，可以进行检测
