2025-05-12 20:19:45 [INFO] 正在获取图像，尝试 1/30 (已耗时: 0.0秒)
2025-05-12 20:19:48 [INFO] 图像质量: 模糊 拉普拉斯变异度低 (0.05 < 100) | Sobel梯度均值低 (0.05 < 20) | 边缘检测点少 (0.00% < 1.0%) | 高频能量正常 (93.43)
2025-05-12 20:19:48 [WARNING] 图像模糊，尝试重新获取 (第1次尝试)
2025-05-12 20:19:49 [INFO] 正在获取图像，尝试 2/30 (已耗时: 4.1秒)
2025-05-12 20:19:53 [INFO] 图像质量: 模糊 拉普拉斯变异度低 (0.81 < 100) | Sobel梯度均值低 (0.09 < 20) | 边缘检测点少 (0.00% < 1.0%) | 高频能量正常 (124.59)
2025-05-12 20:19:53 [WARNING] 图像模糊，尝试重新获取 (第2次尝试)
2025-05-12 20:19:53 [INFO] 正在获取图像，尝试 3/30 (已耗时: 8.3秒)
2025-05-12 20:19:57 [INFO] 图像质量: 模糊 拉普拉斯变异度低 (0.04 < 100) | Sobel梯度均值低 (0.05 < 20) | 边缘检测点少 (0.00% < 1.0%) | 高频能量正常 (92.18)
2025-05-12 20:19:57 [WARNING] 图像模糊，尝试重新获取 (第3次尝试)
2025-05-12 20:19:57 [INFO] 正在获取图像，尝试 4/30 (已耗时: 12.5秒)
2025-05-12 20:20:01 [INFO] 图像质量: 模糊 拉普拉斯变异度低 (0.05 < 100) | Sobel梯度均值低 (0.05 < 20) | 边缘检测点少 (0.00% < 1.0%) | 高频能量正常 (95.07)
2025-05-12 20:20:01 [WARNING] 图像模糊，尝试重新获取 (第4次尝试)
2025-05-12 20:20:02 [INFO] 正在获取图像，尝试 5/30 (已耗时: 16.7秒)
2025-05-12 20:20:05 [INFO] 图像质量: 模糊 拉普拉斯变异度低 (0.01 < 100) | Sobel梯度均值低 (0.01 < 20) | 边缘检测点少 (0.00% < 1.0%) | 高频能量正常 (79.01)
2025-05-12 20:20:05 [WARNING] 图像模糊，尝试重新获取 (第5次尝试)
2025-05-12 20:20:06 [INFO] 正在获取图像，尝试 6/30 (已耗时: 20.9秒)
2025-05-12 20:20:10 [INFO] 图像质量: 模糊 拉普拉斯变异度低 (0.03 < 100) | Sobel梯度均值低 (0.03 < 20) | 边缘检测点少 (0.00% < 1.0%) | 高频能量正常 (88.49)
2025-05-12 20:20:10 [WARNING] 图像模糊，尝试重新获取 (第6次尝试)
2025-05-12 20:20:10 [INFO] 正在获取图像，尝试 7/30 (已耗时: 25.2秒)
2025-05-12 20:20:14 [INFO] 图像质量: 模糊 拉普拉斯变异度低 (0.03 < 100) | Sobel梯度均值低 (0.03 < 20) | 边缘检测点少 (0.00% < 1.0%) | 高频能量正常 (88.42)
2025-05-12 20:20:14 [WARNING] 图像模糊，尝试重新获取 (第7次尝试)
2025-05-12 20:20:14 [INFO] 正在获取图像，尝试 8/30 (已耗时: 29.5秒)
2025-05-12 20:20:18 [INFO] 图像质量: 模糊 拉普拉斯变异度低 (0.03 < 100) | Sobel梯度均值低 (0.03 < 20) | 边缘检测点少 (0.00% < 1.0%) | 高频能量正常 (86.57)
2025-05-12 20:20:18 [WARNING] 图像模糊，尝试重新获取 (第8次尝试)
2025-05-12 20:20:19 [ERROR] 获取清晰图像超时 (30秒)
2025-05-12 20:20:19 [WARNING] 返回超时前的最后一帧图像
2025-05-12 20:20:22 [INFO] 正在获取图像，尝试 1/30 (已耗时: 0.0秒)
2025-05-12 20:20:25 [INFO] 图像质量: 模糊 拉普拉斯变异度低 (0.01 < 100) | Sobel梯度均值低 (0.01 < 20) | 边缘检测点少 (0.00% < 1.0%) | 高频能量正常 (78.51)
2025-05-12 20:20:25 [WARNING] 图像模糊，尝试重新获取 (第1次尝试)
2025-05-12 20:20:26 [INFO] 正在获取图像，尝试 2/30 (已耗时: 4.4秒)
2025-05-12 20:20:30 [INFO] 图像质量: 模糊 拉普拉斯变异度低 (0.05 < 100) | Sobel梯度均值低 (0.02 < 20) | 边缘检测点少 (0.00% < 1.0%) | 高频能量正常 (93.14)
2025-05-12 20:20:30 [WARNING] 图像模糊，尝试重新获取 (第2次尝试)
2025-05-12 20:20:30 [INFO] 正在获取图像，尝试 3/30 (已耗时: 8.6秒)
2025-05-12 20:20:34 [INFO] 图像质量: 模糊 拉普拉斯变异度低 (0.01 < 100) | Sobel梯度均值低 (0.02 < 20) | 边缘检测点少 (0.00% < 1.0%) | 高频能量正常 (83.29)
2025-05-12 20:20:34 [WARNING] 图像模糊，尝试重新获取 (第3次尝试)
2025-05-12 20:20:34 [INFO] 正在获取图像，尝试 4/30 (已耗时: 12.8秒)
2025-05-12 20:20:38 [INFO] 图像质量: 模糊 拉普拉斯变异度低 (0.02 < 100) | Sobel梯度均值低 (0.02 < 20) | 边缘检测点少 (0.00% < 1.0%) | 高频能量正常 (85.84)
2025-05-12 20:20:38 [WARNING] 图像模糊，尝试重新获取 (第4次尝试)
2025-05-12 20:20:39 [INFO] 正在获取图像，尝试 5/30 (已耗时: 17.0秒)
2025-05-12 20:20:42 [INFO] 图像质量: 模糊 拉普拉斯变异度低 (0.47 < 100) | Sobel梯度均值低 (0.20 < 20) | 边缘检测点少 (0.00% < 1.0%) | 高频能量正常 (120.61)
2025-05-12 20:20:42 [WARNING] 图像模糊，尝试重新获取 (第5次尝试)
2025-05-12 20:20:43 [INFO] 正在获取图像，尝试 6/30 (已耗时: 21.1秒)
2025-05-12 20:20:46 [INFO] 图像质量: 模糊 拉普拉斯变异度低 (0.07 < 100) | Sobel梯度均值低 (0.06 < 20) | 边缘检测点少 (0.00% < 1.0%) | 高频能量正常 (98.58)
2025-05-12 20:20:46 [WARNING] 图像模糊，尝试重新获取 (第6次尝试)
2025-05-12 20:20:47 [INFO] 正在获取图像，尝试 7/30 (已耗时: 25.3秒)
2025-05-12 20:20:51 [INFO] 图像质量: 模糊 拉普拉斯变异度低 (1.54 < 100) | Sobel梯度均值低 (0.11 < 20) | 边缘检测点少 (0.01% < 1.0%) | 高频能量正常 (129.17)
2025-05-12 20:20:51 [WARNING] 图像模糊，尝试重新获取 (第7次尝试)
2025-05-12 20:20:51 [INFO] 正在获取图像，尝试 8/30 (已耗时: 29.5秒)
2025-05-12 20:20:55 [INFO] 图像质量: 模糊 拉普拉斯变异度低 (0.04 < 100) | Sobel梯度均值低 (0.04 < 20) | 边缘检测点少 (0.00% < 1.0%) | 高频能量正常 (92.61)
2025-05-12 20:20:55 [WARNING] 图像模糊，尝试重新获取 (第8次尝试)
2025-05-12 20:20:55 [ERROR] 获取清晰图像超时 (30秒)
2025-05-12 20:20:55 [WARNING] 返回超时前的最后一帧图像
2025-05-12 20:20:58 [INFO] 正在获取图像，尝试 1/30 (已耗时: 0.0秒)
2025-05-12 20:21:02 [INFO] 图像质量: 模糊 拉普拉斯变异度低 (0.01 < 100) | Sobel梯度均值低 (0.01 < 20) | 边缘检测点少 (0.00% < 1.0%) | 高频能量正常 (78.31)
2025-05-12 20:21:02 [WARNING] 图像模糊，尝试重新获取 (第1次尝试)
2025-05-12 20:21:02 [INFO] 正在获取图像，尝试 2/30 (已耗时: 4.1秒)
2025-05-12 20:21:06 [INFO] 图像质量: 模糊 拉普拉斯变异度低 (0.03 < 100) | Sobel梯度均值低 (0.02 < 20) | 边缘检测点少 (0.00% < 1.0%) | 高频能量正常 (88.71)
2025-05-12 20:21:06 [WARNING] 图像模糊，尝试重新获取 (第2次尝试)
2025-05-12 20:21:06 [INFO] 正在获取图像，尝试 3/30 (已耗时: 8.3秒)
2025-05-12 20:21:10 [INFO] 图像质量: 模糊 拉普拉斯变异度低 (0.43 < 100) | Sobel梯度均值低 (0.19 < 20) | 边缘检测点少 (0.00% < 1.0%) | 高频能量正常 (119.48)
2025-05-12 20:21:10 [WARNING] 图像模糊，尝试重新获取 (第3次尝试)
2025-05-12 20:21:11 [INFO] 正在获取图像，尝试 4/30 (已耗时: 12.5秒)
2025-05-12 20:21:14 [INFO] 图像质量: 模糊 拉普拉斯变异度低 (0.03 < 100) | Sobel梯度均值低 (0.04 < 20) | 边缘检测点少 (0.00% < 1.0%) | 高频能量正常 (91.72)
2025-05-12 20:21:14 [WARNING] 图像模糊，尝试重新获取 (第4次尝试)
2025-05-12 20:21:15 [INFO] 正在获取图像，尝试 5/30 (已耗时: 16.5秒)
2025-05-12 20:21:18 [INFO] 图像质量: 模糊 拉普拉斯变异度低 (0.07 < 100) | Sobel梯度均值低 (0.07 < 20) | 边缘检测点少 (0.00% < 1.0%) | 高频能量正常 (98.85)
2025-05-12 20:21:18 [WARNING] 图像模糊，尝试重新获取 (第5次尝试)
2025-05-12 20:21:19 [INFO] 正在获取图像，尝试 6/30 (已耗时: 20.7秒)
2025-05-12 20:21:23 [INFO] 图像质量: 模糊 拉普拉斯变异度低 (0.78 < 100) | Sobel梯度均值低 (0.09 < 20) | 边缘检测点少 (0.00% < 1.0%) | 高频能量正常 (124.44)
2025-05-12 20:21:23 [WARNING] 图像模糊，尝试重新获取 (第6次尝试)
2025-05-12 20:21:23 [INFO] 正在获取图像，尝试 7/30 (已耗时: 24.9秒)
2025-05-12 20:21:27 [INFO] 图像质量: 模糊 拉普拉斯变异度低 (0.03 < 100) | Sobel梯度均值低 (0.03 < 20) | 边缘检测点少 (0.00% < 1.0%) | 高频能量正常 (88.06)
2025-05-12 20:21:27 [WARNING] 图像模糊，尝试重新获取 (第7次尝试)
2025-05-12 20:21:27 [INFO] 正在获取图像，尝试 8/30 (已耗时: 29.0秒)
2025-05-12 20:21:31 [INFO] 图像质量: 模糊 拉普拉斯变异度低 (0.05 < 100) | Sobel梯度均值低 (0.05 < 20) | 边缘检测点少 (0.00% < 1.0%) | 高频能量正常 (95.45)
2025-05-12 20:21:31 [WARNING] 图像模糊，尝试重新获取 (第8次尝试)
2025-05-12 20:21:31 [ERROR] 获取清晰图像超时 (30秒)
2025-05-12 20:21:31 [WARNING] 返回超时前的最后一帧图像
2025-05-12 20:21:34 [INFO] 正在获取图像，尝试 1/30 (已耗时: 0.0秒)
2025-05-12 20:21:38 [INFO] 图像质量: 清晰 拉普拉斯变异度正常 (312.65) | Sobel梯度均值正常 (32.04) | 边缘检测点正常 (2.80%) | 高频能量正常 (181.90)
2025-05-12 20:21:38 [INFO] 图像清晰度良好，可以进行检测
