2025-05-11 20:28:04 [INFO] 正在获取图像，尝试 1/30 (已耗时: 0.0秒)
2025-05-11 20:28:08 [INFO] 图像质量: 模糊 拉普拉斯变异度低 (0.30 < 100) | Sobel梯度均值低 (0.20 < 20) | 边缘检测点少 (0.00% < 1.0%) | 高频能量正常 (115.24)
2025-05-11 20:28:08 [WARNING] 图像模糊，尝试重新获取 (第1次尝试)
2025-05-11 20:28:09 [INFO] 正在获取图像，尝试 2/30 (已耗时: 4.3秒)
2025-05-11 20:28:12 [INFO] 图像质量: 模糊 拉普拉斯变异度低 (0.07 < 100) | Sobel梯度均值低 (0.14 < 20) | 边缘检测点少 (0.00% < 1.0%) | 高频能量正常 (98.91)
2025-05-11 20:28:12 [WARNING] 图像模糊，尝试重新获取 (第2次尝试)
2025-05-11 20:28:13 [INFO] 正在获取图像，尝试 3/30 (已耗时: 8.6秒)
2025-05-11 20:28:17 [INFO] 图像质量: 模糊 拉普拉斯变异度低 (0.05 < 100) | Sobel梯度均值低 (0.12 < 20) | 边缘检测点少 (0.00% < 1.0%) | 高频能量正常 (95.26)
2025-05-11 20:28:17 [WARNING] 图像模糊，尝试重新获取 (第3次尝试)
2025-05-11 20:28:17 [INFO] 正在获取图像，尝试 4/30 (已耗时: 12.7秒)
2025-05-11 20:28:21 [INFO] 图像质量: 模糊 拉普拉斯变异度低 (0.07 < 100) | Sobel梯度均值低 (0.16 < 20) | 边缘检测点少 (0.00% < 1.0%) | 高频能量正常 (98.75)
2025-05-11 20:28:21 [WARNING] 图像模糊，尝试重新获取 (第4次尝试)
2025-05-11 20:28:21 [INFO] 正在获取图像，尝试 5/30 (已耗时: 16.8秒)
2025-05-11 20:28:25 [INFO] 图像质量: 模糊 拉普拉斯变异度低 (0.08 < 100) | Sobel梯度均值低 (0.16 < 20) | 边缘检测点少 (0.00% < 1.0%) | 高频能量正常 (101.26)
2025-05-11 20:28:25 [WARNING] 图像模糊，尝试重新获取 (第5次尝试)
2025-05-11 20:28:25 [INFO] 正在获取图像，尝试 6/30 (已耗时: 21.0秒)
2025-05-11 20:28:29 [INFO] 图像质量: 模糊 拉普拉斯变异度低 (0.08 < 100) | Sobel梯度均值低 (0.17 < 20) | 边缘检测点少 (0.00% < 1.0%) | 高频能量正常 (99.56)
2025-05-11 20:28:29 [WARNING] 图像模糊，尝试重新获取 (第6次尝试)
2025-05-11 20:28:30 [INFO] 正在获取图像，尝试 7/30 (已耗时: 25.3秒)
2025-05-11 20:28:33 [INFO] 图像质量: 模糊 拉普拉斯变异度低 (0.07 < 100) | Sobel梯度均值低 (0.14 < 20) | 边缘检测点少 (0.00% < 1.0%) | 高频能量正常 (99.24)
2025-05-11 20:28:33 [WARNING] 图像模糊，尝试重新获取 (第7次尝试)
2025-05-11 20:28:34 [INFO] 正在获取图像，尝试 8/30 (已耗时: 29.5秒)
2025-05-11 20:28:37 [INFO] 图像质量: 清晰 拉普拉斯变异度正常 (295.40) | Sobel梯度均值正常 (30.17) | 边缘检测点正常 (2.74%) | 高频能量正常 (180.69)
2025-05-11 20:28:37 [INFO] 图像清晰度良好，可以进行检测
