2025-05-12 21:38:27 [INFO] 正在获取图像，尝试 1/30 (已耗时: 0.0秒)
2025-05-12 21:38:30 [INFO] 图像质量: 模糊 拉普拉斯变异度低 (0.04 < 100) | Sobel梯度均值低 (0.04 < 20) | 边缘检测点少 (0.00% < 1.0%) | 高频能量正常 (94.86)
2025-05-12 21:38:30 [WARNING] 图像模糊，尝试重新获取 (第1次尝试)
2025-05-12 21:38:30 [INFO] 正在获取图像，尝试 2/30 (已耗时: 3.9秒)
2025-05-12 21:38:34 [INFO] 图像质量: 模糊 拉普拉斯变异度低 (0.47 < 100) | Sobel梯度均值低 (0.22 < 20) | 边缘检测点少 (0.00% < 1.0%) | 高频能量正常 (121.17)
2025-05-12 21:38:34 [WARNING] 图像模糊，尝试重新获取 (第2次尝试)
2025-05-12 21:38:34 [INFO] 正在获取图像，尝试 3/30 (已耗时: 7.8秒)
2025-05-12 21:38:38 [INFO] 图像质量: 模糊 拉普拉斯变异度低 (0.03 < 100) | Sobel梯度均值低 (0.04 < 20) | 边缘检测点少 (0.00% < 1.0%) | 高频能量正常 (93.39)
2025-05-12 21:38:38 [WARNING] 图像模糊，尝试重新获取 (第3次尝试)
2025-05-12 21:38:38 [INFO] 正在获取图像，尝试 4/30 (已耗时: 11.7秒)
2025-05-12 21:38:42 [INFO] 图像质量: 模糊 拉普拉斯变异度低 (0.03 < 100) | Sobel梯度均值低 (0.04 < 20) | 边缘检测点少 (0.00% < 1.0%) | 高频能量正常 (89.20)
2025-05-12 21:38:42 [WARNING] 图像模糊，尝试重新获取 (第4次尝试)
2025-05-12 21:38:42 [INFO] 正在获取图像，尝试 5/30 (已耗时: 15.7秒)
2025-05-12 21:38:46 [INFO] 图像质量: 模糊 拉普拉斯变异度低 (0.02 < 100) | Sobel梯度均值低 (0.04 < 20) | 边缘检测点少 (0.00% < 1.0%) | 高频能量正常 (87.96)
2025-05-12 21:38:46 [WARNING] 图像模糊，尝试重新获取 (第5次尝试)
2025-05-12 21:38:46 [INFO] 正在获取图像，尝试 6/30 (已耗时: 19.7秒)
2025-05-12 21:38:50 [INFO] 图像质量: 模糊 拉普拉斯变异度低 (0.02 < 100) | Sobel梯度均值低 (0.03 < 20) | 边缘检测点少 (0.00% < 1.0%) | 高频能量正常 (87.69)
2025-05-12 21:38:50 [WARNING] 图像模糊，尝试重新获取 (第6次尝试)
2025-05-12 21:38:50 [INFO] 正在获取图像，尝试 7/30 (已耗时: 23.7秒)
2025-05-12 21:38:54 [INFO] 图像质量: 模糊 拉普拉斯变异度低 (0.04 < 100) | Sobel梯度均值低 (0.05 < 20) | 边缘检测点少 (0.00% < 1.0%) | 高频能量正常 (94.50)
2025-05-12 21:38:54 [WARNING] 图像模糊，尝试重新获取 (第7次尝试)
2025-05-12 21:38:54 [INFO] 正在获取图像，尝试 8/30 (已耗时: 27.7秒)
2025-05-12 21:38:58 [INFO] 图像质量: 模糊 拉普拉斯变异度低 (0.02 < 100) | Sobel梯度均值低 (0.03 < 20) | 边缘检测点少 (0.00% < 1.0%) | 高频能量正常 (87.13)
2025-05-12 21:38:58 [WARNING] 图像模糊，尝试重新获取 (第8次尝试)
2025-05-12 21:38:58 [ERROR] 获取清晰图像超时 (30秒)
2025-05-12 21:38:58 [WARNING] 返回超时前的最后一帧图像
2025-05-12 21:39:01 [INFO] 正在获取图像，尝试 1/30 (已耗时: 0.0秒)
2025-05-12 21:39:05 [INFO] 图像质量: 模糊 拉普拉斯变异度低 (0.03 < 100) | Sobel梯度均值低 (0.04 < 20) | 边缘检测点少 (0.00% < 1.0%) | 高频能量正常 (90.20)
2025-05-12 21:39:05 [WARNING] 图像模糊，尝试重新获取 (第1次尝试)
2025-05-12 21:39:05 [INFO] 正在获取图像，尝试 2/30 (已耗时: 3.9秒)
2025-05-12 21:39:08 [INFO] 图像质量: 模糊 拉普拉斯变异度低 (0.04 < 100) | Sobel梯度均值低 (0.05 < 20) | 边缘检测点少 (0.00% < 1.0%) | 高频能量正常 (94.52)
2025-05-12 21:39:08 [WARNING] 图像模糊，尝试重新获取 (第2次尝试)
2025-05-12 21:39:09 [INFO] 正在获取图像，尝试 3/30 (已耗时: 7.8秒)
2025-05-12 21:39:12 [INFO] 图像质量: 模糊 拉普拉斯变异度低 (0.07 < 100) | Sobel梯度均值低 (0.07 < 20) | 边缘检测点少 (0.00% < 1.0%) | 高频能量正常 (98.36)
2025-05-12 21:39:12 [WARNING] 图像模糊，尝试重新获取 (第3次尝试)
2025-05-12 21:39:13 [INFO] 正在获取图像，尝试 4/30 (已耗时: 11.8秒)
2025-05-12 21:39:16 [INFO] 图像质量: 模糊 拉普拉斯变异度低 (0.05 < 100) | Sobel梯度均值低 (0.05 < 20) | 边缘检测点少 (0.00% < 1.0%) | 高频能量正常 (95.91)
2025-05-12 21:39:16 [WARNING] 图像模糊，尝试重新获取 (第4次尝试)
2025-05-12 21:39:17 [INFO] 正在获取图像，尝试 5/30 (已耗时: 15.7秒)
2025-05-12 21:39:20 [INFO] 图像质量: 模糊 拉普拉斯变异度低 (1.24 < 100) | Sobel梯度均值低 (0.10 < 20) | 边缘检测点少 (0.00% < 1.0%) | 高频能量正常 (126.79)
2025-05-12 21:39:20 [WARNING] 图像模糊，尝试重新获取 (第5次尝试)
2025-05-12 21:39:21 [INFO] 正在获取图像，尝试 6/30 (已耗时: 19.7秒)
2025-05-12 21:39:24 [INFO] 图像质量: 模糊 拉普拉斯变异度低 (0.07 < 100) | Sobel梯度均值低 (0.08 < 20) | 边缘检测点少 (0.00% < 1.0%) | 高频能量正常 (100.25)
2025-05-12 21:39:24 [WARNING] 图像模糊，尝试重新获取 (第6次尝试)
2025-05-12 21:39:25 [INFO] 正在获取图像，尝试 7/30 (已耗时: 23.6秒)
2025-05-12 21:39:28 [INFO] 图像质量: 模糊 拉普拉斯变异度低 (0.03 < 100) | Sobel梯度均值低 (0.04 < 20) | 边缘检测点少 (0.00% < 1.0%) | 高频能量正常 (90.07)
2025-05-12 21:39:28 [WARNING] 图像模糊，尝试重新获取 (第7次尝试)
2025-05-12 21:39:29 [INFO] 正在获取图像，尝试 8/30 (已耗时: 27.4秒)
2025-05-12 21:39:32 [INFO] 图像质量: 模糊 拉普拉斯变异度低 (0.05 < 100) | Sobel梯度均值低 (0.06 < 20) | 边缘检测点少 (0.00% < 1.0%) | 高频能量正常 (96.34)
2025-05-12 21:39:32 [WARNING] 图像模糊，尝试重新获取 (第8次尝试)
2025-05-12 21:39:32 [ERROR] 获取清晰图像超时 (30秒)
2025-05-12 21:39:32 [WARNING] 返回超时前的最后一帧图像
2025-05-12 21:39:35 [INFO] 正在获取图像，尝试 1/30 (已耗时: 0.0秒)
2025-05-12 21:39:39 [INFO] 图像质量: 模糊 拉普拉斯变异度低 (0.02 < 100) | Sobel梯度均值低 (0.03 < 20) | 边缘检测点少 (0.00% < 1.0%) | 高频能量正常 (87.85)
2025-05-12 21:39:39 [WARNING] 图像模糊，尝试重新获取 (第1次尝试)
2025-05-12 21:39:39 [INFO] 正在获取图像，尝试 2/30 (已耗时: 4.0秒)
2025-05-12 21:39:43 [INFO] 图像质量: 模糊 拉普拉斯变异度低 (0.43 < 100) | Sobel梯度均值低 (0.30 < 20) | 边缘检测点少 (0.00% < 1.0%) | 高频能量正常 (118.89)
2025-05-12 21:39:43 [WARNING] 图像模糊，尝试重新获取 (第2次尝试)
2025-05-12 21:39:43 [INFO] 正在获取图像，尝试 3/30 (已耗时: 7.8秒)
2025-05-12 21:39:47 [INFO] 图像质量: 模糊 拉普拉斯变异度低 (0.04 < 100) | Sobel梯度均值低 (0.05 < 20) | 边缘检测点少 (0.00% < 1.0%) | 高频能量正常 (94.34)
2025-05-12 21:39:47 [WARNING] 图像模糊，尝试重新获取 (第3次尝试)
2025-05-12 21:39:47 [INFO] 正在获取图像，尝试 4/30 (已耗时: 11.7秒)
2025-05-12 21:39:51 [INFO] 图像质量: 模糊 拉普拉斯变异度低 (0.04 < 100) | Sobel梯度均值低 (0.04 < 20) | 边缘检测点少 (0.00% < 1.0%) | 高频能量正常 (92.21)
2025-05-12 21:39:51 [WARNING] 图像模糊，尝试重新获取 (第4次尝试)
2025-05-12 21:39:51 [INFO] 正在获取图像，尝试 5/30 (已耗时: 15.6秒)
2025-05-12 21:39:54 [INFO] 图像质量: 模糊 拉普拉斯变异度低 (0.07 < 100) | Sobel梯度均值低 (0.07 < 20) | 边缘检测点少 (0.00% < 1.0%) | 高频能量正常 (98.32)
2025-05-12 21:39:54 [WARNING] 图像模糊，尝试重新获取 (第5次尝试)
2025-05-12 21:39:55 [INFO] 正在获取图像，尝试 6/30 (已耗时: 19.6秒)
2025-05-12 21:39:58 [INFO] 图像质量: 模糊 拉普拉斯变异度低 (0.08 < 100) | Sobel梯度均值低 (0.08 < 20) | 边缘检测点少 (0.00% < 1.0%) | 高频能量正常 (100.25)
2025-05-12 21:39:58 [WARNING] 图像模糊，尝试重新获取 (第6次尝试)
2025-05-12 21:39:59 [INFO] 正在获取图像，尝试 7/30 (已耗时: 23.6秒)
2025-05-12 21:40:02 [INFO] 图像质量: 模糊 拉普拉斯变异度低 (0.04 < 100) | Sobel梯度均值低 (0.05 < 20) | 边缘检测点少 (0.00% < 1.0%) | 高频能量正常 (92.34)
2025-05-12 21:40:02 [WARNING] 图像模糊，尝试重新获取 (第7次尝试)
2025-05-12 21:40:03 [INFO] 正在获取图像，尝试 8/30 (已耗时: 27.4秒)
2025-05-12 21:40:06 [INFO] 图像质量: 模糊 拉普拉斯变异度低 (0.60 < 100) | Sobel梯度均值低 (0.10 < 20) | 边缘检测点少 (0.00% < 1.0%) | 高频能量正常 (122.05)
2025-05-12 21:40:06 [WARNING] 图像模糊，尝试重新获取 (第8次尝试)
2025-05-12 21:40:07 [ERROR] 获取清晰图像超时 (30秒)
2025-05-12 21:40:07 [WARNING] 返回超时前的最后一帧图像
2025-05-12 21:40:10 [INFO] 正在获取图像，尝试 1/30 (已耗时: 0.0秒)
2025-05-12 21:40:13 [INFO] 图像质量: 模糊 拉普拉斯变异度低 (0.98 < 100) | Sobel梯度均值低 (0.08 < 20) | 边缘检测点少 (0.00% < 1.0%) | 高频能量正常 (126.34)
2025-05-12 21:40:13 [WARNING] 图像模糊，尝试重新获取 (第1次尝试)
2025-05-12 21:40:14 [INFO] 正在获取图像，尝试 2/30 (已耗时: 4.0秒)
2025-05-12 21:40:17 [INFO] 图像质量: 模糊 拉普拉斯变异度低 (0.02 < 100) | Sobel梯度均值低 (0.03 < 20) | 边缘检测点少 (0.00% < 1.0%) | 高频能量正常 (86.93)
2025-05-12 21:40:17 [WARNING] 图像模糊，尝试重新获取 (第2次尝试)
2025-05-12 21:40:18 [INFO] 正在获取图像，尝试 3/30 (已耗时: 7.8秒)
2025-05-12 21:40:21 [INFO] 图像质量: 模糊 拉普拉斯变异度低 (0.02 < 100) | Sobel梯度均值低 (0.03 < 20) | 边缘检测点少 (0.00% < 1.0%) | 高频能量正常 (87.50)
2025-05-12 21:40:21 [WARNING] 图像模糊，尝试重新获取 (第3次尝试)
2025-05-12 21:40:22 [INFO] 正在获取图像，尝试 4/30 (已耗时: 11.8秒)
2025-05-12 21:40:25 [INFO] 图像质量: 模糊 拉普拉斯变异度低 (0.02 < 100) | Sobel梯度均值低 (0.04 < 20) | 边缘检测点少 (0.00% < 1.0%) | 高频能量正常 (87.47)
2025-05-12 21:40:25 [WARNING] 图像模糊，尝试重新获取 (第4次尝试)
2025-05-12 21:40:26 [INFO] 正在获取图像，尝试 5/30 (已耗时: 15.8秒)
2025-05-12 21:40:29 [INFO] 图像质量: 模糊 拉普拉斯变异度低 (0.03 < 100) | Sobel梯度均值低 (0.04 < 20) | 边缘检测点少 (0.00% < 1.0%) | 高频能量正常 (88.62)
2025-05-12 21:40:29 [WARNING] 图像模糊，尝试重新获取 (第5次尝试)
2025-05-12 21:40:30 [INFO] 正在获取图像，尝试 6/30 (已耗时: 19.8秒)
2025-05-12 21:40:33 [INFO] 图像质量: 模糊 拉普拉斯变异度低 (0.04 < 100) | Sobel梯度均值低 (0.04 < 20) | 边缘检测点少 (0.00% < 1.0%) | 高频能量正常 (91.79)
2025-05-12 21:40:33 [WARNING] 图像模糊，尝试重新获取 (第6次尝试)
2025-05-12 21:40:34 [INFO] 正在获取图像，尝试 7/30 (已耗时: 23.8秒)
2025-05-12 21:40:37 [INFO] 图像质量: 模糊 拉普拉斯变异度低 (0.03 < 100) | Sobel梯度均值低 (0.04 < 20) | 边缘检测点少 (0.00% < 1.0%) | 高频能量正常 (89.39)
2025-05-12 21:40:37 [WARNING] 图像模糊，尝试重新获取 (第7次尝试)
