2025-05-09 13:56:31 [INFO] 正在获取图像，尝试 1/30 (已耗时: 0.0秒)
2025-05-09 13:56:34 [INFO] 图像质量: 模糊 拉普拉斯变异度低 (0.06 < 100) | Sobel梯度均值低 (0.09 < 20) | 边缘检测点少 (0.00% < 1.0%) | 高频能量正常 (97.82)
2025-05-09 13:56:34 [WARNING] 图像模糊，尝试重新获取 (第1次尝试)
2025-05-09 13:56:35 [INFO] 正在获取图像，尝试 2/30 (已耗时: 4.0秒)
2025-05-09 13:56:38 [INFO] 图像质量: 模糊 拉普拉斯变异度低 (0.03 < 100) | Sobel梯度均值低 (0.07 < 20) | 边缘检测点少 (0.00% < 1.0%) | 高频能量正常 (90.82)
2025-05-09 13:56:38 [WARNING] 图像模糊，尝试重新获取 (第2次尝试)
2025-05-09 13:56:39 [INFO] 正在获取图像，尝试 3/30 (已耗时: 8.0秒)
2025-05-09 13:56:42 [INFO] 图像质量: 模糊 拉普拉斯变异度低 (0.03 < 100) | Sobel梯度均值低 (0.07 < 20) | 边缘检测点少 (0.00% < 1.0%) | 高频能量正常 (91.70)
2025-05-09 13:56:42 [WARNING] 图像模糊，尝试重新获取 (第3次尝试)
2025-05-09 13:56:43 [INFO] 正在获取图像，尝试 4/30 (已耗时: 12.0秒)
2025-05-09 13:56:46 [INFO] 图像质量: 模糊 拉普拉斯变异度低 (0.04 < 100) | Sobel梯度均值低 (0.10 < 20) | 边缘检测点少 (0.00% < 1.0%) | 高频能量正常 (93.55)
2025-05-09 13:56:46 [WARNING] 图像模糊，尝试重新获取 (第4次尝试)
2025-05-09 13:56:47 [INFO] 正在获取图像，尝试 5/30 (已耗时: 15.9秒)
2025-05-09 13:56:50 [INFO] 图像质量: 模糊 拉普拉斯变异度低 (1.41 < 100) | Sobel梯度均值低 (0.14 < 20) | 边缘检测点少 (0.01% < 1.0%) | 高频能量正常 (129.51)
2025-05-09 13:56:50 [WARNING] 图像模糊，尝试重新获取 (第5次尝试)
2025-05-09 13:56:51 [INFO] 正在获取图像，尝试 6/30 (已耗时: 20.0秒)
2025-05-09 13:56:54 [INFO] 图像质量: 模糊 拉普拉斯变异度低 (1.40 < 100) | Sobel梯度均值低 (0.14 < 20) | 边缘检测点少 (0.00% < 1.0%) | 高频能量正常 (129.70)
2025-05-09 13:56:54 [WARNING] 图像模糊，尝试重新获取 (第6次尝试)
2025-05-09 13:56:55 [INFO] 正在获取图像，尝试 7/30 (已耗时: 24.1秒)
2025-05-09 13:56:58 [INFO] 图像质量: 模糊 拉普拉斯变异度低 (0.68 < 100) | Sobel梯度均值低 (0.12 < 20) | 边缘检测点少 (0.00% < 1.0%) | 高频能量正常 (121.68)
2025-05-09 13:56:58 [WARNING] 图像模糊，尝试重新获取 (第7次尝试)
2025-05-09 13:56:59 [INFO] 正在获取图像，尝试 8/30 (已耗时: 28.1秒)
2025-05-09 13:57:02 [INFO] 图像质量: 模糊 拉普拉斯变异度低 (0.05 < 100) | Sobel梯度均值低 (0.11 < 20) | 边缘检测点少 (0.00% < 1.0%) | 高频能量正常 (95.96)
2025-05-09 13:57:02 [WARNING] 图像模糊，尝试重新获取 (第8次尝试)
2025-05-09 13:57:03 [ERROR] 获取清晰图像超时 (30秒)
2025-05-09 13:57:03 [WARNING] 返回超时前的最后一帧图像
2025-05-09 13:57:06 [INFO] 正在获取图像，尝试 1/30 (已耗时: 0.0秒)
2025-05-09 13:57:10 [INFO] 图像质量: 模糊 拉普拉斯变异度低 (0.05 < 100) | Sobel梯度均值低 (0.11 < 20) | 边缘检测点少 (0.00% < 1.0%) | 高频能量正常 (97.83)
2025-05-09 13:57:10 [WARNING] 图像模糊，尝试重新获取 (第1次尝试)
2025-05-09 13:57:10 [INFO] 正在获取图像，尝试 2/30 (已耗时: 4.1秒)
2025-05-09 13:57:13 [INFO] 图像质量: 模糊 拉普拉斯变异度低 (0.07 < 100) | Sobel梯度均值低 (0.11 < 20) | 边缘检测点少 (0.00% < 1.0%) | 高频能量正常 (99.27)
2025-05-09 13:57:13 [WARNING] 图像模糊，尝试重新获取 (第2次尝试)
2025-05-09 13:57:14 [INFO] 正在获取图像，尝试 3/30 (已耗时: 8.0秒)
2025-05-09 13:57:17 [INFO] 图像质量: 模糊 拉普拉斯变异度低 (0.06 < 100) | Sobel梯度均值低 (0.11 < 20) | 边缘检测点少 (0.00% < 1.0%) | 高频能量正常 (98.40)
2025-05-09 13:57:17 [WARNING] 图像模糊，尝试重新获取 (第3次尝试)
2025-05-09 13:57:18 [INFO] 正在获取图像，尝试 4/30 (已耗时: 12.0秒)
2025-05-09 13:57:22 [INFO] 图像质量: 模糊 拉普拉斯变异度低 (0.07 < 100) | Sobel梯度均值低 (0.11 < 20) | 边缘检测点少 (0.00% < 1.0%) | 高频能量正常 (98.45)
2025-05-09 13:57:22 [WARNING] 图像模糊，尝试重新获取 (第4次尝试)
2025-05-09 13:57:22 [INFO] 正在获取图像，尝试 5/30 (已耗时: 16.1秒)
2025-05-09 13:57:25 [INFO] 图像质量: 模糊 拉普拉斯变异度低 (0.05 < 100) | Sobel梯度均值低 (0.11 < 20) | 边缘检测点少 (0.00% < 1.0%) | 高频能量正常 (96.70)
2025-05-09 13:57:25 [WARNING] 图像模糊，尝试重新获取 (第5次尝试)
2025-05-09 13:57:26 [INFO] 正在获取图像，尝试 6/30 (已耗时: 20.0秒)
2025-05-09 13:57:30 [INFO] 图像质量: 模糊 拉普拉斯变异度低 (0.07 < 100) | Sobel梯度均值低 (0.11 < 20) | 边缘检测点少 (0.00% < 1.0%) | 高频能量正常 (99.05)
2025-05-09 13:57:30 [WARNING] 图像模糊，尝试重新获取 (第6次尝试)
2025-05-09 13:57:30 [INFO] 正在获取图像，尝试 7/30 (已耗时: 24.1秒)
2025-05-09 13:57:34 [INFO] 图像质量: 模糊 拉普拉斯变异度低 (0.06 < 100) | Sobel梯度均值低 (0.12 < 20) | 边缘检测点少 (0.00% < 1.0%) | 高频能量正常 (98.10)
2025-05-09 13:57:34 [WARNING] 图像模糊，尝试重新获取 (第7次尝试)
2025-05-09 13:57:34 [INFO] 正在获取图像，尝试 8/30 (已耗时: 28.0秒)
2025-05-09 13:57:37 [INFO] 图像质量: 模糊 拉普拉斯变异度低 (0.05 < 100) | Sobel梯度均值低 (0.11 < 20) | 边缘检测点少 (0.00% < 1.0%) | 高频能量正常 (96.08)
2025-05-09 13:57:37 [WARNING] 图像模糊，尝试重新获取 (第8次尝试)
2025-05-09 13:57:38 [ERROR] 获取清晰图像超时 (30秒)
2025-05-09 13:57:38 [WARNING] 返回超时前的最后一帧图像
2025-05-09 13:57:41 [INFO] 正在获取图像，尝试 1/30 (已耗时: 0.0秒)
2025-05-09 13:57:45 [INFO] 图像质量: 模糊 拉普拉斯变异度低 (0.04 < 100) | Sobel梯度均值低 (0.09 < 20) | 边缘检测点少 (0.00% < 1.0%) | 高频能量正常 (95.23)
2025-05-09 13:57:45 [WARNING] 图像模糊，尝试重新获取 (第1次尝试)
2025-05-09 13:57:45 [INFO] 正在获取图像，尝试 2/30 (已耗时: 4.0秒)
2025-05-09 13:57:49 [INFO] 图像质量: 模糊 拉普拉斯变异度低 (0.05 < 100) | Sobel梯度均值低 (0.10 < 20) | 边缘检测点少 (0.00% < 1.0%) | 高频能量正常 (94.76)
2025-05-09 13:57:49 [WARNING] 图像模糊，尝试重新获取 (第2次尝试)
2025-05-09 13:57:49 [INFO] 正在获取图像，尝试 3/30 (已耗时: 8.0秒)
2025-05-09 13:57:52 [INFO] 图像质量: 模糊 拉普拉斯变异度低 (0.05 < 100) | Sobel梯度均值低 (0.10 < 20) | 边缘检测点少 (0.00% < 1.0%) | 高频能量正常 (96.08)
2025-05-09 13:57:52 [WARNING] 图像模糊，尝试重新获取 (第3次尝试)
2025-05-09 13:57:53 [INFO] 正在获取图像，尝试 4/30 (已耗时: 11.9秒)
2025-05-09 13:57:57 [INFO] 图像质量: 模糊 拉普拉斯变异度低 (0.06 < 100) | Sobel梯度均值低 (0.10 < 20) | 边缘检测点少 (0.00% < 1.0%) | 高频能量正常 (96.76)
2025-05-09 13:57:57 [WARNING] 图像模糊，尝试重新获取 (第4次尝试)
2025-05-09 13:57:57 [INFO] 正在获取图像，尝试 5/30 (已耗时: 16.0秒)
2025-05-09 13:58:01 [INFO] 图像质量: 模糊 拉普拉斯变异度低 (0.06 < 100) | Sobel梯度均值低 (0.11 < 20) | 边缘检测点少 (0.00% < 1.0%) | 高频能量正常 (99.12)
2025-05-09 13:58:01 [WARNING] 图像模糊，尝试重新获取 (第5次尝试)
2025-05-09 13:58:01 [INFO] 正在获取图像，尝试 6/30 (已耗时: 20.0秒)
2025-05-09 13:58:05 [INFO] 图像质量: 清晰 拉普拉斯变异度正常 (277.56) | Sobel梯度均值正常 (27.64) | 边缘检测点正常 (2.15%) | 高频能量正常 (179.59)
2025-05-09 13:58:05 [INFO] 图像清晰度良好，可以进行检测
