2025-05-09 11:52:47 [INFO] 正在获取图像，尝试 1/30 (已耗时: 0.0秒)
2025-05-09 11:52:51 [INFO] 图像质量: 模糊 拉普拉斯变异度低 (0.03 < 100) | Sobel梯度均值低 (0.06 < 20) | 边缘检测点少 (0.00% < 1.0%) | 高频能量正常 (90.55)
2025-05-09 11:52:51 [WARNING] 图像模糊，尝试重新获取 (第1次尝试)
2025-05-09 11:52:51 [INFO] 正在获取图像，尝试 2/30 (已耗时: 4.3秒)
2025-05-09 11:52:55 [INFO] 图像质量: 模糊 拉普拉斯变异度低 (0.03 < 100) | Sobel梯度均值低 (0.06 < 20) | 边缘检测点少 (0.00% < 1.0%) | 高频能量正常 (90.60)
2025-05-09 11:52:55 [WARNING] 图像模糊，尝试重新获取 (第2次尝试)
2025-05-09 11:52:55 [INFO] 正在获取图像，尝试 3/30 (已耗时: 8.5秒)
2025-05-09 11:52:59 [INFO] 图像质量: 模糊 拉普拉斯变异度低 (0.24 < 100) | Sobel梯度均值低 (0.17 < 20) | 边缘检测点少 (0.00% < 1.0%) | 高频能量正常 (114.10)
2025-05-09 11:52:59 [WARNING] 图像模糊，尝试重新获取 (第3次尝试)
2025-05-09 11:52:59 [INFO] 正在获取图像，尝试 4/30 (已耗时: 12.5秒)
2025-05-09 11:53:03 [INFO] 图像质量: 模糊 拉普拉斯变异度低 (0.04 < 100) | Sobel梯度均值低 (0.07 < 20) | 边缘检测点少 (0.00% < 1.0%) | 高频能量正常 (94.78)
2025-05-09 11:53:03 [WARNING] 图像模糊，尝试重新获取 (第4次尝试)
2025-05-09 11:53:04 [INFO] 正在获取图像，尝试 5/30 (已耗时: 16.6秒)
2025-05-09 11:53:07 [INFO] 图像质量: 模糊 拉普拉斯变异度低 (0.05 < 100) | Sobel梯度均值低 (0.09 < 20) | 边缘检测点少 (0.00% < 1.0%) | 高频能量正常 (97.04)
2025-05-09 11:53:07 [WARNING] 图像模糊，尝试重新获取 (第5次尝试)
2025-05-09 11:53:08 [INFO] 正在获取图像，尝试 6/30 (已耗时: 20.7秒)
2025-05-09 11:53:11 [INFO] 图像质量: 模糊 拉普拉斯变异度低 (0.05 < 100) | Sobel梯度均值低 (0.07 < 20) | 边缘检测点少 (0.00% < 1.0%) | 高频能量正常 (92.66)
2025-05-09 11:53:11 [WARNING] 图像模糊，尝试重新获取 (第6次尝试)
2025-05-09 11:53:12 [INFO] 正在获取图像，尝试 7/30 (已耗时: 25.0秒)
2025-05-09 11:53:16 [INFO] 图像质量: 模糊 拉普拉斯变异度低 (0.05 < 100) | Sobel梯度均值低 (0.07 < 20) | 边缘检测点少 (0.00% < 1.0%) | 高频能量正常 (95.32)
2025-05-09 11:53:16 [WARNING] 图像模糊，尝试重新获取 (第7次尝试)
2025-05-09 11:53:16 [INFO] 正在获取图像，尝试 8/30 (已耗时: 29.2秒)
2025-05-09 11:53:20 [INFO] 图像质量: 模糊 拉普拉斯变异度低 (0.05 < 100) | Sobel梯度均值低 (0.07 < 20) | 边缘检测点少 (0.00% < 1.0%) | 高频能量正常 (95.64)
2025-05-09 11:53:20 [WARNING] 图像模糊，尝试重新获取 (第8次尝试)
2025-05-09 11:53:20 [ERROR] 获取清晰图像超时 (30秒)
2025-05-09 11:53:20 [WARNING] 返回超时前的最后一帧图像
2025-05-09 11:53:23 [INFO] 正在获取图像，尝试 1/30 (已耗时: 0.0秒)
2025-05-09 11:53:27 [INFO] 图像质量: 模糊 拉普拉斯变异度低 (0.03 < 100) | Sobel梯度均值低 (0.06 < 20) | 边缘检测点少 (0.00% < 1.0%) | 高频能量正常 (91.46)
2025-05-09 11:53:27 [WARNING] 图像模糊，尝试重新获取 (第1次尝试)
2025-05-09 11:53:27 [INFO] 正在获取图像，尝试 2/30 (已耗时: 4.0秒)
