2025-05-08 18:17:01 [INFO] 正在获取图像，尝试 1/30 (已耗时: 0.0秒)
2025-05-08 18:17:05 [INFO] 图像质量: 模糊 拉普拉斯变异度低 (0.27 < 100) | Sobel梯度均值低 (0.29 < 20) | 边缘检测点少 (0.00% < 1.0%) | 高频能量正常 (112.83)
2025-05-08 18:17:05 [WARNING] 图像模糊，尝试重新获取 (第1次尝试)
2025-05-08 18:17:05 [INFO] 正在获取图像，尝试 2/30 (已耗时: 4.0秒)
2025-05-08 18:17:09 [INFO] 图像质量: 模糊 拉普拉斯变异度低 (0.32 < 100) | Sobel梯度均值低 (0.28 < 20) | 边缘检测点少 (0.00% < 1.0%) | 高频能量正常 (114.76)
2025-05-08 18:17:09 [WARNING] 图像模糊，尝试重新获取 (第2次尝试)
2025-05-08 18:17:09 [INFO] 正在获取图像，尝试 3/30 (已耗时: 8.1秒)
2025-05-08 18:17:13 [INFO] 图像质量: 模糊 拉普拉斯变异度低 (0.26 < 100) | Sobel梯度均值低 (0.25 < 20) | 边缘检测点少 (0.00% < 1.0%) | 高频能量正常 (113.02)
2025-05-08 18:17:13 [WARNING] 图像模糊，尝试重新获取 (第3次尝试)
2025-05-08 18:17:13 [INFO] 正在获取图像，尝试 4/30 (已耗时: 12.0秒)
2025-05-08 18:17:17 [INFO] 图像质量: 模糊 拉普拉斯变异度低 (0.27 < 100) | Sobel梯度均值低 (0.27 < 20) | 边缘检测点少 (0.00% < 1.0%) | 高频能量正常 (113.40)
2025-05-08 18:17:17 [WARNING] 图像模糊，尝试重新获取 (第4次尝试)
2025-05-08 18:17:17 [INFO] 正在获取图像，尝试 5/30 (已耗时: 16.0秒)
2025-05-08 18:17:21 [INFO] 图像质量: 模糊 拉普拉斯变异度低 (0.29 < 100) | Sobel梯度均值低 (0.29 < 20) | 边缘检测点少 (0.00% < 1.0%) | 高频能量正常 (113.71)
2025-05-08 18:17:21 [WARNING] 图像模糊，尝试重新获取 (第5次尝试)
2025-05-08 18:17:21 [INFO] 正在获取图像，尝试 6/30 (已耗时: 20.0秒)
2025-05-08 18:17:25 [INFO] 图像质量: 模糊 拉普拉斯变异度低 (0.33 < 100) | Sobel梯度均值低 (0.33 < 20) | 边缘检测点少 (0.00% < 1.0%) | 高频能量正常 (115.67)
2025-05-08 18:17:25 [WARNING] 图像模糊，尝试重新获取 (第6次尝试)
2025-05-08 18:17:25 [INFO] 正在获取图像，尝试 7/30 (已耗时: 24.3秒)
2025-05-08 18:17:29 [INFO] 图像质量: 模糊 拉普拉斯变异度低 (0.05 < 100) | Sobel梯度均值低 (0.11 < 20) | 边缘检测点少 (0.00% < 1.0%) | 高频能量正常 (94.76)
2025-05-08 18:17:29 [WARNING] 图像模糊，尝试重新获取 (第7次尝试)
2025-05-08 18:17:29 [INFO] 正在获取图像，尝试 8/30 (已耗时: 28.2秒)
2025-05-08 18:17:33 [INFO] 图像质量: 模糊 拉普拉斯变异度低 (0.06 < 100) | Sobel梯度均值低 (0.12 < 20) | 边缘检测点少 (0.00% < 1.0%) | 高频能量正常 (97.30)
2025-05-08 18:17:33 [WARNING] 图像模糊，尝试重新获取 (第8次尝试)
2025-05-08 18:17:33 [ERROR] 获取清晰图像超时 (30秒)
2025-05-08 18:17:33 [WARNING] 返回超时前的最后一帧图像
