2025-05-11 17:58:36 [INFO] 正在获取图像，尝试 1/10 (已耗时: 0.0秒)
2025-05-11 17:58:40 [INFO] 图像质量: 模糊 拉普拉斯变异度低 (1.58 < 100) | Sobel梯度均值低 (0.28 < 20) | 边缘检测点少 (0.01% < 1.0%) | 高频能量正常 (131.89)
2025-05-11 17:58:40 [WARNING] 图像模糊，尝试重新获取 (第1次尝试)
2025-05-11 17:58:42 [INFO] 正在获取图像，尝试 2/10 (已耗时: 5.5秒)
2025-05-11 17:58:45 [INFO] 图像质量: 模糊 拉普拉斯变异度低 (0.07 < 100) | Sobel梯度均值低 (0.16 < 20) | 边缘检测点少 (0.00% < 1.0%) | 高频能量正常 (99.22)
2025-05-11 17:58:45 [WARNING] 图像模糊，尝试重新获取 (第2次尝试)
2025-05-11 17:58:47 [INFO] 正在获取图像，尝试 3/10 (已耗时: 11.0秒)
2025-05-11 17:58:51 [INFO] 图像质量: 模糊 拉普拉斯变异度低 (0.07 < 100) | Sobel梯度均值低 (0.16 < 20) | 边缘检测点少 (0.00% < 1.0%) | 高频能量正常 (98.24)
2025-05-11 17:58:51 [WARNING] 图像模糊，尝试重新获取 (第3次尝试)
2025-05-11 17:58:53 [INFO] 正在获取图像，尝试 4/10 (已耗时: 16.4秒)
2025-05-11 17:58:56 [INFO] 图像质量: 模糊 拉普拉斯变异度低 (0.11 < 100) | Sobel梯度均值低 (0.22 < 20) | 边缘检测点少 (0.00% < 1.0%) | 高频能量正常 (103.98)
2025-05-11 17:58:56 [WARNING] 图像模糊，尝试重新获取 (第4次尝试)
2025-05-11 17:58:58 [INFO] 正在获取图像，尝试 5/10 (已耗时: 21.8秒)
2025-05-11 17:59:02 [INFO] 图像质量: 模糊 拉普拉斯变异度低 (0.08 < 100) | Sobel梯度均值低 (0.18 < 20) | 边缘检测点少 (0.00% < 1.0%) | 高频能量正常 (100.94)
2025-05-11 17:59:02 [WARNING] 图像模糊，尝试重新获取 (第5次尝试)
2025-05-11 17:59:04 [INFO] 正在获取图像，尝试 6/10 (已耗时: 27.3秒)
2025-05-11 17:59:07 [INFO] 图像质量: 模糊 拉普拉斯变异度低 (0.08 < 100) | Sobel梯度均值低 (0.17 < 20) | 边缘检测点少 (0.00% < 1.0%) | 高频能量正常 (100.46)
2025-05-11 17:59:07 [WARNING] 图像模糊，尝试重新获取 (第6次尝试)
2025-05-11 17:59:09 [INFO] 正在获取图像，尝试 7/10 (已耗时: 32.8秒)
2025-05-11 17:59:13 [INFO] 图像质量: 模糊 拉普拉斯变异度低 (0.09 < 100) | Sobel梯度均值低 (0.19 < 20) | 边缘检测点少 (0.00% < 1.0%) | 高频能量正常 (100.81)
2025-05-11 17:59:13 [WARNING] 图像模糊，尝试重新获取 (第7次尝试)
2025-05-11 17:59:15 [INFO] 正在获取图像，尝试 8/10 (已耗时: 38.2秒)
2025-05-11 17:59:18 [INFO] 图像质量: 模糊 拉普拉斯变异度低 (0.40 < 100) | Sobel梯度均值低 (0.23 < 20) | 边缘检测点少 (0.00% < 1.0%) | 高频能量正常 (119.40)
2025-05-11 17:59:18 [WARNING] 图像模糊，尝试重新获取 (第8次尝试)
2025-05-11 17:59:20 [ERROR] 获取清晰图像超时 (40.0秒)
2025-05-11 17:59:20 [WARNING] 返回超时前的最后一帧图像
2025-05-11 17:59:20 [INFO] 正在获取图像，尝试 1/10 (已耗时: 0.0秒)
2025-05-11 17:59:23 [INFO] 图像质量: 清晰 拉普拉斯变异度正常 (246.27) | Sobel梯度均值正常 (27.06) | 边缘检测点正常 (2.07%) | 高频能量正常 (176.96)
2025-05-11 17:59:23 [INFO] 图像清晰度良好，可以进行检测
2025-05-11 17:59:50 [INFO] 正在获取图像，尝试 1/30 (已耗时: 0.0秒)
2025-05-11 17:59:54 [INFO] 图像质量: 模糊 拉普拉斯变异度低 (0.09 < 100) | Sobel梯度均值低 (0.18 < 20) | 边缘检测点少 (0.00% < 1.0%) | 高频能量正常 (101.29)
2025-05-11 17:59:54 [WARNING] 图像模糊，尝试重新获取 (第1次尝试)
2025-05-11 17:59:54 [INFO] 正在获取图像，尝试 2/30 (已耗时: 3.9秒)
2025-05-11 17:59:58 [INFO] 图像质量: 模糊 拉普拉斯变异度低 (0.12 < 100) | Sobel梯度均值低 (0.24 < 20) | 边缘检测点少 (0.00% < 1.0%) | 高频能量正常 (105.17)
2025-05-11 17:59:58 [WARNING] 图像模糊，尝试重新获取 (第2次尝试)
2025-05-11 17:59:58 [INFO] 正在获取图像，尝试 3/30 (已耗时: 7.9秒)
2025-05-11 18:00:02 [INFO] 图像质量: 模糊 拉普拉斯变异度低 (0.12 < 100) | Sobel梯度均值低 (0.24 < 20) | 边缘检测点少 (0.00% < 1.0%) | 高频能量正常 (105.22)
2025-05-11 18:00:02 [WARNING] 图像模糊，尝试重新获取 (第3次尝试)
2025-05-11 18:00:02 [INFO] 正在获取图像，尝试 4/30 (已耗时: 12.0秒)
2025-05-11 18:00:06 [INFO] 图像质量: 模糊 拉普拉斯变异度低 (0.13 < 100) | Sobel梯度均值低 (0.25 < 20) | 边缘检测点少 (0.00% < 1.0%) | 高频能量正常 (106.27)
2025-05-11 18:00:06 [WARNING] 图像模糊，尝试重新获取 (第4次尝试)
2025-05-11 18:00:06 [INFO] 正在获取图像，尝试 5/30 (已耗时: 15.9秒)
2025-05-11 18:00:10 [INFO] 图像质量: 模糊 拉普拉斯变异度低 (0.12 < 100) | Sobel梯度均值低 (0.25 < 20) | 边缘检测点少 (0.00% < 1.0%) | 高频能量正常 (105.20)
2025-05-11 18:00:10 [WARNING] 图像模糊，尝试重新获取 (第5次尝试)
2025-05-11 18:00:10 [INFO] 正在获取图像，尝试 6/30 (已耗时: 20.1秒)
2025-05-11 18:00:14 [INFO] 图像质量: 模糊 拉普拉斯变异度低 (0.09 < 100) | Sobel梯度均值低 (0.18 < 20) | 边缘检测点少 (0.00% < 1.0%) | 高频能量正常 (101.51)
2025-05-11 18:00:14 [WARNING] 图像模糊，尝试重新获取 (第6次尝试)
2025-05-11 18:00:14 [INFO] 正在获取图像，尝试 7/30 (已耗时: 23.9秒)
2025-05-11 18:00:18 [INFO] 图像质量: 模糊 拉普拉斯变异度低 (0.11 < 100) | Sobel梯度均值低 (0.24 < 20) | 边缘检测点少 (0.00% < 1.0%) | 高频能量正常 (104.63)
2025-05-11 18:00:18 [WARNING] 图像模糊，尝试重新获取 (第7次尝试)
2025-05-11 18:00:18 [INFO] 正在获取图像，尝试 8/30 (已耗时: 27.9秒)
2025-05-11 18:00:21 [INFO] 图像质量: 模糊 拉普拉斯变异度低 (0.24 < 100) | Sobel梯度均值低 (0.23 < 20) | 边缘检测点少 (0.00% < 1.0%) | 高频能量正常 (112.96)
2025-05-11 18:00:21 [WARNING] 图像模糊，尝试重新获取 (第8次尝试)
2025-05-11 18:00:22 [ERROR] 获取清晰图像超时 (30秒)
2025-05-11 18:00:22 [WARNING] 返回超时前的最后一帧图像
2025-05-11 18:00:25 [INFO] 正在获取图像，尝试 1/30 (已耗时: 0.0秒)
2025-05-11 18:00:28 [INFO] 图像质量: 模糊 拉普拉斯变异度低 (0.36 < 100) | Sobel梯度均值低 (0.41 < 20) | 边缘检测点少 (0.00% < 1.0%) | 高频能量正常 (116.59)
2025-05-11 18:00:28 [WARNING] 图像模糊，尝试重新获取 (第1次尝试)
2025-05-11 18:00:29 [INFO] 正在获取图像，尝试 2/30 (已耗时: 4.0秒)
2025-05-11 18:00:32 [INFO] 图像质量: 模糊 拉普拉斯变异度低 (0.33 < 100) | Sobel梯度均值低 (0.40 < 20) | 边缘检测点少 (0.00% < 1.0%) | 高频能量正常 (115.72)
2025-05-11 18:00:32 [WARNING] 图像模糊，尝试重新获取 (第2次尝试)
2025-05-11 18:00:33 [INFO] 正在获取图像，尝试 3/30 (已耗时: 7.9秒)
2025-05-11 18:00:36 [INFO] 图像质量: 模糊 拉普拉斯变异度低 (0.32 < 100) | Sobel梯度均值低 (0.38 < 20) | 边缘检测点少 (0.00% < 1.0%) | 高频能量正常 (116.10)
2025-05-11 18:00:36 [WARNING] 图像模糊，尝试重新获取 (第3次尝试)
2025-05-11 18:00:37 [INFO] 正在获取图像，尝试 4/30 (已耗时: 11.9秒)
2025-05-11 18:00:40 [INFO] 图像质量: 模糊 拉普拉斯变异度低 (0.08 < 100) | Sobel梯度均值低 (0.17 < 20) | 边缘检测点少 (0.00% < 1.0%) | 高频能量正常 (100.45)
2025-05-11 18:00:40 [WARNING] 图像模糊，尝试重新获取 (第4次尝试)
2025-05-11 18:00:41 [INFO] 正在获取图像，尝试 5/30 (已耗时: 15.8秒)
2025-05-11 18:00:44 [INFO] 图像质量: 模糊 拉普拉斯变异度低 (0.10 < 100) | Sobel梯度均值低 (0.21 < 20) | 边缘检测点少 (0.00% < 1.0%) | 高频能量正常 (102.96)
2025-05-11 18:00:44 [WARNING] 图像模糊，尝试重新获取 (第5次尝试)
2025-05-11 18:00:45 [INFO] 正在获取图像，尝试 6/30 (已耗时: 19.7秒)
2025-05-11 18:00:48 [INFO] 图像质量: 模糊 拉普拉斯变异度低 (0.08 < 100) | Sobel梯度均值低 (0.18 < 20) | 边缘检测点少 (0.00% < 1.0%) | 高频能量正常 (100.63)
2025-05-11 18:00:48 [WARNING] 图像模糊，尝试重新获取 (第6次尝试)
2025-05-11 18:00:48 [INFO] 正在获取图像，尝试 7/30 (已耗时: 23.5秒)
2025-05-11 18:00:52 [INFO] 图像质量: 模糊 拉普拉斯变异度低 (0.14 < 100) | Sobel梯度均值低 (0.24 < 20) | 边缘检测点少 (0.00% < 1.0%) | 高频能量正常 (106.82)
2025-05-11 18:00:52 [WARNING] 图像模糊，尝试重新获取 (第7次尝试)
2025-05-11 18:00:52 [INFO] 正在获取图像，尝试 8/30 (已耗时: 27.5秒)
2025-05-11 18:00:56 [INFO] 图像质量: 模糊 拉普拉斯变异度低 (0.08 < 100) | Sobel梯度均值低 (0.17 < 20) | 边缘检测点少 (0.00% < 1.0%) | 高频能量正常 (100.19)
2025-05-11 18:00:56 [WARNING] 图像模糊，尝试重新获取 (第8次尝试)
2025-05-11 18:00:56 [ERROR] 获取清晰图像超时 (30秒)
2025-05-11 18:00:56 [WARNING] 返回超时前的最后一帧图像
2025-05-11 18:00:59 [INFO] 正在获取图像，尝试 1/30 (已耗时: 0.0秒)
2025-05-11 18:01:03 [INFO] 图像质量: 模糊 拉普拉斯变异度低 (0.08 < 100) | Sobel梯度均值低 (0.20 < 20) | 边缘检测点少 (0.00% < 1.0%) | 高频能量正常 (100.85)
2025-05-11 18:01:03 [WARNING] 图像模糊，尝试重新获取 (第1次尝试)
2025-05-11 18:01:03 [INFO] 正在获取图像，尝试 2/30 (已耗时: 3.9秒)
2025-05-11 18:01:07 [INFO] 图像质量: 模糊 拉普拉斯变异度低 (0.09 < 100) | Sobel梯度均值低 (0.19 < 20) | 边缘检测点少 (0.00% < 1.0%) | 高频能量正常 (101.54)
2025-05-11 18:01:07 [WARNING] 图像模糊，尝试重新获取 (第2次尝试)
2025-05-11 18:01:07 [INFO] 正在获取图像，尝试 3/30 (已耗时: 7.9秒)
2025-05-11 18:01:11 [INFO] 图像质量: 模糊 拉普拉斯变异度低 (0.07 < 100) | Sobel梯度均值低 (0.16 < 20) | 边缘检测点少 (0.00% < 1.0%) | 高频能量正常 (98.03)
2025-05-11 18:01:11 [WARNING] 图像模糊，尝试重新获取 (第3次尝试)
2025-05-11 18:01:11 [INFO] 正在获取图像，尝试 4/30 (已耗时: 11.8秒)
2025-05-11 18:01:15 [INFO] 图像质量: 模糊 拉普拉斯变异度低 (0.09 < 100) | Sobel梯度均值低 (0.21 < 20) | 边缘检测点少 (0.00% < 1.0%) | 高频能量正常 (100.95)
2025-05-11 18:01:15 [WARNING] 图像模糊，尝试重新获取 (第4次尝试)
2025-05-11 18:01:15 [INFO] 正在获取图像，尝试 5/30 (已耗时: 15.7秒)
2025-05-11 18:01:18 [INFO] 图像质量: 模糊 拉普拉斯变异度低 (0.06 < 100) | Sobel梯度均值低 (0.15 < 20) | 边缘检测点少 (0.00% < 1.0%) | 高频能量正常 (96.80)
2025-05-11 18:01:18 [WARNING] 图像模糊，尝试重新获取 (第5次尝试)
2025-05-11 18:01:19 [INFO] 正在获取图像，尝试 6/30 (已耗时: 19.7秒)
2025-05-11 18:01:22 [INFO] 图像质量: 模糊 拉普拉斯变异度低 (0.06 < 100) | Sobel梯度均值低 (0.15 < 20) | 边缘检测点少 (0.00% < 1.0%) | 高频能量正常 (97.29)
2025-05-11 18:01:22 [WARNING] 图像模糊，尝试重新获取 (第6次尝试)
2025-05-11 18:01:23 [INFO] 正在获取图像，尝试 7/30 (已耗时: 23.6秒)
2025-05-11 18:01:26 [INFO] 图像质量: 模糊 拉普拉斯变异度低 (0.32 < 100) | Sobel梯度均值低 (0.40 < 20) | 边缘检测点少 (0.00% < 1.0%) | 高频能量正常 (115.56)
2025-05-11 18:01:26 [WARNING] 图像模糊，尝试重新获取 (第7次尝试)
2025-05-11 18:01:27 [INFO] 正在获取图像，尝试 8/30 (已耗时: 27.5秒)
2025-05-11 18:01:30 [INFO] 图像质量: 模糊 拉普拉斯变异度低 (0.09 < 100) | Sobel梯度均值低 (0.18 < 20) | 边缘检测点少 (0.00% < 1.0%) | 高频能量正常 (102.13)
2025-05-11 18:01:30 [WARNING] 图像模糊，尝试重新获取 (第8次尝试)
2025-05-11 18:01:31 [ERROR] 获取清晰图像超时 (30秒)
2025-05-11 18:01:31 [WARNING] 返回超时前的最后一帧图像
2025-05-11 18:01:34 [INFO] 正在获取图像，尝试 1/30 (已耗时: 0.0秒)
2025-05-11 18:01:37 [INFO] 图像质量: 清晰 拉普拉斯变异度正常 (248.52) | Sobel梯度均值正常 (27.09) | 边缘检测点正常 (2.08%) | 高频能量正常 (177.16)
2025-05-11 18:01:37 [INFO] 图像清晰度良好，可以进行检测
2025-05-11 18:02:14 [INFO] 正在获取图像，尝试 1/10 (已耗时: 0.0秒)
2025-05-11 18:02:18 [INFO] 图像质量: 模糊 拉普拉斯变异度低 (0.16 < 100) | Sobel梯度均值低 (0.31 < 20) | 边缘检测点少 (0.00% < 1.0%) | 高频能量正常 (108.23)
2025-05-11 18:02:18 [WARNING] 图像模糊，尝试重新获取 (第1次尝试)
2025-05-11 18:02:20 [INFO] 正在获取图像，尝试 2/10 (已耗时: 5.4秒)
2025-05-11 18:02:23 [INFO] 图像质量: 模糊 拉普拉斯变异度低 (0.08 < 100) | Sobel梯度均值低 (0.16 < 20) | 边缘检测点少 (0.00% < 1.0%) | 高频能量正常 (99.65)
2025-05-11 18:02:23 [WARNING] 图像模糊，尝试重新获取 (第2次尝试)
2025-05-11 18:02:25 [INFO] 正在获取图像，尝试 3/10 (已耗时: 10.7秒)
2025-05-11 18:02:28 [INFO] 图像质量: 模糊 拉普拉斯变异度低 (0.09 < 100) | Sobel梯度均值低 (0.19 < 20) | 边缘检测点少 (0.00% < 1.0%) | 高频能量正常 (101.58)
2025-05-11 18:02:28 [WARNING] 图像模糊，尝试重新获取 (第3次尝试)
2025-05-11 18:02:30 [INFO] 正在获取图像，尝试 4/10 (已耗时: 16.1秒)
2025-05-11 18:02:34 [INFO] 图像质量: 模糊 拉普拉斯变异度低 (0.09 < 100) | Sobel梯度均值低 (0.19 < 20) | 边缘检测点少 (0.00% < 1.0%) | 高频能量正常 (101.78)
2025-05-11 18:02:34 [WARNING] 图像模糊，尝试重新获取 (第4次尝试)
2025-05-11 18:02:36 [INFO] 正在获取图像，尝试 5/10 (已耗时: 21.4秒)
2025-05-11 18:02:39 [INFO] 图像质量: 模糊 拉普拉斯变异度低 (1.35 < 100) | Sobel梯度均值低 (0.27 < 20) | 边缘检测点少 (0.01% < 1.0%) | 高频能量正常 (127.89)
2025-05-11 18:02:39 [WARNING] 图像模糊，尝试重新获取 (第5次尝试)
2025-05-11 18:02:41 [INFO] 正在获取图像，尝试 6/10 (已耗时: 26.9秒)
2025-05-11 18:02:44 [INFO] 图像质量: 模糊 拉普拉斯变异度低 (0.34 < 100) | Sobel梯度均值低 (0.41 < 20) | 边缘检测点少 (0.00% < 1.0%) | 高频能量正常 (116.13)
2025-05-11 18:02:44 [WARNING] 图像模糊，尝试重新获取 (第6次尝试)
2025-05-11 18:02:46 [INFO] 正在获取图像，尝试 7/10 (已耗时: 32.2秒)
2025-05-11 18:02:50 [INFO] 图像质量: 模糊 拉普拉斯变异度低 (1.54 < 100) | Sobel梯度均值低 (0.29 < 20) | 边缘检测点少 (0.01% < 1.0%) | 高频能量正常 (131.95)
2025-05-11 18:02:50 [WARNING] 图像模糊，尝试重新获取 (第7次尝试)
2025-05-11 18:02:52 [INFO] 正在获取图像，尝试 8/10 (已耗时: 37.6秒)
2025-05-11 18:02:55 [INFO] 图像质量: 模糊 拉普拉斯变异度低 (0.10 < 100) | Sobel梯度均值低 (0.21 < 20) | 边缘检测点少 (0.00% < 1.0%) | 高频能量正常 (102.46)
2025-05-11 18:02:55 [WARNING] 图像模糊，尝试重新获取 (第8次尝试)
2025-05-11 18:02:57 [ERROR] 获取清晰图像超时 (40.0秒)
2025-05-11 18:02:57 [WARNING] 返回超时前的最后一帧图像
2025-05-11 18:03:18 [INFO] 正在获取图像，尝试 1/30 (已耗时: 0.0秒)
2025-05-11 18:03:21 [INFO] 图像质量: 清晰 拉普拉斯变异度正常 (219.46) | Sobel梯度均值正常 (23.87) | 边缘检测点正常 (1.76%) | 高频能量正常 (175.25)
2025-05-11 18:03:21 [INFO] 图像清晰度良好，可以进行检测
2025-05-11 18:03:51 [INFO] 正在获取图像，尝试 1/10 (已耗时: 0.0秒)
2025-05-11 18:03:54 [INFO] 图像质量: 模糊 拉普拉斯变异度低 (0.71 < 100) | Sobel梯度均值低 (0.83 < 20) | 边缘检测点少 (0.00% < 1.0%) | 高频能量正常 (122.84)
2025-05-11 18:03:54 [WARNING] 图像模糊，尝试重新获取 (第1次尝试)
2025-05-11 18:03:56 [INFO] 正在获取图像，尝试 2/10 (已耗时: 5.4秒)
2025-05-11 18:04:00 [INFO] 图像质量: 模糊 拉普拉斯变异度低 (1.49 < 100) | Sobel梯度均值低 (0.28 < 20) | 边缘检测点少 (0.01% < 1.0%) | 高频能量正常 (131.07)
2025-05-11 18:04:00 [WARNING] 图像模糊，尝试重新获取 (第2次尝试)
2025-05-11 18:04:02 [INFO] 正在获取图像，尝试 3/10 (已耗时: 10.8秒)
2025-05-11 18:04:05 [INFO] 图像质量: 模糊 拉普拉斯变异度低 (0.12 < 100) | Sobel梯度均值低 (0.23 < 20) | 边缘检测点少 (0.00% < 1.0%) | 高频能量正常 (104.89)
2025-05-11 18:04:05 [WARNING] 图像模糊，尝试重新获取 (第3次尝试)
2025-05-11 18:04:07 [INFO] 正在获取图像，尝试 4/10 (已耗时: 16.3秒)
2025-05-11 18:04:11 [INFO] 图像质量: 模糊 拉普拉斯变异度低 (0.08 < 100) | Sobel梯度均值低 (0.18 < 20) | 边缘检测点少 (0.00% < 1.0%) | 高频能量正常 (99.91)
2025-05-11 18:04:11 [WARNING] 图像模糊，尝试重新获取 (第4次尝试)
2025-05-11 18:04:13 [INFO] 正在获取图像，尝试 5/10 (已耗时: 21.7秒)
2025-05-11 18:04:16 [INFO] 图像质量: 模糊 拉普拉斯变异度低 (0.09 < 100) | Sobel梯度均值低 (0.19 < 20) | 边缘检测点少 (0.00% < 1.0%) | 高频能量正常 (102.31)
2025-05-11 18:04:16 [WARNING] 图像模糊，尝试重新获取 (第5次尝试)
2025-05-11 18:04:18 [INFO] 正在获取图像，尝试 6/10 (已耗时: 27.0秒)
2025-05-11 18:04:21 [INFO] 图像质量: 清晰 拉普拉斯变异度正常 (247.47) | Sobel梯度均值正常 (27.13) | 边缘检测点正常 (2.09%) | 高频能量正常 (177.09)
2025-05-11 18:04:21 [INFO] 图像清晰度良好，可以进行检测
2025-05-11 18:04:46 [INFO] 正在获取图像，尝试 1/30 (已耗时: 0.0秒)
2025-05-11 18:04:50 [INFO] 图像质量: 模糊 拉普拉斯变异度低 (0.12 < 100) | Sobel梯度均值低 (0.24 < 20) | 边缘检测点少 (0.00% < 1.0%) | 高频能量正常 (104.50)
2025-05-11 18:04:50 [WARNING] 图像模糊，尝试重新获取 (第1次尝试)
2025-05-11 18:04:50 [INFO] 正在获取图像，尝试 2/30 (已耗时: 3.9秒)
2025-05-11 18:04:53 [INFO] 图像质量: 模糊 拉普拉斯变异度低 (0.14 < 100) | Sobel梯度均值低 (0.27 < 20) | 边缘检测点少 (0.00% < 1.0%) | 高频能量正常 (107.22)
2025-05-11 18:04:53 [WARNING] 图像模糊，尝试重新获取 (第2次尝试)
2025-05-11 18:04:54 [INFO] 正在获取图像，尝试 3/30 (已耗时: 7.7秒)
2025-05-11 18:04:57 [INFO] 图像质量: 清晰 拉普拉斯变异度正常 (246.97) | Sobel梯度均值正常 (27.19) | 边缘检测点正常 (2.09%) | 高频能量正常 (177.04)
2025-05-11 18:04:57 [INFO] 图像清晰度良好，可以进行检测
2025-05-11 18:05:27 [INFO] 正在获取图像，尝试 1/10 (已耗时: 0.0秒)
2025-05-11 18:05:31 [INFO] 图像质量: 模糊 拉普拉斯变异度低 (0.12 < 100) | Sobel梯度均值低 (0.23 < 20) | 边缘检测点少 (0.00% < 1.0%) | 高频能量正常 (104.31)
2025-05-11 18:05:31 [WARNING] 图像模糊，尝试重新获取 (第1次尝试)
2025-05-11 18:05:33 [INFO] 正在获取图像，尝试 2/10 (已耗时: 5.4秒)
2025-05-11 18:05:36 [INFO] 图像质量: 模糊 拉普拉斯变异度低 (0.09 < 100) | Sobel梯度均值低 (0.19 < 20) | 边缘检测点少 (0.00% < 1.0%) | 高频能量正常 (101.33)
2025-05-11 18:05:36 [WARNING] 图像模糊，尝试重新获取 (第2次尝试)
2025-05-11 18:05:38 [INFO] 正在获取图像，尝试 3/10 (已耗时: 10.8秒)
2025-05-11 18:05:41 [INFO] 图像质量: 清晰 拉普拉斯变异度正常 (248.27) | Sobel梯度均值正常 (27.19) | 边缘检测点正常 (2.10%) | 高频能量正常 (177.05)
2025-05-11 18:05:41 [INFO] 图像清晰度良好，可以进行检测
2025-05-11 18:06:06 [INFO] 正在获取图像，尝试 1/30 (已耗时: 0.0秒)
2025-05-11 18:06:10 [INFO] 图像质量: 模糊 拉普拉斯变异度低 (0.09 < 100) | Sobel梯度均值低 (0.20 < 20) | 边缘检测点少 (0.00% < 1.0%) | 高频能量正常 (101.38)
2025-05-11 18:06:10 [WARNING] 图像模糊，尝试重新获取 (第1次尝试)
2025-05-11 18:06:10 [INFO] 正在获取图像，尝试 2/30 (已耗时: 3.7秒)
2025-05-11 18:06:13 [INFO] 图像质量: 模糊 拉普拉斯变异度低 (0.13 < 100) | Sobel梯度均值低 (0.26 < 20) | 边缘检测点少 (0.00% < 1.0%) | 高频能量正常 (106.03)
2025-05-11 18:06:13 [WARNING] 图像模糊，尝试重新获取 (第2次尝试)
2025-05-11 18:06:14 [INFO] 正在获取图像，尝试 3/30 (已耗时: 7.7秒)
2025-05-11 18:06:17 [INFO] 图像质量: 清晰 拉普拉斯变异度正常 (248.58) | Sobel梯度均值正常 (27.19) | 边缘检测点正常 (2.10%) | 高频能量正常 (177.06)
2025-05-11 18:06:17 [INFO] 图像清晰度良好，可以进行检测
