2025-05-15 20:40:22 [INFO] 正在获取图像，尝试 1/10 (已耗时: 0.0秒)
2025-05-15 20:40:26 [INFO] 图像质量: 模糊 拉普拉斯变异度低 (0.01 < 100) | Sobel梯度均值低 (0.01 < 20) | 边缘检测点少 (0.00% < 1.0%) | 高频能量正常 (78.52)
2025-05-15 20:40:26 [WARNING] 图像模糊，尝试重新获取 (第1次尝试)
2025-05-15 20:40:28 [INFO] 正在获取图像，尝试 2/10 (已耗时: 6.0秒)
2025-05-15 20:40:32 [INFO] 图像质量: 模糊 拉普拉斯变异度低 (0.00 < 100) | Sobel梯度均值低 (0.00 < 20) | 边缘检测点少 (0.00% < 1.0%) | 高频能量正常 (53.83)
2025-05-15 20:40:32 [WARNING] 图像模糊，尝试重新获取 (第2次尝试)
2025-05-15 20:40:34 [INFO] 正在获取图像，尝试 3/10 (已耗时: 11.5秒)
2025-05-15 20:40:37 [INFO] 图像质量: 模糊 拉普拉斯变异度低 (0.75 < 100) | Sobel梯度均值低 (0.08 < 20) | 边缘检测点少 (0.00% < 1.0%) | 高频能量正常 (123.28)
2025-05-15 20:40:37 [WARNING] 图像模糊，尝试重新获取 (第3次尝试)
2025-05-15 20:40:39 [INFO] 正在获取图像，尝试 4/10 (已耗时: 17.1秒)
2025-05-15 20:40:43 [INFO] 图像质量: 模糊 拉普拉斯变异度低 (0.01 < 100) | Sobel梯度均值低 (0.01 < 20) | 边缘检测点少 (0.00% < 1.0%) | 高频能量正常 (47.42)
2025-05-15 20:40:43 [WARNING] 图像模糊，尝试重新获取 (第4次尝试)
2025-05-15 20:40:45 [INFO] 正在获取图像，尝试 5/10 (已耗时: 22.5秒)
2025-05-15 20:40:48 [INFO] 图像质量: 模糊 拉普拉斯变异度低 (0.01 < 100) | Sobel梯度均值低 (0.01 < 20) | 边缘检测点少 (0.00% < 1.0%) | 高频能量正常 (73.41)
2025-05-15 20:40:48 [WARNING] 图像模糊，尝试重新获取 (第5次尝试)
2025-05-15 20:40:50 [INFO] 正在获取图像，尝试 6/10 (已耗时: 27.9秒)
2025-05-15 20:40:54 [INFO] 图像质量: 模糊 拉普拉斯变异度低 (0.00 < 100) | Sobel梯度均值低 (0.00 < 20) | 边缘检测点少 (0.00% < 1.0%) | 高频能量正常 (39.82)
2025-05-15 20:40:54 [WARNING] 图像模糊，尝试重新获取 (第6次尝试)
2025-05-15 20:40:56 [INFO] 正在获取图像，尝试 7/10 (已耗时: 33.5秒)
2025-05-15 20:40:59 [INFO] 图像质量: 模糊 拉普拉斯变异度低 (0.61 < 100) | Sobel梯度均值低 (0.03 < 20) | 边缘检测点少 (0.00% < 1.0%) | 高频能量正常 (121.90)
2025-05-15 20:40:59 [WARNING] 图像模糊，尝试重新获取 (第7次尝试)
2025-05-15 20:41:01 [INFO] 正在获取图像，尝试 8/10 (已耗时: 39.0秒)
2025-05-15 20:41:05 [INFO] 图像质量: 模糊 拉普拉斯变异度低 (0.01 < 100) | Sobel梯度均值低 (0.01 < 20) | 边缘检测点少 (0.00% < 1.0%) | 高频能量正常 (76.77)
2025-05-15 20:41:05 [WARNING] 图像模糊，尝试重新获取 (第8次尝试)
2025-05-15 20:41:07 [ERROR] 获取清晰图像超时 (40.0秒)
2025-05-15 20:41:07 [WARNING] 返回超时前的最后一帧图像
2025-05-15 20:41:23 [INFO] 正在获取图像，尝试 1/1000 (已耗时: 0.0秒)
2025-05-15 20:41:27 [INFO] 图像质量: 模糊 拉普拉斯变异度低 (0.01 < 100) | Sobel梯度均值低 (0.00 < 20) | 边缘检测点少 (0.00% < 1.0%) | 高频能量正常 (67.25)
2025-05-15 20:41:27 [WARNING] 图像模糊，尝试重新获取 (第1次尝试)
2025-05-15 20:41:27 [INFO] 正在获取图像，尝试 2/1000 (已耗时: 4.0秒)
2025-05-15 20:41:31 [INFO] 图像质量: 模糊 拉普拉斯变异度低 (0.01 < 100) | Sobel梯度均值低 (0.01 < 20) | 边缘检测点少 (0.00% < 1.0%) | 高频能量正常 (75.55)
2025-05-15 20:41:31 [WARNING] 图像模糊，尝试重新获取 (第2次尝试)
2025-05-15 20:41:31 [INFO] 正在获取图像，尝试 3/1000 (已耗时: 8.0秒)
2025-05-15 20:41:35 [INFO] 图像质量: 模糊 拉普拉斯变异度低 (0.01 < 100) | Sobel梯度均值低 (0.01 < 20) | 边缘检测点少 (0.00% < 1.0%) | 高频能量正常 (53.64)
2025-05-15 20:41:35 [WARNING] 图像模糊，尝试重新获取 (第3次尝试)
2025-05-15 20:41:35 [INFO] 正在获取图像，尝试 4/1000 (已耗时: 11.9秒)
2025-05-15 20:41:39 [INFO] 图像质量: 模糊 拉普拉斯变异度低 (0.01 < 100) | Sobel梯度均值低 (0.00 < 20) | 边缘检测点少 (0.00% < 1.0%) | 高频能量正常 (71.82)
2025-05-15 20:41:39 [WARNING] 图像模糊，尝试重新获取 (第4次尝试)
