2025-05-08 19:51:35 [INFO] 正在获取图像，尝试 1/30 (已耗时: 0.0秒)
2025-05-08 19:51:39 [INFO] 图像质量: 模糊 拉普拉斯变异度低 (1.19 < 100) | Sobel梯度均值低 (0.14 < 20) | 边缘检测点少 (0.00% < 1.0%) | 高频能量正常 (128.08)
2025-05-08 19:51:39 [WARNING] 图像模糊，尝试重新获取 (第1次尝试)
2025-05-08 19:51:39 [INFO] 正在获取图像，尝试 2/30 (已耗时: 4.3秒)
2025-05-08 19:51:43 [INFO] 图像质量: 模糊 拉普拉斯变异度低 (0.06 < 100) | Sobel梯度均值低 (0.10 < 20) | 边缘检测点少 (0.00% < 1.0%) | 高频能量正常 (96.25)
2025-05-08 19:51:43 [WARNING] 图像模糊，尝试重新获取 (第2次尝试)
2025-05-08 19:51:43 [INFO] 正在获取图像，尝试 3/30 (已耗时: 8.5秒)
2025-05-08 19:51:47 [INFO] 图像质量: 模糊 拉普拉斯变异度低 (0.03 < 100) | Sobel梯度均值低 (0.07 < 20) | 边缘检测点少 (0.00% < 1.0%) | 高频能量正常 (88.00)
2025-05-08 19:51:47 [WARNING] 图像模糊，尝试重新获取 (第3次尝试)
2025-05-08 19:51:47 [INFO] 正在获取图像，尝试 4/30 (已耗时: 12.7秒)
2025-05-08 19:51:51 [INFO] 图像质量: 模糊 拉普拉斯变异度低 (0.05 < 100) | Sobel梯度均值低 (0.11 < 20) | 边缘检测点少 (0.00% < 1.0%) | 高频能量正常 (94.19)
2025-05-08 19:51:51 [WARNING] 图像模糊，尝试重新获取 (第4次尝试)
2025-05-08 19:51:52 [INFO] 正在获取图像，尝试 5/30 (已耗时: 17.0秒)
2025-05-08 19:51:55 [INFO] 图像质量: 模糊 拉普拉斯变异度低 (0.36 < 100) | Sobel梯度均值低 (0.10 < 20) | 边缘检测点少 (0.00% < 1.0%) | 高频能量正常 (117.83)
2025-05-08 19:51:55 [WARNING] 图像模糊，尝试重新获取 (第5次尝试)
2025-05-08 19:51:56 [INFO] 正在获取图像，尝试 6/30 (已耗时: 21.1秒)
2025-05-08 19:51:59 [INFO] 图像质量: 模糊 拉普拉斯变异度低 (2.25 < 100) | Sobel梯度均值低 (0.16 < 20) | 边缘检测点少 (0.01% < 1.0%) | 高频能量正常 (133.19)
2025-05-08 19:51:59 [WARNING] 图像模糊，尝试重新获取 (第6次尝试)
2025-05-08 19:52:00 [INFO] 正在获取图像，尝试 7/30 (已耗时: 25.2秒)
2025-05-08 19:52:04 [INFO] 图像质量: 模糊 拉普拉斯变异度低 (0.04 < 100) | Sobel梯度均值低 (0.09 < 20) | 边缘检测点少 (0.00% < 1.0%) | 高频能量正常 (94.19)
2025-05-08 19:52:04 [WARNING] 图像模糊，尝试重新获取 (第7次尝试)
2025-05-08 19:52:04 [INFO] 正在获取图像，尝试 8/30 (已耗时: 29.5秒)
2025-05-08 19:52:08 [INFO] 图像质量: 清晰 拉普拉斯变异度正常 (257.14) | Sobel梯度均值正常 (26.51) | 边缘检测点正常 (1.93%) | 高频能量正常 (177.78)
2025-05-08 19:52:08 [INFO] 图像清晰度良好，可以进行检测
