2025-05-07 17:16:25 [INFO] 正在获取图像，尝试 1/10 (已耗时: 0.0秒)
2025-05-07 17:16:28 [INFO] 图像质量: 模糊 拉普拉斯变异度低 (0.02 < 100) | Sobel梯度均值低 (0.02 < 20) | 边缘检测点少 (0.00% < 1.0%) | 高频能量正常 (75.77)
2025-05-07 17:16:28 [WARNING] 图像模糊，尝试重新获取 (第1次尝试)
2025-05-07 17:16:29 [INFO] 正在获取图像，尝试 2/10 (已耗时: 4.1秒)
2025-05-07 17:16:32 [INFO] 图像质量: 模糊 拉普拉斯变异度正常 (110.53) | Sobel梯度均值低 (15.03 < 20) | 边缘检测点少 (0.87% < 1.0%) | 高频能量正常 (166.76)
2025-05-07 17:16:32 [WARNING] 图像模糊，尝试重新获取 (第2次尝试)
2025-05-07 17:16:33 [ERROR] 获取清晰图像超时 (5秒)
2025-05-07 17:16:33 [WARNING] 返回超时前的最后一帧图像
2025-05-07 17:16:47 [INFO] 正在获取图像，尝试 1/10 (已耗时: 0.0秒)
2025-05-07 17:16:50 [INFO] 图像质量: 模糊 拉普拉斯变异度低 (79.71 < 100) | Sobel梯度均值低 (11.39 < 20) | 边缘检测点少 (0.65% < 1.0%) | 高频能量正常 (163.73)
2025-05-07 17:16:50 [WARNING] 图像模糊，尝试重新获取 (第1次尝试)
2025-05-07 17:16:51 [INFO] 正在获取图像，尝试 2/10 (已耗时: 4.0秒)
2025-05-07 17:16:54 [INFO] 图像质量: 模糊 拉普拉斯变异度低 (91.26 < 100) | Sobel梯度均值低 (13.74 < 20) | 边缘检测点少 (0.72% < 1.0%) | 高频能量正常 (165.33)
2025-05-07 17:16:54 [WARNING] 图像模糊，尝试重新获取 (第2次尝试)
2025-05-07 17:16:55 [ERROR] 获取清晰图像超时 (5秒)
2025-05-07 17:16:55 [WARNING] 返回超时前的最后一帧图像
2025-05-07 17:17:02 [INFO] 正在获取图像，尝试 1/10 (已耗时: 0.0秒)
2025-05-07 17:17:05 [INFO] 图像质量: 模糊 拉普拉斯变异度低 (6.63 < 100) | Sobel梯度均值低 (1.21 < 20) | 边缘检测点少 (0.10% < 1.0%) | 高频能量正常 (138.39)
2025-05-07 17:17:05 [WARNING] 图像模糊，尝试重新获取 (第1次尝试)
2025-05-07 17:17:06 [INFO] 正在获取图像，尝试 2/10 (已耗时: 3.9秒)
2025-05-07 17:17:09 [INFO] 图像质量: 模糊 拉普拉斯变异度低 (6.63 < 100) | Sobel梯度均值低 (1.34 < 20) | 边缘检测点少 (0.08% < 1.0%) | 高频能量正常 (137.82)
2025-05-07 17:17:09 [WARNING] 图像模糊，尝试重新获取 (第2次尝试)
2025-05-07 17:17:10 [ERROR] 获取清晰图像超时 (5秒)
2025-05-07 17:17:10 [WARNING] 返回超时前的最后一帧图像
2025-05-07 17:17:11 [INFO] 正在获取图像，尝试 1/10 (已耗时: 0.0秒)
2025-05-07 17:17:15 [INFO] 图像质量: 模糊 拉普拉斯变异度低 (20.46 < 100) | Sobel梯度均值低 (3.54 < 20) | 边缘检测点少 (0.34% < 1.0%) | 高频能量正常 (149.15)
2025-05-07 17:17:15 [WARNING] 图像模糊，尝试重新获取 (第1次尝试)
2025-05-07 17:17:15 [INFO] 正在获取图像，尝试 2/10 (已耗时: 4.2秒)
2025-05-07 17:17:19 [INFO] 图像质量: 模糊 拉普拉斯变异度低 (78.99 < 100) | Sobel梯度均值低 (11.27 < 20) | 边缘检测点少 (0.75% < 1.0%) | 高频能量正常 (165.97)
2025-05-07 17:17:19 [WARNING] 图像模糊，尝试重新获取 (第2次尝试)
2025-05-07 17:17:19 [ERROR] 获取清晰图像超时 (5秒)
2025-05-07 17:17:19 [WARNING] 返回超时前的最后一帧图像
2025-05-07 17:17:26 [INFO] 正在获取图像，尝试 1/10 (已耗时: 0.0秒)
2025-05-07 17:17:30 [INFO] 图像质量: 模糊 拉普拉斯变异度低 (85.40 < 100) | Sobel梯度均值低 (13.78 < 20) | 边缘检测点少 (0.75% < 1.0%) | 高频能量正常 (164.73)
2025-05-07 17:17:30 [WARNING] 图像模糊，尝试重新获取 (第1次尝试)
2025-05-07 17:17:30 [INFO] 正在获取图像，尝试 2/10 (已耗时: 4.3秒)
2025-05-07 17:17:34 [INFO] 图像质量: 模糊 拉普拉斯变异度低 (2.07 < 100) | Sobel梯度均值低 (0.54 < 20) | 边缘检测点少 (0.02% < 1.0%) | 高频能量正常 (131.14)
2025-05-07 17:17:34 [WARNING] 图像模糊，尝试重新获取 (第2次尝试)
2025-05-07 17:17:35 [ERROR] 获取清晰图像超时 (5秒)
2025-05-07 17:17:35 [WARNING] 返回超时前的最后一帧图像
2025-05-07 17:17:36 [INFO] 正在获取图像，尝试 1/10 (已耗时: 0.0秒)
2025-05-07 17:17:39 [INFO] 图像质量: 模糊 拉普拉斯变异度低 (1.53 < 100) | Sobel梯度均值低 (0.55 < 20) | 边缘检测点少 (0.02% < 1.0%) | 高频能量正常 (129.02)
2025-05-07 17:17:39 [WARNING] 图像模糊，尝试重新获取 (第1次尝试)
2025-05-07 17:17:40 [INFO] 正在获取图像，尝试 2/10 (已耗时: 4.2秒)
2025-05-07 17:17:44 [INFO] 图像质量: 模糊 拉普拉斯变异度低 (96.83 < 100) | Sobel梯度均值低 (15.29 < 20) | 边缘检测点少 (0.90% < 1.0%) | 高频能量正常 (167.07)
2025-05-07 17:17:44 [WARNING] 图像模糊，尝试重新获取 (第2次尝试)
2025-05-07 17:17:44 [ERROR] 获取清晰图像超时 (5秒)
2025-05-07 17:17:44 [WARNING] 返回超时前的最后一帧图像
2025-05-07 17:17:51 [INFO] 正在获取图像，尝试 1/10 (已耗时: 0.0秒)
2025-05-07 17:17:55 [INFO] 图像质量: 模糊 拉普拉斯变异度低 (56.12 < 100) | Sobel梯度均值低 (11.44 < 20) | 边缘检测点少 (0.55% < 1.0%) | 高频能量正常 (162.16)
2025-05-07 17:17:55 [WARNING] 图像模糊，尝试重新获取 (第1次尝试)
2025-05-07 17:17:56 [INFO] 正在获取图像，尝试 2/10 (已耗时: 4.1秒)
2025-05-07 17:17:59 [INFO] 图像质量: 模糊 拉普拉斯变异度低 (70.87 < 100) | Sobel梯度均值低 (12.98 < 20) | 边缘检测点少 (0.69% < 1.0%) | 高频能量正常 (164.52)
2025-05-07 17:17:59 [WARNING] 图像模糊，尝试重新获取 (第2次尝试)
2025-05-07 17:18:00 [ERROR] 获取清晰图像超时 (5秒)
2025-05-07 17:18:00 [WARNING] 返回超时前的最后一帧图像
2025-05-07 17:18:03 [INFO] 正在获取图像，尝试 1/10 (已耗时: 0.0秒)
2025-05-07 17:18:07 [INFO] 图像质量: 模糊 拉普拉斯变异度低 (10.02 < 100) | Sobel梯度均值低 (1.71 < 20) | 边缘检测点少 (0.12% < 1.0%) | 高频能量正常 (136.01)
2025-05-07 17:18:07 [WARNING] 图像模糊，尝试重新获取 (第1次尝试)
2025-05-07 17:18:07 [INFO] 正在获取图像，尝试 2/10 (已耗时: 4.0秒)
2025-05-07 17:18:11 [INFO] 图像质量: 模糊 拉普拉斯变异度低 (5.23 < 100) | Sobel梯度均值低 (1.76 < 20) | 边缘检测点少 (0.07% < 1.0%) | 高频能量正常 (139.59)
2025-05-07 17:18:11 [WARNING] 图像模糊，尝试重新获取 (第2次尝试)
2025-05-07 17:18:11 [ERROR] 获取清晰图像超时 (5秒)
2025-05-07 17:18:11 [WARNING] 返回超时前的最后一帧图像
2025-05-07 17:18:13 [INFO] 正在获取图像，尝试 1/10 (已耗时: 0.0秒)
2025-05-07 17:18:16 [INFO] 图像质量: 模糊 拉普拉斯变异度低 (5.01 < 100) | Sobel梯度均值低 (1.61 < 20) | 边缘检测点少 (0.09% < 1.0%) | 高频能量正常 (139.05)
2025-05-07 17:18:16 [WARNING] 图像模糊，尝试重新获取 (第1次尝试)
2025-05-07 17:18:17 [INFO] 正在获取图像，尝试 2/10 (已耗时: 4.0秒)
2025-05-07 17:18:20 [INFO] 图像质量: 模糊 拉普拉斯变异度低 (14.14 < 100) | Sobel梯度均值低 (3.78 < 20) | 边缘检测点少 (0.30% < 1.0%) | 高频能量正常 (143.69)
2025-05-07 17:18:20 [WARNING] 图像模糊，尝试重新获取 (第2次尝试)
2025-05-07 17:18:21 [ERROR] 获取清晰图像超时 (5秒)
2025-05-07 17:18:21 [WARNING] 返回超时前的最后一帧图像
2025-05-07 17:18:22 [INFO] 正在获取图像，尝试 1/10 (已耗时: 0.0秒)
2025-05-07 17:18:26 [INFO] 图像质量: 模糊 拉普拉斯变异度低 (18.31 < 100) | Sobel梯度均值低 (4.52 < 20) | 边缘检测点少 (0.39% < 1.0%) | 高频能量正常 (145.72)
2025-05-07 17:18:26 [WARNING] 图像模糊，尝试重新获取 (第1次尝试)
2025-05-07 17:18:26 [INFO] 正在获取图像，尝试 2/10 (已耗时: 4.0秒)
2025-05-07 17:18:30 [INFO] 图像质量: 模糊 拉普拉斯变异度低 (74.72 < 100) | Sobel梯度均值低 (10.74 < 20) | 边缘检测点少 (0.78% < 1.0%) | 高频能量正常 (165.42)
2025-05-07 17:18:30 [WARNING] 图像模糊，尝试重新获取 (第2次尝试)
2025-05-07 17:18:30 [ERROR] 获取清晰图像超时 (5秒)
2025-05-07 17:18:30 [WARNING] 返回超时前的最后一帧图像
2025-05-07 17:18:36 [INFO] 正在获取图像，尝试 1/10 (已耗时: 0.0秒)
2025-05-07 17:18:39 [INFO] 图像质量: 模糊 拉普拉斯变异度低 (85.90 < 100) | Sobel梯度均值低 (11.62 < 20) | 边缘检测点少 (0.65% < 1.0%) | 高频能量正常 (165.04)
2025-05-07 17:18:39 [WARNING] 图像模糊，尝试重新获取 (第1次尝试)
2025-05-07 17:18:40 [INFO] 正在获取图像，尝试 2/10 (已耗时: 4.0秒)
2025-05-07 17:18:43 [INFO] 图像质量: 模糊 拉普拉斯变异度正常 (100.83) | Sobel梯度均值低 (13.62 < 20) | 边缘检测点少 (0.78% < 1.0%) | 高频能量正常 (166.48)
2025-05-07 17:18:43 [WARNING] 图像模糊，尝试重新获取 (第2次尝试)
2025-05-07 17:18:44 [ERROR] 获取清晰图像超时 (5秒)
2025-05-07 17:18:44 [WARNING] 返回超时前的最后一帧图像
2025-05-07 17:18:50 [INFO] 正在获取图像，尝试 1/10 (已耗时: 0.0秒)
2025-05-07 17:18:53 [INFO] 图像质量: 模糊 拉普拉斯变异度低 (0.38 < 100) | Sobel梯度均值低 (0.36 < 20) | 边缘检测点少 (0.00% < 1.0%) | 高频能量正常 (116.02)
2025-05-07 17:18:53 [WARNING] 图像模糊，尝试重新获取 (第1次尝试)
2025-05-07 17:18:54 [INFO] 正在获取图像，尝试 2/10 (已耗时: 3.8秒)
2025-05-07 17:18:57 [INFO] 图像质量: 模糊 拉普拉斯变异度低 (97.81 < 100) | Sobel梯度均值低 (15.53 < 20) | 边缘检测点少 (0.88% < 1.0%) | 高频能量正常 (165.84)
2025-05-07 17:18:57 [WARNING] 图像模糊，尝试重新获取 (第2次尝试)
2025-05-07 17:18:58 [ERROR] 获取清晰图像超时 (5秒)
2025-05-07 17:18:58 [WARNING] 返回超时前的最后一帧图像
2025-05-07 17:19:04 [INFO] 正在获取图像，尝试 1/10 (已耗时: 0.0秒)
2025-05-07 17:19:08 [INFO] 图像质量: 模糊 拉普拉斯变异度低 (11.19 < 100) | Sobel梯度均值低 (2.25 < 20) | 边缘检测点少 (0.17% < 1.0%) | 高频能量正常 (141.35)
2025-05-07 17:19:08 [WARNING] 图像模糊，尝试重新获取 (第1次尝试)
2025-05-07 17:19:08 [INFO] 正在获取图像，尝试 2/10 (已耗时: 4.0秒)
2025-05-07 17:19:12 [INFO] 图像质量: 模糊 拉普拉斯变异度低 (8.60 < 100) | Sobel梯度均值低 (2.03 < 20) | 边缘检测点少 (0.14% < 1.0%) | 高频能量正常 (141.98)
2025-05-07 17:19:12 [WARNING] 图像模糊，尝试重新获取 (第2次尝试)
2025-05-07 17:19:12 [ERROR] 获取清晰图像超时 (5秒)
2025-05-07 17:19:12 [WARNING] 返回超时前的最后一帧图像
2025-05-07 17:19:14 [INFO] 正在获取图像，尝试 1/10 (已耗时: 0.0秒)
2025-05-07 17:19:17 [INFO] 图像质量: 模糊 拉普拉斯变异度低 (96.14 < 100) | Sobel梯度均值低 (13.84 < 20) | 边缘检测点少 (0.85% < 1.0%) | 高频能量正常 (166.02)
2025-05-07 17:19:17 [WARNING] 图像模糊，尝试重新获取 (第1次尝试)
2025-05-07 17:19:18 [INFO] 正在获取图像，尝试 2/10 (已耗时: 4.2秒)
2025-05-07 17:19:21 [INFO] 图像质量: 模糊 拉普拉斯变异度低 (4.19 < 100) | Sobel梯度均值低 (1.52 < 20) | 边缘检测点少 (0.08% < 1.0%) | 高频能量正常 (135.97)
2025-05-07 17:19:21 [WARNING] 图像模糊，尝试重新获取 (第2次尝试)
2025-05-07 17:19:22 [ERROR] 获取清晰图像超时 (5秒)
2025-05-07 17:19:22 [WARNING] 返回超时前的最后一帧图像
2025-05-07 17:19:23 [INFO] 正在获取图像，尝试 1/10 (已耗时: 0.0秒)
2025-05-07 17:19:27 [INFO] 图像质量: 模糊 拉普拉斯变异度低 (7.15 < 100) | Sobel梯度均值低 (2.08 < 20) | 边缘检测点少 (0.16% < 1.0%) | 高频能量正常 (142.20)
2025-05-07 17:19:27 [WARNING] 图像模糊，尝试重新获取 (第1次尝试)
2025-05-07 17:19:27 [INFO] 正在获取图像，尝试 2/10 (已耗时: 4.1秒)
2025-05-07 17:19:31 [INFO] 图像质量: 模糊 拉普拉斯变异度低 (2.25 < 100) | Sobel梯度均值低 (1.55 < 20) | 边缘检测点少 (0.04% < 1.0%) | 高频能量正常 (133.58)
2025-05-07 17:19:31 [WARNING] 图像模糊，尝试重新获取 (第2次尝试)
2025-05-07 17:19:31 [ERROR] 获取清晰图像超时 (5秒)
2025-05-07 17:19:31 [WARNING] 返回超时前的最后一帧图像
2025-05-07 17:19:33 [INFO] 正在获取图像，尝试 1/10 (已耗时: 0.0秒)
2025-05-07 17:19:37 [INFO] 图像质量: 模糊 拉普拉斯变异度低 (78.14 < 100) | Sobel梯度均值低 (13.06 < 20) | 边缘检测点少 (0.74% < 1.0%) | 高频能量正常 (165.54)
2025-05-07 17:19:37 [WARNING] 图像模糊，尝试重新获取 (第1次尝试)
2025-05-07 17:19:37 [INFO] 正在获取图像，尝试 2/10 (已耗时: 3.9秒)
2025-05-07 17:19:41 [INFO] 图像质量: 模糊 拉普拉斯变异度低 (85.09 < 100) | Sobel梯度均值低 (12.52 < 20) | 边缘检测点少 (0.74% < 1.0%) | 高频能量正常 (165.33)
2025-05-07 17:19:41 [WARNING] 图像模糊，尝试重新获取 (第2次尝试)
2025-05-07 17:19:41 [ERROR] 获取清晰图像超时 (5秒)
2025-05-07 17:19:41 [WARNING] 返回超时前的最后一帧图像
2025-05-07 17:19:46 [INFO] 正在获取图像，尝试 1/10 (已耗时: 0.0秒)
2025-05-07 17:19:50 [INFO] 图像质量: 模糊 拉普拉斯变异度低 (76.19 < 100) | Sobel梯度均值低 (13.44 < 20) | 边缘检测点少 (0.87% < 1.0%) | 高频能量正常 (165.87)
2025-05-07 17:19:50 [WARNING] 图像模糊，尝试重新获取 (第1次尝试)
2025-05-07 17:19:50 [INFO] 正在获取图像，尝试 2/10 (已耗时: 4.0秒)
2025-05-07 17:19:54 [INFO] 图像质量: 模糊 拉普拉斯变异度低 (71.04 < 100) | Sobel梯度均值低 (12.00 < 20) | 边缘检测点少 (0.73% < 1.0%) | 高频能量正常 (165.26)
2025-05-07 17:19:54 [WARNING] 图像模糊，尝试重新获取 (第2次尝试)
2025-05-07 17:19:54 [ERROR] 获取清晰图像超时 (5秒)
2025-05-07 17:19:54 [WARNING] 返回超时前的最后一帧图像
