2025-04-28 15:09:27 [INFO] 正在获取图像，尝试 1/10 (已耗时: 0.0秒)
2025-04-28 15:09:31 [INFO] 图像质量: 清晰 拉普拉斯变异度正常 (160.11) | Sobel梯度均值正常 (21.83) | 边缘检测点正常 (1.58%) | 高频能量正常 (173.30)
2025-04-28 15:09:31 [INFO] 图像清晰度良好，可以进行检测
2025-04-28 15:09:31 [INFO] 正在获取图像，尝试 1/10 (已耗时: 0.0秒)
2025-04-28 15:09:35 [INFO] 图像质量: 模糊 拉普拉斯变异度低 (0.01 < 100) | Sobel梯度均值低 (0.02 < 20) | 边缘检测点少 (0.00% < 1.0%) | 高频能量正常 (79.32)
2025-04-28 15:09:35 [WARNING] 图像模糊，尝试重新获取 (第1次尝试)
2025-04-28 15:09:37 [INFO] 正在获取图像，尝试 2/10 (已耗时: 5.7秒)
2025-04-28 15:09:41 [INFO] 图像质量: 模糊 拉普拉斯变异度低 (0.00 < 100) | Sobel梯度均值低 (0.01 < 20) | 边缘检测点少 (0.00% < 1.0%) | 高频能量正常 (68.90)
2025-04-28 15:09:41 [WARNING] 图像模糊，尝试重新获取 (第2次尝试)
2025-04-28 15:09:43 [INFO] 正在获取图像，尝试 3/10 (已耗时: 11.3秒)
2025-04-28 15:09:46 [INFO] 图像质量: 模糊 拉普拉斯变异度低 (0.01 < 100) | Sobel梯度均值低 (0.02 < 20) | 边缘检测点少 (0.00% < 1.0%) | 高频能量正常 (76.73)
2025-04-28 15:09:46 [WARNING] 图像模糊，尝试重新获取 (第3次尝试)
2025-04-28 15:09:48 [INFO] 正在获取图像，尝试 4/10 (已耗时: 16.9秒)
2025-04-28 15:09:52 [INFO] 图像质量: 清晰 拉普拉斯变异度正常 (159.66) | Sobel梯度均值正常 (21.87) | 边缘检测点正常 (1.58%) | 高频能量正常 (173.35)
2025-04-28 15:09:52 [INFO] 图像清晰度良好，可以进行检测
2025-04-28 15:10:03 [INFO] 正在获取图像，尝试 1/10 (已耗时: 0.0秒)
2025-04-28 15:10:06 [INFO] 图像质量: 清晰 拉普拉斯变异度正常 (162.45) | Sobel梯度均值正常 (21.72) | 边缘检测点正常 (1.59%) | 高频能量正常 (173.63)
2025-04-28 15:10:06 [INFO] 图像清晰度良好，可以进行检测
2025-04-28 15:10:15 [INFO] 正在获取图像，尝试 1/10 (已耗时: 0.0秒)
2025-04-28 15:10:19 [INFO] 图像质量: 清晰 拉普拉斯变异度正常 (161.17) | Sobel梯度均值正常 (21.78) | 边缘检测点正常 (1.58%) | 高频能量正常 (173.44)
2025-04-28 15:10:19 [INFO] 图像清晰度良好，可以进行检测
