2025-05-11 20:24:31 [INFO] 正在获取图像，尝试 1/30 (已耗时: 0.0秒)
2025-05-11 20:24:34 [INFO] 图像质量: 模糊 拉普拉斯变异度低 (0.07 < 100) | Sobel梯度均值低 (0.14 < 20) | 边缘检测点少 (0.00% < 1.0%) | 高频能量正常 (99.78)
2025-05-11 20:24:34 [WARNING] 图像模糊，尝试重新获取 (第1次尝试)
2025-05-11 20:24:35 [INFO] 正在获取图像，尝试 2/30 (已耗时: 4.3秒)
2025-05-11 20:24:38 [INFO] 图像质量: 模糊 拉普拉斯变异度低 (0.33 < 100) | Sobel梯度均值低 (0.31 < 20) | 边缘检测点少 (0.00% < 1.0%) | 高频能量正常 (115.66)
2025-05-11 20:24:38 [WARNING] 图像模糊，尝试重新获取 (第2次尝试)
2025-05-11 20:24:39 [INFO] 正在获取图像，尝试 3/30 (已耗时: 8.5秒)
2025-05-11 20:24:43 [INFO] 图像质量: 模糊 拉普拉斯变异度低 (0.05 < 100) | Sobel梯度均值低 (0.12 < 20) | 边缘检测点少 (0.00% < 1.0%) | 高频能量正常 (96.15)
2025-05-11 20:24:43 [WARNING] 图像模糊，尝试重新获取 (第3次尝试)
2025-05-11 20:24:43 [INFO] 正在获取图像，尝试 4/30 (已耗时: 12.7秒)
2025-05-11 20:24:47 [INFO] 图像质量: 模糊 拉普拉斯变异度低 (0.05 < 100) | Sobel梯度均值低 (0.12 < 20) | 边缘检测点少 (0.00% < 1.0%) | 高频能量正常 (96.36)
2025-05-11 20:24:47 [WARNING] 图像模糊，尝试重新获取 (第4次尝试)
2025-05-11 20:24:47 [INFO] 正在获取图像，尝试 5/30 (已耗时: 16.8秒)
2025-05-11 20:24:51 [INFO] 图像质量: 模糊 拉普拉斯变异度低 (0.04 < 100) | Sobel梯度均值低 (0.10 < 20) | 边缘检测点少 (0.00% < 1.0%) | 高频能量正常 (94.59)
2025-05-11 20:24:51 [WARNING] 图像模糊，尝试重新获取 (第5次尝试)
2025-05-11 20:24:51 [INFO] 正在获取图像，尝试 6/30 (已耗时: 20.9秒)
2025-05-11 20:24:55 [INFO] 图像质量: 模糊 拉普拉斯变异度低 (0.05 < 100) | Sobel梯度均值低 (0.11 < 20) | 边缘检测点少 (0.00% < 1.0%) | 高频能量正常 (95.50)
2025-05-11 20:24:55 [WARNING] 图像模糊，尝试重新获取 (第6次尝试)
2025-05-11 20:24:56 [INFO] 正在获取图像，尝试 7/30 (已耗时: 25.2秒)
2025-05-11 20:24:59 [INFO] 图像质量: 模糊 拉普拉斯变异度低 (0.05 < 100) | Sobel梯度均值低 (0.10 < 20) | 边缘检测点少 (0.00% < 1.0%) | 高频能量正常 (95.60)
2025-05-11 20:24:59 [WARNING] 图像模糊，尝试重新获取 (第7次尝试)
2025-05-11 20:25:00 [INFO] 正在获取图像，尝试 8/30 (已耗时: 29.3秒)
2025-05-11 20:25:04 [INFO] 图像质量: 清晰 拉普拉斯变异度正常 (259.91) | Sobel梯度均值正常 (28.13) | 边缘检测点正常 (2.61%) | 高频能量正常 (178.84)
2025-05-11 20:25:04 [INFO] 图像清晰度良好，可以进行检测
2025-05-11 20:25:41 [INFO] 正在获取图像，尝试 1/30 (已耗时: 0.0秒)
2025-05-11 20:25:45 [INFO] 图像质量: 模糊 拉普拉斯变异度低 (0.95 < 100) | Sobel梯度均值低 (0.42 < 20) | 边缘检测点少 (0.00% < 1.0%) | 高频能量正常 (126.35)
2025-05-11 20:25:45 [WARNING] 图像模糊，尝试重新获取 (第1次尝试)
2025-05-11 20:25:46 [INFO] 正在获取图像，尝试 2/30 (已耗时: 4.2秒)
2025-05-11 20:25:49 [INFO] 图像质量: 模糊 拉普拉斯变异度低 (0.14 < 100) | Sobel梯度均值低 (0.27 < 20) | 边缘检测点少 (0.00% < 1.0%) | 高频能量正常 (107.06)
2025-05-11 20:25:49 [WARNING] 图像模糊，尝试重新获取 (第2次尝试)
2025-05-11 20:25:50 [INFO] 正在获取图像，尝试 3/30 (已耗时: 8.5秒)
2025-05-11 20:25:54 [INFO] 图像质量: 清晰 拉普拉斯变异度正常 (262.14) | Sobel梯度均值正常 (30.03) | 边缘检测点正常 (2.75%) | 高频能量正常 (178.94)
2025-05-11 20:25:54 [INFO] 图像清晰度良好，可以进行检测
