2025-05-13 10:32:25 [INFO] 正在获取图像，尝试 1/1000 (已耗时: 0.0秒)
2025-05-13 10:32:28 [INFO] 图像质量: 模糊 拉普拉斯变异度低 (0.28 < 100) | Sobel梯度均值低 (0.25 < 20) | 边缘检测点少 (0.00% < 1.0%) | 高频能量正常 (112.76)
2025-05-13 10:32:28 [WARNING] 图像模糊，尝试重新获取 (第1次尝试)
2025-05-13 10:32:29 [INFO] 正在获取图像，尝试 2/1000 (已耗时: 4.2秒)
2025-05-13 10:32:32 [INFO] 图像质量: 模糊 拉普拉斯变异度低 (0.01 < 100) | Sobel梯度均值低 (0.02 < 20) | 边缘检测点少 (0.00% < 1.0%) | 高频能量正常 (79.05)
2025-05-13 10:32:32 [WARNING] 图像模糊，尝试重新获取 (第2次尝试)
2025-05-13 10:32:33 [INFO] 正在获取图像，尝试 3/1000 (已耗时: 8.4秒)
2025-05-13 10:32:36 [INFO] 图像质量: 模糊 拉普拉斯变异度低 (0.01 < 100) | Sobel梯度均值低 (0.02 < 20) | 边缘检测点少 (0.00% < 1.0%) | 高频能量正常 (78.06)
2025-05-13 10:32:36 [WARNING] 图像模糊，尝试重新获取 (第3次尝试)
2025-05-13 10:32:37 [INFO] 正在获取图像，尝试 4/1000 (已耗时: 12.3秒)
2025-05-13 10:32:40 [INFO] 图像质量: 模糊 拉普拉斯变异度低 (0.01 < 100) | Sobel梯度均值低 (0.02 < 20) | 边缘检测点少 (0.00% < 1.0%) | 高频能量正常 (78.03)
2025-05-13 10:32:40 [WARNING] 图像模糊，尝试重新获取 (第4次尝试)
2025-05-13 10:32:41 [INFO] 正在获取图像，尝试 5/1000 (已耗时: 16.4秒)
2025-05-13 10:32:44 [INFO] 图像质量: 模糊 拉普拉斯变异度低 (0.01 < 100) | Sobel梯度均值低 (0.01 < 20) | 边缘检测点少 (0.00% < 1.0%) | 高频能量正常 (69.57)
2025-05-13 10:32:44 [WARNING] 图像模糊，尝试重新获取 (第5次尝试)
2025-05-13 10:32:45 [INFO] 正在获取图像，尝试 6/1000 (已耗时: 20.4秒)
2025-05-13 10:32:48 [INFO] 图像质量: 模糊 拉普拉斯变异度低 (0.01 < 100) | Sobel梯度均值低 (0.01 < 20) | 边缘检测点少 (0.00% < 1.0%) | 高频能量正常 (78.33)
2025-05-13 10:32:48 [WARNING] 图像模糊，尝试重新获取 (第6次尝试)
2025-05-13 10:32:49 [INFO] 正在获取图像，尝试 7/1000 (已耗时: 24.3秒)
2025-05-13 10:32:52 [INFO] 图像质量: 模糊 拉普拉斯变异度低 (0.01 < 100) | Sobel梯度均值低 (0.01 < 20) | 边缘检测点少 (0.00% < 1.0%) | 高频能量正常 (77.04)
2025-05-13 10:32:52 [WARNING] 图像模糊，尝试重新获取 (第7次尝试)
2025-05-13 10:32:53 [INFO] 正在获取图像，尝试 8/1000 (已耗时: 28.3秒)
2025-05-13 10:32:56 [INFO] 图像质量: 模糊 拉普拉斯变异度低 (0.01 < 100) | Sobel梯度均值低 (0.02 < 20) | 边缘检测点少 (0.00% < 1.0%) | 高频能量正常 (78.83)
2025-05-13 10:32:56 [WARNING] 图像模糊，尝试重新获取 (第8次尝试)
2025-05-13 10:32:57 [ERROR] 获取清晰图像超时 (30秒)
2025-05-13 10:32:57 [WARNING] 返回超时前的最后一帧图像
2025-05-13 10:32:57 [INFO] 正在获取图像，尝试 1/1000 (已耗时: 0.0秒)
2025-05-13 10:33:00 [INFO] 图像质量: 模糊 拉普拉斯变异度低 (0.01 < 100) | Sobel梯度均值低 (0.02 < 20) | 边缘检测点少 (0.00% < 1.0%) | 高频能量正常 (80.03)
2025-05-13 10:33:00 [WARNING] 图像模糊，尝试重新获取 (第1次尝试)
2025-05-13 10:33:01 [INFO] 正在获取图像，尝试 2/1000 (已耗时: 4.0秒)
2025-05-13 10:33:04 [INFO] 图像质量: 模糊 拉普拉斯变异度低 (0.01 < 100) | Sobel梯度均值低 (0.02 < 20) | 边缘检测点少 (0.00% < 1.0%) | 高频能量正常 (79.99)
2025-05-13 10:33:04 [WARNING] 图像模糊，尝试重新获取 (第2次尝试)
2025-05-13 10:33:05 [INFO] 正在获取图像，尝试 3/1000 (已耗时: 7.9秒)
2025-05-13 10:33:08 [INFO] 图像质量: 模糊 拉普拉斯变异度低 (0.01 < 100) | Sobel梯度均值低 (0.02 < 20) | 边缘检测点少 (0.00% < 1.0%) | 高频能量正常 (78.80)
2025-05-13 10:33:08 [WARNING] 图像模糊，尝试重新获取 (第3次尝试)
2025-05-13 10:33:09 [INFO] 正在获取图像，尝试 4/1000 (已耗时: 12.0秒)
2025-05-13 10:33:12 [INFO] 图像质量: 模糊 拉普拉斯变异度低 (0.02 < 100) | Sobel梯度均值低 (0.03 < 20) | 边缘检测点少 (0.00% < 1.0%) | 高频能量正常 (82.52)
2025-05-13 10:33:12 [WARNING] 图像模糊，尝试重新获取 (第4次尝试)
2025-05-13 10:33:13 [INFO] 正在获取图像，尝试 5/1000 (已耗时: 16.0秒)
2025-05-13 10:33:16 [INFO] 图像质量: 模糊 拉普拉斯变异度低 (0.02 < 100) | Sobel梯度均值低 (0.02 < 20) | 边缘检测点少 (0.00% < 1.0%) | 高频能量正常 (82.13)
2025-05-13 10:33:16 [WARNING] 图像模糊，尝试重新获取 (第5次尝试)
2025-05-13 10:33:17 [INFO] 正在获取图像，尝试 6/1000 (已耗时: 20.1秒)
2025-05-13 10:33:21 [INFO] 图像质量: 模糊 拉普拉斯变异度低 (0.01 < 100) | Sobel梯度均值低 (0.02 < 20) | 边缘检测点少 (0.00% < 1.0%) | 高频能量正常 (81.39)
2025-05-13 10:33:21 [WARNING] 图像模糊，尝试重新获取 (第6次尝试)
2025-05-13 10:33:21 [INFO] 正在获取图像，尝试 7/1000 (已耗时: 24.3秒)
2025-05-13 10:33:25 [INFO] 图像质量: 模糊 拉普拉斯变异度低 (0.01 < 100) | Sobel梯度均值低 (0.01 < 20) | 边缘检测点少 (0.00% < 1.0%) | 高频能量正常 (75.33)
2025-05-13 10:33:25 [WARNING] 图像模糊，尝试重新获取 (第7次尝试)
2025-05-13 10:33:25 [INFO] 正在获取图像，尝试 8/1000 (已耗时: 28.3秒)
2025-05-13 10:33:29 [INFO] 图像质量: 模糊 拉普拉斯变异度低 (0.01 < 100) | Sobel梯度均值低 (0.02 < 20) | 边缘检测点少 (0.00% < 1.0%) | 高频能量正常 (78.19)
2025-05-13 10:33:29 [WARNING] 图像模糊，尝试重新获取 (第8次尝试)
2025-05-13 10:33:29 [ERROR] 获取清晰图像超时 (30秒)
2025-05-13 10:33:29 [WARNING] 返回超时前的最后一帧图像
2025-05-13 10:33:29 [INFO] 正在获取图像，尝试 1/1000 (已耗时: 0.0秒)
2025-05-13 10:33:33 [INFO] 图像质量: 模糊 拉普拉斯变异度低 (0.99 < 100) | Sobel梯度均值低 (0.05 < 20) | 边缘检测点少 (0.00% < 1.0%) | 高频能量正常 (125.07)
2025-05-13 10:33:33 [WARNING] 图像模糊，尝试重新获取 (第1次尝试)
2025-05-13 10:33:33 [INFO] 正在获取图像，尝试 2/1000 (已耗时: 4.0秒)
2025-05-13 10:33:37 [INFO] 图像质量: 模糊 拉普拉斯变异度低 (0.01 < 100) | Sobel梯度均值低 (0.02 < 20) | 边缘检测点少 (0.00% < 1.0%) | 高频能量正常 (83.42)
2025-05-13 10:33:37 [WARNING] 图像模糊，尝试重新获取 (第2次尝试)
2025-05-13 10:33:37 [INFO] 正在获取图像，尝试 3/1000 (已耗时: 7.9秒)
2025-05-13 10:33:41 [INFO] 图像质量: 模糊 拉普拉斯变异度低 (0.02 < 100) | Sobel梯度均值低 (0.02 < 20) | 边缘检测点少 (0.00% < 1.0%) | 高频能量正常 (86.73)
2025-05-13 10:33:41 [WARNING] 图像模糊，尝试重新获取 (第3次尝试)
2025-05-13 10:33:41 [INFO] 正在获取图像，尝试 4/1000 (已耗时: 11.9秒)
2025-05-13 10:33:45 [INFO] 图像质量: 模糊 拉普拉斯变异度低 (0.02 < 100) | Sobel梯度均值低 (0.02 < 20) | 边缘检测点少 (0.00% < 1.0%) | 高频能量正常 (82.69)
2025-05-13 10:33:45 [WARNING] 图像模糊，尝试重新获取 (第4次尝试)
2025-05-13 10:33:45 [INFO] 正在获取图像，尝试 5/1000 (已耗时: 16.0秒)
