2025-05-09 11:44:06 [INFO] 正在获取图像，尝试 1/30 (已耗时: 0.0秒)
2025-05-09 11:44:09 [INFO] 图像质量: 模糊 拉普拉斯变异度低 (0.05 < 100) | Sobel梯度均值低 (0.08 < 20) | 边缘检测点少 (0.00% < 1.0%) | 高频能量正常 (94.69)
2025-05-09 11:44:09 [WARNING] 图像模糊，尝试重新获取 (第1次尝试)
2025-05-09 11:44:10 [INFO] 正在获取图像，尝试 2/30 (已耗时: 4.0秒)
2025-05-09 11:44:14 [INFO] 图像质量: 模糊 拉普拉斯变异度低 (0.06 < 100) | Sobel梯度均值低 (0.09 < 20) | 边缘检测点少 (0.00% < 1.0%) | 高频能量正常 (97.02)
2025-05-09 11:44:14 [WARNING] 图像模糊，尝试重新获取 (第2次尝试)
2025-05-09 11:44:14 [INFO] 正在获取图像，尝试 3/30 (已耗时: 8.2秒)
2025-05-09 11:44:18 [INFO] 图像质量: 模糊 拉普拉斯变异度低 (0.04 < 100) | Sobel梯度均值低 (0.06 < 20) | 边缘检测点少 (0.00% < 1.0%) | 高频能量正常 (92.12)
2025-05-09 11:44:18 [WARNING] 图像模糊，尝试重新获取 (第3次尝试)
2025-05-09 11:44:18 [INFO] 正在获取图像，尝试 4/30 (已耗时: 12.3秒)
2025-05-09 11:44:22 [INFO] 图像质量: 模糊 拉普拉斯变异度低 (0.05 < 100) | Sobel梯度均值低 (0.08 < 20) | 边缘检测点少 (0.00% < 1.0%) | 高频能量正常 (95.65)
2025-05-09 11:44:22 [WARNING] 图像模糊，尝试重新获取 (第4次尝试)
2025-05-09 11:44:22 [INFO] 正在获取图像，尝试 5/30 (已耗时: 16.3秒)
2025-05-09 11:44:26 [INFO] 图像质量: 模糊 拉普拉斯变异度低 (0.03 < 100) | Sobel梯度均值低 (0.07 < 20) | 边缘检测点少 (0.00% < 1.0%) | 高频能量正常 (90.78)
2025-05-09 11:44:26 [WARNING] 图像模糊，尝试重新获取 (第5次尝试)
2025-05-09 11:44:26 [INFO] 正在获取图像，尝试 6/30 (已耗时: 20.3秒)
2025-05-09 11:44:30 [INFO] 图像质量: 模糊 拉普拉斯变异度低 (0.03 < 100) | Sobel梯度均值低 (0.06 < 20) | 边缘检测点少 (0.00% < 1.0%) | 高频能量正常 (90.40)
2025-05-09 11:44:30 [WARNING] 图像模糊，尝试重新获取 (第6次尝试)
2025-05-09 11:44:30 [INFO] 正在获取图像，尝试 7/30 (已耗时: 24.2秒)
2025-05-09 11:44:34 [INFO] 图像质量: 模糊 拉普拉斯变异度低 (0.05 < 100) | Sobel梯度均值低 (0.09 < 20) | 边缘检测点少 (0.00% < 1.0%) | 高频能量正常 (96.37)
2025-05-09 11:44:34 [WARNING] 图像模糊，尝试重新获取 (第7次尝试)
2025-05-09 11:44:34 [INFO] 正在获取图像，尝试 8/30 (已耗时: 28.6秒)
2025-05-09 11:44:38 [INFO] 图像质量: 模糊 拉普拉斯变异度低 (0.02 < 100) | Sobel梯度均值低 (0.05 < 20) | 边缘检测点少 (0.00% < 1.0%) | 高频能量正常 (86.06)
2025-05-09 11:44:38 [WARNING] 图像模糊，尝试重新获取 (第8次尝试)
2025-05-09 11:44:39 [ERROR] 获取清晰图像超时 (30秒)
2025-05-09 11:44:39 [WARNING] 返回超时前的最后一帧图像
