2025-05-13 10:45:53 [INFO] 正在获取图像，尝试 1/1000 (已耗时: 0.0秒)
2025-05-13 10:45:56 [INFO] 图像质量: 模糊 拉普拉斯变异度低 (0.02 < 100) | Sobel梯度均值低 (0.03 < 20) | 边缘检测点少 (0.00% < 1.0%) | 高频能量正常 (83.71)
2025-05-13 10:45:56 [WARNING] 图像模糊，尝试重新获取 (第1次尝试)
2025-05-13 10:45:57 [INFO] 正在获取图像，尝试 2/1000 (已耗时: 4.0秒)
2025-05-13 10:46:00 [INFO] 图像质量: 模糊 拉普拉斯变异度低 (0.03 < 100) | Sobel梯度均值低 (0.04 < 20) | 边缘检测点少 (0.00% < 1.0%) | 高频能量正常 (87.45)
2025-05-13 10:46:00 [WARNING] 图像模糊，尝试重新获取 (第2次尝试)
2025-05-13 10:46:01 [INFO] 正在获取图像，尝试 3/1000 (已耗时: 8.0秒)
2025-05-13 10:46:04 [INFO] 图像质量: 模糊 拉普拉斯变异度低 (0.02 < 100) | Sobel梯度均值低 (0.03 < 20) | 边缘检测点少 (0.00% < 1.0%) | 高频能量正常 (85.80)
2025-05-13 10:46:04 [WARNING] 图像模糊，尝试重新获取 (第3次尝试)
2025-05-13 10:46:05 [INFO] 正在获取图像，尝试 4/1000 (已耗时: 12.0秒)
2025-05-13 10:46:08 [INFO] 图像质量: 模糊 拉普拉斯变异度低 (0.04 < 100) | Sobel梯度均值低 (0.04 < 20) | 边缘检测点少 (0.00% < 1.0%) | 高频能量正常 (90.65)
2025-05-13 10:46:08 [WARNING] 图像模糊，尝试重新获取 (第4次尝试)
2025-05-13 10:46:09 [INFO] 正在获取图像，尝试 5/1000 (已耗时: 16.0秒)
2025-05-13 10:46:12 [INFO] 图像质量: 模糊 拉普拉斯变异度低 (0.02 < 100) | Sobel梯度均值低 (0.02 < 20) | 边缘检测点少 (0.00% < 1.0%) | 高频能量正常 (83.68)
2025-05-13 10:46:12 [WARNING] 图像模糊，尝试重新获取 (第5次尝试)
2025-05-13 10:46:12 [INFO] 正在获取图像，尝试 6/1000 (已耗时: 19.9秒)
2025-05-13 10:46:16 [INFO] 图像质量: 模糊 拉普拉斯变异度低 (1.52 < 100) | Sobel梯度均值低 (0.63 < 20) | 边缘检测点少 (0.00% < 1.0%) | 高频能量正常 (128.96)
2025-05-13 10:46:16 [WARNING] 图像模糊，尝试重新获取 (第6次尝试)
2025-05-13 10:46:16 [INFO] 正在获取图像，尝试 7/1000 (已耗时: 23.8秒)
2025-05-13 10:46:20 [INFO] 图像质量: 模糊 拉普拉斯变异度低 (0.05 < 100) | Sobel梯度均值低 (0.08 < 20) | 边缘检测点少 (0.00% < 1.0%) | 高频能量正常 (96.36)
2025-05-13 10:46:20 [WARNING] 图像模糊，尝试重新获取 (第7次尝试)
2025-05-13 10:46:20 [INFO] 正在获取图像，尝试 8/1000 (已耗时: 27.5秒)
2025-05-13 10:46:24 [INFO] 图像质量: 模糊 拉普拉斯变异度低 (0.03 < 100) | Sobel梯度均值低 (0.04 < 20) | 边缘检测点少 (0.00% < 1.0%) | 高频能量正常 (89.45)
2025-05-13 10:46:24 [WARNING] 图像模糊，尝试重新获取 (第8次尝试)
2025-05-13 10:46:24 [ERROR] 获取清晰图像超时 (30秒)
2025-05-13 10:46:24 [WARNING] 返回超时前的最后一帧图像
2025-05-13 10:46:24 [INFO] 正在获取图像，尝试 1/1000 (已耗时: 0.0秒)
2025-05-13 10:46:27 [INFO] 图像质量: 模糊 拉普拉斯变异度低 (0.06 < 100) | Sobel梯度均值低 (0.09 < 20) | 边缘检测点少 (0.00% < 1.0%) | 高频能量正常 (97.53)
2025-05-13 10:46:27 [WARNING] 图像模糊，尝试重新获取 (第1次尝试)
2025-05-13 10:46:28 [INFO] 正在获取图像，尝试 2/1000 (已耗时: 3.9秒)
2025-05-13 10:46:31 [INFO] 图像质量: 模糊 拉普拉斯变异度低 (0.04 < 100) | Sobel梯度均值低 (0.06 < 20) | 边缘检测点少 (0.00% < 1.0%) | 高频能量正常 (92.86)
2025-05-13 10:46:31 [WARNING] 图像模糊，尝试重新获取 (第2次尝试)
2025-05-13 10:46:32 [INFO] 正在获取图像，尝试 3/1000 (已耗时: 7.7秒)
2025-05-13 10:46:35 [INFO] 图像质量: 模糊 拉普拉斯变异度低 (0.19 < 100) | Sobel梯度均值低 (0.09 < 20) | 边缘检测点少 (0.00% < 1.0%) | 高频能量正常 (112.07)
2025-05-13 10:46:35 [WARNING] 图像模糊，尝试重新获取 (第3次尝试)
2025-05-13 10:46:36 [INFO] 正在获取图像，尝试 4/1000 (已耗时: 11.5秒)
2025-05-13 10:46:39 [INFO] 图像质量: 模糊 拉普拉斯变异度低 (0.06 < 100) | Sobel梯度均值低 (0.06 < 20) | 边缘检测点少 (0.00% < 1.0%) | 高频能量正常 (97.86)
2025-05-13 10:46:39 [WARNING] 图像模糊，尝试重新获取 (第4次尝试)
2025-05-13 10:46:39 [INFO] 正在获取图像，尝试 5/1000 (已耗时: 15.4秒)
2025-05-13 10:46:43 [INFO] 图像质量: 模糊 拉普拉斯变异度低 (0.04 < 100) | Sobel梯度均值低 (0.05 < 20) | 边缘检测点少 (0.00% < 1.0%) | 高频能量正常 (93.64)
2025-05-13 10:46:43 [WARNING] 图像模糊，尝试重新获取 (第5次尝试)
2025-05-13 10:46:43 [INFO] 正在获取图像，尝试 6/1000 (已耗时: 19.3秒)
2025-05-13 10:46:47 [INFO] 图像质量: 模糊 拉普拉斯变异度低 (1.41 < 100) | Sobel梯度均值低 (0.09 < 20) | 边缘检测点少 (0.00% < 1.0%) | 高频能量正常 (130.93)
2025-05-13 10:46:47 [WARNING] 图像模糊，尝试重新获取 (第6次尝试)
2025-05-13 10:46:47 [INFO] 正在获取图像，尝试 7/1000 (已耗时: 23.2秒)
2025-05-13 10:46:51 [INFO] 图像质量: 模糊 拉普拉斯变异度低 (0.03 < 100) | Sobel梯度均值低 (0.04 < 20) | 边缘检测点少 (0.00% < 1.0%) | 高频能量正常 (88.95)
2025-05-13 10:46:51 [WARNING] 图像模糊，尝试重新获取 (第7次尝试)
2025-05-13 10:46:51 [INFO] 正在获取图像，尝试 8/1000 (已耗时: 27.2秒)
2025-05-13 10:46:55 [INFO] 图像质量: 模糊 拉普拉斯变异度低 (0.06 < 100) | Sobel梯度均值低 (0.07 < 20) | 边缘检测点少 (0.00% < 1.0%) | 高频能量正常 (97.42)
2025-05-13 10:46:55 [WARNING] 图像模糊，尝试重新获取 (第8次尝试)
2025-05-13 10:46:55 [ERROR] 获取清晰图像超时 (30秒)
2025-05-13 10:46:55 [WARNING] 返回超时前的最后一帧图像
2025-05-13 10:46:55 [INFO] 正在获取图像，尝试 1/1000 (已耗时: 0.0秒)
2025-05-13 10:46:59 [INFO] 图像质量: 模糊 拉普拉斯变异度低 (0.05 < 100) | Sobel梯度均值低 (0.06 < 20) | 边缘检测点少 (0.00% < 1.0%) | 高频能量正常 (95.29)
2025-05-13 10:46:59 [WARNING] 图像模糊，尝试重新获取 (第1次尝试)
2025-05-13 10:46:59 [INFO] 正在获取图像，尝试 2/1000 (已耗时: 3.9秒)
2025-05-13 10:47:03 [INFO] 图像质量: 模糊 拉普拉斯变异度低 (0.04 < 100) | Sobel梯度均值低 (0.05 < 20) | 边缘检测点少 (0.00% < 1.0%) | 高频能量正常 (92.56)
2025-05-13 10:47:03 [WARNING] 图像模糊，尝试重新获取 (第2次尝试)
2025-05-13 10:47:03 [INFO] 正在获取图像，尝试 3/1000 (已耗时: 7.9秒)
2025-05-13 10:47:07 [INFO] 图像质量: 模糊 拉普拉斯变异度低 (0.04 < 100) | Sobel梯度均值低 (0.06 < 20) | 边缘检测点少 (0.00% < 1.0%) | 高频能量正常 (93.00)
2025-05-13 10:47:07 [WARNING] 图像模糊，尝试重新获取 (第3次尝试)
2025-05-13 10:47:07 [INFO] 正在获取图像，尝试 4/1000 (已耗时: 12.0秒)
2025-05-13 10:47:11 [INFO] 图像质量: 模糊 拉普拉斯变异度低 (0.04 < 100) | Sobel梯度均值低 (0.06 < 20) | 边缘检测点少 (0.00% < 1.0%) | 高频能量正常 (93.98)
2025-05-13 10:47:11 [WARNING] 图像模糊，尝试重新获取 (第4次尝试)
2025-05-13 10:47:11 [INFO] 正在获取图像，尝试 5/1000 (已耗时: 16.0秒)
2025-05-13 10:47:15 [INFO] 图像质量: 模糊 拉普拉斯变异度低 (0.04 < 100) | Sobel梯度均值低 (0.05 < 20) | 边缘检测点少 (0.00% < 1.0%) | 高频能量正常 (91.73)
2025-05-13 10:47:15 [WARNING] 图像模糊，尝试重新获取 (第5次尝试)
2025-05-13 10:47:15 [INFO] 正在获取图像，尝试 6/1000 (已耗时: 19.9秒)
2025-05-13 10:47:19 [INFO] 图像质量: 模糊 拉普拉斯变异度低 (0.04 < 100) | Sobel梯度均值低 (0.06 < 20) | 边缘检测点少 (0.00% < 1.0%) | 高频能量正常 (93.72)
2025-05-13 10:47:19 [WARNING] 图像模糊，尝试重新获取 (第6次尝试)
2025-05-13 10:47:19 [INFO] 正在获取图像，尝试 7/1000 (已耗时: 24.1秒)
2025-05-13 10:47:23 [INFO] 图像质量: 模糊 拉普拉斯变异度低 (0.04 < 100) | Sobel梯度均值低 (0.04 < 20) | 边缘检测点少 (0.00% < 1.0%) | 高频能量正常 (92.04)
2025-05-13 10:47:23 [WARNING] 图像模糊，尝试重新获取 (第7次尝试)
2025-05-13 10:47:23 [INFO] 正在获取图像，尝试 8/1000 (已耗时: 28.1秒)
2025-05-13 10:47:27 [INFO] 图像质量: 模糊 拉普拉斯变异度低 (0.02 < 100) | Sobel梯度均值低 (0.03 < 20) | 边缘检测点少 (0.00% < 1.0%) | 高频能量正常 (87.67)
2025-05-13 10:47:27 [WARNING] 图像模糊，尝试重新获取 (第8次尝试)
2025-05-13 10:47:27 [ERROR] 获取清晰图像超时 (30秒)
2025-05-13 10:47:27 [WARNING] 返回超时前的最后一帧图像
2025-05-13 10:47:27 [INFO] 正在获取图像，尝试 1/1000 (已耗时: 0.0秒)
2025-05-13 10:47:31 [INFO] 图像质量: 模糊 拉普拉斯变异度低 (1.39 < 100) | Sobel梯度均值低 (0.11 < 20) | 边缘检测点少 (0.00% < 1.0%) | 高频能量正常 (129.01)
2025-05-13 10:47:31 [WARNING] 图像模糊，尝试重新获取 (第1次尝试)
2025-05-13 10:47:32 [INFO] 正在获取图像，尝试 2/1000 (已耗时: 4.1秒)
2025-05-13 10:47:35 [INFO] 图像质量: 模糊 拉普拉斯变异度低 (0.05 < 100) | Sobel梯度均值低 (0.05 < 20) | 边缘检测点少 (0.00% < 1.0%) | 高频能量正常 (92.18)
2025-05-13 10:47:35 [WARNING] 图像模糊，尝试重新获取 (第2次尝试)
2025-05-13 10:47:36 [INFO] 正在获取图像，尝试 3/1000 (已耗时: 8.1秒)
2025-05-13 10:47:39 [INFO] 图像质量: 清晰 拉普拉斯变异度正常 (301.57) | Sobel梯度均值正常 (32.50) | 边缘检测点正常 (2.71%) | 高频能量正常 (179.30)
2025-05-13 10:47:39 [INFO] 图像清晰度良好，可以进行检测
