2025-05-11 22:05:32 [INFO] 正在获取图像，尝试 1/30 (已耗时: 0.0秒)
2025-05-11 22:05:35 [INFO] 图像质量: 模糊 拉普拉斯变异度低 (1.16 < 100) | Sobel梯度均值低 (0.86 < 20) | 边缘检测点少 (0.00% < 1.0%) | 高频能量正常 (127.42)
2025-05-11 22:05:35 [WARNING] 图像模糊，尝试重新获取 (第1次尝试)
2025-05-11 22:05:36 [INFO] 正在获取图像，尝试 2/30 (已耗时: 3.9秒)
2025-05-11 22:05:39 [INFO] 图像质量: 模糊 拉普拉斯变异度低 (0.07 < 100) | Sobel梯度均值低 (0.16 < 20) | 边缘检测点少 (0.00% < 1.0%) | 高频能量正常 (99.17)
2025-05-11 22:05:39 [WARNING] 图像模糊，尝试重新获取 (第2次尝试)
2025-05-11 22:05:40 [INFO] 正在获取图像，尝试 3/30 (已耗时: 7.9秒)
2025-05-11 22:05:43 [INFO] 图像质量: 模糊 拉普拉斯变异度低 (0.07 < 100) | Sobel梯度均值低 (0.15 < 20) | 边缘检测点少 (0.00% < 1.0%) | 高频能量正常 (99.00)
2025-05-11 22:05:43 [WARNING] 图像模糊，尝试重新获取 (第3次尝试)
2025-05-11 22:05:44 [INFO] 正在获取图像，尝试 4/30 (已耗时: 11.9秒)
2025-05-11 22:05:47 [INFO] 图像质量: 模糊 拉普拉斯变异度低 (0.06 < 100) | Sobel梯度均值低 (0.15 < 20) | 边缘检测点少 (0.00% < 1.0%) | 高频能量正常 (97.89)
2025-05-11 22:05:47 [WARNING] 图像模糊，尝试重新获取 (第4次尝试)
2025-05-11 22:05:48 [INFO] 正在获取图像，尝试 5/30 (已耗时: 15.9秒)
2025-05-11 22:05:51 [INFO] 图像质量: 模糊 拉普拉斯变异度低 (0.06 < 100) | Sobel梯度均值低 (0.14 < 20) | 边缘检测点少 (0.00% < 1.0%) | 高频能量正常 (97.73)
2025-05-11 22:05:51 [WARNING] 图像模糊，尝试重新获取 (第5次尝试)
2025-05-11 22:05:52 [INFO] 正在获取图像，尝试 6/30 (已耗时: 19.9秒)
2025-05-11 22:05:55 [INFO] 图像质量: 模糊 拉普拉斯变异度低 (0.07 < 100) | Sobel梯度均值低 (0.15 < 20) | 边缘检测点少 (0.00% < 1.0%) | 高频能量正常 (98.81)
2025-05-11 22:05:55 [WARNING] 图像模糊，尝试重新获取 (第6次尝试)
2025-05-11 22:05:56 [INFO] 正在获取图像，尝试 7/30 (已耗时: 23.9秒)
2025-05-11 22:05:59 [INFO] 图像质量: 模糊 拉普拉斯变异度低 (0.07 < 100) | Sobel梯度均值低 (0.15 < 20) | 边缘检测点少 (0.00% < 1.0%) | 高频能量正常 (98.94)
2025-05-11 22:05:59 [WARNING] 图像模糊，尝试重新获取 (第7次尝试)
2025-05-11 22:06:00 [INFO] 正在获取图像，尝试 8/30 (已耗时: 27.9秒)
2025-05-11 22:06:03 [INFO] 图像质量: 模糊 拉普拉斯变异度低 (0.05 < 100) | Sobel梯度均值低 (0.11 < 20) | 边缘检测点少 (0.00% < 1.0%) | 高频能量正常 (94.96)
2025-05-11 22:06:03 [WARNING] 图像模糊，尝试重新获取 (第8次尝试)
2025-05-11 22:06:03 [ERROR] 获取清晰图像超时 (30秒)
2025-05-11 22:06:03 [WARNING] 返回超时前的最后一帧图像
2025-05-11 22:06:07 [INFO] 正在获取图像，尝试 1/30 (已耗时: 0.0秒)
2025-05-11 22:06:10 [INFO] 图像质量: 模糊 拉普拉斯变异度低 (0.09 < 100) | Sobel梯度均值低 (0.17 < 20) | 边缘检测点少 (0.00% < 1.0%) | 高频能量正常 (101.17)
2025-05-11 22:06:10 [WARNING] 图像模糊，尝试重新获取 (第1次尝试)
2025-05-11 22:06:10 [INFO] 正在获取图像，尝试 2/30 (已耗时: 3.9秒)
2025-05-11 22:06:14 [INFO] 图像质量: 模糊 拉普拉斯变异度低 (0.08 < 100) | Sobel梯度均值低 (0.18 < 20) | 边缘检测点少 (0.00% < 1.0%) | 高频能量正常 (100.13)
2025-05-11 22:06:14 [WARNING] 图像模糊，尝试重新获取 (第2次尝试)
2025-05-11 22:06:14 [INFO] 正在获取图像，尝试 3/30 (已耗时: 7.9秒)
2025-05-11 22:06:18 [INFO] 图像质量: 模糊 拉普拉斯变异度低 (0.09 < 100) | Sobel梯度均值低 (0.19 < 20) | 边缘检测点少 (0.00% < 1.0%) | 高频能量正常 (102.30)
2025-05-11 22:06:18 [WARNING] 图像模糊，尝试重新获取 (第3次尝试)
2025-05-11 22:06:18 [INFO] 正在获取图像，尝试 4/30 (已耗时: 11.9秒)
2025-05-11 22:06:22 [INFO] 图像质量: 模糊 拉普拉斯变异度低 (0.07 < 100) | Sobel梯度均值低 (0.17 < 20) | 边缘检测点少 (0.00% < 1.0%) | 高频能量正常 (99.46)
2025-05-11 22:06:22 [WARNING] 图像模糊，尝试重新获取 (第4次尝试)
2025-05-11 22:06:23 [INFO] 正在获取图像，尝试 5/30 (已耗时: 16.0秒)
2025-05-11 22:06:26 [INFO] 图像质量: 模糊 拉普拉斯变异度低 (0.08 < 100) | Sobel梯度均值低 (0.17 < 20) | 边缘检测点少 (0.00% < 1.0%) | 高频能量正常 (100.21)
2025-05-11 22:06:26 [WARNING] 图像模糊，尝试重新获取 (第5次尝试)
2025-05-11 22:06:26 [INFO] 正在获取图像，尝试 6/30 (已耗时: 19.9秒)
2025-05-11 22:06:30 [INFO] 图像质量: 模糊 拉普拉斯变异度低 (0.06 < 100) | Sobel梯度均值低 (0.13 < 20) | 边缘检测点少 (0.00% < 1.0%) | 高频能量正常 (97.86)
2025-05-11 22:06:30 [WARNING] 图像模糊，尝试重新获取 (第6次尝试)
2025-05-11 22:06:30 [INFO] 正在获取图像，尝试 7/30 (已耗时: 23.8秒)
2025-05-11 22:06:34 [INFO] 图像质量: 模糊 拉普拉斯变异度低 (0.08 < 100) | Sobel梯度均值低 (0.16 < 20) | 边缘检测点少 (0.00% < 1.0%) | 高频能量正常 (100.11)
2025-05-11 22:06:34 [WARNING] 图像模糊，尝试重新获取 (第7次尝试)
2025-05-11 22:06:34 [INFO] 正在获取图像，尝试 8/30 (已耗时: 27.7秒)
2025-05-11 22:06:38 [INFO] 图像质量: 模糊 拉普拉斯变异度低 (0.07 < 100) | Sobel梯度均值低 (0.13 < 20) | 边缘检测点少 (0.00% < 1.0%) | 高频能量正常 (98.22)
2025-05-11 22:06:38 [WARNING] 图像模糊，尝试重新获取 (第8次尝试)
2025-05-11 22:06:38 [ERROR] 获取清晰图像超时 (30秒)
2025-05-11 22:06:38 [WARNING] 返回超时前的最后一帧图像
2025-05-11 22:06:41 [INFO] 正在获取图像，尝试 1/30 (已耗时: 0.0秒)
2025-05-11 22:06:45 [INFO] 图像质量: 模糊 拉普拉斯变异度低 (0.06 < 100) | Sobel梯度均值低 (0.15 < 20) | 边缘检测点少 (0.00% < 1.0%) | 高频能量正常 (98.12)
2025-05-11 22:06:45 [WARNING] 图像模糊，尝试重新获取 (第1次尝试)
2025-05-11 22:06:45 [INFO] 正在获取图像，尝试 2/30 (已耗时: 3.9秒)
2025-05-11 22:06:49 [INFO] 图像质量: 模糊 拉普拉斯变异度低 (0.07 < 100) | Sobel梯度均值低 (0.16 < 20) | 边缘检测点少 (0.00% < 1.0%) | 高频能量正常 (98.62)
2025-05-11 22:06:49 [WARNING] 图像模糊，尝试重新获取 (第2次尝试)
2025-05-11 22:06:49 [INFO] 正在获取图像，尝试 3/30 (已耗时: 7.9秒)
2025-05-11 22:06:53 [INFO] 图像质量: 模糊 拉普拉斯变异度低 (0.61 < 100) | Sobel梯度均值低 (0.18 < 20) | 边缘检测点少 (0.00% < 1.0%) | 高频能量正常 (122.13)
2025-05-11 22:06:53 [WARNING] 图像模糊，尝试重新获取 (第3次尝试)
2025-05-11 22:06:53 [INFO] 正在获取图像，尝试 4/30 (已耗时: 11.9秒)
2025-05-11 22:06:56 [INFO] 图像质量: 模糊 拉普拉斯变异度低 (0.05 < 100) | Sobel梯度均值低 (0.11 < 20) | 边缘检测点少 (0.00% < 1.0%) | 高频能量正常 (94.51)
2025-05-11 22:06:56 [WARNING] 图像模糊，尝试重新获取 (第4次尝试)
2025-05-11 22:06:57 [INFO] 正在获取图像，尝试 5/30 (已耗时: 15.7秒)
2025-05-11 22:07:00 [INFO] 图像质量: 模糊 拉普拉斯变异度低 (0.06 < 100) | Sobel梯度均值低 (0.15 < 20) | 边缘检测点少 (0.00% < 1.0%) | 高频能量正常 (96.89)
2025-05-11 22:07:00 [WARNING] 图像模糊，尝试重新获取 (第5次尝试)
2025-05-11 22:07:01 [INFO] 正在获取图像，尝试 6/30 (已耗时: 19.7秒)
2025-05-11 22:07:04 [INFO] 图像质量: 模糊 拉普拉斯变异度低 (0.04 < 100) | Sobel梯度均值低 (0.11 < 20) | 边缘检测点少 (0.00% < 1.0%) | 高频能量正常 (93.06)
2025-05-11 22:07:04 [WARNING] 图像模糊，尝试重新获取 (第6次尝试)
2025-05-11 22:07:05 [INFO] 正在获取图像，尝试 7/30 (已耗时: 23.5秒)
2025-05-11 22:07:08 [INFO] 图像质量: 模糊 拉普拉斯变异度低 (0.27 < 100) | Sobel梯度均值低 (0.31 < 20) | 边缘检测点少 (0.00% < 1.0%) | 高频能量正常 (113.16)
2025-05-11 22:07:08 [WARNING] 图像模糊，尝试重新获取 (第7次尝试)
2025-05-11 22:07:09 [INFO] 正在获取图像，尝试 8/30 (已耗时: 27.5秒)
2025-05-11 22:07:12 [INFO] 图像质量: 模糊 拉普拉斯变异度低 (0.23 < 100) | Sobel梯度均值低 (0.29 < 20) | 边缘检测点少 (0.00% < 1.0%) | 高频能量正常 (111.86)
2025-05-11 22:07:12 [WARNING] 图像模糊，尝试重新获取 (第8次尝试)
2025-05-11 22:07:13 [ERROR] 获取清晰图像超时 (30秒)
2025-05-11 22:07:13 [WARNING] 返回超时前的最后一帧图像
2025-05-11 22:07:16 [INFO] 正在获取图像，尝试 1/30 (已耗时: 0.0秒)
2025-05-11 22:07:19 [INFO] 图像质量: 清晰 拉普拉斯变异度正常 (259.93) | Sobel梯度均值正常 (26.90) | 边缘检测点正常 (2.33%) | 高频能量正常 (177.30)
2025-05-11 22:07:19 [INFO] 图像清晰度良好，可以进行检测
2025-05-11 22:07:56 [INFO] 正在获取图像，尝试 1/30 (已耗时: 0.0秒)
2025-05-11 22:07:59 [INFO] 图像质量: 模糊 拉普拉斯变异度低 (0.11 < 100) | Sobel梯度均值低 (0.23 < 20) | 边缘检测点少 (0.00% < 1.0%) | 高频能量正常 (104.72)
2025-05-11 22:07:59 [WARNING] 图像模糊，尝试重新获取 (第1次尝试)
2025-05-11 22:08:00 [INFO] 正在获取图像，尝试 2/30 (已耗时: 4.0秒)
