2025-05-16 09:43:27 [INFO] 正在获取图像，尝试 1/10 (已耗时: 0.0秒)
2025-05-16 09:43:31 [INFO] 图像质量: 模糊 拉普拉斯变异度低 (14.76 < 100) | Sobel梯度均值低 (4.35 < 20) | 边缘检测点少 (0.32% < 1.0%) | 高频能量正常 (149.38)
2025-05-16 09:43:31 [WARNING] 图像模糊，尝试重新获取 (第1次尝试)
2025-05-16 09:43:33 [INFO] 正在获取图像，尝试 2/10 (已耗时: 5.7秒)
2025-05-16 09:43:36 [INFO] 图像质量: 模糊 拉普拉斯变异度低 (0.01 < 100) | Sobel梯度均值低 (0.02 < 20) | 边缘检测点少 (0.00% < 1.0%) | 高频能量正常 (78.76)
2025-05-16 09:43:36 [WARNING] 图像模糊，尝试重新获取 (第2次尝试)
2025-05-16 09:43:38 [INFO] 正在获取图像，尝试 3/10 (已耗时: 11.2秒)
2025-05-16 09:43:42 [INFO] 图像质量: 模糊 拉普拉斯变异度低 (1.17 < 100) | Sobel梯度均值低 (0.11 < 20) | 边缘检测点少 (0.00% < 1.0%) | 高频能量正常 (126.46)
2025-05-16 09:43:42 [WARNING] 图像模糊，尝试重新获取 (第3次尝试)
2025-05-16 09:43:44 [INFO] 正在获取图像，尝试 4/10 (已耗时: 16.7秒)
2025-05-16 09:43:47 [INFO] 图像质量: 清晰 拉普拉斯变异度正常 (216.39) | Sobel梯度均值正常 (27.59) | 边缘检测点正常 (2.32%) | 高频能量正常 (177.69)
2025-05-16 09:43:47 [INFO] 图像清晰度良好，可以进行检测
2025-05-16 09:44:02 [INFO] 正在获取图像，尝试 1/1000 (已耗时: 0.0秒)
2025-05-16 09:44:06 [INFO] 图像质量: 模糊 拉普拉斯变异度低 (1.12 < 100) | Sobel梯度均值低 (0.10 < 20) | 边缘检测点少 (0.00% < 1.0%) | 高频能量正常 (127.56)
2025-05-16 09:44:06 [WARNING] 图像模糊，尝试重新获取 (第1次尝试)
2025-05-16 09:44:06 [INFO] 正在获取图像，尝试 2/1000 (已耗时: 4.0秒)
2025-05-16 09:44:10 [INFO] 图像质量: 模糊 拉普拉斯变异度低 (0.53 < 100) | Sobel梯度均值低 (0.08 < 20) | 边缘检测点少 (0.00% < 1.0%) | 高频能量正常 (121.07)
2025-05-16 09:44:10 [WARNING] 图像模糊，尝试重新获取 (第2次尝试)
2025-05-16 09:44:10 [INFO] 正在获取图像，尝试 3/1000 (已耗时: 8.1秒)
2025-05-16 09:44:14 [INFO] 图像质量: 模糊 拉普拉斯变异度低 (0.93 < 100) | Sobel梯度均值低 (0.11 < 20) | 边缘检测点少 (0.00% < 1.0%) | 高频能量正常 (119.75)
2025-05-16 09:44:14 [WARNING] 图像模糊，尝试重新获取 (第3次尝试)
2025-05-16 09:44:14 [INFO] 正在获取图像，尝试 4/1000 (已耗时: 12.1秒)
2025-05-16 09:44:18 [INFO] 图像质量: 模糊 拉普拉斯变异度低 (0.05 < 100) | Sobel梯度均值低 (0.05 < 20) | 边缘检测点少 (0.00% < 1.0%) | 高频能量正常 (97.98)
2025-05-16 09:44:18 [WARNING] 图像模糊，尝试重新获取 (第4次尝试)
2025-05-16 09:44:18 [INFO] 正在获取图像，尝试 5/1000 (已耗时: 16.1秒)
2025-05-16 09:44:22 [INFO] 图像质量: 模糊 拉普拉斯变异度低 (1.30 < 100) | Sobel梯度均值低 (0.12 < 20) | 边缘检测点少 (0.00% < 1.0%) | 高频能量正常 (127.23)
2025-05-16 09:44:22 [WARNING] 图像模糊，尝试重新获取 (第5次尝试)
2025-05-16 09:44:22 [INFO] 正在获取图像，尝试 6/1000 (已耗时: 20.1秒)
2025-05-16 09:44:26 [INFO] 图像质量: 模糊 拉普拉斯变异度低 (0.74 < 100) | Sobel梯度均值低 (0.08 < 20) | 边缘检测点少 (0.00% < 1.0%) | 高频能量正常 (123.60)
2025-05-16 09:44:26 [WARNING] 图像模糊，尝试重新获取 (第6次尝试)
2025-05-16 09:44:26 [INFO] 正在获取图像，尝试 7/1000 (已耗时: 24.0秒)
2025-05-16 09:44:30 [INFO] 图像质量: 模糊 拉普拉斯变异度低 (15.48 < 100) | Sobel梯度均值低 (5.36 < 20) | 边缘检测点少 (0.39% < 1.0%) | 高频能量正常 (150.52)
2025-05-16 09:44:30 [WARNING] 图像模糊，尝试重新获取 (第7次尝试)
2025-05-16 09:44:30 [INFO] 正在获取图像，尝试 8/1000 (已耗时: 28.1秒)
2025-05-16 09:44:34 [INFO] 图像质量: 模糊 拉普拉斯变异度低 (0.83 < 100) | Sobel梯度均值低 (0.81 < 20) | 边缘检测点少 (0.00% < 1.0%) | 高频能量正常 (125.34)
2025-05-16 09:44:34 [WARNING] 图像模糊，尝试重新获取 (第8次尝试)
2025-05-16 09:44:34 [ERROR] 获取清晰图像超时 (30秒)
2025-05-16 09:44:34 [WARNING] 返回超时前的最后一帧图像
2025-05-16 09:44:34 [INFO] 正在获取图像，尝试 1/1000 (已耗时: 0.0秒)
2025-05-16 09:44:38 [INFO] 图像质量: 模糊 拉普拉斯变异度低 (1.30 < 100) | Sobel梯度均值低 (0.33 < 20) | 边缘检测点少 (0.02% < 1.0%) | 高频能量正常 (128.46)
2025-05-16 09:44:38 [WARNING] 图像模糊，尝试重新获取 (第1次尝试)
2025-05-16 09:44:38 [INFO] 正在获取图像，尝试 2/1000 (已耗时: 4.0秒)
2025-05-16 09:44:42 [INFO] 图像质量: 模糊 拉普拉斯变异度低 (4.58 < 100) | Sobel梯度均值低 (0.94 < 20) | 边缘检测点少 (0.06% < 1.0%) | 高频能量正常 (139.02)
2025-05-16 09:44:42 [WARNING] 图像模糊，尝试重新获取 (第2次尝试)
2025-05-16 09:44:42 [INFO] 正在获取图像，尝试 3/1000 (已耗时: 8.0秒)
2025-05-16 09:44:46 [INFO] 图像质量: 模糊 拉普拉斯变异度低 (2.12 < 100) | Sobel梯度均值低 (0.76 < 20) | 边缘检测点少 (0.02% < 1.0%) | 高频能量正常 (130.85)
2025-05-16 09:44:46 [WARNING] 图像模糊，尝试重新获取 (第3次尝试)
2025-05-16 09:44:46 [INFO] 正在获取图像，尝试 4/1000 (已耗时: 11.8秒)
2025-05-16 09:44:50 [INFO] 图像质量: 模糊 拉普拉斯变异度低 (0.62 < 100) | Sobel梯度均值低 (0.15 < 20) | 边缘检测点少 (0.00% < 1.0%) | 高频能量正常 (122.40)
2025-05-16 09:44:50 [WARNING] 图像模糊，尝试重新获取 (第4次尝试)
2025-05-16 09:44:50 [INFO] 正在获取图像，尝试 5/1000 (已耗时: 15.7秒)
2025-05-16 09:44:54 [INFO] 图像质量: 模糊 拉普拉斯变异度低 (0.25 < 100) | Sobel梯度均值低 (0.14 < 20) | 边缘检测点少 (0.01% < 1.0%) | 高频能量正常 (110.22)
2025-05-16 09:44:54 [WARNING] 图像模糊，尝试重新获取 (第5次尝试)
2025-05-16 09:44:54 [INFO] 正在获取图像，尝试 6/1000 (已耗时: 19.7秒)
2025-05-16 09:44:58 [INFO] 图像质量: 模糊 拉普拉斯变异度低 (0.27 < 100) | Sobel梯度均值低 (0.14 < 20) | 边缘检测点少 (0.01% < 1.0%) | 高频能量正常 (112.32)
2025-05-16 09:44:58 [WARNING] 图像模糊，尝试重新获取 (第6次尝试)
2025-05-16 09:44:58 [INFO] 正在获取图像，尝试 7/1000 (已耗时: 23.6秒)
2025-05-16 09:45:02 [INFO] 图像质量: 模糊 拉普拉斯变异度低 (0.67 < 100) | Sobel梯度均值低 (0.20 < 20) | 边缘检测点少 (0.01% < 1.0%) | 高频能量正常 (117.46)
2025-05-16 09:45:02 [WARNING] 图像模糊，尝试重新获取 (第7次尝试)
2025-05-16 09:45:02 [INFO] 正在获取图像，尝试 8/1000 (已耗时: 27.6秒)
2025-05-16 09:45:05 [INFO] 图像质量: 模糊 拉普拉斯变异度低 (1.30 < 100) | Sobel梯度均值低 (0.37 < 20) | 边缘检测点少 (0.03% < 1.0%) | 高频能量正常 (124.75)
2025-05-16 09:45:05 [WARNING] 图像模糊，尝试重新获取 (第8次尝试)
2025-05-16 09:45:06 [ERROR] 获取清晰图像超时 (30秒)
2025-05-16 09:45:06 [WARNING] 返回超时前的最后一帧图像
2025-05-16 09:45:06 [INFO] 正在获取图像，尝试 1/1000 (已耗时: 0.0秒)
2025-05-16 09:45:10 [INFO] 图像质量: 模糊 拉普拉斯变异度低 (0.71 < 100) | Sobel梯度均值低 (0.25 < 20) | 边缘检测点少 (0.02% < 1.0%) | 高频能量正常 (118.77)
2025-05-16 09:45:10 [WARNING] 图像模糊，尝试重新获取 (第1次尝试)
2025-05-16 09:45:10 [INFO] 正在获取图像，尝试 2/1000 (已耗时: 4.0秒)
2025-05-16 09:45:13 [INFO] 图像质量: 模糊 拉普拉斯变异度低 (0.11 < 100) | Sobel梯度均值低 (0.09 < 20) | 边缘检测点少 (0.00% < 1.0%) | 高频能量正常 (102.44)
2025-05-16 09:45:13 [WARNING] 图像模糊，尝试重新获取 (第2次尝试)
2025-05-16 09:45:14 [INFO] 正在获取图像，尝试 3/1000 (已耗时: 7.9秒)
2025-05-16 09:45:17 [INFO] 图像质量: 模糊 拉普拉斯变异度低 (0.04 < 100) | Sobel梯度均值低 (0.04 < 20) | 边缘检测点少 (0.00% < 1.0%) | 高频能量正常 (93.20)
2025-05-16 09:45:17 [WARNING] 图像模糊，尝试重新获取 (第3次尝试)
2025-05-16 09:45:18 [INFO] 正在获取图像，尝试 4/1000 (已耗时: 11.9秒)
2025-05-16 09:45:22 [INFO] 图像质量: 模糊 拉普拉斯变异度低 (0.05 < 100) | Sobel梯度均值低 (0.03 < 20) | 边缘检测点少 (0.00% < 1.0%) | 高频能量正常 (95.56)
2025-05-16 09:45:22 [WARNING] 图像模糊，尝试重新获取 (第4次尝试)
2025-05-16 09:45:22 [INFO] 正在获取图像，尝试 5/1000 (已耗时: 16.0秒)
