2025-05-09 14:01:44 [INFO] 正在获取图像，尝试 1/30 (已耗时: 0.0秒)
2025-05-09 14:01:48 [INFO] 图像质量: 模糊 拉普拉斯变异度低 (0.04 < 100) | Sobel梯度均值低 (0.10 < 20) | 边缘检测点少 (0.00% < 1.0%) | 高频能量正常 (93.77)
2025-05-09 14:01:48 [WARNING] 图像模糊，尝试重新获取 (第1次尝试)
2025-05-09 14:01:48 [INFO] 正在获取图像，尝试 2/30 (已耗时: 4.1秒)
2025-05-09 14:01:52 [INFO] 图像质量: 模糊 拉普拉斯变异度低 (0.03 < 100) | Sobel梯度均值低 (0.08 < 20) | 边缘检测点少 (0.00% < 1.0%) | 高频能量正常 (91.36)
2025-05-09 14:01:52 [WARNING] 图像模糊，尝试重新获取 (第2次尝试)
2025-05-09 14:01:52 [INFO] 正在获取图像，尝试 3/30 (已耗时: 8.1秒)
2025-05-09 14:01:56 [INFO] 图像质量: 模糊 拉普拉斯变异度低 (0.03 < 100) | Sobel梯度均值低 (0.09 < 20) | 边缘检测点少 (0.00% < 1.0%) | 高频能量正常 (91.71)
2025-05-09 14:01:56 [WARNING] 图像模糊，尝试重新获取 (第3次尝试)
2025-05-09 14:01:56 [INFO] 正在获取图像，尝试 4/30 (已耗时: 12.0秒)
2025-05-09 14:02:00 [INFO] 图像质量: 模糊 拉普拉斯变异度低 (0.03 < 100) | Sobel梯度均值低 (0.07 < 20) | 边缘检测点少 (0.00% < 1.0%) | 高频能量正常 (89.86)
2025-05-09 14:02:00 [WARNING] 图像模糊，尝试重新获取 (第4次尝试)
2025-05-09 14:02:00 [INFO] 正在获取图像，尝试 5/30 (已耗时: 16.1秒)
2025-05-09 14:02:04 [INFO] 图像质量: 模糊 拉普拉斯变异度低 (0.03 < 100) | Sobel梯度均值低 (0.08 < 20) | 边缘检测点少 (0.00% < 1.0%) | 高频能量正常 (91.55)
2025-05-09 14:02:04 [WARNING] 图像模糊，尝试重新获取 (第5次尝试)
2025-05-09 14:02:04 [INFO] 正在获取图像，尝试 6/30 (已耗时: 20.1秒)
2025-05-09 14:02:08 [INFO] 图像质量: 模糊 拉普拉斯变异度低 (0.04 < 100) | Sobel梯度均值低 (0.10 < 20) | 边缘检测点少 (0.00% < 1.0%) | 高频能量正常 (92.78)
2025-05-09 14:02:08 [WARNING] 图像模糊，尝试重新获取 (第6次尝试)
2025-05-09 14:02:08 [INFO] 正在获取图像，尝试 7/30 (已耗时: 24.0秒)
2025-05-09 14:02:12 [INFO] 图像质量: 模糊 拉普拉斯变异度低 (0.29 < 100) | Sobel梯度均值低 (0.29 < 20) | 边缘检测点少 (0.00% < 1.0%) | 高频能量正常 (114.07)
2025-05-09 14:02:12 [WARNING] 图像模糊，尝试重新获取 (第7次尝试)
2025-05-09 14:02:12 [INFO] 正在获取图像，尝试 8/30 (已耗时: 28.0秒)
2025-05-09 14:02:16 [INFO] 图像质量: 模糊 拉普拉斯变异度低 (0.04 < 100) | Sobel梯度均值低 (0.10 < 20) | 边缘检测点少 (0.00% < 1.0%) | 高频能量正常 (93.30)
2025-05-09 14:02:16 [WARNING] 图像模糊，尝试重新获取 (第8次尝试)
2025-05-09 14:02:16 [ERROR] 获取清晰图像超时 (30秒)
2025-05-09 14:02:16 [WARNING] 返回超时前的最后一帧图像
2025-05-09 14:02:19 [INFO] 正在获取图像，尝试 1/30 (已耗时: 0.0秒)
2025-05-09 14:02:23 [INFO] 图像质量: 模糊 拉普拉斯变异度低 (0.06 < 100) | Sobel梯度均值低 (0.10 < 20) | 边缘检测点少 (0.00% < 1.0%) | 高频能量正常 (98.73)
2025-05-09 14:02:23 [WARNING] 图像模糊，尝试重新获取 (第1次尝试)
2025-05-09 14:02:23 [INFO] 正在获取图像，尝试 2/30 (已耗时: 4.0秒)
2025-05-09 14:02:27 [INFO] 图像质量: 模糊 拉普拉斯变异度低 (0.07 < 100) | Sobel梯度均值低 (0.10 < 20) | 边缘检测点少 (0.00% < 1.0%) | 高频能量正常 (99.67)
2025-05-09 14:02:27 [WARNING] 图像模糊，尝试重新获取 (第2次尝试)
2025-05-09 14:02:27 [INFO] 正在获取图像，尝试 3/30 (已耗时: 8.0秒)
2025-05-09 14:02:31 [INFO] 图像质量: 模糊 拉普拉斯变异度低 (0.06 < 100) | Sobel梯度均值低 (0.10 < 20) | 边缘检测点少 (0.00% < 1.0%) | 高频能量正常 (97.21)
2025-05-09 14:02:31 [WARNING] 图像模糊，尝试重新获取 (第3次尝试)
2025-05-09 14:02:31 [INFO] 正在获取图像，尝试 4/30 (已耗时: 11.9秒)
2025-05-09 14:02:35 [INFO] 图像质量: 模糊 拉普拉斯变异度低 (0.29 < 100) | Sobel梯度均值低 (0.21 < 20) | 边缘检测点少 (0.00% < 1.0%) | 高频能量正常 (115.98)
2025-05-09 14:02:35 [WARNING] 图像模糊，尝试重新获取 (第4次尝试)
2025-05-09 14:02:35 [INFO] 正在获取图像，尝试 5/30 (已耗时: 15.9秒)
2025-05-09 14:02:39 [INFO] 图像质量: 模糊 拉普拉斯变异度低 (0.28 < 100) | Sobel梯度均值低 (0.20 < 20) | 边缘检测点少 (0.00% < 1.0%) | 高频能量正常 (115.47)
2025-05-09 14:02:39 [WARNING] 图像模糊，尝试重新获取 (第5次尝试)
2025-05-09 14:02:39 [INFO] 正在获取图像，尝试 6/30 (已耗时: 19.9秒)
2025-05-09 14:02:43 [INFO] 图像质量: 模糊 拉普拉斯变异度低 (0.26 < 100) | Sobel梯度均值低 (0.20 < 20) | 边缘检测点少 (0.00% < 1.0%) | 高频能量正常 (114.65)
2025-05-09 14:02:43 [WARNING] 图像模糊，尝试重新获取 (第6次尝试)
2025-05-09 14:02:43 [INFO] 正在获取图像，尝试 7/30 (已耗时: 23.9秒)
2025-05-09 14:02:47 [INFO] 图像质量: 模糊 拉普拉斯变异度低 (0.29 < 100) | Sobel梯度均值低 (0.20 < 20) | 边缘检测点少 (0.00% < 1.0%) | 高频能量正常 (115.86)
2025-05-09 14:02:47 [WARNING] 图像模糊，尝试重新获取 (第7次尝试)
2025-05-09 14:02:47 [INFO] 正在获取图像，尝试 8/30 (已耗时: 27.8秒)
2025-05-09 14:02:51 [INFO] 图像质量: 清晰 拉普拉斯变异度正常 (275.14) | Sobel梯度均值正常 (27.66) | 边缘检测点正常 (2.16%) | 高频能量正常 (179.44)
2025-05-09 14:02:51 [INFO] 图像清晰度良好，可以进行检测
