2025-05-09 13:59:42 [INFO] 正在获取图像，尝试 1/30 (已耗时: 0.0秒)
2025-05-09 13:59:46 [INFO] 图像质量: 模糊 拉普拉斯变异度低 (0.04 < 100) | Sobel梯度均值低 (0.09 < 20) | 边缘检测点少 (0.00% < 1.0%) | 高频能量正常 (93.76)
2025-05-09 13:59:46 [WARNING] 图像模糊，尝试重新获取 (第1次尝试)
2025-05-09 13:59:46 [INFO] 正在获取图像，尝试 2/30 (已耗时: 4.1秒)
2025-05-09 13:59:50 [INFO] 图像质量: 模糊 拉普拉斯变异度低 (0.04 < 100) | Sobel梯度均值低 (0.09 < 20) | 边缘检测点少 (0.00% < 1.0%) | 高频能量正常 (93.42)
2025-05-09 13:59:50 [WARNING] 图像模糊，尝试重新获取 (第2次尝试)
2025-05-09 13:59:50 [INFO] 正在获取图像，尝试 3/30 (已耗时: 8.1秒)
2025-05-09 13:59:54 [INFO] 图像质量: 模糊 拉普拉斯变异度低 (1.38 < 100) | Sobel梯度均值低 (0.14 < 20) | 边缘检测点少 (0.00% < 1.0%) | 高频能量正常 (130.29)
2025-05-09 13:59:54 [WARNING] 图像模糊，尝试重新获取 (第3次尝试)
2025-05-09 13:59:54 [INFO] 正在获取图像，尝试 4/30 (已耗时: 12.1秒)
2025-05-09 13:59:58 [INFO] 图像质量: 模糊 拉普拉斯变异度低 (0.03 < 100) | Sobel梯度均值低 (0.09 < 20) | 边缘检测点少 (0.00% < 1.0%) | 高频能量正常 (91.93)
2025-05-09 13:59:58 [WARNING] 图像模糊，尝试重新获取 (第4次尝试)
2025-05-09 13:59:58 [INFO] 正在获取图像，尝试 5/30 (已耗时: 16.1秒)
2025-05-09 14:00:02 [INFO] 图像质量: 模糊 拉普拉斯变异度低 (0.04 < 100) | Sobel梯度均值低 (0.07 < 20) | 边缘检测点少 (0.00% < 1.0%) | 高频能量正常 (90.94)
2025-05-09 14:00:02 [WARNING] 图像模糊，尝试重新获取 (第5次尝试)
2025-05-09 14:00:02 [INFO] 正在获取图像，尝试 6/30 (已耗时: 20.0秒)
2025-05-09 14:00:06 [INFO] 图像质量: 模糊 拉普拉斯变异度低 (0.03 < 100) | Sobel梯度均值低 (0.07 < 20) | 边缘检测点少 (0.00% < 1.0%) | 高频能量正常 (91.88)
2025-05-09 14:00:06 [WARNING] 图像模糊，尝试重新获取 (第6次尝试)
2025-05-09 14:00:06 [INFO] 正在获取图像，尝试 7/30 (已耗时: 23.9秒)
2025-05-09 14:00:10 [INFO] 图像质量: 模糊 拉普拉斯变异度低 (0.04 < 100) | Sobel梯度均值低 (0.09 < 20) | 边缘检测点少 (0.00% < 1.0%) | 高频能量正常 (94.06)
2025-05-09 14:00:10 [WARNING] 图像模糊，尝试重新获取 (第7次尝试)
2025-05-09 14:00:10 [INFO] 正在获取图像，尝试 8/30 (已耗时: 27.9秒)
2025-05-09 14:00:14 [INFO] 图像质量: 模糊 拉普拉斯变异度低 (0.04 < 100) | Sobel梯度均值低 (0.09 < 20) | 边缘检测点少 (0.00% < 1.0%) | 高频能量正常 (92.79)
2025-05-09 14:00:14 [WARNING] 图像模糊，尝试重新获取 (第8次尝试)
2025-05-09 14:00:14 [ERROR] 获取清晰图像超时 (30秒)
2025-05-09 14:00:14 [WARNING] 返回超时前的最后一帧图像
2025-05-09 14:00:17 [INFO] 正在获取图像，尝试 1/30 (已耗时: 0.0秒)
2025-05-09 14:00:21 [INFO] 图像质量: 模糊 拉普拉斯变异度低 (0.05 < 100) | Sobel梯度均值低 (0.10 < 20) | 边缘检测点少 (0.00% < 1.0%) | 高频能量正常 (95.09)
2025-05-09 14:00:21 [WARNING] 图像模糊，尝试重新获取 (第1次尝试)
2025-05-09 14:00:21 [INFO] 正在获取图像，尝试 2/30 (已耗时: 4.0秒)
2025-05-09 14:00:25 [INFO] 图像质量: 模糊 拉普拉斯变异度低 (0.28 < 100) | Sobel梯度均值低 (0.20 < 20) | 边缘检测点少 (0.00% < 1.0%) | 高频能量正常 (115.68)
2025-05-09 14:00:25 [WARNING] 图像模糊，尝试重新获取 (第2次尝试)
2025-05-09 14:00:25 [INFO] 正在获取图像，尝试 3/30 (已耗时: 7.8秒)
2025-05-09 14:00:29 [INFO] 图像质量: 清晰 拉普拉斯变异度正常 (277.22) | Sobel梯度均值正常 (27.70) | 边缘检测点正常 (2.15%) | 高频能量正常 (179.53)
2025-05-09 14:00:29 [INFO] 图像清晰度良好，可以进行检测
