2025-05-15 19:19:49 [INFO] 正在获取图像，尝试 1/1000 (已耗时: 0.0秒)
2025-05-15 19:19:53 [INFO] 图像质量: 模糊 拉普拉斯变异度低 (0.05 < 100) | Sobel梯度均值低 (0.09 < 20) | 边缘检测点少 (0.00% < 1.0%) | 高频能量正常 (93.78)
2025-05-15 19:19:53 [WARNING] 图像模糊，尝试重新获取 (第1次尝试)
2025-05-15 19:19:53 [INFO] 正在获取图像，尝试 2/1000 (已耗时: 3.9秒)
2025-05-15 19:19:57 [INFO] 图像质量: 模糊 拉普拉斯变异度低 (0.06 < 100) | Sobel梯度均值低 (0.09 < 20) | 边缘检测点少 (0.00% < 1.0%) | 高频能量正常 (96.76)
2025-05-15 19:19:57 [WARNING] 图像模糊，尝试重新获取 (第2次尝试)
2025-05-15 19:19:57 [INFO] 正在获取图像，尝试 3/1000 (已耗时: 7.9秒)
2025-05-15 19:20:00 [INFO] 图像质量: 模糊 拉普拉斯变异度低 (0.05 < 100) | Sobel梯度均值低 (0.07 < 20) | 边缘检测点少 (0.00% < 1.0%) | 高频能量正常 (93.79)
2025-05-15 19:20:00 [WARNING] 图像模糊，尝试重新获取 (第3次尝试)
2025-05-15 19:20:01 [INFO] 正在获取图像，尝试 4/1000 (已耗时: 11.8秒)
2025-05-15 19:20:04 [INFO] 图像质量: 模糊 拉普拉斯变异度低 (0.09 < 100) | Sobel梯度均值低 (0.10 < 20) | 边缘检测点少 (0.00% < 1.0%) | 高频能量正常 (99.67)
2025-05-15 19:20:04 [WARNING] 图像模糊，尝试重新获取 (第4次尝试)
2025-05-15 19:20:05 [INFO] 正在获取图像，尝试 5/1000 (已耗时: 15.8秒)
2025-05-15 19:20:08 [INFO] 图像质量: 模糊 拉普拉斯变异度低 (0.10 < 100) | Sobel梯度均值低 (0.12 < 20) | 边缘检测点少 (0.00% < 1.0%) | 高频能量正常 (102.98)
2025-05-15 19:20:08 [WARNING] 图像模糊，尝试重新获取 (第5次尝试)
2025-05-15 19:20:09 [INFO] 正在获取图像，尝试 6/1000 (已耗时: 19.8秒)
2025-05-15 19:20:12 [INFO] 图像质量: 模糊 拉普拉斯变异度低 (0.09 < 100) | Sobel梯度均值低 (0.11 < 20) | 边缘检测点少 (0.00% < 1.0%) | 高频能量正常 (101.00)
2025-05-15 19:20:12 [WARNING] 图像模糊，尝试重新获取 (第6次尝试)
2025-05-15 19:20:13 [INFO] 正在获取图像，尝试 7/1000 (已耗时: 23.7秒)
2025-05-15 19:20:16 [INFO] 图像质量: 模糊 拉普拉斯变异度低 (0.12 < 100) | Sobel梯度均值低 (0.12 < 20) | 边缘检测点少 (0.00% < 1.0%) | 高频能量正常 (103.83)
2025-05-15 19:20:16 [WARNING] 图像模糊，尝试重新获取 (第7次尝试)
2025-05-15 19:20:17 [INFO] 正在获取图像，尝试 8/1000 (已耗时: 27.7秒)
2025-05-15 19:20:20 [INFO] 图像质量: 模糊 拉普拉斯变异度低 (0.16 < 100) | Sobel梯度均值低 (0.10 < 20) | 边缘检测点少 (0.00% < 1.0%) | 高频能量正常 (109.29)
2025-05-15 19:20:20 [WARNING] 图像模糊，尝试重新获取 (第8次尝试)
2025-05-15 19:20:21 [ERROR] 获取清晰图像超时 (30秒)
2025-05-15 19:20:21 [WARNING] 返回超时前的最后一帧图像
2025-05-15 19:20:21 [INFO] 正在获取图像，尝试 1/1000 (已耗时: 0.0秒)
2025-05-15 19:20:24 [INFO] 图像质量: 模糊 拉普拉斯变异度低 (0.16 < 100) | Sobel梯度均值低 (0.09 < 20) | 边缘检测点少 (0.00% < 1.0%) | 高频能量正常 (109.43)
2025-05-15 19:20:24 [WARNING] 图像模糊，尝试重新获取 (第1次尝试)
2025-05-15 19:20:25 [INFO] 正在获取图像，尝试 2/1000 (已耗时: 3.8秒)
2025-05-15 19:20:28 [INFO] 图像质量: 模糊 拉普拉斯变异度低 (0.03 < 100) | Sobel梯度均值低 (0.05 < 20) | 边缘检测点少 (0.00% < 1.0%) | 高频能量正常 (89.66)
2025-05-15 19:20:28 [WARNING] 图像模糊，尝试重新获取 (第2次尝试)
2025-05-15 19:20:29 [INFO] 正在获取图像，尝试 3/1000 (已耗时: 7.7秒)
2025-05-15 19:20:32 [INFO] 图像质量: 模糊 拉普拉斯变异度低 (0.03 < 100) | Sobel梯度均值低 (0.06 < 20) | 边缘检测点少 (0.00% < 1.0%) | 高频能量正常 (89.40)
2025-05-15 19:20:32 [WARNING] 图像模糊，尝试重新获取 (第3次尝试)
2025-05-15 19:20:33 [INFO] 正在获取图像，尝试 4/1000 (已耗时: 11.7秒)
2025-05-15 19:20:36 [INFO] 图像质量: 模糊 拉普拉斯变异度低 (0.03 < 100) | Sobel梯度均值低 (0.05 < 20) | 边缘检测点少 (0.00% < 1.0%) | 高频能量正常 (92.59)
2025-05-15 19:20:36 [WARNING] 图像模糊，尝试重新获取 (第4次尝试)
2025-05-15 19:20:36 [INFO] 正在获取图像，尝试 5/1000 (已耗时: 15.5秒)
2025-05-15 19:20:40 [INFO] 图像质量: 模糊 拉普拉斯变异度低 (0.02 < 100) | Sobel梯度均值低 (0.04 < 20) | 边缘检测点少 (0.00% < 1.0%) | 高频能量正常 (86.41)
2025-05-15 19:20:40 [WARNING] 图像模糊，尝试重新获取 (第5次尝试)
2025-05-15 19:20:40 [INFO] 正在获取图像，尝试 6/1000 (已耗时: 19.5秒)
2025-05-15 19:20:44 [INFO] 图像质量: 模糊 拉普拉斯变异度低 (0.02 < 100) | Sobel梯度均值低 (0.04 < 20) | 边缘检测点少 (0.00% < 1.0%) | 高频能量正常 (84.86)
2025-05-15 19:20:44 [WARNING] 图像模糊，尝试重新获取 (第6次尝试)
2025-05-15 19:20:45 [INFO] 正在获取图像，尝试 7/1000 (已耗时: 23.7秒)
2025-05-15 19:20:48 [INFO] 图像质量: 模糊 拉普拉斯变异度低 (0.04 < 100) | Sobel梯度均值低 (0.07 < 20) | 边缘检测点少 (0.00% < 1.0%) | 高频能量正常 (93.36)
2025-05-15 19:20:48 [WARNING] 图像模糊，尝试重新获取 (第7次尝试)
2025-05-15 19:20:49 [INFO] 正在获取图像，尝试 8/1000 (已耗时: 27.7秒)
2025-05-15 19:20:52 [INFO] 图像质量: 模糊 拉普拉斯变异度低 (0.04 < 100) | Sobel梯度均值低 (0.07 < 20) | 边缘检测点少 (0.00% < 1.0%) | 高频能量正常 (91.92)
2025-05-15 19:20:52 [WARNING] 图像模糊，尝试重新获取 (第8次尝试)
2025-05-15 19:20:53 [ERROR] 获取清晰图像超时 (30秒)
2025-05-15 19:20:53 [WARNING] 返回超时前的最后一帧图像
2025-05-15 19:20:53 [INFO] 正在获取图像，尝试 1/1000 (已耗时: 0.0秒)
2025-05-15 19:20:56 [INFO] 图像质量: 模糊 拉普拉斯变异度低 (0.51 < 100) | Sobel梯度均值低 (0.06 < 20) | 边缘检测点少 (0.00% < 1.0%) | 高频能量正常 (119.15)
2025-05-15 19:20:56 [WARNING] 图像模糊，尝试重新获取 (第1次尝试)
2025-05-15 19:20:57 [INFO] 正在获取图像，尝试 2/1000 (已耗时: 4.0秒)
2025-05-15 19:21:00 [INFO] 图像质量: 模糊 拉普拉斯变异度低 (0.01 < 100) | Sobel梯度均值低 (0.03 < 20) | 边缘检测点少 (0.00% < 1.0%) | 高频能量正常 (80.76)
2025-05-15 19:21:00 [WARNING] 图像模糊，尝试重新获取 (第2次尝试)
2025-05-15 19:21:01 [INFO] 正在获取图像，尝试 3/1000 (已耗时: 8.0秒)
2025-05-15 19:21:04 [INFO] 图像质量: 模糊 拉普拉斯变异度低 (0.02 < 100) | Sobel梯度均值低 (0.05 < 20) | 边缘检测点少 (0.00% < 1.0%) | 高频能量正常 (88.26)
2025-05-15 19:21:04 [WARNING] 图像模糊，尝试重新获取 (第3次尝试)
2025-05-15 19:21:05 [INFO] 正在获取图像，尝试 4/1000 (已耗时: 12.0秒)
2025-05-15 19:21:08 [INFO] 图像质量: 模糊 拉普拉斯变异度低 (0.03 < 100) | Sobel梯度均值低 (0.05 < 20) | 边缘检测点少 (0.00% < 1.0%) | 高频能量正常 (89.79)
2025-05-15 19:21:08 [WARNING] 图像模糊，尝试重新获取 (第4次尝试)
2025-05-15 19:21:09 [INFO] 正在获取图像，尝试 5/1000 (已耗时: 16.0秒)
2025-05-15 19:21:12 [INFO] 图像质量: 模糊 拉普拉斯变异度低 (0.97 < 100) | Sobel梯度均值低 (0.08 < 20) | 边缘检测点少 (0.00% < 1.0%) | 高频能量正常 (123.77)
2025-05-15 19:21:12 [WARNING] 图像模糊，尝试重新获取 (第5次尝试)
2025-05-15 19:21:13 [INFO] 正在获取图像，尝试 6/1000 (已耗时: 20.1秒)
2025-05-15 19:21:16 [INFO] 图像质量: 清晰 拉普拉斯变异度正常 (198.55) | Sobel梯度均值正常 (26.88) | 边缘检测点正常 (2.21%) | 高频能量正常 (176.20)
2025-05-15 19:21:16 [INFO] 图像清晰度良好，可以进行检测
