2025-05-12 22:42:28 [INFO] 正在获取图像，尝试 1/1000 (已耗时: 0.0秒)
2025-05-12 22:42:32 [INFO] 图像质量: 模糊 拉普拉斯变异度低 (0.02 < 100) | Sobel梯度均值低 (0.03 < 20) | 边缘检测点少 (0.00% < 1.0%) | 高频能量正常 (89.85)
2025-05-12 22:42:32 [WARNING] 图像模糊，尝试重新获取 (第1次尝试)
2025-05-12 22:42:32 [INFO] 正在获取图像，尝试 2/1000 (已耗时: 4.0秒)
2025-05-12 22:42:36 [INFO] 图像质量: 模糊 拉普拉斯变异度低 (0.02 < 100) | Sobel梯度均值低 (0.03 < 20) | 边缘检测点少 (0.00% < 1.0%) | 高频能量正常 (86.36)
2025-05-12 22:42:36 [WARNING] 图像模糊，尝试重新获取 (第2次尝试)
2025-05-12 22:42:36 [INFO] 正在获取图像，尝试 3/1000 (已耗时: 8.0秒)
2025-05-12 22:42:40 [INFO] 图像质量: 模糊 拉普拉斯变异度低 (0.01 < 100) | Sobel梯度均值低 (0.02 < 20) | 边缘检测点少 (0.00% < 1.0%) | 高频能量正常 (82.93)
2025-05-12 22:42:40 [WARNING] 图像模糊，尝试重新获取 (第3次尝试)
2025-05-12 22:42:40 [INFO] 正在获取图像，尝试 4/1000 (已耗时: 12.0秒)
2025-05-12 22:42:44 [INFO] 图像质量: 模糊 拉普拉斯变异度低 (0.02 < 100) | Sobel梯度均值低 (0.03 < 20) | 边缘检测点少 (0.00% < 1.0%) | 高频能量正常 (87.64)
2025-05-12 22:42:44 [WARNING] 图像模糊，尝试重新获取 (第4次尝试)
2025-05-12 22:42:44 [INFO] 正在获取图像，尝试 5/1000 (已耗时: 16.1秒)
2025-05-12 22:42:48 [INFO] 图像质量: 模糊 拉普拉斯变异度低 (0.02 < 100) | Sobel梯度均值低 (0.02 < 20) | 边缘检测点少 (0.00% < 1.0%) | 高频能量正常 (84.53)
2025-05-12 22:42:48 [WARNING] 图像模糊，尝试重新获取 (第5次尝试)
2025-05-12 22:42:48 [INFO] 正在获取图像，尝试 6/1000 (已耗时: 20.0秒)
2025-05-12 22:42:52 [INFO] 图像质量: 模糊 拉普拉斯变异度低 (0.03 < 100) | Sobel梯度均值低 (0.03 < 20) | 边缘检测点少 (0.00% < 1.0%) | 高频能量正常 (88.35)
2025-05-12 22:42:52 [WARNING] 图像模糊，尝试重新获取 (第6次尝试)
2025-05-12 22:42:52 [INFO] 正在获取图像，尝试 7/1000 (已耗时: 24.0秒)
2025-05-12 22:42:56 [INFO] 图像质量: 模糊 拉普拉斯变异度低 (0.02 < 100) | Sobel梯度均值低 (0.02 < 20) | 边缘检测点少 (0.00% < 1.0%) | 高频能量正常 (84.19)
2025-05-12 22:42:56 [WARNING] 图像模糊，尝试重新获取 (第7次尝试)
2025-05-12 22:42:56 [INFO] 正在获取图像，尝试 8/1000 (已耗时: 28.2秒)
2025-05-12 22:43:00 [INFO] 图像质量: 清晰 拉普拉斯变异度正常 (281.78) | Sobel梯度均值正常 (30.62) | 边缘检测点正常 (2.50%) | 高频能量正常 (180.37)
2025-05-12 22:43:00 [INFO] 图像清晰度良好，可以进行检测
