2025-05-12 22:14:26 [INFO] 正在获取图像，尝试 1/30 (已耗时: 0.0秒)
2025-05-12 22:14:29 [INFO] 图像质量: 模糊 拉普拉斯变异度低 (0.02 < 100) | Sobel梯度均值低 (0.03 < 20) | 边缘检测点少 (0.00% < 1.0%) | 高频能量正常 (86.25)
2025-05-12 22:14:29 [WARNING] 图像模糊，尝试重新获取 (第1次尝试)
2025-05-12 22:14:30 [INFO] 正在获取图像，尝试 2/30 (已耗时: 3.9秒)
2025-05-12 22:14:33 [INFO] 图像质量: 模糊 拉普拉斯变异度低 (0.01 < 100) | Sobel梯度均值低 (0.02 < 20) | 边缘检测点少 (0.00% < 1.0%) | 高频能量正常 (81.48)
2025-05-12 22:14:33 [WARNING] 图像模糊，尝试重新获取 (第2次尝试)
2025-05-12 22:14:34 [INFO] 正在获取图像，尝试 3/30 (已耗时: 7.8秒)
2025-05-12 22:14:37 [INFO] 图像质量: 模糊 拉普拉斯变异度低 (0.73 < 100) | Sobel梯度均值低 (0.06 < 20) | 边缘检测点少 (0.00% < 1.0%) | 高频能量正常 (122.31)
2025-05-12 22:14:37 [WARNING] 图像模糊，尝试重新获取 (第3次尝试)
2025-05-12 22:14:38 [INFO] 正在获取图像，尝试 4/30 (已耗时: 11.7秒)
2025-05-12 22:14:41 [INFO] 图像质量: 模糊 拉普拉斯变异度低 (1.16 < 100) | Sobel梯度均值低 (0.05 < 20) | 边缘检测点少 (0.00% < 1.0%) | 高频能量正常 (129.37)
2025-05-12 22:14:41 [WARNING] 图像模糊，尝试重新获取 (第4次尝试)
2025-05-12 22:14:42 [INFO] 正在获取图像，尝试 5/30 (已耗时: 15.7秒)
2025-05-12 22:14:45 [INFO] 图像质量: 模糊 拉普拉斯变异度低 (0.01 < 100) | Sobel梯度均值低 (0.02 < 20) | 边缘检测点少 (0.00% < 1.0%) | 高频能量正常 (82.27)
2025-05-12 22:14:45 [WARNING] 图像模糊，尝试重新获取 (第5次尝试)
2025-05-12 22:14:46 [INFO] 正在获取图像，尝试 6/30 (已耗时: 19.8秒)
2025-05-12 22:14:49 [INFO] 图像质量: 模糊 拉普拉斯变异度低 (0.03 < 100) | Sobel梯度均值低 (0.02 < 20) | 边缘检测点少 (0.00% < 1.0%) | 高频能量正常 (94.19)
2025-05-12 22:14:49 [WARNING] 图像模糊，尝试重新获取 (第6次尝试)
2025-05-12 22:14:50 [INFO] 正在获取图像，尝试 7/30 (已耗时: 23.7秒)
2025-05-12 22:14:53 [INFO] 图像质量: 模糊 拉普拉斯变异度低 (0.68 < 100) | Sobel梯度均值低 (0.07 < 20) | 边缘检测点少 (0.00% < 1.0%) | 高频能量正常 (123.57)
2025-05-12 22:14:53 [WARNING] 图像模糊，尝试重新获取 (第7次尝试)
2025-05-12 22:14:54 [INFO] 正在获取图像，尝试 8/30 (已耗时: 27.8秒)
2025-05-12 22:14:57 [INFO] 图像质量: 模糊 拉普拉斯变异度低 (0.78 < 100) | Sobel梯度均值低 (0.05 < 20) | 边缘检测点少 (0.00% < 1.0%) | 高频能量正常 (123.34)
2025-05-12 22:14:57 [WARNING] 图像模糊，尝试重新获取 (第8次尝试)
2025-05-12 22:14:58 [ERROR] 获取清晰图像超时 (30秒)
2025-05-12 22:14:58 [WARNING] 返回超时前的最后一帧图像
