2025-05-15 09:18:37 [INFO] 正在获取图像，尝试 1/10 (已耗时: 0.0秒)
2025-05-15 09:18:40 [INFO] 图像质量: 模糊 拉普拉斯变异度低 (1.14 < 100) | Sobel梯度均值低 (0.08 < 20) | 边缘检测点少 (0.00% < 1.0%) | 高频能量正常 (126.39)
2025-05-15 09:18:40 [WARNING] 图像模糊，尝试重新获取 (第1次尝试)
2025-05-15 09:18:42 [INFO] 正在获取图像，尝试 2/10 (已耗时: 5.6秒)
2025-05-15 09:18:46 [INFO] 图像质量: 模糊 拉普拉斯变异度低 (0.02 < 100) | Sobel梯度均值低 (0.03 < 20) | 边缘检测点少 (0.00% < 1.0%) | 高频能量正常 (86.91)
2025-05-15 09:18:46 [WARNING] 图像模糊，尝试重新获取 (第2次尝试)
2025-05-15 09:18:48 [INFO] 正在获取图像，尝试 3/10 (已耗时: 11.1秒)
2025-05-15 09:18:51 [INFO] 图像质量: 模糊 拉普拉斯变异度低 (0.56 < 100) | Sobel梯度均值低 (0.11 < 20) | 边缘检测点少 (0.00% < 1.0%) | 高频能量正常 (121.25)
2025-05-15 09:18:51 [WARNING] 图像模糊，尝试重新获取 (第3次尝试)
2025-05-15 09:18:53 [INFO] 正在获取图像，尝试 4/10 (已耗时: 16.5秒)
2025-05-15 09:18:57 [INFO] 图像质量: 模糊 拉普拉斯变异度低 (0.02 < 100) | Sobel梯度均值低 (0.04 < 20) | 边缘检测点少 (0.00% < 1.0%) | 高频能量正常 (85.52)
2025-05-15 09:18:57 [WARNING] 图像模糊，尝试重新获取 (第4次尝试)
2025-05-15 09:18:59 [INFO] 正在获取图像，尝试 5/10 (已耗时: 22.2秒)
2025-05-15 09:19:02 [INFO] 图像质量: 模糊 拉普拉斯变异度低 (0.01 < 100) | Sobel梯度均值低 (0.02 < 20) | 边缘检测点少 (0.00% < 1.0%) | 高频能量正常 (80.70)
2025-05-15 09:19:02 [WARNING] 图像模糊，尝试重新获取 (第5次尝试)
2025-05-15 09:19:04 [INFO] 正在获取图像，尝试 6/10 (已耗时: 27.7秒)
2025-05-15 09:19:08 [INFO] 图像质量: 模糊 拉普拉斯变异度低 (0.03 < 100) | Sobel梯度均值低 (0.04 < 20) | 边缘检测点少 (0.00% < 1.0%) | 高频能量正常 (90.85)
2025-05-15 09:19:08 [WARNING] 图像模糊，尝试重新获取 (第6次尝试)
2025-05-15 09:19:10 [INFO] 正在获取图像，尝试 7/10 (已耗时: 33.1秒)
2025-05-15 09:19:13 [INFO] 图像质量: 模糊 拉普拉斯变异度低 (1.40 < 100) | Sobel梯度均值低 (0.11 < 20) | 边缘检测点少 (0.00% < 1.0%) | 高频能量正常 (128.97)
2025-05-15 09:19:13 [WARNING] 图像模糊，尝试重新获取 (第7次尝试)
2025-05-15 09:19:15 [INFO] 正在获取图像，尝试 8/10 (已耗时: 38.6秒)
2025-05-15 09:19:19 [INFO] 图像质量: 模糊 拉普拉斯变异度低 (0.02 < 100) | Sobel梯度均值低 (0.03 < 20) | 边缘检测点少 (0.00% < 1.0%) | 高频能量正常 (84.92)
2025-05-15 09:19:19 [WARNING] 图像模糊，尝试重新获取 (第8次尝试)
2025-05-15 09:19:21 [ERROR] 获取清晰图像超时 (40.0秒)
2025-05-15 09:19:21 [WARNING] 返回超时前的最后一帧图像
2025-05-15 09:19:46 [INFO] 正在获取图像，尝试 1/1000 (已耗时: 0.0秒)
2025-05-15 09:19:49 [INFO] 图像质量: 模糊 拉普拉斯变异度低 (0.03 < 100) | Sobel梯度均值低 (0.04 < 20) | 边缘检测点少 (0.00% < 1.0%) | 高频能量正常 (90.95)
2025-05-15 09:19:49 [WARNING] 图像模糊，尝试重新获取 (第1次尝试)
2025-05-15 09:19:50 [INFO] 正在获取图像，尝试 2/1000 (已耗时: 4.0秒)
2025-05-15 09:19:53 [INFO] 图像质量: 模糊 拉普拉斯变异度低 (0.04 < 100) | Sobel梯度均值低 (0.04 < 20) | 边缘检测点少 (0.00% < 1.0%) | 高频能量正常 (88.08)
2025-05-15 09:19:53 [WARNING] 图像模糊，尝试重新获取 (第2次尝试)
2025-05-15 09:19:54 [INFO] 正在获取图像，尝试 3/1000 (已耗时: 8.0秒)
2025-05-15 09:19:57 [INFO] 图像质量: 模糊 拉普拉斯变异度低 (0.93 < 100) | Sobel梯度均值低 (0.11 < 20) | 边缘检测点少 (0.00% < 1.0%) | 高频能量正常 (124.77)
2025-05-15 09:19:57 [WARNING] 图像模糊，尝试重新获取 (第3次尝试)
2025-05-15 09:19:58 [INFO] 正在获取图像，尝试 4/1000 (已耗时: 11.9秒)
2025-05-15 09:20:01 [INFO] 图像质量: 模糊 拉普拉斯变异度低 (0.61 < 100) | Sobel梯度均值低 (0.10 < 20) | 边缘检测点少 (0.00% < 1.0%) | 高频能量正常 (122.23)
2025-05-15 09:20:01 [WARNING] 图像模糊，尝试重新获取 (第4次尝试)
2025-05-15 09:20:02 [INFO] 正在获取图像，尝试 5/1000 (已耗时: 15.9秒)
2025-05-15 09:20:05 [INFO] 图像质量: 模糊 拉普拉斯变异度低 (0.05 < 100) | Sobel梯度均值低 (0.07 < 20) | 边缘检测点少 (0.00% < 1.0%) | 高频能量正常 (93.90)
2025-05-15 09:20:05 [WARNING] 图像模糊，尝试重新获取 (第5次尝试)
2025-05-15 09:20:06 [INFO] 正在获取图像，尝试 6/1000 (已耗时: 19.9秒)
2025-05-15 09:20:09 [INFO] 图像质量: 模糊 拉普拉斯变异度低 (0.07 < 100) | Sobel梯度均值低 (0.08 < 20) | 边缘检测点少 (0.00% < 1.0%) | 高频能量正常 (98.89)
2025-05-15 09:20:09 [WARNING] 图像模糊，尝试重新获取 (第6次尝试)
2025-05-15 09:20:10 [INFO] 正在获取图像，尝试 7/1000 (已耗时: 23.9秒)
