2025-05-13 09:16:35 [INFO] 正在获取图像，尝试 1/1000 (已耗时: 0.0秒)
2025-05-13 09:16:39 [INFO] 图像质量: 模糊 拉普拉斯变异度低 (0.02 < 100) | Sobel梯度均值低 (0.02 < 20) | 边缘检测点少 (0.00% < 1.0%) | 高频能量正常 (85.92)
2025-05-13 09:16:39 [WARNING] 图像模糊，尝试重新获取 (第1次尝试)
2025-05-13 09:16:39 [INFO] 正在获取图像，尝试 2/1000 (已耗时: 4.0秒)
2025-05-13 09:16:43 [INFO] 图像质量: 模糊 拉普拉斯变异度低 (0.02 < 100) | Sobel梯度均值低 (0.03 < 20) | 边缘检测点少 (0.00% < 1.0%) | 高频能量正常 (87.41)
2025-05-13 09:16:43 [WARNING] 图像模糊，尝试重新获取 (第2次尝试)
2025-05-13 09:16:43 [INFO] 正在获取图像，尝试 3/1000 (已耗时: 7.9秒)
2025-05-13 09:16:47 [INFO] 图像质量: 模糊 拉普拉斯变异度低 (0.01 < 100) | Sobel梯度均值低 (0.02 < 20) | 边缘检测点少 (0.00% < 1.0%) | 高频能量正常 (82.92)
2025-05-13 09:16:47 [WARNING] 图像模糊，尝试重新获取 (第3次尝试)
2025-05-13 09:16:47 [INFO] 正在获取图像，尝试 4/1000 (已耗时: 11.9秒)
2025-05-13 09:16:51 [INFO] 图像质量: 模糊 拉普拉斯变异度低 (0.03 < 100) | Sobel梯度均值低 (0.03 < 20) | 边缘检测点少 (0.00% < 1.0%) | 高频能量正常 (88.25)
2025-05-13 09:16:51 [WARNING] 图像模糊，尝试重新获取 (第4次尝试)
2025-05-13 09:16:51 [INFO] 正在获取图像，尝试 5/1000 (已耗时: 15.9秒)
2025-05-13 09:16:55 [INFO] 图像质量: 模糊 拉普拉斯变异度低 (0.02 < 100) | Sobel梯度均值低 (0.03 < 20) | 边缘检测点少 (0.00% < 1.0%) | 高频能量正常 (88.22)
2025-05-13 09:16:55 [WARNING] 图像模糊，尝试重新获取 (第5次尝试)
2025-05-13 09:16:55 [INFO] 正在获取图像，尝试 6/1000 (已耗时: 20.0秒)
2025-05-13 09:16:59 [INFO] 图像质量: 模糊 拉普拉斯变异度低 (0.03 < 100) | Sobel梯度均值低 (0.04 < 20) | 边缘检测点少 (0.00% < 1.0%) | 高频能量正常 (90.46)
2025-05-13 09:16:59 [WARNING] 图像模糊，尝试重新获取 (第6次尝试)
2025-05-13 09:16:59 [INFO] 正在获取图像，尝试 7/1000 (已耗时: 24.0秒)
2025-05-13 09:17:03 [INFO] 图像质量: 模糊 拉普拉斯变异度低 (0.03 < 100) | Sobel梯度均值低 (0.04 < 20) | 边缘检测点少 (0.00% < 1.0%) | 高频能量正常 (89.77)
2025-05-13 09:17:03 [WARNING] 图像模糊，尝试重新获取 (第7次尝试)
2025-05-13 09:17:03 [INFO] 正在获取图像，尝试 8/1000 (已耗时: 27.9秒)
2025-05-13 09:17:07 [INFO] 图像质量: 模糊 拉普拉斯变异度低 (0.03 < 100) | Sobel梯度均值低 (0.04 < 20) | 边缘检测点少 (0.00% < 1.0%) | 高频能量正常 (90.66)
2025-05-13 09:17:07 [WARNING] 图像模糊，尝试重新获取 (第8次尝试)
2025-05-13 09:17:07 [ERROR] 获取清晰图像超时 (30秒)
2025-05-13 09:17:07 [WARNING] 返回超时前的最后一帧图像
