2025-04-29 21:10:37 [INFO] 正在获取图像，尝试 1/10 (已耗时: 0.0秒)
2025-04-29 21:10:41 [INFO] 图像质量: 模糊 拉普拉斯变异度低 (0.08 < 100) | Sobel梯度均值低 (0.16 < 20) | 边缘检测点少 (0.00% < 1.0%) | 高频能量正常 (100.73)
2025-04-29 21:10:41 [WARNING] 图像模糊，尝试重新获取 (第1次尝试)
2025-04-29 21:10:43 [INFO] 正在获取图像，尝试 2/10 (已耗时: 5.7秒)
2025-04-29 21:10:46 [INFO] 图像质量: 模糊 拉普拉斯变异度低 (0.07 < 100) | Sobel梯度均值低 (0.14 < 20) | 边缘检测点少 (0.00% < 1.0%) | 高频能量正常 (99.61)
2025-04-29 21:10:46 [WARNING] 图像模糊，尝试重新获取 (第2次尝试)
2025-04-29 21:10:48 [INFO] 正在获取图像，尝试 3/10 (已耗时: 11.2秒)
2025-04-29 21:10:52 [INFO] 图像质量: 模糊 拉普拉斯变异度低 (0.12 < 100) | Sobel梯度均值低 (0.16 < 20) | 边缘检测点少 (0.00% < 1.0%) | 高频能量正常 (105.43)
2025-04-29 21:10:52 [WARNING] 图像模糊，尝试重新获取 (第3次尝试)
2025-04-29 21:10:54 [INFO] 正在获取图像，尝试 4/10 (已耗时: 16.7秒)
2025-04-29 21:10:57 [INFO] 图像质量: 清晰 拉普拉斯变异度正常 (153.91) | Sobel梯度均值正常 (21.42) | 边缘检测点正常 (1.51%) | 高频能量正常 (174.56)
2025-04-29 21:10:57 [INFO] 图像清晰度良好，可以进行检测
2025-04-29 21:10:57 [INFO] 正在获取图像，尝试 1/10 (已耗时: 0.0秒)
2025-04-29 21:11:01 [INFO] 图像质量: 清晰 拉普拉斯变异度正常 (154.15) | Sobel梯度均值正常 (21.41) | 边缘检测点正常 (1.51%) | 高频能量正常 (174.66)
2025-04-29 21:11:01 [INFO] 图像清晰度良好，可以进行检测
2025-04-29 21:11:32 [INFO] 正在获取图像，尝试 1/10 (已耗时: 0.0秒)
2025-04-29 21:11:35 [INFO] 图像质量: 模糊 拉普拉斯变异度低 (0.79 < 100) | Sobel梯度均值低 (0.21 < 20) | 边缘检测点少 (0.00% < 1.0%) | 高频能量正常 (123.58)
2025-04-29 21:11:35 [WARNING] 图像模糊，尝试重新获取 (第1次尝试)
2025-04-29 21:11:37 [INFO] 正在获取图像，尝试 2/10 (已耗时: 5.5秒)
2025-04-29 21:11:41 [INFO] 图像质量: 清晰 拉普拉斯变异度正常 (154.70) | Sobel梯度均值正常 (21.40) | 边缘检测点正常 (1.52%) | 高频能量正常 (174.59)
2025-04-29 21:11:41 [INFO] 图像清晰度良好，可以进行检测
2025-04-29 21:11:58 [INFO] 正在获取图像，尝试 1/10 (已耗时: 0.0秒)
2025-04-29 21:12:02 [INFO] 图像质量: 模糊 拉普拉斯变异度低 (0.10 < 100) | Sobel梯度均值低 (0.17 < 20) | 边缘检测点少 (0.00% < 1.0%) | 高频能量正常 (102.66)
2025-04-29 21:12:02 [WARNING] 图像模糊，尝试重新获取 (第1次尝试)
2025-04-29 21:12:04 [INFO] 正在获取图像，尝试 2/10 (已耗时: 5.5秒)
2025-04-29 21:12:07 [INFO] 图像质量: 清晰 拉普拉斯变异度正常 (153.58) | Sobel梯度均值正常 (21.42) | 边缘检测点正常 (1.51%) | 高频能量正常 (174.49)
2025-04-29 21:12:07 [INFO] 图像清晰度良好，可以进行检测
2025-04-29 21:12:50 [INFO] 正在获取图像，尝试 1/10 (已耗时: 0.0秒)
2025-04-29 21:12:54 [INFO] 图像质量: 模糊 拉普拉斯变异度低 (0.11 < 100) | Sobel梯度均值低 (0.17 < 20) | 边缘检测点少 (0.00% < 1.0%) | 高频能量正常 (103.78)
2025-04-29 21:12:54 [WARNING] 图像模糊，尝试重新获取 (第1次尝试)
2025-04-29 21:12:56 [INFO] 正在获取图像，尝试 2/10 (已耗时: 5.6秒)
2025-04-29 21:13:00 [INFO] 图像质量: 清晰 拉普拉斯变异度正常 (153.92) | Sobel梯度均值正常 (21.41) | 边缘检测点正常 (1.53%) | 高频能量正常 (174.58)
2025-04-29 21:13:00 [INFO] 图像清晰度良好，可以进行检测
2025-04-29 21:13:00 [INFO] 正在获取图像，尝试 1/10 (已耗时: 0.0秒)
2025-04-29 21:13:03 [INFO] 图像质量: 清晰 拉普拉斯变异度正常 (154.95) | Sobel梯度均值正常 (21.45) | 边缘检测点正常 (1.53%) | 高频能量正常 (174.64)
2025-04-29 21:13:03 [INFO] 图像清晰度良好，可以进行检测
2025-04-29 21:13:26 [INFO] 正在获取图像，尝试 1/10 (已耗时: 0.0秒)
2025-04-29 21:13:29 [INFO] 图像质量: 模糊 拉普拉斯变异度低 (0.11 < 100) | Sobel梯度均值低 (0.19 < 20) | 边缘检测点少 (0.00% < 1.0%) | 高频能量正常 (104.51)
2025-04-29 21:13:29 [WARNING] 图像模糊，尝试重新获取 (第1次尝试)
2025-04-29 21:13:31 [INFO] 正在获取图像，尝试 2/10 (已耗时: 5.5秒)
2025-04-29 21:13:35 [INFO] 图像质量: 清晰 拉普拉斯变异度正常 (155.93) | Sobel梯度均值正常 (21.54) | 边缘检测点正常 (1.53%) | 高频能量正常 (174.71)
2025-04-29 21:13:35 [INFO] 图像清晰度良好，可以进行检测
2025-04-29 21:13:48 [INFO] 正在获取图像，尝试 1/10 (已耗时: 0.0秒)
2025-04-29 21:13:52 [INFO] 图像质量: 清晰 拉普拉斯变异度正常 (156.58) | Sobel梯度均值正常 (21.55) | 边缘检测点正常 (1.54%) | 高频能量正常 (174.73)
2025-04-29 21:13:52 [INFO] 图像清晰度良好，可以进行检测
2025-04-29 21:14:31 [INFO] 正在获取图像，尝试 1/10 (已耗时: 0.0秒)
2025-04-29 21:14:35 [INFO] 图像质量: 模糊 拉普拉斯变异度低 (0.06 < 100) | Sobel梯度均值低 (0.13 < 20) | 边缘检测点少 (0.00% < 1.0%) | 高频能量正常 (98.71)
2025-04-29 21:14:35 [WARNING] 图像模糊，尝试重新获取 (第1次尝试)
2025-04-29 21:14:37 [INFO] 正在获取图像，尝试 2/10 (已耗时: 5.7秒)
2025-04-29 21:14:41 [INFO] 图像质量: 清晰 拉普拉斯变异度正常 (156.02) | Sobel梯度均值正常 (21.54) | 边缘检测点正常 (1.53%) | 高频能量正常 (174.72)
2025-04-29 21:14:41 [INFO] 图像清晰度良好，可以进行检测
2025-04-29 21:14:41 [INFO] 正在获取图像，尝试 1/10 (已耗时: 0.0秒)
2025-04-29 21:14:45 [INFO] 图像质量: 清晰 拉普拉斯变异度正常 (156.68) | Sobel梯度均值正常 (21.54) | 边缘检测点正常 (1.53%) | 高频能量正常 (174.81)
2025-04-29 21:14:45 [INFO] 图像清晰度良好，可以进行检测
2025-04-29 21:14:56 [INFO] 正在获取图像，尝试 1/10 (已耗时: 0.0秒)
2025-04-29 21:14:59 [INFO] 图像质量: 清晰 拉普拉斯变异度正常 (153.50) | Sobel梯度均值正常 (21.41) | 边缘检测点正常 (1.53%) | 高频能量正常 (174.61)
2025-04-29 21:14:59 [INFO] 图像清晰度良好，可以进行检测
2025-04-29 21:15:01 [INFO] 正在获取图像，尝试 1/10 (已耗时: 0.0秒)
2025-04-29 21:15:04 [INFO] 图像质量: 模糊 拉普拉斯变异度低 (0.09 < 100) | Sobel梯度均值低 (0.17 < 20) | 边缘检测点少 (0.00% < 1.0%) | 高频能量正常 (101.49)
2025-04-29 21:15:04 [WARNING] 图像模糊，尝试重新获取 (第1次尝试)
2025-04-29 21:15:06 [INFO] 正在获取图像，尝试 2/10 (已耗时: 5.8秒)
2025-04-29 21:15:10 [INFO] 图像质量: 清晰 拉普拉斯变异度正常 (152.77) | Sobel梯度均值正常 (21.43) | 边缘检测点正常 (1.52%) | 高频能量正常 (174.48)
2025-04-29 21:15:10 [INFO] 图像清晰度良好，可以进行检测
