2025-05-09 20:38:38 [INFO] 正在获取图像，尝试 1/30 (已耗时: 0.0秒)
2025-05-09 20:38:42 [INFO] 图像质量: 模糊 拉普拉斯变异度低 (0.07 < 100) | Sobel梯度均值低 (0.10 < 20) | 边缘检测点少 (0.00% < 1.0%) | 高频能量正常 (98.88)
2025-05-09 20:38:42 [WARNING] 图像模糊，尝试重新获取 (第1次尝试)
2025-05-09 20:38:42 [INFO] 正在获取图像，尝试 2/30 (已耗时: 4.0秒)
2025-05-09 20:38:46 [INFO] 图像质量: 模糊 拉普拉斯变异度低 (0.03 < 100) | Sobel梯度均值低 (0.06 < 20) | 边缘检测点少 (0.00% < 1.0%) | 高频能量正常 (91.60)
2025-05-09 20:38:46 [WARNING] 图像模糊，尝试重新获取 (第2次尝试)
2025-05-09 20:38:46 [INFO] 正在获取图像，尝试 3/30 (已耗时: 7.7秒)
2025-05-09 20:38:50 [INFO] 图像质量: 模糊 拉普拉斯变异度低 (0.06 < 100) | Sobel梯度均值低 (0.10 < 20) | 边缘检测点少 (0.00% < 1.0%) | 高频能量正常 (96.77)
2025-05-09 20:38:50 [WARNING] 图像模糊，尝试重新获取 (第3次尝试)
2025-05-09 20:38:50 [INFO] 正在获取图像，尝试 4/30 (已耗时: 11.7秒)
2025-05-09 20:38:54 [INFO] 图像质量: 模糊 拉普拉斯变异度低 (0.26 < 100) | Sobel梯度均值低 (0.09 < 20) | 边缘检测点少 (0.00% < 1.0%) | 高频能量正常 (113.98)
2025-05-09 20:38:54 [WARNING] 图像模糊，尝试重新获取 (第4次尝试)
2025-05-09 20:38:54 [INFO] 正在获取图像，尝试 5/30 (已耗时: 15.7秒)
2025-05-09 20:38:57 [INFO] 图像质量: 模糊 拉普拉斯变异度低 (0.04 < 100) | Sobel梯度均值低 (0.07 < 20) | 边缘检测点少 (0.00% < 1.0%) | 高频能量正常 (93.62)
2025-05-09 20:38:57 [WARNING] 图像模糊，尝试重新获取 (第5次尝试)
2025-05-09 20:38:58 [INFO] 正在获取图像，尝试 6/30 (已耗时: 19.6秒)
2025-05-09 20:39:01 [INFO] 图像质量: 模糊 拉普拉斯变异度低 (0.05 < 100) | Sobel梯度均值低 (0.09 < 20) | 边缘检测点少 (0.00% < 1.0%) | 高频能量正常 (95.44)
2025-05-09 20:39:01 [WARNING] 图像模糊，尝试重新获取 (第6次尝试)
2025-05-09 20:39:02 [INFO] 正在获取图像，尝试 7/30 (已耗时: 23.5秒)
2025-05-09 20:39:05 [INFO] 图像质量: 模糊 拉普拉斯变异度低 (0.05 < 100) | Sobel梯度均值低 (0.07 < 20) | 边缘检测点少 (0.00% < 1.0%) | 高频能量正常 (95.52)
2025-05-09 20:39:05 [WARNING] 图像模糊，尝试重新获取 (第7次尝试)
2025-05-09 20:39:06 [INFO] 正在获取图像，尝试 8/30 (已耗时: 27.3秒)
2025-05-09 20:39:09 [INFO] 图像质量: 清晰 拉普拉斯变异度正常 (277.78) | Sobel梯度均值正常 (26.72) | 边缘检测点正常 (1.98%) | 高频能量正常 (177.98)
2025-05-09 20:39:09 [INFO] 图像清晰度良好，可以进行检测
