2025-05-11 17:21:38 [INFO] 正在获取图像，尝试 1/10 (已耗时: 0.0秒)
2025-05-11 17:21:41 [INFO] 图像质量: 模糊 拉普拉斯变异度低 (0.11 < 100) | Sobel梯度均值低 (0.23 < 20) | 边缘检测点少 (0.00% < 1.0%) | 高频能量正常 (104.27)
2025-05-11 17:21:41 [WARNING] 图像模糊，尝试重新获取 (第1次尝试)
2025-05-11 17:21:43 [INFO] 正在获取图像，尝试 2/10 (已耗时: 5.7秒)
2025-05-11 17:21:47 [INFO] 图像质量: 模糊 拉普拉斯变异度低 (0.07 < 100) | Sobel梯度均值低 (0.17 < 20) | 边缘检测点少 (0.00% < 1.0%) | 高频能量正常 (99.36)
2025-05-11 17:21:47 [WARNING] 图像模糊，尝试重新获取 (第2次尝试)
2025-05-11 17:21:49 [INFO] 正在获取图像，尝试 3/10 (已耗时: 11.1秒)
2025-05-11 17:21:52 [INFO] 图像质量: 模糊 拉普拉斯变异度低 (0.09 < 100) | Sobel梯度均值低 (0.18 < 20) | 边缘检测点少 (0.00% < 1.0%) | 高频能量正常 (101.37)
2025-05-11 17:21:52 [WARNING] 图像模糊，尝试重新获取 (第3次尝试)
2025-05-11 17:21:54 [INFO] 正在获取图像，尝试 4/10 (已耗时: 16.5秒)
2025-05-11 17:21:58 [INFO] 图像质量: 模糊 拉普拉斯变异度低 (0.09 < 100) | Sobel梯度均值低 (0.19 < 20) | 边缘检测点少 (0.00% < 1.0%) | 高频能量正常 (101.60)
2025-05-11 17:21:58 [WARNING] 图像模糊，尝试重新获取 (第4次尝试)
2025-05-11 17:22:00 [INFO] 正在获取图像，尝试 5/10 (已耗时: 21.9秒)
2025-05-11 17:22:03 [INFO] 图像质量: 模糊 拉普拉斯变异度低 (0.10 < 100) | Sobel梯度均值低 (0.22 < 20) | 边缘检测点少 (0.00% < 1.0%) | 高频能量正常 (102.96)
2025-05-11 17:22:03 [WARNING] 图像模糊，尝试重新获取 (第5次尝试)
2025-05-11 17:22:05 [INFO] 正在获取图像，尝试 6/10 (已耗时: 27.5秒)
2025-05-11 17:22:09 [INFO] 图像质量: 模糊 拉普拉斯变异度低 (0.07 < 100) | Sobel梯度均值低 (0.16 < 20) | 边缘检测点少 (0.00% < 1.0%) | 高频能量正常 (98.62)
2025-05-11 17:22:09 [WARNING] 图像模糊，尝试重新获取 (第6次尝试)
2025-05-11 17:22:11 [INFO] 正在获取图像，尝试 7/10 (已耗时: 32.9秒)
2025-05-11 17:22:14 [INFO] 图像质量: 模糊 拉普拉斯变异度低 (0.09 < 100) | Sobel梯度均值低 (0.19 < 20) | 边缘检测点少 (0.00% < 1.0%) | 高频能量正常 (101.18)
2025-05-11 17:22:14 [WARNING] 图像模糊，尝试重新获取 (第7次尝试)
2025-05-11 17:22:16 [INFO] 正在获取图像，尝试 8/10 (已耗时: 38.3秒)
2025-05-11 17:22:19 [INFO] 图像质量: 模糊 拉普拉斯变异度低 (0.24 < 100) | Sobel梯度均值低 (0.25 < 20) | 边缘检测点少 (0.00% < 1.0%) | 高频能量正常 (113.49)
2025-05-11 17:22:19 [WARNING] 图像模糊，尝试重新获取 (第8次尝试)
2025-05-11 17:22:21 [ERROR] 获取清晰图像超时 (40.0秒)
2025-05-11 17:22:21 [WARNING] 返回超时前的最后一帧图像
2025-05-11 17:22:21 [INFO] 正在获取图像，尝试 1/10 (已耗时: 0.0秒)
2025-05-11 17:22:25 [INFO] 图像质量: 模糊 拉普拉斯变异度低 (1.21 < 100) | Sobel梯度均值低 (0.20 < 20) | 边缘检测点少 (0.00% < 1.0%) | 高频能量正常 (128.87)
2025-05-11 17:22:25 [WARNING] 图像模糊，尝试重新获取 (第1次尝试)
2025-05-11 17:22:27 [INFO] 正在获取图像，尝试 2/10 (已耗时: 5.5秒)
2025-05-11 17:22:30 [INFO] 图像质量: 模糊 拉普拉斯变异度低 (0.31 < 100) | Sobel梯度均值低 (0.38 < 20) | 边缘检测点少 (0.00% < 1.0%) | 高频能量正常 (114.97)
2025-05-11 17:22:30 [WARNING] 图像模糊，尝试重新获取 (第2次尝试)
2025-05-11 17:22:32 [INFO] 正在获取图像，尝试 3/10 (已耗时: 10.9秒)
2025-05-11 17:22:36 [INFO] 图像质量: 模糊 拉普拉斯变异度低 (0.12 < 100) | Sobel梯度均值低 (0.23 < 20) | 边缘检测点少 (0.00% < 1.0%) | 高频能量正常 (105.50)
2025-05-11 17:22:36 [WARNING] 图像模糊，尝试重新获取 (第3次尝试)
2025-05-11 17:22:38 [INFO] 正在获取图像，尝试 4/10 (已耗时: 16.3秒)
2025-05-11 17:22:41 [INFO] 图像质量: 模糊 拉普拉斯变异度低 (0.10 < 100) | Sobel梯度均值低 (0.21 < 20) | 边缘检测点少 (0.00% < 1.0%) | 高频能量正常 (102.47)
2025-05-11 17:22:41 [WARNING] 图像模糊，尝试重新获取 (第4次尝试)
2025-05-11 17:22:43 [INFO] 正在获取图像，尝试 5/10 (已耗时: 21.8秒)
2025-05-11 17:22:47 [INFO] 图像质量: 模糊 拉普拉斯变异度低 (0.07 < 100) | Sobel梯度均值低 (0.16 < 20) | 边缘检测点少 (0.00% < 1.0%) | 高频能量正常 (99.42)
2025-05-11 17:22:47 [WARNING] 图像模糊，尝试重新获取 (第5次尝试)
2025-05-11 17:22:49 [INFO] 正在获取图像，尝试 6/10 (已耗时: 27.2秒)
2025-05-11 17:22:52 [INFO] 图像质量: 模糊 拉普拉斯变异度低 (0.09 < 100) | Sobel梯度均值低 (0.17 < 20) | 边缘检测点少 (0.00% < 1.0%) | 高频能量正常 (102.57)
2025-05-11 17:22:52 [WARNING] 图像模糊，尝试重新获取 (第6次尝试)
2025-05-11 17:22:54 [INFO] 正在获取图像，尝试 7/10 (已耗时: 32.7秒)
2025-05-11 17:22:58 [INFO] 图像质量: 模糊 拉普拉斯变异度低 (0.13 < 100) | Sobel梯度均值低 (0.24 < 20) | 边缘检测点少 (0.00% < 1.0%) | 高频能量正常 (105.81)
2025-05-11 17:22:58 [WARNING] 图像模糊，尝试重新获取 (第7次尝试)
2025-05-11 17:23:00 [INFO] 正在获取图像，尝试 8/10 (已耗时: 38.1秒)
2025-05-11 17:23:03 [INFO] 图像质量: 模糊 拉普拉斯变异度低 (0.09 < 100) | Sobel梯度均值低 (0.20 < 20) | 边缘检测点少 (0.00% < 1.0%) | 高频能量正常 (101.52)
2025-05-11 17:23:03 [WARNING] 图像模糊，尝试重新获取 (第8次尝试)
2025-05-11 17:23:05 [ERROR] 获取清晰图像超时 (40.0秒)
2025-05-11 17:23:05 [WARNING] 返回超时前的最后一帧图像
2025-05-11 17:23:28 [INFO] 正在获取图像，尝试 1/30 (已耗时: 0.0秒)
2025-05-11 17:23:31 [INFO] 图像质量: 模糊 拉普拉斯变异度低 (0.96 < 100) | Sobel梯度均值低 (0.26 < 20) | 边缘检测点少 (0.00% < 1.0%) | 高频能量正常 (126.34)
2025-05-11 17:23:31 [WARNING] 图像模糊，尝试重新获取 (第1次尝试)
2025-05-11 17:23:31 [INFO] 正在获取图像，尝试 2/30 (已耗时: 3.9秒)
2025-05-11 17:23:35 [INFO] 图像质量: 模糊 拉普拉斯变异度低 (0.09 < 100) | Sobel梯度均值低 (0.19 < 20) | 边缘检测点少 (0.00% < 1.0%) | 高频能量正常 (102.47)
2025-05-11 17:23:35 [WARNING] 图像模糊，尝试重新获取 (第2次尝试)
2025-05-11 17:23:35 [INFO] 正在获取图像，尝试 3/30 (已耗时: 7.9秒)
2025-05-11 17:23:39 [INFO] 图像质量: 模糊 拉普拉斯变异度低 (1.47 < 100) | Sobel梯度均值低 (0.27 < 20) | 边缘检测点少 (0.01% < 1.0%) | 高频能量正常 (129.75)
2025-05-11 17:23:39 [WARNING] 图像模糊，尝试重新获取 (第3次尝试)
2025-05-11 17:23:39 [INFO] 正在获取图像，尝试 4/30 (已耗时: 11.9秒)
2025-05-11 17:23:43 [INFO] 图像质量: 模糊 拉普拉斯变异度低 (0.06 < 100) | Sobel梯度均值低 (0.16 < 20) | 边缘检测点少 (0.00% < 1.0%) | 高频能量正常 (97.91)
2025-05-11 17:23:43 [WARNING] 图像模糊，尝试重新获取 (第4次尝试)
2025-05-11 17:23:43 [INFO] 正在获取图像，尝试 5/30 (已耗时: 15.8秒)
2025-05-11 17:23:47 [INFO] 图像质量: 模糊 拉普拉斯变异度低 (0.09 < 100) | Sobel梯度均值低 (0.21 < 20) | 边缘检测点少 (0.00% < 1.0%) | 高频能量正常 (102.40)
2025-05-11 17:23:47 [WARNING] 图像模糊，尝试重新获取 (第5次尝试)
2025-05-11 17:23:47 [INFO] 正在获取图像，尝试 6/30 (已耗时: 19.7秒)
2025-05-11 17:23:51 [INFO] 图像质量: 模糊 拉普拉斯变异度低 (0.09 < 100) | Sobel梯度均值低 (0.21 < 20) | 边缘检测点少 (0.00% < 1.0%) | 高频能量正常 (102.03)
2025-05-11 17:23:51 [WARNING] 图像模糊，尝试重新获取 (第6次尝试)
2025-05-11 17:23:51 [INFO] 正在获取图像，尝试 7/30 (已耗时: 23.7秒)
2025-05-11 17:23:55 [INFO] 图像质量: 模糊 拉普拉斯变异度低 (0.10 < 100) | Sobel梯度均值低 (0.22 < 20) | 边缘检测点少 (0.00% < 1.0%) | 高频能量正常 (102.44)
2025-05-11 17:23:55 [WARNING] 图像模糊，尝试重新获取 (第7次尝试)
2025-05-11 17:23:55 [INFO] 正在获取图像，尝试 8/30 (已耗时: 27.7秒)
2025-05-11 17:23:59 [INFO] 图像质量: 模糊 拉普拉斯变异度低 (0.09 < 100) | Sobel梯度均值低 (0.20 < 20) | 边缘检测点少 (0.00% < 1.0%) | 高频能量正常 (101.23)
2025-05-11 17:23:59 [WARNING] 图像模糊，尝试重新获取 (第8次尝试)
2025-05-11 17:23:59 [ERROR] 获取清晰图像超时 (30秒)
2025-05-11 17:23:59 [WARNING] 返回超时前的最后一帧图像
2025-05-11 17:24:02 [INFO] 正在获取图像，尝试 1/30 (已耗时: 0.0秒)
2025-05-11 17:24:06 [INFO] 图像质量: 模糊 拉普拉斯变异度低 (0.11 < 100) | Sobel梯度均值低 (0.22 < 20) | 边缘检测点少 (0.00% < 1.0%) | 高频能量正常 (103.98)
2025-05-11 17:24:06 [WARNING] 图像模糊，尝试重新获取 (第1次尝试)
2025-05-11 17:24:06 [INFO] 正在获取图像，尝试 2/30 (已耗时: 3.9秒)
2025-05-11 17:24:10 [INFO] 图像质量: 模糊 拉普拉斯变异度低 (0.09 < 100) | Sobel梯度均值低 (0.18 < 20) | 边缘检测点少 (0.00% < 1.0%) | 高频能量正常 (101.64)
2025-05-11 17:24:10 [WARNING] 图像模糊，尝试重新获取 (第2次尝试)
2025-05-11 17:24:10 [INFO] 正在获取图像，尝试 3/30 (已耗时: 7.7秒)
2025-05-11 17:24:14 [INFO] 图像质量: 模糊 拉普拉斯变异度低 (0.12 < 100) | Sobel梯度均值低 (0.24 < 20) | 边缘检测点少 (0.00% < 1.0%) | 高频能量正常 (104.87)
2025-05-11 17:24:14 [WARNING] 图像模糊，尝试重新获取 (第3次尝试)
2025-05-11 17:24:14 [INFO] 正在获取图像，尝试 4/30 (已耗时: 11.7秒)
2025-05-11 17:24:17 [INFO] 图像质量: 模糊 拉普拉斯变异度低 (0.12 < 100) | Sobel梯度均值低 (0.26 < 20) | 边缘检测点少 (0.00% < 1.0%) | 高频能量正常 (105.47)
2025-05-11 17:24:17 [WARNING] 图像模糊，尝试重新获取 (第4次尝试)
2025-05-11 17:24:18 [INFO] 正在获取图像，尝试 5/30 (已耗时: 15.7秒)
2025-05-11 17:24:21 [INFO] 图像质量: 清晰 拉普拉斯变异度正常 (242.08) | Sobel梯度均值正常 (26.19) | 边缘检测点正常 (2.02%) | 高频能量正常 (176.68)
2025-05-11 17:24:21 [INFO] 图像清晰度良好，可以进行检测
2025-05-11 17:24:53 [INFO] 正在获取图像，尝试 1/10 (已耗时: 0.0秒)
2025-05-11 17:24:56 [INFO] 图像质量: 模糊 拉普拉斯变异度低 (0.20 < 100) | Sobel梯度均值低 (0.36 < 20) | 边缘检测点少 (0.00% < 1.0%) | 高频能量正常 (110.49)
2025-05-11 17:24:56 [WARNING] 图像模糊，尝试重新获取 (第1次尝试)
2025-05-11 17:24:58 [INFO] 正在获取图像，尝试 2/10 (已耗时: 5.4秒)
2025-05-11 17:25:02 [INFO] 图像质量: 模糊 拉普拉斯变异度低 (0.12 < 100) | Sobel梯度均值低 (0.25 < 20) | 边缘检测点少 (0.00% < 1.0%) | 高频能量正常 (105.12)
2025-05-11 17:25:02 [WARNING] 图像模糊，尝试重新获取 (第2次尝试)
2025-05-11 17:25:04 [INFO] 正在获取图像，尝试 3/10 (已耗时: 10.8秒)
2025-05-11 17:25:07 [INFO] 图像质量: 模糊 拉普拉斯变异度低 (1.89 < 100) | Sobel梯度均值低 (0.28 < 20) | 边缘检测点少 (0.01% < 1.0%) | 高频能量正常 (133.32)
2025-05-11 17:25:07 [WARNING] 图像模糊，尝试重新获取 (第3次尝试)
2025-05-11 17:25:09 [INFO] 正在获取图像，尝试 4/10 (已耗时: 16.3秒)
2025-05-11 17:25:12 [INFO] 图像质量: 模糊 拉普拉斯变异度低 (0.07 < 100) | Sobel梯度均值低 (0.16 < 20) | 边缘检测点少 (0.00% < 1.0%) | 高频能量正常 (98.60)
2025-05-11 17:25:12 [WARNING] 图像模糊，尝试重新获取 (第4次尝试)
2025-05-11 17:25:14 [INFO] 正在获取图像，尝试 5/10 (已耗时: 21.7秒)
2025-05-11 17:25:18 [INFO] 图像质量: 模糊 拉普拉斯变异度低 (0.10 < 100) | Sobel梯度均值低 (0.20 < 20) | 边缘检测点少 (0.00% < 1.0%) | 高频能量正常 (102.84)
2025-05-11 17:25:18 [WARNING] 图像模糊，尝试重新获取 (第5次尝试)
2025-05-11 17:25:20 [INFO] 正在获取图像，尝试 6/10 (已耗时: 27.1秒)
2025-05-11 17:25:23 [INFO] 图像质量: 模糊 拉普拉斯变异度低 (0.08 < 100) | Sobel梯度均值低 (0.18 < 20) | 边缘检测点少 (0.00% < 1.0%) | 高频能量正常 (99.78)
2025-05-11 17:25:23 [WARNING] 图像模糊，尝试重新获取 (第6次尝试)
2025-05-11 17:25:25 [INFO] 正在获取图像，尝试 7/10 (已耗时: 32.5秒)
2025-05-11 17:25:29 [INFO] 图像质量: 模糊 拉普拉斯变异度低 (0.08 < 100) | Sobel梯度均值低 (0.17 < 20) | 边缘检测点少 (0.00% < 1.0%) | 高频能量正常 (99.57)
2025-05-11 17:25:29 [WARNING] 图像模糊，尝试重新获取 (第7次尝试)
2025-05-11 17:25:31 [INFO] 正在获取图像，尝试 8/10 (已耗时: 37.9秒)
2025-05-11 17:25:34 [INFO] 图像质量: 模糊 拉普拉斯变异度低 (0.10 < 100) | Sobel梯度均值低 (0.19 < 20) | 边缘检测点少 (0.00% < 1.0%) | 高频能量正常 (103.20)
2025-05-11 17:25:34 [WARNING] 图像模糊，尝试重新获取 (第8次尝试)
2025-05-11 17:25:36 [ERROR] 获取清晰图像超时 (40.0秒)
2025-05-11 17:25:36 [WARNING] 返回超时前的最后一帧图像
2025-05-11 17:25:57 [INFO] 正在获取图像，尝试 1/30 (已耗时: 0.0秒)
2025-05-11 17:26:00 [INFO] 图像质量: 模糊 拉普拉斯变异度低 (0.11 < 100) | Sobel梯度均值低 (0.24 < 20) | 边缘检测点少 (0.00% < 1.0%) | 高频能量正常 (104.25)
2025-05-11 17:26:00 [WARNING] 图像模糊，尝试重新获取 (第1次尝试)
2025-05-11 17:26:01 [INFO] 正在获取图像，尝试 2/30 (已耗时: 3.9秒)
2025-05-11 17:26:04 [INFO] 图像质量: 模糊 拉普拉斯变异度低 (0.10 < 100) | Sobel梯度均值低 (0.18 < 20) | 边缘检测点少 (0.00% < 1.0%) | 高频能量正常 (103.14)
2025-05-11 17:26:04 [WARNING] 图像模糊，尝试重新获取 (第2次尝试)
2025-05-11 17:26:04 [INFO] 正在获取图像，尝试 3/30 (已耗时: 7.7秒)
2025-05-11 17:26:08 [INFO] 图像质量: 模糊 拉普拉斯变异度低 (0.11 < 100) | Sobel梯度均值低 (0.23 < 20) | 边缘检测点少 (0.00% < 1.0%) | 高频能量正常 (103.56)
2025-05-11 17:26:08 [WARNING] 图像模糊，尝试重新获取 (第3次尝试)
2025-05-11 17:26:08 [INFO] 正在获取图像，尝试 4/30 (已耗时: 11.7秒)
2025-05-11 17:26:12 [INFO] 图像质量: 模糊 拉普拉斯变异度低 (0.14 < 100) | Sobel梯度均值低 (0.24 < 20) | 边缘检测点少 (0.00% < 1.0%) | 高频能量正常 (107.21)
2025-05-11 17:26:12 [WARNING] 图像模糊，尝试重新获取 (第4次尝试)
2025-05-11 17:26:13 [INFO] 正在获取图像，尝试 5/30 (已耗时: 15.8秒)
2025-05-11 17:26:16 [INFO] 图像质量: 模糊 拉普拉斯变异度低 (0.94 < 100) | Sobel梯度均值低 (0.27 < 20) | 边缘检测点少 (0.00% < 1.0%) | 高频能量正常 (126.71)
2025-05-11 17:26:16 [WARNING] 图像模糊，尝试重新获取 (第5次尝试)
2025-05-11 17:26:16 [INFO] 正在获取图像，尝试 6/30 (已耗时: 19.7秒)
2025-05-11 17:26:20 [INFO] 图像质量: 模糊 拉普拉斯变异度低 (1.49 < 100) | Sobel梯度均值低 (0.29 < 20) | 边缘检测点少 (0.01% < 1.0%) | 高频能量正常 (131.06)
2025-05-11 17:26:20 [WARNING] 图像模糊，尝试重新获取 (第6次尝试)
2025-05-11 17:26:21 [INFO] 正在获取图像，尝试 7/30 (已耗时: 23.8秒)
2025-05-11 17:26:24 [INFO] 图像质量: 模糊 拉普拉斯变异度低 (0.14 < 100) | Sobel梯度均值低 (0.26 < 20) | 边缘检测点少 (0.00% < 1.0%) | 高频能量正常 (105.69)
2025-05-11 17:26:24 [WARNING] 图像模糊，尝试重新获取 (第7次尝试)
2025-05-11 17:26:25 [INFO] 正在获取图像，尝试 8/30 (已耗时: 27.8秒)
2025-05-11 17:26:28 [INFO] 图像质量: 模糊 拉普拉斯变异度低 (0.18 < 100) | Sobel梯度均值低 (0.26 < 20) | 边缘检测点少 (0.00% < 1.0%) | 高频能量正常 (109.70)
2025-05-11 17:26:28 [WARNING] 图像模糊，尝试重新获取 (第8次尝试)
2025-05-11 17:26:28 [ERROR] 获取清晰图像超时 (30秒)
2025-05-11 17:26:28 [WARNING] 返回超时前的最后一帧图像
2025-05-11 17:26:31 [INFO] 正在获取图像，尝试 1/30 (已耗时: 0.0秒)
2025-05-11 17:26:35 [INFO] 图像质量: 模糊 拉普拉斯变异度低 (1.33 < 100) | Sobel梯度均值低 (0.28 < 20) | 边缘检测点少 (0.00% < 1.0%) | 高频能量正常 (128.13)
2025-05-11 17:26:35 [WARNING] 图像模糊，尝试重新获取 (第1次尝试)
2025-05-11 17:26:35 [INFO] 正在获取图像，尝试 2/30 (已耗时: 4.0秒)
2025-05-11 17:26:39 [INFO] 图像质量: 模糊 拉普拉斯变异度低 (1.37 < 100) | Sobel梯度均值低 (0.27 < 20) | 边缘检测点少 (0.01% < 1.0%) | 高频能量正常 (128.38)
2025-05-11 17:26:39 [WARNING] 图像模糊，尝试重新获取 (第2次尝试)
2025-05-11 17:26:39 [INFO] 正在获取图像，尝试 3/30 (已耗时: 8.0秒)
2025-05-11 17:26:43 [INFO] 图像质量: 模糊 拉普拉斯变异度低 (1.04 < 100) | Sobel梯度均值低 (0.26 < 20) | 边缘检测点少 (0.00% < 1.0%) | 高频能量正常 (124.41)
2025-05-11 17:26:43 [WARNING] 图像模糊，尝试重新获取 (第3次尝试)
2025-05-11 17:26:43 [INFO] 正在获取图像，尝试 4/30 (已耗时: 12.0秒)
2025-05-11 17:26:47 [INFO] 图像质量: 模糊 拉普拉斯变异度低 (0.10 < 100) | Sobel梯度均值低 (0.22 < 20) | 边缘检测点少 (0.00% < 1.0%) | 高频能量正常 (103.10)
2025-05-11 17:26:47 [WARNING] 图像模糊，尝试重新获取 (第4次尝试)
2025-05-11 17:26:47 [INFO] 正在获取图像，尝试 5/30 (已耗时: 16.0秒)
2025-05-11 17:26:51 [INFO] 图像质量: 模糊 拉普拉斯变异度低 (1.33 < 100) | Sobel梯度均值低 (0.27 < 20) | 边缘检测点少 (0.00% < 1.0%) | 高频能量正常 (129.67)
2025-05-11 17:26:51 [WARNING] 图像模糊，尝试重新获取 (第5次尝试)
2025-05-11 17:26:51 [INFO] 正在获取图像，尝试 6/30 (已耗时: 20.0秒)
2025-05-11 17:26:55 [INFO] 图像质量: 模糊 拉普拉斯变异度低 (1.34 < 100) | Sobel梯度均值低 (0.28 < 20) | 边缘检测点少 (0.00% < 1.0%) | 高频能量正常 (128.61)
2025-05-11 17:26:55 [WARNING] 图像模糊，尝试重新获取 (第6次尝试)
2025-05-11 17:26:55 [INFO] 正在获取图像，尝试 7/30 (已耗时: 24.0秒)
2025-05-11 17:26:59 [INFO] 图像质量: 模糊 拉普拉斯变异度低 (1.37 < 100) | Sobel梯度均值低 (0.29 < 20) | 边缘检测点少 (0.01% < 1.0%) | 高频能量正常 (128.14)
2025-05-11 17:26:59 [WARNING] 图像模糊，尝试重新获取 (第7次尝试)
2025-05-11 17:27:00 [INFO] 正在获取图像，尝试 8/30 (已耗时: 28.0秒)
2025-05-11 17:27:03 [INFO] 图像质量: 模糊 拉普拉斯变异度低 (0.10 < 100) | Sobel梯度均值低 (0.22 < 20) | 边缘检测点少 (0.00% < 1.0%) | 高频能量正常 (102.86)
2025-05-11 17:27:03 [WARNING] 图像模糊，尝试重新获取 (第8次尝试)
2025-05-11 17:27:03 [ERROR] 获取清晰图像超时 (30秒)
2025-05-11 17:27:03 [WARNING] 返回超时前的最后一帧图像
2025-05-11 17:27:06 [INFO] 正在获取图像，尝试 1/30 (已耗时: 0.0秒)
2025-05-11 17:27:10 [INFO] 图像质量: 模糊 拉普拉斯变异度低 (0.09 < 100) | Sobel梯度均值低 (0.19 < 20) | 边缘检测点少 (0.00% < 1.0%) | 高频能量正常 (101.08)
2025-05-11 17:27:10 [WARNING] 图像模糊，尝试重新获取 (第1次尝试)
2025-05-11 17:27:10 [INFO] 正在获取图像，尝试 2/30 (已耗时: 3.8秒)
2025-05-11 17:27:14 [INFO] 图像质量: 模糊 拉普拉斯变异度低 (0.13 < 100) | Sobel梯度均值低 (0.25 < 20) | 边缘检测点少 (0.00% < 1.0%) | 高频能量正常 (105.55)
2025-05-11 17:27:14 [WARNING] 图像模糊，尝试重新获取 (第2次尝试)
2025-05-11 17:27:14 [INFO] 正在获取图像，尝试 3/30 (已耗时: 7.7秒)
2025-05-11 17:27:18 [INFO] 图像质量: 模糊 拉普拉斯变异度低 (0.10 < 100) | Sobel梯度均值低 (0.20 < 20) | 边缘检测点少 (0.00% < 1.0%) | 高频能量正常 (101.82)
2025-05-11 17:27:18 [WARNING] 图像模糊，尝试重新获取 (第3次尝试)
2025-05-11 17:27:18 [INFO] 正在获取图像，尝试 4/30 (已耗时: 11.6秒)
2025-05-11 17:27:21 [INFO] 图像质量: 模糊 拉普拉斯变异度低 (0.13 < 100) | Sobel梯度均值低 (0.27 < 20) | 边缘检测点少 (0.00% < 1.0%) | 高频能量正常 (106.46)
2025-05-11 17:27:21 [WARNING] 图像模糊，尝试重新获取 (第4次尝试)
2025-05-11 17:27:22 [INFO] 正在获取图像，尝试 5/30 (已耗时: 15.5秒)
2025-05-11 17:27:25 [INFO] 图像质量: 清晰 拉普拉斯变异度正常 (240.80) | Sobel梯度均值正常 (26.47) | 边缘检测点正常 (2.01%) | 高频能量正常 (176.49)
2025-05-11 17:27:25 [INFO] 图像清晰度良好，可以进行检测
2025-05-11 17:27:57 [INFO] 正在获取图像，尝试 1/10 (已耗时: 0.0秒)
2025-05-11 17:28:01 [INFO] 图像质量: 模糊 拉普拉斯变异度低 (0.16 < 100) | Sobel梯度均值低 (0.25 < 20) | 边缘检测点少 (0.00% < 1.0%) | 高频能量正常 (106.31)
2025-05-11 17:28:01 [WARNING] 图像模糊，尝试重新获取 (第1次尝试)
2025-05-11 17:28:03 [INFO] 正在获取图像，尝试 2/10 (已耗时: 5.4秒)
2025-05-11 17:28:06 [INFO] 图像质量: 模糊 拉普拉斯变异度低 (0.09 < 100) | Sobel梯度均值低 (0.18 < 20) | 边缘检测点少 (0.00% < 1.0%) | 高频能量正常 (102.48)
2025-05-11 17:28:06 [WARNING] 图像模糊，尝试重新获取 (第2次尝试)
2025-05-11 17:28:08 [INFO] 正在获取图像，尝试 3/10 (已耗时: 10.8秒)
2025-05-11 17:28:11 [INFO] 图像质量: 模糊 拉普拉斯变异度低 (0.23 < 100) | Sobel梯度均值低 (0.23 < 20) | 边缘检测点少 (0.00% < 1.0%) | 高频能量正常 (113.30)
2025-05-11 17:28:11 [WARNING] 图像模糊，尝试重新获取 (第3次尝试)
2025-05-11 17:28:13 [INFO] 正在获取图像，尝试 4/10 (已耗时: 16.2秒)
2025-05-11 17:28:17 [INFO] 图像质量: 模糊 拉普拉斯变异度低 (1.76 < 100) | Sobel梯度均值低 (0.24 < 20) | 边缘检测点少 (0.01% < 1.0%) | 高频能量正常 (132.25)
2025-05-11 17:28:17 [WARNING] 图像模糊，尝试重新获取 (第4次尝试)
2025-05-11 17:28:19 [INFO] 正在获取图像，尝试 5/10 (已耗时: 21.6秒)
2025-05-11 17:28:22 [INFO] 图像质量: 模糊 拉普拉斯变异度低 (0.09 < 100) | Sobel梯度均值低 (0.18 < 20) | 边缘检测点少 (0.00% < 1.0%) | 高频能量正常 (103.25)
2025-05-11 17:28:22 [WARNING] 图像模糊，尝试重新获取 (第5次尝试)
2025-05-11 17:28:24 [INFO] 正在获取图像，尝试 6/10 (已耗时: 27.1秒)
2025-05-11 17:28:28 [INFO] 图像质量: 模糊 拉普拉斯变异度低 (0.11 < 100) | Sobel梯度均值低 (0.22 < 20) | 边缘检测点少 (0.00% < 1.0%) | 高频能量正常 (103.68)
2025-05-11 17:28:28 [WARNING] 图像模糊，尝试重新获取 (第6次尝试)
2025-05-11 17:28:30 [INFO] 正在获取图像，尝试 7/10 (已耗时: 32.6秒)
2025-05-11 17:28:33 [INFO] 图像质量: 模糊 拉普拉斯变异度低 (0.09 < 100) | Sobel梯度均值低 (0.18 < 20) | 边缘检测点少 (0.00% < 1.0%) | 高频能量正常 (101.41)
2025-05-11 17:28:33 [WARNING] 图像模糊，尝试重新获取 (第7次尝试)
2025-05-11 17:28:35 [INFO] 正在获取图像，尝试 8/10 (已耗时: 38.0秒)
2025-05-11 17:28:39 [INFO] 图像质量: 模糊 拉普拉斯变异度低 (0.07 < 100) | Sobel梯度均值低 (0.17 < 20) | 边缘检测点少 (0.00% < 1.0%) | 高频能量正常 (98.85)
2025-05-11 17:28:39 [WARNING] 图像模糊，尝试重新获取 (第8次尝试)
2025-05-11 17:28:41 [ERROR] 获取清晰图像超时 (40.0秒)
2025-05-11 17:28:41 [WARNING] 返回超时前的最后一帧图像
2025-05-11 17:29:01 [INFO] 正在获取图像，尝试 1/30 (已耗时: 0.0秒)
2025-05-11 17:29:05 [INFO] 图像质量: 模糊 拉普拉斯变异度低 (0.10 < 100) | Sobel梯度均值低 (0.22 < 20) | 边缘检测点少 (0.00% < 1.0%) | 高频能量正常 (102.44)
2025-05-11 17:29:05 [WARNING] 图像模糊，尝试重新获取 (第1次尝试)
2025-05-11 17:29:05 [INFO] 正在获取图像，尝试 2/30 (已耗时: 3.9秒)
2025-05-11 17:29:09 [INFO] 图像质量: 模糊 拉普拉斯变异度低 (0.08 < 100) | Sobel梯度均值低 (0.17 < 20) | 边缘检测点少 (0.00% < 1.0%) | 高频能量正常 (99.55)
2025-05-11 17:29:09 [WARNING] 图像模糊，尝试重新获取 (第2次尝试)
2025-05-11 17:29:09 [INFO] 正在获取图像，尝试 3/30 (已耗时: 7.8秒)
2025-05-11 17:29:12 [INFO] 图像质量: 模糊 拉普拉斯变异度低 (0.07 < 100) | Sobel梯度均值低 (0.16 < 20) | 边缘检测点少 (0.00% < 1.0%) | 高频能量正常 (97.98)
2025-05-11 17:29:12 [WARNING] 图像模糊，尝试重新获取 (第3次尝试)
2025-05-11 17:29:13 [INFO] 正在获取图像，尝试 4/30 (已耗时: 11.6秒)
2025-05-11 17:29:16 [INFO] 图像质量: 模糊 拉普拉斯变异度低 (0.30 < 100) | Sobel梯度均值低 (0.40 < 20) | 边缘检测点少 (0.00% < 1.0%) | 高频能量正常 (115.02)
2025-05-11 17:29:16 [WARNING] 图像模糊，尝试重新获取 (第4次尝试)
2025-05-11 17:29:17 [INFO] 正在获取图像，尝试 5/30 (已耗时: 15.5秒)
2025-05-11 17:29:20 [INFO] 图像质量: 模糊 拉普拉斯变异度低 (0.37 < 100) | Sobel梯度均值低 (0.42 < 20) | 边缘检测点少 (0.00% < 1.0%) | 高频能量正常 (116.96)
2025-05-11 17:29:20 [WARNING] 图像模糊，尝试重新获取 (第5次尝试)
2025-05-11 17:29:21 [INFO] 正在获取图像，尝试 6/30 (已耗时: 19.5秒)
2025-05-11 17:29:24 [INFO] 图像质量: 模糊 拉普拉斯变异度低 (0.09 < 100) | Sobel梯度均值低 (0.17 < 20) | 边缘检测点少 (0.00% < 1.0%) | 高频能量正常 (102.29)
2025-05-11 17:29:24 [WARNING] 图像模糊，尝试重新获取 (第6次尝试)
2025-05-11 17:29:25 [INFO] 正在获取图像，尝试 7/30 (已耗时: 23.4秒)
2025-05-11 17:29:28 [INFO] 图像质量: 模糊 拉普拉斯变异度低 (0.11 < 100) | Sobel梯度均值低 (0.22 < 20) | 边缘检测点少 (0.00% < 1.0%) | 高频能量正常 (103.72)
2025-05-11 17:29:28 [WARNING] 图像模糊，尝试重新获取 (第7次尝试)
2025-05-11 17:29:29 [INFO] 正在获取图像，尝试 8/30 (已耗时: 27.3秒)
2025-05-11 17:29:32 [INFO] 图像质量: 模糊 拉普拉斯变异度低 (0.13 < 100) | Sobel梯度均值低 (0.20 < 20) | 边缘检测点少 (0.00% < 1.0%) | 高频能量正常 (105.80)
2025-05-11 17:29:32 [WARNING] 图像模糊，尝试重新获取 (第8次尝试)
2025-05-11 17:29:33 [ERROR] 获取清晰图像超时 (30秒)
2025-05-11 17:29:33 [WARNING] 返回超时前的最后一帧图像
2025-05-11 17:29:36 [INFO] 正在获取图像，尝试 1/30 (已耗时: 0.0秒)
2025-05-11 17:29:39 [INFO] 图像质量: 模糊 拉普拉斯变异度低 (0.11 < 100) | Sobel梯度均值低 (0.20 < 20) | 边缘检测点少 (0.00% < 1.0%) | 高频能量正常 (103.22)
2025-05-11 17:29:39 [WARNING] 图像模糊，尝试重新获取 (第1次尝试)
2025-05-11 17:29:40 [INFO] 正在获取图像，尝试 2/30 (已耗时: 4.0秒)
2025-05-11 17:29:43 [INFO] 图像质量: 模糊 拉普拉斯变异度低 (0.10 < 100) | Sobel梯度均值低 (0.21 < 20) | 边缘检测点少 (0.00% < 1.0%) | 高频能量正常 (102.41)
2025-05-11 17:29:43 [WARNING] 图像模糊，尝试重新获取 (第2次尝试)
2025-05-11 17:29:44 [INFO] 正在获取图像，尝试 3/30 (已耗时: 8.0秒)
2025-05-11 17:29:47 [INFO] 图像质量: 模糊 拉普拉斯变异度低 (0.07 < 100) | Sobel梯度均值低 (0.17 < 20) | 边缘检测点少 (0.00% < 1.0%) | 高频能量正常 (99.66)
2025-05-11 17:29:47 [WARNING] 图像模糊，尝试重新获取 (第3次尝试)
2025-05-11 17:29:48 [INFO] 正在获取图像，尝试 4/30 (已耗时: 11.8秒)
2025-05-11 17:29:51 [INFO] 图像质量: 模糊 拉普拉斯变异度低 (1.05 < 100) | Sobel梯度均值低 (0.25 < 20) | 边缘检测点少 (0.00% < 1.0%) | 高频能量正常 (127.42)
2025-05-11 17:29:51 [WARNING] 图像模糊，尝试重新获取 (第4次尝试)
2025-05-11 17:29:52 [INFO] 正在获取图像，尝试 5/30 (已耗时: 15.8秒)
2025-05-11 17:29:55 [INFO] 图像质量: 模糊 拉普拉斯变异度低 (1.40 < 100) | Sobel梯度均值低 (0.26 < 20) | 边缘检测点少 (0.00% < 1.0%) | 高频能量正常 (129.25)
2025-05-11 17:29:55 [WARNING] 图像模糊，尝试重新获取 (第5次尝试)
2025-05-11 17:29:55 [INFO] 正在获取图像，尝试 6/30 (已耗时: 19.7秒)
2025-05-11 17:29:59 [INFO] 图像质量: 模糊 拉普拉斯变异度低 (0.11 < 100) | Sobel梯度均值低 (0.23 < 20) | 边缘检测点少 (0.00% < 1.0%) | 高频能量正常 (103.67)
2025-05-11 17:29:59 [WARNING] 图像模糊，尝试重新获取 (第6次尝试)
2025-05-11 17:29:59 [INFO] 正在获取图像，尝试 7/30 (已耗时: 23.7秒)
2025-05-11 17:30:03 [INFO] 图像质量: 模糊 拉普拉斯变异度低 (1.11 < 100) | Sobel梯度均值低 (0.26 < 20) | 边缘检测点少 (0.00% < 1.0%) | 高频能量正常 (125.66)
2025-05-11 17:30:03 [WARNING] 图像模糊，尝试重新获取 (第7次尝试)
2025-05-11 17:30:03 [INFO] 正在获取图像，尝试 8/30 (已耗时: 27.7秒)
2025-05-11 17:30:07 [INFO] 图像质量: 模糊 拉普拉斯变异度低 (0.08 < 100) | Sobel梯度均值低 (0.17 < 20) | 边缘检测点少 (0.00% < 1.0%) | 高频能量正常 (99.34)
2025-05-11 17:30:07 [WARNING] 图像模糊，尝试重新获取 (第8次尝试)
2025-05-11 17:30:07 [ERROR] 获取清晰图像超时 (30秒)
2025-05-11 17:30:07 [WARNING] 返回超时前的最后一帧图像
2025-05-11 17:30:10 [INFO] 正在获取图像，尝试 1/30 (已耗时: 0.0秒)
2025-05-11 17:30:14 [INFO] 图像质量: 模糊 拉普拉斯变异度低 (0.12 < 100) | Sobel梯度均值低 (0.23 < 20) | 边缘检测点少 (0.00% < 1.0%) | 高频能量正常 (103.86)
2025-05-11 17:30:14 [WARNING] 图像模糊，尝试重新获取 (第1次尝试)
2025-05-11 17:30:14 [INFO] 正在获取图像，尝试 2/30 (已耗时: 3.8秒)
2025-05-11 17:30:18 [INFO] 图像质量: 模糊 拉普拉斯变异度低 (0.12 < 100) | Sobel梯度均值低 (0.26 < 20) | 边缘检测点少 (0.00% < 1.0%) | 高频能量正常 (105.80)
2025-05-11 17:30:18 [WARNING] 图像模糊，尝试重新获取 (第2次尝试)
2025-05-11 17:30:18 [INFO] 正在获取图像，尝试 3/30 (已耗时: 7.7秒)
2025-05-11 17:30:21 [INFO] 图像质量: 模糊 拉普拉斯变异度低 (0.12 < 100) | Sobel梯度均值低 (0.25 < 20) | 边缘检测点少 (0.00% < 1.0%) | 高频能量正常 (105.54)
2025-05-11 17:30:21 [WARNING] 图像模糊，尝试重新获取 (第3次尝试)
2025-05-11 17:30:22 [INFO] 正在获取图像，尝试 4/30 (已耗时: 11.6秒)
2025-05-11 17:30:25 [INFO] 图像质量: 模糊 拉普拉斯变异度低 (0.23 < 100) | Sobel梯度均值低 (0.24 < 20) | 边缘检测点少 (0.00% < 1.0%) | 高频能量正常 (113.32)
2025-05-11 17:30:25 [WARNING] 图像模糊，尝试重新获取 (第4次尝试)
2025-05-11 17:30:26 [INFO] 正在获取图像，尝试 5/30 (已耗时: 15.5秒)
2025-05-11 17:30:29 [INFO] 图像质量: 清晰 拉普拉斯变异度正常 (246.57) | Sobel梯度均值正常 (26.98) | 边缘检测点正常 (2.09%) | 高频能量正常 (176.96)
2025-05-11 17:30:29 [INFO] 图像清晰度良好，可以进行检测
2025-05-11 17:31:01 [INFO] 正在获取图像，尝试 1/10 (已耗时: 0.0秒)
2025-05-11 17:31:05 [INFO] 图像质量: 模糊 拉普拉斯变异度低 (0.19 < 100) | Sobel梯度均值低 (0.25 < 20) | 边缘检测点少 (0.00% < 1.0%) | 高频能量正常 (109.03)
2025-05-11 17:31:05 [WARNING] 图像模糊，尝试重新获取 (第1次尝试)
2025-05-11 17:31:07 [INFO] 正在获取图像，尝试 2/10 (已耗时: 5.4秒)
2025-05-11 17:31:10 [INFO] 图像质量: 模糊 拉普拉斯变异度低 (0.09 < 100) | Sobel梯度均值低 (0.18 < 20) | 边缘检测点少 (0.00% < 1.0%) | 高频能量正常 (101.82)
2025-05-11 17:31:10 [WARNING] 图像模糊，尝试重新获取 (第2次尝试)
2025-05-11 17:31:12 [INFO] 正在获取图像，尝试 3/10 (已耗时: 10.9秒)
2025-05-11 17:31:16 [INFO] 图像质量: 模糊 拉普拉斯变异度低 (0.10 < 100) | Sobel梯度均值低 (0.22 < 20) | 边缘检测点少 (0.00% < 1.0%) | 高频能量正常 (103.34)
2025-05-11 17:31:16 [WARNING] 图像模糊，尝试重新获取 (第3次尝试)
2025-05-11 17:31:18 [INFO] 正在获取图像，尝试 4/10 (已耗时: 16.4秒)
2025-05-11 17:31:21 [INFO] 图像质量: 模糊 拉普拉斯变异度低 (0.09 < 100) | Sobel梯度均值低 (0.21 < 20) | 边缘检测点少 (0.00% < 1.0%) | 高频能量正常 (102.08)
2025-05-11 17:31:21 [WARNING] 图像模糊，尝试重新获取 (第4次尝试)
2025-05-11 17:31:23 [INFO] 正在获取图像，尝试 5/10 (已耗时: 21.8秒)
2025-05-11 17:31:27 [INFO] 图像质量: 模糊 拉普拉斯变异度低 (0.08 < 100) | Sobel梯度均值低 (0.17 < 20) | 边缘检测点少 (0.00% < 1.0%) | 高频能量正常 (100.63)
2025-05-11 17:31:27 [WARNING] 图像模糊，尝试重新获取 (第5次尝试)
2025-05-11 17:31:29 [INFO] 正在获取图像，尝试 6/10 (已耗时: 27.2秒)
2025-05-11 17:31:32 [INFO] 图像质量: 模糊 拉普拉斯变异度低 (0.08 < 100) | Sobel梯度均值低 (0.17 < 20) | 边缘检测点少 (0.00% < 1.0%) | 高频能量正常 (99.95)
2025-05-11 17:31:32 [WARNING] 图像模糊，尝试重新获取 (第6次尝试)
2025-05-11 17:31:34 [INFO] 正在获取图像，尝试 7/10 (已耗时: 32.6秒)
2025-05-11 17:31:37 [INFO] 图像质量: 模糊 拉普拉斯变异度低 (0.23 < 100) | Sobel梯度均值低 (0.23 < 20) | 边缘检测点少 (0.00% < 1.0%) | 高频能量正常 (113.41)
2025-05-11 17:31:37 [WARNING] 图像模糊，尝试重新获取 (第7次尝试)
2025-05-11 17:31:39 [INFO] 正在获取图像，尝试 8/10 (已耗时: 38.0秒)
2025-05-11 17:31:43 [INFO] 图像质量: 模糊 拉普拉斯变异度低 (0.09 < 100) | Sobel梯度均值低 (0.21 < 20) | 边缘检测点少 (0.00% < 1.0%) | 高频能量正常 (101.65)
2025-05-11 17:31:43 [WARNING] 图像模糊，尝试重新获取 (第8次尝试)
2025-05-11 17:31:45 [ERROR] 获取清晰图像超时 (40.0秒)
2025-05-11 17:31:45 [WARNING] 返回超时前的最后一帧图像
2025-05-11 17:32:05 [INFO] 正在获取图像，尝试 1/30 (已耗时: 0.0秒)
2025-05-11 17:32:09 [INFO] 图像质量: 模糊 拉普拉斯变异度低 (0.07 < 100) | Sobel梯度均值低 (0.16 < 20) | 边缘检测点少 (0.00% < 1.0%) | 高频能量正常 (98.76)
2025-05-11 17:32:09 [WARNING] 图像模糊，尝试重新获取 (第1次尝试)
2025-05-11 17:32:09 [INFO] 正在获取图像，尝试 2/30 (已耗时: 3.9秒)
2025-05-11 17:32:13 [INFO] 图像质量: 模糊 拉普拉斯变异度低 (0.07 < 100) | Sobel梯度均值低 (0.16 < 20) | 边缘检测点少 (0.00% < 1.0%) | 高频能量正常 (99.03)
2025-05-11 17:32:13 [WARNING] 图像模糊，尝试重新获取 (第2次尝试)
2025-05-11 17:32:13 [INFO] 正在获取图像，尝试 3/30 (已耗时: 7.9秒)
2025-05-11 17:32:17 [INFO] 图像质量: 模糊 拉普拉斯变异度低 (0.11 < 100) | Sobel梯度均值低 (0.21 < 20) | 边缘检测点少 (0.00% < 1.0%) | 高频能量正常 (103.71)
2025-05-11 17:32:17 [WARNING] 图像模糊，尝试重新获取 (第3次尝试)
2025-05-11 17:32:17 [INFO] 正在获取图像，尝试 4/30 (已耗时: 11.8秒)
2025-05-11 17:32:21 [INFO] 图像质量: 模糊 拉普拉斯变异度低 (0.09 < 100) | Sobel梯度均值低 (0.20 < 20) | 边缘检测点少 (0.00% < 1.0%) | 高频能量正常 (101.02)
2025-05-11 17:32:21 [WARNING] 图像模糊，尝试重新获取 (第4次尝试)
2025-05-11 17:32:21 [INFO] 正在获取图像，尝试 5/30 (已耗时: 15.8秒)
2025-05-11 17:32:25 [INFO] 图像质量: 模糊 拉普拉斯变异度低 (0.07 < 100) | Sobel梯度均值低 (0.16 < 20) | 边缘检测点少 (0.00% < 1.0%) | 高频能量正常 (98.56)
2025-05-11 17:32:25 [WARNING] 图像模糊，尝试重新获取 (第5次尝试)
2025-05-11 17:32:25 [INFO] 正在获取图像，尝试 6/30 (已耗时: 19.6秒)
2025-05-11 17:32:28 [INFO] 图像质量: 模糊 拉普拉斯变异度低 (0.07 < 100) | Sobel梯度均值低 (0.16 < 20) | 边缘检测点少 (0.00% < 1.0%) | 高频能量正常 (97.80)
2025-05-11 17:32:28 [WARNING] 图像模糊，尝试重新获取 (第6次尝试)
2025-05-11 17:32:29 [INFO] 正在获取图像，尝试 7/30 (已耗时: 23.5秒)
2025-05-11 17:32:32 [INFO] 图像质量: 模糊 拉普拉斯变异度低 (0.40 < 100) | Sobel梯度均值低 (0.40 < 20) | 边缘检测点少 (0.00% < 1.0%) | 高频能量正常 (117.51)
2025-05-11 17:32:32 [WARNING] 图像模糊，尝试重新获取 (第7次尝试)
2025-05-11 17:32:33 [INFO] 正在获取图像，尝试 8/30 (已耗时: 27.4秒)
2025-05-11 17:32:36 [INFO] 图像质量: 模糊 拉普拉斯变异度低 (0.38 < 100) | Sobel梯度均值低 (0.41 < 20) | 边缘检测点少 (0.00% < 1.0%) | 高频能量正常 (117.31)
2025-05-11 17:32:36 [WARNING] 图像模糊，尝试重新获取 (第8次尝试)
2025-05-11 17:32:37 [ERROR] 获取清晰图像超时 (30秒)
2025-05-11 17:32:37 [WARNING] 返回超时前的最后一帧图像
2025-05-11 17:32:40 [INFO] 正在获取图像，尝试 1/30 (已耗时: 0.0秒)
2025-05-11 17:32:43 [INFO] 图像质量: 清晰 拉普拉斯变异度正常 (246.65) | Sobel梯度均值正常 (27.01) | 边缘检测点正常 (2.07%) | 高频能量正常 (176.94)
2025-05-11 17:32:43 [INFO] 图像清晰度良好，可以进行检测
