2025-05-11 17:56:05 [INFO] 正在获取图像，尝试 1/10 (已耗时: 0.0秒)
2025-05-11 17:56:09 [INFO] 图像质量: 模糊 拉普拉斯变异度低 (0.09 < 100) | Sobel梯度均值低 (0.20 < 20) | 边缘检测点少 (0.00% < 1.0%) | 高频能量正常 (101.18)
2025-05-11 17:56:09 [WARNING] 图像模糊，尝试重新获取 (第1次尝试)
2025-05-11 17:56:11 [INFO] 正在获取图像，尝试 2/10 (已耗时: 5.6秒)
2025-05-11 17:56:14 [INFO] 图像质量: 模糊 拉普拉斯变异度低 (0.35 < 100) | Sobel梯度均值低 (0.41 < 20) | 边缘检测点少 (0.00% < 1.0%) | 高频能量正常 (116.23)
2025-05-11 17:56:14 [WARNING] 图像模糊，尝试重新获取 (第2次尝试)
2025-05-11 17:56:16 [INFO] 正在获取图像，尝试 3/10 (已耗时: 11.1秒)
2025-05-11 17:56:20 [INFO] 图像质量: 模糊 拉普拉斯变异度低 (0.12 < 100) | Sobel梯度均值低 (0.22 < 20) | 边缘检测点少 (0.00% < 1.0%) | 高频能量正常 (104.73)
2025-05-11 17:56:20 [WARNING] 图像模糊，尝试重新获取 (第3次尝试)
2025-05-11 17:56:22 [INFO] 正在获取图像，尝试 4/10 (已耗时: 16.4秒)
2025-05-11 17:56:25 [INFO] 图像质量: 模糊 拉普拉斯变异度低 (0.09 < 100) | Sobel梯度均值低 (0.20 < 20) | 边缘检测点少 (0.00% < 1.0%) | 高频能量正常 (102.25)
2025-05-11 17:56:25 [WARNING] 图像模糊，尝试重新获取 (第4次尝试)
2025-05-11 17:56:27 [INFO] 正在获取图像，尝试 5/10 (已耗时: 21.9秒)
2025-05-11 17:56:31 [INFO] 图像质量: 模糊 拉普拉斯变异度低 (0.07 < 100) | Sobel梯度均值低 (0.16 < 20) | 边缘检测点少 (0.00% < 1.0%) | 高频能量正常 (97.95)
2025-05-11 17:56:31 [WARNING] 图像模糊，尝试重新获取 (第5次尝试)
2025-05-11 17:56:33 [INFO] 正在获取图像，尝试 6/10 (已耗时: 27.4秒)
2025-05-11 17:56:36 [INFO] 图像质量: 模糊 拉普拉斯变异度低 (0.11 < 100) | Sobel梯度均值低 (0.23 < 20) | 边缘检测点少 (0.00% < 1.0%) | 高频能量正常 (103.93)
2025-05-11 17:56:36 [WARNING] 图像模糊，尝试重新获取 (第6次尝试)
2025-05-11 17:56:38 [INFO] 正在获取图像，尝试 7/10 (已耗时: 32.6秒)
2025-05-11 17:56:41 [INFO] 图像质量: 清晰 拉普拉斯变异度正常 (250.44) | Sobel梯度均值正常 (27.08) | 边缘检测点正常 (2.08%) | 高频能量正常 (177.26)
2025-05-11 17:56:41 [INFO] 图像清晰度良好，可以进行检测
2025-05-11 17:56:41 [INFO] 正在获取图像，尝试 1/10 (已耗时: 0.0秒)
2025-05-11 17:56:45 [INFO] 图像质量: 模糊 拉普拉斯变异度低 (0.07 < 100) | Sobel梯度均值低 (0.16 < 20) | 边缘检测点少 (0.00% < 1.0%) | 高频能量正常 (100.17)
2025-05-11 17:56:45 [WARNING] 图像模糊，尝试重新获取 (第1次尝试)
2025-05-11 17:56:47 [INFO] 正在获取图像，尝试 2/10 (已耗时: 5.5秒)
2025-05-11 17:56:50 [INFO] 图像质量: 模糊 拉普拉斯变异度低 (0.08 < 100) | Sobel梯度均值低 (0.17 < 20) | 边缘检测点少 (0.00% < 1.0%) | 高频能量正常 (100.81)
2025-05-11 17:56:50 [WARNING] 图像模糊，尝试重新获取 (第2次尝试)
2025-05-11 17:56:52 [INFO] 正在获取图像，尝试 3/10 (已耗时: 10.8秒)
2025-05-11 17:56:56 [INFO] 图像质量: 模糊 拉普拉斯变异度低 (0.08 < 100) | Sobel梯度均值低 (0.18 < 20) | 边缘检测点少 (0.00% < 1.0%) | 高频能量正常 (101.70)
2025-05-11 17:56:56 [WARNING] 图像模糊，尝试重新获取 (第3次尝试)
2025-05-11 17:56:58 [INFO] 正在获取图像，尝试 4/10 (已耗时: 16.2秒)
2025-05-11 17:57:01 [INFO] 图像质量: 模糊 拉普拉斯变异度低 (0.10 < 100) | Sobel梯度均值低 (0.22 < 20) | 边缘检测点少 (0.00% < 1.0%) | 高频能量正常 (102.98)
2025-05-11 17:57:01 [WARNING] 图像模糊，尝试重新获取 (第4次尝试)
2025-05-11 17:57:03 [INFO] 正在获取图像，尝试 5/10 (已耗时: 21.6秒)
2025-05-11 17:57:06 [INFO] 图像质量: 模糊 拉普拉斯变异度低 (0.34 < 100) | Sobel梯度均值低 (0.41 < 20) | 边缘检测点少 (0.00% < 1.0%) | 高频能量正常 (116.19)
2025-05-11 17:57:06 [WARNING] 图像模糊，尝试重新获取 (第5次尝试)
2025-05-11 17:57:08 [INFO] 正在获取图像，尝试 6/10 (已耗时: 27.0秒)
2025-05-11 17:57:12 [INFO] 图像质量: 模糊 拉普拉斯变异度低 (0.11 < 100) | Sobel梯度均值低 (0.23 < 20) | 边缘检测点少 (0.00% < 1.0%) | 高频能量正常 (103.73)
2025-05-11 17:57:12 [WARNING] 图像模糊，尝试重新获取 (第6次尝试)
2025-05-11 17:57:14 [INFO] 正在获取图像，尝试 7/10 (已耗时: 32.3秒)
2025-05-11 17:57:17 [INFO] 图像质量: 模糊 拉普拉斯变异度低 (0.07 < 100) | Sobel梯度均值低 (0.17 < 20) | 边缘检测点少 (0.00% < 1.0%) | 高频能量正常 (99.02)
2025-05-11 17:57:17 [WARNING] 图像模糊，尝试重新获取 (第7次尝试)
2025-05-11 17:57:19 [INFO] 正在获取图像，尝试 8/10 (已耗时: 37.8秒)
