2025-05-09 09:09:28 [INFO] 正在获取图像，尝试 1/30 (已耗时: 0.0秒)
2025-05-09 09:09:32 [INFO] 图像质量: 模糊 拉普拉斯变异度低 (0.20 < 100) | Sobel梯度均值低 (0.23 < 20) | 边缘检测点少 (0.00% < 1.0%) | 高频能量正常 (110.73)
2025-05-09 09:09:32 [WARNING] 图像模糊，尝试重新获取 (第1次尝试)
2025-05-09 09:09:32 [INFO] 正在获取图像，尝试 2/30 (已耗时: 4.0秒)
2025-05-09 09:09:36 [INFO] 图像质量: 模糊 拉普拉斯变异度低 (0.29 < 100) | Sobel梯度均值低 (0.26 < 20) | 边缘检测点少 (0.00% < 1.0%) | 高频能量正常 (114.49)
2025-05-09 09:09:36 [WARNING] 图像模糊，尝试重新获取 (第2次尝试)
2025-05-09 09:09:36 [INFO] 正在获取图像，尝试 3/30 (已耗时: 8.0秒)
2025-05-09 09:09:40 [INFO] 图像质量: 模糊 拉普拉斯变异度低 (0.07 < 100) | Sobel梯度均值低 (0.14 < 20) | 边缘检测点少 (0.00% < 1.0%) | 高频能量正常 (98.83)
2025-05-09 09:09:40 [WARNING] 图像模糊，尝试重新获取 (第3次尝试)
2025-05-09 09:09:40 [INFO] 正在获取图像，尝试 4/30 (已耗时: 11.9秒)
2025-05-09 09:09:44 [INFO] 图像质量: 模糊 拉普拉斯变异度低 (0.06 < 100) | Sobel梯度均值低 (0.13 < 20) | 边缘检测点少 (0.00% < 1.0%) | 高频能量正常 (97.28)
2025-05-09 09:09:44 [WARNING] 图像模糊，尝试重新获取 (第4次尝试)
2025-05-09 09:09:44 [INFO] 正在获取图像，尝试 5/30 (已耗时: 15.9秒)
2025-05-09 09:09:48 [INFO] 图像质量: 模糊 拉普拉斯变异度低 (0.07 < 100) | Sobel梯度均值低 (0.14 < 20) | 边缘检测点少 (0.00% < 1.0%) | 高频能量正常 (99.89)
2025-05-09 09:09:48 [WARNING] 图像模糊，尝试重新获取 (第5次尝试)
2025-05-09 09:09:48 [INFO] 正在获取图像，尝试 6/30 (已耗时: 19.8秒)
2025-05-09 09:09:52 [INFO] 图像质量: 模糊 拉普拉斯变异度低 (0.06 < 100) | Sobel梯度均值低 (0.13 < 20) | 边缘检测点少 (0.00% < 1.0%) | 高频能量正常 (98.56)
2025-05-09 09:09:52 [WARNING] 图像模糊，尝试重新获取 (第6次尝试)
2025-05-09 09:09:52 [INFO] 正在获取图像，尝试 7/30 (已耗时: 23.8秒)
2025-05-09 09:09:56 [INFO] 图像质量: 模糊 拉普拉斯变异度低 (0.05 < 100) | Sobel梯度均值低 (0.10 < 20) | 边缘检测点少 (0.00% < 1.0%) | 高频能量正常 (94.45)
2025-05-09 09:09:56 [WARNING] 图像模糊，尝试重新获取 (第7次尝试)
2025-05-09 09:09:56 [INFO] 正在获取图像，尝试 8/30 (已耗时: 27.7秒)
2025-05-09 09:10:00 [INFO] 图像质量: 模糊 拉普拉斯变异度低 (0.07 < 100) | Sobel梯度均值低 (0.14 < 20) | 边缘检测点少 (0.00% < 1.0%) | 高频能量正常 (97.95)
2025-05-09 09:10:00 [WARNING] 图像模糊，尝试重新获取 (第8次尝试)
2025-05-09 09:10:00 [ERROR] 获取清晰图像超时 (30秒)
2025-05-09 09:10:00 [WARNING] 返回超时前的最后一帧图像
2025-05-09 09:10:01 [INFO] 正在获取图像，尝试 1/30 (已耗时: 0.0秒)
2025-05-09 09:10:04 [INFO] 图像质量: 模糊 拉普拉斯变异度低 (0.05 < 100) | Sobel梯度均值低 (0.13 < 20) | 边缘检测点少 (0.00% < 1.0%) | 高频能量正常 (96.57)
2025-05-09 09:10:04 [WARNING] 图像模糊，尝试重新获取 (第1次尝试)
2025-05-09 09:10:05 [INFO] 正在获取图像，尝试 2/30 (已耗时: 4.0秒)
2025-05-09 09:10:08 [INFO] 图像质量: 模糊 拉普拉斯变异度低 (0.67 < 100) | Sobel梯度均值低 (0.14 < 20) | 边缘检测点少 (0.00% < 1.0%) | 高频能量正常 (122.39)
2025-05-09 09:10:08 [WARNING] 图像模糊，尝试重新获取 (第2次尝试)
2025-05-09 09:10:09 [INFO] 正在获取图像，尝试 3/30 (已耗时: 8.0秒)
2025-05-09 09:10:12 [INFO] 图像质量: 模糊 拉普拉斯变异度低 (0.05 < 100) | Sobel梯度均值低 (0.13 < 20) | 边缘检测点少 (0.00% < 1.0%) | 高频能量正常 (96.69)
2025-05-09 09:10:12 [WARNING] 图像模糊，尝试重新获取 (第3次尝试)
2025-05-09 09:10:13 [INFO] 正在获取图像，尝试 4/30 (已耗时: 12.0秒)
2025-05-09 09:10:16 [INFO] 图像质量: 模糊 拉普拉斯变异度低 (0.05 < 100) | Sobel梯度均值低 (0.12 < 20) | 边缘检测点少 (0.00% < 1.0%) | 高频能量正常 (95.81)
2025-05-09 09:10:16 [WARNING] 图像模糊，尝试重新获取 (第4次尝试)
2025-05-09 09:10:17 [INFO] 正在获取图像，尝试 5/30 (已耗时: 16.0秒)
2025-05-09 09:10:20 [INFO] 图像质量: 模糊 拉普拉斯变异度低 (0.05 < 100) | Sobel梯度均值低 (0.12 < 20) | 边缘检测点少 (0.00% < 1.0%) | 高频能量正常 (96.17)
2025-05-09 09:10:20 [WARNING] 图像模糊，尝试重新获取 (第5次尝试)
2025-05-09 09:10:21 [INFO] 正在获取图像，尝试 6/30 (已耗时: 20.0秒)
2025-05-09 09:10:24 [INFO] 图像质量: 模糊 拉普拉斯变异度低 (0.56 < 100) | Sobel梯度均值低 (0.15 < 20) | 边缘检测点少 (0.00% < 1.0%) | 高频能量正常 (122.77)
2025-05-09 09:10:24 [WARNING] 图像模糊，尝试重新获取 (第6次尝试)
2025-05-09 09:10:25 [INFO] 正在获取图像，尝试 7/30 (已耗时: 24.1秒)
2025-05-09 09:10:28 [INFO] 图像质量: 模糊 拉普拉斯变异度低 (0.05 < 100) | Sobel梯度均值低 (0.11 < 20) | 边缘检测点少 (0.00% < 1.0%) | 高频能量正常 (95.21)
2025-05-09 09:10:28 [WARNING] 图像模糊，尝试重新获取 (第7次尝试)
2025-05-09 09:10:29 [INFO] 正在获取图像，尝试 8/30 (已耗时: 28.1秒)
2025-05-09 09:10:32 [INFO] 图像质量: 模糊 拉普拉斯变异度低 (0.04 < 100) | Sobel梯度均值低 (0.10 < 20) | 边缘检测点少 (0.00% < 1.0%) | 高频能量正常 (91.38)
2025-05-09 09:10:32 [WARNING] 图像模糊，尝试重新获取 (第8次尝试)
2025-05-09 09:10:33 [ERROR] 获取清晰图像超时 (30秒)
2025-05-09 09:10:33 [WARNING] 返回超时前的最后一帧图像
2025-05-09 09:10:33 [INFO] 正在获取图像，尝试 1/30 (已耗时: 0.0秒)
2025-05-09 09:10:37 [INFO] 图像质量: 模糊 拉普拉斯变异度低 (0.05 < 100) | Sobel梯度均值低 (0.11 < 20) | 边缘检测点少 (0.00% < 1.0%) | 高频能量正常 (95.06)
2025-05-09 09:10:37 [WARNING] 图像模糊，尝试重新获取 (第1次尝试)
2025-05-09 09:10:37 [INFO] 正在获取图像，尝试 2/30 (已耗时: 4.0秒)
2025-05-09 09:10:41 [INFO] 图像质量: 模糊 拉普拉斯变异度低 (0.03 < 100) | Sobel梯度均值低 (0.07 < 20) | 边缘检测点少 (0.00% < 1.0%) | 高频能量正常 (89.95)
2025-05-09 09:10:41 [WARNING] 图像模糊，尝试重新获取 (第2次尝试)
2025-05-09 09:10:41 [INFO] 正在获取图像，尝试 3/30 (已耗时: 8.1秒)
2025-05-09 09:10:45 [INFO] 图像质量: 模糊 拉普拉斯变异度低 (0.06 < 100) | Sobel梯度均值低 (0.12 < 20) | 边缘检测点少 (0.00% < 1.0%) | 高频能量正常 (98.22)
2025-05-09 09:10:45 [WARNING] 图像模糊，尝试重新获取 (第3次尝试)
2025-05-09 09:10:45 [INFO] 正在获取图像，尝试 4/30 (已耗时: 12.1秒)
2025-05-09 09:10:49 [INFO] 图像质量: 模糊 拉普拉斯变异度低 (0.06 < 100) | Sobel梯度均值低 (0.13 < 20) | 边缘检测点少 (0.00% < 1.0%) | 高频能量正常 (97.03)
2025-05-09 09:10:49 [WARNING] 图像模糊，尝试重新获取 (第4次尝试)
2025-05-09 09:10:49 [INFO] 正在获取图像，尝试 5/30 (已耗时: 16.1秒)
2025-05-09 09:10:53 [INFO] 图像质量: 模糊 拉普拉斯变异度低 (0.05 < 100) | Sobel梯度均值低 (0.12 < 20) | 边缘检测点少 (0.00% < 1.0%) | 高频能量正常 (96.07)
2025-05-09 09:10:53 [WARNING] 图像模糊，尝试重新获取 (第5次尝试)
2025-05-09 09:10:53 [INFO] 正在获取图像，尝试 6/30 (已耗时: 20.2秒)
2025-05-09 09:10:57 [INFO] 图像质量: 清晰 拉普拉斯变异度正常 (258.66) | Sobel梯度均值正常 (27.49) | 边缘检测点正常 (2.42%) | 高频能量正常 (177.52)
2025-05-09 09:10:57 [INFO] 图像清晰度良好，可以进行检测
