2025-05-07 10:36:35 [INFO] 正在获取图像，尝试 1/10 (已耗时: 0.0秒)
2025-05-07 10:36:38 [INFO] 图像质量: 清晰 拉普拉斯变异度正常 (152.99) | Sobel梯度均值正常 (21.96) | 边缘检测点正常 (1.54%) | 高频能量正常 (172.12)
2025-05-07 10:36:38 [INFO] 图像清晰度良好，可以进行检测
2025-05-07 10:36:43 [INFO] 正在获取图像，尝试 1/10 (已耗时: 0.0秒)
2025-05-07 10:36:47 [INFO] 图像质量: 模糊 拉普拉斯变异度低 (0.07 < 100) | Sobel梯度均值低 (0.10 < 20) | 边缘检测点少 (0.00% < 1.0%) | 高频能量正常 (95.57)
2025-05-07 10:36:47 [WARNING] 图像模糊，尝试重新获取 (第1次尝试)
2025-05-07 10:36:47 [INFO] 正在获取图像，尝试 2/10 (已耗时: 3.9秒)
2025-05-07 10:36:51 [INFO] 图像质量: 模糊 拉普拉斯变异度低 (0.05 < 100) | Sobel梯度均值低 (0.10 < 20) | 边缘检测点少 (0.00% < 1.0%) | 高频能量正常 (95.88)
2025-05-07 10:36:51 [WARNING] 图像模糊，尝试重新获取 (第2次尝试)
2025-05-07 10:36:51 [ERROR] 获取清晰图像超时 (5秒)
2025-05-07 10:36:51 [WARNING] 返回超时前的最后一帧图像
2025-05-07 10:36:53 [INFO] 正在获取图像，尝试 1/10 (已耗时: 0.0秒)
2025-05-07 10:36:56 [INFO] 图像质量: 清晰 拉普拉斯变异度正常 (152.74) | Sobel梯度均值正常 (21.98) | 边缘检测点正常 (1.54%) | 高频能量正常 (172.05)
2025-05-07 10:36:56 [INFO] 图像清晰度良好，可以进行检测
2025-05-07 10:36:59 [INFO] 正在获取图像，尝试 1/10 (已耗时: 0.0秒)
2025-05-07 10:37:02 [INFO] 图像质量: 模糊 拉普拉斯变异度低 (0.13 < 100) | Sobel梯度均值低 (0.08 < 20) | 边缘检测点少 (0.00% < 1.0%) | 高频能量正常 (105.55)
2025-05-07 10:37:02 [WARNING] 图像模糊，尝试重新获取 (第1次尝试)
2025-05-07 10:37:03 [INFO] 正在获取图像，尝试 2/10 (已耗时: 3.9秒)
2025-05-07 10:37:06 [INFO] 图像质量: 模糊 拉普拉斯变异度低 (3.95 < 100) | Sobel梯度均值低 (1.57 < 20) | 边缘检测点少 (0.06% < 1.0%) | 高频能量正常 (139.18)
2025-05-07 10:37:06 [WARNING] 图像模糊，尝试重新获取 (第2次尝试)
2025-05-07 10:37:06 [ERROR] 获取清晰图像超时 (5秒)
2025-05-07 10:37:06 [WARNING] 返回超时前的最后一帧图像
2025-05-07 10:37:08 [INFO] 正在获取图像，尝试 1/10 (已耗时: 0.0秒)
2025-05-07 10:37:12 [INFO] 图像质量: 模糊 拉普拉斯变异度低 (98.86 < 100) | Sobel梯度均值低 (17.13 < 20) | 边缘检测点少 (0.97% < 1.0%) | 高频能量正常 (166.64)
2025-05-07 10:37:12 [WARNING] 图像模糊，尝试重新获取 (第1次尝试)
2025-05-07 10:37:12 [INFO] 正在获取图像，尝试 2/10 (已耗时: 4.1秒)
2025-05-07 10:37:16 [INFO] 图像质量: 模糊 拉普拉斯变异度低 (98.57 < 100) | Sobel梯度均值低 (15.41 < 20) | 边缘检测点正常 (1.02%) | 高频能量正常 (167.18)
2025-05-07 10:37:16 [WARNING] 图像模糊，尝试重新获取 (第2次尝试)
2025-05-07 10:37:16 [ERROR] 获取清晰图像超时 (5秒)
2025-05-07 10:37:16 [WARNING] 返回超时前的最后一帧图像
2025-05-07 10:37:19 [INFO] 正在获取图像，尝试 1/10 (已耗时: 0.0秒)
2025-05-07 10:37:23 [INFO] 图像质量: 模糊 拉普拉斯变异度低 (14.38 < 100) | Sobel梯度均值低 (3.08 < 20) | 边缘检测点少 (0.28% < 1.0%) | 高频能量正常 (152.51)
2025-05-07 10:37:23 [WARNING] 图像模糊，尝试重新获取 (第1次尝试)
2025-05-07 10:37:23 [INFO] 正在获取图像，尝试 2/10 (已耗时: 4.0秒)
2025-05-07 10:37:27 [INFO] 图像质量: 模糊 拉普拉斯变异度低 (84.54 < 100) | Sobel梯度均值低 (14.74 < 20) | 边缘检测点少 (0.94% < 1.0%) | 高频能量正常 (166.97)
2025-05-07 10:37:27 [WARNING] 图像模糊，尝试重新获取 (第2次尝试)
2025-05-07 10:37:28 [ERROR] 获取清晰图像超时 (5秒)
2025-05-07 10:37:28 [WARNING] 返回超时前的最后一帧图像
2025-05-07 10:37:30 [INFO] 正在获取图像，尝试 1/10 (已耗时: 0.0秒)
2025-05-07 10:37:33 [INFO] 图像质量: 模糊 拉普拉斯变异度低 (4.62 < 100) | Sobel梯度均值低 (1.15 < 20) | 边缘检测点少 (0.08% < 1.0%) | 高频能量正常 (134.97)
2025-05-07 10:37:33 [WARNING] 图像模糊，尝试重新获取 (第1次尝试)
2025-05-07 10:37:34 [INFO] 正在获取图像，尝试 2/10 (已耗时: 3.9秒)
2025-05-07 10:37:37 [INFO] 图像质量: 模糊 拉普拉斯变异度低 (9.67 < 100) | Sobel梯度均值低 (2.79 < 20) | 边缘检测点少 (0.14% < 1.0%) | 高频能量正常 (136.26)
2025-05-07 10:37:37 [WARNING] 图像模糊，尝试重新获取 (第2次尝试)
2025-05-07 10:37:38 [ERROR] 获取清晰图像超时 (5秒)
2025-05-07 10:37:38 [WARNING] 返回超时前的最后一帧图像
2025-05-07 10:37:40 [INFO] 正在获取图像，尝试 1/10 (已耗时: 0.0秒)
2025-05-07 10:37:43 [INFO] 图像质量: 模糊 拉普拉斯变异度低 (7.84 < 100) | Sobel梯度均值低 (2.31 < 20) | 边缘检测点少 (0.12% < 1.0%) | 高频能量正常 (141.16)
2025-05-07 10:37:43 [WARNING] 图像模糊，尝试重新获取 (第1次尝试)
2025-05-07 10:37:44 [INFO] 正在获取图像，尝试 2/10 (已耗时: 3.9秒)
2025-05-07 10:37:47 [INFO] 图像质量: 模糊 拉普拉斯变异度正常 (139.48) | Sobel梯度均值低 (19.58 < 20) | 边缘检测点正常 (1.66%) | 高频能量正常 (168.82)
2025-05-07 10:37:47 [WARNING] 图像模糊，尝试重新获取 (第2次尝试)
2025-05-07 10:37:48 [ERROR] 获取清晰图像超时 (5秒)
2025-05-07 10:37:48 [WARNING] 返回超时前的最后一帧图像
2025-05-07 10:37:51 [INFO] 正在获取图像，尝试 1/10 (已耗时: 0.0秒)
2025-05-07 10:37:54 [INFO] 图像质量: 清晰 拉普拉斯变异度正常 (154.47) | Sobel梯度均值正常 (21.07) | 边缘检测点正常 (1.75%) | 高频能量正常 (170.37)
2025-05-07 10:37:54 [INFO] 图像清晰度良好，可以进行检测
2025-05-07 10:37:57 [INFO] 正在获取图像，尝试 1/10 (已耗时: 0.0秒)
2025-05-07 10:38:00 [INFO] 图像质量: 模糊 拉普拉斯变异度低 (2.81 < 100) | Sobel梯度均值低 (0.87 < 20) | 边缘检测点少 (0.05% < 1.0%) | 高频能量正常 (134.23)
2025-05-07 10:38:00 [WARNING] 图像模糊，尝试重新获取 (第1次尝试)
2025-05-07 10:38:01 [INFO] 正在获取图像，尝试 2/10 (已耗时: 4.0秒)
2025-05-07 10:38:04 [INFO] 图像质量: 模糊 拉普拉斯变异度低 (5.56 < 100) | Sobel梯度均值低 (1.42 < 20) | 边缘检测点少 (0.11% < 1.0%) | 高频能量正常 (139.38)
2025-05-07 10:38:04 [WARNING] 图像模糊，尝试重新获取 (第2次尝试)
2025-05-07 10:38:05 [ERROR] 获取清晰图像超时 (5秒)
2025-05-07 10:38:05 [WARNING] 返回超时前的最后一帧图像
2025-05-07 10:38:06 [INFO] 正在获取图像，尝试 1/10 (已耗时: 0.0秒)
2025-05-07 10:38:10 [INFO] 图像质量: 清晰 拉普拉斯变异度正常 (160.78) | Sobel梯度均值正常 (21.43) | 边缘检测点正常 (1.82%) | 高频能量正常 (171.44)
2025-05-07 10:38:10 [INFO] 图像清晰度良好，可以进行检测
2025-05-07 10:38:13 [INFO] 正在获取图像，尝试 1/10 (已耗时: 0.0秒)
2025-05-07 10:38:16 [INFO] 图像质量: 模糊 拉普拉斯变异度正常 (141.60) | Sobel梯度均值低 (16.97 < 20) | 边缘检测点正常 (1.62%) | 高频能量正常 (170.25)
2025-05-07 10:38:16 [WARNING] 图像模糊，尝试重新获取 (第1次尝试)
2025-05-07 10:38:17 [INFO] 正在获取图像，尝试 2/10 (已耗时: 4.1秒)
2025-05-07 10:38:20 [INFO] 图像质量: 模糊 拉普拉斯变异度低 (7.54 < 100) | Sobel梯度均值低 (2.54 < 20) | 边缘检测点少 (0.15% < 1.0%) | 高频能量正常 (143.52)
2025-05-07 10:38:20 [WARNING] 图像模糊，尝试重新获取 (第2次尝试)
2025-05-07 10:38:21 [ERROR] 获取清晰图像超时 (5秒)
2025-05-07 10:38:21 [WARNING] 返回超时前的最后一帧图像
2025-05-07 10:38:23 [INFO] 正在获取图像，尝试 1/10 (已耗时: 0.0秒)
2025-05-07 10:38:26 [INFO] 图像质量: 模糊 拉普拉斯变异度正常 (126.27) | Sobel梯度均值低 (14.60 < 20) | 边缘检测点正常 (1.39%) | 高频能量正常 (168.49)
2025-05-07 10:38:26 [WARNING] 图像模糊，尝试重新获取 (第1次尝试)
2025-05-07 10:38:26 [INFO] 正在获取图像，尝试 2/10 (已耗时: 3.9秒)
2025-05-07 10:38:30 [INFO] 图像质量: 清晰 拉普拉斯变异度正常 (165.08) | Sobel梯度均值正常 (21.78) | 边缘检测点正常 (1.74%) | 高频能量正常 (171.11)
2025-05-07 10:38:30 [INFO] 图像清晰度良好，可以进行检测
2025-05-07 10:38:34 [INFO] 正在获取图像，尝试 1/10 (已耗时: 0.0秒)
2025-05-07 10:38:37 [INFO] 图像质量: 模糊 拉普拉斯变异度低 (18.02 < 100) | Sobel梯度均值低 (3.59 < 20) | 边缘检测点少 (0.41% < 1.0%) | 高频能量正常 (151.22)
2025-05-07 10:38:37 [WARNING] 图像模糊，尝试重新获取 (第1次尝试)
2025-05-07 10:38:38 [INFO] 正在获取图像，尝试 2/10 (已耗时: 3.9秒)
2025-05-07 10:38:41 [INFO] 图像质量: 模糊 拉普拉斯变异度低 (3.71 < 100) | Sobel梯度均值低 (0.95 < 20) | 边缘检测点少 (0.06% < 1.0%) | 高频能量正常 (137.87)
2025-05-07 10:38:41 [WARNING] 图像模糊，尝试重新获取 (第2次尝试)
2025-05-07 10:38:42 [ERROR] 获取清晰图像超时 (5秒)
2025-05-07 10:38:42 [WARNING] 返回超时前的最后一帧图像
2025-05-07 10:38:43 [INFO] 正在获取图像，尝试 1/10 (已耗时: 0.0秒)
2025-05-07 10:38:47 [INFO] 图像质量: 模糊 拉普拉斯变异度正常 (144.00) | Sobel梯度均值低 (19.87 < 20) | 边缘检测点正常 (1.64%) | 高频能量正常 (169.81)
2025-05-07 10:38:47 [WARNING] 图像模糊，尝试重新获取 (第1次尝试)
2025-05-07 10:38:47 [INFO] 正在获取图像，尝试 2/10 (已耗时: 4.0秒)
2025-05-07 10:38:51 [INFO] 图像质量: 清晰 拉普拉斯变异度正常 (149.02) | Sobel梯度均值正常 (20.86) | 边缘检测点正常 (1.65%) | 高频能量正常 (169.52)
2025-05-07 10:38:51 [INFO] 图像清晰度良好，可以进行检测
2025-05-07 10:38:53 [INFO] 正在获取图像，尝试 1/10 (已耗时: 0.0秒)
2025-05-07 10:38:57 [INFO] 图像质量: 清晰 拉普拉斯变异度正常 (143.98) | Sobel梯度均值正常 (20.33) | 边缘检测点正常 (1.62%) | 高频能量正常 (169.98)
2025-05-07 10:38:57 [INFO] 图像清晰度良好，可以进行检测
2025-05-07 10:38:59 [INFO] 正在获取图像，尝试 1/10 (已耗时: 0.0秒)
2025-05-07 10:39:02 [INFO] 图像质量: 清晰 拉普拉斯变异度正常 (161.09) | Sobel梯度均值正常 (21.52) | 边缘检测点正常 (1.78%) | 高频能量正常 (172.39)
2025-05-07 10:39:02 [INFO] 图像清晰度良好，可以进行检测
2025-05-07 10:39:05 [INFO] 正在获取图像，尝试 1/10 (已耗时: 0.0秒)
2025-05-07 10:39:09 [INFO] 图像质量: 清晰 拉普拉斯变异度正常 (153.00) | Sobel梯度均值正常 (20.84) | 边缘检测点正常 (1.80%) | 高频能量正常 (172.38)
2025-05-07 10:39:09 [INFO] 图像清晰度良好，可以进行检测
2025-05-07 10:40:17 [INFO] 正在获取图像，尝试 1/10 (已耗时: 0.0秒)
2025-05-07 10:40:20 [INFO] 图像质量: 模糊 拉普拉斯变异度低 (0.14 < 100) | Sobel梯度均值低 (0.16 < 20) | 边缘检测点少 (0.00% < 1.0%) | 高频能量正常 (107.00)
2025-05-07 10:40:20 [WARNING] 图像模糊，尝试重新获取 (第1次尝试)
2025-05-07 10:40:21 [INFO] 正在获取图像，尝试 2/10 (已耗时: 3.9秒)
2025-05-07 10:40:24 [INFO] 图像质量: 模糊 拉普拉斯变异度低 (0.04 < 100) | Sobel梯度均值低 (0.05 < 20) | 边缘检测点少 (0.00% < 1.0%) | 高频能量正常 (93.33)
2025-05-07 10:40:24 [WARNING] 图像模糊，尝试重新获取 (第2次尝试)
2025-05-07 10:40:25 [ERROR] 获取清晰图像超时 (5秒)
2025-05-07 10:40:25 [WARNING] 返回超时前的最后一帧图像
2025-05-07 10:40:30 [INFO] 正在获取图像，尝试 1/10 (已耗时: 0.0秒)
2025-05-07 10:40:33 [INFO] 图像质量: 模糊 拉普拉斯变异度低 (0.04 < 100) | Sobel梯度均值低 (0.07 < 20) | 边缘检测点少 (0.00% < 1.0%) | 高频能量正常 (92.48)
2025-05-07 10:40:33 [WARNING] 图像模糊，尝试重新获取 (第1次尝试)
2025-05-07 10:40:34 [INFO] 正在获取图像，尝试 2/10 (已耗时: 4.3秒)
2025-05-07 10:40:38 [INFO] 图像质量: 模糊 拉普拉斯变异度低 (0.16 < 100) | Sobel梯度均值低 (0.15 < 20) | 边缘检测点少 (0.00% < 1.0%) | 高频能量正常 (109.28)
2025-05-07 10:40:38 [WARNING] 图像模糊，尝试重新获取 (第2次尝试)
2025-05-07 10:40:38 [ERROR] 获取清晰图像超时 (5秒)
2025-05-07 10:40:38 [WARNING] 返回超时前的最后一帧图像
2025-05-07 10:40:43 [INFO] 正在获取图像，尝试 1/10 (已耗时: 0.0秒)
2025-05-07 10:40:47 [INFO] 图像质量: 模糊 拉普拉斯变异度低 (0.02 < 100) | Sobel梯度均值低 (0.05 < 20) | 边缘检测点少 (0.00% < 1.0%) | 高频能量正常 (86.80)
2025-05-07 10:40:47 [WARNING] 图像模糊，尝试重新获取 (第1次尝试)
2025-05-07 10:40:47 [INFO] 正在获取图像，尝试 2/10 (已耗时: 4.2秒)
2025-05-07 10:40:51 [INFO] 图像质量: 模糊 拉普拉斯变异度低 (0.14 < 100) | Sobel梯度均值低 (0.14 < 20) | 边缘检测点少 (0.00% < 1.0%) | 高频能量正常 (107.27)
2025-05-07 10:40:51 [WARNING] 图像模糊，尝试重新获取 (第2次尝试)
2025-05-07 10:40:52 [ERROR] 获取清晰图像超时 (5秒)
2025-05-07 10:40:52 [WARNING] 返回超时前的最后一帧图像
2025-05-07 10:40:57 [INFO] 正在获取图像，尝试 1/10 (已耗时: 0.0秒)
2025-05-07 10:41:00 [INFO] 图像质量: 清晰 拉普拉斯变异度正常 (154.68) | Sobel梯度均值正常 (22.74) | 边缘检测点正常 (1.65%) | 高频能量正常 (172.19)
2025-05-07 10:41:00 [INFO] 图像清晰度良好，可以进行检测
2025-05-07 10:41:06 [INFO] 正在获取图像，尝试 1/10 (已耗时: 0.0秒)
2025-05-07 10:41:09 [INFO] 图像质量: 模糊 拉普拉斯变异度低 (0.51 < 100) | Sobel梯度均值低 (0.08 < 20) | 边缘检测点少 (0.00% < 1.0%) | 高频能量正常 (119.32)
2025-05-07 10:41:09 [WARNING] 图像模糊，尝试重新获取 (第1次尝试)
2025-05-07 10:41:10 [INFO] 正在获取图像，尝试 2/10 (已耗时: 4.3秒)
2025-05-07 10:41:13 [INFO] 图像质量: 模糊 拉普拉斯变异度低 (0.05 < 100) | Sobel梯度均值低 (0.07 < 20) | 边缘检测点少 (0.00% < 1.0%) | 高频能量正常 (90.18)
2025-05-07 10:41:13 [WARNING] 图像模糊，尝试重新获取 (第2次尝试)
2025-05-07 10:41:14 [ERROR] 获取清晰图像超时 (5秒)
2025-05-07 10:41:14 [WARNING] 返回超时前的最后一帧图像
2025-05-07 10:41:19 [INFO] 正在获取图像，尝试 1/10 (已耗时: 0.0秒)
2025-05-07 10:41:23 [INFO] 图像质量: 模糊 拉普拉斯变异度低 (0.21 < 100) | Sobel梯度均值低 (0.22 < 20) | 边缘检测点少 (0.00% < 1.0%) | 高频能量正常 (110.72)
2025-05-07 10:41:23 [WARNING] 图像模糊，尝试重新获取 (第1次尝试)
2025-05-07 10:41:23 [INFO] 正在获取图像，尝试 2/10 (已耗时: 4.1秒)
2025-05-07 10:41:27 [INFO] 图像质量: 模糊 拉普拉斯变异度低 (0.02 < 100) | Sobel梯度均值低 (0.04 < 20) | 边缘检测点少 (0.00% < 1.0%) | 高频能量正常 (85.99)
2025-05-07 10:41:27 [WARNING] 图像模糊，尝试重新获取 (第2次尝试)
2025-05-07 10:41:27 [ERROR] 获取清晰图像超时 (5秒)
2025-05-07 10:41:27 [WARNING] 返回超时前的最后一帧图像
2025-05-07 10:41:32 [INFO] 正在获取图像，尝试 1/10 (已耗时: 0.0秒)
2025-05-07 10:41:36 [INFO] 图像质量: 清晰 拉普拉斯变异度正常 (155.21) | Sobel梯度均值正常 (22.71) | 边缘检测点正常 (1.65%) | 高频能量正常 (172.34)
2025-05-07 10:41:36 [INFO] 图像清晰度良好，可以进行检测
2025-05-07 10:41:41 [INFO] 正在获取图像，尝试 1/10 (已耗时: 0.0秒)
2025-05-07 10:41:45 [INFO] 图像质量: 模糊 拉普拉斯变异度低 (0.06 < 100) | Sobel梯度均值低 (0.08 < 20) | 边缘检测点少 (0.00% < 1.0%) | 高频能量正常 (95.69)
2025-05-07 10:41:45 [WARNING] 图像模糊，尝试重新获取 (第1次尝试)
2025-05-07 10:41:45 [INFO] 正在获取图像，尝试 2/10 (已耗时: 4.4秒)
2025-05-07 10:41:49 [INFO] 图像质量: 模糊 拉普拉斯变异度低 (0.54 < 100) | Sobel梯度均值低 (0.11 < 20) | 边缘检测点少 (0.00% < 1.0%) | 高频能量正常 (120.57)
2025-05-07 10:41:49 [WARNING] 图像模糊，尝试重新获取 (第2次尝试)
2025-05-07 10:41:50 [ERROR] 获取清晰图像超时 (5秒)
2025-05-07 10:41:50 [WARNING] 返回超时前的最后一帧图像
2025-05-07 10:41:55 [INFO] 正在获取图像，尝试 1/10 (已耗时: 0.0秒)
2025-05-07 10:41:58 [INFO] 图像质量: 清晰 拉普拉斯变异度正常 (154.99) | Sobel梯度均值正常 (22.71) | 边缘检测点正常 (1.64%) | 高频能量正常 (172.28)
2025-05-07 10:41:58 [INFO] 图像清晰度良好，可以进行检测
2025-05-07 10:42:03 [INFO] 正在获取图像，尝试 1/10 (已耗时: 0.0秒)
2025-05-07 10:42:07 [INFO] 图像质量: 清晰 拉普拉斯变异度正常 (155.44) | Sobel梯度均值正常 (22.71) | 边缘检测点正常 (1.65%) | 高频能量正常 (172.38)
2025-05-07 10:42:07 [INFO] 图像清晰度良好，可以进行检测
2025-05-07 10:42:12 [INFO] 正在获取图像，尝试 1/10 (已耗时: 0.0秒)
2025-05-07 10:42:16 [INFO] 图像质量: 模糊 拉普拉斯变异度低 (0.04 < 100) | Sobel梯度均值低 (0.07 < 20) | 边缘检测点少 (0.00% < 1.0%) | 高频能量正常 (93.24)
2025-05-07 10:42:16 [WARNING] 图像模糊，尝试重新获取 (第1次尝试)
2025-05-07 10:42:16 [INFO] 正在获取图像，尝试 2/10 (已耗时: 4.1秒)
2025-05-07 10:42:20 [INFO] 图像质量: 清晰 拉普拉斯变异度正常 (154.94) | Sobel梯度均值正常 (22.70) | 边缘检测点正常 (1.66%) | 高频能量正常 (172.26)
2025-05-07 10:42:20 [INFO] 图像清晰度良好，可以进行检测
2025-05-07 10:42:25 [INFO] 正在获取图像，尝试 1/10 (已耗时: 0.0秒)
