2025-05-07 08:37:57 [INFO] 正在获取图像，尝试 1/3 (已耗时: 0.0秒)
2025-05-07 08:38:01 [INFO] 图像质量: 模糊 拉普拉斯变异度低 (0.01 < 100) | Sobel梯度均值低 (0.01 < 20) | 边缘检测点少 (0.00% < 1.0%) | 高频能量正常 (72.94)
2025-05-07 08:38:01 [WARNING] 图像模糊，尝试重新获取 (第1次尝试)
2025-05-07 08:38:01 [ERROR] 获取清晰图像超时 (2秒)
2025-05-07 08:38:01 [WARNING] 返回超时前的最后一帧图像
2025-05-07 08:38:02 [INFO] 正在获取图像，尝试 1/3 (已耗时: 0.0秒)
2025-05-07 08:38:06 [INFO] 图像质量: 清晰 拉普拉斯变异度正常 (162.86) | Sobel梯度均值正常 (20.98) | 边缘检测点正常 (1.43%) | 高频能量正常 (171.38)
2025-05-07 08:38:06 [INFO] 图像清晰度良好，可以进行检测
2025-05-07 08:39:08 [INFO] 正在获取图像，尝试 1/3 (已耗时: 0.0秒)
2025-05-07 08:39:11 [INFO] 图像质量: 模糊 拉普拉斯变异度低 (0.02 < 100) | Sobel梯度均值低 (0.04 < 20) | 边缘检测点少 (0.00% < 1.0%) | 高频能量正常 (84.91)
2025-05-07 08:39:11 [WARNING] 图像模糊，尝试重新获取 (第1次尝试)
2025-05-07 08:39:12 [ERROR] 获取清晰图像超时 (2秒)
2025-05-07 08:39:12 [WARNING] 返回超时前的最后一帧图像
2025-05-07 08:39:13 [INFO] 正在获取图像，尝试 1/3 (已耗时: 0.0秒)
2025-05-07 08:39:17 [INFO] 图像质量: 模糊 拉普拉斯变异度低 (0.22 < 100) | Sobel梯度均值低 (0.22 < 20) | 边缘检测点少 (0.00% < 1.0%) | 高频能量正常 (111.03)
2025-05-07 08:39:17 [WARNING] 图像模糊，尝试重新获取 (第1次尝试)
2025-05-07 08:39:17 [ERROR] 获取清晰图像超时 (2秒)
2025-05-07 08:39:17 [WARNING] 返回超时前的最后一帧图像
2025-05-07 08:39:18 [INFO] 正在获取图像，尝试 1/3 (已耗时: 0.0秒)
2025-05-07 08:39:22 [INFO] 图像质量: 模糊 拉普拉斯变异度低 (0.02 < 100) | Sobel梯度均值低 (0.04 < 20) | 边缘检测点少 (0.00% < 1.0%) | 高频能量正常 (85.74)
2025-05-07 08:39:22 [WARNING] 图像模糊，尝试重新获取 (第1次尝试)
2025-05-07 08:39:22 [ERROR] 获取清晰图像超时 (2秒)
2025-05-07 08:39:22 [WARNING] 返回超时前的最后一帧图像
2025-05-07 08:39:24 [INFO] 正在获取图像，尝试 1/3 (已耗时: 0.0秒)
2025-05-07 08:39:27 [INFO] 图像质量: 模糊 拉普拉斯变异度低 (0.03 < 100) | Sobel梯度均值低 (0.04 < 20) | 边缘检测点少 (0.00% < 1.0%) | 高频能量正常 (87.13)
2025-05-07 08:39:27 [WARNING] 图像模糊，尝试重新获取 (第1次尝试)
2025-05-07 08:39:28 [ERROR] 获取清晰图像超时 (2秒)
2025-05-07 08:39:28 [WARNING] 返回超时前的最后一帧图像
2025-05-07 08:39:29 [INFO] 正在获取图像，尝试 1/3 (已耗时: 0.0秒)
2025-05-07 08:39:33 [INFO] 图像质量: 清晰 拉普拉斯变异度正常 (193.06) | Sobel梯度均值正常 (25.39) | 边缘检测点正常 (1.96%) | 高频能量正常 (173.39)
2025-05-07 08:39:33 [INFO] 图像清晰度良好，可以进行检测
2025-05-07 08:40:50 [INFO] 正在获取图像，尝试 1/3 (已耗时: 0.0秒)
2025-05-07 08:40:54 [INFO] 图像质量: 模糊 拉普拉斯变异度低 (0.24 < 100) | Sobel梯度均值低 (0.25 < 20) | 边缘检测点少 (0.00% < 1.0%) | 高频能量正常 (111.88)
2025-05-07 08:40:54 [WARNING] 图像模糊，尝试重新获取 (第1次尝试)
2025-05-07 08:40:54 [ERROR] 获取清晰图像超时 (2秒)
2025-05-07 08:40:54 [WARNING] 返回超时前的最后一帧图像
2025-05-07 08:40:55 [INFO] 正在获取图像，尝试 1/3 (已耗时: 0.0秒)
2025-05-07 08:40:59 [INFO] 图像质量: 清晰 拉普拉斯变异度正常 (188.99) | Sobel梯度均值正常 (25.09) | 边缘检测点正常 (1.94%) | 高频能量正常 (173.07)
2025-05-07 08:40:59 [INFO] 图像清晰度良好，可以进行检测
2025-05-07 08:41:28 [INFO] 正在获取图像，尝试 1/3 (已耗时: 0.0秒)
2025-05-07 08:41:31 [INFO] 图像质量: 清晰 拉普拉斯变异度正常 (147.77) | Sobel梯度均值正常 (20.45) | 边缘检测点正常 (1.36%) | 高频能量正常 (172.99)
2025-05-07 08:41:31 [INFO] 图像清晰度良好，可以进行检测
2025-05-07 08:41:37 [INFO] 正在获取图像，尝试 1/3 (已耗时: 0.0秒)
2025-05-07 08:41:41 [INFO] 图像质量: 清晰 拉普拉斯变异度正常 (151.59) | Sobel梯度均值正常 (20.97) | 边缘检测点正常 (1.45%) | 高频能量正常 (173.39)
2025-05-07 08:41:41 [INFO] 图像清晰度良好，可以进行检测
2025-05-07 08:41:47 [INFO] 正在获取图像，尝试 1/3 (已耗时: 0.0秒)
2025-05-07 08:41:51 [INFO] 图像质量: 模糊 拉普拉斯变异度低 (0.04 < 100) | Sobel梯度均值低 (0.06 < 20) | 边缘检测点少 (0.00% < 1.0%) | 高频能量正常 (90.78)
2025-05-07 08:41:51 [WARNING] 图像模糊，尝试重新获取 (第1次尝试)
2025-05-07 08:41:51 [ERROR] 获取清晰图像超时 (2秒)
2025-05-07 08:41:51 [WARNING] 返回超时前的最后一帧图像
2025-05-07 08:41:52 [INFO] 正在获取图像，尝试 1/3 (已耗时: 0.0秒)
2025-05-07 08:41:56 [INFO] 图像质量: 清晰 拉普拉斯变异度正常 (145.38) | Sobel梯度均值正常 (21.00) | 边缘检测点正常 (1.45%) | 高频能量正常 (172.37)
2025-05-07 08:41:56 [INFO] 图像清晰度良好，可以进行检测
2025-05-07 08:42:03 [INFO] 正在获取图像，尝试 1/3 (已耗时: 0.0秒)
2025-05-07 08:42:07 [INFO] 图像质量: 清晰 拉普拉斯变异度正常 (147.86) | Sobel梯度均值正常 (21.24) | 边缘检测点正常 (1.46%) | 高频能量正常 (172.68)
2025-05-07 08:42:07 [INFO] 图像清晰度良好，可以进行检测
2025-05-07 08:42:14 [INFO] 正在获取图像，尝试 1/3 (已耗时: 0.0秒)
2025-05-07 08:42:18 [INFO] 图像质量: 清晰 拉普拉斯变异度正常 (145.75) | Sobel梯度均值正常 (20.66) | 边缘检测点正常 (1.42%) | 高频能量正常 (172.36)
2025-05-07 08:42:18 [INFO] 图像清晰度良好，可以进行检测
2025-05-07 08:42:25 [INFO] 正在获取图像，尝试 1/3 (已耗时: 0.0秒)
2025-05-07 08:42:28 [INFO] 图像质量: 模糊 拉普拉斯变异度低 (0.09 < 100) | Sobel梯度均值低 (0.06 < 20) | 边缘检测点少 (0.00% < 1.0%) | 高频能量正常 (102.23)
2025-05-07 08:42:28 [WARNING] 图像模糊，尝试重新获取 (第1次尝试)
2025-05-07 08:42:28 [ERROR] 获取清晰图像超时 (2秒)
2025-05-07 08:42:28 [WARNING] 返回超时前的最后一帧图像
2025-05-07 08:42:30 [INFO] 正在获取图像，尝试 1/3 (已耗时: 0.0秒)
2025-05-07 08:42:33 [INFO] 图像质量: 清晰 拉普拉斯变异度正常 (148.03) | Sobel梯度均值正常 (21.04) | 边缘检测点正常 (1.47%) | 高频能量正常 (172.65)
2025-05-07 08:42:33 [INFO] 图像清晰度良好，可以进行检测
2025-05-07 08:42:40 [INFO] 正在获取图像，尝试 1/3 (已耗时: 0.0秒)
2025-05-07 08:42:44 [INFO] 图像质量: 清晰 拉普拉斯变异度正常 (147.43) | Sobel梯度均值正常 (20.91) | 边缘检测点正常 (1.45%) | 高频能量正常 (172.44)
2025-05-07 08:42:44 [INFO] 图像清晰度良好，可以进行检测
2025-05-07 08:42:50 [INFO] 正在获取图像，尝试 1/3 (已耗时: 0.0秒)
2025-05-07 08:42:54 [INFO] 图像质量: 清晰 拉普拉斯变异度正常 (147.55) | Sobel梯度均值正常 (20.95) | 边缘检测点正常 (1.46%) | 高频能量正常 (172.53)
2025-05-07 08:42:54 [INFO] 图像清晰度良好，可以进行检测
2025-05-07 08:43:00 [INFO] 正在获取图像，尝试 1/3 (已耗时: 0.0秒)
2025-05-07 08:43:04 [INFO] 图像质量: 模糊 拉普拉斯变异度低 (0.02 < 100) | Sobel梯度均值低 (0.04 < 20) | 边缘检测点少 (0.00% < 1.0%) | 高频能量正常 (83.65)
2025-05-07 08:43:04 [WARNING] 图像模糊，尝试重新获取 (第1次尝试)
2025-05-07 08:43:04 [ERROR] 获取清晰图像超时 (2秒)
2025-05-07 08:43:04 [WARNING] 返回超时前的最后一帧图像
2025-05-07 08:43:05 [INFO] 正在获取图像，尝试 1/3 (已耗时: 0.0秒)
2025-05-07 08:43:09 [INFO] 图像质量: 模糊 拉普拉斯变异度低 (0.13 < 100) | Sobel梯度均值低 (0.16 < 20) | 边缘检测点少 (0.00% < 1.0%) | 高频能量正常 (105.58)
2025-05-07 08:43:09 [WARNING] 图像模糊，尝试重新获取 (第1次尝试)
2025-05-07 08:43:09 [ERROR] 获取清晰图像超时 (2秒)
2025-05-07 08:43:09 [WARNING] 返回超时前的最后一帧图像
2025-05-07 08:43:10 [INFO] 正在获取图像，尝试 1/3 (已耗时: 0.0秒)
2025-05-07 08:43:14 [INFO] 图像质量: 清晰 拉普拉斯变异度正常 (145.62) | Sobel梯度均值正常 (20.79) | 边缘检测点正常 (1.45%) | 高频能量正常 (172.39)
2025-05-07 08:43:14 [INFO] 图像清晰度良好，可以进行检测
2025-05-07 08:43:20 [INFO] 正在获取图像，尝试 1/3 (已耗时: 0.0秒)
2025-05-07 08:43:24 [INFO] 图像质量: 清晰 拉普拉斯变异度正常 (145.51) | Sobel梯度均值正常 (20.76) | 边缘检测点正常 (1.45%) | 高频能量正常 (172.40)
2025-05-07 08:43:24 [INFO] 图像清晰度良好，可以进行检测
