2025-05-08 18:18:50 [INFO] 正在获取图像，尝试 1/30 (已耗时: 0.0秒)
2025-05-08 18:18:53 [INFO] 图像质量: 模糊 拉普拉斯变异度低 (0.04 < 100) | Sobel梯度均值低 (0.10 < 20) | 边缘检测点少 (0.00% < 1.0%) | 高频能量正常 (94.51)
2025-05-08 18:18:53 [WARNING] 图像模糊，尝试重新获取 (第1次尝试)
2025-05-08 18:18:54 [INFO] 正在获取图像，尝试 2/30 (已耗时: 3.9秒)
2025-05-08 18:18:57 [INFO] 图像质量: 模糊 拉普拉斯变异度低 (1.62 < 100) | Sobel梯度均值低 (0.14 < 20) | 边缘检测点少 (0.00% < 1.0%) | 高频能量正常 (131.48)
2025-05-08 18:18:57 [WARNING] 图像模糊，尝试重新获取 (第2次尝试)
2025-05-08 18:18:58 [INFO] 正在获取图像，尝试 3/30 (已耗时: 7.7秒)
2025-05-08 18:19:01 [INFO] 图像质量: 模糊 拉普拉斯变异度低 (0.05 < 100) | Sobel梯度均值低 (0.10 < 20) | 边缘检测点少 (0.00% < 1.0%) | 高频能量正常 (94.77)
2025-05-08 18:19:01 [WARNING] 图像模糊，尝试重新获取 (第3次尝试)
2025-05-08 18:19:02 [INFO] 正在获取图像，尝试 4/30 (已耗时: 11.7秒)
2025-05-08 18:19:05 [INFO] 图像质量: 模糊 拉普拉斯变异度低 (0.04 < 100) | Sobel梯度均值低 (0.11 < 20) | 边缘检测点少 (0.00% < 1.0%) | 高频能量正常 (93.59)
2025-05-08 18:19:05 [WARNING] 图像模糊，尝试重新获取 (第4次尝试)
2025-05-08 18:19:06 [INFO] 正在获取图像，尝试 5/30 (已耗时: 15.7秒)
2025-05-08 18:19:09 [INFO] 图像质量: 模糊 拉普拉斯变异度低 (0.03 < 100) | Sobel梯度均值低 (0.08 < 20) | 边缘检测点少 (0.00% < 1.0%) | 高频能量正常 (90.96)
2025-05-08 18:19:09 [WARNING] 图像模糊，尝试重新获取 (第5次尝试)
2025-05-08 18:19:10 [INFO] 正在获取图像，尝试 6/30 (已耗时: 19.7秒)
2025-05-08 18:19:13 [INFO] 图像质量: 模糊 拉普拉斯变异度低 (0.03 < 100) | Sobel梯度均值低 (0.07 < 20) | 边缘检测点少 (0.00% < 1.0%) | 高频能量正常 (90.55)
2025-05-08 18:19:13 [WARNING] 图像模糊，尝试重新获取 (第6次尝试)
2025-05-08 18:19:13 [INFO] 正在获取图像，尝试 7/30 (已耗时: 23.6秒)
2025-05-08 18:19:17 [INFO] 图像质量: 模糊 拉普拉斯变异度低 (0.05 < 100) | Sobel梯度均值低 (0.12 < 20) | 边缘检测点少 (0.00% < 1.0%) | 高频能量正常 (95.67)
2025-05-08 18:19:17 [WARNING] 图像模糊，尝试重新获取 (第7次尝试)
2025-05-08 18:19:17 [INFO] 正在获取图像，尝试 8/30 (已耗时: 27.5秒)
2025-05-08 18:19:21 [INFO] 图像质量: 模糊 拉普拉斯变异度低 (0.03 < 100) | Sobel梯度均值低 (0.08 < 20) | 边缘检测点少 (0.00% < 1.0%) | 高频能量正常 (88.94)
2025-05-08 18:19:21 [WARNING] 图像模糊，尝试重新获取 (第8次尝试)
2025-05-08 18:19:21 [ERROR] 获取清晰图像超时 (30秒)
2025-05-08 18:19:21 [WARNING] 返回超时前的最后一帧图像
