2025-05-12 22:38:10 [INFO] 正在获取图像，尝试 1/1000 (已耗时: 0.0秒)
2025-05-12 22:38:14 [INFO] 图像质量: 模糊 拉普拉斯变异度低 (0.03 < 100) | Sobel梯度均值低 (0.03 < 20) | 边缘检测点少 (0.00% < 1.0%) | 高频能量正常 (89.12)
2025-05-12 22:38:14 [WARNING] 图像模糊，尝试重新获取 (第1次尝试)
2025-05-12 22:38:14 [INFO] 正在获取图像，尝试 2/1000 (已耗时: 4.0秒)
2025-05-12 22:38:18 [INFO] 图像质量: 模糊 拉普拉斯变异度低 (0.01 < 100) | Sobel梯度均值低 (0.02 < 20) | 边缘检测点少 (0.00% < 1.0%) | 高频能量正常 (82.68)
2025-05-12 22:38:18 [WARNING] 图像模糊，尝试重新获取 (第2次尝试)
2025-05-12 22:38:18 [INFO] 正在获取图像，尝试 3/1000 (已耗时: 8.0秒)
2025-05-12 22:38:22 [INFO] 图像质量: 模糊 拉普拉斯变异度低 (0.01 < 100) | Sobel梯度均值低 (0.01 < 20) | 边缘检测点少 (0.00% < 1.0%) | 高频能量正常 (72.79)
2025-05-12 22:38:22 [WARNING] 图像模糊，尝试重新获取 (第3次尝试)
2025-05-12 22:38:22 [INFO] 正在获取图像，尝试 4/1000 (已耗时: 12.0秒)
2025-05-12 22:38:26 [INFO] 图像质量: 模糊 拉普拉斯变异度低 (0.03 < 100) | Sobel梯度均值低 (0.03 < 20) | 边缘检测点少 (0.00% < 1.0%) | 高频能量正常 (89.49)
2025-05-12 22:38:26 [WARNING] 图像模糊，尝试重新获取 (第4次尝试)
2025-05-12 22:38:26 [INFO] 正在获取图像，尝试 5/1000 (已耗时: 16.2秒)
2025-05-12 22:38:30 [INFO] 图像质量: 模糊 拉普拉斯变异度低 (0.03 < 100) | Sobel梯度均值低 (0.04 < 20) | 边缘检测点少 (0.00% < 1.0%) | 高频能量正常 (91.62)
2025-05-12 22:38:30 [WARNING] 图像模糊，尝试重新获取 (第5次尝试)
2025-05-12 22:38:30 [INFO] 正在获取图像，尝试 6/1000 (已耗时: 20.1秒)
2025-05-12 22:38:34 [INFO] 图像质量: 模糊 拉普拉斯变异度低 (0.04 < 100) | Sobel梯度均值低 (0.04 < 20) | 边缘检测点少 (0.00% < 1.0%) | 高频能量正常 (92.21)
2025-05-12 22:38:34 [WARNING] 图像模糊，尝试重新获取 (第6次尝试)
2025-05-12 22:38:34 [INFO] 正在获取图像，尝试 7/1000 (已耗时: 24.2秒)
2025-05-12 22:38:38 [INFO] 图像质量: 模糊 拉普拉斯变异度低 (0.02 < 100) | Sobel梯度均值低 (0.02 < 20) | 边缘检测点少 (0.00% < 1.0%) | 高频能量正常 (85.36)
2025-05-12 22:38:38 [WARNING] 图像模糊，尝试重新获取 (第7次尝试)
2025-05-12 22:38:38 [INFO] 正在获取图像，尝试 8/1000 (已耗时: 28.2秒)
2025-05-12 22:38:42 [INFO] 图像质量: 模糊 拉普拉斯变异度低 (0.03 < 100) | Sobel梯度均值低 (0.04 < 20) | 边缘检测点少 (0.00% < 1.0%) | 高频能量正常 (89.75)
2025-05-12 22:38:42 [WARNING] 图像模糊，尝试重新获取 (第8次尝试)
2025-05-12 22:38:42 [ERROR] 获取清晰图像超时 (30秒)
2025-05-12 22:38:42 [WARNING] 返回超时前的最后一帧图像
2025-05-12 22:38:42 [INFO] 正在获取图像，尝试 1/1000 (已耗时: 0.0秒)
2025-05-12 22:38:46 [INFO] 图像质量: 模糊 拉普拉斯变异度低 (0.01 < 100) | Sobel梯度均值低 (0.01 < 20) | 边缘检测点少 (0.00% < 1.0%) | 高频能量正常 (77.11)
2025-05-12 22:38:46 [WARNING] 图像模糊，尝试重新获取 (第1次尝试)
2025-05-12 22:38:46 [INFO] 正在获取图像，尝试 2/1000 (已耗时: 3.9秒)
2025-05-12 22:38:50 [INFO] 图像质量: 模糊 拉普拉斯变异度低 (0.03 < 100) | Sobel梯度均值低 (0.04 < 20) | 边缘检测点少 (0.00% < 1.0%) | 高频能量正常 (92.12)
2025-05-12 22:38:50 [WARNING] 图像模糊，尝试重新获取 (第2次尝试)
2025-05-12 22:38:50 [INFO] 正在获取图像，尝试 3/1000 (已耗时: 8.0秒)
2025-05-12 22:38:54 [INFO] 图像质量: 模糊 拉普拉斯变异度低 (0.03 < 100) | Sobel梯度均值低 (0.03 < 20) | 边缘检测点少 (0.00% < 1.0%) | 高频能量正常 (90.82)
2025-05-12 22:38:54 [WARNING] 图像模糊，尝试重新获取 (第3次尝试)
2025-05-12 22:38:54 [INFO] 正在获取图像，尝试 4/1000 (已耗时: 12.0秒)
2025-05-12 22:38:58 [INFO] 图像质量: 模糊 拉普拉斯变异度低 (0.03 < 100) | Sobel梯度均值低 (0.03 < 20) | 边缘检测点少 (0.00% < 1.0%) | 高频能量正常 (89.61)
2025-05-12 22:38:58 [WARNING] 图像模糊，尝试重新获取 (第4次尝试)
2025-05-12 22:38:58 [INFO] 正在获取图像，尝试 5/1000 (已耗时: 16.1秒)
2025-05-12 22:39:02 [INFO] 图像质量: 清晰 拉普拉斯变异度正常 (282.34) | Sobel梯度均值正常 (30.75) | 边缘检测点正常 (2.52%) | 高频能量正常 (180.33)
2025-05-12 22:39:02 [INFO] 图像清晰度良好，可以进行检测
