2025-04-30 17:01:38 [INFO] 正在获取图像，尝试 1/30 (已耗时: 0.0秒)
2025-04-30 17:01:42 [INFO] 图像质量: 模糊 Sobel梯度均值低 (0.05 < 20) | 边缘检测点少 (0.00% < 1.0%) | 高频能量正常 (97.19)
2025-04-30 17:01:42 [WARNING] 图像模糊，尝试重新获取 (第1次尝试)
2025-04-30 17:01:42 [INFO] 正在获取图像，尝试 2/30 (已耗时: 4.0秒)
2025-04-30 17:01:45 [INFO] 图像质量: 模糊 Sobel梯度均值低 (0.00 < 20) | 边缘检测点少 (0.00% < 1.0%) | 高频能量正常 (49.74)
2025-04-30 17:01:45 [WARNING] 图像模糊，尝试重新获取 (第2次尝试)
2025-04-30 17:01:46 [INFO] 正在获取图像，尝试 3/30 (已耗时: 7.8秒)
2025-04-30 17:01:49 [INFO] 图像质量: 模糊 Sobel梯度均值低 (0.00 < 20) | 边缘检测点少 (0.00% < 1.0%) | 高频能量正常 (40.63)
2025-04-30 17:01:49 [WARNING] 图像模糊，尝试重新获取 (第3次尝试)
2025-04-30 17:01:50 [INFO] 正在获取图像，尝试 4/30 (已耗时: 11.7秒)
2025-04-30 17:01:53 [INFO] 图像质量: 模糊 Sobel梯度均值低 (13.82 < 20) | 边缘检测点少 (0.66% < 1.0%) | 高频能量正常 (166.05)
2025-04-30 17:01:53 [WARNING] 图像模糊，尝试重新获取 (第4次尝试)
2025-04-30 17:01:54 [INFO] 正在获取图像，尝试 5/30 (已耗时: 15.5秒)
2025-04-30 17:01:57 [INFO] 图像质量: 模糊 Sobel梯度均值低 (0.00 < 20) | 边缘检测点少 (0.00% < 1.0%) | 高频能量正常 (59.04)
2025-04-30 17:01:57 [WARNING] 图像模糊，尝试重新获取 (第5次尝试)
2025-04-30 17:01:58 [INFO] 正在获取图像，尝试 6/30 (已耗时: 19.5秒)
2025-04-30 17:02:01 [INFO] 图像质量: 模糊 Sobel梯度均值低 (13.82 < 20) | 边缘检测点少 (0.66% < 1.0%) | 高频能量正常 (166.47)
2025-04-30 17:02:01 [WARNING] 图像模糊，尝试重新获取 (第6次尝试)
2025-04-30 17:02:02 [INFO] 正在获取图像，尝试 7/30 (已耗时: 23.4秒)
2025-04-30 17:02:05 [INFO] 图像质量: 模糊 Sobel梯度均值低 (0.01 < 20) | 边缘检测点少 (0.00% < 1.0%) | 高频能量正常 (101.45)
2025-04-30 17:02:05 [WARNING] 图像模糊，尝试重新获取 (第7次尝试)
2025-04-30 17:02:06 [INFO] 正在获取图像，尝试 8/30 (已耗时: 27.4秒)
2025-04-30 17:02:09 [INFO] 图像质量: 模糊 Sobel梯度均值低 (0.01 < 20) | 边缘检测点少 (0.00% < 1.0%) | 高频能量正常 (76.58)
2025-04-30 17:02:09 [WARNING] 图像模糊，尝试重新获取 (第8次尝试)
2025-04-30 17:02:09 [ERROR] 获取清晰图像超时 (30秒)
2025-04-30 17:02:09 [WARNING] 返回超时前的最后一帧图像
