2025-05-09 20:41:25 [INFO] 正在获取图像，尝试 1/30 (已耗时: 0.0秒)
2025-05-09 20:41:28 [INFO] 图像质量: 模糊 拉普拉斯变异度低 (0.03 < 100) | Sobel梯度均值低 (0.06 < 20) | 边缘检测点少 (0.00% < 1.0%) | 高频能量正常 (88.67)
2025-05-09 20:41:28 [WARNING] 图像模糊，尝试重新获取 (第1次尝试)
2025-05-09 20:41:29 [INFO] 正在获取图像，尝试 2/30 (已耗时: 4.0秒)
2025-05-09 20:41:32 [INFO] 图像质量: 模糊 拉普拉斯变异度低 (0.27 < 100) | Sobel梯度均值低 (0.25 < 20) | 边缘检测点少 (0.00% < 1.0%) | 高频能量正常 (112.69)
2025-05-09 20:41:32 [WARNING] 图像模糊，尝试重新获取 (第2次尝试)
2025-05-09 20:41:33 [INFO] 正在获取图像，尝试 3/30 (已耗时: 7.8秒)
2025-05-09 20:41:36 [INFO] 图像质量: 模糊 拉普拉斯变异度低 (0.06 < 100) | Sobel梯度均值低 (0.10 < 20) | 边缘检测点少 (0.00% < 1.0%) | 高频能量正常 (98.30)
2025-05-09 20:41:36 [WARNING] 图像模糊，尝试重新获取 (第3次尝试)
2025-05-09 20:41:36 [INFO] 正在获取图像，尝试 4/30 (已耗时: 11.7秒)
2025-05-09 20:41:40 [INFO] 图像质量: 模糊 拉普拉斯变异度低 (0.03 < 100) | Sobel梯度均值低 (0.05 < 20) | 边缘检测点少 (0.00% < 1.0%) | 高频能量正常 (90.12)
2025-05-09 20:41:40 [WARNING] 图像模糊，尝试重新获取 (第4次尝试)
2025-05-09 20:41:40 [INFO] 正在获取图像，尝试 5/30 (已耗时: 15.7秒)
2025-05-09 20:41:44 [INFO] 图像质量: 模糊 拉普拉斯变异度低 (0.04 < 100) | Sobel梯度均值低 (0.07 < 20) | 边缘检测点少 (0.00% < 1.0%) | 高频能量正常 (93.00)
2025-05-09 20:41:44 [WARNING] 图像模糊，尝试重新获取 (第5次尝试)
2025-05-09 20:41:45 [INFO] 正在获取图像，尝试 6/30 (已耗时: 19.8秒)
2025-05-09 20:41:48 [INFO] 图像质量: 模糊 拉普拉斯变异度低 (0.05 < 100) | Sobel梯度均值低 (0.09 < 20) | 边缘检测点少 (0.00% < 1.0%) | 高频能量正常 (96.84)
2025-05-09 20:41:48 [WARNING] 图像模糊，尝试重新获取 (第6次尝试)
2025-05-09 20:41:48 [INFO] 正在获取图像，尝试 7/30 (已耗时: 23.8秒)
2025-05-09 20:41:52 [INFO] 图像质量: 模糊 拉普拉斯变异度低 (0.03 < 100) | Sobel梯度均值低 (0.06 < 20) | 边缘检测点少 (0.00% < 1.0%) | 高频能量正常 (90.76)
2025-05-09 20:41:52 [WARNING] 图像模糊，尝试重新获取 (第7次尝试)
2025-05-09 20:41:52 [INFO] 正在获取图像，尝试 8/30 (已耗时: 27.6秒)
2025-05-09 20:41:56 [INFO] 图像质量: 模糊 拉普拉斯变异度低 (0.06 < 100) | Sobel梯度均值低 (0.09 < 20) | 边缘检测点少 (0.00% < 1.0%) | 高频能量正常 (97.49)
2025-05-09 20:41:56 [WARNING] 图像模糊，尝试重新获取 (第8次尝试)
2025-05-09 20:41:56 [ERROR] 获取清晰图像超时 (30秒)
2025-05-09 20:41:56 [WARNING] 返回超时前的最后一帧图像
2025-05-09 20:41:59 [INFO] 正在获取图像，尝试 1/30 (已耗时: 0.0秒)
2025-05-09 20:42:03 [INFO] 图像质量: 模糊 拉普拉斯变异度低 (0.04 < 100) | Sobel梯度均值低 (0.07 < 20) | 边缘检测点少 (0.00% < 1.0%) | 高频能量正常 (93.85)
2025-05-09 20:42:03 [WARNING] 图像模糊，尝试重新获取 (第1次尝试)
2025-05-09 20:42:03 [INFO] 正在获取图像，尝试 2/30 (已耗时: 3.9秒)
2025-05-09 20:42:07 [INFO] 图像质量: 模糊 拉普拉斯变异度低 (0.03 < 100) | Sobel梯度均值低 (0.08 < 20) | 边缘检测点少 (0.00% < 1.0%) | 高频能量正常 (91.05)
2025-05-09 20:42:07 [WARNING] 图像模糊，尝试重新获取 (第2次尝试)
2025-05-09 20:42:07 [INFO] 正在获取图像，尝试 3/30 (已耗时: 7.9秒)
2025-05-09 20:42:11 [INFO] 图像质量: 模糊 拉普拉斯变异度低 (0.03 < 100) | Sobel梯度均值低 (0.07 < 20) | 边缘检测点少 (0.00% < 1.0%) | 高频能量正常 (91.84)
2025-05-09 20:42:11 [WARNING] 图像模糊，尝试重新获取 (第3次尝试)
2025-05-09 20:42:11 [INFO] 正在获取图像，尝试 4/30 (已耗时: 11.9秒)
2025-05-09 20:42:15 [INFO] 图像质量: 模糊 拉普拉斯变异度低 (0.04 < 100) | Sobel梯度均值低 (0.08 < 20) | 边缘检测点少 (0.00% < 1.0%) | 高频能量正常 (93.29)
2025-05-09 20:42:15 [WARNING] 图像模糊，尝试重新获取 (第4次尝试)
2025-05-09 20:42:16 [INFO] 正在获取图像，尝试 5/30 (已耗时: 16.1秒)
2025-05-09 20:42:19 [INFO] 图像质量: 模糊 拉普拉斯变异度低 (0.04 < 100) | Sobel梯度均值低 (0.08 < 20) | 边缘检测点少 (0.00% < 1.0%) | 高频能量正常 (94.04)
2025-05-09 20:42:19 [WARNING] 图像模糊，尝试重新获取 (第5次尝试)
2025-05-09 20:42:20 [INFO] 正在获取图像，尝试 6/30 (已耗时: 20.1秒)
2025-05-09 20:42:23 [INFO] 图像质量: 模糊 拉普拉斯变异度低 (0.03 < 100) | Sobel梯度均值低 (0.07 < 20) | 边缘检测点少 (0.00% < 1.0%) | 高频能量正常 (90.85)
2025-05-09 20:42:23 [WARNING] 图像模糊，尝试重新获取 (第6次尝试)
2025-05-09 20:42:23 [INFO] 正在获取图像，尝试 7/30 (已耗时: 24.1秒)
2025-05-09 20:42:27 [INFO] 图像质量: 模糊 拉普拉斯变异度低 (0.02 < 100) | Sobel梯度均值低 (0.05 < 20) | 边缘检测点少 (0.00% < 1.0%) | 高频能量正常 (87.33)
2025-05-09 20:42:27 [WARNING] 图像模糊，尝试重新获取 (第7次尝试)
2025-05-09 20:42:27 [INFO] 正在获取图像，尝试 8/30 (已耗时: 28.0秒)
2025-05-09 20:42:31 [INFO] 图像质量: 模糊 拉普拉斯变异度低 (0.04 < 100) | Sobel梯度均值低 (0.08 < 20) | 边缘检测点少 (0.00% < 1.0%) | 高频能量正常 (93.77)
2025-05-09 20:42:31 [WARNING] 图像模糊，尝试重新获取 (第8次尝试)
2025-05-09 20:42:31 [ERROR] 获取清晰图像超时 (30秒)
2025-05-09 20:42:31 [WARNING] 返回超时前的最后一帧图像
2025-05-09 20:42:34 [INFO] 正在获取图像，尝试 1/30 (已耗时: 0.0秒)
2025-05-09 20:42:38 [INFO] 图像质量: 模糊 拉普拉斯变异度低 (0.07 < 100) | Sobel梯度均值低 (0.10 < 20) | 边缘检测点少 (0.00% < 1.0%) | 高频能量正常 (98.16)
2025-05-09 20:42:38 [WARNING] 图像模糊，尝试重新获取 (第1次尝试)
2025-05-09 20:42:38 [INFO] 正在获取图像，尝试 2/30 (已耗时: 4.0秒)
2025-05-09 20:42:42 [INFO] 图像质量: 模糊 拉普拉斯变异度低 (0.06 < 100) | Sobel梯度均值低 (0.07 < 20) | 边缘检测点少 (0.00% < 1.0%) | 高频能量正常 (98.91)
2025-05-09 20:42:42 [WARNING] 图像模糊，尝试重新获取 (第2次尝试)
2025-05-09 20:42:42 [INFO] 正在获取图像，尝试 3/30 (已耗时: 7.8秒)
2025-05-09 20:42:46 [INFO] 图像质量: 模糊 拉普拉斯变异度低 (0.06 < 100) | Sobel梯度均值低 (0.09 < 20) | 边缘检测点少 (0.00% < 1.0%) | 高频能量正常 (96.91)
2025-05-09 20:42:46 [WARNING] 图像模糊，尝试重新获取 (第3次尝试)
2025-05-09 20:42:46 [INFO] 正在获取图像，尝试 4/30 (已耗时: 11.7秒)
2025-05-09 20:42:50 [INFO] 图像质量: 模糊 拉普拉斯变异度低 (0.04 < 100) | Sobel梯度均值低 (0.06 < 20) | 边缘检测点少 (0.00% < 1.0%) | 高频能量正常 (92.96)
2025-05-09 20:42:50 [WARNING] 图像模糊，尝试重新获取 (第4次尝试)
2025-05-09 20:42:50 [INFO] 正在获取图像，尝试 5/30 (已耗时: 15.7秒)
2025-05-09 20:42:53 [INFO] 图像质量: 模糊 拉普拉斯变异度低 (0.04 < 100) | Sobel梯度均值低 (0.06 < 20) | 边缘检测点少 (0.00% < 1.0%) | 高频能量正常 (91.46)
2025-05-09 20:42:53 [WARNING] 图像模糊，尝试重新获取 (第5次尝试)
2025-05-09 20:42:54 [INFO] 正在获取图像，尝试 6/30 (已耗时: 19.6秒)
2025-05-09 20:42:57 [INFO] 图像质量: 模糊 拉普拉斯变异度低 (0.06 < 100) | Sobel梯度均值低 (0.10 < 20) | 边缘检测点少 (0.00% < 1.0%) | 高频能量正常 (97.61)
2025-05-09 20:42:57 [WARNING] 图像模糊，尝试重新获取 (第6次尝试)
2025-05-09 20:42:58 [INFO] 正在获取图像，尝试 7/30 (已耗时: 23.6秒)
2025-05-09 20:43:01 [INFO] 图像质量: 模糊 拉普拉斯变异度低 (0.87 < 100) | Sobel梯度均值低 (0.13 < 20) | 边缘检测点少 (0.00% < 1.0%) | 高频能量正常 (125.36)
2025-05-09 20:43:01 [WARNING] 图像模糊，尝试重新获取 (第7次尝试)
2025-05-09 20:43:02 [INFO] 正在获取图像，尝试 8/30 (已耗时: 27.6秒)
2025-05-09 20:43:06 [INFO] 图像质量: 模糊 拉普拉斯变异度低 (0.06 < 100) | Sobel梯度均值低 (0.10 < 20) | 边缘检测点少 (0.00% < 1.0%) | 高频能量正常 (99.20)
2025-05-09 20:43:06 [WARNING] 图像模糊，尝试重新获取 (第8次尝试)
2025-05-09 20:43:06 [ERROR] 获取清晰图像超时 (30秒)
2025-05-09 20:43:06 [WARNING] 返回超时前的最后一帧图像
2025-05-09 20:43:09 [INFO] 正在获取图像，尝试 1/30 (已耗时: 0.0秒)
2025-05-09 20:43:13 [INFO] 图像质量: 模糊 拉普拉斯变异度低 (0.03 < 100) | Sobel梯度均值低 (0.06 < 20) | 边缘检测点少 (0.00% < 1.0%) | 高频能量正常 (89.15)
2025-05-09 20:43:13 [WARNING] 图像模糊，尝试重新获取 (第1次尝试)
2025-05-09 20:43:13 [INFO] 正在获取图像，尝试 2/30 (已耗时: 4.2秒)
2025-05-09 20:43:17 [INFO] 图像质量: 模糊 拉普拉斯变异度低 (0.07 < 100) | Sobel梯度均值低 (0.08 < 20) | 边缘检测点少 (0.00% < 1.0%) | 高频能量正常 (98.87)
2025-05-09 20:43:17 [WARNING] 图像模糊，尝试重新获取 (第2次尝试)
2025-05-09 20:43:18 [INFO] 正在获取图像，尝试 3/30 (已耗时: 8.4秒)
2025-05-09 20:43:21 [INFO] 图像质量: 清晰 拉普拉斯变异度正常 (277.30) | Sobel梯度均值正常 (26.73) | 边缘检测点正常 (1.99%) | 高频能量正常 (177.89)
2025-05-09 20:43:21 [INFO] 图像清晰度良好，可以进行检测
