2025-05-06 16:11:59 [INFO] 正在获取图像，尝试 1/10 (已耗时: 0.0秒)
2025-05-06 16:12:02 [INFO] 图像质量: 模糊 拉普拉斯变异度低 (0.05 < 100) | Sobel梯度均值低 (0.11 < 20) | 边缘检测点少 (0.00% < 1.0%) | 高频能量正常 (96.74)
2025-05-06 16:12:02 [WARNING] 图像模糊，尝试重新获取 (第1次尝试)
2025-05-06 16:12:03 [INFO] 正在获取图像，尝试 2/10 (已耗时: 4.1秒)
2025-05-06 16:12:06 [INFO] 图像质量: 模糊 拉普拉斯变异度低 (0.04 < 100) | Sobel梯度均值低 (0.10 < 20) | 边缘检测点少 (0.00% < 1.0%) | 高频能量正常 (93.68)
2025-05-06 16:12:06 [WARNING] 图像模糊，尝试重新获取 (第2次尝试)
2025-05-06 16:12:07 [INFO] 正在获取图像，尝试 3/10 (已耗时: 8.0秒)
2025-05-06 16:12:10 [INFO] 图像质量: 模糊 拉普拉斯变异度低 (0.06 < 100) | Sobel梯度均值低 (0.11 < 20) | 边缘检测点少 (0.00% < 1.0%) | 高频能量正常 (97.64)
2025-05-06 16:12:10 [WARNING] 图像模糊，尝试重新获取 (第3次尝试)
2025-05-06 16:12:11 [INFO] 正在获取图像，尝试 4/10 (已耗时: 12.1秒)
2025-05-06 16:12:14 [INFO] 图像质量: 模糊 拉普拉斯变异度正常 (150.38) | Sobel梯度均值低 (18.69 < 20) | 边缘检测点正常 (1.31%) | 高频能量正常 (173.40)
2025-05-06 16:12:14 [WARNING] 图像模糊，尝试重新获取 (第4次尝试)
2025-05-06 16:12:15 [INFO] 正在获取图像，尝试 5/10 (已耗时: 16.2秒)
2025-05-06 16:12:18 [INFO] 图像质量: 模糊 拉普拉斯变异度正常 (150.94) | Sobel梯度均值低 (18.64 < 20) | 边缘检测点正常 (1.32%) | 高频能量正常 (173.49)
2025-05-06 16:12:18 [WARNING] 图像模糊，尝试重新获取 (第5次尝试)
2025-05-06 16:12:19 [INFO] 正在获取图像，尝试 6/10 (已耗时: 20.4秒)
2025-05-06 16:12:23 [INFO] 图像质量: 模糊 拉普拉斯变异度正常 (152.13) | Sobel梯度均值低 (18.74 < 20) | 边缘检测点正常 (1.32%) | 高频能量正常 (173.70)
2025-05-06 16:12:23 [WARNING] 图像模糊，尝试重新获取 (第6次尝试)
2025-05-06 16:12:23 [INFO] 正在获取图像，尝试 7/10 (已耗时: 24.6秒)
2025-05-06 16:12:27 [INFO] 图像质量: 模糊 拉普拉斯变异度低 (0.07 < 100) | Sobel梯度均值低 (0.13 < 20) | 边缘检测点少 (0.00% < 1.0%) | 高频能量正常 (99.69)
2025-05-06 16:12:27 [WARNING] 图像模糊，尝试重新获取 (第7次尝试)
2025-05-06 16:12:27 [INFO] 正在获取图像，尝试 8/10 (已耗时: 28.6秒)
2025-05-06 16:12:31 [INFO] 图像质量: 模糊 拉普拉斯变异度正常 (152.37) | Sobel梯度均值低 (18.73 < 20) | 边缘检测点正常 (1.32%) | 高频能量正常 (173.67)
2025-05-06 16:12:31 [WARNING] 图像模糊，尝试重新获取 (第8次尝试)
2025-05-06 16:12:31 [ERROR] 获取清晰图像超时 (30秒)
2025-05-06 16:12:31 [WARNING] 返回超时前的最后一帧图像
