2025-05-11 20:50:05 [INFO] 正在获取图像，尝试 1/30 (已耗时: 0.0秒)
2025-05-11 20:50:08 [INFO] 图像质量: 模糊 拉普拉斯变异度低 (0.08 < 100) | Sobel梯度均值低 (0.12 < 20) | 边缘检测点少 (0.00% < 1.0%) | 高频能量正常 (100.03)
2025-05-11 20:50:08 [WARNING] 图像模糊，尝试重新获取 (第1次尝试)
2025-05-11 20:50:09 [INFO] 正在获取图像，尝试 2/30 (已耗时: 4.2秒)
2025-05-11 20:50:13 [INFO] 图像质量: 模糊 拉普拉斯变异度低 (0.04 < 100) | Sobel梯度均值低 (0.10 < 20) | 边缘检测点少 (0.00% < 1.0%) | 高频能量正常 (91.90)
2025-05-11 20:50:13 [WARNING] 图像模糊，尝试重新获取 (第2次尝试)
2025-05-11 20:50:13 [INFO] 正在获取图像，尝试 3/30 (已耗时: 8.4秒)
2025-05-11 20:50:17 [INFO] 图像质量: 模糊 拉普拉斯变异度低 (0.06 < 100) | Sobel梯度均值低 (0.14 < 20) | 边缘检测点少 (0.00% < 1.0%) | 高频能量正常 (98.54)
2025-05-11 20:50:17 [WARNING] 图像模糊，尝试重新获取 (第3次尝试)
2025-05-11 20:50:17 [INFO] 正在获取图像，尝试 4/30 (已耗时: 12.5秒)
2025-05-11 20:50:21 [INFO] 图像质量: 模糊 拉普拉斯变异度低 (0.04 < 100) | Sobel梯度均值低 (0.10 < 20) | 边缘检测点少 (0.00% < 1.0%) | 高频能量正常 (93.85)
2025-05-11 20:50:21 [WARNING] 图像模糊，尝试重新获取 (第4次尝试)
2025-05-11 20:50:21 [INFO] 正在获取图像，尝试 5/30 (已耗时: 16.6秒)
2025-05-11 20:50:25 [INFO] 图像质量: 模糊 拉普拉斯变异度低 (0.06 < 100) | Sobel梯度均值低 (0.14 < 20) | 边缘检测点少 (0.00% < 1.0%) | 高频能量正常 (98.05)
2025-05-11 20:50:25 [WARNING] 图像模糊，尝试重新获取 (第5次尝试)
2025-05-11 20:50:25 [INFO] 正在获取图像，尝试 6/30 (已耗时: 20.7秒)
2025-05-11 20:50:29 [INFO] 图像质量: 模糊 拉普拉斯变异度低 (1.04 < 100) | Sobel梯度均值低 (0.19 < 20) | 边缘检测点少 (0.00% < 1.0%) | 高频能量正常 (126.23)
2025-05-11 20:50:29 [WARNING] 图像模糊，尝试重新获取 (第6次尝试)
2025-05-11 20:50:30 [INFO] 正在获取图像，尝试 7/30 (已耗时: 24.9秒)
2025-05-11 20:50:33 [INFO] 图像质量: 模糊 拉普拉斯变异度低 (0.06 < 100) | Sobel梯度均值低 (0.14 < 20) | 边缘检测点少 (0.00% < 1.0%) | 高频能量正常 (97.73)
2025-05-11 20:50:33 [WARNING] 图像模糊，尝试重新获取 (第7次尝试)
2025-05-11 20:50:34 [INFO] 正在获取图像，尝试 8/30 (已耗时: 29.2秒)
2025-05-11 20:50:38 [INFO] 图像质量: 清晰 拉普拉斯变异度正常 (253.23) | Sobel梯度均值正常 (27.27) | 边缘检测点正常 (2.40%) | 高频能量正常 (177.72)
2025-05-11 20:50:38 [INFO] 图像清晰度良好，可以进行检测
2025-05-11 20:51:15 [INFO] 正在获取图像，尝试 1/30 (已耗时: 0.0秒)
2025-05-11 20:51:19 [INFO] 图像质量: 模糊 拉普拉斯变异度低 (1.27 < 100) | Sobel梯度均值低 (0.20 < 20) | 边缘检测点少 (0.00% < 1.0%) | 高频能量正常 (127.15)
2025-05-11 20:51:19 [WARNING] 图像模糊，尝试重新获取 (第1次尝试)
2025-05-11 20:51:20 [INFO] 正在获取图像，尝试 2/30 (已耗时: 4.3秒)
