2025-04-30 15:22:44 [INFO] 正在获取图像，尝试 1/10 (已耗时: 0.0秒)
2025-04-30 15:22:47 [INFO] 图像质量: 模糊 拉普拉斯变异度低 (74.60 < 100) | Sobel梯度均值低 (13.55 < 20) | 边缘检测点少 (0.50% < 1.0%) | 高频能量正常 (165.41)
2025-04-30 15:22:47 [WARNING] 图像模糊，尝试重新获取 (第1次尝试)
2025-04-30 15:22:49 [INFO] 正在获取图像，尝试 2/10 (已耗时: 5.6秒)
2025-04-30 15:22:53 [INFO] 图像质量: 模糊 拉普拉斯变异度低 (73.88 < 100) | Sobel梯度均值低 (13.54 < 20) | 边缘检测点少 (0.51% < 1.0%) | 高频能量正常 (165.21)
2025-04-30 15:22:53 [WARNING] 图像模糊，尝试重新获取 (第2次尝试)
2025-04-30 15:22:55 [INFO] 正在获取图像，尝试 3/10 (已耗时: 11.1秒)
2025-04-30 15:22:58 [INFO] 图像质量: 模糊 拉普拉斯变异度低 (0.00 < 100) | Sobel梯度均值低 (0.00 < 20) | 边缘检测点少 (0.00% < 1.0%) | 高频能量正常 (46.15)
2025-04-30 15:22:58 [WARNING] 图像模糊，尝试重新获取 (第3次尝试)
2025-04-30 15:23:00 [INFO] 正在获取图像，尝试 4/10 (已耗时: 16.5秒)
2025-04-30 15:23:04 [INFO] 图像质量: 模糊 拉普拉斯变异度低 (0.00 < 100) | Sobel梯度均值低 (0.00 < 20) | 边缘检测点少 (0.00% < 1.0%) | 高频能量低 (23.67 < 30)
2025-04-30 15:23:04 [WARNING] 图像模糊，尝试重新获取 (第4次尝试)
2025-04-30 15:23:06 [INFO] 正在获取图像，尝试 5/10 (已耗时: 22.0秒)
2025-04-30 15:23:09 [INFO] 图像质量: 模糊 拉普拉斯变异度低 (74.84 < 100) | Sobel梯度均值低 (13.59 < 20) | 边缘检测点少 (0.50% < 1.0%) | 高频能量正常 (165.36)
2025-04-30 15:23:09 [WARNING] 图像模糊，尝试重新获取 (第5次尝试)
2025-04-30 15:23:11 [INFO] 正在获取图像，尝试 6/10 (已耗时: 27.4秒)
2025-04-30 15:23:14 [INFO] 图像质量: 模糊 拉普拉斯变异度低 (0.85 < 100) | Sobel梯度均值低 (0.05 < 20) | 边缘检测点少 (0.00% < 1.0%) | 高频能量正常 (121.56)
2025-04-30 15:23:14 [WARNING] 图像模糊，尝试重新获取 (第6次尝试)
2025-04-30 15:23:16 [INFO] 正在获取图像，尝试 7/10 (已耗时: 32.8秒)
2025-04-30 15:23:20 [INFO] 图像质量: 模糊 拉普拉斯变异度低 (0.00 < 100) | Sobel梯度均值低 (0.00 < 20) | 边缘检测点少 (0.00% < 1.0%) | 高频能量低 (26.72 < 30)
2025-04-30 15:23:20 [WARNING] 图像模糊，尝试重新获取 (第7次尝试)
2025-04-30 15:23:22 [INFO] 正在获取图像，尝试 8/10 (已耗时: 38.4秒)
2025-04-30 15:23:26 [INFO] 图像质量: 模糊 拉普拉斯变异度低 (73.77 < 100) | Sobel梯度均值低 (13.53 < 20) | 边缘检测点少 (0.51% < 1.0%) | 高频能量正常 (165.19)
2025-04-30 15:23:26 [WARNING] 图像模糊，尝试重新获取 (第8次尝试)
2025-04-30 15:23:28 [ERROR] 获取清晰图像超时 (40.0秒)
2025-04-30 15:23:28 [WARNING] 返回超时前的最后一帧图像
2025-04-30 15:23:28 [INFO] 正在获取图像，尝试 1/10 (已耗时: 0.0秒)
2025-04-30 15:23:31 [INFO] 图像质量: 模糊 拉普拉斯变异度低 (0.00 < 100) | Sobel梯度均值低 (0.00 < 20) | 边缘检测点少 (0.00% < 1.0%) | 高频能量正常 (38.97)
2025-04-30 15:23:31 [WARNING] 图像模糊，尝试重新获取 (第1次尝试)
2025-04-30 15:23:33 [INFO] 正在获取图像，尝试 2/10 (已耗时: 5.5秒)
2025-04-30 15:23:36 [INFO] 图像质量: 模糊 拉普拉斯变异度低 (0.00 < 100) | Sobel梯度均值低 (0.00 < 20) | 边缘检测点少 (0.00% < 1.0%) | 高频能量低 (28.04 < 30)
2025-04-30 15:23:36 [WARNING] 图像模糊，尝试重新获取 (第2次尝试)
2025-04-30 15:23:38 [INFO] 正在获取图像，尝试 3/10 (已耗时: 10.9秒)
2025-04-30 15:23:42 [INFO] 图像质量: 模糊 拉普拉斯变异度低 (0.00 < 100) | Sobel梯度均值低 (0.01 < 20) | 边缘检测点少 (0.00% < 1.0%) | 高频能量正常 (71.16)
2025-04-30 15:23:42 [WARNING] 图像模糊，尝试重新获取 (第3次尝试)
2025-04-30 15:23:44 [INFO] 正在获取图像，尝试 4/10 (已耗时: 16.4秒)
2025-04-30 15:23:47 [INFO] 图像质量: 模糊 拉普拉斯变异度低 (0.00 < 100) | Sobel梯度均值低 (0.00 < 20) | 边缘检测点少 (0.00% < 1.0%) | 高频能量低 (23.04 < 30)
2025-04-30 15:23:47 [WARNING] 图像模糊，尝试重新获取 (第4次尝试)
2025-04-30 15:23:49 [INFO] 正在获取图像，尝试 5/10 (已耗时: 21.9秒)
2025-04-30 15:23:53 [INFO] 图像质量: 模糊 拉普拉斯变异度低 (0.00 < 100) | Sobel梯度均值低 (0.00 < 20) | 边缘检测点少 (0.00% < 1.0%) | 高频能量低 (19.74 < 30)
2025-04-30 15:23:53 [WARNING] 图像模糊，尝试重新获取 (第5次尝试)
2025-04-30 15:23:55 [INFO] 正在获取图像，尝试 6/10 (已耗时: 27.4秒)
2025-04-30 15:23:58 [INFO] 图像质量: 模糊 拉普拉斯变异度低 (0.00 < 100) | Sobel梯度均值低 (0.00 < 20) | 边缘检测点少 (0.00% < 1.0%) | 高频能量低 (19.75 < 30)
2025-04-30 15:23:58 [WARNING] 图像模糊，尝试重新获取 (第6次尝试)
2025-04-30 15:24:00 [INFO] 正在获取图像，尝试 7/10 (已耗时: 32.9秒)
2025-04-30 15:24:04 [INFO] 图像质量: 模糊 拉普拉斯变异度低 (73.70 < 100) | Sobel梯度均值低 (13.51 < 20) | 边缘检测点少 (0.50% < 1.0%) | 高频能量正常 (165.15)
2025-04-30 15:24:04 [WARNING] 图像模糊，尝试重新获取 (第7次尝试)
2025-04-30 15:24:06 [INFO] 正在获取图像，尝试 8/10 (已耗时: 38.3秒)
2025-04-30 15:24:09 [INFO] 图像质量: 模糊 拉普拉斯变异度低 (0.00 < 100) | Sobel梯度均值低 (0.00 < 20) | 边缘检测点少 (0.00% < 1.0%) | 高频能量正常 (47.18)
2025-04-30 15:24:09 [WARNING] 图像模糊，尝试重新获取 (第8次尝试)
2025-04-30 15:24:11 [ERROR] 获取清晰图像超时 (40.0秒)
2025-04-30 15:24:11 [WARNING] 返回超时前的最后一帧图像
2025-04-30 15:24:21 [INFO] 正在获取图像，尝试 1/10 (已耗时: 0.0秒)
2025-04-30 15:24:25 [INFO] 图像质量: 模糊 拉普拉斯变异度低 (72.92 < 100) | Sobel梯度均值低 (13.56 < 20) | 边缘检测点少 (0.51% < 1.0%) | 高频能量正常 (164.97)
2025-04-30 15:24:25 [WARNING] 图像模糊，尝试重新获取 (第1次尝试)
2025-04-30 15:24:27 [INFO] 正在获取图像，尝试 2/10 (已耗时: 5.4秒)
2025-04-30 15:24:30 [INFO] 图像质量: 模糊 拉普拉斯变异度低 (0.00 < 100) | Sobel梯度均值低 (0.00 < 20) | 边缘检测点少 (0.00% < 1.0%) | 高频能量正常 (61.13)
2025-04-30 15:24:30 [WARNING] 图像模糊，尝试重新获取 (第2次尝试)
2025-04-30 15:24:32 [INFO] 正在获取图像，尝试 3/10 (已耗时: 10.8秒)
2025-04-30 15:24:35 [INFO] 图像质量: 模糊 拉普拉斯变异度低 (0.00 < 100) | Sobel梯度均值低 (0.00 < 20) | 边缘检测点少 (0.00% < 1.0%) | 高频能量低 (26.68 < 30)
2025-04-30 15:24:35 [WARNING] 图像模糊，尝试重新获取 (第3次尝试)
2025-04-30 15:24:37 [INFO] 正在获取图像，尝试 4/10 (已耗时: 16.3秒)
2025-04-30 15:24:41 [INFO] 图像质量: 模糊 拉普拉斯变异度低 (0.00 < 100) | Sobel梯度均值低 (0.00 < 20) | 边缘检测点少 (0.00% < 1.0%) | 高频能量正常 (45.24)
2025-04-30 15:24:41 [WARNING] 图像模糊，尝试重新获取 (第4次尝试)
2025-04-30 15:24:43 [INFO] 正在获取图像，尝试 5/10 (已耗时: 21.7秒)
2025-04-30 15:24:46 [INFO] 图像质量: 模糊 拉普拉斯变异度低 (74.11 < 100) | Sobel梯度均值低 (13.58 < 20) | 边缘检测点少 (0.51% < 1.0%) | 高频能量正常 (165.26)
2025-04-30 15:24:46 [WARNING] 图像模糊，尝试重新获取 (第5次尝试)
2025-04-30 15:24:48 [INFO] 正在获取图像，尝试 6/10 (已耗时: 27.1秒)
2025-04-30 15:24:52 [INFO] 图像质量: 模糊 拉普拉斯变异度低 (74.21 < 100) | Sobel梯度均值低 (13.53 < 20) | 边缘检测点少 (0.50% < 1.0%) | 高频能量正常 (165.27)
2025-04-30 15:24:52 [WARNING] 图像模糊，尝试重新获取 (第6次尝试)
2025-04-30 15:24:54 [INFO] 正在获取图像，尝试 7/10 (已耗时: 32.5秒)
2025-04-30 15:24:57 [INFO] 图像质量: 模糊 拉普拉斯变异度低 (73.57 < 100) | Sobel梯度均值低 (13.53 < 20) | 边缘检测点少 (0.50% < 1.0%) | 高频能量正常 (165.14)
2025-04-30 15:24:57 [WARNING] 图像模糊，尝试重新获取 (第7次尝试)
2025-04-30 15:24:59 [INFO] 正在获取图像，尝试 8/10 (已耗时: 38.1秒)
2025-04-30 15:25:03 [INFO] 图像质量: 模糊 拉普拉斯变异度低 (73.56 < 100) | Sobel梯度均值低 (13.52 < 20) | 边缘检测点少 (0.51% < 1.0%) | 高频能量正常 (165.09)
2025-04-30 15:25:03 [WARNING] 图像模糊，尝试重新获取 (第8次尝试)
2025-04-30 15:25:05 [ERROR] 获取清晰图像超时 (40.0秒)
2025-04-30 15:25:05 [WARNING] 返回超时前的最后一帧图像
2025-04-30 15:25:15 [INFO] 正在获取图像，尝试 1/10 (已耗时: 0.0秒)
2025-04-30 15:25:18 [INFO] 图像质量: 模糊 拉普拉斯变异度低 (0.00 < 100) | Sobel梯度均值低 (0.00 < 20) | 边缘检测点少 (0.00% < 1.0%) | 高频能量低 (19.74 < 30)
2025-04-30 15:25:18 [WARNING] 图像模糊，尝试重新获取 (第1次尝试)
2025-04-30 15:25:20 [INFO] 正在获取图像，尝试 2/10 (已耗时: 5.5秒)
2025-04-30 15:25:24 [INFO] 图像质量: 模糊 拉普拉斯变异度低 (73.10 < 100) | Sobel梯度均值低 (13.52 < 20) | 边缘检测点少 (0.50% < 1.0%) | 高频能量正常 (164.84)
2025-04-30 15:25:24 [WARNING] 图像模糊，尝试重新获取 (第2次尝试)
2025-04-30 15:25:26 [INFO] 正在获取图像，尝试 3/10 (已耗时: 10.9秒)
2025-04-30 15:25:29 [INFO] 图像质量: 模糊 拉普拉斯变异度低 (0.00 < 100) | Sobel梯度均值低 (0.00 < 20) | 边缘检测点少 (0.00% < 1.0%) | 高频能量低 (23.05 < 30)
2025-04-30 15:25:29 [WARNING] 图像模糊，尝试重新获取 (第3次尝试)
2025-04-30 15:25:31 [INFO] 正在获取图像，尝试 4/10 (已耗时: 16.3秒)
2025-04-30 15:25:34 [INFO] 图像质量: 模糊 拉普拉斯变异度低 (0.00 < 100) | Sobel梯度均值低 (0.00 < 20) | 边缘检测点少 (0.00% < 1.0%) | 高频能量低 (21.00 < 30)
2025-04-30 15:25:34 [WARNING] 图像模糊，尝试重新获取 (第4次尝试)
2025-04-30 15:25:36 [INFO] 正在获取图像，尝试 5/10 (已耗时: 21.7秒)
2025-04-30 15:25:40 [INFO] 图像质量: 模糊 拉普拉斯变异度低 (0.00 < 100) | Sobel梯度均值低 (0.00 < 20) | 边缘检测点少 (0.00% < 1.0%) | 高频能量正常 (57.20)
2025-04-30 15:25:40 [WARNING] 图像模糊，尝试重新获取 (第5次尝试)
2025-04-30 15:25:42 [INFO] 正在获取图像，尝试 6/10 (已耗时: 27.1秒)
2025-04-30 15:25:45 [INFO] 图像质量: 模糊 拉普拉斯变异度低 (0.00 < 100) | Sobel梯度均值低 (0.00 < 20) | 边缘检测点少 (0.00% < 1.0%) | 高频能量低 (29.21 < 30)
2025-04-30 15:25:45 [WARNING] 图像模糊，尝试重新获取 (第6次尝试)
2025-04-30 15:25:47 [INFO] 正在获取图像，尝试 7/10 (已耗时: 32.6秒)
2025-04-30 15:25:51 [INFO] 图像质量: 模糊 拉普拉斯变异度低 (74.14 < 100) | Sobel梯度均值低 (13.56 < 20) | 边缘检测点少 (0.50% < 1.0%) | 高频能量正常 (165.21)
2025-04-30 15:25:51 [WARNING] 图像模糊，尝试重新获取 (第7次尝试)
2025-04-30 15:25:53 [INFO] 正在获取图像，尝试 8/10 (已耗时: 38.0秒)
2025-04-30 15:25:56 [INFO] 图像质量: 模糊 拉普拉斯变异度低 (74.12 < 100) | Sobel梯度均值低 (13.53 < 20) | 边缘检测点少 (0.50% < 1.0%) | 高频能量正常 (165.21)
2025-04-30 15:25:56 [WARNING] 图像模糊，尝试重新获取 (第8次尝试)
2025-04-30 15:25:58 [ERROR] 获取清晰图像超时 (40.0秒)
2025-04-30 15:25:58 [WARNING] 返回超时前的最后一帧图像
2025-04-30 15:30:03 [INFO] 正在获取图像，尝试 1/10 (已耗时: 0.0秒)
2025-04-30 15:30:06 [INFO] 图像质量: 模糊 拉普拉斯变异度低 (75.04 < 100) | Sobel梯度均值低 (13.61 < 20) | 边缘检测点少 (0.50% < 1.0%) | 高频能量正常 (165.35)
2025-04-30 15:30:06 [WARNING] 图像模糊，尝试重新获取 (第1次尝试)
2025-04-30 15:30:08 [INFO] 正在获取图像，尝试 2/10 (已耗时: 5.6秒)
2025-04-30 15:30:12 [INFO] 图像质量: 模糊 拉普拉斯变异度低 (74.81 < 100) | Sobel梯度均值低 (13.62 < 20) | 边缘检测点少 (0.51% < 1.0%) | 高频能量正常 (165.36)
2025-04-30 15:30:12 [WARNING] 图像模糊，尝试重新获取 (第2次尝试)
2025-04-30 15:30:14 [INFO] 正在获取图像，尝试 3/10 (已耗时: 11.0秒)
2025-04-30 15:30:17 [INFO] 图像质量: 模糊 拉普拉斯变异度低 (0.00 < 100) | Sobel梯度均值低 (0.00 < 20) | 边缘检测点少 (0.00% < 1.0%) | 高频能量低 (19.74 < 30)
2025-04-30 15:30:17 [WARNING] 图像模糊，尝试重新获取 (第3次尝试)
2025-04-30 15:30:19 [INFO] 正在获取图像，尝试 4/10 (已耗时: 16.2秒)
2025-04-30 15:30:22 [INFO] 图像质量: 模糊 拉普拉斯变异度低 (0.94 < 100) | Sobel梯度均值低 (0.04 < 20) | 边缘检测点少 (0.00% < 1.0%) | 高频能量正常 (123.08)
2025-04-30 15:30:22 [WARNING] 图像模糊，尝试重新获取 (第4次尝试)
2025-04-30 15:30:24 [INFO] 正在获取图像，尝试 5/10 (已耗时: 21.6秒)
2025-04-30 15:30:28 [INFO] 图像质量: 模糊 拉普拉斯变异度低 (0.00 < 100) | Sobel梯度均值低 (0.00 < 20) | 边缘检测点少 (0.00% < 1.0%) | 高频能量低 (19.74 < 30)
2025-04-30 15:30:28 [WARNING] 图像模糊，尝试重新获取 (第5次尝试)
2025-04-30 15:30:30 [INFO] 正在获取图像，尝试 6/10 (已耗时: 26.9秒)
2025-04-30 15:30:33 [INFO] 图像质量: 模糊 拉普拉斯变异度低 (0.00 < 100) | Sobel梯度均值低 (0.00 < 20) | 边缘检测点少 (0.00% < 1.0%) | 高频能量低 (19.74 < 30)
2025-04-30 15:30:33 [WARNING] 图像模糊，尝试重新获取 (第6次尝试)
2025-04-30 15:30:35 [INFO] 正在获取图像，尝试 7/10 (已耗时: 32.3秒)
2025-04-30 15:30:39 [INFO] 图像质量: 模糊 拉普拉斯变异度低 (0.03 < 100) | Sobel梯度均值低 (0.01 < 20) | 边缘检测点少 (0.00% < 1.0%) | 高频能量正常 (91.14)
2025-04-30 15:30:39 [WARNING] 图像模糊，尝试重新获取 (第7次尝试)
2025-04-30 15:30:41 [INFO] 正在获取图像，尝试 8/10 (已耗时: 37.7秒)
2025-04-30 15:30:44 [INFO] 图像质量: 模糊 拉普拉斯变异度低 (0.00 < 100) | Sobel梯度均值低 (0.00 < 20) | 边缘检测点少 (0.00% < 1.0%) | 高频能量低 (26.85 < 30)
2025-04-30 15:30:44 [WARNING] 图像模糊，尝试重新获取 (第8次尝试)
2025-04-30 15:30:46 [ERROR] 获取清晰图像超时 (40.0秒)
2025-04-30 15:30:46 [WARNING] 返回超时前的最后一帧图像
2025-04-30 15:30:46 [INFO] 正在获取图像，尝试 1/10 (已耗时: 0.0秒)
2025-04-30 15:30:49 [INFO] 图像质量: 模糊 拉普拉斯变异度低 (73.83 < 100) | Sobel梯度均值低 (13.56 < 20) | 边缘检测点少 (0.51% < 1.0%) | 高频能量正常 (165.23)
2025-04-30 15:30:49 [WARNING] 图像模糊，尝试重新获取 (第1次尝试)
2025-04-30 15:30:51 [INFO] 正在获取图像，尝试 2/10 (已耗时: 5.5秒)
2025-04-30 15:30:55 [INFO] 图像质量: 模糊 拉普拉斯变异度低 (0.00 < 100) | Sobel梯度均值低 (0.00 < 20) | 边缘检测点少 (0.00% < 1.0%) | 高频能量低 (26.71 < 30)
2025-04-30 15:30:55 [WARNING] 图像模糊，尝试重新获取 (第2次尝试)
2025-04-30 15:30:57 [INFO] 正在获取图像，尝试 3/10 (已耗时: 10.9秒)
2025-04-30 15:31:00 [INFO] 图像质量: 模糊 拉普拉斯变异度低 (0.00 < 100) | Sobel梯度均值低 (0.00 < 20) | 边缘检测点少 (0.00% < 1.0%) | 高频能量正常 (54.42)
2025-04-30 15:31:00 [WARNING] 图像模糊，尝试重新获取 (第3次尝试)
2025-04-30 15:31:02 [INFO] 正在获取图像，尝试 4/10 (已耗时: 16.3秒)
2025-04-30 15:31:06 [INFO] 图像质量: 模糊 拉普拉斯变异度低 (0.00 < 100) | Sobel梯度均值低 (0.00 < 20) | 边缘检测点少 (0.00% < 1.0%) | 高频能量正常 (67.41)
2025-04-30 15:31:06 [WARNING] 图像模糊，尝试重新获取 (第4次尝试)
2025-04-30 15:31:08 [INFO] 正在获取图像，尝试 5/10 (已耗时: 21.7秒)
2025-04-30 15:31:11 [INFO] 图像质量: 模糊 拉普拉斯变异度低 (0.00 < 100) | Sobel梯度均值低 (0.00 < 20) | 边缘检测点少 (0.00% < 1.0%) | 高频能量低 (20.95 < 30)
2025-04-30 15:31:11 [WARNING] 图像模糊，尝试重新获取 (第5次尝试)
2025-04-30 15:31:13 [INFO] 正在获取图像，尝试 6/10 (已耗时: 27.3秒)
2025-04-30 15:31:17 [INFO] 图像质量: 模糊 拉普拉斯变异度低 (0.00 < 100) | Sobel梯度均值低 (0.00 < 20) | 边缘检测点少 (0.00% < 1.0%) | 高频能量低 (19.74 < 30)
2025-04-30 15:31:17 [WARNING] 图像模糊，尝试重新获取 (第6次尝试)
2025-04-30 15:31:19 [INFO] 正在获取图像，尝试 7/10 (已耗时: 32.9秒)
2025-04-30 15:31:22 [INFO] 图像质量: 模糊 拉普拉斯变异度低 (0.00 < 100) | Sobel梯度均值低 (0.00 < 20) | 边缘检测点少 (0.00% < 1.0%) | 高频能量低 (19.67 < 30)
2025-04-30 15:31:22 [WARNING] 图像模糊，尝试重新获取 (第7次尝试)
2025-04-30 15:31:24 [INFO] 正在获取图像，尝试 8/10 (已耗时: 38.3秒)
2025-04-30 15:31:28 [INFO] 图像质量: 模糊 拉普拉斯变异度低 (73.01 < 100) | Sobel梯度均值低 (13.61 < 20) | 边缘检测点少 (0.51% < 1.0%) | 高频能量正常 (164.95)
2025-04-30 15:31:28 [WARNING] 图像模糊，尝试重新获取 (第8次尝试)
2025-04-30 15:31:30 [ERROR] 获取清晰图像超时 (40.0秒)
2025-04-30 15:31:30 [WARNING] 返回超时前的最后一帧图像
2025-04-30 15:31:40 [INFO] 正在获取图像，尝试 1/10 (已耗时: 0.0秒)
2025-04-30 15:31:43 [INFO] 图像质量: 模糊 拉普拉斯变异度低 (0.00 < 100) | Sobel梯度均值低 (0.00 < 20) | 边缘检测点少 (0.00% < 1.0%) | 高频能量低 (25.00 < 30)
2025-04-30 15:31:43 [WARNING] 图像模糊，尝试重新获取 (第1次尝试)
2025-04-30 15:31:45 [INFO] 正在获取图像，尝试 2/10 (已耗时: 5.5秒)
2025-04-30 15:31:49 [INFO] 图像质量: 模糊 拉普拉斯变异度低 (0.00 < 100) | Sobel梯度均值低 (0.00 < 20) | 边缘检测点少 (0.00% < 1.0%) | 高频能量低 (25.46 < 30)
2025-04-30 15:31:49 [WARNING] 图像模糊，尝试重新获取 (第2次尝试)
2025-04-30 15:31:51 [INFO] 正在获取图像，尝试 3/10 (已耗时: 11.1秒)
2025-04-30 15:31:54 [INFO] 图像质量: 模糊 拉普拉斯变异度低 (72.94 < 100) | Sobel梯度均值低 (13.59 < 20) | 边缘检测点少 (0.50% < 1.0%) | 高频能量正常 (164.99)
2025-04-30 15:31:54 [WARNING] 图像模糊，尝试重新获取 (第3次尝试)
2025-04-30 15:31:56 [INFO] 正在获取图像，尝试 4/10 (已耗时: 16.7秒)
2025-04-30 15:32:00 [INFO] 图像质量: 模糊 拉普拉斯变异度低 (72.89 < 100) | Sobel梯度均值低 (13.58 < 20) | 边缘检测点少 (0.50% < 1.0%) | 高频能量正常 (164.99)
2025-04-30 15:32:00 [WARNING] 图像模糊，尝试重新获取 (第4次尝试)
2025-04-30 15:32:02 [INFO] 正在获取图像，尝试 5/10 (已耗时: 22.2秒)
2025-04-30 15:32:05 [INFO] 图像质量: 模糊 拉普拉斯变异度低 (0.00 < 100) | Sobel梯度均值低 (0.00 < 20) | 边缘检测点少 (0.00% < 1.0%) | 高频能量低 (27.63 < 30)
2025-04-30 15:32:05 [WARNING] 图像模糊，尝试重新获取 (第5次尝试)
2025-04-30 15:32:07 [INFO] 正在获取图像，尝试 6/10 (已耗时: 27.6秒)
2025-04-30 15:32:11 [INFO] 图像质量: 模糊 拉普拉斯变异度低 (74.24 < 100) | Sobel梯度均值低 (13.60 < 20) | 边缘检测点少 (0.51% < 1.0%) | 高频能量正常 (165.26)
2025-04-30 15:32:11 [WARNING] 图像模糊，尝试重新获取 (第6次尝试)
2025-04-30 15:32:13 [INFO] 正在获取图像，尝试 7/10 (已耗时: 33.1秒)
2025-04-30 15:32:16 [INFO] 图像质量: 模糊 拉普拉斯变异度低 (0.75 < 100) | Sobel梯度均值低 (0.04 < 20) | 边缘检测点少 (0.00% < 1.0%) | 高频能量正常 (121.90)
2025-04-30 15:32:16 [WARNING] 图像模糊，尝试重新获取 (第7次尝试)
2025-04-30 15:32:18 [INFO] 正在获取图像，尝试 8/10 (已耗时: 38.6秒)
2025-04-30 15:32:22 [INFO] 图像质量: 模糊 拉普拉斯变异度低 (74.78 < 100) | Sobel梯度均值低 (13.61 < 20) | 边缘检测点少 (0.51% < 1.0%) | 高频能量正常 (165.42)
2025-04-30 15:32:22 [WARNING] 图像模糊，尝试重新获取 (第8次尝试)
2025-04-30 15:32:24 [ERROR] 获取清晰图像超时 (40.0秒)
2025-04-30 15:32:24 [WARNING] 返回超时前的最后一帧图像
2025-04-30 15:32:34 [INFO] 正在获取图像，尝试 1/10 (已耗时: 0.0秒)
2025-04-30 15:32:37 [INFO] 图像质量: 模糊 拉普拉斯变异度低 (0.00 < 100) | Sobel梯度均值低 (0.00 < 20) | 边缘检测点少 (0.00% < 1.0%) | 高频能量低 (0.00 < 30)
2025-04-30 15:32:37 [WARNING] 图像模糊，尝试重新获取 (第1次尝试)
2025-04-30 15:32:39 [INFO] 正在获取图像，尝试 2/10 (已耗时: 5.5秒)
2025-04-30 15:32:43 [INFO] 图像质量: 模糊 拉普拉斯变异度低 (74.41 < 100) | Sobel梯度均值低 (13.57 < 20) | 边缘检测点少 (0.51% < 1.0%) | 高频能量正常 (165.32)
2025-04-30 15:32:43 [WARNING] 图像模糊，尝试重新获取 (第2次尝试)
2025-04-30 15:32:45 [INFO] 正在获取图像，尝试 3/10 (已耗时: 11.1秒)
2025-04-30 15:32:48 [INFO] 图像质量: 模糊 拉普拉斯变异度低 (74.91 < 100) | Sobel梯度均值低 (13.57 < 20) | 边缘检测点少 (0.51% < 1.0%) | 高频能量正常 (165.47)
2025-04-30 15:32:48 [WARNING] 图像模糊，尝试重新获取 (第3次尝试)
2025-04-30 15:32:50 [INFO] 正在获取图像，尝试 4/10 (已耗时: 16.6秒)
2025-04-30 15:32:54 [INFO] 图像质量: 模糊 拉普拉斯变异度低 (74.18 < 100) | Sobel梯度均值低 (13.56 < 20) | 边缘检测点少 (0.50% < 1.0%) | 高频能量正常 (165.29)
2025-04-30 15:32:54 [WARNING] 图像模糊，尝试重新获取 (第4次尝试)
2025-04-30 15:32:56 [INFO] 正在获取图像，尝试 5/10 (已耗时: 21.9秒)
2025-04-30 15:32:59 [INFO] 图像质量: 模糊 拉普拉斯变异度低 (0.00 < 100) | Sobel梯度均值低 (0.00 < 20) | 边缘检测点少 (0.00% < 1.0%) | 高频能量低 (25.02 < 30)
2025-04-30 15:32:59 [WARNING] 图像模糊，尝试重新获取 (第5次尝试)
2025-04-30 15:33:01 [INFO] 正在获取图像，尝试 6/10 (已耗时: 27.2秒)
2025-04-30 15:33:04 [INFO] 图像质量: 模糊 拉普拉斯变异度低 (0.77 < 100) | Sobel梯度均值低 (0.04 < 20) | 边缘检测点少 (0.00% < 1.0%) | 高频能量正常 (120.23)
2025-04-30 15:33:04 [WARNING] 图像模糊，尝试重新获取 (第6次尝试)
2025-04-30 15:33:06 [INFO] 正在获取图像，尝试 7/10 (已耗时: 32.5秒)
2025-04-30 15:33:10 [INFO] 图像质量: 模糊 拉普拉斯变异度低 (0.00 < 100) | Sobel梯度均值低 (0.00 < 20) | 边缘检测点少 (0.00% < 1.0%) | 高频能量正常 (31.18)
2025-04-30 15:33:10 [WARNING] 图像模糊，尝试重新获取 (第7次尝试)
2025-04-30 15:33:12 [INFO] 正在获取图像，尝试 8/10 (已耗时: 38.0秒)
2025-04-30 15:33:15 [INFO] 图像质量: 模糊 拉普拉斯变异度低 (0.01 < 100) | Sobel梯度均值低 (0.00 < 20) | 边缘检测点少 (0.00% < 1.0%) | 高频能量正常 (72.78)
2025-04-30 15:33:15 [WARNING] 图像模糊，尝试重新获取 (第8次尝试)
2025-04-30 15:33:17 [ERROR] 获取清晰图像超时 (40.0秒)
2025-04-30 15:33:17 [WARNING] 返回超时前的最后一帧图像
2025-04-30 15:33:46 [INFO] 正在获取图像，尝试 1/10 (已耗时: 0.0秒)
2025-04-30 15:33:50 [INFO] 图像质量: 模糊 拉普拉斯变异度低 (0.03 < 100) | Sobel梯度均值低 (0.01 < 20) | 边缘检测点少 (0.00% < 1.0%) | 高频能量正常 (90.07)
2025-04-30 15:33:50 [WARNING] 图像模糊，尝试重新获取 (第1次尝试)
2025-04-30 15:33:52 [INFO] 正在获取图像，尝试 2/10 (已耗时: 5.4秒)
2025-04-30 15:33:55 [INFO] 图像质量: 模糊 拉普拉斯变异度低 (0.00 < 100) | Sobel梯度均值低 (0.00 < 20) | 边缘检测点少 (0.00% < 1.0%) | 高频能量正常 (54.11)
2025-04-30 15:33:55 [WARNING] 图像模糊，尝试重新获取 (第2次尝试)
2025-04-30 15:33:57 [INFO] 正在获取图像，尝试 3/10 (已耗时: 10.8秒)
2025-04-30 15:34:00 [INFO] 图像质量: 模糊 拉普拉斯变异度低 (0.00 < 100) | Sobel梯度均值低 (0.00 < 20) | 边缘检测点少 (0.00% < 1.0%) | 高频能量低 (28.94 < 30)
2025-04-30 15:34:00 [WARNING] 图像模糊，尝试重新获取 (第3次尝试)
2025-04-30 15:34:02 [INFO] 正在获取图像，尝试 4/10 (已耗时: 16.2秒)
2025-04-30 15:34:06 [INFO] 图像质量: 模糊 拉普拉斯变异度低 (0.01 < 100) | Sobel梯度均值低 (0.00 < 20) | 边缘检测点少 (0.00% < 1.0%) | 高频能量正常 (70.47)
2025-04-30 15:34:06 [WARNING] 图像模糊，尝试重新获取 (第4次尝试)
2025-04-30 15:34:08 [INFO] 正在获取图像，尝试 5/10 (已耗时: 21.6秒)
2025-04-30 15:34:11 [INFO] 图像质量: 模糊 拉普拉斯变异度低 (0.00 < 100) | Sobel梯度均值低 (0.00 < 20) | 边缘检测点少 (0.00% < 1.0%) | 高频能量正常 (33.83)
2025-04-30 15:34:11 [WARNING] 图像模糊，尝试重新获取 (第5次尝试)
2025-04-30 15:34:13 [INFO] 正在获取图像，尝试 6/10 (已耗时: 27.0秒)
2025-04-30 15:34:17 [INFO] 图像质量: 模糊 拉普拉斯变异度低 (0.00 < 100) | Sobel梯度均值低 (0.00 < 20) | 边缘检测点少 (0.00% < 1.0%) | 高频能量正常 (72.32)
2025-04-30 15:34:17 [WARNING] 图像模糊，尝试重新获取 (第6次尝试)
2025-04-30 15:34:19 [INFO] 正在获取图像，尝试 7/10 (已耗时: 32.4秒)
2025-04-30 15:34:22 [INFO] 图像质量: 模糊 拉普拉斯变异度低 (0.00 < 100) | Sobel梯度均值低 (0.00 < 20) | 边缘检测点少 (0.00% < 1.0%) | 高频能量低 (0.00 < 30)
2025-04-30 15:34:22 [WARNING] 图像模糊，尝试重新获取 (第7次尝试)
2025-04-30 15:34:24 [INFO] 正在获取图像，尝试 8/10 (已耗时: 37.8秒)
2025-04-30 15:34:27 [INFO] 图像质量: 模糊 拉普拉斯变异度低 (0.00 < 100) | Sobel梯度均值低 (0.00 < 20) | 边缘检测点少 (0.00% < 1.0%) | 高频能量低 (0.00 < 30)
2025-04-30 15:34:27 [WARNING] 图像模糊，尝试重新获取 (第8次尝试)
2025-04-30 15:34:29 [ERROR] 获取清晰图像超时 (40.0秒)
2025-04-30 15:34:29 [WARNING] 返回超时前的最后一帧图像
2025-04-30 15:34:29 [INFO] 正在获取图像，尝试 1/10 (已耗时: 0.0秒)
2025-04-30 15:34:33 [INFO] 图像质量: 模糊 拉普拉斯变异度低 (0.01 < 100) | Sobel梯度均值低 (0.00 < 20) | 边缘检测点少 (0.00% < 1.0%) | 高频能量正常 (67.00)
2025-04-30 15:34:33 [WARNING] 图像模糊，尝试重新获取 (第1次尝试)
2025-04-30 15:34:35 [INFO] 正在获取图像，尝试 2/10 (已耗时: 5.4秒)
2025-04-30 15:34:38 [INFO] 图像质量: 模糊 拉普拉斯变异度低 (0.00 < 100) | Sobel梯度均值低 (0.00 < 20) | 边缘检测点少 (0.00% < 1.0%) | 高频能量正常 (52.87)
2025-04-30 15:34:38 [WARNING] 图像模糊，尝试重新获取 (第2次尝试)
2025-04-30 15:34:40 [INFO] 正在获取图像，尝试 3/10 (已耗时: 10.7秒)
2025-04-30 15:34:44 [INFO] 图像质量: 模糊 拉普拉斯变异度低 (73.86 < 100) | Sobel梯度均值低 (13.57 < 20) | 边缘检测点少 (0.51% < 1.0%) | 高频能量正常 (165.28)
2025-04-30 15:34:44 [WARNING] 图像模糊，尝试重新获取 (第3次尝试)
2025-04-30 15:34:46 [INFO] 正在获取图像，尝试 4/10 (已耗时: 16.2秒)
2025-04-30 15:34:49 [INFO] 图像质量: 模糊 拉普拉斯变异度低 (74.90 < 100) | Sobel梯度均值低 (13.60 < 20) | 边缘检测点少 (0.51% < 1.0%) | 高频能量正常 (165.42)
2025-04-30 15:34:49 [WARNING] 图像模糊，尝试重新获取 (第4次尝试)
2025-04-30 15:34:51 [INFO] 正在获取图像，尝试 5/10 (已耗时: 21.6秒)
2025-04-30 15:34:54 [INFO] 图像质量: 模糊 拉普拉斯变异度低 (73.65 < 100) | Sobel梯度均值低 (13.60 < 20) | 边缘检测点少 (0.51% < 1.0%) | 高频能量正常 (165.22)
2025-04-30 15:34:54 [WARNING] 图像模糊，尝试重新获取 (第5次尝试)
2025-04-30 15:34:56 [INFO] 正在获取图像，尝试 6/10 (已耗时: 27.0秒)
2025-04-30 15:35:00 [INFO] 图像质量: 模糊 拉普拉斯变异度低 (73.82 < 100) | Sobel梯度均值低 (13.62 < 20) | 边缘检测点少 (0.51% < 1.0%) | 高频能量正常 (165.25)
2025-04-30 15:35:00 [WARNING] 图像模糊，尝试重新获取 (第6次尝试)
2025-04-30 15:35:02 [INFO] 正在获取图像，尝试 7/10 (已耗时: 32.4秒)
2025-04-30 15:35:05 [INFO] 图像质量: 模糊 拉普拉斯变异度低 (0.00 < 100) | Sobel梯度均值低 (0.00 < 20) | 边缘检测点少 (0.00% < 1.0%) | 高频能量低 (19.74 < 30)
2025-04-30 15:35:05 [WARNING] 图像模糊，尝试重新获取 (第7次尝试)
2025-04-30 15:35:07 [INFO] 正在获取图像，尝试 8/10 (已耗时: 37.6秒)
2025-04-30 15:35:10 [INFO] 图像质量: 模糊 拉普拉斯变异度低 (1.04 < 100) | Sobel梯度均值低 (0.05 < 20) | 边缘检测点少 (0.00% < 1.0%) | 高频能量正常 (124.91)
2025-04-30 15:35:10 [WARNING] 图像模糊，尝试重新获取 (第8次尝试)
2025-04-30 15:35:12 [ERROR] 获取清晰图像超时 (40.0秒)
2025-04-30 15:35:12 [WARNING] 返回超时前的最后一帧图像
2025-04-30 15:35:22 [INFO] 正在获取图像，尝试 1/10 (已耗时: 0.0秒)
2025-04-30 15:35:26 [INFO] 图像质量: 模糊 拉普拉斯变异度低 (73.75 < 100) | Sobel梯度均值低 (13.58 < 20) | 边缘检测点少 (0.50% < 1.0%) | 高频能量正常 (165.16)
2025-04-30 15:35:26 [WARNING] 图像模糊，尝试重新获取 (第1次尝试)
2025-04-30 15:35:28 [INFO] 正在获取图像，尝试 2/10 (已耗时: 5.5秒)
2025-04-30 15:35:31 [INFO] 图像质量: 模糊 拉普拉斯变异度低 (74.22 < 100) | Sobel梯度均值低 (13.64 < 20) | 边缘检测点少 (0.51% < 1.0%) | 高频能量正常 (165.25)
2025-04-30 15:35:31 [WARNING] 图像模糊，尝试重新获取 (第2次尝试)
2025-04-30 15:35:33 [INFO] 正在获取图像，尝试 3/10 (已耗时: 10.8秒)
2025-04-30 15:35:36 [INFO] 图像质量: 模糊 拉普拉斯变异度低 (74.10 < 100) | Sobel梯度均值低 (13.58 < 20) | 边缘检测点少 (0.50% < 1.0%) | 高频能量正常 (165.31)
2025-04-30 15:35:36 [WARNING] 图像模糊，尝试重新获取 (第3次尝试)
2025-04-30 15:35:38 [INFO] 正在获取图像，尝试 4/10 (已耗时: 16.2秒)
2025-04-30 15:35:42 [INFO] 图像质量: 模糊 拉普拉斯变异度低 (75.05 < 100) | Sobel梯度均值低 (13.59 < 20) | 边缘检测点少 (0.51% < 1.0%) | 高频能量正常 (165.43)
2025-04-30 15:35:42 [WARNING] 图像模糊，尝试重新获取 (第4次尝试)
2025-04-30 15:35:44 [INFO] 正在获取图像，尝试 5/10 (已耗时: 21.6秒)
2025-04-30 15:35:47 [INFO] 图像质量: 模糊 拉普拉斯变异度低 (0.00 < 100) | Sobel梯度均值低 (0.00 < 20) | 边缘检测点少 (0.00% < 1.0%) | 高频能量低 (19.74 < 30)
2025-04-30 15:35:47 [WARNING] 图像模糊，尝试重新获取 (第5次尝试)
2025-04-30 15:35:49 [INFO] 正在获取图像，尝试 6/10 (已耗时: 26.9秒)
2025-04-30 15:35:52 [INFO] 图像质量: 模糊 拉普拉斯变异度低 (1.03 < 100) | Sobel梯度均值低 (0.05 < 20) | 边缘检测点少 (0.00% < 1.0%) | 高频能量正常 (126.57)
2025-04-30 15:35:52 [WARNING] 图像模糊，尝试重新获取 (第6次尝试)
2025-04-30 15:35:54 [INFO] 正在获取图像，尝试 7/10 (已耗时: 32.3秒)
2025-04-30 15:35:58 [INFO] 图像质量: 模糊 拉普拉斯变异度低 (0.00 < 100) | Sobel梯度均值低 (0.00 < 20) | 边缘检测点少 (0.00% < 1.0%) | 高频能量低 (25.35 < 30)
2025-04-30 15:35:58 [WARNING] 图像模糊，尝试重新获取 (第7次尝试)
2025-04-30 15:36:00 [INFO] 正在获取图像，尝试 8/10 (已耗时: 37.5秒)
2025-04-30 15:36:03 [INFO] 图像质量: 模糊 拉普拉斯变异度低 (0.00 < 100) | Sobel梯度均值低 (0.00 < 20) | 边缘检测点少 (0.00% < 1.0%) | 高频能量正常 (53.48)
2025-04-30 15:36:03 [WARNING] 图像模糊，尝试重新获取 (第8次尝试)
2025-04-30 15:36:05 [ERROR] 获取清晰图像超时 (40.0秒)
2025-04-30 15:36:05 [WARNING] 返回超时前的最后一帧图像
2025-04-30 15:36:15 [INFO] 正在获取图像，尝试 1/10 (已耗时: 0.0秒)
2025-04-30 15:36:18 [INFO] 图像质量: 模糊 拉普拉斯变异度低 (74.71 < 100) | Sobel梯度均值低 (13.64 < 20) | 边缘检测点少 (0.51% < 1.0%) | 高频能量正常 (165.25)
2025-04-30 15:36:18 [WARNING] 图像模糊，尝试重新获取 (第1次尝试)
2025-04-30 15:36:20 [INFO] 正在获取图像，尝试 2/10 (已耗时: 5.4秒)
2025-04-30 15:36:24 [INFO] 图像质量: 模糊 拉普拉斯变异度低 (73.33 < 100) | Sobel梯度均值低 (13.59 < 20) | 边缘检测点少 (0.50% < 1.0%) | 高频能量正常 (165.02)
2025-04-30 15:36:24 [WARNING] 图像模糊，尝试重新获取 (第2次尝试)
2025-04-30 15:36:26 [INFO] 正在获取图像，尝试 3/10 (已耗时: 10.8秒)
2025-04-30 15:36:29 [INFO] 图像质量: 模糊 拉普拉斯变异度低 (0.00 < 100) | Sobel梯度均值低 (0.00 < 20) | 边缘检测点少 (0.00% < 1.0%) | 高频能量正常 (46.87)
2025-04-30 15:36:29 [WARNING] 图像模糊，尝试重新获取 (第3次尝试)
2025-04-30 15:36:31 [INFO] 正在获取图像，尝试 4/10 (已耗时: 16.4秒)
2025-04-30 15:36:35 [INFO] 图像质量: 模糊 拉普拉斯变异度低 (74.87 < 100) | Sobel梯度均值低 (13.61 < 20) | 边缘检测点少 (0.51% < 1.0%) | 高频能量正常 (165.37)
2025-04-30 15:36:35 [WARNING] 图像模糊，尝试重新获取 (第4次尝试)
2025-04-30 15:36:37 [INFO] 正在获取图像，尝试 5/10 (已耗时: 21.9秒)
2025-04-30 15:36:40 [INFO] 图像质量: 模糊 拉普拉斯变异度低 (0.00 < 100) | Sobel梯度均值低 (0.00 < 20) | 边缘检测点少 (0.00% < 1.0%) | 高频能量正常 (36.31)
2025-04-30 15:36:40 [WARNING] 图像模糊，尝试重新获取 (第5次尝试)
2025-04-30 15:36:42 [INFO] 正在获取图像，尝试 6/10 (已耗时: 27.4秒)
2025-04-30 15:36:46 [INFO] 图像质量: 模糊 拉普拉斯变异度低 (75.01 < 100) | Sobel梯度均值低 (13.60 < 20) | 边缘检测点少 (0.51% < 1.0%) | 高频能量正常 (165.38)
2025-04-30 15:36:46 [WARNING] 图像模糊，尝试重新获取 (第6次尝试)
2025-04-30 15:36:48 [INFO] 正在获取图像，尝试 7/10 (已耗时: 32.8秒)
2025-04-30 15:36:51 [INFO] 图像质量: 模糊 拉普拉斯变异度低 (75.19 < 100) | Sobel梯度均值低 (13.63 < 20) | 边缘检测点少 (0.51% < 1.0%) | 高频能量正常 (165.44)
2025-04-30 15:36:51 [WARNING] 图像模糊，尝试重新获取 (第7次尝试)
2025-04-30 15:36:53 [INFO] 正在获取图像，尝试 8/10 (已耗时: 38.2秒)
2025-04-30 15:36:56 [INFO] 图像质量: 模糊 拉普拉斯变异度低 (74.18 < 100) | Sobel梯度均值低 (13.62 < 20) | 边缘检测点少 (0.50% < 1.0%) | 高频能量正常 (165.28)
2025-04-30 15:36:56 [WARNING] 图像模糊，尝试重新获取 (第8次尝试)
2025-04-30 15:36:58 [ERROR] 获取清晰图像超时 (40.0秒)
2025-04-30 15:36:58 [WARNING] 返回超时前的最后一帧图像
2025-04-30 15:37:31 [INFO] 正在获取图像，尝试 1/10 (已耗时: 0.0秒)
2025-04-30 15:37:35 [INFO] 图像质量: 模糊 拉普拉斯变异度低 (74.44 < 100) | Sobel梯度均值低 (13.62 < 20) | 边缘检测点少 (0.51% < 1.0%) | 高频能量正常 (165.43)
2025-04-30 15:37:35 [WARNING] 图像模糊，尝试重新获取 (第1次尝试)
2025-04-30 15:37:37 [INFO] 正在获取图像，尝试 2/10 (已耗时: 5.6秒)
2025-04-30 15:37:40 [INFO] 图像质量: 模糊 拉普拉斯变异度低 (0.00 < 100) | Sobel梯度均值低 (0.00 < 20) | 边缘检测点少 (0.00% < 1.0%) | 高频能量正常 (63.82)
2025-04-30 15:37:40 [WARNING] 图像模糊，尝试重新获取 (第2次尝试)
2025-04-30 15:37:42 [INFO] 正在获取图像，尝试 3/10 (已耗时: 10.9秒)
2025-04-30 15:37:45 [INFO] 图像质量: 模糊 拉普拉斯变异度低 (0.06 < 100) | Sobel梯度均值低 (0.01 < 20) | 边缘检测点少 (0.00% < 1.0%) | 高频能量正常 (97.24)
2025-04-30 15:37:45 [WARNING] 图像模糊，尝试重新获取 (第3次尝试)
2025-04-30 15:37:47 [INFO] 正在获取图像，尝试 4/10 (已耗时: 16.2秒)
2025-04-30 15:37:51 [INFO] 图像质量: 模糊 拉普拉斯变异度低 (0.00 < 100) | Sobel梯度均值低 (0.00 < 20) | 边缘检测点少 (0.00% < 1.0%) | 高频能量正常 (45.24)
2025-04-30 15:37:51 [WARNING] 图像模糊，尝试重新获取 (第4次尝试)
2025-04-30 15:37:53 [INFO] 正在获取图像，尝试 5/10 (已耗时: 21.6秒)
2025-04-30 15:37:56 [INFO] 图像质量: 模糊 拉普拉斯变异度低 (0.00 < 100) | Sobel梯度均值低 (0.00 < 20) | 边缘检测点少 (0.00% < 1.0%) | 高频能量低 (19.74 < 30)
2025-04-30 15:37:56 [WARNING] 图像模糊，尝试重新获取 (第5次尝试)
2025-04-30 15:37:58 [INFO] 正在获取图像，尝试 6/10 (已耗时: 26.8秒)
2025-04-30 15:38:01 [INFO] 图像质量: 模糊 拉普拉斯变异度低 (74.56 < 100) | Sobel梯度均值低 (13.59 < 20) | 边缘检测点少 (0.51% < 1.0%) | 高频能量正常 (165.39)
2025-04-30 15:38:01 [WARNING] 图像模糊，尝试重新获取 (第6次尝试)
2025-04-30 15:38:03 [INFO] 正在获取图像，尝试 7/10 (已耗时: 32.2秒)
2025-04-30 15:38:07 [INFO] 图像质量: 模糊 拉普拉斯变异度低 (0.00 < 100) | Sobel梯度均值低 (0.00 < 20) | 边缘检测点少 (0.00% < 1.0%) | 高频能量正常 (36.82)
2025-04-30 15:38:07 [WARNING] 图像模糊，尝试重新获取 (第7次尝试)
2025-04-30 15:38:09 [INFO] 正在获取图像，尝试 8/10 (已耗时: 37.4秒)
2025-04-30 15:38:12 [INFO] 图像质量: 模糊 拉普拉斯变异度低 (0.00 < 100) | Sobel梯度均值低 (0.00 < 20) | 边缘检测点少 (0.00% < 1.0%) | 高频能量低 (23.39 < 30)
2025-04-30 15:38:12 [WARNING] 图像模糊，尝试重新获取 (第8次尝试)
2025-04-30 15:38:14 [ERROR] 获取清晰图像超时 (40.0秒)
2025-04-30 15:38:14 [WARNING] 返回超时前的最后一帧图像
2025-04-30 15:38:14 [INFO] 正在获取图像，尝试 1/10 (已耗时: 0.0秒)
2025-04-30 15:38:18 [INFO] 图像质量: 模糊 拉普拉斯变异度低 (1.14 < 100) | Sobel梯度均值低 (0.05 < 20) | 边缘检测点少 (0.00% < 1.0%) | 高频能量正常 (125.34)
2025-04-30 15:38:18 [WARNING] 图像模糊，尝试重新获取 (第1次尝试)
2025-04-30 15:38:20 [INFO] 正在获取图像，尝试 2/10 (已耗时: 5.5秒)
2025-04-30 15:38:23 [INFO] 图像质量: 模糊 拉普拉斯变异度低 (0.00 < 100) | Sobel梯度均值低 (0.00 < 20) | 边缘检测点少 (0.00% < 1.0%) | 高频能量正常 (45.24)
2025-04-30 15:38:23 [WARNING] 图像模糊，尝试重新获取 (第2次尝试)
2025-04-30 15:38:25 [INFO] 正在获取图像，尝试 3/10 (已耗时: 10.8秒)
2025-04-30 15:38:28 [INFO] 图像质量: 模糊 拉普拉斯变异度低 (0.00 < 100) | Sobel梯度均值低 (0.00 < 20) | 边缘检测点少 (0.00% < 1.0%) | 高频能量正常 (34.87)
2025-04-30 15:38:28 [WARNING] 图像模糊，尝试重新获取 (第3次尝试)
2025-04-30 15:38:30 [INFO] 正在获取图像，尝试 4/10 (已耗时: 16.1秒)
2025-04-30 15:38:34 [INFO] 图像质量: 模糊 拉普拉斯变异度低 (74.58 < 100) | Sobel梯度均值低 (13.57 < 20) | 边缘检测点少 (0.51% < 1.0%) | 高频能量正常 (165.42)
2025-04-30 15:38:34 [WARNING] 图像模糊，尝试重新获取 (第4次尝试)
2025-04-30 15:38:36 [INFO] 正在获取图像，尝试 5/10 (已耗时: 21.5秒)
2025-04-30 15:38:39 [INFO] 图像质量: 模糊 拉普拉斯变异度低 (0.00 < 100) | Sobel梯度均值低 (0.00 < 20) | 边缘检测点少 (0.00% < 1.0%) | 高频能量低 (0.00 < 30)
2025-04-30 15:38:39 [WARNING] 图像模糊，尝试重新获取 (第5次尝试)
2025-04-30 15:38:41 [INFO] 正在获取图像，尝试 6/10 (已耗时: 27.0秒)
2025-04-30 15:38:44 [INFO] 图像质量: 模糊 拉普拉斯变异度低 (1.11 < 100) | Sobel梯度均值低 (0.05 < 20) | 边缘检测点少 (0.00% < 1.0%) | 高频能量正常 (125.27)
2025-04-30 15:38:44 [WARNING] 图像模糊，尝试重新获取 (第6次尝试)
2025-04-30 15:38:46 [INFO] 正在获取图像，尝试 7/10 (已耗时: 32.4秒)
2025-04-30 15:38:50 [INFO] 图像质量: 模糊 拉普拉斯变异度低 (0.00 < 100) | Sobel梯度均值低 (0.00 < 20) | 边缘检测点少 (0.00% < 1.0%) | 高频能量正常 (51.39)
2025-04-30 15:38:50 [WARNING] 图像模糊，尝试重新获取 (第7次尝试)
2025-04-30 15:38:52 [INFO] 正在获取图像，尝试 8/10 (已耗时: 37.8秒)
2025-04-30 15:38:55 [INFO] 图像质量: 模糊 拉普拉斯变异度低 (0.00 < 100) | Sobel梯度均值低 (0.00 < 20) | 边缘检测点少 (0.00% < 1.0%) | 高频能量正常 (37.01)
2025-04-30 15:38:55 [WARNING] 图像模糊，尝试重新获取 (第8次尝试)
2025-04-30 15:38:57 [ERROR] 获取清晰图像超时 (40.0秒)
2025-04-30 15:38:57 [WARNING] 返回超时前的最后一帧图像
2025-04-30 15:39:07 [INFO] 正在获取图像，尝试 1/10 (已耗时: 0.0秒)
2025-04-30 15:39:10 [INFO] 图像质量: 模糊 拉普拉斯变异度低 (74.93 < 100) | Sobel梯度均值低 (13.58 < 20) | 边缘检测点少 (0.51% < 1.0%) | 高频能量正常 (165.49)
2025-04-30 15:39:10 [WARNING] 图像模糊，尝试重新获取 (第1次尝试)
2025-04-30 15:39:12 [INFO] 正在获取图像，尝试 2/10 (已耗时: 5.4秒)
2025-04-30 15:39:16 [INFO] 图像质量: 模糊 拉普拉斯变异度低 (74.24 < 100) | Sobel梯度均值低 (13.59 < 20) | 边缘检测点少 (0.50% < 1.0%) | 高频能量正常 (165.29)
2025-04-30 15:39:16 [WARNING] 图像模糊，尝试重新获取 (第2次尝试)
2025-04-30 15:39:18 [INFO] 正在获取图像，尝试 3/10 (已耗时: 10.9秒)
2025-04-30 15:39:21 [INFO] 图像质量: 模糊 拉普拉斯变异度低 (0.00 < 100) | Sobel梯度均值低 (0.00 < 20) | 边缘检测点少 (0.00% < 1.0%) | 高频能量低 (0.00 < 30)
2025-04-30 15:39:21 [WARNING] 图像模糊，尝试重新获取 (第3次尝试)
2025-04-30 15:39:23 [INFO] 正在获取图像，尝试 4/10 (已耗时: 16.3秒)
2025-04-30 15:39:27 [INFO] 图像质量: 模糊 拉普拉斯变异度低 (0.00 < 100) | Sobel梯度均值低 (0.00 < 20) | 边缘检测点少 (0.00% < 1.0%) | 高频能量低 (0.00 < 30)
2025-04-30 15:39:27 [WARNING] 图像模糊，尝试重新获取 (第4次尝试)
2025-04-30 15:39:29 [INFO] 正在获取图像，尝试 5/10 (已耗时: 21.7秒)
2025-04-30 15:39:32 [INFO] 图像质量: 模糊 拉普拉斯变异度低 (0.00 < 100) | Sobel梯度均值低 (0.00 < 20) | 边缘检测点少 (0.00% < 1.0%) | 高频能量正常 (37.64)
2025-04-30 15:39:32 [WARNING] 图像模糊，尝试重新获取 (第5次尝试)
2025-04-30 15:39:34 [INFO] 正在获取图像，尝试 6/10 (已耗时: 27.1秒)
2025-04-30 15:39:37 [INFO] 图像质量: 模糊 拉普拉斯变异度低 (1.11 < 100) | Sobel梯度均值低 (0.05 < 20) | 边缘检测点少 (0.00% < 1.0%) | 高频能量正常 (125.21)
2025-04-30 15:39:37 [WARNING] 图像模糊，尝试重新获取 (第6次尝试)
2025-04-30 15:39:39 [INFO] 正在获取图像，尝试 7/10 (已耗时: 32.4秒)
2025-04-30 15:39:43 [INFO] 图像质量: 模糊 拉普拉斯变异度低 (0.00 < 100) | Sobel梯度均值低 (0.00 < 20) | 边缘检测点少 (0.00% < 1.0%) | 高频能量正常 (55.37)
2025-04-30 15:39:43 [WARNING] 图像模糊，尝试重新获取 (第7次尝试)
2025-04-30 15:39:45 [INFO] 正在获取图像，尝试 8/10 (已耗时: 37.7秒)
2025-04-30 15:39:48 [INFO] 图像质量: 模糊 拉普拉斯变异度低 (0.00 < 100) | Sobel梯度均值低 (0.00 < 20) | 边缘检测点少 (0.00% < 1.0%) | 高频能量正常 (53.02)
2025-04-30 15:39:48 [WARNING] 图像模糊，尝试重新获取 (第8次尝试)
2025-04-30 15:39:50 [ERROR] 获取清晰图像超时 (40.0秒)
2025-04-30 15:39:50 [WARNING] 返回超时前的最后一帧图像
2025-04-30 15:40:00 [INFO] 正在获取图像，尝试 1/10 (已耗时: 0.0秒)
2025-04-30 15:40:03 [INFO] 图像质量: 模糊 拉普拉斯变异度低 (0.01 < 100) | Sobel梯度均值低 (0.01 < 20) | 边缘检测点少 (0.00% < 1.0%) | 高频能量正常 (80.29)
2025-04-30 15:40:03 [WARNING] 图像模糊，尝试重新获取 (第1次尝试)
2025-04-30 15:40:05 [INFO] 正在获取图像，尝试 2/10 (已耗时: 5.4秒)
2025-04-30 15:40:09 [INFO] 图像质量: 模糊 拉普拉斯变异度低 (75.05 < 100) | Sobel梯度均值低 (13.66 < 20) | 边缘检测点少 (0.51% < 1.0%) | 高频能量正常 (165.48)
2025-04-30 15:40:09 [WARNING] 图像模糊，尝试重新获取 (第2次尝试)
2025-04-30 15:40:11 [INFO] 正在获取图像，尝试 3/10 (已耗时: 10.9秒)
2025-04-30 15:40:14 [INFO] 图像质量: 模糊 拉普拉斯变异度低 (73.05 < 100) | Sobel梯度均值低 (13.54 < 20) | 边缘检测点少 (0.51% < 1.0%) | 高频能量正常 (164.93)
2025-04-30 15:40:14 [WARNING] 图像模糊，尝试重新获取 (第3次尝试)
2025-04-30 15:40:16 [INFO] 正在获取图像，尝试 4/10 (已耗时: 16.3秒)
2025-04-30 15:40:20 [INFO] 图像质量: 模糊 拉普拉斯变异度低 (73.54 < 100) | Sobel梯度均值低 (13.57 < 20) | 边缘检测点少 (0.51% < 1.0%) | 高频能量正常 (165.09)
2025-04-30 15:40:20 [WARNING] 图像模糊，尝试重新获取 (第4次尝试)
2025-04-30 15:40:22 [INFO] 正在获取图像，尝试 5/10 (已耗时: 21.8秒)
2025-04-30 15:40:25 [INFO] 图像质量: 模糊 拉普拉斯变异度低 (0.00 < 100) | Sobel梯度均值低 (0.00 < 20) | 边缘检测点少 (0.00% < 1.0%) | 高频能量低 (0.00 < 30)
2025-04-30 15:40:25 [WARNING] 图像模糊，尝试重新获取 (第5次尝试)
2025-04-30 15:40:27 [INFO] 正在获取图像，尝试 6/10 (已耗时: 27.2秒)
2025-04-30 15:40:30 [INFO] 图像质量: 模糊 拉普拉斯变异度低 (0.91 < 100) | Sobel梯度均值低 (0.05 < 20) | 边缘检测点少 (0.00% < 1.0%) | 高频能量正常 (123.65)
2025-04-30 15:40:30 [WARNING] 图像模糊，尝试重新获取 (第6次尝试)
2025-04-30 15:40:33 [INFO] 正在获取图像，尝试 7/10 (已耗时: 32.7秒)
2025-04-30 15:40:36 [INFO] 图像质量: 模糊 拉普拉斯变异度低 (0.00 < 100) | Sobel梯度均值低 (0.00 < 20) | 边缘检测点少 (0.00% < 1.0%) | 高频能量正常 (68.83)
2025-04-30 15:40:36 [WARNING] 图像模糊，尝试重新获取 (第7次尝试)
2025-04-30 15:40:38 [INFO] 正在获取图像，尝试 8/10 (已耗时: 38.2秒)
2025-04-30 15:40:41 [INFO] 图像质量: 模糊 拉普拉斯变异度低 (0.00 < 100) | Sobel梯度均值低 (0.00 < 20) | 边缘检测点少 (0.00% < 1.0%) | 高频能量低 (24.54 < 30)
2025-04-30 15:40:41 [WARNING] 图像模糊，尝试重新获取 (第8次尝试)
2025-04-30 15:40:43 [ERROR] 获取清晰图像超时 (40.0秒)
2025-04-30 15:40:43 [WARNING] 返回超时前的最后一帧图像
2025-04-30 15:43:40 [INFO] 正在获取图像，尝试 1/10 (已耗时: 0.0秒)
2025-04-30 15:43:43 [INFO] 图像质量: 模糊 拉普拉斯变异度低 (0.01 < 100) | Sobel梯度均值低 (0.00 < 20) | 边缘检测点少 (0.00% < 1.0%) | 高频能量正常 (69.86)
2025-04-30 15:43:43 [WARNING] 图像模糊，尝试重新获取 (第1次尝试)
2025-04-30 15:43:45 [INFO] 正在获取图像，尝试 2/10 (已耗时: 5.6秒)
2025-04-30 15:43:49 [INFO] 图像质量: 模糊 拉普拉斯变异度低 (0.00 < 100) | Sobel梯度均值低 (0.00 < 20) | 边缘检测点少 (0.00% < 1.0%) | 高频能量正常 (55.95)
2025-04-30 15:43:49 [WARNING] 图像模糊，尝试重新获取 (第2次尝试)
2025-04-30 15:43:51 [INFO] 正在获取图像，尝试 3/10 (已耗时: 11.1秒)
2025-04-30 15:43:54 [INFO] 图像质量: 模糊 拉普拉斯变异度低 (0.00 < 100) | Sobel梯度均值低 (0.00 < 20) | 边缘检测点少 (0.00% < 1.0%) | 高频能量正常 (52.62)
2025-04-30 15:43:54 [WARNING] 图像模糊，尝试重新获取 (第3次尝试)
2025-04-30 15:43:56 [INFO] 正在获取图像，尝试 4/10 (已耗时: 16.5秒)
2025-04-30 15:44:00 [INFO] 图像质量: 模糊 拉普拉斯变异度低 (0.00 < 100) | Sobel梯度均值低 (0.00 < 20) | 边缘检测点少 (0.00% < 1.0%) | 高频能量正常 (32.11)
2025-04-30 15:44:00 [WARNING] 图像模糊，尝试重新获取 (第4次尝试)
2025-04-30 15:44:02 [INFO] 正在获取图像，尝试 5/10 (已耗时: 21.9秒)
2025-04-30 15:44:05 [INFO] 图像质量: 模糊 拉普拉斯变异度低 (0.00 < 100) | Sobel梯度均值低 (0.00 < 20) | 边缘检测点少 (0.00% < 1.0%) | 高频能量低 (28.30 < 30)
2025-04-30 15:44:05 [WARNING] 图像模糊，尝试重新获取 (第5次尝试)
2025-04-30 15:44:07 [INFO] 正在获取图像，尝试 6/10 (已耗时: 27.4秒)
2025-04-30 15:44:11 [INFO] 图像质量: 模糊 拉普拉斯变异度低 (0.00 < 100) | Sobel梯度均值低 (0.00 < 20) | 边缘检测点少 (0.00% < 1.0%) | 高频能量低 (28.63 < 30)
2025-04-30 15:44:11 [WARNING] 图像模糊，尝试重新获取 (第6次尝试)
2025-04-30 15:44:13 [INFO] 正在获取图像，尝试 7/10 (已耗时: 32.8秒)
2025-04-30 15:44:16 [INFO] 图像质量: 模糊 拉普拉斯变异度低 (0.00 < 100) | Sobel梯度均值低 (0.00 < 20) | 边缘检测点少 (0.00% < 1.0%) | 高频能量低 (19.74 < 30)
2025-04-30 15:44:16 [WARNING] 图像模糊，尝试重新获取 (第7次尝试)
2025-04-30 15:44:18 [INFO] 正在获取图像，尝试 8/10 (已耗时: 38.2秒)
2025-04-30 15:44:21 [INFO] 图像质量: 模糊 拉普拉斯变异度低 (0.06 < 100) | Sobel梯度均值低 (0.01 < 20) | 边缘检测点少 (0.00% < 1.0%) | 高频能量正常 (99.70)
2025-04-30 15:44:21 [WARNING] 图像模糊，尝试重新获取 (第8次尝试)
2025-04-30 15:44:23 [ERROR] 获取清晰图像超时 (40.0秒)
2025-04-30 15:44:23 [WARNING] 返回超时前的最后一帧图像
2025-04-30 15:44:23 [INFO] 正在获取图像，尝试 1/10 (已耗时: 0.0秒)
2025-04-30 15:44:27 [INFO] 图像质量: 模糊 拉普拉斯变异度低 (0.00 < 100) | Sobel梯度均值低 (0.00 < 20) | 边缘检测点少 (0.00% < 1.0%) | 高频能量正常 (45.77)
2025-04-30 15:44:27 [WARNING] 图像模糊，尝试重新获取 (第1次尝试)
2025-04-30 15:44:29 [INFO] 正在获取图像，尝试 2/10 (已耗时: 5.4秒)
2025-04-30 15:44:32 [INFO] 图像质量: 模糊 拉普拉斯变异度低 (0.00 < 100) | Sobel梯度均值低 (0.00 < 20) | 边缘检测点少 (0.00% < 1.0%) | 高频能量正常 (40.09)
2025-04-30 15:44:32 [WARNING] 图像模糊，尝试重新获取 (第2次尝试)
2025-04-30 15:44:34 [INFO] 正在获取图像，尝试 3/10 (已耗时: 10.8秒)
2025-04-30 15:44:38 [INFO] 图像质量: 模糊 拉普拉斯变异度低 (0.00 < 100) | Sobel梯度均值低 (0.00 < 20) | 边缘检测点少 (0.00% < 1.0%) | 高频能量低 (0.00 < 30)
2025-04-30 15:44:38 [WARNING] 图像模糊，尝试重新获取 (第3次尝试)
2025-04-30 15:44:40 [INFO] 正在获取图像，尝试 4/10 (已耗时: 16.1秒)
2025-04-30 15:44:43 [INFO] 图像质量: 模糊 拉普拉斯变异度低 (73.82 < 100) | Sobel梯度均值低 (13.56 < 20) | 边缘检测点少 (0.51% < 1.0%) | 高频能量正常 (165.15)
2025-04-30 15:44:43 [WARNING] 图像模糊，尝试重新获取 (第4次尝试)
2025-04-30 15:44:45 [INFO] 正在获取图像，尝试 5/10 (已耗时: 21.5秒)
2025-04-30 15:44:48 [INFO] 图像质量: 模糊 拉普拉斯变异度低 (74.07 < 100) | Sobel梯度均值低 (13.58 < 20) | 边缘检测点少 (0.51% < 1.0%) | 高频能量正常 (165.27)
2025-04-30 15:44:48 [WARNING] 图像模糊，尝试重新获取 (第5次尝试)
2025-04-30 15:44:50 [INFO] 正在获取图像，尝试 6/10 (已耗时: 26.9秒)
2025-04-30 15:44:54 [INFO] 图像质量: 模糊 拉普拉斯变异度低 (73.03 < 100) | Sobel梯度均值低 (13.52 < 20) | 边缘检测点少 (0.51% < 1.0%) | 高频能量正常 (165.01)
2025-04-30 15:44:54 [WARNING] 图像模糊，尝试重新获取 (第6次尝试)
2025-04-30 15:44:56 [INFO] 正在获取图像，尝试 7/10 (已耗时: 32.3秒)
2025-04-30 15:44:59 [INFO] 图像质量: 模糊 拉普拉斯变异度低 (72.98 < 100) | Sobel梯度均值低 (13.51 < 20) | 边缘检测点少 (0.50% < 1.0%) | 高频能量正常 (165.08)
2025-04-30 15:44:59 [WARNING] 图像模糊，尝试重新获取 (第7次尝试)
2025-04-30 15:45:01 [INFO] 正在获取图像，尝试 8/10 (已耗时: 37.7秒)
2025-04-30 15:45:05 [INFO] 图像质量: 模糊 拉普拉斯变异度低 (73.98 < 100) | Sobel梯度均值低 (13.61 < 20) | 边缘检测点少 (0.50% < 1.0%) | 高频能量正常 (165.17)
2025-04-30 15:45:05 [WARNING] 图像模糊，尝试重新获取 (第8次尝试)
2025-04-30 15:45:07 [ERROR] 获取清晰图像超时 (40.0秒)
2025-04-30 15:45:07 [WARNING] 返回超时前的最后一帧图像
2025-04-30 15:45:16 [INFO] 正在获取图像，尝试 1/10 (已耗时: 0.0秒)
2025-04-30 15:45:20 [INFO] 图像质量: 模糊 拉普拉斯变异度低 (73.06 < 100) | Sobel梯度均值低 (13.51 < 20) | 边缘检测点少 (0.50% < 1.0%) | 高频能量正常 (164.95)
2025-04-30 15:45:20 [WARNING] 图像模糊，尝试重新获取 (第1次尝试)
2025-04-30 15:45:22 [INFO] 正在获取图像，尝试 2/10 (已耗时: 5.4秒)
2025-04-30 15:45:25 [INFO] 图像质量: 模糊 拉普拉斯变异度低 (0.00 < 100) | Sobel梯度均值低 (0.00 < 20) | 边缘检测点少 (0.00% < 1.0%) | 高频能量正常 (59.31)
2025-04-30 15:45:25 [WARNING] 图像模糊，尝试重新获取 (第2次尝试)
2025-04-30 15:45:27 [INFO] 正在获取图像，尝试 3/10 (已耗时: 10.8秒)
2025-04-30 15:45:31 [INFO] 图像质量: 模糊 拉普拉斯变异度低 (0.01 < 100) | Sobel梯度均值低 (0.00 < 20) | 边缘检测点少 (0.00% < 1.0%) | 高频能量正常 (67.79)
2025-04-30 15:45:31 [WARNING] 图像模糊，尝试重新获取 (第3次尝试)
2025-04-30 15:45:33 [INFO] 正在获取图像，尝试 4/10 (已耗时: 16.2秒)
2025-04-30 15:45:36 [INFO] 图像质量: 模糊 拉普拉斯变异度低 (0.00 < 100) | Sobel梯度均值低 (0.00 < 20) | 边缘检测点少 (0.00% < 1.0%) | 高频能量低 (24.07 < 30)
2025-04-30 15:45:36 [WARNING] 图像模糊，尝试重新获取 (第4次尝试)
2025-04-30 15:45:38 [INFO] 正在获取图像，尝试 5/10 (已耗时: 21.6秒)
2025-04-30 15:45:41 [INFO] 图像质量: 模糊 拉普拉斯变异度低 (0.07 < 100) | Sobel梯度均值低 (0.01 < 20) | 边缘检测点少 (0.00% < 1.0%) | 高频能量正常 (99.04)
2025-04-30 15:45:41 [WARNING] 图像模糊，尝试重新获取 (第5次尝试)
2025-04-30 15:45:43 [INFO] 正在获取图像，尝试 6/10 (已耗时: 27.0秒)
2025-04-30 15:45:47 [INFO] 图像质量: 模糊 拉普拉斯变异度低 (0.00 < 100) | Sobel梯度均值低 (0.00 < 20) | 边缘检测点少 (0.00% < 1.0%) | 高频能量正常 (31.82)
2025-04-30 15:45:47 [WARNING] 图像模糊，尝试重新获取 (第6次尝试)
2025-04-30 15:45:49 [INFO] 正在获取图像，尝试 7/10 (已耗时: 32.5秒)
2025-04-30 15:45:52 [INFO] 图像质量: 模糊 拉普拉斯变异度低 (0.00 < 100) | Sobel梯度均值低 (0.00 < 20) | 边缘检测点少 (0.00% < 1.0%) | 高频能量低 (0.00 < 30)
2025-04-30 15:45:52 [WARNING] 图像模糊，尝试重新获取 (第7次尝试)
2025-04-30 15:45:54 [INFO] 正在获取图像，尝试 8/10 (已耗时: 37.9秒)
2025-04-30 15:45:58 [INFO] 图像质量: 模糊 拉普拉斯变异度低 (0.00 < 100) | Sobel梯度均值低 (0.00 < 20) | 边缘检测点少 (0.00% < 1.0%) | 高频能量正常 (38.04)
2025-04-30 15:45:58 [WARNING] 图像模糊，尝试重新获取 (第8次尝试)
2025-04-30 15:46:00 [ERROR] 获取清晰图像超时 (40.0秒)
2025-04-30 15:46:00 [WARNING] 返回超时前的最后一帧图像
2025-04-30 15:46:09 [INFO] 正在获取图像，尝试 1/10 (已耗时: 0.0秒)
2025-04-30 15:46:13 [INFO] 图像质量: 模糊 拉普拉斯变异度低 (73.45 < 100) | Sobel梯度均值低 (13.59 < 20) | 边缘检测点少 (0.51% < 1.0%) | 高频能量正常 (165.07)
2025-04-30 15:46:13 [WARNING] 图像模糊，尝试重新获取 (第1次尝试)
2025-04-30 15:46:15 [INFO] 正在获取图像，尝试 2/10 (已耗时: 5.4秒)
2025-04-30 15:46:18 [INFO] 图像质量: 模糊 拉普拉斯变异度低 (0.00 < 100) | Sobel梯度均值低 (0.00 < 20) | 边缘检测点少 (0.00% < 1.0%) | 高频能量正常 (30.51)
2025-04-30 15:46:18 [WARNING] 图像模糊，尝试重新获取 (第2次尝试)
2025-04-30 15:46:20 [INFO] 正在获取图像，尝试 3/10 (已耗时: 10.7秒)
2025-04-30 15:46:23 [INFO] 图像质量: 模糊 拉普拉斯变异度低 (0.69 < 100) | Sobel梯度均值低 (0.03 < 20) | 边缘检测点少 (0.00% < 1.0%) | 高频能量正常 (117.03)
2025-04-30 15:46:23 [WARNING] 图像模糊，尝试重新获取 (第3次尝试)
2025-04-30 15:46:25 [INFO] 正在获取图像，尝试 4/10 (已耗时: 16.0秒)
2025-04-30 15:46:29 [INFO] 图像质量: 模糊 拉普拉斯变异度低 (0.00 < 100) | Sobel梯度均值低 (0.00 < 20) | 边缘检测点少 (0.00% < 1.0%) | 高频能量低 (27.72 < 30)
2025-04-30 15:46:29 [WARNING] 图像模糊，尝试重新获取 (第4次尝试)
2025-04-30 15:46:31 [INFO] 正在获取图像，尝试 5/10 (已耗时: 21.4秒)
2025-04-30 15:46:34 [INFO] 图像质量: 模糊 拉普拉斯变异度低 (0.00 < 100) | Sobel梯度均值低 (0.00 < 20) | 边缘检测点少 (0.00% < 1.0%) | 高频能量低 (19.70 < 30)
2025-04-30 15:46:34 [WARNING] 图像模糊，尝试重新获取 (第5次尝试)
2025-04-30 15:46:36 [INFO] 正在获取图像，尝试 6/10 (已耗时: 26.7秒)
2025-04-30 15:46:40 [INFO] 图像质量: 模糊 拉普拉斯变异度低 (0.02 < 100) | Sobel梯度均值低 (0.01 < 20) | 边缘检测点少 (0.00% < 1.0%) | 高频能量正常 (89.83)
2025-04-30 15:46:40 [WARNING] 图像模糊，尝试重新获取 (第6次尝试)
2025-04-30 15:46:42 [INFO] 正在获取图像，尝试 7/10 (已耗时: 32.1秒)
2025-04-30 15:46:45 [INFO] 图像质量: 模糊 拉普拉斯变异度低 (74.37 < 100) | Sobel梯度均值低 (13.61 < 20) | 边缘检测点少 (0.51% < 1.0%) | 高频能量正常 (165.30)
2025-04-30 15:46:45 [WARNING] 图像模糊，尝试重新获取 (第7次尝试)
2025-04-30 15:46:47 [INFO] 正在获取图像，尝试 8/10 (已耗时: 37.5秒)
2025-04-30 15:46:50 [INFO] 图像质量: 模糊 拉普拉斯变异度低 (0.97 < 100) | Sobel梯度均值低 (0.05 < 20) | 边缘检测点少 (0.00% < 1.0%) | 高频能量正常 (124.76)
2025-04-30 15:46:50 [WARNING] 图像模糊，尝试重新获取 (第8次尝试)
2025-04-30 15:46:52 [ERROR] 获取清晰图像超时 (40.0秒)
2025-04-30 15:46:52 [WARNING] 返回超时前的最后一帧图像
2025-04-30 15:47:52 [INFO] 正在获取图像，尝试 1/10 (已耗时: 0.0秒)
2025-04-30 15:47:55 [INFO] 图像质量: 模糊 拉普拉斯变异度低 (73.54 < 100) | Sobel梯度均值低 (13.60 < 20) | 边缘检测点少 (0.51% < 1.0%) | 高频能量正常 (165.15)
2025-04-30 15:47:55 [WARNING] 图像模糊，尝试重新获取 (第1次尝试)
2025-04-30 15:47:57 [INFO] 正在获取图像，尝试 2/10 (已耗时: 5.5秒)
2025-04-30 15:48:01 [INFO] 图像质量: 模糊 拉普拉斯变异度低 (0.03 < 100) | Sobel梯度均值低 (0.01 < 20) | 边缘检测点少 (0.00% < 1.0%) | 高频能量正常 (89.16)
2025-04-30 15:48:01 [WARNING] 图像模糊，尝试重新获取 (第2次尝试)
2025-04-30 15:48:03 [INFO] 正在获取图像，尝试 3/10 (已耗时: 11.0秒)
2025-04-30 15:48:06 [INFO] 图像质量: 模糊 拉普拉斯变异度低 (0.00 < 100) | Sobel梯度均值低 (0.00 < 20) | 边缘检测点少 (0.00% < 1.0%) | 高频能量低 (19.74 < 30)
2025-04-30 15:48:06 [WARNING] 图像模糊，尝试重新获取 (第3次尝试)
2025-04-30 15:48:08 [INFO] 正在获取图像，尝试 4/10 (已耗时: 16.4秒)
2025-04-30 15:48:11 [INFO] 图像质量: 模糊 拉普拉斯变异度低 (0.00 < 100) | Sobel梯度均值低 (0.00 < 20) | 边缘检测点少 (0.00% < 1.0%) | 高频能量低 (25.36 < 30)
2025-04-30 15:48:11 [WARNING] 图像模糊，尝试重新获取 (第4次尝试)
2025-04-30 15:48:13 [INFO] 正在获取图像，尝试 5/10 (已耗时: 21.7秒)
2025-04-30 15:48:17 [INFO] 图像质量: 模糊 拉普拉斯变异度低 (0.01 < 100) | Sobel梯度均值低 (0.00 < 20) | 边缘检测点少 (0.00% < 1.0%) | 高频能量正常 (70.21)
2025-04-30 15:48:17 [WARNING] 图像模糊，尝试重新获取 (第5次尝试)
2025-04-30 15:48:19 [INFO] 正在获取图像，尝试 6/10 (已耗时: 27.2秒)
2025-04-30 15:48:22 [INFO] 图像质量: 模糊 拉普拉斯变异度低 (74.85 < 100) | Sobel梯度均值低 (13.66 < 20) | 边缘检测点少 (0.51% < 1.0%) | 高频能量正常 (165.28)
2025-04-30 15:48:22 [WARNING] 图像模糊，尝试重新获取 (第6次尝试)
2025-04-30 15:48:24 [INFO] 正在获取图像，尝试 7/10 (已耗时: 32.7秒)
2025-04-30 15:48:28 [INFO] 图像质量: 模糊 拉普拉斯变异度低 (0.00 < 100) | Sobel梯度均值低 (0.00 < 20) | 边缘检测点少 (0.00% < 1.0%) | 高频能量低 (23.95 < 30)
2025-04-30 15:48:28 [WARNING] 图像模糊，尝试重新获取 (第7次尝试)
2025-04-30 15:48:30 [INFO] 正在获取图像，尝试 8/10 (已耗时: 38.2秒)
2025-04-30 15:48:33 [INFO] 图像质量: 模糊 拉普拉斯变异度低 (74.90 < 100) | Sobel梯度均值低 (13.67 < 20) | 边缘检测点少 (0.51% < 1.0%) | 高频能量正常 (165.42)
2025-04-30 15:48:33 [WARNING] 图像模糊，尝试重新获取 (第8次尝试)
2025-04-30 15:48:35 [ERROR] 获取清晰图像超时 (40.0秒)
2025-04-30 15:48:35 [WARNING] 返回超时前的最后一帧图像
2025-04-30 15:48:35 [INFO] 正在获取图像，尝试 1/10 (已耗时: 0.0秒)
2025-04-30 15:48:39 [INFO] 图像质量: 模糊 拉普拉斯变异度低 (0.01 < 100) | Sobel梯度均值低 (0.00 < 20) | 边缘检测点少 (0.00% < 1.0%) | 高频能量正常 (78.28)
2025-04-30 15:48:39 [WARNING] 图像模糊，尝试重新获取 (第1次尝试)
2025-04-30 15:48:41 [INFO] 正在获取图像，尝试 2/10 (已耗时: 5.4秒)
2025-04-30 15:48:44 [INFO] 图像质量: 模糊 拉普拉斯变异度低 (0.00 < 100) | Sobel梯度均值低 (0.00 < 20) | 边缘检测点少 (0.00% < 1.0%) | 高频能量低 (0.00 < 30)
2025-04-30 15:48:44 [WARNING] 图像模糊，尝试重新获取 (第2次尝试)
2025-04-30 15:48:46 [INFO] 正在获取图像，尝试 3/10 (已耗时: 10.8秒)
2025-04-30 15:48:50 [INFO] 图像质量: 模糊 拉普拉斯变异度低 (0.02 < 100) | Sobel梯度均值低 (0.01 < 20) | 边缘检测点少 (0.00% < 1.0%) | 高频能量正常 (85.58)
2025-04-30 15:48:50 [WARNING] 图像模糊，尝试重新获取 (第3次尝试)
2025-04-30 15:48:52 [INFO] 正在获取图像，尝试 4/10 (已耗时: 16.2秒)
2025-04-30 15:48:55 [INFO] 图像质量: 模糊 拉普拉斯变异度低 (74.56 < 100) | Sobel梯度均值低 (13.68 < 20) | 边缘检测点少 (0.51% < 1.0%) | 高频能量正常 (165.32)
2025-04-30 15:48:55 [WARNING] 图像模糊，尝试重新获取 (第4次尝试)
2025-04-30 15:48:57 [INFO] 正在获取图像，尝试 5/10 (已耗时: 21.8秒)
2025-04-30 15:49:00 [INFO] 图像质量: 模糊 拉普拉斯变异度低 (0.86 < 100) | Sobel梯度均值低 (0.04 < 20) | 边缘检测点少 (0.00% < 1.0%) | 高频能量正常 (123.82)
2025-04-30 15:49:00 [WARNING] 图像模糊，尝试重新获取 (第5次尝试)
2025-04-30 15:49:02 [INFO] 正在获取图像，尝试 6/10 (已耗时: 27.1秒)
2025-04-30 15:49:06 [INFO] 图像质量: 模糊 拉普拉斯变异度低 (0.01 < 100) | Sobel梯度均值低 (0.00 < 20) | 边缘检测点少 (0.00% < 1.0%) | 高频能量正常 (47.72)
2025-04-30 15:49:06 [WARNING] 图像模糊，尝试重新获取 (第6次尝试)
2025-04-30 15:49:08 [INFO] 正在获取图像，尝试 7/10 (已耗时: 32.6秒)
2025-04-30 15:49:12 [INFO] 图像质量: 模糊 拉普拉斯变异度低 (75.15 < 100) | Sobel梯度均值低 (13.71 < 20) | 边缘检测点少 (0.52% < 1.0%) | 高频能量正常 (165.37)
2025-04-30 15:49:12 [WARNING] 图像模糊，尝试重新获取 (第7次尝试)
2025-04-30 15:49:14 [INFO] 正在获取图像，尝试 8/10 (已耗时: 38.2秒)
2025-04-30 15:49:17 [INFO] 图像质量: 模糊 拉普拉斯变异度低 (0.00 < 100) | Sobel梯度均值低 (0.00 < 20) | 边缘检测点少 (0.00% < 1.0%) | 高频能量低 (25.95 < 30)
2025-04-30 15:49:17 [WARNING] 图像模糊，尝试重新获取 (第8次尝试)
2025-04-30 15:49:19 [ERROR] 获取清晰图像超时 (40.0秒)
2025-04-30 15:49:19 [WARNING] 返回超时前的最后一帧图像
2025-04-30 15:49:29 [INFO] 正在获取图像，尝试 1/10 (已耗时: 0.0秒)
2025-04-30 15:49:32 [INFO] 图像质量: 模糊 拉普拉斯变异度低 (0.00 < 100) | Sobel梯度均值低 (0.00 < 20) | 边缘检测点少 (0.00% < 1.0%) | 高频能量正常 (35.64)
2025-04-30 15:49:32 [WARNING] 图像模糊，尝试重新获取 (第1次尝试)
2025-04-30 15:49:34 [INFO] 正在获取图像，尝试 2/10 (已耗时: 5.4秒)
2025-04-30 15:49:37 [INFO] 图像质量: 模糊 拉普拉斯变异度低 (1.10 < 100) | Sobel梯度均值低 (0.05 < 20) | 边缘检测点少 (0.00% < 1.0%) | 高频能量正常 (125.08)
2025-04-30 15:49:37 [WARNING] 图像模糊，尝试重新获取 (第2次尝试)
2025-04-30 15:49:39 [INFO] 正在获取图像，尝试 3/10 (已耗时: 10.8秒)
2025-04-30 15:49:43 [INFO] 图像质量: 模糊 拉普拉斯变异度低 (0.00 < 100) | Sobel梯度均值低 (0.00 < 20) | 边缘检测点少 (0.00% < 1.0%) | 高频能量低 (0.00 < 30)
2025-04-30 15:49:43 [WARNING] 图像模糊，尝试重新获取 (第3次尝试)
2025-04-30 15:49:45 [INFO] 正在获取图像，尝试 4/10 (已耗时: 16.2秒)
2025-04-30 15:49:48 [INFO] 图像质量: 模糊 拉普拉斯变异度低 (74.72 < 100) | Sobel梯度均值低 (13.68 < 20) | 边缘检测点少 (0.51% < 1.0%) | 高频能量正常 (165.32)
2025-04-30 15:49:48 [WARNING] 图像模糊，尝试重新获取 (第4次尝试)
2025-04-30 15:49:50 [INFO] 正在获取图像，尝试 5/10 (已耗时: 21.6秒)
2025-04-30 15:49:54 [INFO] 图像质量: 模糊 拉普拉斯变异度低 (0.00 < 100) | Sobel梯度均值低 (0.00 < 20) | 边缘检测点少 (0.00% < 1.0%) | 高频能量正常 (45.24)
2025-04-30 15:49:54 [WARNING] 图像模糊，尝试重新获取 (第5次尝试)
2025-04-30 15:49:56 [INFO] 正在获取图像，尝试 6/10 (已耗时: 27.1秒)
2025-04-30 15:49:59 [INFO] 图像质量: 模糊 拉普拉斯变异度低 (0.00 < 100) | Sobel梯度均值低 (0.00 < 20) | 边缘检测点少 (0.00% < 1.0%) | 高频能量低 (19.74 < 30)
2025-04-30 15:49:59 [WARNING] 图像模糊，尝试重新获取 (第6次尝试)
2025-04-30 15:50:01 [INFO] 正在获取图像，尝试 7/10 (已耗时: 32.5秒)
2025-04-30 15:50:05 [INFO] 图像质量: 模糊 拉普拉斯变异度低 (0.03 < 100) | Sobel梯度均值低 (0.01 < 20) | 边缘检测点少 (0.00% < 1.0%) | 高频能量正常 (87.43)
2025-04-30 15:50:05 [WARNING] 图像模糊，尝试重新获取 (第7次尝试)
2025-04-30 15:50:07 [INFO] 正在获取图像，尝试 8/10 (已耗时: 38.0秒)
2025-04-30 15:50:10 [INFO] 图像质量: 模糊 拉普拉斯变异度低 (0.00 < 100) | Sobel梯度均值低 (0.00 < 20) | 边缘检测点少 (0.00% < 1.0%) | 高频能量低 (19.71 < 30)
2025-04-30 15:50:10 [WARNING] 图像模糊，尝试重新获取 (第8次尝试)
2025-04-30 15:50:12 [ERROR] 获取清晰图像超时 (40.0秒)
2025-04-30 15:50:12 [WARNING] 返回超时前的最后一帧图像
2025-04-30 15:50:22 [INFO] 正在获取图像，尝试 1/10 (已耗时: 0.0秒)
2025-04-30 15:50:25 [INFO] 图像质量: 模糊 拉普拉斯变异度低 (74.27 < 100) | Sobel梯度均值低 (13.49 < 20) | 边缘检测点少 (0.52% < 1.0%) | 高频能量正常 (165.10)
2025-04-30 15:50:25 [WARNING] 图像模糊，尝试重新获取 (第1次尝试)
2025-04-30 15:50:27 [INFO] 正在获取图像，尝试 2/10 (已耗时: 5.5秒)
2025-04-30 15:50:31 [INFO] 图像质量: 模糊 拉普拉斯变异度低 (74.50 < 100) | Sobel梯度均值低 (13.48 < 20) | 边缘检测点少 (0.52% < 1.0%) | 高频能量正常 (165.18)
2025-04-30 15:50:31 [WARNING] 图像模糊，尝试重新获取 (第2次尝试)
2025-04-30 15:50:33 [INFO] 正在获取图像，尝试 3/10 (已耗时: 11.1秒)
2025-04-30 15:50:36 [INFO] 图像质量: 模糊 拉普拉斯变异度低 (75.26 < 100) | Sobel梯度均值低 (13.48 < 20) | 边缘检测点少 (0.52% < 1.0%) | 高频能量正常 (165.29)
2025-04-30 15:50:36 [WARNING] 图像模糊，尝试重新获取 (第3次尝试)
2025-04-30 15:50:38 [INFO] 正在获取图像，尝试 4/10 (已耗时: 16.6秒)
2025-04-30 15:50:42 [INFO] 图像质量: 模糊 拉普拉斯变异度低 (0.00 < 100) | Sobel梯度均值低 (0.00 < 20) | 边缘检测点少 (0.00% < 1.0%) | 高频能量低 (0.00 < 30)
2025-04-30 15:50:42 [WARNING] 图像模糊，尝试重新获取 (第4次尝试)
2025-04-30 15:50:44 [INFO] 正在获取图像，尝试 5/10 (已耗时: 22.0秒)
2025-04-30 15:50:47 [INFO] 图像质量: 模糊 拉普拉斯变异度低 (0.00 < 100) | Sobel梯度均值低 (0.00 < 20) | 边缘检测点少 (0.00% < 1.0%) | 高频能量低 (26.83 < 30)
2025-04-30 15:50:47 [WARNING] 图像模糊，尝试重新获取 (第5次尝试)
2025-04-30 15:50:49 [INFO] 正在获取图像，尝试 6/10 (已耗时: 27.6秒)
2025-04-30 15:50:53 [INFO] 图像质量: 模糊 拉普拉斯变异度低 (0.03 < 100) | Sobel梯度均值低 (0.01 < 20) | 边缘检测点少 (0.00% < 1.0%) | 高频能量正常 (90.84)
2025-04-30 15:50:53 [WARNING] 图像模糊，尝试重新获取 (第6次尝试)
2025-04-30 15:50:55 [INFO] 正在获取图像，尝试 7/10 (已耗时: 33.0秒)
2025-04-30 15:50:58 [INFO] 图像质量: 模糊 拉普拉斯变异度低 (0.00 < 100) | Sobel梯度均值低 (0.00 < 20) | 边缘检测点少 (0.00% < 1.0%) | 高频能量正常 (40.12)
2025-04-30 15:50:58 [WARNING] 图像模糊，尝试重新获取 (第7次尝试)
2025-04-30 15:51:00 [INFO] 正在获取图像，尝试 8/10 (已耗时: 38.3秒)
2025-04-30 15:51:04 [INFO] 图像质量: 模糊 拉普拉斯变异度低 (74.04 < 100) | Sobel梯度均值低 (13.50 < 20) | 边缘检测点少 (0.52% < 1.0%) | 高频能量正常 (165.02)
2025-04-30 15:51:04 [WARNING] 图像模糊，尝试重新获取 (第8次尝试)
2025-04-30 15:51:06 [ERROR] 获取清晰图像超时 (40.0秒)
2025-04-30 15:51:06 [WARNING] 返回超时前的最后一帧图像
