2025-05-11 22:04:34 [INFO] 正在获取图像，尝试 1/30 (已耗时: 0.0秒)
2025-05-11 22:04:38 [INFO] 图像质量: 模糊 拉普拉斯变异度低 (0.09 < 100) | Sobel梯度均值低 (0.17 < 20) | 边缘检测点少 (0.00% < 1.0%) | 高频能量正常 (100.91)
2025-05-11 22:04:38 [WARNING] 图像模糊，尝试重新获取 (第1次尝试)
2025-05-11 22:04:38 [INFO] 正在获取图像，尝试 2/30 (已耗时: 4.1秒)
2025-05-11 22:04:42 [INFO] 图像质量: 模糊 拉普拉斯变异度低 (0.90 < 100) | Sobel梯度均值低 (0.21 < 20) | 边缘检测点少 (0.00% < 1.0%) | 高频能量正常 (125.89)
2025-05-11 22:04:42 [WARNING] 图像模糊，尝试重新获取 (第2次尝试)
2025-05-11 22:04:42 [INFO] 正在获取图像，尝试 3/30 (已耗时: 8.0秒)
2025-05-11 22:04:45 [INFO] 图像质量: 模糊 拉普拉斯变异度低 (0.06 < 100) | Sobel梯度均值低 (0.12 < 20) | 边缘检测点少 (0.00% < 1.0%) | 高频能量正常 (96.69)
2025-05-11 22:04:45 [WARNING] 图像模糊，尝试重新获取 (第3次尝试)
2025-05-11 22:04:46 [INFO] 正在获取图像，尝试 4/30 (已耗时: 11.9秒)
2025-05-11 22:04:49 [INFO] 图像质量: 模糊 拉普拉斯变异度低 (0.11 < 100) | Sobel梯度均值低 (0.23 < 20) | 边缘检测点少 (0.00% < 1.0%) | 高频能量正常 (104.08)
2025-05-11 22:04:49 [WARNING] 图像模糊，尝试重新获取 (第4次尝试)
2025-05-11 22:04:50 [INFO] 正在获取图像，尝试 5/30 (已耗时: 15.9秒)
2025-05-11 22:04:53 [INFO] 图像质量: 模糊 拉普拉斯变异度低 (0.10 < 100) | Sobel梯度均值低 (0.20 < 20) | 边缘检测点少 (0.00% < 1.0%) | 高频能量正常 (103.73)
2025-05-11 22:04:53 [WARNING] 图像模糊，尝试重新获取 (第5次尝试)
2025-05-11 22:04:54 [INFO] 正在获取图像，尝试 6/30 (已耗时: 19.8秒)
2025-05-11 22:04:57 [INFO] 图像质量: 模糊 拉普拉斯变异度低 (0.17 < 100) | Sobel梯度均值低 (0.17 < 20) | 边缘检测点少 (0.00% < 1.0%) | 高频能量正常 (110.37)
2025-05-11 22:04:57 [WARNING] 图像模糊，尝试重新获取 (第6次尝试)
2025-05-11 22:04:58 [INFO] 正在获取图像，尝试 7/30 (已耗时: 23.7秒)
2025-05-11 22:05:01 [INFO] 图像质量: 清晰 拉普拉斯变异度正常 (262.47) | Sobel梯度均值正常 (26.85) | 边缘检测点正常 (2.33%) | 高频能量正常 (177.58)
2025-05-11 22:05:01 [INFO] 图像清晰度良好，可以进行检测
