2025-05-11 21:22:54 [INFO] 正在获取图像，尝试 1/30 (已耗时: 0.0秒)
2025-05-11 21:22:58 [INFO] 图像质量: 模糊 拉普拉斯变异度低 (0.28 < 100) | Sobel梯度均值低 (0.38 < 20) | 边缘检测点少 (0.00% < 1.0%) | 高频能量正常 (113.69)
2025-05-11 21:22:58 [WARNING] 图像模糊，尝试重新获取 (第1次尝试)
2025-05-11 21:22:58 [INFO] 正在获取图像，尝试 2/30 (已耗时: 4.3秒)
2025-05-11 21:23:02 [INFO] 图像质量: 模糊 拉普拉斯变异度低 (0.08 < 100) | Sobel梯度均值低 (0.18 < 20) | 边缘检测点少 (0.00% < 1.0%) | 高频能量正常 (101.40)
2025-05-11 21:23:02 [WARNING] 图像模糊，尝试重新获取 (第2次尝试)
2025-05-11 21:23:02 [INFO] 正在获取图像，尝试 3/30 (已耗时: 8.6秒)
2025-05-11 21:23:06 [INFO] 图像质量: 模糊 拉普拉斯变异度低 (0.08 < 100) | Sobel梯度均值低 (0.17 < 20) | 边缘检测点少 (0.00% < 1.0%) | 高频能量正常 (100.53)
2025-05-11 21:23:06 [WARNING] 图像模糊，尝试重新获取 (第3次尝试)
2025-05-11 21:23:07 [INFO] 正在获取图像，尝试 4/30 (已耗时: 12.7秒)
2025-05-11 21:23:10 [INFO] 图像质量: 模糊 拉普拉斯变异度低 (0.09 < 100) | Sobel梯度均值低 (0.19 < 20) | 边缘检测点少 (0.00% < 1.0%) | 高频能量正常 (101.39)
2025-05-11 21:23:10 [WARNING] 图像模糊，尝试重新获取 (第4次尝试)
2025-05-11 21:23:11 [INFO] 正在获取图像，尝试 5/30 (已耗时: 16.9秒)
2025-05-11 21:23:14 [INFO] 图像质量: 模糊 拉普拉斯变异度低 (0.22 < 100) | Sobel梯度均值低 (0.30 < 20) | 边缘检测点少 (0.00% < 1.0%) | 高频能量正常 (111.45)
2025-05-11 21:23:14 [WARNING] 图像模糊，尝试重新获取 (第5次尝试)
2025-05-11 21:23:15 [INFO] 正在获取图像，尝试 6/30 (已耗时: 21.1秒)
2025-05-11 21:23:19 [INFO] 图像质量: 模糊 拉普拉斯变异度低 (0.07 < 100) | Sobel梯度均值低 (0.16 < 20) | 边缘检测点少 (0.00% < 1.0%) | 高频能量正常 (98.99)
2025-05-11 21:23:19 [WARNING] 图像模糊，尝试重新获取 (第6次尝试)
2025-05-11 21:23:19 [INFO] 正在获取图像，尝试 7/30 (已耗时: 25.3秒)
2025-05-11 21:23:23 [INFO] 图像质量: 模糊 拉普拉斯变异度低 (0.08 < 100) | Sobel梯度均值低 (0.17 < 20) | 边缘检测点少 (0.00% < 1.0%) | 高频能量正常 (99.63)
2025-05-11 21:23:23 [WARNING] 图像模糊，尝试重新获取 (第7次尝试)
2025-05-11 21:23:23 [INFO] 正在获取图像，尝试 8/30 (已耗时: 29.5秒)
2025-05-11 21:23:27 [INFO] 图像质量: 模糊 拉普拉斯变异度低 (1.49 < 100) | Sobel梯度均值低 (0.20 < 20) | 边缘检测点少 (0.00% < 1.0%) | 高频能量正常 (130.08)
2025-05-11 21:23:27 [WARNING] 图像模糊，尝试重新获取 (第8次尝试)
2025-05-11 21:23:28 [ERROR] 获取清晰图像超时 (30秒)
2025-05-11 21:23:28 [WARNING] 返回超时前的最后一帧图像
2025-05-11 21:23:31 [INFO] 正在获取图像，尝试 1/30 (已耗时: 0.0秒)
2025-05-11 21:23:34 [INFO] 图像质量: 模糊 拉普拉斯变异度低 (0.06 < 100) | Sobel梯度均值低 (0.13 < 20) | 边缘检测点少 (0.00% < 1.0%) | 高频能量正常 (97.93)
2025-05-11 21:23:34 [WARNING] 图像模糊，尝试重新获取 (第1次尝试)
2025-05-11 21:23:35 [INFO] 正在获取图像，尝试 2/30 (已耗时: 4.2秒)
2025-05-11 21:23:39 [INFO] 图像质量: 模糊 拉普拉斯变异度低 (0.05 < 100) | Sobel梯度均值低 (0.11 < 20) | 边缘检测点少 (0.00% < 1.0%) | 高频能量正常 (95.24)
2025-05-11 21:23:39 [WARNING] 图像模糊，尝试重新获取 (第2次尝试)
2025-05-11 21:23:39 [INFO] 正在获取图像，尝试 3/30 (已耗时: 8.4秒)
2025-05-11 21:23:43 [INFO] 图像质量: 模糊 拉普拉斯变异度低 (0.06 < 100) | Sobel梯度均值低 (0.16 < 20) | 边缘检测点少 (0.00% < 1.0%) | 高频能量正常 (98.43)
2025-05-11 21:23:43 [WARNING] 图像模糊，尝试重新获取 (第3次尝试)
2025-05-11 21:23:43 [INFO] 正在获取图像，尝试 4/30 (已耗时: 12.5秒)
2025-05-11 21:23:47 [INFO] 图像质量: 模糊 拉普拉斯变异度低 (1.53 < 100) | Sobel梯度均值低 (0.20 < 20) | 边缘检测点少 (0.01% < 1.0%) | 高频能量正常 (130.33)
2025-05-11 21:23:47 [WARNING] 图像模糊，尝试重新获取 (第4次尝试)
2025-05-11 21:23:47 [INFO] 正在获取图像，尝试 5/30 (已耗时: 16.8秒)
2025-05-11 21:23:51 [INFO] 图像质量: 模糊 拉普拉斯变异度低 (0.08 < 100) | Sobel梯度均值低 (0.17 < 20) | 边缘检测点少 (0.00% < 1.0%) | 高频能量正常 (101.01)
2025-05-11 21:23:51 [WARNING] 图像模糊，尝试重新获取 (第5次尝试)
2025-05-11 21:23:52 [INFO] 正在获取图像，尝试 6/30 (已耗时: 21.0秒)
2025-05-11 21:23:55 [INFO] 图像质量: 模糊 拉普拉斯变异度低 (0.07 < 100) | Sobel梯度均值低 (0.16 < 20) | 边缘检测点少 (0.00% < 1.0%) | 高频能量正常 (99.51)
2025-05-11 21:23:55 [WARNING] 图像模糊，尝试重新获取 (第6次尝试)
2025-05-11 21:23:56 [INFO] 正在获取图像，尝试 7/30 (已耗时: 25.2秒)
2025-05-11 21:23:59 [INFO] 图像质量: 清晰 拉普拉斯变异度正常 (238.59) | Sobel梯度均值正常 (26.92) | 边缘检测点正常 (2.38%) | 高频能量正常 (176.74)
2025-05-11 21:23:59 [INFO] 图像清晰度良好，可以进行检测
