2025-05-12 21:16:31 [INFO] 正在获取图像，尝试 1/30 (已耗时: 0.0秒)
2025-05-12 21:16:34 [INFO] 图像质量: 模糊 拉普拉斯变异度低 (0.05 < 100) | Sobel梯度均值低 (0.05 < 20) | 边缘检测点少 (0.00% < 1.0%) | 高频能量正常 (92.98)
2025-05-12 21:16:34 [WARNING] 图像模糊，尝试重新获取 (第1次尝试)
2025-05-12 21:16:35 [INFO] 正在获取图像，尝试 2/30 (已耗时: 4.2秒)
2025-05-12 21:16:39 [INFO] 图像质量: 模糊 拉普拉斯变异度低 (1.37 < 100) | Sobel梯度均值低 (0.12 < 20) | 边缘检测点少 (0.01% < 1.0%) | 高频能量正常 (130.12)
2025-05-12 21:16:39 [WARNING] 图像模糊，尝试重新获取 (第2次尝试)
2025-05-12 21:16:39 [INFO] 正在获取图像，尝试 3/30 (已耗时: 8.3秒)
2025-05-12 21:16:43 [INFO] 图像质量: 模糊 拉普拉斯变异度低 (0.03 < 100) | Sobel梯度均值低 (0.03 < 20) | 边缘检测点少 (0.00% < 1.0%) | 高频能量正常 (86.32)
2025-05-12 21:16:43 [WARNING] 图像模糊，尝试重新获取 (第3次尝试)
2025-05-12 21:16:43 [INFO] 正在获取图像，尝试 4/30 (已耗时: 12.5秒)
2025-05-12 21:16:47 [INFO] 图像质量: 模糊 拉普拉斯变异度低 (0.02 < 100) | Sobel梯度均值低 (0.03 < 20) | 边缘检测点少 (0.00% < 1.0%) | 高频能量正常 (87.22)
2025-05-12 21:16:47 [WARNING] 图像模糊，尝试重新获取 (第4次尝试)
2025-05-12 21:16:47 [INFO] 正在获取图像，尝试 5/30 (已耗时: 16.7秒)
2025-05-12 21:16:51 [INFO] 图像质量: 模糊 拉普拉斯变异度低 (0.04 < 100) | Sobel梯度均值低 (0.05 < 20) | 边缘检测点少 (0.00% < 1.0%) | 高频能量正常 (92.88)
2025-05-12 21:16:51 [WARNING] 图像模糊，尝试重新获取 (第5次尝试)
2025-05-12 21:16:51 [INFO] 正在获取图像，尝试 6/30 (已耗时: 20.7秒)
2025-05-12 21:16:55 [INFO] 图像质量: 模糊 拉普拉斯变异度低 (0.01 < 100) | Sobel梯度均值低 (0.02 < 20) | 边缘检测点少 (0.00% < 1.0%) | 高频能量正常 (81.90)
2025-05-12 21:16:55 [WARNING] 图像模糊，尝试重新获取 (第6次尝试)
2025-05-12 21:16:56 [INFO] 正在获取图像，尝试 7/30 (已耗时: 24.9秒)
2025-05-12 21:16:59 [INFO] 图像质量: 模糊 拉普拉斯变异度低 (0.01 < 100) | Sobel梯度均值低 (0.02 < 20) | 边缘检测点少 (0.00% < 1.0%) | 高频能量正常 (82.54)
2025-05-12 21:16:59 [WARNING] 图像模糊，尝试重新获取 (第7次尝试)
2025-05-12 21:17:00 [INFO] 正在获取图像，尝试 8/30 (已耗时: 29.2秒)
2025-05-12 21:17:04 [INFO] 图像质量: 模糊 拉普拉斯变异度低 (1.49 < 100) | Sobel梯度均值低 (0.08 < 20) | 边缘检测点少 (0.01% < 1.0%) | 高频能量正常 (129.59)
2025-05-12 21:17:04 [WARNING] 图像模糊，尝试重新获取 (第8次尝试)
2025-05-12 21:17:04 [ERROR] 获取清晰图像超时 (30秒)
2025-05-12 21:17:04 [WARNING] 返回超时前的最后一帧图像
2025-05-12 21:17:07 [INFO] 正在获取图像，尝试 1/30 (已耗时: 0.0秒)
2025-05-12 21:17:11 [INFO] 图像质量: 模糊 拉普拉斯变异度低 (0.03 < 100) | Sobel梯度均值低 (0.04 < 20) | 边缘检测点少 (0.00% < 1.0%) | 高频能量正常 (89.76)
2025-05-12 21:17:11 [WARNING] 图像模糊，尝试重新获取 (第1次尝试)
2025-05-12 21:17:11 [INFO] 正在获取图像，尝试 2/30 (已耗时: 4.1秒)
2025-05-12 21:17:15 [INFO] 图像质量: 模糊 拉普拉斯变异度低 (0.05 < 100) | Sobel梯度均值低 (0.05 < 20) | 边缘检测点少 (0.00% < 1.0%) | 高频能量正常 (94.41)
2025-05-12 21:17:15 [WARNING] 图像模糊，尝试重新获取 (第2次尝试)
2025-05-12 21:17:15 [INFO] 正在获取图像，尝试 3/30 (已耗时: 8.3秒)
2025-05-12 21:17:19 [INFO] 图像质量: 模糊 拉普拉斯变异度低 (0.04 < 100) | Sobel梯度均值低 (0.05 < 20) | 边缘检测点少 (0.00% < 1.0%) | 高频能量正常 (93.37)
2025-05-12 21:17:19 [WARNING] 图像模糊，尝试重新获取 (第3次尝试)
2025-05-12 21:17:19 [INFO] 正在获取图像，尝试 4/30 (已耗时: 12.4秒)
2025-05-12 21:17:23 [INFO] 图像质量: 模糊 拉普拉斯变异度低 (0.02 < 100) | Sobel梯度均值低 (0.02 < 20) | 边缘检测点少 (0.00% < 1.0%) | 高频能量正常 (82.34)
2025-05-12 21:17:23 [WARNING] 图像模糊，尝试重新获取 (第4次尝试)
2025-05-12 21:17:24 [INFO] 正在获取图像，尝试 5/30 (已耗时: 16.6秒)
2025-05-12 21:17:27 [INFO] 图像质量: 模糊 拉普拉斯变异度低 (0.02 < 100) | Sobel梯度均值低 (0.03 < 20) | 边缘检测点少 (0.00% < 1.0%) | 高频能量正常 (87.88)
2025-05-12 21:17:27 [WARNING] 图像模糊，尝试重新获取 (第5次尝试)
2025-05-12 21:17:28 [INFO] 正在获取图像，尝试 6/30 (已耗时: 20.9秒)
2025-05-12 21:17:32 [INFO] 图像质量: 模糊 拉普拉斯变异度低 (0.03 < 100) | Sobel梯度均值低 (0.02 < 20) | 边缘检测点少 (0.00% < 1.0%) | 高频能量正常 (90.00)
2025-05-12 21:17:32 [WARNING] 图像模糊，尝试重新获取 (第6次尝试)
2025-05-12 21:17:32 [INFO] 正在获取图像，尝试 7/30 (已耗时: 25.1秒)
2025-05-12 21:17:36 [INFO] 图像质量: 模糊 拉普拉斯变异度低 (0.01 < 100) | Sobel梯度均值低 (0.02 < 20) | 边缘检测点少 (0.00% < 1.0%) | 高频能量正常 (83.16)
2025-05-12 21:17:36 [WARNING] 图像模糊，尝试重新获取 (第7次尝试)
2025-05-12 21:17:37 [INFO] 正在获取图像，尝试 8/30 (已耗时: 29.4秒)
2025-05-12 21:17:40 [INFO] 图像质量: 模糊 拉普拉斯变异度低 (0.38 < 100) | Sobel梯度均值低 (0.17 < 20) | 边缘检测点少 (0.00% < 1.0%) | 高频能量正常 (118.75)
2025-05-12 21:17:40 [WARNING] 图像模糊，尝试重新获取 (第8次尝试)
2025-05-12 21:17:41 [ERROR] 获取清晰图像超时 (30秒)
2025-05-12 21:17:41 [WARNING] 返回超时前的最后一帧图像
2025-05-12 21:17:44 [INFO] 正在获取图像，尝试 1/30 (已耗时: 0.0秒)
2025-05-12 21:17:48 [INFO] 图像质量: 模糊 拉普拉斯变异度低 (0.87 < 100) | Sobel梯度均值低 (0.06 < 20) | 边缘检测点少 (0.00% < 1.0%) | 高频能量正常 (124.52)
2025-05-12 21:17:48 [WARNING] 图像模糊，尝试重新获取 (第1次尝试)
2025-05-12 21:17:48 [INFO] 正在获取图像，尝试 2/30 (已耗时: 4.3秒)
2025-05-12 21:17:52 [INFO] 图像质量: 模糊 拉普拉斯变异度低 (0.02 < 100) | Sobel梯度均值低 (0.03 < 20) | 边缘检测点少 (0.00% < 1.0%) | 高频能量正常 (88.42)
2025-05-12 21:17:52 [WARNING] 图像模糊，尝试重新获取 (第2次尝试)
2025-05-12 21:17:52 [INFO] 正在获取图像，尝试 3/30 (已耗时: 8.5秒)
2025-05-12 21:17:56 [INFO] 图像质量: 模糊 拉普拉斯变异度低 (0.03 < 100) | Sobel梯度均值低 (0.03 < 20) | 边缘检测点少 (0.00% < 1.0%) | 高频能量正常 (91.17)
2025-05-12 21:17:56 [WARNING] 图像模糊，尝试重新获取 (第3次尝试)
2025-05-12 21:17:56 [INFO] 正在获取图像，尝试 4/30 (已耗时: 12.7秒)
2025-05-12 21:18:00 [INFO] 图像质量: 模糊 拉普拉斯变异度低 (0.38 < 100) | Sobel梯度均值低 (0.17 < 20) | 边缘检测点少 (0.00% < 1.0%) | 高频能量正常 (118.61)
2025-05-12 21:18:00 [WARNING] 图像模糊，尝试重新获取 (第4次尝试)
2025-05-12 21:18:01 [INFO] 正在获取图像，尝试 5/30 (已耗时: 16.8秒)
2025-05-12 21:18:04 [INFO] 图像质量: 模糊 拉普拉斯变异度低 (0.06 < 100) | Sobel梯度均值低 (0.07 < 20) | 边缘检测点少 (0.00% < 1.0%) | 高频能量正常 (97.39)
2025-05-12 21:18:04 [WARNING] 图像模糊，尝试重新获取 (第5次尝试)
2025-05-12 21:18:05 [INFO] 正在获取图像，尝试 6/30 (已耗时: 21.0秒)
2025-05-12 21:18:08 [INFO] 图像质量: 模糊 拉普拉斯变异度低 (0.04 < 100) | Sobel梯度均值低 (0.06 < 20) | 边缘检测点少 (0.00% < 1.0%) | 高频能量正常 (95.26)
2025-05-12 21:18:08 [WARNING] 图像模糊，尝试重新获取 (第6次尝试)
2025-05-12 21:18:09 [INFO] 正在获取图像，尝试 7/30 (已耗时: 25.0秒)
2025-05-12 21:18:12 [INFO] 图像质量: 模糊 拉普拉斯变异度低 (0.03 < 100) | Sobel梯度均值低 (0.04 < 20) | 边缘检测点少 (0.00% < 1.0%) | 高频能量正常 (87.71)
2025-05-12 21:18:12 [WARNING] 图像模糊，尝试重新获取 (第7次尝试)
2025-05-12 21:18:13 [INFO] 正在获取图像，尝试 8/30 (已耗时: 29.1秒)
2025-05-12 21:18:17 [INFO] 图像质量: 模糊 拉普拉斯变异度低 (0.69 < 100) | Sobel梯度均值低 (0.09 < 20) | 边缘检测点少 (0.00% < 1.0%) | 高频能量正常 (123.99)
2025-05-12 21:18:17 [WARNING] 图像模糊，尝试重新获取 (第8次尝试)
2025-05-12 21:18:17 [ERROR] 获取清晰图像超时 (30秒)
2025-05-12 21:18:17 [WARNING] 返回超时前的最后一帧图像
2025-05-12 21:18:20 [INFO] 正在获取图像，尝试 1/30 (已耗时: 0.0秒)
2025-05-12 21:18:24 [INFO] 图像质量: 模糊 拉普拉斯变异度低 (0.04 < 100) | Sobel梯度均值低 (0.04 < 20) | 边缘检测点少 (0.00% < 1.0%) | 高频能量正常 (93.23)
2025-05-12 21:18:24 [WARNING] 图像模糊，尝试重新获取 (第1次尝试)
2025-05-12 21:18:24 [INFO] 正在获取图像，尝试 2/30 (已耗时: 4.2秒)
2025-05-12 21:18:28 [INFO] 图像质量: 模糊 拉普拉斯变异度低 (0.04 < 100) | Sobel梯度均值低 (0.04 < 20) | 边缘检测点少 (0.00% < 1.0%) | 高频能量正常 (90.81)
2025-05-12 21:18:28 [WARNING] 图像模糊，尝试重新获取 (第2次尝试)
2025-05-12 21:18:29 [INFO] 正在获取图像，尝试 3/30 (已耗时: 8.5秒)
2025-05-12 21:18:32 [INFO] 图像质量: 模糊 拉普拉斯变异度低 (0.35 < 100) | Sobel梯度均值低 (0.16 < 20) | 边缘检测点少 (0.00% < 1.0%) | 高频能量正常 (118.00)
2025-05-12 21:18:32 [WARNING] 图像模糊，尝试重新获取 (第3次尝试)
2025-05-12 21:18:33 [INFO] 正在获取图像，尝试 4/30 (已耗时: 12.6秒)
