2025-04-28 18:26:53 [INFO] 正在获取图像，尝试 1/10 (已耗时: 0.0秒)
2025-04-28 18:26:57 [INFO] 图像质量: 模糊 拉普拉斯变异度低 (0.02 < 100) | Sobel梯度均值低 (0.03 < 20) | 边缘检测点少 (0.00% < 1.0%) | 高频能量正常 (85.36)
2025-04-28 18:26:57 [WARNING] 图像模糊，尝试重新获取 (第1次尝试)
2025-04-28 18:26:59 [INFO] 正在获取图像，尝试 2/10 (已耗时: 5.6秒)
2025-04-28 18:27:02 [INFO] 图像质量: 清晰 拉普拉斯变异度正常 (187.07) | Sobel梯度均值正常 (22.51) | 边缘检测点正常 (1.63%) | 高频能量正常 (174.07)
2025-04-28 18:27:02 [INFO] 图像清晰度良好，可以进行检测
2025-04-28 18:27:02 [INFO] 正在获取图像，尝试 1/10 (已耗时: 0.0秒)
2025-04-28 18:27:06 [INFO] 图像质量: 模糊 拉普拉斯变异度低 (0.02 < 100) | Sobel梯度均值低 (0.03 < 20) | 边缘检测点少 (0.00% < 1.0%) | 高频能量正常 (88.15)
2025-04-28 18:27:06 [WARNING] 图像模糊，尝试重新获取 (第1次尝试)
2025-04-28 18:27:08 [INFO] 正在获取图像，尝试 2/10 (已耗时: 5.5秒)
2025-04-28 18:27:12 [INFO] 图像质量: 模糊 拉普拉斯变异度低 (0.02 < 100) | Sobel梯度均值低 (0.02 < 20) | 边缘检测点少 (0.00% < 1.0%) | 高频能量正常 (83.34)
2025-04-28 18:27:12 [WARNING] 图像模糊，尝试重新获取 (第2次尝试)
2025-04-28 18:27:14 [INFO] 正在获取图像，尝试 3/10 (已耗时: 11.1秒)
2025-04-28 18:27:17 [INFO] 图像质量: 清晰 拉普拉斯变异度正常 (185.93) | Sobel梯度均值正常 (22.50) | 边缘检测点正常 (1.62%) | 高频能量正常 (174.03)
2025-04-28 18:27:17 [INFO] 图像清晰度良好，可以进行检测
2025-04-28 18:27:22 [INFO] 正在获取图像，尝试 1/10 (已耗时: 0.0秒)
2025-04-28 18:27:25 [INFO] 图像质量: 清晰 拉普拉斯变异度正常 (186.03) | Sobel梯度均值正常 (22.47) | 边缘检测点正常 (1.62%) | 高频能量正常 (174.01)
2025-04-28 18:27:25 [INFO] 图像清晰度良好，可以进行检测
2025-04-28 18:27:27 [INFO] 正在获取图像，尝试 1/10 (已耗时: 0.0秒)
2025-04-28 18:27:30 [INFO] 图像质量: 清晰 拉普拉斯变异度正常 (186.07) | Sobel梯度均值正常 (22.43) | 边缘检测点正常 (1.62%) | 高频能量正常 (174.07)
2025-04-28 18:27:30 [INFO] 图像清晰度良好，可以进行检测
