2025-05-11 22:17:41 [INFO] 正在获取图像，尝试 1/30 (已耗时: 0.0秒)
2025-05-11 22:17:45 [INFO] 图像质量: 模糊 拉普拉斯变异度低 (0.11 < 100) | Sobel梯度均值低 (0.24 < 20) | 边缘检测点少 (0.00% < 1.0%) | 高频能量正常 (103.41)
2025-05-11 22:17:45 [WARNING] 图像模糊，尝试重新获取 (第1次尝试)
2025-05-11 22:17:45 [INFO] 正在获取图像，尝试 2/30 (已耗时: 4.0秒)
2025-05-11 22:17:49 [INFO] 图像质量: 模糊 拉普拉斯变异度低 (0.12 < 100) | Sobel梯度均值低 (0.28 < 20) | 边缘检测点少 (0.00% < 1.0%) | 高频能量正常 (105.13)
2025-05-11 22:17:49 [WARNING] 图像模糊，尝试重新获取 (第2次尝试)
2025-05-11 22:17:49 [INFO] 正在获取图像，尝试 3/30 (已耗时: 7.9秒)
2025-05-11 22:17:53 [INFO] 图像质量: 模糊 拉普拉斯变异度低 (0.67 < 100) | Sobel梯度均值低 (0.33 < 20) | 边缘检测点少 (0.00% < 1.0%) | 高频能量正常 (123.07)
2025-05-11 22:17:53 [WARNING] 图像模糊，尝试重新获取 (第3次尝试)
2025-05-11 22:17:53 [INFO] 正在获取图像，尝试 4/30 (已耗时: 11.9秒)
2025-05-11 22:17:57 [INFO] 图像质量: 模糊 拉普拉斯变异度低 (1.47 < 100) | Sobel梯度均值低 (0.34 < 20) | 边缘检测点少 (0.01% < 1.0%) | 高频能量正常 (130.42)
2025-05-11 22:17:57 [WARNING] 图像模糊，尝试重新获取 (第4次尝试)
2025-05-11 22:17:57 [INFO] 正在获取图像，尝试 5/30 (已耗时: 15.9秒)
2025-05-11 22:18:01 [INFO] 图像质量: 模糊 拉普拉斯变异度低 (1.31 < 100) | Sobel梯度均值低 (0.33 < 20) | 边缘检测点少 (0.00% < 1.0%) | 高频能量正常 (129.61)
2025-05-11 22:18:01 [WARNING] 图像模糊，尝试重新获取 (第5次尝试)
2025-05-11 22:18:01 [INFO] 正在获取图像，尝试 6/30 (已耗时: 19.9秒)
2025-05-11 22:18:05 [INFO] 图像质量: 模糊 拉普拉斯变异度低 (0.13 < 100) | Sobel梯度均值低 (0.29 < 20) | 边缘检测点少 (0.00% < 1.0%) | 高频能量正常 (105.84)
2025-05-11 22:18:05 [WARNING] 图像模糊，尝试重新获取 (第6次尝试)
2025-05-11 22:18:05 [INFO] 正在获取图像，尝试 7/30 (已耗时: 23.9秒)
2025-05-11 22:18:09 [INFO] 图像质量: 模糊 拉普拉斯变异度低 (0.13 < 100) | Sobel梯度均值低 (0.28 < 20) | 边缘检测点少 (0.00% < 1.0%) | 高频能量正常 (105.43)
2025-05-11 22:18:09 [WARNING] 图像模糊，尝试重新获取 (第7次尝试)
2025-05-11 22:18:09 [INFO] 正在获取图像，尝试 8/30 (已耗时: 27.9秒)
2025-05-11 22:18:13 [INFO] 图像质量: 模糊 拉普拉斯变异度低 (0.97 < 100) | Sobel梯度均值低 (0.35 < 20) | 边缘检测点少 (0.00% < 1.0%) | 高频能量正常 (125.64)
2025-05-11 22:18:13 [WARNING] 图像模糊，尝试重新获取 (第8次尝试)
2025-05-11 22:18:13 [ERROR] 获取清晰图像超时 (30秒)
2025-05-11 22:18:13 [WARNING] 返回超时前的最后一帧图像
2025-05-11 22:18:16 [INFO] 正在获取图像，尝试 1/30 (已耗时: 0.0秒)
2025-05-11 22:18:20 [INFO] 图像质量: 模糊 拉普拉斯变异度低 (1.59 < 100) | Sobel梯度均值低 (0.35 < 20) | 边缘检测点少 (0.00% < 1.0%) | 高频能量正常 (131.05)
2025-05-11 22:18:20 [WARNING] 图像模糊，尝试重新获取 (第1次尝试)
2025-05-11 22:18:20 [INFO] 正在获取图像，尝试 2/30 (已耗时: 3.9秒)
2025-05-11 22:18:24 [INFO] 图像质量: 模糊 拉普拉斯变异度低 (0.15 < 100) | Sobel梯度均值低 (0.31 < 20) | 边缘检测点少 (0.00% < 1.0%) | 高频能量正常 (106.99)
2025-05-11 22:18:24 [WARNING] 图像模糊，尝试重新获取 (第2次尝试)
2025-05-11 22:18:24 [INFO] 正在获取图像，尝试 3/30 (已耗时: 7.9秒)
2025-05-11 22:18:28 [INFO] 图像质量: 模糊 拉普拉斯变异度低 (0.18 < 100) | Sobel梯度均值低 (0.32 < 20) | 边缘检测点少 (0.00% < 1.0%) | 高频能量正常 (108.55)
2025-05-11 22:18:28 [WARNING] 图像模糊，尝试重新获取 (第3次尝试)
2025-05-11 22:18:28 [INFO] 正在获取图像，尝试 4/30 (已耗时: 12.0秒)
2025-05-11 22:18:32 [INFO] 图像质量: 模糊 拉普拉斯变异度低 (2.30 < 100) | Sobel梯度均值低 (0.39 < 20) | 边缘检测点少 (0.01% < 1.0%) | 高频能量正常 (133.18)
2025-05-11 22:18:32 [WARNING] 图像模糊，尝试重新获取 (第4次尝试)
2025-05-11 22:18:32 [INFO] 正在获取图像，尝试 5/30 (已耗时: 16.0秒)
2025-05-11 22:18:36 [INFO] 图像质量: 模糊 拉普拉斯变异度低 (1.14 < 100) | Sobel梯度均值低 (0.35 < 20) | 边缘检测点少 (0.00% < 1.0%) | 高频能量正常 (128.36)
2025-05-11 22:18:36 [WARNING] 图像模糊，尝试重新获取 (第5次尝试)
2025-05-11 22:18:36 [INFO] 正在获取图像，尝试 6/30 (已耗时: 20.0秒)
2025-05-11 22:18:40 [INFO] 图像质量: 模糊 拉普拉斯变异度低 (0.15 < 100) | Sobel梯度均值低 (0.31 < 20) | 边缘检测点少 (0.00% < 1.0%) | 高频能量正常 (107.45)
2025-05-11 22:18:40 [WARNING] 图像模糊，尝试重新获取 (第6次尝试)
2025-05-11 22:18:40 [INFO] 正在获取图像，尝试 7/30 (已耗时: 24.0秒)
2025-05-11 22:18:44 [INFO] 图像质量: 模糊 拉普拉斯变异度低 (0.14 < 100) | Sobel梯度均值低 (0.31 < 20) | 边缘检测点少 (0.00% < 1.0%) | 高频能量正常 (106.66)
2025-05-11 22:18:44 [WARNING] 图像模糊，尝试重新获取 (第7次尝试)
2025-05-11 22:18:44 [INFO] 正在获取图像，尝试 8/30 (已耗时: 27.9秒)
2025-05-11 22:18:48 [INFO] 图像质量: 模糊 拉普拉斯变异度低 (0.38 < 100) | Sobel梯度均值低 (0.29 < 20) | 边缘检测点少 (0.00% < 1.0%) | 高频能量正常 (117.62)
2025-05-11 22:18:48 [WARNING] 图像模糊，尝试重新获取 (第8次尝试)
2025-05-11 22:18:48 [ERROR] 获取清晰图像超时 (30秒)
2025-05-11 22:18:48 [WARNING] 返回超时前的最后一帧图像
2025-05-11 22:18:51 [INFO] 正在获取图像，尝试 1/30 (已耗时: 0.0秒)
2025-05-11 22:18:55 [INFO] 图像质量: 模糊 拉普拉斯变异度低 (1.25 < 100) | Sobel梯度均值低 (0.34 < 20) | 边缘检测点少 (0.00% < 1.0%) | 高频能量正常 (128.50)
2025-05-11 22:18:55 [WARNING] 图像模糊，尝试重新获取 (第1次尝试)
2025-05-11 22:18:55 [INFO] 正在获取图像，尝试 2/30 (已耗时: 3.9秒)
2025-05-11 22:18:59 [INFO] 图像质量: 模糊 拉普拉斯变异度低 (1.12 < 100) | Sobel梯度均值低 (0.35 < 20) | 边缘检测点少 (0.01% < 1.0%) | 高频能量正常 (125.77)
2025-05-11 22:18:59 [WARNING] 图像模糊，尝试重新获取 (第2次尝试)
2025-05-11 22:18:59 [INFO] 正在获取图像，尝试 3/30 (已耗时: 8.0秒)
2025-05-11 22:19:03 [INFO] 图像质量: 模糊 拉普拉斯变异度低 (0.13 < 100) | Sobel梯度均值低 (0.29 < 20) | 边缘检测点少 (0.00% < 1.0%) | 高频能量正常 (105.76)
2025-05-11 22:19:03 [WARNING] 图像模糊，尝试重新获取 (第3次尝试)
2025-05-11 22:19:03 [INFO] 正在获取图像，尝试 4/30 (已耗时: 12.0秒)
2025-05-11 22:19:07 [INFO] 图像质量: 模糊 拉普拉斯变异度低 (1.60 < 100) | Sobel梯度均值低 (0.36 < 20) | 边缘检测点少 (0.00% < 1.0%) | 高频能量正常 (131.39)
2025-05-11 22:19:07 [WARNING] 图像模糊，尝试重新获取 (第4次尝试)
2025-05-11 22:19:07 [INFO] 正在获取图像，尝试 5/30 (已耗时: 15.9秒)
2025-05-11 22:19:11 [INFO] 图像质量: 模糊 拉普拉斯变异度低 (1.33 < 100) | Sobel梯度均值低 (0.33 < 20) | 边缘检测点少 (0.00% < 1.0%) | 高频能量正常 (129.52)
2025-05-11 22:19:11 [WARNING] 图像模糊，尝试重新获取 (第5次尝试)
2025-05-11 22:19:11 [INFO] 正在获取图像，尝试 6/30 (已耗时: 20.0秒)
2025-05-11 22:19:15 [INFO] 图像质量: 模糊 拉普拉斯变异度低 (0.10 < 100) | Sobel梯度均值低 (0.23 < 20) | 边缘检测点少 (0.00% < 1.0%) | 高频能量正常 (102.86)
2025-05-11 22:19:15 [WARNING] 图像模糊，尝试重新获取 (第6次尝试)
2025-05-11 22:19:15 [INFO] 正在获取图像，尝试 7/30 (已耗时: 24.1秒)
2025-05-11 22:19:19 [INFO] 图像质量: 模糊 拉普拉斯变异度低 (0.14 < 100) | Sobel梯度均值低 (0.30 < 20) | 边缘检测点少 (0.00% < 1.0%) | 高频能量正常 (106.35)
2025-05-11 22:19:19 [WARNING] 图像模糊，尝试重新获取 (第7次尝试)
2025-05-11 22:19:20 [INFO] 正在获取图像，尝试 8/30 (已耗时: 28.3秒)
2025-05-11 22:19:23 [INFO] 图像质量: 模糊 拉普拉斯变异度低 (0.11 < 100) | Sobel梯度均值低 (0.23 < 20) | 边缘检测点少 (0.00% < 1.0%) | 高频能量正常 (103.91)
2025-05-11 22:19:23 [WARNING] 图像模糊，尝试重新获取 (第8次尝试)
2025-05-11 22:19:24 [ERROR] 获取清晰图像超时 (30秒)
2025-05-11 22:19:24 [WARNING] 返回超时前的最后一帧图像
2025-05-11 22:19:27 [INFO] 正在获取图像，尝试 1/30 (已耗时: 0.0秒)
2025-05-11 22:19:30 [INFO] 图像质量: 模糊 拉普拉斯变异度低 (0.10 < 100) | Sobel梯度均值低 (0.23 < 20) | 边缘检测点少 (0.00% < 1.0%) | 高频能量正常 (103.09)
2025-05-11 22:19:30 [WARNING] 图像模糊，尝试重新获取 (第1次尝试)
2025-05-11 22:19:31 [INFO] 正在获取图像，尝试 2/30 (已耗时: 4.0秒)
2025-05-11 22:19:34 [INFO] 图像质量: 模糊 拉普拉斯变异度低 (0.14 < 100) | Sobel梯度均值低 (0.31 < 20) | 边缘检测点少 (0.00% < 1.0%) | 高频能量正常 (106.62)
2025-05-11 22:19:34 [WARNING] 图像模糊，尝试重新获取 (第2次尝试)
2025-05-11 22:19:35 [INFO] 正在获取图像，尝试 3/30 (已耗时: 7.9秒)
2025-05-11 22:19:38 [INFO] 图像质量: 模糊 拉普拉斯变异度低 (0.14 < 100) | Sobel梯度均值低 (0.29 < 20) | 边缘检测点少 (0.00% < 1.0%) | 高频能量正常 (106.17)
2025-05-11 22:19:38 [WARNING] 图像模糊，尝试重新获取 (第3次尝试)
2025-05-11 22:19:39 [INFO] 正在获取图像，尝试 4/30 (已耗时: 11.9秒)
2025-05-11 22:19:42 [INFO] 图像质量: 模糊 拉普拉斯变异度低 (0.14 < 100) | Sobel梯度均值低 (0.29 < 20) | 边缘检测点少 (0.00% < 1.0%) | 高频能量正常 (106.37)
2025-05-11 22:19:42 [WARNING] 图像模糊，尝试重新获取 (第4次尝试)
2025-05-11 22:19:43 [INFO] 正在获取图像，尝试 5/30 (已耗时: 15.9秒)
2025-05-11 22:19:46 [INFO] 图像质量: 模糊 拉普拉斯变异度低 (0.14 < 100) | Sobel梯度均值低 (0.30 < 20) | 边缘检测点少 (0.00% < 1.0%) | 高频能量正常 (106.23)
2025-05-11 22:19:46 [WARNING] 图像模糊，尝试重新获取 (第5次尝试)
2025-05-11 22:19:47 [INFO] 正在获取图像，尝试 6/30 (已耗时: 19.9秒)
2025-05-11 22:19:50 [INFO] 图像质量: 模糊 拉普拉斯变异度低 (0.14 < 100) | Sobel梯度均值低 (0.30 < 20) | 边缘检测点少 (0.00% < 1.0%) | 高频能量正常 (106.10)
2025-05-11 22:19:50 [WARNING] 图像模糊，尝试重新获取 (第6次尝试)
2025-05-11 22:19:51 [INFO] 正在获取图像，尝试 7/30 (已耗时: 24.0秒)
2025-05-11 22:19:54 [INFO] 图像质量: 模糊 拉普拉斯变异度低 (0.14 < 100) | Sobel梯度均值低 (0.30 < 20) | 边缘检测点少 (0.00% < 1.0%) | 高频能量正常 (106.38)
2025-05-11 22:19:54 [WARNING] 图像模糊，尝试重新获取 (第7次尝试)
2025-05-11 22:19:55 [INFO] 正在获取图像，尝试 8/30 (已耗时: 27.9秒)
2025-05-11 22:19:58 [INFO] 图像质量: 模糊 拉普拉斯变异度低 (0.14 < 100) | Sobel梯度均值低 (0.28 < 20) | 边缘检测点少 (0.00% < 1.0%) | 高频能量正常 (106.42)
2025-05-11 22:19:58 [WARNING] 图像模糊，尝试重新获取 (第8次尝试)
2025-05-11 22:19:59 [ERROR] 获取清晰图像超时 (30秒)
2025-05-11 22:19:59 [WARNING] 返回超时前的最后一帧图像
2025-05-11 22:20:02 [INFO] 正在获取图像，尝试 1/30 (已耗时: 0.0秒)
2025-05-11 22:20:05 [INFO] 图像质量: 清晰 拉普拉斯变异度正常 (230.10) | Sobel梯度均值正常 (26.43) | 边缘检测点正常 (2.32%) | 高频能量正常 (176.62)
2025-05-11 22:20:05 [INFO] 图像清晰度良好，可以进行检测
