2025-05-09 10:07:58 [INFO] 正在获取图像，尝试 1/30 (已耗时: 0.0秒)
2025-05-09 10:08:03 [INFO] 图像质量: 模糊 拉普拉斯变异度低 (0.03 < 100) | Sobel梯度均值低 (0.07 < 20) | 边缘检测点少 (0.00% < 1.0%) | 高频能量正常 (90.87)
2025-05-09 10:08:03 [WARNING] 图像模糊，尝试重新获取 (第1次尝试)
2025-05-09 10:08:03 [INFO] 正在获取图像，尝试 2/30 (已耗时: 4.6秒)
2025-05-09 10:08:07 [INFO] 图像质量: 模糊 拉普拉斯变异度低 (0.04 < 100) | Sobel梯度均值低 (0.08 < 20) | 边缘检测点少 (0.00% < 1.0%) | 高频能量正常 (92.71)
2025-05-09 10:08:07 [WARNING] 图像模糊，尝试重新获取 (第2次尝试)
2025-05-09 10:08:07 [INFO] 正在获取图像，尝试 3/30 (已耗时: 8.8秒)
2025-05-09 10:08:11 [INFO] 图像质量: 模糊 拉普拉斯变异度低 (0.03 < 100) | Sobel梯度均值低 (0.07 < 20) | 边缘检测点少 (0.00% < 1.0%) | 高频能量正常 (91.49)
2025-05-09 10:08:11 [WARNING] 图像模糊，尝试重新获取 (第3次尝试)
2025-05-09 10:08:11 [INFO] 正在获取图像，尝试 4/30 (已耗时: 12.8秒)
2025-05-09 10:08:15 [INFO] 图像质量: 模糊 拉普拉斯变异度低 (0.03 < 100) | Sobel梯度均值低 (0.07 < 20) | 边缘检测点少 (0.00% < 1.0%) | 高频能量正常 (90.54)
2025-05-09 10:08:15 [WARNING] 图像模糊，尝试重新获取 (第4次尝试)
2025-05-09 10:08:15 [INFO] 正在获取图像，尝试 5/30 (已耗时: 16.8秒)
2025-05-09 10:08:19 [INFO] 图像质量: 模糊 拉普拉斯变异度低 (0.03 < 100) | Sobel梯度均值低 (0.07 < 20) | 边缘检测点少 (0.00% < 1.0%) | 高频能量正常 (90.56)
2025-05-09 10:08:19 [WARNING] 图像模糊，尝试重新获取 (第5次尝试)
2025-05-09 10:08:19 [INFO] 正在获取图像，尝试 6/30 (已耗时: 20.8秒)
2025-05-09 10:08:23 [INFO] 图像质量: 模糊 拉普拉斯变异度低 (0.04 < 100) | Sobel梯度均值低 (0.07 < 20) | 边缘检测点少 (0.00% < 1.0%) | 高频能量正常 (93.69)
2025-05-09 10:08:23 [WARNING] 图像模糊，尝试重新获取 (第6次尝试)
2025-05-09 10:08:23 [INFO] 正在获取图像，尝试 7/30 (已耗时: 25.0秒)
2025-05-09 10:08:27 [INFO] 图像质量: 模糊 拉普拉斯变异度低 (0.20 < 100) | Sobel梯度均值低 (0.16 < 20) | 边缘检测点少 (0.00% < 1.0%) | 高频能量正常 (111.42)
2025-05-09 10:08:27 [WARNING] 图像模糊，尝试重新获取 (第7次尝试)
2025-05-09 10:08:27 [INFO] 正在获取图像，尝试 8/30 (已耗时: 28.9秒)
2025-05-09 10:08:31 [INFO] 图像质量: 模糊 拉普拉斯变异度低 (0.03 < 100) | Sobel梯度均值低 (0.07 < 20) | 边缘检测点少 (0.00% < 1.0%) | 高频能量正常 (91.94)
2025-05-09 10:08:31 [WARNING] 图像模糊，尝试重新获取 (第8次尝试)
2025-05-09 10:08:31 [ERROR] 获取清晰图像超时 (30秒)
2025-05-09 10:08:31 [WARNING] 返回超时前的最后一帧图像
2025-05-09 10:08:34 [INFO] 正在获取图像，尝试 1/30 (已耗时: 0.0秒)
2025-05-09 10:08:38 [INFO] 图像质量: 模糊 拉普拉斯变异度低 (0.26 < 100) | Sobel梯度均值低 (0.22 < 20) | 边缘检测点少 (0.00% < 1.0%) | 高频能量正常 (112.50)
2025-05-09 10:08:38 [WARNING] 图像模糊，尝试重新获取 (第1次尝试)
2025-05-09 10:08:38 [INFO] 正在获取图像，尝试 2/30 (已耗时: 3.9秒)
2025-05-09 10:08:42 [INFO] 图像质量: 模糊 拉普拉斯变异度低 (0.03 < 100) | Sobel梯度均值低 (0.06 < 20) | 边缘检测点少 (0.00% < 1.0%) | 高频能量正常 (91.28)
2025-05-09 10:08:42 [WARNING] 图像模糊，尝试重新获取 (第2次尝试)
2025-05-09 10:08:42 [INFO] 正在获取图像，尝试 3/30 (已耗时: 7.7秒)
2025-05-09 10:08:45 [INFO] 图像质量: 模糊 拉普拉斯变异度低 (0.06 < 100) | Sobel梯度均值低 (0.09 < 20) | 边缘检测点少 (0.00% < 1.0%) | 高频能量正常 (96.41)
2025-05-09 10:08:45 [WARNING] 图像模糊，尝试重新获取 (第3次尝试)
2025-05-09 10:08:46 [INFO] 正在获取图像，尝试 4/30 (已耗时: 11.6秒)
2025-05-09 10:08:49 [INFO] 图像质量: 模糊 拉普拉斯变异度低 (0.06 < 100) | Sobel梯度均值低 (0.10 < 20) | 边缘检测点少 (0.00% < 1.0%) | 高频能量正常 (97.58)
2025-05-09 10:08:49 [WARNING] 图像模糊，尝试重新获取 (第4次尝试)
2025-05-09 10:08:50 [INFO] 正在获取图像，尝试 5/30 (已耗时: 15.6秒)
2025-05-09 10:08:53 [INFO] 图像质量: 模糊 拉普拉斯变异度低 (0.04 < 100) | Sobel梯度均值低 (0.07 < 20) | 边缘检测点少 (0.00% < 1.0%) | 高频能量正常 (92.33)
2025-05-09 10:08:53 [WARNING] 图像模糊，尝试重新获取 (第5次尝试)
2025-05-09 10:08:54 [INFO] 正在获取图像，尝试 6/30 (已耗时: 19.4秒)
2025-05-09 10:08:57 [INFO] 图像质量: 模糊 拉普拉斯变异度低 (1.21 < 100) | Sobel梯度均值低 (0.13 < 20) | 边缘检测点少 (0.00% < 1.0%) | 高频能量正常 (127.56)
2025-05-09 10:08:57 [WARNING] 图像模糊，尝试重新获取 (第6次尝试)
2025-05-09 10:08:58 [INFO] 正在获取图像，尝试 7/30 (已耗时: 23.4秒)
2025-05-09 10:09:01 [INFO] 图像质量: 模糊 拉普拉斯变异度低 (0.04 < 100) | Sobel梯度均值低 (0.07 < 20) | 边缘检测点少 (0.00% < 1.0%) | 高频能量正常 (90.89)
2025-05-09 10:09:01 [WARNING] 图像模糊，尝试重新获取 (第7次尝试)
2025-05-09 10:09:02 [INFO] 正在获取图像，尝试 8/30 (已耗时: 27.3秒)
2025-05-09 10:09:05 [INFO] 图像质量: 模糊 拉普拉斯变异度低 (0.06 < 100) | Sobel梯度均值低 (0.10 < 20) | 边缘检测点少 (0.00% < 1.0%) | 高频能量正常 (96.87)
2025-05-09 10:09:05 [WARNING] 图像模糊，尝试重新获取 (第8次尝试)
2025-05-09 10:09:06 [ERROR] 获取清晰图像超时 (30秒)
2025-05-09 10:09:06 [WARNING] 返回超时前的最后一帧图像
2025-05-09 10:09:09 [INFO] 正在获取图像，尝试 1/30 (已耗时: 0.0秒)
2025-05-09 10:09:12 [INFO] 图像质量: 模糊 拉普拉斯变异度低 (0.04 < 100) | Sobel梯度均值低 (0.08 < 20) | 边缘检测点少 (0.00% < 1.0%) | 高频能量正常 (94.61)
2025-05-09 10:09:12 [WARNING] 图像模糊，尝试重新获取 (第1次尝试)
2025-05-09 10:09:13 [INFO] 正在获取图像，尝试 2/30 (已耗时: 4.1秒)
2025-05-09 10:09:16 [INFO] 图像质量: 模糊 拉普拉斯变异度低 (0.76 < 100) | Sobel梯度均值低 (0.17 < 20) | 边缘检测点少 (0.00% < 1.0%) | 高频能量正常 (123.62)
2025-05-09 10:09:16 [WARNING] 图像模糊，尝试重新获取 (第2次尝试)
2025-05-09 10:09:17 [INFO] 正在获取图像，尝试 3/30 (已耗时: 8.0秒)
2025-05-09 10:09:20 [INFO] 图像质量: 模糊 拉普拉斯变异度低 (2.14 < 100) | Sobel梯度均值低 (0.48 < 20) | 边缘检测点少 (0.05% < 1.0%) | 高频能量正常 (134.41)
2025-05-09 10:09:20 [WARNING] 图像模糊，尝试重新获取 (第3次尝试)
2025-05-09 10:09:21 [INFO] 正在获取图像，尝试 4/30 (已耗时: 11.9秒)
2025-05-09 10:09:24 [INFO] 图像质量: 模糊 拉普拉斯变异度低 (0.03 < 100) | Sobel梯度均值低 (0.07 < 20) | 边缘检测点少 (0.00% < 1.0%) | 高频能量正常 (91.30)
2025-05-09 10:09:24 [WARNING] 图像模糊，尝试重新获取 (第4次尝试)
2025-05-09 10:09:25 [INFO] 正在获取图像，尝试 5/30 (已耗时: 15.9秒)
2025-05-09 10:09:28 [INFO] 图像质量: 模糊 拉普拉斯变异度低 (0.03 < 100) | Sobel梯度均值低 (0.07 < 20) | 边缘检测点少 (0.00% < 1.0%) | 高频能量正常 (89.07)
2025-05-09 10:09:28 [WARNING] 图像模糊，尝试重新获取 (第5次尝试)
2025-05-09 10:09:28 [INFO] 正在获取图像，尝试 6/30 (已耗时: 19.8秒)
2025-05-09 10:09:32 [INFO] 图像质量: 模糊 拉普拉斯变异度低 (0.03 < 100) | Sobel梯度均值低 (0.06 < 20) | 边缘检测点少 (0.00% < 1.0%) | 高频能量正常 (89.41)
2025-05-09 10:09:32 [WARNING] 图像模糊，尝试重新获取 (第6次尝试)
2025-05-09 10:09:32 [INFO] 正在获取图像，尝试 7/30 (已耗时: 23.8秒)
2025-05-09 10:09:36 [INFO] 图像质量: 模糊 拉普拉斯变异度低 (0.32 < 100) | Sobel梯度均值低 (0.24 < 20) | 边缘检测点少 (0.00% < 1.0%) | 高频能量正常 (114.86)
2025-05-09 10:09:36 [WARNING] 图像模糊，尝试重新获取 (第7次尝试)
2025-05-09 10:09:36 [INFO] 正在获取图像，尝试 8/30 (已耗时: 27.7秒)
2025-05-09 10:09:40 [INFO] 图像质量: 模糊 拉普拉斯变异度低 (0.28 < 100) | Sobel梯度均值低 (0.26 < 20) | 边缘检测点少 (0.00% < 1.0%) | 高频能量正常 (113.47)
2025-05-09 10:09:40 [WARNING] 图像模糊，尝试重新获取 (第8次尝试)
2025-05-09 10:09:40 [ERROR] 获取清晰图像超时 (30秒)
2025-05-09 10:09:40 [WARNING] 返回超时前的最后一帧图像
2025-05-09 10:09:43 [INFO] 正在获取图像，尝试 1/30 (已耗时: 0.0秒)
2025-05-09 10:09:47 [INFO] 图像质量: 模糊 拉普拉斯变异度低 (0.34 < 100) | Sobel梯度均值低 (0.18 < 20) | 边缘检测点少 (0.00% < 1.0%) | 高频能量正常 (117.48)
2025-05-09 10:09:47 [WARNING] 图像模糊，尝试重新获取 (第1次尝试)
2025-05-09 10:09:47 [INFO] 正在获取图像，尝试 2/30 (已耗时: 3.9秒)
2025-05-09 10:09:51 [INFO] 图像质量: 清晰 拉普拉斯变异度正常 (267.90) | Sobel梯度均值正常 (26.31) | 边缘检测点正常 (2.14%) | 高频能量正常 (178.67)
2025-05-09 10:09:51 [INFO] 图像清晰度良好，可以进行检测
