2025-05-13 09:04:30 [INFO] 正在获取图像，尝试 1/1000 (已耗时: 0.0秒)
2025-05-13 09:04:34 [INFO] 图像质量: 模糊 拉普拉斯变异度低 (0.05 < 100) | Sobel梯度均值低 (0.07 < 20) | 边缘检测点少 (0.00% < 1.0%) | 高频能量正常 (96.40)
2025-05-13 09:04:34 [WARNING] 图像模糊，尝试重新获取 (第1次尝试)
2025-05-13 09:04:34 [INFO] 正在获取图像，尝试 2/1000 (已耗时: 4.2秒)
2025-05-13 09:04:38 [INFO] 图像质量: 模糊 拉普拉斯变异度低 (0.91 < 100) | Sobel梯度均值低 (0.09 < 20) | 边缘检测点少 (0.00% < 1.0%) | 高频能量正常 (125.53)
2025-05-13 09:04:38 [WARNING] 图像模糊，尝试重新获取 (第2次尝试)
2025-05-13 09:04:38 [INFO] 正在获取图像，尝试 3/1000 (已耗时: 8.3秒)
2025-05-13 09:04:42 [INFO] 图像质量: 模糊 拉普拉斯变异度低 (0.52 < 100) | Sobel梯度均值低 (0.09 < 20) | 边缘检测点少 (0.00% < 1.0%) | 高频能量正常 (120.97)
2025-05-13 09:04:42 [WARNING] 图像模糊，尝试重新获取 (第3次尝试)
2025-05-13 09:04:43 [INFO] 正在获取图像，尝试 4/1000 (已耗时: 12.3秒)
2025-05-13 09:04:46 [INFO] 图像质量: 模糊 拉普拉斯变异度低 (0.02 < 100) | Sobel梯度均值低 (0.03 < 20) | 边缘检测点少 (0.00% < 1.0%) | 高频能量正常 (84.92)
2025-05-13 09:04:46 [WARNING] 图像模糊，尝试重新获取 (第4次尝试)
2025-05-13 09:04:47 [INFO] 正在获取图像，尝试 5/1000 (已耗时: 16.4秒)
2025-05-13 09:04:50 [INFO] 图像质量: 模糊 拉普拉斯变异度低 (0.06 < 100) | Sobel梯度均值低 (0.05 < 20) | 边缘检测点少 (0.00% < 1.0%) | 高频能量正常 (96.33)
2025-05-13 09:04:50 [WARNING] 图像模糊，尝试重新获取 (第5次尝试)
2025-05-13 09:04:51 [INFO] 正在获取图像，尝试 6/1000 (已耗时: 20.4秒)
2025-05-13 09:04:54 [INFO] 图像质量: 模糊 拉普拉斯变异度低 (0.06 < 100) | Sobel梯度均值低 (0.04 < 20) | 边缘检测点少 (0.00% < 1.0%) | 高频能量正常 (95.76)
2025-05-13 09:04:54 [WARNING] 图像模糊，尝试重新获取 (第6次尝试)
2025-05-13 09:04:55 [INFO] 正在获取图像，尝试 7/1000 (已耗时: 24.3秒)
2025-05-13 09:04:58 [INFO] 图像质量: 模糊 拉普拉斯变异度低 (0.03 < 100) | Sobel梯度均值低 (0.03 < 20) | 边缘检测点少 (0.00% < 1.0%) | 高频能量正常 (89.56)
2025-05-13 09:04:58 [WARNING] 图像模糊，尝试重新获取 (第7次尝试)
2025-05-13 09:04:59 [INFO] 正在获取图像，尝试 8/1000 (已耗时: 28.4秒)
2025-05-13 09:05:02 [INFO] 图像质量: 模糊 拉普拉斯变异度低 (0.03 < 100) | Sobel梯度均值低 (0.04 < 20) | 边缘检测点少 (0.00% < 1.0%) | 高频能量正常 (90.19)
2025-05-13 09:05:02 [WARNING] 图像模糊，尝试重新获取 (第8次尝试)
2025-05-13 09:05:03 [ERROR] 获取清晰图像超时 (30秒)
2025-05-13 09:05:03 [WARNING] 返回超时前的最后一帧图像
