2025-05-15 19:16:59 [INFO] 正在获取图像，尝试 1/1000 (已耗时: 0.0秒)
2025-05-15 19:17:02 [INFO] 图像质量: 清晰 拉普拉斯变异度正常 (235.89) | Sobel梯度均值正常 (31.50) | 边缘检测点正常 (2.66%) | 高频能量正常 (178.67)
2025-05-15 19:17:02 [INFO] 图像清晰度良好，可以进行检测
2025-05-15 19:17:02 [INFO] 正在获取图像，尝试 1/1000 (已耗时: 0.0秒)
2025-05-15 19:17:06 [INFO] 图像质量: 模糊 拉普拉斯变异度低 (0.04 < 100) | Sobel梯度均值低 (0.10 < 20) | 边缘检测点少 (0.00% < 1.0%) | 高频能量正常 (93.35)
2025-05-15 19:17:06 [WARNING] 图像模糊，尝试重新获取 (第1次尝试)
2025-05-15 19:17:06 [INFO] 正在获取图像，尝试 2/1000 (已耗时: 3.9秒)
2025-05-15 19:17:10 [INFO] 图像质量: 模糊 拉普拉斯变异度低 (0.06 < 100) | Sobel梯度均值低 (0.14 < 20) | 边缘检测点少 (0.00% < 1.0%) | 高频能量正常 (96.62)
2025-05-15 19:17:10 [WARNING] 图像模糊，尝试重新获取 (第2次尝试)
2025-05-15 19:17:10 [INFO] 正在获取图像，尝试 3/1000 (已耗时: 7.8秒)
2025-05-15 19:17:14 [INFO] 图像质量: 模糊 拉普拉斯变异度低 (0.07 < 100) | Sobel梯度均值低 (0.16 < 20) | 边缘检测点少 (0.00% < 1.0%) | 高频能量正常 (98.49)
2025-05-15 19:17:14 [WARNING] 图像模糊，尝试重新获取 (第3次尝试)
2025-05-15 19:17:14 [INFO] 正在获取图像，尝试 4/1000 (已耗时: 11.9秒)
2025-05-15 19:17:18 [INFO] 图像质量: 模糊 拉普拉斯变异度低 (0.04 < 100) | Sobel梯度均值低 (0.10 < 20) | 边缘检测点少 (0.00% < 1.0%) | 高频能量正常 (94.36)
2025-05-15 19:17:18 [WARNING] 图像模糊，尝试重新获取 (第4次尝试)
2025-05-15 19:17:18 [INFO] 正在获取图像，尝试 5/1000 (已耗时: 15.9秒)
2025-05-15 19:17:22 [INFO] 图像质量: 模糊 拉普拉斯变异度低 (0.06 < 100) | Sobel梯度均值低 (0.15 < 20) | 边缘检测点少 (0.00% < 1.0%) | 高频能量正常 (97.43)
2025-05-15 19:17:22 [WARNING] 图像模糊，尝试重新获取 (第5次尝试)
2025-05-15 19:17:22 [INFO] 正在获取图像，尝试 6/1000 (已耗时: 19.8秒)
2025-05-15 19:17:26 [INFO] 图像质量: 模糊 拉普拉斯变异度低 (0.05 < 100) | Sobel梯度均值低 (0.14 < 20) | 边缘检测点少 (0.00% < 1.0%) | 高频能量正常 (95.62)
2025-05-15 19:17:26 [WARNING] 图像模糊，尝试重新获取 (第6次尝试)
2025-05-15 19:17:26 [INFO] 正在获取图像，尝试 7/1000 (已耗时: 23.9秒)
2025-05-15 19:17:30 [INFO] 图像质量: 模糊 拉普拉斯变异度低 (0.06 < 100) | Sobel梯度均值低 (0.15 < 20) | 边缘检测点少 (0.00% < 1.0%) | 高频能量正常 (97.89)
2025-05-15 19:17:30 [WARNING] 图像模糊，尝试重新获取 (第7次尝试)
2025-05-15 19:17:30 [INFO] 正在获取图像，尝试 8/1000 (已耗时: 27.8秒)
2025-05-15 19:17:34 [INFO] 图像质量: 模糊 拉普拉斯变异度低 (0.07 < 100) | Sobel梯度均值低 (0.15 < 20) | 边缘检测点少 (0.00% < 1.0%) | 高频能量正常 (98.19)
2025-05-15 19:17:34 [WARNING] 图像模糊，尝试重新获取 (第8次尝试)
2025-05-15 19:17:34 [ERROR] 获取清晰图像超时 (30秒)
2025-05-15 19:17:34 [WARNING] 返回超时前的最后一帧图像
2025-05-15 19:17:34 [INFO] 正在获取图像，尝试 1/1000 (已耗时: 0.0秒)
2025-05-15 19:17:38 [INFO] 图像质量: 模糊 拉普拉斯变异度低 (0.06 < 100) | Sobel梯度均值低 (0.14 < 20) | 边缘检测点少 (0.00% < 1.0%) | 高频能量正常 (97.19)
2025-05-15 19:17:38 [WARNING] 图像模糊，尝试重新获取 (第1次尝试)
2025-05-15 19:17:38 [INFO] 正在获取图像，尝试 2/1000 (已耗时: 4.0秒)
2025-05-15 19:17:42 [INFO] 图像质量: 模糊 拉普拉斯变异度低 (0.06 < 100) | Sobel梯度均值低 (0.14 < 20) | 边缘检测点少 (0.00% < 1.0%) | 高频能量正常 (96.84)
2025-05-15 19:17:42 [WARNING] 图像模糊，尝试重新获取 (第2次尝试)
2025-05-15 19:17:42 [INFO] 正在获取图像，尝试 3/1000 (已耗时: 7.9秒)
2025-05-15 19:17:46 [INFO] 图像质量: 模糊 拉普拉斯变异度低 (0.05 < 100) | Sobel梯度均值低 (0.14 < 20) | 边缘检测点少 (0.00% < 1.0%) | 高频能量正常 (95.72)
2025-05-15 19:17:46 [WARNING] 图像模糊，尝试重新获取 (第3次尝试)
2025-05-15 19:17:46 [INFO] 正在获取图像，尝试 4/1000 (已耗时: 12.0秒)
2025-05-15 19:17:50 [INFO] 图像质量: 模糊 拉普拉斯变异度低 (0.06 < 100) | Sobel梯度均值低 (0.14 < 20) | 边缘检测点少 (0.00% < 1.0%) | 高频能量正常 (96.81)
2025-05-15 19:17:50 [WARNING] 图像模糊，尝试重新获取 (第4次尝试)
2025-05-15 19:17:50 [INFO] 正在获取图像，尝试 5/1000 (已耗时: 15.9秒)
2025-05-15 19:17:54 [INFO] 图像质量: 模糊 拉普拉斯变异度低 (0.07 < 100) | Sobel梯度均值低 (0.15 < 20) | 边缘检测点少 (0.00% < 1.0%) | 高频能量正常 (98.19)
2025-05-15 19:17:54 [WARNING] 图像模糊，尝试重新获取 (第5次尝试)
2025-05-15 19:17:54 [INFO] 正在获取图像，尝试 6/1000 (已耗时: 20.1秒)
2025-05-15 19:17:58 [INFO] 图像质量: 模糊 拉普拉斯变异度低 (0.05 < 100) | Sobel梯度均值低 (0.11 < 20) | 边缘检测点少 (0.00% < 1.0%) | 高频能量正常 (94.41)
2025-05-15 19:17:58 [WARNING] 图像模糊，尝试重新获取 (第6次尝试)
2025-05-15 19:17:58 [INFO] 正在获取图像，尝试 7/1000 (已耗时: 24.0秒)
2025-05-15 19:18:02 [INFO] 图像质量: 模糊 拉普拉斯变异度低 (0.04 < 100) | Sobel梯度均值低 (0.11 < 20) | 边缘检测点少 (0.00% < 1.0%) | 高频能量正常 (94.18)
2025-05-15 19:18:02 [WARNING] 图像模糊，尝试重新获取 (第7次尝试)
2025-05-15 19:18:02 [INFO] 正在获取图像，尝试 8/1000 (已耗时: 28.0秒)
2025-05-15 19:18:06 [INFO] 图像质量: 模糊 拉普拉斯变异度低 (0.04 < 100) | Sobel梯度均值低 (0.10 < 20) | 边缘检测点少 (0.00% < 1.0%) | 高频能量正常 (93.05)
2025-05-15 19:18:06 [WARNING] 图像模糊，尝试重新获取 (第8次尝试)
2025-05-15 19:18:06 [ERROR] 获取清晰图像超时 (30秒)
2025-05-15 19:18:06 [WARNING] 返回超时前的最后一帧图像
2025-05-15 19:18:06 [INFO] 正在获取图像，尝试 1/1000 (已耗时: 0.0秒)
2025-05-15 19:18:10 [INFO] 图像质量: 模糊 拉普拉斯变异度低 (0.04 < 100) | Sobel梯度均值低 (0.11 < 20) | 边缘检测点少 (0.00% < 1.0%) | 高频能量正常 (92.47)
2025-05-15 19:18:10 [WARNING] 图像模糊，尝试重新获取 (第1次尝试)
2025-05-15 19:18:10 [INFO] 正在获取图像，尝试 2/1000 (已耗时: 3.9秒)
2025-05-15 19:18:14 [INFO] 图像质量: 模糊 拉普拉斯变异度低 (0.07 < 100) | Sobel梯度均值低 (0.17 < 20) | 边缘检测点少 (0.00% < 1.0%) | 高频能量正常 (99.57)
2025-05-15 19:18:14 [WARNING] 图像模糊，尝试重新获取 (第2次尝试)
2025-05-15 19:18:14 [INFO] 正在获取图像，尝试 3/1000 (已耗时: 7.9秒)
2025-05-15 19:18:18 [INFO] 图像质量: 模糊 拉普拉斯变异度低 (0.07 < 100) | Sobel梯度均值低 (0.15 < 20) | 边缘检测点少 (0.00% < 1.0%) | 高频能量正常 (98.50)
2025-05-15 19:18:18 [WARNING] 图像模糊，尝试重新获取 (第3次尝试)
2025-05-15 19:18:18 [INFO] 正在获取图像，尝试 4/1000 (已耗时: 11.9秒)
2025-05-15 19:18:22 [INFO] 图像质量: 模糊 拉普拉斯变异度低 (0.07 < 100) | Sobel梯度均值低 (0.18 < 20) | 边缘检测点少 (0.00% < 1.0%) | 高频能量正常 (100.01)
2025-05-15 19:18:22 [WARNING] 图像模糊，尝试重新获取 (第4次尝试)
2025-05-15 19:18:22 [INFO] 正在获取图像，尝试 5/1000 (已耗时: 16.0秒)
2025-05-15 19:18:26 [INFO] 图像质量: 模糊 拉普拉斯变异度低 (0.08 < 100) | Sobel梯度均值低 (0.15 < 20) | 边缘检测点少 (0.00% < 1.0%) | 高频能量正常 (99.58)
2025-05-15 19:18:26 [WARNING] 图像模糊，尝试重新获取 (第5次尝试)
2025-05-15 19:18:26 [INFO] 正在获取图像，尝试 6/1000 (已耗时: 20.0秒)
2025-05-15 19:18:30 [INFO] 图像质量: 模糊 拉普拉斯变异度低 (0.04 < 100) | Sobel梯度均值低 (0.11 < 20) | 边缘检测点少 (0.00% < 1.0%) | 高频能量正常 (93.88)
2025-05-15 19:18:30 [WARNING] 图像模糊，尝试重新获取 (第6次尝试)
2025-05-15 19:18:30 [INFO] 正在获取图像，尝试 7/1000 (已耗时: 24.0秒)
2025-05-15 19:18:34 [INFO] 图像质量: 模糊 拉普拉斯变异度低 (0.05 < 100) | Sobel梯度均值低 (0.11 < 20) | 边缘检测点少 (0.00% < 1.0%) | 高频能量正常 (94.83)
2025-05-15 19:18:34 [WARNING] 图像模糊，尝试重新获取 (第7次尝试)
2025-05-15 19:18:34 [INFO] 正在获取图像，尝试 8/1000 (已耗时: 27.9秒)
2025-05-15 19:18:38 [INFO] 图像质量: 模糊 拉普拉斯变异度低 (0.06 < 100) | Sobel梯度均值低 (0.14 < 20) | 边缘检测点少 (0.00% < 1.0%) | 高频能量正常 (98.55)
2025-05-15 19:18:38 [WARNING] 图像模糊，尝试重新获取 (第8次尝试)
2025-05-15 19:18:38 [ERROR] 获取清晰图像超时 (30秒)
2025-05-15 19:18:38 [WARNING] 返回超时前的最后一帧图像
2025-05-15 19:18:38 [INFO] 正在获取图像，尝试 1/1000 (已耗时: 0.0秒)
2025-05-15 19:18:42 [INFO] 图像质量: 模糊 拉普拉斯变异度低 (0.05 < 100) | Sobel梯度均值低 (0.10 < 20) | 边缘检测点少 (0.00% < 1.0%) | 高频能量正常 (94.25)
2025-05-15 19:18:42 [WARNING] 图像模糊，尝试重新获取 (第1次尝试)
2025-05-15 19:18:42 [INFO] 正在获取图像，尝试 2/1000 (已耗时: 4.0秒)
