2025-05-11 18:40:02 [INFO] 正在获取图像，尝试 1/10 (已耗时: 0.0秒)
2025-05-11 18:40:05 [INFO] 图像质量: 模糊 拉普拉斯变异度低 (0.13 < 100) | Sobel梯度均值低 (0.29 < 20) | 边缘检测点少 (0.00% < 1.0%) | 高频能量正常 (105.84)
2025-05-11 18:40:05 [WARNING] 图像模糊，尝试重新获取 (第1次尝试)
2025-05-11 18:40:07 [INFO] 正在获取图像，尝试 2/10 (已耗时: 5.4秒)
2025-05-11 18:40:11 [INFO] 图像质量: 模糊 拉普拉斯变异度低 (0.06 < 100) | Sobel梯度均值低 (0.13 < 20) | 边缘检测点少 (0.00% < 1.0%) | 高频能量正常 (96.93)
2025-05-11 18:40:11 [WARNING] 图像模糊，尝试重新获取 (第2次尝试)
2025-05-11 18:40:13 [INFO] 正在获取图像，尝试 3/10 (已耗时: 10.9秒)
2025-05-11 18:40:16 [INFO] 图像质量: 模糊 拉普拉斯变异度低 (0.07 < 100) | Sobel梯度均值低 (0.14 < 20) | 边缘检测点少 (0.00% < 1.0%) | 高频能量正常 (99.74)
2025-05-11 18:40:16 [WARNING] 图像模糊，尝试重新获取 (第3次尝试)
2025-05-11 18:40:18 [INFO] 正在获取图像，尝试 4/10 (已耗时: 16.4秒)
2025-05-11 18:40:21 [INFO] 图像质量: 模糊 拉普拉斯变异度低 (0.12 < 100) | Sobel梯度均值低 (0.22 < 20) | 边缘检测点少 (0.00% < 1.0%) | 高频能量正常 (105.44)
2025-05-11 18:40:21 [WARNING] 图像模糊，尝试重新获取 (第4次尝试)
2025-05-11 18:40:23 [INFO] 正在获取图像，尝试 5/10 (已耗时: 21.8秒)
2025-05-11 18:40:27 [INFO] 图像质量: 模糊 拉普拉斯变异度低 (1.84 < 100) | Sobel梯度均值低 (0.23 < 20) | 边缘检测点少 (0.01% < 1.0%) | 高频能量正常 (132.47)
2025-05-11 18:40:27 [WARNING] 图像模糊，尝试重新获取 (第5次尝试)
2025-05-11 18:40:29 [INFO] 正在获取图像，尝试 6/10 (已耗时: 27.2秒)
2025-05-11 18:40:32 [INFO] 图像质量: 模糊 拉普拉斯变异度低 (0.25 < 100) | Sobel梯度均值低 (0.30 < 20) | 边缘检测点少 (0.00% < 1.0%) | 高频能量正常 (113.33)
2025-05-11 18:40:32 [WARNING] 图像模糊，尝试重新获取 (第6次尝试)
2025-05-11 18:40:34 [INFO] 正在获取图像，尝试 7/10 (已耗时: 32.7秒)
2025-05-11 18:40:38 [INFO] 图像质量: 模糊 拉普拉斯变异度低 (0.09 < 100) | Sobel梯度均值低 (0.19 < 20) | 边缘检测点少 (0.00% < 1.0%) | 高频能量正常 (102.10)
2025-05-11 18:40:38 [WARNING] 图像模糊，尝试重新获取 (第7次尝试)
2025-05-11 18:40:40 [INFO] 正在获取图像，尝试 8/10 (已耗时: 38.0秒)
2025-05-11 18:40:43 [INFO] 图像质量: 模糊 拉普拉斯变异度低 (0.06 < 100) | Sobel梯度均值低 (0.14 < 20) | 边缘检测点少 (0.00% < 1.0%) | 高频能量正常 (96.53)
2025-05-11 18:40:43 [WARNING] 图像模糊，尝试重新获取 (第8次尝试)
2025-05-11 18:40:45 [ERROR] 获取清晰图像超时 (40.0秒)
2025-05-11 18:40:45 [WARNING] 返回超时前的最后一帧图像
2025-05-11 18:40:45 [INFO] 正在获取图像，尝试 1/10 (已耗时: 0.0秒)
2025-05-11 18:40:49 [INFO] 图像质量: 模糊 拉普拉斯变异度低 (0.08 < 100) | Sobel梯度均值低 (0.17 < 20) | 边缘检测点少 (0.00% < 1.0%) | 高频能量正常 (100.19)
2025-05-11 18:40:49 [WARNING] 图像模糊，尝试重新获取 (第1次尝试)
2025-05-11 18:40:51 [INFO] 正在获取图像，尝试 2/10 (已耗时: 5.5秒)
2025-05-11 18:40:54 [INFO] 图像质量: 模糊 拉普拉斯变异度低 (0.26 < 100) | Sobel梯度均值低 (0.31 < 20) | 边缘检测点少 (0.00% < 1.0%) | 高频能量正常 (113.05)
2025-05-11 18:40:54 [WARNING] 图像模糊，尝试重新获取 (第2次尝试)
2025-05-11 18:40:56 [INFO] 正在获取图像，尝试 3/10 (已耗时: 11.0秒)
2025-05-11 18:41:00 [INFO] 图像质量: 模糊 拉普拉斯变异度低 (0.09 < 100) | Sobel梯度均值低 (0.19 < 20) | 边缘检测点少 (0.00% < 1.0%) | 高频能量正常 (102.33)
2025-05-11 18:41:00 [WARNING] 图像模糊，尝试重新获取 (第3次尝试)
2025-05-11 18:41:02 [INFO] 正在获取图像，尝试 4/10 (已耗时: 16.4秒)
2025-05-11 18:41:05 [INFO] 图像质量: 模糊 拉普拉斯变异度低 (0.08 < 100) | Sobel梯度均值低 (0.20 < 20) | 边缘检测点少 (0.00% < 1.0%) | 高频能量正常 (101.49)
2025-05-11 18:41:05 [WARNING] 图像模糊，尝试重新获取 (第4次尝试)
2025-05-11 18:41:07 [INFO] 正在获取图像，尝试 5/10 (已耗时: 21.8秒)
2025-05-11 18:41:11 [INFO] 图像质量: 模糊 拉普拉斯变异度低 (0.08 < 100) | Sobel梯度均值低 (0.17 < 20) | 边缘检测点少 (0.00% < 1.0%) | 高频能量正常 (100.37)
2025-05-11 18:41:11 [WARNING] 图像模糊，尝试重新获取 (第5次尝试)
2025-05-11 18:41:13 [INFO] 正在获取图像，尝试 6/10 (已耗时: 27.3秒)
2025-05-11 18:41:16 [INFO] 图像质量: 模糊 拉普拉斯变异度低 (0.07 < 100) | Sobel梯度均值低 (0.15 < 20) | 边缘检测点少 (0.00% < 1.0%) | 高频能量正常 (99.35)
2025-05-11 18:41:16 [WARNING] 图像模糊，尝试重新获取 (第6次尝试)
2025-05-11 18:41:18 [INFO] 正在获取图像，尝试 7/10 (已耗时: 32.7秒)
2025-05-11 18:41:21 [INFO] 图像质量: 清晰 拉普拉斯变异度正常 (238.33) | Sobel梯度均值正常 (24.53) | 边缘检测点正常 (1.91%) | 高频能量正常 (176.52)
2025-05-11 18:41:21 [INFO] 图像清晰度良好，可以进行检测
2025-05-11 18:41:48 [INFO] 正在获取图像，尝试 1/30 (已耗时: 0.0秒)
2025-05-11 18:41:51 [INFO] 图像质量: 模糊 拉普拉斯变异度低 (0.10 < 100) | Sobel梯度均值低 (0.20 < 20) | 边缘检测点少 (0.00% < 1.0%) | 高频能量正常 (103.08)
2025-05-11 18:41:51 [WARNING] 图像模糊，尝试重新获取 (第1次尝试)
2025-05-11 18:41:52 [INFO] 正在获取图像，尝试 2/30 (已耗时: 3.9秒)
2025-05-11 18:41:55 [INFO] 图像质量: 模糊 拉普拉斯变异度低 (0.19 < 100) | Sobel梯度均值低 (0.21 < 20) | 边缘检测点少 (0.00% < 1.0%) | 高频能量正常 (111.18)
2025-05-11 18:41:55 [WARNING] 图像模糊，尝试重新获取 (第2次尝试)
2025-05-11 18:41:56 [INFO] 正在获取图像，尝试 3/30 (已耗时: 7.9秒)
2025-05-11 18:41:59 [INFO] 图像质量: 清晰 拉普拉斯变异度正常 (236.72) | Sobel梯度均值正常 (24.48) | 边缘检测点正常 (1.90%) | 高频能量正常 (176.48)
2025-05-11 18:41:59 [INFO] 图像清晰度良好，可以进行检测
2025-05-11 18:42:27 [INFO] 正在获取图像，尝试 1/10 (已耗时: 0.0秒)
2025-05-11 18:42:30 [INFO] 图像质量: 模糊 拉普拉斯变异度低 (0.16 < 100) | Sobel梯度均值低 (0.26 < 20) | 边缘检测点少 (0.00% < 1.0%) | 高频能量正常 (107.54)
2025-05-11 18:42:30 [WARNING] 图像模糊，尝试重新获取 (第1次尝试)
2025-05-11 18:42:32 [INFO] 正在获取图像，尝试 2/10 (已耗时: 5.4秒)
2025-05-11 18:42:35 [INFO] 图像质量: 清晰 拉普拉斯变异度正常 (235.85) | Sobel梯度均值正常 (24.51) | 边缘检测点正常 (1.92%) | 高频能量正常 (176.31)
2025-05-11 18:42:35 [INFO] 图像清晰度良好，可以进行检测
2025-05-11 18:43:00 [INFO] 正在获取图像，尝试 1/30 (已耗时: 0.0秒)
2025-05-11 18:43:04 [INFO] 图像质量: 模糊 拉普拉斯变异度低 (0.08 < 100) | Sobel梯度均值低 (0.15 < 20) | 边缘检测点少 (0.00% < 1.0%) | 高频能量正常 (100.17)
2025-05-11 18:43:04 [WARNING] 图像模糊，尝试重新获取 (第1次尝试)
2025-05-11 18:43:04 [INFO] 正在获取图像，尝试 2/30 (已耗时: 3.9秒)
2025-05-11 18:43:08 [INFO] 图像质量: 模糊 拉普拉斯变异度低 (0.09 < 100) | Sobel梯度均值低 (0.20 < 20) | 边缘检测点少 (0.00% < 1.0%) | 高频能量正常 (101.81)
2025-05-11 18:43:08 [WARNING] 图像模糊，尝试重新获取 (第2次尝试)
2025-05-11 18:43:08 [INFO] 正在获取图像，尝试 3/30 (已耗时: 7.9秒)
2025-05-11 18:43:12 [INFO] 图像质量: 模糊 拉普拉斯变异度低 (2.86 < 100) | Sobel梯度均值低 (0.29 < 20) | 边缘检测点少 (0.01% < 1.0%) | 高频能量正常 (135.06)
2025-05-11 18:43:12 [WARNING] 图像模糊，尝试重新获取 (第3次尝试)
2025-05-11 18:43:12 [INFO] 正在获取图像，尝试 4/30 (已耗时: 11.9秒)
2025-05-11 18:43:16 [INFO] 图像质量: 模糊 拉普拉斯变异度低 (0.10 < 100) | Sobel梯度均值低 (0.20 < 20) | 边缘检测点少 (0.00% < 1.0%) | 高频能量正常 (103.62)
2025-05-11 18:43:16 [WARNING] 图像模糊，尝试重新获取 (第4次尝试)
2025-05-11 18:43:16 [INFO] 正在获取图像，尝试 5/30 (已耗时: 15.9秒)
2025-05-11 18:43:20 [INFO] 图像质量: 模糊 拉普拉斯变异度低 (0.10 < 100) | Sobel梯度均值低 (0.20 < 20) | 边缘检测点少 (0.00% < 1.0%) | 高频能量正常 (102.18)
2025-05-11 18:43:20 [WARNING] 图像模糊，尝试重新获取 (第5次尝试)
2025-05-11 18:43:20 [INFO] 正在获取图像，尝试 6/30 (已耗时: 19.9秒)
2025-05-11 18:43:24 [INFO] 图像质量: 模糊 拉普拉斯变异度低 (0.09 < 100) | Sobel梯度均值低 (0.19 < 20) | 边缘检测点少 (0.00% < 1.0%) | 高频能量正常 (102.22)
2025-05-11 18:43:24 [WARNING] 图像模糊，尝试重新获取 (第6次尝试)
2025-05-11 18:43:24 [INFO] 正在获取图像，尝试 7/30 (已耗时: 23.9秒)
2025-05-11 18:43:28 [INFO] 图像质量: 模糊 拉普拉斯变异度低 (0.10 < 100) | Sobel梯度均值低 (0.20 < 20) | 边缘检测点少 (0.00% < 1.0%) | 高频能量正常 (102.91)
2025-05-11 18:43:28 [WARNING] 图像模糊，尝试重新获取 (第7次尝试)
2025-05-11 18:43:28 [INFO] 正在获取图像，尝试 8/30 (已耗时: 27.8秒)
2025-05-11 18:43:32 [INFO] 图像质量: 模糊 拉普拉斯变异度低 (0.07 < 100) | Sobel梯度均值低 (0.15 < 20) | 边缘检测点少 (0.00% < 1.0%) | 高频能量正常 (99.03)
2025-05-11 18:43:32 [WARNING] 图像模糊，尝试重新获取 (第8次尝试)
2025-05-11 18:43:32 [ERROR] 获取清晰图像超时 (30秒)
2025-05-11 18:43:32 [WARNING] 返回超时前的最后一帧图像
2025-05-11 18:43:35 [INFO] 正在获取图像，尝试 1/30 (已耗时: 0.0秒)
2025-05-11 18:43:39 [INFO] 图像质量: 模糊 拉普拉斯变异度低 (0.07 < 100) | Sobel梯度均值低 (0.17 < 20) | 边缘检测点少 (0.00% < 1.0%) | 高频能量正常 (99.55)
2025-05-11 18:43:39 [WARNING] 图像模糊，尝试重新获取 (第1次尝试)
2025-05-11 18:43:39 [INFO] 正在获取图像，尝试 2/30 (已耗时: 3.9秒)
2025-05-11 18:43:43 [INFO] 图像质量: 模糊 拉普拉斯变异度低 (0.07 < 100) | Sobel梯度均值低 (0.17 < 20) | 边缘检测点少 (0.00% < 1.0%) | 高频能量正常 (100.19)
2025-05-11 18:43:43 [WARNING] 图像模糊，尝试重新获取 (第2次尝试)
2025-05-11 18:43:43 [INFO] 正在获取图像，尝试 3/30 (已耗时: 8.1秒)
2025-05-11 18:43:47 [INFO] 图像质量: 模糊 拉普拉斯变异度低 (1.88 < 100) | Sobel梯度均值低 (0.23 < 20) | 边缘检测点少 (0.01% < 1.0%) | 高频能量正常 (133.65)
2025-05-11 18:43:47 [WARNING] 图像模糊，尝试重新获取 (第3次尝试)
2025-05-11 18:43:47 [INFO] 正在获取图像，尝试 4/30 (已耗时: 12.1秒)
2025-05-11 18:43:51 [INFO] 图像质量: 模糊 拉普拉斯变异度低 (0.07 < 100) | Sobel梯度均值低 (0.17 < 20) | 边缘检测点少 (0.00% < 1.0%) | 高频能量正常 (99.52)
2025-05-11 18:43:51 [WARNING] 图像模糊，尝试重新获取 (第4次尝试)
2025-05-11 18:43:51 [INFO] 正在获取图像，尝试 5/30 (已耗时: 16.1秒)
2025-05-11 18:43:55 [INFO] 图像质量: 模糊 拉普拉斯变异度低 (0.08 < 100) | Sobel梯度均值低 (0.17 < 20) | 边缘检测点少 (0.00% < 1.0%) | 高频能量正常 (100.75)
2025-05-11 18:43:55 [WARNING] 图像模糊，尝试重新获取 (第5次尝试)
2025-05-11 18:43:55 [INFO] 正在获取图像，尝试 6/30 (已耗时: 20.1秒)
2025-05-11 18:43:59 [INFO] 图像质量: 模糊 拉普拉斯变异度低 (0.09 < 100) | Sobel梯度均值低 (0.18 < 20) | 边缘检测点少 (0.00% < 1.0%) | 高频能量正常 (102.18)
2025-05-11 18:43:59 [WARNING] 图像模糊，尝试重新获取 (第6次尝试)
2025-05-11 18:43:59 [INFO] 正在获取图像，尝试 7/30 (已耗时: 24.1秒)
2025-05-11 18:44:03 [INFO] 图像质量: 模糊 拉普拉斯变异度低 (0.99 < 100) | Sobel梯度均值低 (0.21 < 20) | 边缘检测点少 (0.00% < 1.0%) | 高频能量正常 (124.83)
2025-05-11 18:44:03 [WARNING] 图像模糊，尝试重新获取 (第7次尝试)
2025-05-11 18:44:03 [INFO] 正在获取图像，尝试 8/30 (已耗时: 28.1秒)
2025-05-11 18:44:07 [INFO] 图像质量: 模糊 拉普拉斯变异度低 (0.07 < 100) | Sobel梯度均值低 (0.16 < 20) | 边缘检测点少 (0.00% < 1.0%) | 高频能量正常 (99.02)
2025-05-11 18:44:07 [WARNING] 图像模糊，尝试重新获取 (第8次尝试)
2025-05-11 18:44:07 [ERROR] 获取清晰图像超时 (30秒)
2025-05-11 18:44:07 [WARNING] 返回超时前的最后一帧图像
2025-05-11 18:44:10 [INFO] 正在获取图像，尝试 1/30 (已耗时: 0.0秒)
2025-05-11 18:44:14 [INFO] 图像质量: 模糊 拉普拉斯变异度低 (0.10 < 100) | Sobel梯度均值低 (0.20 < 20) | 边缘检测点少 (0.00% < 1.0%) | 高频能量正常 (103.24)
2025-05-11 18:44:14 [WARNING] 图像模糊，尝试重新获取 (第1次尝试)
2025-05-11 18:44:14 [INFO] 正在获取图像，尝试 2/30 (已耗时: 3.9秒)
2025-05-11 18:44:18 [INFO] 图像质量: 模糊 拉普拉斯变异度低 (0.06 < 100) | Sobel梯度均值低 (0.14 < 20) | 边缘检测点少 (0.00% < 1.0%) | 高频能量正常 (98.08)
2025-05-11 18:44:18 [WARNING] 图像模糊，尝试重新获取 (第2次尝试)
2025-05-11 18:44:18 [INFO] 正在获取图像，尝试 3/30 (已耗时: 7.8秒)
2025-05-11 18:44:21 [INFO] 图像质量: 模糊 拉普拉斯变异度低 (0.10 < 100) | Sobel梯度均值低 (0.21 < 20) | 边缘检测点少 (0.00% < 1.0%) | 高频能量正常 (103.55)
2025-05-11 18:44:21 [WARNING] 图像模糊，尝试重新获取 (第3次尝试)
2025-05-11 18:44:22 [INFO] 正在获取图像，尝试 4/30 (已耗时: 11.7秒)
2025-05-11 18:44:25 [INFO] 图像质量: 清晰 拉普拉斯变异度正常 (236.61) | Sobel梯度均值正常 (24.50) | 边缘检测点正常 (1.92%) | 高频能量正常 (176.37)
2025-05-11 18:44:25 [INFO] 图像清晰度良好，可以进行检测
2025-05-11 18:44:53 [INFO] 正在获取图像，尝试 1/10 (已耗时: 0.0秒)
2025-05-11 18:44:57 [INFO] 图像质量: 模糊 拉普拉斯变异度低 (0.19 < 100) | Sobel梯度均值低 (0.36 < 20) | 边缘检测点少 (0.00% < 1.0%) | 高频能量正常 (109.30)
2025-05-11 18:44:57 [WARNING] 图像模糊，尝试重新获取 (第1次尝试)
2025-05-11 18:44:59 [INFO] 正在获取图像，尝试 2/10 (已耗时: 5.5秒)
2025-05-11 18:45:02 [INFO] 图像质量: 模糊 拉普拉斯变异度低 (1.92 < 100) | Sobel梯度均值低 (0.25 < 20) | 边缘检测点少 (0.01% < 1.0%) | 高频能量正常 (133.17)
2025-05-11 18:45:02 [WARNING] 图像模糊，尝试重新获取 (第2次尝试)
2025-05-11 18:45:04 [INFO] 正在获取图像，尝试 3/10 (已耗时: 10.9秒)
2025-05-11 18:45:07 [INFO] 图像质量: 清晰 拉普拉斯变异度正常 (236.10) | Sobel梯度均值正常 (24.48) | 边缘检测点正常 (1.91%) | 高频能量正常 (176.39)
2025-05-11 18:45:07 [INFO] 图像清晰度良好，可以进行检测
2025-05-11 18:45:32 [INFO] 正在获取图像，尝试 1/30 (已耗时: 0.0秒)
2025-05-11 18:45:36 [INFO] 图像质量: 模糊 拉普拉斯变异度低 (0.07 < 100) | Sobel梯度均值低 (0.15 < 20) | 边缘检测点少 (0.00% < 1.0%) | 高频能量正常 (98.51)
2025-05-11 18:45:36 [WARNING] 图像模糊，尝试重新获取 (第1次尝试)
2025-05-11 18:45:36 [INFO] 正在获取图像，尝试 2/30 (已耗时: 3.9秒)
2025-05-11 18:45:40 [INFO] 图像质量: 模糊 拉普拉斯变异度低 (0.10 < 100) | Sobel梯度均值低 (0.19 < 20) | 边缘检测点少 (0.00% < 1.0%) | 高频能量正常 (102.67)
2025-05-11 18:45:40 [WARNING] 图像模糊，尝试重新获取 (第2次尝试)
2025-05-11 18:45:40 [INFO] 正在获取图像，尝试 3/30 (已耗时: 7.8秒)
2025-05-11 18:45:44 [INFO] 图像质量: 模糊 拉普拉斯变异度低 (0.11 < 100) | Sobel梯度均值低 (0.22 < 20) | 边缘检测点少 (0.00% < 1.0%) | 高频能量正常 (105.05)
2025-05-11 18:45:44 [WARNING] 图像模糊，尝试重新获取 (第3次尝试)
2025-05-11 18:45:44 [INFO] 正在获取图像，尝试 4/30 (已耗时: 11.8秒)
2025-05-11 18:45:48 [INFO] 图像质量: 模糊 拉普拉斯变异度低 (0.08 < 100) | Sobel梯度均值低 (0.16 < 20) | 边缘检测点少 (0.00% < 1.0%) | 高频能量正常 (100.23)
2025-05-11 18:45:48 [WARNING] 图像模糊，尝试重新获取 (第4次尝试)
2025-05-11 18:45:48 [INFO] 正在获取图像，尝试 5/30 (已耗时: 15.8秒)
2025-05-11 18:45:51 [INFO] 图像质量: 模糊 拉普拉斯变异度低 (0.11 < 100) | Sobel梯度均值低 (0.21 < 20) | 边缘检测点少 (0.00% < 1.0%) | 高频能量正常 (105.12)
2025-05-11 18:45:51 [WARNING] 图像模糊，尝试重新获取 (第5次尝试)
2025-05-11 18:45:52 [INFO] 正在获取图像，尝试 6/30 (已耗时: 19.6秒)
2025-05-11 18:45:56 [INFO] 图像质量: 模糊 拉普拉斯变异度低 (0.10 < 100) | Sobel梯度均值低 (0.20 < 20) | 边缘检测点少 (0.00% < 1.0%) | 高频能量正常 (102.95)
2025-05-11 18:45:56 [WARNING] 图像模糊，尝试重新获取 (第6次尝试)
2025-05-11 18:45:56 [INFO] 正在获取图像，尝试 7/30 (已耗时: 23.7秒)
2025-05-11 18:46:00 [INFO] 图像质量: 模糊 拉普拉斯变异度低 (0.11 < 100) | Sobel梯度均值低 (0.21 < 20) | 边缘检测点少 (0.00% < 1.0%) | 高频能量正常 (104.42)
2025-05-11 18:46:00 [WARNING] 图像模糊，尝试重新获取 (第7次尝试)
2025-05-11 18:46:00 [INFO] 正在获取图像，尝试 8/30 (已耗时: 27.7秒)
2025-05-11 18:46:04 [INFO] 图像质量: 模糊 拉普拉斯变异度低 (0.12 < 100) | Sobel梯度均值低 (0.22 < 20) | 边缘检测点少 (0.00% < 1.0%) | 高频能量正常 (105.41)
2025-05-11 18:46:04 [WARNING] 图像模糊，尝试重新获取 (第8次尝试)
2025-05-11 18:46:04 [ERROR] 获取清晰图像超时 (30秒)
2025-05-11 18:46:04 [WARNING] 返回超时前的最后一帧图像
2025-05-11 18:46:07 [INFO] 正在获取图像，尝试 1/30 (已耗时: 0.0秒)
2025-05-11 18:46:11 [INFO] 图像质量: 模糊 拉普拉斯变异度低 (0.06 < 100) | Sobel梯度均值低 (0.14 < 20) | 边缘检测点少 (0.00% < 1.0%) | 高频能量正常 (97.76)
2025-05-11 18:46:11 [WARNING] 图像模糊，尝试重新获取 (第1次尝试)
2025-05-11 18:46:11 [INFO] 正在获取图像，尝试 2/30 (已耗时: 4.0秒)
2025-05-11 18:46:15 [INFO] 图像质量: 模糊 拉普拉斯变异度低 (0.06 < 100) | Sobel梯度均值低 (0.14 < 20) | 边缘检测点少 (0.00% < 1.0%) | 高频能量正常 (96.63)
2025-05-11 18:46:15 [WARNING] 图像模糊，尝试重新获取 (第2次尝试)
2025-05-11 18:46:15 [INFO] 正在获取图像，尝试 3/30 (已耗时: 7.9秒)
2025-05-11 18:46:19 [INFO] 图像质量: 模糊 拉普拉斯变异度低 (0.08 < 100) | Sobel梯度均值低 (0.18 < 20) | 边缘检测点少 (0.00% < 1.0%) | 高频能量正常 (100.11)
2025-05-11 18:46:19 [WARNING] 图像模糊，尝试重新获取 (第3次尝试)
2025-05-11 18:46:19 [INFO] 正在获取图像，尝试 4/30 (已耗时: 12.0秒)
2025-05-11 18:46:22 [INFO] 图像质量: 模糊 拉普拉斯变异度低 (0.05 < 100) | Sobel梯度均值低 (0.12 < 20) | 边缘检测点少 (0.00% < 1.0%) | 高频能量正常 (94.67)
2025-05-11 18:46:22 [WARNING] 图像模糊，尝试重新获取 (第4次尝试)
2025-05-11 18:46:23 [INFO] 正在获取图像，尝试 5/30 (已耗时: 15.7秒)
2025-05-11 18:46:26 [INFO] 图像质量: 模糊 拉普拉斯变异度低 (0.23 < 100) | Sobel梯度均值低 (0.32 < 20) | 边缘检测点少 (0.00% < 1.0%) | 高频能量正常 (112.22)
2025-05-11 18:46:26 [WARNING] 图像模糊，尝试重新获取 (第5次尝试)
2025-05-11 18:46:27 [INFO] 正在获取图像，尝试 6/30 (已耗时: 19.6秒)
2025-05-11 18:46:30 [INFO] 图像质量: 模糊 拉普拉斯变异度低 (0.08 < 100) | Sobel梯度均值低 (0.15 < 20) | 边缘检测点少 (0.00% < 1.0%) | 高频能量正常 (99.71)
2025-05-11 18:46:30 [WARNING] 图像模糊，尝试重新获取 (第6次尝试)
2025-05-11 18:46:31 [INFO] 正在获取图像，尝试 7/30 (已耗时: 23.5秒)
2025-05-11 18:46:34 [INFO] 图像质量: 模糊 拉普拉斯变异度低 (0.09 < 100) | Sobel梯度均值低 (0.18 < 20) | 边缘检测点少 (0.00% < 1.0%) | 高频能量正常 (101.66)
2025-05-11 18:46:34 [WARNING] 图像模糊，尝试重新获取 (第7次尝试)
2025-05-11 18:46:35 [INFO] 正在获取图像，尝试 8/30 (已耗时: 27.4秒)
2025-05-11 18:46:38 [INFO] 图像质量: 模糊 拉普拉斯变异度低 (0.09 < 100) | Sobel梯度均值低 (0.15 < 20) | 边缘检测点少 (0.00% < 1.0%) | 高频能量正常 (100.73)
2025-05-11 18:46:38 [WARNING] 图像模糊，尝试重新获取 (第8次尝试)
2025-05-11 18:46:38 [ERROR] 获取清晰图像超时 (30秒)
2025-05-11 18:46:38 [WARNING] 返回超时前的最后一帧图像
2025-05-11 18:46:42 [INFO] 正在获取图像，尝试 1/30 (已耗时: 0.0秒)
2025-05-11 18:46:45 [INFO] 图像质量: 模糊 拉普拉斯变异度低 (1.37 < 100) | Sobel梯度均值低 (0.22 < 20) | 边缘检测点少 (0.00% < 1.0%) | 高频能量正常 (128.55)
2025-05-11 18:46:45 [WARNING] 图像模糊，尝试重新获取 (第1次尝试)
2025-05-11 18:46:45 [INFO] 正在获取图像，尝试 2/30 (已耗时: 3.9秒)
2025-05-11 18:46:49 [INFO] 图像质量: 模糊 拉普拉斯变异度低 (0.05 < 100) | Sobel梯度均值低 (0.13 < 20) | 边缘检测点少 (0.00% < 1.0%) | 高频能量正常 (96.23)
2025-05-11 18:46:49 [WARNING] 图像模糊，尝试重新获取 (第2次尝试)
2025-05-11 18:46:49 [INFO] 正在获取图像，尝试 3/30 (已耗时: 7.7秒)
2025-05-11 18:46:53 [INFO] 图像质量: 模糊 拉普拉斯变异度低 (1.19 < 100) | Sobel梯度均值低 (0.22 < 20) | 边缘检测点少 (0.01% < 1.0%) | 高频能量正常 (125.41)
2025-05-11 18:46:53 [WARNING] 图像模糊，尝试重新获取 (第3次尝试)
2025-05-11 18:46:53 [INFO] 正在获取图像，尝试 4/30 (已耗时: 11.7秒)
2025-05-11 18:46:57 [INFO] 图像质量: 模糊 拉普拉斯变异度低 (0.05 < 100) | Sobel梯度均值低 (0.13 < 20) | 边缘检测点少 (0.00% < 1.0%) | 高频能量正常 (95.82)
2025-05-11 18:46:57 [WARNING] 图像模糊，尝试重新获取 (第4次尝试)
2025-05-11 18:46:57 [INFO] 正在获取图像，尝试 5/30 (已耗时: 15.6秒)
2025-05-11 18:47:01 [INFO] 图像质量: 模糊 拉普拉斯变异度低 (0.07 < 100) | Sobel梯度均值低 (0.17 < 20) | 边缘检测点少 (0.00% < 1.0%) | 高频能量正常 (99.84)
2025-05-11 18:47:01 [WARNING] 图像模糊，尝试重新获取 (第5次尝试)
2025-05-11 18:47:01 [INFO] 正在获取图像，尝试 6/30 (已耗时: 19.5秒)
2025-05-11 18:47:05 [INFO] 图像质量: 模糊 拉普拉斯变异度低 (0.08 < 100) | Sobel梯度均值低 (0.17 < 20) | 边缘检测点少 (0.00% < 1.0%) | 高频能量正常 (100.00)
2025-05-11 18:47:05 [WARNING] 图像模糊，尝试重新获取 (第6次尝试)
2025-05-11 18:47:05 [INFO] 正在获取图像，尝试 7/30 (已耗时: 23.7秒)
2025-05-11 18:47:09 [INFO] 图像质量: 模糊 拉普拉斯变异度低 (1.37 < 100) | Sobel梯度均值低 (0.23 < 20) | 边缘检测点少 (0.01% < 1.0%) | 高频能量正常 (128.14)
2025-05-11 18:47:09 [WARNING] 图像模糊，尝试重新获取 (第7次尝试)
2025-05-11 18:47:09 [INFO] 正在获取图像，尝试 8/30 (已耗时: 27.7秒)
2025-05-11 18:47:13 [INFO] 图像质量: 模糊 拉普拉斯变异度低 (0.05 < 100) | Sobel梯度均值低 (0.13 < 20) | 边缘检测点少 (0.00% < 1.0%) | 高频能量正常 (96.31)
2025-05-11 18:47:13 [WARNING] 图像模糊，尝试重新获取 (第8次尝试)
2025-05-11 18:47:13 [ERROR] 获取清晰图像超时 (30秒)
2025-05-11 18:47:13 [WARNING] 返回超时前的最后一帧图像
2025-05-11 18:47:16 [INFO] 正在获取图像，尝试 1/30 (已耗时: 0.0秒)
2025-05-11 18:47:19 [INFO] 图像质量: 模糊 拉普拉斯变异度低 (0.09 < 100) | Sobel梯度均值低 (0.19 < 20) | 边缘检测点少 (0.00% < 1.0%) | 高频能量正常 (102.22)
2025-05-11 18:47:19 [WARNING] 图像模糊，尝试重新获取 (第1次尝试)
2025-05-11 18:47:20 [INFO] 正在获取图像，尝试 2/30 (已耗时: 3.9秒)
2025-05-11 18:47:23 [INFO] 图像质量: 清晰 拉普拉斯变异度正常 (234.87) | Sobel梯度均值正常 (24.52) | 边缘检测点正常 (1.91%) | 高频能量正常 (176.21)
2025-05-11 18:47:23 [INFO] 图像清晰度良好，可以进行检测
