2025-05-06 14:21:50 [INFO] 正在获取图像，尝试 1/10 (已耗时: 0.0秒)
2025-05-06 14:21:53 [INFO] 图像质量: 模糊 拉普拉斯变异度低 (0.05 < 100) | Sobel梯度均值低 (0.12 < 20) | 边缘检测点少 (0.00% < 1.0%) | 高频能量正常 (96.34)
2025-05-06 14:21:53 [WARNING] 图像模糊，尝试重新获取 (第1次尝试)
2025-05-06 14:21:54 [INFO] 正在获取图像，尝试 2/10 (已耗时: 4.0秒)
2025-05-06 14:21:57 [INFO] 图像质量: 模糊 拉普拉斯变异度正常 (145.83) | Sobel梯度均值低 (18.40 < 20) | 边缘检测点正常 (1.14%) | 高频能量正常 (172.28)
2025-05-06 14:21:57 [WARNING] 图像模糊，尝试重新获取 (第2次尝试)
2025-05-06 14:21:58 [INFO] 正在获取图像，尝试 3/10 (已耗时: 7.9秒)
2025-05-06 14:22:01 [INFO] 图像质量: 模糊 拉普拉斯变异度正常 (146.29) | Sobel梯度均值低 (18.42 < 20) | 边缘检测点正常 (1.16%) | 高频能量正常 (172.35)
2025-05-06 14:22:01 [WARNING] 图像模糊，尝试重新获取 (第3次尝试)
2025-05-06 14:22:02 [INFO] 正在获取图像，尝试 4/10 (已耗时: 12.0秒)
2025-05-06 14:22:05 [INFO] 图像质量: 模糊 拉普拉斯变异度正常 (146.83) | Sobel梯度均值低 (18.46 < 20) | 边缘检测点正常 (1.15%) | 高频能量正常 (172.38)
2025-05-06 14:22:05 [WARNING] 图像模糊，尝试重新获取 (第4次尝试)
2025-05-06 14:22:06 [INFO] 正在获取图像，尝试 5/10 (已耗时: 16.0秒)
2025-05-06 14:22:09 [INFO] 图像质量: 模糊 拉普拉斯变异度正常 (146.93) | Sobel梯度均值低 (18.46 < 20) | 边缘检测点正常 (1.15%) | 高频能量正常 (172.41)
2025-05-06 14:22:09 [WARNING] 图像模糊，尝试重新获取 (第5次尝试)
2025-05-06 14:22:10 [INFO] 正在获取图像，尝试 6/10 (已耗时: 20.0秒)
2025-05-06 14:22:13 [INFO] 图像质量: 模糊 拉普拉斯变异度低 (0.05 < 100) | Sobel梯度均值低 (0.11 < 20) | 边缘检测点少 (0.00% < 1.0%) | 高频能量正常 (96.91)
2025-05-06 14:22:13 [WARNING] 图像模糊，尝试重新获取 (第6次尝试)
2025-05-06 14:22:14 [INFO] 正在获取图像，尝试 7/10 (已耗时: 23.9秒)
2025-05-06 14:22:17 [INFO] 图像质量: 模糊 拉普拉斯变异度正常 (146.62) | Sobel梯度均值低 (18.43 < 20) | 边缘检测点正常 (1.15%) | 高频能量正常 (172.35)
2025-05-06 14:22:17 [WARNING] 图像模糊，尝试重新获取 (第7次尝试)
2025-05-06 14:22:18 [INFO] 正在获取图像，尝试 8/10 (已耗时: 28.0秒)
2025-05-06 14:22:21 [INFO] 图像质量: 模糊 拉普拉斯变异度正常 (146.34) | Sobel梯度均值低 (18.42 < 20) | 边缘检测点正常 (1.15%) | 高频能量正常 (172.28)
2025-05-06 14:22:21 [WARNING] 图像模糊，尝试重新获取 (第8次尝试)
2025-05-06 14:22:22 [ERROR] 获取清晰图像超时 (30秒)
2025-05-06 14:22:22 [WARNING] 返回超时前的最后一帧图像
