2025-04-30 16:53:12 [INFO] 正在获取图像，尝试 1/10 (已耗时: 0.0秒)
2025-04-30 16:53:16 [INFO] 图像质量: 模糊 拉普拉斯变异度正常 (101.99) | Sobel梯度均值低 (18.42 < 20) | 边缘检测点正常 (1.23%) | 高频能量正常 (169.39)
2025-04-30 16:53:16 [WARNING] 图像模糊，尝试重新获取 (第1次尝试)
2025-04-30 16:53:18 [INFO] 正在获取图像，尝试 2/10 (已耗时: 5.6秒)
2025-04-30 16:53:21 [INFO] 图像质量: 模糊 拉普拉斯变异度正常 (101.41) | Sobel梯度均值低 (18.41 < 20) | 边缘检测点正常 (1.23%) | 高频能量正常 (169.33)
2025-04-30 16:53:21 [WARNING] 图像模糊，尝试重新获取 (第2次尝试)
2025-04-30 16:53:23 [INFO] 正在获取图像，尝试 3/10 (已耗时: 11.1秒)
2025-04-30 16:53:27 [INFO] 图像质量: 模糊 拉普拉斯变异度低 (0.00 < 100) | Sobel梯度均值低 (0.00 < 20) | 边缘检测点少 (0.00% < 1.0%) | 高频能量低 (24.10 < 30)
2025-04-30 16:53:27 [WARNING] 图像模糊，尝试重新获取 (第3次尝试)
2025-04-30 16:53:29 [INFO] 正在获取图像，尝试 4/10 (已耗时: 16.6秒)
2025-04-30 16:53:32 [INFO] 图像质量: 模糊 拉普拉斯变异度正常 (101.24) | Sobel梯度均值低 (18.43 < 20) | 边缘检测点正常 (1.23%) | 高频能量正常 (169.38)
2025-04-30 16:53:32 [WARNING] 图像模糊，尝试重新获取 (第4次尝试)
2025-04-30 16:53:34 [INFO] 正在获取图像，尝试 5/10 (已耗时: 22.2秒)
2025-04-30 16:53:38 [INFO] 图像质量: 模糊 拉普拉斯变异度正常 (101.95) | Sobel梯度均值低 (18.49 < 20) | 边缘检测点正常 (1.24%) | 高频能量正常 (169.42)
2025-04-30 16:53:38 [WARNING] 图像模糊，尝试重新获取 (第5次尝试)
2025-04-30 16:53:40 [INFO] 正在获取图像，尝试 6/10 (已耗时: 27.6秒)
2025-04-30 16:53:43 [INFO] 图像质量: 模糊 拉普拉斯变异度低 (0.00 < 100) | Sobel梯度均值低 (0.00 < 20) | 边缘检测点少 (0.00% < 1.0%) | 高频能量正常 (50.45)
2025-04-30 16:53:43 [WARNING] 图像模糊，尝试重新获取 (第6次尝试)
2025-04-30 16:53:45 [INFO] 正在获取图像，尝试 7/10 (已耗时: 33.3秒)
2025-04-30 16:53:49 [INFO] 图像质量: 模糊 拉普拉斯变异度低 (0.02 < 100) | Sobel梯度均值低 (0.01 < 20) | 边缘检测点少 (0.00% < 1.0%) | 高频能量正常 (81.19)
2025-04-30 16:53:49 [WARNING] 图像模糊，尝试重新获取 (第7次尝试)
2025-04-30 16:53:51 [INFO] 正在获取图像，尝试 8/10 (已耗时: 38.8秒)
2025-04-30 16:53:55 [INFO] 图像质量: 模糊 拉普拉斯变异度低 (0.90 < 100) | Sobel梯度均值低 (0.05 < 20) | 边缘检测点少 (0.00% < 1.0%) | 高频能量正常 (121.66)
2025-04-30 16:53:55 [WARNING] 图像模糊，尝试重新获取 (第8次尝试)
2025-04-30 16:53:57 [ERROR] 获取清晰图像超时 (40.0秒)
2025-04-30 16:53:57 [WARNING] 返回超时前的最后一帧图像
2025-04-30 16:53:57 [INFO] 正在获取图像，尝试 1/10 (已耗时: 0.0秒)
2025-04-30 16:54:00 [INFO] 图像质量: 模糊 拉普拉斯变异度正常 (100.81) | Sobel梯度均值低 (18.44 < 20) | 边缘检测点正常 (1.24%) | 高频能量正常 (169.31)
2025-04-30 16:54:00 [WARNING] 图像模糊，尝试重新获取 (第1次尝试)
2025-04-30 16:54:02 [INFO] 正在获取图像，尝试 2/10 (已耗时: 5.7秒)
2025-04-30 16:54:06 [INFO] 图像质量: 模糊 拉普拉斯变异度低 (0.00 < 100) | Sobel梯度均值低 (0.01 < 20) | 边缘检测点少 (0.00% < 1.0%) | 高频能量正常 (67.03)
2025-04-30 16:54:06 [WARNING] 图像模糊，尝试重新获取 (第2次尝试)
2025-04-30 16:54:08 [INFO] 正在获取图像，尝试 3/10 (已耗时: 11.3秒)
2025-04-30 16:54:11 [INFO] 图像质量: 模糊 拉普拉斯变异度正常 (102.09) | Sobel梯度均值低 (18.40 < 20) | 边缘检测点正常 (1.24%) | 高频能量正常 (169.44)
2025-04-30 16:54:11 [WARNING] 图像模糊，尝试重新获取 (第3次尝试)
2025-04-30 16:54:13 [INFO] 正在获取图像，尝试 4/10 (已耗时: 16.9秒)
2025-04-30 16:54:17 [INFO] 图像质量: 模糊 拉普拉斯变异度低 (0.00 < 100) | Sobel梯度均值低 (0.00 < 20) | 边缘检测点少 (0.00% < 1.0%) | 高频能量正常 (56.41)
2025-04-30 16:54:17 [WARNING] 图像模糊，尝试重新获取 (第4次尝试)
2025-04-30 16:54:19 [INFO] 正在获取图像，尝试 5/10 (已耗时: 22.5秒)
2025-04-30 16:54:23 [INFO] 图像质量: 模糊 拉普拉斯变异度低 (1.04 < 100) | Sobel梯度均值低 (0.06 < 20) | 边缘检测点少 (0.00% < 1.0%) | 高频能量正常 (123.82)
2025-04-30 16:54:23 [WARNING] 图像模糊，尝试重新获取 (第5次尝试)
2025-04-30 16:54:25 [INFO] 正在获取图像，尝试 6/10 (已耗时: 28.0秒)
2025-04-30 16:54:28 [INFO] 图像质量: 模糊 拉普拉斯变异度正常 (100.47) | Sobel梯度均值低 (18.41 < 20) | 边缘检测点正常 (1.24%) | 高频能量正常 (169.16)
2025-04-30 16:54:28 [WARNING] 图像模糊，尝试重新获取 (第6次尝试)
2025-04-30 16:54:30 [INFO] 正在获取图像，尝试 7/10 (已耗时: 33.5秒)
2025-04-30 16:54:34 [INFO] 图像质量: 模糊 拉普拉斯变异度低 (0.05 < 100) | Sobel梯度均值低 (0.01 < 20) | 边缘检测点少 (0.00% < 1.0%) | 高频能量正常 (95.67)
2025-04-30 16:54:34 [WARNING] 图像模糊，尝试重新获取 (第7次尝试)
2025-04-30 16:54:36 [INFO] 正在获取图像，尝试 8/10 (已耗时: 39.0秒)
2025-04-30 16:54:39 [INFO] 图像质量: 模糊 拉普拉斯变异度正常 (101.53) | Sobel梯度均值低 (18.43 < 20) | 边缘检测点正常 (1.23%) | 高频能量正常 (169.35)
2025-04-30 16:54:39 [WARNING] 图像模糊，尝试重新获取 (第8次尝试)
2025-04-30 16:54:41 [ERROR] 获取清晰图像超时 (40.0秒)
2025-04-30 16:54:41 [WARNING] 返回超时前的最后一帧图像
2025-04-30 16:54:56 [INFO] 正在获取图像，尝试 1/10 (已耗时: 0.0秒)
2025-04-30 16:55:00 [INFO] 图像质量: 模糊 拉普拉斯变异度低 (23.97 < 100) | Sobel梯度均值低 (3.50 < 20) | 边缘检测点少 (0.28% < 1.0%) | 高频能量正常 (140.83)
2025-04-30 16:55:00 [WARNING] 图像模糊，尝试重新获取 (第1次尝试)
2025-04-30 16:55:02 [INFO] 正在获取图像，尝试 2/10 (已耗时: 5.5秒)
2025-04-30 16:55:05 [INFO] 图像质量: 模糊 拉普拉斯变异度低 (0.07 < 100) | Sobel梯度均值低 (0.15 < 20) | 边缘检测点少 (0.00% < 1.0%) | 高频能量正常 (99.47)
2025-04-30 16:55:05 [WARNING] 图像模糊，尝试重新获取 (第2次尝试)
2025-04-30 16:55:07 [INFO] 正在获取图像，尝试 3/10 (已耗时: 11.0秒)
2025-04-30 16:55:11 [INFO] 图像质量: 模糊 拉普拉斯变异度正常 (136.44) | Sobel梯度均值低 (18.64 < 20) | 边缘检测点正常 (1.30%) | 高频能量正常 (171.81)
2025-04-30 16:55:11 [WARNING] 图像模糊，尝试重新获取 (第3次尝试)
2025-04-30 16:55:13 [INFO] 正在获取图像，尝试 4/10 (已耗时: 16.4秒)
2025-04-30 16:55:16 [INFO] 图像质量: 模糊 拉普拉斯变异度低 (0.07 < 100) | Sobel梯度均值低 (0.16 < 20) | 边缘检测点少 (0.00% < 1.0%) | 高频能量正常 (98.89)
2025-04-30 16:55:16 [WARNING] 图像模糊，尝试重新获取 (第4次尝试)
2025-04-30 16:55:18 [INFO] 正在获取图像，尝试 5/10 (已耗时: 21.9秒)
2025-04-30 16:55:22 [INFO] 图像质量: 模糊 拉普拉斯变异度正常 (137.17) | Sobel梯度均值低 (18.66 < 20) | 边缘检测点正常 (1.31%) | 高频能量正常 (171.82)
2025-04-30 16:55:22 [WARNING] 图像模糊，尝试重新获取 (第5次尝试)
2025-04-30 16:55:24 [INFO] 正在获取图像，尝试 6/10 (已耗时: 27.4秒)
2025-04-30 16:55:27 [INFO] 图像质量: 模糊 拉普拉斯变异度正常 (135.90) | Sobel梯度均值低 (18.63 < 20) | 边缘检测点正常 (1.31%) | 高频能量正常 (171.73)
2025-04-30 16:55:27 [WARNING] 图像模糊，尝试重新获取 (第6次尝试)
2025-04-30 16:55:29 [INFO] 正在获取图像，尝试 7/10 (已耗时: 32.9秒)
2025-04-30 16:55:33 [INFO] 图像质量: 模糊 拉普拉斯变异度低 (0.06 < 100) | Sobel梯度均值低 (0.13 < 20) | 边缘检测点少 (0.00% < 1.0%) | 高频能量正常 (97.73)
2025-04-30 16:55:33 [WARNING] 图像模糊，尝试重新获取 (第7次尝试)
2025-04-30 16:55:35 [INFO] 正在获取图像，尝试 8/10 (已耗时: 38.3秒)
2025-04-30 16:55:38 [INFO] 图像质量: 模糊 拉普拉斯变异度正常 (136.65) | Sobel梯度均值低 (18.67 < 20) | 边缘检测点正常 (1.29%) | 高频能量正常 (171.70)
2025-04-30 16:55:38 [WARNING] 图像模糊，尝试重新获取 (第8次尝试)
2025-04-30 16:55:40 [ERROR] 获取清晰图像超时 (40.0秒)
2025-04-30 16:55:40 [WARNING] 返回超时前的最后一帧图像
2025-04-30 16:55:55 [INFO] 正在获取图像，尝试 1/10 (已耗时: 0.0秒)
2025-04-30 16:55:59 [INFO] 图像质量: 模糊 拉普拉斯变异度低 (0.12 < 100) | Sobel梯度均值低 (0.20 < 20) | 边缘检测点少 (0.00% < 1.0%) | 高频能量正常 (105.57)
2025-04-30 16:55:59 [WARNING] 图像模糊，尝试重新获取 (第1次尝试)
2025-04-30 16:56:01 [INFO] 正在获取图像，尝试 2/10 (已耗时: 5.6秒)
2025-04-30 16:56:04 [INFO] 图像质量: 模糊 拉普拉斯变异度正常 (124.93) | Sobel梯度均值低 (17.10 < 20) | 边缘检测点正常 (1.13%) | 高频能量正常 (170.83)
2025-04-30 16:56:04 [WARNING] 图像模糊，尝试重新获取 (第2次尝试)
2025-04-30 16:56:07 [INFO] 正在获取图像，尝试 3/10 (已耗时: 11.1秒)
2025-04-30 16:56:10 [INFO] 图像质量: 模糊 拉普拉斯变异度低 (0.07 < 100) | Sobel梯度均值低 (0.16 < 20) | 边缘检测点少 (0.00% < 1.0%) | 高频能量正常 (99.80)
2025-04-30 16:56:10 [WARNING] 图像模糊，尝试重新获取 (第3次尝试)
2025-04-30 16:56:12 [INFO] 正在获取图像，尝试 4/10 (已耗时: 16.6秒)
2025-04-30 16:56:16 [INFO] 图像质量: 模糊 拉普拉斯变异度正常 (125.00) | Sobel梯度均值低 (17.13 < 20) | 边缘检测点正常 (1.12%) | 高频能量正常 (170.91)
2025-04-30 16:56:16 [WARNING] 图像模糊，尝试重新获取 (第4次尝试)
2025-04-30 16:56:18 [INFO] 正在获取图像，尝试 5/10 (已耗时: 22.2秒)
2025-04-30 16:56:21 [INFO] 图像质量: 模糊 拉普拉斯变异度低 (0.08 < 100) | Sobel梯度均值低 (0.18 < 20) | 边缘检测点少 (0.00% < 1.0%) | 高频能量正常 (100.05)
2025-04-30 16:56:21 [WARNING] 图像模糊，尝试重新获取 (第5次尝试)
2025-04-30 16:56:23 [INFO] 正在获取图像，尝试 6/10 (已耗时: 27.7秒)
2025-04-30 16:56:27 [INFO] 图像质量: 模糊 拉普拉斯变异度低 (0.12 < 100) | Sobel梯度均值低 (0.16 < 20) | 边缘检测点少 (0.00% < 1.0%) | 高频能量正常 (104.88)
2025-04-30 16:56:27 [WARNING] 图像模糊，尝试重新获取 (第6次尝试)
2025-04-30 16:56:29 [INFO] 正在获取图像，尝试 7/10 (已耗时: 33.3秒)
2025-04-30 16:56:32 [INFO] 图像质量: 模糊 拉普拉斯变异度正常 (124.37) | Sobel梯度均值低 (17.14 < 20) | 边缘检测点正常 (1.14%) | 高频能量正常 (170.80)
2025-04-30 16:56:32 [WARNING] 图像模糊，尝试重新获取 (第7次尝试)
2025-04-30 16:56:34 [INFO] 正在获取图像，尝试 8/10 (已耗时: 38.8秒)
2025-04-30 16:56:38 [INFO] 图像质量: 模糊 拉普拉斯变异度低 (0.12 < 100) | Sobel梯度均值低 (0.18 < 20) | 边缘检测点少 (0.00% < 1.0%) | 高频能量正常 (106.23)
2025-04-30 16:56:38 [WARNING] 图像模糊，尝试重新获取 (第8次尝试)
2025-04-30 16:56:40 [ERROR] 获取清晰图像超时 (40.0秒)
2025-04-30 16:56:40 [WARNING] 返回超时前的最后一帧图像
