2025-05-11 21:19:38 [INFO] 正在获取图像，尝试 1/30 (已耗时: 0.0秒)
2025-05-11 21:19:42 [INFO] 图像质量: 模糊 拉普拉斯变异度低 (1.06 < 100) | Sobel梯度均值低 (0.19 < 20) | 边缘检测点少 (0.00% < 1.0%) | 高频能量正常 (127.58)
2025-05-11 21:19:42 [WARNING] 图像模糊，尝试重新获取 (第1次尝试)
2025-05-11 21:19:43 [INFO] 正在获取图像，尝试 2/30 (已耗时: 4.1秒)
2025-05-11 21:19:46 [INFO] 图像质量: 模糊 拉普拉斯变异度低 (0.07 < 100) | Sobel梯度均值低 (0.15 < 20) | 边缘检测点少 (0.00% < 1.0%) | 高频能量正常 (99.23)
2025-05-11 21:19:46 [WARNING] 图像模糊，尝试重新获取 (第2次尝试)
2025-05-11 21:19:47 [INFO] 正在获取图像，尝试 3/30 (已耗时: 8.4秒)
2025-05-11 21:19:51 [INFO] 图像质量: 模糊 拉普拉斯变异度低 (15.85 < 100) | Sobel梯度均值低 (2.00 < 20) | 边缘检测点少 (0.20% < 1.0%) | 高频能量正常 (149.59)
2025-05-11 21:19:51 [WARNING] 图像模糊，尝试重新获取 (第3次尝试)
2025-05-11 21:19:51 [INFO] 正在获取图像，尝试 4/30 (已耗时: 12.7秒)
2025-05-11 21:19:55 [INFO] 图像质量: 模糊 拉普拉斯变异度低 (0.03 < 100) | Sobel梯度均值低 (0.09 < 20) | 边缘检测点少 (0.00% < 1.0%) | 高频能量正常 (91.74)
2025-05-11 21:19:55 [WARNING] 图像模糊，尝试重新获取 (第4次尝试)
2025-05-11 21:19:55 [INFO] 正在获取图像，尝试 5/30 (已耗时: 16.9秒)
2025-05-11 21:19:59 [INFO] 图像质量: 模糊 拉普拉斯变异度低 (0.04 < 100) | Sobel梯度均值低 (0.09 < 20) | 边缘检测点少 (0.00% < 1.0%) | 高频能量正常 (91.85)
2025-05-11 21:19:59 [WARNING] 图像模糊，尝试重新获取 (第5次尝试)
2025-05-11 21:19:59 [INFO] 正在获取图像，尝试 6/30 (已耗时: 21.0秒)
2025-05-11 21:20:03 [INFO] 图像质量: 模糊 拉普拉斯变异度低 (0.72 < 100) | Sobel梯度均值低 (0.15 < 20) | 边缘检测点少 (0.00% < 1.0%) | 高频能量正常 (122.85)
2025-05-11 21:20:03 [WARNING] 图像模糊，尝试重新获取 (第6次尝试)
2025-05-11 21:20:04 [INFO] 正在获取图像，尝试 7/30 (已耗时: 25.2秒)
2025-05-11 21:20:07 [INFO] 图像质量: 模糊 拉普拉斯变异度低 (0.04 < 100) | Sobel梯度均值低 (0.09 < 20) | 边缘检测点少 (0.00% < 1.0%) | 高频能量正常 (91.78)
2025-05-11 21:20:07 [WARNING] 图像模糊，尝试重新获取 (第7次尝试)
2025-05-11 21:20:08 [INFO] 正在获取图像，尝试 8/30 (已耗时: 29.5秒)
2025-05-11 21:20:11 [INFO] 图像质量: 模糊 拉普拉斯变异度低 (0.16 < 100) | Sobel梯度均值低 (0.16 < 20) | 边缘检测点少 (0.00% < 1.0%) | 高频能量正常 (109.61)
2025-05-11 21:20:11 [WARNING] 图像模糊，尝试重新获取 (第8次尝试)
2025-05-11 21:20:12 [ERROR] 获取清晰图像超时 (30秒)
2025-05-11 21:20:12 [WARNING] 返回超时前的最后一帧图像
2025-05-11 21:20:15 [INFO] 正在获取图像，尝试 1/30 (已耗时: 0.0秒)
2025-05-11 21:20:19 [INFO] 图像质量: 模糊 拉普拉斯变异度低 (0.03 < 100) | Sobel梯度均值低 (0.09 < 20) | 边缘检测点少 (0.00% < 1.0%) | 高频能量正常 (91.16)
2025-05-11 21:20:19 [WARNING] 图像模糊，尝试重新获取 (第1次尝试)
2025-05-11 21:20:19 [INFO] 正在获取图像，尝试 2/30 (已耗时: 4.2秒)
2025-05-11 21:20:23 [INFO] 图像质量: 模糊 拉普拉斯变异度低 (0.04 < 100) | Sobel梯度均值低 (0.09 < 20) | 边缘检测点少 (0.00% < 1.0%) | 高频能量正常 (91.99)
2025-05-11 21:20:23 [WARNING] 图像模糊，尝试重新获取 (第2次尝试)
2025-05-11 21:20:23 [INFO] 正在获取图像，尝试 3/30 (已耗时: 8.4秒)
2025-05-11 21:20:27 [INFO] 图像质量: 模糊 拉普拉斯变异度低 (0.04 < 100) | Sobel梯度均值低 (0.09 < 20) | 边缘检测点少 (0.00% < 1.0%) | 高频能量正常 (93.10)
2025-05-11 21:20:27 [WARNING] 图像模糊，尝试重新获取 (第3次尝试)
2025-05-11 21:20:28 [INFO] 正在获取图像，尝试 4/30 (已耗时: 12.7秒)
2025-05-11 21:20:31 [INFO] 图像质量: 模糊 拉普拉斯变异度低 (0.06 < 100) | Sobel梯度均值低 (0.13 < 20) | 边缘检测点少 (0.00% < 1.0%) | 高频能量正常 (99.17)
2025-05-11 21:20:31 [WARNING] 图像模糊，尝试重新获取 (第4次尝试)
2025-05-11 21:20:32 [INFO] 正在获取图像，尝试 5/30 (已耗时: 17.0秒)
2025-05-11 21:20:35 [INFO] 图像质量: 模糊 拉普拉斯变异度低 (0.15 < 100) | Sobel梯度均值低 (0.17 < 20) | 边缘检测点少 (0.00% < 1.0%) | 高频能量正常 (107.93)
2025-05-11 21:20:35 [WARNING] 图像模糊，尝试重新获取 (第5次尝试)
2025-05-11 21:20:36 [INFO] 正在获取图像，尝试 6/30 (已耗时: 21.1秒)
2025-05-11 21:20:40 [INFO] 图像质量: 模糊 拉普拉斯变异度低 (0.08 < 100) | Sobel梯度均值低 (0.19 < 20) | 边缘检测点少 (0.00% < 1.0%) | 高频能量正常 (101.64)
2025-05-11 21:20:40 [WARNING] 图像模糊，尝试重新获取 (第6次尝试)
2025-05-11 21:20:40 [INFO] 正在获取图像，尝试 7/30 (已耗时: 25.2秒)
2025-05-11 21:20:44 [INFO] 图像质量: 模糊 拉普拉斯变异度低 (0.07 < 100) | Sobel梯度均值低 (0.14 < 20) | 边缘检测点少 (0.00% < 1.0%) | 高频能量正常 (97.94)
2025-05-11 21:20:44 [WARNING] 图像模糊，尝试重新获取 (第7次尝试)
2025-05-11 21:20:44 [INFO] 正在获取图像，尝试 8/30 (已耗时: 29.4秒)
2025-05-11 21:20:48 [INFO] 图像质量: 模糊 拉普拉斯变异度低 (0.05 < 100) | Sobel梯度均值低 (0.11 < 20) | 边缘检测点少 (0.00% < 1.0%) | 高频能量正常 (95.06)
2025-05-11 21:20:48 [WARNING] 图像模糊，尝试重新获取 (第8次尝试)
2025-05-11 21:20:48 [ERROR] 获取清晰图像超时 (30秒)
2025-05-11 21:20:48 [WARNING] 返回超时前的最后一帧图像
2025-05-11 21:20:52 [INFO] 正在获取图像，尝试 1/30 (已耗时: 0.0秒)
2025-05-11 21:20:55 [INFO] 图像质量: 模糊 拉普拉斯变异度低 (0.05 < 100) | Sobel梯度均值低 (0.12 < 20) | 边缘检测点少 (0.00% < 1.0%) | 高频能量正常 (95.23)
2025-05-11 21:20:55 [WARNING] 图像模糊，尝试重新获取 (第1次尝试)
2025-05-11 21:20:56 [INFO] 正在获取图像，尝试 2/30 (已耗时: 4.3秒)
2025-05-11 21:20:59 [INFO] 图像质量: 模糊 拉普拉斯变异度低 (0.14 < 100) | Sobel梯度均值低 (0.16 < 20) | 边缘检测点少 (0.00% < 1.0%) | 高频能量正常 (108.37)
2025-05-11 21:20:59 [WARNING] 图像模糊，尝试重新获取 (第2次尝试)
2025-05-11 21:21:00 [INFO] 正在获取图像，尝试 3/30 (已耗时: 8.5秒)
2025-05-11 21:21:04 [INFO] 图像质量: 模糊 拉普拉斯变异度低 (0.09 < 100) | Sobel梯度均值低 (0.19 < 20) | 边缘检测点少 (0.00% < 1.0%) | 高频能量正常 (102.82)
2025-05-11 21:21:04 [WARNING] 图像模糊，尝试重新获取 (第3次尝试)
2025-05-11 21:21:04 [INFO] 正在获取图像，尝试 4/30 (已耗时: 12.6秒)
2025-05-11 21:21:08 [INFO] 图像质量: 模糊 拉普拉斯变异度低 (0.07 < 100) | Sobel梯度均值低 (0.14 < 20) | 边缘检测点少 (0.00% < 1.0%) | 高频能量正常 (98.45)
2025-05-11 21:21:08 [WARNING] 图像模糊，尝试重新获取 (第4次尝试)
2025-05-11 21:21:08 [INFO] 正在获取图像，尝试 5/30 (已耗时: 16.9秒)
2025-05-11 21:21:12 [INFO] 图像质量: 模糊 拉普拉斯变异度低 (2.72 < 100) | Sobel梯度均值低 (0.24 < 20) | 边缘检测点少 (0.01% < 1.0%) | 高频能量正常 (134.23)
2025-05-11 21:21:12 [WARNING] 图像模糊，尝试重新获取 (第5次尝试)
2025-05-11 21:21:12 [INFO] 正在获取图像，尝试 6/30 (已耗时: 20.8秒)
2025-05-11 21:21:16 [INFO] 图像质量: 模糊 拉普拉斯变异度低 (0.05 < 100) | Sobel梯度均值低 (0.12 < 20) | 边缘检测点少 (0.00% < 1.0%) | 高频能量正常 (94.89)
2025-05-11 21:21:16 [WARNING] 图像模糊，尝试重新获取 (第6次尝试)
2025-05-11 21:21:16 [INFO] 正在获取图像，尝试 7/30 (已耗时: 24.9秒)
2025-05-11 21:21:20 [INFO] 图像质量: 模糊 拉普拉斯变异度低 (0.06 < 100) | Sobel梯度均值低 (0.15 < 20) | 边缘检测点少 (0.00% < 1.0%) | 高频能量正常 (98.12)
2025-05-11 21:21:20 [WARNING] 图像模糊，尝试重新获取 (第7次尝试)
2025-05-11 21:21:20 [INFO] 正在获取图像，尝试 8/30 (已耗时: 29.0秒)
2025-05-11 21:21:24 [INFO] 图像质量: 模糊 拉普拉斯变异度低 (0.06 < 100) | Sobel梯度均值低 (0.15 < 20) | 边缘检测点少 (0.00% < 1.0%) | 高频能量正常 (98.34)
2025-05-11 21:21:24 [WARNING] 图像模糊，尝试重新获取 (第8次尝试)
2025-05-11 21:21:25 [ERROR] 获取清晰图像超时 (30秒)
2025-05-11 21:21:25 [WARNING] 返回超时前的最后一帧图像
2025-05-11 21:21:28 [INFO] 正在获取图像，尝试 1/30 (已耗时: 0.0秒)
2025-05-11 21:21:31 [INFO] 图像质量: 模糊 拉普拉斯变异度低 (0.04 < 100) | Sobel梯度均值低 (0.11 < 20) | 边缘检测点少 (0.00% < 1.0%) | 高频能量正常 (93.26)
2025-05-11 21:21:31 [WARNING] 图像模糊，尝试重新获取 (第1次尝试)
2025-05-11 21:21:32 [INFO] 正在获取图像，尝试 2/30 (已耗时: 3.9秒)
2025-05-11 21:21:36 [INFO] 图像质量: 清晰 拉普拉斯变异度正常 (254.37) | Sobel梯度均值正常 (28.13) | 边缘检测点正常 (2.50%) | 高频能量正常 (177.65)
2025-05-11 21:21:36 [INFO] 图像清晰度良好，可以进行检测
