2025-05-06 14:45:37 [INFO] 正在获取图像，尝试 1/10 (已耗时: 0.0秒)
2025-05-06 14:45:40 [INFO] 图像质量: 模糊 拉普拉斯变异度低 (0.06 < 100) | Sobel梯度均值低 (0.14 < 20) | 边缘检测点少 (0.00% < 1.0%) | 高频能量正常 (96.35)
2025-05-06 14:45:40 [WARNING] 图像模糊，尝试重新获取 (第1次尝试)
2025-05-06 14:45:41 [INFO] 正在获取图像，尝试 2/10 (已耗时: 4.0秒)
2025-05-06 14:45:44 [INFO] 图像质量: 模糊 拉普拉斯变异度低 (0.05 < 100) | Sobel梯度均值低 (0.11 < 20) | 边缘检测点少 (0.00% < 1.0%) | 高频能量正常 (94.07)
2025-05-06 14:45:44 [WARNING] 图像模糊，尝试重新获取 (第2次尝试)
2025-05-06 14:45:45 [INFO] 正在获取图像，尝试 3/10 (已耗时: 7.8秒)
2025-05-06 14:45:48 [INFO] 图像质量: 模糊 拉普拉斯变异度正常 (120.40) | Sobel梯度均值低 (18.51 < 20) | 边缘检测点正常 (1.21%) | 高频能量正常 (169.95)
2025-05-06 14:45:48 [WARNING] 图像模糊，尝试重新获取 (第3次尝试)
2025-05-06 14:45:49 [INFO] 正在获取图像，尝试 4/10 (已耗时: 11.8秒)
2025-05-06 14:45:52 [INFO] 图像质量: 模糊 拉普拉斯变异度正常 (120.05) | Sobel梯度均值低 (18.44 < 20) | 边缘检测点正常 (1.20%) | 高频能量正常 (169.87)
2025-05-06 14:45:52 [WARNING] 图像模糊，尝试重新获取 (第4次尝试)
2025-05-06 14:45:53 [INFO] 正在获取图像，尝试 5/10 (已耗时: 15.8秒)
2025-05-06 14:45:56 [INFO] 图像质量: 模糊 拉普拉斯变异度正常 (120.93) | Sobel梯度均值低 (18.58 < 20) | 边缘检测点正常 (1.21%) | 高频能量正常 (170.10)
2025-05-06 14:45:56 [WARNING] 图像模糊，尝试重新获取 (第5次尝试)
2025-05-06 14:45:57 [INFO] 正在获取图像，尝试 6/10 (已耗时: 19.8秒)
2025-05-06 14:46:00 [INFO] 图像质量: 模糊 拉普拉斯变异度低 (0.06 < 100) | Sobel梯度均值低 (0.15 < 20) | 边缘检测点少 (0.00% < 1.0%) | 高频能量正常 (97.58)
2025-05-06 14:46:00 [WARNING] 图像模糊，尝试重新获取 (第6次尝试)
2025-05-06 14:46:01 [INFO] 正在获取图像，尝试 7/10 (已耗时: 23.9秒)
2025-05-06 14:46:04 [INFO] 图像质量: 模糊 拉普拉斯变异度正常 (120.12) | Sobel梯度均值低 (18.51 < 20) | 边缘检测点正常 (1.21%) | 高频能量正常 (169.92)
2025-05-06 14:46:04 [WARNING] 图像模糊，尝试重新获取 (第7次尝试)
2025-05-06 14:46:05 [INFO] 正在获取图像，尝试 8/10 (已耗时: 27.8秒)
2025-05-06 14:46:08 [INFO] 图像质量: 模糊 拉普拉斯变异度正常 (120.54) | Sobel梯度均值低 (18.57 < 20) | 边缘检测点正常 (1.20%) | 高频能量正常 (170.04)
2025-05-06 14:46:08 [WARNING] 图像模糊，尝试重新获取 (第8次尝试)
2025-05-06 14:46:09 [ERROR] 获取清晰图像超时 (30秒)
2025-05-06 14:46:09 [WARNING] 返回超时前的最后一帧图像
