2025-05-08 14:21:26 [INFO] 正在获取图像，尝试 1/10 (已耗时: 0.0秒)
2025-05-08 14:21:29 [INFO] 图像质量: 模糊 拉普拉斯变异度低 (0.02 < 100) | Sobel梯度均值低 (0.01 < 20) | 边缘检测点少 (0.00% < 1.0%) | 高频能量正常 (81.84)
2025-05-08 14:21:29 [WARNING] 图像模糊，尝试重新获取 (第1次尝试)
2025-05-08 14:21:30 [INFO] 正在获取图像，尝试 2/10 (已耗时: 4.1秒)
2025-05-08 14:21:33 [INFO] 图像质量: 模糊 拉普拉斯变异度低 (0.01 < 100) | Sobel梯度均值低 (0.01 < 20) | 边缘检测点少 (0.00% < 1.0%) | 高频能量正常 (75.01)
2025-05-08 14:21:33 [WARNING] 图像模糊，尝试重新获取 (第2次尝试)
2025-05-08 14:21:34 [ERROR] 获取清晰图像超时 (5秒)
2025-05-08 14:21:34 [WARNING] 返回超时前的最后一帧图像
2025-05-08 14:21:34 [INFO] 正在获取图像，尝试 1/10 (已耗时: 0.0秒)
2025-05-08 14:21:38 [INFO] 图像质量: 模糊 拉普拉斯变异度低 (0.02 < 100) | Sobel梯度均值低 (0.02 < 20) | 边缘检测点少 (0.00% < 1.0%) | 高频能量正常 (85.83)
2025-05-08 14:21:38 [WARNING] 图像模糊，尝试重新获取 (第1次尝试)
2025-05-08 14:21:38 [INFO] 正在获取图像，尝试 2/10 (已耗时: 4.0秒)
2025-05-08 14:21:42 [INFO] 图像质量: 模糊 拉普拉斯变异度低 (0.01 < 100) | Sobel梯度均值低 (0.01 < 20) | 边缘检测点少 (0.00% < 1.0%) | 高频能量正常 (78.23)
2025-05-08 14:21:42 [WARNING] 图像模糊，尝试重新获取 (第2次尝试)
2025-05-08 14:21:42 [ERROR] 获取清晰图像超时 (5秒)
2025-05-08 14:21:42 [WARNING] 返回超时前的最后一帧图像
2025-05-08 14:21:43 [INFO] 正在获取图像，尝试 1/10 (已耗时: 0.0秒)
2025-05-08 14:21:46 [INFO] 图像质量: 模糊 拉普拉斯变异度低 (0.02 < 100) | Sobel梯度均值低 (0.02 < 20) | 边缘检测点少 (0.00% < 1.0%) | 高频能量正常 (79.58)
2025-05-08 14:21:46 [WARNING] 图像模糊，尝试重新获取 (第1次尝试)
2025-05-08 14:21:47 [INFO] 正在获取图像，尝试 2/10 (已耗时: 3.9秒)
2025-05-08 14:21:50 [INFO] 图像质量: 模糊 拉普拉斯变异度低 (0.03 < 100) | Sobel梯度均值低 (0.03 < 20) | 边缘检测点少 (0.00% < 1.0%) | 高频能量正常 (87.18)
2025-05-08 14:21:50 [WARNING] 图像模糊，尝试重新获取 (第2次尝试)
2025-05-08 14:21:51 [ERROR] 获取清晰图像超时 (5秒)
2025-05-08 14:21:51 [WARNING] 返回超时前的最后一帧图像
2025-05-08 14:21:51 [INFO] 正在获取图像，尝试 1/10 (已耗时: 0.0秒)
2025-05-08 14:21:55 [INFO] 图像质量: 模糊 拉普拉斯变异度低 (1.35 < 100) | Sobel梯度均值低 (0.41 < 20) | 边缘检测点少 (0.03% < 1.0%) | 高频能量正常 (127.16)
2025-05-08 14:21:55 [WARNING] 图像模糊，尝试重新获取 (第1次尝试)
2025-05-08 14:21:55 [INFO] 正在获取图像，尝试 2/10 (已耗时: 3.9秒)
2025-05-08 14:21:58 [INFO] 图像质量: 模糊 拉普拉斯变异度低 (0.14 < 100) | Sobel梯度均值低 (0.18 < 20) | 边缘检测点少 (0.00% < 1.0%) | 高频能量正常 (107.28)
2025-05-08 14:21:58 [WARNING] 图像模糊，尝试重新获取 (第2次尝试)
2025-05-08 14:21:59 [ERROR] 获取清晰图像超时 (5秒)
2025-05-08 14:21:59 [WARNING] 返回超时前的最后一帧图像
2025-05-08 14:22:00 [INFO] 正在获取图像，尝试 1/10 (已耗时: 0.0秒)
2025-05-08 14:22:03 [INFO] 图像质量: 模糊 拉普拉斯变异度低 (0.02 < 100) | Sobel梯度均值低 (0.02 < 20) | 边缘检测点少 (0.00% < 1.0%) | 高频能量正常 (85.83)
2025-05-08 14:22:03 [WARNING] 图像模糊，尝试重新获取 (第1次尝试)
2025-05-08 14:22:04 [INFO] 正在获取图像，尝试 2/10 (已耗时: 3.9秒)
2025-05-08 14:22:07 [INFO] 图像质量: 模糊 拉普拉斯变异度低 (0.01 < 100) | Sobel梯度均值低 (0.01 < 20) | 边缘检测点少 (0.00% < 1.0%) | 高频能量正常 (65.68)
2025-05-08 14:22:07 [WARNING] 图像模糊，尝试重新获取 (第2次尝试)
2025-05-08 14:22:08 [ERROR] 获取清晰图像超时 (5秒)
2025-05-08 14:22:08 [WARNING] 返回超时前的最后一帧图像
2025-05-08 14:22:08 [INFO] 正在获取图像，尝试 1/10 (已耗时: 0.0秒)
2025-05-08 14:22:12 [INFO] 图像质量: 模糊 拉普拉斯变异度低 (0.08 < 100) | Sobel梯度均值低 (0.04 < 20) | 边缘检测点少 (0.00% < 1.0%) | 高频能量正常 (101.32)
2025-05-08 14:22:12 [WARNING] 图像模糊，尝试重新获取 (第1次尝试)
2025-05-08 14:22:13 [INFO] 正在获取图像，尝试 2/10 (已耗时: 4.1秒)
2025-05-08 14:22:16 [INFO] 图像质量: 模糊 拉普拉斯变异度低 (0.09 < 100) | Sobel梯度均值低 (0.05 < 20) | 边缘检测点少 (0.00% < 1.0%) | 高频能量正常 (102.77)
2025-05-08 14:22:16 [WARNING] 图像模糊，尝试重新获取 (第2次尝试)
2025-05-08 14:22:17 [ERROR] 获取清晰图像超时 (5秒)
2025-05-08 14:22:17 [WARNING] 返回超时前的最后一帧图像
2025-05-08 14:22:17 [INFO] 正在获取图像，尝试 1/10 (已耗时: 0.0秒)
2025-05-08 14:22:20 [INFO] 图像质量: 模糊 拉普拉斯变异度低 (0.71 < 100) | Sobel梯度均值低 (0.06 < 20) | 边缘检测点少 (0.00% < 1.0%) | 高频能量正常 (119.78)
2025-05-08 14:22:20 [WARNING] 图像模糊，尝试重新获取 (第1次尝试)
2025-05-08 14:22:21 [INFO] 正在获取图像，尝试 2/10 (已耗时: 4.0秒)
2025-05-08 14:22:24 [INFO] 图像质量: 模糊 拉普拉斯变异度低 (1.17 < 100) | Sobel梯度均值低 (0.06 < 20) | 边缘检测点少 (0.00% < 1.0%) | 高频能量正常 (127.88)
2025-05-08 14:22:24 [WARNING] 图像模糊，尝试重新获取 (第2次尝试)
2025-05-08 14:22:25 [ERROR] 获取清晰图像超时 (5秒)
2025-05-08 14:22:25 [WARNING] 返回超时前的最后一帧图像
2025-05-08 14:22:25 [INFO] 正在获取图像，尝试 1/10 (已耗时: 0.0秒)
2025-05-08 14:22:29 [INFO] 图像质量: 模糊 拉普拉斯变异度低 (0.01 < 100) | Sobel梯度均值低 (0.01 < 20) | 边缘检测点少 (0.00% < 1.0%) | 高频能量正常 (80.47)
2025-05-08 14:22:29 [WARNING] 图像模糊，尝试重新获取 (第1次尝试)
2025-05-08 14:22:29 [INFO] 正在获取图像，尝试 2/10 (已耗时: 3.9秒)
2025-05-08 14:22:33 [INFO] 图像质量: 模糊 拉普拉斯变异度低 (0.02 < 100) | Sobel梯度均值低 (0.02 < 20) | 边缘检测点少 (0.00% < 1.0%) | 高频能量正常 (84.49)
2025-05-08 14:22:33 [WARNING] 图像模糊，尝试重新获取 (第2次尝试)
2025-05-08 14:22:33 [ERROR] 获取清晰图像超时 (5秒)
2025-05-08 14:22:33 [WARNING] 返回超时前的最后一帧图像
2025-05-08 14:22:34 [INFO] 正在获取图像，尝试 1/10 (已耗时: 0.0秒)
2025-05-08 14:22:37 [INFO] 图像质量: 模糊 拉普拉斯变异度低 (0.02 < 100) | Sobel梯度均值低 (0.02 < 20) | 边缘检测点少 (0.00% < 1.0%) | 高频能量正常 (82.43)
2025-05-08 14:22:37 [WARNING] 图像模糊，尝试重新获取 (第1次尝试)
2025-05-08 14:22:38 [INFO] 正在获取图像，尝试 2/10 (已耗时: 3.9秒)
2025-05-08 14:22:41 [INFO] 图像质量: 模糊 拉普拉斯变异度低 (0.02 < 100) | Sobel梯度均值低 (0.01 < 20) | 边缘检测点少 (0.00% < 1.0%) | 高频能量正常 (84.19)
2025-05-08 14:22:41 [WARNING] 图像模糊，尝试重新获取 (第2次尝试)
2025-05-08 14:22:41 [ERROR] 获取清晰图像超时 (5秒)
2025-05-08 14:22:41 [WARNING] 返回超时前的最后一帧图像
2025-05-08 14:22:42 [INFO] 正在获取图像，尝试 1/10 (已耗时: 0.0秒)
2025-05-08 14:22:45 [INFO] 图像质量: 模糊 拉普拉斯变异度低 (0.01 < 100) | Sobel梯度均值低 (0.01 < 20) | 边缘检测点少 (0.00% < 1.0%) | 高频能量正常 (68.87)
2025-05-08 14:22:45 [WARNING] 图像模糊，尝试重新获取 (第1次尝试)
2025-05-08 14:22:46 [INFO] 正在获取图像，尝试 2/10 (已耗时: 3.9秒)
2025-05-08 14:22:49 [INFO] 图像质量: 模糊 拉普拉斯变异度低 (1.59 < 100) | Sobel梯度均值低 (0.08 < 20) | 边缘检测点少 (0.01% < 1.0%) | 高频能量正常 (130.69)
2025-05-08 14:22:49 [WARNING] 图像模糊，尝试重新获取 (第2次尝试)
2025-05-08 14:22:50 [ERROR] 获取清晰图像超时 (5秒)
2025-05-08 14:22:50 [WARNING] 返回超时前的最后一帧图像
2025-05-08 14:22:50 [INFO] 正在获取图像，尝试 1/10 (已耗时: 0.0秒)
2025-05-08 14:22:54 [INFO] 图像质量: 模糊 拉普拉斯变异度低 (0.07 < 100) | Sobel梯度均值低 (0.02 < 20) | 边缘检测点少 (0.00% < 1.0%) | 高频能量正常 (98.89)
2025-05-08 14:22:54 [WARNING] 图像模糊，尝试重新获取 (第1次尝试)
2025-05-08 14:22:54 [INFO] 正在获取图像，尝试 2/10 (已耗时: 3.9秒)
2025-05-08 14:22:58 [INFO] 图像质量: 模糊 拉普拉斯变异度低 (1.03 < 100) | Sobel梯度均值低 (0.40 < 20) | 边缘检测点少 (0.02% < 1.0%) | 高频能量正常 (126.36)
2025-05-08 14:22:58 [WARNING] 图像模糊，尝试重新获取 (第2次尝试)
2025-05-08 14:22:58 [ERROR] 获取清晰图像超时 (5秒)
2025-05-08 14:22:58 [WARNING] 返回超时前的最后一帧图像
2025-05-08 14:22:59 [INFO] 正在获取图像，尝试 1/10 (已耗时: 0.0秒)
2025-05-08 14:23:02 [INFO] 图像质量: 模糊 拉普拉斯变异度低 (4.93 < 100) | Sobel梯度均值低 (0.62 < 20) | 边缘检测点少 (0.05% < 1.0%) | 高频能量正常 (132.79)
2025-05-08 14:23:02 [WARNING] 图像模糊，尝试重新获取 (第1次尝试)
2025-05-08 14:23:03 [INFO] 正在获取图像，尝试 2/10 (已耗时: 3.9秒)
2025-05-08 14:23:06 [INFO] 图像质量: 模糊 拉普拉斯变异度低 (0.06 < 100) | Sobel梯度均值低 (0.09 < 20) | 边缘检测点少 (0.00% < 1.0%) | 高频能量正常 (97.75)
2025-05-08 14:23:06 [WARNING] 图像模糊，尝试重新获取 (第2次尝试)
2025-05-08 14:23:07 [ERROR] 获取清晰图像超时 (5秒)
2025-05-08 14:23:07 [WARNING] 返回超时前的最后一帧图像
2025-05-08 14:23:07 [INFO] 正在获取图像，尝试 1/10 (已耗时: 0.0秒)
2025-05-08 14:23:11 [INFO] 图像质量: 模糊 拉普拉斯变异度低 (0.15 < 100) | Sobel梯度均值低 (0.04 < 20) | 边缘检测点少 (0.00% < 1.0%) | 高频能量正常 (105.57)
2025-05-08 14:23:11 [WARNING] 图像模糊，尝试重新获取 (第1次尝试)
2025-05-08 14:23:11 [INFO] 正在获取图像，尝试 2/10 (已耗时: 3.9秒)
2025-05-08 14:23:15 [INFO] 图像质量: 模糊 拉普拉斯变异度低 (0.03 < 100) | Sobel梯度均值低 (0.02 < 20) | 边缘检测点少 (0.00% < 1.0%) | 高频能量正常 (86.60)
2025-05-08 14:23:15 [WARNING] 图像模糊，尝试重新获取 (第2次尝试)
2025-05-08 14:23:15 [ERROR] 获取清晰图像超时 (5秒)
2025-05-08 14:23:15 [WARNING] 返回超时前的最后一帧图像
2025-05-08 14:23:16 [INFO] 正在获取图像，尝试 1/10 (已耗时: 0.0秒)
2025-05-08 14:23:19 [INFO] 图像质量: 模糊 拉普拉斯变异度低 (0.03 < 100) | Sobel梯度均值低 (0.02 < 20) | 边缘检测点少 (0.00% < 1.0%) | 高频能量正常 (85.12)
2025-05-08 14:23:19 [WARNING] 图像模糊，尝试重新获取 (第1次尝试)
2025-05-08 14:23:20 [INFO] 正在获取图像，尝试 2/10 (已耗时: 3.8秒)
2025-05-08 14:23:23 [INFO] 图像质量: 模糊 拉普拉斯变异度低 (0.02 < 100) | Sobel梯度均值低 (0.02 < 20) | 边缘检测点少 (0.00% < 1.0%) | 高频能量正常 (83.13)
2025-05-08 14:23:23 [WARNING] 图像模糊，尝试重新获取 (第2次尝试)
2025-05-08 14:23:24 [ERROR] 获取清晰图像超时 (5秒)
2025-05-08 14:23:24 [WARNING] 返回超时前的最后一帧图像
2025-05-08 14:23:24 [INFO] 正在获取图像，尝试 1/10 (已耗时: 0.0秒)
2025-05-08 14:23:28 [INFO] 图像质量: 模糊 拉普拉斯变异度低 (0.03 < 100) | Sobel梯度均值低 (0.02 < 20) | 边缘检测点少 (0.00% < 1.0%) | 高频能量正常 (83.69)
2025-05-08 14:23:28 [WARNING] 图像模糊，尝试重新获取 (第1次尝试)
2025-05-08 14:23:28 [INFO] 正在获取图像，尝试 2/10 (已耗时: 3.9秒)
2025-05-08 14:23:32 [INFO] 图像质量: 模糊 拉普拉斯变异度低 (1.09 < 100) | Sobel梯度均值低 (0.75 < 20) | 边缘检测点少 (0.02% < 1.0%) | 高频能量正常 (125.39)
2025-05-08 14:23:32 [WARNING] 图像模糊，尝试重新获取 (第2次尝试)
2025-05-08 14:23:32 [ERROR] 获取清晰图像超时 (5秒)
2025-05-08 14:23:32 [WARNING] 返回超时前的最后一帧图像
2025-05-08 14:23:33 [INFO] 正在获取图像，尝试 1/10 (已耗时: 0.0秒)
2025-05-08 14:23:36 [INFO] 图像质量: 模糊 拉普拉斯变异度低 (0.02 < 100) | Sobel梯度均值低 (0.03 < 20) | 边缘检测点少 (0.00% < 1.0%) | 高频能量正常 (80.35)
2025-05-08 14:23:36 [WARNING] 图像模糊，尝试重新获取 (第1次尝试)
2025-05-08 14:23:37 [INFO] 正在获取图像，尝试 2/10 (已耗时: 3.8秒)
2025-05-08 14:23:40 [INFO] 图像质量: 清晰 拉普拉斯变异度正常 (193.39) | Sobel梯度均值正常 (23.99) | 边缘检测点正常 (1.47%) | 高频能量正常 (170.12)
2025-05-08 14:23:40 [INFO] 图像清晰度良好，可以进行检测
