2025-04-30 16:58:54 [INFO] 正在获取图像，尝试 1/30 (已耗时: 0.0秒)
2025-04-30 16:58:58 [INFO] 图像质量: 模糊 拉普拉斯变异度正常 (125.34) | Sobel梯度均值低 (17.12 < 20) | 边缘检测点正常 (1.13%) | 高频能量正常 (170.95)
2025-04-30 16:58:58 [WARNING] 图像模糊，尝试重新获取 (第1次尝试)
2025-04-30 16:58:58 [INFO] 正在获取图像，尝试 2/30 (已耗时: 4.1秒)
2025-04-30 16:59:02 [INFO] 图像质量: 模糊 拉普拉斯变异度正常 (125.08) | Sobel梯度均值低 (17.12 < 20) | 边缘检测点正常 (1.14%) | 高频能量正常 (170.91)
2025-04-30 16:59:02 [WARNING] 图像模糊，尝试重新获取 (第2次尝试)
2025-04-30 16:59:02 [INFO] 正在获取图像，尝试 3/30 (已耗时: 8.2秒)
2025-04-30 16:59:06 [INFO] 图像质量: 模糊 拉普拉斯变异度正常 (125.28) | Sobel梯度均值低 (17.11 < 20) | 边缘检测点正常 (1.13%) | 高频能量正常 (170.91)
2025-04-30 16:59:06 [WARNING] 图像模糊，尝试重新获取 (第3次尝试)
2025-04-30 16:59:06 [INFO] 正在获取图像，尝试 4/30 (已耗时: 12.3秒)
2025-04-30 16:59:10 [INFO] 图像质量: 模糊 拉普拉斯变异度正常 (124.19) | Sobel梯度均值低 (17.08 < 20) | 边缘检测点正常 (1.11%) | 高频能量正常 (170.83)
2025-04-30 16:59:10 [WARNING] 图像模糊，尝试重新获取 (第4次尝试)
2025-04-30 16:59:10 [INFO] 正在获取图像，尝试 5/30 (已耗时: 16.3秒)
2025-04-30 16:59:14 [INFO] 图像质量: 模糊 拉普拉斯变异度正常 (124.13) | Sobel梯度均值低 (17.11 < 20) | 边缘检测点正常 (1.13%) | 高频能量正常 (170.81)
2025-04-30 16:59:14 [WARNING] 图像模糊，尝试重新获取 (第5次尝试)
2025-04-30 16:59:14 [INFO] 正在获取图像，尝试 6/30 (已耗时: 20.3秒)
2025-04-30 16:59:18 [INFO] 图像质量: 模糊 拉普拉斯变异度正常 (125.24) | Sobel梯度均值低 (17.08 < 20) | 边缘检测点正常 (1.11%) | 高频能量正常 (170.86)
2025-04-30 16:59:18 [WARNING] 图像模糊，尝试重新获取 (第6次尝试)
2025-04-30 16:59:19 [INFO] 正在获取图像，尝试 7/30 (已耗时: 24.4秒)
2025-04-30 16:59:22 [INFO] 图像质量: 模糊 拉普拉斯变异度正常 (125.81) | Sobel梯度均值低 (17.13 < 20) | 边缘检测点正常 (1.13%) | 高频能量正常 (171.04)
2025-04-30 16:59:22 [WARNING] 图像模糊，尝试重新获取 (第7次尝试)
2025-04-30 16:59:22 [INFO] 正在获取图像，尝试 8/30 (已耗时: 28.3秒)
2025-04-30 16:59:26 [INFO] 图像质量: 模糊 拉普拉斯变异度正常 (124.66) | Sobel梯度均值低 (17.07 < 20) | 边缘检测点正常 (1.13%) | 高频能量正常 (170.88)
2025-04-30 16:59:26 [WARNING] 图像模糊，尝试重新获取 (第8次尝试)
2025-04-30 16:59:26 [ERROR] 获取清晰图像超时 (30秒)
2025-04-30 16:59:26 [WARNING] 返回超时前的最后一帧图像
