2025-05-12 20:06:05 [INFO] 正在获取图像，尝试 1/30 (已耗时: 0.0秒)
2025-05-12 20:06:08 [INFO] 图像质量: 模糊 拉普拉斯变异度低 (0.05 < 100) | Sobel梯度均值低 (0.06 < 20) | 边缘检测点少 (0.00% < 1.0%) | 高频能量正常 (96.92)
2025-05-12 20:06:08 [WARNING] 图像模糊，尝试重新获取 (第1次尝试)
2025-05-12 20:06:09 [INFO] 正在获取图像，尝试 2/30 (已耗时: 4.1秒)
2025-05-12 20:06:12 [INFO] 图像质量: 模糊 拉普拉斯变异度低 (0.05 < 100) | Sobel梯度均值低 (0.05 < 20) | 边缘检测点少 (0.00% < 1.0%) | 高频能量正常 (96.17)
2025-05-12 20:06:12 [WARNING] 图像模糊，尝试重新获取 (第2次尝试)
2025-05-12 20:06:13 [INFO] 正在获取图像，尝试 3/30 (已耗时: 8.1秒)
2025-05-12 20:06:16 [INFO] 图像质量: 模糊 拉普拉斯变异度低 (0.08 < 100) | Sobel梯度均值低 (0.07 < 20) | 边缘检测点少 (0.00% < 1.0%) | 高频能量正常 (99.43)
2025-05-12 20:06:16 [WARNING] 图像模糊，尝试重新获取 (第3次尝试)
2025-05-12 20:06:17 [INFO] 正在获取图像，尝试 4/30 (已耗时: 12.0秒)
2025-05-12 20:06:20 [INFO] 图像质量: 模糊 拉普拉斯变异度低 (0.41 < 100) | Sobel梯度均值低 (0.17 < 20) | 边缘检测点少 (0.00% < 1.0%) | 高频能量正常 (119.45)
2025-05-12 20:06:20 [WARNING] 图像模糊，尝试重新获取 (第4次尝试)
2025-05-12 20:06:20 [INFO] 正在获取图像，尝试 5/30 (已耗时: 15.8秒)
2025-05-12 20:06:24 [INFO] 图像质量: 模糊 拉普拉斯变异度低 (0.03 < 100) | Sobel梯度均值低 (0.03 < 20) | 边缘检测点少 (0.00% < 1.0%) | 高频能量正常 (88.20)
2025-05-12 20:06:24 [WARNING] 图像模糊，尝试重新获取 (第5次尝试)
2025-05-12 20:06:24 [INFO] 正在获取图像，尝试 6/30 (已耗时: 19.7秒)
2025-05-12 20:06:28 [INFO] 图像质量: 模糊 拉普拉斯变异度低 (0.01 < 100) | Sobel梯度均值低 (0.02 < 20) | 边缘检测点少 (0.00% < 1.0%) | 高频能量正常 (82.88)
2025-05-12 20:06:28 [WARNING] 图像模糊，尝试重新获取 (第6次尝试)
2025-05-12 20:06:28 [INFO] 正在获取图像，尝试 7/30 (已耗时: 23.7秒)
2025-05-12 20:06:32 [INFO] 图像质量: 模糊 拉普拉斯变异度低 (0.03 < 100) | Sobel梯度均值低 (0.03 < 20) | 边缘检测点少 (0.00% < 1.0%) | 高频能量正常 (90.56)
2025-05-12 20:06:32 [WARNING] 图像模糊，尝试重新获取 (第7次尝试)
2025-05-12 20:06:32 [INFO] 正在获取图像，尝试 8/30 (已耗时: 27.7秒)
2025-05-12 20:06:36 [INFO] 图像质量: 模糊 拉普拉斯变异度低 (0.03 < 100) | Sobel梯度均值低 (0.03 < 20) | 边缘检测点少 (0.00% < 1.0%) | 高频能量正常 (90.42)
2025-05-12 20:06:36 [WARNING] 图像模糊，尝试重新获取 (第8次尝试)
2025-05-12 20:06:36 [ERROR] 获取清晰图像超时 (30秒)
2025-05-12 20:06:36 [WARNING] 返回超时前的最后一帧图像
2025-05-12 20:06:39 [INFO] 正在获取图像，尝试 1/30 (已耗时: 0.0秒)
2025-05-12 20:06:43 [INFO] 图像质量: 模糊 拉普拉斯变异度低 (0.04 < 100) | Sobel梯度均值低 (0.04 < 20) | 边缘检测点少 (0.00% < 1.0%) | 高频能量正常 (92.67)
2025-05-12 20:06:43 [WARNING] 图像模糊，尝试重新获取 (第1次尝试)
2025-05-12 20:06:43 [INFO] 正在获取图像，尝试 2/30 (已耗时: 3.9秒)
2025-05-12 20:06:47 [INFO] 图像质量: 模糊 拉普拉斯变异度低 (0.03 < 100) | Sobel梯度均值低 (0.04 < 20) | 边缘检测点少 (0.00% < 1.0%) | 高频能量正常 (90.17)
2025-05-12 20:06:47 [WARNING] 图像模糊，尝试重新获取 (第2次尝试)
2025-05-12 20:06:47 [INFO] 正在获取图像，尝试 3/30 (已耗时: 7.9秒)
2025-05-12 20:06:51 [INFO] 图像质量: 模糊 拉普拉斯变异度低 (0.05 < 100) | Sobel梯度均值低 (0.05 < 20) | 边缘检测点少 (0.00% < 1.0%) | 高频能量正常 (96.24)
2025-05-12 20:06:51 [WARNING] 图像模糊，尝试重新获取 (第3次尝试)
2025-05-12 20:06:51 [INFO] 正在获取图像，尝试 4/30 (已耗时: 11.9秒)
2025-05-12 20:06:55 [INFO] 图像质量: 模糊 拉普拉斯变异度低 (0.04 < 100) | Sobel梯度均值低 (0.04 < 20) | 边缘检测点少 (0.00% < 1.0%) | 高频能量正常 (93.61)
2025-05-12 20:06:55 [WARNING] 图像模糊，尝试重新获取 (第4次尝试)
2025-05-12 20:06:55 [INFO] 正在获取图像，尝试 5/30 (已耗时: 15.7秒)
2025-05-12 20:06:58 [INFO] 图像质量: 模糊 拉普拉斯变异度低 (0.06 < 100) | Sobel梯度均值低 (0.05 < 20) | 边缘检测点少 (0.00% < 1.0%) | 高频能量正常 (95.88)
2025-05-12 20:06:58 [WARNING] 图像模糊，尝试重新获取 (第5次尝试)
2025-05-12 20:06:59 [INFO] 正在获取图像，尝试 6/30 (已耗时: 19.5秒)
2025-05-12 20:07:02 [INFO] 图像质量: 模糊 拉普拉斯变异度低 (1.10 < 100) | Sobel梯度均值低 (0.10 < 20) | 边缘检测点少 (0.00% < 1.0%) | 高频能量正常 (127.17)
2025-05-12 20:07:02 [WARNING] 图像模糊，尝试重新获取 (第6次尝试)
2025-05-12 20:07:03 [INFO] 正在获取图像，尝试 7/30 (已耗时: 23.5秒)
2025-05-12 20:07:06 [INFO] 图像质量: 模糊 拉普拉斯变异度低 (0.98 < 100) | Sobel梯度均值低 (0.09 < 20) | 边缘检测点少 (0.00% < 1.0%) | 高频能量正常 (127.40)
2025-05-12 20:07:06 [WARNING] 图像模糊，尝试重新获取 (第7次尝试)
2025-05-12 20:07:07 [INFO] 正在获取图像，尝试 8/30 (已耗时: 27.5秒)
2025-05-12 20:07:10 [INFO] 图像质量: 模糊 拉普拉斯变异度低 (0.05 < 100) | Sobel梯度均值低 (0.05 < 20) | 边缘检测点少 (0.00% < 1.0%) | 高频能量正常 (94.08)
2025-05-12 20:07:10 [WARNING] 图像模糊，尝试重新获取 (第8次尝试)
2025-05-12 20:07:11 [ERROR] 获取清晰图像超时 (30秒)
2025-05-12 20:07:11 [WARNING] 返回超时前的最后一帧图像
2025-05-12 20:07:14 [INFO] 正在获取图像，尝试 1/30 (已耗时: 0.0秒)
2025-05-12 20:07:17 [INFO] 图像质量: 模糊 拉普拉斯变异度低 (0.81 < 100) | Sobel梯度均值低 (0.06 < 20) | 边缘检测点少 (0.00% < 1.0%) | 高频能量正常 (124.55)
2025-05-12 20:07:17 [WARNING] 图像模糊，尝试重新获取 (第1次尝试)
2025-05-12 20:07:18 [INFO] 正在获取图像，尝试 2/30 (已耗时: 4.0秒)
2025-05-12 20:07:21 [INFO] 图像质量: 模糊 拉普拉斯变异度低 (0.97 < 100) | Sobel梯度均值低 (0.04 < 20) | 边缘检测点少 (0.00% < 1.0%) | 高频能量正常 (126.91)
2025-05-12 20:07:21 [WARNING] 图像模糊，尝试重新获取 (第2次尝试)
2025-05-12 20:07:22 [INFO] 正在获取图像，尝试 3/30 (已耗时: 7.9秒)
2025-05-12 20:07:25 [INFO] 图像质量: 模糊 拉普拉斯变异度低 (0.01 < 100) | Sobel梯度均值低 (0.02 < 20) | 边缘检测点少 (0.00% < 1.0%) | 高频能量正常 (82.50)
2025-05-12 20:07:25 [WARNING] 图像模糊，尝试重新获取 (第3次尝试)
2025-05-12 20:07:26 [INFO] 正在获取图像，尝试 4/30 (已耗时: 11.8秒)
2025-05-12 20:07:29 [INFO] 图像质量: 模糊 拉普拉斯变异度低 (0.01 < 100) | Sobel梯度均值低 (0.02 < 20) | 边缘检测点少 (0.00% < 1.0%) | 高频能量正常 (82.81)
2025-05-12 20:07:29 [WARNING] 图像模糊，尝试重新获取 (第4次尝试)
2025-05-12 20:07:30 [INFO] 正在获取图像，尝试 5/30 (已耗时: 15.8秒)
2025-05-12 20:07:33 [INFO] 图像质量: 模糊 拉普拉斯变异度低 (0.01 < 100) | Sobel梯度均值低 (0.01 < 20) | 边缘检测点少 (0.00% < 1.0%) | 高频能量正常 (77.89)
2025-05-12 20:07:33 [WARNING] 图像模糊，尝试重新获取 (第5次尝试)
2025-05-12 20:07:34 [INFO] 正在获取图像，尝试 6/30 (已耗时: 19.7秒)
2025-05-12 20:07:37 [INFO] 图像质量: 模糊 拉普拉斯变异度低 (0.01 < 100) | Sobel梯度均值低 (0.01 < 20) | 边缘检测点少 (0.00% < 1.0%) | 高频能量正常 (77.31)
2025-05-12 20:07:37 [WARNING] 图像模糊，尝试重新获取 (第6次尝试)
2025-05-12 20:07:37 [INFO] 正在获取图像，尝试 7/30 (已耗时: 23.6秒)
2025-05-12 20:07:41 [INFO] 图像质量: 模糊 拉普拉斯变异度低 (0.26 < 100) | Sobel梯度均值低 (0.23 < 20) | 边缘检测点少 (0.00% < 1.0%) | 高频能量正常 (113.13)
2025-05-12 20:07:41 [WARNING] 图像模糊，尝试重新获取 (第7次尝试)
2025-05-12 20:07:41 [INFO] 正在获取图像，尝试 8/30 (已耗时: 27.5秒)
2025-05-12 20:07:45 [INFO] 图像质量: 模糊 拉普拉斯变异度低 (0.04 < 100) | Sobel梯度均值低 (0.04 < 20) | 边缘检测点少 (0.00% < 1.0%) | 高频能量正常 (91.32)
2025-05-12 20:07:45 [WARNING] 图像模糊，尝试重新获取 (第8次尝试)
2025-05-12 20:07:45 [ERROR] 获取清晰图像超时 (30秒)
2025-05-12 20:07:45 [WARNING] 返回超时前的最后一帧图像
2025-05-12 20:07:48 [INFO] 正在获取图像，尝试 1/30 (已耗时: 0.0秒)
2025-05-12 20:07:52 [INFO] 图像质量: 模糊 拉普拉斯变异度低 (0.02 < 100) | Sobel梯度均值低 (0.02 < 20) | 边缘检测点少 (0.00% < 1.0%) | 高频能量正常 (85.51)
2025-05-12 20:07:52 [WARNING] 图像模糊，尝试重新获取 (第1次尝试)
2025-05-12 20:07:52 [INFO] 正在获取图像，尝试 2/30 (已耗时: 4.1秒)
2025-05-12 20:07:56 [INFO] 图像质量: 模糊 拉普拉斯变异度低 (0.02 < 100) | Sobel梯度均值低 (0.02 < 20) | 边缘检测点少 (0.00% < 1.0%) | 高频能量正常 (85.59)
2025-05-12 20:07:56 [WARNING] 图像模糊，尝试重新获取 (第2次尝试)
2025-05-12 20:07:56 [INFO] 正在获取图像，尝试 3/30 (已耗时: 8.0秒)
2025-05-12 20:08:00 [INFO] 图像质量: 模糊 拉普拉斯变异度低 (0.02 < 100) | Sobel梯度均值低 (0.02 < 20) | 边缘检测点少 (0.00% < 1.0%) | 高频能量正常 (82.82)
2025-05-12 20:08:00 [WARNING] 图像模糊，尝试重新获取 (第3次尝试)
2025-05-12 20:08:00 [INFO] 正在获取图像，尝试 4/30 (已耗时: 11.9秒)
2025-05-12 20:08:04 [INFO] 图像质量: 模糊 拉普拉斯变异度低 (0.03 < 100) | Sobel梯度均值低 (0.03 < 20) | 边缘检测点少 (0.00% < 1.0%) | 高频能量正常 (90.44)
2025-05-12 20:08:04 [WARNING] 图像模糊，尝试重新获取 (第4次尝试)
2025-05-12 20:08:04 [INFO] 正在获取图像，尝试 5/30 (已耗时: 15.8秒)
2025-05-12 20:08:08 [INFO] 图像质量: 模糊 拉普拉斯变异度低 (0.02 < 100) | Sobel梯度均值低 (0.03 < 20) | 边缘检测点少 (0.00% < 1.0%) | 高频能量正常 (84.90)
2025-05-12 20:08:08 [WARNING] 图像模糊，尝试重新获取 (第5次尝试)
2025-05-12 20:08:08 [INFO] 正在获取图像，尝试 6/30 (已耗时: 19.8秒)
2025-05-12 20:08:11 [INFO] 图像质量: 模糊 拉普拉斯变异度低 (0.01 < 100) | Sobel梯度均值低 (0.01 < 20) | 边缘检测点少 (0.00% < 1.0%) | 高频能量正常 (78.89)
2025-05-12 20:08:11 [WARNING] 图像模糊，尝试重新获取 (第6次尝试)
2025-05-12 20:08:12 [INFO] 正在获取图像，尝试 7/30 (已耗时: 23.6秒)
2025-05-12 20:08:16 [INFO] 图像质量: 模糊 拉普拉斯变异度低 (0.02 < 100) | Sobel梯度均值低 (0.02 < 20) | 边缘检测点少 (0.00% < 1.0%) | 高频能量正常 (84.54)
2025-05-12 20:08:16 [WARNING] 图像模糊，尝试重新获取 (第7次尝试)
2025-05-12 20:08:16 [INFO] 正在获取图像，尝试 8/30 (已耗时: 27.7秒)
2025-05-12 20:08:20 [INFO] 图像质量: 模糊 拉普拉斯变异度低 (0.04 < 100) | Sobel梯度均值低 (0.02 < 20) | 边缘检测点少 (0.00% < 1.0%) | 高频能量正常 (94.06)
2025-05-12 20:08:20 [WARNING] 图像模糊，尝试重新获取 (第8次尝试)
2025-05-12 20:08:20 [ERROR] 获取清晰图像超时 (30秒)
2025-05-12 20:08:20 [WARNING] 返回超时前的最后一帧图像
2025-05-12 20:08:23 [INFO] 正在获取图像，尝试 1/30 (已耗时: 0.0秒)
2025-05-12 20:08:26 [INFO] 图像质量: 模糊 拉普拉斯变异度低 (0.05 < 100) | Sobel梯度均值低 (0.04 < 20) | 边缘检测点少 (0.00% < 1.0%) | 高频能量正常 (95.19)
2025-05-12 20:08:26 [WARNING] 图像模糊，尝试重新获取 (第1次尝试)
2025-05-12 20:08:27 [INFO] 正在获取图像，尝试 2/30 (已耗时: 3.8秒)
2025-05-12 20:08:30 [INFO] 图像质量: 模糊 拉普拉斯变异度低 (1.18 < 100) | Sobel梯度均值低 (0.10 < 20) | 边缘检测点少 (0.00% < 1.0%) | 高频能量正常 (125.85)
2025-05-12 20:08:30 [WARNING] 图像模糊，尝试重新获取 (第2次尝试)
2025-05-12 20:08:31 [INFO] 正在获取图像，尝试 3/30 (已耗时: 7.8秒)
2025-05-12 20:08:34 [INFO] 图像质量: 模糊 拉普拉斯变异度低 (0.37 < 100) | Sobel梯度均值低 (0.06 < 20) | 边缘检测点少 (0.00% < 1.0%) | 高频能量正常 (118.75)
2025-05-12 20:08:34 [WARNING] 图像模糊，尝试重新获取 (第3次尝试)
2025-05-12 20:08:35 [INFO] 正在获取图像，尝试 4/30 (已耗时: 11.7秒)
2025-05-12 20:08:38 [INFO] 图像质量: 模糊 拉普拉斯变异度低 (0.03 < 100) | Sobel梯度均值低 (0.03 < 20) | 边缘检测点少 (0.00% < 1.0%) | 高频能量正常 (90.14)
2025-05-12 20:08:38 [WARNING] 图像模糊，尝试重新获取 (第4次尝试)
2025-05-12 20:08:39 [INFO] 正在获取图像，尝试 5/30 (已耗时: 15.6秒)
2025-05-12 20:08:42 [INFO] 图像质量: 模糊 拉普拉斯变异度低 (0.06 < 100) | Sobel梯度均值低 (0.07 < 20) | 边缘检测点少 (0.00% < 1.0%) | 高频能量正常 (96.34)
2025-05-12 20:08:42 [WARNING] 图像模糊，尝试重新获取 (第5次尝试)
2025-05-12 20:08:43 [INFO] 正在获取图像，尝试 6/30 (已耗时: 19.5秒)
2025-05-12 20:08:46 [INFO] 图像质量: 模糊 拉普拉斯变异度低 (0.42 < 100) | Sobel梯度均值低 (0.17 < 20) | 边缘检测点少 (0.00% < 1.0%) | 高频能量正常 (119.31)
2025-05-12 20:08:46 [WARNING] 图像模糊，尝试重新获取 (第6次尝试)
2025-05-12 20:08:46 [INFO] 正在获取图像，尝试 7/30 (已耗时: 23.3秒)
2025-05-12 20:08:50 [INFO] 图像质量: 清晰 拉普拉斯变异度正常 (312.96) | Sobel梯度均值正常 (32.74) | 边缘检测点正常 (2.82%) | 高频能量正常 (181.65)
2025-05-12 20:08:50 [INFO] 图像清晰度良好，可以进行检测
