2025-05-07 09:39:58 [INFO] 正在获取图像，尝试 1/10 (已耗时: 0.0秒)
2025-05-07 09:40:01 [INFO] 图像质量: 模糊 拉普拉斯变异度低 (0.08 < 100) | Sobel梯度均值低 (0.05 < 20) | 边缘检测点少 (0.00% < 1.0%) | 高频能量正常 (98.18)
2025-05-07 09:40:01 [WARNING] 图像模糊，尝试重新获取 (第1次尝试)
2025-05-07 09:40:02 [INFO] 正在获取图像，尝试 2/10 (已耗时: 4.1秒)
2025-05-07 09:40:05 [INFO] 图像质量: 模糊 拉普拉斯变异度正常 (133.11) | Sobel梯度均值低 (19.23 < 20) | 边缘检测点正常 (1.22%) | 高频能量正常 (168.91)
2025-05-07 09:40:05 [WARNING] 图像模糊，尝试重新获取 (第2次尝试)
2025-05-07 09:40:06 [ERROR] 获取清晰图像超时 (5秒)
2025-05-07 09:40:06 [WARNING] 返回超时前的最后一帧图像
2025-05-07 09:40:06 [INFO] 正在获取图像，尝试 1/10 (已耗时: 0.0秒)
2025-05-07 09:40:10 [INFO] 图像质量: 模糊 拉普拉斯变异度低 (0.04 < 100) | Sobel梯度均值低 (0.06 < 20) | 边缘检测点少 (0.00% < 1.0%) | 高频能量正常 (91.15)
2025-05-07 09:40:10 [WARNING] 图像模糊，尝试重新获取 (第1次尝试)
2025-05-07 09:40:10 [INFO] 正在获取图像，尝试 2/10 (已耗时: 4.0秒)
2025-05-07 09:40:14 [INFO] 图像质量: 模糊 拉普拉斯变异度低 (2.39 < 100) | Sobel梯度均值低 (0.70 < 20) | 边缘检测点少 (0.03% < 1.0%) | 高频能量正常 (124.66)
2025-05-07 09:40:14 [WARNING] 图像模糊，尝试重新获取 (第2次尝试)
2025-05-07 09:40:15 [ERROR] 获取清晰图像超时 (5秒)
2025-05-07 09:40:15 [WARNING] 返回超时前的最后一帧图像
2025-05-07 09:40:16 [INFO] 正在获取图像，尝试 1/10 (已耗时: 0.0秒)
2025-05-07 09:40:19 [INFO] 图像质量: 模糊 拉普拉斯变异度低 (0.02 < 100) | Sobel梯度均值低 (0.04 < 20) | 边缘检测点少 (0.00% < 1.0%) | 高频能量正常 (89.00)
2025-05-07 09:40:19 [WARNING] 图像模糊，尝试重新获取 (第1次尝试)
2025-05-07 09:40:20 [INFO] 正在获取图像，尝试 2/10 (已耗时: 4.0秒)
2025-05-07 09:40:23 [INFO] 图像质量: 模糊 拉普拉斯变异度正常 (130.42) | Sobel梯度均值低 (18.90 < 20) | 边缘检测点正常 (1.28%) | 高频能量正常 (170.45)
2025-05-07 09:40:23 [WARNING] 图像模糊，尝试重新获取 (第2次尝试)
2025-05-07 09:40:24 [ERROR] 获取清晰图像超时 (5秒)
2025-05-07 09:40:24 [WARNING] 返回超时前的最后一帧图像
2025-05-07 09:40:25 [INFO] 正在获取图像，尝试 1/10 (已耗时: 0.0秒)
2025-05-07 09:40:28 [INFO] 图像质量: 模糊 拉普拉斯变异度低 (0.07 < 100) | Sobel梯度均值低 (0.09 < 20) | 边缘检测点少 (0.00% < 1.0%) | 高频能量正常 (97.93)
2025-05-07 09:40:28 [WARNING] 图像模糊，尝试重新获取 (第1次尝试)
2025-05-07 09:40:29 [INFO] 正在获取图像，尝试 2/10 (已耗时: 4.2秒)
2025-05-07 09:40:32 [INFO] 图像质量: 模糊 拉普拉斯变异度低 (11.31 < 100) | Sobel梯度均值低 (2.64 < 20) | 边缘检测点少 (0.28% < 1.0%) | 高频能量正常 (148.45)
2025-05-07 09:40:32 [WARNING] 图像模糊，尝试重新获取 (第2次尝试)
2025-05-07 09:40:33 [ERROR] 获取清晰图像超时 (5秒)
2025-05-07 09:40:33 [WARNING] 返回超时前的最后一帧图像
2025-05-07 09:40:35 [INFO] 正在获取图像，尝试 1/10 (已耗时: 0.0秒)
2025-05-07 09:40:38 [INFO] 图像质量: 模糊 拉普拉斯变异度低 (2.22 < 100) | Sobel梯度均值低 (0.94 < 20) | 边缘检测点少 (0.03% < 1.0%) | 高频能量正常 (134.75)
2025-05-07 09:40:38 [WARNING] 图像模糊，尝试重新获取 (第1次尝试)
2025-05-07 09:40:38 [INFO] 正在获取图像，尝试 2/10 (已耗时: 3.9秒)
2025-05-07 09:40:42 [INFO] 图像质量: 模糊 拉普拉斯变异度低 (8.83 < 100) | Sobel梯度均值低 (2.51 < 20) | 边缘检测点少 (0.20% < 1.0%) | 高频能量正常 (145.84)
2025-05-07 09:40:42 [WARNING] 图像模糊，尝试重新获取 (第2次尝试)
2025-05-07 09:40:43 [ERROR] 获取清晰图像超时 (5秒)
2025-05-07 09:40:43 [WARNING] 返回超时前的最后一帧图像
2025-05-07 09:40:44 [INFO] 正在获取图像，尝试 1/10 (已耗时: 0.0秒)
2025-05-07 09:40:48 [INFO] 图像质量: 模糊 拉普拉斯变异度低 (1.35 < 100) | Sobel梯度均值低 (0.29 < 20) | 边缘检测点少 (0.01% < 1.0%) | 高频能量正常 (129.23)
2025-05-07 09:40:48 [WARNING] 图像模糊，尝试重新获取 (第1次尝试)
2025-05-07 09:40:49 [INFO] 正在获取图像，尝试 2/10 (已耗时: 4.2秒)
2025-05-07 09:40:52 [INFO] 图像质量: 模糊 拉普拉斯变异度正常 (115.88) | Sobel梯度均值低 (18.62 < 20) | 边缘检测点正常 (1.36%) | 高频能量正常 (169.41)
2025-05-07 09:40:52 [WARNING] 图像模糊，尝试重新获取 (第2次尝试)
2025-05-07 09:40:53 [ERROR] 获取清晰图像超时 (5秒)
2025-05-07 09:40:53 [WARNING] 返回超时前的最后一帧图像
2025-05-07 09:41:04 [INFO] 正在获取图像，尝试 1/10 (已耗时: 0.0秒)
2025-05-07 09:41:07 [INFO] 图像质量: 模糊 拉普拉斯变异度低 (0.94 < 100) | Sobel梯度均值低 (1.04 < 20) | 边缘检测点少 (0.00% < 1.0%) | 高频能量正常 (126.36)
2025-05-07 09:41:07 [WARNING] 图像模糊，尝试重新获取 (第1次尝试)
2025-05-07 09:41:08 [INFO] 正在获取图像，尝试 2/10 (已耗时: 4.1秒)
2025-05-07 09:41:11 [INFO] 图像质量: 模糊 拉普拉斯变异度低 (0.04 < 100) | Sobel梯度均值低 (0.07 < 20) | 边缘检测点少 (0.00% < 1.0%) | 高频能量正常 (92.01)
2025-05-07 09:41:11 [WARNING] 图像模糊，尝试重新获取 (第2次尝试)
2025-05-07 09:41:12 [ERROR] 获取清晰图像超时 (5秒)
2025-05-07 09:41:12 [WARNING] 返回超时前的最后一帧图像
2025-05-07 09:41:13 [INFO] 正在获取图像，尝试 1/10 (已耗时: 0.0秒)
2025-05-07 09:41:16 [INFO] 图像质量: 模糊 拉普拉斯变异度低 (0.02 < 100) | Sobel梯度均值低 (0.04 < 20) | 边缘检测点少 (0.00% < 1.0%) | 高频能量正常 (86.79)
2025-05-07 09:41:16 [WARNING] 图像模糊，尝试重新获取 (第1次尝试)
2025-05-07 09:41:17 [INFO] 正在获取图像，尝试 2/10 (已耗时: 4.0秒)
2025-05-07 09:41:20 [INFO] 图像质量: 模糊 拉普拉斯变异度低 (0.02 < 100) | Sobel梯度均值低 (0.06 < 20) | 边缘检测点少 (0.00% < 1.0%) | 高频能量正常 (89.20)
2025-05-07 09:41:20 [WARNING] 图像模糊，尝试重新获取 (第2次尝试)
2025-05-07 09:41:21 [ERROR] 获取清晰图像超时 (5秒)
2025-05-07 09:41:21 [WARNING] 返回超时前的最后一帧图像
2025-05-07 09:41:22 [INFO] 正在获取图像，尝试 1/10 (已耗时: 0.0秒)
2025-05-07 09:41:26 [INFO] 图像质量: 模糊 拉普拉斯变异度正常 (127.58) | Sobel梯度均值低 (18.88 < 20) | 边缘检测点正常 (1.43%) | 高频能量正常 (169.67)
2025-05-07 09:41:26 [WARNING] 图像模糊，尝试重新获取 (第1次尝试)
2025-05-07 09:41:26 [INFO] 正在获取图像，尝试 2/10 (已耗时: 4.1秒)
2025-05-07 09:41:30 [INFO] 图像质量: 清晰 拉普拉斯变异度正常 (151.78) | Sobel梯度均值正常 (21.35) | 边缘检测点正常 (1.66%) | 高频能量正常 (172.51)
2025-05-07 09:41:30 [INFO] 图像清晰度良好，可以进行检测
2025-05-07 09:41:30 [INFO] 正在获取图像，尝试 1/10 (已耗时: 0.0秒)
2025-05-07 09:41:34 [INFO] 图像质量: 模糊 拉普拉斯变异度低 (3.72 < 100) | Sobel梯度均值低 (0.69 < 20) | 边缘检测点少 (0.06% < 1.0%) | 高频能量正常 (129.16)
2025-05-07 09:41:34 [WARNING] 图像模糊，尝试重新获取 (第1次尝试)
2025-05-07 09:41:34 [INFO] 正在获取图像，尝试 2/10 (已耗时: 4.1秒)
2025-05-07 09:41:38 [INFO] 图像质量: 清晰 拉普拉斯变异度正常 (155.14) | Sobel梯度均值正常 (21.28) | 边缘检测点正常 (1.69%) | 高频能量正常 (172.94)
2025-05-07 09:41:38 [INFO] 图像清晰度良好，可以进行检测
2025-05-07 09:41:39 [INFO] 正在获取图像，尝试 1/10 (已耗时: 0.0秒)
2025-05-07 09:41:42 [INFO] 图像质量: 模糊 拉普拉斯变异度低 (0.68 < 100) | Sobel梯度均值低 (0.29 < 20) | 边缘检测点少 (0.01% < 1.0%) | 高频能量正常 (120.76)
2025-05-07 09:41:42 [WARNING] 图像模糊，尝试重新获取 (第1次尝试)
2025-05-07 09:41:43 [INFO] 正在获取图像，尝试 2/10 (已耗时: 4.3秒)
2025-05-07 09:41:47 [INFO] 图像质量: 模糊 拉普拉斯变异度低 (0.31 < 100) | Sobel梯度均值低 (0.19 < 20) | 边缘检测点少 (0.00% < 1.0%) | 高频能量正常 (114.60)
2025-05-07 09:41:47 [WARNING] 图像模糊，尝试重新获取 (第2次尝试)
2025-05-07 09:41:47 [ERROR] 获取清晰图像超时 (5秒)
2025-05-07 09:41:47 [WARNING] 返回超时前的最后一帧图像
2025-05-07 09:41:49 [INFO] 正在获取图像，尝试 1/10 (已耗时: 0.0秒)
2025-05-07 09:41:52 [INFO] 图像质量: 模糊 拉普拉斯变异度低 (0.17 < 100) | Sobel梯度均值低 (0.23 < 20) | 边缘检测点少 (0.00% < 1.0%) | 高频能量正常 (108.91)
2025-05-07 09:41:52 [WARNING] 图像模糊，尝试重新获取 (第1次尝试)
2025-05-07 09:41:53 [INFO] 正在获取图像，尝试 2/10 (已耗时: 4.2秒)
2025-05-07 09:41:57 [INFO] 图像质量: 模糊 拉普拉斯变异度低 (8.98 < 100) | Sobel梯度均值低 (2.14 < 20) | 边缘检测点少 (0.20% < 1.0%) | 高频能量正常 (148.09)
2025-05-07 09:41:57 [WARNING] 图像模糊，尝试重新获取 (第2次尝试)
2025-05-07 09:41:57 [ERROR] 获取清晰图像超时 (5秒)
2025-05-07 09:41:57 [WARNING] 返回超时前的最后一帧图像
2025-05-07 09:42:00 [INFO] 正在获取图像，尝试 1/10 (已耗时: 0.0秒)
2025-05-07 09:42:03 [INFO] 图像质量: 模糊 拉普拉斯变异度低 (10.38 < 100) | Sobel梯度均值低 (2.28 < 20) | 边缘检测点少 (0.25% < 1.0%) | 高频能量正常 (148.25)
2025-05-07 09:42:03 [WARNING] 图像模糊，尝试重新获取 (第1次尝试)
2025-05-07 09:42:04 [INFO] 正在获取图像，尝试 2/10 (已耗时: 4.3秒)
2025-05-07 09:42:08 [INFO] 图像质量: 模糊 拉普拉斯变异度低 (0.32 < 100) | Sobel梯度均值低 (0.30 < 20) | 边缘检测点少 (0.00% < 1.0%) | 高频能量正常 (116.37)
2025-05-07 09:42:08 [WARNING] 图像模糊，尝试重新获取 (第2次尝试)
2025-05-07 09:42:08 [ERROR] 获取清晰图像超时 (5秒)
2025-05-07 09:42:08 [WARNING] 返回超时前的最后一帧图像
2025-05-07 09:42:10 [INFO] 正在获取图像，尝试 1/10 (已耗时: 0.0秒)
2025-05-07 09:42:14 [INFO] 图像质量: 清晰 拉普拉斯变异度正常 (170.19) | Sobel梯度均值正常 (22.66) | 边缘检测点正常 (1.88%) | 高频能量正常 (173.50)
2025-05-07 09:42:14 [INFO] 图像清晰度良好，可以进行检测
2025-05-07 09:42:15 [INFO] 正在获取图像，尝试 1/10 (已耗时: 0.0秒)
2025-05-07 09:42:18 [INFO] 图像质量: 模糊 拉普拉斯变异度低 (1.02 < 100) | Sobel梯度均值低 (0.19 < 20) | 边缘检测点少 (0.00% < 1.0%) | 高频能量正常 (125.60)
2025-05-07 09:42:18 [WARNING] 图像模糊，尝试重新获取 (第1次尝试)
2025-05-07 09:42:19 [INFO] 正在获取图像，尝试 2/10 (已耗时: 4.1秒)
2025-05-07 09:42:23 [INFO] 图像质量: 清晰 拉普拉斯变异度正常 (174.14) | Sobel梯度均值正常 (22.73) | 边缘检测点正常 (1.91%) | 高频能量正常 (174.09)
2025-05-07 09:42:23 [INFO] 图像清晰度良好，可以进行检测
2025-05-07 09:42:23 [INFO] 正在获取图像，尝试 1/10 (已耗时: 0.0秒)
2025-05-07 09:42:27 [INFO] 图像质量: 模糊 拉普拉斯变异度低 (0.22 < 100) | Sobel梯度均值低 (0.14 < 20) | 边缘检测点少 (0.00% < 1.0%) | 高频能量正常 (105.61)
2025-05-07 09:42:27 [WARNING] 图像模糊，尝试重新获取 (第1次尝试)
2025-05-07 09:42:28 [INFO] 正在获取图像，尝试 2/10 (已耗时: 4.4秒)
2025-05-07 09:42:31 [INFO] 图像质量: 模糊 拉普拉斯变异度低 (0.71 < 100) | Sobel梯度均值低 (0.23 < 20) | 边缘检测点少 (0.00% < 1.0%) | 高频能量正常 (120.19)
2025-05-07 09:42:31 [WARNING] 图像模糊，尝试重新获取 (第2次尝试)
2025-05-07 09:42:32 [ERROR] 获取清晰图像超时 (5秒)
2025-05-07 09:42:32 [WARNING] 返回超时前的最后一帧图像
2025-05-07 09:42:34 [INFO] 正在获取图像，尝试 1/10 (已耗时: 0.0秒)
2025-05-07 09:42:37 [INFO] 图像质量: 清晰 拉普拉斯变异度正常 (160.83) | Sobel梯度均值正常 (21.68) | 边缘检测点正常 (1.76%) | 高频能量正常 (173.69)
2025-05-07 09:42:37 [INFO] 图像清晰度良好，可以进行检测
2025-05-07 09:42:46 [INFO] 正在获取图像，尝试 1/10 (已耗时: 0.0秒)
2025-05-07 09:42:49 [INFO] 图像质量: 清晰 拉普拉斯变异度正常 (161.65) | Sobel梯度均值正常 (22.05) | 边缘检测点正常 (1.78%) | 高频能量正常 (173.68)
2025-05-07 09:42:49 [INFO] 图像清晰度良好，可以进行检测
2025-05-07 09:42:50 [INFO] 正在获取图像，尝试 1/10 (已耗时: 0.0秒)
2025-05-07 09:42:53 [INFO] 图像质量: 清晰 拉普拉斯变异度正常 (164.39) | Sobel梯度均值正常 (22.18) | 边缘检测点正常 (1.80%) | 高频能量正常 (173.89)
2025-05-07 09:42:53 [INFO] 图像清晰度良好，可以进行检测
2025-05-07 09:42:54 [INFO] 正在获取图像，尝试 1/10 (已耗时: 0.0秒)
2025-05-07 09:42:58 [INFO] 图像质量: 模糊 拉普拉斯变异度正常 (141.32) | Sobel梯度均值低 (18.68 < 20) | 边缘检测点正常 (1.48%) | 高频能量正常 (170.95)
2025-05-07 09:42:58 [WARNING] 图像模糊，尝试重新获取 (第1次尝试)
2025-05-07 09:42:58 [INFO] 正在获取图像，尝试 2/10 (已耗时: 4.1秒)
2025-05-07 09:43:02 [INFO] 图像质量: 模糊 拉普拉斯变异度低 (76.04 < 100) | Sobel梯度均值低 (12.47 < 20) | 边缘检测点正常 (1.07%) | 高频能量正常 (166.46)
2025-05-07 09:43:02 [WARNING] 图像模糊，尝试重新获取 (第2次尝试)
2025-05-07 09:43:02 [ERROR] 获取清晰图像超时 (5秒)
2025-05-07 09:43:02 [WARNING] 返回超时前的最后一帧图像
2025-05-07 09:43:06 [INFO] 正在获取图像，尝试 1/10 (已耗时: 0.0秒)
2025-05-07 09:43:10 [INFO] 图像质量: 清晰 拉普拉斯变异度正常 (166.50) | Sobel梯度均值正常 (22.32) | 边缘检测点正常 (1.74%) | 高频能量正常 (170.70)
2025-05-07 09:43:10 [INFO] 图像清晰度良好，可以进行检测
2025-05-07 09:43:14 [INFO] 正在获取图像，尝试 1/10 (已耗时: 0.0秒)
2025-05-07 09:43:18 [INFO] 图像质量: 清晰 拉普拉斯变异度正常 (153.84) | Sobel梯度均值正常 (21.91) | 边缘检测点正常 (1.63%) | 高频能量正常 (171.44)
2025-05-07 09:43:18 [INFO] 图像清晰度良好，可以进行检测
2025-05-07 09:43:21 [INFO] 正在获取图像，尝试 1/10 (已耗时: 0.0秒)
2025-05-07 09:43:25 [INFO] 图像质量: 模糊 拉普拉斯变异度低 (1.01 < 100) | Sobel梯度均值低 (0.35 < 20) | 边缘检测点少 (0.01% < 1.0%) | 高频能量正常 (119.18)
2025-05-07 09:43:25 [WARNING] 图像模糊，尝试重新获取 (第1次尝试)
2025-05-07 09:43:25 [INFO] 正在获取图像，尝试 2/10 (已耗时: 4.1秒)
2025-05-07 09:43:29 [INFO] 图像质量: 模糊 拉普拉斯变异度正常 (147.47) | Sobel梯度均值低 (18.56 < 20) | 边缘检测点正常 (1.45%) | 高频能量正常 (170.59)
2025-05-07 09:43:29 [WARNING] 图像模糊，尝试重新获取 (第2次尝试)
2025-05-07 09:43:29 [ERROR] 获取清晰图像超时 (5秒)
2025-05-07 09:43:29 [WARNING] 返回超时前的最后一帧图像
2025-05-07 09:43:32 [INFO] 正在获取图像，尝试 1/10 (已耗时: 0.0秒)
2025-05-07 09:43:36 [INFO] 图像质量: 模糊 拉普拉斯变异度低 (0.04 < 100) | Sobel梯度均值低 (0.06 < 20) | 边缘检测点少 (0.00% < 1.0%) | 高频能量正常 (93.45)
2025-05-07 09:43:36 [WARNING] 图像模糊，尝试重新获取 (第1次尝试)
2025-05-07 09:43:36 [INFO] 正在获取图像，尝试 2/10 (已耗时: 4.0秒)
2025-05-07 09:43:40 [INFO] 图像质量: 模糊 拉普拉斯变异度低 (11.70 < 100) | Sobel梯度均值低 (2.65 < 20) | 边缘检测点少 (0.27% < 1.0%) | 高频能量正常 (147.32)
2025-05-07 09:43:40 [WARNING] 图像模糊，尝试重新获取 (第2次尝试)
2025-05-07 09:43:40 [ERROR] 获取清晰图像超时 (5秒)
2025-05-07 09:43:40 [WARNING] 返回超时前的最后一帧图像
2025-05-07 09:43:42 [INFO] 正在获取图像，尝试 1/10 (已耗时: 0.0秒)
2025-05-07 09:43:45 [INFO] 图像质量: 模糊 拉普拉斯变异度低 (0.15 < 100) | Sobel梯度均值低 (0.11 < 20) | 边缘检测点少 (0.00% < 1.0%) | 高频能量正常 (103.49)
2025-05-07 09:43:45 [WARNING] 图像模糊，尝试重新获取 (第1次尝试)
2025-05-07 09:43:46 [INFO] 正在获取图像，尝试 2/10 (已耗时: 3.9秒)
2025-05-07 09:43:49 [INFO] 图像质量: 模糊 拉普拉斯变异度低 (7.04 < 100) | Sobel梯度均值低 (1.90 < 20) | 边缘检测点少 (0.18% < 1.0%) | 高频能量正常 (140.82)
2025-05-07 09:43:49 [WARNING] 图像模糊，尝试重新获取 (第2次尝试)
2025-05-07 09:43:50 [ERROR] 获取清晰图像超时 (5秒)
2025-05-07 09:43:50 [WARNING] 返回超时前的最后一帧图像
2025-05-07 09:43:51 [INFO] 正在获取图像，尝试 1/10 (已耗时: 0.0秒)
2025-05-07 09:43:55 [INFO] 图像质量: 模糊 拉普拉斯变异度正常 (149.86) | Sobel梯度均值低 (19.81 < 20) | 边缘检测点正常 (1.32%) | 高频能量正常 (168.79)
2025-05-07 09:43:55 [WARNING] 图像模糊，尝试重新获取 (第1次尝试)
2025-05-07 09:43:56 [INFO] 正在获取图像，尝试 2/10 (已耗时: 4.2秒)
2025-05-07 09:43:59 [INFO] 图像质量: 模糊 拉普拉斯变异度低 (0.11 < 100) | Sobel梯度均值低 (0.10 < 20) | 边缘检测点少 (0.00% < 1.0%) | 高频能量正常 (105.36)
2025-05-07 09:43:59 [WARNING] 图像模糊，尝试重新获取 (第2次尝试)
2025-05-07 09:44:00 [ERROR] 获取清晰图像超时 (5秒)
2025-05-07 09:44:00 [WARNING] 返回超时前的最后一帧图像
2025-05-07 09:44:01 [INFO] 正在获取图像，尝试 1/10 (已耗时: 0.0秒)
2025-05-07 09:44:04 [INFO] 图像质量: 模糊 拉普拉斯变异度低 (1.51 < 100) | Sobel梯度均值低 (1.12 < 20) | 边缘检测点少 (0.01% < 1.0%) | 高频能量正常 (128.85)
2025-05-07 09:44:04 [WARNING] 图像模糊，尝试重新获取 (第1次尝试)
2025-05-07 09:44:05 [INFO] 正在获取图像，尝试 2/10 (已耗时: 3.9秒)
2025-05-07 09:44:08 [INFO] 图像质量: 模糊 拉普拉斯变异度正常 (152.71) | Sobel梯度均值低 (19.58 < 20) | 边缘检测点正常 (1.41%) | 高频能量正常 (170.99)
2025-05-07 09:44:08 [WARNING] 图像模糊，尝试重新获取 (第2次尝试)
2025-05-07 09:44:09 [ERROR] 获取清晰图像超时 (5秒)
2025-05-07 09:44:09 [WARNING] 返回超时前的最后一帧图像
2025-05-07 09:44:12 [INFO] 正在获取图像，尝试 1/10 (已耗时: 0.0秒)
2025-05-07 09:44:16 [INFO] 图像质量: 模糊 拉普拉斯变异度正常 (149.72) | Sobel梯度均值低 (19.52 < 20) | 边缘检测点正常 (1.42%) | 高频能量正常 (170.85)
2025-05-07 09:44:16 [WARNING] 图像模糊，尝试重新获取 (第1次尝试)
2025-05-07 09:44:16 [INFO] 正在获取图像，尝试 2/10 (已耗时: 3.9秒)
2025-05-07 09:44:20 [INFO] 图像质量: 模糊 拉普拉斯变异度低 (0.26 < 100) | Sobel梯度均值低 (0.21 < 20) | 边缘检测点少 (0.00% < 1.0%) | 高频能量正常 (112.66)
2025-05-07 09:44:20 [WARNING] 图像模糊，尝试重新获取 (第2次尝试)
2025-05-07 09:44:20 [ERROR] 获取清晰图像超时 (5秒)
2025-05-07 09:44:20 [WARNING] 返回超时前的最后一帧图像
2025-05-07 09:44:21 [INFO] 正在获取图像，尝试 1/10 (已耗时: 0.0秒)
2025-05-07 09:44:25 [INFO] 图像质量: 模糊 拉普拉斯变异度低 (1.17 < 100) | Sobel梯度均值低 (0.26 < 20) | 边缘检测点少 (0.00% < 1.0%) | 高频能量正常 (127.12)
2025-05-07 09:44:25 [WARNING] 图像模糊，尝试重新获取 (第1次尝试)
2025-05-07 09:44:25 [INFO] 正在获取图像，尝试 2/10 (已耗时: 3.9秒)
2025-05-07 09:44:29 [INFO] 图像质量: 模糊 拉普拉斯变异度正常 (149.81) | Sobel梯度均值低 (19.43 < 20) | 边缘检测点正常 (1.51%) | 高频能量正常 (171.89)
2025-05-07 09:44:29 [WARNING] 图像模糊，尝试重新获取 (第2次尝试)
2025-05-07 09:44:29 [ERROR] 获取清晰图像超时 (5秒)
2025-05-07 09:44:29 [WARNING] 返回超时前的最后一帧图像
2025-05-07 09:44:33 [INFO] 正在获取图像，尝试 1/10 (已耗时: 0.0秒)
2025-05-07 09:44:36 [INFO] 图像质量: 模糊 拉普拉斯变异度低 (0.26 < 100) | Sobel梯度均值低 (0.14 < 20) | 边缘检测点少 (0.00% < 1.0%) | 高频能量正常 (109.20)
2025-05-07 09:44:36 [WARNING] 图像模糊，尝试重新获取 (第1次尝试)
2025-05-07 09:44:37 [INFO] 正在获取图像，尝试 2/10 (已耗时: 3.9秒)
2025-05-07 09:44:40 [INFO] 图像质量: 模糊 拉普拉斯变异度低 (0.05 < 100) | Sobel梯度均值低 (0.09 < 20) | 边缘检测点少 (0.00% < 1.0%) | 高频能量正常 (96.39)
2025-05-07 09:44:40 [WARNING] 图像模糊，尝试重新获取 (第2次尝试)
2025-05-07 09:44:41 [ERROR] 获取清晰图像超时 (5秒)
2025-05-07 09:44:41 [WARNING] 返回超时前的最后一帧图像
2025-05-07 09:44:42 [INFO] 正在获取图像，尝试 1/10 (已耗时: 0.0秒)
2025-05-07 09:44:46 [INFO] 图像质量: 模糊 拉普拉斯变异度正常 (143.42) | Sobel梯度均值低 (18.27 < 20) | 边缘检测点正常 (1.44%) | 高频能量正常 (171.09)
2025-05-07 09:44:46 [WARNING] 图像模糊，尝试重新获取 (第1次尝试)
2025-05-07 09:44:46 [INFO] 正在获取图像，尝试 2/10 (已耗时: 4.0秒)
2025-05-07 09:44:50 [INFO] 图像质量: 模糊 拉普拉斯变异度正常 (155.98) | Sobel梯度均值低 (19.70 < 20) | 边缘检测点正常 (1.55%) | 高频能量正常 (172.27)
2025-05-07 09:44:50 [WARNING] 图像模糊，尝试重新获取 (第2次尝试)
2025-05-07 09:44:50 [ERROR] 获取清晰图像超时 (5秒)
2025-05-07 09:44:50 [WARNING] 返回超时前的最后一帧图像
2025-05-07 09:44:56 [INFO] 正在获取图像，尝试 1/10 (已耗时: 0.0秒)
2025-05-07 09:44:59 [INFO] 图像质量: 模糊 拉普拉斯变异度低 (0.26 < 100) | Sobel梯度均值低 (0.19 < 20) | 边缘检测点少 (0.00% < 1.0%) | 高频能量正常 (110.22)
2025-05-07 09:44:59 [WARNING] 图像模糊，尝试重新获取 (第1次尝试)
2025-05-07 09:45:00 [INFO] 正在获取图像，尝试 2/10 (已耗时: 3.9秒)
2025-05-07 09:45:03 [INFO] 图像质量: 模糊 拉普拉斯变异度正常 (156.28) | Sobel梯度均值低 (19.71 < 20) | 边缘检测点正常 (1.54%) | 高频能量正常 (172.40)
2025-05-07 09:45:03 [WARNING] 图像模糊，尝试重新获取 (第2次尝试)
2025-05-07 09:45:04 [ERROR] 获取清晰图像超时 (5秒)
2025-05-07 09:45:04 [WARNING] 返回超时前的最后一帧图像
2025-05-07 09:45:10 [INFO] 正在获取图像，尝试 1/10 (已耗时: 0.0秒)
2025-05-07 09:45:14 [INFO] 图像质量: 模糊 拉普拉斯变异度低 (0.79 < 100) | Sobel梯度均值低 (0.30 < 20) | 边缘检测点少 (0.02% < 1.0%) | 高频能量正常 (115.11)
2025-05-07 09:45:14 [WARNING] 图像模糊，尝试重新获取 (第1次尝试)
2025-05-07 09:45:14 [INFO] 正在获取图像，尝试 2/10 (已耗时: 3.9秒)
2025-05-07 09:45:18 [INFO] 图像质量: 模糊 拉普拉斯变异度低 (2.43 < 100) | Sobel梯度均值低 (1.10 < 20) | 边缘检测点少 (0.06% < 1.0%) | 高频能量正常 (135.30)
2025-05-07 09:45:18 [WARNING] 图像模糊，尝试重新获取 (第2次尝试)
2025-05-07 09:45:18 [ERROR] 获取清晰图像超时 (5秒)
2025-05-07 09:45:18 [WARNING] 返回超时前的最后一帧图像
2025-05-07 09:45:20 [INFO] 正在获取图像，尝试 1/10 (已耗时: 0.0秒)
2025-05-07 09:45:24 [INFO] 图像质量: 模糊 拉普拉斯变异度低 (0.61 < 100) | Sobel梯度均值低 (0.28 < 20) | 边缘检测点少 (0.01% < 1.0%) | 高频能量正常 (122.43)
2025-05-07 09:45:24 [WARNING] 图像模糊，尝试重新获取 (第1次尝试)
2025-05-07 09:45:24 [INFO] 正在获取图像，尝试 2/10 (已耗时: 4.0秒)
2025-05-07 09:45:28 [INFO] 图像质量: 模糊 拉普拉斯变异度低 (0.30 < 100) | Sobel梯度均值低 (0.25 < 20) | 边缘检测点少 (0.00% < 1.0%) | 高频能量正常 (115.89)
2025-05-07 09:45:28 [WARNING] 图像模糊，尝试重新获取 (第2次尝试)
2025-05-07 09:45:28 [ERROR] 获取清晰图像超时 (5秒)
2025-05-07 09:45:28 [WARNING] 返回超时前的最后一帧图像
2025-05-07 09:45:30 [INFO] 正在获取图像，尝试 1/10 (已耗时: 0.0秒)
2025-05-07 09:45:33 [INFO] 图像质量: 模糊 拉普拉斯变异度低 (1.09 < 100) | Sobel梯度均值低 (0.31 < 20) | 边缘检测点少 (0.00% < 1.0%) | 高频能量正常 (128.17)
2025-05-07 09:45:33 [WARNING] 图像模糊，尝试重新获取 (第1次尝试)
2025-05-07 09:45:34 [INFO] 正在获取图像，尝试 2/10 (已耗时: 4.0秒)
2025-05-07 09:45:37 [INFO] 图像质量: 模糊 拉普拉斯变异度低 (1.56 < 100) | Sobel梯度均值低 (0.50 < 20) | 边缘检测点少 (0.01% < 1.0%) | 高频能量正常 (131.92)
2025-05-07 09:45:37 [WARNING] 图像模糊，尝试重新获取 (第2次尝试)
2025-05-07 09:45:37 [ERROR] 获取清晰图像超时 (5秒)
2025-05-07 09:45:37 [WARNING] 返回超时前的最后一帧图像
2025-05-07 09:45:39 [INFO] 正在获取图像，尝试 1/10 (已耗时: 0.0秒)
2025-05-07 09:45:42 [INFO] 图像质量: 模糊 拉普拉斯变异度低 (0.76 < 100) | Sobel梯度均值低 (0.39 < 20) | 边缘检测点少 (0.01% < 1.0%) | 高频能量正常 (125.37)
2025-05-07 09:45:42 [WARNING] 图像模糊，尝试重新获取 (第1次尝试)
2025-05-07 09:45:43 [INFO] 正在获取图像，尝试 2/10 (已耗时: 3.9秒)
2025-05-07 09:45:46 [INFO] 图像质量: 模糊 拉普拉斯变异度低 (8.88 < 100) | Sobel梯度均值低 (1.95 < 20) | 边缘检测点少 (0.19% < 1.0%) | 高频能量正常 (147.14)
2025-05-07 09:45:46 [WARNING] 图像模糊，尝试重新获取 (第2次尝试)
2025-05-07 09:45:47 [ERROR] 获取清晰图像超时 (5秒)
2025-05-07 09:45:47 [WARNING] 返回超时前的最后一帧图像
2025-05-07 09:45:49 [INFO] 正在获取图像，尝试 1/10 (已耗时: 0.0秒)
2025-05-07 09:45:52 [INFO] 图像质量: 模糊 拉普拉斯变异度低 (0.31 < 100) | Sobel梯度均值低 (0.20 < 20) | 边缘检测点少 (0.00% < 1.0%) | 高频能量正常 (116.50)
2025-05-07 09:45:52 [WARNING] 图像模糊，尝试重新获取 (第1次尝试)
2025-05-07 09:45:53 [INFO] 正在获取图像，尝试 2/10 (已耗时: 4.2秒)
2025-05-07 09:45:56 [INFO] 图像质量: 模糊 拉普拉斯变异度正常 (138.39) | Sobel梯度均值低 (17.83 < 20) | 边缘检测点正常 (1.52%) | 高频能量正常 (171.48)
2025-05-07 09:45:56 [WARNING] 图像模糊，尝试重新获取 (第2次尝试)
2025-05-07 09:45:57 [ERROR] 获取清晰图像超时 (5秒)
2025-05-07 09:45:57 [WARNING] 返回超时前的最后一帧图像
2025-05-07 09:52:21 [INFO] 正在获取图像，尝试 1/10 (已耗时: 0.0秒)
2025-05-07 09:52:25 [INFO] 图像质量: 清晰 拉普拉斯变异度正常 (149.86) | Sobel梯度均值正常 (20.84) | 边缘检测点正常 (1.43%) | 高频能量正常 (171.17)
2025-05-07 09:52:25 [INFO] 图像清晰度良好，可以进行检测
2025-05-07 09:52:30 [INFO] 正在获取图像，尝试 1/10 (已耗时: 0.0秒)
2025-05-07 09:52:34 [INFO] 图像质量: 清晰 拉普拉斯变异度正常 (150.04) | Sobel梯度均值正常 (20.85) | 边缘检测点正常 (1.43%) | 高频能量正常 (171.23)
2025-05-07 09:52:34 [INFO] 图像清晰度良好，可以进行检测
2025-05-07 09:52:39 [INFO] 正在获取图像，尝试 1/10 (已耗时: 0.0秒)
2025-05-07 09:52:43 [INFO] 图像质量: 清晰 拉普拉斯变异度正常 (153.35) | Sobel梯度均值正常 (21.50) | 边缘检测点正常 (1.52%) | 高频能量正常 (171.82)
2025-05-07 09:52:43 [INFO] 图像清晰度良好，可以进行检测
2025-05-07 09:52:48 [INFO] 正在获取图像，尝试 1/10 (已耗时: 0.0秒)
2025-05-07 09:52:51 [INFO] 图像质量: 模糊 拉普拉斯变异度低 (0.06 < 100) | Sobel梯度均值低 (0.10 < 20) | 边缘检测点少 (0.00% < 1.0%) | 高频能量正常 (97.32)
2025-05-07 09:52:51 [WARNING] 图像模糊，尝试重新获取 (第1次尝试)
2025-05-07 09:52:52 [INFO] 正在获取图像，尝试 2/10 (已耗时: 4.0秒)
2025-05-07 09:52:55 [INFO] 图像质量: 清晰 拉普拉斯变异度正常 (151.15) | Sobel梯度均值正常 (21.35) | 边缘检测点正常 (1.50%) | 高频能量正常 (171.43)
2025-05-07 09:52:55 [INFO] 图像清晰度良好，可以进行检测
2025-05-07 09:53:00 [INFO] 正在获取图像，尝试 1/10 (已耗时: 0.0秒)
2025-05-07 09:53:04 [INFO] 图像质量: 模糊 拉普拉斯变异度低 (0.72 < 100) | Sobel梯度均值低 (0.11 < 20) | 边缘检测点少 (0.00% < 1.0%) | 高频能量正常 (121.66)
2025-05-07 09:53:04 [WARNING] 图像模糊，尝试重新获取 (第1次尝试)
2025-05-07 09:53:04 [INFO] 正在获取图像，尝试 2/10 (已耗时: 4.1秒)
2025-05-07 09:53:08 [INFO] 图像质量: 清晰 拉普拉斯变异度正常 (151.83) | Sobel梯度均值正常 (21.37) | 边缘检测点正常 (1.50%) | 高频能量正常 (171.47)
2025-05-07 09:53:08 [INFO] 图像清晰度良好，可以进行检测
2025-05-07 09:53:13 [INFO] 正在获取图像，尝试 1/10 (已耗时: 0.0秒)
2025-05-07 09:53:17 [INFO] 图像质量: 模糊 拉普拉斯变异度正常 (121.33) | Sobel梯度均值低 (19.95 < 20) | 边缘检测点正常 (1.30%) | 高频能量正常 (169.57)
2025-05-07 09:53:17 [WARNING] 图像模糊，尝试重新获取 (第1次尝试)
2025-05-07 09:53:17 [INFO] 正在获取图像，尝试 2/10 (已耗时: 4.1秒)
2025-05-07 09:53:21 [INFO] 图像质量: 清晰 拉普拉斯变异度正常 (141.84) | Sobel梯度均值正常 (22.04) | 边缘检测点正常 (1.56%) | 高频能量正常 (171.75)
2025-05-07 09:53:21 [INFO] 图像清晰度良好，可以进行检测
2025-05-07 09:53:26 [INFO] 正在获取图像，尝试 1/10 (已耗时: 0.0秒)
2025-05-07 09:53:30 [INFO] 图像质量: 模糊 拉普拉斯变异度低 (0.04 < 100) | Sobel梯度均值低 (0.07 < 20) | 边缘检测点少 (0.00% < 1.0%) | 高频能量正常 (92.84)
2025-05-07 09:53:30 [WARNING] 图像模糊，尝试重新获取 (第1次尝试)
2025-05-07 09:53:30 [INFO] 正在获取图像，尝试 2/10 (已耗时: 4.4秒)
2025-05-07 09:53:34 [INFO] 图像质量: 清晰 拉普拉斯变异度正常 (144.56) | Sobel梯度均值正常 (22.16) | 边缘检测点正常 (1.57%) | 高频能量正常 (172.12)
2025-05-07 09:53:34 [INFO] 图像清晰度良好，可以进行检测
2025-05-07 09:53:39 [INFO] 正在获取图像，尝试 1/10 (已耗时: 0.0秒)
2025-05-07 09:53:43 [INFO] 图像质量: 清晰 拉普拉斯变异度正常 (144.00) | Sobel梯度均值正常 (22.12) | 边缘检测点正常 (1.57%) | 高频能量正常 (172.01)
2025-05-07 09:53:43 [INFO] 图像清晰度良好，可以进行检测
2025-05-07 09:53:48 [INFO] 正在获取图像，尝试 1/10 (已耗时: 0.0秒)
2025-05-07 09:53:51 [INFO] 图像质量: 模糊 拉普拉斯变异度低 (0.04 < 100) | Sobel梯度均值低 (0.08 < 20) | 边缘检测点少 (0.00% < 1.0%) | 高频能量正常 (94.00)
2025-05-07 09:53:51 [WARNING] 图像模糊，尝试重新获取 (第1次尝试)
2025-05-07 09:53:52 [INFO] 正在获取图像，尝试 2/10 (已耗时: 4.3秒)
2025-05-07 09:53:56 [INFO] 图像质量: 模糊 拉普拉斯变异度低 (0.04 < 100) | Sobel梯度均值低 (0.07 < 20) | 边缘检测点少 (0.00% < 1.0%) | 高频能量正常 (93.29)
2025-05-07 09:53:56 [WARNING] 图像模糊，尝试重新获取 (第2次尝试)
2025-05-07 09:53:56 [ERROR] 获取清晰图像超时 (5秒)
2025-05-07 09:53:56 [WARNING] 返回超时前的最后一帧图像
2025-05-07 09:54:01 [INFO] 正在获取图像，尝试 1/10 (已耗时: 0.0秒)
2025-05-07 09:54:05 [INFO] 图像质量: 模糊 拉普拉斯变异度低 (0.01 < 100) | Sobel梯度均值低 (0.04 < 20) | 边缘检测点少 (0.00% < 1.0%) | 高频能量正常 (83.17)
2025-05-07 09:54:05 [WARNING] 图像模糊，尝试重新获取 (第1次尝试)
2025-05-07 09:54:05 [INFO] 正在获取图像，尝试 2/10 (已耗时: 4.3秒)
2025-05-07 09:54:09 [INFO] 图像质量: 清晰 拉普拉斯变异度正常 (143.94) | Sobel梯度均值正常 (22.15) | 边缘检测点正常 (1.58%) | 高频能量正常 (171.95)
2025-05-07 09:54:09 [INFO] 图像清晰度良好，可以进行检测
2025-05-07 09:54:14 [INFO] 正在获取图像，尝试 1/10 (已耗时: 0.0秒)
2025-05-07 09:54:18 [INFO] 图像质量: 模糊 拉普拉斯变异度低 (0.05 < 100) | Sobel梯度均值低 (0.07 < 20) | 边缘检测点少 (0.00% < 1.0%) | 高频能量正常 (96.04)
2025-05-07 09:54:18 [WARNING] 图像模糊，尝试重新获取 (第1次尝试)
2025-05-07 09:54:19 [INFO] 正在获取图像，尝试 2/10 (已耗时: 4.3秒)
2025-05-07 09:54:23 [INFO] 图像质量: 模糊 拉普拉斯变异度低 (0.06 < 100) | Sobel梯度均值低 (0.11 < 20) | 边缘检测点少 (0.00% < 1.0%) | 高频能量正常 (98.71)
2025-05-07 09:54:23 [WARNING] 图像模糊，尝试重新获取 (第2次尝试)
2025-05-07 09:54:23 [ERROR] 获取清晰图像超时 (5秒)
2025-05-07 09:54:23 [WARNING] 返回超时前的最后一帧图像
2025-05-07 09:54:28 [INFO] 正在获取图像，尝试 1/10 (已耗时: 0.0秒)
2025-05-07 09:54:32 [INFO] 图像质量: 模糊 拉普拉斯变异度低 (0.02 < 100) | Sobel梯度均值低 (0.04 < 20) | 边缘检测点少 (0.00% < 1.0%) | 高频能量正常 (84.20)
2025-05-07 09:54:32 [WARNING] 图像模糊，尝试重新获取 (第1次尝试)
2025-05-07 09:54:32 [INFO] 正在获取图像，尝试 2/10 (已耗时: 4.3秒)
2025-05-07 09:54:36 [INFO] 图像质量: 模糊 拉普拉斯变异度低 (0.05 < 100) | Sobel梯度均值低 (0.10 < 20) | 边缘检测点少 (0.00% < 1.0%) | 高频能量正常 (95.60)
2025-05-07 09:54:36 [WARNING] 图像模糊，尝试重新获取 (第2次尝试)
2025-05-07 09:54:37 [ERROR] 获取清晰图像超时 (5秒)
2025-05-07 09:54:37 [WARNING] 返回超时前的最后一帧图像
2025-05-07 09:54:42 [INFO] 正在获取图像，尝试 1/10 (已耗时: 0.0秒)
2025-05-07 09:54:46 [INFO] 图像质量: 模糊 拉普拉斯变异度低 (0.03 < 100) | Sobel梯度均值低 (0.06 < 20) | 边缘检测点少 (0.00% < 1.0%) | 高频能量正常 (91.39)
2025-05-07 09:54:46 [WARNING] 图像模糊，尝试重新获取 (第1次尝试)
2025-05-07 09:54:46 [INFO] 正在获取图像，尝试 2/10 (已耗时: 4.1秒)
