2025-05-11 22:45:42 [INFO] 正在获取图像，尝试 1/30 (已耗时: 0.0秒)
2025-05-11 22:45:46 [INFO] 图像质量: 模糊 拉普拉斯变异度低 (0.18 < 100) | Sobel梯度均值低 (0.23 < 20) | 边缘检测点少 (0.00% < 1.0%) | 高频能量正常 (108.91)
2025-05-11 22:45:46 [WARNING] 图像模糊，尝试重新获取 (第1次尝试)
2025-05-11 22:45:46 [INFO] 正在获取图像，尝试 2/30 (已耗时: 3.9秒)
2025-05-11 22:45:50 [INFO] 图像质量: 模糊 拉普拉斯变异度低 (0.14 < 100) | Sobel梯度均值低 (0.20 < 20) | 边缘检测点少 (0.00% < 1.0%) | 高频能量正常 (106.63)
2025-05-11 22:45:50 [WARNING] 图像模糊，尝试重新获取 (第2次尝试)
2025-05-11 22:45:50 [INFO] 正在获取图像，尝试 3/30 (已耗时: 7.9秒)
2025-05-11 22:45:53 [INFO] 图像质量: 模糊 拉普拉斯变异度低 (0.10 < 100) | Sobel梯度均值低 (0.17 < 20) | 边缘检测点少 (0.00% < 1.0%) | 高频能量正常 (103.34)
2025-05-11 22:45:53 [WARNING] 图像模糊，尝试重新获取 (第3次尝试)
2025-05-11 22:45:54 [INFO] 正在获取图像，尝试 4/30 (已耗时: 11.7秒)
2025-05-11 22:45:57 [INFO] 图像质量: 模糊 拉普拉斯变异度低 (0.12 < 100) | Sobel梯度均值低 (0.17 < 20) | 边缘检测点少 (0.00% < 1.0%) | 高频能量正常 (106.39)
2025-05-11 22:45:57 [WARNING] 图像模糊，尝试重新获取 (第4次尝试)
2025-05-11 22:45:58 [INFO] 正在获取图像，尝试 5/30 (已耗时: 15.7秒)
2025-05-11 22:46:01 [INFO] 图像质量: 模糊 拉普拉斯变异度低 (4.09 < 100) | Sobel梯度均值低 (1.40 < 20) | 边缘检测点少 (0.10% < 1.0%) | 高频能量正常 (137.89)
2025-05-11 22:46:01 [WARNING] 图像模糊，尝试重新获取 (第5次尝试)
2025-05-11 22:46:02 [INFO] 正在获取图像，尝试 6/30 (已耗时: 19.8秒)
2025-05-11 22:46:05 [INFO] 图像质量: 模糊 拉普拉斯变异度低 (3.19 < 100) | Sobel梯度均值低 (1.21 < 20) | 边缘检测点少 (0.06% < 1.0%) | 高频能量正常 (136.02)
2025-05-11 22:46:05 [WARNING] 图像模糊，尝试重新获取 (第6次尝试)
2025-05-11 22:46:06 [INFO] 正在获取图像，尝试 7/30 (已耗时: 23.7秒)
2025-05-11 22:46:09 [INFO] 图像质量: 模糊 拉普拉斯变异度低 (3.54 < 100) | Sobel梯度均值低 (1.17 < 20) | 边缘检测点少 (0.08% < 1.0%) | 高频能量正常 (138.14)
2025-05-11 22:46:09 [WARNING] 图像模糊，尝试重新获取 (第7次尝试)
2025-05-11 22:46:10 [INFO] 正在获取图像，尝试 8/30 (已耗时: 27.7秒)
2025-05-11 22:46:13 [INFO] 图像质量: 模糊 拉普拉斯变异度低 (9.82 < 100) | Sobel梯度均值低 (2.20 < 20) | 边缘检测点少 (0.22% < 1.0%) | 高频能量正常 (148.65)
2025-05-11 22:46:13 [WARNING] 图像模糊，尝试重新获取 (第8次尝试)
2025-05-11 22:46:14 [ERROR] 获取清晰图像超时 (30秒)
2025-05-11 22:46:14 [WARNING] 返回超时前的最后一帧图像
