2025-05-28 17:50:40 [INFO] 正在获取图像，尝试 1/10 (已耗时: 0.0秒)
2025-05-28 17:50:43 [INFO] 图像质量: 清晰 拉普拉斯变异度正常 (292.18) | Sobel梯度均值正常 (35.81) | 边缘检测点正常 (3.67%) | 高频能量正常 (176.74)
2025-05-28 17:50:43 [INFO] 图像清晰度良好，可以进行检测
2025-05-28 17:50:46 [INFO] 正在获取图像，尝试 1/1000 (已耗时: 0.0秒)
2025-05-28 17:50:49 [INFO] 图像质量: 模糊 拉普拉斯变异度低 (0.03 < 50) | Sobel梯度均值低 (0.04 < 20) | 边缘检测点少 (0.00% < 0.5%) | 高频能量正常 (89.31)
2025-05-28 17:50:49 [WARNING] 图像模糊，尝试重新获取 (第1次尝试)
2025-05-28 17:50:50 [INFO] 正在获取图像，尝试 2/1000 (已耗时: 3.4秒)
2025-05-28 17:50:53 [INFO] 图像质量: 模糊 拉普拉斯变异度低 (0.02 < 50) | Sobel梯度均值低 (0.03 < 20) | 边缘检测点少 (0.00% < 0.5%) | 高频能量正常 (84.30)
2025-05-28 17:50:53 [WARNING] 图像模糊，尝试重新获取 (第2次尝试)
2025-05-28 17:50:53 [INFO] 正在获取图像，尝试 3/1000 (已耗时: 6.8秒)
2025-05-28 17:50:56 [INFO] 图像质量: 模糊 拉普拉斯变异度低 (0.01 < 50) | Sobel梯度均值低 (0.02 < 20) | 边缘检测点少 (0.00% < 0.5%) | 高频能量正常 (77.13)
2025-05-28 17:50:56 [WARNING] 图像模糊，尝试重新获取 (第3次尝试)
2025-05-28 17:50:57 [INFO] 正在获取图像，尝试 4/1000 (已耗时: 10.2秒)
2025-05-28 17:51:00 [INFO] 图像质量: 模糊 拉普拉斯变异度低 (1.14 < 50) | Sobel梯度均值低 (0.08 < 20) | 边缘检测点少 (0.01% < 0.5%) | 高频能量正常 (126.85)
2025-05-28 17:51:00 [WARNING] 图像模糊，尝试重新获取 (第4次尝试)
2025-05-28 17:51:00 [INFO] 正在获取图像，尝试 5/1000 (已耗时: 13.7秒)
2025-05-28 17:51:03 [INFO] 图像质量: 模糊 拉普拉斯变异度低 (0.01 < 50) | Sobel梯度均值低 (0.02 < 20) | 边缘检测点少 (0.00% < 0.5%) | 高频能量正常 (80.60)
2025-05-28 17:51:03 [WARNING] 图像模糊，尝试重新获取 (第5次尝试)
2025-05-28 17:51:04 [INFO] 正在获取图像，尝试 6/1000 (已耗时: 17.2秒)
2025-05-28 17:51:06 [INFO] 图像质量: 清晰 拉普拉斯变异度正常 (284.36) | Sobel梯度均值正常 (35.17) | 边缘检测点正常 (3.56%) | 高频能量正常 (176.37)
2025-05-28 17:51:06 [INFO] 图像清晰度良好，可以进行检测
2025-05-28 17:51:55 [INFO] 正在获取图像，尝试 1/10 (已耗时: 0.0秒)
2025-05-28 17:51:58 [INFO] 图像质量: 模糊 拉普拉斯变异度低 (0.01 < 50) | Sobel梯度均值低 (0.02 < 20) | 边缘检测点少 (0.00% < 0.5%) | 高频能量正常 (80.56)
2025-05-28 17:51:58 [WARNING] 图像模糊，尝试重新获取 (第1次尝试)
2025-05-28 17:52:00 [INFO] 正在获取图像，尝试 2/10 (已耗时: 4.9秒)
2025-05-28 17:52:03 [INFO] 图像质量: 清晰 拉普拉斯变异度正常 (279.34) | Sobel梯度均值正常 (34.81) | 边缘检测点正常 (3.51%) | 高频能量正常 (176.19)
2025-05-28 17:52:03 [INFO] 图像清晰度良好，可以进行检测
2025-05-28 17:52:06 [INFO] 正在获取图像，尝试 1/1000 (已耗时: 0.0秒)
2025-05-28 17:52:09 [INFO] 图像质量: 模糊 拉普拉斯变异度低 (0.02 < 50) | Sobel梯度均值低 (0.02 < 20) | 边缘检测点少 (0.00% < 0.5%) | 高频能量正常 (85.12)
2025-05-28 17:52:09 [WARNING] 图像模糊，尝试重新获取 (第1次尝试)
2025-05-28 17:52:09 [INFO] 正在获取图像，尝试 2/1000 (已耗时: 3.4秒)
2025-05-28 17:52:12 [INFO] 图像质量: 模糊 拉普拉斯变异度低 (0.01 < 50) | Sobel梯度均值低 (0.01 < 20) | 边缘检测点少 (0.00% < 0.5%) | 高频能量正常 (74.77)
2025-05-28 17:52:12 [WARNING] 图像模糊，尝试重新获取 (第2次尝试)
2025-05-28 17:52:13 [INFO] 正在获取图像，尝试 3/1000 (已耗时: 6.8秒)
2025-05-28 17:52:16 [INFO] 图像质量: 清晰 拉普拉斯变异度正常 (280.98) | Sobel梯度均值正常 (34.77) | 边缘检测点正常 (3.51%) | 高频能量正常 (176.27)
2025-05-28 17:52:16 [INFO] 图像清晰度良好，可以进行检测
2025-05-28 17:53:05 [INFO] 正在获取图像，尝试 1/10 (已耗时: 0.0秒)
2025-05-28 17:53:08 [INFO] 图像质量: 模糊 拉普拉斯变异度低 (0.03 < 50) | Sobel梯度均值低 (0.03 < 20) | 边缘检测点少 (0.00% < 0.5%) | 高频能量正常 (88.03)
2025-05-28 17:53:08 [WARNING] 图像模糊，尝试重新获取 (第1次尝试)
2025-05-28 17:53:10 [INFO] 正在获取图像，尝试 2/10 (已耗时: 4.9秒)
2025-05-28 17:53:12 [INFO] 图像质量: 模糊 拉普拉斯变异度低 (0.89 < 50) | Sobel梯度均值低 (0.08 < 20) | 边缘检测点少 (0.00% < 0.5%) | 高频能量正常 (126.95)
2025-05-28 17:53:12 [WARNING] 图像模糊，尝试重新获取 (第2次尝试)
2025-05-28 17:53:14 [INFO] 正在获取图像，尝试 3/10 (已耗时: 9.8秒)
2025-05-28 17:53:18 [INFO] 图像质量: 清晰 拉普拉斯变异度正常 (278.51) | Sobel梯度均值正常 (34.55) | 边缘检测点正常 (3.46%) | 高频能量正常 (176.19)
2025-05-28 17:53:18 [INFO] 图像清晰度良好，可以进行检测
2025-05-28 17:53:21 [INFO] 正在获取图像，尝试 1/1000 (已耗时: 0.0秒)
2025-05-28 17:53:24 [INFO] 图像质量: 清晰 拉普拉斯变异度正常 (276.70) | Sobel梯度均值正常 (34.39) | 边缘检测点正常 (3.44%) | 高频能量正常 (176.06)
2025-05-28 17:53:24 [INFO] 图像清晰度良好，可以进行检测
2025-05-28 17:54:12 [INFO] 正在获取图像，尝试 1/10 (已耗时: 0.0秒)
2025-05-28 17:54:16 [INFO] 图像质量: 清晰 拉普拉斯变异度正常 (276.37) | Sobel梯度均值正常 (34.54) | 边缘检测点正常 (3.45%) | 高频能量正常 (176.01)
2025-05-28 17:54:16 [INFO] 图像清晰度良好，可以进行检测
2025-05-28 17:54:19 [INFO] 正在获取图像，尝试 1/1000 (已耗时: 0.0秒)
2025-05-28 17:54:21 [INFO] 图像质量: 清晰 拉普拉斯变异度正常 (276.54) | Sobel梯度均值正常 (34.53) | 边缘检测点正常 (3.47%) | 高频能量正常 (175.94)
2025-05-28 17:54:21 [INFO] 图像清晰度良好，可以进行检测
2025-05-28 17:55:08 [INFO] 正在获取图像，尝试 1/10 (已耗时: 0.0秒)
2025-05-28 17:55:11 [INFO] 图像质量: 模糊 拉普拉斯变异度低 (0.03 < 50) | Sobel梯度均值低 (0.03 < 20) | 边缘检测点少 (0.00% < 0.5%) | 高频能量正常 (87.61)
2025-05-28 17:55:11 [WARNING] 图像模糊，尝试重新获取 (第1次尝试)
2025-05-28 17:55:13 [INFO] 正在获取图像，尝试 2/10 (已耗时: 4.9秒)
2025-05-28 17:55:16 [INFO] 图像质量: 模糊 拉普拉斯变异度低 (0.02 < 50) | Sobel梯度均值低 (0.03 < 20) | 边缘检测点少 (0.00% < 0.5%) | 高频能量正常 (84.54)
2025-05-28 17:55:16 [WARNING] 图像模糊，尝试重新获取 (第2次尝试)
2025-05-28 17:55:18 [INFO] 正在获取图像，尝试 3/10 (已耗时: 9.9秒)
2025-05-28 17:55:21 [INFO] 图像质量: 清晰 拉普拉斯变异度正常 (279.47) | Sobel梯度均值正常 (34.69) | 边缘检测点正常 (3.50%) | 高频能量正常 (176.10)
2025-05-28 17:55:21 [INFO] 图像清晰度良好，可以进行检测
2025-05-28 17:55:24 [INFO] 正在获取图像，尝试 1/1000 (已耗时: 0.0秒)
2025-05-28 17:55:27 [INFO] 图像质量: 清晰 拉普拉斯变异度正常 (280.43) | Sobel梯度均值正常 (34.78) | 边缘检测点正常 (3.49%) | 高频能量正常 (176.16)
2025-05-28 17:55:27 [INFO] 图像清晰度良好，可以进行检测
2025-05-28 17:56:16 [INFO] 正在获取图像，尝试 1/10 (已耗时: 0.0秒)
2025-05-28 17:56:19 [INFO] 图像质量: 清晰 拉普拉斯变异度正常 (279.50) | Sobel梯度均值正常 (34.68) | 边缘检测点正常 (3.48%) | 高频能量正常 (176.18)
2025-05-28 17:56:19 [INFO] 图像清晰度良好，可以进行检测
2025-05-28 17:56:22 [INFO] 正在获取图像，尝试 1/1000 (已耗时: 0.0秒)
2025-05-28 17:56:25 [INFO] 图像质量: 清晰 拉普拉斯变异度正常 (279.78) | Sobel梯度均值正常 (34.69) | 边缘检测点正常 (3.50%) | 高频能量正常 (176.09)
2025-05-28 17:56:25 [INFO] 图像清晰度良好，可以进行检测
2025-05-28 17:57:28 [INFO] 正在获取图像，尝试 1/10 (已耗时: 0.0秒)
2025-05-28 17:57:31 [INFO] 图像质量: 清晰 拉普拉斯变异度正常 (282.97) | Sobel梯度均值正常 (34.86) | 边缘检测点正常 (3.52%) | 高频能量正常 (176.22)
2025-05-28 17:57:31 [INFO] 图像清晰度良好，可以进行检测
2025-05-28 17:57:34 [INFO] 正在获取图像，尝试 1/1000 (已耗时: 0.0秒)
2025-05-28 17:57:37 [INFO] 图像质量: 清晰 拉普拉斯变异度正常 (283.59) | Sobel梯度均值正常 (34.81) | 边缘检测点正常 (3.51%) | 高频能量正常 (176.32)
2025-05-28 17:57:37 [INFO] 图像清晰度良好，可以进行检测
2025-05-28 17:58:27 [INFO] 正在获取图像，尝试 1/10 (已耗时: 0.0秒)
2025-05-28 17:58:30 [INFO] 图像质量: 模糊 拉普拉斯变异度低 (0.02 < 50) | Sobel梯度均值低 (0.03 < 20) | 边缘检测点少 (0.00% < 0.5%) | 高频能量正常 (84.73)
2025-05-28 17:58:30 [WARNING] 图像模糊，尝试重新获取 (第1次尝试)
2025-05-28 17:58:32 [INFO] 正在获取图像，尝试 2/10 (已耗时: 4.9秒)
2025-05-28 17:58:35 [INFO] 图像质量: 模糊 拉普拉斯变异度低 (0.03 < 50) | Sobel梯度均值低 (0.05 < 20) | 边缘检测点少 (0.00% < 0.5%) | 高频能量正常 (88.26)
2025-05-28 17:58:35 [WARNING] 图像模糊，尝试重新获取 (第2次尝试)
2025-05-28 17:58:37 [INFO] 正在获取图像，尝试 3/10 (已耗时: 9.9秒)
2025-05-28 17:58:40 [INFO] 图像质量: 清晰 拉普拉斯变异度正常 (281.63) | Sobel梯度均值正常 (34.53) | 边缘检测点正常 (3.48%) | 高频能量正常 (176.30)
2025-05-28 17:58:40 [INFO] 图像清晰度良好，可以进行检测
2025-05-28 17:58:43 [INFO] 正在获取图像，尝试 1/1000 (已耗时: 0.0秒)
2025-05-28 17:58:46 [INFO] 图像质量: 模糊 拉普拉斯变异度低 (0.01 < 50) | Sobel梯度均值低 (0.01 < 20) | 边缘检测点少 (0.00% < 0.5%) | 高频能量正常 (79.78)
2025-05-28 17:58:46 [WARNING] 图像模糊，尝试重新获取 (第1次尝试)
2025-05-28 17:58:46 [INFO] 正在获取图像，尝试 2/1000 (已耗时: 3.4秒)
2025-05-28 17:58:49 [INFO] 图像质量: 清晰 拉普拉斯变异度正常 (283.49) | Sobel梯度均值正常 (34.66) | 边缘检测点正常 (3.48%) | 高频能量正常 (176.37)
2025-05-28 17:58:49 [INFO] 图像清晰度良好，可以进行检测
