2025-04-28 14:27:15 [INFO] 正在获取图像，尝试 1/10 (已耗时: 0.0秒)
2025-04-28 14:27:19 [INFO] 图像质量: 模糊 拉普拉斯变异度低 (0.78 < 100) | Sobel梯度均值低 (0.08 < 20) | 边缘检测点少 (0.00% < 1.0%) | 高频能量正常 (122.67)
2025-04-28 14:27:19 [WARNING] 图像模糊，尝试重新获取 (第1次尝试)
2025-04-28 14:27:21 [INFO] 正在获取图像，尝试 2/10 (已耗时: 5.6秒)
2025-04-28 14:27:24 [INFO] 图像质量: 模糊 拉普拉斯变异度低 (0.01 < 100) | Sobel梯度均值低 (0.02 < 20) | 边缘检测点少 (0.00% < 1.0%) | 高频能量正常 (79.39)
2025-04-28 14:27:24 [WARNING] 图像模糊，尝试重新获取 (第2次尝试)
2025-04-28 14:27:26 [INFO] 正在获取图像，尝试 3/10 (已耗时: 11.1秒)
2025-04-28 14:27:30 [INFO] 图像质量: 模糊 拉普拉斯变异度低 (0.02 < 100) | Sobel梯度均值低 (0.02 < 20) | 边缘检测点少 (0.00% < 1.0%) | 高频能量正常 (83.22)
2025-04-28 14:27:30 [WARNING] 图像模糊，尝试重新获取 (第3次尝试)
2025-04-28 14:27:32 [INFO] 正在获取图像，尝试 4/10 (已耗时: 16.6秒)
2025-04-28 14:27:35 [INFO] 图像质量: 模糊 拉普拉斯变异度低 (0.01 < 100) | Sobel梯度均值低 (0.02 < 20) | 边缘检测点少 (0.00% < 1.0%) | 高频能量正常 (81.40)
2025-04-28 14:27:35 [WARNING] 图像模糊，尝试重新获取 (第4次尝试)
2025-04-28 14:27:37 [INFO] 正在获取图像，尝试 5/10 (已耗时: 22.1秒)
2025-04-28 14:27:41 [INFO] 图像质量: 清晰 拉普拉斯变异度正常 (165.35) | Sobel梯度均值正常 (22.27) | 边缘检测点正常 (1.65%) | 高频能量正常 (173.75)
2025-04-28 14:27:41 [INFO] 图像清晰度良好，可以进行检测
2025-04-28 14:27:45 [INFO] 正在获取图像，尝试 1/10 (已耗时: 0.0秒)
2025-04-28 14:27:48 [INFO] 图像质量: 模糊 拉普拉斯变异度低 (0.01 < 100) | Sobel梯度均值低 (0.02 < 20) | 边缘检测点少 (0.00% < 1.0%) | 高频能量正常 (80.43)
2025-04-28 14:27:48 [WARNING] 图像模糊，尝试重新获取 (第1次尝试)
2025-04-28 14:27:50 [INFO] 正在获取图像，尝试 2/10 (已耗时: 5.6秒)
2025-04-28 14:27:54 [INFO] 图像质量: 模糊 拉普拉斯变异度低 (0.01 < 100) | Sobel梯度均值低 (0.02 < 20) | 边缘检测点少 (0.00% < 1.0%) | 高频能量正常 (86.11)
2025-04-28 14:27:54 [WARNING] 图像模糊，尝试重新获取 (第2次尝试)
2025-04-28 14:27:56 [INFO] 正在获取图像，尝试 3/10 (已耗时: 11.1秒)
2025-04-28 14:28:00 [INFO] 图像质量: 清晰 拉普拉斯变异度正常 (165.39) | Sobel梯度均值正常 (22.24) | 边缘检测点正常 (1.64%) | 高频能量正常 (173.72)
2025-04-28 14:28:00 [INFO] 图像清晰度良好，可以进行检测
