2025-05-13 08:36:19 [INFO] 正在获取图像，尝试 1/1000 (已耗时: 0.0秒)
2025-05-13 08:36:19 [ERROR] 无法获取相机图像
2025-05-13 08:36:20 [INFO] 正在获取图像，尝试 2/1000 (已耗时: 0.5秒)
2025-05-13 08:36:20 [ERROR] 无法获取相机图像
2025-05-13 08:36:20 [INFO] 正在获取图像，尝试 3/1000 (已耗时: 1.1秒)
2025-05-13 08:36:20 [ERROR] 无法获取相机图像
2025-05-13 08:36:21 [INFO] 正在获取图像，尝试 4/1000 (已耗时: 1.6秒)
2025-05-13 08:36:21 [ERROR] 无法获取相机图像
2025-05-13 08:36:21 [INFO] 正在获取图像，尝试 5/1000 (已耗时: 2.1秒)
2025-05-13 08:36:21 [ERROR] 无法获取相机图像
2025-05-13 08:36:22 [INFO] 正在获取图像，尝试 6/1000 (已耗时: 2.7秒)
2025-05-13 08:36:22 [ERROR] 无法获取相机图像
2025-05-13 08:36:22 [INFO] 正在获取图像，尝试 7/1000 (已耗时: 3.2秒)
2025-05-13 08:36:22 [ERROR] 无法获取相机图像
2025-05-13 08:36:23 [INFO] 正在获取图像，尝试 8/1000 (已耗时: 3.7秒)
2025-05-13 08:36:23 [ERROR] 无法获取相机图像
2025-05-13 08:36:23 [INFO] 正在获取图像，尝试 9/1000 (已耗时: 4.3秒)
2025-05-13 08:36:24 [ERROR] 无法获取相机图像
2025-05-13 08:36:24 [INFO] 正在获取图像，尝试 10/1000 (已耗时: 4.8秒)
2025-05-13 08:36:24 [ERROR] 无法获取相机图像
2025-05-13 08:36:25 [INFO] 正在获取图像，尝试 11/1000 (已耗时: 5.3秒)
2025-05-13 08:36:25 [ERROR] 无法获取相机图像
2025-05-13 08:36:25 [INFO] 正在获取图像，尝试 12/1000 (已耗时: 5.9秒)
2025-05-13 08:36:25 [ERROR] 无法获取相机图像
2025-05-13 08:36:26 [INFO] 正在获取图像，尝试 13/1000 (已耗时: 6.4秒)
2025-05-13 08:36:26 [ERROR] 无法获取相机图像
2025-05-13 08:36:26 [INFO] 正在获取图像，尝试 14/1000 (已耗时: 6.9秒)
2025-05-13 08:36:26 [ERROR] 无法获取相机图像
2025-05-13 08:36:27 [INFO] 正在获取图像，尝试 15/1000 (已耗时: 7.5秒)
2025-05-13 08:36:27 [ERROR] 无法获取相机图像
2025-05-13 08:36:27 [INFO] 正在获取图像，尝试 16/1000 (已耗时: 8.0秒)
2025-05-13 08:36:27 [ERROR] 无法获取相机图像
2025-05-13 08:36:28 [INFO] 正在获取图像，尝试 17/1000 (已耗时: 8.5秒)
2025-05-13 08:36:28 [ERROR] 无法获取相机图像
2025-05-13 08:36:28 [INFO] 正在获取图像，尝试 18/1000 (已耗时: 9.1秒)
2025-05-13 08:36:28 [ERROR] 无法获取相机图像
2025-05-13 08:36:29 [INFO] 正在获取图像，尝试 19/1000 (已耗时: 9.6秒)
2025-05-13 08:36:29 [ERROR] 无法获取相机图像
2025-05-13 08:36:29 [INFO] 正在获取图像，尝试 20/1000 (已耗时: 10.1秒)
2025-05-13 08:36:29 [ERROR] 无法获取相机图像
2025-05-13 08:36:30 [INFO] 正在获取图像，尝试 21/1000 (已耗时: 10.6秒)
2025-05-13 08:36:30 [ERROR] 无法获取相机图像
2025-05-13 08:36:30 [INFO] 正在获取图像，尝试 22/1000 (已耗时: 11.2秒)
2025-05-13 08:36:30 [ERROR] 无法获取相机图像
2025-05-13 08:36:31 [INFO] 正在获取图像，尝试 23/1000 (已耗时: 11.7秒)
2025-05-13 08:36:31 [ERROR] 无法获取相机图像
2025-05-13 08:36:31 [INFO] 正在获取图像，尝试 24/1000 (已耗时: 12.3秒)
2025-05-13 08:36:31 [ERROR] 无法获取相机图像
2025-05-13 08:36:32 [INFO] 正在获取图像，尝试 25/1000 (已耗时: 12.8秒)
2025-05-13 08:36:32 [ERROR] 无法获取相机图像
2025-05-13 08:36:33 [INFO] 正在获取图像，尝试 26/1000 (已耗时: 13.3秒)
2025-05-13 08:36:33 [ERROR] 无法获取相机图像
2025-05-13 08:36:33 [INFO] 正在获取图像，尝试 27/1000 (已耗时: 13.9秒)
2025-05-13 08:36:33 [ERROR] 无法获取相机图像
2025-05-13 08:36:34 [INFO] 正在获取图像，尝试 28/1000 (已耗时: 14.4秒)
2025-05-13 08:36:34 [ERROR] 无法获取相机图像
2025-05-13 08:36:34 [INFO] 正在获取图像，尝试 29/1000 (已耗时: 14.9秒)
2025-05-13 08:36:34 [ERROR] 无法获取相机图像
2025-05-13 08:36:35 [INFO] 正在获取图像，尝试 30/1000 (已耗时: 15.5秒)
2025-05-13 08:36:35 [ERROR] 无法获取相机图像
2025-05-13 08:36:35 [INFO] 正在获取图像，尝试 31/1000 (已耗时: 16.0秒)
2025-05-13 08:36:35 [ERROR] 无法获取相机图像
2025-05-13 08:36:36 [INFO] 正在获取图像，尝试 32/1000 (已耗时: 16.5秒)
2025-05-13 08:36:36 [ERROR] 无法获取相机图像
2025-05-13 08:36:36 [INFO] 正在获取图像，尝试 33/1000 (已耗时: 17.1秒)
2025-05-13 08:36:36 [ERROR] 无法获取相机图像
2025-05-13 08:36:37 [INFO] 正在获取图像，尝试 34/1000 (已耗时: 17.6秒)
2025-05-13 08:36:37 [ERROR] 无法获取相机图像
2025-05-13 08:36:37 [INFO] 正在获取图像，尝试 35/1000 (已耗时: 18.1秒)
2025-05-13 08:36:37 [ERROR] 无法获取相机图像
2025-05-13 08:36:38 [INFO] 正在获取图像，尝试 36/1000 (已耗时: 18.6秒)
2025-05-13 08:36:38 [ERROR] 无法获取相机图像
2025-05-13 08:36:38 [INFO] 正在获取图像，尝试 37/1000 (已耗时: 19.2秒)
2025-05-13 08:36:38 [ERROR] 无法获取相机图像
2025-05-13 08:36:39 [INFO] 正在获取图像，尝试 38/1000 (已耗时: 19.7秒)
2025-05-13 08:36:39 [ERROR] 无法获取相机图像
2025-05-13 08:36:39 [INFO] 正在获取图像，尝试 39/1000 (已耗时: 20.2秒)
2025-05-13 08:36:39 [ERROR] 无法获取相机图像
2025-05-13 08:36:40 [INFO] 正在获取图像，尝试 40/1000 (已耗时: 20.8秒)
2025-05-13 08:36:40 [ERROR] 无法获取相机图像
2025-05-13 08:36:41 [INFO] 正在获取图像，尝试 41/1000 (已耗时: 21.3秒)
2025-05-13 08:36:41 [ERROR] 无法获取相机图像
2025-05-13 08:36:41 [INFO] 正在获取图像，尝试 42/1000 (已耗时: 21.8秒)
2025-05-13 08:36:41 [ERROR] 无法获取相机图像
2025-05-13 08:36:42 [INFO] 正在获取图像，尝试 43/1000 (已耗时: 22.4秒)
2025-05-13 08:36:42 [ERROR] 无法获取相机图像
2025-05-13 08:36:42 [INFO] 正在获取图像，尝试 44/1000 (已耗时: 22.9秒)
2025-05-13 08:36:42 [ERROR] 无法获取相机图像
2025-05-13 08:36:43 [INFO] 正在获取图像，尝试 45/1000 (已耗时: 23.5秒)
2025-05-13 08:36:43 [ERROR] 无法获取相机图像
2025-05-13 08:36:43 [INFO] 正在获取图像，尝试 46/1000 (已耗时: 24.0秒)
2025-05-13 08:36:43 [ERROR] 无法获取相机图像
2025-05-13 08:36:44 [INFO] 正在获取图像，尝试 47/1000 (已耗时: 24.5秒)
2025-05-13 08:36:44 [ERROR] 无法获取相机图像
2025-05-13 08:36:44 [INFO] 正在获取图像，尝试 48/1000 (已耗时: 25.0秒)
2025-05-13 08:36:44 [ERROR] 无法获取相机图像
2025-05-13 08:36:45 [INFO] 正在获取图像，尝试 49/1000 (已耗时: 25.6秒)
2025-05-13 08:36:45 [ERROR] 无法获取相机图像
2025-05-13 08:36:45 [INFO] 正在获取图像，尝试 50/1000 (已耗时: 26.1秒)
2025-05-13 08:36:45 [ERROR] 无法获取相机图像
2025-05-13 08:36:46 [INFO] 正在获取图像，尝试 51/1000 (已耗时: 26.6秒)
2025-05-13 08:36:46 [ERROR] 无法获取相机图像
2025-05-13 08:36:46 [INFO] 正在获取图像，尝试 52/1000 (已耗时: 27.2秒)
2025-05-13 08:36:50 [INFO] 图像质量: 模糊 拉普拉斯变异度低 (0.06 < 100) | Sobel梯度均值低 (0.08 < 20) | 边缘检测点少 (0.00% < 1.0%) | 高频能量正常 (97.34)
2025-05-13 08:36:50 [WARNING] 图像模糊，尝试重新获取 (第52次尝试)
2025-05-13 08:36:50 [ERROR] 获取清晰图像超时 (30秒)
2025-05-13 08:36:50 [WARNING] 返回超时前的最后一帧图像
2025-05-13 08:36:50 [INFO] 正在获取图像，尝试 1/1000 (已耗时: 0.0秒)
2025-05-13 08:36:54 [INFO] 图像质量: 模糊 拉普拉斯变异度低 (0.09 < 100) | Sobel梯度均值低 (0.10 < 20) | 边缘检测点少 (0.00% < 1.0%) | 高频能量正常 (100.47)
2025-05-13 08:36:54 [WARNING] 图像模糊，尝试重新获取 (第1次尝试)
2025-05-13 08:36:54 [INFO] 正在获取图像，尝试 2/1000 (已耗时: 3.9秒)
2025-05-13 08:36:58 [INFO] 图像质量: 模糊 拉普拉斯变异度低 (7.16 < 100) | Sobel梯度均值低 (0.95 < 20) | 边缘检测点少 (0.06% < 1.0%) | 高频能量正常 (144.68)
2025-05-13 08:36:58 [WARNING] 图像模糊，尝试重新获取 (第2次尝试)
2025-05-13 08:36:58 [INFO] 正在获取图像，尝试 3/1000 (已耗时: 7.8秒)
2025-05-13 08:37:02 [INFO] 图像质量: 模糊 拉普拉斯变异度低 (0.18 < 100) | Sobel梯度均值低 (0.27 < 20) | 边缘检测点少 (0.00% < 1.0%) | 高频能量正常 (108.16)
2025-05-13 08:37:02 [WARNING] 图像模糊，尝试重新获取 (第3次尝试)
2025-05-13 08:37:02 [INFO] 正在获取图像，尝试 4/1000 (已耗时: 11.7秒)
2025-05-13 08:37:05 [INFO] 图像质量: 模糊 拉普拉斯变异度低 (0.05 < 100) | Sobel梯度均值低 (0.07 < 20) | 边缘检测点少 (0.00% < 1.0%) | 高频能量正常 (94.74)
2025-05-13 08:37:05 [WARNING] 图像模糊，尝试重新获取 (第4次尝试)
2025-05-13 08:37:06 [INFO] 正在获取图像，尝试 5/1000 (已耗时: 15.6秒)
2025-05-13 08:37:09 [INFO] 图像质量: 模糊 拉普拉斯变异度低 (0.08 < 100) | Sobel梯度均值低 (0.12 < 20) | 边缘检测点少 (0.00% < 1.0%) | 高频能量正常 (101.53)
2025-05-13 08:37:09 [WARNING] 图像模糊，尝试重新获取 (第5次尝试)
2025-05-13 08:37:10 [INFO] 正在获取图像，尝试 6/1000 (已耗时: 19.5秒)
2025-05-13 08:37:13 [INFO] 图像质量: 清晰 拉普拉斯变异度正常 (375.41) | Sobel梯度均值正常 (36.16) | 边缘检测点正常 (3.14%) | 高频能量正常 (183.89)
2025-05-13 08:37:13 [INFO] 图像清晰度良好，可以进行检测
