2025-05-15 09:13:13 [INFO] 正在获取图像，尝试 1/10 (已耗时: 0.0秒)
2025-05-15 09:13:17 [INFO] 图像质量: 模糊 拉普拉斯变异度低 (0.04 < 100) | Sobel梯度均值低 (0.05 < 20) | 边缘检测点少 (0.00% < 1.0%) | 高频能量正常 (91.83)
2025-05-15 09:13:17 [WARNING] 图像模糊，尝试重新获取 (第1次尝试)
2025-05-15 09:13:19 [INFO] 正在获取图像，尝试 2/10 (已耗时: 5.9秒)
2025-05-15 09:13:23 [INFO] 图像质量: 模糊 拉普拉斯变异度低 (0.03 < 100) | Sobel梯度均值低 (0.04 < 20) | 边缘检测点少 (0.00% < 1.0%) | 高频能量正常 (88.42)
2025-05-15 09:13:23 [WARNING] 图像模糊，尝试重新获取 (第2次尝试)
2025-05-15 09:13:25 [INFO] 正在获取图像，尝试 3/10 (已耗时: 11.7秒)
2025-05-15 09:13:28 [INFO] 图像质量: 模糊 拉普拉斯变异度低 (0.02 < 100) | Sobel梯度均值低 (0.04 < 20) | 边缘检测点少 (0.00% < 1.0%) | 高频能量正常 (86.91)
2025-05-15 09:13:28 [WARNING] 图像模糊，尝试重新获取 (第3次尝试)
2025-05-15 09:13:30 [INFO] 正在获取图像，尝试 4/10 (已耗时: 17.2秒)
2025-05-15 09:13:34 [INFO] 图像质量: 模糊 拉普拉斯变异度低 (0.04 < 100) | Sobel梯度均值低 (0.06 < 20) | 边缘检测点少 (0.00% < 1.0%) | 高频能量正常 (91.32)
2025-05-15 09:13:34 [WARNING] 图像模糊，尝试重新获取 (第4次尝试)
2025-05-15 09:13:36 [INFO] 正在获取图像，尝试 5/10 (已耗时: 22.9秒)
2025-05-15 09:13:39 [INFO] 图像质量: 模糊 拉普拉斯变异度低 (0.06 < 100) | Sobel梯度均值低 (0.05 < 20) | 边缘检测点少 (0.00% < 1.0%) | 高频能量正常 (97.07)
2025-05-15 09:13:39 [WARNING] 图像模糊，尝试重新获取 (第5次尝试)
2025-05-15 09:13:41 [INFO] 正在获取图像，尝试 6/10 (已耗时: 28.4秒)
2025-05-15 09:13:45 [INFO] 图像质量: 清晰 拉普拉斯变异度正常 (274.77) | Sobel梯度均值正常 (31.64) | 边缘检测点正常 (2.76%) | 高频能量正常 (178.53)
2025-05-15 09:13:45 [INFO] 图像清晰度良好，可以进行检测
2025-05-15 09:14:10 [INFO] 正在获取图像，尝试 1/1000 (已耗时: 0.0秒)
2025-05-15 09:14:14 [INFO] 图像质量: 模糊 拉普拉斯变异度低 (0.06 < 100) | Sobel梯度均值低 (0.07 < 20) | 边缘检测点少 (0.00% < 1.0%) | 高频能量正常 (96.79)
2025-05-15 09:14:14 [WARNING] 图像模糊，尝试重新获取 (第1次尝试)
2025-05-15 09:14:14 [INFO] 正在获取图像，尝试 2/1000 (已耗时: 4.1秒)
2025-05-15 09:14:18 [INFO] 图像质量: 模糊 拉普拉斯变异度低 (0.04 < 100) | Sobel梯度均值低 (0.05 < 20) | 边缘检测点少 (0.00% < 1.0%) | 高频能量正常 (91.23)
2025-05-15 09:14:18 [WARNING] 图像模糊，尝试重新获取 (第2次尝试)
2025-05-15 09:14:18 [INFO] 正在获取图像，尝试 3/1000 (已耗时: 8.1秒)
2025-05-15 09:14:22 [INFO] 图像质量: 模糊 拉普拉斯变异度低 (0.03 < 100) | Sobel梯度均值低 (0.04 < 20) | 边缘检测点少 (0.00% < 1.0%) | 高频能量正常 (90.53)
2025-05-15 09:14:22 [WARNING] 图像模糊，尝试重新获取 (第3次尝试)
2025-05-15 09:14:22 [INFO] 正在获取图像，尝试 4/1000 (已耗时: 12.0秒)
