2025-05-08 14:43:16 [INFO] 正在获取图像，尝试 1/10 (已耗时: 0.0秒)
2025-05-08 14:43:20 [INFO] 图像质量: 模糊 拉普拉斯变异度低 (0.05 < 100) | Sobel梯度均值低 (0.01 < 20) | 边缘检测点少 (0.00% < 1.0%) | 高频能量正常 (94.33)
2025-05-08 14:43:20 [WARNING] 图像模糊，尝试重新获取 (第1次尝试)
2025-05-08 14:43:20 [INFO] 正在获取图像，尝试 2/10 (已耗时: 4.0秒)
2025-05-08 14:43:24 [INFO] 图像质量: 模糊 拉普拉斯变异度低 (0.88 < 100) | Sobel梯度均值低 (0.04 < 20) | 边缘检测点少 (0.00% < 1.0%) | 高频能量正常 (125.84)
2025-05-08 14:43:24 [WARNING] 图像模糊，尝试重新获取 (第2次尝试)
2025-05-08 14:43:24 [ERROR] 获取清晰图像超时 (5秒)
2025-05-08 14:43:24 [WARNING] 返回超时前的最后一帧图像
2025-05-08 14:43:25 [INFO] 正在获取图像，尝试 1/10 (已耗时: 0.0秒)
2025-05-08 14:43:28 [INFO] 图像质量: 模糊 拉普拉斯变异度低 (0.56 < 100) | Sobel梯度均值低 (0.04 < 20) | 边缘检测点少 (0.00% < 1.0%) | 高频能量正常 (121.70)
2025-05-08 14:43:28 [WARNING] 图像模糊，尝试重新获取 (第1次尝试)
2025-05-08 14:43:29 [INFO] 正在获取图像，尝试 2/10 (已耗时: 4.0秒)
2025-05-08 14:43:32 [INFO] 图像质量: 模糊 拉普拉斯变异度低 (0.30 < 100) | Sobel梯度均值低 (0.18 < 20) | 边缘检测点少 (0.00% < 1.0%) | 高频能量正常 (115.50)
2025-05-08 14:43:32 [WARNING] 图像模糊，尝试重新获取 (第2次尝试)
2025-05-08 14:43:33 [ERROR] 获取清晰图像超时 (5秒)
2025-05-08 14:43:33 [WARNING] 返回超时前的最后一帧图像
2025-05-08 14:43:34 [INFO] 正在获取图像，尝试 1/10 (已耗时: 0.0秒)
2025-05-08 14:43:38 [INFO] 图像质量: 模糊 拉普拉斯变异度低 (1.20 < 100) | Sobel梯度均值低 (0.10 < 20) | 边缘检测点少 (0.01% < 1.0%) | 高频能量正常 (127.92)
2025-05-08 14:43:38 [WARNING] 图像模糊，尝试重新获取 (第1次尝试)
2025-05-08 14:43:38 [INFO] 正在获取图像，尝试 2/10 (已耗时: 4.1秒)
2025-05-08 14:43:42 [INFO] 图像质量: 模糊 拉普拉斯变异度低 (0.02 < 100) | Sobel梯度均值低 (0.02 < 20) | 边缘检测点少 (0.00% < 1.0%) | 高频能量正常 (78.61)
2025-05-08 14:43:42 [WARNING] 图像模糊，尝试重新获取 (第2次尝试)
2025-05-08 14:43:42 [ERROR] 获取清晰图像超时 (5秒)
2025-05-08 14:43:42 [WARNING] 返回超时前的最后一帧图像
2025-05-08 14:43:43 [INFO] 正在获取图像，尝试 1/10 (已耗时: 0.0秒)
2025-05-08 14:43:47 [INFO] 图像质量: 模糊 拉普拉斯变异度低 (0.03 < 100) | Sobel梯度均值低 (0.02 < 20) | 边缘检测点少 (0.00% < 1.0%) | 高频能量正常 (86.75)
2025-05-08 14:43:47 [WARNING] 图像模糊，尝试重新获取 (第1次尝试)
2025-05-08 14:43:47 [INFO] 正在获取图像，尝试 2/10 (已耗时: 3.9秒)
2025-05-08 14:43:51 [INFO] 图像质量: 模糊 拉普拉斯变异度低 (0.02 < 100) | Sobel梯度均值低 (0.01 < 20) | 边缘检测点少 (0.00% < 1.0%) | 高频能量正常 (79.66)
2025-05-08 14:43:51 [WARNING] 图像模糊，尝试重新获取 (第2次尝试)
2025-05-08 14:43:51 [ERROR] 获取清晰图像超时 (5秒)
2025-05-08 14:43:51 [WARNING] 返回超时前的最后一帧图像
2025-05-08 14:43:52 [INFO] 正在获取图像，尝试 1/10 (已耗时: 0.0秒)
2025-05-08 14:43:56 [INFO] 图像质量: 模糊 拉普拉斯变异度低 (0.06 < 100) | Sobel梯度均值低 (0.01 < 20) | 边缘检测点少 (0.00% < 1.0%) | 高频能量正常 (98.29)
2025-05-08 14:43:56 [WARNING] 图像模糊，尝试重新获取 (第1次尝试)
2025-05-08 14:43:56 [INFO] 正在获取图像，尝试 2/10 (已耗时: 4.0秒)
2025-05-08 14:44:00 [INFO] 图像质量: 模糊 拉普拉斯变异度低 (0.03 < 100) | Sobel梯度均值低 (0.02 < 20) | 边缘检测点少 (0.00% < 1.0%) | 高频能量正常 (88.18)
2025-05-08 14:44:00 [WARNING] 图像模糊，尝试重新获取 (第2次尝试)
2025-05-08 14:44:00 [ERROR] 获取清晰图像超时 (5秒)
2025-05-08 14:44:00 [WARNING] 返回超时前的最后一帧图像
2025-05-08 14:44:01 [INFO] 正在获取图像，尝试 1/10 (已耗时: 0.0秒)
2025-05-08 14:44:06 [INFO] 图像质量: 模糊 拉普拉斯变异度低 (0.02 < 100) | Sobel梯度均值低 (0.02 < 20) | 边缘检测点少 (0.00% < 1.0%) | 高频能量正常 (79.98)
2025-05-08 14:44:06 [WARNING] 图像模糊，尝试重新获取 (第1次尝试)
2025-05-08 14:44:07 [ERROR] 获取清晰图像超时 (5秒)
2025-05-08 14:44:07 [WARNING] 返回超时前的最后一帧图像
2025-05-08 14:44:08 [INFO] 正在获取图像，尝试 1/10 (已耗时: 0.0秒)
2025-05-08 14:44:12 [INFO] 图像质量: 模糊 拉普拉斯变异度低 (0.02 < 100) | Sobel梯度均值低 (0.01 < 20) | 边缘检测点少 (0.00% < 1.0%) | 高频能量正常 (79.68)
2025-05-08 14:44:12 [WARNING] 图像模糊，尝试重新获取 (第1次尝试)
2025-05-08 14:44:12 [INFO] 正在获取图像，尝试 2/10 (已耗时: 4.2秒)
2025-05-08 14:44:16 [INFO] 图像质量: 模糊 拉普拉斯变异度低 (0.01 < 100) | Sobel梯度均值低 (0.01 < 20) | 边缘检测点少 (0.00% < 1.0%) | 高频能量正常 (77.71)
2025-05-08 14:44:16 [WARNING] 图像模糊，尝试重新获取 (第2次尝试)
2025-05-08 14:44:16 [ERROR] 获取清晰图像超时 (5秒)
2025-05-08 14:44:16 [WARNING] 返回超时前的最后一帧图像
2025-05-08 14:44:17 [INFO] 正在获取图像，尝试 1/10 (已耗时: 0.0秒)
2025-05-08 14:44:21 [INFO] 图像质量: 模糊 拉普拉斯变异度低 (39.05 < 100) | Sobel梯度均值低 (5.98 < 20) | 边缘检测点少 (0.68% < 1.0%) | 高频能量正常 (152.95)
2025-05-08 14:44:21 [WARNING] 图像模糊，尝试重新获取 (第1次尝试)
2025-05-08 14:44:22 [INFO] 正在获取图像，尝试 2/10 (已耗时: 4.2秒)
2025-05-08 14:44:25 [INFO] 图像质量: 模糊 拉普拉斯变异度低 (13.04 < 100) | Sobel梯度均值低 (4.98 < 20) | 边缘检测点少 (0.36% < 1.0%) | 高频能量正常 (144.41)
2025-05-08 14:44:25 [WARNING] 图像模糊，尝试重新获取 (第2次尝试)
2025-05-08 14:44:26 [ERROR] 获取清晰图像超时 (5秒)
2025-05-08 14:44:26 [WARNING] 返回超时前的最后一帧图像
2025-05-08 14:44:27 [INFO] 正在获取图像，尝试 1/10 (已耗时: 0.0秒)
2025-05-08 14:44:31 [INFO] 图像质量: 模糊 拉普拉斯变异度低 (53.33 < 100) | Sobel梯度均值低 (6.29 < 20) | 边缘检测点少 (0.62% < 1.0%) | 高频能量正常 (150.37)
2025-05-08 14:44:31 [WARNING] 图像模糊，尝试重新获取 (第1次尝试)
2025-05-08 14:44:32 [INFO] 正在获取图像，尝试 2/10 (已耗时: 4.2秒)
2025-05-08 14:44:35 [INFO] 图像质量: 模糊 拉普拉斯变异度低 (9.52 < 100) | Sobel梯度均值低 (0.92 < 20) | 边缘检测点少 (0.08% < 1.0%) | 高频能量正常 (136.27)
2025-05-08 14:44:35 [WARNING] 图像模糊，尝试重新获取 (第2次尝试)
2025-05-08 14:44:36 [ERROR] 获取清晰图像超时 (5秒)
2025-05-08 14:44:36 [WARNING] 返回超时前的最后一帧图像
2025-05-08 14:44:37 [INFO] 正在获取图像，尝试 1/10 (已耗时: 0.0秒)
2025-05-08 14:44:41 [INFO] 图像质量: 模糊 拉普拉斯变异度低 (0.01 < 100) | Sobel梯度均值低 (0.01 < 20) | 边缘检测点少 (0.00% < 1.0%) | 高频能量正常 (64.08)
2025-05-08 14:44:41 [WARNING] 图像模糊，尝试重新获取 (第1次尝试)
2025-05-08 14:44:41 [INFO] 正在获取图像，尝试 2/10 (已耗时: 4.2秒)
2025-05-08 14:44:45 [INFO] 图像质量: 模糊 拉普拉斯变异度低 (0.01 < 100) | Sobel梯度均值低 (0.01 < 20) | 边缘检测点少 (0.00% < 1.0%) | 高频能量正常 (77.59)
2025-05-08 14:44:45 [WARNING] 图像模糊，尝试重新获取 (第2次尝试)
2025-05-08 14:44:45 [ERROR] 获取清晰图像超时 (5秒)
2025-05-08 14:44:45 [WARNING] 返回超时前的最后一帧图像
2025-05-08 14:44:47 [INFO] 正在获取图像，尝试 1/10 (已耗时: 0.0秒)
2025-05-08 14:44:50 [INFO] 图像质量: 模糊 拉普拉斯变异度低 (0.08 < 100) | Sobel梯度均值低 (0.05 < 20) | 边缘检测点少 (0.00% < 1.0%) | 高频能量正常 (101.07)
2025-05-08 14:44:50 [WARNING] 图像模糊，尝试重新获取 (第1次尝试)
2025-05-08 14:44:51 [INFO] 正在获取图像，尝试 2/10 (已耗时: 4.3秒)
2025-05-08 14:44:54 [INFO] 图像质量: 模糊 拉普拉斯变异度低 (0.01 < 100) | Sobel梯度均值低 (0.02 < 20) | 边缘检测点少 (0.00% < 1.0%) | 高频能量正常 (81.58)
2025-05-08 14:44:54 [WARNING] 图像模糊，尝试重新获取 (第2次尝试)
2025-05-08 14:44:55 [ERROR] 获取清晰图像超时 (5秒)
2025-05-08 14:44:55 [WARNING] 返回超时前的最后一帧图像
2025-05-08 14:44:56 [INFO] 正在获取图像，尝试 1/10 (已耗时: 0.0秒)
2025-05-08 14:45:00 [INFO] 图像质量: 模糊 拉普拉斯变异度低 (0.07 < 100) | Sobel梯度均值低 (0.01 < 20) | 边缘检测点少 (0.00% < 1.0%) | 高频能量正常 (98.39)
2025-05-08 14:45:00 [WARNING] 图像模糊，尝试重新获取 (第1次尝试)
2025-05-08 14:45:00 [INFO] 正在获取图像，尝试 2/10 (已耗时: 4.0秒)
2025-05-08 14:45:04 [INFO] 图像质量: 模糊 拉普拉斯变异度低 (0.03 < 100) | Sobel梯度均值低 (0.02 < 20) | 边缘检测点少 (0.00% < 1.0%) | 高频能量正常 (81.49)
2025-05-08 14:45:04 [WARNING] 图像模糊，尝试重新获取 (第2次尝试)
2025-05-08 14:45:04 [ERROR] 获取清晰图像超时 (5秒)
2025-05-08 14:45:04 [WARNING] 返回超时前的最后一帧图像
2025-05-08 14:45:06 [INFO] 正在获取图像，尝试 1/10 (已耗时: 0.0秒)
2025-05-08 14:45:09 [INFO] 图像质量: 模糊 拉普拉斯变异度低 (0.14 < 100) | Sobel梯度均值低 (0.08 < 20) | 边缘检测点少 (0.00% < 1.0%) | 高频能量正常 (99.52)
2025-05-08 14:45:09 [WARNING] 图像模糊，尝试重新获取 (第1次尝试)
2025-05-08 14:45:10 [INFO] 正在获取图像，尝试 2/10 (已耗时: 4.2秒)
2025-05-08 14:45:14 [INFO] 图像质量: 模糊 拉普拉斯变异度低 (53.79 < 100) | Sobel梯度均值低 (7.43 < 20) | 边缘检测点少 (0.79% < 1.0%) | 高频能量正常 (153.94)
2025-05-08 14:45:14 [WARNING] 图像模糊，尝试重新获取 (第2次尝试)
2025-05-08 14:45:14 [ERROR] 获取清晰图像超时 (5秒)
2025-05-08 14:45:14 [WARNING] 返回超时前的最后一帧图像
2025-05-08 14:45:16 [INFO] 正在获取图像，尝试 1/10 (已耗时: 0.0秒)
2025-05-08 14:45:20 [INFO] 图像质量: 模糊 拉普拉斯变异度低 (0.15 < 100) | Sobel梯度均值低 (0.10 < 20) | 边缘检测点少 (0.00% < 1.0%) | 高频能量正常 (100.72)
2025-05-08 14:45:20 [WARNING] 图像模糊，尝试重新获取 (第1次尝试)
2025-05-08 14:45:20 [INFO] 正在获取图像，尝试 2/10 (已耗时: 4.5秒)
2025-05-08 14:45:25 [INFO] 图像质量: 模糊 拉普拉斯变异度低 (1.65 < 100) | Sobel梯度均值低 (0.32 < 20) | 边缘检测点少 (0.01% < 1.0%) | 高频能量正常 (127.14)
2025-05-08 14:45:25 [WARNING] 图像模糊，尝试重新获取 (第2次尝试)
2025-05-08 14:45:26 [ERROR] 获取清晰图像超时 (5秒)
2025-05-08 14:45:26 [WARNING] 返回超时前的最后一帧图像
2025-05-08 14:45:27 [INFO] 正在获取图像，尝试 1/10 (已耗时: 0.0秒)
2025-05-08 14:45:31 [INFO] 图像质量: 模糊 拉普拉斯变异度低 (0.42 < 100) | Sobel梯度均值低 (0.04 < 20) | 边缘检测点少 (0.00% < 1.0%) | 高频能量正常 (115.03)
2025-05-08 14:45:31 [WARNING] 图像模糊，尝试重新获取 (第1次尝试)
2025-05-08 14:45:31 [INFO] 正在获取图像，尝试 2/10 (已耗时: 4.3秒)
2025-05-08 14:45:35 [INFO] 图像质量: 模糊 拉普拉斯变异度低 (0.04 < 100) | Sobel梯度均值低 (0.03 < 20) | 边缘检测点少 (0.00% < 1.0%) | 高频能量正常 (93.00)
2025-05-08 14:45:35 [WARNING] 图像模糊，尝试重新获取 (第2次尝试)
2025-05-08 14:45:36 [ERROR] 获取清晰图像超时 (5秒)
2025-05-08 14:45:36 [WARNING] 返回超时前的最后一帧图像
2025-05-08 14:45:37 [INFO] 正在获取图像，尝试 1/10 (已耗时: 0.0秒)
2025-05-08 14:45:41 [INFO] 图像质量: 模糊 拉普拉斯变异度低 (0.01 < 100) | Sobel梯度均值低 (0.01 < 20) | 边缘检测点少 (0.00% < 1.0%) | 高频能量正常 (81.41)
2025-05-08 14:45:41 [WARNING] 图像模糊，尝试重新获取 (第1次尝试)
2025-05-08 14:45:41 [INFO] 正在获取图像，尝试 2/10 (已耗时: 4.8秒)
2025-05-08 14:45:45 [INFO] 图像质量: 模糊 拉普拉斯变异度低 (0.27 < 100) | Sobel梯度均值低 (0.21 < 20) | 边缘检测点少 (0.00% < 1.0%) | 高频能量正常 (111.46)
2025-05-08 14:45:45 [WARNING] 图像模糊，尝试重新获取 (第2次尝试)
2025-05-08 14:45:46 [ERROR] 获取清晰图像超时 (5秒)
2025-05-08 14:45:46 [WARNING] 返回超时前的最后一帧图像
2025-05-08 14:45:47 [INFO] 正在获取图像，尝试 1/10 (已耗时: 0.0秒)
2025-05-08 14:45:51 [INFO] 图像质量: 模糊 拉普拉斯变异度低 (0.01 < 100) | Sobel梯度均值低 (0.02 < 20) | 边缘检测点少 (0.00% < 1.0%) | 高频能量正常 (80.94)
2025-05-08 14:45:51 [WARNING] 图像模糊，尝试重新获取 (第1次尝试)
2025-05-08 14:45:51 [INFO] 正在获取图像，尝试 2/10 (已耗时: 4.2秒)
2025-05-08 14:45:55 [INFO] 图像质量: 模糊 拉普拉斯变异度低 (0.08 < 100) | Sobel梯度均值低 (0.06 < 20) | 边缘检测点少 (0.00% < 1.0%) | 高频能量正常 (101.33)
2025-05-08 14:45:55 [WARNING] 图像模糊，尝试重新获取 (第2次尝试)
2025-05-08 14:45:55 [ERROR] 获取清晰图像超时 (5秒)
2025-05-08 14:45:55 [WARNING] 返回超时前的最后一帧图像
2025-05-08 14:45:57 [INFO] 正在获取图像，尝试 1/10 (已耗时: 0.0秒)
2025-05-08 14:46:01 [INFO] 图像质量: 模糊 拉普拉斯变异度低 (28.82 < 100) | Sobel梯度均值低 (5.74 < 20) | 边缘检测点少 (0.61% < 1.0%) | 高频能量正常 (152.44)
2025-05-08 14:46:01 [WARNING] 图像模糊，尝试重新获取 (第1次尝试)
2025-05-08 14:46:01 [INFO] 正在获取图像，尝试 2/10 (已耗时: 4.5秒)
2025-05-08 14:46:05 [INFO] 图像质量: 模糊 拉普拉斯变异度低 (41.81 < 100) | Sobel梯度均值低 (8.96 < 20) | 边缘检测点少 (0.60% < 1.0%) | 高频能量正常 (147.45)
2025-05-08 14:46:05 [WARNING] 图像模糊，尝试重新获取 (第2次尝试)
2025-05-08 14:46:05 [ERROR] 获取清晰图像超时 (5秒)
2025-05-08 14:46:05 [WARNING] 返回超时前的最后一帧图像
2025-05-08 14:46:07 [INFO] 正在获取图像，尝试 1/10 (已耗时: 0.0秒)
2025-05-08 14:46:11 [INFO] 图像质量: 模糊 拉普拉斯变异度低 (0.65 < 100) | Sobel梯度均值低 (0.57 < 20) | 边缘检测点少 (0.00% < 1.0%) | 高频能量正常 (119.87)
2025-05-08 14:46:11 [WARNING] 图像模糊，尝试重新获取 (第1次尝试)
2025-05-08 14:46:12 [INFO] 正在获取图像，尝试 2/10 (已耗时: 4.3秒)
2025-05-08 14:46:15 [INFO] 图像质量: 模糊 拉普拉斯变异度低 (0.57 < 100) | Sobel梯度均值低 (0.47 < 20) | 边缘检测点少 (0.00% < 1.0%) | 高频能量正常 (117.47)
2025-05-08 14:46:15 [WARNING] 图像模糊，尝试重新获取 (第2次尝试)
2025-05-08 14:46:16 [ERROR] 获取清晰图像超时 (5秒)
2025-05-08 14:46:16 [WARNING] 返回超时前的最后一帧图像
2025-05-08 14:46:18 [INFO] 正在获取图像，尝试 1/10 (已耗时: 0.0秒)
2025-05-08 14:46:21 [INFO] 图像质量: 模糊 拉普拉斯变异度低 (0.01 < 100) | Sobel梯度均值低 (0.02 < 20) | 边缘检测点少 (0.00% < 1.0%) | 高频能量正常 (77.20)
2025-05-08 14:46:21 [WARNING] 图像模糊，尝试重新获取 (第1次尝试)
2025-05-08 14:46:22 [INFO] 正在获取图像，尝试 2/10 (已耗时: 4.2秒)
2025-05-08 14:46:25 [INFO] 图像质量: 模糊 拉普拉斯变异度低 (0.02 < 100) | Sobel梯度均值低 (0.04 < 20) | 边缘检测点少 (0.00% < 1.0%) | 高频能量正常 (84.18)
2025-05-08 14:46:25 [WARNING] 图像模糊，尝试重新获取 (第2次尝试)
2025-05-08 14:46:26 [ERROR] 获取清晰图像超时 (5秒)
2025-05-08 14:46:26 [WARNING] 返回超时前的最后一帧图像
2025-05-08 14:46:27 [INFO] 正在获取图像，尝试 1/10 (已耗时: 0.0秒)
2025-05-08 14:46:31 [INFO] 图像质量: 模糊 拉普拉斯变异度低 (1.29 < 100) | Sobel梯度均值低 (1.15 < 20) | 边缘检测点少 (0.00% < 1.0%) | 高频能量正常 (128.99)
2025-05-08 14:46:31 [WARNING] 图像模糊，尝试重新获取 (第1次尝试)
2025-05-08 14:46:32 [INFO] 正在获取图像，尝试 2/10 (已耗时: 4.4秒)
2025-05-08 14:46:35 [INFO] 图像质量: 模糊 拉普拉斯变异度低 (0.02 < 100) | Sobel梯度均值低 (0.05 < 20) | 边缘检测点少 (0.00% < 1.0%) | 高频能量正常 (85.04)
2025-05-08 14:46:35 [WARNING] 图像模糊，尝试重新获取 (第2次尝试)
2025-05-08 14:46:36 [ERROR] 获取清晰图像超时 (5秒)
2025-05-08 14:46:36 [WARNING] 返回超时前的最后一帧图像
2025-05-08 14:46:37 [INFO] 正在获取图像，尝试 1/10 (已耗时: 0.0秒)
2025-05-08 14:46:41 [INFO] 图像质量: 模糊 拉普拉斯变异度低 (0.45 < 100) | Sobel梯度均值低 (0.14 < 20) | 边缘检测点少 (0.00% < 1.0%) | 高频能量正常 (114.55)
2025-05-08 14:46:41 [WARNING] 图像模糊，尝试重新获取 (第1次尝试)
2025-05-08 14:46:41 [INFO] 正在获取图像，尝试 2/10 (已耗时: 4.3秒)
2025-05-08 14:46:45 [INFO] 图像质量: 模糊 拉普拉斯变异度低 (0.06 < 100) | Sobel梯度均值低 (0.11 < 20) | 边缘检测点少 (0.00% < 1.0%) | 高频能量正常 (96.63)
2025-05-08 14:46:45 [WARNING] 图像模糊，尝试重新获取 (第2次尝试)
2025-05-08 14:46:45 [ERROR] 获取清晰图像超时 (5秒)
2025-05-08 14:46:45 [WARNING] 返回超时前的最后一帧图像
2025-05-08 14:46:47 [INFO] 正在获取图像，尝试 1/10 (已耗时: 0.0秒)
2025-05-08 14:46:51 [INFO] 图像质量: 模糊 拉普拉斯变异度低 (0.05 < 100) | Sobel梯度均值低 (0.09 < 20) | 边缘检测点少 (0.00% < 1.0%) | 高频能量正常 (95.00)
2025-05-08 14:46:51 [WARNING] 图像模糊，尝试重新获取 (第1次尝试)
2025-05-08 14:46:51 [INFO] 正在获取图像，尝试 2/10 (已耗时: 4.1秒)
2025-05-08 14:46:55 [INFO] 图像质量: 模糊 拉普拉斯变异度低 (0.12 < 100) | Sobel梯度均值低 (0.11 < 20) | 边缘检测点少 (0.00% < 1.0%) | 高频能量正常 (103.36)
2025-05-08 14:46:55 [WARNING] 图像模糊，尝试重新获取 (第2次尝试)
2025-05-08 14:46:55 [ERROR] 获取清晰图像超时 (5秒)
2025-05-08 14:46:55 [WARNING] 返回超时前的最后一帧图像
2025-05-08 14:46:57 [INFO] 正在获取图像，尝试 1/10 (已耗时: 0.0秒)
2025-05-08 14:47:00 [INFO] 图像质量: 模糊 拉普拉斯变异度低 (0.12 < 100) | Sobel梯度均值低 (0.18 < 20) | 边缘检测点少 (0.00% < 1.0%) | 高频能量正常 (105.26)
2025-05-08 14:47:00 [WARNING] 图像模糊，尝试重新获取 (第1次尝试)
2025-05-08 14:47:01 [INFO] 正在获取图像，尝试 2/10 (已耗时: 4.2秒)
2025-05-08 14:47:05 [INFO] 图像质量: 模糊 拉普拉斯变异度低 (14.60 < 100) | Sobel梯度均值低 (4.06 < 20) | 边缘检测点少 (0.23% < 1.0%) | 高频能量正常 (147.39)
2025-05-08 14:47:05 [WARNING] 图像模糊，尝试重新获取 (第2次尝试)
2025-05-08 14:47:05 [ERROR] 获取清晰图像超时 (5秒)
2025-05-08 14:47:05 [WARNING] 返回超时前的最后一帧图像
2025-05-08 14:47:07 [INFO] 正在获取图像，尝试 1/10 (已耗时: 0.0秒)
2025-05-08 14:47:11 [INFO] 图像质量: 模糊 拉普拉斯变异度低 (0.27 < 100) | Sobel梯度均值低 (0.08 < 20) | 边缘检测点少 (0.00% < 1.0%) | 高频能量正常 (113.87)
2025-05-08 14:47:11 [WARNING] 图像模糊，尝试重新获取 (第1次尝试)
2025-05-08 14:47:11 [INFO] 正在获取图像，尝试 2/10 (已耗时: 4.2秒)
2025-05-08 14:47:15 [INFO] 图像质量: 模糊 拉普拉斯变异度低 (0.03 < 100) | Sobel梯度均值低 (0.04 < 20) | 边缘检测点少 (0.00% < 1.0%) | 高频能量正常 (92.83)
2025-05-08 14:47:15 [WARNING] 图像模糊，尝试重新获取 (第2次尝试)
2025-05-08 14:47:15 [ERROR] 获取清晰图像超时 (5秒)
2025-05-08 14:47:15 [WARNING] 返回超时前的最后一帧图像
2025-05-08 14:47:16 [INFO] 正在获取图像，尝试 1/10 (已耗时: 0.0秒)
2025-05-08 14:47:20 [INFO] 图像质量: 清晰 拉普拉斯变异度正常 (194.53) | Sobel梯度均值正常 (24.97) | 边缘检测点正常 (1.63%) | 高频能量正常 (170.13)
2025-05-08 14:47:20 [INFO] 图像清晰度良好，可以进行检测
2025-05-08 14:47:25 [INFO] 正在获取图像，尝试 1/10 (已耗时: 0.0秒)
2025-05-08 14:47:29 [INFO] 图像质量: 模糊 拉普拉斯变异度低 (0.04 < 100) | Sobel梯度均值低 (0.04 < 20) | 边缘检测点少 (0.00% < 1.0%) | 高频能量正常 (93.68)
2025-05-08 14:47:29 [WARNING] 图像模糊，尝试重新获取 (第1次尝试)
2025-05-08 14:47:29 [INFO] 正在获取图像，尝试 2/10 (已耗时: 4.2秒)
2025-05-08 14:47:33 [INFO] 图像质量: 模糊 拉普拉斯变异度低 (0.01 < 100) | Sobel梯度均值低 (0.02 < 20) | 边缘检测点少 (0.00% < 1.0%) | 高频能量正常 (83.13)
2025-05-08 14:47:33 [WARNING] 图像模糊，尝试重新获取 (第2次尝试)
2025-05-08 14:47:33 [ERROR] 获取清晰图像超时 (5秒)
2025-05-08 14:47:33 [WARNING] 返回超时前的最后一帧图像
2025-05-08 14:47:35 [INFO] 正在获取图像，尝试 1/10 (已耗时: 0.0秒)
2025-05-08 14:47:38 [INFO] 图像质量: 模糊 拉普拉斯变异度低 (0.06 < 100) | Sobel梯度均值低 (0.06 < 20) | 边缘检测点少 (0.00% < 1.0%) | 高频能量正常 (93.95)
2025-05-08 14:47:38 [WARNING] 图像模糊，尝试重新获取 (第1次尝试)
2025-05-08 14:47:39 [INFO] 正在获取图像，尝试 2/10 (已耗时: 4.2秒)
2025-05-08 14:47:42 [INFO] 图像质量: 模糊 拉普拉斯变异度低 (0.05 < 100) | Sobel梯度均值低 (0.06 < 20) | 边缘检测点少 (0.00% < 1.0%) | 高频能量正常 (96.30)
2025-05-08 14:47:42 [WARNING] 图像模糊，尝试重新获取 (第2次尝试)
2025-05-08 14:47:43 [ERROR] 获取清晰图像超时 (5秒)
2025-05-08 14:47:43 [WARNING] 返回超时前的最后一帧图像
2025-05-08 14:47:44 [INFO] 正在获取图像，尝试 1/10 (已耗时: 0.0秒)
2025-05-08 14:47:48 [INFO] 图像质量: 模糊 拉普拉斯变异度低 (0.02 < 100) | Sobel梯度均值低 (0.03 < 20) | 边缘检测点少 (0.00% < 1.0%) | 高频能量正常 (87.10)
2025-05-08 14:47:48 [WARNING] 图像模糊，尝试重新获取 (第1次尝试)
2025-05-08 14:47:48 [INFO] 正在获取图像，尝试 2/10 (已耗时: 4.2秒)
2025-05-08 14:47:52 [INFO] 图像质量: 清晰 拉普拉斯变异度正常 (196.34) | Sobel梯度均值正常 (24.99) | 边缘检测点正常 (1.62%) | 高频能量正常 (170.35)
2025-05-08 14:47:52 [INFO] 图像清晰度良好，可以进行检测
2025-05-08 14:47:57 [INFO] 正在获取图像，尝试 1/10 (已耗时: 0.0秒)
2025-05-08 14:48:01 [INFO] 图像质量: 模糊 拉普拉斯变异度低 (0.46 < 100) | Sobel梯度均值低 (0.07 < 20) | 边缘检测点少 (0.00% < 1.0%) | 高频能量正常 (116.46)
2025-05-08 14:48:01 [WARNING] 图像模糊，尝试重新获取 (第1次尝试)
2025-05-08 14:48:01 [INFO] 正在获取图像，尝试 2/10 (已耗时: 4.1秒)
2025-05-08 14:48:05 [INFO] 图像质量: 模糊 拉普拉斯变异度低 (0.06 < 100) | Sobel梯度均值低 (0.05 < 20) | 边缘检测点少 (0.00% < 1.0%) | 高频能量正常 (94.74)
2025-05-08 14:48:05 [WARNING] 图像模糊，尝试重新获取 (第2次尝试)
2025-05-08 14:48:05 [ERROR] 获取清晰图像超时 (5秒)
2025-05-08 14:48:05 [WARNING] 返回超时前的最后一帧图像
2025-05-08 14:48:07 [INFO] 正在获取图像，尝试 1/10 (已耗时: 0.0秒)
2025-05-08 14:48:10 [INFO] 图像质量: 模糊 拉普拉斯变异度低 (0.06 < 100) | Sobel梯度均值低 (0.06 < 20) | 边缘检测点少 (0.00% < 1.0%) | 高频能量正常 (95.14)
2025-05-08 14:48:10 [WARNING] 图像模糊，尝试重新获取 (第1次尝试)
2025-05-08 14:48:11 [INFO] 正在获取图像，尝试 2/10 (已耗时: 4.2秒)
2025-05-08 14:48:15 [INFO] 图像质量: 模糊 拉普拉斯变异度低 (0.04 < 100) | Sobel梯度均值低 (0.05 < 20) | 边缘检测点少 (0.00% < 1.0%) | 高频能量正常 (91.62)
2025-05-08 14:48:15 [WARNING] 图像模糊，尝试重新获取 (第2次尝试)
2025-05-08 14:48:15 [ERROR] 获取清晰图像超时 (5秒)
2025-05-08 14:48:15 [WARNING] 返回超时前的最后一帧图像
2025-05-08 14:48:16 [INFO] 正在获取图像，尝试 1/10 (已耗时: 0.0秒)
2025-05-08 14:48:20 [INFO] 图像质量: 模糊 拉普拉斯变异度低 (0.01 < 100) | Sobel梯度均值低 (0.02 < 20) | 边缘检测点少 (0.00% < 1.0%) | 高频能量正常 (75.23)
2025-05-08 14:48:20 [WARNING] 图像模糊，尝试重新获取 (第1次尝试)
