2025-05-09 20:35:21 [INFO] 正在获取图像，尝试 1/30 (已耗时: 0.0秒)
2025-05-09 20:35:24 [INFO] 图像质量: 模糊 拉普拉斯变异度低 (0.06 < 100) | Sobel梯度均值低 (0.09 < 20) | 边缘检测点少 (0.00% < 1.0%) | 高频能量正常 (96.98)
2025-05-09 20:35:24 [WARNING] 图像模糊，尝试重新获取 (第1次尝试)
2025-05-09 20:35:25 [INFO] 正在获取图像，尝试 2/30 (已耗时: 4.0秒)
2025-05-09 20:35:28 [INFO] 图像质量: 模糊 拉普拉斯变异度低 (0.04 < 100) | Sobel梯度均值低 (0.08 < 20) | 边缘检测点少 (0.00% < 1.0%) | 高频能量正常 (93.98)
2025-05-09 20:35:28 [WARNING] 图像模糊，尝试重新获取 (第2次尝试)
2025-05-09 20:35:29 [INFO] 正在获取图像，尝试 3/30 (已耗时: 8.0秒)
2025-05-09 20:35:32 [INFO] 图像质量: 模糊 拉普拉斯变异度低 (0.06 < 100) | Sobel梯度均值低 (0.11 < 20) | 边缘检测点少 (0.00% < 1.0%) | 高频能量正常 (97.63)
2025-05-09 20:35:32 [WARNING] 图像模糊，尝试重新获取 (第3次尝试)
2025-05-09 20:35:33 [INFO] 正在获取图像，尝试 4/30 (已耗时: 11.9秒)
2025-05-09 20:35:36 [INFO] 图像质量: 模糊 拉普拉斯变异度低 (0.04 < 100) | Sobel梯度均值低 (0.08 < 20) | 边缘检测点少 (0.00% < 1.0%) | 高频能量正常 (94.05)
2025-05-09 20:35:36 [WARNING] 图像模糊，尝试重新获取 (第4次尝试)
2025-05-09 20:35:37 [INFO] 正在获取图像，尝试 5/30 (已耗时: 16.0秒)
2025-05-09 20:35:40 [INFO] 图像质量: 模糊 拉普拉斯变异度低 (0.04 < 100) | Sobel梯度均值低 (0.09 < 20) | 边缘检测点少 (0.00% < 1.0%) | 高频能量正常 (95.18)
2025-05-09 20:35:40 [WARNING] 图像模糊，尝试重新获取 (第5次尝试)
2025-05-09 20:35:41 [INFO] 正在获取图像，尝试 6/30 (已耗时: 20.0秒)
2025-05-09 20:35:44 [INFO] 图像质量: 模糊 拉普拉斯变异度低 (0.05 < 100) | Sobel梯度均值低 (0.08 < 20) | 边缘检测点少 (0.00% < 1.0%) | 高频能量正常 (96.42)
2025-05-09 20:35:44 [WARNING] 图像模糊，尝试重新获取 (第6次尝试)
2025-05-09 20:35:45 [INFO] 正在获取图像，尝试 7/30 (已耗时: 24.0秒)
2025-05-09 20:35:48 [INFO] 图像质量: 模糊 拉普拉斯变异度低 (0.04 < 100) | Sobel梯度均值低 (0.07 < 20) | 边缘检测点少 (0.00% < 1.0%) | 高频能量正常 (94.04)
2025-05-09 20:35:48 [WARNING] 图像模糊，尝试重新获取 (第7次尝试)
2025-05-09 20:35:49 [INFO] 正在获取图像，尝试 8/30 (已耗时: 28.0秒)
2025-05-09 20:35:52 [INFO] 图像质量: 模糊 拉普拉斯变异度低 (0.05 < 100) | Sobel梯度均值低 (0.08 < 20) | 边缘检测点少 (0.00% < 1.0%) | 高频能量正常 (95.90)
2025-05-09 20:35:52 [WARNING] 图像模糊，尝试重新获取 (第8次尝试)
2025-05-09 20:35:53 [ERROR] 获取清晰图像超时 (30秒)
2025-05-09 20:35:53 [WARNING] 返回超时前的最后一帧图像
2025-05-09 20:35:56 [INFO] 正在获取图像，尝试 1/30 (已耗时: 0.0秒)
2025-05-09 20:35:59 [INFO] 图像质量: 模糊 拉普拉斯变异度低 (0.05 < 100) | Sobel梯度均值低 (0.08 < 20) | 边缘检测点少 (0.00% < 1.0%) | 高频能量正常 (95.22)
2025-05-09 20:35:59 [WARNING] 图像模糊，尝试重新获取 (第1次尝试)
2025-05-09 20:36:00 [INFO] 正在获取图像，尝试 2/30 (已耗时: 4.0秒)
2025-05-09 20:36:03 [INFO] 图像质量: 模糊 拉普拉斯变异度低 (0.04 < 100) | Sobel梯度均值低 (0.09 < 20) | 边缘检测点少 (0.00% < 1.0%) | 高频能量正常 (94.61)
2025-05-09 20:36:03 [WARNING] 图像模糊，尝试重新获取 (第2次尝试)
2025-05-09 20:36:04 [INFO] 正在获取图像，尝试 3/30 (已耗时: 8.0秒)
2025-05-09 20:36:07 [INFO] 图像质量: 模糊 拉普拉斯变异度低 (0.03 < 100) | Sobel梯度均值低 (0.07 < 20) | 边缘检测点少 (0.00% < 1.0%) | 高频能量正常 (90.67)
2025-05-09 20:36:07 [WARNING] 图像模糊，尝试重新获取 (第3次尝试)
2025-05-09 20:36:08 [INFO] 正在获取图像，尝试 4/30 (已耗时: 11.9秒)
2025-05-09 20:36:11 [INFO] 图像质量: 模糊 拉普拉斯变异度低 (0.07 < 100) | Sobel梯度均值低 (0.08 < 20) | 边缘检测点少 (0.00% < 1.0%) | 高频能量正常 (99.69)
2025-05-09 20:36:11 [WARNING] 图像模糊，尝试重新获取 (第4次尝试)
2025-05-09 20:36:12 [INFO] 正在获取图像，尝试 5/30 (已耗时: 16.0秒)
2025-05-09 20:36:15 [INFO] 图像质量: 模糊 拉普拉斯变异度低 (0.04 < 100) | Sobel梯度均值低 (0.07 < 20) | 边缘检测点少 (0.00% < 1.0%) | 高频能量正常 (92.92)
2025-05-09 20:36:15 [WARNING] 图像模糊，尝试重新获取 (第5次尝试)
2025-05-09 20:36:16 [INFO] 正在获取图像，尝试 6/30 (已耗时: 20.0秒)
2025-05-09 20:36:19 [INFO] 图像质量: 模糊 拉普拉斯变异度低 (0.04 < 100) | Sobel梯度均值低 (0.07 < 20) | 边缘检测点少 (0.00% < 1.0%) | 高频能量正常 (93.40)
2025-05-09 20:36:19 [WARNING] 图像模糊，尝试重新获取 (第6次尝试)
2025-05-09 20:36:19 [INFO] 正在获取图像，尝试 7/30 (已耗时: 23.9秒)
2025-05-09 20:36:23 [INFO] 图像质量: 模糊 拉普拉斯变异度低 (0.03 < 100) | Sobel梯度均值低 (0.07 < 20) | 边缘检测点少 (0.00% < 1.0%) | 高频能量正常 (91.25)
2025-05-09 20:36:23 [WARNING] 图像模糊，尝试重新获取 (第7次尝试)
2025-05-09 20:36:23 [INFO] 正在获取图像，尝试 8/30 (已耗时: 27.8秒)
2025-05-09 20:36:27 [INFO] 图像质量: 模糊 拉普拉斯变异度低 (0.03 < 100) | Sobel梯度均值低 (0.07 < 20) | 边缘检测点少 (0.00% < 1.0%) | 高频能量正常 (90.83)
2025-05-09 20:36:27 [WARNING] 图像模糊，尝试重新获取 (第8次尝试)
2025-05-09 20:36:27 [ERROR] 获取清晰图像超时 (30秒)
2025-05-09 20:36:27 [WARNING] 返回超时前的最后一帧图像
2025-05-09 20:36:30 [INFO] 正在获取图像，尝试 1/30 (已耗时: 0.0秒)
2025-05-09 20:36:34 [INFO] 图像质量: 模糊 拉普拉斯变异度低 (0.04 < 100) | Sobel梯度均值低 (0.06 < 20) | 边缘检测点少 (0.00% < 1.0%) | 高频能量正常 (92.55)
2025-05-09 20:36:34 [WARNING] 图像模糊，尝试重新获取 (第1次尝试)
2025-05-09 20:36:34 [INFO] 正在获取图像，尝试 2/30 (已耗时: 3.9秒)
2025-05-09 20:36:38 [INFO] 图像质量: 模糊 拉普拉斯变异度低 (0.08 < 100) | Sobel梯度均值低 (0.10 < 20) | 边缘检测点少 (0.00% < 1.0%) | 高频能量正常 (99.68)
2025-05-09 20:36:38 [WARNING] 图像模糊，尝试重新获取 (第2次尝试)
2025-05-09 20:36:38 [INFO] 正在获取图像，尝试 3/30 (已耗时: 7.8秒)
2025-05-09 20:36:42 [INFO] 图像质量: 模糊 拉普拉斯变异度低 (0.03 < 100) | Sobel梯度均值低 (0.06 < 20) | 边缘检测点少 (0.00% < 1.0%) | 高频能量正常 (90.99)
2025-05-09 20:36:42 [WARNING] 图像模糊，尝试重新获取 (第3次尝试)
2025-05-09 20:36:42 [INFO] 正在获取图像，尝试 4/30 (已耗时: 11.7秒)
2025-05-09 20:36:46 [INFO] 图像质量: 模糊 拉普拉斯变异度低 (1.38 < 100) | Sobel梯度均值低 (0.15 < 20) | 边缘检测点少 (0.00% < 1.0%) | 高频能量正常 (130.55)
2025-05-09 20:36:46 [WARNING] 图像模糊，尝试重新获取 (第4次尝试)
2025-05-09 20:36:46 [INFO] 正在获取图像，尝试 5/30 (已耗时: 15.6秒)
2025-05-09 20:36:50 [INFO] 图像质量: 模糊 拉普拉斯变异度低 (1.67 < 100) | Sobel梯度均值低 (0.15 < 20) | 边缘检测点少 (0.00% < 1.0%) | 高频能量正常 (130.54)
2025-05-09 20:36:50 [WARNING] 图像模糊，尝试重新获取 (第5次尝试)
2025-05-09 20:36:50 [INFO] 正在获取图像，尝试 6/30 (已耗时: 19.7秒)
2025-05-09 20:36:54 [INFO] 图像质量: 模糊 拉普拉斯变异度低 (0.24 < 100) | Sobel梯度均值低 (0.10 < 20) | 边缘检测点少 (0.00% < 1.0%) | 高频能量正常 (113.93)
2025-05-09 20:36:54 [WARNING] 图像模糊，尝试重新获取 (第6次尝试)
2025-05-09 20:36:54 [INFO] 正在获取图像，尝试 7/30 (已耗时: 23.6秒)
2025-05-09 20:36:57 [INFO] 图像质量: 模糊 拉普拉斯变异度低 (0.04 < 100) | Sobel梯度均值低 (0.06 < 20) | 边缘检测点少 (0.00% < 1.0%) | 高频能量正常 (94.30)
2025-05-09 20:36:57 [WARNING] 图像模糊，尝试重新获取 (第7次尝试)
2025-05-09 20:36:58 [INFO] 正在获取图像，尝试 8/30 (已耗时: 27.5秒)
2025-05-09 20:37:01 [INFO] 图像质量: 模糊 拉普拉斯变异度低 (0.08 < 100) | Sobel梯度均值低 (0.11 < 20) | 边缘检测点少 (0.00% < 1.0%) | 高频能量正常 (100.19)
2025-05-09 20:37:01 [WARNING] 图像模糊，尝试重新获取 (第8次尝试)
2025-05-09 20:37:02 [ERROR] 获取清晰图像超时 (30秒)
2025-05-09 20:37:02 [WARNING] 返回超时前的最后一帧图像
2025-05-09 20:37:05 [INFO] 正在获取图像，尝试 1/30 (已耗时: 0.0秒)
2025-05-09 20:37:08 [INFO] 图像质量: 模糊 拉普拉斯变异度低 (0.04 < 100) | Sobel梯度均值低 (0.08 < 20) | 边缘检测点少 (0.00% < 1.0%) | 高频能量正常 (92.98)
2025-05-09 20:37:08 [WARNING] 图像模糊，尝试重新获取 (第1次尝试)
2025-05-09 20:37:09 [INFO] 正在获取图像，尝试 2/30 (已耗时: 4.0秒)
2025-05-09 20:37:12 [INFO] 图像质量: 模糊 拉普拉斯变异度低 (0.04 < 100) | Sobel梯度均值低 (0.07 < 20) | 边缘检测点少 (0.00% < 1.0%) | 高频能量正常 (92.53)
2025-05-09 20:37:12 [WARNING] 图像模糊，尝试重新获取 (第2次尝试)
2025-05-09 20:37:13 [INFO] 正在获取图像，尝试 3/30 (已耗时: 8.0秒)
2025-05-09 20:37:16 [INFO] 图像质量: 模糊 拉普拉斯变异度低 (1.18 < 100) | Sobel梯度均值低 (0.10 < 20) | 边缘检测点少 (0.00% < 1.0%) | 高频能量正常 (128.04)
2025-05-09 20:37:16 [WARNING] 图像模糊，尝试重新获取 (第3次尝试)
2025-05-09 20:37:17 [INFO] 正在获取图像，尝试 4/30 (已耗时: 12.0秒)
2025-05-09 20:37:20 [INFO] 图像质量: 模糊 拉普拉斯变异度低 (0.03 < 100) | Sobel梯度均值低 (0.07 < 20) | 边缘检测点少 (0.00% < 1.0%) | 高频能量正常 (91.34)
2025-05-09 20:37:20 [WARNING] 图像模糊，尝试重新获取 (第4次尝试)
2025-05-09 20:37:21 [INFO] 正在获取图像，尝试 5/30 (已耗时: 16.0秒)
2025-05-09 20:37:24 [INFO] 图像质量: 模糊 拉普拉斯变异度低 (0.03 < 100) | Sobel梯度均值低 (0.06 < 20) | 边缘检测点少 (0.00% < 1.0%) | 高频能量正常 (89.63)
2025-05-09 20:37:24 [WARNING] 图像模糊，尝试重新获取 (第5次尝试)
2025-05-09 20:37:25 [INFO] 正在获取图像，尝试 6/30 (已耗时: 19.9秒)
2025-05-09 20:37:28 [INFO] 图像质量: 模糊 拉普拉斯变异度低 (0.02 < 100) | Sobel梯度均值低 (0.05 < 20) | 边缘检测点少 (0.00% < 1.0%) | 高频能量正常 (86.55)
2025-05-09 20:37:28 [WARNING] 图像模糊，尝试重新获取 (第6次尝试)
2025-05-09 20:37:29 [INFO] 正在获取图像，尝试 7/30 (已耗时: 23.8秒)
2025-05-09 20:37:32 [INFO] 图像质量: 模糊 拉普拉斯变异度低 (0.02 < 100) | Sobel梯度均值低 (0.05 < 20) | 边缘检测点少 (0.00% < 1.0%) | 高频能量正常 (87.16)
2025-05-09 20:37:32 [WARNING] 图像模糊，尝试重新获取 (第7次尝试)
2025-05-09 20:37:33 [INFO] 正在获取图像，尝试 8/30 (已耗时: 27.8秒)
2025-05-09 20:37:36 [INFO] 图像质量: 模糊 拉普拉斯变异度低 (0.25 < 100) | Sobel梯度均值低 (0.23 < 20) | 边缘检测点少 (0.00% < 1.0%) | 高频能量正常 (112.68)
2025-05-09 20:37:36 [WARNING] 图像模糊，尝试重新获取 (第8次尝试)
2025-05-09 20:37:37 [ERROR] 获取清晰图像超时 (30秒)
2025-05-09 20:37:37 [WARNING] 返回超时前的最后一帧图像
2025-05-09 20:37:40 [INFO] 正在获取图像，尝试 1/30 (已耗时: 0.0秒)
2025-05-09 20:37:43 [INFO] 图像质量: 清晰 拉普拉斯变异度正常 (279.28) | Sobel梯度均值正常 (26.79) | 边缘检测点正常 (1.99%) | 高频能量正常 (177.99)
2025-05-09 20:37:43 [INFO] 图像清晰度良好，可以进行检测
