2025-05-09 21:07:41 [INFO] 正在获取图像，尝试 1/10 (已耗时: 0.0秒)
2025-05-09 21:07:44 [INFO] 图像质量: 模糊 拉普拉斯变异度低 (0.08 < 100) | Sobel梯度均值低 (0.10 < 20) | 边缘检测点少 (0.00% < 1.0%) | 高频能量正常 (99.65)
2025-05-09 21:07:44 [WARNING] 图像模糊，尝试重新获取 (第1次尝试)
2025-05-09 21:07:46 [INFO] 正在获取图像，尝试 2/10 (已耗时: 5.8秒)
2025-05-09 21:07:50 [INFO] 图像质量: 模糊 拉普拉斯变异度低 (0.04 < 100) | Sobel梯度均值低 (0.07 < 20) | 边缘检测点少 (0.00% < 1.0%) | 高频能量正常 (92.19)
2025-05-09 21:07:50 [WARNING] 图像模糊，尝试重新获取 (第2次尝试)
2025-05-09 21:07:52 [INFO] 正在获取图像，尝试 3/10 (已耗时: 11.5秒)
2025-05-09 21:07:56 [INFO] 图像质量: 模糊 拉普拉斯变异度低 (0.03 < 100) | Sobel梯度均值低 (0.06 < 20) | 边缘检测点少 (0.00% < 1.0%) | 高频能量正常 (90.08)
2025-05-09 21:07:56 [WARNING] 图像模糊，尝试重新获取 (第3次尝试)
2025-05-09 21:07:58 [INFO] 正在获取图像，尝试 4/10 (已耗时: 17.2秒)
2025-05-09 21:08:01 [INFO] 图像质量: 模糊 拉普拉斯变异度低 (0.20 < 100) | Sobel梯度均值低 (0.15 < 20) | 边缘检测点少 (0.00% < 1.0%) | 高频能量正常 (112.34)
2025-05-09 21:08:01 [WARNING] 图像模糊，尝试重新获取 (第4次尝试)
2025-05-09 21:08:03 [INFO] 正在获取图像，尝试 5/10 (已耗时: 22.9秒)
2025-05-09 21:08:07 [INFO] 图像质量: 模糊 拉普拉斯变异度低 (0.02 < 100) | Sobel梯度均值低 (0.05 < 20) | 边缘检测点少 (0.00% < 1.0%) | 高频能量正常 (87.51)
2025-05-09 21:08:07 [WARNING] 图像模糊，尝试重新获取 (第5次尝试)
2025-05-09 21:08:09 [INFO] 正在获取图像，尝试 6/10 (已耗时: 28.7秒)
2025-05-09 21:08:13 [INFO] 图像质量: 模糊 拉普拉斯变异度低 (0.07 < 100) | Sobel梯度均值低 (0.06 < 20) | 边缘检测点少 (0.00% < 1.0%) | 高频能量正常 (99.19)
2025-05-09 21:08:13 [WARNING] 图像模糊，尝试重新获取 (第6次尝试)
2025-05-09 21:08:15 [INFO] 正在获取图像，尝试 7/10 (已耗时: 34.4秒)
2025-05-09 21:08:19 [INFO] 图像质量: 模糊 拉普拉斯变异度低 (0.03 < 100) | Sobel梯度均值低 (0.07 < 20) | 边缘检测点少 (0.00% < 1.0%) | 高频能量正常 (89.27)
2025-05-09 21:08:19 [WARNING] 图像模糊，尝试重新获取 (第7次尝试)
2025-05-09 21:08:21 [ERROR] 获取清晰图像超时 (40.0秒)
2025-05-09 21:08:21 [WARNING] 返回超时前的最后一帧图像
2025-05-09 21:08:21 [INFO] 正在获取图像，尝试 1/10 (已耗时: 0.0秒)
2025-05-09 21:08:24 [INFO] 图像质量: 模糊 拉普拉斯变异度低 (0.03 < 100) | Sobel梯度均值低 (0.07 < 20) | 边缘检测点少 (0.00% < 1.0%) | 高频能量正常 (89.45)
2025-05-09 21:08:24 [WARNING] 图像模糊，尝试重新获取 (第1次尝试)
2025-05-09 21:08:26 [INFO] 正在获取图像，尝试 2/10 (已耗时: 5.7秒)
2025-05-09 21:08:30 [INFO] 图像质量: 模糊 拉普拉斯变异度低 (0.03 < 100) | Sobel梯度均值低 (0.05 < 20) | 边缘检测点少 (0.00% < 1.0%) | 高频能量正常 (90.67)
2025-05-09 21:08:30 [WARNING] 图像模糊，尝试重新获取 (第2次尝试)
2025-05-09 21:08:32 [INFO] 正在获取图像，尝试 3/10 (已耗时: 11.5秒)
2025-05-09 21:08:36 [INFO] 图像质量: 模糊 拉普拉斯变异度低 (1.57 < 100) | Sobel梯度均值低 (0.14 < 20) | 边缘检测点少 (0.00% < 1.0%) | 高频能量正常 (131.69)
2025-05-09 21:08:36 [WARNING] 图像模糊，尝试重新获取 (第3次尝试)
2025-05-09 21:08:38 [INFO] 正在获取图像，尝试 4/10 (已耗时: 17.1秒)
2025-05-09 21:08:42 [INFO] 图像质量: 模糊 拉普拉斯变异度低 (0.04 < 100) | Sobel梯度均值低 (0.07 < 20) | 边缘检测点少 (0.00% < 1.0%) | 高频能量正常 (95.06)
2025-05-09 21:08:42 [WARNING] 图像模糊，尝试重新获取 (第4次尝试)
2025-05-09 21:08:44 [INFO] 正在获取图像，尝试 5/10 (已耗时: 22.8秒)
2025-05-09 21:08:47 [INFO] 图像质量: 模糊 拉普拉斯变异度低 (0.08 < 100) | Sobel梯度均值低 (0.08 < 20) | 边缘检测点少 (0.00% < 1.0%) | 高频能量正常 (100.79)
2025-05-09 21:08:47 [WARNING] 图像模糊，尝试重新获取 (第5次尝试)
2025-05-09 21:08:49 [INFO] 正在获取图像，尝试 6/10 (已耗时: 28.6秒)
2025-05-09 21:08:53 [INFO] 图像质量: 模糊 拉普拉斯变异度低 (0.03 < 100) | Sobel梯度均值低 (0.07 < 20) | 边缘检测点少 (0.00% < 1.0%) | 高频能量正常 (90.87)
2025-05-09 21:08:53 [WARNING] 图像模糊，尝试重新获取 (第6次尝试)
2025-05-09 21:08:55 [INFO] 正在获取图像，尝试 7/10 (已耗时: 34.4秒)
2025-05-09 21:08:59 [INFO] 图像质量: 模糊 拉普拉斯变异度低 (0.38 < 100) | Sobel梯度均值低 (0.09 < 20) | 边缘检测点少 (0.00% < 1.0%) | 高频能量正常 (118.90)
2025-05-09 21:08:59 [WARNING] 图像模糊，尝试重新获取 (第7次尝试)
2025-05-09 21:09:01 [INFO] 正在获取图像，尝试 8/10 (已耗时: 40.0秒)
2025-05-09 21:09:04 [INFO] 图像质量: 模糊 拉普拉斯变异度低 (0.23 < 100) | Sobel梯度均值低 (0.22 < 20) | 边缘检测点少 (0.00% < 1.0%) | 高频能量正常 (111.49)
2025-05-09 21:09:04 [WARNING] 图像模糊，尝试重新获取 (第8次尝试)
2025-05-09 21:09:06 [ERROR] 获取清晰图像超时 (40.0秒)
2025-05-09 21:09:06 [WARNING] 返回超时前的最后一帧图像
2025-05-09 21:09:27 [INFO] 正在获取图像，尝试 1/30 (已耗时: 0.0秒)
2025-05-09 21:09:30 [INFO] 图像质量: 模糊 拉普拉斯变异度低 (0.03 < 100) | Sobel梯度均值低 (0.06 < 20) | 边缘检测点少 (0.00% < 1.0%) | 高频能量正常 (91.26)
2025-05-09 21:09:30 [WARNING] 图像模糊，尝试重新获取 (第1次尝试)
2025-05-09 21:09:31 [INFO] 正在获取图像，尝试 2/30 (已耗时: 3.9秒)
2025-05-09 21:09:34 [INFO] 图像质量: 模糊 拉普拉斯变异度低 (0.02 < 100) | Sobel梯度均值低 (0.06 < 20) | 边缘检测点少 (0.00% < 1.0%) | 高频能量正常 (88.91)
2025-05-09 21:09:34 [WARNING] 图像模糊，尝试重新获取 (第2次尝试)
2025-05-09 21:09:35 [INFO] 正在获取图像，尝试 3/30 (已耗时: 7.9秒)
2025-05-09 21:09:38 [INFO] 图像质量: 模糊 拉普拉斯变异度低 (0.03 < 100) | Sobel梯度均值低 (0.07 < 20) | 边缘检测点少 (0.00% < 1.0%) | 高频能量正常 (90.63)
2025-05-09 21:09:38 [WARNING] 图像模糊，尝试重新获取 (第3次尝试)
2025-05-09 21:09:39 [INFO] 正在获取图像，尝试 4/30 (已耗时: 11.9秒)
2025-05-09 21:09:43 [INFO] 图像质量: 模糊 拉普拉斯变异度低 (0.03 < 100) | Sobel梯度均值低 (0.08 < 20) | 边缘检测点少 (0.00% < 1.0%) | 高频能量正常 (91.05)
2025-05-09 21:09:43 [WARNING] 图像模糊，尝试重新获取 (第4次尝试)
2025-05-09 21:09:43 [INFO] 正在获取图像，尝试 5/30 (已耗时: 16.0秒)
2025-05-09 21:09:47 [INFO] 图像质量: 模糊 拉普拉斯变异度低 (0.02 < 100) | Sobel梯度均值低 (0.05 < 20) | 边缘检测点少 (0.00% < 1.0%) | 高频能量正常 (86.92)
2025-05-09 21:09:47 [WARNING] 图像模糊，尝试重新获取 (第5次尝试)
2025-05-09 21:09:47 [INFO] 正在获取图像，尝试 6/30 (已耗时: 20.1秒)
2025-05-09 21:09:51 [INFO] 图像质量: 模糊 拉普拉斯变异度低 (0.02 < 100) | Sobel梯度均值低 (0.04 < 20) | 边缘检测点少 (0.00% < 1.0%) | 高频能量正常 (84.48)
2025-05-09 21:09:51 [WARNING] 图像模糊，尝试重新获取 (第6次尝试)
2025-05-09 21:09:51 [INFO] 正在获取图像，尝试 7/30 (已耗时: 24.1秒)
2025-05-09 21:09:55 [INFO] 图像质量: 模糊 拉普拉斯变异度低 (0.06 < 100) | Sobel梯度均值低 (0.08 < 20) | 边缘检测点少 (0.00% < 1.0%) | 高频能量正常 (99.50)
2025-05-09 21:09:55 [WARNING] 图像模糊，尝试重新获取 (第7次尝试)
2025-05-09 21:09:55 [INFO] 正在获取图像，尝试 8/30 (已耗时: 28.2秒)
2025-05-09 21:09:59 [INFO] 图像质量: 模糊 拉普拉斯变异度低 (0.03 < 100) | Sobel梯度均值低 (0.05 < 20) | 边缘检测点少 (0.00% < 1.0%) | 高频能量正常 (88.62)
2025-05-09 21:09:59 [WARNING] 图像模糊，尝试重新获取 (第8次尝试)
2025-05-09 21:09:59 [ERROR] 获取清晰图像超时 (30秒)
2025-05-09 21:09:59 [WARNING] 返回超时前的最后一帧图像
2025-05-09 21:10:02 [INFO] 正在获取图像，尝试 1/30 (已耗时: 0.0秒)
2025-05-09 21:10:06 [INFO] 图像质量: 模糊 拉普拉斯变异度低 (0.06 < 100) | Sobel梯度均值低 (0.09 < 20) | 边缘检测点少 (0.00% < 1.0%) | 高频能量正常 (96.24)
2025-05-09 21:10:06 [WARNING] 图像模糊，尝试重新获取 (第1次尝试)
2025-05-09 21:10:06 [INFO] 正在获取图像，尝试 2/30 (已耗时: 4.0秒)
2025-05-09 21:10:10 [INFO] 图像质量: 模糊 拉普拉斯变异度低 (0.04 < 100) | Sobel梯度均值低 (0.08 < 20) | 边缘检测点少 (0.00% < 1.0%) | 高频能量正常 (94.81)
2025-05-09 21:10:10 [WARNING] 图像模糊，尝试重新获取 (第2次尝试)
2025-05-09 21:10:10 [INFO] 正在获取图像，尝试 3/30 (已耗时: 8.1秒)
2025-05-09 21:10:14 [INFO] 图像质量: 模糊 拉普拉斯变异度低 (0.06 < 100) | Sobel梯度均值低 (0.10 < 20) | 边缘检测点少 (0.00% < 1.0%) | 高频能量正常 (97.71)
2025-05-09 21:10:14 [WARNING] 图像模糊，尝试重新获取 (第3次尝试)
2025-05-09 21:10:14 [INFO] 正在获取图像，尝试 4/30 (已耗时: 12.0秒)
2025-05-09 21:10:18 [INFO] 图像质量: 模糊 拉普拉斯变异度低 (0.09 < 100) | Sobel梯度均值低 (0.08 < 20) | 边缘检测点少 (0.00% < 1.0%) | 高频能量正常 (101.11)
2025-05-09 21:10:18 [WARNING] 图像模糊，尝试重新获取 (第4次尝试)
2025-05-09 21:10:18 [INFO] 正在获取图像，尝试 5/30 (已耗时: 15.9秒)
2025-05-09 21:10:22 [INFO] 图像质量: 模糊 拉普拉斯变异度低 (0.87 < 100) | Sobel梯度均值低 (0.12 < 20) | 边缘检测点少 (0.00% < 1.0%) | 高频能量正常 (125.53)
2025-05-09 21:10:22 [WARNING] 图像模糊，尝试重新获取 (第5次尝试)
2025-05-09 21:10:22 [INFO] 正在获取图像，尝试 6/30 (已耗时: 19.9秒)
2025-05-09 21:10:26 [INFO] 图像质量: 模糊 拉普拉斯变异度低 (1.54 < 100) | Sobel梯度均值低 (0.13 < 20) | 边缘检测点少 (0.00% < 1.0%) | 高频能量正常 (131.67)
2025-05-09 21:10:26 [WARNING] 图像模糊，尝试重新获取 (第6次尝试)
2025-05-09 21:10:26 [INFO] 正在获取图像，尝试 7/30 (已耗时: 23.8秒)
2025-05-09 21:10:30 [INFO] 图像质量: 模糊 拉普拉斯变异度低 (0.06 < 100) | Sobel梯度均值低 (0.10 < 20) | 边缘检测点少 (0.00% < 1.0%) | 高频能量正常 (97.36)
2025-05-09 21:10:30 [WARNING] 图像模糊，尝试重新获取 (第7次尝试)
2025-05-09 21:10:30 [INFO] 正在获取图像，尝试 8/30 (已耗时: 27.9秒)
2025-05-09 21:10:34 [INFO] 图像质量: 模糊 拉普拉斯变异度低 (0.22 < 100) | Sobel梯度均值低 (0.10 < 20) | 边缘检测点少 (0.00% < 1.0%) | 高频能量正常 (112.49)
2025-05-09 21:10:34 [WARNING] 图像模糊，尝试重新获取 (第8次尝试)
2025-05-09 21:10:34 [ERROR] 获取清晰图像超时 (30秒)
2025-05-09 21:10:34 [WARNING] 返回超时前的最后一帧图像
2025-05-09 21:10:37 [INFO] 正在获取图像，尝试 1/30 (已耗时: 0.0秒)
2025-05-09 21:10:41 [INFO] 图像质量: 模糊 拉普拉斯变异度低 (0.86 < 100) | Sobel梯度均值低 (0.10 < 20) | 边缘检测点少 (0.00% < 1.0%) | 高频能量正常 (125.36)
2025-05-09 21:10:41 [WARNING] 图像模糊，尝试重新获取 (第1次尝试)
2025-05-09 21:10:41 [INFO] 正在获取图像，尝试 2/30 (已耗时: 4.0秒)
2025-05-09 21:10:45 [INFO] 图像质量: 模糊 拉普拉斯变异度低 (1.34 < 100) | Sobel梯度均值低 (0.11 < 20) | 边缘检测点少 (0.00% < 1.0%) | 高频能量正常 (128.15)
2025-05-09 21:10:45 [WARNING] 图像模糊，尝试重新获取 (第2次尝试)
2025-05-09 21:10:45 [INFO] 正在获取图像，尝试 3/30 (已耗时: 8.0秒)
2025-05-09 21:10:49 [INFO] 图像质量: 模糊 拉普拉斯变异度低 (0.03 < 100) | Sobel梯度均值低 (0.05 < 20) | 边缘检测点少 (0.00% < 1.0%) | 高频能量正常 (89.12)
2025-05-09 21:10:49 [WARNING] 图像模糊，尝试重新获取 (第3次尝试)
2025-05-09 21:10:49 [INFO] 正在获取图像，尝试 4/30 (已耗时: 12.1秒)
2025-05-09 21:10:53 [INFO] 图像质量: 模糊 拉普拉斯变异度低 (0.03 < 100) | Sobel梯度均值低 (0.05 < 20) | 边缘检测点少 (0.00% < 1.0%) | 高频能量正常 (89.19)
2025-05-09 21:10:53 [WARNING] 图像模糊，尝试重新获取 (第4次尝试)
2025-05-09 21:10:53 [INFO] 正在获取图像，尝试 5/30 (已耗时: 16.1秒)
2025-05-09 21:10:57 [INFO] 图像质量: 模糊 拉普拉斯变异度低 (0.02 < 100) | Sobel梯度均值低 (0.05 < 20) | 边缘检测点少 (0.00% < 1.0%) | 高频能量正常 (85.31)
2025-05-09 21:10:57 [WARNING] 图像模糊，尝试重新获取 (第5次尝试)
2025-05-09 21:10:57 [INFO] 正在获取图像，尝试 6/30 (已耗时: 20.1秒)
2025-05-09 21:11:01 [INFO] 图像质量: 模糊 拉普拉斯变异度低 (0.05 < 100) | Sobel梯度均值低 (0.09 < 20) | 边缘检测点少 (0.00% < 1.0%) | 高频能量正常 (96.40)
2025-05-09 21:11:01 [WARNING] 图像模糊，尝试重新获取 (第6次尝试)
2025-05-09 21:11:01 [INFO] 正在获取图像，尝试 7/30 (已耗时: 24.2秒)
2025-05-09 21:11:05 [INFO] 图像质量: 模糊 拉普拉斯变异度低 (0.04 < 100) | Sobel梯度均值低 (0.08 < 20) | 边缘检测点少 (0.00% < 1.0%) | 高频能量正常 (93.63)
2025-05-09 21:11:05 [WARNING] 图像模糊，尝试重新获取 (第7次尝试)
2025-05-09 21:11:05 [INFO] 正在获取图像，尝试 8/30 (已耗时: 28.2秒)
2025-05-09 21:11:09 [INFO] 图像质量: 模糊 拉普拉斯变异度低 (0.06 < 100) | Sobel梯度均值低 (0.08 < 20) | 边缘检测点少 (0.00% < 1.0%) | 高频能量正常 (96.98)
2025-05-09 21:11:09 [WARNING] 图像模糊，尝试重新获取 (第8次尝试)
2025-05-09 21:11:09 [ERROR] 获取清晰图像超时 (30秒)
2025-05-09 21:11:09 [WARNING] 返回超时前的最后一帧图像
2025-05-09 21:11:12 [INFO] 正在获取图像，尝试 1/30 (已耗时: 0.0秒)
2025-05-09 21:11:16 [INFO] 图像质量: 模糊 拉普拉斯变异度低 (0.03 < 100) | Sobel梯度均值低 (0.05 < 20) | 边缘检测点少 (0.00% < 1.0%) | 高频能量正常 (89.80)
2025-05-09 21:11:16 [WARNING] 图像模糊，尝试重新获取 (第1次尝试)
2025-05-09 21:11:17 [INFO] 正在获取图像，尝试 2/30 (已耗时: 4.1秒)
2025-05-09 21:11:20 [INFO] 图像质量: 模糊 拉普拉斯变异度低 (0.03 < 100) | Sobel梯度均值低 (0.05 < 20) | 边缘检测点少 (0.00% < 1.0%) | 高频能量正常 (89.37)
2025-05-09 21:11:20 [WARNING] 图像模糊，尝试重新获取 (第2次尝试)
2025-05-09 21:11:20 [INFO] 正在获取图像，尝试 3/30 (已耗时: 8.0秒)
2025-05-09 21:11:24 [INFO] 图像质量: 模糊 拉普拉斯变异度低 (0.03 < 100) | Sobel梯度均值低 (0.06 < 20) | 边缘检测点少 (0.00% < 1.0%) | 高频能量正常 (91.65)
2025-05-09 21:11:24 [WARNING] 图像模糊，尝试重新获取 (第3次尝试)
2025-05-09 21:11:24 [INFO] 正在获取图像，尝试 4/30 (已耗时: 12.0秒)
2025-05-09 21:11:28 [INFO] 图像质量: 模糊 拉普拉斯变异度低 (0.06 < 100) | Sobel梯度均值低 (0.10 < 20) | 边缘检测点少 (0.00% < 1.0%) | 高频能量正常 (97.67)
2025-05-09 21:11:28 [WARNING] 图像模糊，尝试重新获取 (第4次尝试)
2025-05-09 21:11:28 [INFO] 正在获取图像，尝试 5/30 (已耗时: 15.9秒)
2025-05-09 21:11:32 [INFO] 图像质量: 模糊 拉普拉斯变异度低 (0.08 < 100) | Sobel梯度均值低 (0.09 < 20) | 边缘检测点少 (0.00% < 1.0%) | 高频能量正常 (101.36)
2025-05-09 21:11:32 [WARNING] 图像模糊，尝试重新获取 (第5次尝试)
2025-05-09 21:11:32 [INFO] 正在获取图像，尝试 6/30 (已耗时: 19.9秒)
2025-05-09 21:11:36 [INFO] 图像质量: 模糊 拉普拉斯变异度低 (0.04 < 100) | Sobel梯度均值低 (0.08 < 20) | 边缘检测点少 (0.00% < 1.0%) | 高频能量正常 (94.17)
2025-05-09 21:11:36 [WARNING] 图像模糊，尝试重新获取 (第6次尝试)
2025-05-09 21:11:36 [INFO] 正在获取图像，尝试 7/30 (已耗时: 23.9秒)
2025-05-09 21:11:40 [INFO] 图像质量: 模糊 拉普拉斯变异度低 (0.06 < 100) | Sobel梯度均值低 (0.10 < 20) | 边缘检测点少 (0.00% < 1.0%) | 高频能量正常 (96.93)
2025-05-09 21:11:40 [WARNING] 图像模糊，尝试重新获取 (第7次尝试)
2025-05-09 21:11:40 [INFO] 正在获取图像，尝试 8/30 (已耗时: 27.9秒)
2025-05-09 21:11:44 [INFO] 图像质量: 模糊 拉普拉斯变异度低 (0.05 < 100) | Sobel梯度均值低 (0.09 < 20) | 边缘检测点少 (0.00% < 1.0%) | 高频能量正常 (95.89)
2025-05-09 21:11:44 [WARNING] 图像模糊，尝试重新获取 (第8次尝试)
2025-05-09 21:11:44 [ERROR] 获取清晰图像超时 (30秒)
2025-05-09 21:11:44 [WARNING] 返回超时前的最后一帧图像
2025-05-09 21:11:47 [INFO] 正在获取图像，尝试 1/30 (已耗时: 0.0秒)
2025-05-09 21:11:51 [INFO] 图像质量: 模糊 拉普拉斯变异度低 (0.04 < 100) | Sobel梯度均值低 (0.09 < 20) | 边缘检测点少 (0.00% < 1.0%) | 高频能量正常 (94.28)
2025-05-09 21:11:51 [WARNING] 图像模糊，尝试重新获取 (第1次尝试)
2025-05-09 21:11:51 [INFO] 正在获取图像，尝试 2/30 (已耗时: 4.1秒)
2025-05-09 21:11:55 [INFO] 图像质量: 模糊 拉普拉斯变异度低 (0.02 < 100) | Sobel梯度均值低 (0.05 < 20) | 边缘检测点少 (0.00% < 1.0%) | 高频能量正常 (87.92)
2025-05-09 21:11:55 [WARNING] 图像模糊，尝试重新获取 (第2次尝试)
2025-05-09 21:11:55 [INFO] 正在获取图像，尝试 3/30 (已耗时: 8.1秒)
2025-05-09 21:11:59 [INFO] 图像质量: 模糊 拉普拉斯变异度低 (0.02 < 100) | Sobel梯度均值低 (0.04 < 20) | 边缘检测点少 (0.00% < 1.0%) | 高频能量正常 (85.59)
2025-05-09 21:11:59 [WARNING] 图像模糊，尝试重新获取 (第3次尝试)
2025-05-09 21:11:59 [INFO] 正在获取图像，尝试 4/30 (已耗时: 12.1秒)
2025-05-09 21:12:03 [INFO] 图像质量: 模糊 拉普拉斯变异度低 (0.09 < 100) | Sobel梯度均值低 (0.08 < 20) | 边缘检测点少 (0.00% < 1.0%) | 高频能量正常 (99.27)
2025-05-09 21:12:03 [WARNING] 图像模糊，尝试重新获取 (第4次尝试)
2025-05-09 21:12:03 [INFO] 正在获取图像，尝试 5/30 (已耗时: 16.0秒)
2025-05-09 21:12:07 [INFO] 图像质量: 模糊 拉普拉斯变异度低 (0.08 < 100) | Sobel梯度均值低 (0.08 < 20) | 边缘检测点少 (0.00% < 1.0%) | 高频能量正常 (100.53)
2025-05-09 21:12:07 [WARNING] 图像模糊，尝试重新获取 (第5次尝试)
2025-05-09 21:12:07 [INFO] 正在获取图像，尝试 6/30 (已耗时: 20.0秒)
2025-05-09 21:12:11 [INFO] 图像质量: 模糊 拉普拉斯变异度低 (0.04 < 100) | Sobel梯度均值低 (0.08 < 20) | 边缘检测点少 (0.00% < 1.0%) | 高频能量正常 (94.50)
2025-05-09 21:12:11 [WARNING] 图像模糊，尝试重新获取 (第6次尝试)
2025-05-09 21:12:11 [INFO] 正在获取图像，尝试 7/30 (已耗时: 24.1秒)
2025-05-09 21:12:15 [INFO] 图像质量: 模糊 拉普拉斯变异度低 (0.03 < 100) | Sobel梯度均值低 (0.07 < 20) | 边缘检测点少 (0.00% < 1.0%) | 高频能量正常 (91.35)
2025-05-09 21:12:15 [WARNING] 图像模糊，尝试重新获取 (第7次尝试)
2025-05-09 21:12:15 [INFO] 正在获取图像，尝试 8/30 (已耗时: 28.0秒)
2025-05-09 21:12:19 [INFO] 图像质量: 模糊 拉普拉斯变异度低 (0.04 < 100) | Sobel梯度均值低 (0.08 < 20) | 边缘检测点少 (0.00% < 1.0%) | 高频能量正常 (94.82)
2025-05-09 21:12:19 [WARNING] 图像模糊，尝试重新获取 (第8次尝试)
2025-05-09 21:12:19 [ERROR] 获取清晰图像超时 (30秒)
2025-05-09 21:12:19 [WARNING] 返回超时前的最后一帧图像
2025-05-09 21:12:22 [INFO] 正在获取图像，尝试 1/30 (已耗时: 0.0秒)
2025-05-09 21:12:26 [INFO] 图像质量: 模糊 拉普拉斯变异度低 (0.05 < 100) | Sobel梯度均值低 (0.08 < 20) | 边缘检测点少 (0.00% < 1.0%) | 高频能量正常 (96.27)
2025-05-09 21:12:26 [WARNING] 图像模糊，尝试重新获取 (第1次尝试)
2025-05-09 21:12:26 [INFO] 正在获取图像，尝试 2/30 (已耗时: 3.9秒)
2025-05-09 21:12:30 [INFO] 图像质量: 模糊 拉普拉斯变异度低 (0.04 < 100) | Sobel梯度均值低 (0.09 < 20) | 边缘检测点少 (0.00% < 1.0%) | 高频能量正常 (94.83)
2025-05-09 21:12:30 [WARNING] 图像模糊，尝试重新获取 (第2次尝试)
2025-05-09 21:12:30 [INFO] 正在获取图像，尝试 3/30 (已耗时: 7.9秒)
2025-05-09 21:12:34 [INFO] 图像质量: 模糊 拉普拉斯变异度低 (0.04 < 100) | Sobel梯度均值低 (0.06 < 20) | 边缘检测点少 (0.00% < 1.0%) | 高频能量正常 (91.09)
2025-05-09 21:12:34 [WARNING] 图像模糊，尝试重新获取 (第3次尝试)
2025-05-09 21:12:34 [INFO] 正在获取图像，尝试 4/30 (已耗时: 11.9秒)
2025-05-09 21:12:38 [INFO] 图像质量: 模糊 拉普拉斯变异度低 (0.03 < 100) | Sobel梯度均值低 (0.06 < 20) | 边缘检测点少 (0.00% < 1.0%) | 高频能量正常 (91.66)
2025-05-09 21:12:38 [WARNING] 图像模糊，尝试重新获取 (第4次尝试)
2025-05-09 21:12:38 [INFO] 正在获取图像，尝试 5/30 (已耗时: 15.9秒)
2025-05-09 21:12:42 [INFO] 图像质量: 模糊 拉普拉斯变异度低 (0.04 < 100) | Sobel梯度均值低 (0.08 < 20) | 边缘检测点少 (0.00% < 1.0%) | 高频能量正常 (93.77)
2025-05-09 21:12:42 [WARNING] 图像模糊，尝试重新获取 (第5次尝试)
2025-05-09 21:12:42 [INFO] 正在获取图像，尝试 6/30 (已耗时: 19.9秒)
2025-05-09 21:12:46 [INFO] 图像质量: 模糊 拉普拉斯变异度低 (0.05 < 100) | Sobel梯度均值低 (0.09 < 20) | 边缘检测点少 (0.00% < 1.0%) | 高频能量正常 (96.31)
2025-05-09 21:12:46 [WARNING] 图像模糊，尝试重新获取 (第6次尝试)
2025-05-09 21:12:46 [INFO] 正在获取图像，尝试 7/30 (已耗时: 23.9秒)
2025-05-09 21:12:50 [INFO] 图像质量: 模糊 拉普拉斯变异度低 (0.09 < 100) | Sobel梯度均值低 (0.09 < 20) | 边缘检测点少 (0.00% < 1.0%) | 高频能量正常 (101.29)
2025-05-09 21:12:50 [WARNING] 图像模糊，尝试重新获取 (第7次尝试)
2025-05-09 21:12:50 [INFO] 正在获取图像，尝试 8/30 (已耗时: 28.0秒)
2025-05-09 21:12:54 [INFO] 图像质量: 模糊 拉普拉斯变异度低 (0.05 < 100) | Sobel梯度均值低 (0.09 < 20) | 边缘检测点少 (0.00% < 1.0%) | 高频能量正常 (96.82)
2025-05-09 21:12:54 [WARNING] 图像模糊，尝试重新获取 (第8次尝试)
2025-05-09 21:12:54 [ERROR] 获取清晰图像超时 (30秒)
2025-05-09 21:12:54 [WARNING] 返回超时前的最后一帧图像
2025-05-09 21:12:57 [INFO] 正在获取图像，尝试 1/30 (已耗时: 0.0秒)
2025-05-09 21:13:01 [INFO] 图像质量: 模糊 拉普拉斯变异度低 (0.03 < 100) | Sobel梯度均值低 (0.08 < 20) | 边缘检测点少 (0.00% < 1.0%) | 高频能量正常 (92.73)
2025-05-09 21:13:01 [WARNING] 图像模糊，尝试重新获取 (第1次尝试)
2025-05-09 21:13:01 [INFO] 正在获取图像，尝试 2/30 (已耗时: 4.0秒)
2025-05-09 21:13:05 [INFO] 图像质量: 模糊 拉普拉斯变异度低 (0.04 < 100) | Sobel梯度均值低 (0.08 < 20) | 边缘检测点少 (0.00% < 1.0%) | 高频能量正常 (93.35)
2025-05-09 21:13:05 [WARNING] 图像模糊，尝试重新获取 (第2次尝试)
2025-05-09 21:13:05 [INFO] 正在获取图像，尝试 3/30 (已耗时: 7.9秒)
2025-05-09 21:13:09 [INFO] 图像质量: 模糊 拉普拉斯变异度低 (0.04 < 100) | Sobel梯度均值低 (0.07 < 20) | 边缘检测点少 (0.00% < 1.0%) | 高频能量正常 (91.82)
2025-05-09 21:13:09 [WARNING] 图像模糊，尝试重新获取 (第3次尝试)
2025-05-09 21:13:09 [INFO] 正在获取图像，尝试 4/30 (已耗时: 12.0秒)
2025-05-09 21:13:13 [INFO] 图像质量: 模糊 拉普拉斯变异度低 (0.03 < 100) | Sobel梯度均值低 (0.06 < 20) | 边缘检测点少 (0.00% < 1.0%) | 高频能量正常 (90.78)
2025-05-09 21:13:13 [WARNING] 图像模糊，尝试重新获取 (第4次尝试)
2025-05-09 21:13:14 [INFO] 正在获取图像，尝试 5/30 (已耗时: 16.1秒)
2025-05-09 21:13:17 [INFO] 图像质量: 模糊 拉普拉斯变异度低 (0.03 < 100) | Sobel梯度均值低 (0.07 < 20) | 边缘检测点少 (0.00% < 1.0%) | 高频能量正常 (91.78)
2025-05-09 21:13:17 [WARNING] 图像模糊，尝试重新获取 (第5次尝试)
2025-05-09 21:13:18 [INFO] 正在获取图像，尝试 6/30 (已耗时: 20.2秒)
2025-05-09 21:13:21 [INFO] 图像质量: 模糊 拉普拉斯变异度低 (0.03 < 100) | Sobel梯度均值低 (0.07 < 20) | 边缘检测点少 (0.00% < 1.0%) | 高频能量正常 (91.24)
2025-05-09 21:13:21 [WARNING] 图像模糊，尝试重新获取 (第6次尝试)
2025-05-09 21:13:22 [INFO] 正在获取图像，尝试 7/30 (已耗时: 24.2秒)
2025-05-09 21:13:25 [INFO] 图像质量: 模糊 拉普拉斯变异度低 (0.04 < 100) | Sobel梯度均值低 (0.07 < 20) | 边缘检测点少 (0.00% < 1.0%) | 高频能量正常 (92.89)
2025-05-09 21:13:25 [WARNING] 图像模糊，尝试重新获取 (第7次尝试)
2025-05-09 21:13:26 [INFO] 正在获取图像，尝试 8/30 (已耗时: 28.1秒)
2025-05-09 21:13:29 [INFO] 图像质量: 模糊 拉普拉斯变异度低 (0.05 < 100) | Sobel梯度均值低 (0.08 < 20) | 边缘检测点少 (0.00% < 1.0%) | 高频能量正常 (95.87)
2025-05-09 21:13:29 [WARNING] 图像模糊，尝试重新获取 (第8次尝试)
2025-05-09 21:13:30 [ERROR] 获取清晰图像超时 (30秒)
2025-05-09 21:13:30 [WARNING] 返回超时前的最后一帧图像
2025-05-09 21:13:33 [INFO] 正在获取图像，尝试 1/30 (已耗时: 0.0秒)
2025-05-09 21:13:36 [INFO] 图像质量: 模糊 拉普拉斯变异度低 (0.03 < 100) | Sobel梯度均值低 (0.07 < 20) | 边缘检测点少 (0.00% < 1.0%) | 高频能量正常 (90.94)
2025-05-09 21:13:36 [WARNING] 图像模糊，尝试重新获取 (第1次尝试)
2025-05-09 21:13:37 [INFO] 正在获取图像，尝试 2/30 (已耗时: 4.0秒)
2025-05-09 21:13:40 [INFO] 图像质量: 模糊 拉普拉斯变异度低 (0.03 < 100) | Sobel梯度均值低 (0.06 < 20) | 边缘检测点少 (0.00% < 1.0%) | 高频能量正常 (89.83)
2025-05-09 21:13:40 [WARNING] 图像模糊，尝试重新获取 (第2次尝试)
2025-05-09 21:13:41 [INFO] 正在获取图像，尝试 3/30 (已耗时: 8.1秒)
2025-05-09 21:13:44 [INFO] 图像质量: 模糊 拉普拉斯变异度低 (0.03 < 100) | Sobel梯度均值低 (0.06 < 20) | 边缘检测点少 (0.00% < 1.0%) | 高频能量正常 (88.39)
2025-05-09 21:13:44 [WARNING] 图像模糊，尝试重新获取 (第3次尝试)
2025-05-09 21:13:45 [INFO] 正在获取图像，尝试 4/30 (已耗时: 12.1秒)
2025-05-09 21:13:48 [INFO] 图像质量: 模糊 拉普拉斯变异度低 (0.02 < 100) | Sobel梯度均值低 (0.04 < 20) | 边缘检测点少 (0.00% < 1.0%) | 高频能量正常 (84.34)
2025-05-09 21:13:48 [WARNING] 图像模糊，尝试重新获取 (第4次尝试)
2025-05-09 21:13:49 [INFO] 正在获取图像，尝试 5/30 (已耗时: 16.1秒)
2025-05-09 21:13:52 [INFO] 图像质量: 模糊 拉普拉斯变异度低 (0.02 < 100) | Sobel梯度均值低 (0.06 < 20) | 边缘检测点少 (0.00% < 1.0%) | 高频能量正常 (88.58)
2025-05-09 21:13:52 [WARNING] 图像模糊，尝试重新获取 (第5次尝试)
2025-05-09 21:13:53 [INFO] 正在获取图像，尝试 6/30 (已耗时: 19.9秒)
2025-05-09 21:13:56 [INFO] 图像质量: 模糊 拉普拉斯变异度低 (0.24 < 100) | Sobel梯度均值低 (0.24 < 20) | 边缘检测点少 (0.00% < 1.0%) | 高频能量正常 (111.72)
2025-05-09 21:13:56 [WARNING] 图像模糊，尝试重新获取 (第6次尝试)
2025-05-09 21:13:57 [INFO] 正在获取图像，尝试 7/30 (已耗时: 23.9秒)
2025-05-09 21:14:00 [INFO] 图像质量: 模糊 拉普拉斯变异度低 (0.05 < 100) | Sobel梯度均值低 (0.10 < 20) | 边缘检测点少 (0.00% < 1.0%) | 高频能量正常 (95.46)
2025-05-09 21:14:00 [WARNING] 图像模糊，尝试重新获取 (第7次尝试)
2025-05-09 21:14:01 [INFO] 正在获取图像，尝试 8/30 (已耗时: 27.8秒)
2025-05-09 21:14:04 [INFO] 图像质量: 模糊 拉普拉斯变异度低 (0.07 < 100) | Sobel梯度均值低 (0.09 < 20) | 边缘检测点少 (0.00% < 1.0%) | 高频能量正常 (98.21)
2025-05-09 21:14:04 [WARNING] 图像模糊，尝试重新获取 (第8次尝试)
2025-05-09 21:14:05 [ERROR] 获取清晰图像超时 (30秒)
2025-05-09 21:14:05 [WARNING] 返回超时前的最后一帧图像
2025-05-09 21:14:08 [INFO] 正在获取图像，尝试 1/30 (已耗时: 0.0秒)
2025-05-09 21:14:11 [INFO] 图像质量: 模糊 拉普拉斯变异度低 (0.04 < 100) | Sobel梯度均值低 (0.07 < 20) | 边缘检测点少 (0.00% < 1.0%) | 高频能量正常 (92.53)
2025-05-09 21:14:11 [WARNING] 图像模糊，尝试重新获取 (第1次尝试)
2025-05-09 21:14:12 [INFO] 正在获取图像，尝试 2/30 (已耗时: 4.0秒)
2025-05-09 21:14:15 [INFO] 图像质量: 模糊 拉普拉斯变异度低 (0.03 < 100) | Sobel梯度均值低 (0.07 < 20) | 边缘检测点少 (0.00% < 1.0%) | 高频能量正常 (91.53)
2025-05-09 21:14:15 [WARNING] 图像模糊，尝试重新获取 (第2次尝试)
2025-05-09 21:14:15 [INFO] 正在获取图像，尝试 3/30 (已耗时: 7.9秒)
2025-05-09 21:14:19 [INFO] 图像质量: 模糊 拉普拉斯变异度低 (0.04 < 100) | Sobel梯度均值低 (0.08 < 20) | 边缘检测点少 (0.00% < 1.0%) | 高频能量正常 (94.30)
2025-05-09 21:14:19 [WARNING] 图像模糊，尝试重新获取 (第3次尝试)
2025-05-09 21:14:19 [INFO] 正在获取图像，尝试 4/30 (已耗时: 11.9秒)
2025-05-09 21:14:23 [INFO] 图像质量: 模糊 拉普拉斯变异度低 (0.02 < 100) | Sobel梯度均值低 (0.05 < 20) | 边缘检测点少 (0.00% < 1.0%) | 高频能量正常 (86.06)
2025-05-09 21:14:23 [WARNING] 图像模糊，尝试重新获取 (第4次尝试)
2025-05-09 21:14:23 [INFO] 正在获取图像，尝试 5/30 (已耗时: 15.8秒)
2025-05-09 21:14:27 [INFO] 图像质量: 模糊 拉普拉斯变异度低 (0.02 < 100) | Sobel梯度均值低 (0.05 < 20) | 边缘检测点少 (0.00% < 1.0%) | 高频能量正常 (87.79)
2025-05-09 21:14:27 [WARNING] 图像模糊，尝试重新获取 (第5次尝试)
2025-05-09 21:14:27 [INFO] 正在获取图像，尝试 6/30 (已耗时: 19.8秒)
2025-05-09 21:14:31 [INFO] 图像质量: 模糊 拉普拉斯变异度低 (0.04 < 100) | Sobel梯度均值低 (0.08 < 20) | 边缘检测点少 (0.00% < 1.0%) | 高频能量正常 (93.45)
2025-05-09 21:14:31 [WARNING] 图像模糊，尝试重新获取 (第6次尝试)
2025-05-09 21:14:31 [INFO] 正在获取图像，尝试 7/30 (已耗时: 23.7秒)
2025-05-09 21:14:35 [INFO] 图像质量: 模糊 拉普拉斯变异度低 (0.03 < 100) | Sobel梯度均值低 (0.07 < 20) | 边缘检测点少 (0.00% < 1.0%) | 高频能量正常 (91.77)
2025-05-09 21:14:35 [WARNING] 图像模糊，尝试重新获取 (第7次尝试)
2025-05-09 21:14:35 [INFO] 正在获取图像，尝试 8/30 (已耗时: 27.8秒)
2025-05-09 21:14:39 [INFO] 图像质量: 模糊 拉普拉斯变异度低 (0.06 < 100) | Sobel梯度均值低 (0.09 < 20) | 边缘检测点少 (0.00% < 1.0%) | 高频能量正常 (96.45)
2025-05-09 21:14:39 [WARNING] 图像模糊，尝试重新获取 (第8次尝试)
2025-05-09 21:14:39 [ERROR] 获取清晰图像超时 (30秒)
2025-05-09 21:14:39 [WARNING] 返回超时前的最后一帧图像
2025-05-09 21:14:42 [INFO] 正在获取图像，尝试 1/30 (已耗时: 0.0秒)
2025-05-09 21:14:46 [INFO] 图像质量: 模糊 拉普拉斯变异度低 (0.05 < 100) | Sobel梯度均值低 (0.09 < 20) | 边缘检测点少 (0.00% < 1.0%) | 高频能量正常 (95.59)
2025-05-09 21:14:46 [WARNING] 图像模糊，尝试重新获取 (第1次尝试)
2025-05-09 21:14:46 [INFO] 正在获取图像，尝试 2/30 (已耗时: 3.9秒)
2025-05-09 21:14:50 [INFO] 图像质量: 模糊 拉普拉斯变异度低 (0.04 < 100) | Sobel梯度均值低 (0.07 < 20) | 边缘检测点少 (0.00% < 1.0%) | 高频能量正常 (93.59)
2025-05-09 21:14:50 [WARNING] 图像模糊，尝试重新获取 (第2次尝试)
2025-05-09 21:14:50 [INFO] 正在获取图像，尝试 3/30 (已耗时: 7.8秒)
2025-05-09 21:14:54 [INFO] 图像质量: 模糊 拉普拉斯变异度低 (0.26 < 100) | Sobel梯度均值低 (0.11 < 20) | 边缘检测点少 (0.00% < 1.0%) | 高频能量正常 (114.20)
2025-05-09 21:14:54 [WARNING] 图像模糊，尝试重新获取 (第3次尝试)
2025-05-09 21:14:54 [INFO] 正在获取图像，尝试 4/30 (已耗时: 11.8秒)
2025-05-09 21:14:58 [INFO] 图像质量: 模糊 拉普拉斯变异度低 (1.84 < 100) | Sobel梯度均值低 (0.16 < 20) | 边缘检测点少 (0.01% < 1.0%) | 高频能量正常 (132.37)
2025-05-09 21:14:58 [WARNING] 图像模糊，尝试重新获取 (第4次尝试)
2025-05-09 21:14:58 [INFO] 正在获取图像，尝试 5/30 (已耗时: 15.7秒)
2025-05-09 21:15:01 [INFO] 图像质量: 模糊 拉普拉斯变异度低 (0.05 < 100) | Sobel梯度均值低 (0.07 < 20) | 边缘检测点少 (0.00% < 1.0%) | 高频能量正常 (93.66)
2025-05-09 21:15:01 [WARNING] 图像模糊，尝试重新获取 (第5次尝试)
2025-05-09 21:15:02 [INFO] 正在获取图像，尝试 6/30 (已耗时: 19.5秒)
2025-05-09 21:15:05 [INFO] 图像质量: 模糊 拉普拉斯变异度低 (0.06 < 100) | Sobel梯度均值低 (0.08 < 20) | 边缘检测点少 (0.00% < 1.0%) | 高频能量正常 (99.39)
2025-05-09 21:15:05 [WARNING] 图像模糊，尝试重新获取 (第6次尝试)
2025-05-09 21:15:06 [INFO] 正在获取图像，尝试 7/30 (已耗时: 23.4秒)
2025-05-09 21:15:09 [INFO] 图像质量: 模糊 拉普拉斯变异度低 (0.70 < 100) | Sobel梯度均值低 (0.53 < 20) | 边缘检测点少 (0.00% < 1.0%) | 高频能量正常 (124.50)
2025-05-09 21:15:09 [WARNING] 图像模糊，尝试重新获取 (第7次尝试)
2025-05-09 21:15:10 [INFO] 正在获取图像，尝试 8/30 (已耗时: 27.3秒)
2025-05-09 21:15:13 [INFO] 图像质量: 清晰 拉普拉斯变异度正常 (254.36) | Sobel梯度均值正常 (26.14) | 边缘检测点正常 (2.12%) | 高频能量正常 (177.38)
2025-05-09 21:15:13 [INFO] 图像清晰度良好，可以进行检测
2025-05-09 21:15:28 [INFO] 正在获取图像，尝试 1/10 (已耗时: 0.0秒)
2025-05-09 21:15:31 [INFO] 图像质量: 清晰 拉普拉斯变异度正常 (258.68) | Sobel梯度均值正常 (26.23) | 边缘检测点正常 (2.13%) | 高频能量正常 (177.55)
2025-05-09 21:15:31 [INFO] 图像清晰度良好，可以进行检测
2025-05-09 21:15:56 [INFO] 正在获取图像，尝试 1/30 (已耗时: 0.0秒)
2025-05-09 21:16:00 [INFO] 图像质量: 模糊 拉普拉斯变异度低 (0.05 < 100) | Sobel梯度均值低 (0.10 < 20) | 边缘检测点少 (0.00% < 1.0%) | 高频能量正常 (96.52)
2025-05-09 21:16:00 [WARNING] 图像模糊，尝试重新获取 (第1次尝试)
2025-05-09 21:16:00 [INFO] 正在获取图像，尝试 2/30 (已耗时: 3.9秒)
2025-05-09 21:16:04 [INFO] 图像质量: 模糊 拉普拉斯变异度低 (0.21 < 100) | Sobel梯度均值低 (0.13 < 20) | 边缘检测点少 (0.00% < 1.0%) | 高频能量正常 (111.58)
2025-05-09 21:16:04 [WARNING] 图像模糊，尝试重新获取 (第2次尝试)
2025-05-09 21:16:04 [INFO] 正在获取图像，尝试 3/30 (已耗时: 7.8秒)
2025-05-09 21:16:07 [INFO] 图像质量: 模糊 拉普拉斯变异度低 (0.04 < 100) | Sobel梯度均值低 (0.09 < 20) | 边缘检测点少 (0.00% < 1.0%) | 高频能量正常 (92.74)
2025-05-09 21:16:07 [WARNING] 图像模糊，尝试重新获取 (第3次尝试)
2025-05-09 21:16:08 [INFO] 正在获取图像，尝试 4/30 (已耗时: 11.7秒)
2025-05-09 21:16:11 [INFO] 图像质量: 模糊 拉普拉斯变异度低 (0.07 < 100) | Sobel梯度均值低 (0.12 < 20) | 边缘检测点少 (0.00% < 1.0%) | 高频能量正常 (99.39)
2025-05-09 21:16:11 [WARNING] 图像模糊，尝试重新获取 (第4次尝试)
2025-05-09 21:16:12 [INFO] 正在获取图像，尝试 5/30 (已耗时: 15.6秒)
2025-05-09 21:16:15 [INFO] 图像质量: 模糊 拉普拉斯变异度低 (0.05 < 100) | Sobel梯度均值低 (0.09 < 20) | 边缘检测点少 (0.00% < 1.0%) | 高频能量正常 (95.62)
2025-05-09 21:16:15 [WARNING] 图像模糊，尝试重新获取 (第5次尝试)
2025-05-09 21:16:16 [INFO] 正在获取图像，尝试 6/30 (已耗时: 19.5秒)
2025-05-09 21:16:19 [INFO] 图像质量: 清晰 拉普拉斯变异度正常 (256.89) | Sobel梯度均值正常 (26.19) | 边缘检测点正常 (2.14%) | 高频能量正常 (177.41)
2025-05-09 21:16:19 [INFO] 图像清晰度良好，可以进行检测
2025-05-09 21:16:34 [INFO] 正在获取图像，尝试 1/10 (已耗时: 0.0秒)
2025-05-09 21:16:37 [INFO] 图像质量: 模糊 拉普拉斯变异度低 (0.21 < 100) | Sobel梯度均值低 (0.19 < 20) | 边缘检测点少 (0.00% < 1.0%) | 高频能量正常 (112.22)
2025-05-09 21:16:37 [WARNING] 图像模糊，尝试重新获取 (第1次尝试)
2025-05-09 21:16:39 [INFO] 正在获取图像，尝试 2/10 (已耗时: 5.4秒)
