2025-05-08 19:48:58 [INFO] 正在获取图像，尝试 1/30 (已耗时: 0.0秒)
2025-05-08 19:49:01 [INFO] 图像质量: 模糊 拉普拉斯变异度低 (0.04 < 100) | Sobel梯度均值低 (0.07 < 20) | 边缘检测点少 (0.00% < 1.0%) | 高频能量正常 (93.48)
2025-05-08 19:49:01 [WARNING] 图像模糊，尝试重新获取 (第1次尝试)
2025-05-08 19:49:02 [INFO] 正在获取图像，尝试 2/30 (已耗时: 4.2秒)
2025-05-08 19:49:06 [INFO] 图像质量: 模糊 拉普拉斯变异度低 (0.03 < 100) | Sobel梯度均值低 (0.07 < 20) | 边缘检测点少 (0.00% < 1.0%) | 高频能量正常 (90.10)
2025-05-08 19:49:06 [WARNING] 图像模糊，尝试重新获取 (第2次尝试)
2025-05-08 19:49:06 [INFO] 正在获取图像，尝试 3/30 (已耗时: 8.4秒)
2025-05-08 19:49:10 [INFO] 图像质量: 模糊 拉普拉斯变异度低 (0.05 < 100) | Sobel梯度均值低 (0.10 < 20) | 边缘检测点少 (0.00% < 1.0%) | 高频能量正常 (95.30)
2025-05-08 19:49:10 [WARNING] 图像模糊，尝试重新获取 (第3次尝试)
2025-05-08 19:49:10 [INFO] 正在获取图像，尝试 4/30 (已耗时: 12.6秒)
2025-05-08 19:49:14 [INFO] 图像质量: 模糊 拉普拉斯变异度低 (0.18 < 100) | Sobel梯度均值低 (0.14 < 20) | 边缘检测点少 (0.00% < 1.0%) | 高频能量正常 (111.01)
2025-05-08 19:49:14 [WARNING] 图像模糊，尝试重新获取 (第4次尝试)
2025-05-08 19:49:14 [INFO] 正在获取图像，尝试 5/30 (已耗时: 16.8秒)
2025-05-08 19:49:18 [INFO] 图像质量: 模糊 拉普拉斯变异度低 (0.06 < 100) | Sobel梯度均值低 (0.14 < 20) | 边缘检测点少 (0.00% < 1.0%) | 高频能量正常 (99.28)
2025-05-08 19:49:18 [WARNING] 图像模糊，尝试重新获取 (第5次尝试)
2025-05-08 19:49:19 [INFO] 正在获取图像，尝试 6/30 (已耗时: 20.9秒)
2025-05-08 19:49:22 [INFO] 图像质量: 模糊 拉普拉斯变异度低 (0.07 < 100) | Sobel梯度均值低 (0.13 < 20) | 边缘检测点少 (0.00% < 1.0%) | 高频能量正常 (97.98)
2025-05-08 19:49:22 [WARNING] 图像模糊，尝试重新获取 (第6次尝试)
2025-05-08 19:49:23 [INFO] 正在获取图像，尝试 7/30 (已耗时: 25.1秒)
2025-05-08 19:49:26 [INFO] 图像质量: 模糊 拉普拉斯变异度低 (1.33 < 100) | Sobel梯度均值低 (0.16 < 20) | 边缘检测点少 (0.00% < 1.0%) | 高频能量正常 (128.11)
2025-05-08 19:49:26 [WARNING] 图像模糊，尝试重新获取 (第7次尝试)
2025-05-08 19:49:27 [INFO] 正在获取图像，尝试 8/30 (已耗时: 29.3秒)
2025-05-08 19:49:31 [INFO] 图像质量: 模糊 拉普拉斯变异度低 (0.05 < 100) | Sobel梯度均值低 (0.11 < 20) | 边缘检测点少 (0.00% < 1.0%) | 高频能量正常 (95.84)
2025-05-08 19:49:31 [WARNING] 图像模糊，尝试重新获取 (第8次尝试)
2025-05-08 19:49:31 [ERROR] 获取清晰图像超时 (30秒)
2025-05-08 19:49:31 [WARNING] 返回超时前的最后一帧图像
2025-05-08 19:49:34 [INFO] 正在获取图像，尝试 1/30 (已耗时: 0.0秒)
2025-05-08 19:49:38 [INFO] 图像质量: 模糊 拉普拉斯变异度低 (0.08 < 100) | Sobel梯度均值低 (0.16 < 20) | 边缘检测点少 (0.00% < 1.0%) | 高频能量正常 (101.52)
2025-05-08 19:49:38 [WARNING] 图像模糊，尝试重新获取 (第1次尝试)
2025-05-08 19:49:39 [INFO] 正在获取图像，尝试 2/30 (已耗时: 4.3秒)
2025-05-08 19:49:42 [INFO] 图像质量: 模糊 拉普拉斯变异度低 (0.08 < 100) | Sobel梯度均值低 (0.14 < 20) | 边缘检测点少 (0.00% < 1.0%) | 高频能量正常 (99.09)
2025-05-08 19:49:42 [WARNING] 图像模糊，尝试重新获取 (第2次尝试)
2025-05-08 19:49:43 [INFO] 正在获取图像，尝试 3/30 (已耗时: 8.5秒)
2025-05-08 19:49:46 [INFO] 图像质量: 模糊 拉普拉斯变异度低 (0.06 < 100) | Sobel梯度均值低 (0.10 < 20) | 边缘检测点少 (0.00% < 1.0%) | 高频能量正常 (98.26)
2025-05-08 19:49:46 [WARNING] 图像模糊，尝试重新获取 (第3次尝试)
2025-05-08 19:49:47 [INFO] 正在获取图像，尝试 4/30 (已耗时: 12.7秒)
2025-05-08 19:49:51 [INFO] 图像质量: 模糊 拉普拉斯变异度低 (0.07 < 100) | Sobel梯度均值低 (0.11 < 20) | 边缘检测点少 (0.00% < 1.0%) | 高频能量正常 (99.37)
2025-05-08 19:49:51 [WARNING] 图像模糊，尝试重新获取 (第4次尝试)
2025-05-08 19:49:51 [INFO] 正在获取图像，尝试 5/30 (已耗时: 16.9秒)
2025-05-08 19:49:55 [INFO] 图像质量: 模糊 拉普拉斯变异度低 (0.28 < 100) | Sobel梯度均值低 (0.27 < 20) | 边缘检测点少 (0.00% < 1.0%) | 高频能量正常 (113.74)
2025-05-08 19:49:55 [WARNING] 图像模糊，尝试重新获取 (第5次尝试)
2025-05-08 19:49:55 [INFO] 正在获取图像，尝试 6/30 (已耗时: 21.1秒)
2025-05-08 19:49:59 [INFO] 图像质量: 模糊 拉普拉斯变异度低 (0.04 < 100) | Sobel梯度均值低 (0.10 < 20) | 边缘检测点少 (0.00% < 1.0%) | 高频能量正常 (94.05)
2025-05-08 19:49:59 [WARNING] 图像模糊，尝试重新获取 (第6次尝试)
2025-05-08 19:50:00 [INFO] 正在获取图像，尝试 7/30 (已耗时: 25.4秒)
2025-05-08 19:50:04 [INFO] 图像质量: 模糊 拉普拉斯变异度低 (0.89 < 100) | Sobel梯度均值低 (0.13 < 20) | 边缘检测点少 (0.00% < 1.0%) | 高频能量正常 (125.80)
2025-05-08 19:50:04 [WARNING] 图像模糊，尝试重新获取 (第7次尝试)
2025-05-08 19:50:04 [INFO] 正在获取图像，尝试 8/30 (已耗时: 29.8秒)
2025-05-08 19:50:08 [INFO] 图像质量: 模糊 拉普拉斯变异度低 (0.03 < 100) | Sobel梯度均值低 (0.07 < 20) | 边缘检测点少 (0.00% < 1.0%) | 高频能量正常 (90.66)
2025-05-08 19:50:08 [WARNING] 图像模糊，尝试重新获取 (第8次尝试)
2025-05-08 19:50:08 [ERROR] 获取清晰图像超时 (30秒)
2025-05-08 19:50:08 [WARNING] 返回超时前的最后一帧图像
2025-05-08 19:50:11 [INFO] 正在获取图像，尝试 1/30 (已耗时: 0.0秒)
2025-05-08 19:50:15 [INFO] 图像质量: 模糊 拉普拉斯变异度低 (0.04 < 100) | Sobel梯度均值低 (0.09 < 20) | 边缘检测点少 (0.00% < 1.0%) | 高频能量正常 (92.95)
2025-05-08 19:50:15 [WARNING] 图像模糊，尝试重新获取 (第1次尝试)
2025-05-08 19:50:16 [INFO] 正在获取图像，尝试 2/30 (已耗时: 4.2秒)
2025-05-08 19:50:19 [INFO] 图像质量: 模糊 拉普拉斯变异度低 (0.04 < 100) | Sobel梯度均值低 (0.09 < 20) | 边缘检测点少 (0.00% < 1.0%) | 高频能量正常 (93.32)
2025-05-08 19:50:19 [WARNING] 图像模糊，尝试重新获取 (第2次尝试)
2025-05-08 19:50:20 [INFO] 正在获取图像，尝试 3/30 (已耗时: 8.5秒)
2025-05-08 19:50:24 [INFO] 图像质量: 模糊 拉普拉斯变异度低 (0.03 < 100) | Sobel梯度均值低 (0.07 < 20) | 边缘检测点少 (0.00% < 1.0%) | 高频能量正常 (92.19)
2025-05-08 19:50:24 [WARNING] 图像模糊，尝试重新获取 (第3次尝试)
2025-05-08 19:50:24 [INFO] 正在获取图像，尝试 4/30 (已耗时: 12.8秒)
2025-05-08 19:50:28 [INFO] 图像质量: 清晰 拉普拉斯变异度正常 (256.73) | Sobel梯度均值正常 (26.41) | 边缘检测点正常 (1.93%) | 高频能量正常 (177.67)
2025-05-08 19:50:28 [INFO] 图像清晰度良好，可以进行检测
