2025-05-08 17:56:23 [INFO] 正在获取图像，尝试 1/30 (已耗时: 0.0秒)
2025-05-08 17:56:27 [INFO] 图像质量: 模糊 拉普拉斯变异度低 (0.07 < 100) | Sobel梯度均值低 (0.13 < 20) | 边缘检测点少 (0.00% < 1.0%) | 高频能量正常 (98.12)
2025-05-08 17:56:27 [WARNING] 图像模糊，尝试重新获取 (第1次尝试)
2025-05-08 17:56:27 [INFO] 正在获取图像，尝试 2/30 (已耗时: 4.0秒)
2025-05-08 17:56:31 [INFO] 图像质量: 模糊 拉普拉斯变异度低 (0.07 < 100) | Sobel梯度均值低 (0.15 < 20) | 边缘检测点少 (0.00% < 1.0%) | 高频能量正常 (98.38)
2025-05-08 17:56:31 [WARNING] 图像模糊，尝试重新获取 (第2次尝试)
2025-05-08 17:56:31 [INFO] 正在获取图像，尝试 3/30 (已耗时: 8.0秒)
2025-05-08 17:56:35 [INFO] 图像质量: 模糊 拉普拉斯变异度低 (0.05 < 100) | Sobel梯度均值低 (0.11 < 20) | 边缘检测点少 (0.00% < 1.0%) | 高频能量正常 (94.50)
2025-05-08 17:56:35 [WARNING] 图像模糊，尝试重新获取 (第3次尝试)
2025-05-08 17:56:35 [INFO] 正在获取图像，尝试 4/30 (已耗时: 12.1秒)
2025-05-08 17:56:39 [INFO] 图像质量: 模糊 拉普拉斯变异度低 (0.05 < 100) | Sobel梯度均值低 (0.11 < 20) | 边缘检测点少 (0.00% < 1.0%) | 高频能量正常 (96.10)
2025-05-08 17:56:39 [WARNING] 图像模糊，尝试重新获取 (第4次尝试)
2025-05-08 17:56:39 [INFO] 正在获取图像，尝试 5/30 (已耗时: 16.1秒)
2025-05-08 17:56:43 [INFO] 图像质量: 模糊 拉普拉斯变异度低 (0.05 < 100) | Sobel梯度均值低 (0.10 < 20) | 边缘检测点少 (0.00% < 1.0%) | 高频能量正常 (95.89)
2025-05-08 17:56:43 [WARNING] 图像模糊，尝试重新获取 (第5次尝试)
2025-05-08 17:56:43 [INFO] 正在获取图像，尝试 6/30 (已耗时: 20.0秒)
2025-05-08 17:56:47 [INFO] 图像质量: 模糊 拉普拉斯变异度低 (0.06 < 100) | Sobel梯度均值低 (0.12 < 20) | 边缘检测点少 (0.00% < 1.0%) | 高频能量正常 (97.95)
2025-05-08 17:56:47 [WARNING] 图像模糊，尝试重新获取 (第6次尝试)
2025-05-08 17:56:47 [INFO] 正在获取图像，尝试 7/30 (已耗时: 24.0秒)
2025-05-08 17:56:51 [INFO] 图像质量: 模糊 拉普拉斯变异度低 (0.08 < 100) | Sobel梯度均值低 (0.15 < 20) | 边缘检测点少 (0.00% < 1.0%) | 高频能量正常 (99.98)
2025-05-08 17:56:51 [WARNING] 图像模糊，尝试重新获取 (第7次尝试)
2025-05-08 17:56:51 [INFO] 正在获取图像，尝试 8/30 (已耗时: 27.9秒)
2025-05-08 17:56:55 [INFO] 图像质量: 模糊 拉普拉斯变异度低 (0.08 < 100) | Sobel梯度均值低 (0.14 < 20) | 边缘检测点少 (0.00% < 1.0%) | 高频能量正常 (99.46)
2025-05-08 17:56:55 [WARNING] 图像模糊，尝试重新获取 (第8次尝试)
2025-05-08 17:56:55 [ERROR] 获取清晰图像超时 (30秒)
2025-05-08 17:56:55 [WARNING] 返回超时前的最后一帧图像
2025-05-08 17:56:56 [INFO] 正在获取图像，尝试 1/30 (已耗时: 0.0秒)
2025-05-08 17:56:59 [INFO] 图像质量: 模糊 拉普拉斯变异度低 (0.06 < 100) | Sobel梯度均值低 (0.14 < 20) | 边缘检测点少 (0.00% < 1.0%) | 高频能量正常 (97.73)
2025-05-08 17:56:59 [WARNING] 图像模糊，尝试重新获取 (第1次尝试)
2025-05-08 17:57:00 [INFO] 正在获取图像，尝试 2/30 (已耗时: 4.2秒)
2025-05-08 17:57:03 [INFO] 图像质量: 模糊 拉普拉斯变异度低 (0.89 < 100) | Sobel梯度均值低 (0.16 < 20) | 边缘检测点少 (0.00% < 1.0%) | 高频能量正常 (125.44)
2025-05-08 17:57:03 [WARNING] 图像模糊，尝试重新获取 (第2次尝试)
2025-05-08 17:57:04 [INFO] 正在获取图像，尝试 3/30 (已耗时: 8.1秒)
2025-05-08 17:57:08 [INFO] 图像质量: 模糊 拉普拉斯变异度低 (1.42 < 100) | Sobel梯度均值低 (0.18 < 20) | 边缘检测点少 (0.00% < 1.0%) | 高频能量正常 (130.84)
2025-05-08 17:57:08 [WARNING] 图像模糊，尝试重新获取 (第3次尝试)
2025-05-08 17:57:08 [INFO] 正在获取图像，尝试 4/30 (已耗时: 12.3秒)
2025-05-08 17:57:12 [INFO] 图像质量: 模糊 拉普拉斯变异度低 (0.08 < 100) | Sobel梯度均值低 (0.10 < 20) | 边缘检测点少 (0.00% < 1.0%) | 高频能量正常 (101.45)
2025-05-08 17:57:12 [WARNING] 图像模糊，尝试重新获取 (第4次尝试)
2025-05-08 17:57:12 [INFO] 正在获取图像，尝试 5/30 (已耗时: 16.4秒)
2025-05-08 17:57:16 [INFO] 图像质量: 模糊 拉普拉斯变异度低 (0.03 < 100) | Sobel梯度均值低 (0.09 < 20) | 边缘检测点少 (0.00% < 1.0%) | 高频能量正常 (91.83)
2025-05-08 17:57:16 [WARNING] 图像模糊，尝试重新获取 (第5次尝试)
2025-05-08 17:57:16 [INFO] 正在获取图像，尝试 6/30 (已耗时: 20.3秒)
2025-05-08 17:57:20 [INFO] 图像质量: 模糊 拉普拉斯变异度低 (0.06 < 100) | Sobel梯度均值低 (0.14 < 20) | 边缘检测点少 (0.00% < 1.0%) | 高频能量正常 (98.62)
2025-05-08 17:57:20 [WARNING] 图像模糊，尝试重新获取 (第6次尝试)
2025-05-08 17:57:20 [INFO] 正在获取图像，尝试 7/30 (已耗时: 24.4秒)
2025-05-08 17:57:24 [INFO] 图像质量: 模糊 拉普拉斯变异度低 (0.06 < 100) | Sobel梯度均值低 (0.13 < 20) | 边缘检测点少 (0.00% < 1.0%) | 高频能量正常 (97.24)
2025-05-08 17:57:24 [WARNING] 图像模糊，尝试重新获取 (第7次尝试)
2025-05-08 17:57:24 [INFO] 正在获取图像，尝试 8/30 (已耗时: 28.3秒)
2025-05-08 17:57:28 [INFO] 图像质量: 模糊 拉普拉斯变异度低 (0.07 < 100) | Sobel梯度均值低 (0.14 < 20) | 边缘检测点少 (0.00% < 1.0%) | 高频能量正常 (98.63)
2025-05-08 17:57:28 [WARNING] 图像模糊，尝试重新获取 (第8次尝试)
2025-05-08 17:57:28 [ERROR] 获取清晰图像超时 (30秒)
2025-05-08 17:57:28 [WARNING] 返回超时前的最后一帧图像
2025-05-08 17:57:29 [INFO] 正在获取图像，尝试 1/30 (已耗时: 0.0秒)
2025-05-08 17:57:32 [INFO] 图像质量: 模糊 拉普拉斯变异度低 (0.08 < 100) | Sobel梯度均值低 (0.16 < 20) | 边缘检测点少 (0.00% < 1.0%) | 高频能量正常 (99.77)
2025-05-08 17:57:32 [WARNING] 图像模糊，尝试重新获取 (第1次尝试)
2025-05-08 17:57:33 [INFO] 正在获取图像，尝试 2/30 (已耗时: 3.9秒)
2025-05-08 17:57:36 [INFO] 图像质量: 模糊 拉普拉斯变异度低 (0.07 < 100) | Sobel梯度均值低 (0.13 < 20) | 边缘检测点少 (0.00% < 1.0%) | 高频能量正常 (98.63)
2025-05-08 17:57:36 [WARNING] 图像模糊，尝试重新获取 (第2次尝试)
2025-05-08 17:57:37 [INFO] 正在获取图像，尝试 3/30 (已耗时: 7.9秒)
2025-05-08 17:57:40 [INFO] 图像质量: 模糊 拉普拉斯变异度低 (0.07 < 100) | Sobel梯度均值低 (0.13 < 20) | 边缘检测点少 (0.00% < 1.0%) | 高频能量正常 (98.10)
2025-05-08 17:57:40 [WARNING] 图像模糊，尝试重新获取 (第3次尝试)
2025-05-08 17:57:40 [INFO] 正在获取图像，尝试 4/30 (已耗时: 11.8秒)
2025-05-08 17:57:44 [INFO] 图像质量: 模糊 拉普拉斯变异度低 (0.09 < 100) | Sobel梯度均值低 (0.18 < 20) | 边缘检测点少 (0.00% < 1.0%) | 高频能量正常 (102.04)
2025-05-08 17:57:44 [WARNING] 图像模糊，尝试重新获取 (第4次尝试)
2025-05-08 17:57:44 [INFO] 正在获取图像，尝试 5/30 (已耗时: 15.8秒)
2025-05-08 17:57:48 [INFO] 图像质量: 模糊 拉普拉斯变异度低 (0.09 < 100) | Sobel梯度均值低 (0.17 < 20) | 边缘检测点少 (0.00% < 1.0%) | 高频能量正常 (102.43)
2025-05-08 17:57:48 [WARNING] 图像模糊，尝试重新获取 (第5次尝试)
2025-05-08 17:57:48 [INFO] 正在获取图像，尝试 6/30 (已耗时: 19.7秒)
2025-05-08 17:57:52 [INFO] 图像质量: 清晰 拉普拉斯变异度正常 (291.37) | Sobel梯度均值正常 (26.56) | 边缘检测点正常 (1.97%) | 高频能量正常 (178.42)
2025-05-08 17:57:52 [INFO] 图像清晰度良好，可以进行检测
