2025-05-13 10:10:18 [INFO] 正在获取图像，尝试 1/1000 (已耗时: 0.0秒)
2025-05-13 10:10:22 [INFO] 图像质量: 模糊 拉普拉斯变异度低 (0.03 < 100) | Sobel梯度均值低 (0.04 < 20) | 边缘检测点少 (0.00% < 1.0%) | 高频能量正常 (88.25)
2025-05-13 10:10:22 [WARNING] 图像模糊，尝试重新获取 (第1次尝试)
2025-05-13 10:10:22 [INFO] 正在获取图像，尝试 2/1000 (已耗时: 3.9秒)
2025-05-13 10:10:25 [INFO] 图像质量: 模糊 拉普拉斯变异度低 (0.04 < 100) | Sobel梯度均值低 (0.06 < 20) | 边缘检测点少 (0.00% < 1.0%) | 高频能量正常 (91.19)
2025-05-13 10:10:25 [WARNING] 图像模糊，尝试重新获取 (第2次尝试)
2025-05-13 10:10:26 [INFO] 正在获取图像，尝试 3/1000 (已耗时: 7.8秒)
2025-05-13 10:10:29 [INFO] 图像质量: 模糊 拉普拉斯变异度低 (0.04 < 100) | Sobel梯度均值低 (0.05 < 20) | 边缘检测点少 (0.00% < 1.0%) | 高频能量正常 (94.65)
2025-05-13 10:10:29 [WARNING] 图像模糊，尝试重新获取 (第3次尝试)
2025-05-13 10:10:30 [INFO] 正在获取图像，尝试 4/1000 (已耗时: 11.7秒)
2025-05-13 10:10:33 [INFO] 图像质量: 模糊 拉普拉斯变异度低 (0.09 < 100) | Sobel梯度均值低 (0.09 < 20) | 边缘检测点少 (0.00% < 1.0%) | 高频能量正常 (102.94)
2025-05-13 10:10:33 [WARNING] 图像模糊，尝试重新获取 (第4次尝试)
2025-05-13 10:10:34 [INFO] 正在获取图像，尝试 5/1000 (已耗时: 15.7秒)
2025-05-13 10:10:37 [INFO] 图像质量: 模糊 拉普拉斯变异度低 (0.39 < 100) | Sobel梯度均值低 (0.15 < 20) | 边缘检测点少 (0.00% < 1.0%) | 高频能量正常 (119.05)
2025-05-13 10:10:37 [WARNING] 图像模糊，尝试重新获取 (第5次尝试)
2025-05-13 10:10:38 [INFO] 正在获取图像，尝试 6/1000 (已耗时: 19.7秒)
2025-05-13 10:10:41 [INFO] 图像质量: 模糊 拉普拉斯变异度低 (0.41 < 100) | Sobel梯度均值低 (0.16 < 20) | 边缘检测点少 (0.00% < 1.0%) | 高频能量正常 (119.35)
2025-05-13 10:10:41 [WARNING] 图像模糊，尝试重新获取 (第6次尝试)
2025-05-13 10:10:42 [INFO] 正在获取图像，尝试 7/1000 (已耗时: 23.6秒)
2025-05-13 10:10:45 [INFO] 图像质量: 清晰 拉普拉斯变异度正常 (279.09) | Sobel梯度均值正常 (28.87) | 边缘检测点正常 (2.30%) | 高频能量正常 (180.47)
2025-05-13 10:10:45 [INFO] 图像清晰度良好，可以进行检测
