2025-04-30 17:02:30 [INFO] 正在获取图像，尝试 1/30 (已耗时: 0.0秒)
2025-04-30 17:02:33 [INFO] 图像质量: 模糊 边缘检测点少 (0.00% < 1.0%) | 高频能量正常 (68.40)
2025-04-30 17:02:33 [WARNING] 图像模糊，尝试重新获取 (第1次尝试)
2025-04-30 17:02:34 [INFO] 正在获取图像，尝试 2/30 (已耗时: 3.7秒)
2025-04-30 17:02:37 [INFO] 图像质量: 模糊 边缘检测点少 (0.67% < 1.0%) | 高频能量正常 (166.55)
2025-04-30 17:02:37 [WARNING] 图像模糊，尝试重新获取 (第2次尝试)
2025-04-30 17:02:38 [INFO] 正在获取图像，尝试 3/30 (已耗时: 7.4秒)
2025-04-30 17:02:41 [INFO] 图像质量: 模糊 边缘检测点少 (0.67% < 1.0%) | 高频能量正常 (166.70)
2025-04-30 17:02:41 [WARNING] 图像模糊，尝试重新获取 (第3次尝试)
2025-04-30 17:02:41 [INFO] 正在获取图像，尝试 4/30 (已耗时: 11.0秒)
2025-04-30 17:02:44 [INFO] 图像质量: 模糊 边缘检测点少 (0.00% < 1.0%) | 高频能量正常 (51.70)
2025-04-30 17:02:44 [WARNING] 图像模糊，尝试重新获取 (第4次尝试)
2025-04-30 17:02:45 [INFO] 正在获取图像，尝试 5/30 (已耗时: 14.7秒)
2025-04-30 17:02:48 [INFO] 图像质量: 模糊 边缘检测点少 (0.67% < 1.0%) | 高频能量正常 (166.57)
2025-04-30 17:02:48 [WARNING] 图像模糊，尝试重新获取 (第5次尝试)
2025-04-30 17:02:49 [INFO] 正在获取图像，尝试 6/30 (已耗时: 18.4秒)
2025-04-30 17:02:52 [INFO] 图像质量: 模糊 边缘检测点少 (0.00% < 1.0%) | 高频能量正常 (75.96)
2025-04-30 17:02:52 [WARNING] 图像模糊，尝试重新获取 (第6次尝试)
2025-04-30 17:02:52 [INFO] 正在获取图像，尝试 7/30 (已耗时: 22.1秒)
2025-04-30 17:02:56 [INFO] 图像质量: 模糊 边缘检测点少 (0.67% < 1.0%) | 高频能量正常 (166.45)
2025-04-30 17:02:56 [WARNING] 图像模糊，尝试重新获取 (第7次尝试)
2025-04-30 17:02:56 [INFO] 正在获取图像，尝试 8/30 (已耗时: 25.8秒)
2025-04-30 17:02:59 [INFO] 图像质量: 模糊 边缘检测点少 (0.67% < 1.0%) | 高频能量正常 (166.65)
2025-04-30 17:02:59 [WARNING] 图像模糊，尝试重新获取 (第8次尝试)
2025-04-30 17:03:00 [INFO] 正在获取图像，尝试 9/30 (已耗时: 29.6秒)
2025-04-30 17:03:03 [INFO] 图像质量: 模糊 边缘检测点少 (0.00% < 1.0%) | 高频能量正常 (94.09)
2025-04-30 17:03:03 [WARNING] 图像模糊，尝试重新获取 (第9次尝试)
2025-04-30 17:03:03 [ERROR] 获取清晰图像超时 (30秒)
2025-04-30 17:03:03 [WARNING] 返回超时前的最后一帧图像
