2025-05-08 19:39:20 [INFO] 正在获取图像，尝试 1/30 (已耗时: 0.0秒)
2025-05-08 19:39:24 [INFO] 图像质量: 模糊 拉普拉斯变异度低 (0.05 < 100) | Sobel梯度均值低 (0.11 < 20) | 边缘检测点少 (0.00% < 1.0%) | 高频能量正常 (96.36)
2025-05-08 19:39:24 [WARNING] 图像模糊，尝试重新获取 (第1次尝试)
2025-05-08 19:39:24 [INFO] 正在获取图像，尝试 2/30 (已耗时: 4.3秒)
2025-05-08 19:39:28 [INFO] 图像质量: 模糊 拉普拉斯变异度低 (0.16 < 100) | Sobel梯度均值低 (0.16 < 20) | 边缘检测点少 (0.00% < 1.0%) | 高频能量正常 (109.81)
2025-05-08 19:39:28 [WARNING] 图像模糊，尝试重新获取 (第2次尝试)
2025-05-08 19:39:28 [INFO] 正在获取图像，尝试 3/30 (已耗时: 8.3秒)
2025-05-08 19:39:32 [INFO] 图像质量: 模糊 拉普拉斯变异度低 (0.16 < 100) | Sobel梯度均值低 (0.13 < 20) | 边缘检测点少 (0.00% < 1.0%) | 高频能量正常 (109.69)
2025-05-08 19:39:32 [WARNING] 图像模糊，尝试重新获取 (第3次尝试)
2025-05-08 19:39:32 [INFO] 正在获取图像，尝试 4/30 (已耗时: 12.4秒)
2025-05-08 19:39:36 [INFO] 图像质量: 模糊 拉普拉斯变异度低 (0.08 < 100) | Sobel梯度均值低 (0.15 < 20) | 边缘检测点少 (0.00% < 1.0%) | 高频能量正常 (101.49)
2025-05-08 19:39:36 [WARNING] 图像模糊，尝试重新获取 (第4次尝试)
2025-05-08 19:39:36 [INFO] 正在获取图像，尝试 5/30 (已耗时: 16.5秒)
2025-05-08 19:39:40 [INFO] 图像质量: 模糊 拉普拉斯变异度低 (0.08 < 100) | Sobel梯度均值低 (0.15 < 20) | 边缘检测点少 (0.00% < 1.0%) | 高频能量正常 (100.82)
2025-05-08 19:39:40 [WARNING] 图像模糊，尝试重新获取 (第5次尝试)
2025-05-08 19:39:41 [INFO] 正在获取图像，尝试 6/30 (已耗时: 20.5秒)
2025-05-08 19:39:44 [INFO] 图像质量: 模糊 拉普拉斯变异度低 (0.09 < 100) | Sobel梯度均值低 (0.13 < 20) | 边缘检测点少 (0.00% < 1.0%) | 高频能量正常 (102.42)
2025-05-08 19:39:44 [WARNING] 图像模糊，尝试重新获取 (第6次尝试)
2025-05-08 19:39:45 [INFO] 正在获取图像，尝试 7/30 (已耗时: 24.7秒)
2025-05-08 19:39:48 [INFO] 图像质量: 模糊 拉普拉斯变异度低 (0.76 < 100) | Sobel梯度均值低 (0.13 < 20) | 边缘检测点少 (0.00% < 1.0%) | 高频能量正常 (124.39)
2025-05-08 19:39:48 [WARNING] 图像模糊，尝试重新获取 (第7次尝试)
2025-05-08 19:39:49 [INFO] 正在获取图像，尝试 8/30 (已耗时: 28.9秒)
2025-05-08 19:39:53 [INFO] 图像质量: 模糊 拉普拉斯变异度低 (0.05 < 100) | Sobel梯度均值低 (0.11 < 20) | 边缘检测点少 (0.00% < 1.0%) | 高频能量正常 (96.39)
2025-05-08 19:39:53 [WARNING] 图像模糊，尝试重新获取 (第8次尝试)
2025-05-08 19:39:53 [ERROR] 获取清晰图像超时 (30秒)
2025-05-08 19:39:53 [WARNING] 返回超时前的最后一帧图像
2025-05-08 19:39:56 [INFO] 正在获取图像，尝试 1/30 (已耗时: 0.0秒)
2025-05-08 19:40:00 [INFO] 图像质量: 模糊 拉普拉斯变异度低 (0.09 < 100) | Sobel梯度均值低 (0.15 < 20) | 边缘检测点少 (0.00% < 1.0%) | 高频能量正常 (102.24)
2025-05-08 19:40:00 [WARNING] 图像模糊，尝试重新获取 (第1次尝试)
2025-05-08 19:40:01 [INFO] 正在获取图像，尝试 2/30 (已耗时: 4.1秒)
2025-05-08 19:40:04 [INFO] 图像质量: 模糊 拉普拉斯变异度低 (0.07 < 100) | Sobel梯度均值低 (0.12 < 20) | 边缘检测点少 (0.00% < 1.0%) | 高频能量正常 (98.67)
2025-05-08 19:40:04 [WARNING] 图像模糊，尝试重新获取 (第2次尝试)
2025-05-08 19:40:05 [INFO] 正在获取图像，尝试 3/30 (已耗时: 8.3秒)
2025-05-08 19:40:08 [INFO] 图像质量: 模糊 拉普拉斯变异度低 (0.06 < 100) | Sobel梯度均值低 (0.12 < 20) | 边缘检测点少 (0.00% < 1.0%) | 高频能量正常 (97.24)
2025-05-08 19:40:08 [WARNING] 图像模糊，尝试重新获取 (第3次尝试)
2025-05-08 19:40:09 [INFO] 正在获取图像，尝试 4/30 (已耗时: 12.4秒)
2025-05-08 19:40:13 [INFO] 图像质量: 模糊 拉普拉斯变异度低 (0.07 < 100) | Sobel梯度均值低 (0.08 < 20) | 边缘检测点少 (0.00% < 1.0%) | 高频能量正常 (100.91)
2025-05-08 19:40:13 [WARNING] 图像模糊，尝试重新获取 (第4次尝试)
2025-05-08 19:40:13 [INFO] 正在获取图像，尝试 5/30 (已耗时: 16.6秒)
2025-05-08 19:40:17 [INFO] 图像质量: 模糊 拉普拉斯变异度低 (0.05 < 100) | Sobel梯度均值低 (0.11 < 20) | 边缘检测点少 (0.00% < 1.0%) | 高频能量正常 (96.64)
2025-05-08 19:40:17 [WARNING] 图像模糊，尝试重新获取 (第5次尝试)
2025-05-08 19:40:17 [INFO] 正在获取图像，尝试 6/30 (已耗时: 20.8秒)
2025-05-08 19:40:21 [INFO] 图像质量: 模糊 拉普拉斯变异度低 (0.03 < 100) | Sobel梯度均值低 (0.06 < 20) | 边缘检测点少 (0.00% < 1.0%) | 高频能量正常 (88.52)
2025-05-08 19:40:21 [WARNING] 图像模糊，尝试重新获取 (第6次尝试)
2025-05-08 19:40:21 [INFO] 正在获取图像，尝试 7/30 (已耗时: 25.1秒)
2025-05-08 19:40:25 [INFO] 图像质量: 模糊 拉普拉斯变异度低 (0.03 < 100) | Sobel梯度均值低 (0.07 < 20) | 边缘检测点少 (0.00% < 1.0%) | 高频能量正常 (89.43)
2025-05-08 19:40:25 [WARNING] 图像模糊，尝试重新获取 (第7次尝试)
2025-05-08 19:40:26 [INFO] 正在获取图像，尝试 8/30 (已耗时: 29.3秒)
2025-05-08 19:40:29 [INFO] 图像质量: 模糊 拉普拉斯变异度低 (0.03 < 100) | Sobel梯度均值低 (0.08 < 20) | 边缘检测点少 (0.00% < 1.0%) | 高频能量正常 (91.45)
2025-05-08 19:40:29 [WARNING] 图像模糊，尝试重新获取 (第8次尝试)
2025-05-08 19:40:30 [ERROR] 获取清晰图像超时 (30秒)
2025-05-08 19:40:30 [WARNING] 返回超时前的最后一帧图像
2025-05-08 19:40:33 [INFO] 正在获取图像，尝试 1/30 (已耗时: 0.0秒)
2025-05-08 19:40:37 [INFO] 图像质量: 模糊 拉普拉斯变异度低 (0.05 < 100) | Sobel梯度均值低 (0.10 < 20) | 边缘检测点少 (0.00% < 1.0%) | 高频能量正常 (94.64)
2025-05-08 19:40:37 [WARNING] 图像模糊，尝试重新获取 (第1次尝试)
2025-05-08 19:40:37 [INFO] 正在获取图像，尝试 2/30 (已耗时: 4.2秒)
2025-05-08 19:40:41 [INFO] 图像质量: 模糊 拉普拉斯变异度低 (0.04 < 100) | Sobel梯度均值低 (0.08 < 20) | 边缘检测点少 (0.00% < 1.0%) | 高频能量正常 (92.29)
2025-05-08 19:40:41 [WARNING] 图像模糊，尝试重新获取 (第2次尝试)
2025-05-08 19:40:41 [INFO] 正在获取图像，尝试 3/30 (已耗时: 8.4秒)
2025-05-08 19:40:45 [INFO] 图像质量: 模糊 拉普拉斯变异度低 (0.05 < 100) | Sobel梯度均值低 (0.11 < 20) | 边缘检测点少 (0.00% < 1.0%) | 高频能量正常 (94.48)
2025-05-08 19:40:45 [WARNING] 图像模糊，尝试重新获取 (第3次尝试)
2025-05-08 19:40:46 [INFO] 正在获取图像，尝试 4/30 (已耗时: 12.7秒)
2025-05-08 19:40:49 [INFO] 图像质量: 模糊 拉普拉斯变异度低 (0.04 < 100) | Sobel梯度均值低 (0.08 < 20) | 边缘检测点少 (0.00% < 1.0%) | 高频能量正常 (95.24)
2025-05-08 19:40:49 [WARNING] 图像模糊，尝试重新获取 (第4次尝试)
2025-05-08 19:40:50 [INFO] 正在获取图像，尝试 5/30 (已耗时: 16.9秒)
2025-05-08 19:40:54 [INFO] 图像质量: 模糊 拉普拉斯变异度低 (0.05 < 100) | Sobel梯度均值低 (0.12 < 20) | 边缘检测点少 (0.00% < 1.0%) | 高频能量正常 (96.65)
2025-05-08 19:40:54 [WARNING] 图像模糊，尝试重新获取 (第5次尝试)
2025-05-08 19:40:54 [INFO] 正在获取图像，尝试 6/30 (已耗时: 21.3秒)
2025-05-08 19:40:58 [INFO] 图像质量: 清晰 拉普拉斯变异度正常 (253.77) | Sobel梯度均值正常 (26.41) | 边缘检测点正常 (1.91%) | 高频能量正常 (177.48)
2025-05-08 19:40:58 [INFO] 图像清晰度良好，可以进行检测
