2025-05-16 09:56:59 [INFO] 正在获取图像，尝试 1/30 (已耗时: 0.0秒)
2025-05-16 09:57:03 [INFO] 图像质量: 模糊 拉普拉斯变异度低 (0.06 < 100) | Sobel梯度均值低 (0.10 < 20) | 边缘检测点少 (0.00% < 1.0%) | 高频能量正常 (96.66)
2025-05-16 09:57:03 [WARNING] 图像模糊，尝试重新获取 (第1次尝试)
2025-05-16 09:57:03 [INFO] 正在获取图像，尝试 2/30 (已耗时: 4.2秒)
2025-05-16 09:57:07 [INFO] 图像质量: 模糊 拉普拉斯变异度低 (0.02 < 100) | Sobel梯度均值低 (0.04 < 20) | 边缘检测点少 (0.00% < 1.0%) | 高频能量正常 (89.55)
2025-05-16 09:57:07 [WARNING] 图像模糊，尝试重新获取 (第2次尝试)
2025-05-16 09:57:07 [INFO] 正在获取图像，尝试 3/30 (已耗时: 8.2秒)
2025-05-16 09:57:11 [INFO] 图像质量: 模糊 拉普拉斯变异度低 (0.07 < 100) | Sobel梯度均值低 (0.05 < 20) | 边缘检测点少 (0.00% < 1.0%) | 高频能量正常 (99.52)
2025-05-16 09:57:11 [WARNING] 图像模糊，尝试重新获取 (第3次尝试)
2025-05-16 09:57:11 [INFO] 正在获取图像，尝试 4/30 (已耗时: 12.2秒)
2025-05-16 09:57:15 [INFO] 图像质量: 模糊 拉普拉斯变异度低 (1.32 < 100) | Sobel梯度均值低 (0.09 < 20) | 边缘检测点少 (0.00% < 1.0%) | 高频能量正常 (128.99)
2025-05-16 09:57:15 [WARNING] 图像模糊，尝试重新获取 (第4次尝试)
2025-05-16 09:57:15 [INFO] 正在获取图像，尝试 5/30 (已耗时: 16.2秒)
2025-05-16 09:57:19 [INFO] 图像质量: 模糊 拉普拉斯变异度低 (1.34 < 100) | Sobel梯度均值低 (0.10 < 20) | 边缘检测点少 (0.00% < 1.0%) | 高频能量正常 (125.25)
2025-05-16 09:57:19 [WARNING] 图像模糊，尝试重新获取 (第5次尝试)
2025-05-16 09:57:19 [INFO] 正在获取图像，尝试 6/30 (已耗时: 20.3秒)
2025-05-16 09:57:23 [INFO] 图像质量: 模糊 拉普拉斯变异度低 (0.65 < 100) | Sobel梯度均值低 (0.10 < 20) | 边缘检测点少 (0.00% < 1.0%) | 高频能量正常 (120.73)
2025-05-16 09:57:23 [WARNING] 图像模糊，尝试重新获取 (第6次尝试)
2025-05-16 09:57:23 [INFO] 正在获取图像，尝试 7/30 (已耗时: 24.3秒)
2025-05-16 09:57:27 [INFO] 图像质量: 模糊 拉普拉斯变异度低 (0.04 < 100) | Sobel梯度均值低 (0.06 < 20) | 边缘检测点少 (0.00% < 1.0%) | 高频能量正常 (92.12)
2025-05-16 09:57:27 [WARNING] 图像模糊，尝试重新获取 (第7次尝试)
2025-05-16 09:57:28 [INFO] 正在获取图像，尝试 8/30 (已耗时: 28.5秒)
2025-05-16 09:57:31 [INFO] 图像质量: 模糊 拉普拉斯变异度低 (0.11 < 100) | Sobel梯度均值低 (0.12 < 20) | 边缘检测点少 (0.00% < 1.0%) | 高频能量正常 (103.61)
2025-05-16 09:57:31 [WARNING] 图像模糊，尝试重新获取 (第8次尝试)
2025-05-16 09:57:32 [ERROR] 获取清晰图像超时 (30秒)
2025-05-16 09:57:32 [WARNING] 返回超时前的最后一帧图像
