2025-05-06 14:57:47 [INFO] 正在获取图像，尝试 1/10 (已耗时: 0.0秒)
2025-05-06 14:57:51 [INFO] 图像质量: 模糊 拉普拉斯变异度低 (0.06 < 100) | Sobel梯度均值低 (0.14 < 20) | 边缘检测点少 (0.00% < 1.0%) | 高频能量正常 (96.84)
2025-05-06 14:57:51 [WARNING] 图像模糊，尝试重新获取 (第1次尝试)
2025-05-06 14:57:51 [INFO] 正在获取图像，尝试 2/10 (已耗时: 3.9秒)
2025-05-06 14:57:55 [INFO] 图像质量: 模糊 拉普拉斯变异度低 (0.11 < 100) | Sobel梯度均值低 (0.11 < 20) | 边缘检测点少 (0.00% < 1.0%) | 高频能量正常 (103.88)
2025-05-06 14:57:55 [WARNING] 图像模糊，尝试重新获取 (第2次尝试)
2025-05-06 14:57:55 [INFO] 正在获取图像，尝试 3/10 (已耗时: 7.9秒)
2025-05-06 14:57:59 [INFO] 图像质量: 模糊 拉普拉斯变异度正常 (120.23) | Sobel梯度均值低 (18.40 < 20) | 边缘检测点正常 (1.19%) | 高频能量正常 (170.19)
2025-05-06 14:57:59 [WARNING] 图像模糊，尝试重新获取 (第3次尝试)
2025-05-06 14:57:59 [INFO] 正在获取图像，尝试 4/10 (已耗时: 11.9秒)
2025-05-06 14:58:03 [INFO] 图像质量: 模糊 拉普拉斯变异度正常 (120.38) | Sobel梯度均值低 (18.45 < 20) | 边缘检测点正常 (1.19%) | 高频能量正常 (170.24)
2025-05-06 14:58:03 [WARNING] 图像模糊，尝试重新获取 (第4次尝试)
2025-05-06 14:58:03 [INFO] 正在获取图像，尝试 5/10 (已耗时: 15.8秒)
2025-05-06 14:58:07 [INFO] 图像质量: 模糊 拉普拉斯变异度正常 (119.69) | Sobel梯度均值低 (18.42 < 20) | 边缘检测点正常 (1.19%) | 高频能量正常 (170.05)
2025-05-06 14:58:07 [WARNING] 图像模糊，尝试重新获取 (第5次尝试)
2025-05-06 14:58:07 [INFO] 正在获取图像，尝试 6/10 (已耗时: 19.8秒)
2025-05-06 14:58:10 [INFO] 图像质量: 模糊 拉普拉斯变异度低 (0.52 < 100) | Sobel梯度均值低 (0.16 < 20) | 边缘检测点少 (0.00% < 1.0%) | 高频能量正常 (118.22)
2025-05-06 14:58:10 [WARNING] 图像模糊，尝试重新获取 (第6次尝试)
2025-05-06 14:58:11 [INFO] 正在获取图像，尝试 7/10 (已耗时: 23.7秒)
2025-05-06 14:58:14 [INFO] 图像质量: 模糊 拉普拉斯变异度正常 (119.10) | Sobel梯度均值低 (18.38 < 20) | 边缘检测点正常 (1.18%) | 高频能量正常 (170.01)
2025-05-06 14:58:14 [WARNING] 图像模糊，尝试重新获取 (第7次尝试)
2025-05-06 14:58:15 [INFO] 正在获取图像，尝试 8/10 (已耗时: 27.8秒)
2025-05-06 14:58:18 [INFO] 图像质量: 模糊 拉普拉斯变异度低 (0.05 < 100) | Sobel梯度均值低 (0.12 < 20) | 边缘检测点少 (0.00% < 1.0%) | 高频能量正常 (96.15)
2025-05-06 14:58:18 [WARNING] 图像模糊，尝试重新获取 (第8次尝试)
2025-05-06 14:58:19 [ERROR] 获取清晰图像超时 (30秒)
2025-05-06 14:58:19 [WARNING] 返回超时前的最后一帧图像
