2025-05-16 14:48:19 [INFO] 正在获取图像，尝试 1/30 (已耗时: 0.0秒)
2025-05-16 14:48:23 [INFO] 图像质量: 模糊 拉普拉斯变异度低 (0.01 < 50) | Sobel梯度均值低 (0.01 < 20) | 边缘检测点少 (0.00% < 0.5%) | 高频能量正常 (77.71)
2025-05-16 14:48:23 [WARNING] 图像模糊，尝试重新获取 (第1次尝试)
2025-05-16 14:48:23 [INFO] 正在获取图像，尝试 2/30 (已耗时: 4.4秒)
2025-05-16 14:48:27 [INFO] 图像质量: 模糊 拉普拉斯变异度低 (0.90 < 50) | Sobel梯度均值低 (0.25 < 20) | 边缘检测点少 (0.02% < 0.5%) | 高频能量正常 (124.67)
2025-05-16 14:48:27 [WARNING] 图像模糊，尝试重新获取 (第2次尝试)
2025-05-16 14:48:28 [INFO] 正在获取图像，尝试 3/30 (已耗时: 8.6秒)
2025-05-16 14:48:31 [INFO] 图像质量: 模糊 拉普拉斯变异度低 (0.20 < 50) | Sobel梯度均值低 (0.18 < 20) | 边缘检测点少 (0.00% < 0.5%) | 高频能量正常 (108.39)
2025-05-16 14:48:31 [WARNING] 图像模糊，尝试重新获取 (第3次尝试)
2025-05-16 14:48:31 [INFO] 正在获取图像，尝试 4/30 (已耗时: 12.5秒)
2025-05-16 14:48:35 [INFO] 图像质量: 模糊 拉普拉斯变异度低 (0.02 < 50) | Sobel梯度均值低 (0.02 < 20) | 边缘检测点少 (0.00% < 0.5%) | 高频能量正常 (83.07)
2025-05-16 14:48:35 [WARNING] 图像模糊，尝试重新获取 (第4次尝试)
2025-05-16 14:48:35 [INFO] 正在获取图像，尝试 5/30 (已耗时: 16.5秒)
2025-05-16 14:48:39 [INFO] 图像质量: 模糊 拉普拉斯变异度低 (0.13 < 50) | Sobel梯度均值低 (0.04 < 20) | 边缘检测点少 (0.00% < 0.5%) | 高频能量正常 (104.65)
2025-05-16 14:48:39 [WARNING] 图像模糊，尝试重新获取 (第5次尝试)
2025-05-16 14:48:39 [INFO] 正在获取图像，尝试 6/30 (已耗时: 20.5秒)
2025-05-16 14:48:43 [INFO] 图像质量: 模糊 拉普拉斯变异度低 (0.09 < 50) | Sobel梯度均值低 (0.02 < 20) | 边缘检测点少 (0.00% < 0.5%) | 高频能量正常 (102.44)
2025-05-16 14:48:43 [WARNING] 图像模糊，尝试重新获取 (第6次尝试)
2025-05-16 14:48:43 [INFO] 正在获取图像，尝试 7/30 (已耗时: 24.5秒)
2025-05-16 14:48:47 [INFO] 图像质量: 模糊 拉普拉斯变异度低 (0.02 < 50) | Sobel梯度均值低 (0.02 < 20) | 边缘检测点少 (0.00% < 0.5%) | 高频能量正常 (84.69)
2025-05-16 14:48:47 [WARNING] 图像模糊，尝试重新获取 (第7次尝试)
2025-05-16 14:48:47 [INFO] 正在获取图像，尝试 8/30 (已耗时: 28.5秒)
2025-05-16 14:48:51 [INFO] 图像质量: 模糊 拉普拉斯变异度低 (0.01 < 50) | Sobel梯度均值低 (0.02 < 20) | 边缘检测点少 (0.00% < 0.5%) | 高频能量正常 (81.57)
2025-05-16 14:48:51 [WARNING] 图像模糊，尝试重新获取 (第8次尝试)
2025-05-16 14:48:51 [ERROR] 获取清晰图像超时 (30秒)
2025-05-16 14:48:51 [WARNING] 返回超时前的最后一帧图像
