2025-07-31 15:16:47 [INFO] CUDA 初始化成功
2025-07-31 15:16:48 [INFO] 引擎加载成功: dangerous.engine
2025-07-31 15:16:48 [INFO] 检测系统初始化成功
2025-07-31 15:16:48 [INFO] 图像预处理完成，原始尺寸: (2160, 3840)
2025-07-31 15:16:48 [INFO] 开始执行目标检测...
2025-07-31 15:16:48 [INFO] 检测完成，找到 3 个物体
2025-07-31 15:16:48 [INFO] 物体 1: GasCyl1 (置信度: 0.94)
2025-07-31 15:16:48 [INFO] 物体 2: GasCyl1 (置信度: 0.88)
2025-07-31 15:16:48 [INFO] 物体 3: GasCyl1 (置信度: 0.68)
2025-07-31 15:16:48 [INFO] 准备保存检测结果到: C:\Users\xindao\workspace\Scrap_steel_system\Scrap_Steel_In_Field\photos\dangerous_det\detection_20250731_151648.jpg
2025-07-31 15:16:48 [INFO] 图像形状: (2160, 3840, 3)
2025-07-31 15:16:48 [INFO] 图像数据类型: uint8
2025-07-31 15:16:48 [INFO] 图像最大值: 255
2025-07-31 15:16:48 [INFO] 图像最小值: 0
2025-07-31 15:16:48 [INFO] 开始保存检测结果图像: 图像尺寸=(2160, 3840, 3), 类型=uint8, 路径=C:\Users\xindao\workspace\Scrap_steel_system\Scrap_Steel_In_Field\photos\dangerous_det\detection_20250731_151648.jpg
2025-07-31 15:16:48 [INFO] 成功保存检测结果到: C:\Users\xindao\workspace\Scrap_steel_system\Scrap_Steel_In_Field\photos\dangerous_det\detection_20250731_151648.jpg
2025-07-31 15:16:48 [INFO] 保存的检测结果文件大小: 1924450 字节
2025-07-31 15:16:48 [INFO] 引擎上下文已释放
2025-07-31 15:16:48 [INFO] TensorRT 引擎已释放
2025-07-31 15:16:48 [INFO] 全局 CUDA 资源已释放
2025-07-31 15:16:48 [INFO] 检测系统资源已释放
2025-07-31 15:16:48 [INFO] CUDA 初始化成功
2025-07-31 15:16:48 [INFO] 引擎加载成功: dangerous.engine
2025-07-31 15:16:48 [INFO] 检测系统初始化成功
2025-07-31 15:16:48 [INFO] 图像预处理完成，原始尺寸: (2160, 3840)
2025-07-31 15:16:48 [INFO] 开始执行目标检测...
2025-07-31 15:16:48 [INFO] 检测完成，找到 4 个物体
2025-07-31 15:16:48 [INFO] 物体 1: GasCyl1 (置信度: 0.94)
2025-07-31 15:16:48 [INFO] 物体 2: GasCyl1 (置信度: 0.88)
2025-07-31 15:16:48 [INFO] 物体 3: GasCyl1 (置信度: 0.85)
2025-07-31 15:16:48 [INFO] 物体 4: GasCyl1 (置信度: 0.30)
2025-07-31 15:16:48 [INFO] 准备保存检测结果到: C:\Users\xindao\workspace\Scrap_steel_system\Scrap_Steel_In_Field\photos\dangerous_det\detection_20250731_151648.jpg
2025-07-31 15:16:48 [INFO] 图像形状: (2160, 3840, 3)
2025-07-31 15:16:48 [INFO] 图像数据类型: uint8
2025-07-31 15:16:48 [INFO] 图像最大值: 255
2025-07-31 15:16:48 [INFO] 图像最小值: 0
2025-07-31 15:16:48 [INFO] 开始保存检测结果图像: 图像尺寸=(2160, 3840, 3), 类型=uint8, 路径=C:\Users\xindao\workspace\Scrap_steel_system\Scrap_Steel_In_Field\photos\dangerous_det\detection_20250731_151648.jpg
2025-07-31 15:16:48 [INFO] 成功保存检测结果到: C:\Users\xindao\workspace\Scrap_steel_system\Scrap_Steel_In_Field\photos\dangerous_det\detection_20250731_151648.jpg
2025-07-31 15:16:48 [INFO] 保存的检测结果文件大小: 1520190 字节
2025-07-31 15:16:48 [INFO] 引擎上下文已释放
2025-07-31 15:16:48 [INFO] TensorRT 引擎已释放
2025-07-31 15:16:48 [INFO] 全局 CUDA 资源已释放
2025-07-31 15:16:48 [INFO] 检测系统资源已释放
2025-07-31 15:16:48 [INFO] CUDA 初始化成功
2025-07-31 15:16:48 [INFO] 引擎加载成功: dangerous.engine
2025-07-31 15:16:48 [INFO] 检测系统初始化成功
2025-07-31 15:16:48 [INFO] 图像预处理完成，原始尺寸: (1080, 1920)
2025-07-31 15:16:48 [INFO] 开始执行目标检测...
2025-07-31 15:16:48 [INFO] 检测完成，找到 9 个物体
2025-07-31 15:16:48 [INFO] 物体 1: FireExt1 (置信度: 0.57)
2025-07-31 15:16:48 [INFO] 物体 2: FireExt1 (置信度: 0.51)
2025-07-31 15:16:48 [INFO] 物体 3: GasCyl1 (置信度: 0.48)
2025-07-31 15:16:48 [INFO] 物体 4: GasCyl1 (置信度: 0.40)
2025-07-31 15:16:48 [INFO] 物体 5: FireExt1 (置信度: 0.36)
2025-07-31 15:16:48 [INFO] 物体 6: GasCyl1 (置信度: 0.35)
2025-07-31 15:16:48 [INFO] 物体 7: FireExt1 (置信度: 0.33)
2025-07-31 15:16:48 [INFO] 物体 8: FireExt1 (置信度: 0.29)
2025-07-31 15:16:48 [INFO] 物体 9: FireExt1 (置信度: 0.27)
2025-07-31 15:16:48 [INFO] 准备保存检测结果到: C:\Users\xindao\workspace\Scrap_steel_system\Scrap_Steel_In_Field\photos\dangerous_det\detection_20250731_151648.jpg
2025-07-31 15:16:48 [INFO] 图像形状: (1080, 1920, 3)
2025-07-31 15:16:48 [INFO] 图像数据类型: uint8
2025-07-31 15:16:48 [INFO] 图像最大值: 255
2025-07-31 15:16:48 [INFO] 图像最小值: 0
2025-07-31 15:16:48 [INFO] 开始保存检测结果图像: 图像尺寸=(1080, 1920, 3), 类型=uint8, 路径=C:\Users\xindao\workspace\Scrap_steel_system\Scrap_Steel_In_Field\photos\dangerous_det\detection_20250731_151648.jpg
2025-07-31 15:16:48 [INFO] 成功保存检测结果到: C:\Users\xindao\workspace\Scrap_steel_system\Scrap_Steel_In_Field\photos\dangerous_det\detection_20250731_151648.jpg
2025-07-31 15:16:48 [INFO] 保存的检测结果文件大小: 533224 字节
2025-07-31 15:16:48 [INFO] 引擎上下文已释放
2025-07-31 15:16:48 [INFO] TensorRT 引擎已释放
2025-07-31 15:16:48 [INFO] 全局 CUDA 资源已释放
2025-07-31 15:16:48 [INFO] 检测系统资源已释放
2025-07-31 15:16:48 [INFO] CUDA 初始化成功
2025-07-31 15:16:48 [INFO] 引擎加载成功: dangerous.engine
2025-07-31 15:16:48 [INFO] 检测系统初始化成功
2025-07-31 15:16:48 [INFO] 图像预处理完成，原始尺寸: (1080, 1920)
2025-07-31 15:16:48 [INFO] 开始执行目标检测...
2025-07-31 15:16:48 [INFO] 检测完成，找到 8 个物体
2025-07-31 15:16:48 [INFO] 物体 1: GasCyl1 (置信度: 0.60)
2025-07-31 15:16:48 [INFO] 物体 2: FireExt1 (置信度: 0.58)
2025-07-31 15:16:48 [INFO] 物体 3: FireExt1 (置信度: 0.46)
2025-07-31 15:16:48 [INFO] 物体 4: GasCyl1 (置信度: 0.43)
2025-07-31 15:16:48 [INFO] 物体 5: GasCyl1 (置信度: 0.39)
2025-07-31 15:16:48 [INFO] 物体 6: FireExt1 (置信度: 0.36)
2025-07-31 15:16:48 [INFO] 物体 7: FireExt1 (置信度: 0.34)
2025-07-31 15:16:48 [INFO] 物体 8: FireExt1 (置信度: 0.26)
2025-07-31 15:16:48 [INFO] 准备保存检测结果到: C:\Users\xindao\workspace\Scrap_steel_system\Scrap_Steel_In_Field\photos\dangerous_det\detection_20250731_151648.jpg
2025-07-31 15:16:48 [INFO] 图像形状: (1080, 1920, 3)
2025-07-31 15:16:48 [INFO] 图像数据类型: uint8
2025-07-31 15:16:48 [INFO] 图像最大值: 255
2025-07-31 15:16:48 [INFO] 图像最小值: 0
2025-07-31 15:16:48 [INFO] 开始保存检测结果图像: 图像尺寸=(1080, 1920, 3), 类型=uint8, 路径=C:\Users\xindao\workspace\Scrap_steel_system\Scrap_Steel_In_Field\photos\dangerous_det\detection_20250731_151648.jpg
2025-07-31 15:16:48 [INFO] 成功保存检测结果到: C:\Users\xindao\workspace\Scrap_steel_system\Scrap_Steel_In_Field\photos\dangerous_det\detection_20250731_151648.jpg
2025-07-31 15:16:48 [INFO] 保存的检测结果文件大小: 535253 字节
2025-07-31 15:16:48 [INFO] 引擎上下文已释放
2025-07-31 15:16:48 [INFO] TensorRT 引擎已释放
2025-07-31 15:16:48 [INFO] 全局 CUDA 资源已释放
2025-07-31 15:16:48 [INFO] 检测系统资源已释放
2025-07-31 15:16:48 [INFO] CUDA 初始化成功
2025-07-31 15:16:48 [INFO] 引擎加载成功: dangerous.engine
2025-07-31 15:16:48 [INFO] 检测系统初始化成功
2025-07-31 15:16:48 [INFO] 图像预处理完成，原始尺寸: (1080, 1920)
2025-07-31 15:16:48 [INFO] 开始执行目标检测...
2025-07-31 15:16:48 [INFO] 检测完成，找到 10 个物体
2025-07-31 15:16:48 [INFO] 物体 1: GasCyl1 (置信度: 0.80)
2025-07-31 15:16:48 [INFO] 物体 2: FireExt1 (置信度: 0.56)
2025-07-31 15:16:48 [INFO] 物体 3: FireExt1 (置信度: 0.40)
2025-07-31 15:16:48 [INFO] 物体 4: GasCyl1 (置信度: 0.39)
2025-07-31 15:16:48 [INFO] 物体 5: FireExt1 (置信度: 0.39)
2025-07-31 15:16:48 [INFO] 物体 6: FireExt1 (置信度: 0.32)
2025-07-31 15:16:48 [INFO] 物体 7: FireExt1 (置信度: 0.32)
2025-07-31 15:16:48 [INFO] 物体 8: FireExt1 (置信度: 0.31)
2025-07-31 15:16:48 [INFO] 物体 9: GasCyl1 (置信度: 0.31)
2025-07-31 15:16:48 [INFO] 物体 10: FireExt1 (置信度: 0.26)
2025-07-31 15:16:48 [INFO] 准备保存检测结果到: C:\Users\xindao\workspace\Scrap_steel_system\Scrap_Steel_In_Field\photos\dangerous_det\detection_20250731_151648.jpg
2025-07-31 15:16:48 [INFO] 图像形状: (1080, 1920, 3)
2025-07-31 15:16:48 [INFO] 图像数据类型: uint8
2025-07-31 15:16:48 [INFO] 图像最大值: 255
2025-07-31 15:16:48 [INFO] 图像最小值: 0
2025-07-31 15:16:48 [INFO] 开始保存检测结果图像: 图像尺寸=(1080, 1920, 3), 类型=uint8, 路径=C:\Users\xindao\workspace\Scrap_steel_system\Scrap_Steel_In_Field\photos\dangerous_det\detection_20250731_151648.jpg
2025-07-31 15:16:48 [INFO] 成功保存检测结果到: C:\Users\xindao\workspace\Scrap_steel_system\Scrap_Steel_In_Field\photos\dangerous_det\detection_20250731_151648.jpg
2025-07-31 15:16:48 [INFO] 保存的检测结果文件大小: 600639 字节
2025-07-31 15:16:48 [INFO] 引擎上下文已释放
2025-07-31 15:16:48 [INFO] TensorRT 引擎已释放
2025-07-31 15:16:48 [INFO] 全局 CUDA 资源已释放
2025-07-31 15:16:48 [INFO] 检测系统资源已释放
2025-07-31 15:16:48 [INFO] CUDA 初始化成功
2025-07-31 15:16:48 [INFO] 引擎加载成功: dangerous.engine
2025-07-31 15:16:48 [INFO] 检测系统初始化成功
2025-07-31 15:16:48 [INFO] 图像预处理完成，原始尺寸: (1080, 1920)
2025-07-31 15:16:48 [INFO] 开始执行目标检测...
2025-07-31 15:16:49 [INFO] 检测完成，找到 7 个物体
2025-07-31 15:16:49 [INFO] 物体 1: GasCyl1 (置信度: 0.81)
2025-07-31 15:16:49 [INFO] 物体 2: FireExt1 (置信度: 0.56)
2025-07-31 15:16:49 [INFO] 物体 3: FireExt1 (置信度: 0.39)
2025-07-31 15:16:49 [INFO] 物体 4: FireExt1 (置信度: 0.38)
2025-07-31 15:16:49 [INFO] 物体 5: FireExt1 (置信度: 0.37)
2025-07-31 15:16:49 [INFO] 物体 6: FireExt1 (置信度: 0.32)
2025-07-31 15:16:49 [INFO] 物体 7: FireExt1 (置信度: 0.30)
2025-07-31 15:16:49 [INFO] 准备保存检测结果到: C:\Users\xindao\workspace\Scrap_steel_system\Scrap_Steel_In_Field\photos\dangerous_det\detection_20250731_151649.jpg
2025-07-31 15:16:49 [INFO] 图像形状: (1080, 1920, 3)
2025-07-31 15:16:49 [INFO] 图像数据类型: uint8
2025-07-31 15:16:49 [INFO] 图像最大值: 255
2025-07-31 15:16:49 [INFO] 图像最小值: 0
2025-07-31 15:16:49 [INFO] 开始保存检测结果图像: 图像尺寸=(1080, 1920, 3), 类型=uint8, 路径=C:\Users\xindao\workspace\Scrap_steel_system\Scrap_Steel_In_Field\photos\dangerous_det\detection_20250731_151649.jpg
2025-07-31 15:16:49 [INFO] 成功保存检测结果到: C:\Users\xindao\workspace\Scrap_steel_system\Scrap_Steel_In_Field\photos\dangerous_det\detection_20250731_151649.jpg
2025-07-31 15:16:49 [INFO] 保存的检测结果文件大小: 586924 字节
2025-07-31 15:16:49 [INFO] 引擎上下文已释放
2025-07-31 15:16:49 [INFO] TensorRT 引擎已释放
2025-07-31 15:16:49 [INFO] 全局 CUDA 资源已释放
2025-07-31 15:16:49 [INFO] 检测系统资源已释放
2025-07-31 15:16:49 [INFO] CUDA 初始化成功
2025-07-31 15:16:49 [INFO] 引擎加载成功: dangerous.engine
2025-07-31 15:16:49 [INFO] 检测系统初始化成功
2025-07-31 15:16:49 [INFO] 图像预处理完成，原始尺寸: (1080, 1920)
2025-07-31 15:16:49 [INFO] 开始执行目标检测...
2025-07-31 15:16:49 [INFO] 检测完成，找到 8 个物体
2025-07-31 15:16:49 [INFO] 物体 1: FireExt1 (置信度: 0.50)
2025-07-31 15:16:49 [INFO] 物体 2: FireExt1 (置信度: 0.50)
2025-07-31 15:16:49 [INFO] 物体 3: FireExt1 (置信度: 0.45)
2025-07-31 15:16:49 [INFO] 物体 4: FireExt1 (置信度: 0.42)
2025-07-31 15:16:49 [INFO] 物体 5: FireExt1 (置信度: 0.41)
2025-07-31 15:16:49 [INFO] 物体 6: FireExt1 (置信度: 0.41)
2025-07-31 15:16:49 [INFO] 物体 7: FireExt1 (置信度: 0.38)
2025-07-31 15:16:49 [INFO] 物体 8: FireExt1 (置信度: 0.31)
2025-07-31 15:16:49 [INFO] 准备保存检测结果到: C:\Users\xindao\workspace\Scrap_steel_system\Scrap_Steel_In_Field\photos\dangerous_det\detection_20250731_151649.jpg
2025-07-31 15:16:49 [INFO] 图像形状: (1080, 1920, 3)
2025-07-31 15:16:49 [INFO] 图像数据类型: uint8
2025-07-31 15:16:49 [INFO] 图像最大值: 255
2025-07-31 15:16:49 [INFO] 图像最小值: 0
2025-07-31 15:16:49 [INFO] 开始保存检测结果图像: 图像尺寸=(1080, 1920, 3), 类型=uint8, 路径=C:\Users\xindao\workspace\Scrap_steel_system\Scrap_Steel_In_Field\photos\dangerous_det\detection_20250731_151649.jpg
2025-07-31 15:16:49 [INFO] 成功保存检测结果到: C:\Users\xindao\workspace\Scrap_steel_system\Scrap_Steel_In_Field\photos\dangerous_det\detection_20250731_151649.jpg
2025-07-31 15:16:49 [INFO] 保存的检测结果文件大小: 653615 字节
2025-07-31 15:16:49 [INFO] 引擎上下文已释放
2025-07-31 15:16:49 [INFO] TensorRT 引擎已释放
2025-07-31 15:16:49 [INFO] 全局 CUDA 资源已释放
2025-07-31 15:16:49 [INFO] 检测系统资源已释放
2025-07-31 15:16:49 [INFO] CUDA 初始化成功
2025-07-31 15:16:49 [INFO] 引擎加载成功: dangerous.engine
2025-07-31 15:16:49 [INFO] 检测系统初始化成功
2025-07-31 15:16:49 [INFO] 图像预处理完成，原始尺寸: (1080, 1920)
2025-07-31 15:16:49 [INFO] 开始执行目标检测...
2025-07-31 15:16:49 [INFO] 检测完成，找到 8 个物体
2025-07-31 15:16:49 [INFO] 物体 1: FireExt1 (置信度: 0.53)
2025-07-31 15:16:49 [INFO] 物体 2: FireExt1 (置信度: 0.53)
2025-07-31 15:16:49 [INFO] 物体 3: FireExt1 (置信度: 0.52)
2025-07-31 15:16:49 [INFO] 物体 4: GasCyl1 (置信度: 0.44)
2025-07-31 15:16:49 [INFO] 物体 5: FireExt1 (置信度: 0.44)
2025-07-31 15:16:49 [INFO] 物体 6: FireExt1 (置信度: 0.43)
2025-07-31 15:16:49 [INFO] 物体 7: FireExt1 (置信度: 0.33)
2025-07-31 15:16:49 [INFO] 物体 8: FireExt1 (置信度: 0.29)
2025-07-31 15:16:49 [INFO] 准备保存检测结果到: C:\Users\xindao\workspace\Scrap_steel_system\Scrap_Steel_In_Field\photos\dangerous_det\detection_20250731_151649.jpg
2025-07-31 15:16:49 [INFO] 图像形状: (1080, 1920, 3)
2025-07-31 15:16:49 [INFO] 图像数据类型: uint8
2025-07-31 15:16:49 [INFO] 图像最大值: 255
2025-07-31 15:16:49 [INFO] 图像最小值: 0
2025-07-31 15:16:49 [INFO] 开始保存检测结果图像: 图像尺寸=(1080, 1920, 3), 类型=uint8, 路径=C:\Users\xindao\workspace\Scrap_steel_system\Scrap_Steel_In_Field\photos\dangerous_det\detection_20250731_151649.jpg
2025-07-31 15:16:49 [INFO] 成功保存检测结果到: C:\Users\xindao\workspace\Scrap_steel_system\Scrap_Steel_In_Field\photos\dangerous_det\detection_20250731_151649.jpg
2025-07-31 15:16:49 [INFO] 保存的检测结果文件大小: 650754 字节
2025-07-31 15:16:49 [INFO] 引擎上下文已释放
2025-07-31 15:16:49 [INFO] TensorRT 引擎已释放
2025-07-31 15:16:49 [INFO] 全局 CUDA 资源已释放
2025-07-31 15:16:49 [INFO] 检测系统资源已释放
2025-07-31 15:16:49 [INFO] CUDA 初始化成功
2025-07-31 15:16:49 [INFO] 引擎加载成功: dangerous.engine
2025-07-31 15:16:49 [INFO] 检测系统初始化成功
2025-07-31 15:16:49 [INFO] 图像预处理完成，原始尺寸: (1080, 1920)
2025-07-31 15:16:49 [INFO] 开始执行目标检测...
2025-07-31 15:16:49 [INFO] 检测完成，找到 11 个物体
2025-07-31 15:16:49 [INFO] 物体 1: FireExt1 (置信度: 0.61)
2025-07-31 15:16:49 [INFO] 物体 2: FireExt1 (置信度: 0.53)
2025-07-31 15:16:49 [INFO] 物体 3: FireExt1 (置信度: 0.45)
2025-07-31 15:16:49 [INFO] 物体 4: FireExt1 (置信度: 0.44)
2025-07-31 15:16:49 [INFO] 物体 5: FireExt1 (置信度: 0.42)
2025-07-31 15:16:49 [INFO] 物体 6: FireExt1 (置信度: 0.39)
2025-07-31 15:16:49 [INFO] 物体 7: FireExt1 (置信度: 0.36)
2025-07-31 15:16:49 [INFO] 物体 8: FireExt1 (置信度: 0.36)
2025-07-31 15:16:49 [INFO] 物体 9: FireExt1 (置信度: 0.30)
2025-07-31 15:16:49 [INFO] 物体 10: FireExt1 (置信度: 0.29)
2025-07-31 15:16:49 [INFO] 物体 11: FireExt1 (置信度: 0.26)
2025-07-31 15:16:49 [INFO] 准备保存检测结果到: C:\Users\xindao\workspace\Scrap_steel_system\Scrap_Steel_In_Field\photos\dangerous_det\detection_20250731_151649.jpg
2025-07-31 15:16:49 [INFO] 图像形状: (1080, 1920, 3)
2025-07-31 15:16:49 [INFO] 图像数据类型: uint8
2025-07-31 15:16:49 [INFO] 图像最大值: 255
2025-07-31 15:16:49 [INFO] 图像最小值: 0
2025-07-31 15:16:49 [INFO] 开始保存检测结果图像: 图像尺寸=(1080, 1920, 3), 类型=uint8, 路径=C:\Users\xindao\workspace\Scrap_steel_system\Scrap_Steel_In_Field\photos\dangerous_det\detection_20250731_151649.jpg
2025-07-31 15:16:49 [INFO] 成功保存检测结果到: C:\Users\xindao\workspace\Scrap_steel_system\Scrap_Steel_In_Field\photos\dangerous_det\detection_20250731_151649.jpg
2025-07-31 15:16:49 [INFO] 保存的检测结果文件大小: 650138 字节
2025-07-31 15:16:49 [INFO] 引擎上下文已释放
2025-07-31 15:16:49 [INFO] TensorRT 引擎已释放
2025-07-31 15:16:49 [INFO] 全局 CUDA 资源已释放
2025-07-31 15:16:49 [INFO] 检测系统资源已释放
2025-07-31 15:16:49 [INFO] CUDA 初始化成功
2025-07-31 15:16:49 [INFO] 引擎加载成功: dangerous.engine
2025-07-31 15:16:49 [INFO] 检测系统初始化成功
2025-07-31 15:16:49 [INFO] 图像预处理完成，原始尺寸: (1080, 1920)
2025-07-31 15:16:49 [INFO] 开始执行目标检测...
2025-07-31 15:16:49 [INFO] 检测完成，找到 11 个物体
2025-07-31 15:16:49 [INFO] 物体 1: FireExt1 (置信度: 0.51)
2025-07-31 15:16:49 [INFO] 物体 2: FireExt1 (置信度: 0.49)
2025-07-31 15:16:49 [INFO] 物体 3: FireExt1 (置信度: 0.45)
2025-07-31 15:16:49 [INFO] 物体 4: FireExt1 (置信度: 0.44)
2025-07-31 15:16:49 [INFO] 物体 5: FireExt1 (置信度: 0.44)
2025-07-31 15:16:49 [INFO] 物体 6: FireExt1 (置信度: 0.41)
2025-07-31 15:16:49 [INFO] 物体 7: FireExt1 (置信度: 0.38)
2025-07-31 15:16:49 [INFO] 物体 8: FireExt1 (置信度: 0.37)
2025-07-31 15:16:49 [INFO] 物体 9: FireExt1 (置信度: 0.31)
2025-07-31 15:16:49 [INFO] 物体 10: FireExt1 (置信度: 0.28)
2025-07-31 15:16:49 [INFO] 物体 11: FireExt1 (置信度: 0.28)
2025-07-31 15:16:49 [INFO] 准备保存检测结果到: C:\Users\xindao\workspace\Scrap_steel_system\Scrap_Steel_In_Field\photos\dangerous_det\detection_20250731_151649.jpg
2025-07-31 15:16:49 [INFO] 图像形状: (1080, 1920, 3)
2025-07-31 15:16:49 [INFO] 图像数据类型: uint8
2025-07-31 15:16:49 [INFO] 图像最大值: 255
2025-07-31 15:16:49 [INFO] 图像最小值: 0
2025-07-31 15:16:49 [INFO] 开始保存检测结果图像: 图像尺寸=(1080, 1920, 3), 类型=uint8, 路径=C:\Users\xindao\workspace\Scrap_steel_system\Scrap_Steel_In_Field\photos\dangerous_det\detection_20250731_151649.jpg
2025-07-31 15:16:49 [INFO] 成功保存检测结果到: C:\Users\xindao\workspace\Scrap_steel_system\Scrap_Steel_In_Field\photos\dangerous_det\detection_20250731_151649.jpg
2025-07-31 15:16:49 [INFO] 保存的检测结果文件大小: 648398 字节
2025-07-31 15:16:49 [INFO] 引擎上下文已释放
2025-07-31 15:16:49 [INFO] TensorRT 引擎已释放
2025-07-31 15:16:49 [INFO] 全局 CUDA 资源已释放
2025-07-31 15:16:49 [INFO] 检测系统资源已释放
2025-07-31 15:16:49 [INFO] CUDA 初始化成功
2025-07-31 15:16:49 [INFO] 引擎加载成功: dangerous.engine
2025-07-31 15:16:49 [INFO] 检测系统初始化成功
2025-07-31 15:16:49 [INFO] 图像预处理完成，原始尺寸: (1080, 1920)
2025-07-31 15:16:49 [INFO] 开始执行目标检测...
2025-07-31 15:16:49 [INFO] 检测完成，找到 9 个物体
2025-07-31 15:16:49 [INFO] 物体 1: FireExt1 (置信度: 0.55)
2025-07-31 15:16:49 [INFO] 物体 2: FireExt1 (置信度: 0.54)
2025-07-31 15:16:49 [INFO] 物体 3: FireExt1 (置信度: 0.44)
2025-07-31 15:16:49 [INFO] 物体 4: FireExt1 (置信度: 0.42)
2025-07-31 15:16:49 [INFO] 物体 5: FireExt1 (置信度: 0.42)
2025-07-31 15:16:49 [INFO] 物体 6: FireExt1 (置信度: 0.40)
2025-07-31 15:16:49 [INFO] 物体 7: FireExt1 (置信度: 0.38)
2025-07-31 15:16:49 [INFO] 物体 8: FireExt1 (置信度: 0.31)
2025-07-31 15:16:49 [INFO] 物体 9: FireExt1 (置信度: 0.26)
2025-07-31 15:16:49 [INFO] 准备保存检测结果到: C:\Users\xindao\workspace\Scrap_steel_system\Scrap_Steel_In_Field\photos\dangerous_det\detection_20250731_151649.jpg
2025-07-31 15:16:49 [INFO] 图像形状: (1080, 1920, 3)
2025-07-31 15:16:49 [INFO] 图像数据类型: uint8
2025-07-31 15:16:49 [INFO] 图像最大值: 255
2025-07-31 15:16:49 [INFO] 图像最小值: 0
2025-07-31 15:16:49 [INFO] 开始保存检测结果图像: 图像尺寸=(1080, 1920, 3), 类型=uint8, 路径=C:\Users\xindao\workspace\Scrap_steel_system\Scrap_Steel_In_Field\photos\dangerous_det\detection_20250731_151649.jpg
2025-07-31 15:16:49 [INFO] 成功保存检测结果到: C:\Users\xindao\workspace\Scrap_steel_system\Scrap_Steel_In_Field\photos\dangerous_det\detection_20250731_151649.jpg
2025-07-31 15:16:49 [INFO] 保存的检测结果文件大小: 645138 字节
2025-07-31 15:16:49 [INFO] 引擎上下文已释放
2025-07-31 15:16:49 [INFO] TensorRT 引擎已释放
2025-07-31 15:16:49 [INFO] 全局 CUDA 资源已释放
2025-07-31 15:16:49 [INFO] 检测系统资源已释放
2025-07-31 15:16:49 [INFO] CUDA 初始化成功
2025-07-31 15:16:49 [INFO] 引擎加载成功: dangerous.engine
2025-07-31 15:16:49 [INFO] 检测系统初始化成功
2025-07-31 15:16:50 [INFO] 图像预处理完成，原始尺寸: (1080, 1920)
2025-07-31 15:16:50 [INFO] 开始执行目标检测...
2025-07-31 15:16:50 [INFO] 检测完成，找到 7 个物体
2025-07-31 15:16:50 [INFO] 物体 1: FireExt1 (置信度: 0.50)
2025-07-31 15:16:50 [INFO] 物体 2: FireExt1 (置信度: 0.45)
2025-07-31 15:16:50 [INFO] 物体 3: FireExt1 (置信度: 0.45)
2025-07-31 15:16:50 [INFO] 物体 4: FireExt1 (置信度: 0.43)
2025-07-31 15:16:50 [INFO] 物体 5: FireExt1 (置信度: 0.38)
2025-07-31 15:16:50 [INFO] 物体 6: FireExt1 (置信度: 0.37)
2025-07-31 15:16:50 [INFO] 物体 7: FireExt1 (置信度: 0.25)
2025-07-31 15:16:50 [INFO] 准备保存检测结果到: C:\Users\xindao\workspace\Scrap_steel_system\Scrap_Steel_In_Field\photos\dangerous_det\detection_20250731_151650.jpg
2025-07-31 15:16:50 [INFO] 图像形状: (1080, 1920, 3)
2025-07-31 15:16:50 [INFO] 图像数据类型: uint8
2025-07-31 15:16:50 [INFO] 图像最大值: 255
2025-07-31 15:16:50 [INFO] 图像最小值: 0
2025-07-31 15:16:50 [INFO] 开始保存检测结果图像: 图像尺寸=(1080, 1920, 3), 类型=uint8, 路径=C:\Users\xindao\workspace\Scrap_steel_system\Scrap_Steel_In_Field\photos\dangerous_det\detection_20250731_151650.jpg
2025-07-31 15:16:50 [INFO] 成功保存检测结果到: C:\Users\xindao\workspace\Scrap_steel_system\Scrap_Steel_In_Field\photos\dangerous_det\detection_20250731_151650.jpg
2025-07-31 15:16:50 [INFO] 保存的检测结果文件大小: 637861 字节
2025-07-31 15:16:50 [INFO] 引擎上下文已释放
2025-07-31 15:16:50 [INFO] TensorRT 引擎已释放
2025-07-31 15:16:50 [INFO] 全局 CUDA 资源已释放
2025-07-31 15:16:50 [INFO] 检测系统资源已释放
2025-07-31 15:16:50 [INFO] CUDA 初始化成功
2025-07-31 15:16:50 [INFO] 引擎加载成功: dangerous.engine
2025-07-31 15:16:50 [INFO] 检测系统初始化成功
2025-07-31 15:16:50 [INFO] 图像预处理完成，原始尺寸: (1080, 1920)
2025-07-31 15:16:50 [INFO] 开始执行目标检测...
2025-07-31 15:16:50 [INFO] 检测完成，找到 3 个物体
2025-07-31 15:16:50 [INFO] 物体 1: FireExt1 (置信度: 0.56)
2025-07-31 15:16:50 [INFO] 物体 2: FireExt1 (置信度: 0.34)
2025-07-31 15:16:50 [INFO] 物体 3: FireExt1 (置信度: 0.26)
2025-07-31 15:16:50 [INFO] 准备保存检测结果到: C:\Users\xindao\workspace\Scrap_steel_system\Scrap_Steel_In_Field\photos\dangerous_det\detection_20250731_151650.jpg
2025-07-31 15:16:50 [INFO] 图像形状: (1080, 1920, 3)
2025-07-31 15:16:50 [INFO] 图像数据类型: uint8
2025-07-31 15:16:50 [INFO] 图像最大值: 255
2025-07-31 15:16:50 [INFO] 图像最小值: 0
2025-07-31 15:16:50 [INFO] 开始保存检测结果图像: 图像尺寸=(1080, 1920, 3), 类型=uint8, 路径=C:\Users\xindao\workspace\Scrap_steel_system\Scrap_Steel_In_Field\photos\dangerous_det\detection_20250731_151650.jpg
2025-07-31 15:16:50 [INFO] 成功保存检测结果到: C:\Users\xindao\workspace\Scrap_steel_system\Scrap_Steel_In_Field\photos\dangerous_det\detection_20250731_151650.jpg
2025-07-31 15:16:50 [INFO] 保存的检测结果文件大小: 569968 字节
2025-07-31 15:16:50 [INFO] 引擎上下文已释放
2025-07-31 15:16:50 [INFO] TensorRT 引擎已释放
2025-07-31 15:16:50 [INFO] 全局 CUDA 资源已释放
2025-07-31 15:16:50 [INFO] 检测系统资源已释放
2025-07-31 15:16:50 [INFO] CUDA 初始化成功
2025-07-31 15:16:50 [INFO] 引擎加载成功: dangerous.engine
2025-07-31 15:16:50 [INFO] 检测系统初始化成功
2025-07-31 15:16:50 [INFO] 图像预处理完成，原始尺寸: (1080, 1920)
2025-07-31 15:16:50 [INFO] 开始执行目标检测...
2025-07-31 15:16:50 [INFO] 检测完成，找到 3 个物体
2025-07-31 15:16:50 [INFO] 物体 1: FireExt1 (置信度: 0.52)
2025-07-31 15:16:50 [INFO] 物体 2: GasCyl1 (置信度: 0.37)
2025-07-31 15:16:50 [INFO] 物体 3: FireExt1 (置信度: 0.34)
2025-07-31 15:16:50 [INFO] 准备保存检测结果到: C:\Users\xindao\workspace\Scrap_steel_system\Scrap_Steel_In_Field\photos\dangerous_det\detection_20250731_151650.jpg
2025-07-31 15:16:50 [INFO] 图像形状: (1080, 1920, 3)
2025-07-31 15:16:50 [INFO] 图像数据类型: uint8
2025-07-31 15:16:50 [INFO] 图像最大值: 255
2025-07-31 15:16:50 [INFO] 图像最小值: 0
2025-07-31 15:16:50 [INFO] 开始保存检测结果图像: 图像尺寸=(1080, 1920, 3), 类型=uint8, 路径=C:\Users\xindao\workspace\Scrap_steel_system\Scrap_Steel_In_Field\photos\dangerous_det\detection_20250731_151650.jpg
2025-07-31 15:16:50 [INFO] 成功保存检测结果到: C:\Users\xindao\workspace\Scrap_steel_system\Scrap_Steel_In_Field\photos\dangerous_det\detection_20250731_151650.jpg
2025-07-31 15:16:50 [INFO] 保存的检测结果文件大小: 572818 字节
2025-07-31 15:16:50 [INFO] 引擎上下文已释放
2025-07-31 15:16:50 [INFO] TensorRT 引擎已释放
2025-07-31 15:16:50 [INFO] 全局 CUDA 资源已释放
2025-07-31 15:16:50 [INFO] 检测系统资源已释放
2025-07-31 15:16:50 [INFO] CUDA 初始化成功
2025-07-31 15:16:50 [INFO] 引擎加载成功: dangerous.engine
2025-07-31 15:16:50 [INFO] 检测系统初始化成功
2025-07-31 15:16:50 [INFO] 图像预处理完成，原始尺寸: (1080, 1920)
2025-07-31 15:16:50 [INFO] 开始执行目标检测...
2025-07-31 15:16:50 [INFO] 检测完成，找到 7 个物体
2025-07-31 15:16:50 [INFO] 物体 1: FireExt1 (置信度: 0.52)
2025-07-31 15:16:50 [INFO] 物体 2: GasCyl1 (置信度: 0.49)
2025-07-31 15:16:50 [INFO] 物体 3: FireExt1 (置信度: 0.37)
2025-07-31 15:16:50 [INFO] 物体 4: FireExt1 (置信度: 0.37)
2025-07-31 15:16:50 [INFO] 物体 5: FireExt1 (置信度: 0.33)
2025-07-31 15:16:50 [INFO] 物体 6: FireExt1 (置信度: 0.31)
2025-07-31 15:16:50 [INFO] 物体 7: FireExt1 (置信度: 0.29)
2025-07-31 15:16:50 [INFO] 准备保存检测结果到: C:\Users\xindao\workspace\Scrap_steel_system\Scrap_Steel_In_Field\photos\dangerous_det\detection_20250731_151650.jpg
2025-07-31 15:16:50 [INFO] 图像形状: (1080, 1920, 3)
2025-07-31 15:16:50 [INFO] 图像数据类型: uint8
2025-07-31 15:16:50 [INFO] 图像最大值: 255
2025-07-31 15:16:50 [INFO] 图像最小值: 0
2025-07-31 15:16:50 [INFO] 开始保存检测结果图像: 图像尺寸=(1080, 1920, 3), 类型=uint8, 路径=C:\Users\xindao\workspace\Scrap_steel_system\Scrap_Steel_In_Field\photos\dangerous_det\detection_20250731_151650.jpg
2025-07-31 15:16:50 [INFO] 成功保存检测结果到: C:\Users\xindao\workspace\Scrap_steel_system\Scrap_Steel_In_Field\photos\dangerous_det\detection_20250731_151650.jpg
2025-07-31 15:16:50 [INFO] 保存的检测结果文件大小: 622374 字节
2025-07-31 15:16:50 [INFO] 引擎上下文已释放
2025-07-31 15:16:50 [INFO] TensorRT 引擎已释放
2025-07-31 15:16:50 [INFO] 全局 CUDA 资源已释放
2025-07-31 15:16:50 [INFO] 检测系统资源已释放
2025-07-31 15:16:50 [INFO] CUDA 初始化成功
2025-07-31 15:16:50 [INFO] 引擎加载成功: dangerous.engine
2025-07-31 15:16:50 [INFO] 检测系统初始化成功
2025-07-31 15:16:50 [INFO] 图像预处理完成，原始尺寸: (1080, 1920)
2025-07-31 15:16:50 [INFO] 开始执行目标检测...
2025-07-31 15:16:50 [INFO] 检测完成，找到 6 个物体
2025-07-31 15:16:50 [INFO] 物体 1: FireExt1 (置信度: 0.51)
2025-07-31 15:16:50 [INFO] 物体 2: FireExt1 (置信度: 0.39)
2025-07-31 15:16:50 [INFO] 物体 3: FireExt1 (置信度: 0.34)
2025-07-31 15:16:50 [INFO] 物体 4: FireExt1 (置信度: 0.31)
2025-07-31 15:16:50 [INFO] 物体 5: FireExt1 (置信度: 0.27)
2025-07-31 15:16:50 [INFO] 物体 6: FireExt1 (置信度: 0.26)
2025-07-31 15:16:50 [INFO] 准备保存检测结果到: C:\Users\xindao\workspace\Scrap_steel_system\Scrap_Steel_In_Field\photos\dangerous_det\detection_20250731_151650.jpg
2025-07-31 15:16:50 [INFO] 图像形状: (1080, 1920, 3)
2025-07-31 15:16:50 [INFO] 图像数据类型: uint8
2025-07-31 15:16:50 [INFO] 图像最大值: 255
2025-07-31 15:16:50 [INFO] 图像最小值: 0
2025-07-31 15:16:50 [INFO] 开始保存检测结果图像: 图像尺寸=(1080, 1920, 3), 类型=uint8, 路径=C:\Users\xindao\workspace\Scrap_steel_system\Scrap_Steel_In_Field\photos\dangerous_det\detection_20250731_151650.jpg
2025-07-31 15:16:50 [INFO] 成功保存检测结果到: C:\Users\xindao\workspace\Scrap_steel_system\Scrap_Steel_In_Field\photos\dangerous_det\detection_20250731_151650.jpg
2025-07-31 15:16:50 [INFO] 保存的检测结果文件大小: 614219 字节
2025-07-31 15:16:50 [INFO] 引擎上下文已释放
2025-07-31 15:16:50 [INFO] TensorRT 引擎已释放
2025-07-31 15:16:50 [INFO] 全局 CUDA 资源已释放
2025-07-31 15:16:50 [INFO] 检测系统资源已释放
2025-07-31 15:16:50 [INFO] CUDA 初始化成功
2025-07-31 15:16:50 [INFO] 引擎加载成功: dangerous.engine
2025-07-31 15:16:50 [INFO] 检测系统初始化成功
2025-07-31 15:16:50 [INFO] 图像预处理完成，原始尺寸: (1080, 1920)
2025-07-31 15:16:50 [INFO] 开始执行目标检测...
2025-07-31 15:16:50 [INFO] 检测完成，找到 4 个物体
2025-07-31 15:16:50 [INFO] 物体 1: FireExt1 (置信度: 0.52)
2025-07-31 15:16:50 [INFO] 物体 2: FireExt1 (置信度: 0.38)
2025-07-31 15:16:50 [INFO] 物体 3: FireExt1 (置信度: 0.32)
2025-07-31 15:16:50 [INFO] 物体 4: FireExt1 (置信度: 0.28)
2025-07-31 15:16:50 [INFO] 准备保存检测结果到: C:\Users\xindao\workspace\Scrap_steel_system\Scrap_Steel_In_Field\photos\dangerous_det\detection_20250731_151650.jpg
2025-07-31 15:16:50 [INFO] 图像形状: (1080, 1920, 3)
2025-07-31 15:16:50 [INFO] 图像数据类型: uint8
2025-07-31 15:16:50 [INFO] 图像最大值: 255
2025-07-31 15:16:50 [INFO] 图像最小值: 0
2025-07-31 15:16:50 [INFO] 开始保存检测结果图像: 图像尺寸=(1080, 1920, 3), 类型=uint8, 路径=C:\Users\xindao\workspace\Scrap_steel_system\Scrap_Steel_In_Field\photos\dangerous_det\detection_20250731_151650.jpg
2025-07-31 15:16:50 [INFO] 成功保存检测结果到: C:\Users\xindao\workspace\Scrap_steel_system\Scrap_Steel_In_Field\photos\dangerous_det\detection_20250731_151650.jpg
2025-07-31 15:16:50 [INFO] 保存的检测结果文件大小: 596544 字节
2025-07-31 15:16:50 [INFO] 引擎上下文已释放
2025-07-31 15:16:50 [INFO] TensorRT 引擎已释放
2025-07-31 15:16:50 [INFO] 全局 CUDA 资源已释放
2025-07-31 15:16:50 [INFO] 检测系统资源已释放
2025-07-31 15:16:50 [INFO] CUDA 初始化成功
2025-07-31 15:16:51 [INFO] 引擎加载成功: dangerous.engine
2025-07-31 15:16:51 [INFO] 检测系统初始化成功
2025-07-31 15:16:51 [INFO] 图像预处理完成，原始尺寸: (1080, 1920)
2025-07-31 15:16:51 [INFO] 开始执行目标检测...
2025-07-31 15:16:51 [INFO] 检测完成，找到 5 个物体
2025-07-31 15:16:51 [INFO] 物体 1: FireExt1 (置信度: 0.49)
2025-07-31 15:16:51 [INFO] 物体 2: FireExt1 (置信度: 0.41)
2025-07-31 15:16:51 [INFO] 物体 3: FireExt1 (置信度: 0.39)
2025-07-31 15:16:51 [INFO] 物体 4: GasCyl1 (置信度: 0.34)
2025-07-31 15:16:51 [INFO] 物体 5: FireExt1 (置信度: 0.25)
2025-07-31 15:16:51 [INFO] 准备保存检测结果到: C:\Users\xindao\workspace\Scrap_steel_system\Scrap_Steel_In_Field\photos\dangerous_det\detection_20250731_151651.jpg
2025-07-31 15:16:51 [INFO] 图像形状: (1080, 1920, 3)
2025-07-31 15:16:51 [INFO] 图像数据类型: uint8
2025-07-31 15:16:51 [INFO] 图像最大值: 255
2025-07-31 15:16:51 [INFO] 图像最小值: 0
2025-07-31 15:16:51 [INFO] 开始保存检测结果图像: 图像尺寸=(1080, 1920, 3), 类型=uint8, 路径=C:\Users\xindao\workspace\Scrap_steel_system\Scrap_Steel_In_Field\photos\dangerous_det\detection_20250731_151651.jpg
2025-07-31 15:16:51 [INFO] 成功保存检测结果到: C:\Users\xindao\workspace\Scrap_steel_system\Scrap_Steel_In_Field\photos\dangerous_det\detection_20250731_151651.jpg
2025-07-31 15:16:51 [INFO] 保存的检测结果文件大小: 602693 字节
2025-07-31 15:16:51 [INFO] 引擎上下文已释放
2025-07-31 15:16:51 [INFO] TensorRT 引擎已释放
2025-07-31 15:16:51 [INFO] 全局 CUDA 资源已释放
2025-07-31 15:16:51 [INFO] 检测系统资源已释放
2025-07-31 15:16:51 [INFO] CUDA 初始化成功
2025-07-31 15:16:51 [INFO] 引擎加载成功: dangerous.engine
2025-07-31 15:16:51 [INFO] 检测系统初始化成功
2025-07-31 15:16:51 [INFO] 图像预处理完成，原始尺寸: (1080, 1920)
2025-07-31 15:16:51 [INFO] 开始执行目标检测...
2025-07-31 15:16:51 [INFO] 检测完成，找到 4 个物体
2025-07-31 15:16:51 [INFO] 物体 1: FireExt1 (置信度: 0.47)
2025-07-31 15:16:51 [INFO] 物体 2: FireExt1 (置信度: 0.40)
2025-07-31 15:16:51 [INFO] 物体 3: FireExt1 (置信度: 0.38)
2025-07-31 15:16:51 [INFO] 物体 4: FireExt1 (置信度: 0.34)
2025-07-31 15:16:51 [INFO] 准备保存检测结果到: C:\Users\xindao\workspace\Scrap_steel_system\Scrap_Steel_In_Field\photos\dangerous_det\detection_20250731_151651.jpg
2025-07-31 15:16:51 [INFO] 图像形状: (1080, 1920, 3)
2025-07-31 15:16:51 [INFO] 图像数据类型: uint8
2025-07-31 15:16:51 [INFO] 图像最大值: 255
2025-07-31 15:16:51 [INFO] 图像最小值: 0
2025-07-31 15:16:51 [INFO] 开始保存检测结果图像: 图像尺寸=(1080, 1920, 3), 类型=uint8, 路径=C:\Users\xindao\workspace\Scrap_steel_system\Scrap_Steel_In_Field\photos\dangerous_det\detection_20250731_151651.jpg
2025-07-31 15:16:51 [INFO] 成功保存检测结果到: C:\Users\xindao\workspace\Scrap_steel_system\Scrap_Steel_In_Field\photos\dangerous_det\detection_20250731_151651.jpg
2025-07-31 15:16:51 [INFO] 保存的检测结果文件大小: 595957 字节
2025-07-31 15:16:51 [INFO] 引擎上下文已释放
2025-07-31 15:16:51 [INFO] TensorRT 引擎已释放
2025-07-31 15:16:51 [INFO] 全局 CUDA 资源已释放
2025-07-31 15:16:51 [INFO] 检测系统资源已释放
2025-07-31 15:16:51 [INFO] CUDA 初始化成功
2025-07-31 15:16:51 [INFO] 引擎加载成功: dangerous.engine
2025-07-31 15:16:51 [INFO] 检测系统初始化成功
2025-07-31 15:16:51 [INFO] 图像预处理完成，原始尺寸: (1080, 1920)
2025-07-31 15:16:51 [INFO] 开始执行目标检测...
2025-07-31 15:16:51 [INFO] 检测完成，找到 5 个物体
2025-07-31 15:16:51 [INFO] 物体 1: GasCyl1 (置信度: 0.67)
2025-07-31 15:16:51 [INFO] 物体 2: FireExt1 (置信度: 0.50)
2025-07-31 15:16:51 [INFO] 物体 3: FireExt1 (置信度: 0.44)
2025-07-31 15:16:51 [INFO] 物体 4: GasCyl1 (置信度: 0.31)
2025-07-31 15:16:51 [INFO] 物体 5: FireExt1 (置信度: 0.29)
2025-07-31 15:16:51 [INFO] 准备保存检测结果到: C:\Users\xindao\workspace\Scrap_steel_system\Scrap_Steel_In_Field\photos\dangerous_det\detection_20250731_151651.jpg
2025-07-31 15:16:51 [INFO] 图像形状: (1080, 1920, 3)
2025-07-31 15:16:51 [INFO] 图像数据类型: uint8
2025-07-31 15:16:51 [INFO] 图像最大值: 255
2025-07-31 15:16:51 [INFO] 图像最小值: 0
2025-07-31 15:16:51 [INFO] 开始保存检测结果图像: 图像尺寸=(1080, 1920, 3), 类型=uint8, 路径=C:\Users\xindao\workspace\Scrap_steel_system\Scrap_Steel_In_Field\photos\dangerous_det\detection_20250731_151651.jpg
2025-07-31 15:16:51 [INFO] 成功保存检测结果到: C:\Users\xindao\workspace\Scrap_steel_system\Scrap_Steel_In_Field\photos\dangerous_det\detection_20250731_151651.jpg
2025-07-31 15:16:51 [INFO] 保存的检测结果文件大小: 550305 字节
2025-07-31 15:16:51 [INFO] 引擎上下文已释放
2025-07-31 15:16:51 [INFO] TensorRT 引擎已释放
2025-07-31 15:16:51 [INFO] 全局 CUDA 资源已释放
2025-07-31 15:16:51 [INFO] 检测系统资源已释放
2025-07-31 15:16:51 [INFO] CUDA 初始化成功
2025-07-31 15:16:51 [INFO] 引擎加载成功: dangerous.engine
2025-07-31 15:16:51 [INFO] 检测系统初始化成功
2025-07-31 15:16:51 [INFO] 图像预处理完成，原始尺寸: (1080, 1920)
2025-07-31 15:16:51 [INFO] 开始执行目标检测...
2025-07-31 15:16:51 [INFO] 检测完成，找到 7 个物体
2025-07-31 15:16:51 [INFO] 物体 1: GasCyl1 (置信度: 0.67)
2025-07-31 15:16:51 [INFO] 物体 2: FireExt1 (置信度: 0.50)
2025-07-31 15:16:51 [INFO] 物体 3: FireExt1 (置信度: 0.45)
2025-07-31 15:16:51 [INFO] 物体 4: GasCyl1 (置信度: 0.43)
2025-07-31 15:16:51 [INFO] 物体 5: GasCyl1 (置信度: 0.30)
2025-07-31 15:16:51 [INFO] 物体 6: FireExt1 (置信度: 0.28)
2025-07-31 15:16:51 [INFO] 物体 7: GasCyl1 (置信度: 0.25)
2025-07-31 15:16:51 [INFO] 准备保存检测结果到: C:\Users\xindao\workspace\Scrap_steel_system\Scrap_Steel_In_Field\photos\dangerous_det\detection_20250731_151651.jpg
2025-07-31 15:16:51 [INFO] 图像形状: (1080, 1920, 3)
2025-07-31 15:16:51 [INFO] 图像数据类型: uint8
2025-07-31 15:16:51 [INFO] 图像最大值: 255
2025-07-31 15:16:51 [INFO] 图像最小值: 0
2025-07-31 15:16:51 [INFO] 开始保存检测结果图像: 图像尺寸=(1080, 1920, 3), 类型=uint8, 路径=C:\Users\xindao\workspace\Scrap_steel_system\Scrap_Steel_In_Field\photos\dangerous_det\detection_20250731_151651.jpg
2025-07-31 15:16:51 [INFO] 成功保存检测结果到: C:\Users\xindao\workspace\Scrap_steel_system\Scrap_Steel_In_Field\photos\dangerous_det\detection_20250731_151651.jpg
2025-07-31 15:16:51 [INFO] 保存的检测结果文件大小: 558540 字节
2025-07-31 15:16:51 [INFO] 引擎上下文已释放
2025-07-31 15:16:51 [INFO] TensorRT 引擎已释放
2025-07-31 15:16:51 [INFO] 全局 CUDA 资源已释放
2025-07-31 15:16:51 [INFO] 检测系统资源已释放
2025-07-31 15:16:56 [INFO] CUDA 初始化成功
2025-07-31 15:16:56 [INFO] 引擎加载成功: dangerous.engine
2025-07-31 15:16:56 [INFO] 检测系统初始化成功
2025-07-31 15:16:56 [INFO] 图像预处理完成，原始尺寸: (1080, 1920)
2025-07-31 15:16:56 [INFO] 开始执行目标检测...
2025-07-31 15:16:56 [INFO] 检测完成，找到 0 个物体
2025-07-31 15:16:56 [INFO] 引擎上下文已释放
2025-07-31 15:16:56 [INFO] TensorRT 引擎已释放
2025-07-31 15:16:56 [INFO] 全局 CUDA 资源已释放
2025-07-31 15:16:56 [INFO] 检测系统资源已释放
2025-07-31 15:17:06 [INFO] CUDA 初始化成功
2025-07-31 15:17:06 [INFO] 引擎加载成功: dangerous.engine
2025-07-31 15:17:06 [INFO] 检测系统初始化成功
2025-07-31 15:17:06 [INFO] 图像预处理完成，原始尺寸: (1080, 1920)
2025-07-31 15:17:06 [INFO] 开始执行目标检测...
2025-07-31 15:17:06 [INFO] 检测完成，找到 0 个物体
2025-07-31 15:17:06 [INFO] 引擎上下文已释放
2025-07-31 15:17:06 [INFO] TensorRT 引擎已释放
2025-07-31 15:17:06 [INFO] 全局 CUDA 资源已释放
2025-07-31 15:17:06 [INFO] 检测系统资源已释放
2025-07-31 15:17:12 [INFO] CUDA 初始化成功
2025-07-31 15:17:12 [INFO] 引擎加载成功: dangerous.engine
2025-07-31 15:17:12 [INFO] 检测系统初始化成功
2025-07-31 15:17:12 [INFO] 图像预处理完成，原始尺寸: (1080, 1920)
2025-07-31 15:17:12 [INFO] 开始执行目标检测...
2025-07-31 15:17:12 [INFO] 检测完成，找到 0 个物体
2025-07-31 15:17:12 [INFO] 引擎上下文已释放
2025-07-31 15:17:12 [INFO] TensorRT 引擎已释放
2025-07-31 15:17:12 [INFO] 全局 CUDA 资源已释放
2025-07-31 15:17:12 [INFO] 检测系统资源已释放
2025-07-31 15:17:22 [INFO] CUDA 初始化成功
2025-07-31 15:17:22 [INFO] 引擎加载成功: dangerous.engine
2025-07-31 15:17:22 [INFO] 检测系统初始化成功
2025-07-31 15:17:22 [INFO] 图像预处理完成，原始尺寸: (1080, 1920)
2025-07-31 15:17:22 [INFO] 开始执行目标检测...
2025-07-31 15:17:22 [INFO] 检测完成，找到 0 个物体
2025-07-31 15:17:22 [INFO] 引擎上下文已释放
2025-07-31 15:17:22 [INFO] TensorRT 引擎已释放
2025-07-31 15:17:22 [INFO] 全局 CUDA 资源已释放
2025-07-31 15:17:22 [INFO] 检测系统资源已释放
2025-07-31 15:17:27 [INFO] CUDA 初始化成功
2025-07-31 15:17:27 [INFO] 引擎加载成功: dangerous.engine
2025-07-31 15:17:27 [INFO] 检测系统初始化成功
2025-07-31 15:17:27 [INFO] 图像预处理完成，原始尺寸: (1080, 1920)
2025-07-31 15:17:27 [INFO] 开始执行目标检测...
2025-07-31 15:17:27 [INFO] 检测完成，找到 0 个物体
2025-07-31 15:17:27 [INFO] 引擎上下文已释放
2025-07-31 15:17:27 [INFO] TensorRT 引擎已释放
2025-07-31 15:17:27 [INFO] 全局 CUDA 资源已释放
2025-07-31 15:17:27 [INFO] 检测系统资源已释放
2025-07-31 15:17:32 [INFO] CUDA 初始化成功
2025-07-31 15:17:32 [INFO] 引擎加载成功: dangerous.engine
2025-07-31 15:17:32 [INFO] 检测系统初始化成功
2025-07-31 15:17:32 [INFO] 图像预处理完成，原始尺寸: (1080, 1920)
2025-07-31 15:17:32 [INFO] 开始执行目标检测...
2025-07-31 15:17:32 [INFO] 检测完成，找到 1 个物体
2025-07-31 15:17:32 [INFO] 物体 1: GasCyl1 (置信度: 0.30)
2025-07-31 15:17:32 [INFO] 准备保存检测结果到: C:\Users\xindao\workspace\Scrap_steel_system\Scrap_Steel_In_Field\photos\dangerous_det\detection_20250731_151732.jpg
2025-07-31 15:17:32 [INFO] 图像形状: (1080, 1920, 3)
2025-07-31 15:17:32 [INFO] 图像数据类型: uint8
2025-07-31 15:17:32 [INFO] 图像最大值: 255
2025-07-31 15:17:32 [INFO] 图像最小值: 0
2025-07-31 15:17:32 [INFO] 开始保存检测结果图像: 图像尺寸=(1080, 1920, 3), 类型=uint8, 路径=C:\Users\xindao\workspace\Scrap_steel_system\Scrap_Steel_In_Field\photos\dangerous_det\detection_20250731_151732.jpg
2025-07-31 15:17:32 [INFO] 成功保存检测结果到: C:\Users\xindao\workspace\Scrap_steel_system\Scrap_Steel_In_Field\photos\dangerous_det\detection_20250731_151732.jpg
2025-07-31 15:17:32 [INFO] 保存的检测结果文件大小: 345281 字节
2025-07-31 15:17:32 [INFO] 引擎上下文已释放
2025-07-31 15:17:32 [INFO] TensorRT 引擎已释放
2025-07-31 15:17:32 [INFO] 全局 CUDA 资源已释放
2025-07-31 15:17:32 [INFO] 检测系统资源已释放
2025-07-31 15:17:42 [INFO] CUDA 初始化成功
2025-07-31 15:17:43 [INFO] 引擎加载成功: dangerous.engine
2025-07-31 15:17:43 [INFO] 检测系统初始化成功
2025-07-31 15:17:43 [INFO] 图像预处理完成，原始尺寸: (1080, 1920)
2025-07-31 15:17:43 [INFO] 开始执行目标检测...
2025-07-31 15:17:43 [INFO] 检测完成，找到 0 个物体
2025-07-31 15:17:43 [INFO] 引擎上下文已释放
2025-07-31 15:17:43 [INFO] TensorRT 引擎已释放
2025-07-31 15:17:43 [INFO] 全局 CUDA 资源已释放
2025-07-31 15:17:43 [INFO] 检测系统资源已释放
