2025-06-18 15:01:35 [INFO] 收到机械臂消息: yes_grab
2025-06-18 15:01:35 [INFO] 开始获取清晰图像...
2025-06-18 15:01:48 [INFO] 已保存original图像: C:\Users\diaoqingguang\Scrap_steel_system\Scrap_Steel_In_Field\photos\original\original_image_20250618_150148.jpg
2025-06-18 15:01:50 [INFO] [完成] 第1次原始图片拍照完成: C:\Users\diaoqingguang\Scrap_steel_system\Scrap_Steel_In_Field\photos\original\original_image_20250618_150148.jpg
2025-06-18 15:01:50 [INFO] [步骤3.1] 进行危险品推理
2025-06-18 15:01:50 [INFO] [完成] 危险品检测成功，发现 5 个危险品
2025-06-18 15:01:50 [INFO] 危险品 1: GasCyl1 (置信度: 0.90)
2025-06-18 15:01:50 [INFO] 危险品 2: GasCyl1 (置信度: 0.90)
2025-06-18 15:01:50 [INFO] 危险品 3: GasCyl1 (置信度: 0.88)
2025-06-18 15:01:50 [INFO] 危险品 4: GasCyl1 (置信度: 0.83)
2025-06-18 15:01:50 [INFO] 危险品 5: GasCyl1 (置信度: 0.54)
2025-06-18 15:01:50 [INFO] 危险品检测结果已写入JSON文件: C:\Users\diaoqingguang\Scrap_steel_system\Scrap_Steel_In_Field\photos\detection_results.json
2025-06-18 15:01:50 [INFO] [步骤3.2] 对原始图片进行废钢分割
2025-06-18 15:01:51 [INFO] [完成] 废钢分割成功
2025-06-18 15:01:51 [INFO] 检测到 491 个物体
2025-06-18 15:01:51 [INFO] 类别统计: {0: 12, 1: 84, 2: 22, 3: 2, 4: 36, 5: 30, 6: 23, 7: 35, 8: 48, 9: 44, 10: 32, 11: 9, 12: 18, 13: 76, 14: 0, 15: 20}
2025-06-18 15:01:51 [INFO] 面积统计: {0: 3323304.0, 1: 415548.0, 2: 65160.0, 3: 308412.0, 4: 226872.0, 5: 65916.0, 6: 699012.0, 7: 47808.0, 8: 717804.0, 9: 106704.0, 10: 165168.0, 11: 211824.0, 12: 99216.0, 13: 808488.0, 14: 504.0, 15: 89964.0}
2025-06-18 15:01:51 [INFO] 废钢分割结果保存路径: C:\Users\diaoqingguang\Scrap_steel_system\Scrap_Steel_In_Field\photos\segmentation\segment_20250618_150150.jpg
2025-06-18 15:01:51 [INFO] 
[步骤3.3] 请求第1次抓取循环
2025-06-18 15:01:57 [INFO] 机械臂坐标系抓取点: [(452.32988744372653, -61.76350914161625), (452.5441816287052, 63.10185741323388), (452.75847581368384, 187.967223968084)]
2025-06-18 15:01:57 [INFO] 抓取点坐标（z=0）:
2025-06-18 15:01:57 [INFO] 452.32988744372653,-61.76350914161625,0
2025-06-18 15:01:57 [INFO] 452.5441816287052,63.10185741323388,0
2025-06-18 15:01:57 [INFO] 452.75847581368384,187.967223968084,0
2025-06-18 15:01:57 [INFO] 发送第一个抓取点坐标: 452.32988744372653,-61.76350914161625,0
2025-06-18 15:02:23 [INFO] 收到机械臂消息: A
2025-06-18 15:02:23 [INFO] 收到第1次的抓取点位: A
2025-06-18 15:02:23 [INFO] 发送第二个抓取点坐标: 452.5441816287052,63.10185741323388,0
2025-06-18 15:02:48 [INFO] 收到机械臂消息: B
2025-06-18 15:02:48 [INFO] 收到第1次的抓取点位: B
2025-06-18 15:02:48 [INFO] 发送第三个抓取点坐标: 452.75847581368384,187.967223968084,0
2025-06-18 15:03:17 [INFO] 收到机械臂消息: C
2025-06-18 15:03:17 [INFO] 收到第1次的抓取点位: C
2025-06-18 15:03:17 [INFO] [完成] 第1次抓取指令发送成功
2025-06-18 15:03:17 [INFO] 收到机械臂消息: no_grab
2025-06-18 15:03:17 [INFO] 
===== arm1 的处理流程已完成 =====

