2026-07-24 15:29:24 [INFO] CUDA 初始化成功
2026-07-24 15:29:24 [INFO] 引擎加载成功: dangerous.engine
2026-07-24 15:29:24 [INFO] 检测系统初始化成功
2026-07-24 15:29:27 [INFO] 引擎加载成功: dangerous.engine
2026-07-24 15:29:27 [INFO] 检测系统初始化成功
2026-07-24 15:29:27 [INFO] 图像预处理完成，原始尺寸: (2160, 3840)
2026-07-24 15:29:27 [INFO] 开始执行目标检测...
2026-07-24 15:29:27 [INFO] 检测完成，找到 0 个物体
2026-07-24 15:29:27 [INFO] 检测到车兜区域，将过滤区域外的目标
2026-07-24 15:29:27 [INFO] 引擎上下文已释放
2026-07-24 15:29:27 [INFO] TensorRT 引擎已释放
2026-07-24 15:29:27 [INFO] 全局 CUDA 资源已释放
2026-07-24 15:29:27 [INFO] 检测系统资源已释放
2026-07-24 15:29:34 [INFO] CUDA 初始化成功
2026-07-24 15:29:34 [INFO] 引擎加载成功: dangerous.engine
2026-07-24 15:29:34 [INFO] 检测系统初始化成功
2026-07-24 15:29:34 [INFO] 图像预处理完成，原始尺寸: (2160, 3840)
2026-07-24 15:29:34 [INFO] 开始执行目标检测...
2026-07-24 15:29:34 [INFO] 检测完成，找到 3 个物体
2026-07-24 15:29:34 [INFO] 物体 1: GasCyl1 (置信度: 0.94)
2026-07-24 15:29:34 [INFO] 物体 2: GasCyl1 (置信度: 0.56)
2026-07-24 15:29:34 [INFO] 物体 3: GasCyl1 (置信度: 0.37)
2026-07-24 15:29:34 [INFO] 检测到车兜区域，将过滤区域外的目标
2026-07-24 15:29:34 [INFO] 准备保存检测结果到: C:\code\show\Scrap_Steel_In_Field\photos\dangerous_det\detection_20260724_152934.jpg
2026-07-24 15:29:34 [INFO] 图像形状: (2160, 3840, 3)
2026-07-24 15:29:34 [INFO] 图像数据类型: uint8
2026-07-24 15:29:34 [INFO] 图像最大值: 255
2026-07-24 15:29:34 [INFO] 图像最小值: 0
2026-07-24 15:29:34 [INFO] 开始保存检测结果图像: 图像尺寸=(2160, 3840, 3), 类型=uint8, 路径=C:\code\show\Scrap_Steel_In_Field\photos\dangerous_det\detection_20260724_152934.jpg
2026-07-24 15:29:34 [INFO] 成功保存检测结果到: C:\code\show\Scrap_Steel_In_Field\photos\dangerous_det\detection_20260724_152934.jpg
2026-07-24 15:29:34 [INFO] 保存的检测结果文件大小: 1857172 字节
2026-07-24 15:29:34 [INFO] 引擎上下文已释放
2026-07-24 15:29:34 [INFO] TensorRT 引擎已释放
2026-07-24 15:29:34 [INFO] 全局 CUDA 资源已释放
2026-07-24 15:29:34 [INFO] 检测系统资源已释放
2026-07-24 15:29:39 [INFO] CUDA 初始化成功
2026-07-24 15:29:39 [INFO] 引擎加载成功: dangerous.engine
2026-07-24 15:29:39 [INFO] 检测系统初始化成功
2026-07-24 15:29:39 [INFO] 图像预处理完成，原始尺寸: (2160, 3840)
2026-07-24 15:29:39 [INFO] 开始执行目标检测...
2026-07-24 15:29:39 [INFO] 检测完成，找到 3 个物体
2026-07-24 15:29:39 [INFO] 物体 1: GasCyl1 (置信度: 0.94)
2026-07-24 15:29:39 [INFO] 物体 2: GasCyl1 (置信度: 0.39)
2026-07-24 15:29:39 [INFO] 物体 3: GasCyl1 (置信度: 0.38)
2026-07-24 15:29:39 [INFO] 检测到车兜区域，将过滤区域外的目标
2026-07-24 15:29:39 [INFO] 准备保存检测结果到: C:\code\show\Scrap_Steel_In_Field\photos\dangerous_det\detection_20260724_152939.jpg
2026-07-24 15:29:39 [INFO] 图像形状: (2160, 3840, 3)
2026-07-24 15:29:39 [INFO] 图像数据类型: uint8
2026-07-24 15:29:39 [INFO] 图像最大值: 255
2026-07-24 15:29:39 [INFO] 图像最小值: 0
2026-07-24 15:29:39 [INFO] 开始保存检测结果图像: 图像尺寸=(2160, 3840, 3), 类型=uint8, 路径=C:\code\show\Scrap_Steel_In_Field\photos\dangerous_det\detection_20260724_152939.jpg
2026-07-24 15:29:39 [INFO] 成功保存检测结果到: C:\code\show\Scrap_Steel_In_Field\photos\dangerous_det\detection_20260724_152939.jpg
2026-07-24 15:29:39 [INFO] 保存的检测结果文件大小: 1858122 字节
2026-07-24 15:29:39 [INFO] 引擎上下文已释放
2026-07-24 15:29:39 [INFO] TensorRT 引擎已释放
2026-07-24 15:29:39 [INFO] 全局 CUDA 资源已释放
2026-07-24 15:29:39 [INFO] 检测系统资源已释放
2026-07-24 15:29:44 [INFO] CUDA 初始化成功
2026-07-24 15:29:44 [INFO] 引擎加载成功: dangerous.engine
2026-07-24 15:29:44 [INFO] 检测系统初始化成功
2026-07-24 15:29:44 [INFO] 图像预处理完成，原始尺寸: (2160, 3840)
2026-07-24 15:29:44 [INFO] 开始执行目标检测...
2026-07-24 15:29:44 [INFO] 检测完成，找到 3 个物体
2026-07-24 15:29:44 [INFO] 物体 1: GasCyl1 (置信度: 0.94)
2026-07-24 15:29:44 [INFO] 物体 2: GasCyl1 (置信度: 0.48)
2026-07-24 15:29:44 [INFO] 物体 3: GasCyl1 (置信度: 0.35)
2026-07-24 15:29:44 [INFO] 检测到车兜区域，将过滤区域外的目标
2026-07-24 15:29:44 [INFO] 准备保存检测结果到: C:\code\show\Scrap_Steel_In_Field\photos\dangerous_det\detection_20260724_152944.jpg
2026-07-24 15:29:44 [INFO] 图像形状: (2160, 3840, 3)
2026-07-24 15:29:44 [INFO] 图像数据类型: uint8
2026-07-24 15:29:44 [INFO] 图像最大值: 255
2026-07-24 15:29:44 [INFO] 图像最小值: 0
2026-07-24 15:29:44 [INFO] 开始保存检测结果图像: 图像尺寸=(2160, 3840, 3), 类型=uint8, 路径=C:\code\show\Scrap_Steel_In_Field\photos\dangerous_det\detection_20260724_152944.jpg
2026-07-24 15:29:44 [INFO] 成功保存检测结果到: C:\code\show\Scrap_Steel_In_Field\photos\dangerous_det\detection_20260724_152944.jpg
2026-07-24 15:29:44 [INFO] 保存的检测结果文件大小: 1859999 字节
2026-07-24 15:29:44 [INFO] 引擎上下文已释放
2026-07-24 15:29:44 [INFO] TensorRT 引擎已释放
2026-07-24 15:29:44 [INFO] 全局 CUDA 资源已释放
2026-07-24 15:29:44 [INFO] 检测系统资源已释放
2026-07-24 15:29:49 [INFO] CUDA 初始化成功
2026-07-24 15:29:49 [INFO] 引擎加载成功: dangerous.engine
2026-07-24 15:29:49 [INFO] 检测系统初始化成功
2026-07-24 15:29:50 [INFO] 图像预处理完成，原始尺寸: (2160, 3840)
2026-07-24 15:29:50 [INFO] 开始执行目标检测...
2026-07-24 15:29:50 [INFO] 检测完成，找到 3 个物体
2026-07-24 15:29:50 [INFO] 物体 1: GasCyl1 (置信度: 0.94)
2026-07-24 15:29:50 [INFO] 物体 2: GasCyl1 (置信度: 0.49)
2026-07-24 15:29:50 [INFO] 物体 3: GasCyl1 (置信度: 0.45)
2026-07-24 15:29:50 [INFO] 检测到车兜区域，将过滤区域外的目标
2026-07-24 15:29:50 [INFO] 准备保存检测结果到: C:\code\show\Scrap_Steel_In_Field\photos\dangerous_det\detection_20260724_152950.jpg
2026-07-24 15:29:50 [INFO] 图像形状: (2160, 3840, 3)
2026-07-24 15:29:50 [INFO] 图像数据类型: uint8
2026-07-24 15:29:50 [INFO] 图像最大值: 255
2026-07-24 15:29:50 [INFO] 图像最小值: 0
2026-07-24 15:29:50 [INFO] 开始保存检测结果图像: 图像尺寸=(2160, 3840, 3), 类型=uint8, 路径=C:\code\show\Scrap_Steel_In_Field\photos\dangerous_det\detection_20260724_152950.jpg
2026-07-24 15:29:50 [INFO] 成功保存检测结果到: C:\code\show\Scrap_Steel_In_Field\photos\dangerous_det\detection_20260724_152950.jpg
2026-07-24 15:29:50 [INFO] 保存的检测结果文件大小: 1862643 字节
2026-07-24 15:29:50 [INFO] 引擎上下文已释放
2026-07-24 15:29:50 [INFO] TensorRT 引擎已释放
2026-07-24 15:29:50 [INFO] 全局 CUDA 资源已释放
2026-07-24 15:29:50 [INFO] 检测系统资源已释放
2026-07-24 15:29:55 [INFO] CUDA 初始化成功
2026-07-24 15:29:55 [INFO] 引擎加载成功: dangerous.engine
2026-07-24 15:29:55 [INFO] 检测系统初始化成功
2026-07-24 15:29:55 [INFO] 图像预处理完成，原始尺寸: (2160, 3840)
2026-07-24 15:29:55 [INFO] 开始执行目标检测...
2026-07-24 15:29:55 [INFO] 检测完成，找到 3 个物体
2026-07-24 15:29:55 [INFO] 物体 1: GasCyl1 (置信度: 0.94)
2026-07-24 15:29:55 [INFO] 物体 2: GasCyl1 (置信度: 0.47)
2026-07-24 15:29:55 [INFO] 物体 3: GasCyl1 (置信度: 0.45)
2026-07-24 15:29:55 [INFO] 检测到车兜区域，将过滤区域外的目标
2026-07-24 15:29:55 [INFO] 准备保存检测结果到: C:\code\show\Scrap_Steel_In_Field\photos\dangerous_det\detection_20260724_152955.jpg
2026-07-24 15:29:55 [INFO] 图像形状: (2160, 3840, 3)
2026-07-24 15:29:55 [INFO] 图像数据类型: uint8
2026-07-24 15:29:55 [INFO] 图像最大值: 255
2026-07-24 15:29:55 [INFO] 图像最小值: 0
2026-07-24 15:29:55 [INFO] 开始保存检测结果图像: 图像尺寸=(2160, 3840, 3), 类型=uint8, 路径=C:\code\show\Scrap_Steel_In_Field\photos\dangerous_det\detection_20260724_152955.jpg
2026-07-24 15:29:55 [INFO] 成功保存检测结果到: C:\code\show\Scrap_Steel_In_Field\photos\dangerous_det\detection_20260724_152955.jpg
2026-07-24 15:29:55 [INFO] 保存的检测结果文件大小: 1860126 字节
2026-07-24 15:29:55 [INFO] 引擎上下文已释放
2026-07-24 15:29:55 [INFO] TensorRT 引擎已释放
2026-07-24 15:29:55 [INFO] 全局 CUDA 资源已释放
2026-07-24 15:29:55 [INFO] 检测系统资源已释放
2026-07-24 15:30:00 [INFO] CUDA 初始化成功
2026-07-24 15:30:00 [INFO] 引擎加载成功: dangerous.engine
2026-07-24 15:30:00 [INFO] 检测系统初始化成功
2026-07-24 15:30:00 [INFO] 图像预处理完成，原始尺寸: (2160, 3840)
2026-07-24 15:30:00 [INFO] 开始执行目标检测...
2026-07-24 15:30:00 [INFO] 检测完成，找到 0 个物体
2026-07-24 15:30:00 [INFO] 引擎上下文已释放
2026-07-24 15:30:00 [INFO] TensorRT 引擎已释放
2026-07-24 15:30:00 [INFO] 全局 CUDA 资源已释放
2026-07-24 15:30:00 [INFO] 检测系统资源已释放
2026-07-24 15:30:05 [INFO] CUDA 初始化成功
2026-07-24 15:30:05 [INFO] 引擎加载成功: dangerous.engine
2026-07-24 15:30:05 [INFO] 检测系统初始化成功
2026-07-24 15:30:05 [INFO] 图像预处理完成，原始尺寸: (2160, 3840)
2026-07-24 15:30:05 [INFO] 开始执行目标检测...
2026-07-24 15:30:05 [INFO] 检测完成，找到 1 个物体
2026-07-24 15:30:05 [INFO] 物体 1: FireExt1 (置信度: 0.60)
2026-07-24 15:30:05 [INFO] 准备保存检测结果到: C:\code\show\Scrap_Steel_In_Field\photos\dangerous_det\detection_20260724_153005.jpg
2026-07-24 15:30:05 [INFO] 图像形状: (2160, 3840, 3)
2026-07-24 15:30:05 [INFO] 图像数据类型: uint8
2026-07-24 15:30:05 [INFO] 图像最大值: 255
2026-07-24 15:30:05 [INFO] 图像最小值: 0
2026-07-24 15:30:05 [INFO] 开始保存检测结果图像: 图像尺寸=(2160, 3840, 3), 类型=uint8, 路径=C:\code\show\Scrap_Steel_In_Field\photos\dangerous_det\detection_20260724_153005.jpg
2026-07-24 15:30:05 [INFO] 成功保存检测结果到: C:\code\show\Scrap_Steel_In_Field\photos\dangerous_det\detection_20260724_153005.jpg
2026-07-24 15:30:05 [INFO] 保存的检测结果文件大小: 1291883 字节
2026-07-24 15:30:05 [INFO] 引擎上下文已释放
2026-07-24 15:30:05 [INFO] TensorRT 引擎已释放
2026-07-24 15:30:05 [INFO] 全局 CUDA 资源已释放
2026-07-24 15:30:05 [INFO] 检测系统资源已释放
2026-07-24 15:30:10 [INFO] CUDA 初始化成功
2026-07-24 15:30:10 [INFO] 引擎加载成功: dangerous.engine
2026-07-24 15:30:10 [INFO] 检测系统初始化成功
2026-07-24 15:30:10 [INFO] 图像预处理完成，原始尺寸: (2160, 3840)
2026-07-24 15:30:10 [INFO] 开始执行目标检测...
2026-07-24 15:30:10 [INFO] 检测完成，找到 1 个物体
2026-07-24 15:30:10 [INFO] 物体 1: GasCyl1 (置信度: 0.94)
2026-07-24 15:30:10 [INFO] 检测到车兜区域，将过滤区域外的目标
2026-07-24 15:30:10 [INFO] 准备保存检测结果到: C:\code\show\Scrap_Steel_In_Field\photos\dangerous_det\detection_20260724_153010.jpg
2026-07-24 15:30:10 [INFO] 图像形状: (2160, 3840, 3)
2026-07-24 15:30:10 [INFO] 图像数据类型: uint8
2026-07-24 15:30:10 [INFO] 图像最大值: 255
2026-07-24 15:30:10 [INFO] 图像最小值: 0
2026-07-24 15:30:10 [INFO] 开始保存检测结果图像: 图像尺寸=(2160, 3840, 3), 类型=uint8, 路径=C:\code\show\Scrap_Steel_In_Field\photos\dangerous_det\detection_20260724_153010.jpg
2026-07-24 15:30:11 [INFO] 成功保存检测结果到: C:\code\show\Scrap_Steel_In_Field\photos\dangerous_det\detection_20260724_153010.jpg
2026-07-24 15:30:11 [INFO] 保存的检测结果文件大小: 1809038 字节
2026-07-24 15:30:11 [INFO] 引擎上下文已释放
2026-07-24 15:30:11 [INFO] TensorRT 引擎已释放
2026-07-24 15:30:11 [INFO] 全局 CUDA 资源已释放
2026-07-24 15:30:11 [INFO] 检测系统资源已释放
2026-07-24 15:30:16 [INFO] CUDA 初始化成功
2026-07-24 15:30:16 [INFO] 引擎加载成功: dangerous.engine
2026-07-24 15:30:16 [INFO] 检测系统初始化成功
2026-07-24 15:30:16 [INFO] 图像预处理完成，原始尺寸: (2160, 3840)
2026-07-24 15:30:16 [INFO] 开始执行目标检测...
2026-07-24 15:30:16 [INFO] 检测完成，找到 1 个物体
2026-07-24 15:30:16 [INFO] 物体 1: GasCyl1 (置信度: 0.89)
2026-07-24 15:30:16 [INFO] 准备保存检测结果到: C:\code\show\Scrap_Steel_In_Field\photos\dangerous_det\detection_20260724_153016.jpg
2026-07-24 15:30:16 [INFO] 图像形状: (2160, 3840, 3)
2026-07-24 15:30:16 [INFO] 图像数据类型: uint8
2026-07-24 15:30:16 [INFO] 图像最大值: 255
2026-07-24 15:30:16 [INFO] 图像最小值: 0
2026-07-24 15:30:16 [INFO] 开始保存检测结果图像: 图像尺寸=(2160, 3840, 3), 类型=uint8, 路径=C:\code\show\Scrap_Steel_In_Field\photos\dangerous_det\detection_20260724_153016.jpg
2026-07-24 15:30:16 [INFO] 成功保存检测结果到: C:\code\show\Scrap_Steel_In_Field\photos\dangerous_det\detection_20260724_153016.jpg
2026-07-24 15:30:16 [INFO] 保存的检测结果文件大小: 1574300 字节
2026-07-24 15:30:16 [INFO] 引擎上下文已释放
2026-07-24 15:30:16 [INFO] TensorRT 引擎已释放
2026-07-24 15:30:16 [INFO] 全局 CUDA 资源已释放
2026-07-24 15:30:16 [INFO] 检测系统资源已释放
2026-07-24 15:30:21 [INFO] CUDA 初始化成功
2026-07-24 15:30:21 [INFO] 引擎加载成功: dangerous.engine
2026-07-24 15:30:21 [INFO] 检测系统初始化成功
2026-07-24 15:30:21 [INFO] 图像预处理完成，原始尺寸: (2160, 3840)
2026-07-24 15:30:21 [INFO] 开始执行目标检测...
2026-07-24 15:30:21 [INFO] 检测完成，找到 1 个物体
2026-07-24 15:30:21 [INFO] 物体 1: GasCyl1 (置信度: 0.45)
2026-07-24 15:30:21 [INFO] 准备保存检测结果到: C:\code\show\Scrap_Steel_In_Field\photos\dangerous_det\detection_20260724_153021.jpg
2026-07-24 15:30:21 [INFO] 图像形状: (2160, 3840, 3)
2026-07-24 15:30:21 [INFO] 图像数据类型: uint8
2026-07-24 15:30:21 [INFO] 图像最大值: 255
2026-07-24 15:30:21 [INFO] 图像最小值: 0
2026-07-24 15:30:21 [INFO] 开始保存检测结果图像: 图像尺寸=(2160, 3840, 3), 类型=uint8, 路径=C:\code\show\Scrap_Steel_In_Field\photos\dangerous_det\detection_20260724_153021.jpg
2026-07-24 15:30:21 [INFO] 成功保存检测结果到: C:\code\show\Scrap_Steel_In_Field\photos\dangerous_det\detection_20260724_153021.jpg
2026-07-24 15:30:21 [INFO] 保存的检测结果文件大小: 1358206 字节
2026-07-24 15:30:21 [INFO] 引擎上下文已释放
2026-07-24 15:30:21 [INFO] TensorRT 引擎已释放
2026-07-24 15:30:21 [INFO] 全局 CUDA 资源已释放
2026-07-24 15:30:21 [INFO] 检测系统资源已释放
2026-07-24 15:30:26 [INFO] CUDA 初始化成功
2026-07-24 15:30:26 [INFO] 引擎加载成功: dangerous.engine
2026-07-24 15:30:26 [INFO] 检测系统初始化成功
2026-07-24 15:30:26 [INFO] 图像预处理完成，原始尺寸: (2160, 3840)
2026-07-24 15:30:26 [INFO] 开始执行目标检测...
2026-07-24 15:30:26 [INFO] 检测完成，找到 1 个物体
2026-07-24 15:30:26 [INFO] 物体 1: GasCyl1 (置信度: 0.94)
2026-07-24 15:30:26 [INFO] 检测到车兜区域，将过滤区域外的目标
2026-07-24 15:30:26 [INFO] 准备保存检测结果到: C:\code\show\Scrap_Steel_In_Field\photos\dangerous_det\detection_20260724_153026.jpg
2026-07-24 15:30:26 [INFO] 图像形状: (2160, 3840, 3)
2026-07-24 15:30:26 [INFO] 图像数据类型: uint8
2026-07-24 15:30:26 [INFO] 图像最大值: 255
2026-07-24 15:30:26 [INFO] 图像最小值: 0
2026-07-24 15:30:26 [INFO] 开始保存检测结果图像: 图像尺寸=(2160, 3840, 3), 类型=uint8, 路径=C:\code\show\Scrap_Steel_In_Field\photos\dangerous_det\detection_20260724_153026.jpg
2026-07-24 15:30:26 [INFO] 成功保存检测结果到: C:\code\show\Scrap_Steel_In_Field\photos\dangerous_det\detection_20260724_153026.jpg
2026-07-24 15:30:26 [INFO] 保存的检测结果文件大小: 1773311 字节
2026-07-24 15:30:26 [INFO] 引擎上下文已释放
2026-07-24 15:30:26 [INFO] TensorRT 引擎已释放
2026-07-24 15:30:26 [INFO] 全局 CUDA 资源已释放
2026-07-24 15:30:26 [INFO] 检测系统资源已释放
2026-07-24 15:30:32 [INFO] CUDA 初始化成功
2026-07-24 15:30:32 [INFO] 引擎加载成功: dangerous.engine
2026-07-24 15:30:32 [INFO] 检测系统初始化成功
2026-07-24 15:30:32 [INFO] 图像预处理完成，原始尺寸: (2160, 3840)
2026-07-24 15:30:32 [INFO] 开始执行目标检测...
2026-07-24 15:30:32 [INFO] 检测完成，找到 3 个物体
2026-07-24 15:30:32 [INFO] 物体 1: GasCyl1 (置信度: 0.94)
2026-07-24 15:30:32 [INFO] 物体 2: GasCyl1 (置信度: 0.60)
2026-07-24 15:30:32 [INFO] 物体 3: GasCyl1 (置信度: 0.46)
2026-07-24 15:30:32 [INFO] 检测到车兜区域，将过滤区域外的目标
2026-07-24 15:30:32 [INFO] 准备保存检测结果到: C:\code\show\Scrap_Steel_In_Field\photos\dangerous_det\detection_20260724_153032.jpg
2026-07-24 15:30:32 [INFO] 图像形状: (2160, 3840, 3)
2026-07-24 15:30:32 [INFO] 图像数据类型: uint8
2026-07-24 15:30:32 [INFO] 图像最大值: 255
2026-07-24 15:30:32 [INFO] 图像最小值: 0
2026-07-24 15:30:32 [INFO] 开始保存检测结果图像: 图像尺寸=(2160, 3840, 3), 类型=uint8, 路径=C:\code\show\Scrap_Steel_In_Field\photos\dangerous_det\detection_20260724_153032.jpg
2026-07-24 15:30:32 [INFO] 成功保存检测结果到: C:\code\show\Scrap_Steel_In_Field\photos\dangerous_det\detection_20260724_153032.jpg
2026-07-24 15:30:32 [INFO] 保存的检测结果文件大小: 1864071 字节
2026-07-24 15:30:32 [INFO] 引擎上下文已释放
2026-07-24 15:30:32 [INFO] TensorRT 引擎已释放
2026-07-24 15:30:32 [INFO] 全局 CUDA 资源已释放
2026-07-24 15:30:32 [INFO] 检测系统资源已释放
2026-07-24 15:30:37 [INFO] CUDA 初始化成功
2026-07-24 15:30:37 [INFO] 引擎加载成功: dangerous.engine
2026-07-24 15:30:37 [INFO] 检测系统初始化成功
2026-07-24 15:30:37 [INFO] 图像预处理完成，原始尺寸: (2160, 3840)
2026-07-24 15:30:37 [INFO] 开始执行目标检测...
2026-07-24 15:30:37 [INFO] 检测完成，找到 2 个物体
2026-07-24 15:30:37 [INFO] 物体 1: GasCyl1 (置信度: 0.95)
2026-07-24 15:30:37 [INFO] 物体 2: GasCyl1 (置信度: 0.60)
2026-07-24 15:30:37 [INFO] 检测到车兜区域，将过滤区域外的目标
2026-07-24 15:30:37 [INFO] 准备保存检测结果到: C:\code\show\Scrap_Steel_In_Field\photos\dangerous_det\detection_20260724_153037.jpg
2026-07-24 15:30:37 [INFO] 图像形状: (2160, 3840, 3)
2026-07-24 15:30:37 [INFO] 图像数据类型: uint8
2026-07-24 15:30:37 [INFO] 图像最大值: 255
2026-07-24 15:30:37 [INFO] 图像最小值: 0
2026-07-24 15:30:37 [INFO] 开始保存检测结果图像: 图像尺寸=(2160, 3840, 3), 类型=uint8, 路径=C:\code\show\Scrap_Steel_In_Field\photos\dangerous_det\detection_20260724_153037.jpg
2026-07-24 15:30:37 [INFO] 成功保存检测结果到: C:\code\show\Scrap_Steel_In_Field\photos\dangerous_det\detection_20260724_153037.jpg
2026-07-24 15:30:37 [INFO] 保存的检测结果文件大小: 1863199 字节
2026-07-24 15:30:37 [INFO] 引擎上下文已释放
2026-07-24 15:30:37 [INFO] TensorRT 引擎已释放
2026-07-24 15:30:37 [INFO] 全局 CUDA 资源已释放
2026-07-24 15:30:37 [INFO] 检测系统资源已释放
2026-07-24 15:30:42 [INFO] CUDA 初始化成功
2026-07-24 15:30:42 [INFO] 引擎加载成功: dangerous.engine
2026-07-24 15:30:42 [INFO] 检测系统初始化成功
2026-07-24 15:30:43 [INFO] 图像预处理完成，原始尺寸: (2160, 3840)
2026-07-24 15:30:43 [INFO] 开始执行目标检测...
2026-07-24 15:30:43 [INFO] 检测完成，找到 2 个物体
2026-07-24 15:30:43 [INFO] 物体 1: GasCyl1 (置信度: 0.94)
2026-07-24 15:30:43 [INFO] 物体 2: GasCyl1 (置信度: 0.37)
2026-07-24 15:30:43 [INFO] 检测到车兜区域，将过滤区域外的目标
2026-07-24 15:30:43 [INFO] 准备保存检测结果到: C:\code\show\Scrap_Steel_In_Field\photos\dangerous_det\detection_20260724_153043.jpg
2026-07-24 15:30:43 [INFO] 图像形状: (2160, 3840, 3)
2026-07-24 15:30:43 [INFO] 图像数据类型: uint8
2026-07-24 15:30:43 [INFO] 图像最大值: 255
2026-07-24 15:30:43 [INFO] 图像最小值: 0
2026-07-24 15:30:43 [INFO] 开始保存检测结果图像: 图像尺寸=(2160, 3840, 3), 类型=uint8, 路径=C:\code\show\Scrap_Steel_In_Field\photos\dangerous_det\detection_20260724_153043.jpg
2026-07-24 15:30:43 [INFO] 成功保存检测结果到: C:\code\show\Scrap_Steel_In_Field\photos\dangerous_det\detection_20260724_153043.jpg
2026-07-24 15:30:43 [INFO] 保存的检测结果文件大小: 1871286 字节
2026-07-24 15:30:43 [INFO] 引擎上下文已释放
2026-07-24 15:30:43 [INFO] TensorRT 引擎已释放
2026-07-24 15:30:43 [INFO] 全局 CUDA 资源已释放
2026-07-24 15:30:43 [INFO] 检测系统资源已释放
2026-07-24 15:30:48 [INFO] CUDA 初始化成功
2026-07-24 15:30:48 [INFO] 引擎加载成功: dangerous.engine
2026-07-24 15:30:48 [INFO] 检测系统初始化成功
2026-07-24 15:30:48 [INFO] 图像预处理完成，原始尺寸: (2160, 3840)
2026-07-24 15:30:48 [INFO] 开始执行目标检测...
2026-07-24 15:30:48 [INFO] 检测完成，找到 2 个物体
2026-07-24 15:30:48 [INFO] 物体 1: GasCyl1 (置信度: 0.94)
2026-07-24 15:30:48 [INFO] 物体 2: GasCyl1 (置信度: 0.47)
2026-07-24 15:30:48 [INFO] 检测到车兜区域，将过滤区域外的目标
2026-07-24 15:30:48 [INFO] 准备保存检测结果到: C:\code\show\Scrap_Steel_In_Field\photos\dangerous_det\detection_20260724_153048.jpg
2026-07-24 15:30:48 [INFO] 图像形状: (2160, 3840, 3)
2026-07-24 15:30:48 [INFO] 图像数据类型: uint8
2026-07-24 15:30:48 [INFO] 图像最大值: 255
2026-07-24 15:30:48 [INFO] 图像最小值: 0
2026-07-24 15:30:48 [INFO] 开始保存检测结果图像: 图像尺寸=(2160, 3840, 3), 类型=uint8, 路径=C:\code\show\Scrap_Steel_In_Field\photos\dangerous_det\detection_20260724_153048.jpg
2026-07-24 15:30:48 [INFO] 成功保存检测结果到: C:\code\show\Scrap_Steel_In_Field\photos\dangerous_det\detection_20260724_153048.jpg
2026-07-24 15:30:48 [INFO] 保存的检测结果文件大小: 1863246 字节
2026-07-24 15:30:48 [INFO] 引擎上下文已释放
2026-07-24 15:30:48 [INFO] TensorRT 引擎已释放
2026-07-24 15:30:48 [INFO] 全局 CUDA 资源已释放
2026-07-24 15:30:48 [INFO] 检测系统资源已释放
