2025-04-30 16:38:16 [INFO] CUDA 初始化成功
2025-04-30 16:38:16 [INFO] 引擎加载成功: dangerous.engine
2025-04-30 16:38:16 [INFO] 检测系统初始化成功
2025-04-30 16:38:16 [INFO] 图像预处理完成，原始尺寸: (2160, 3840)
2025-04-30 16:38:16 [INFO] 开始执行目标检测...
2025-04-30 16:38:17 [INFO] 检测完成，找到 0 个物体
2025-04-30 16:38:17 [INFO] 引擎上下文已释放
2025-04-30 16:38:17 [INFO] TensorRT 引擎已释放
2025-04-30 16:38:17 [INFO] 全局 CUDA 资源已释放
2025-04-30 16:38:17 [INFO] 检测系统资源已释放
2025-04-30 16:39:40 [INFO] CUDA 初始化成功
2025-04-30 16:39:40 [INFO] 引擎加载成功: dangerous.engine
2025-04-30 16:39:40 [INFO] 检测系统初始化成功
2025-04-30 16:39:40 [INFO] 图像预处理完成，原始尺寸: (2160, 3840)
2025-04-30 16:39:40 [INFO] 开始执行目标检测...
2025-04-30 16:39:40 [INFO] 检测完成，找到 0 个物体
2025-04-30 16:39:40 [INFO] 引擎上下文已释放
2025-04-30 16:39:40 [INFO] TensorRT 引擎已释放
2025-04-30 16:39:40 [INFO] 全局 CUDA 资源已释放
2025-04-30 16:39:40 [INFO] 检测系统资源已释放
2025-04-30 16:41:09 [INFO] CUDA 初始化成功
2025-04-30 16:41:09 [INFO] 引擎加载成功: dangerous.engine
2025-04-30 16:41:09 [INFO] 检测系统初始化成功
2025-04-30 16:41:09 [INFO] 图像预处理完成，原始尺寸: (2160, 3840)
2025-04-30 16:41:09 [INFO] 开始执行目标检测...
2025-04-30 16:41:10 [INFO] 检测完成，找到 0 个物体
2025-04-30 16:41:10 [INFO] 引擎上下文已释放
2025-04-30 16:41:10 [INFO] TensorRT 引擎已释放
2025-04-30 16:41:10 [INFO] 全局 CUDA 资源已释放
2025-04-30 16:41:10 [INFO] 检测系统资源已释放
