2026-09-15 15:30:57 [INFO] CUDA 初始化成功
2026-09-15 15:30:57 [ERROR] 引擎反序列化失败
2026-09-15 15:30:57 [ERROR] 检测系统初始化失败: Failed to load TensorRT engine.
2026-09-15 15:31:00 [ERROR] 引擎反序列化失败
2026-09-15 15:31:00 [ERROR] 检测系统初始化失败: Failed to load TensorRT engine.
2026-09-15 15:31:00 [INFO] 全局 CUDA 资源已释放
2026-09-15 15:31:00 [INFO] 检测系统资源已释放
2026-09-15 15:31:05 [INFO] CUDA 初始化成功
2026-09-15 15:31:05 [ERROR] 引擎反序列化失败
2026-09-15 15:31:05 [ERROR] 检测系统初始化失败: Failed to load TensorRT engine.
2026-09-15 15:31:05 [INFO] 全局 CUDA 资源已释放
2026-09-15 15:31:05 [INFO] 检测系统资源已释放
2026-09-15 15:31:12 [INFO] CUDA 初始化成功
2026-09-15 15:31:12 [ERROR] 引擎反序列化失败
2026-09-15 15:31:12 [ERROR] 检测系统初始化失败: Failed to load TensorRT engine.
2026-09-15 15:31:13 [INFO] 全局 CUDA 资源已释放
2026-09-15 15:31:13 [INFO] 检测系统资源已释放
2026-09-15 15:31:16 [INFO] CUDA 初始化成功
2026-09-15 15:31:16 [ERROR] 引擎反序列化失败
2026-09-15 15:31:16 [ERROR] 检测系统初始化失败: Failed to load TensorRT engine.
2026-09-15 15:31:16 [INFO] 全局 CUDA 资源已释放
2026-09-15 15:31:16 [INFO] 检测系统资源已释放
2026-09-15 15:31:21 [INFO] CUDA 初始化成功
2026-09-15 15:31:21 [ERROR] 引擎反序列化失败
2026-09-15 15:31:21 [ERROR] 检测系统初始化失败: Failed to load TensorRT engine.
2026-09-15 15:31:21 [INFO] 全局 CUDA 资源已释放
2026-09-15 15:31:21 [INFO] 检测系统资源已释放
2026-09-15 15:31:27 [INFO] CUDA 初始化成功
2026-09-15 15:31:27 [ERROR] 引擎反序列化失败
2026-09-15 15:31:27 [ERROR] 检测系统初始化失败: Failed to load TensorRT engine.
2026-09-15 15:31:27 [INFO] 全局 CUDA 资源已释放
2026-09-15 15:31:27 [INFO] 检测系统资源已释放
2026-09-15 15:31:32 [INFO] CUDA 初始化成功
2026-09-15 15:31:32 [ERROR] 引擎反序列化失败
2026-09-15 15:31:32 [ERROR] 检测系统初始化失败: Failed to load TensorRT engine.
2026-09-15 15:31:32 [INFO] 全局 CUDA 资源已释放
2026-09-15 15:31:32 [INFO] 检测系统资源已释放
2026-09-15 15:31:39 [INFO] CUDA 初始化成功
2026-09-15 15:31:39 [ERROR] 引擎反序列化失败
2026-09-15 15:31:39 [ERROR] 检测系统初始化失败: Failed to load TensorRT engine.
2026-09-15 15:31:39 [INFO] 全局 CUDA 资源已释放
2026-09-15 15:31:39 [INFO] 检测系统资源已释放
2026-09-15 15:31:43 [INFO] CUDA 初始化成功
2026-09-15 15:31:43 [ERROR] 引擎反序列化失败
2026-09-15 15:31:43 [ERROR] 检测系统初始化失败: Failed to load TensorRT engine.
2026-09-15 15:31:43 [INFO] 全局 CUDA 资源已释放
2026-09-15 15:31:43 [INFO] 检测系统资源已释放
2026-09-15 15:31:48 [INFO] CUDA 初始化成功
2026-09-15 15:31:48 [ERROR] 引擎反序列化失败
2026-09-15 15:31:48 [ERROR] 检测系统初始化失败: Failed to load TensorRT engine.
2026-09-15 15:31:48 [INFO] 全局 CUDA 资源已释放
2026-09-15 15:31:48 [INFO] 检测系统资源已释放
2026-09-15 15:31:53 [INFO] CUDA 初始化成功
2026-09-15 15:31:53 [ERROR] 引擎反序列化失败
2026-09-15 15:31:53 [ERROR] 检测系统初始化失败: Failed to load TensorRT engine.
2026-09-15 15:31:53 [INFO] 全局 CUDA 资源已释放
2026-09-15 15:31:53 [INFO] 检测系统资源已释放
2026-09-15 15:31:59 [INFO] CUDA 初始化成功
2026-09-15 15:31:59 [ERROR] 引擎反序列化失败
2026-09-15 15:31:59 [ERROR] 检测系统初始化失败: Failed to load TensorRT engine.
2026-09-15 15:31:59 [INFO] 全局 CUDA 资源已释放
2026-09-15 15:31:59 [INFO] 检测系统资源已释放
2026-09-15 15:32:04 [INFO] CUDA 初始化成功
2026-09-15 15:32:04 [ERROR] 引擎反序列化失败
2026-09-15 15:32:04 [ERROR] 检测系统初始化失败: Failed to load TensorRT engine.
2026-09-15 15:32:04 [INFO] 全局 CUDA 资源已释放
2026-09-15 15:32:04 [INFO] 检测系统资源已释放
2026-09-15 15:32:10 [INFO] CUDA 初始化成功
2026-09-15 15:32:10 [ERROR] 引擎反序列化失败
2026-09-15 15:32:10 [ERROR] 检测系统初始化失败: Failed to load TensorRT engine.
2026-09-15 15:32:10 [INFO] 全局 CUDA 资源已释放
2026-09-15 15:32:10 [INFO] 检测系统资源已释放
2026-09-15 15:32:15 [INFO] CUDA 初始化成功
2026-09-15 15:32:15 [ERROR] 引擎反序列化失败
2026-09-15 15:32:15 [ERROR] 检测系统初始化失败: Failed to load TensorRT engine.
2026-09-15 15:32:15 [INFO] 全局 CUDA 资源已释放
2026-09-15 15:32:15 [INFO] 检测系统资源已释放
2026-09-15 15:32:20 [INFO] CUDA 初始化成功
2026-09-15 15:32:20 [ERROR] 引擎反序列化失败
2026-09-15 15:32:20 [ERROR] 检测系统初始化失败: Failed to load TensorRT engine.
2026-09-15 15:32:20 [INFO] 全局 CUDA 资源已释放
2026-09-15 15:32:20 [INFO] 检测系统资源已释放
