2026-06-04 18:03:45 [INFO] CUDA 初始化成功
2026-06-04 18:03:45 [INFO] 引擎加载成功: dangerous.engine
2026-06-04 18:03:45 [INFO] 检测系统初始化成功
2026-06-04 18:03:47 [INFO] 引擎加载成功: dangerous.engine
2026-06-04 18:03:47 [INFO] 检测系统初始化成功
2026-06-04 18:03:48 [INFO] 图像预处理完成，原始尺寸: (2160, 3840)
2026-06-04 18:03:48 [INFO] 开始执行目标检测...
2026-06-04 18:03:48 [INFO] 检测完成，找到 0 个物体
2026-06-04 18:03:48 [INFO] 检测到车兜区域，将过滤区域外的目标
2026-06-04 18:03:48 [INFO] 引擎上下文已释放
2026-06-04 18:03:48 [INFO] TensorRT 引擎已释放
2026-06-04 18:03:48 [INFO] 全局 CUDA 资源已释放
2026-06-04 18:03:48 [INFO] 检测系统资源已释放
2026-06-04 18:03:53 [INFO] CUDA 初始化成功
2026-06-04 18:03:53 [INFO] 引擎加载成功: dangerous.engine
2026-06-04 18:03:53 [INFO] 检测系统初始化成功
2026-06-04 18:03:53 [INFO] 图像预处理完成，原始尺寸: (2160, 3840)
2026-06-04 18:03:53 [INFO] 开始执行目标检测...
2026-06-04 18:03:53 [INFO] 检测完成，找到 4 个物体
2026-06-04 18:03:53 [INFO] 物体 1: GasCyl1 (置信度: 0.89)
2026-06-04 18:03:53 [INFO] 物体 2: GasCyl1 (置信度: 0.85)
2026-06-04 18:03:53 [INFO] 物体 3: GasCyl1 (置信度: 0.54)
2026-06-04 18:03:53 [INFO] 物体 4: FireExt1 (置信度: 0.39)
2026-06-04 18:03:53 [INFO] 检测到车兜区域，将过滤区域外的目标
2026-06-04 18:03:53 [INFO] 准备保存检测结果到: C:\code\show\Scrap_Steel_In_Field\photos\dangerous_det\detection_20260604_180353.jpg
2026-06-04 18:03:53 [INFO] 图像形状: (2160, 3840, 3)
2026-06-04 18:03:53 [INFO] 图像数据类型: uint8
2026-06-04 18:03:53 [INFO] 图像最大值: 255
2026-06-04 18:03:53 [INFO] 图像最小值: 0
2026-06-04 18:03:53 [INFO] 开始保存检测结果图像: 图像尺寸=(2160, 3840, 3), 类型=uint8, 路径=C:\code\show\Scrap_Steel_In_Field\photos\dangerous_det\detection_20260604_180353.jpg
2026-06-04 18:03:53 [INFO] 成功保存检测结果到: C:\code\show\Scrap_Steel_In_Field\photos\dangerous_det\detection_20260604_180353.jpg
2026-06-04 18:03:53 [INFO] 保存的检测结果文件大小: 2054053 字节
2026-06-04 18:03:53 [INFO] 引擎上下文已释放
2026-06-04 18:03:53 [INFO] TensorRT 引擎已释放
2026-06-04 18:03:53 [INFO] 全局 CUDA 资源已释放
2026-06-04 18:03:53 [INFO] 检测系统资源已释放
2026-06-04 18:03:58 [INFO] CUDA 初始化成功
2026-06-04 18:03:58 [INFO] 引擎加载成功: dangerous.engine
2026-06-04 18:03:58 [INFO] 检测系统初始化成功
2026-06-04 18:03:58 [INFO] 图像预处理完成，原始尺寸: (2160, 3840)
2026-06-04 18:03:58 [INFO] 开始执行目标检测...
2026-06-04 18:03:58 [INFO] 检测完成，找到 4 个物体
2026-06-04 18:03:58 [INFO] 物体 1: GasCyl1 (置信度: 0.89)
2026-06-04 18:03:58 [INFO] 物体 2: GasCyl1 (置信度: 0.79)
2026-06-04 18:03:58 [INFO] 物体 3: GasCyl1 (置信度: 0.70)
2026-06-04 18:03:58 [INFO] 物体 4: FireExt1 (置信度: 0.38)
2026-06-04 18:03:58 [INFO] 检测到车兜区域，将过滤区域外的目标
2026-06-04 18:03:58 [INFO] 准备保存检测结果到: C:\code\show\Scrap_Steel_In_Field\photos\dangerous_det\detection_20260604_180358.jpg
2026-06-04 18:03:58 [INFO] 图像形状: (2160, 3840, 3)
2026-06-04 18:03:58 [INFO] 图像数据类型: uint8
2026-06-04 18:03:58 [INFO] 图像最大值: 255
2026-06-04 18:03:58 [INFO] 图像最小值: 0
2026-06-04 18:03:58 [INFO] 开始保存检测结果图像: 图像尺寸=(2160, 3840, 3), 类型=uint8, 路径=C:\code\show\Scrap_Steel_In_Field\photos\dangerous_det\detection_20260604_180358.jpg
2026-06-04 18:03:58 [INFO] 成功保存检测结果到: C:\code\show\Scrap_Steel_In_Field\photos\dangerous_det\detection_20260604_180358.jpg
2026-06-04 18:03:58 [INFO] 保存的检测结果文件大小: 2057293 字节
2026-06-04 18:03:58 [INFO] 引擎上下文已释放
2026-06-04 18:03:58 [INFO] TensorRT 引擎已释放
2026-06-04 18:03:58 [INFO] 全局 CUDA 资源已释放
2026-06-04 18:03:58 [INFO] 检测系统资源已释放
2026-06-04 18:04:03 [INFO] CUDA 初始化成功
2026-06-04 18:04:03 [INFO] 引擎加载成功: dangerous.engine
2026-06-04 18:04:03 [INFO] 检测系统初始化成功
2026-06-04 18:04:03 [INFO] 图像预处理完成，原始尺寸: (2160, 3840)
2026-06-04 18:04:03 [INFO] 开始执行目标检测...
2026-06-04 18:04:03 [INFO] 检测完成，找到 4 个物体
2026-06-04 18:04:03 [INFO] 物体 1: GasCyl1 (置信度: 0.89)
2026-06-04 18:04:03 [INFO] 物体 2: GasCyl1 (置信度: 0.83)
2026-06-04 18:04:03 [INFO] 物体 3: GasCyl1 (置信度: 0.72)
2026-06-04 18:04:03 [INFO] 物体 4: FireExt1 (置信度: 0.36)
2026-06-04 18:04:03 [INFO] 检测到车兜区域，将过滤区域外的目标
2026-06-04 18:04:03 [INFO] 准备保存检测结果到: C:\code\show\Scrap_Steel_In_Field\photos\dangerous_det\detection_20260604_180403.jpg
2026-06-04 18:04:03 [INFO] 图像形状: (2160, 3840, 3)
2026-06-04 18:04:03 [INFO] 图像数据类型: uint8
2026-06-04 18:04:03 [INFO] 图像最大值: 255
2026-06-04 18:04:03 [INFO] 图像最小值: 0
2026-06-04 18:04:03 [INFO] 开始保存检测结果图像: 图像尺寸=(2160, 3840, 3), 类型=uint8, 路径=C:\code\show\Scrap_Steel_In_Field\photos\dangerous_det\detection_20260604_180403.jpg
2026-06-04 18:04:03 [INFO] 成功保存检测结果到: C:\code\show\Scrap_Steel_In_Field\photos\dangerous_det\detection_20260604_180403.jpg
2026-06-04 18:04:03 [INFO] 保存的检测结果文件大小: 2054050 字节
2026-06-04 18:04:03 [INFO] 引擎上下文已释放
2026-06-04 18:04:03 [INFO] TensorRT 引擎已释放
2026-06-04 18:04:03 [INFO] 全局 CUDA 资源已释放
2026-06-04 18:04:03 [INFO] 检测系统资源已释放
2026-06-04 18:04:08 [INFO] CUDA 初始化成功
2026-06-04 18:04:08 [INFO] 引擎加载成功: dangerous.engine
2026-06-04 18:04:08 [INFO] 检测系统初始化成功
2026-06-04 18:04:08 [INFO] 图像预处理完成，原始尺寸: (2160, 3840)
2026-06-04 18:04:08 [INFO] 开始执行目标检测...
2026-06-04 18:04:08 [INFO] 检测完成，找到 5 个物体
2026-06-04 18:04:08 [INFO] 物体 1: GasCyl1 (置信度: 0.90)
2026-06-04 18:04:08 [INFO] 物体 2: GasCyl1 (置信度: 0.81)
2026-06-04 18:04:08 [INFO] 物体 3: GasCyl1 (置信度: 0.58)
2026-06-04 18:04:08 [INFO] 物体 4: GasCyl1 (置信度: 0.41)
2026-06-04 18:04:08 [INFO] 物体 5: FireExt1 (置信度: 0.40)
2026-06-04 18:04:08 [INFO] 检测到车兜区域，将过滤区域外的目标
2026-06-04 18:04:08 [INFO] 准备保存检测结果到: C:\code\show\Scrap_Steel_In_Field\photos\dangerous_det\detection_20260604_180408.jpg
2026-06-04 18:04:08 [INFO] 图像形状: (2160, 3840, 3)
2026-06-04 18:04:08 [INFO] 图像数据类型: uint8
2026-06-04 18:04:08 [INFO] 图像最大值: 255
2026-06-04 18:04:08 [INFO] 图像最小值: 0
2026-06-04 18:04:08 [INFO] 开始保存检测结果图像: 图像尺寸=(2160, 3840, 3), 类型=uint8, 路径=C:\code\show\Scrap_Steel_In_Field\photos\dangerous_det\detection_20260604_180408.jpg
2026-06-04 18:04:08 [INFO] 成功保存检测结果到: C:\code\show\Scrap_Steel_In_Field\photos\dangerous_det\detection_20260604_180408.jpg
2026-06-04 18:04:08 [INFO] 保存的检测结果文件大小: 2054877 字节
2026-06-04 18:04:08 [INFO] 引擎上下文已释放
2026-06-04 18:04:08 [INFO] TensorRT 引擎已释放
2026-06-04 18:04:08 [INFO] 全局 CUDA 资源已释放
2026-06-04 18:04:08 [INFO] 检测系统资源已释放
2026-06-04 18:04:13 [INFO] CUDA 初始化成功
2026-06-04 18:04:13 [INFO] 引擎加载成功: dangerous.engine
2026-06-04 18:04:13 [INFO] 检测系统初始化成功
2026-06-04 18:04:13 [INFO] 图像预处理完成，原始尺寸: (2160, 3840)
2026-06-04 18:04:13 [INFO] 开始执行目标检测...
2026-06-04 18:04:13 [INFO] 检测完成，找到 4 个物体
2026-06-04 18:04:13 [INFO] 物体 1: GasCyl1 (置信度: 0.89)
2026-06-04 18:04:13 [INFO] 物体 2: GasCyl1 (置信度: 0.82)
2026-06-04 18:04:13 [INFO] 物体 3: GasCyl1 (置信度: 0.74)
2026-06-04 18:04:13 [INFO] 物体 4: FireExt1 (置信度: 0.39)
2026-06-04 18:04:13 [INFO] 检测到车兜区域，将过滤区域外的目标
2026-06-04 18:04:13 [INFO] 准备保存检测结果到: C:\code\show\Scrap_Steel_In_Field\photos\dangerous_det\detection_20260604_180413.jpg
2026-06-04 18:04:13 [INFO] 图像形状: (2160, 3840, 3)
2026-06-04 18:04:13 [INFO] 图像数据类型: uint8
2026-06-04 18:04:13 [INFO] 图像最大值: 255
2026-06-04 18:04:13 [INFO] 图像最小值: 0
2026-06-04 18:04:13 [INFO] 开始保存检测结果图像: 图像尺寸=(2160, 3840, 3), 类型=uint8, 路径=C:\code\show\Scrap_Steel_In_Field\photos\dangerous_det\detection_20260604_180413.jpg
2026-06-04 18:04:13 [INFO] 成功保存检测结果到: C:\code\show\Scrap_Steel_In_Field\photos\dangerous_det\detection_20260604_180413.jpg
2026-06-04 18:04:13 [INFO] 保存的检测结果文件大小: 2057768 字节
2026-06-04 18:04:13 [INFO] 引擎上下文已释放
2026-06-04 18:04:13 [INFO] TensorRT 引擎已释放
2026-06-04 18:04:13 [INFO] 全局 CUDA 资源已释放
2026-06-04 18:04:13 [INFO] 检测系统资源已释放
2026-06-04 18:04:19 [INFO] CUDA 初始化成功
2026-06-04 18:04:19 [INFO] 引擎加载成功: dangerous.engine
2026-06-04 18:04:19 [INFO] 检测系统初始化成功
2026-06-04 18:04:19 [INFO] 图像预处理完成，原始尺寸: (2160, 3840)
2026-06-04 18:04:19 [INFO] 开始执行目标检测...
2026-06-04 18:04:19 [INFO] 检测完成，找到 4 个物体
2026-06-04 18:04:19 [INFO] 物体 1: GasCyl1 (置信度: 0.88)
2026-06-04 18:04:19 [INFO] 物体 2: GasCyl1 (置信度: 0.78)
2026-06-04 18:04:19 [INFO] 物体 3: GasCyl1 (置信度: 0.62)
2026-06-04 18:04:19 [INFO] 物体 4: FireExt1 (置信度: 0.45)
2026-06-04 18:04:19 [INFO] 检测到车兜区域，将过滤区域外的目标
2026-06-04 18:04:19 [INFO] 准备保存检测结果到: C:\code\show\Scrap_Steel_In_Field\photos\dangerous_det\detection_20260604_180419.jpg
2026-06-04 18:04:19 [INFO] 图像形状: (2160, 3840, 3)
2026-06-04 18:04:19 [INFO] 图像数据类型: uint8
2026-06-04 18:04:19 [INFO] 图像最大值: 255
2026-06-04 18:04:19 [INFO] 图像最小值: 0
2026-06-04 18:04:19 [INFO] 开始保存检测结果图像: 图像尺寸=(2160, 3840, 3), 类型=uint8, 路径=C:\code\show\Scrap_Steel_In_Field\photos\dangerous_det\detection_20260604_180419.jpg
2026-06-04 18:04:19 [INFO] 成功保存检测结果到: C:\code\show\Scrap_Steel_In_Field\photos\dangerous_det\detection_20260604_180419.jpg
2026-06-04 18:04:19 [INFO] 保存的检测结果文件大小: 2055564 字节
2026-06-04 18:04:19 [INFO] 引擎上下文已释放
2026-06-04 18:04:19 [INFO] TensorRT 引擎已释放
2026-06-04 18:04:19 [INFO] 全局 CUDA 资源已释放
2026-06-04 18:04:19 [INFO] 检测系统资源已释放
2026-06-04 18:04:24 [INFO] CUDA 初始化成功
2026-06-04 18:04:24 [INFO] 引擎加载成功: dangerous.engine
2026-06-04 18:04:24 [INFO] 检测系统初始化成功
2026-06-04 18:04:24 [INFO] 图像预处理完成，原始尺寸: (2160, 3840)
2026-06-04 18:04:24 [INFO] 开始执行目标检测...
2026-06-04 18:04:24 [INFO] 检测完成，找到 4 个物体
2026-06-04 18:04:24 [INFO] 物体 1: GasCyl1 (置信度: 0.90)
2026-06-04 18:04:24 [INFO] 物体 2: GasCyl1 (置信度: 0.79)
2026-06-04 18:04:24 [INFO] 物体 3: GasCyl1 (置信度: 0.67)
2026-06-04 18:04:24 [INFO] 物体 4: GasCyl1 (置信度: 0.40)
2026-06-04 18:04:24 [INFO] 检测到车兜区域，将过滤区域外的目标
2026-06-04 18:04:24 [INFO] 准备保存检测结果到: C:\code\show\Scrap_Steel_In_Field\photos\dangerous_det\detection_20260604_180424.jpg
2026-06-04 18:04:24 [INFO] 图像形状: (2160, 3840, 3)
2026-06-04 18:04:24 [INFO] 图像数据类型: uint8
2026-06-04 18:04:24 [INFO] 图像最大值: 255
2026-06-04 18:04:24 [INFO] 图像最小值: 0
2026-06-04 18:04:24 [INFO] 开始保存检测结果图像: 图像尺寸=(2160, 3840, 3), 类型=uint8, 路径=C:\code\show\Scrap_Steel_In_Field\photos\dangerous_det\detection_20260604_180424.jpg
2026-06-04 18:04:24 [INFO] 成功保存检测结果到: C:\code\show\Scrap_Steel_In_Field\photos\dangerous_det\detection_20260604_180424.jpg
2026-06-04 18:04:24 [INFO] 保存的检测结果文件大小: 2053740 字节
2026-06-04 18:04:24 [INFO] 引擎上下文已释放
2026-06-04 18:04:24 [INFO] TensorRT 引擎已释放
2026-06-04 18:04:24 [INFO] 全局 CUDA 资源已释放
2026-06-04 18:04:24 [INFO] 检测系统资源已释放
2026-06-04 18:04:29 [INFO] CUDA 初始化成功
2026-06-04 18:04:29 [INFO] 引擎加载成功: dangerous.engine
2026-06-04 18:04:29 [INFO] 检测系统初始化成功
2026-06-04 18:04:29 [INFO] 图像预处理完成，原始尺寸: (2160, 3840)
2026-06-04 18:04:29 [INFO] 开始执行目标检测...
2026-06-04 18:04:29 [INFO] 检测完成，找到 4 个物体
2026-06-04 18:04:29 [INFO] 物体 1: GasCyl1 (置信度: 0.90)
2026-06-04 18:04:29 [INFO] 物体 2: GasCyl1 (置信度: 0.83)
2026-06-04 18:04:29 [INFO] 物体 3: GasCyl1 (置信度: 0.66)
2026-06-04 18:04:29 [INFO] 物体 4: FireExt1 (置信度: 0.39)
2026-06-04 18:04:29 [INFO] 检测到车兜区域，将过滤区域外的目标
2026-06-04 18:04:29 [INFO] 准备保存检测结果到: C:\code\show\Scrap_Steel_In_Field\photos\dangerous_det\detection_20260604_180429.jpg
2026-06-04 18:04:29 [INFO] 图像形状: (2160, 3840, 3)
2026-06-04 18:04:29 [INFO] 图像数据类型: uint8
2026-06-04 18:04:29 [INFO] 图像最大值: 255
2026-06-04 18:04:29 [INFO] 图像最小值: 0
2026-06-04 18:04:29 [INFO] 开始保存检测结果图像: 图像尺寸=(2160, 3840, 3), 类型=uint8, 路径=C:\code\show\Scrap_Steel_In_Field\photos\dangerous_det\detection_20260604_180429.jpg
2026-06-04 18:04:29 [INFO] 成功保存检测结果到: C:\code\show\Scrap_Steel_In_Field\photos\dangerous_det\detection_20260604_180429.jpg
2026-06-04 18:04:29 [INFO] 保存的检测结果文件大小: 2048247 字节
2026-06-04 18:04:29 [INFO] 引擎上下文已释放
2026-06-04 18:04:29 [INFO] TensorRT 引擎已释放
2026-06-04 18:04:29 [INFO] 全局 CUDA 资源已释放
2026-06-04 18:04:29 [INFO] 检测系统资源已释放
2026-06-04 18:04:34 [INFO] CUDA 初始化成功
2026-06-04 18:04:34 [INFO] 引擎加载成功: dangerous.engine
2026-06-04 18:04:34 [INFO] 检测系统初始化成功
2026-06-04 18:04:34 [INFO] 图像预处理完成，原始尺寸: (2160, 3840)
2026-06-04 18:04:34 [INFO] 开始执行目标检测...
2026-06-04 18:04:34 [INFO] 检测完成，找到 4 个物体
2026-06-04 18:04:34 [INFO] 物体 1: GasCyl1 (置信度: 0.89)
2026-06-04 18:04:34 [INFO] 物体 2: GasCyl1 (置信度: 0.83)
2026-06-04 18:04:34 [INFO] 物体 3: GasCyl1 (置信度: 0.75)
2026-06-04 18:04:34 [INFO] 物体 4: FireExt1 (置信度: 0.37)
2026-06-04 18:04:34 [INFO] 检测到车兜区域，将过滤区域外的目标
2026-06-04 18:04:34 [INFO] 准备保存检测结果到: C:\code\show\Scrap_Steel_In_Field\photos\dangerous_det\detection_20260604_180434.jpg
2026-06-04 18:04:34 [INFO] 图像形状: (2160, 3840, 3)
2026-06-04 18:04:34 [INFO] 图像数据类型: uint8
2026-06-04 18:04:34 [INFO] 图像最大值: 255
2026-06-04 18:04:34 [INFO] 图像最小值: 0
2026-06-04 18:04:34 [INFO] 开始保存检测结果图像: 图像尺寸=(2160, 3840, 3), 类型=uint8, 路径=C:\code\show\Scrap_Steel_In_Field\photos\dangerous_det\detection_20260604_180434.jpg
2026-06-04 18:04:34 [INFO] 成功保存检测结果到: C:\code\show\Scrap_Steel_In_Field\photos\dangerous_det\detection_20260604_180434.jpg
2026-06-04 18:04:34 [INFO] 保存的检测结果文件大小: 2053576 字节
2026-06-04 18:04:34 [INFO] 引擎上下文已释放
2026-06-04 18:04:34 [INFO] TensorRT 引擎已释放
2026-06-04 18:04:34 [INFO] 全局 CUDA 资源已释放
2026-06-04 18:04:34 [INFO] 检测系统资源已释放
2026-06-04 18:04:40 [INFO] CUDA 初始化成功
2026-06-04 18:04:40 [INFO] 引擎加载成功: dangerous.engine
2026-06-04 18:04:40 [INFO] 检测系统初始化成功
2026-06-04 18:04:40 [INFO] 图像预处理完成，原始尺寸: (2160, 3840)
2026-06-04 18:04:40 [INFO] 开始执行目标检测...
2026-06-04 18:04:40 [INFO] 检测完成，找到 4 个物体
2026-06-04 18:04:40 [INFO] 物体 1: GasCyl1 (置信度: 0.89)
2026-06-04 18:04:40 [INFO] 物体 2: GasCyl1 (置信度: 0.83)
2026-06-04 18:04:40 [INFO] 物体 3: GasCyl1 (置信度: 0.65)
2026-06-04 18:04:40 [INFO] 物体 4: FireExt1 (置信度: 0.39)
2026-06-04 18:04:40 [INFO] 检测到车兜区域，将过滤区域外的目标
2026-06-04 18:04:40 [INFO] 准备保存检测结果到: C:\code\show\Scrap_Steel_In_Field\photos\dangerous_det\detection_20260604_180440.jpg
2026-06-04 18:04:40 [INFO] 图像形状: (2160, 3840, 3)
2026-06-04 18:04:40 [INFO] 图像数据类型: uint8
2026-06-04 18:04:40 [INFO] 图像最大值: 255
2026-06-04 18:04:40 [INFO] 图像最小值: 0
2026-06-04 18:04:40 [INFO] 开始保存检测结果图像: 图像尺寸=(2160, 3840, 3), 类型=uint8, 路径=C:\code\show\Scrap_Steel_In_Field\photos\dangerous_det\detection_20260604_180440.jpg
2026-06-04 18:04:40 [INFO] 成功保存检测结果到: C:\code\show\Scrap_Steel_In_Field\photos\dangerous_det\detection_20260604_180440.jpg
2026-06-04 18:04:40 [INFO] 保存的检测结果文件大小: 2058608 字节
2026-06-04 18:04:40 [INFO] 引擎上下文已释放
2026-06-04 18:04:40 [INFO] TensorRT 引擎已释放
2026-06-04 18:04:40 [INFO] 全局 CUDA 资源已释放
2026-06-04 18:04:40 [INFO] 检测系统资源已释放
2026-06-04 18:04:44 [INFO] CUDA 初始化成功
2026-06-04 18:04:45 [INFO] 引擎加载成功: dangerous.engine
2026-06-04 18:04:45 [INFO] 检测系统初始化成功
2026-06-04 18:04:45 [INFO] 图像预处理完成，原始尺寸: (2160, 3840)
2026-06-04 18:04:45 [INFO] 开始执行目标检测...
2026-06-04 18:04:45 [INFO] 检测完成，找到 4 个物体
2026-06-04 18:04:45 [INFO] 物体 1: GasCyl1 (置信度: 0.89)
2026-06-04 18:04:45 [INFO] 物体 2: GasCyl1 (置信度: 0.82)
2026-06-04 18:04:45 [INFO] 物体 3: GasCyl1 (置信度: 0.74)
2026-06-04 18:04:45 [INFO] 物体 4: FireExt1 (置信度: 0.39)
2026-06-04 18:04:45 [INFO] 检测到车兜区域，将过滤区域外的目标
2026-06-04 18:04:45 [INFO] 准备保存检测结果到: C:\code\show\Scrap_Steel_In_Field\photos\dangerous_det\detection_20260604_180445.jpg
2026-06-04 18:04:45 [INFO] 图像形状: (2160, 3840, 3)
2026-06-04 18:04:45 [INFO] 图像数据类型: uint8
2026-06-04 18:04:45 [INFO] 图像最大值: 255
2026-06-04 18:04:45 [INFO] 图像最小值: 0
2026-06-04 18:04:45 [INFO] 开始保存检测结果图像: 图像尺寸=(2160, 3840, 3), 类型=uint8, 路径=C:\code\show\Scrap_Steel_In_Field\photos\dangerous_det\detection_20260604_180445.jpg
2026-06-04 18:04:45 [INFO] 成功保存检测结果到: C:\code\show\Scrap_Steel_In_Field\photos\dangerous_det\detection_20260604_180445.jpg
2026-06-04 18:04:45 [INFO] 保存的检测结果文件大小: 2054807 字节
2026-06-04 18:04:45 [INFO] 引擎上下文已释放
2026-06-04 18:04:45 [INFO] TensorRT 引擎已释放
2026-06-04 18:04:45 [INFO] 全局 CUDA 资源已释放
2026-06-04 18:04:45 [INFO] 检测系统资源已释放
2026-06-04 18:04:50 [INFO] CUDA 初始化成功
2026-06-04 18:04:50 [INFO] 引擎加载成功: dangerous.engine
2026-06-04 18:04:50 [INFO] 检测系统初始化成功
2026-06-04 18:04:50 [INFO] 图像预处理完成，原始尺寸: (2160, 3840)
2026-06-04 18:04:50 [INFO] 开始执行目标检测...
2026-06-04 18:04:50 [INFO] 检测完成，找到 4 个物体
2026-06-04 18:04:50 [INFO] 物体 1: GasCyl1 (置信度: 0.89)
2026-06-04 18:04:50 [INFO] 物体 2: GasCyl1 (置信度: 0.80)
2026-06-04 18:04:50 [INFO] 物体 3: GasCyl1 (置信度: 0.70)
2026-06-04 18:04:50 [INFO] 物体 4: FireExt1 (置信度: 0.40)
2026-06-04 18:04:50 [INFO] 检测到车兜区域，将过滤区域外的目标
2026-06-04 18:04:50 [INFO] 准备保存检测结果到: C:\code\show\Scrap_Steel_In_Field\photos\dangerous_det\detection_20260604_180450.jpg
2026-06-04 18:04:50 [INFO] 图像形状: (2160, 3840, 3)
2026-06-04 18:04:50 [INFO] 图像数据类型: uint8
2026-06-04 18:04:50 [INFO] 图像最大值: 255
2026-06-04 18:04:50 [INFO] 图像最小值: 0
2026-06-04 18:04:50 [INFO] 开始保存检测结果图像: 图像尺寸=(2160, 3840, 3), 类型=uint8, 路径=C:\code\show\Scrap_Steel_In_Field\photos\dangerous_det\detection_20260604_180450.jpg
2026-06-04 18:04:50 [INFO] 成功保存检测结果到: C:\code\show\Scrap_Steel_In_Field\photos\dangerous_det\detection_20260604_180450.jpg
2026-06-04 18:04:50 [INFO] 保存的检测结果文件大小: 2058518 字节
2026-06-04 18:04:50 [INFO] 引擎上下文已释放
2026-06-04 18:04:50 [INFO] TensorRT 引擎已释放
2026-06-04 18:04:50 [INFO] 全局 CUDA 资源已释放
2026-06-04 18:04:50 [INFO] 检测系统资源已释放
2026-06-04 18:04:55 [INFO] CUDA 初始化成功
2026-06-04 18:04:55 [INFO] 引擎加载成功: dangerous.engine
2026-06-04 18:04:55 [INFO] 检测系统初始化成功
2026-06-04 18:04:55 [INFO] 图像预处理完成，原始尺寸: (2160, 3840)
2026-06-04 18:04:55 [INFO] 开始执行目标检测...
2026-06-04 18:04:55 [INFO] 检测完成，找到 4 个物体
2026-06-04 18:04:55 [INFO] 物体 1: GasCyl1 (置信度: 0.89)
2026-06-04 18:04:55 [INFO] 物体 2: GasCyl1 (置信度: 0.81)
2026-06-04 18:04:55 [INFO] 物体 3: GasCyl1 (置信度: 0.70)
2026-06-04 18:04:55 [INFO] 物体 4: FireExt1 (置信度: 0.38)
2026-06-04 18:04:55 [INFO] 检测到车兜区域，将过滤区域外的目标
2026-06-04 18:04:55 [INFO] 准备保存检测结果到: C:\code\show\Scrap_Steel_In_Field\photos\dangerous_det\detection_20260604_180455.jpg
2026-06-04 18:04:55 [INFO] 图像形状: (2160, 3840, 3)
2026-06-04 18:04:55 [INFO] 图像数据类型: uint8
2026-06-04 18:04:55 [INFO] 图像最大值: 255
2026-06-04 18:04:55 [INFO] 图像最小值: 0
2026-06-04 18:04:55 [INFO] 开始保存检测结果图像: 图像尺寸=(2160, 3840, 3), 类型=uint8, 路径=C:\code\show\Scrap_Steel_In_Field\photos\dangerous_det\detection_20260604_180455.jpg
2026-06-04 18:04:55 [INFO] 成功保存检测结果到: C:\code\show\Scrap_Steel_In_Field\photos\dangerous_det\detection_20260604_180455.jpg
2026-06-04 18:04:55 [INFO] 保存的检测结果文件大小: 2056177 字节
2026-06-04 18:04:55 [INFO] 引擎上下文已释放
2026-06-04 18:04:55 [INFO] TensorRT 引擎已释放
2026-06-04 18:04:55 [INFO] 全局 CUDA 资源已释放
2026-06-04 18:04:55 [INFO] 检测系统资源已释放
2026-06-04 18:05:00 [INFO] CUDA 初始化成功
2026-06-04 18:05:00 [INFO] 引擎加载成功: dangerous.engine
2026-06-04 18:05:00 [INFO] 检测系统初始化成功
2026-06-04 18:05:00 [INFO] 图像预处理完成，原始尺寸: (2160, 3840)
2026-06-04 18:05:00 [INFO] 开始执行目标检测...
2026-06-04 18:05:00 [INFO] 检测完成，找到 4 个物体
2026-06-04 18:05:00 [INFO] 物体 1: GasCyl1 (置信度: 0.90)
2026-06-04 18:05:00 [INFO] 物体 2: GasCyl1 (置信度: 0.84)
2026-06-04 18:05:00 [INFO] 物体 3: GasCyl1 (置信度: 0.76)
2026-06-04 18:05:00 [INFO] 物体 4: FireExt1 (置信度: 0.42)
2026-06-04 18:05:00 [INFO] 检测到车兜区域，将过滤区域外的目标
2026-06-04 18:05:00 [INFO] 准备保存检测结果到: C:\code\show\Scrap_Steel_In_Field\photos\dangerous_det\detection_20260604_180500.jpg
2026-06-04 18:05:00 [INFO] 图像形状: (2160, 3840, 3)
2026-06-04 18:05:00 [INFO] 图像数据类型: uint8
2026-06-04 18:05:00 [INFO] 图像最大值: 255
2026-06-04 18:05:00 [INFO] 图像最小值: 0
2026-06-04 18:05:00 [INFO] 开始保存检测结果图像: 图像尺寸=(2160, 3840, 3), 类型=uint8, 路径=C:\code\show\Scrap_Steel_In_Field\photos\dangerous_det\detection_20260604_180500.jpg
2026-06-04 18:05:00 [INFO] 成功保存检测结果到: C:\code\show\Scrap_Steel_In_Field\photos\dangerous_det\detection_20260604_180500.jpg
2026-06-04 18:05:00 [INFO] 保存的检测结果文件大小: 2053097 字节
2026-06-04 18:05:00 [INFO] 引擎上下文已释放
2026-06-04 18:05:00 [INFO] TensorRT 引擎已释放
2026-06-04 18:05:00 [INFO] 全局 CUDA 资源已释放
2026-06-04 18:05:00 [INFO] 检测系统资源已释放
2026-06-04 18:05:05 [INFO] CUDA 初始化成功
2026-06-04 18:05:05 [INFO] 引擎加载成功: dangerous.engine
2026-06-04 18:05:05 [INFO] 检测系统初始化成功
2026-06-04 18:05:05 [INFO] 图像预处理完成，原始尺寸: (2160, 3840)
2026-06-04 18:05:05 [INFO] 开始执行目标检测...
2026-06-04 18:05:05 [INFO] 检测完成，找到 4 个物体
2026-06-04 18:05:05 [INFO] 物体 1: GasCyl1 (置信度: 0.89)
2026-06-04 18:05:05 [INFO] 物体 2: GasCyl1 (置信度: 0.84)
2026-06-04 18:05:05 [INFO] 物体 3: GasCyl1 (置信度: 0.79)
2026-06-04 18:05:05 [INFO] 物体 4: FireExt1 (置信度: 0.41)
2026-06-04 18:05:05 [INFO] 检测到车兜区域，将过滤区域外的目标
2026-06-04 18:05:05 [INFO] 准备保存检测结果到: C:\code\show\Scrap_Steel_In_Field\photos\dangerous_det\detection_20260604_180505.jpg
2026-06-04 18:05:05 [INFO] 图像形状: (2160, 3840, 3)
2026-06-04 18:05:05 [INFO] 图像数据类型: uint8
2026-06-04 18:05:05 [INFO] 图像最大值: 255
2026-06-04 18:05:05 [INFO] 图像最小值: 0
2026-06-04 18:05:05 [INFO] 开始保存检测结果图像: 图像尺寸=(2160, 3840, 3), 类型=uint8, 路径=C:\code\show\Scrap_Steel_In_Field\photos\dangerous_det\detection_20260604_180505.jpg
2026-06-04 18:05:06 [INFO] 成功保存检测结果到: C:\code\show\Scrap_Steel_In_Field\photos\dangerous_det\detection_20260604_180505.jpg
2026-06-04 18:05:06 [INFO] 保存的检测结果文件大小: 2051575 字节
2026-06-04 18:05:06 [INFO] 引擎上下文已释放
2026-06-04 18:05:06 [INFO] TensorRT 引擎已释放
2026-06-04 18:05:06 [INFO] 全局 CUDA 资源已释放
2026-06-04 18:05:06 [INFO] 检测系统资源已释放
2026-06-04 18:05:10 [INFO] CUDA 初始化成功
2026-06-04 18:05:11 [INFO] 引擎加载成功: dangerous.engine
2026-06-04 18:05:11 [INFO] 检测系统初始化成功
2026-06-04 18:05:11 [INFO] 图像预处理完成，原始尺寸: (2160, 3840)
2026-06-04 18:05:11 [INFO] 开始执行目标检测...
2026-06-04 18:05:11 [INFO] 检测完成，找到 5 个物体
2026-06-04 18:05:11 [INFO] 物体 1: GasCyl1 (置信度: 0.90)
2026-06-04 18:05:11 [INFO] 物体 2: GasCyl1 (置信度: 0.83)
2026-06-04 18:05:11 [INFO] 物体 3: GasCyl1 (置信度: 0.66)
2026-06-04 18:05:11 [INFO] 物体 4: FireExt1 (置信度: 0.48)
2026-06-04 18:05:11 [INFO] 物体 5: FireExt1 (置信度: 0.42)
2026-06-04 18:05:11 [INFO] 检测到车兜区域，将过滤区域外的目标
2026-06-04 18:05:11 [INFO] 车兜区域过滤: 5 -> 4 个目标
2026-06-04 18:05:11 [INFO] 准备保存检测结果到: C:\code\show\Scrap_Steel_In_Field\photos\dangerous_det\detection_20260604_180511.jpg
2026-06-04 18:05:11 [INFO] 图像形状: (2160, 3840, 3)
2026-06-04 18:05:11 [INFO] 图像数据类型: uint8
2026-06-04 18:05:11 [INFO] 图像最大值: 255
2026-06-04 18:05:11 [INFO] 图像最小值: 0
2026-06-04 18:05:11 [INFO] 开始保存检测结果图像: 图像尺寸=(2160, 3840, 3), 类型=uint8, 路径=C:\code\show\Scrap_Steel_In_Field\photos\dangerous_det\detection_20260604_180511.jpg
2026-06-04 18:05:11 [INFO] 成功保存检测结果到: C:\code\show\Scrap_Steel_In_Field\photos\dangerous_det\detection_20260604_180511.jpg
2026-06-04 18:05:11 [INFO] 保存的检测结果文件大小: 2020626 字节
2026-06-04 18:05:11 [INFO] 引擎上下文已释放
2026-06-04 18:05:11 [INFO] TensorRT 引擎已释放
2026-06-04 18:05:11 [INFO] 全局 CUDA 资源已释放
2026-06-04 18:05:11 [INFO] 检测系统资源已释放
2026-06-04 18:05:16 [INFO] CUDA 初始化成功
2026-06-04 18:05:16 [INFO] 引擎加载成功: dangerous.engine
2026-06-04 18:05:16 [INFO] 检测系统初始化成功
2026-06-04 18:05:16 [INFO] 图像预处理完成，原始尺寸: (2160, 3840)
2026-06-04 18:05:16 [INFO] 开始执行目标检测...
2026-06-04 18:05:16 [INFO] 检测完成，找到 5 个物体
2026-06-04 18:05:16 [INFO] 物体 1: GasCyl1 (置信度: 0.88)
2026-06-04 18:05:16 [INFO] 物体 2: GasCyl1 (置信度: 0.84)
2026-06-04 18:05:16 [INFO] 物体 3: GasCyl1 (置信度: 0.68)
2026-06-04 18:05:16 [INFO] 物体 4: FireExt1 (置信度: 0.47)
2026-06-04 18:05:16 [INFO] 物体 5: GasCyl1 (置信度: 0.46)
2026-06-04 18:05:16 [INFO] 检测到车兜区域，将过滤区域外的目标
2026-06-04 18:05:16 [INFO] 车兜区域过滤: 5 -> 4 个目标
2026-06-04 18:05:16 [INFO] 准备保存检测结果到: C:\code\show\Scrap_Steel_In_Field\photos\dangerous_det\detection_20260604_180516.jpg
2026-06-04 18:05:16 [INFO] 图像形状: (2160, 3840, 3)
2026-06-04 18:05:16 [INFO] 图像数据类型: uint8
2026-06-04 18:05:16 [INFO] 图像最大值: 255
2026-06-04 18:05:16 [INFO] 图像最小值: 0
2026-06-04 18:05:16 [INFO] 开始保存检测结果图像: 图像尺寸=(2160, 3840, 3), 类型=uint8, 路径=C:\code\show\Scrap_Steel_In_Field\photos\dangerous_det\detection_20260604_180516.jpg
2026-06-04 18:05:16 [INFO] 成功保存检测结果到: C:\code\show\Scrap_Steel_In_Field\photos\dangerous_det\detection_20260604_180516.jpg
2026-06-04 18:05:16 [INFO] 保存的检测结果文件大小: 2050664 字节
2026-06-04 18:05:16 [INFO] 引擎上下文已释放
2026-06-04 18:05:16 [INFO] TensorRT 引擎已释放
2026-06-04 18:05:16 [INFO] 全局 CUDA 资源已释放
2026-06-04 18:05:16 [INFO] 检测系统资源已释放
2026-06-04 18:05:21 [INFO] CUDA 初始化成功
2026-06-04 18:05:21 [INFO] 引擎加载成功: dangerous.engine
2026-06-04 18:05:21 [INFO] 检测系统初始化成功
2026-06-04 18:05:21 [INFO] 图像预处理完成，原始尺寸: (2160, 3840)
2026-06-04 18:05:21 [INFO] 开始执行目标检测...
2026-06-04 18:05:21 [INFO] 检测完成，找到 5 个物体
2026-06-04 18:05:21 [INFO] 物体 1: GasCyl1 (置信度: 0.90)
2026-06-04 18:05:21 [INFO] 物体 2: GasCyl1 (置信度: 0.83)
2026-06-04 18:05:21 [INFO] 物体 3: GasCyl1 (置信度: 0.46)
2026-06-04 18:05:21 [INFO] 物体 4: FireExt1 (置信度: 0.40)
2026-06-04 18:05:21 [INFO] 物体 5: FireExt1 (置信度: 0.36)
2026-06-04 18:05:21 [INFO] 检测到车兜区域，将过滤区域外的目标
2026-06-04 18:05:21 [INFO] 车兜区域过滤: 5 -> 4 个目标
2026-06-04 18:05:21 [INFO] 准备保存检测结果到: C:\code\show\Scrap_Steel_In_Field\photos\dangerous_det\detection_20260604_180521.jpg
2026-06-04 18:05:21 [INFO] 图像形状: (2160, 3840, 3)
2026-06-04 18:05:21 [INFO] 图像数据类型: uint8
2026-06-04 18:05:21 [INFO] 图像最大值: 255
2026-06-04 18:05:21 [INFO] 图像最小值: 0
2026-06-04 18:05:21 [INFO] 开始保存检测结果图像: 图像尺寸=(2160, 3840, 3), 类型=uint8, 路径=C:\code\show\Scrap_Steel_In_Field\photos\dangerous_det\detection_20260604_180521.jpg
2026-06-04 18:05:21 [INFO] 成功保存检测结果到: C:\code\show\Scrap_Steel_In_Field\photos\dangerous_det\detection_20260604_180521.jpg
2026-06-04 18:05:21 [INFO] 保存的检测结果文件大小: 2060135 字节
2026-06-04 18:05:21 [INFO] 引擎上下文已释放
2026-06-04 18:05:21 [INFO] TensorRT 引擎已释放
2026-06-04 18:05:21 [INFO] 全局 CUDA 资源已释放
2026-06-04 18:05:21 [INFO] 检测系统资源已释放
2026-06-04 18:05:26 [INFO] CUDA 初始化成功
2026-06-04 18:05:26 [INFO] 引擎加载成功: dangerous.engine
2026-06-04 18:05:26 [INFO] 检测系统初始化成功
2026-06-04 18:05:26 [INFO] 图像预处理完成，原始尺寸: (2160, 3840)
2026-06-04 18:05:26 [INFO] 开始执行目标检测...
2026-06-04 18:05:26 [INFO] 检测完成，找到 4 个物体
2026-06-04 18:05:26 [INFO] 物体 1: GasCyl1 (置信度: 0.89)
2026-06-04 18:05:26 [INFO] 物体 2: GasCyl1 (置信度: 0.85)
2026-06-04 18:05:26 [INFO] 物体 3: GasCyl1 (置信度: 0.46)
2026-06-04 18:05:26 [INFO] 物体 4: GasCyl1 (置信度: 0.46)
2026-06-04 18:05:26 [INFO] 检测到车兜区域，将过滤区域外的目标
2026-06-04 18:05:26 [INFO] 准备保存检测结果到: C:\code\show\Scrap_Steel_In_Field\photos\dangerous_det\detection_20260604_180526.jpg
2026-06-04 18:05:26 [INFO] 图像形状: (2160, 3840, 3)
2026-06-04 18:05:26 [INFO] 图像数据类型: uint8
2026-06-04 18:05:26 [INFO] 图像最大值: 255
2026-06-04 18:05:26 [INFO] 图像最小值: 0
2026-06-04 18:05:26 [INFO] 开始保存检测结果图像: 图像尺寸=(2160, 3840, 3), 类型=uint8, 路径=C:\code\show\Scrap_Steel_In_Field\photos\dangerous_det\detection_20260604_180526.jpg
2026-06-04 18:05:26 [INFO] 成功保存检测结果到: C:\code\show\Scrap_Steel_In_Field\photos\dangerous_det\detection_20260604_180526.jpg
2026-06-04 18:05:26 [INFO] 保存的检测结果文件大小: 2077495 字节
2026-06-04 18:05:26 [INFO] 引擎上下文已释放
2026-06-04 18:05:26 [INFO] TensorRT 引擎已释放
2026-06-04 18:05:26 [INFO] 全局 CUDA 资源已释放
2026-06-04 18:05:26 [INFO] 检测系统资源已释放
2026-06-04 18:05:31 [INFO] CUDA 初始化成功
2026-06-04 18:05:31 [INFO] 引擎加载成功: dangerous.engine
2026-06-04 18:05:31 [INFO] 检测系统初始化成功
2026-06-04 18:05:31 [INFO] 图像预处理完成，原始尺寸: (2160, 3840)
2026-06-04 18:05:31 [INFO] 开始执行目标检测...
2026-06-04 18:05:31 [INFO] 检测完成，找到 5 个物体
2026-06-04 18:05:31 [INFO] 物体 1: GasCyl1 (置信度: 0.88)
2026-06-04 18:05:31 [INFO] 物体 2: GasCyl1 (置信度: 0.83)
2026-06-04 18:05:31 [INFO] 物体 3: GasCyl1 (置信度: 0.70)
2026-06-04 18:05:31 [INFO] 物体 4: GasCyl1 (置信度: 0.40)
2026-06-04 18:05:31 [INFO] 物体 5: FireExt1 (置信度: 0.36)
2026-06-04 18:05:31 [INFO] 检测到车兜区域，将过滤区域外的目标
2026-06-04 18:05:31 [INFO] 车兜区域过滤: 5 -> 4 个目标
2026-06-04 18:05:31 [INFO] 准备保存检测结果到: C:\code\show\Scrap_Steel_In_Field\photos\dangerous_det\detection_20260604_180531.jpg
2026-06-04 18:05:31 [INFO] 图像形状: (2160, 3840, 3)
2026-06-04 18:05:31 [INFO] 图像数据类型: uint8
2026-06-04 18:05:31 [INFO] 图像最大值: 255
2026-06-04 18:05:31 [INFO] 图像最小值: 0
2026-06-04 18:05:31 [INFO] 开始保存检测结果图像: 图像尺寸=(2160, 3840, 3), 类型=uint8, 路径=C:\code\show\Scrap_Steel_In_Field\photos\dangerous_det\detection_20260604_180531.jpg
2026-06-04 18:05:32 [INFO] 成功保存检测结果到: C:\code\show\Scrap_Steel_In_Field\photos\dangerous_det\detection_20260604_180531.jpg
2026-06-04 18:05:32 [INFO] 保存的检测结果文件大小: 2078451 字节
2026-06-04 18:05:32 [INFO] 引擎上下文已释放
2026-06-04 18:05:32 [INFO] TensorRT 引擎已释放
2026-06-04 18:05:32 [INFO] 全局 CUDA 资源已释放
2026-06-04 18:05:32 [INFO] 检测系统资源已释放
2026-06-04 18:05:36 [INFO] CUDA 初始化成功
2026-06-04 18:05:36 [INFO] 引擎加载成功: dangerous.engine
2026-06-04 18:05:36 [INFO] 检测系统初始化成功
2026-06-04 18:05:36 [INFO] 图像预处理完成，原始尺寸: (2160, 3840)
2026-06-04 18:05:36 [INFO] 开始执行目标检测...
2026-06-04 18:05:36 [INFO] 检测完成，找到 5 个物体
2026-06-04 18:05:36 [INFO] 物体 1: GasCyl1 (置信度: 0.89)
2026-06-04 18:05:36 [INFO] 物体 2: GasCyl1 (置信度: 0.82)
2026-06-04 18:05:36 [INFO] 物体 3: GasCyl1 (置信度: 0.77)
2026-06-04 18:05:36 [INFO] 物体 4: FireExt1 (置信度: 0.40)
2026-06-04 18:05:36 [INFO] 物体 5: FireExt1 (置信度: 0.38)
2026-06-04 18:05:37 [INFO] 检测到车兜区域，将过滤区域外的目标
2026-06-04 18:05:37 [INFO] 车兜区域过滤: 5 -> 4 个目标
2026-06-04 18:05:37 [INFO] 准备保存检测结果到: C:\code\show\Scrap_Steel_In_Field\photos\dangerous_det\detection_20260604_180537.jpg
2026-06-04 18:05:37 [INFO] 图像形状: (2160, 3840, 3)
2026-06-04 18:05:37 [INFO] 图像数据类型: uint8
2026-06-04 18:05:37 [INFO] 图像最大值: 255
2026-06-04 18:05:37 [INFO] 图像最小值: 0
2026-06-04 18:05:37 [INFO] 开始保存检测结果图像: 图像尺寸=(2160, 3840, 3), 类型=uint8, 路径=C:\code\show\Scrap_Steel_In_Field\photos\dangerous_det\detection_20260604_180537.jpg
2026-06-04 18:05:37 [INFO] 成功保存检测结果到: C:\code\show\Scrap_Steel_In_Field\photos\dangerous_det\detection_20260604_180537.jpg
2026-06-04 18:05:37 [INFO] 保存的检测结果文件大小: 2078008 字节
2026-06-04 18:05:37 [INFO] 引擎上下文已释放
2026-06-04 18:05:37 [INFO] TensorRT 引擎已释放
2026-06-04 18:05:37 [INFO] 全局 CUDA 资源已释放
2026-06-04 18:05:37 [INFO] 检测系统资源已释放
2026-06-04 18:05:41 [INFO] CUDA 初始化成功
2026-06-04 18:05:41 [INFO] 引擎加载成功: dangerous.engine
2026-06-04 18:05:42 [INFO] 检测系统初始化成功
2026-06-04 18:05:42 [INFO] 图像预处理完成，原始尺寸: (2160, 3840)
2026-06-04 18:05:42 [INFO] 开始执行目标检测...
2026-06-04 18:05:42 [INFO] 检测完成，找到 5 个物体
2026-06-04 18:05:42 [INFO] 物体 1: GasCyl1 (置信度: 0.90)
2026-06-04 18:05:42 [INFO] 物体 2: GasCyl1 (置信度: 0.81)
2026-06-04 18:05:42 [INFO] 物体 3: GasCyl1 (置信度: 0.64)
2026-06-04 18:05:42 [INFO] 物体 4: FireExt1 (置信度: 0.38)
2026-06-04 18:05:42 [INFO] 物体 5: FireExt1 (置信度: 0.37)
2026-06-04 18:05:42 [INFO] 检测到车兜区域，将过滤区域外的目标
2026-06-04 18:05:42 [INFO] 车兜区域过滤: 5 -> 4 个目标
2026-06-04 18:05:42 [INFO] 准备保存检测结果到: C:\code\show\Scrap_Steel_In_Field\photos\dangerous_det\detection_20260604_180542.jpg
2026-06-04 18:05:42 [INFO] 图像形状: (2160, 3840, 3)
2026-06-04 18:05:42 [INFO] 图像数据类型: uint8
2026-06-04 18:05:42 [INFO] 图像最大值: 255
2026-06-04 18:05:42 [INFO] 图像最小值: 0
2026-06-04 18:05:42 [INFO] 开始保存检测结果图像: 图像尺寸=(2160, 3840, 3), 类型=uint8, 路径=C:\code\show\Scrap_Steel_In_Field\photos\dangerous_det\detection_20260604_180542.jpg
2026-06-04 18:05:42 [INFO] 成功保存检测结果到: C:\code\show\Scrap_Steel_In_Field\photos\dangerous_det\detection_20260604_180542.jpg
2026-06-04 18:05:42 [INFO] 保存的检测结果文件大小: 2075356 字节
2026-06-04 18:05:42 [INFO] 引擎上下文已释放
2026-06-04 18:05:42 [INFO] TensorRT 引擎已释放
2026-06-04 18:05:42 [INFO] 全局 CUDA 资源已释放
2026-06-04 18:05:42 [INFO] 检测系统资源已释放
2026-06-04 18:05:47 [INFO] CUDA 初始化成功
2026-06-04 18:05:47 [INFO] 引擎加载成功: dangerous.engine
2026-06-04 18:05:47 [INFO] 检测系统初始化成功
2026-06-04 18:05:47 [INFO] 图像预处理完成，原始尺寸: (2160, 3840)
2026-06-04 18:05:47 [INFO] 开始执行目标检测...
2026-06-04 18:05:47 [INFO] 检测完成，找到 5 个物体
2026-06-04 18:05:47 [INFO] 物体 1: GasCyl1 (置信度: 0.88)
2026-06-04 18:05:47 [INFO] 物体 2: GasCyl1 (置信度: 0.84)
2026-06-04 18:05:47 [INFO] 物体 3: GasCyl1 (置信度: 0.66)
2026-06-04 18:05:47 [INFO] 物体 4: GasCyl1 (置信度: 0.41)
2026-06-04 18:05:47 [INFO] 物体 5: FireExt1 (置信度: 0.41)
2026-06-04 18:05:47 [INFO] 检测到车兜区域，将过滤区域外的目标
2026-06-04 18:05:47 [INFO] 车兜区域过滤: 5 -> 4 个目标
2026-06-04 18:05:47 [INFO] 准备保存检测结果到: C:\code\show\Scrap_Steel_In_Field\photos\dangerous_det\detection_20260604_180547.jpg
2026-06-04 18:05:47 [INFO] 图像形状: (2160, 3840, 3)
2026-06-04 18:05:47 [INFO] 图像数据类型: uint8
2026-06-04 18:05:47 [INFO] 图像最大值: 255
2026-06-04 18:05:47 [INFO] 图像最小值: 0
2026-06-04 18:05:47 [INFO] 开始保存检测结果图像: 图像尺寸=(2160, 3840, 3), 类型=uint8, 路径=C:\code\show\Scrap_Steel_In_Field\photos\dangerous_det\detection_20260604_180547.jpg
2026-06-04 18:05:47 [INFO] 成功保存检测结果到: C:\code\show\Scrap_Steel_In_Field\photos\dangerous_det\detection_20260604_180547.jpg
2026-06-04 18:05:47 [INFO] 保存的检测结果文件大小: 2082570 字节
2026-06-04 18:05:47 [INFO] 引擎上下文已释放
2026-06-04 18:05:47 [INFO] TensorRT 引擎已释放
2026-06-04 18:05:47 [INFO] 全局 CUDA 资源已释放
2026-06-04 18:05:47 [INFO] 检测系统资源已释放
2026-06-04 18:05:52 [INFO] CUDA 初始化成功
2026-06-04 18:05:52 [INFO] 引擎加载成功: dangerous.engine
2026-06-04 18:05:52 [INFO] 检测系统初始化成功
2026-06-04 18:05:52 [INFO] 图像预处理完成，原始尺寸: (2160, 3840)
2026-06-04 18:05:52 [INFO] 开始执行目标检测...
2026-06-04 18:05:52 [INFO] 检测完成，找到 5 个物体
2026-06-04 18:05:52 [INFO] 物体 1: GasCyl1 (置信度: 0.89)
2026-06-04 18:05:52 [INFO] 物体 2: GasCyl1 (置信度: 0.82)
2026-06-04 18:05:52 [INFO] 物体 3: GasCyl1 (置信度: 0.61)
2026-06-04 18:05:52 [INFO] 物体 4: FireExt1 (置信度: 0.44)
2026-06-04 18:05:52 [INFO] 物体 5: FireExt1 (置信度: 0.38)
2026-06-04 18:05:52 [INFO] 检测到车兜区域，将过滤区域外的目标
2026-06-04 18:05:52 [INFO] 车兜区域过滤: 5 -> 4 个目标
2026-06-04 18:05:52 [INFO] 准备保存检测结果到: C:\code\show\Scrap_Steel_In_Field\photos\dangerous_det\detection_20260604_180552.jpg
2026-06-04 18:05:52 [INFO] 图像形状: (2160, 3840, 3)
2026-06-04 18:05:52 [INFO] 图像数据类型: uint8
2026-06-04 18:05:52 [INFO] 图像最大值: 255
2026-06-04 18:05:52 [INFO] 图像最小值: 0
2026-06-04 18:05:52 [INFO] 开始保存检测结果图像: 图像尺寸=(2160, 3840, 3), 类型=uint8, 路径=C:\code\show\Scrap_Steel_In_Field\photos\dangerous_det\detection_20260604_180552.jpg
2026-06-04 18:05:52 [INFO] 成功保存检测结果到: C:\code\show\Scrap_Steel_In_Field\photos\dangerous_det\detection_20260604_180552.jpg
2026-06-04 18:05:52 [INFO] 保存的检测结果文件大小: 2084655 字节
2026-06-04 18:05:52 [INFO] 引擎上下文已释放
2026-06-04 18:05:52 [INFO] TensorRT 引擎已释放
2026-06-04 18:05:52 [INFO] 全局 CUDA 资源已释放
2026-06-04 18:05:52 [INFO] 检测系统资源已释放
2026-06-04 18:05:57 [INFO] CUDA 初始化成功
2026-06-04 18:05:57 [INFO] 引擎加载成功: dangerous.engine
2026-06-04 18:05:57 [INFO] 检测系统初始化成功
2026-06-04 18:05:57 [INFO] 图像预处理完成，原始尺寸: (2160, 3840)
2026-06-04 18:05:57 [INFO] 开始执行目标检测...
2026-06-04 18:05:57 [INFO] 检测完成，找到 4 个物体
2026-06-04 18:05:57 [INFO] 物体 1: GasCyl1 (置信度: 0.90)
2026-06-04 18:05:57 [INFO] 物体 2: GasCyl1 (置信度: 0.81)
2026-06-04 18:05:57 [INFO] 物体 3: GasCyl1 (置信度: 0.70)
2026-06-04 18:05:57 [INFO] 物体 4: FireExt1 (置信度: 0.41)
2026-06-04 18:05:57 [INFO] 检测到车兜区域，将过滤区域外的目标
2026-06-04 18:05:57 [INFO] 车兜区域过滤: 4 -> 3 个目标
2026-06-04 18:05:57 [INFO] 准备保存检测结果到: C:\code\show\Scrap_Steel_In_Field\photos\dangerous_det\detection_20260604_180557.jpg
2026-06-04 18:05:57 [INFO] 图像形状: (2160, 3840, 3)
2026-06-04 18:05:57 [INFO] 图像数据类型: uint8
2026-06-04 18:05:57 [INFO] 图像最大值: 255
2026-06-04 18:05:57 [INFO] 图像最小值: 0
2026-06-04 18:05:57 [INFO] 开始保存检测结果图像: 图像尺寸=(2160, 3840, 3), 类型=uint8, 路径=C:\code\show\Scrap_Steel_In_Field\photos\dangerous_det\detection_20260604_180557.jpg
2026-06-04 18:05:57 [INFO] 成功保存检测结果到: C:\code\show\Scrap_Steel_In_Field\photos\dangerous_det\detection_20260604_180557.jpg
2026-06-04 18:05:57 [INFO] 保存的检测结果文件大小: 2077180 字节
2026-06-04 18:05:57 [INFO] 引擎上下文已释放
2026-06-04 18:05:57 [INFO] TensorRT 引擎已释放
2026-06-04 18:05:57 [INFO] 全局 CUDA 资源已释放
2026-06-04 18:05:57 [INFO] 检测系统资源已释放
2026-06-04 18:06:02 [INFO] CUDA 初始化成功
2026-06-04 18:06:02 [INFO] 引擎加载成功: dangerous.engine
2026-06-04 18:06:02 [INFO] 检测系统初始化成功
2026-06-04 18:06:02 [INFO] 图像预处理完成，原始尺寸: (2160, 3840)
2026-06-04 18:06:02 [INFO] 开始执行目标检测...
2026-06-04 18:06:02 [INFO] 检测完成，找到 5 个物体
2026-06-04 18:06:02 [INFO] 物体 1: GasCyl1 (置信度: 0.88)
2026-06-04 18:06:02 [INFO] 物体 2: GasCyl1 (置信度: 0.84)
2026-06-04 18:06:02 [INFO] 物体 3: GasCyl1 (置信度: 0.66)
2026-06-04 18:06:02 [INFO] 物体 4: GasCyl1 (置信度: 0.47)
2026-06-04 18:06:02 [INFO] 物体 5: FireExt1 (置信度: 0.43)
2026-06-04 18:06:02 [INFO] 检测到车兜区域，将过滤区域外的目标
2026-06-04 18:06:02 [INFO] 车兜区域过滤: 5 -> 4 个目标
2026-06-04 18:06:02 [INFO] 准备保存检测结果到: C:\code\show\Scrap_Steel_In_Field\photos\dangerous_det\detection_20260604_180602.jpg
2026-06-04 18:06:02 [INFO] 图像形状: (2160, 3840, 3)
2026-06-04 18:06:02 [INFO] 图像数据类型: uint8
2026-06-04 18:06:02 [INFO] 图像最大值: 255
2026-06-04 18:06:02 [INFO] 图像最小值: 0
2026-06-04 18:06:02 [INFO] 开始保存检测结果图像: 图像尺寸=(2160, 3840, 3), 类型=uint8, 路径=C:\code\show\Scrap_Steel_In_Field\photos\dangerous_det\detection_20260604_180602.jpg
2026-06-04 18:06:03 [INFO] 成功保存检测结果到: C:\code\show\Scrap_Steel_In_Field\photos\dangerous_det\detection_20260604_180602.jpg
2026-06-04 18:06:03 [INFO] 保存的检测结果文件大小: 2069766 字节
2026-06-04 18:06:03 [INFO] 引擎上下文已释放
2026-06-04 18:06:03 [INFO] TensorRT 引擎已释放
2026-06-04 18:06:03 [INFO] 全局 CUDA 资源已释放
2026-06-04 18:06:03 [INFO] 检测系统资源已释放
2026-06-04 18:06:07 [INFO] CUDA 初始化成功
2026-06-04 18:06:07 [INFO] 引擎加载成功: dangerous.engine
2026-06-04 18:06:07 [INFO] 检测系统初始化成功
2026-06-04 18:06:07 [INFO] 图像预处理完成，原始尺寸: (2160, 3840)
2026-06-04 18:06:07 [INFO] 开始执行目标检测...
2026-06-04 18:06:07 [INFO] 检测完成，找到 5 个物体
2026-06-04 18:06:07 [INFO] 物体 1: GasCyl1 (置信度: 0.89)
2026-06-04 18:06:07 [INFO] 物体 2: GasCyl1 (置信度: 0.79)
2026-06-04 18:06:07 [INFO] 物体 3: GasCyl1 (置信度: 0.74)
2026-06-04 18:06:07 [INFO] 物体 4: FireExt1 (置信度: 0.46)
2026-06-04 18:06:08 [INFO] 物体 5: FireExt1 (置信度: 0.40)
2026-06-04 18:06:08 [INFO] 检测到车兜区域，将过滤区域外的目标
2026-06-04 18:06:08 [INFO] 车兜区域过滤: 5 -> 4 个目标
2026-06-04 18:06:08 [INFO] 准备保存检测结果到: C:\code\show\Scrap_Steel_In_Field\photos\dangerous_det\detection_20260604_180608.jpg
2026-06-04 18:06:08 [INFO] 图像形状: (2160, 3840, 3)
2026-06-04 18:06:08 [INFO] 图像数据类型: uint8
2026-06-04 18:06:08 [INFO] 图像最大值: 255
2026-06-04 18:06:08 [INFO] 图像最小值: 0
2026-06-04 18:06:08 [INFO] 开始保存检测结果图像: 图像尺寸=(2160, 3840, 3), 类型=uint8, 路径=C:\code\show\Scrap_Steel_In_Field\photos\dangerous_det\detection_20260604_180608.jpg
2026-06-04 18:06:08 [INFO] 成功保存检测结果到: C:\code\show\Scrap_Steel_In_Field\photos\dangerous_det\detection_20260604_180608.jpg
2026-06-04 18:06:08 [INFO] 保存的检测结果文件大小: 2074202 字节
2026-06-04 18:06:08 [INFO] 引擎上下文已释放
2026-06-04 18:06:08 [INFO] TensorRT 引擎已释放
2026-06-04 18:06:08 [INFO] 全局 CUDA 资源已释放
2026-06-04 18:06:08 [INFO] 检测系统资源已释放
2026-06-04 18:06:12 [INFO] CUDA 初始化成功
2026-06-04 18:06:12 [INFO] 引擎加载成功: dangerous.engine
2026-06-04 18:06:13 [INFO] 检测系统初始化成功
2026-06-04 18:06:13 [INFO] 图像预处理完成，原始尺寸: (2160, 3840)
2026-06-04 18:06:13 [INFO] 开始执行目标检测...
2026-06-04 18:06:13 [INFO] 检测完成，找到 4 个物体
2026-06-04 18:06:13 [INFO] 物体 1: GasCyl1 (置信度: 0.90)
2026-06-04 18:06:13 [INFO] 物体 2: GasCyl1 (置信度: 0.81)
2026-06-04 18:06:13 [INFO] 物体 3: GasCyl1 (置信度: 0.70)
2026-06-04 18:06:13 [INFO] 物体 4: FireExt1 (置信度: 0.41)
2026-06-04 18:06:13 [INFO] 检测到车兜区域，将过滤区域外的目标
2026-06-04 18:06:13 [INFO] 车兜区域过滤: 4 -> 3 个目标
2026-06-04 18:06:13 [INFO] 准备保存检测结果到: C:\code\show\Scrap_Steel_In_Field\photos\dangerous_det\detection_20260604_180613.jpg
2026-06-04 18:06:13 [INFO] 图像形状: (2160, 3840, 3)
2026-06-04 18:06:13 [INFO] 图像数据类型: uint8
2026-06-04 18:06:13 [INFO] 图像最大值: 255
2026-06-04 18:06:13 [INFO] 图像最小值: 0
2026-06-04 18:06:13 [INFO] 开始保存检测结果图像: 图像尺寸=(2160, 3840, 3), 类型=uint8, 路径=C:\code\show\Scrap_Steel_In_Field\photos\dangerous_det\detection_20260604_180613.jpg
2026-06-04 18:06:13 [INFO] 成功保存检测结果到: C:\code\show\Scrap_Steel_In_Field\photos\dangerous_det\detection_20260604_180613.jpg
2026-06-04 18:06:13 [INFO] 保存的检测结果文件大小: 2065732 字节
2026-06-04 18:06:13 [INFO] 引擎上下文已释放
2026-06-04 18:06:13 [INFO] TensorRT 引擎已释放
2026-06-04 18:06:13 [INFO] 全局 CUDA 资源已释放
2026-06-04 18:06:13 [INFO] 检测系统资源已释放
2026-06-04 18:06:18 [INFO] CUDA 初始化成功
2026-06-04 18:06:18 [INFO] 引擎加载成功: dangerous.engine
2026-06-04 18:06:18 [INFO] 检测系统初始化成功
2026-06-04 18:06:18 [INFO] 图像预处理完成，原始尺寸: (2160, 3840)
2026-06-04 18:06:18 [INFO] 开始执行目标检测...
2026-06-04 18:06:18 [INFO] 检测完成，找到 5 个物体
2026-06-04 18:06:18 [INFO] 物体 1: GasCyl1 (置信度: 0.90)
2026-06-04 18:06:18 [INFO] 物体 2: GasCyl1 (置信度: 0.82)
2026-06-04 18:06:18 [INFO] 物体 3: GasCyl1 (置信度: 0.53)
2026-06-04 18:06:18 [INFO] 物体 4: GasCyl1 (置信度: 0.41)
2026-06-04 18:06:18 [INFO] 物体 5: FireExt1 (置信度: 0.40)
2026-06-04 18:06:18 [INFO] 检测到车兜区域，将过滤区域外的目标
2026-06-04 18:06:18 [INFO] 车兜区域过滤: 5 -> 4 个目标
2026-06-04 18:06:18 [INFO] 准备保存检测结果到: C:\code\show\Scrap_Steel_In_Field\photos\dangerous_det\detection_20260604_180618.jpg
2026-06-04 18:06:18 [INFO] 图像形状: (2160, 3840, 3)
2026-06-04 18:06:18 [INFO] 图像数据类型: uint8
2026-06-04 18:06:18 [INFO] 图像最大值: 255
2026-06-04 18:06:18 [INFO] 图像最小值: 0
2026-06-04 18:06:18 [INFO] 开始保存检测结果图像: 图像尺寸=(2160, 3840, 3), 类型=uint8, 路径=C:\code\show\Scrap_Steel_In_Field\photos\dangerous_det\detection_20260604_180618.jpg
2026-06-04 18:06:18 [INFO] 成功保存检测结果到: C:\code\show\Scrap_Steel_In_Field\photos\dangerous_det\detection_20260604_180618.jpg
2026-06-04 18:06:18 [INFO] 保存的检测结果文件大小: 2073630 字节
2026-06-04 18:06:18 [INFO] 引擎上下文已释放
2026-06-04 18:06:18 [INFO] TensorRT 引擎已释放
2026-06-04 18:06:18 [INFO] 全局 CUDA 资源已释放
2026-06-04 18:06:18 [INFO] 检测系统资源已释放
2026-06-04 18:06:23 [INFO] CUDA 初始化成功
2026-06-04 18:06:23 [INFO] 引擎加载成功: dangerous.engine
2026-06-04 18:06:23 [INFO] 检测系统初始化成功
2026-06-04 18:06:23 [INFO] 图像预处理完成，原始尺寸: (2160, 3840)
2026-06-04 18:06:23 [INFO] 开始执行目标检测...
2026-06-04 18:06:23 [INFO] 检测完成，找到 5 个物体
2026-06-04 18:06:23 [INFO] 物体 1: GasCyl1 (置信度: 0.88)
2026-06-04 18:06:23 [INFO] 物体 2: GasCyl1 (置信度: 0.84)
2026-06-04 18:06:23 [INFO] 物体 3: GasCyl1 (置信度: 0.67)
2026-06-04 18:06:23 [INFO] 物体 4: FireExt1 (置信度: 0.44)
2026-06-04 18:06:23 [INFO] 物体 5: GasCyl1 (置信度: 0.37)
2026-06-04 18:06:23 [INFO] 检测到车兜区域，将过滤区域外的目标
2026-06-04 18:06:23 [INFO] 车兜区域过滤: 5 -> 4 个目标
2026-06-04 18:06:23 [INFO] 准备保存检测结果到: C:\code\show\Scrap_Steel_In_Field\photos\dangerous_det\detection_20260604_180623.jpg
2026-06-04 18:06:23 [INFO] 图像形状: (2160, 3840, 3)
2026-06-04 18:06:23 [INFO] 图像数据类型: uint8
2026-06-04 18:06:23 [INFO] 图像最大值: 255
2026-06-04 18:06:23 [INFO] 图像最小值: 0
2026-06-04 18:06:23 [INFO] 开始保存检测结果图像: 图像尺寸=(2160, 3840, 3), 类型=uint8, 路径=C:\code\show\Scrap_Steel_In_Field\photos\dangerous_det\detection_20260604_180623.jpg
2026-06-04 18:06:23 [INFO] 成功保存检测结果到: C:\code\show\Scrap_Steel_In_Field\photos\dangerous_det\detection_20260604_180623.jpg
2026-06-04 18:06:23 [INFO] 保存的检测结果文件大小: 2072769 字节
2026-06-04 18:06:23 [INFO] 引擎上下文已释放
2026-06-04 18:06:23 [INFO] TensorRT 引擎已释放
2026-06-04 18:06:23 [INFO] 全局 CUDA 资源已释放
2026-06-04 18:06:23 [INFO] 检测系统资源已释放
2026-06-04 18:06:28 [INFO] CUDA 初始化成功
2026-06-04 18:06:28 [INFO] 引擎加载成功: dangerous.engine
2026-06-04 18:06:28 [INFO] 检测系统初始化成功
2026-06-04 18:06:28 [INFO] 图像预处理完成，原始尺寸: (2160, 3840)
2026-06-04 18:06:28 [INFO] 开始执行目标检测...
2026-06-04 18:06:28 [INFO] 检测完成，找到 5 个物体
2026-06-04 18:06:28 [INFO] 物体 1: GasCyl1 (置信度: 0.88)
2026-06-04 18:06:28 [INFO] 物体 2: GasCyl1 (置信度: 0.84)
2026-06-04 18:06:28 [INFO] 物体 3: GasCyl1 (置信度: 0.66)
2026-06-04 18:06:28 [INFO] 物体 4: FireExt1 (置信度: 0.49)
2026-06-04 18:06:28 [INFO] 物体 5: FireExt1 (置信度: 0.38)
2026-06-04 18:06:28 [INFO] 检测到车兜区域，将过滤区域外的目标
2026-06-04 18:06:28 [INFO] 车兜区域过滤: 5 -> 4 个目标
2026-06-04 18:06:28 [INFO] 准备保存检测结果到: C:\code\show\Scrap_Steel_In_Field\photos\dangerous_det\detection_20260604_180628.jpg
2026-06-04 18:06:28 [INFO] 图像形状: (2160, 3840, 3)
2026-06-04 18:06:28 [INFO] 图像数据类型: uint8
2026-06-04 18:06:28 [INFO] 图像最大值: 255
2026-06-04 18:06:28 [INFO] 图像最小值: 0
2026-06-04 18:06:28 [INFO] 开始保存检测结果图像: 图像尺寸=(2160, 3840, 3), 类型=uint8, 路径=C:\code\show\Scrap_Steel_In_Field\photos\dangerous_det\detection_20260604_180628.jpg
2026-06-04 18:06:28 [INFO] 成功保存检测结果到: C:\code\show\Scrap_Steel_In_Field\photos\dangerous_det\detection_20260604_180628.jpg
2026-06-04 18:06:28 [INFO] 保存的检测结果文件大小: 2009716 字节
2026-06-04 18:06:28 [INFO] 引擎上下文已释放
2026-06-04 18:06:28 [INFO] TensorRT 引擎已释放
2026-06-04 18:06:28 [INFO] 全局 CUDA 资源已释放
2026-06-04 18:06:28 [INFO] 检测系统资源已释放
2026-06-04 18:06:33 [INFO] CUDA 初始化成功
2026-06-04 18:06:33 [INFO] 引擎加载成功: dangerous.engine
2026-06-04 18:06:33 [INFO] 检测系统初始化成功
2026-06-04 18:06:33 [INFO] 图像预处理完成，原始尺寸: (2160, 3840)
2026-06-04 18:06:33 [INFO] 开始执行目标检测...
2026-06-04 18:06:33 [INFO] 检测完成，找到 6 个物体
2026-06-04 18:06:33 [INFO] 物体 1: GasCyl1 (置信度: 0.88)
2026-06-04 18:06:33 [INFO] 物体 2: GasCyl1 (置信度: 0.75)
2026-06-04 18:06:33 [INFO] 物体 3: GasCyl1 (置信度: 0.56)
2026-06-04 18:06:33 [INFO] 物体 4: FireExt1 (置信度: 0.48)
2026-06-04 18:06:33 [INFO] 物体 5: GasCyl1 (置信度: 0.47)
2026-06-04 18:06:33 [INFO] 物体 6: FireExt1 (置信度: 0.39)
2026-06-04 18:06:33 [INFO] 检测到车兜区域，将过滤区域外的目标
2026-06-04 18:06:33 [INFO] 车兜区域过滤: 6 -> 4 个目标
2026-06-04 18:06:33 [INFO] 准备保存检测结果到: C:\code\show\Scrap_Steel_In_Field\photos\dangerous_det\detection_20260604_180633.jpg
2026-06-04 18:06:33 [INFO] 图像形状: (2160, 3840, 3)
2026-06-04 18:06:33 [INFO] 图像数据类型: uint8
2026-06-04 18:06:34 [INFO] 图像最大值: 255
2026-06-04 18:06:34 [INFO] 图像最小值: 0
2026-06-04 18:06:34 [INFO] 开始保存检测结果图像: 图像尺寸=(2160, 3840, 3), 类型=uint8, 路径=C:\code\show\Scrap_Steel_In_Field\photos\dangerous_det\detection_20260604_180633.jpg
2026-06-04 18:06:34 [INFO] 成功保存检测结果到: C:\code\show\Scrap_Steel_In_Field\photos\dangerous_det\detection_20260604_180633.jpg
2026-06-04 18:06:34 [INFO] 保存的检测结果文件大小: 2065399 字节
2026-06-04 18:06:34 [INFO] 引擎上下文已释放
2026-06-04 18:06:34 [INFO] TensorRT 引擎已释放
2026-06-04 18:06:34 [INFO] 全局 CUDA 资源已释放
2026-06-04 18:06:34 [INFO] 检测系统资源已释放
2026-06-04 18:06:38 [INFO] CUDA 初始化成功
2026-06-04 18:06:38 [INFO] 引擎加载成功: dangerous.engine
2026-06-04 18:06:38 [INFO] 检测系统初始化成功
2026-06-04 18:06:39 [INFO] 图像预处理完成，原始尺寸: (2160, 3840)
2026-06-04 18:06:39 [INFO] 开始执行目标检测...
2026-06-04 18:06:39 [INFO] 检测完成，找到 6 个物体
2026-06-04 18:06:39 [INFO] 物体 1: GasCyl1 (置信度: 0.88)
2026-06-04 18:06:39 [INFO] 物体 2: GasCyl1 (置信度: 0.79)
2026-06-04 18:06:39 [INFO] 物体 3: GasCyl1 (置信度: 0.61)
2026-06-04 18:06:39 [INFO] 物体 4: FireExt1 (置信度: 0.53)
2026-06-04 18:06:39 [INFO] 物体 5: GasCyl1 (置信度: 0.46)
2026-06-04 18:06:39 [INFO] 物体 6: FireExt1 (置信度: 0.35)
2026-06-04 18:06:39 [INFO] 检测到车兜区域，将过滤区域外的目标
2026-06-04 18:06:39 [INFO] 车兜区域过滤: 6 -> 4 个目标
2026-06-04 18:06:39 [INFO] 准备保存检测结果到: C:\code\show\Scrap_Steel_In_Field\photos\dangerous_det\detection_20260604_180639.jpg
2026-06-04 18:06:39 [INFO] 图像形状: (2160, 3840, 3)
2026-06-04 18:06:39 [INFO] 图像数据类型: uint8
2026-06-04 18:06:39 [INFO] 图像最大值: 255
2026-06-04 18:06:39 [INFO] 图像最小值: 0
2026-06-04 18:06:39 [INFO] 开始保存检测结果图像: 图像尺寸=(2160, 3840, 3), 类型=uint8, 路径=C:\code\show\Scrap_Steel_In_Field\photos\dangerous_det\detection_20260604_180639.jpg
2026-06-04 18:06:39 [INFO] 成功保存检测结果到: C:\code\show\Scrap_Steel_In_Field\photos\dangerous_det\detection_20260604_180639.jpg
2026-06-04 18:06:39 [INFO] 保存的检测结果文件大小: 2072375 字节
2026-06-04 18:06:39 [INFO] 引擎上下文已释放
2026-06-04 18:06:39 [INFO] TensorRT 引擎已释放
2026-06-04 18:06:39 [INFO] 全局 CUDA 资源已释放
2026-06-04 18:06:39 [INFO] 检测系统资源已释放
2026-06-04 18:06:44 [INFO] CUDA 初始化成功
2026-06-04 18:06:44 [INFO] 引擎加载成功: dangerous.engine
2026-06-04 18:06:44 [INFO] 检测系统初始化成功
2026-06-04 18:06:44 [INFO] 图像预处理完成，原始尺寸: (2160, 3840)
2026-06-04 18:06:44 [INFO] 开始执行目标检测...
2026-06-04 18:06:44 [INFO] 检测完成，找到 5 个物体
2026-06-04 18:06:44 [INFO] 物体 1: GasCyl1 (置信度: 0.87)
2026-06-04 18:06:44 [INFO] 物体 2: GasCyl1 (置信度: 0.79)
2026-06-04 18:06:44 [INFO] 物体 3: GasCyl1 (置信度: 0.78)
2026-06-04 18:06:44 [INFO] 物体 4: FireExt1 (置信度: 0.55)
2026-06-04 18:06:44 [INFO] 物体 5: FireExt1 (置信度: 0.40)
2026-06-04 18:06:44 [INFO] 检测到车兜区域，将过滤区域外的目标
2026-06-04 18:06:44 [INFO] 车兜区域过滤: 5 -> 4 个目标
2026-06-04 18:06:44 [INFO] 准备保存检测结果到: C:\code\show\Scrap_Steel_In_Field\photos\dangerous_det\detection_20260604_180644.jpg
2026-06-04 18:06:44 [INFO] 图像形状: (2160, 3840, 3)
2026-06-04 18:06:44 [INFO] 图像数据类型: uint8
2026-06-04 18:06:44 [INFO] 图像最大值: 255
2026-06-04 18:06:44 [INFO] 图像最小值: 0
2026-06-04 18:06:44 [INFO] 开始保存检测结果图像: 图像尺寸=(2160, 3840, 3), 类型=uint8, 路径=C:\code\show\Scrap_Steel_In_Field\photos\dangerous_det\detection_20260604_180644.jpg
2026-06-04 18:06:44 [INFO] 成功保存检测结果到: C:\code\show\Scrap_Steel_In_Field\photos\dangerous_det\detection_20260604_180644.jpg
2026-06-04 18:06:44 [INFO] 保存的检测结果文件大小: 2062487 字节
2026-06-04 18:06:44 [INFO] 引擎上下文已释放
2026-06-04 18:06:44 [INFO] TensorRT 引擎已释放
2026-06-04 18:06:44 [INFO] 全局 CUDA 资源已释放
2026-06-04 18:06:44 [INFO] 检测系统资源已释放
2026-06-04 18:06:49 [INFO] CUDA 初始化成功
2026-06-04 18:06:49 [INFO] 引擎加载成功: dangerous.engine
2026-06-04 18:06:49 [INFO] 检测系统初始化成功
2026-06-04 18:06:49 [INFO] 图像预处理完成，原始尺寸: (2160, 3840)
2026-06-04 18:06:49 [INFO] 开始执行目标检测...
2026-06-04 18:06:49 [INFO] 检测完成，找到 6 个物体
2026-06-04 18:06:49 [INFO] 物体 1: GasCyl1 (置信度: 0.89)
2026-06-04 18:06:49 [INFO] 物体 2: GasCyl1 (置信度: 0.80)
2026-06-04 18:06:49 [INFO] 物体 3: GasCyl1 (置信度: 0.74)
2026-06-04 18:06:49 [INFO] 物体 4: FireExt1 (置信度: 0.53)
2026-06-04 18:06:49 [INFO] 物体 5: GasCyl1 (置信度: 0.40)
2026-06-04 18:06:49 [INFO] 物体 6: FireExt1 (置信度: 0.39)
2026-06-04 18:06:49 [INFO] 检测到车兜区域，将过滤区域外的目标
2026-06-04 18:06:49 [INFO] 车兜区域过滤: 6 -> 5 个目标
2026-06-04 18:06:49 [INFO] 准备保存检测结果到: C:\code\show\Scrap_Steel_In_Field\photos\dangerous_det\detection_20260604_180649.jpg
2026-06-04 18:06:49 [INFO] 图像形状: (2160, 3840, 3)
2026-06-04 18:06:49 [INFO] 图像数据类型: uint8
2026-06-04 18:06:49 [INFO] 图像最大值: 255
2026-06-04 18:06:49 [INFO] 图像最小值: 0
2026-06-04 18:06:49 [INFO] 开始保存检测结果图像: 图像尺寸=(2160, 3840, 3), 类型=uint8, 路径=C:\code\show\Scrap_Steel_In_Field\photos\dangerous_det\detection_20260604_180649.jpg
2026-06-04 18:06:49 [INFO] 成功保存检测结果到: C:\code\show\Scrap_Steel_In_Field\photos\dangerous_det\detection_20260604_180649.jpg
2026-06-04 18:06:49 [INFO] 保存的检测结果文件大小: 2058640 字节
2026-06-04 18:06:49 [INFO] 引擎上下文已释放
2026-06-04 18:06:49 [INFO] TensorRT 引擎已释放
2026-06-04 18:06:49 [INFO] 全局 CUDA 资源已释放
2026-06-04 18:06:49 [INFO] 检测系统资源已释放
2026-06-04 18:06:54 [INFO] CUDA 初始化成功
2026-06-04 18:06:54 [INFO] 引擎加载成功: dangerous.engine
2026-06-04 18:06:54 [INFO] 检测系统初始化成功
2026-06-04 18:06:54 [INFO] 图像预处理完成，原始尺寸: (2160, 3840)
2026-06-04 18:06:54 [INFO] 开始执行目标检测...
2026-06-04 18:06:54 [INFO] 检测完成，找到 5 个物体
2026-06-04 18:06:54 [INFO] 物体 1: GasCyl1 (置信度: 0.89)
2026-06-04 18:06:54 [INFO] 物体 2: GasCyl1 (置信度: 0.80)
2026-06-04 18:06:54 [INFO] 物体 3: GasCyl1 (置信度: 0.77)
2026-06-04 18:06:54 [INFO] 物体 4: FireExt1 (置信度: 0.51)
2026-06-04 18:06:54 [INFO] 物体 5: FireExt1 (置信度: 0.41)
2026-06-04 18:06:54 [INFO] 检测到车兜区域，将过滤区域外的目标
2026-06-04 18:06:54 [INFO] 车兜区域过滤: 5 -> 4 个目标
2026-06-04 18:06:54 [INFO] 准备保存检测结果到: C:\code\show\Scrap_Steel_In_Field\photos\dangerous_det\detection_20260604_180654.jpg
2026-06-04 18:06:54 [INFO] 图像形状: (2160, 3840, 3)
2026-06-04 18:06:54 [INFO] 图像数据类型: uint8
2026-06-04 18:06:54 [INFO] 图像最大值: 255
2026-06-04 18:06:54 [INFO] 图像最小值: 0
2026-06-04 18:06:54 [INFO] 开始保存检测结果图像: 图像尺寸=(2160, 3840, 3), 类型=uint8, 路径=C:\code\show\Scrap_Steel_In_Field\photos\dangerous_det\detection_20260604_180654.jpg
2026-06-04 18:06:54 [INFO] 成功保存检测结果到: C:\code\show\Scrap_Steel_In_Field\photos\dangerous_det\detection_20260604_180654.jpg
2026-06-04 18:06:54 [INFO] 保存的检测结果文件大小: 2033991 字节
2026-06-04 18:06:54 [INFO] 引擎上下文已释放
2026-06-04 18:06:54 [INFO] TensorRT 引擎已释放
2026-06-04 18:06:54 [INFO] 全局 CUDA 资源已释放
2026-06-04 18:06:54 [INFO] 检测系统资源已释放
2026-06-04 18:06:59 [INFO] CUDA 初始化成功
2026-06-04 18:06:59 [INFO] 引擎加载成功: dangerous.engine
2026-06-04 18:06:59 [INFO] 检测系统初始化成功
2026-06-04 18:06:59 [INFO] 图像预处理完成，原始尺寸: (2160, 3840)
2026-06-04 18:06:59 [INFO] 开始执行目标检测...
2026-06-04 18:06:59 [INFO] 检测完成，找到 5 个物体
2026-06-04 18:06:59 [INFO] 物体 1: GasCyl1 (置信度: 0.88)
2026-06-04 18:06:59 [INFO] 物体 2: GasCyl1 (置信度: 0.81)
2026-06-04 18:06:59 [INFO] 物体 3: GasCyl1 (置信度: 0.49)
2026-06-04 18:06:59 [INFO] 物体 4: GasCyl1 (置信度: 0.45)
2026-06-04 18:06:59 [INFO] 物体 5: FireExt1 (置信度: 0.35)
2026-06-04 18:06:59 [INFO] 检测到车兜区域，将过滤区域外的目标
2026-06-04 18:06:59 [INFO] 准备保存检测结果到: C:\code\show\Scrap_Steel_In_Field\photos\dangerous_det\detection_20260604_180659.jpg
2026-06-04 18:06:59 [INFO] 图像形状: (2160, 3840, 3)
2026-06-04 18:06:59 [INFO] 图像数据类型: uint8
2026-06-04 18:06:59 [INFO] 图像最大值: 255
2026-06-04 18:06:59 [INFO] 图像最小值: 0
2026-06-04 18:06:59 [INFO] 开始保存检测结果图像: 图像尺寸=(2160, 3840, 3), 类型=uint8, 路径=C:\code\show\Scrap_Steel_In_Field\photos\dangerous_det\detection_20260604_180659.jpg
2026-06-04 18:06:59 [INFO] 成功保存检测结果到: C:\code\show\Scrap_Steel_In_Field\photos\dangerous_det\detection_20260604_180659.jpg
2026-06-04 18:06:59 [INFO] 保存的检测结果文件大小: 2019145 字节
2026-06-04 18:06:59 [INFO] 引擎上下文已释放
2026-06-04 18:06:59 [INFO] TensorRT 引擎已释放
2026-06-04 18:06:59 [INFO] 全局 CUDA 资源已释放
2026-06-04 18:06:59 [INFO] 检测系统资源已释放
2026-06-04 18:07:04 [INFO] CUDA 初始化成功
2026-06-04 18:07:04 [INFO] 引擎加载成功: dangerous.engine
2026-06-04 18:07:04 [INFO] 检测系统初始化成功
2026-06-04 18:07:04 [INFO] 图像预处理完成，原始尺寸: (2160, 3840)
2026-06-04 18:07:04 [INFO] 开始执行目标检测...
2026-06-04 18:07:04 [INFO] 检测完成，找到 5 个物体
2026-06-04 18:07:04 [INFO] 物体 1: GasCyl1 (置信度: 0.89)
2026-06-04 18:07:04 [INFO] 物体 2: GasCyl1 (置信度: 0.81)
2026-06-04 18:07:04 [INFO] 物体 3: GasCyl1 (置信度: 0.62)
2026-06-04 18:07:04 [INFO] 物体 4: FireExt1 (置信度: 0.43)
2026-06-04 18:07:04 [INFO] 物体 5: FireExt1 (置信度: 0.42)
2026-06-04 18:07:04 [INFO] 检测到车兜区域，将过滤区域外的目标
2026-06-04 18:07:04 [INFO] 车兜区域过滤: 5 -> 4 个目标
2026-06-04 18:07:04 [INFO] 准备保存检测结果到: C:\code\show\Scrap_Steel_In_Field\photos\dangerous_det\detection_20260604_180704.jpg
2026-06-04 18:07:04 [INFO] 图像形状: (2160, 3840, 3)
2026-06-04 18:07:04 [INFO] 图像数据类型: uint8
2026-06-04 18:07:04 [INFO] 图像最大值: 255
2026-06-04 18:07:04 [INFO] 图像最小值: 0
2026-06-04 18:07:04 [INFO] 开始保存检测结果图像: 图像尺寸=(2160, 3840, 3), 类型=uint8, 路径=C:\code\show\Scrap_Steel_In_Field\photos\dangerous_det\detection_20260604_180704.jpg
2026-06-04 18:07:04 [INFO] 成功保存检测结果到: C:\code\show\Scrap_Steel_In_Field\photos\dangerous_det\detection_20260604_180704.jpg
2026-06-04 18:07:04 [INFO] 保存的检测结果文件大小: 2020683 字节
2026-06-04 18:07:04 [INFO] 引擎上下文已释放
2026-06-04 18:07:04 [INFO] TensorRT 引擎已释放
2026-06-04 18:07:04 [INFO] 全局 CUDA 资源已释放
2026-06-04 18:07:04 [INFO] 检测系统资源已释放
2026-06-04 18:07:09 [INFO] CUDA 初始化成功
2026-06-04 18:07:10 [INFO] 引擎加载成功: dangerous.engine
2026-06-04 18:07:10 [INFO] 检测系统初始化成功
2026-06-04 18:07:10 [INFO] 图像预处理完成，原始尺寸: (2160, 3840)
2026-06-04 18:07:10 [INFO] 开始执行目标检测...
2026-06-04 18:07:10 [INFO] 检测完成，找到 5 个物体
2026-06-04 18:07:10 [INFO] 物体 1: GasCyl1 (置信度: 0.89)
2026-06-04 18:07:10 [INFO] 物体 2: GasCyl1 (置信度: 0.78)
2026-06-04 18:07:10 [INFO] 物体 3: GasCyl1 (置信度: 0.65)
2026-06-04 18:07:10 [INFO] 物体 4: FireExt1 (置信度: 0.42)
2026-06-04 18:07:10 [INFO] 物体 5: FireExt1 (置信度: 0.38)
2026-06-04 18:07:10 [INFO] 检测到车兜区域，将过滤区域外的目标
2026-06-04 18:07:10 [INFO] 车兜区域过滤: 5 -> 4 个目标
2026-06-04 18:07:10 [INFO] 准备保存检测结果到: C:\code\show\Scrap_Steel_In_Field\photos\dangerous_det\detection_20260604_180710.jpg
2026-06-04 18:07:10 [INFO] 图像形状: (2160, 3840, 3)
2026-06-04 18:07:10 [INFO] 图像数据类型: uint8
2026-06-04 18:07:10 [INFO] 图像最大值: 255
2026-06-04 18:07:10 [INFO] 图像最小值: 0
2026-06-04 18:07:10 [INFO] 开始保存检测结果图像: 图像尺寸=(2160, 3840, 3), 类型=uint8, 路径=C:\code\show\Scrap_Steel_In_Field\photos\dangerous_det\detection_20260604_180710.jpg
2026-06-04 18:07:10 [INFO] 成功保存检测结果到: C:\code\show\Scrap_Steel_In_Field\photos\dangerous_det\detection_20260604_180710.jpg
2026-06-04 18:07:10 [INFO] 保存的检测结果文件大小: 2020649 字节
2026-06-04 18:07:10 [INFO] 引擎上下文已释放
2026-06-04 18:07:10 [INFO] TensorRT 引擎已释放
2026-06-04 18:07:10 [INFO] 全局 CUDA 资源已释放
2026-06-04 18:07:10 [INFO] 检测系统资源已释放
2026-06-04 18:07:14 [INFO] CUDA 初始化成功
2026-06-04 18:07:14 [INFO] 引擎加载成功: dangerous.engine
2026-06-04 18:07:14 [INFO] 检测系统初始化成功
2026-06-04 18:07:14 [INFO] 图像预处理完成，原始尺寸: (2160, 3840)
2026-06-04 18:07:14 [INFO] 开始执行目标检测...
2026-06-04 18:07:15 [INFO] 检测完成，找到 4 个物体
2026-06-04 18:07:15 [INFO] 物体 1: GasCyl1 (置信度: 0.88)
2026-06-04 18:07:15 [INFO] 物体 2: GasCyl1 (置信度: 0.84)
2026-06-04 18:07:15 [INFO] 物体 3: GasCyl1 (置信度: 0.68)
2026-06-04 18:07:15 [INFO] 物体 4: FireExt1 (置信度: 0.37)
2026-06-04 18:07:15 [INFO] 检测到车兜区域，将过滤区域外的目标
2026-06-04 18:07:15 [INFO] 准备保存检测结果到: C:\code\show\Scrap_Steel_In_Field\photos\dangerous_det\detection_20260604_180715.jpg
2026-06-04 18:07:15 [INFO] 图像形状: (2160, 3840, 3)
2026-06-04 18:07:15 [INFO] 图像数据类型: uint8
2026-06-04 18:07:15 [INFO] 图像最大值: 255
2026-06-04 18:07:15 [INFO] 图像最小值: 0
2026-06-04 18:07:15 [INFO] 开始保存检测结果图像: 图像尺寸=(2160, 3840, 3), 类型=uint8, 路径=C:\code\show\Scrap_Steel_In_Field\photos\dangerous_det\detection_20260604_180715.jpg
2026-06-04 18:07:15 [INFO] 成功保存检测结果到: C:\code\show\Scrap_Steel_In_Field\photos\dangerous_det\detection_20260604_180715.jpg
2026-06-04 18:07:15 [INFO] 保存的检测结果文件大小: 1990277 字节
2026-06-04 18:07:15 [INFO] 引擎上下文已释放
2026-06-04 18:07:15 [INFO] TensorRT 引擎已释放
2026-06-04 18:07:15 [INFO] 全局 CUDA 资源已释放
2026-06-04 18:07:15 [INFO] 检测系统资源已释放
2026-06-04 18:07:19 [INFO] CUDA 初始化成功
2026-06-04 18:07:20 [INFO] 引擎加载成功: dangerous.engine
2026-06-04 18:07:20 [INFO] 检测系统初始化成功
2026-06-04 18:07:20 [INFO] 图像预处理完成，原始尺寸: (2160, 3840)
2026-06-04 18:07:20 [INFO] 开始执行目标检测...
2026-06-04 18:07:20 [INFO] 检测完成，找到 5 个物体
2026-06-04 18:07:20 [INFO] 物体 1: GasCyl1 (置信度: 0.88)
2026-06-04 18:07:20 [INFO] 物体 2: GasCyl1 (置信度: 0.80)
2026-06-04 18:07:20 [INFO] 物体 3: GasCyl1 (置信度: 0.57)
2026-06-04 18:07:20 [INFO] 物体 4: GasCyl1 (置信度: 0.57)
2026-06-04 18:07:20 [INFO] 物体 5: FireExt1 (置信度: 0.37)
2026-06-04 18:07:20 [INFO] 检测到车兜区域，将过滤区域外的目标
2026-06-04 18:07:20 [INFO] 车兜区域过滤: 5 -> 4 个目标
2026-06-04 18:07:20 [INFO] 准备保存检测结果到: C:\code\show\Scrap_Steel_In_Field\photos\dangerous_det\detection_20260604_180720.jpg
2026-06-04 18:07:20 [INFO] 图像形状: (2160, 3840, 3)
2026-06-04 18:07:20 [INFO] 图像数据类型: uint8
2026-06-04 18:07:20 [INFO] 图像最大值: 255
2026-06-04 18:07:20 [INFO] 图像最小值: 0
2026-06-04 18:07:20 [INFO] 开始保存检测结果图像: 图像尺寸=(2160, 3840, 3), 类型=uint8, 路径=C:\code\show\Scrap_Steel_In_Field\photos\dangerous_det\detection_20260604_180720.jpg
2026-06-04 18:07:20 [INFO] 成功保存检测结果到: C:\code\show\Scrap_Steel_In_Field\photos\dangerous_det\detection_20260604_180720.jpg
2026-06-04 18:07:20 [INFO] 保存的检测结果文件大小: 2018488 字节
2026-06-04 18:07:20 [INFO] 引擎上下文已释放
2026-06-04 18:07:20 [INFO] TensorRT 引擎已释放
2026-06-04 18:07:20 [INFO] 全局 CUDA 资源已释放
2026-06-04 18:07:20 [INFO] 检测系统资源已释放
2026-06-04 18:07:25 [INFO] CUDA 初始化成功
2026-06-04 18:07:25 [INFO] 引擎加载成功: dangerous.engine
2026-06-04 18:07:25 [INFO] 检测系统初始化成功
2026-06-04 18:07:25 [INFO] 图像预处理完成，原始尺寸: (2160, 3840)
2026-06-04 18:07:25 [INFO] 开始执行目标检测...
2026-06-04 18:07:25 [INFO] 检测完成，找到 5 个物体
2026-06-04 18:07:25 [INFO] 物体 1: GasCyl1 (置信度: 0.88)
2026-06-04 18:07:25 [INFO] 物体 2: GasCyl1 (置信度: 0.79)
2026-06-04 18:07:25 [INFO] 物体 3: GasCyl1 (置信度: 0.75)
2026-06-04 18:07:25 [INFO] 物体 4: FireExt1 (置信度: 0.49)
2026-06-04 18:07:25 [INFO] 物体 5: FireExt1 (置信度: 0.41)
2026-06-04 18:07:25 [INFO] 检测到车兜区域，将过滤区域外的目标
2026-06-04 18:07:25 [INFO] 车兜区域过滤: 5 -> 4 个目标
2026-06-04 18:07:25 [INFO] 准备保存检测结果到: C:\code\show\Scrap_Steel_In_Field\photos\dangerous_det\detection_20260604_180725.jpg
2026-06-04 18:07:25 [INFO] 图像形状: (2160, 3840, 3)
2026-06-04 18:07:25 [INFO] 图像数据类型: uint8
2026-06-04 18:07:25 [INFO] 图像最大值: 255
2026-06-04 18:07:25 [INFO] 图像最小值: 0
2026-06-04 18:07:25 [INFO] 开始保存检测结果图像: 图像尺寸=(2160, 3840, 3), 类型=uint8, 路径=C:\code\show\Scrap_Steel_In_Field\photos\dangerous_det\detection_20260604_180725.jpg
2026-06-04 18:07:25 [INFO] 成功保存检测结果到: C:\code\show\Scrap_Steel_In_Field\photos\dangerous_det\detection_20260604_180725.jpg
2026-06-04 18:07:25 [INFO] 保存的检测结果文件大小: 2013608 字节
2026-06-04 18:07:25 [INFO] 引擎上下文已释放
2026-06-04 18:07:25 [INFO] TensorRT 引擎已释放
2026-06-04 18:07:25 [INFO] 全局 CUDA 资源已释放
2026-06-04 18:07:25 [INFO] 检测系统资源已释放
2026-06-04 18:07:30 [INFO] CUDA 初始化成功
2026-06-04 18:07:30 [INFO] 引擎加载成功: dangerous.engine
2026-06-04 18:07:30 [INFO] 检测系统初始化成功
2026-06-04 18:07:30 [INFO] 图像预处理完成，原始尺寸: (2160, 3840)
2026-06-04 18:07:30 [INFO] 开始执行目标检测...
2026-06-04 18:07:30 [INFO] 检测完成，找到 5 个物体
2026-06-04 18:07:30 [INFO] 物体 1: GasCyl1 (置信度: 0.87)
2026-06-04 18:07:30 [INFO] 物体 2: GasCyl1 (置信度: 0.84)
2026-06-04 18:07:30 [INFO] 物体 3: GasCyl1 (置信度: 0.66)
2026-06-04 18:07:30 [INFO] 物体 4: FireExt1 (置信度: 0.45)
2026-06-04 18:07:30 [INFO] 物体 5: FireExt1 (置信度: 0.40)
2026-06-04 18:07:30 [INFO] 检测到车兜区域，将过滤区域外的目标
2026-06-04 18:07:30 [INFO] 车兜区域过滤: 5 -> 4 个目标
2026-06-04 18:07:30 [INFO] 准备保存检测结果到: C:\code\show\Scrap_Steel_In_Field\photos\dangerous_det\detection_20260604_180730.jpg
2026-06-04 18:07:30 [INFO] 图像形状: (2160, 3840, 3)
2026-06-04 18:07:30 [INFO] 图像数据类型: uint8
2026-06-04 18:07:30 [INFO] 图像最大值: 255
2026-06-04 18:07:30 [INFO] 图像最小值: 0
2026-06-04 18:07:30 [INFO] 开始保存检测结果图像: 图像尺寸=(2160, 3840, 3), 类型=uint8, 路径=C:\code\show\Scrap_Steel_In_Field\photos\dangerous_det\detection_20260604_180730.jpg
2026-06-04 18:07:30 [INFO] 成功保存检测结果到: C:\code\show\Scrap_Steel_In_Field\photos\dangerous_det\detection_20260604_180730.jpg
2026-06-04 18:07:30 [INFO] 保存的检测结果文件大小: 2024325 字节
2026-06-04 18:07:30 [INFO] 引擎上下文已释放
2026-06-04 18:07:30 [INFO] TensorRT 引擎已释放
2026-06-04 18:07:30 [INFO] 全局 CUDA 资源已释放
2026-06-04 18:07:30 [INFO] 检测系统资源已释放
2026-06-04 18:07:35 [INFO] CUDA 初始化成功
2026-06-04 18:07:35 [INFO] 引擎加载成功: dangerous.engine
2026-06-04 18:07:35 [INFO] 检测系统初始化成功
2026-06-04 18:07:35 [INFO] 图像预处理完成，原始尺寸: (2160, 3840)
2026-06-04 18:07:35 [INFO] 开始执行目标检测...
2026-06-04 18:07:35 [INFO] 检测完成，找到 6 个物体
2026-06-04 18:07:35 [INFO] 物体 1: GasCyl1 (置信度: 0.89)
2026-06-04 18:07:35 [INFO] 物体 2: GasCyl1 (置信度: 0.81)
2026-06-04 18:07:35 [INFO] 物体 3: GasCyl1 (置信度: 0.63)
2026-06-04 18:07:35 [INFO] 物体 4: FireExt1 (置信度: 0.48)
2026-06-04 18:07:35 [INFO] 物体 5: FireExt1 (置信度: 0.39)
2026-06-04 18:07:35 [INFO] 物体 6: GasCyl1 (置信度: 0.37)
2026-06-04 18:07:35 [INFO] 检测到车兜区域，将过滤区域外的目标
2026-06-04 18:07:35 [INFO] 车兜区域过滤: 6 -> 5 个目标
2026-06-04 18:07:35 [INFO] 准备保存检测结果到: C:\code\show\Scrap_Steel_In_Field\photos\dangerous_det\detection_20260604_180735.jpg
2026-06-04 18:07:35 [INFO] 图像形状: (2160, 3840, 3)
2026-06-04 18:07:35 [INFO] 图像数据类型: uint8
2026-06-04 18:07:35 [INFO] 图像最大值: 255
2026-06-04 18:07:35 [INFO] 图像最小值: 0
2026-06-04 18:07:35 [INFO] 开始保存检测结果图像: 图像尺寸=(2160, 3840, 3), 类型=uint8, 路径=C:\code\show\Scrap_Steel_In_Field\photos\dangerous_det\detection_20260604_180735.jpg
2026-06-04 18:07:35 [INFO] 成功保存检测结果到: C:\code\show\Scrap_Steel_In_Field\photos\dangerous_det\detection_20260604_180735.jpg
2026-06-04 18:07:35 [INFO] 保存的检测结果文件大小: 2026397 字节
2026-06-04 18:07:35 [INFO] 引擎上下文已释放
2026-06-04 18:07:35 [INFO] TensorRT 引擎已释放
2026-06-04 18:07:35 [INFO] 全局 CUDA 资源已释放
2026-06-04 18:07:35 [INFO] 检测系统资源已释放
2026-06-04 18:07:40 [INFO] CUDA 初始化成功
2026-06-04 18:07:40 [INFO] 引擎加载成功: dangerous.engine
2026-06-04 18:07:40 [INFO] 检测系统初始化成功
2026-06-04 18:07:40 [INFO] 图像预处理完成，原始尺寸: (2160, 3840)
2026-06-04 18:07:40 [INFO] 开始执行目标检测...
2026-06-04 18:07:40 [INFO] 检测完成，找到 4 个物体
2026-06-04 18:07:40 [INFO] 物体 1: GasCyl1 (置信度: 0.87)
2026-06-04 18:07:40 [INFO] 物体 2: GasCyl1 (置信度: 0.83)
2026-06-04 18:07:40 [INFO] 物体 3: GasCyl1 (置信度: 0.65)
2026-06-04 18:07:40 [INFO] 物体 4: FireExt1 (置信度: 0.46)
2026-06-04 18:07:40 [INFO] 检测到车兜区域，将过滤区域外的目标
2026-06-04 18:07:40 [INFO] 车兜区域过滤: 4 -> 3 个目标
2026-06-04 18:07:40 [INFO] 准备保存检测结果到: C:\code\show\Scrap_Steel_In_Field\photos\dangerous_det\detection_20260604_180740.jpg
2026-06-04 18:07:40 [INFO] 图像形状: (2160, 3840, 3)
2026-06-04 18:07:40 [INFO] 图像数据类型: uint8
2026-06-04 18:07:40 [INFO] 图像最大值: 255
2026-06-04 18:07:40 [INFO] 图像最小值: 0
2026-06-04 18:07:40 [INFO] 开始保存检测结果图像: 图像尺寸=(2160, 3840, 3), 类型=uint8, 路径=C:\code\show\Scrap_Steel_In_Field\photos\dangerous_det\detection_20260604_180740.jpg
2026-06-04 18:07:41 [INFO] 成功保存检测结果到: C:\code\show\Scrap_Steel_In_Field\photos\dangerous_det\detection_20260604_180740.jpg
2026-06-04 18:07:41 [INFO] 保存的检测结果文件大小: 2041782 字节
2026-06-04 18:07:41 [INFO] 引擎上下文已释放
2026-06-04 18:07:41 [INFO] TensorRT 引擎已释放
2026-06-04 18:07:41 [INFO] 全局 CUDA 资源已释放
2026-06-04 18:07:41 [INFO] 检测系统资源已释放
2026-06-04 18:07:45 [INFO] CUDA 初始化成功
2026-06-04 18:07:46 [INFO] 引擎加载成功: dangerous.engine
2026-06-04 18:07:46 [INFO] 检测系统初始化成功
2026-06-04 18:07:46 [INFO] 图像预处理完成，原始尺寸: (2160, 3840)
2026-06-04 18:07:46 [INFO] 开始执行目标检测...
2026-06-04 18:07:46 [INFO] 检测完成，找到 5 个物体
2026-06-04 18:07:46 [INFO] 物体 1: GasCyl1 (置信度: 0.87)
2026-06-04 18:07:46 [INFO] 物体 2: GasCyl1 (置信度: 0.80)
2026-06-04 18:07:46 [INFO] 物体 3: GasCyl1 (置信度: 0.70)
2026-06-04 18:07:46 [INFO] 物体 4: FireExt1 (置信度: 0.41)
2026-06-04 18:07:46 [INFO] 物体 5: FireExt1 (置信度: 0.37)
2026-06-04 18:07:46 [INFO] 检测到车兜区域，将过滤区域外的目标
2026-06-04 18:07:46 [INFO] 车兜区域过滤: 5 -> 4 个目标
2026-06-04 18:07:46 [INFO] 准备保存检测结果到: C:\code\show\Scrap_Steel_In_Field\photos\dangerous_det\detection_20260604_180746.jpg
2026-06-04 18:07:46 [INFO] 图像形状: (2160, 3840, 3)
2026-06-04 18:07:46 [INFO] 图像数据类型: uint8
2026-06-04 18:07:46 [INFO] 图像最大值: 255
2026-06-04 18:07:46 [INFO] 图像最小值: 0
2026-06-04 18:07:46 [INFO] 开始保存检测结果图像: 图像尺寸=(2160, 3840, 3), 类型=uint8, 路径=C:\code\show\Scrap_Steel_In_Field\photos\dangerous_det\detection_20260604_180746.jpg
2026-06-04 18:07:46 [INFO] 成功保存检测结果到: C:\code\show\Scrap_Steel_In_Field\photos\dangerous_det\detection_20260604_180746.jpg
2026-06-04 18:07:46 [INFO] 保存的检测结果文件大小: 2049687 字节
2026-06-04 18:07:46 [INFO] 引擎上下文已释放
2026-06-04 18:07:46 [INFO] TensorRT 引擎已释放
2026-06-04 18:07:46 [INFO] 全局 CUDA 资源已释放
2026-06-04 18:07:46 [INFO] 检测系统资源已释放
2026-06-04 18:07:51 [INFO] CUDA 初始化成功
2026-06-04 18:07:51 [INFO] 引擎加载成功: dangerous.engine
2026-06-04 18:07:51 [INFO] 检测系统初始化成功
2026-06-04 18:07:51 [INFO] 图像预处理完成，原始尺寸: (2160, 3840)
2026-06-04 18:07:51 [INFO] 开始执行目标检测...
2026-06-04 18:07:51 [INFO] 检测完成，找到 5 个物体
2026-06-04 18:07:51 [INFO] 物体 1: GasCyl1 (置信度: 0.88)
2026-06-04 18:07:51 [INFO] 物体 2: GasCyl1 (置信度: 0.81)
2026-06-04 18:07:51 [INFO] 物体 3: GasCyl1 (置信度: 0.68)
2026-06-04 18:07:51 [INFO] 物体 4: FireExt1 (置信度: 0.41)
2026-06-04 18:07:51 [INFO] 物体 5: FireExt1 (置信度: 0.41)
2026-06-04 18:07:51 [INFO] 检测到车兜区域，将过滤区域外的目标
2026-06-04 18:07:51 [INFO] 车兜区域过滤: 5 -> 4 个目标
2026-06-04 18:07:51 [INFO] 准备保存检测结果到: C:\code\show\Scrap_Steel_In_Field\photos\dangerous_det\detection_20260604_180751.jpg
2026-06-04 18:07:51 [INFO] 图像形状: (2160, 3840, 3)
2026-06-04 18:07:51 [INFO] 图像数据类型: uint8
2026-06-04 18:07:51 [INFO] 图像最大值: 255
2026-06-04 18:07:51 [INFO] 图像最小值: 0
2026-06-04 18:07:51 [INFO] 开始保存检测结果图像: 图像尺寸=(2160, 3840, 3), 类型=uint8, 路径=C:\code\show\Scrap_Steel_In_Field\photos\dangerous_det\detection_20260604_180751.jpg
2026-06-04 18:07:51 [INFO] 成功保存检测结果到: C:\code\show\Scrap_Steel_In_Field\photos\dangerous_det\detection_20260604_180751.jpg
2026-06-04 18:07:51 [INFO] 保存的检测结果文件大小: 2060849 字节
2026-06-04 18:07:51 [INFO] 引擎上下文已释放
2026-06-04 18:07:51 [INFO] TensorRT 引擎已释放
2026-06-04 18:07:51 [INFO] 全局 CUDA 资源已释放
2026-06-04 18:07:51 [INFO] 检测系统资源已释放
