2026-08-02 13:59:29 [INFO] CUDA 初始化成功
2026-08-02 13:59:29 [INFO] 引擎加载成功: dangerous.engine
2026-08-02 13:59:29 [INFO] 检测系统初始化成功
2026-08-02 13:59:32 [INFO] 引擎加载成功: dangerous.engine
2026-08-02 13:59:32 [INFO] 检测系统初始化成功
2026-08-02 13:59:32 [INFO] 图像预处理完成，原始尺寸: (2160, 3840)
2026-08-02 13:59:32 [INFO] 开始执行目标检测...
2026-08-02 13:59:32 [INFO] 检测完成，找到 0 个物体
2026-08-02 13:59:32 [INFO] 引擎上下文已释放
2026-08-02 13:59:32 [INFO] TensorRT 引擎已释放
2026-08-02 13:59:32 [INFO] 全局 CUDA 资源已释放
2026-08-02 13:59:32 [INFO] 检测系统资源已释放
2026-08-02 13:59:37 [INFO] CUDA 初始化成功
2026-08-02 13:59:37 [INFO] 引擎加载成功: dangerous.engine
2026-08-02 13:59:37 [INFO] 检测系统初始化成功
2026-08-02 13:59:37 [INFO] 图像预处理完成，原始尺寸: (2160, 3840)
2026-08-02 13:59:37 [INFO] 开始执行目标检测...
2026-08-02 13:59:37 [INFO] 检测完成，找到 1 个物体
2026-08-02 13:59:37 [INFO] 物体 1: FireExt1 (置信度: 0.47)
2026-08-02 13:59:37 [INFO] 准备保存检测结果到: C:\code\show\Scrap_Steel_In_Field\photos\dangerous_det\detection_20260802_135937.jpg
2026-08-02 13:59:37 [INFO] 图像形状: (2160, 3840, 3)
2026-08-02 13:59:37 [INFO] 图像数据类型: uint8
2026-08-02 13:59:37 [INFO] 图像最大值: 255
2026-08-02 13:59:37 [INFO] 图像最小值: 0
2026-08-02 13:59:37 [INFO] 开始保存检测结果图像: 图像尺寸=(2160, 3840, 3), 类型=uint8, 路径=C:\code\show\Scrap_Steel_In_Field\photos\dangerous_det\detection_20260802_135937.jpg
2026-08-02 13:59:37 [INFO] 成功保存检测结果到: C:\code\show\Scrap_Steel_In_Field\photos\dangerous_det\detection_20260802_135937.jpg
2026-08-02 13:59:37 [INFO] 保存的检测结果文件大小: 1312618 字节
2026-08-02 13:59:37 [INFO] 引擎上下文已释放
2026-08-02 13:59:37 [INFO] TensorRT 引擎已释放
2026-08-02 13:59:37 [INFO] 全局 CUDA 资源已释放
2026-08-02 13:59:37 [INFO] 检测系统资源已释放
2026-08-02 13:59:42 [INFO] CUDA 初始化成功
2026-08-02 13:59:42 [INFO] 引擎加载成功: dangerous.engine
2026-08-02 13:59:42 [INFO] 检测系统初始化成功
2026-08-02 13:59:42 [INFO] 图像预处理完成，原始尺寸: (2160, 3840)
2026-08-02 13:59:42 [INFO] 开始执行目标检测...
2026-08-02 13:59:42 [INFO] 检测完成，找到 1 个物体
2026-08-02 13:59:42 [INFO] 物体 1: FireExt1 (置信度: 0.41)
2026-08-02 13:59:42 [INFO] 准备保存检测结果到: C:\code\show\Scrap_Steel_In_Field\photos\dangerous_det\detection_20260802_135942.jpg
2026-08-02 13:59:42 [INFO] 图像形状: (2160, 3840, 3)
2026-08-02 13:59:42 [INFO] 图像数据类型: uint8
2026-08-02 13:59:42 [INFO] 图像最大值: 255
2026-08-02 13:59:42 [INFO] 图像最小值: 0
2026-08-02 13:59:42 [INFO] 开始保存检测结果图像: 图像尺寸=(2160, 3840, 3), 类型=uint8, 路径=C:\code\show\Scrap_Steel_In_Field\photos\dangerous_det\detection_20260802_135942.jpg
2026-08-02 13:59:42 [INFO] 成功保存检测结果到: C:\code\show\Scrap_Steel_In_Field\photos\dangerous_det\detection_20260802_135942.jpg
2026-08-02 13:59:42 [INFO] 保存的检测结果文件大小: 1327110 字节
2026-08-02 13:59:42 [INFO] 引擎上下文已释放
2026-08-02 13:59:42 [INFO] TensorRT 引擎已释放
2026-08-02 13:59:43 [INFO] 全局 CUDA 资源已释放
2026-08-02 13:59:43 [INFO] 检测系统资源已释放
2026-08-02 13:59:48 [INFO] CUDA 初始化成功
2026-08-02 13:59:48 [INFO] 引擎加载成功: dangerous.engine
2026-08-02 13:59:48 [INFO] 检测系统初始化成功
2026-08-02 13:59:48 [INFO] 图像预处理完成，原始尺寸: (2160, 3840)
2026-08-02 13:59:48 [INFO] 开始执行目标检测...
2026-08-02 13:59:48 [INFO] 检测完成，找到 1 个物体
2026-08-02 13:59:48 [INFO] 物体 1: FireExt1 (置信度: 0.45)
2026-08-02 13:59:48 [INFO] 准备保存检测结果到: C:\code\show\Scrap_Steel_In_Field\photos\dangerous_det\detection_20260802_135948.jpg
2026-08-02 13:59:48 [INFO] 图像形状: (2160, 3840, 3)
2026-08-02 13:59:48 [INFO] 图像数据类型: uint8
2026-08-02 13:59:48 [INFO] 图像最大值: 255
2026-08-02 13:59:48 [INFO] 图像最小值: 0
2026-08-02 13:59:48 [INFO] 开始保存检测结果图像: 图像尺寸=(2160, 3840, 3), 类型=uint8, 路径=C:\code\show\Scrap_Steel_In_Field\photos\dangerous_det\detection_20260802_135948.jpg
2026-08-02 13:59:48 [INFO] 成功保存检测结果到: C:\code\show\Scrap_Steel_In_Field\photos\dangerous_det\detection_20260802_135948.jpg
2026-08-02 13:59:48 [INFO] 保存的检测结果文件大小: 1331989 字节
2026-08-02 13:59:48 [INFO] 引擎上下文已释放
2026-08-02 13:59:48 [INFO] TensorRT 引擎已释放
2026-08-02 13:59:48 [INFO] 全局 CUDA 资源已释放
2026-08-02 13:59:48 [INFO] 检测系统资源已释放
2026-08-02 13:59:53 [INFO] CUDA 初始化成功
2026-08-02 13:59:53 [INFO] 引擎加载成功: dangerous.engine
2026-08-02 13:59:53 [INFO] 检测系统初始化成功
2026-08-02 13:59:53 [INFO] 图像预处理完成，原始尺寸: (2160, 3840)
2026-08-02 13:59:53 [INFO] 开始执行目标检测...
2026-08-02 13:59:53 [INFO] 检测完成，找到 1 个物体
2026-08-02 13:59:53 [INFO] 物体 1: FireExt1 (置信度: 0.46)
2026-08-02 13:59:53 [INFO] 准备保存检测结果到: C:\code\show\Scrap_Steel_In_Field\photos\dangerous_det\detection_20260802_135953.jpg
2026-08-02 13:59:53 [INFO] 图像形状: (2160, 3840, 3)
2026-08-02 13:59:53 [INFO] 图像数据类型: uint8
2026-08-02 13:59:53 [INFO] 图像最大值: 255
2026-08-02 13:59:53 [INFO] 图像最小值: 0
2026-08-02 13:59:53 [INFO] 开始保存检测结果图像: 图像尺寸=(2160, 3840, 3), 类型=uint8, 路径=C:\code\show\Scrap_Steel_In_Field\photos\dangerous_det\detection_20260802_135953.jpg
2026-08-02 13:59:53 [INFO] 成功保存检测结果到: C:\code\show\Scrap_Steel_In_Field\photos\dangerous_det\detection_20260802_135953.jpg
2026-08-02 13:59:53 [INFO] 保存的检测结果文件大小: 1329774 字节
2026-08-02 13:59:53 [INFO] 引擎上下文已释放
2026-08-02 13:59:53 [INFO] TensorRT 引擎已释放
2026-08-02 13:59:53 [INFO] 全局 CUDA 资源已释放
2026-08-02 13:59:53 [INFO] 检测系统资源已释放
2026-08-02 13:59:58 [INFO] CUDA 初始化成功
2026-08-02 13:59:58 [INFO] 引擎加载成功: dangerous.engine
2026-08-02 13:59:58 [INFO] 检测系统初始化成功
2026-08-02 13:59:58 [INFO] 图像预处理完成，原始尺寸: (2160, 3840)
2026-08-02 13:59:58 [INFO] 开始执行目标检测...
2026-08-02 13:59:58 [INFO] 检测完成，找到 1 个物体
2026-08-02 13:59:58 [INFO] 物体 1: FireExt1 (置信度: 0.45)
2026-08-02 13:59:58 [INFO] 准备保存检测结果到: C:\code\show\Scrap_Steel_In_Field\photos\dangerous_det\detection_20260802_135958.jpg
2026-08-02 13:59:58 [INFO] 图像形状: (2160, 3840, 3)
2026-08-02 13:59:58 [INFO] 图像数据类型: uint8
2026-08-02 13:59:58 [INFO] 图像最大值: 255
2026-08-02 13:59:58 [INFO] 图像最小值: 0
2026-08-02 13:59:58 [INFO] 开始保存检测结果图像: 图像尺寸=(2160, 3840, 3), 类型=uint8, 路径=C:\code\show\Scrap_Steel_In_Field\photos\dangerous_det\detection_20260802_135958.jpg
2026-08-02 13:59:58 [INFO] 成功保存检测结果到: C:\code\show\Scrap_Steel_In_Field\photos\dangerous_det\detection_20260802_135958.jpg
2026-08-02 13:59:58 [INFO] 保存的检测结果文件大小: 1339069 字节
2026-08-02 13:59:58 [INFO] 引擎上下文已释放
2026-08-02 13:59:58 [INFO] TensorRT 引擎已释放
2026-08-02 13:59:58 [INFO] 全局 CUDA 资源已释放
2026-08-02 13:59:58 [INFO] 检测系统资源已释放
2026-08-02 14:00:04 [INFO] CUDA 初始化成功
2026-08-02 14:00:04 [INFO] 引擎加载成功: dangerous.engine
2026-08-02 14:00:04 [INFO] 检测系统初始化成功
2026-08-02 14:00:04 [INFO] 图像预处理完成，原始尺寸: (2160, 3840)
2026-08-02 14:00:04 [INFO] 开始执行目标检测...
2026-08-02 14:00:04 [INFO] 检测完成，找到 1 个物体
2026-08-02 14:00:04 [INFO] 物体 1: FireExt1 (置信度: 0.44)
2026-08-02 14:00:04 [INFO] 准备保存检测结果到: C:\code\show\Scrap_Steel_In_Field\photos\dangerous_det\detection_20260802_140004.jpg
2026-08-02 14:00:04 [INFO] 图像形状: (2160, 3840, 3)
2026-08-02 14:00:04 [INFO] 图像数据类型: uint8
2026-08-02 14:00:04 [INFO] 图像最大值: 255
2026-08-02 14:00:04 [INFO] 图像最小值: 0
2026-08-02 14:00:04 [INFO] 开始保存检测结果图像: 图像尺寸=(2160, 3840, 3), 类型=uint8, 路径=C:\code\show\Scrap_Steel_In_Field\photos\dangerous_det\detection_20260802_140004.jpg
2026-08-02 14:00:04 [INFO] 成功保存检测结果到: C:\code\show\Scrap_Steel_In_Field\photos\dangerous_det\detection_20260802_140004.jpg
2026-08-02 14:00:04 [INFO] 保存的检测结果文件大小: 1331205 字节
2026-08-02 14:00:04 [INFO] 引擎上下文已释放
2026-08-02 14:00:04 [INFO] TensorRT 引擎已释放
2026-08-02 14:00:04 [INFO] 全局 CUDA 资源已释放
2026-08-02 14:00:04 [INFO] 检测系统资源已释放
2026-08-02 14:00:08 [INFO] CUDA 初始化成功
2026-08-02 14:00:08 [INFO] 引擎加载成功: dangerous.engine
2026-08-02 14:00:08 [INFO] 检测系统初始化成功
2026-08-02 14:00:09 [INFO] 图像预处理完成，原始尺寸: (2160, 3840)
2026-08-02 14:00:09 [INFO] 开始执行目标检测...
2026-08-02 14:00:09 [INFO] 检测完成，找到 1 个物体
2026-08-02 14:00:09 [INFO] 物体 1: FireExt1 (置信度: 0.46)
2026-08-02 14:00:09 [INFO] 准备保存检测结果到: C:\code\show\Scrap_Steel_In_Field\photos\dangerous_det\detection_20260802_140009.jpg
2026-08-02 14:00:09 [INFO] 图像形状: (2160, 3840, 3)
2026-08-02 14:00:09 [INFO] 图像数据类型: uint8
2026-08-02 14:00:09 [INFO] 图像最大值: 255
2026-08-02 14:00:09 [INFO] 图像最小值: 0
2026-08-02 14:00:09 [INFO] 开始保存检测结果图像: 图像尺寸=(2160, 3840, 3), 类型=uint8, 路径=C:\code\show\Scrap_Steel_In_Field\photos\dangerous_det\detection_20260802_140009.jpg
2026-08-02 14:00:09 [INFO] 成功保存检测结果到: C:\code\show\Scrap_Steel_In_Field\photos\dangerous_det\detection_20260802_140009.jpg
2026-08-02 14:00:09 [INFO] 保存的检测结果文件大小: 1341181 字节
2026-08-02 14:00:09 [INFO] 引擎上下文已释放
2026-08-02 14:00:09 [INFO] TensorRT 引擎已释放
2026-08-02 14:00:09 [INFO] 全局 CUDA 资源已释放
2026-08-02 14:00:09 [INFO] 检测系统资源已释放
2026-08-02 14:00:14 [INFO] CUDA 初始化成功
2026-08-02 14:00:14 [INFO] 引擎加载成功: dangerous.engine
2026-08-02 14:00:14 [INFO] 检测系统初始化成功
2026-08-02 14:00:14 [INFO] 图像预处理完成，原始尺寸: (2160, 3840)
2026-08-02 14:00:14 [INFO] 开始执行目标检测...
2026-08-02 14:00:14 [INFO] 检测完成，找到 1 个物体
2026-08-02 14:00:14 [INFO] 物体 1: FireExt1 (置信度: 0.48)
2026-08-02 14:00:14 [INFO] 准备保存检测结果到: C:\code\show\Scrap_Steel_In_Field\photos\dangerous_det\detection_20260802_140014.jpg
2026-08-02 14:00:14 [INFO] 图像形状: (2160, 3840, 3)
2026-08-02 14:00:14 [INFO] 图像数据类型: uint8
2026-08-02 14:00:14 [INFO] 图像最大值: 255
2026-08-02 14:00:14 [INFO] 图像最小值: 0
2026-08-02 14:00:14 [INFO] 开始保存检测结果图像: 图像尺寸=(2160, 3840, 3), 类型=uint8, 路径=C:\code\show\Scrap_Steel_In_Field\photos\dangerous_det\detection_20260802_140014.jpg
2026-08-02 14:00:14 [INFO] 成功保存检测结果到: C:\code\show\Scrap_Steel_In_Field\photos\dangerous_det\detection_20260802_140014.jpg
2026-08-02 14:00:14 [INFO] 保存的检测结果文件大小: 1347736 字节
2026-08-02 14:00:14 [INFO] 引擎上下文已释放
2026-08-02 14:00:14 [INFO] TensorRT 引擎已释放
2026-08-02 14:00:14 [INFO] 全局 CUDA 资源已释放
2026-08-02 14:00:14 [INFO] 检测系统资源已释放
2026-08-02 14:00:19 [INFO] CUDA 初始化成功
2026-08-02 14:00:19 [INFO] 引擎加载成功: dangerous.engine
2026-08-02 14:00:19 [INFO] 检测系统初始化成功
2026-08-02 14:00:19 [INFO] 图像预处理完成，原始尺寸: (2160, 3840)
2026-08-02 14:00:19 [INFO] 开始执行目标检测...
2026-08-02 14:00:19 [INFO] 检测完成，找到 1 个物体
2026-08-02 14:00:19 [INFO] 物体 1: FireExt1 (置信度: 0.43)
2026-08-02 14:00:19 [INFO] 准备保存检测结果到: C:\code\show\Scrap_Steel_In_Field\photos\dangerous_det\detection_20260802_140019.jpg
2026-08-02 14:00:19 [INFO] 图像形状: (2160, 3840, 3)
2026-08-02 14:00:19 [INFO] 图像数据类型: uint8
2026-08-02 14:00:19 [INFO] 图像最大值: 255
2026-08-02 14:00:19 [INFO] 图像最小值: 0
2026-08-02 14:00:19 [INFO] 开始保存检测结果图像: 图像尺寸=(2160, 3840, 3), 类型=uint8, 路径=C:\code\show\Scrap_Steel_In_Field\photos\dangerous_det\detection_20260802_140019.jpg
2026-08-02 14:00:19 [INFO] 成功保存检测结果到: C:\code\show\Scrap_Steel_In_Field\photos\dangerous_det\detection_20260802_140019.jpg
2026-08-02 14:00:19 [INFO] 保存的检测结果文件大小: 1352258 字节
2026-08-02 14:00:19 [INFO] 引擎上下文已释放
2026-08-02 14:00:19 [INFO] TensorRT 引擎已释放
2026-08-02 14:00:19 [INFO] 全局 CUDA 资源已释放
2026-08-02 14:00:19 [INFO] 检测系统资源已释放
2026-08-02 14:00:24 [INFO] CUDA 初始化成功
2026-08-02 14:00:24 [INFO] 引擎加载成功: dangerous.engine
2026-08-02 14:00:24 [INFO] 检测系统初始化成功
2026-08-02 14:00:24 [INFO] 图像预处理完成，原始尺寸: (2160, 3840)
2026-08-02 14:00:24 [INFO] 开始执行目标检测...
2026-08-02 14:00:24 [INFO] 检测完成，找到 1 个物体
2026-08-02 14:00:24 [INFO] 物体 1: FireExt1 (置信度: 0.45)
2026-08-02 14:00:24 [INFO] 准备保存检测结果到: C:\code\show\Scrap_Steel_In_Field\photos\dangerous_det\detection_20260802_140024.jpg
2026-08-02 14:00:24 [INFO] 图像形状: (2160, 3840, 3)
2026-08-02 14:00:24 [INFO] 图像数据类型: uint8
2026-08-02 14:00:24 [INFO] 图像最大值: 255
2026-08-02 14:00:24 [INFO] 图像最小值: 0
2026-08-02 14:00:24 [INFO] 开始保存检测结果图像: 图像尺寸=(2160, 3840, 3), 类型=uint8, 路径=C:\code\show\Scrap_Steel_In_Field\photos\dangerous_det\detection_20260802_140024.jpg
2026-08-02 14:00:24 [INFO] 成功保存检测结果到: C:\code\show\Scrap_Steel_In_Field\photos\dangerous_det\detection_20260802_140024.jpg
2026-08-02 14:00:24 [INFO] 保存的检测结果文件大小: 1342962 字节
2026-08-02 14:00:24 [INFO] 引擎上下文已释放
2026-08-02 14:00:24 [INFO] TensorRT 引擎已释放
2026-08-02 14:00:24 [INFO] 全局 CUDA 资源已释放
2026-08-02 14:00:24 [INFO] 检测系统资源已释放
2026-08-02 14:00:29 [INFO] CUDA 初始化成功
2026-08-02 14:00:29 [INFO] 引擎加载成功: dangerous.engine
2026-08-02 14:00:29 [INFO] 检测系统初始化成功
2026-08-02 14:00:29 [INFO] 图像预处理完成，原始尺寸: (2160, 3840)
2026-08-02 14:00:29 [INFO] 开始执行目标检测...
2026-08-02 14:00:29 [INFO] 检测完成，找到 1 个物体
2026-08-02 14:00:29 [INFO] 物体 1: FireExt1 (置信度: 0.46)
2026-08-02 14:00:29 [INFO] 准备保存检测结果到: C:\code\show\Scrap_Steel_In_Field\photos\dangerous_det\detection_20260802_140029.jpg
2026-08-02 14:00:29 [INFO] 图像形状: (2160, 3840, 3)
2026-08-02 14:00:29 [INFO] 图像数据类型: uint8
2026-08-02 14:00:29 [INFO] 图像最大值: 255
2026-08-02 14:00:29 [INFO] 图像最小值: 0
2026-08-02 14:00:29 [INFO] 开始保存检测结果图像: 图像尺寸=(2160, 3840, 3), 类型=uint8, 路径=C:\code\show\Scrap_Steel_In_Field\photos\dangerous_det\detection_20260802_140029.jpg
2026-08-02 14:00:29 [INFO] 成功保存检测结果到: C:\code\show\Scrap_Steel_In_Field\photos\dangerous_det\detection_20260802_140029.jpg
2026-08-02 14:00:29 [INFO] 保存的检测结果文件大小: 1353136 字节
2026-08-02 14:00:29 [INFO] 引擎上下文已释放
2026-08-02 14:00:29 [INFO] TensorRT 引擎已释放
2026-08-02 14:00:29 [INFO] 全局 CUDA 资源已释放
2026-08-02 14:00:29 [INFO] 检测系统资源已释放
2026-08-02 14:00:34 [INFO] CUDA 初始化成功
2026-08-02 14:00:34 [INFO] 引擎加载成功: dangerous.engine
2026-08-02 14:00:34 [INFO] 检测系统初始化成功
2026-08-02 14:00:34 [INFO] 图像预处理完成，原始尺寸: (2160, 3840)
2026-08-02 14:00:34 [INFO] 开始执行目标检测...
2026-08-02 14:00:34 [INFO] 检测完成，找到 1 个物体
2026-08-02 14:00:34 [INFO] 物体 1: FireExt1 (置信度: 0.46)
2026-08-02 14:00:34 [INFO] 准备保存检测结果到: C:\code\show\Scrap_Steel_In_Field\photos\dangerous_det\detection_20260802_140034.jpg
2026-08-02 14:00:34 [INFO] 图像形状: (2160, 3840, 3)
2026-08-02 14:00:34 [INFO] 图像数据类型: uint8
2026-08-02 14:00:34 [INFO] 图像最大值: 255
2026-08-02 14:00:34 [INFO] 图像最小值: 0
2026-08-02 14:00:34 [INFO] 开始保存检测结果图像: 图像尺寸=(2160, 3840, 3), 类型=uint8, 路径=C:\code\show\Scrap_Steel_In_Field\photos\dangerous_det\detection_20260802_140034.jpg
2026-08-02 14:00:34 [INFO] 成功保存检测结果到: C:\code\show\Scrap_Steel_In_Field\photos\dangerous_det\detection_20260802_140034.jpg
2026-08-02 14:00:34 [INFO] 保存的检测结果文件大小: 1345134 字节
2026-08-02 14:00:34 [INFO] 引擎上下文已释放
2026-08-02 14:00:34 [INFO] TensorRT 引擎已释放
2026-08-02 14:00:34 [INFO] 全局 CUDA 资源已释放
2026-08-02 14:00:34 [INFO] 检测系统资源已释放
2026-08-02 14:00:39 [INFO] CUDA 初始化成功
2026-08-02 14:00:39 [INFO] 引擎加载成功: dangerous.engine
2026-08-02 14:00:39 [INFO] 检测系统初始化成功
2026-08-02 14:00:39 [INFO] 图像预处理完成，原始尺寸: (2160, 3840)
2026-08-02 14:00:39 [INFO] 开始执行目标检测...
2026-08-02 14:00:39 [INFO] 检测完成，找到 1 个物体
2026-08-02 14:00:39 [INFO] 物体 1: FireExt1 (置信度: 0.46)
2026-08-02 14:00:39 [INFO] 准备保存检测结果到: C:\code\show\Scrap_Steel_In_Field\photos\dangerous_det\detection_20260802_140039.jpg
2026-08-02 14:00:39 [INFO] 图像形状: (2160, 3840, 3)
2026-08-02 14:00:39 [INFO] 图像数据类型: uint8
2026-08-02 14:00:39 [INFO] 图像最大值: 255
2026-08-02 14:00:39 [INFO] 图像最小值: 0
2026-08-02 14:00:39 [INFO] 开始保存检测结果图像: 图像尺寸=(2160, 3840, 3), 类型=uint8, 路径=C:\code\show\Scrap_Steel_In_Field\photos\dangerous_det\detection_20260802_140039.jpg
2026-08-02 14:00:40 [INFO] 成功保存检测结果到: C:\code\show\Scrap_Steel_In_Field\photos\dangerous_det\detection_20260802_140039.jpg
2026-08-02 14:00:40 [INFO] 保存的检测结果文件大小: 1350637 字节
2026-08-02 14:00:40 [INFO] 引擎上下文已释放
2026-08-02 14:00:40 [INFO] TensorRT 引擎已释放
2026-08-02 14:00:40 [INFO] 全局 CUDA 资源已释放
2026-08-02 14:00:40 [INFO] 检测系统资源已释放
2026-08-02 14:00:44 [INFO] CUDA 初始化成功
2026-08-02 14:00:44 [INFO] 引擎加载成功: dangerous.engine
2026-08-02 14:00:44 [INFO] 检测系统初始化成功
2026-08-02 14:00:44 [INFO] 图像预处理完成，原始尺寸: (2160, 3840)
2026-08-02 14:00:44 [INFO] 开始执行目标检测...
2026-08-02 14:00:45 [INFO] 检测完成，找到 1 个物体
2026-08-02 14:00:45 [INFO] 物体 1: FireExt1 (置信度: 0.44)
2026-08-02 14:00:45 [INFO] 准备保存检测结果到: C:\code\show\Scrap_Steel_In_Field\photos\dangerous_det\detection_20260802_140045.jpg
2026-08-02 14:00:45 [INFO] 图像形状: (2160, 3840, 3)
2026-08-02 14:00:45 [INFO] 图像数据类型: uint8
2026-08-02 14:00:45 [INFO] 图像最大值: 255
2026-08-02 14:00:45 [INFO] 图像最小值: 0
2026-08-02 14:00:45 [INFO] 开始保存检测结果图像: 图像尺寸=(2160, 3840, 3), 类型=uint8, 路径=C:\code\show\Scrap_Steel_In_Field\photos\dangerous_det\detection_20260802_140045.jpg
2026-08-02 14:00:45 [INFO] 成功保存检测结果到: C:\code\show\Scrap_Steel_In_Field\photos\dangerous_det\detection_20260802_140045.jpg
2026-08-02 14:00:45 [INFO] 保存的检测结果文件大小: 1356674 字节
2026-08-02 14:00:45 [INFO] 引擎上下文已释放
2026-08-02 14:00:45 [INFO] TensorRT 引擎已释放
2026-08-02 14:00:45 [INFO] 全局 CUDA 资源已释放
2026-08-02 14:00:45 [INFO] 检测系统资源已释放
2026-08-02 14:00:49 [INFO] CUDA 初始化成功
2026-08-02 14:00:49 [INFO] 引擎加载成功: dangerous.engine
2026-08-02 14:00:49 [INFO] 检测系统初始化成功
2026-08-02 14:00:49 [INFO] 图像预处理完成，原始尺寸: (2160, 3840)
2026-08-02 14:00:49 [INFO] 开始执行目标检测...
2026-08-02 14:00:50 [INFO] 检测完成，找到 1 个物体
2026-08-02 14:00:50 [INFO] 物体 1: FireExt1 (置信度: 0.47)
2026-08-02 14:00:50 [INFO] 准备保存检测结果到: C:\code\show\Scrap_Steel_In_Field\photos\dangerous_det\detection_20260802_140050.jpg
2026-08-02 14:00:50 [INFO] 图像形状: (2160, 3840, 3)
2026-08-02 14:00:50 [INFO] 图像数据类型: uint8
2026-08-02 14:00:50 [INFO] 图像最大值: 255
2026-08-02 14:00:50 [INFO] 图像最小值: 0
2026-08-02 14:00:50 [INFO] 开始保存检测结果图像: 图像尺寸=(2160, 3840, 3), 类型=uint8, 路径=C:\code\show\Scrap_Steel_In_Field\photos\dangerous_det\detection_20260802_140050.jpg
2026-08-02 14:00:50 [INFO] 成功保存检测结果到: C:\code\show\Scrap_Steel_In_Field\photos\dangerous_det\detection_20260802_140050.jpg
2026-08-02 14:00:50 [INFO] 保存的检测结果文件大小: 1356633 字节
2026-08-02 14:00:50 [INFO] 引擎上下文已释放
2026-08-02 14:00:50 [INFO] TensorRT 引擎已释放
2026-08-02 14:00:50 [INFO] 全局 CUDA 资源已释放
2026-08-02 14:00:50 [INFO] 检测系统资源已释放
2026-08-02 14:00:55 [INFO] CUDA 初始化成功
2026-08-02 14:00:55 [INFO] 引擎加载成功: dangerous.engine
2026-08-02 14:00:55 [INFO] 检测系统初始化成功
2026-08-02 14:00:55 [INFO] 图像预处理完成，原始尺寸: (2160, 3840)
2026-08-02 14:00:55 [INFO] 开始执行目标检测...
2026-08-02 14:00:55 [INFO] 检测完成，找到 1 个物体
2026-08-02 14:00:55 [INFO] 物体 1: FireExt1 (置信度: 0.47)
2026-08-02 14:00:55 [INFO] 准备保存检测结果到: C:\code\show\Scrap_Steel_In_Field\photos\dangerous_det\detection_20260802_140055.jpg
2026-08-02 14:00:55 [INFO] 图像形状: (2160, 3840, 3)
2026-08-02 14:00:55 [INFO] 图像数据类型: uint8
2026-08-02 14:00:55 [INFO] 图像最大值: 255
2026-08-02 14:00:55 [INFO] 图像最小值: 0
2026-08-02 14:00:55 [INFO] 开始保存检测结果图像: 图像尺寸=(2160, 3840, 3), 类型=uint8, 路径=C:\code\show\Scrap_Steel_In_Field\photos\dangerous_det\detection_20260802_140055.jpg
2026-08-02 14:00:55 [INFO] 成功保存检测结果到: C:\code\show\Scrap_Steel_In_Field\photos\dangerous_det\detection_20260802_140055.jpg
2026-08-02 14:00:55 [INFO] 保存的检测结果文件大小: 1351742 字节
2026-08-02 14:00:55 [INFO] 引擎上下文已释放
2026-08-02 14:00:55 [INFO] TensorRT 引擎已释放
2026-08-02 14:00:55 [INFO] 全局 CUDA 资源已释放
2026-08-02 14:00:55 [INFO] 检测系统资源已释放
2026-08-02 14:01:00 [INFO] CUDA 初始化成功
2026-08-02 14:01:00 [INFO] 引擎加载成功: dangerous.engine
2026-08-02 14:01:00 [INFO] 检测系统初始化成功
2026-08-02 14:01:00 [INFO] 图像预处理完成，原始尺寸: (2160, 3840)
2026-08-02 14:01:00 [INFO] 开始执行目标检测...
2026-08-02 14:01:00 [INFO] 检测完成，找到 1 个物体
2026-08-02 14:01:00 [INFO] 物体 1: FireExt1 (置信度: 0.49)
2026-08-02 14:01:00 [INFO] 准备保存检测结果到: C:\code\show\Scrap_Steel_In_Field\photos\dangerous_det\detection_20260802_140100.jpg
2026-08-02 14:01:00 [INFO] 图像形状: (2160, 3840, 3)
2026-08-02 14:01:00 [INFO] 图像数据类型: uint8
2026-08-02 14:01:00 [INFO] 图像最大值: 255
2026-08-02 14:01:00 [INFO] 图像最小值: 0
2026-08-02 14:01:00 [INFO] 开始保存检测结果图像: 图像尺寸=(2160, 3840, 3), 类型=uint8, 路径=C:\code\show\Scrap_Steel_In_Field\photos\dangerous_det\detection_20260802_140100.jpg
2026-08-02 14:01:00 [INFO] 成功保存检测结果到: C:\code\show\Scrap_Steel_In_Field\photos\dangerous_det\detection_20260802_140100.jpg
2026-08-02 14:01:00 [INFO] 保存的检测结果文件大小: 1363293 字节
2026-08-02 14:01:00 [INFO] 引擎上下文已释放
2026-08-02 14:01:00 [INFO] TensorRT 引擎已释放
2026-08-02 14:01:00 [INFO] 全局 CUDA 资源已释放
2026-08-02 14:01:00 [INFO] 检测系统资源已释放
2026-08-02 14:01:06 [INFO] CUDA 初始化成功
2026-08-02 14:01:06 [INFO] 引擎加载成功: dangerous.engine
2026-08-02 14:01:06 [INFO] 检测系统初始化成功
2026-08-02 14:01:06 [INFO] 图像预处理完成，原始尺寸: (2160, 3840)
2026-08-02 14:01:06 [INFO] 开始执行目标检测...
2026-08-02 14:01:06 [INFO] 检测完成，找到 1 个物体
2026-08-02 14:01:06 [INFO] 物体 1: FireExt1 (置信度: 0.45)
2026-08-02 14:01:06 [INFO] 准备保存检测结果到: C:\code\show\Scrap_Steel_In_Field\photos\dangerous_det\detection_20260802_140106.jpg
2026-08-02 14:01:06 [INFO] 图像形状: (2160, 3840, 3)
2026-08-02 14:01:06 [INFO] 图像数据类型: uint8
2026-08-02 14:01:06 [INFO] 图像最大值: 255
2026-08-02 14:01:06 [INFO] 图像最小值: 0
2026-08-02 14:01:06 [INFO] 开始保存检测结果图像: 图像尺寸=(2160, 3840, 3), 类型=uint8, 路径=C:\code\show\Scrap_Steel_In_Field\photos\dangerous_det\detection_20260802_140106.jpg
2026-08-02 14:01:06 [INFO] 成功保存检测结果到: C:\code\show\Scrap_Steel_In_Field\photos\dangerous_det\detection_20260802_140106.jpg
2026-08-02 14:01:06 [INFO] 保存的检测结果文件大小: 1364042 字节
2026-08-02 14:01:06 [INFO] 引擎上下文已释放
2026-08-02 14:01:06 [INFO] TensorRT 引擎已释放
2026-08-02 14:01:06 [INFO] 全局 CUDA 资源已释放
2026-08-02 14:01:06 [INFO] 检测系统资源已释放
2026-08-02 14:01:11 [INFO] CUDA 初始化成功
2026-08-02 14:01:11 [INFO] 引擎加载成功: dangerous.engine
2026-08-02 14:01:11 [INFO] 检测系统初始化成功
2026-08-02 14:01:11 [INFO] 图像预处理完成，原始尺寸: (2160, 3840)
2026-08-02 14:01:11 [INFO] 开始执行目标检测...
2026-08-02 14:01:11 [INFO] 检测完成，找到 1 个物体
2026-08-02 14:01:11 [INFO] 物体 1: FireExt1 (置信度: 0.47)
2026-08-02 14:01:11 [INFO] 准备保存检测结果到: C:\code\show\Scrap_Steel_In_Field\photos\dangerous_det\detection_20260802_140111.jpg
2026-08-02 14:01:11 [INFO] 图像形状: (2160, 3840, 3)
2026-08-02 14:01:11 [INFO] 图像数据类型: uint8
2026-08-02 14:01:11 [INFO] 图像最大值: 255
2026-08-02 14:01:11 [INFO] 图像最小值: 0
2026-08-02 14:01:11 [INFO] 开始保存检测结果图像: 图像尺寸=(2160, 3840, 3), 类型=uint8, 路径=C:\code\show\Scrap_Steel_In_Field\photos\dangerous_det\detection_20260802_140111.jpg
2026-08-02 14:01:11 [INFO] 成功保存检测结果到: C:\code\show\Scrap_Steel_In_Field\photos\dangerous_det\detection_20260802_140111.jpg
2026-08-02 14:01:11 [INFO] 保存的检测结果文件大小: 1366568 字节
2026-08-02 14:01:11 [INFO] 引擎上下文已释放
2026-08-02 14:01:11 [INFO] TensorRT 引擎已释放
2026-08-02 14:01:11 [INFO] 全局 CUDA 资源已释放
2026-08-02 14:01:11 [INFO] 检测系统资源已释放
2026-08-02 14:01:16 [INFO] CUDA 初始化成功
2026-08-02 14:01:16 [INFO] 引擎加载成功: dangerous.engine
2026-08-02 14:01:16 [INFO] 检测系统初始化成功
2026-08-02 14:01:16 [INFO] 图像预处理完成，原始尺寸: (2160, 3840)
2026-08-02 14:01:16 [INFO] 开始执行目标检测...
2026-08-02 14:01:16 [INFO] 检测完成，找到 1 个物体
2026-08-02 14:01:16 [INFO] 物体 1: FireExt1 (置信度: 0.48)
2026-08-02 14:01:16 [INFO] 准备保存检测结果到: C:\code\show\Scrap_Steel_In_Field\photos\dangerous_det\detection_20260802_140116.jpg
2026-08-02 14:01:16 [INFO] 图像形状: (2160, 3840, 3)
2026-08-02 14:01:16 [INFO] 图像数据类型: uint8
2026-08-02 14:01:16 [INFO] 图像最大值: 255
2026-08-02 14:01:16 [INFO] 图像最小值: 0
2026-08-02 14:01:16 [INFO] 开始保存检测结果图像: 图像尺寸=(2160, 3840, 3), 类型=uint8, 路径=C:\code\show\Scrap_Steel_In_Field\photos\dangerous_det\detection_20260802_140116.jpg
2026-08-02 14:01:16 [INFO] 成功保存检测结果到: C:\code\show\Scrap_Steel_In_Field\photos\dangerous_det\detection_20260802_140116.jpg
2026-08-02 14:01:16 [INFO] 保存的检测结果文件大小: 1355445 字节
2026-08-02 14:01:16 [INFO] 引擎上下文已释放
2026-08-02 14:01:16 [INFO] TensorRT 引擎已释放
2026-08-02 14:01:16 [INFO] 全局 CUDA 资源已释放
2026-08-02 14:01:16 [INFO] 检测系统资源已释放
2026-08-02 14:01:21 [INFO] CUDA 初始化成功
2026-08-02 14:01:21 [INFO] 引擎加载成功: dangerous.engine
2026-08-02 14:01:21 [INFO] 检测系统初始化成功
2026-08-02 14:01:21 [INFO] 图像预处理完成，原始尺寸: (2160, 3840)
2026-08-02 14:01:21 [INFO] 开始执行目标检测...
2026-08-02 14:01:21 [INFO] 检测完成，找到 1 个物体
2026-08-02 14:01:21 [INFO] 物体 1: FireExt1 (置信度: 0.48)
2026-08-02 14:01:21 [INFO] 准备保存检测结果到: C:\code\show\Scrap_Steel_In_Field\photos\dangerous_det\detection_20260802_140121.jpg
2026-08-02 14:01:21 [INFO] 图像形状: (2160, 3840, 3)
2026-08-02 14:01:21 [INFO] 图像数据类型: uint8
2026-08-02 14:01:21 [INFO] 图像最大值: 255
2026-08-02 14:01:21 [INFO] 图像最小值: 0
2026-08-02 14:01:21 [INFO] 开始保存检测结果图像: 图像尺寸=(2160, 3840, 3), 类型=uint8, 路径=C:\code\show\Scrap_Steel_In_Field\photos\dangerous_det\detection_20260802_140121.jpg
2026-08-02 14:01:21 [INFO] 成功保存检测结果到: C:\code\show\Scrap_Steel_In_Field\photos\dangerous_det\detection_20260802_140121.jpg
2026-08-02 14:01:21 [INFO] 保存的检测结果文件大小: 1362560 字节
2026-08-02 14:01:21 [INFO] 引擎上下文已释放
2026-08-02 14:01:21 [INFO] TensorRT 引擎已释放
2026-08-02 14:01:21 [INFO] 全局 CUDA 资源已释放
2026-08-02 14:01:21 [INFO] 检测系统资源已释放
2026-08-02 14:01:26 [INFO] CUDA 初始化成功
2026-08-02 14:01:26 [INFO] 引擎加载成功: dangerous.engine
2026-08-02 14:01:26 [INFO] 检测系统初始化成功
2026-08-02 14:01:26 [INFO] 图像预处理完成，原始尺寸: (2160, 3840)
2026-08-02 14:01:26 [INFO] 开始执行目标检测...
2026-08-02 14:01:26 [INFO] 检测完成，找到 1 个物体
2026-08-02 14:01:26 [INFO] 物体 1: FireExt1 (置信度: 0.47)
2026-08-02 14:01:26 [INFO] 准备保存检测结果到: C:\code\show\Scrap_Steel_In_Field\photos\dangerous_det\detection_20260802_140126.jpg
2026-08-02 14:01:26 [INFO] 图像形状: (2160, 3840, 3)
2026-08-02 14:01:26 [INFO] 图像数据类型: uint8
2026-08-02 14:01:26 [INFO] 图像最大值: 255
2026-08-02 14:01:26 [INFO] 图像最小值: 0
2026-08-02 14:01:26 [INFO] 开始保存检测结果图像: 图像尺寸=(2160, 3840, 3), 类型=uint8, 路径=C:\code\show\Scrap_Steel_In_Field\photos\dangerous_det\detection_20260802_140126.jpg
2026-08-02 14:01:26 [INFO] 成功保存检测结果到: C:\code\show\Scrap_Steel_In_Field\photos\dangerous_det\detection_20260802_140126.jpg
2026-08-02 14:01:26 [INFO] 保存的检测结果文件大小: 1327618 字节
2026-08-02 14:01:26 [INFO] 引擎上下文已释放
2026-08-02 14:01:26 [INFO] TensorRT 引擎已释放
2026-08-02 14:01:26 [INFO] 全局 CUDA 资源已释放
2026-08-02 14:01:26 [INFO] 检测系统资源已释放
2026-08-02 14:01:31 [INFO] CUDA 初始化成功
2026-08-02 14:01:31 [INFO] 引擎加载成功: dangerous.engine
2026-08-02 14:01:31 [INFO] 检测系统初始化成功
2026-08-02 14:01:31 [INFO] 图像预处理完成，原始尺寸: (2160, 3840)
2026-08-02 14:01:31 [INFO] 开始执行目标检测...
2026-08-02 14:01:31 [INFO] 检测完成，找到 1 个物体
2026-08-02 14:01:31 [INFO] 物体 1: FireExt1 (置信度: 0.48)
2026-08-02 14:01:31 [INFO] 准备保存检测结果到: C:\code\show\Scrap_Steel_In_Field\photos\dangerous_det\detection_20260802_140131.jpg
2026-08-02 14:01:31 [INFO] 图像形状: (2160, 3840, 3)
2026-08-02 14:01:31 [INFO] 图像数据类型: uint8
2026-08-02 14:01:31 [INFO] 图像最大值: 255
2026-08-02 14:01:31 [INFO] 图像最小值: 0
2026-08-02 14:01:31 [INFO] 开始保存检测结果图像: 图像尺寸=(2160, 3840, 3), 类型=uint8, 路径=C:\code\show\Scrap_Steel_In_Field\photos\dangerous_det\detection_20260802_140131.jpg
2026-08-02 14:01:31 [INFO] 成功保存检测结果到: C:\code\show\Scrap_Steel_In_Field\photos\dangerous_det\detection_20260802_140131.jpg
2026-08-02 14:01:31 [INFO] 保存的检测结果文件大小: 1368563 字节
2026-08-02 14:01:31 [INFO] 引擎上下文已释放
2026-08-02 14:01:31 [INFO] TensorRT 引擎已释放
2026-08-02 14:01:31 [INFO] 全局 CUDA 资源已释放
2026-08-02 14:01:31 [INFO] 检测系统资源已释放
2026-08-02 14:01:36 [INFO] CUDA 初始化成功
2026-08-02 14:01:36 [INFO] 引擎加载成功: dangerous.engine
2026-08-02 14:01:36 [INFO] 检测系统初始化成功
2026-08-02 14:01:36 [INFO] 图像预处理完成，原始尺寸: (2160, 3840)
2026-08-02 14:01:36 [INFO] 开始执行目标检测...
2026-08-02 14:01:36 [INFO] 检测完成，找到 1 个物体
2026-08-02 14:01:36 [INFO] 物体 1: FireExt1 (置信度: 0.47)
2026-08-02 14:01:36 [INFO] 准备保存检测结果到: C:\code\show\Scrap_Steel_In_Field\photos\dangerous_det\detection_20260802_140136.jpg
2026-08-02 14:01:36 [INFO] 图像形状: (2160, 3840, 3)
2026-08-02 14:01:36 [INFO] 图像数据类型: uint8
2026-08-02 14:01:36 [INFO] 图像最大值: 255
2026-08-02 14:01:36 [INFO] 图像最小值: 0
2026-08-02 14:01:36 [INFO] 开始保存检测结果图像: 图像尺寸=(2160, 3840, 3), 类型=uint8, 路径=C:\code\show\Scrap_Steel_In_Field\photos\dangerous_det\detection_20260802_140136.jpg
2026-08-02 14:01:36 [INFO] 成功保存检测结果到: C:\code\show\Scrap_Steel_In_Field\photos\dangerous_det\detection_20260802_140136.jpg
2026-08-02 14:01:36 [INFO] 保存的检测结果文件大小: 1373405 字节
2026-08-02 14:01:36 [INFO] 引擎上下文已释放
2026-08-02 14:01:36 [INFO] TensorRT 引擎已释放
2026-08-02 14:01:36 [INFO] 全局 CUDA 资源已释放
2026-08-02 14:01:36 [INFO] 检测系统资源已释放
2026-08-02 14:01:41 [INFO] CUDA 初始化成功
2026-08-02 14:01:41 [INFO] 引擎加载成功: dangerous.engine
2026-08-02 14:01:41 [INFO] 检测系统初始化成功
2026-08-02 14:01:41 [INFO] 图像预处理完成，原始尺寸: (2160, 3840)
2026-08-02 14:01:41 [INFO] 开始执行目标检测...
2026-08-02 14:01:41 [INFO] 检测完成，找到 1 个物体
2026-08-02 14:01:41 [INFO] 物体 1: FireExt1 (置信度: 0.48)
2026-08-02 14:01:41 [INFO] 准备保存检测结果到: C:\code\show\Scrap_Steel_In_Field\photos\dangerous_det\detection_20260802_140141.jpg
2026-08-02 14:01:41 [INFO] 图像形状: (2160, 3840, 3)
2026-08-02 14:01:41 [INFO] 图像数据类型: uint8
2026-08-02 14:01:41 [INFO] 图像最大值: 255
2026-08-02 14:01:41 [INFO] 图像最小值: 0
2026-08-02 14:01:41 [INFO] 开始保存检测结果图像: 图像尺寸=(2160, 3840, 3), 类型=uint8, 路径=C:\code\show\Scrap_Steel_In_Field\photos\dangerous_det\detection_20260802_140141.jpg
2026-08-02 14:01:41 [INFO] 成功保存检测结果到: C:\code\show\Scrap_Steel_In_Field\photos\dangerous_det\detection_20260802_140141.jpg
2026-08-02 14:01:41 [INFO] 保存的检测结果文件大小: 1376631 字节
2026-08-02 14:01:41 [INFO] 引擎上下文已释放
2026-08-02 14:01:41 [INFO] TensorRT 引擎已释放
2026-08-02 14:01:41 [INFO] 全局 CUDA 资源已释放
2026-08-02 14:01:41 [INFO] 检测系统资源已释放
