2026-05-21 13:37:53 [INFO] CUDA 初始化成功
2026-05-21 13:37:53 [INFO] 引擎加载成功: dangerous.engine
2026-05-21 13:37:53 [INFO] 检测系统初始化成功
2026-05-21 13:37:56 [INFO] 引擎加载成功: dangerous.engine
2026-05-21 13:37:56 [INFO] 检测系统初始化成功
2026-05-21 13:37:56 [INFO] 图像预处理完成，原始尺寸: (2160, 3840)
2026-05-21 13:37:56 [INFO] 开始执行目标检测...
2026-05-21 13:37:56 [INFO] 检测完成，找到 0 个物体
2026-05-21 13:37:56 [INFO] 检测到车兜区域，将过滤区域外的目标
2026-05-21 13:37:56 [INFO] 引擎上下文已释放
2026-05-21 13:37:56 [INFO] TensorRT 引擎已释放
2026-05-21 13:37:56 [INFO] 全局 CUDA 资源已释放
2026-05-21 13:37:56 [INFO] 检测系统资源已释放
2026-05-21 13:38:01 [INFO] CUDA 初始化成功
2026-05-21 13:38:01 [INFO] 引擎加载成功: dangerous.engine
2026-05-21 13:38:01 [INFO] 检测系统初始化成功
2026-05-21 13:38:01 [INFO] 图像预处理完成，原始尺寸: (2160, 3840)
2026-05-21 13:38:01 [INFO] 开始执行目标检测...
2026-05-21 13:38:01 [INFO] 检测完成，找到 4 个物体
2026-05-21 13:38:01 [INFO] 物体 1: GasCyl1 (置信度: 0.86)
2026-05-21 13:38:01 [INFO] 物体 2: FireExt1 (置信度: 0.50)
2026-05-21 13:38:01 [INFO] 物体 3: FireExt1 (置信度: 0.48)
2026-05-21 13:38:01 [INFO] 物体 4: FireExt2 (置信度: 0.31)
2026-05-21 13:38:01 [INFO] 检测到车兜区域，将过滤区域外的目标
2026-05-21 13:38:01 [INFO] 车兜区域过滤: 4 -> 2 个目标
2026-05-21 13:38:01 [INFO] 准备保存检测结果到: C:\code\show\Scrap_Steel_In_Field\photos\dangerous_det\detection_20260521_133801.jpg
2026-05-21 13:38:01 [INFO] 图像形状: (2160, 3840, 3)
2026-05-21 13:38:01 [INFO] 图像数据类型: uint8
2026-05-21 13:38:01 [INFO] 图像最大值: 255
2026-05-21 13:38:01 [INFO] 图像最小值: 0
2026-05-21 13:38:01 [INFO] 开始保存检测结果图像: 图像尺寸=(2160, 3840, 3), 类型=uint8, 路径=C:\code\show\Scrap_Steel_In_Field\photos\dangerous_det\detection_20260521_133801.jpg
2026-05-21 13:38:01 [INFO] 成功保存检测结果到: C:\code\show\Scrap_Steel_In_Field\photos\dangerous_det\detection_20260521_133801.jpg
2026-05-21 13:38:01 [INFO] 保存的检测结果文件大小: 2527906 字节
2026-05-21 13:38:01 [INFO] 引擎上下文已释放
2026-05-21 13:38:01 [INFO] TensorRT 引擎已释放
2026-05-21 13:38:01 [INFO] 全局 CUDA 资源已释放
2026-05-21 13:38:01 [INFO] 检测系统资源已释放
2026-05-21 13:38:06 [INFO] CUDA 初始化成功
2026-05-21 13:38:06 [INFO] 引擎加载成功: dangerous.engine
2026-05-21 13:38:06 [INFO] 检测系统初始化成功
2026-05-21 13:38:06 [INFO] 图像预处理完成，原始尺寸: (2160, 3840)
2026-05-21 13:38:06 [INFO] 开始执行目标检测...
2026-05-21 13:38:06 [INFO] 检测完成，找到 5 个物体
2026-05-21 13:38:06 [INFO] 物体 1: GasCyl1 (置信度: 0.86)
2026-05-21 13:38:06 [INFO] 物体 2: FireExt1 (置信度: 0.50)
2026-05-21 13:38:06 [INFO] 物体 3: FireExt1 (置信度: 0.49)
2026-05-21 13:38:06 [INFO] 物体 4: FireExt2 (置信度: 0.30)
2026-05-21 13:38:06 [INFO] 物体 5: FireExt1 (置信度: 0.29)
2026-05-21 13:38:06 [INFO] 检测到车兜区域，将过滤区域外的目标
2026-05-21 13:38:06 [INFO] 车兜区域过滤: 5 -> 2 个目标
2026-05-21 13:38:06 [INFO] 准备保存检测结果到: C:\code\show\Scrap_Steel_In_Field\photos\dangerous_det\detection_20260521_133806.jpg
2026-05-21 13:38:06 [INFO] 图像形状: (2160, 3840, 3)
2026-05-21 13:38:06 [INFO] 图像数据类型: uint8
2026-05-21 13:38:06 [INFO] 图像最大值: 255
2026-05-21 13:38:06 [INFO] 图像最小值: 0
2026-05-21 13:38:06 [INFO] 开始保存检测结果图像: 图像尺寸=(2160, 3840, 3), 类型=uint8, 路径=C:\code\show\Scrap_Steel_In_Field\photos\dangerous_det\detection_20260521_133806.jpg
2026-05-21 13:38:06 [INFO] 成功保存检测结果到: C:\code\show\Scrap_Steel_In_Field\photos\dangerous_det\detection_20260521_133806.jpg
2026-05-21 13:38:06 [INFO] 保存的检测结果文件大小: 2526994 字节
2026-05-21 13:38:06 [INFO] 引擎上下文已释放
2026-05-21 13:38:06 [INFO] TensorRT 引擎已释放
2026-05-21 13:38:06 [INFO] 全局 CUDA 资源已释放
2026-05-21 13:38:06 [INFO] 检测系统资源已释放
2026-05-21 13:38:11 [INFO] CUDA 初始化成功
2026-05-21 13:38:11 [INFO] 引擎加载成功: dangerous.engine
2026-05-21 13:38:11 [INFO] 检测系统初始化成功
2026-05-21 13:38:11 [INFO] 图像预处理完成，原始尺寸: (2160, 3840)
2026-05-21 13:38:11 [INFO] 开始执行目标检测...
2026-05-21 13:38:11 [INFO] 检测完成，找到 4 个物体
2026-05-21 13:38:11 [INFO] 物体 1: GasCyl1 (置信度: 0.82)
2026-05-21 13:38:11 [INFO] 物体 2: FireExt1 (置信度: 0.50)
2026-05-21 13:38:11 [INFO] 物体 3: FireExt1 (置信度: 0.44)
2026-05-21 13:38:11 [INFO] 物体 4: FireExt2 (置信度: 0.34)
2026-05-21 13:38:12 [INFO] 检测到车兜区域，将过滤区域外的目标
2026-05-21 13:38:12 [INFO] 车兜区域过滤: 4 -> 2 个目标
2026-05-21 13:38:12 [INFO] 准备保存检测结果到: C:\code\show\Scrap_Steel_In_Field\photos\dangerous_det\detection_20260521_133812.jpg
2026-05-21 13:38:12 [INFO] 图像形状: (2160, 3840, 3)
2026-05-21 13:38:12 [INFO] 图像数据类型: uint8
2026-05-21 13:38:12 [INFO] 图像最大值: 255
2026-05-21 13:38:12 [INFO] 图像最小值: 0
2026-05-21 13:38:12 [INFO] 开始保存检测结果图像: 图像尺寸=(2160, 3840, 3), 类型=uint8, 路径=C:\code\show\Scrap_Steel_In_Field\photos\dangerous_det\detection_20260521_133812.jpg
2026-05-21 13:38:12 [INFO] 成功保存检测结果到: C:\code\show\Scrap_Steel_In_Field\photos\dangerous_det\detection_20260521_133812.jpg
2026-05-21 13:38:12 [INFO] 保存的检测结果文件大小: 2536305 字节
2026-05-21 13:38:12 [INFO] 引擎上下文已释放
2026-05-21 13:38:12 [INFO] TensorRT 引擎已释放
2026-05-21 13:38:12 [INFO] 全局 CUDA 资源已释放
2026-05-21 13:38:12 [INFO] 检测系统资源已释放
2026-05-21 13:38:17 [INFO] CUDA 初始化成功
2026-05-21 13:38:17 [INFO] 引擎加载成功: dangerous.engine
2026-05-21 13:38:17 [INFO] 检测系统初始化成功
2026-05-21 13:38:17 [INFO] 图像预处理完成，原始尺寸: (2160, 3840)
2026-05-21 13:38:17 [INFO] 开始执行目标检测...
2026-05-21 13:38:17 [INFO] 检测完成，找到 5 个物体
2026-05-21 13:38:17 [INFO] 物体 1: GasCyl1 (置信度: 0.83)
2026-05-21 13:38:17 [INFO] 物体 2: FireExt1 (置信度: 0.49)
2026-05-21 13:38:17 [INFO] 物体 3: FireExt1 (置信度: 0.44)
2026-05-21 13:38:17 [INFO] 物体 4: FireExt1 (置信度: 0.31)
2026-05-21 13:38:17 [INFO] 物体 5: FireExt2 (置信度: 0.26)
2026-05-21 13:38:17 [INFO] 检测到车兜区域，将过滤区域外的目标
2026-05-21 13:38:17 [INFO] 车兜区域过滤: 5 -> 2 个目标
2026-05-21 13:38:17 [INFO] 准备保存检测结果到: C:\code\show\Scrap_Steel_In_Field\photos\dangerous_det\detection_20260521_133817.jpg
2026-05-21 13:38:17 [INFO] 图像形状: (2160, 3840, 3)
2026-05-21 13:38:17 [INFO] 图像数据类型: uint8
2026-05-21 13:38:17 [INFO] 图像最大值: 255
2026-05-21 13:38:17 [INFO] 图像最小值: 0
2026-05-21 13:38:17 [INFO] 开始保存检测结果图像: 图像尺寸=(2160, 3840, 3), 类型=uint8, 路径=C:\code\show\Scrap_Steel_In_Field\photos\dangerous_det\detection_20260521_133817.jpg
2026-05-21 13:38:17 [INFO] 成功保存检测结果到: C:\code\show\Scrap_Steel_In_Field\photos\dangerous_det\detection_20260521_133817.jpg
2026-05-21 13:38:17 [INFO] 保存的检测结果文件大小: 2540162 字节
2026-05-21 13:38:17 [INFO] 引擎上下文已释放
2026-05-21 13:38:17 [INFO] TensorRT 引擎已释放
2026-05-21 13:38:17 [INFO] 全局 CUDA 资源已释放
2026-05-21 13:38:17 [INFO] 检测系统资源已释放
2026-05-21 13:38:22 [INFO] CUDA 初始化成功
2026-05-21 13:38:22 [INFO] 引擎加载成功: dangerous.engine
2026-05-21 13:38:22 [INFO] 检测系统初始化成功
2026-05-21 13:38:22 [INFO] 图像预处理完成，原始尺寸: (2160, 3840)
2026-05-21 13:38:22 [INFO] 开始执行目标检测...
2026-05-21 13:38:22 [INFO] 检测完成，找到 5 个物体
2026-05-21 13:38:22 [INFO] 物体 1: GasCyl1 (置信度: 0.87)
2026-05-21 13:38:22 [INFO] 物体 2: FireExt1 (置信度: 0.48)
2026-05-21 13:38:22 [INFO] 物体 3: FireExt1 (置信度: 0.46)
2026-05-21 13:38:22 [INFO] 物体 4: FireExt1 (置信度: 0.31)
2026-05-21 13:38:22 [INFO] 物体 5: FireExt2 (置信度: 0.30)
2026-05-21 13:38:22 [INFO] 检测到车兜区域，将过滤区域外的目标
2026-05-21 13:38:22 [INFO] 车兜区域过滤: 5 -> 2 个目标
2026-05-21 13:38:22 [INFO] 准备保存检测结果到: C:\code\show\Scrap_Steel_In_Field\photos\dangerous_det\detection_20260521_133822.jpg
2026-05-21 13:38:22 [INFO] 图像形状: (2160, 3840, 3)
2026-05-21 13:38:22 [INFO] 图像数据类型: uint8
2026-05-21 13:38:22 [INFO] 图像最大值: 255
2026-05-21 13:38:22 [INFO] 图像最小值: 0
2026-05-21 13:38:22 [INFO] 开始保存检测结果图像: 图像尺寸=(2160, 3840, 3), 类型=uint8, 路径=C:\code\show\Scrap_Steel_In_Field\photos\dangerous_det\detection_20260521_133822.jpg
2026-05-21 13:38:22 [INFO] 成功保存检测结果到: C:\code\show\Scrap_Steel_In_Field\photos\dangerous_det\detection_20260521_133822.jpg
2026-05-21 13:38:22 [INFO] 保存的检测结果文件大小: 2523849 字节
2026-05-21 13:38:22 [INFO] 引擎上下文已释放
2026-05-21 13:38:22 [INFO] TensorRT 引擎已释放
2026-05-21 13:38:22 [INFO] 全局 CUDA 资源已释放
2026-05-21 13:38:22 [INFO] 检测系统资源已释放
2026-05-21 13:38:27 [INFO] CUDA 初始化成功
2026-05-21 13:38:27 [INFO] 引擎加载成功: dangerous.engine
2026-05-21 13:38:27 [INFO] 检测系统初始化成功
2026-05-21 13:38:27 [INFO] 图像预处理完成，原始尺寸: (2160, 3840)
2026-05-21 13:38:27 [INFO] 开始执行目标检测...
2026-05-21 13:38:27 [INFO] 检测完成，找到 4 个物体
2026-05-21 13:38:27 [INFO] 物体 1: GasCyl1 (置信度: 0.89)
2026-05-21 13:38:27 [INFO] 物体 2: FireExt1 (置信度: 0.49)
2026-05-21 13:38:27 [INFO] 物体 3: FireExt1 (置信度: 0.44)
2026-05-21 13:38:27 [INFO] 物体 4: FireExt2 (置信度: 0.33)
2026-05-21 13:38:27 [INFO] 检测到车兜区域，将过滤区域外的目标
2026-05-21 13:38:27 [INFO] 车兜区域过滤: 4 -> 2 个目标
2026-05-21 13:38:27 [INFO] 准备保存检测结果到: C:\code\show\Scrap_Steel_In_Field\photos\dangerous_det\detection_20260521_133827.jpg
2026-05-21 13:38:27 [INFO] 图像形状: (2160, 3840, 3)
2026-05-21 13:38:27 [INFO] 图像数据类型: uint8
2026-05-21 13:38:27 [INFO] 图像最大值: 255
2026-05-21 13:38:27 [INFO] 图像最小值: 0
2026-05-21 13:38:27 [INFO] 开始保存检测结果图像: 图像尺寸=(2160, 3840, 3), 类型=uint8, 路径=C:\code\show\Scrap_Steel_In_Field\photos\dangerous_det\detection_20260521_133827.jpg
2026-05-21 13:38:27 [INFO] 成功保存检测结果到: C:\code\show\Scrap_Steel_In_Field\photos\dangerous_det\detection_20260521_133827.jpg
2026-05-21 13:38:27 [INFO] 保存的检测结果文件大小: 2531686 字节
2026-05-21 13:38:27 [INFO] 引擎上下文已释放
2026-05-21 13:38:27 [INFO] TensorRT 引擎已释放
2026-05-21 13:38:28 [INFO] 全局 CUDA 资源已释放
2026-05-21 13:38:28 [INFO] 检测系统资源已释放
2026-05-21 13:38:33 [INFO] CUDA 初始化成功
2026-05-21 13:38:33 [INFO] 引擎加载成功: dangerous.engine
2026-05-21 13:38:33 [INFO] 检测系统初始化成功
2026-05-21 13:38:33 [INFO] 图像预处理完成，原始尺寸: (2160, 3840)
2026-05-21 13:38:33 [INFO] 开始执行目标检测...
2026-05-21 13:38:33 [INFO] 检测完成，找到 4 个物体
2026-05-21 13:38:33 [INFO] 物体 1: GasCyl1 (置信度: 0.88)
2026-05-21 13:38:33 [INFO] 物体 2: FireExt1 (置信度: 0.49)
2026-05-21 13:38:33 [INFO] 物体 3: FireExt1 (置信度: 0.44)
2026-05-21 13:38:33 [INFO] 物体 4: FireExt2 (置信度: 0.30)
2026-05-21 13:38:33 [INFO] 检测到车兜区域，将过滤区域外的目标
2026-05-21 13:38:33 [INFO] 车兜区域过滤: 4 -> 2 个目标
2026-05-21 13:38:33 [INFO] 准备保存检测结果到: C:\code\show\Scrap_Steel_In_Field\photos\dangerous_det\detection_20260521_133833.jpg
2026-05-21 13:38:33 [INFO] 图像形状: (2160, 3840, 3)
2026-05-21 13:38:33 [INFO] 图像数据类型: uint8
2026-05-21 13:38:33 [INFO] 图像最大值: 255
2026-05-21 13:38:33 [INFO] 图像最小值: 0
2026-05-21 13:38:33 [INFO] 开始保存检测结果图像: 图像尺寸=(2160, 3840, 3), 类型=uint8, 路径=C:\code\show\Scrap_Steel_In_Field\photos\dangerous_det\detection_20260521_133833.jpg
2026-05-21 13:38:33 [INFO] 成功保存检测结果到: C:\code\show\Scrap_Steel_In_Field\photos\dangerous_det\detection_20260521_133833.jpg
2026-05-21 13:38:33 [INFO] 保存的检测结果文件大小: 2537256 字节
2026-05-21 13:38:33 [INFO] 引擎上下文已释放
2026-05-21 13:38:33 [INFO] TensorRT 引擎已释放
2026-05-21 13:38:33 [INFO] 全局 CUDA 资源已释放
2026-05-21 13:38:33 [INFO] 检测系统资源已释放
2026-05-21 13:38:38 [INFO] CUDA 初始化成功
2026-05-21 13:38:38 [INFO] 引擎加载成功: dangerous.engine
2026-05-21 13:38:38 [INFO] 检测系统初始化成功
2026-05-21 13:38:38 [INFO] 图像预处理完成，原始尺寸: (2160, 3840)
2026-05-21 13:38:38 [INFO] 开始执行目标检测...
2026-05-21 13:38:38 [INFO] 检测完成，找到 5 个物体
2026-05-21 13:38:38 [INFO] 物体 1: GasCyl1 (置信度: 0.89)
2026-05-21 13:38:38 [INFO] 物体 2: FireExt1 (置信度: 0.49)
2026-05-21 13:38:38 [INFO] 物体 3: FireExt1 (置信度: 0.46)
2026-05-21 13:38:38 [INFO] 物体 4: FireExt2 (置信度: 0.37)
2026-05-21 13:38:38 [INFO] 物体 5: FireExt1 (置信度: 0.36)
2026-05-21 13:38:38 [INFO] 检测到车兜区域，将过滤区域外的目标
2026-05-21 13:38:38 [INFO] 车兜区域过滤: 5 -> 2 个目标
2026-05-21 13:38:38 [INFO] 准备保存检测结果到: C:\code\show\Scrap_Steel_In_Field\photos\dangerous_det\detection_20260521_133838.jpg
2026-05-21 13:38:38 [INFO] 图像形状: (2160, 3840, 3)
2026-05-21 13:38:38 [INFO] 图像数据类型: uint8
2026-05-21 13:38:38 [INFO] 图像最大值: 255
2026-05-21 13:38:38 [INFO] 图像最小值: 0
2026-05-21 13:38:38 [INFO] 开始保存检测结果图像: 图像尺寸=(2160, 3840, 3), 类型=uint8, 路径=C:\code\show\Scrap_Steel_In_Field\photos\dangerous_det\detection_20260521_133838.jpg
2026-05-21 13:38:38 [INFO] 成功保存检测结果到: C:\code\show\Scrap_Steel_In_Field\photos\dangerous_det\detection_20260521_133838.jpg
2026-05-21 13:38:38 [INFO] 保存的检测结果文件大小: 2540687 字节
2026-05-21 13:38:38 [INFO] 引擎上下文已释放
2026-05-21 13:38:38 [INFO] TensorRT 引擎已释放
2026-05-21 13:38:38 [INFO] 全局 CUDA 资源已释放
2026-05-21 13:38:38 [INFO] 检测系统资源已释放
2026-05-21 13:38:44 [INFO] CUDA 初始化成功
2026-05-21 13:38:44 [INFO] 引擎加载成功: dangerous.engine
2026-05-21 13:38:44 [INFO] 检测系统初始化成功
2026-05-21 13:38:44 [INFO] 图像预处理完成，原始尺寸: (2160, 3840)
2026-05-21 13:38:44 [INFO] 开始执行目标检测...
2026-05-21 13:38:44 [INFO] 检测完成，找到 5 个物体
2026-05-21 13:38:44 [INFO] 物体 1: GasCyl1 (置信度: 0.87)
2026-05-21 13:38:44 [INFO] 物体 2: FireExt1 (置信度: 0.51)
2026-05-21 13:38:44 [INFO] 物体 3: FireExt1 (置信度: 0.49)
2026-05-21 13:38:44 [INFO] 物体 4: FireExt2 (置信度: 0.35)
2026-05-21 13:38:44 [INFO] 物体 5: GasCyl1 (置信度: 0.28)
2026-05-21 13:38:44 [INFO] 检测到车兜区域，将过滤区域外的目标
2026-05-21 13:38:44 [INFO] 车兜区域过滤: 5 -> 2 个目标
2026-05-21 13:38:44 [INFO] 准备保存检测结果到: C:\code\show\Scrap_Steel_In_Field\photos\dangerous_det\detection_20260521_133844.jpg
2026-05-21 13:38:44 [INFO] 图像形状: (2160, 3840, 3)
2026-05-21 13:38:44 [INFO] 图像数据类型: uint8
2026-05-21 13:38:44 [INFO] 图像最大值: 255
2026-05-21 13:38:44 [INFO] 图像最小值: 0
2026-05-21 13:38:44 [INFO] 开始保存检测结果图像: 图像尺寸=(2160, 3840, 3), 类型=uint8, 路径=C:\code\show\Scrap_Steel_In_Field\photos\dangerous_det\detection_20260521_133844.jpg
2026-05-21 13:38:44 [INFO] 成功保存检测结果到: C:\code\show\Scrap_Steel_In_Field\photos\dangerous_det\detection_20260521_133844.jpg
2026-05-21 13:38:44 [INFO] 保存的检测结果文件大小: 2522529 字节
2026-05-21 13:38:44 [INFO] 引擎上下文已释放
2026-05-21 13:38:44 [INFO] TensorRT 引擎已释放
2026-05-21 13:38:44 [INFO] 全局 CUDA 资源已释放
2026-05-21 13:38:44 [INFO] 检测系统资源已释放
2026-05-21 13:38:48 [INFO] CUDA 初始化成功
2026-05-21 13:38:48 [INFO] 引擎加载成功: dangerous.engine
2026-05-21 13:38:48 [INFO] 检测系统初始化成功
2026-05-21 13:38:48 [INFO] 图像预处理完成，原始尺寸: (2160, 3840)
2026-05-21 13:38:48 [INFO] 开始执行目标检测...
2026-05-21 13:38:48 [INFO] 检测完成，找到 5 个物体
2026-05-21 13:38:48 [INFO] 物体 1: GasCyl1 (置信度: 0.84)
2026-05-21 13:38:48 [INFO] 物体 2: FireExt1 (置信度: 0.50)
2026-05-21 13:38:48 [INFO] 物体 3: FireExt1 (置信度: 0.46)
2026-05-21 13:38:48 [INFO] 物体 4: FireExt1 (置信度: 0.34)
2026-05-21 13:38:48 [INFO] 物体 5: FireExt2 (置信度: 0.31)
2026-05-21 13:38:48 [INFO] 检测到车兜区域，将过滤区域外的目标
2026-05-21 13:38:48 [INFO] 车兜区域过滤: 5 -> 2 个目标
2026-05-21 13:38:48 [INFO] 准备保存检测结果到: C:\code\show\Scrap_Steel_In_Field\photos\dangerous_det\detection_20260521_133848.jpg
2026-05-21 13:38:48 [INFO] 图像形状: (2160, 3840, 3)
2026-05-21 13:38:48 [INFO] 图像数据类型: uint8
2026-05-21 13:38:48 [INFO] 图像最大值: 255
2026-05-21 13:38:48 [INFO] 图像最小值: 0
2026-05-21 13:38:48 [INFO] 开始保存检测结果图像: 图像尺寸=(2160, 3840, 3), 类型=uint8, 路径=C:\code\show\Scrap_Steel_In_Field\photos\dangerous_det\detection_20260521_133848.jpg
2026-05-21 13:38:48 [INFO] 成功保存检测结果到: C:\code\show\Scrap_Steel_In_Field\photos\dangerous_det\detection_20260521_133848.jpg
2026-05-21 13:38:48 [INFO] 保存的检测结果文件大小: 2527171 字节
2026-05-21 13:38:48 [INFO] 引擎上下文已释放
2026-05-21 13:38:48 [INFO] TensorRT 引擎已释放
2026-05-21 13:38:48 [INFO] 全局 CUDA 资源已释放
2026-05-21 13:38:48 [INFO] 检测系统资源已释放
2026-05-21 13:38:53 [INFO] CUDA 初始化成功
2026-05-21 13:38:53 [INFO] 引擎加载成功: dangerous.engine
2026-05-21 13:38:53 [INFO] 检测系统初始化成功
2026-05-21 13:38:53 [INFO] 图像预处理完成，原始尺寸: (2160, 3840)
2026-05-21 13:38:53 [INFO] 开始执行目标检测...
2026-05-21 13:38:53 [INFO] 检测完成，找到 5 个物体
2026-05-21 13:38:53 [INFO] 物体 1: GasCyl1 (置信度: 0.90)
2026-05-21 13:38:53 [INFO] 物体 2: FireExt1 (置信度: 0.49)
2026-05-21 13:38:53 [INFO] 物体 3: FireExt1 (置信度: 0.45)
2026-05-21 13:38:53 [INFO] 物体 4: FireExt2 (置信度: 0.28)
2026-05-21 13:38:53 [INFO] 物体 5: FireExt1 (置信度: 0.27)
2026-05-21 13:38:53 [INFO] 检测到车兜区域，将过滤区域外的目标
2026-05-21 13:38:53 [INFO] 车兜区域过滤: 5 -> 2 个目标
2026-05-21 13:38:53 [INFO] 准备保存检测结果到: C:\code\show\Scrap_Steel_In_Field\photos\dangerous_det\detection_20260521_133853.jpg
2026-05-21 13:38:53 [INFO] 图像形状: (2160, 3840, 3)
2026-05-21 13:38:53 [INFO] 图像数据类型: uint8
2026-05-21 13:38:53 [INFO] 图像最大值: 255
2026-05-21 13:38:53 [INFO] 图像最小值: 0
2026-05-21 13:38:53 [INFO] 开始保存检测结果图像: 图像尺寸=(2160, 3840, 3), 类型=uint8, 路径=C:\code\show\Scrap_Steel_In_Field\photos\dangerous_det\detection_20260521_133853.jpg
2026-05-21 13:38:53 [INFO] 成功保存检测结果到: C:\code\show\Scrap_Steel_In_Field\photos\dangerous_det\detection_20260521_133853.jpg
2026-05-21 13:38:53 [INFO] 保存的检测结果文件大小: 2532145 字节
2026-05-21 13:38:53 [INFO] 引擎上下文已释放
2026-05-21 13:38:53 [INFO] TensorRT 引擎已释放
2026-05-21 13:38:54 [INFO] 全局 CUDA 资源已释放
2026-05-21 13:38:54 [INFO] 检测系统资源已释放
2026-05-21 13:38:59 [INFO] CUDA 初始化成功
2026-05-21 13:38:59 [INFO] 引擎加载成功: dangerous.engine
2026-05-21 13:38:59 [INFO] 检测系统初始化成功
2026-05-21 13:38:59 [INFO] 图像预处理完成，原始尺寸: (2160, 3840)
2026-05-21 13:38:59 [INFO] 开始执行目标检测...
2026-05-21 13:38:59 [INFO] 检测完成，找到 4 个物体
2026-05-21 13:38:59 [INFO] 物体 1: GasCyl1 (置信度: 0.86)
2026-05-21 13:38:59 [INFO] 物体 2: FireExt1 (置信度: 0.50)
2026-05-21 13:38:59 [INFO] 物体 3: FireExt1 (置信度: 0.45)
2026-05-21 13:38:59 [INFO] 物体 4: FireExt2 (置信度: 0.37)
2026-05-21 13:38:59 [INFO] 检测到车兜区域，将过滤区域外的目标
2026-05-21 13:38:59 [INFO] 车兜区域过滤: 4 -> 2 个目标
2026-05-21 13:38:59 [INFO] 准备保存检测结果到: C:\code\show\Scrap_Steel_In_Field\photos\dangerous_det\detection_20260521_133859.jpg
2026-05-21 13:38:59 [INFO] 图像形状: (2160, 3840, 3)
2026-05-21 13:38:59 [INFO] 图像数据类型: uint8
2026-05-21 13:38:59 [INFO] 图像最大值: 255
2026-05-21 13:38:59 [INFO] 图像最小值: 0
2026-05-21 13:38:59 [INFO] 开始保存检测结果图像: 图像尺寸=(2160, 3840, 3), 类型=uint8, 路径=C:\code\show\Scrap_Steel_In_Field\photos\dangerous_det\detection_20260521_133859.jpg
2026-05-21 13:38:59 [INFO] 成功保存检测结果到: C:\code\show\Scrap_Steel_In_Field\photos\dangerous_det\detection_20260521_133859.jpg
2026-05-21 13:38:59 [INFO] 保存的检测结果文件大小: 2539607 字节
2026-05-21 13:38:59 [INFO] 引擎上下文已释放
2026-05-21 13:38:59 [INFO] TensorRT 引擎已释放
2026-05-21 13:38:59 [INFO] 全局 CUDA 资源已释放
2026-05-21 13:38:59 [INFO] 检测系统资源已释放
2026-05-21 13:39:04 [INFO] CUDA 初始化成功
2026-05-21 13:39:04 [INFO] 引擎加载成功: dangerous.engine
2026-05-21 13:39:04 [INFO] 检测系统初始化成功
2026-05-21 13:39:04 [INFO] 图像预处理完成，原始尺寸: (2160, 3840)
2026-05-21 13:39:04 [INFO] 开始执行目标检测...
2026-05-21 13:39:04 [INFO] 检测完成，找到 5 个物体
2026-05-21 13:39:04 [INFO] 物体 1: GasCyl1 (置信度: 0.87)
2026-05-21 13:39:04 [INFO] 物体 2: FireExt1 (置信度: 0.51)
2026-05-21 13:39:04 [INFO] 物体 3: FireExt1 (置信度: 0.47)
2026-05-21 13:39:04 [INFO] 物体 4: FireExt1 (置信度: 0.44)
2026-05-21 13:39:04 [INFO] 物体 5: FireExt2 (置信度: 0.31)
2026-05-21 13:39:04 [INFO] 检测到车兜区域，将过滤区域外的目标
2026-05-21 13:39:04 [INFO] 车兜区域过滤: 5 -> 2 个目标
2026-05-21 13:39:04 [INFO] 准备保存检测结果到: C:\code\show\Scrap_Steel_In_Field\photos\dangerous_det\detection_20260521_133904.jpg
2026-05-21 13:39:04 [INFO] 图像形状: (2160, 3840, 3)
2026-05-21 13:39:04 [INFO] 图像数据类型: uint8
2026-05-21 13:39:04 [INFO] 图像最大值: 255
2026-05-21 13:39:04 [INFO] 图像最小值: 0
2026-05-21 13:39:04 [INFO] 开始保存检测结果图像: 图像尺寸=(2160, 3840, 3), 类型=uint8, 路径=C:\code\show\Scrap_Steel_In_Field\photos\dangerous_det\detection_20260521_133904.jpg
2026-05-21 13:39:04 [INFO] 成功保存检测结果到: C:\code\show\Scrap_Steel_In_Field\photos\dangerous_det\detection_20260521_133904.jpg
2026-05-21 13:39:04 [INFO] 保存的检测结果文件大小: 2521838 字节
2026-05-21 13:39:04 [INFO] 引擎上下文已释放
2026-05-21 13:39:04 [INFO] TensorRT 引擎已释放
2026-05-21 13:39:04 [INFO] 全局 CUDA 资源已释放
2026-05-21 13:39:04 [INFO] 检测系统资源已释放
2026-05-21 13:39:10 [INFO] CUDA 初始化成功
2026-05-21 13:39:10 [INFO] 引擎加载成功: dangerous.engine
2026-05-21 13:39:10 [INFO] 检测系统初始化成功
2026-05-21 13:39:10 [INFO] 图像预处理完成，原始尺寸: (2160, 3840)
2026-05-21 13:39:10 [INFO] 开始执行目标检测...
2026-05-21 13:39:10 [INFO] 检测完成，找到 4 个物体
2026-05-21 13:39:10 [INFO] 物体 1: GasCyl1 (置信度: 0.88)
2026-05-21 13:39:10 [INFO] 物体 2: FireExt1 (置信度: 0.49)
2026-05-21 13:39:10 [INFO] 物体 3: FireExt1 (置信度: 0.46)
2026-05-21 13:39:10 [INFO] 物体 4: FireExt2 (置信度: 0.28)
2026-05-21 13:39:10 [INFO] 检测到车兜区域，将过滤区域外的目标
2026-05-21 13:39:10 [INFO] 车兜区域过滤: 4 -> 2 个目标
2026-05-21 13:39:10 [INFO] 准备保存检测结果到: C:\code\show\Scrap_Steel_In_Field\photos\dangerous_det\detection_20260521_133910.jpg
2026-05-21 13:39:10 [INFO] 图像形状: (2160, 3840, 3)
2026-05-21 13:39:10 [INFO] 图像数据类型: uint8
2026-05-21 13:39:10 [INFO] 图像最大值: 255
2026-05-21 13:39:10 [INFO] 图像最小值: 0
2026-05-21 13:39:10 [INFO] 开始保存检测结果图像: 图像尺寸=(2160, 3840, 3), 类型=uint8, 路径=C:\code\show\Scrap_Steel_In_Field\photos\dangerous_det\detection_20260521_133910.jpg
2026-05-21 13:39:10 [INFO] 成功保存检测结果到: C:\code\show\Scrap_Steel_In_Field\photos\dangerous_det\detection_20260521_133910.jpg
2026-05-21 13:39:10 [INFO] 保存的检测结果文件大小: 2525339 字节
2026-05-21 13:39:10 [INFO] 引擎上下文已释放
2026-05-21 13:39:10 [INFO] TensorRT 引擎已释放
2026-05-21 13:39:10 [INFO] 全局 CUDA 资源已释放
2026-05-21 13:39:10 [INFO] 检测系统资源已释放
