2026-06-21 15:20:09 [INFO] CUDA 初始化成功
2026-06-21 15:20:09 [INFO] 引擎加载成功: dangerous.engine
2026-06-21 15:20:09 [INFO] 检测系统初始化成功
2026-06-21 15:20:12 [INFO] 引擎加载成功: dangerous.engine
2026-06-21 15:20:12 [INFO] 检测系统初始化成功
2026-06-21 15:20:12 [INFO] 图像预处理完成，原始尺寸: (2160, 3840)
2026-06-21 15:20:12 [INFO] 开始执行目标检测...
2026-06-21 15:20:12 [INFO] 检测完成，找到 0 个物体
2026-06-21 15:20:12 [INFO] 检测到车兜区域，将过滤区域外的目标
2026-06-21 15:20:12 [INFO] 引擎上下文已释放
2026-06-21 15:20:12 [INFO] TensorRT 引擎已释放
2026-06-21 15:20:12 [INFO] 全局 CUDA 资源已释放
2026-06-21 15:20:12 [INFO] 检测系统资源已释放
2026-06-21 15:20:17 [INFO] CUDA 初始化成功
2026-06-21 15:20:17 [INFO] 引擎加载成功: dangerous.engine
2026-06-21 15:20:17 [INFO] 检测系统初始化成功
2026-06-21 15:20:17 [INFO] 图像预处理完成，原始尺寸: (2160, 3840)
2026-06-21 15:20:17 [INFO] 开始执行目标检测...
2026-06-21 15:20:17 [INFO] 检测完成，找到 3 个物体
2026-06-21 15:20:17 [INFO] 物体 1: GasCyl1 (置信度: 0.87)
2026-06-21 15:20:17 [INFO] 物体 2: FireExt1 (置信度: 0.55)
2026-06-21 15:20:17 [INFO] 物体 3: FireExt1 (置信度: 0.36)
2026-06-21 15:20:17 [INFO] 检测到车兜区域，将过滤区域外的目标
2026-06-21 15:20:17 [INFO] 准备保存检测结果到: C:\code\show\Scrap_Steel_In_Field\photos\dangerous_det\detection_20260621_152017.jpg
2026-06-21 15:20:17 [INFO] 图像形状: (2160, 3840, 3)
2026-06-21 15:20:17 [INFO] 图像数据类型: uint8
2026-06-21 15:20:17 [INFO] 图像最大值: 255
2026-06-21 15:20:17 [INFO] 图像最小值: 0
2026-06-21 15:20:17 [INFO] 开始保存检测结果图像: 图像尺寸=(2160, 3840, 3), 类型=uint8, 路径=C:\code\show\Scrap_Steel_In_Field\photos\dangerous_det\detection_20260621_152017.jpg
2026-06-21 15:20:17 [INFO] 成功保存检测结果到: C:\code\show\Scrap_Steel_In_Field\photos\dangerous_det\detection_20260621_152017.jpg
2026-06-21 15:20:17 [INFO] 保存的检测结果文件大小: 2015539 字节
2026-06-21 15:20:17 [INFO] 引擎上下文已释放
2026-06-21 15:20:17 [INFO] TensorRT 引擎已释放
2026-06-21 15:20:17 [INFO] 全局 CUDA 资源已释放
2026-06-21 15:20:17 [INFO] 检测系统资源已释放
2026-06-21 15:20:22 [INFO] CUDA 初始化成功
2026-06-21 15:20:22 [INFO] 引擎加载成功: dangerous.engine
2026-06-21 15:20:22 [INFO] 检测系统初始化成功
2026-06-21 15:20:22 [INFO] 图像预处理完成，原始尺寸: (2160, 3840)
2026-06-21 15:20:22 [INFO] 开始执行目标检测...
2026-06-21 15:20:22 [INFO] 检测完成，找到 3 个物体
2026-06-21 15:20:22 [INFO] 物体 1: GasCyl1 (置信度: 0.86)
2026-06-21 15:20:22 [INFO] 物体 2: FireExt1 (置信度: 0.56)
2026-06-21 15:20:22 [INFO] 物体 3: FireExt1 (置信度: 0.38)
2026-06-21 15:20:22 [INFO] 检测到车兜区域，将过滤区域外的目标
2026-06-21 15:20:22 [INFO] 准备保存检测结果到: C:\code\show\Scrap_Steel_In_Field\photos\dangerous_det\detection_20260621_152022.jpg
2026-06-21 15:20:22 [INFO] 图像形状: (2160, 3840, 3)
2026-06-21 15:20:22 [INFO] 图像数据类型: uint8
2026-06-21 15:20:22 [INFO] 图像最大值: 255
2026-06-21 15:20:22 [INFO] 图像最小值: 0
2026-06-21 15:20:22 [INFO] 开始保存检测结果图像: 图像尺寸=(2160, 3840, 3), 类型=uint8, 路径=C:\code\show\Scrap_Steel_In_Field\photos\dangerous_det\detection_20260621_152022.jpg
2026-06-21 15:20:22 [INFO] 成功保存检测结果到: C:\code\show\Scrap_Steel_In_Field\photos\dangerous_det\detection_20260621_152022.jpg
2026-06-21 15:20:22 [INFO] 保存的检测结果文件大小: 1997726 字节
2026-06-21 15:20:22 [INFO] 引擎上下文已释放
2026-06-21 15:20:22 [INFO] TensorRT 引擎已释放
2026-06-21 15:20:23 [INFO] 全局 CUDA 资源已释放
2026-06-21 15:20:23 [INFO] 检测系统资源已释放
2026-06-21 15:20:29 [INFO] CUDA 初始化成功
2026-06-21 15:20:29 [INFO] 引擎加载成功: dangerous.engine
2026-06-21 15:20:29 [INFO] 检测系统初始化成功
2026-06-21 15:20:29 [INFO] 图像预处理完成，原始尺寸: (2160, 3840)
2026-06-21 15:20:29 [INFO] 开始执行目标检测...
2026-06-21 15:20:29 [INFO] 检测完成，找到 3 个物体
2026-06-21 15:20:29 [INFO] 物体 1: GasCyl1 (置信度: 0.83)
2026-06-21 15:20:29 [INFO] 物体 2: FireExt1 (置信度: 0.55)
2026-06-21 15:20:29 [INFO] 物体 3: FireExt1 (置信度: 0.35)
2026-06-21 15:20:29 [INFO] 检测到车兜区域，将过滤区域外的目标
2026-06-21 15:20:29 [INFO] 准备保存检测结果到: C:\code\show\Scrap_Steel_In_Field\photos\dangerous_det\detection_20260621_152029.jpg
2026-06-21 15:20:29 [INFO] 图像形状: (2160, 3840, 3)
2026-06-21 15:20:29 [INFO] 图像数据类型: uint8
2026-06-21 15:20:29 [INFO] 图像最大值: 255
2026-06-21 15:20:29 [INFO] 图像最小值: 0
2026-06-21 15:20:29 [INFO] 开始保存检测结果图像: 图像尺寸=(2160, 3840, 3), 类型=uint8, 路径=C:\code\show\Scrap_Steel_In_Field\photos\dangerous_det\detection_20260621_152029.jpg
2026-06-21 15:20:30 [INFO] 成功保存检测结果到: C:\code\show\Scrap_Steel_In_Field\photos\dangerous_det\detection_20260621_152029.jpg
2026-06-21 15:20:30 [INFO] 保存的检测结果文件大小: 2027029 字节
2026-06-21 15:20:30 [INFO] 引擎上下文已释放
2026-06-21 15:20:30 [INFO] TensorRT 引擎已释放
2026-06-21 15:20:30 [INFO] 全局 CUDA 资源已释放
2026-06-21 15:20:30 [INFO] 检测系统资源已释放
2026-06-21 15:20:34 [INFO] CUDA 初始化成功
2026-06-21 15:20:34 [INFO] 引擎加载成功: dangerous.engine
2026-06-21 15:20:34 [INFO] 检测系统初始化成功
2026-06-21 15:20:34 [INFO] 图像预处理完成，原始尺寸: (2160, 3840)
2026-06-21 15:20:34 [INFO] 开始执行目标检测...
2026-06-21 15:20:34 [INFO] 检测完成，找到 3 个物体
2026-06-21 15:20:34 [INFO] 物体 1: GasCyl1 (置信度: 0.85)
2026-06-21 15:20:34 [INFO] 物体 2: FireExt1 (置信度: 0.55)
2026-06-21 15:20:34 [INFO] 物体 3: FireExt1 (置信度: 0.42)
2026-06-21 15:20:34 [INFO] 检测到车兜区域，将过滤区域外的目标
2026-06-21 15:20:34 [INFO] 准备保存检测结果到: C:\code\show\Scrap_Steel_In_Field\photos\dangerous_det\detection_20260621_152034.jpg
2026-06-21 15:20:34 [INFO] 图像形状: (2160, 3840, 3)
2026-06-21 15:20:34 [INFO] 图像数据类型: uint8
2026-06-21 15:20:34 [INFO] 图像最大值: 255
2026-06-21 15:20:34 [INFO] 图像最小值: 0
2026-06-21 15:20:34 [INFO] 开始保存检测结果图像: 图像尺寸=(2160, 3840, 3), 类型=uint8, 路径=C:\code\show\Scrap_Steel_In_Field\photos\dangerous_det\detection_20260621_152034.jpg
2026-06-21 15:20:34 [INFO] 成功保存检测结果到: C:\code\show\Scrap_Steel_In_Field\photos\dangerous_det\detection_20260621_152034.jpg
2026-06-21 15:20:34 [INFO] 保存的检测结果文件大小: 2002123 字节
2026-06-21 15:20:34 [INFO] 引擎上下文已释放
2026-06-21 15:20:34 [INFO] TensorRT 引擎已释放
2026-06-21 15:20:34 [INFO] 全局 CUDA 资源已释放
2026-06-21 15:20:34 [INFO] 检测系统资源已释放
2026-06-21 15:20:39 [INFO] CUDA 初始化成功
2026-06-21 15:20:39 [INFO] 引擎加载成功: dangerous.engine
2026-06-21 15:20:39 [INFO] 检测系统初始化成功
2026-06-21 15:20:39 [INFO] 图像预处理完成，原始尺寸: (2160, 3840)
2026-06-21 15:20:39 [INFO] 开始执行目标检测...
2026-06-21 15:20:39 [INFO] 检测完成，找到 2 个物体
2026-06-21 15:20:39 [INFO] 物体 1: GasCyl1 (置信度: 0.78)
2026-06-21 15:20:39 [INFO] 物体 2: FireExt1 (置信度: 0.51)
2026-06-21 15:20:39 [INFO] 准备保存检测结果到: C:\code\show\Scrap_Steel_In_Field\photos\dangerous_det\detection_20260621_152039.jpg
2026-06-21 15:20:40 [INFO] 图像形状: (2160, 3840, 3)
2026-06-21 15:20:40 [INFO] 图像数据类型: uint8
2026-06-21 15:20:40 [INFO] 图像最大值: 255
2026-06-21 15:20:40 [INFO] 图像最小值: 0
2026-06-21 15:20:40 [INFO] 开始保存检测结果图像: 图像尺寸=(2160, 3840, 3), 类型=uint8, 路径=C:\code\show\Scrap_Steel_In_Field\photos\dangerous_det\detection_20260621_152039.jpg
2026-06-21 15:20:40 [INFO] 成功保存检测结果到: C:\code\show\Scrap_Steel_In_Field\photos\dangerous_det\detection_20260621_152039.jpg
2026-06-21 15:20:40 [INFO] 保存的检测结果文件大小: 1801597 字节
2026-06-21 15:20:40 [INFO] 引擎上下文已释放
2026-06-21 15:20:40 [INFO] TensorRT 引擎已释放
2026-06-21 15:20:40 [INFO] 全局 CUDA 资源已释放
2026-06-21 15:20:40 [INFO] 检测系统资源已释放
2026-06-21 15:20:44 [INFO] CUDA 初始化成功
2026-06-21 15:20:45 [INFO] 引擎加载成功: dangerous.engine
2026-06-21 15:20:45 [INFO] 检测系统初始化成功
2026-06-21 15:20:45 [INFO] 图像预处理完成，原始尺寸: (2160, 3840)
2026-06-21 15:20:45 [INFO] 开始执行目标检测...
2026-06-21 15:20:45 [INFO] 检测完成，找到 0 个物体
2026-06-21 15:20:45 [INFO] 引擎上下文已释放
2026-06-21 15:20:45 [INFO] TensorRT 引擎已释放
2026-06-21 15:20:45 [INFO] 全局 CUDA 资源已释放
2026-06-21 15:20:45 [INFO] 检测系统资源已释放
2026-06-21 15:20:50 [INFO] CUDA 初始化成功
2026-06-21 15:20:50 [INFO] 引擎加载成功: dangerous.engine
2026-06-21 15:20:50 [INFO] 检测系统初始化成功
2026-06-21 15:20:50 [INFO] 图像预处理完成，原始尺寸: (2160, 3840)
2026-06-21 15:20:50 [INFO] 开始执行目标检测...
2026-06-21 15:20:50 [INFO] 检测完成，找到 3 个物体
2026-06-21 15:20:50 [INFO] 物体 1: GasCyl1 (置信度: 0.84)
2026-06-21 15:20:50 [INFO] 物体 2: FireExt1 (置信度: 0.58)
2026-06-21 15:20:50 [INFO] 物体 3: FireExt1 (置信度: 0.39)
2026-06-21 15:20:50 [INFO] 检测到车兜区域，将过滤区域外的目标
2026-06-21 15:20:50 [INFO] 准备保存检测结果到: C:\code\show\Scrap_Steel_In_Field\photos\dangerous_det\detection_20260621_152050.jpg
2026-06-21 15:20:50 [INFO] 图像形状: (2160, 3840, 3)
2026-06-21 15:20:50 [INFO] 图像数据类型: uint8
2026-06-21 15:20:50 [INFO] 图像最大值: 255
2026-06-21 15:20:50 [INFO] 图像最小值: 0
2026-06-21 15:20:50 [INFO] 开始保存检测结果图像: 图像尺寸=(2160, 3840, 3), 类型=uint8, 路径=C:\code\show\Scrap_Steel_In_Field\photos\dangerous_det\detection_20260621_152050.jpg
2026-06-21 15:20:50 [INFO] 成功保存检测结果到: C:\code\show\Scrap_Steel_In_Field\photos\dangerous_det\detection_20260621_152050.jpg
2026-06-21 15:20:50 [INFO] 保存的检测结果文件大小: 1933003 字节
2026-06-21 15:20:50 [INFO] 引擎上下文已释放
2026-06-21 15:20:50 [INFO] TensorRT 引擎已释放
2026-06-21 15:20:50 [INFO] 全局 CUDA 资源已释放
2026-06-21 15:20:50 [INFO] 检测系统资源已释放
2026-06-21 15:20:55 [INFO] CUDA 初始化成功
2026-06-21 15:20:55 [INFO] 引擎加载成功: dangerous.engine
2026-06-21 15:20:55 [INFO] 检测系统初始化成功
2026-06-21 15:20:55 [INFO] 图像预处理完成，原始尺寸: (2160, 3840)
2026-06-21 15:20:55 [INFO] 开始执行目标检测...
2026-06-21 15:20:55 [INFO] 检测完成，找到 3 个物体
2026-06-21 15:20:55 [INFO] 物体 1: GasCyl1 (置信度: 0.86)
2026-06-21 15:20:55 [INFO] 物体 2: GasCyl1 (置信度: 0.61)
2026-06-21 15:20:55 [INFO] 物体 3: FireExt1 (置信度: 0.55)
2026-06-21 15:20:55 [INFO] 检测到车兜区域，将过滤区域外的目标
2026-06-21 15:20:55 [INFO] 车兜区域过滤: 3 -> 2 个目标
2026-06-21 15:20:55 [INFO] 准备保存检测结果到: C:\code\show\Scrap_Steel_In_Field\photos\dangerous_det\detection_20260621_152055.jpg
2026-06-21 15:20:55 [INFO] 图像形状: (2160, 3840, 3)
2026-06-21 15:20:55 [INFO] 图像数据类型: uint8
2026-06-21 15:20:55 [INFO] 图像最大值: 255
2026-06-21 15:20:55 [INFO] 图像最小值: 0
2026-06-21 15:20:55 [INFO] 开始保存检测结果图像: 图像尺寸=(2160, 3840, 3), 类型=uint8, 路径=C:\code\show\Scrap_Steel_In_Field\photos\dangerous_det\detection_20260621_152055.jpg
2026-06-21 15:20:55 [INFO] 成功保存检测结果到: C:\code\show\Scrap_Steel_In_Field\photos\dangerous_det\detection_20260621_152055.jpg
2026-06-21 15:20:55 [INFO] 保存的检测结果文件大小: 1996471 字节
2026-06-21 15:20:55 [INFO] 引擎上下文已释放
2026-06-21 15:20:55 [INFO] TensorRT 引擎已释放
2026-06-21 15:20:55 [INFO] 全局 CUDA 资源已释放
2026-06-21 15:20:55 [INFO] 检测系统资源已释放
2026-06-21 15:21:00 [INFO] CUDA 初始化成功
2026-06-21 15:21:00 [INFO] 引擎加载成功: dangerous.engine
2026-06-21 15:21:00 [INFO] 检测系统初始化成功
2026-06-21 15:21:00 [INFO] 图像预处理完成，原始尺寸: (2160, 3840)
2026-06-21 15:21:00 [INFO] 开始执行目标检测...
2026-06-21 15:21:01 [INFO] 检测完成，找到 2 个物体
2026-06-21 15:21:01 [INFO] 物体 1: GasCyl1 (置信度: 0.76)
2026-06-21 15:21:01 [INFO] 物体 2: FireExt1 (置信度: 0.46)
2026-06-21 15:21:01 [INFO] 准备保存检测结果到: C:\code\show\Scrap_Steel_In_Field\photos\dangerous_det\detection_20260621_152101.jpg
2026-06-21 15:21:01 [INFO] 图像形状: (2160, 3840, 3)
2026-06-21 15:21:01 [INFO] 图像数据类型: uint8
2026-06-21 15:21:01 [INFO] 图像最大值: 255
2026-06-21 15:21:01 [INFO] 图像最小值: 0
2026-06-21 15:21:01 [INFO] 开始保存检测结果图像: 图像尺寸=(2160, 3840, 3), 类型=uint8, 路径=C:\code\show\Scrap_Steel_In_Field\photos\dangerous_det\detection_20260621_152101.jpg
2026-06-21 15:21:01 [INFO] 成功保存检测结果到: C:\code\show\Scrap_Steel_In_Field\photos\dangerous_det\detection_20260621_152101.jpg
2026-06-21 15:21:01 [INFO] 保存的检测结果文件大小: 1400896 字节
2026-06-21 15:21:01 [INFO] 引擎上下文已释放
2026-06-21 15:21:01 [INFO] TensorRT 引擎已释放
2026-06-21 15:21:01 [INFO] 全局 CUDA 资源已释放
2026-06-21 15:21:01 [INFO] 检测系统资源已释放
2026-06-21 15:21:05 [INFO] CUDA 初始化成功
2026-06-21 15:21:05 [INFO] 引擎加载成功: dangerous.engine
2026-06-21 15:21:05 [INFO] 检测系统初始化成功
2026-06-21 15:21:06 [INFO] 图像预处理完成，原始尺寸: (2160, 3840)
2026-06-21 15:21:06 [INFO] 开始执行目标检测...
2026-06-21 15:21:06 [INFO] 检测完成，找到 2 个物体
2026-06-21 15:21:06 [INFO] 物体 1: GasCyl1 (置信度: 0.81)
2026-06-21 15:21:06 [INFO] 物体 2: FireExt1 (置信度: 0.56)
2026-06-21 15:21:06 [INFO] 检测到车兜区域，将过滤区域外的目标
2026-06-21 15:21:06 [INFO] 准备保存检测结果到: C:\code\show\Scrap_Steel_In_Field\photos\dangerous_det\detection_20260621_152106.jpg
2026-06-21 15:21:06 [INFO] 图像形状: (2160, 3840, 3)
2026-06-21 15:21:06 [INFO] 图像数据类型: uint8
2026-06-21 15:21:06 [INFO] 图像最大值: 255
2026-06-21 15:21:06 [INFO] 图像最小值: 0
2026-06-21 15:21:06 [INFO] 开始保存检测结果图像: 图像尺寸=(2160, 3840, 3), 类型=uint8, 路径=C:\code\show\Scrap_Steel_In_Field\photos\dangerous_det\detection_20260621_152106.jpg
2026-06-21 15:21:06 [INFO] 成功保存检测结果到: C:\code\show\Scrap_Steel_In_Field\photos\dangerous_det\detection_20260621_152106.jpg
2026-06-21 15:21:06 [INFO] 保存的检测结果文件大小: 1851378 字节
2026-06-21 15:21:06 [INFO] 引擎上下文已释放
2026-06-21 15:21:06 [INFO] TensorRT 引擎已释放
2026-06-21 15:21:06 [INFO] 全局 CUDA 资源已释放
2026-06-21 15:21:06 [INFO] 检测系统资源已释放
2026-06-21 15:21:11 [INFO] CUDA 初始化成功
2026-06-21 15:21:11 [INFO] 引擎加载成功: dangerous.engine
2026-06-21 15:21:11 [INFO] 检测系统初始化成功
2026-06-21 15:21:11 [INFO] 图像预处理完成，原始尺寸: (2160, 3840)
2026-06-21 15:21:11 [INFO] 开始执行目标检测...
2026-06-21 15:21:11 [INFO] 检测完成，找到 2 个物体
2026-06-21 15:21:11 [INFO] 物体 1: GasCyl1 (置信度: 0.83)
2026-06-21 15:21:11 [INFO] 物体 2: FireExt1 (置信度: 0.56)
2026-06-21 15:21:11 [INFO] 检测到车兜区域，将过滤区域外的目标
2026-06-21 15:21:11 [INFO] 准备保存检测结果到: C:\code\show\Scrap_Steel_In_Field\photos\dangerous_det\detection_20260621_152111.jpg
2026-06-21 15:21:11 [INFO] 图像形状: (2160, 3840, 3)
2026-06-21 15:21:11 [INFO] 图像数据类型: uint8
2026-06-21 15:21:11 [INFO] 图像最大值: 255
2026-06-21 15:21:11 [INFO] 图像最小值: 0
2026-06-21 15:21:11 [INFO] 开始保存检测结果图像: 图像尺寸=(2160, 3840, 3), 类型=uint8, 路径=C:\code\show\Scrap_Steel_In_Field\photos\dangerous_det\detection_20260621_152111.jpg
2026-06-21 15:21:11 [INFO] 成功保存检测结果到: C:\code\show\Scrap_Steel_In_Field\photos\dangerous_det\detection_20260621_152111.jpg
2026-06-21 15:21:11 [INFO] 保存的检测结果文件大小: 1990772 字节
2026-06-21 15:21:11 [INFO] 引擎上下文已释放
2026-06-21 15:21:11 [INFO] TensorRT 引擎已释放
2026-06-21 15:21:11 [INFO] 全局 CUDA 资源已释放
2026-06-21 15:21:11 [INFO] 检测系统资源已释放
2026-06-21 15:21:16 [INFO] CUDA 初始化成功
2026-06-21 15:21:16 [INFO] 引擎加载成功: dangerous.engine
2026-06-21 15:21:16 [INFO] 检测系统初始化成功
2026-06-21 15:21:16 [INFO] 图像预处理完成，原始尺寸: (2160, 3840)
2026-06-21 15:21:16 [INFO] 开始执行目标检测...
2026-06-21 15:21:16 [INFO] 检测完成，找到 2 个物体
2026-06-21 15:21:16 [INFO] 物体 1: GasCyl1 (置信度: 0.85)
2026-06-21 15:21:16 [INFO] 物体 2: FireExt1 (置信度: 0.55)
2026-06-21 15:21:16 [INFO] 检测到车兜区域，将过滤区域外的目标
2026-06-21 15:21:16 [INFO] 准备保存检测结果到: C:\code\show\Scrap_Steel_In_Field\photos\dangerous_det\detection_20260621_152116.jpg
2026-06-21 15:21:16 [INFO] 图像形状: (2160, 3840, 3)
2026-06-21 15:21:16 [INFO] 图像数据类型: uint8
2026-06-21 15:21:16 [INFO] 图像最大值: 255
2026-06-21 15:21:16 [INFO] 图像最小值: 0
2026-06-21 15:21:16 [INFO] 开始保存检测结果图像: 图像尺寸=(2160, 3840, 3), 类型=uint8, 路径=C:\code\show\Scrap_Steel_In_Field\photos\dangerous_det\detection_20260621_152116.jpg
2026-06-21 15:21:16 [INFO] 成功保存检测结果到: C:\code\show\Scrap_Steel_In_Field\photos\dangerous_det\detection_20260621_152116.jpg
2026-06-21 15:21:16 [INFO] 保存的检测结果文件大小: 1996049 字节
2026-06-21 15:21:16 [INFO] 引擎上下文已释放
2026-06-21 15:21:16 [INFO] TensorRT 引擎已释放
2026-06-21 15:21:16 [INFO] 全局 CUDA 资源已释放
2026-06-21 15:21:16 [INFO] 检测系统资源已释放
2026-06-21 15:21:21 [INFO] CUDA 初始化成功
2026-06-21 15:21:21 [INFO] 引擎加载成功: dangerous.engine
2026-06-21 15:21:21 [INFO] 检测系统初始化成功
2026-06-21 15:21:21 [INFO] 图像预处理完成，原始尺寸: (2160, 3840)
2026-06-21 15:21:21 [INFO] 开始执行目标检测...
2026-06-21 15:21:21 [INFO] 检测完成，找到 2 个物体
2026-06-21 15:21:21 [INFO] 物体 1: GasCyl1 (置信度: 0.83)
2026-06-21 15:21:21 [INFO] 物体 2: FireExt1 (置信度: 0.52)
2026-06-21 15:21:21 [INFO] 检测到车兜区域，将过滤区域外的目标
2026-06-21 15:21:21 [INFO] 准备保存检测结果到: C:\code\show\Scrap_Steel_In_Field\photos\dangerous_det\detection_20260621_152121.jpg
2026-06-21 15:21:21 [INFO] 图像形状: (2160, 3840, 3)
2026-06-21 15:21:21 [INFO] 图像数据类型: uint8
2026-06-21 15:21:21 [INFO] 图像最大值: 255
2026-06-21 15:21:21 [INFO] 图像最小值: 0
2026-06-21 15:21:21 [INFO] 开始保存检测结果图像: 图像尺寸=(2160, 3840, 3), 类型=uint8, 路径=C:\code\show\Scrap_Steel_In_Field\photos\dangerous_det\detection_20260621_152121.jpg
2026-06-21 15:21:21 [INFO] 成功保存检测结果到: C:\code\show\Scrap_Steel_In_Field\photos\dangerous_det\detection_20260621_152121.jpg
2026-06-21 15:21:21 [INFO] 保存的检测结果文件大小: 1992403 字节
2026-06-21 15:21:21 [INFO] 引擎上下文已释放
2026-06-21 15:21:21 [INFO] TensorRT 引擎已释放
2026-06-21 15:21:22 [INFO] 全局 CUDA 资源已释放
2026-06-21 15:21:22 [INFO] 检测系统资源已释放
2026-06-21 15:21:26 [INFO] CUDA 初始化成功
2026-06-21 15:21:26 [INFO] 引擎加载成功: dangerous.engine
2026-06-21 15:21:26 [INFO] 检测系统初始化成功
2026-06-21 15:21:26 [INFO] 图像预处理完成，原始尺寸: (2160, 3840)
2026-06-21 15:21:26 [INFO] 开始执行目标检测...
2026-06-21 15:21:26 [INFO] 检测完成，找到 2 个物体
2026-06-21 15:21:26 [INFO] 物体 1: GasCyl1 (置信度: 0.83)
2026-06-21 15:21:26 [INFO] 物体 2: FireExt1 (置信度: 0.56)
2026-06-21 15:21:26 [INFO] 检测到车兜区域，将过滤区域外的目标
2026-06-21 15:21:26 [INFO] 准备保存检测结果到: C:\code\show\Scrap_Steel_In_Field\photos\dangerous_det\detection_20260621_152126.jpg
2026-06-21 15:21:26 [INFO] 图像形状: (2160, 3840, 3)
2026-06-21 15:21:26 [INFO] 图像数据类型: uint8
2026-06-21 15:21:26 [INFO] 图像最大值: 255
2026-06-21 15:21:26 [INFO] 图像最小值: 0
2026-06-21 15:21:26 [INFO] 开始保存检测结果图像: 图像尺寸=(2160, 3840, 3), 类型=uint8, 路径=C:\code\show\Scrap_Steel_In_Field\photos\dangerous_det\detection_20260621_152126.jpg
2026-06-21 15:21:27 [INFO] 成功保存检测结果到: C:\code\show\Scrap_Steel_In_Field\photos\dangerous_det\detection_20260621_152126.jpg
2026-06-21 15:21:27 [INFO] 保存的检测结果文件大小: 1998996 字节
2026-06-21 15:21:27 [INFO] 引擎上下文已释放
2026-06-21 15:21:27 [INFO] TensorRT 引擎已释放
2026-06-21 15:21:27 [INFO] 全局 CUDA 资源已释放
2026-06-21 15:21:27 [INFO] 检测系统资源已释放
2026-06-21 15:21:32 [INFO] CUDA 初始化成功
2026-06-21 15:21:32 [INFO] 引擎加载成功: dangerous.engine
2026-06-21 15:21:32 [INFO] 检测系统初始化成功
2026-06-21 15:21:32 [INFO] 图像预处理完成，原始尺寸: (2160, 3840)
2026-06-21 15:21:32 [INFO] 开始执行目标检测...
2026-06-21 15:21:32 [INFO] 检测完成，找到 2 个物体
2026-06-21 15:21:32 [INFO] 物体 1: GasCyl1 (置信度: 0.83)
2026-06-21 15:21:32 [INFO] 物体 2: FireExt1 (置信度: 0.56)
2026-06-21 15:21:32 [INFO] 检测到车兜区域，将过滤区域外的目标
2026-06-21 15:21:32 [INFO] 准备保存检测结果到: C:\code\show\Scrap_Steel_In_Field\photos\dangerous_det\detection_20260621_152132.jpg
2026-06-21 15:21:32 [INFO] 图像形状: (2160, 3840, 3)
2026-06-21 15:21:32 [INFO] 图像数据类型: uint8
2026-06-21 15:21:32 [INFO] 图像最大值: 255
2026-06-21 15:21:32 [INFO] 图像最小值: 0
2026-06-21 15:21:32 [INFO] 开始保存检测结果图像: 图像尺寸=(2160, 3840, 3), 类型=uint8, 路径=C:\code\show\Scrap_Steel_In_Field\photos\dangerous_det\detection_20260621_152132.jpg
2026-06-21 15:21:32 [INFO] 成功保存检测结果到: C:\code\show\Scrap_Steel_In_Field\photos\dangerous_det\detection_20260621_152132.jpg
2026-06-21 15:21:32 [INFO] 保存的检测结果文件大小: 1991654 字节
2026-06-21 15:21:32 [INFO] 引擎上下文已释放
2026-06-21 15:21:32 [INFO] TensorRT 引擎已释放
2026-06-21 15:21:32 [INFO] 全局 CUDA 资源已释放
2026-06-21 15:21:32 [INFO] 检测系统资源已释放
2026-06-21 15:21:37 [INFO] CUDA 初始化成功
2026-06-21 15:21:37 [INFO] 引擎加载成功: dangerous.engine
2026-06-21 15:21:37 [INFO] 检测系统初始化成功
2026-06-21 15:21:37 [INFO] 图像预处理完成，原始尺寸: (2160, 3840)
2026-06-21 15:21:37 [INFO] 开始执行目标检测...
2026-06-21 15:21:37 [INFO] 检测完成，找到 2 个物体
2026-06-21 15:21:37 [INFO] 物体 1: GasCyl1 (置信度: 0.84)
2026-06-21 15:21:37 [INFO] 物体 2: FireExt1 (置信度: 0.53)
2026-06-21 15:21:37 [INFO] 检测到车兜区域，将过滤区域外的目标
2026-06-21 15:21:37 [INFO] 准备保存检测结果到: C:\code\show\Scrap_Steel_In_Field\photos\dangerous_det\detection_20260621_152137.jpg
2026-06-21 15:21:37 [INFO] 图像形状: (2160, 3840, 3)
2026-06-21 15:21:37 [INFO] 图像数据类型: uint8
2026-06-21 15:21:37 [INFO] 图像最大值: 255
2026-06-21 15:21:37 [INFO] 图像最小值: 0
2026-06-21 15:21:37 [INFO] 开始保存检测结果图像: 图像尺寸=(2160, 3840, 3), 类型=uint8, 路径=C:\code\show\Scrap_Steel_In_Field\photos\dangerous_det\detection_20260621_152137.jpg
2026-06-21 15:21:37 [INFO] 成功保存检测结果到: C:\code\show\Scrap_Steel_In_Field\photos\dangerous_det\detection_20260621_152137.jpg
2026-06-21 15:21:37 [INFO] 保存的检测结果文件大小: 1965404 字节
2026-06-21 15:21:37 [INFO] 引擎上下文已释放
2026-06-21 15:21:37 [INFO] TensorRT 引擎已释放
2026-06-21 15:21:37 [INFO] 全局 CUDA 资源已释放
2026-06-21 15:21:37 [INFO] 检测系统资源已释放
2026-06-21 15:21:42 [INFO] CUDA 初始化成功
2026-06-21 15:21:42 [INFO] 引擎加载成功: dangerous.engine
2026-06-21 15:21:42 [INFO] 检测系统初始化成功
2026-06-21 15:21:42 [INFO] 图像预处理完成，原始尺寸: (2160, 3840)
2026-06-21 15:21:42 [INFO] 开始执行目标检测...
2026-06-21 15:21:42 [INFO] 检测完成，找到 2 个物体
2026-06-21 15:21:42 [INFO] 物体 1: GasCyl1 (置信度: 0.84)
2026-06-21 15:21:42 [INFO] 物体 2: FireExt1 (置信度: 0.53)
2026-06-21 15:21:42 [INFO] 检测到车兜区域，将过滤区域外的目标
2026-06-21 15:21:42 [INFO] 准备保存检测结果到: C:\code\show\Scrap_Steel_In_Field\photos\dangerous_det\detection_20260621_152142.jpg
2026-06-21 15:21:42 [INFO] 图像形状: (2160, 3840, 3)
2026-06-21 15:21:42 [INFO] 图像数据类型: uint8
2026-06-21 15:21:43 [INFO] 图像最大值: 255
2026-06-21 15:21:43 [INFO] 图像最小值: 0
2026-06-21 15:21:43 [INFO] 开始保存检测结果图像: 图像尺寸=(2160, 3840, 3), 类型=uint8, 路径=C:\code\show\Scrap_Steel_In_Field\photos\dangerous_det\detection_20260621_152142.jpg
2026-06-21 15:21:43 [INFO] 成功保存检测结果到: C:\code\show\Scrap_Steel_In_Field\photos\dangerous_det\detection_20260621_152142.jpg
2026-06-21 15:21:43 [INFO] 保存的检测结果文件大小: 1974723 字节
2026-06-21 15:21:43 [INFO] 引擎上下文已释放
2026-06-21 15:21:43 [INFO] TensorRT 引擎已释放
2026-06-21 15:21:43 [INFO] 全局 CUDA 资源已释放
2026-06-21 15:21:43 [INFO] 检测系统资源已释放
2026-06-21 15:21:48 [INFO] CUDA 初始化成功
2026-06-21 15:21:48 [INFO] 引擎加载成功: dangerous.engine
2026-06-21 15:21:48 [INFO] 检测系统初始化成功
2026-06-21 15:21:48 [INFO] 图像预处理完成，原始尺寸: (2160, 3840)
2026-06-21 15:21:48 [INFO] 开始执行目标检测...
2026-06-21 15:21:48 [INFO] 检测完成，找到 2 个物体
2026-06-21 15:21:48 [INFO] 物体 1: GasCyl1 (置信度: 0.84)
2026-06-21 15:21:48 [INFO] 物体 2: FireExt1 (置信度: 0.53)
2026-06-21 15:21:48 [INFO] 检测到车兜区域，将过滤区域外的目标
2026-06-21 15:21:48 [INFO] 准备保存检测结果到: C:\code\show\Scrap_Steel_In_Field\photos\dangerous_det\detection_20260621_152148.jpg
2026-06-21 15:21:48 [INFO] 图像形状: (2160, 3840, 3)
2026-06-21 15:21:48 [INFO] 图像数据类型: uint8
2026-06-21 15:21:48 [INFO] 图像最大值: 255
2026-06-21 15:21:48 [INFO] 图像最小值: 0
2026-06-21 15:21:48 [INFO] 开始保存检测结果图像: 图像尺寸=(2160, 3840, 3), 类型=uint8, 路径=C:\code\show\Scrap_Steel_In_Field\photos\dangerous_det\detection_20260621_152148.jpg
2026-06-21 15:21:48 [INFO] 成功保存检测结果到: C:\code\show\Scrap_Steel_In_Field\photos\dangerous_det\detection_20260621_152148.jpg
2026-06-21 15:21:48 [INFO] 保存的检测结果文件大小: 2004210 字节
2026-06-21 15:21:48 [INFO] 引擎上下文已释放
2026-06-21 15:21:48 [INFO] TensorRT 引擎已释放
2026-06-21 15:21:48 [INFO] 全局 CUDA 资源已释放
2026-06-21 15:21:48 [INFO] 检测系统资源已释放
2026-06-21 15:21:53 [INFO] CUDA 初始化成功
2026-06-21 15:21:53 [INFO] 引擎加载成功: dangerous.engine
2026-06-21 15:21:53 [INFO] 检测系统初始化成功
2026-06-21 15:21:53 [INFO] 图像预处理完成，原始尺寸: (2160, 3840)
2026-06-21 15:21:53 [INFO] 开始执行目标检测...
2026-06-21 15:21:53 [INFO] 检测完成，找到 2 个物体
2026-06-21 15:21:53 [INFO] 物体 1: GasCyl1 (置信度: 0.87)
2026-06-21 15:21:53 [INFO] 物体 2: FireExt1 (置信度: 0.53)
2026-06-21 15:21:53 [INFO] 检测到车兜区域，将过滤区域外的目标
2026-06-21 15:21:53 [INFO] 准备保存检测结果到: C:\code\show\Scrap_Steel_In_Field\photos\dangerous_det\detection_20260621_152153.jpg
2026-06-21 15:21:53 [INFO] 图像形状: (2160, 3840, 3)
2026-06-21 15:21:53 [INFO] 图像数据类型: uint8
2026-06-21 15:21:53 [INFO] 图像最大值: 255
2026-06-21 15:21:53 [INFO] 图像最小值: 0
2026-06-21 15:21:53 [INFO] 开始保存检测结果图像: 图像尺寸=(2160, 3840, 3), 类型=uint8, 路径=C:\code\show\Scrap_Steel_In_Field\photos\dangerous_det\detection_20260621_152153.jpg
2026-06-21 15:21:53 [INFO] 成功保存检测结果到: C:\code\show\Scrap_Steel_In_Field\photos\dangerous_det\detection_20260621_152153.jpg
2026-06-21 15:21:53 [INFO] 保存的检测结果文件大小: 1982992 字节
2026-06-21 15:21:53 [INFO] 引擎上下文已释放
2026-06-21 15:21:53 [INFO] TensorRT 引擎已释放
2026-06-21 15:21:53 [INFO] 全局 CUDA 资源已释放
2026-06-21 15:21:53 [INFO] 检测系统资源已释放
2026-06-21 15:21:58 [INFO] CUDA 初始化成功
2026-06-21 15:21:58 [INFO] 引擎加载成功: dangerous.engine
2026-06-21 15:21:58 [INFO] 检测系统初始化成功
2026-06-21 15:21:58 [INFO] 图像预处理完成，原始尺寸: (2160, 3840)
2026-06-21 15:21:58 [INFO] 开始执行目标检测...
2026-06-21 15:21:58 [INFO] 检测完成，找到 2 个物体
2026-06-21 15:21:58 [INFO] 物体 1: GasCyl1 (置信度: 0.85)
2026-06-21 15:21:58 [INFO] 物体 2: FireExt1 (置信度: 0.54)
2026-06-21 15:21:59 [INFO] 检测到车兜区域，将过滤区域外的目标
2026-06-21 15:21:59 [INFO] 准备保存检测结果到: C:\code\show\Scrap_Steel_In_Field\photos\dangerous_det\detection_20260621_152159.jpg
2026-06-21 15:21:59 [INFO] 图像形状: (2160, 3840, 3)
2026-06-21 15:21:59 [INFO] 图像数据类型: uint8
2026-06-21 15:21:59 [INFO] 图像最大值: 255
2026-06-21 15:21:59 [INFO] 图像最小值: 0
2026-06-21 15:21:59 [INFO] 开始保存检测结果图像: 图像尺寸=(2160, 3840, 3), 类型=uint8, 路径=C:\code\show\Scrap_Steel_In_Field\photos\dangerous_det\detection_20260621_152159.jpg
2026-06-21 15:21:59 [INFO] 成功保存检测结果到: C:\code\show\Scrap_Steel_In_Field\photos\dangerous_det\detection_20260621_152159.jpg
2026-06-21 15:21:59 [INFO] 保存的检测结果文件大小: 1992038 字节
2026-06-21 15:21:59 [INFO] 引擎上下文已释放
2026-06-21 15:21:59 [INFO] TensorRT 引擎已释放
2026-06-21 15:21:59 [INFO] 全局 CUDA 资源已释放
2026-06-21 15:21:59 [INFO] 检测系统资源已释放
2026-06-21 15:22:03 [INFO] CUDA 初始化成功
2026-06-21 15:22:03 [INFO] 引擎加载成功: dangerous.engine
2026-06-21 15:22:03 [INFO] 检测系统初始化成功
2026-06-21 15:22:03 [INFO] 图像预处理完成，原始尺寸: (2160, 3840)
2026-06-21 15:22:03 [INFO] 开始执行目标检测...
2026-06-21 15:22:03 [INFO] 检测完成，找到 2 个物体
2026-06-21 15:22:03 [INFO] 物体 1: GasCyl1 (置信度: 0.83)
2026-06-21 15:22:03 [INFO] 物体 2: FireExt1 (置信度: 0.55)
2026-06-21 15:22:03 [INFO] 检测到车兜区域，将过滤区域外的目标
2026-06-21 15:22:03 [INFO] 准备保存检测结果到: C:\code\show\Scrap_Steel_In_Field\photos\dangerous_det\detection_20260621_152203.jpg
2026-06-21 15:22:03 [INFO] 图像形状: (2160, 3840, 3)
2026-06-21 15:22:03 [INFO] 图像数据类型: uint8
2026-06-21 15:22:03 [INFO] 图像最大值: 255
2026-06-21 15:22:03 [INFO] 图像最小值: 0
2026-06-21 15:22:03 [INFO] 开始保存检测结果图像: 图像尺寸=(2160, 3840, 3), 类型=uint8, 路径=C:\code\show\Scrap_Steel_In_Field\photos\dangerous_det\detection_20260621_152203.jpg
2026-06-21 15:22:03 [INFO] 成功保存检测结果到: C:\code\show\Scrap_Steel_In_Field\photos\dangerous_det\detection_20260621_152203.jpg
2026-06-21 15:22:03 [INFO] 保存的检测结果文件大小: 1971675 字节
2026-06-21 15:22:03 [INFO] 引擎上下文已释放
2026-06-21 15:22:03 [INFO] TensorRT 引擎已释放
2026-06-21 15:22:03 [INFO] 全局 CUDA 资源已释放
2026-06-21 15:22:03 [INFO] 检测系统资源已释放
2026-06-21 15:22:08 [INFO] CUDA 初始化成功
2026-06-21 15:22:08 [INFO] 引擎加载成功: dangerous.engine
2026-06-21 15:22:08 [INFO] 检测系统初始化成功
2026-06-21 15:22:08 [INFO] 图像预处理完成，原始尺寸: (2160, 3840)
2026-06-21 15:22:08 [INFO] 开始执行目标检测...
2026-06-21 15:22:08 [INFO] 检测完成，找到 2 个物体
2026-06-21 15:22:08 [INFO] 物体 1: GasCyl1 (置信度: 0.84)
2026-06-21 15:22:08 [INFO] 物体 2: FireExt1 (置信度: 0.53)
2026-06-21 15:22:08 [INFO] 检测到车兜区域，将过滤区域外的目标
2026-06-21 15:22:08 [INFO] 准备保存检测结果到: C:\code\show\Scrap_Steel_In_Field\photos\dangerous_det\detection_20260621_152208.jpg
2026-06-21 15:22:08 [INFO] 图像形状: (2160, 3840, 3)
2026-06-21 15:22:08 [INFO] 图像数据类型: uint8
2026-06-21 15:22:08 [INFO] 图像最大值: 255
2026-06-21 15:22:08 [INFO] 图像最小值: 0
2026-06-21 15:22:08 [INFO] 开始保存检测结果图像: 图像尺寸=(2160, 3840, 3), 类型=uint8, 路径=C:\code\show\Scrap_Steel_In_Field\photos\dangerous_det\detection_20260621_152208.jpg
2026-06-21 15:22:08 [INFO] 成功保存检测结果到: C:\code\show\Scrap_Steel_In_Field\photos\dangerous_det\detection_20260621_152208.jpg
2026-06-21 15:22:08 [INFO] 保存的检测结果文件大小: 1998016 字节
2026-06-21 15:22:08 [INFO] 引擎上下文已释放
2026-06-21 15:22:08 [INFO] TensorRT 引擎已释放
2026-06-21 15:22:08 [INFO] 全局 CUDA 资源已释放
2026-06-21 15:22:08 [INFO] 检测系统资源已释放
