2026-06-06 18:07:41 [INFO] CUDA 初始化成功
2026-06-06 18:07:41 [INFO] 引擎加载成功: dangerous.engine
2026-06-06 18:07:41 [INFO] 检测系统初始化成功
2026-06-06 18:07:44 [INFO] 引擎加载成功: dangerous.engine
2026-06-06 18:07:44 [INFO] 检测系统初始化成功
2026-06-06 18:07:44 [INFO] 图像预处理完成，原始尺寸: (2160, 3840)
2026-06-06 18:07:44 [INFO] 开始执行目标检测...
2026-06-06 18:07:44 [INFO] 检测完成，找到 0 个物体
2026-06-06 18:07:44 [INFO] 引擎上下文已释放
2026-06-06 18:07:44 [INFO] TensorRT 引擎已释放
2026-06-06 18:07:44 [INFO] 全局 CUDA 资源已释放
2026-06-06 18:07:44 [INFO] 检测系统资源已释放
2026-06-06 18:07:49 [INFO] CUDA 初始化成功
2026-06-06 18:07:49 [INFO] 引擎加载成功: dangerous.engine
2026-06-06 18:07:49 [INFO] 检测系统初始化成功
2026-06-06 18:07:49 [INFO] 图像预处理完成，原始尺寸: (2160, 3840)
2026-06-06 18:07:49 [INFO] 开始执行目标检测...
2026-06-06 18:07:49 [INFO] 检测完成，找到 2 个物体
2026-06-06 18:07:49 [INFO] 物体 1: GasCyl1 (置信度: 0.56)
2026-06-06 18:07:49 [INFO] 物体 2: GasCyl1 (置信度: 0.44)
2026-06-06 18:07:49 [INFO] 准备保存检测结果到: C:\code\show\Scrap_Steel_In_Field\photos\dangerous_det\detection_20260606_180749.jpg
2026-06-06 18:07:49 [INFO] 图像形状: (2160, 3840, 3)
2026-06-06 18:07:49 [INFO] 图像数据类型: uint8
2026-06-06 18:07:49 [INFO] 图像最大值: 255
2026-06-06 18:07:49 [INFO] 图像最小值: 0
2026-06-06 18:07:49 [INFO] 开始保存检测结果图像: 图像尺寸=(2160, 3840, 3), 类型=uint8, 路径=C:\code\show\Scrap_Steel_In_Field\photos\dangerous_det\detection_20260606_180749.jpg
2026-06-06 18:07:50 [INFO] 成功保存检测结果到: C:\code\show\Scrap_Steel_In_Field\photos\dangerous_det\detection_20260606_180749.jpg
2026-06-06 18:07:50 [INFO] 保存的检测结果文件大小: 1458309 字节
2026-06-06 18:07:50 [INFO] 引擎上下文已释放
2026-06-06 18:07:50 [INFO] TensorRT 引擎已释放
2026-06-06 18:07:50 [INFO] 全局 CUDA 资源已释放
2026-06-06 18:07:50 [INFO] 检测系统资源已释放
2026-06-06 18:07:54 [INFO] CUDA 初始化成功
2026-06-06 18:07:55 [INFO] 引擎加载成功: dangerous.engine
2026-06-06 18:07:55 [INFO] 检测系统初始化成功
2026-06-06 18:07:55 [INFO] 图像预处理完成，原始尺寸: (2160, 3840)
2026-06-06 18:07:55 [INFO] 开始执行目标检测...
2026-06-06 18:07:55 [INFO] 检测完成，找到 3 个物体
2026-06-06 18:07:55 [INFO] 物体 1: GasCyl1 (置信度: 0.77)
2026-06-06 18:07:55 [INFO] 物体 2: GasCyl1 (置信度: 0.39)
2026-06-06 18:07:55 [INFO] 物体 3: FireExt1 (置信度: 0.37)
2026-06-06 18:07:55 [INFO] 准备保存检测结果到: C:\code\show\Scrap_Steel_In_Field\photos\dangerous_det\detection_20260606_180755.jpg
2026-06-06 18:07:55 [INFO] 图像形状: (2160, 3840, 3)
2026-06-06 18:07:55 [INFO] 图像数据类型: uint8
2026-06-06 18:07:55 [INFO] 图像最大值: 255
2026-06-06 18:07:55 [INFO] 图像最小值: 0
2026-06-06 18:07:55 [INFO] 开始保存检测结果图像: 图像尺寸=(2160, 3840, 3), 类型=uint8, 路径=C:\code\show\Scrap_Steel_In_Field\photos\dangerous_det\detection_20260606_180755.jpg
2026-06-06 18:07:55 [INFO] 成功保存检测结果到: C:\code\show\Scrap_Steel_In_Field\photos\dangerous_det\detection_20260606_180755.jpg
2026-06-06 18:07:55 [INFO] 保存的检测结果文件大小: 1482293 字节
2026-06-06 18:07:55 [INFO] 引擎上下文已释放
2026-06-06 18:07:55 [INFO] TensorRT 引擎已释放
2026-06-06 18:07:55 [INFO] 全局 CUDA 资源已释放
2026-06-06 18:07:55 [INFO] 检测系统资源已释放
2026-06-06 18:08:00 [INFO] CUDA 初始化成功
2026-06-06 18:08:00 [INFO] 引擎加载成功: dangerous.engine
2026-06-06 18:08:00 [INFO] 检测系统初始化成功
2026-06-06 18:08:00 [INFO] 图像预处理完成，原始尺寸: (2160, 3840)
2026-06-06 18:08:00 [INFO] 开始执行目标检测...
2026-06-06 18:08:00 [INFO] 检测完成，找到 1 个物体
2026-06-06 18:08:00 [INFO] 物体 1: GasCyl1 (置信度: 0.82)
2026-06-06 18:08:00 [INFO] 检测到车兜区域，将过滤区域外的目标
2026-06-06 18:08:00 [INFO] 准备保存检测结果到: C:\code\show\Scrap_Steel_In_Field\photos\dangerous_det\detection_20260606_180800.jpg
2026-06-06 18:08:00 [INFO] 图像形状: (2160, 3840, 3)
2026-06-06 18:08:00 [INFO] 图像数据类型: uint8
2026-06-06 18:08:00 [INFO] 图像最大值: 255
2026-06-06 18:08:00 [INFO] 图像最小值: 0
2026-06-06 18:08:00 [INFO] 开始保存检测结果图像: 图像尺寸=(2160, 3840, 3), 类型=uint8, 路径=C:\code\show\Scrap_Steel_In_Field\photos\dangerous_det\detection_20260606_180800.jpg
2026-06-06 18:08:00 [INFO] 成功保存检测结果到: C:\code\show\Scrap_Steel_In_Field\photos\dangerous_det\detection_20260606_180800.jpg
2026-06-06 18:08:00 [INFO] 保存的检测结果文件大小: 1733887 字节
2026-06-06 18:08:00 [INFO] 引擎上下文已释放
2026-06-06 18:08:00 [INFO] TensorRT 引擎已释放
2026-06-06 18:08:00 [INFO] 全局 CUDA 资源已释放
2026-06-06 18:08:00 [INFO] 检测系统资源已释放
2026-06-06 18:08:05 [INFO] CUDA 初始化成功
2026-06-06 18:08:05 [INFO] 引擎加载成功: dangerous.engine
2026-06-06 18:08:05 [INFO] 检测系统初始化成功
2026-06-06 18:08:05 [INFO] 图像预处理完成，原始尺寸: (2160, 3840)
2026-06-06 18:08:05 [INFO] 开始执行目标检测...
2026-06-06 18:08:05 [INFO] 检测完成，找到 2 个物体
2026-06-06 18:08:05 [INFO] 物体 1: GasCyl1 (置信度: 0.80)
2026-06-06 18:08:05 [INFO] 物体 2: GasCyl1 (置信度: 0.45)
2026-06-06 18:08:05 [INFO] 检测到车兜区域，将过滤区域外的目标
2026-06-06 18:08:05 [INFO] 准备保存检测结果到: C:\code\show\Scrap_Steel_In_Field\photos\dangerous_det\detection_20260606_180805.jpg
2026-06-06 18:08:05 [INFO] 图像形状: (2160, 3840, 3)
2026-06-06 18:08:05 [INFO] 图像数据类型: uint8
2026-06-06 18:08:05 [INFO] 图像最大值: 255
2026-06-06 18:08:05 [INFO] 图像最小值: 0
2026-06-06 18:08:05 [INFO] 开始保存检测结果图像: 图像尺寸=(2160, 3840, 3), 类型=uint8, 路径=C:\code\show\Scrap_Steel_In_Field\photos\dangerous_det\detection_20260606_180805.jpg
2026-06-06 18:08:05 [INFO] 成功保存检测结果到: C:\code\show\Scrap_Steel_In_Field\photos\dangerous_det\detection_20260606_180805.jpg
2026-06-06 18:08:05 [INFO] 保存的检测结果文件大小: 2021402 字节
2026-06-06 18:08:05 [INFO] 引擎上下文已释放
2026-06-06 18:08:05 [INFO] TensorRT 引擎已释放
2026-06-06 18:08:05 [INFO] 全局 CUDA 资源已释放
2026-06-06 18:08:05 [INFO] 检测系统资源已释放
2026-06-06 18:08:10 [INFO] CUDA 初始化成功
2026-06-06 18:08:10 [INFO] 引擎加载成功: dangerous.engine
2026-06-06 18:08:10 [INFO] 检测系统初始化成功
2026-06-06 18:08:10 [INFO] 图像预处理完成，原始尺寸: (2160, 3840)
2026-06-06 18:08:10 [INFO] 开始执行目标检测...
2026-06-06 18:08:10 [INFO] 检测完成，找到 2 个物体
2026-06-06 18:08:10 [INFO] 物体 1: GasCyl1 (置信度: 0.82)
2026-06-06 18:08:10 [INFO] 物体 2: GasCyl1 (置信度: 0.41)
2026-06-06 18:08:10 [INFO] 检测到车兜区域，将过滤区域外的目标
2026-06-06 18:08:10 [INFO] 准备保存检测结果到: C:\code\show\Scrap_Steel_In_Field\photos\dangerous_det\detection_20260606_180810.jpg
2026-06-06 18:08:10 [INFO] 图像形状: (2160, 3840, 3)
2026-06-06 18:08:10 [INFO] 图像数据类型: uint8
2026-06-06 18:08:10 [INFO] 图像最大值: 255
2026-06-06 18:08:10 [INFO] 图像最小值: 0
2026-06-06 18:08:10 [INFO] 开始保存检测结果图像: 图像尺寸=(2160, 3840, 3), 类型=uint8, 路径=C:\code\show\Scrap_Steel_In_Field\photos\dangerous_det\detection_20260606_180810.jpg
2026-06-06 18:08:10 [INFO] 成功保存检测结果到: C:\code\show\Scrap_Steel_In_Field\photos\dangerous_det\detection_20260606_180810.jpg
2026-06-06 18:08:10 [INFO] 保存的检测结果文件大小: 2003963 字节
2026-06-06 18:08:10 [INFO] 引擎上下文已释放
2026-06-06 18:08:10 [INFO] TensorRT 引擎已释放
2026-06-06 18:08:10 [INFO] 全局 CUDA 资源已释放
2026-06-06 18:08:10 [INFO] 检测系统资源已释放
2026-06-06 18:08:15 [INFO] CUDA 初始化成功
2026-06-06 18:08:15 [INFO] 引擎加载成功: dangerous.engine
2026-06-06 18:08:15 [INFO] 检测系统初始化成功
2026-06-06 18:08:15 [INFO] 图像预处理完成，原始尺寸: (2160, 3840)
2026-06-06 18:08:15 [INFO] 开始执行目标检测...
2026-06-06 18:08:15 [INFO] 检测完成，找到 2 个物体
2026-06-06 18:08:15 [INFO] 物体 1: GasCyl1 (置信度: 0.81)
2026-06-06 18:08:15 [INFO] 物体 2: GasCyl1 (置信度: 0.37)
2026-06-06 18:08:15 [INFO] 检测到车兜区域，将过滤区域外的目标
2026-06-06 18:08:15 [INFO] 准备保存检测结果到: C:\code\show\Scrap_Steel_In_Field\photos\dangerous_det\detection_20260606_180815.jpg
2026-06-06 18:08:15 [INFO] 图像形状: (2160, 3840, 3)
2026-06-06 18:08:15 [INFO] 图像数据类型: uint8
2026-06-06 18:08:15 [INFO] 图像最大值: 255
2026-06-06 18:08:15 [INFO] 图像最小值: 0
2026-06-06 18:08:15 [INFO] 开始保存检测结果图像: 图像尺寸=(2160, 3840, 3), 类型=uint8, 路径=C:\code\show\Scrap_Steel_In_Field\photos\dangerous_det\detection_20260606_180815.jpg
2026-06-06 18:08:15 [INFO] 成功保存检测结果到: C:\code\show\Scrap_Steel_In_Field\photos\dangerous_det\detection_20260606_180815.jpg
2026-06-06 18:08:15 [INFO] 保存的检测结果文件大小: 2001308 字节
2026-06-06 18:08:15 [INFO] 引擎上下文已释放
2026-06-06 18:08:15 [INFO] TensorRT 引擎已释放
2026-06-06 18:08:15 [INFO] 全局 CUDA 资源已释放
2026-06-06 18:08:15 [INFO] 检测系统资源已释放
2026-06-06 18:08:20 [INFO] CUDA 初始化成功
2026-06-06 18:08:20 [INFO] 引擎加载成功: dangerous.engine
2026-06-06 18:08:20 [INFO] 检测系统初始化成功
2026-06-06 18:08:20 [INFO] 图像预处理完成，原始尺寸: (2160, 3840)
2026-06-06 18:08:20 [INFO] 开始执行目标检测...
2026-06-06 18:08:20 [INFO] 检测完成，找到 2 个物体
2026-06-06 18:08:20 [INFO] 物体 1: GasCyl1 (置信度: 0.82)
2026-06-06 18:08:20 [INFO] 物体 2: GasCyl1 (置信度: 0.59)
2026-06-06 18:08:20 [INFO] 检测到车兜区域，将过滤区域外的目标
2026-06-06 18:08:20 [INFO] 准备保存检测结果到: C:\code\show\Scrap_Steel_In_Field\photos\dangerous_det\detection_20260606_180820.jpg
2026-06-06 18:08:20 [INFO] 图像形状: (2160, 3840, 3)
2026-06-06 18:08:20 [INFO] 图像数据类型: uint8
2026-06-06 18:08:20 [INFO] 图像最大值: 255
2026-06-06 18:08:20 [INFO] 图像最小值: 0
2026-06-06 18:08:20 [INFO] 开始保存检测结果图像: 图像尺寸=(2160, 3840, 3), 类型=uint8, 路径=C:\code\show\Scrap_Steel_In_Field\photos\dangerous_det\detection_20260606_180820.jpg
2026-06-06 18:08:20 [INFO] 成功保存检测结果到: C:\code\show\Scrap_Steel_In_Field\photos\dangerous_det\detection_20260606_180820.jpg
2026-06-06 18:08:20 [INFO] 保存的检测结果文件大小: 2011608 字节
2026-06-06 18:08:20 [INFO] 引擎上下文已释放
2026-06-06 18:08:20 [INFO] TensorRT 引擎已释放
2026-06-06 18:08:20 [INFO] 全局 CUDA 资源已释放
2026-06-06 18:08:20 [INFO] 检测系统资源已释放
2026-06-06 18:08:25 [INFO] CUDA 初始化成功
2026-06-06 18:08:25 [INFO] 引擎加载成功: dangerous.engine
2026-06-06 18:08:25 [INFO] 检测系统初始化成功
2026-06-06 18:08:25 [INFO] 图像预处理完成，原始尺寸: (2160, 3840)
2026-06-06 18:08:25 [INFO] 开始执行目标检测...
2026-06-06 18:08:25 [INFO] 检测完成，找到 1 个物体
2026-06-06 18:08:25 [INFO] 物体 1: GasCyl1 (置信度: 0.80)
2026-06-06 18:08:25 [INFO] 检测到车兜区域，将过滤区域外的目标
2026-06-06 18:08:25 [INFO] 准备保存检测结果到: C:\code\show\Scrap_Steel_In_Field\photos\dangerous_det\detection_20260606_180825.jpg
2026-06-06 18:08:25 [INFO] 图像形状: (2160, 3840, 3)
2026-06-06 18:08:25 [INFO] 图像数据类型: uint8
2026-06-06 18:08:25 [INFO] 图像最大值: 255
2026-06-06 18:08:25 [INFO] 图像最小值: 0
2026-06-06 18:08:25 [INFO] 开始保存检测结果图像: 图像尺寸=(2160, 3840, 3), 类型=uint8, 路径=C:\code\show\Scrap_Steel_In_Field\photos\dangerous_det\detection_20260606_180825.jpg
2026-06-06 18:08:25 [INFO] 成功保存检测结果到: C:\code\show\Scrap_Steel_In_Field\photos\dangerous_det\detection_20260606_180825.jpg
2026-06-06 18:08:25 [INFO] 保存的检测结果文件大小: 2033274 字节
2026-06-06 18:08:25 [INFO] 引擎上下文已释放
2026-06-06 18:08:25 [INFO] TensorRT 引擎已释放
2026-06-06 18:08:25 [INFO] 全局 CUDA 资源已释放
2026-06-06 18:08:25 [INFO] 检测系统资源已释放
2026-06-06 18:08:30 [INFO] CUDA 初始化成功
2026-06-06 18:08:30 [INFO] 引擎加载成功: dangerous.engine
2026-06-06 18:08:30 [INFO] 检测系统初始化成功
2026-06-06 18:08:30 [INFO] 图像预处理完成，原始尺寸: (2160, 3840)
2026-06-06 18:08:30 [INFO] 开始执行目标检测...
2026-06-06 18:08:30 [INFO] 检测完成，找到 2 个物体
2026-06-06 18:08:30 [INFO] 物体 1: GasCyl1 (置信度: 0.81)
2026-06-06 18:08:30 [INFO] 物体 2: GasCyl1 (置信度: 0.41)
2026-06-06 18:08:30 [INFO] 检测到车兜区域，将过滤区域外的目标
2026-06-06 18:08:30 [INFO] 准备保存检测结果到: C:\code\show\Scrap_Steel_In_Field\photos\dangerous_det\detection_20260606_180830.jpg
2026-06-06 18:08:30 [INFO] 图像形状: (2160, 3840, 3)
2026-06-06 18:08:30 [INFO] 图像数据类型: uint8
2026-06-06 18:08:30 [INFO] 图像最大值: 255
2026-06-06 18:08:30 [INFO] 图像最小值: 0
2026-06-06 18:08:30 [INFO] 开始保存检测结果图像: 图像尺寸=(2160, 3840, 3), 类型=uint8, 路径=C:\code\show\Scrap_Steel_In_Field\photos\dangerous_det\detection_20260606_180830.jpg
2026-06-06 18:08:30 [INFO] 成功保存检测结果到: C:\code\show\Scrap_Steel_In_Field\photos\dangerous_det\detection_20260606_180830.jpg
2026-06-06 18:08:30 [INFO] 保存的检测结果文件大小: 2042089 字节
2026-06-06 18:08:30 [INFO] 引擎上下文已释放
2026-06-06 18:08:30 [INFO] TensorRT 引擎已释放
2026-06-06 18:08:30 [INFO] 全局 CUDA 资源已释放
2026-06-06 18:08:30 [INFO] 检测系统资源已释放
2026-06-06 18:08:37 [INFO] CUDA 初始化成功
2026-06-06 18:08:37 [INFO] 引擎加载成功: dangerous.engine
2026-06-06 18:08:37 [INFO] 检测系统初始化成功
2026-06-06 18:08:37 [INFO] 图像预处理完成，原始尺寸: (2160, 3840)
2026-06-06 18:08:37 [INFO] 开始执行目标检测...
2026-06-06 18:08:37 [INFO] 检测完成，找到 2 个物体
2026-06-06 18:08:37 [INFO] 物体 1: GasCyl1 (置信度: 0.80)
2026-06-06 18:08:37 [INFO] 物体 2: GasCyl1 (置信度: 0.60)
2026-06-06 18:08:37 [INFO] 检测到车兜区域，将过滤区域外的目标
2026-06-06 18:08:37 [INFO] 准备保存检测结果到: C:\code\show\Scrap_Steel_In_Field\photos\dangerous_det\detection_20260606_180837.jpg
2026-06-06 18:08:37 [INFO] 图像形状: (2160, 3840, 3)
2026-06-06 18:08:37 [INFO] 图像数据类型: uint8
2026-06-06 18:08:37 [INFO] 图像最大值: 255
2026-06-06 18:08:37 [INFO] 图像最小值: 0
2026-06-06 18:08:37 [INFO] 开始保存检测结果图像: 图像尺寸=(2160, 3840, 3), 类型=uint8, 路径=C:\code\show\Scrap_Steel_In_Field\photos\dangerous_det\detection_20260606_180837.jpg
2026-06-06 18:08:37 [INFO] 成功保存检测结果到: C:\code\show\Scrap_Steel_In_Field\photos\dangerous_det\detection_20260606_180837.jpg
2026-06-06 18:08:37 [INFO] 保存的检测结果文件大小: 2029548 字节
2026-06-06 18:08:37 [INFO] 引擎上下文已释放
2026-06-06 18:08:37 [INFO] TensorRT 引擎已释放
2026-06-06 18:08:37 [INFO] 全局 CUDA 资源已释放
2026-06-06 18:08:37 [INFO] 检测系统资源已释放
2026-06-06 18:08:42 [INFO] CUDA 初始化成功
2026-06-06 18:08:42 [INFO] 引擎加载成功: dangerous.engine
2026-06-06 18:08:42 [INFO] 检测系统初始化成功
2026-06-06 18:08:42 [INFO] 图像预处理完成，原始尺寸: (2160, 3840)
2026-06-06 18:08:42 [INFO] 开始执行目标检测...
2026-06-06 18:08:42 [INFO] 检测完成，找到 2 个物体
2026-06-06 18:08:42 [INFO] 物体 1: GasCyl1 (置信度: 0.85)
2026-06-06 18:08:42 [INFO] 物体 2: GasCyl1 (置信度: 0.47)
2026-06-06 18:08:42 [INFO] 检测到车兜区域，将过滤区域外的目标
2026-06-06 18:08:42 [INFO] 准备保存检测结果到: C:\code\show\Scrap_Steel_In_Field\photos\dangerous_det\detection_20260606_180842.jpg
2026-06-06 18:08:42 [INFO] 图像形状: (2160, 3840, 3)
2026-06-06 18:08:42 [INFO] 图像数据类型: uint8
2026-06-06 18:08:42 [INFO] 图像最大值: 255
2026-06-06 18:08:42 [INFO] 图像最小值: 0
2026-06-06 18:08:42 [INFO] 开始保存检测结果图像: 图像尺寸=(2160, 3840, 3), 类型=uint8, 路径=C:\code\show\Scrap_Steel_In_Field\photos\dangerous_det\detection_20260606_180842.jpg
2026-06-06 18:08:42 [INFO] 成功保存检测结果到: C:\code\show\Scrap_Steel_In_Field\photos\dangerous_det\detection_20260606_180842.jpg
2026-06-06 18:08:42 [INFO] 保存的检测结果文件大小: 2022090 字节
2026-06-06 18:08:42 [INFO] 引擎上下文已释放
2026-06-06 18:08:42 [INFO] TensorRT 引擎已释放
2026-06-06 18:08:42 [INFO] 全局 CUDA 资源已释放
2026-06-06 18:08:42 [INFO] 检测系统资源已释放
2026-06-06 18:08:47 [INFO] CUDA 初始化成功
2026-06-06 18:08:47 [INFO] 引擎加载成功: dangerous.engine
2026-06-06 18:08:47 [INFO] 检测系统初始化成功
2026-06-06 18:08:47 [INFO] 图像预处理完成，原始尺寸: (2160, 3840)
2026-06-06 18:08:47 [INFO] 开始执行目标检测...
2026-06-06 18:08:47 [INFO] 检测完成，找到 2 个物体
2026-06-06 18:08:47 [INFO] 物体 1: GasCyl1 (置信度: 0.82)
2026-06-06 18:08:47 [INFO] 物体 2: GasCyl1 (置信度: 0.44)
2026-06-06 18:08:47 [INFO] 检测到车兜区域，将过滤区域外的目标
2026-06-06 18:08:47 [INFO] 准备保存检测结果到: C:\code\show\Scrap_Steel_In_Field\photos\dangerous_det\detection_20260606_180847.jpg
2026-06-06 18:08:47 [INFO] 图像形状: (2160, 3840, 3)
2026-06-06 18:08:47 [INFO] 图像数据类型: uint8
2026-06-06 18:08:47 [INFO] 图像最大值: 255
2026-06-06 18:08:47 [INFO] 图像最小值: 0
2026-06-06 18:08:47 [INFO] 开始保存检测结果图像: 图像尺寸=(2160, 3840, 3), 类型=uint8, 路径=C:\code\show\Scrap_Steel_In_Field\photos\dangerous_det\detection_20260606_180847.jpg
2026-06-06 18:08:47 [INFO] 成功保存检测结果到: C:\code\show\Scrap_Steel_In_Field\photos\dangerous_det\detection_20260606_180847.jpg
2026-06-06 18:08:47 [INFO] 保存的检测结果文件大小: 2024084 字节
2026-06-06 18:08:47 [INFO] 引擎上下文已释放
2026-06-06 18:08:47 [INFO] TensorRT 引擎已释放
2026-06-06 18:08:47 [INFO] 全局 CUDA 资源已释放
2026-06-06 18:08:47 [INFO] 检测系统资源已释放
2026-06-06 18:08:53 [INFO] CUDA 初始化成功
2026-06-06 18:08:53 [INFO] 引擎加载成功: dangerous.engine
2026-06-06 18:08:53 [INFO] 检测系统初始化成功
2026-06-06 18:08:53 [INFO] 图像预处理完成，原始尺寸: (2160, 3840)
2026-06-06 18:08:53 [INFO] 开始执行目标检测...
2026-06-06 18:08:53 [INFO] 检测完成，找到 2 个物体
2026-06-06 18:08:53 [INFO] 物体 1: GasCyl1 (置信度: 0.80)
2026-06-06 18:08:53 [INFO] 物体 2: GasCyl1 (置信度: 0.54)
2026-06-06 18:08:53 [INFO] 检测到车兜区域，将过滤区域外的目标
2026-06-06 18:08:53 [INFO] 准备保存检测结果到: C:\code\show\Scrap_Steel_In_Field\photos\dangerous_det\detection_20260606_180853.jpg
2026-06-06 18:08:53 [INFO] 图像形状: (2160, 3840, 3)
2026-06-06 18:08:53 [INFO] 图像数据类型: uint8
2026-06-06 18:08:53 [INFO] 图像最大值: 255
2026-06-06 18:08:53 [INFO] 图像最小值: 0
2026-06-06 18:08:53 [INFO] 开始保存检测结果图像: 图像尺寸=(2160, 3840, 3), 类型=uint8, 路径=C:\code\show\Scrap_Steel_In_Field\photos\dangerous_det\detection_20260606_180853.jpg
2026-06-06 18:08:53 [INFO] 成功保存检测结果到: C:\code\show\Scrap_Steel_In_Field\photos\dangerous_det\detection_20260606_180853.jpg
2026-06-06 18:08:53 [INFO] 保存的检测结果文件大小: 2033669 字节
2026-06-06 18:08:53 [INFO] 引擎上下文已释放
2026-06-06 18:08:53 [INFO] TensorRT 引擎已释放
2026-06-06 18:08:53 [INFO] 全局 CUDA 资源已释放
2026-06-06 18:08:53 [INFO] 检测系统资源已释放
2026-06-06 18:08:58 [INFO] CUDA 初始化成功
2026-06-06 18:08:58 [INFO] 引擎加载成功: dangerous.engine
2026-06-06 18:08:58 [INFO] 检测系统初始化成功
2026-06-06 18:08:58 [INFO] 图像预处理完成，原始尺寸: (2160, 3840)
2026-06-06 18:08:58 [INFO] 开始执行目标检测...
2026-06-06 18:08:58 [INFO] 检测完成，找到 2 个物体
2026-06-06 18:08:58 [INFO] 物体 1: GasCyl1 (置信度: 0.81)
2026-06-06 18:08:58 [INFO] 物体 2: GasCyl1 (置信度: 0.60)
2026-06-06 18:08:58 [INFO] 检测到车兜区域，将过滤区域外的目标
2026-06-06 18:08:58 [INFO] 准备保存检测结果到: C:\code\show\Scrap_Steel_In_Field\photos\dangerous_det\detection_20260606_180858.jpg
2026-06-06 18:08:58 [INFO] 图像形状: (2160, 3840, 3)
2026-06-06 18:08:58 [INFO] 图像数据类型: uint8
2026-06-06 18:08:58 [INFO] 图像最大值: 255
2026-06-06 18:08:58 [INFO] 图像最小值: 0
2026-06-06 18:08:58 [INFO] 开始保存检测结果图像: 图像尺寸=(2160, 3840, 3), 类型=uint8, 路径=C:\code\show\Scrap_Steel_In_Field\photos\dangerous_det\detection_20260606_180858.jpg
2026-06-06 18:08:58 [INFO] 成功保存检测结果到: C:\code\show\Scrap_Steel_In_Field\photos\dangerous_det\detection_20260606_180858.jpg
2026-06-06 18:08:58 [INFO] 保存的检测结果文件大小: 2040320 字节
2026-06-06 18:08:58 [INFO] 引擎上下文已释放
2026-06-06 18:08:58 [INFO] TensorRT 引擎已释放
2026-06-06 18:08:58 [INFO] 全局 CUDA 资源已释放
2026-06-06 18:08:58 [INFO] 检测系统资源已释放
2026-06-06 18:09:03 [INFO] CUDA 初始化成功
2026-06-06 18:09:03 [INFO] 引擎加载成功: dangerous.engine
2026-06-06 18:09:03 [INFO] 检测系统初始化成功
2026-06-06 18:09:04 [INFO] 图像预处理完成，原始尺寸: (2160, 3840)
2026-06-06 18:09:04 [INFO] 开始执行目标检测...
2026-06-06 18:09:04 [INFO] 检测完成，找到 2 个物体
2026-06-06 18:09:04 [INFO] 物体 1: GasCyl1 (置信度: 0.83)
2026-06-06 18:09:04 [INFO] 物体 2: GasCyl1 (置信度: 0.61)
2026-06-06 18:09:04 [INFO] 检测到车兜区域，将过滤区域外的目标
2026-06-06 18:09:04 [INFO] 准备保存检测结果到: C:\code\show\Scrap_Steel_In_Field\photos\dangerous_det\detection_20260606_180904.jpg
2026-06-06 18:09:04 [INFO] 图像形状: (2160, 3840, 3)
2026-06-06 18:09:04 [INFO] 图像数据类型: uint8
2026-06-06 18:09:04 [INFO] 图像最大值: 255
2026-06-06 18:09:04 [INFO] 图像最小值: 0
2026-06-06 18:09:04 [INFO] 开始保存检测结果图像: 图像尺寸=(2160, 3840, 3), 类型=uint8, 路径=C:\code\show\Scrap_Steel_In_Field\photos\dangerous_det\detection_20260606_180904.jpg
2026-06-06 18:09:04 [INFO] 成功保存检测结果到: C:\code\show\Scrap_Steel_In_Field\photos\dangerous_det\detection_20260606_180904.jpg
2026-06-06 18:09:04 [INFO] 保存的检测结果文件大小: 2042453 字节
2026-06-06 18:09:04 [INFO] 引擎上下文已释放
2026-06-06 18:09:04 [INFO] TensorRT 引擎已释放
2026-06-06 18:09:04 [INFO] 全局 CUDA 资源已释放
2026-06-06 18:09:04 [INFO] 检测系统资源已释放
2026-06-06 18:09:08 [INFO] CUDA 初始化成功
2026-06-06 18:09:08 [INFO] 引擎加载成功: dangerous.engine
2026-06-06 18:09:08 [INFO] 检测系统初始化成功
2026-06-06 18:09:08 [INFO] 图像预处理完成，原始尺寸: (2160, 3840)
2026-06-06 18:09:08 [INFO] 开始执行目标检测...
2026-06-06 18:09:08 [INFO] 检测完成，找到 2 个物体
2026-06-06 18:09:08 [INFO] 物体 1: GasCyl1 (置信度: 0.82)
2026-06-06 18:09:08 [INFO] 物体 2: GasCyl1 (置信度: 0.53)
2026-06-06 18:09:08 [INFO] 检测到车兜区域，将过滤区域外的目标
2026-06-06 18:09:08 [INFO] 准备保存检测结果到: C:\code\show\Scrap_Steel_In_Field\photos\dangerous_det\detection_20260606_180908.jpg
2026-06-06 18:09:08 [INFO] 图像形状: (2160, 3840, 3)
2026-06-06 18:09:08 [INFO] 图像数据类型: uint8
2026-06-06 18:09:08 [INFO] 图像最大值: 255
2026-06-06 18:09:08 [INFO] 图像最小值: 0
2026-06-06 18:09:08 [INFO] 开始保存检测结果图像: 图像尺寸=(2160, 3840, 3), 类型=uint8, 路径=C:\code\show\Scrap_Steel_In_Field\photos\dangerous_det\detection_20260606_180908.jpg
2026-06-06 18:09:08 [INFO] 成功保存检测结果到: C:\code\show\Scrap_Steel_In_Field\photos\dangerous_det\detection_20260606_180908.jpg
2026-06-06 18:09:08 [INFO] 保存的检测结果文件大小: 2026363 字节
2026-06-06 18:09:08 [INFO] 引擎上下文已释放
2026-06-06 18:09:08 [INFO] TensorRT 引擎已释放
2026-06-06 18:09:08 [INFO] 全局 CUDA 资源已释放
2026-06-06 18:09:08 [INFO] 检测系统资源已释放
2026-06-06 18:09:13 [INFO] CUDA 初始化成功
2026-06-06 18:09:13 [INFO] 引擎加载成功: dangerous.engine
2026-06-06 18:09:13 [INFO] 检测系统初始化成功
2026-06-06 18:09:13 [INFO] 图像预处理完成，原始尺寸: (2160, 3840)
2026-06-06 18:09:13 [INFO] 开始执行目标检测...
2026-06-06 18:09:13 [INFO] 检测完成，找到 2 个物体
2026-06-06 18:09:13 [INFO] 物体 1: GasCyl1 (置信度: 0.81)
2026-06-06 18:09:13 [INFO] 物体 2: GasCyl1 (置信度: 0.46)
2026-06-06 18:09:13 [INFO] 检测到车兜区域，将过滤区域外的目标
2026-06-06 18:09:13 [INFO] 准备保存检测结果到: C:\code\show\Scrap_Steel_In_Field\photos\dangerous_det\detection_20260606_180913.jpg
2026-06-06 18:09:13 [INFO] 图像形状: (2160, 3840, 3)
2026-06-06 18:09:13 [INFO] 图像数据类型: uint8
2026-06-06 18:09:13 [INFO] 图像最大值: 255
2026-06-06 18:09:13 [INFO] 图像最小值: 0
2026-06-06 18:09:13 [INFO] 开始保存检测结果图像: 图像尺寸=(2160, 3840, 3), 类型=uint8, 路径=C:\code\show\Scrap_Steel_In_Field\photos\dangerous_det\detection_20260606_180913.jpg
2026-06-06 18:09:13 [INFO] 成功保存检测结果到: C:\code\show\Scrap_Steel_In_Field\photos\dangerous_det\detection_20260606_180913.jpg
2026-06-06 18:09:13 [INFO] 保存的检测结果文件大小: 2038891 字节
2026-06-06 18:09:13 [INFO] 引擎上下文已释放
2026-06-06 18:09:13 [INFO] TensorRT 引擎已释放
2026-06-06 18:09:13 [INFO] 全局 CUDA 资源已释放
2026-06-06 18:09:13 [INFO] 检测系统资源已释放
2026-06-06 18:09:18 [INFO] CUDA 初始化成功
2026-06-06 18:09:18 [INFO] 引擎加载成功: dangerous.engine
2026-06-06 18:09:18 [INFO] 检测系统初始化成功
2026-06-06 18:09:19 [INFO] 图像预处理完成，原始尺寸: (2160, 3840)
2026-06-06 18:09:19 [INFO] 开始执行目标检测...
2026-06-06 18:09:19 [INFO] 检测完成，找到 2 个物体
2026-06-06 18:09:19 [INFO] 物体 1: GasCyl1 (置信度: 0.83)
2026-06-06 18:09:19 [INFO] 物体 2: GasCyl1 (置信度: 0.42)
2026-06-06 18:09:19 [INFO] 检测到车兜区域，将过滤区域外的目标
2026-06-06 18:09:19 [INFO] 准备保存检测结果到: C:\code\show\Scrap_Steel_In_Field\photos\dangerous_det\detection_20260606_180919.jpg
2026-06-06 18:09:19 [INFO] 图像形状: (2160, 3840, 3)
2026-06-06 18:09:19 [INFO] 图像数据类型: uint8
2026-06-06 18:09:19 [INFO] 图像最大值: 255
2026-06-06 18:09:19 [INFO] 图像最小值: 0
2026-06-06 18:09:19 [INFO] 开始保存检测结果图像: 图像尺寸=(2160, 3840, 3), 类型=uint8, 路径=C:\code\show\Scrap_Steel_In_Field\photos\dangerous_det\detection_20260606_180919.jpg
2026-06-06 18:09:19 [INFO] 成功保存检测结果到: C:\code\show\Scrap_Steel_In_Field\photos\dangerous_det\detection_20260606_180919.jpg
2026-06-06 18:09:19 [INFO] 保存的检测结果文件大小: 2044044 字节
2026-06-06 18:09:19 [INFO] 引擎上下文已释放
2026-06-06 18:09:19 [INFO] TensorRT 引擎已释放
2026-06-06 18:09:19 [INFO] 全局 CUDA 资源已释放
2026-06-06 18:09:19 [INFO] 检测系统资源已释放
2026-06-06 18:09:24 [INFO] CUDA 初始化成功
2026-06-06 18:09:24 [INFO] 引擎加载成功: dangerous.engine
2026-06-06 18:09:24 [INFO] 检测系统初始化成功
2026-06-06 18:09:24 [INFO] 图像预处理完成，原始尺寸: (2160, 3840)
2026-06-06 18:09:24 [INFO] 开始执行目标检测...
2026-06-06 18:09:24 [INFO] 检测完成，找到 2 个物体
2026-06-06 18:09:24 [INFO] 物体 1: GasCyl1 (置信度: 0.81)
2026-06-06 18:09:24 [INFO] 物体 2: GasCyl1 (置信度: 0.59)
2026-06-06 18:09:24 [INFO] 检测到车兜区域，将过滤区域外的目标
2026-06-06 18:09:24 [INFO] 准备保存检测结果到: C:\code\show\Scrap_Steel_In_Field\photos\dangerous_det\detection_20260606_180924.jpg
2026-06-06 18:09:24 [INFO] 图像形状: (2160, 3840, 3)
2026-06-06 18:09:24 [INFO] 图像数据类型: uint8
2026-06-06 18:09:24 [INFO] 图像最大值: 255
2026-06-06 18:09:24 [INFO] 图像最小值: 0
2026-06-06 18:09:24 [INFO] 开始保存检测结果图像: 图像尺寸=(2160, 3840, 3), 类型=uint8, 路径=C:\code\show\Scrap_Steel_In_Field\photos\dangerous_det\detection_20260606_180924.jpg
2026-06-06 18:09:24 [INFO] 成功保存检测结果到: C:\code\show\Scrap_Steel_In_Field\photos\dangerous_det\detection_20260606_180924.jpg
2026-06-06 18:09:24 [INFO] 保存的检测结果文件大小: 2040537 字节
2026-06-06 18:09:24 [INFO] 引擎上下文已释放
2026-06-06 18:09:24 [INFO] TensorRT 引擎已释放
2026-06-06 18:09:24 [INFO] 全局 CUDA 资源已释放
2026-06-06 18:09:24 [INFO] 检测系统资源已释放
2026-06-06 18:09:29 [INFO] CUDA 初始化成功
2026-06-06 18:09:29 [INFO] 引擎加载成功: dangerous.engine
2026-06-06 18:09:29 [INFO] 检测系统初始化成功
2026-06-06 18:09:29 [INFO] 图像预处理完成，原始尺寸: (2160, 3840)
2026-06-06 18:09:29 [INFO] 开始执行目标检测...
2026-06-06 18:09:29 [INFO] 检测完成，找到 1 个物体
2026-06-06 18:09:29 [INFO] 物体 1: GasCyl1 (置信度: 0.82)
2026-06-06 18:09:29 [INFO] 检测到车兜区域，将过滤区域外的目标
2026-06-06 18:09:29 [INFO] 准备保存检测结果到: C:\code\show\Scrap_Steel_In_Field\photos\dangerous_det\detection_20260606_180929.jpg
2026-06-06 18:09:29 [INFO] 图像形状: (2160, 3840, 3)
2026-06-06 18:09:29 [INFO] 图像数据类型: uint8
2026-06-06 18:09:29 [INFO] 图像最大值: 255
2026-06-06 18:09:29 [INFO] 图像最小值: 0
2026-06-06 18:09:29 [INFO] 开始保存检测结果图像: 图像尺寸=(2160, 3840, 3), 类型=uint8, 路径=C:\code\show\Scrap_Steel_In_Field\photos\dangerous_det\detection_20260606_180929.jpg
2026-06-06 18:09:29 [INFO] 成功保存检测结果到: C:\code\show\Scrap_Steel_In_Field\photos\dangerous_det\detection_20260606_180929.jpg
2026-06-06 18:09:29 [INFO] 保存的检测结果文件大小: 2036453 字节
2026-06-06 18:09:29 [INFO] 引擎上下文已释放
2026-06-06 18:09:29 [INFO] TensorRT 引擎已释放
2026-06-06 18:09:29 [INFO] 全局 CUDA 资源已释放
2026-06-06 18:09:29 [INFO] 检测系统资源已释放
2026-06-06 18:09:34 [INFO] CUDA 初始化成功
2026-06-06 18:09:34 [INFO] 引擎加载成功: dangerous.engine
2026-06-06 18:09:34 [INFO] 检测系统初始化成功
2026-06-06 18:09:34 [INFO] 图像预处理完成，原始尺寸: (2160, 3840)
2026-06-06 18:09:34 [INFO] 开始执行目标检测...
2026-06-06 18:09:34 [INFO] 检测完成，找到 2 个物体
2026-06-06 18:09:34 [INFO] 物体 1: GasCyl1 (置信度: 0.81)
2026-06-06 18:09:34 [INFO] 物体 2: GasCyl1 (置信度: 0.48)
2026-06-06 18:09:34 [INFO] 检测到车兜区域，将过滤区域外的目标
2026-06-06 18:09:34 [INFO] 准备保存检测结果到: C:\code\show\Scrap_Steel_In_Field\photos\dangerous_det\detection_20260606_180934.jpg
2026-06-06 18:09:34 [INFO] 图像形状: (2160, 3840, 3)
2026-06-06 18:09:34 [INFO] 图像数据类型: uint8
2026-06-06 18:09:34 [INFO] 图像最大值: 255
2026-06-06 18:09:34 [INFO] 图像最小值: 0
2026-06-06 18:09:34 [INFO] 开始保存检测结果图像: 图像尺寸=(2160, 3840, 3), 类型=uint8, 路径=C:\code\show\Scrap_Steel_In_Field\photos\dangerous_det\detection_20260606_180934.jpg
2026-06-06 18:09:34 [INFO] 成功保存检测结果到: C:\code\show\Scrap_Steel_In_Field\photos\dangerous_det\detection_20260606_180934.jpg
2026-06-06 18:09:34 [INFO] 保存的检测结果文件大小: 2041698 字节
2026-06-06 18:09:34 [INFO] 引擎上下文已释放
2026-06-06 18:09:34 [INFO] TensorRT 引擎已释放
2026-06-06 18:09:34 [INFO] 全局 CUDA 资源已释放
2026-06-06 18:09:34 [INFO] 检测系统资源已释放
2026-06-06 18:09:39 [INFO] CUDA 初始化成功
2026-06-06 18:09:39 [INFO] 引擎加载成功: dangerous.engine
2026-06-06 18:09:39 [INFO] 检测系统初始化成功
2026-06-06 18:09:39 [INFO] 图像预处理完成，原始尺寸: (2160, 3840)
2026-06-06 18:09:39 [INFO] 开始执行目标检测...
2026-06-06 18:09:39 [INFO] 检测完成，找到 2 个物体
2026-06-06 18:09:39 [INFO] 物体 1: GasCyl1 (置信度: 0.81)
2026-06-06 18:09:39 [INFO] 物体 2: GasCyl1 (置信度: 0.57)
2026-06-06 18:09:39 [INFO] 检测到车兜区域，将过滤区域外的目标
2026-06-06 18:09:39 [INFO] 准备保存检测结果到: C:\code\show\Scrap_Steel_In_Field\photos\dangerous_det\detection_20260606_180939.jpg
2026-06-06 18:09:39 [INFO] 图像形状: (2160, 3840, 3)
2026-06-06 18:09:39 [INFO] 图像数据类型: uint8
2026-06-06 18:09:39 [INFO] 图像最大值: 255
2026-06-06 18:09:39 [INFO] 图像最小值: 0
2026-06-06 18:09:39 [INFO] 开始保存检测结果图像: 图像尺寸=(2160, 3840, 3), 类型=uint8, 路径=C:\code\show\Scrap_Steel_In_Field\photos\dangerous_det\detection_20260606_180939.jpg
2026-06-06 18:09:39 [INFO] 成功保存检测结果到: C:\code\show\Scrap_Steel_In_Field\photos\dangerous_det\detection_20260606_180939.jpg
2026-06-06 18:09:39 [INFO] 保存的检测结果文件大小: 2045662 字节
2026-06-06 18:09:39 [INFO] 引擎上下文已释放
2026-06-06 18:09:39 [INFO] TensorRT 引擎已释放
2026-06-06 18:09:39 [INFO] 全局 CUDA 资源已释放
2026-06-06 18:09:39 [INFO] 检测系统资源已释放
2026-06-06 18:09:44 [INFO] CUDA 初始化成功
2026-06-06 18:09:44 [INFO] 引擎加载成功: dangerous.engine
2026-06-06 18:09:44 [INFO] 检测系统初始化成功
2026-06-06 18:09:44 [INFO] 图像预处理完成，原始尺寸: (2160, 3840)
2026-06-06 18:09:44 [INFO] 开始执行目标检测...
2026-06-06 18:09:44 [INFO] 检测完成，找到 1 个物体
2026-06-06 18:09:44 [INFO] 物体 1: GasCyl1 (置信度: 0.81)
2026-06-06 18:09:44 [INFO] 检测到车兜区域，将过滤区域外的目标
2026-06-06 18:09:44 [INFO] 准备保存检测结果到: C:\code\show\Scrap_Steel_In_Field\photos\dangerous_det\detection_20260606_180944.jpg
2026-06-06 18:09:44 [INFO] 图像形状: (2160, 3840, 3)
2026-06-06 18:09:44 [INFO] 图像数据类型: uint8
2026-06-06 18:09:44 [INFO] 图像最大值: 255
2026-06-06 18:09:44 [INFO] 图像最小值: 0
2026-06-06 18:09:44 [INFO] 开始保存检测结果图像: 图像尺寸=(2160, 3840, 3), 类型=uint8, 路径=C:\code\show\Scrap_Steel_In_Field\photos\dangerous_det\detection_20260606_180944.jpg
2026-06-06 18:09:44 [INFO] 成功保存检测结果到: C:\code\show\Scrap_Steel_In_Field\photos\dangerous_det\detection_20260606_180944.jpg
2026-06-06 18:09:44 [INFO] 保存的检测结果文件大小: 2038808 字节
2026-06-06 18:09:44 [INFO] 引擎上下文已释放
2026-06-06 18:09:44 [INFO] TensorRT 引擎已释放
2026-06-06 18:09:44 [INFO] 全局 CUDA 资源已释放
2026-06-06 18:09:44 [INFO] 检测系统资源已释放
2026-06-06 18:09:49 [INFO] CUDA 初始化成功
2026-06-06 18:09:49 [INFO] 引擎加载成功: dangerous.engine
2026-06-06 18:09:49 [INFO] 检测系统初始化成功
2026-06-06 18:09:49 [INFO] 图像预处理完成，原始尺寸: (2160, 3840)
2026-06-06 18:09:49 [INFO] 开始执行目标检测...
2026-06-06 18:09:49 [INFO] 检测完成，找到 1 个物体
2026-06-06 18:09:49 [INFO] 物体 1: GasCyl1 (置信度: 0.82)
2026-06-06 18:09:49 [INFO] 检测到车兜区域，将过滤区域外的目标
2026-06-06 18:09:49 [INFO] 准备保存检测结果到: C:\code\show\Scrap_Steel_In_Field\photos\dangerous_det\detection_20260606_180949.jpg
2026-06-06 18:09:49 [INFO] 图像形状: (2160, 3840, 3)
2026-06-06 18:09:49 [INFO] 图像数据类型: uint8
2026-06-06 18:09:49 [INFO] 图像最大值: 255
2026-06-06 18:09:49 [INFO] 图像最小值: 0
2026-06-06 18:09:49 [INFO] 开始保存检测结果图像: 图像尺寸=(2160, 3840, 3), 类型=uint8, 路径=C:\code\show\Scrap_Steel_In_Field\photos\dangerous_det\detection_20260606_180949.jpg
2026-06-06 18:09:49 [INFO] 成功保存检测结果到: C:\code\show\Scrap_Steel_In_Field\photos\dangerous_det\detection_20260606_180949.jpg
2026-06-06 18:09:49 [INFO] 保存的检测结果文件大小: 2041103 字节
2026-06-06 18:09:49 [INFO] 引擎上下文已释放
2026-06-06 18:09:49 [INFO] TensorRT 引擎已释放
2026-06-06 18:09:49 [INFO] 全局 CUDA 资源已释放
2026-06-06 18:09:49 [INFO] 检测系统资源已释放
2026-06-06 18:09:54 [INFO] CUDA 初始化成功
2026-06-06 18:09:54 [INFO] 引擎加载成功: dangerous.engine
2026-06-06 18:09:54 [INFO] 检测系统初始化成功
2026-06-06 18:09:54 [INFO] 图像预处理完成，原始尺寸: (2160, 3840)
2026-06-06 18:09:54 [INFO] 开始执行目标检测...
2026-06-06 18:09:54 [INFO] 检测完成，找到 2 个物体
2026-06-06 18:09:54 [INFO] 物体 1: GasCyl1 (置信度: 0.80)
2026-06-06 18:09:54 [INFO] 物体 2: GasCyl1 (置信度: 0.44)
2026-06-06 18:09:54 [INFO] 检测到车兜区域，将过滤区域外的目标
2026-06-06 18:09:54 [INFO] 准备保存检测结果到: C:\code\show\Scrap_Steel_In_Field\photos\dangerous_det\detection_20260606_180954.jpg
2026-06-06 18:09:54 [INFO] 图像形状: (2160, 3840, 3)
2026-06-06 18:09:54 [INFO] 图像数据类型: uint8
2026-06-06 18:09:54 [INFO] 图像最大值: 255
2026-06-06 18:09:54 [INFO] 图像最小值: 0
2026-06-06 18:09:54 [INFO] 开始保存检测结果图像: 图像尺寸=(2160, 3840, 3), 类型=uint8, 路径=C:\code\show\Scrap_Steel_In_Field\photos\dangerous_det\detection_20260606_180954.jpg
2026-06-06 18:09:54 [INFO] 成功保存检测结果到: C:\code\show\Scrap_Steel_In_Field\photos\dangerous_det\detection_20260606_180954.jpg
2026-06-06 18:09:54 [INFO] 保存的检测结果文件大小: 2044263 字节
2026-06-06 18:09:54 [INFO] 引擎上下文已释放
2026-06-06 18:09:54 [INFO] TensorRT 引擎已释放
2026-06-06 18:09:54 [INFO] 全局 CUDA 资源已释放
2026-06-06 18:09:54 [INFO] 检测系统资源已释放
2026-06-06 18:09:59 [INFO] CUDA 初始化成功
2026-06-06 18:09:59 [INFO] 引擎加载成功: dangerous.engine
2026-06-06 18:09:59 [INFO] 检测系统初始化成功
2026-06-06 18:09:59 [INFO] 图像预处理完成，原始尺寸: (2160, 3840)
2026-06-06 18:09:59 [INFO] 开始执行目标检测...
2026-06-06 18:09:59 [INFO] 检测完成，找到 2 个物体
2026-06-06 18:09:59 [INFO] 物体 1: GasCyl1 (置信度: 0.83)
2026-06-06 18:09:59 [INFO] 物体 2: GasCyl1 (置信度: 0.47)
2026-06-06 18:09:59 [INFO] 检测到车兜区域，将过滤区域外的目标
2026-06-06 18:09:59 [INFO] 准备保存检测结果到: C:\code\show\Scrap_Steel_In_Field\photos\dangerous_det\detection_20260606_180959.jpg
2026-06-06 18:09:59 [INFO] 图像形状: (2160, 3840, 3)
2026-06-06 18:09:59 [INFO] 图像数据类型: uint8
2026-06-06 18:09:59 [INFO] 图像最大值: 255
2026-06-06 18:09:59 [INFO] 图像最小值: 0
2026-06-06 18:09:59 [INFO] 开始保存检测结果图像: 图像尺寸=(2160, 3840, 3), 类型=uint8, 路径=C:\code\show\Scrap_Steel_In_Field\photos\dangerous_det\detection_20260606_180959.jpg
2026-06-06 18:09:59 [INFO] 成功保存检测结果到: C:\code\show\Scrap_Steel_In_Field\photos\dangerous_det\detection_20260606_180959.jpg
2026-06-06 18:09:59 [INFO] 保存的检测结果文件大小: 2043157 字节
2026-06-06 18:09:59 [INFO] 引擎上下文已释放
2026-06-06 18:09:59 [INFO] TensorRT 引擎已释放
2026-06-06 18:09:59 [INFO] 全局 CUDA 资源已释放
2026-06-06 18:09:59 [INFO] 检测系统资源已释放
