2025-05-29 11:47:58 [INFO] CUDA 初始化成功
2025-05-29 11:47:58 [INFO] 引擎加载成功: dangerous.engine
2025-05-29 11:47:58 [INFO] 检测系统初始化成功
2025-05-29 11:47:58 [INFO] 图像预处理完成，原始尺寸: (2160, 3840)
2025-05-29 11:47:58 [INFO] 开始执行目标检测...
2025-05-29 11:47:58 [INFO] 检测完成，找到 3 个物体
2025-05-29 11:47:58 [INFO] 物体 1: GasCyl1 (置信度: 0.56)
2025-05-29 11:47:58 [INFO] 物体 2: GasCyl1 (置信度: 0.31)
2025-05-29 11:47:58 [INFO] 物体 3: FireExt1 (置信度: 0.26)
2025-05-29 11:47:58 [INFO] 准备保存检测结果到: C:\Users\diaoqingguang\Scrap_steel_system\Scrap_Steel_In_Field\photos\dangerous_det\detection_20250529_114758.jpg
2025-05-29 11:47:58 [INFO] 图像形状: (2160, 3840, 3)
2025-05-29 11:47:58 [INFO] 图像数据类型: uint8
2025-05-29 11:47:58 [INFO] 图像最大值: 255
2025-05-29 11:47:58 [INFO] 图像最小值: 0
2025-05-29 11:47:58 [INFO] 开始保存检测结果图像: 图像尺寸=(2160, 3840, 3), 类型=uint8, 路径=C:\Users\diaoqingguang\Scrap_steel_system\Scrap_Steel_In_Field\photos\dangerous_det\detection_20250529_114758.jpg
2025-05-29 11:47:58 [INFO] 成功保存检测结果到: C:\Users\diaoqingguang\Scrap_steel_system\Scrap_Steel_In_Field\photos\dangerous_det\detection_20250529_114758.jpg
2025-05-29 11:47:58 [INFO] 保存的检测结果文件大小: 1862609 字节
2025-05-29 11:47:58 [INFO] 引擎上下文已释放
2025-05-29 11:47:58 [INFO] TensorRT 引擎已释放
2025-05-29 11:47:58 [INFO] 全局 CUDA 资源已释放
2025-05-29 11:47:58 [INFO] 检测系统资源已释放
2025-05-29 13:27:10 [INFO] CUDA 初始化成功
2025-05-29 13:27:10 [INFO] 引擎加载成功: dangerous.engine
2025-05-29 13:27:10 [INFO] 检测系统初始化成功
2025-05-29 13:27:10 [INFO] 图像预处理完成，原始尺寸: (2160, 3840)
2025-05-29 13:27:10 [INFO] 开始执行目标检测...
2025-05-29 13:27:10 [INFO] 检测完成，找到 5 个物体
2025-05-29 13:27:10 [INFO] 物体 1: GasCyl1 (置信度: 0.92)
2025-05-29 13:27:10 [INFO] 物体 2: GasCyl1 (置信度: 0.67)
2025-05-29 13:27:10 [INFO] 物体 3: GasCyl1 (置信度: 0.50)
2025-05-29 13:27:10 [INFO] 物体 4: FireExt1 (置信度: 0.35)
2025-05-29 13:27:10 [INFO] 物体 5: GasCyl1 (置信度: 0.33)
2025-05-29 13:27:10 [INFO] 准备保存检测结果到: C:\Users\diaoqingguang\Scrap_steel_system\Scrap_Steel_In_Field\photos\dangerous_det\detection_20250529_132710.jpg
2025-05-29 13:27:10 [INFO] 图像形状: (2160, 3840, 3)
2025-05-29 13:27:10 [INFO] 图像数据类型: uint8
2025-05-29 13:27:10 [INFO] 图像最大值: 255
2025-05-29 13:27:10 [INFO] 图像最小值: 0
2025-05-29 13:27:10 [INFO] 开始保存检测结果图像: 图像尺寸=(2160, 3840, 3), 类型=uint8, 路径=C:\Users\diaoqingguang\Scrap_steel_system\Scrap_Steel_In_Field\photos\dangerous_det\detection_20250529_132710.jpg
2025-05-29 13:27:10 [INFO] 成功保存检测结果到: C:\Users\diaoqingguang\Scrap_steel_system\Scrap_Steel_In_Field\photos\dangerous_det\detection_20250529_132710.jpg
2025-05-29 13:27:10 [INFO] 保存的检测结果文件大小: 1414524 字节
2025-05-29 13:27:10 [INFO] 引擎上下文已释放
2025-05-29 13:27:10 [INFO] TensorRT 引擎已释放
2025-05-29 13:27:10 [INFO] 全局 CUDA 资源已释放
2025-05-29 13:27:10 [INFO] 检测系统资源已释放
2025-05-29 13:49:34 [INFO] CUDA 初始化成功
2025-05-29 13:49:34 [INFO] 引擎加载成功: dangerous.engine
2025-05-29 13:49:34 [INFO] 检测系统初始化成功
2025-05-29 13:49:34 [INFO] 图像预处理完成，原始尺寸: (2160, 3840)
2025-05-29 13:49:34 [INFO] 开始执行目标检测...
2025-05-29 13:49:35 [INFO] 检测完成，找到 4 个物体
2025-05-29 13:49:35 [INFO] 物体 1: GasCyl1 (置信度: 0.92)
2025-05-29 13:49:35 [INFO] 物体 2: GasCyl1 (置信度: 0.84)
2025-05-29 13:49:35 [INFO] 物体 3: GasCyl1 (置信度: 0.76)
2025-05-29 13:49:35 [INFO] 物体 4: GasCyl1 (置信度: 0.30)
2025-05-29 13:49:35 [INFO] 准备保存检测结果到: C:\Users\diaoqingguang\Scrap_steel_system\Scrap_Steel_In_Field\photos\dangerous_det\detection_20250529_134935.jpg
2025-05-29 13:49:35 [INFO] 图像形状: (2160, 3840, 3)
2025-05-29 13:49:35 [INFO] 图像数据类型: uint8
2025-05-29 13:49:35 [INFO] 图像最大值: 255
2025-05-29 13:49:35 [INFO] 图像最小值: 0
2025-05-29 13:49:35 [INFO] 开始保存检测结果图像: 图像尺寸=(2160, 3840, 3), 类型=uint8, 路径=C:\Users\diaoqingguang\Scrap_steel_system\Scrap_Steel_In_Field\photos\dangerous_det\detection_20250529_134935.jpg
2025-05-29 13:49:35 [INFO] 成功保存检测结果到: C:\Users\diaoqingguang\Scrap_steel_system\Scrap_Steel_In_Field\photos\dangerous_det\detection_20250529_134935.jpg
2025-05-29 13:49:35 [INFO] 保存的检测结果文件大小: 1936225 字节
2025-05-29 13:49:35 [INFO] 引擎上下文已释放
2025-05-29 13:49:35 [INFO] TensorRT 引擎已释放
2025-05-29 13:49:35 [INFO] 全局 CUDA 资源已释放
2025-05-29 13:49:35 [INFO] 检测系统资源已释放
2025-05-29 14:09:00 [INFO] CUDA 初始化成功
2025-05-29 14:09:00 [INFO] 引擎加载成功: dangerous.engine
2025-05-29 14:09:00 [INFO] 检测系统初始化成功
2025-05-29 14:09:00 [INFO] 图像预处理完成，原始尺寸: (2160, 3840)
2025-05-29 14:09:00 [INFO] 开始执行目标检测...
2025-05-29 14:09:00 [INFO] 检测完成，找到 4 个物体
2025-05-29 14:09:00 [INFO] 物体 1: GasCyl1 (置信度: 0.94)
2025-05-29 14:09:00 [INFO] 物体 2: GasCyl1 (置信度: 0.82)
2025-05-29 14:09:00 [INFO] 物体 3: GasCyl1 (置信度: 0.80)
2025-05-29 14:09:00 [INFO] 物体 4: GasCyl1 (置信度: 0.45)
2025-05-29 14:09:00 [INFO] 准备保存检测结果到: C:\Users\diaoqingguang\Scrap_steel_system\Scrap_Steel_In_Field\photos\dangerous_det\detection_20250529_140900.jpg
2025-05-29 14:09:00 [INFO] 图像形状: (2160, 3840, 3)
2025-05-29 14:09:00 [INFO] 图像数据类型: uint8
2025-05-29 14:09:00 [INFO] 图像最大值: 255
2025-05-29 14:09:00 [INFO] 图像最小值: 0
2025-05-29 14:09:00 [INFO] 开始保存检测结果图像: 图像尺寸=(2160, 3840, 3), 类型=uint8, 路径=C:\Users\diaoqingguang\Scrap_steel_system\Scrap_Steel_In_Field\photos\dangerous_det\detection_20250529_140900.jpg
2025-05-29 14:09:00 [INFO] 成功保存检测结果到: C:\Users\diaoqingguang\Scrap_steel_system\Scrap_Steel_In_Field\photos\dangerous_det\detection_20250529_140900.jpg
2025-05-29 14:09:00 [INFO] 保存的检测结果文件大小: 1938565 字节
2025-05-29 14:09:00 [INFO] 引擎上下文已释放
2025-05-29 14:09:00 [INFO] TensorRT 引擎已释放
2025-05-29 14:09:00 [INFO] 全局 CUDA 资源已释放
2025-05-29 14:09:00 [INFO] 检测系统资源已释放
