2026-06-05 11:10:13 [INFO] CUDA 初始化成功
2026-06-05 11:10:13 [INFO] 引擎加载成功: dangerous.engine
2026-06-05 11:10:13 [INFO] 检测系统初始化成功
2026-06-05 11:10:16 [INFO] 引擎加载成功: dangerous.engine
2026-06-05 11:10:16 [INFO] 检测系统初始化成功
2026-06-05 11:10:16 [INFO] 图像预处理完成，原始尺寸: (2160, 3840)
2026-06-05 11:10:16 [INFO] 开始执行目标检测...
2026-06-05 11:10:16 [INFO] 检测完成，找到 0 个物体
2026-06-05 11:10:16 [INFO] 引擎上下文已释放
2026-06-05 11:10:16 [INFO] TensorRT 引擎已释放
2026-06-05 11:10:16 [INFO] 全局 CUDA 资源已释放
2026-06-05 11:10:16 [INFO] 检测系统资源已释放
2026-06-05 11:10:21 [INFO] CUDA 初始化成功
2026-06-05 11:10:21 [INFO] 引擎加载成功: dangerous.engine
2026-06-05 11:10:21 [INFO] 检测系统初始化成功
2026-06-05 11:10:21 [INFO] 图像预处理完成，原始尺寸: (2160, 3840)
2026-06-05 11:10:21 [INFO] 开始执行目标检测...
2026-06-05 11:10:21 [INFO] 检测完成，找到 2 个物体
2026-06-05 11:10:21 [INFO] 物体 1: GasCyl1 (置信度: 0.89)
2026-06-05 11:10:21 [INFO] 物体 2: GasCyl1 (置信度: 0.74)
2026-06-05 11:10:21 [INFO] 准备保存检测结果到: C:\code\show\Scrap_Steel_In_Field\photos\dangerous_det\detection_20260605_111021.jpg
2026-06-05 11:10:21 [INFO] 图像形状: (2160, 3840, 3)
2026-06-05 11:10:21 [INFO] 图像数据类型: uint8
2026-06-05 11:10:21 [INFO] 图像最大值: 255
2026-06-05 11:10:21 [INFO] 图像最小值: 0
2026-06-05 11:10:21 [INFO] 开始保存检测结果图像: 图像尺寸=(2160, 3840, 3), 类型=uint8, 路径=C:\code\show\Scrap_Steel_In_Field\photos\dangerous_det\detection_20260605_111021.jpg
2026-06-05 11:10:22 [INFO] 成功保存检测结果到: C:\code\show\Scrap_Steel_In_Field\photos\dangerous_det\detection_20260605_111021.jpg
2026-06-05 11:10:22 [INFO] 保存的检测结果文件大小: 1814756 字节
2026-06-05 11:10:22 [INFO] 引擎上下文已释放
2026-06-05 11:10:22 [INFO] TensorRT 引擎已释放
2026-06-05 11:10:22 [INFO] 全局 CUDA 资源已释放
2026-06-05 11:10:22 [INFO] 检测系统资源已释放
2026-06-05 11:10:26 [INFO] CUDA 初始化成功
2026-06-05 11:10:27 [INFO] 引擎加载成功: dangerous.engine
2026-06-05 11:10:27 [INFO] 检测系统初始化成功
2026-06-05 11:10:27 [INFO] 图像预处理完成，原始尺寸: (2160, 3840)
2026-06-05 11:10:27 [INFO] 开始执行目标检测...
2026-06-05 11:10:27 [INFO] 检测完成，找到 3 个物体
2026-06-05 11:10:27 [INFO] 物体 1: GasCyl1 (置信度: 0.87)
2026-06-05 11:10:27 [INFO] 物体 2: GasCyl1 (置信度: 0.64)
2026-06-05 11:10:27 [INFO] 物体 3: GasCyl1 (置信度: 0.36)
2026-06-05 11:10:27 [INFO] 准备保存检测结果到: C:\code\show\Scrap_Steel_In_Field\photos\dangerous_det\detection_20260605_111027.jpg
2026-06-05 11:10:27 [INFO] 图像形状: (2160, 3840, 3)
2026-06-05 11:10:27 [INFO] 图像数据类型: uint8
2026-06-05 11:10:27 [INFO] 图像最大值: 255
2026-06-05 11:10:27 [INFO] 图像最小值: 0
2026-06-05 11:10:27 [INFO] 开始保存检测结果图像: 图像尺寸=(2160, 3840, 3), 类型=uint8, 路径=C:\code\show\Scrap_Steel_In_Field\photos\dangerous_det\detection_20260605_111027.jpg
2026-06-05 11:10:27 [INFO] 成功保存检测结果到: C:\code\show\Scrap_Steel_In_Field\photos\dangerous_det\detection_20260605_111027.jpg
2026-06-05 11:10:27 [INFO] 保存的检测结果文件大小: 1546921 字节
2026-06-05 11:10:27 [INFO] 引擎上下文已释放
2026-06-05 11:10:27 [INFO] TensorRT 引擎已释放
2026-06-05 11:10:27 [INFO] 全局 CUDA 资源已释放
2026-06-05 11:10:27 [INFO] 检测系统资源已释放
2026-06-05 11:10:32 [INFO] CUDA 初始化成功
2026-06-05 11:10:32 [INFO] 引擎加载成功: dangerous.engine
2026-06-05 11:10:32 [INFO] 检测系统初始化成功
2026-06-05 11:10:32 [INFO] 图像预处理完成，原始尺寸: (2160, 3840)
2026-06-05 11:10:32 [INFO] 开始执行目标检测...
2026-06-05 11:10:32 [INFO] 检测完成，找到 2 个物体
2026-06-05 11:10:32 [INFO] 物体 1: GasCyl1 (置信度: 0.89)
2026-06-05 11:10:32 [INFO] 物体 2: GasCyl1 (置信度: 0.66)
2026-06-05 11:10:32 [INFO] 检测到车兜区域，将过滤区域外的目标
2026-06-05 11:10:32 [INFO] 准备保存检测结果到: C:\code\show\Scrap_Steel_In_Field\photos\dangerous_det\detection_20260605_111032.jpg
2026-06-05 11:10:32 [INFO] 图像形状: (2160, 3840, 3)
2026-06-05 11:10:32 [INFO] 图像数据类型: uint8
2026-06-05 11:10:32 [INFO] 图像最大值: 255
2026-06-05 11:10:32 [INFO] 图像最小值: 0
2026-06-05 11:10:32 [INFO] 开始保存检测结果图像: 图像尺寸=(2160, 3840, 3), 类型=uint8, 路径=C:\code\show\Scrap_Steel_In_Field\photos\dangerous_det\detection_20260605_111032.jpg
2026-06-05 11:10:32 [INFO] 成功保存检测结果到: C:\code\show\Scrap_Steel_In_Field\photos\dangerous_det\detection_20260605_111032.jpg
2026-06-05 11:10:32 [INFO] 保存的检测结果文件大小: 1864686 字节
2026-06-05 11:10:32 [INFO] 引擎上下文已释放
2026-06-05 11:10:32 [INFO] TensorRT 引擎已释放
2026-06-05 11:10:32 [INFO] 全局 CUDA 资源已释放
2026-06-05 11:10:32 [INFO] 检测系统资源已释放
2026-06-05 11:10:37 [INFO] CUDA 初始化成功
2026-06-05 11:10:37 [INFO] 引擎加载成功: dangerous.engine
2026-06-05 11:10:37 [INFO] 检测系统初始化成功
2026-06-05 11:10:37 [INFO] 图像预处理完成，原始尺寸: (2160, 3840)
2026-06-05 11:10:37 [INFO] 开始执行目标检测...
2026-06-05 11:10:37 [INFO] 检测完成，找到 2 个物体
2026-06-05 11:10:37 [INFO] 物体 1: GasCyl1 (置信度: 0.88)
2026-06-05 11:10:37 [INFO] 物体 2: GasCyl1 (置信度: 0.65)
2026-06-05 11:10:37 [INFO] 检测到车兜区域，将过滤区域外的目标
2026-06-05 11:10:37 [INFO] 准备保存检测结果到: C:\code\show\Scrap_Steel_In_Field\photos\dangerous_det\detection_20260605_111037.jpg
2026-06-05 11:10:37 [INFO] 图像形状: (2160, 3840, 3)
2026-06-05 11:10:37 [INFO] 图像数据类型: uint8
2026-06-05 11:10:37 [INFO] 图像最大值: 255
2026-06-05 11:10:37 [INFO] 图像最小值: 0
2026-06-05 11:10:37 [INFO] 开始保存检测结果图像: 图像尺寸=(2160, 3840, 3), 类型=uint8, 路径=C:\code\show\Scrap_Steel_In_Field\photos\dangerous_det\detection_20260605_111037.jpg
2026-06-05 11:10:37 [INFO] 成功保存检测结果到: C:\code\show\Scrap_Steel_In_Field\photos\dangerous_det\detection_20260605_111037.jpg
2026-06-05 11:10:37 [INFO] 保存的检测结果文件大小: 2014530 字节
2026-06-05 11:10:37 [INFO] 引擎上下文已释放
2026-06-05 11:10:37 [INFO] TensorRT 引擎已释放
2026-06-05 11:10:37 [INFO] 全局 CUDA 资源已释放
2026-06-05 11:10:37 [INFO] 检测系统资源已释放
2026-06-05 11:10:42 [INFO] CUDA 初始化成功
2026-06-05 11:10:42 [INFO] 引擎加载成功: dangerous.engine
2026-06-05 11:10:42 [INFO] 检测系统初始化成功
2026-06-05 11:10:42 [INFO] 图像预处理完成，原始尺寸: (2160, 3840)
2026-06-05 11:10:42 [INFO] 开始执行目标检测...
2026-06-05 11:10:42 [INFO] 检测完成，找到 2 个物体
2026-06-05 11:10:42 [INFO] 物体 1: GasCyl1 (置信度: 0.90)
2026-06-05 11:10:42 [INFO] 物体 2: GasCyl1 (置信度: 0.72)
2026-06-05 11:10:42 [INFO] 检测到车兜区域，将过滤区域外的目标
2026-06-05 11:10:42 [INFO] 准备保存检测结果到: C:\code\show\Scrap_Steel_In_Field\photos\dangerous_det\detection_20260605_111042.jpg
2026-06-05 11:10:42 [INFO] 图像形状: (2160, 3840, 3)
2026-06-05 11:10:42 [INFO] 图像数据类型: uint8
2026-06-05 11:10:42 [INFO] 图像最大值: 255
2026-06-05 11:10:42 [INFO] 图像最小值: 0
2026-06-05 11:10:42 [INFO] 开始保存检测结果图像: 图像尺寸=(2160, 3840, 3), 类型=uint8, 路径=C:\code\show\Scrap_Steel_In_Field\photos\dangerous_det\detection_20260605_111042.jpg
2026-06-05 11:10:42 [INFO] 成功保存检测结果到: C:\code\show\Scrap_Steel_In_Field\photos\dangerous_det\detection_20260605_111042.jpg
2026-06-05 11:10:42 [INFO] 保存的检测结果文件大小: 1996188 字节
2026-06-05 11:10:42 [INFO] 引擎上下文已释放
2026-06-05 11:10:42 [INFO] TensorRT 引擎已释放
2026-06-05 11:10:42 [INFO] 全局 CUDA 资源已释放
2026-06-05 11:10:42 [INFO] 检测系统资源已释放
2026-06-05 11:10:47 [INFO] CUDA 初始化成功
2026-06-05 11:10:47 [INFO] 引擎加载成功: dangerous.engine
2026-06-05 11:10:47 [INFO] 检测系统初始化成功
2026-06-05 11:10:47 [INFO] 图像预处理完成，原始尺寸: (2160, 3840)
2026-06-05 11:10:47 [INFO] 开始执行目标检测...
2026-06-05 11:10:47 [INFO] 检测完成，找到 2 个物体
2026-06-05 11:10:47 [INFO] 物体 1: GasCyl1 (置信度: 0.89)
2026-06-05 11:10:47 [INFO] 物体 2: GasCyl1 (置信度: 0.71)
2026-06-05 11:10:47 [INFO] 检测到车兜区域，将过滤区域外的目标
2026-06-05 11:10:47 [INFO] 准备保存检测结果到: C:\code\show\Scrap_Steel_In_Field\photos\dangerous_det\detection_20260605_111047.jpg
2026-06-05 11:10:47 [INFO] 图像形状: (2160, 3840, 3)
2026-06-05 11:10:47 [INFO] 图像数据类型: uint8
2026-06-05 11:10:47 [INFO] 图像最大值: 255
2026-06-05 11:10:47 [INFO] 图像最小值: 0
2026-06-05 11:10:47 [INFO] 开始保存检测结果图像: 图像尺寸=(2160, 3840, 3), 类型=uint8, 路径=C:\code\show\Scrap_Steel_In_Field\photos\dangerous_det\detection_20260605_111047.jpg
2026-06-05 11:10:47 [INFO] 成功保存检测结果到: C:\code\show\Scrap_Steel_In_Field\photos\dangerous_det\detection_20260605_111047.jpg
2026-06-05 11:10:47 [INFO] 保存的检测结果文件大小: 2034612 字节
2026-06-05 11:10:47 [INFO] 引擎上下文已释放
2026-06-05 11:10:47 [INFO] TensorRT 引擎已释放
2026-06-05 11:10:47 [INFO] 全局 CUDA 资源已释放
2026-06-05 11:10:47 [INFO] 检测系统资源已释放
2026-06-05 11:10:54 [INFO] CUDA 初始化成功
2026-06-05 11:10:54 [INFO] 引擎加载成功: dangerous.engine
2026-06-05 11:10:54 [INFO] 检测系统初始化成功
2026-06-05 11:10:54 [INFO] 图像预处理完成，原始尺寸: (2160, 3840)
2026-06-05 11:10:54 [INFO] 开始执行目标检测...
2026-06-05 11:10:54 [INFO] 检测完成，找到 2 个物体
2026-06-05 11:10:54 [INFO] 物体 1: GasCyl1 (置信度: 0.89)
2026-06-05 11:10:54 [INFO] 物体 2: GasCyl1 (置信度: 0.70)
2026-06-05 11:10:54 [INFO] 检测到车兜区域，将过滤区域外的目标
2026-06-05 11:10:54 [INFO] 准备保存检测结果到: C:\code\show\Scrap_Steel_In_Field\photos\dangerous_det\detection_20260605_111054.jpg
2026-06-05 11:10:54 [INFO] 图像形状: (2160, 3840, 3)
2026-06-05 11:10:54 [INFO] 图像数据类型: uint8
2026-06-05 11:10:54 [INFO] 图像最大值: 255
2026-06-05 11:10:54 [INFO] 图像最小值: 0
2026-06-05 11:10:54 [INFO] 开始保存检测结果图像: 图像尺寸=(2160, 3840, 3), 类型=uint8, 路径=C:\code\show\Scrap_Steel_In_Field\photos\dangerous_det\detection_20260605_111054.jpg
2026-06-05 11:10:54 [INFO] 成功保存检测结果到: C:\code\show\Scrap_Steel_In_Field\photos\dangerous_det\detection_20260605_111054.jpg
2026-06-05 11:10:54 [INFO] 保存的检测结果文件大小: 2016663 字节
2026-06-05 11:10:54 [INFO] 引擎上下文已释放
2026-06-05 11:10:54 [INFO] TensorRT 引擎已释放
2026-06-05 11:10:54 [INFO] 全局 CUDA 资源已释放
2026-06-05 11:10:54 [INFO] 检测系统资源已释放
2026-06-05 11:10:59 [INFO] CUDA 初始化成功
2026-06-05 11:10:59 [INFO] 引擎加载成功: dangerous.engine
2026-06-05 11:10:59 [INFO] 检测系统初始化成功
2026-06-05 11:10:59 [INFO] 图像预处理完成，原始尺寸: (2160, 3840)
2026-06-05 11:10:59 [INFO] 开始执行目标检测...
2026-06-05 11:10:59 [INFO] 检测完成，找到 2 个物体
2026-06-05 11:10:59 [INFO] 物体 1: GasCyl1 (置信度: 0.89)
2026-06-05 11:10:59 [INFO] 物体 2: GasCyl1 (置信度: 0.77)
2026-06-05 11:10:59 [INFO] 检测到车兜区域，将过滤区域外的目标
2026-06-05 11:10:59 [INFO] 准备保存检测结果到: C:\code\show\Scrap_Steel_In_Field\photos\dangerous_det\detection_20260605_111059.jpg
2026-06-05 11:10:59 [INFO] 图像形状: (2160, 3840, 3)
2026-06-05 11:10:59 [INFO] 图像数据类型: uint8
2026-06-05 11:10:59 [INFO] 图像最大值: 255
2026-06-05 11:10:59 [INFO] 图像最小值: 0
2026-06-05 11:10:59 [INFO] 开始保存检测结果图像: 图像尺寸=(2160, 3840, 3), 类型=uint8, 路径=C:\code\show\Scrap_Steel_In_Field\photos\dangerous_det\detection_20260605_111059.jpg
2026-06-05 11:10:59 [INFO] 成功保存检测结果到: C:\code\show\Scrap_Steel_In_Field\photos\dangerous_det\detection_20260605_111059.jpg
2026-06-05 11:10:59 [INFO] 保存的检测结果文件大小: 2043531 字节
2026-06-05 11:10:59 [INFO] 引擎上下文已释放
2026-06-05 11:10:59 [INFO] TensorRT 引擎已释放
2026-06-05 11:10:59 [INFO] 全局 CUDA 资源已释放
2026-06-05 11:10:59 [INFO] 检测系统资源已释放
2026-06-05 11:11:06 [INFO] CUDA 初始化成功
2026-06-05 11:11:06 [INFO] 引擎加载成功: dangerous.engine
2026-06-05 11:11:06 [INFO] 检测系统初始化成功
2026-06-05 11:11:06 [INFO] 图像预处理完成，原始尺寸: (2160, 3840)
2026-06-05 11:11:06 [INFO] 开始执行目标检测...
2026-06-05 11:11:06 [INFO] 检测完成，找到 2 个物体
2026-06-05 11:11:06 [INFO] 物体 1: GasCyl1 (置信度: 0.89)
2026-06-05 11:11:06 [INFO] 物体 2: GasCyl1 (置信度: 0.72)
2026-06-05 11:11:07 [INFO] 检测到车兜区域，将过滤区域外的目标
2026-06-05 11:11:07 [INFO] 准备保存检测结果到: C:\code\show\Scrap_Steel_In_Field\photos\dangerous_det\detection_20260605_111107.jpg
2026-06-05 11:11:07 [INFO] 图像形状: (2160, 3840, 3)
2026-06-05 11:11:07 [INFO] 图像数据类型: uint8
2026-06-05 11:11:07 [INFO] 图像最大值: 255
2026-06-05 11:11:07 [INFO] 图像最小值: 0
2026-06-05 11:11:07 [INFO] 开始保存检测结果图像: 图像尺寸=(2160, 3840, 3), 类型=uint8, 路径=C:\code\show\Scrap_Steel_In_Field\photos\dangerous_det\detection_20260605_111107.jpg
2026-06-05 11:11:07 [INFO] 成功保存检测结果到: C:\code\show\Scrap_Steel_In_Field\photos\dangerous_det\detection_20260605_111107.jpg
2026-06-05 11:11:07 [INFO] 保存的检测结果文件大小: 1994957 字节
2026-06-05 11:11:07 [INFO] 引擎上下文已释放
2026-06-05 11:11:07 [INFO] TensorRT 引擎已释放
2026-06-05 11:11:07 [INFO] 全局 CUDA 资源已释放
2026-06-05 11:11:07 [INFO] 检测系统资源已释放
2026-06-05 11:11:11 [INFO] CUDA 初始化成功
2026-06-05 11:11:11 [INFO] 引擎加载成功: dangerous.engine
2026-06-05 11:11:11 [INFO] 检测系统初始化成功
2026-06-05 11:11:11 [INFO] 图像预处理完成，原始尺寸: (2160, 3840)
2026-06-05 11:11:11 [INFO] 开始执行目标检测...
2026-06-05 11:11:11 [INFO] 检测完成，找到 2 个物体
2026-06-05 11:11:11 [INFO] 物体 1: GasCyl1 (置信度: 0.89)
2026-06-05 11:11:11 [INFO] 物体 2: GasCyl1 (置信度: 0.73)
2026-06-05 11:11:11 [INFO] 检测到车兜区域，将过滤区域外的目标
2026-06-05 11:11:11 [INFO] 准备保存检测结果到: C:\code\show\Scrap_Steel_In_Field\photos\dangerous_det\detection_20260605_111111.jpg
2026-06-05 11:11:11 [INFO] 图像形状: (2160, 3840, 3)
2026-06-05 11:11:11 [INFO] 图像数据类型: uint8
2026-06-05 11:11:11 [INFO] 图像最大值: 255
2026-06-05 11:11:11 [INFO] 图像最小值: 0
2026-06-05 11:11:11 [INFO] 开始保存检测结果图像: 图像尺寸=(2160, 3840, 3), 类型=uint8, 路径=C:\code\show\Scrap_Steel_In_Field\photos\dangerous_det\detection_20260605_111111.jpg
2026-06-05 11:11:11 [INFO] 成功保存检测结果到: C:\code\show\Scrap_Steel_In_Field\photos\dangerous_det\detection_20260605_111111.jpg
2026-06-05 11:11:11 [INFO] 保存的检测结果文件大小: 2031538 字节
2026-06-05 11:11:11 [INFO] 引擎上下文已释放
2026-06-05 11:11:11 [INFO] TensorRT 引擎已释放
2026-06-05 11:11:11 [INFO] 全局 CUDA 资源已释放
2026-06-05 11:11:11 [INFO] 检测系统资源已释放
2026-06-05 11:11:16 [INFO] CUDA 初始化成功
2026-06-05 11:11:16 [INFO] 引擎加载成功: dangerous.engine
2026-06-05 11:11:16 [INFO] 检测系统初始化成功
2026-06-05 11:11:16 [INFO] 图像预处理完成，原始尺寸: (2160, 3840)
2026-06-05 11:11:16 [INFO] 开始执行目标检测...
2026-06-05 11:11:16 [INFO] 检测完成，找到 2 个物体
2026-06-05 11:11:16 [INFO] 物体 1: GasCyl1 (置信度: 0.89)
2026-06-05 11:11:16 [INFO] 物体 2: GasCyl1 (置信度: 0.76)
2026-06-05 11:11:16 [INFO] 检测到车兜区域，将过滤区域外的目标
2026-06-05 11:11:16 [INFO] 准备保存检测结果到: C:\code\show\Scrap_Steel_In_Field\photos\dangerous_det\detection_20260605_111116.jpg
2026-06-05 11:11:16 [INFO] 图像形状: (2160, 3840, 3)
2026-06-05 11:11:16 [INFO] 图像数据类型: uint8
2026-06-05 11:11:16 [INFO] 图像最大值: 255
2026-06-05 11:11:16 [INFO] 图像最小值: 0
2026-06-05 11:11:16 [INFO] 开始保存检测结果图像: 图像尺寸=(2160, 3840, 3), 类型=uint8, 路径=C:\code\show\Scrap_Steel_In_Field\photos\dangerous_det\detection_20260605_111116.jpg
2026-06-05 11:11:16 [INFO] 成功保存检测结果到: C:\code\show\Scrap_Steel_In_Field\photos\dangerous_det\detection_20260605_111116.jpg
2026-06-05 11:11:16 [INFO] 保存的检测结果文件大小: 2015828 字节
2026-06-05 11:11:16 [INFO] 引擎上下文已释放
2026-06-05 11:11:16 [INFO] TensorRT 引擎已释放
2026-06-05 11:11:17 [INFO] 全局 CUDA 资源已释放
2026-06-05 11:11:17 [INFO] 检测系统资源已释放
