2026-07-10 14:44:06 [INFO] CUDA 初始化成功
2026-07-10 14:44:06 [INFO] 引擎加载成功: dangerous.engine
2026-07-10 14:44:06 [INFO] 检测系统初始化成功
2026-07-10 14:44:09 [INFO] 引擎加载成功: dangerous.engine
2026-07-10 14:44:09 [INFO] 检测系统初始化成功
2026-07-10 14:44:09 [INFO] 图像预处理完成，原始尺寸: (2160, 3840)
2026-07-10 14:44:09 [INFO] 开始执行目标检测...
2026-07-10 14:44:09 [INFO] 检测完成，找到 0 个物体
2026-07-10 14:44:09 [INFO] 检测到车兜区域，将过滤区域外的目标
2026-07-10 14:44:09 [INFO] 引擎上下文已释放
2026-07-10 14:44:09 [INFO] TensorRT 引擎已释放
2026-07-10 14:44:09 [INFO] 全局 CUDA 资源已释放
2026-07-10 14:44:09 [INFO] 检测系统资源已释放
2026-07-10 14:44:14 [INFO] CUDA 初始化成功
2026-07-10 14:44:14 [INFO] 引擎加载成功: dangerous.engine
2026-07-10 14:44:14 [INFO] 检测系统初始化成功
2026-07-10 14:44:14 [INFO] 图像预处理完成，原始尺寸: (2160, 3840)
2026-07-10 14:44:14 [INFO] 开始执行目标检测...
2026-07-10 14:44:14 [INFO] 检测完成，找到 3 个物体
2026-07-10 14:44:14 [INFO] 物体 1: GasCyl1 (置信度: 0.95)
2026-07-10 14:44:14 [INFO] 物体 2: FireExt1 (置信度: 0.46)
2026-07-10 14:44:14 [INFO] 物体 3: FireExt1 (置信度: 0.45)
2026-07-10 14:44:14 [INFO] 检测到车兜区域，将过滤区域外的目标
2026-07-10 14:44:14 [INFO] 准备保存检测结果到: C:\code\show\Scrap_Steel_In_Field\photos\dangerous_det\detection_20260710_144414.jpg
2026-07-10 14:44:14 [INFO] 图像形状: (2160, 3840, 3)
2026-07-10 14:44:14 [INFO] 图像数据类型: uint8
2026-07-10 14:44:14 [INFO] 图像最大值: 255
2026-07-10 14:44:14 [INFO] 图像最小值: 0
2026-07-10 14:44:14 [INFO] 开始保存检测结果图像: 图像尺寸=(2160, 3840, 3), 类型=uint8, 路径=C:\code\show\Scrap_Steel_In_Field\photos\dangerous_det\detection_20260710_144414.jpg
2026-07-10 14:44:14 [INFO] 成功保存检测结果到: C:\code\show\Scrap_Steel_In_Field\photos\dangerous_det\detection_20260710_144414.jpg
2026-07-10 14:44:14 [INFO] 保存的检测结果文件大小: 2343339 字节
2026-07-10 14:44:14 [INFO] 引擎上下文已释放
2026-07-10 14:44:14 [INFO] TensorRT 引擎已释放
2026-07-10 14:44:14 [INFO] 全局 CUDA 资源已释放
2026-07-10 14:44:14 [INFO] 检测系统资源已释放
2026-07-10 14:44:20 [INFO] CUDA 初始化成功
2026-07-10 14:44:20 [INFO] 引擎加载成功: dangerous.engine
2026-07-10 14:44:20 [INFO] 检测系统初始化成功
2026-07-10 14:44:20 [INFO] 图像预处理完成，原始尺寸: (2160, 3840)
2026-07-10 14:44:20 [INFO] 开始执行目标检测...
2026-07-10 14:44:20 [INFO] 检测完成，找到 3 个物体
2026-07-10 14:44:20 [INFO] 物体 1: GasCyl1 (置信度: 0.95)
2026-07-10 14:44:20 [INFO] 物体 2: GasCyl1 (置信度: 0.44)
2026-07-10 14:44:20 [INFO] 物体 3: FireExt1 (置信度: 0.40)
2026-07-10 14:44:20 [INFO] 检测到车兜区域，将过滤区域外的目标
2026-07-10 14:44:20 [INFO] 准备保存检测结果到: C:\code\show\Scrap_Steel_In_Field\photos\dangerous_det\detection_20260710_144420.jpg
2026-07-10 14:44:20 [INFO] 图像形状: (2160, 3840, 3)
2026-07-10 14:44:20 [INFO] 图像数据类型: uint8
2026-07-10 14:44:20 [INFO] 图像最大值: 255
2026-07-10 14:44:20 [INFO] 图像最小值: 0
2026-07-10 14:44:20 [INFO] 开始保存检测结果图像: 图像尺寸=(2160, 3840, 3), 类型=uint8, 路径=C:\code\show\Scrap_Steel_In_Field\photos\dangerous_det\detection_20260710_144420.jpg
2026-07-10 14:44:20 [INFO] 成功保存检测结果到: C:\code\show\Scrap_Steel_In_Field\photos\dangerous_det\detection_20260710_144420.jpg
2026-07-10 14:44:20 [INFO] 保存的检测结果文件大小: 2344788 字节
2026-07-10 14:44:20 [INFO] 引擎上下文已释放
2026-07-10 14:44:20 [INFO] TensorRT 引擎已释放
2026-07-10 14:44:20 [INFO] 全局 CUDA 资源已释放
2026-07-10 14:44:20 [INFO] 检测系统资源已释放
2026-07-10 14:44:25 [INFO] CUDA 初始化成功
2026-07-10 14:44:25 [INFO] 引擎加载成功: dangerous.engine
2026-07-10 14:44:25 [INFO] 检测系统初始化成功
2026-07-10 14:44:25 [INFO] 图像预处理完成，原始尺寸: (2160, 3840)
2026-07-10 14:44:25 [INFO] 开始执行目标检测...
2026-07-10 14:44:25 [INFO] 检测完成，找到 3 个物体
2026-07-10 14:44:25 [INFO] 物体 1: GasCyl1 (置信度: 0.95)
2026-07-10 14:44:25 [INFO] 物体 2: FireExt1 (置信度: 0.44)
2026-07-10 14:44:25 [INFO] 物体 3: FireExt1 (置信度: 0.42)
2026-07-10 14:44:25 [INFO] 检测到车兜区域，将过滤区域外的目标
2026-07-10 14:44:25 [INFO] 准备保存检测结果到: C:\code\show\Scrap_Steel_In_Field\photos\dangerous_det\detection_20260710_144425.jpg
2026-07-10 14:44:25 [INFO] 图像形状: (2160, 3840, 3)
2026-07-10 14:44:25 [INFO] 图像数据类型: uint8
2026-07-10 14:44:25 [INFO] 图像最大值: 255
2026-07-10 14:44:25 [INFO] 图像最小值: 0
2026-07-10 14:44:25 [INFO] 开始保存检测结果图像: 图像尺寸=(2160, 3840, 3), 类型=uint8, 路径=C:\code\show\Scrap_Steel_In_Field\photos\dangerous_det\detection_20260710_144425.jpg
2026-07-10 14:44:25 [INFO] 成功保存检测结果到: C:\code\show\Scrap_Steel_In_Field\photos\dangerous_det\detection_20260710_144425.jpg
2026-07-10 14:44:25 [INFO] 保存的检测结果文件大小: 2345472 字节
2026-07-10 14:44:25 [INFO] 引擎上下文已释放
2026-07-10 14:44:25 [INFO] TensorRT 引擎已释放
2026-07-10 14:44:25 [INFO] 全局 CUDA 资源已释放
2026-07-10 14:44:25 [INFO] 检测系统资源已释放
2026-07-10 14:44:31 [INFO] CUDA 初始化成功
2026-07-10 14:44:31 [INFO] 引擎加载成功: dangerous.engine
2026-07-10 14:44:31 [INFO] 检测系统初始化成功
2026-07-10 14:44:31 [INFO] 图像预处理完成，原始尺寸: (2160, 3840)
2026-07-10 14:44:31 [INFO] 开始执行目标检测...
2026-07-10 14:44:31 [INFO] 检测完成，找到 3 个物体
2026-07-10 14:44:31 [INFO] 物体 1: GasCyl1 (置信度: 0.95)
2026-07-10 14:44:31 [INFO] 物体 2: FireExt1 (置信度: 0.47)
2026-07-10 14:44:31 [INFO] 物体 3: FireExt1 (置信度: 0.42)
2026-07-10 14:44:31 [INFO] 检测到车兜区域，将过滤区域外的目标
2026-07-10 14:44:31 [INFO] 准备保存检测结果到: C:\code\show\Scrap_Steel_In_Field\photos\dangerous_det\detection_20260710_144431.jpg
2026-07-10 14:44:31 [INFO] 图像形状: (2160, 3840, 3)
2026-07-10 14:44:31 [INFO] 图像数据类型: uint8
2026-07-10 14:44:31 [INFO] 图像最大值: 255
2026-07-10 14:44:31 [INFO] 图像最小值: 0
2026-07-10 14:44:31 [INFO] 开始保存检测结果图像: 图像尺寸=(2160, 3840, 3), 类型=uint8, 路径=C:\code\show\Scrap_Steel_In_Field\photos\dangerous_det\detection_20260710_144431.jpg
2026-07-10 14:44:31 [INFO] 成功保存检测结果到: C:\code\show\Scrap_Steel_In_Field\photos\dangerous_det\detection_20260710_144431.jpg
2026-07-10 14:44:31 [INFO] 保存的检测结果文件大小: 2347474 字节
2026-07-10 14:44:31 [INFO] 引擎上下文已释放
2026-07-10 14:44:31 [INFO] TensorRT 引擎已释放
2026-07-10 14:44:31 [INFO] 全局 CUDA 资源已释放
2026-07-10 14:44:31 [INFO] 检测系统资源已释放
2026-07-10 14:44:36 [INFO] CUDA 初始化成功
2026-07-10 14:44:36 [INFO] 引擎加载成功: dangerous.engine
2026-07-10 14:44:36 [INFO] 检测系统初始化成功
2026-07-10 14:44:36 [INFO] 图像预处理完成，原始尺寸: (2160, 3840)
2026-07-10 14:44:36 [INFO] 开始执行目标检测...
2026-07-10 14:44:36 [INFO] 检测完成，找到 3 个物体
2026-07-10 14:44:36 [INFO] 物体 1: GasCyl1 (置信度: 0.95)
2026-07-10 14:44:36 [INFO] 物体 2: FireExt1 (置信度: 0.42)
2026-07-10 14:44:36 [INFO] 物体 3: FireExt1 (置信度: 0.40)
2026-07-10 14:44:36 [INFO] 检测到车兜区域，将过滤区域外的目标
2026-07-10 14:44:36 [INFO] 准备保存检测结果到: C:\code\show\Scrap_Steel_In_Field\photos\dangerous_det\detection_20260710_144436.jpg
2026-07-10 14:44:36 [INFO] 图像形状: (2160, 3840, 3)
2026-07-10 14:44:36 [INFO] 图像数据类型: uint8
2026-07-10 14:44:36 [INFO] 图像最大值: 255
2026-07-10 14:44:36 [INFO] 图像最小值: 0
2026-07-10 14:44:36 [INFO] 开始保存检测结果图像: 图像尺寸=(2160, 3840, 3), 类型=uint8, 路径=C:\code\show\Scrap_Steel_In_Field\photos\dangerous_det\detection_20260710_144436.jpg
2026-07-10 14:44:36 [INFO] 成功保存检测结果到: C:\code\show\Scrap_Steel_In_Field\photos\dangerous_det\detection_20260710_144436.jpg
2026-07-10 14:44:36 [INFO] 保存的检测结果文件大小: 2345834 字节
2026-07-10 14:44:36 [INFO] 引擎上下文已释放
2026-07-10 14:44:36 [INFO] TensorRT 引擎已释放
2026-07-10 14:44:36 [INFO] 全局 CUDA 资源已释放
2026-07-10 14:44:36 [INFO] 检测系统资源已释放
2026-07-10 14:44:41 [INFO] CUDA 初始化成功
2026-07-10 14:44:41 [INFO] 引擎加载成功: dangerous.engine
2026-07-10 14:44:41 [INFO] 检测系统初始化成功
2026-07-10 14:44:41 [INFO] 图像预处理完成，原始尺寸: (2160, 3840)
2026-07-10 14:44:41 [INFO] 开始执行目标检测...
2026-07-10 14:44:41 [INFO] 检测完成，找到 3 个物体
2026-07-10 14:44:41 [INFO] 物体 1: GasCyl1 (置信度: 0.95)
2026-07-10 14:44:41 [INFO] 物体 2: FireExt1 (置信度: 0.46)
2026-07-10 14:44:41 [INFO] 物体 3: FireExt1 (置信度: 0.37)
2026-07-10 14:44:41 [INFO] 检测到车兜区域，将过滤区域外的目标
2026-07-10 14:44:41 [INFO] 准备保存检测结果到: C:\code\show\Scrap_Steel_In_Field\photos\dangerous_det\detection_20260710_144441.jpg
2026-07-10 14:44:41 [INFO] 图像形状: (2160, 3840, 3)
2026-07-10 14:44:41 [INFO] 图像数据类型: uint8
2026-07-10 14:44:41 [INFO] 图像最大值: 255
2026-07-10 14:44:41 [INFO] 图像最小值: 0
2026-07-10 14:44:41 [INFO] 开始保存检测结果图像: 图像尺寸=(2160, 3840, 3), 类型=uint8, 路径=C:\code\show\Scrap_Steel_In_Field\photos\dangerous_det\detection_20260710_144441.jpg
2026-07-10 14:44:41 [INFO] 成功保存检测结果到: C:\code\show\Scrap_Steel_In_Field\photos\dangerous_det\detection_20260710_144441.jpg
2026-07-10 14:44:41 [INFO] 保存的检测结果文件大小: 2347819 字节
2026-07-10 14:44:41 [INFO] 引擎上下文已释放
2026-07-10 14:44:41 [INFO] TensorRT 引擎已释放
2026-07-10 14:44:41 [INFO] 全局 CUDA 资源已释放
2026-07-10 14:44:41 [INFO] 检测系统资源已释放
2026-07-10 14:44:46 [INFO] CUDA 初始化成功
2026-07-10 14:44:46 [INFO] 引擎加载成功: dangerous.engine
2026-07-10 14:44:46 [INFO] 检测系统初始化成功
2026-07-10 14:44:46 [INFO] 图像预处理完成，原始尺寸: (2160, 3840)
2026-07-10 14:44:46 [INFO] 开始执行目标检测...
2026-07-10 14:44:47 [INFO] 检测完成，找到 3 个物体
2026-07-10 14:44:47 [INFO] 物体 1: GasCyl1 (置信度: 0.95)
2026-07-10 14:44:47 [INFO] 物体 2: GasCyl1 (置信度: 0.50)
2026-07-10 14:44:47 [INFO] 物体 3: FireExt1 (置信度: 0.41)
2026-07-10 14:44:47 [INFO] 检测到车兜区域，将过滤区域外的目标
2026-07-10 14:44:47 [INFO] 准备保存检测结果到: C:\code\show\Scrap_Steel_In_Field\photos\dangerous_det\detection_20260710_144447.jpg
2026-07-10 14:44:47 [INFO] 图像形状: (2160, 3840, 3)
2026-07-10 14:44:47 [INFO] 图像数据类型: uint8
2026-07-10 14:44:47 [INFO] 图像最大值: 255
2026-07-10 14:44:47 [INFO] 图像最小值: 0
2026-07-10 14:44:47 [INFO] 开始保存检测结果图像: 图像尺寸=(2160, 3840, 3), 类型=uint8, 路径=C:\code\show\Scrap_Steel_In_Field\photos\dangerous_det\detection_20260710_144447.jpg
2026-07-10 14:44:47 [INFO] 成功保存检测结果到: C:\code\show\Scrap_Steel_In_Field\photos\dangerous_det\detection_20260710_144447.jpg
2026-07-10 14:44:47 [INFO] 保存的检测结果文件大小: 2308243 字节
2026-07-10 14:44:47 [INFO] 引擎上下文已释放
2026-07-10 14:44:47 [INFO] TensorRT 引擎已释放
2026-07-10 14:44:47 [INFO] 全局 CUDA 资源已释放
2026-07-10 14:44:47 [INFO] 检测系统资源已释放
2026-07-10 14:44:51 [INFO] CUDA 初始化成功
2026-07-10 14:44:51 [INFO] 引擎加载成功: dangerous.engine
2026-07-10 14:44:51 [INFO] 检测系统初始化成功
2026-07-10 14:44:51 [INFO] 图像预处理完成，原始尺寸: (2160, 3840)
2026-07-10 14:44:51 [INFO] 开始执行目标检测...
2026-07-10 14:44:51 [INFO] 检测完成，找到 3 个物体
2026-07-10 14:44:51 [INFO] 物体 1: GasCyl1 (置信度: 0.95)
2026-07-10 14:44:51 [INFO] 物体 2: GasCyl1 (置信度: 0.48)
2026-07-10 14:44:51 [INFO] 物体 3: FireExt1 (置信度: 0.44)
2026-07-10 14:44:51 [INFO] 检测到车兜区域，将过滤区域外的目标
2026-07-10 14:44:51 [INFO] 准备保存检测结果到: C:\code\show\Scrap_Steel_In_Field\photos\dangerous_det\detection_20260710_144451.jpg
2026-07-10 14:44:51 [INFO] 图像形状: (2160, 3840, 3)
2026-07-10 14:44:51 [INFO] 图像数据类型: uint8
2026-07-10 14:44:51 [INFO] 图像最大值: 255
2026-07-10 14:44:51 [INFO] 图像最小值: 0
2026-07-10 14:44:51 [INFO] 开始保存检测结果图像: 图像尺寸=(2160, 3840, 3), 类型=uint8, 路径=C:\code\show\Scrap_Steel_In_Field\photos\dangerous_det\detection_20260710_144451.jpg
2026-07-10 14:44:51 [INFO] 成功保存检测结果到: C:\code\show\Scrap_Steel_In_Field\photos\dangerous_det\detection_20260710_144451.jpg
2026-07-10 14:44:51 [INFO] 保存的检测结果文件大小: 2345093 字节
2026-07-10 14:44:51 [INFO] 引擎上下文已释放
2026-07-10 14:44:51 [INFO] TensorRT 引擎已释放
2026-07-10 14:44:51 [INFO] 全局 CUDA 资源已释放
2026-07-10 14:44:51 [INFO] 检测系统资源已释放
2026-07-10 14:44:56 [INFO] CUDA 初始化成功
2026-07-10 14:44:57 [INFO] 引擎加载成功: dangerous.engine
2026-07-10 14:44:57 [INFO] 检测系统初始化成功
2026-07-10 14:44:57 [INFO] 图像预处理完成，原始尺寸: (2160, 3840)
2026-07-10 14:44:57 [INFO] 开始执行目标检测...
2026-07-10 14:44:57 [INFO] 检测完成，找到 3 个物体
2026-07-10 14:44:57 [INFO] 物体 1: GasCyl1 (置信度: 0.95)
2026-07-10 14:44:57 [INFO] 物体 2: GasCyl1 (置信度: 0.47)
2026-07-10 14:44:57 [INFO] 物体 3: FireExt1 (置信度: 0.40)
2026-07-10 14:44:57 [INFO] 检测到车兜区域，将过滤区域外的目标
2026-07-10 14:44:57 [INFO] 准备保存检测结果到: C:\code\show\Scrap_Steel_In_Field\photos\dangerous_det\detection_20260710_144457.jpg
2026-07-10 14:44:57 [INFO] 图像形状: (2160, 3840, 3)
2026-07-10 14:44:57 [INFO] 图像数据类型: uint8
2026-07-10 14:44:57 [INFO] 图像最大值: 255
2026-07-10 14:44:57 [INFO] 图像最小值: 0
2026-07-10 14:44:57 [INFO] 开始保存检测结果图像: 图像尺寸=(2160, 3840, 3), 类型=uint8, 路径=C:\code\show\Scrap_Steel_In_Field\photos\dangerous_det\detection_20260710_144457.jpg
2026-07-10 14:44:57 [INFO] 成功保存检测结果到: C:\code\show\Scrap_Steel_In_Field\photos\dangerous_det\detection_20260710_144457.jpg
2026-07-10 14:44:57 [INFO] 保存的检测结果文件大小: 2347989 字节
2026-07-10 14:44:57 [INFO] 引擎上下文已释放
2026-07-10 14:44:57 [INFO] TensorRT 引擎已释放
2026-07-10 14:44:57 [INFO] 全局 CUDA 资源已释放
2026-07-10 14:44:57 [INFO] 检测系统资源已释放
2026-07-10 14:45:02 [INFO] CUDA 初始化成功
2026-07-10 14:45:02 [INFO] 引擎加载成功: dangerous.engine
2026-07-10 14:45:02 [INFO] 检测系统初始化成功
2026-07-10 14:45:02 [INFO] 图像预处理完成，原始尺寸: (2160, 3840)
2026-07-10 14:45:02 [INFO] 开始执行目标检测...
2026-07-10 14:45:02 [INFO] 检测完成，找到 1 个物体
2026-07-10 14:45:02 [INFO] 物体 1: GasCyl1 (置信度: 0.82)
2026-07-10 14:45:02 [INFO] 准备保存检测结果到: C:\code\show\Scrap_Steel_In_Field\photos\dangerous_det\detection_20260710_144502.jpg
2026-07-10 14:45:02 [INFO] 图像形状: (2160, 3840, 3)
2026-07-10 14:45:02 [INFO] 图像数据类型: uint8
2026-07-10 14:45:02 [INFO] 图像最大值: 255
2026-07-10 14:45:02 [INFO] 图像最小值: 0
2026-07-10 14:45:02 [INFO] 开始保存检测结果图像: 图像尺寸=(2160, 3840, 3), 类型=uint8, 路径=C:\code\show\Scrap_Steel_In_Field\photos\dangerous_det\detection_20260710_144502.jpg
2026-07-10 14:45:02 [INFO] 成功保存检测结果到: C:\code\show\Scrap_Steel_In_Field\photos\dangerous_det\detection_20260710_144502.jpg
2026-07-10 14:45:02 [INFO] 保存的检测结果文件大小: 1618484 字节
2026-07-10 14:45:02 [INFO] 引擎上下文已释放
2026-07-10 14:45:02 [INFO] TensorRT 引擎已释放
2026-07-10 14:45:02 [INFO] 全局 CUDA 资源已释放
2026-07-10 14:45:02 [INFO] 检测系统资源已释放
2026-07-10 14:45:07 [INFO] CUDA 初始化成功
2026-07-10 14:45:07 [INFO] 引擎加载成功: dangerous.engine
2026-07-10 14:45:07 [INFO] 检测系统初始化成功
2026-07-10 14:45:07 [INFO] 图像预处理完成，原始尺寸: (2160, 3840)
2026-07-10 14:45:07 [INFO] 开始执行目标检测...
2026-07-10 14:45:07 [INFO] 检测完成，找到 3 个物体
2026-07-10 14:45:07 [INFO] 物体 1: GasCyl1 (置信度: 0.90)
2026-07-10 14:45:07 [INFO] 物体 2: GasCyl1 (置信度: 0.69)
2026-07-10 14:45:07 [INFO] 物体 3: FireExt1 (置信度: 0.35)
2026-07-10 14:45:08 [INFO] 准备保存检测结果到: C:\code\show\Scrap_Steel_In_Field\photos\dangerous_det\detection_20260710_144508.jpg
2026-07-10 14:45:08 [INFO] 图像形状: (2160, 3840, 3)
2026-07-10 14:45:08 [INFO] 图像数据类型: uint8
2026-07-10 14:45:08 [INFO] 图像最大值: 255
2026-07-10 14:45:08 [INFO] 图像最小值: 0
2026-07-10 14:45:08 [INFO] 开始保存检测结果图像: 图像尺寸=(2160, 3840, 3), 类型=uint8, 路径=C:\code\show\Scrap_Steel_In_Field\photos\dangerous_det\detection_20260710_144508.jpg
2026-07-10 14:45:08 [INFO] 成功保存检测结果到: C:\code\show\Scrap_Steel_In_Field\photos\dangerous_det\detection_20260710_144508.jpg
2026-07-10 14:45:08 [INFO] 保存的检测结果文件大小: 1904543 字节
2026-07-10 14:45:08 [INFO] 引擎上下文已释放
2026-07-10 14:45:08 [INFO] TensorRT 引擎已释放
2026-07-10 14:45:08 [INFO] 全局 CUDA 资源已释放
2026-07-10 14:45:08 [INFO] 检测系统资源已释放
2026-07-10 14:45:12 [INFO] CUDA 初始化成功
2026-07-10 14:45:12 [INFO] 引擎加载成功: dangerous.engine
2026-07-10 14:45:12 [INFO] 检测系统初始化成功
2026-07-10 14:45:12 [INFO] 图像预处理完成，原始尺寸: (2160, 3840)
2026-07-10 14:45:12 [INFO] 开始执行目标检测...
2026-07-10 14:45:13 [INFO] 检测完成，找到 2 个物体
2026-07-10 14:45:13 [INFO] 物体 1: GasCyl1 (置信度: 0.93)
2026-07-10 14:45:13 [INFO] 物体 2: GasCyl1 (置信度: 0.60)
2026-07-10 14:45:13 [INFO] 检测到车兜区域，将过滤区域外的目标
2026-07-10 14:45:13 [INFO] 车兜区域过滤: 2 -> 1 个目标
2026-07-10 14:45:13 [INFO] 准备保存检测结果到: C:\code\show\Scrap_Steel_In_Field\photos\dangerous_det\detection_20260710_144513.jpg
2026-07-10 14:45:13 [INFO] 图像形状: (2160, 3840, 3)
2026-07-10 14:45:13 [INFO] 图像数据类型: uint8
2026-07-10 14:45:13 [INFO] 图像最大值: 255
2026-07-10 14:45:13 [INFO] 图像最小值: 0
2026-07-10 14:45:13 [INFO] 开始保存检测结果图像: 图像尺寸=(2160, 3840, 3), 类型=uint8, 路径=C:\code\show\Scrap_Steel_In_Field\photos\dangerous_det\detection_20260710_144513.jpg
2026-07-10 14:45:13 [INFO] 成功保存检测结果到: C:\code\show\Scrap_Steel_In_Field\photos\dangerous_det\detection_20260710_144513.jpg
2026-07-10 14:45:13 [INFO] 保存的检测结果文件大小: 2175320 字节
2026-07-10 14:45:13 [INFO] 引擎上下文已释放
2026-07-10 14:45:13 [INFO] TensorRT 引擎已释放
2026-07-10 14:45:13 [INFO] 全局 CUDA 资源已释放
2026-07-10 14:45:13 [INFO] 检测系统资源已释放
2026-07-10 14:45:18 [INFO] CUDA 初始化成功
2026-07-10 14:45:18 [INFO] 引擎加载成功: dangerous.engine
2026-07-10 14:45:18 [INFO] 检测系统初始化成功
2026-07-10 14:45:18 [INFO] 图像预处理完成，原始尺寸: (2160, 3840)
2026-07-10 14:45:18 [INFO] 开始执行目标检测...
2026-07-10 14:45:18 [INFO] 检测完成，找到 2 个物体
2026-07-10 14:45:18 [INFO] 物体 1: GasCyl1 (置信度: 0.56)
2026-07-10 14:45:18 [INFO] 物体 2: FireExt1 (置信度: 0.55)
2026-07-10 14:45:18 [INFO] 检测到车兜区域，将过滤区域外的目标
2026-07-10 14:45:18 [INFO] 车兜区域过滤: 2 -> 1 个目标
2026-07-10 14:45:18 [INFO] 准备保存检测结果到: C:\code\show\Scrap_Steel_In_Field\photos\dangerous_det\detection_20260710_144518.jpg
2026-07-10 14:45:18 [INFO] 图像形状: (2160, 3840, 3)
2026-07-10 14:45:18 [INFO] 图像数据类型: uint8
2026-07-10 14:45:18 [INFO] 图像最大值: 255
2026-07-10 14:45:18 [INFO] 图像最小值: 0
2026-07-10 14:45:18 [INFO] 开始保存检测结果图像: 图像尺寸=(2160, 3840, 3), 类型=uint8, 路径=C:\code\show\Scrap_Steel_In_Field\photos\dangerous_det\detection_20260710_144518.jpg
2026-07-10 14:45:18 [INFO] 成功保存检测结果到: C:\code\show\Scrap_Steel_In_Field\photos\dangerous_det\detection_20260710_144518.jpg
2026-07-10 14:45:18 [INFO] 保存的检测结果文件大小: 2285004 字节
2026-07-10 14:45:18 [INFO] 引擎上下文已释放
2026-07-10 14:45:18 [INFO] TensorRT 引擎已释放
2026-07-10 14:45:18 [INFO] 全局 CUDA 资源已释放
2026-07-10 14:45:18 [INFO] 检测系统资源已释放
2026-07-10 14:45:23 [INFO] CUDA 初始化成功
2026-07-10 14:45:23 [INFO] 引擎加载成功: dangerous.engine
2026-07-10 14:45:23 [INFO] 检测系统初始化成功
2026-07-10 14:45:24 [INFO] 图像预处理完成，原始尺寸: (2160, 3840)
2026-07-10 14:45:24 [INFO] 开始执行目标检测...
2026-07-10 14:45:24 [INFO] 检测完成，找到 1 个物体
2026-07-10 14:45:24 [INFO] 物体 1: GasCyl1 (置信度: 0.38)
2026-07-10 14:45:24 [INFO] 检测到车兜区域，将过滤区域外的目标
2026-07-10 14:45:24 [INFO] 准备保存检测结果到: C:\code\show\Scrap_Steel_In_Field\photos\dangerous_det\detection_20260710_144524.jpg
2026-07-10 14:45:24 [INFO] 图像形状: (2160, 3840, 3)
2026-07-10 14:45:24 [INFO] 图像数据类型: uint8
2026-07-10 14:45:24 [INFO] 图像最大值: 255
2026-07-10 14:45:24 [INFO] 图像最小值: 0
2026-07-10 14:45:24 [INFO] 开始保存检测结果图像: 图像尺寸=(2160, 3840, 3), 类型=uint8, 路径=C:\code\show\Scrap_Steel_In_Field\photos\dangerous_det\detection_20260710_144524.jpg
2026-07-10 14:45:24 [INFO] 成功保存检测结果到: C:\code\show\Scrap_Steel_In_Field\photos\dangerous_det\detection_20260710_144524.jpg
2026-07-10 14:45:24 [INFO] 保存的检测结果文件大小: 2282528 字节
2026-07-10 14:45:24 [INFO] 引擎上下文已释放
2026-07-10 14:45:24 [INFO] TensorRT 引擎已释放
2026-07-10 14:45:24 [INFO] 全局 CUDA 资源已释放
2026-07-10 14:45:24 [INFO] 检测系统资源已释放
2026-07-10 14:45:29 [INFO] CUDA 初始化成功
2026-07-10 14:45:29 [INFO] 引擎加载成功: dangerous.engine
2026-07-10 14:45:29 [INFO] 检测系统初始化成功
2026-07-10 14:45:29 [INFO] 图像预处理完成，原始尺寸: (2160, 3840)
2026-07-10 14:45:29 [INFO] 开始执行目标检测...
2026-07-10 14:45:29 [INFO] 检测完成，找到 0 个物体
2026-07-10 14:45:29 [INFO] 引擎上下文已释放
2026-07-10 14:45:29 [INFO] TensorRT 引擎已释放
2026-07-10 14:45:29 [INFO] 全局 CUDA 资源已释放
2026-07-10 14:45:29 [INFO] 检测系统资源已释放
2026-07-10 14:45:34 [INFO] CUDA 初始化成功
2026-07-10 14:45:34 [INFO] 引擎加载成功: dangerous.engine
2026-07-10 14:45:34 [INFO] 检测系统初始化成功
2026-07-10 14:45:34 [INFO] 图像预处理完成，原始尺寸: (2160, 3840)
2026-07-10 14:45:34 [INFO] 开始执行目标检测...
2026-07-10 14:45:34 [INFO] 检测完成，找到 0 个物体
2026-07-10 14:45:34 [INFO] 引擎上下文已释放
2026-07-10 14:45:34 [INFO] TensorRT 引擎已释放
2026-07-10 14:45:34 [INFO] 全局 CUDA 资源已释放
2026-07-10 14:45:34 [INFO] 检测系统资源已释放
2026-07-10 14:45:39 [INFO] CUDA 初始化成功
2026-07-10 14:45:39 [INFO] 引擎加载成功: dangerous.engine
2026-07-10 14:45:39 [INFO] 检测系统初始化成功
2026-07-10 14:45:39 [INFO] 图像预处理完成，原始尺寸: (2160, 3840)
2026-07-10 14:45:39 [INFO] 开始执行目标检测...
2026-07-10 14:45:39 [INFO] 检测完成，找到 0 个物体
2026-07-10 14:45:39 [INFO] 引擎上下文已释放
2026-07-10 14:45:39 [INFO] TensorRT 引擎已释放
2026-07-10 14:45:39 [INFO] 全局 CUDA 资源已释放
2026-07-10 14:45:39 [INFO] 检测系统资源已释放
2026-07-10 14:45:44 [INFO] CUDA 初始化成功
2026-07-10 14:45:44 [INFO] 引擎加载成功: dangerous.engine
2026-07-10 14:45:44 [INFO] 检测系统初始化成功
2026-07-10 14:45:44 [INFO] 图像预处理完成，原始尺寸: (2160, 3840)
2026-07-10 14:45:44 [INFO] 开始执行目标检测...
2026-07-10 14:45:44 [INFO] 检测完成，找到 2 个物体
2026-07-10 14:45:44 [INFO] 物体 1: FireExt1 (置信度: 0.41)
2026-07-10 14:45:44 [INFO] 物体 2: GasCyl1 (置信度: 0.40)
2026-07-10 14:45:44 [INFO] 准备保存检测结果到: C:\code\show\Scrap_Steel_In_Field\photos\dangerous_det\detection_20260710_144544.jpg
2026-07-10 14:45:44 [INFO] 图像形状: (2160, 3840, 3)
2026-07-10 14:45:44 [INFO] 图像数据类型: uint8
2026-07-10 14:45:44 [INFO] 图像最大值: 255
2026-07-10 14:45:44 [INFO] 图像最小值: 0
2026-07-10 14:45:44 [INFO] 开始保存检测结果图像: 图像尺寸=(2160, 3840, 3), 类型=uint8, 路径=C:\code\show\Scrap_Steel_In_Field\photos\dangerous_det\detection_20260710_144544.jpg
2026-07-10 14:45:44 [INFO] 成功保存检测结果到: C:\code\show\Scrap_Steel_In_Field\photos\dangerous_det\detection_20260710_144544.jpg
2026-07-10 14:45:44 [INFO] 保存的检测结果文件大小: 1728398 字节
2026-07-10 14:45:44 [INFO] 引擎上下文已释放
2026-07-10 14:45:44 [INFO] TensorRT 引擎已释放
2026-07-10 14:45:44 [INFO] 全局 CUDA 资源已释放
2026-07-10 14:45:44 [INFO] 检测系统资源已释放
2026-07-10 14:45:50 [INFO] CUDA 初始化成功
2026-07-10 14:45:50 [INFO] 引擎加载成功: dangerous.engine
2026-07-10 14:45:50 [INFO] 检测系统初始化成功
2026-07-10 14:45:50 [INFO] 图像预处理完成，原始尺寸: (2160, 3840)
2026-07-10 14:45:50 [INFO] 开始执行目标检测...
2026-07-10 14:45:50 [INFO] 检测完成，找到 0 个物体
2026-07-10 14:45:50 [INFO] 检测到车兜区域，将过滤区域外的目标
2026-07-10 14:45:50 [INFO] 引擎上下文已释放
2026-07-10 14:45:50 [INFO] TensorRT 引擎已释放
2026-07-10 14:45:50 [INFO] 全局 CUDA 资源已释放
2026-07-10 14:45:50 [INFO] 检测系统资源已释放
2026-07-10 14:45:55 [INFO] CUDA 初始化成功
2026-07-10 14:45:55 [INFO] 引擎加载成功: dangerous.engine
2026-07-10 14:45:55 [INFO] 检测系统初始化成功
2026-07-10 14:45:55 [INFO] 图像预处理完成，原始尺寸: (2160, 3840)
2026-07-10 14:45:55 [INFO] 开始执行目标检测...
2026-07-10 14:45:55 [INFO] 检测完成，找到 1 个物体
2026-07-10 14:45:55 [INFO] 物体 1: GasCyl1 (置信度: 0.39)
2026-07-10 14:45:55 [INFO] 检测到车兜区域，将过滤区域外的目标
2026-07-10 14:45:55 [INFO] 准备保存检测结果到: C:\code\show\Scrap_Steel_In_Field\photos\dangerous_det\detection_20260710_144555.jpg
2026-07-10 14:45:55 [INFO] 图像形状: (2160, 3840, 3)
2026-07-10 14:45:55 [INFO] 图像数据类型: uint8
2026-07-10 14:45:55 [INFO] 图像最大值: 255
2026-07-10 14:45:55 [INFO] 图像最小值: 0
2026-07-10 14:45:55 [INFO] 开始保存检测结果图像: 图像尺寸=(2160, 3840, 3), 类型=uint8, 路径=C:\code\show\Scrap_Steel_In_Field\photos\dangerous_det\detection_20260710_144555.jpg
2026-07-10 14:45:55 [INFO] 成功保存检测结果到: C:\code\show\Scrap_Steel_In_Field\photos\dangerous_det\detection_20260710_144555.jpg
2026-07-10 14:45:55 [INFO] 保存的检测结果文件大小: 2273837 字节
2026-07-10 14:45:55 [INFO] 引擎上下文已释放
2026-07-10 14:45:55 [INFO] TensorRT 引擎已释放
2026-07-10 14:45:55 [INFO] 全局 CUDA 资源已释放
2026-07-10 14:45:55 [INFO] 检测系统资源已释放
2026-07-10 14:46:00 [INFO] CUDA 初始化成功
2026-07-10 14:46:00 [INFO] 引擎加载成功: dangerous.engine
2026-07-10 14:46:00 [INFO] 检测系统初始化成功
2026-07-10 14:46:00 [INFO] 图像预处理完成，原始尺寸: (2160, 3840)
2026-07-10 14:46:00 [INFO] 开始执行目标检测...
2026-07-10 14:46:01 [INFO] 检测完成，找到 1 个物体
2026-07-10 14:46:01 [INFO] 物体 1: GasCyl1 (置信度: 0.58)
2026-07-10 14:46:01 [INFO] 检测到车兜区域，将过滤区域外的目标
2026-07-10 14:46:01 [INFO] 准备保存检测结果到: C:\code\show\Scrap_Steel_In_Field\photos\dangerous_det\detection_20260710_144601.jpg
2026-07-10 14:46:01 [INFO] 图像形状: (2160, 3840, 3)
2026-07-10 14:46:01 [INFO] 图像数据类型: uint8
2026-07-10 14:46:01 [INFO] 图像最大值: 255
2026-07-10 14:46:01 [INFO] 图像最小值: 0
2026-07-10 14:46:01 [INFO] 开始保存检测结果图像: 图像尺寸=(2160, 3840, 3), 类型=uint8, 路径=C:\code\show\Scrap_Steel_In_Field\photos\dangerous_det\detection_20260710_144601.jpg
2026-07-10 14:46:01 [INFO] 成功保存检测结果到: C:\code\show\Scrap_Steel_In_Field\photos\dangerous_det\detection_20260710_144601.jpg
2026-07-10 14:46:01 [INFO] 保存的检测结果文件大小: 2288303 字节
2026-07-10 14:46:01 [INFO] 引擎上下文已释放
2026-07-10 14:46:01 [INFO] TensorRT 引擎已释放
2026-07-10 14:46:01 [INFO] 全局 CUDA 资源已释放
2026-07-10 14:46:01 [INFO] 检测系统资源已释放
2026-07-10 14:46:06 [INFO] CUDA 初始化成功
2026-07-10 14:46:06 [INFO] 引擎加载成功: dangerous.engine
2026-07-10 14:46:06 [INFO] 检测系统初始化成功
2026-07-10 14:46:06 [INFO] 图像预处理完成，原始尺寸: (2160, 3840)
2026-07-10 14:46:06 [INFO] 开始执行目标检测...
2026-07-10 14:46:06 [INFO] 检测完成，找到 1 个物体
2026-07-10 14:46:06 [INFO] 物体 1: GasCyl1 (置信度: 0.64)
2026-07-10 14:46:06 [INFO] 检测到车兜区域，将过滤区域外的目标
2026-07-10 14:46:06 [INFO] 准备保存检测结果到: C:\code\show\Scrap_Steel_In_Field\photos\dangerous_det\detection_20260710_144606.jpg
2026-07-10 14:46:06 [INFO] 图像形状: (2160, 3840, 3)
2026-07-10 14:46:06 [INFO] 图像数据类型: uint8
2026-07-10 14:46:06 [INFO] 图像最大值: 255
2026-07-10 14:46:06 [INFO] 图像最小值: 0
2026-07-10 14:46:06 [INFO] 开始保存检测结果图像: 图像尺寸=(2160, 3840, 3), 类型=uint8, 路径=C:\code\show\Scrap_Steel_In_Field\photos\dangerous_det\detection_20260710_144606.jpg
2026-07-10 14:46:06 [INFO] 成功保存检测结果到: C:\code\show\Scrap_Steel_In_Field\photos\dangerous_det\detection_20260710_144606.jpg
2026-07-10 14:46:06 [INFO] 保存的检测结果文件大小: 2280721 字节
2026-07-10 14:46:06 [INFO] 引擎上下文已释放
2026-07-10 14:46:06 [INFO] TensorRT 引擎已释放
2026-07-10 14:46:06 [INFO] 全局 CUDA 资源已释放
2026-07-10 14:46:06 [INFO] 检测系统资源已释放
2026-07-10 14:46:11 [INFO] CUDA 初始化成功
2026-07-10 14:46:11 [INFO] 引擎加载成功: dangerous.engine
2026-07-10 14:46:11 [INFO] 检测系统初始化成功
2026-07-10 14:46:11 [INFO] 图像预处理完成，原始尺寸: (2160, 3840)
2026-07-10 14:46:11 [INFO] 开始执行目标检测...
2026-07-10 14:46:11 [INFO] 检测完成，找到 1 个物体
2026-07-10 14:46:11 [INFO] 物体 1: GasCyl1 (置信度: 0.66)
2026-07-10 14:46:11 [INFO] 检测到车兜区域，将过滤区域外的目标
2026-07-10 14:46:11 [INFO] 准备保存检测结果到: C:\code\show\Scrap_Steel_In_Field\photos\dangerous_det\detection_20260710_144611.jpg
2026-07-10 14:46:11 [INFO] 图像形状: (2160, 3840, 3)
2026-07-10 14:46:11 [INFO] 图像数据类型: uint8
2026-07-10 14:46:11 [INFO] 图像最大值: 255
2026-07-10 14:46:11 [INFO] 图像最小值: 0
2026-07-10 14:46:11 [INFO] 开始保存检测结果图像: 图像尺寸=(2160, 3840, 3), 类型=uint8, 路径=C:\code\show\Scrap_Steel_In_Field\photos\dangerous_det\detection_20260710_144611.jpg
2026-07-10 14:46:11 [INFO] 成功保存检测结果到: C:\code\show\Scrap_Steel_In_Field\photos\dangerous_det\detection_20260710_144611.jpg
2026-07-10 14:46:11 [INFO] 保存的检测结果文件大小: 2170012 字节
2026-07-10 14:46:11 [INFO] 引擎上下文已释放
2026-07-10 14:46:11 [INFO] TensorRT 引擎已释放
2026-07-10 14:46:11 [INFO] 全局 CUDA 资源已释放
2026-07-10 14:46:11 [INFO] 检测系统资源已释放
