2025-05-15 22:38:06 [INFO] CUDA 初始化成功
2025-05-15 22:38:06 [INFO] 引擎加载成功: dangerous.engine
2025-05-15 22:38:06 [INFO] 检测系统初始化成功
2025-05-15 22:38:06 [INFO] 图像预处理完成，原始尺寸: (2160, 3840)
2025-05-15 22:38:06 [INFO] 开始执行目标检测...
2025-05-15 22:38:06 [INFO] 检测完成，找到 4 个物体
2025-05-15 22:38:06 [INFO] 物体 1: GasCyl1 (置信度: 0.91)
2025-05-15 22:38:06 [INFO] 物体 2: FireExt1 (置信度: 0.41)
2025-05-15 22:38:06 [INFO] 物体 3: FireExt1 (置信度: 0.38)
2025-05-15 22:38:06 [INFO] 物体 4: FireExt1 (置信度: 0.30)
2025-05-15 22:38:06 [INFO] 准备保存检测结果到: C:\Users\qinguang\feigangxiangmu\Scrap_steel_system\Scrap_Steel_In_Field\photos\dangerous_det\detection_20250515_223806.jpg
2025-05-15 22:38:06 [INFO] 图像形状: (2160, 3840, 3)
2025-05-15 22:38:06 [INFO] 图像数据类型: uint8
2025-05-15 22:38:06 [INFO] 图像最大值: 255
2025-05-15 22:38:06 [INFO] 图像最小值: 0
2025-05-15 22:38:06 [INFO] 开始保存检测结果图像: 图像尺寸=(2160, 3840, 3), 类型=uint8, 路径=C:\Users\qinguang\feigangxiangmu\Scrap_steel_system\Scrap_Steel_In_Field\photos\dangerous_det\detection_20250515_223806.jpg
2025-05-15 22:38:06 [INFO] 成功保存检测结果到: C:\Users\qinguang\feigangxiangmu\Scrap_steel_system\Scrap_Steel_In_Field\photos\dangerous_det\detection_20250515_223806.jpg
2025-05-15 22:38:06 [INFO] 保存的检测结果文件大小: 1650712 字节
2025-05-15 22:38:06 [INFO] 引擎上下文已释放
2025-05-15 22:38:06 [INFO] TensorRT 引擎已释放
2025-05-15 22:38:06 [INFO] 全局 CUDA 资源已释放
2025-05-15 22:38:06 [INFO] 检测系统资源已释放
2025-05-15 22:42:25 [INFO] CUDA 初始化成功
2025-05-15 22:42:25 [INFO] 引擎加载成功: dangerous.engine
2025-05-15 22:42:25 [INFO] 检测系统初始化成功
2025-05-15 22:42:25 [INFO] 图像预处理完成，原始尺寸: (2160, 3840)
2025-05-15 22:42:25 [INFO] 开始执行目标检测...
2025-05-15 22:42:25 [INFO] 检测完成，找到 0 个物体
2025-05-15 22:42:25 [INFO] 引擎上下文已释放
2025-05-15 22:42:25 [INFO] TensorRT 引擎已释放
2025-05-15 22:42:25 [INFO] 全局 CUDA 资源已释放
2025-05-15 22:42:25 [INFO] 检测系统资源已释放
2025-05-15 22:55:26 [INFO] CUDA 初始化成功
2025-05-15 22:55:26 [INFO] 引擎加载成功: dangerous.engine
2025-05-15 22:55:26 [INFO] 检测系统初始化成功
2025-05-15 22:55:26 [INFO] 图像预处理完成，原始尺寸: (2160, 3840)
2025-05-15 22:55:26 [INFO] 开始执行目标检测...
2025-05-15 22:55:26 [INFO] 检测完成，找到 2 个物体
2025-05-15 22:55:26 [INFO] 物体 1: GasCyl1 (置信度: 0.84)
2025-05-15 22:55:26 [INFO] 物体 2: FireExt1 (置信度: 0.38)
2025-05-15 22:55:26 [INFO] 准备保存检测结果到: C:\Users\qinguang\feigangxiangmu\Scrap_steel_system\Scrap_Steel_In_Field\photos\dangerous_det\detection_20250515_225526.jpg
2025-05-15 22:55:26 [INFO] 图像形状: (2160, 3840, 3)
2025-05-15 22:55:26 [INFO] 图像数据类型: uint8
2025-05-15 22:55:26 [INFO] 图像最大值: 255
2025-05-15 22:55:26 [INFO] 图像最小值: 0
2025-05-15 22:55:26 [INFO] 开始保存检测结果图像: 图像尺寸=(2160, 3840, 3), 类型=uint8, 路径=C:\Users\qinguang\feigangxiangmu\Scrap_steel_system\Scrap_Steel_In_Field\photos\dangerous_det\detection_20250515_225526.jpg
2025-05-15 22:55:26 [INFO] 成功保存检测结果到: C:\Users\qinguang\feigangxiangmu\Scrap_steel_system\Scrap_Steel_In_Field\photos\dangerous_det\detection_20250515_225526.jpg
2025-05-15 22:55:26 [INFO] 保存的检测结果文件大小: 1618150 字节
2025-05-15 22:55:26 [INFO] 引擎上下文已释放
2025-05-15 22:55:26 [INFO] TensorRT 引擎已释放
2025-05-15 22:55:26 [INFO] 全局 CUDA 资源已释放
2025-05-15 22:55:26 [INFO] 检测系统资源已释放
