2026-06-05 08:06:53 [INFO] CUDA 初始化成功
2026-06-05 08:06:53 [INFO] 引擎加载成功: dangerous.engine
2026-06-05 08:06:53 [INFO] 检测系统初始化成功
2026-06-05 08:06:56 [INFO] 引擎加载成功: dangerous.engine
2026-06-05 08:06:56 [INFO] 检测系统初始化成功
2026-06-05 08:06:56 [INFO] 图像预处理完成，原始尺寸: (2160, 3840)
2026-06-05 08:06:56 [INFO] 开始执行目标检测...
2026-06-05 08:06:56 [INFO] 检测完成，找到 0 个物体
2026-06-05 08:06:56 [INFO] 检测到车兜区域，将过滤区域外的目标
2026-06-05 08:06:56 [INFO] 引擎上下文已释放
2026-06-05 08:06:56 [INFO] TensorRT 引擎已释放
2026-06-05 08:06:56 [INFO] 全局 CUDA 资源已释放
2026-06-05 08:06:56 [INFO] 检测系统资源已释放
2026-06-05 08:07:01 [INFO] CUDA 初始化成功
2026-06-05 08:07:01 [INFO] 引擎加载成功: dangerous.engine
2026-06-05 08:07:01 [INFO] 检测系统初始化成功
2026-06-05 08:07:01 [INFO] 图像预处理完成，原始尺寸: (2160, 3840)
2026-06-05 08:07:01 [INFO] 开始执行目标检测...
2026-06-05 08:07:01 [INFO] 检测完成，找到 3 个物体
2026-06-05 08:07:01 [INFO] 物体 1: GasCyl1 (置信度: 0.92)
2026-06-05 08:07:01 [INFO] 物体 2: GasCyl1 (置信度: 0.73)
2026-06-05 08:07:01 [INFO] 物体 3: GasCyl1 (置信度: 0.52)
2026-06-05 08:07:01 [INFO] 检测到车兜区域，将过滤区域外的目标
2026-06-05 08:07:01 [INFO] 准备保存检测结果到: C:\code\show\Scrap_Steel_In_Field\photos\dangerous_det\detection_20260605_080701.jpg
2026-06-05 08:07:01 [INFO] 图像形状: (2160, 3840, 3)
2026-06-05 08:07:01 [INFO] 图像数据类型: uint8
2026-06-05 08:07:01 [INFO] 图像最大值: 255
2026-06-05 08:07:01 [INFO] 图像最小值: 0
2026-06-05 08:07:01 [INFO] 开始保存检测结果图像: 图像尺寸=(2160, 3840, 3), 类型=uint8, 路径=C:\code\show\Scrap_Steel_In_Field\photos\dangerous_det\detection_20260605_080701.jpg
2026-06-05 08:07:01 [INFO] 成功保存检测结果到: C:\code\show\Scrap_Steel_In_Field\photos\dangerous_det\detection_20260605_080701.jpg
2026-06-05 08:07:01 [INFO] 保存的检测结果文件大小: 1911333 字节
2026-06-05 08:07:01 [INFO] 引擎上下文已释放
2026-06-05 08:07:01 [INFO] TensorRT 引擎已释放
2026-06-05 08:07:01 [INFO] 全局 CUDA 资源已释放
2026-06-05 08:07:01 [INFO] 检测系统资源已释放
2026-06-05 08:07:09 [INFO] CUDA 初始化成功
2026-06-05 08:07:09 [INFO] 引擎加载成功: dangerous.engine
2026-06-05 08:07:09 [INFO] 检测系统初始化成功
2026-06-05 08:07:09 [INFO] 图像预处理完成，原始尺寸: (2160, 3840)
2026-06-05 08:07:09 [INFO] 开始执行目标检测...
2026-06-05 08:07:09 [INFO] 检测完成，找到 4 个物体
2026-06-05 08:07:09 [INFO] 物体 1: GasCyl1 (置信度: 0.93)
2026-06-05 08:07:09 [INFO] 物体 2: GasCyl1 (置信度: 0.80)
2026-06-05 08:07:09 [INFO] 物体 3: FireExt1 (置信度: 0.37)
2026-06-05 08:07:09 [INFO] 物体 4: GasCyl1 (置信度: 0.35)
2026-06-05 08:07:09 [INFO] 检测到车兜区域，将过滤区域外的目标
2026-06-05 08:07:09 [INFO] 准备保存检测结果到: C:\code\show\Scrap_Steel_In_Field\photos\dangerous_det\detection_20260605_080709.jpg
2026-06-05 08:07:09 [INFO] 图像形状: (2160, 3840, 3)
2026-06-05 08:07:09 [INFO] 图像数据类型: uint8
2026-06-05 08:07:09 [INFO] 图像最大值: 255
2026-06-05 08:07:09 [INFO] 图像最小值: 0
2026-06-05 08:07:09 [INFO] 开始保存检测结果图像: 图像尺寸=(2160, 3840, 3), 类型=uint8, 路径=C:\code\show\Scrap_Steel_In_Field\photos\dangerous_det\detection_20260605_080709.jpg
2026-06-05 08:07:09 [INFO] 成功保存检测结果到: C:\code\show\Scrap_Steel_In_Field\photos\dangerous_det\detection_20260605_080709.jpg
2026-06-05 08:07:09 [INFO] 保存的检测结果文件大小: 1906579 字节
2026-06-05 08:07:09 [INFO] 引擎上下文已释放
2026-06-05 08:07:09 [INFO] TensorRT 引擎已释放
2026-06-05 08:07:09 [INFO] 全局 CUDA 资源已释放
2026-06-05 08:07:09 [INFO] 检测系统资源已释放
2026-06-05 08:07:13 [INFO] CUDA 初始化成功
2026-06-05 08:07:13 [INFO] 引擎加载成功: dangerous.engine
2026-06-05 08:07:13 [INFO] 检测系统初始化成功
2026-06-05 08:07:13 [INFO] 图像预处理完成，原始尺寸: (2160, 3840)
2026-06-05 08:07:13 [INFO] 开始执行目标检测...
2026-06-05 08:07:13 [INFO] 检测完成，找到 4 个物体
2026-06-05 08:07:13 [INFO] 物体 1: GasCyl1 (置信度: 0.92)
2026-06-05 08:07:13 [INFO] 物体 2: GasCyl1 (置信度: 0.72)
2026-06-05 08:07:13 [INFO] 物体 3: GasCyl1 (置信度: 0.52)
2026-06-05 08:07:13 [INFO] 物体 4: FireExt1 (置信度: 0.39)
2026-06-05 08:07:13 [INFO] 检测到车兜区域，将过滤区域外的目标
2026-06-05 08:07:13 [INFO] 准备保存检测结果到: C:\code\show\Scrap_Steel_In_Field\photos\dangerous_det\detection_20260605_080713.jpg
2026-06-05 08:07:13 [INFO] 图像形状: (2160, 3840, 3)
2026-06-05 08:07:13 [INFO] 图像数据类型: uint8
2026-06-05 08:07:13 [INFO] 图像最大值: 255
2026-06-05 08:07:14 [INFO] 图像最小值: 0
2026-06-05 08:07:14 [INFO] 开始保存检测结果图像: 图像尺寸=(2160, 3840, 3), 类型=uint8, 路径=C:\code\show\Scrap_Steel_In_Field\photos\dangerous_det\detection_20260605_080713.jpg
2026-06-05 08:07:14 [INFO] 成功保存检测结果到: C:\code\show\Scrap_Steel_In_Field\photos\dangerous_det\detection_20260605_080713.jpg
2026-06-05 08:07:14 [INFO] 保存的检测结果文件大小: 1912371 字节
2026-06-05 08:07:14 [INFO] 引擎上下文已释放
2026-06-05 08:07:14 [INFO] TensorRT 引擎已释放
2026-06-05 08:07:14 [INFO] 全局 CUDA 资源已释放
2026-06-05 08:07:14 [INFO] 检测系统资源已释放
2026-06-05 08:07:19 [INFO] CUDA 初始化成功
2026-06-05 08:07:19 [INFO] 引擎加载成功: dangerous.engine
2026-06-05 08:07:19 [INFO] 检测系统初始化成功
2026-06-05 08:07:19 [INFO] 图像预处理完成，原始尺寸: (2160, 3840)
2026-06-05 08:07:19 [INFO] 开始执行目标检测...
2026-06-05 08:07:19 [INFO] 检测完成，找到 4 个物体
2026-06-05 08:07:19 [INFO] 物体 1: GasCyl1 (置信度: 0.92)
2026-06-05 08:07:19 [INFO] 物体 2: GasCyl1 (置信度: 0.70)
2026-06-05 08:07:19 [INFO] 物体 3: GasCyl1 (置信度: 0.51)
2026-06-05 08:07:19 [INFO] 物体 4: FireExt1 (置信度: 0.39)
2026-06-05 08:07:19 [INFO] 检测到车兜区域，将过滤区域外的目标
2026-06-05 08:07:19 [INFO] 准备保存检测结果到: C:\code\show\Scrap_Steel_In_Field\photos\dangerous_det\detection_20260605_080719.jpg
2026-06-05 08:07:19 [INFO] 图像形状: (2160, 3840, 3)
2026-06-05 08:07:19 [INFO] 图像数据类型: uint8
2026-06-05 08:07:19 [INFO] 图像最大值: 255
2026-06-05 08:07:19 [INFO] 图像最小值: 0
2026-06-05 08:07:19 [INFO] 开始保存检测结果图像: 图像尺寸=(2160, 3840, 3), 类型=uint8, 路径=C:\code\show\Scrap_Steel_In_Field\photos\dangerous_det\detection_20260605_080719.jpg
2026-06-05 08:07:19 [INFO] 成功保存检测结果到: C:\code\show\Scrap_Steel_In_Field\photos\dangerous_det\detection_20260605_080719.jpg
2026-06-05 08:07:19 [INFO] 保存的检测结果文件大小: 1911912 字节
2026-06-05 08:07:19 [INFO] 引擎上下文已释放
2026-06-05 08:07:19 [INFO] TensorRT 引擎已释放
2026-06-05 08:07:19 [INFO] 全局 CUDA 资源已释放
2026-06-05 08:07:19 [INFO] 检测系统资源已释放
2026-06-05 08:07:24 [INFO] CUDA 初始化成功
2026-06-05 08:07:24 [INFO] 引擎加载成功: dangerous.engine
2026-06-05 08:07:24 [INFO] 检测系统初始化成功
2026-06-05 08:07:24 [INFO] 图像预处理完成，原始尺寸: (2160, 3840)
2026-06-05 08:07:24 [INFO] 开始执行目标检测...
2026-06-05 08:07:24 [INFO] 检测完成，找到 4 个物体
2026-06-05 08:07:24 [INFO] 物体 1: GasCyl1 (置信度: 0.92)
2026-06-05 08:07:24 [INFO] 物体 2: GasCyl1 (置信度: 0.76)
2026-06-05 08:07:24 [INFO] 物体 3: GasCyl1 (置信度: 0.49)
2026-06-05 08:07:24 [INFO] 物体 4: FireExt1 (置信度: 0.37)
2026-06-05 08:07:24 [INFO] 检测到车兜区域，将过滤区域外的目标
2026-06-05 08:07:24 [INFO] 准备保存检测结果到: C:\code\show\Scrap_Steel_In_Field\photos\dangerous_det\detection_20260605_080724.jpg
2026-06-05 08:07:24 [INFO] 图像形状: (2160, 3840, 3)
2026-06-05 08:07:24 [INFO] 图像数据类型: uint8
2026-06-05 08:07:24 [INFO] 图像最大值: 255
2026-06-05 08:07:24 [INFO] 图像最小值: 0
2026-06-05 08:07:24 [INFO] 开始保存检测结果图像: 图像尺寸=(2160, 3840, 3), 类型=uint8, 路径=C:\code\show\Scrap_Steel_In_Field\photos\dangerous_det\detection_20260605_080724.jpg
2026-06-05 08:07:24 [INFO] 成功保存检测结果到: C:\code\show\Scrap_Steel_In_Field\photos\dangerous_det\detection_20260605_080724.jpg
2026-06-05 08:07:24 [INFO] 保存的检测结果文件大小: 1909356 字节
2026-06-05 08:07:24 [INFO] 引擎上下文已释放
2026-06-05 08:07:24 [INFO] TensorRT 引擎已释放
2026-06-05 08:07:24 [INFO] 全局 CUDA 资源已释放
2026-06-05 08:07:24 [INFO] 检测系统资源已释放
2026-06-05 08:07:29 [INFO] CUDA 初始化成功
2026-06-05 08:07:29 [INFO] 引擎加载成功: dangerous.engine
2026-06-05 08:07:29 [INFO] 检测系统初始化成功
2026-06-05 08:07:29 [INFO] 图像预处理完成，原始尺寸: (2160, 3840)
2026-06-05 08:07:29 [INFO] 开始执行目标检测...
2026-06-05 08:07:29 [INFO] 检测完成，找到 4 个物体
2026-06-05 08:07:29 [INFO] 物体 1: GasCyl1 (置信度: 0.91)
2026-06-05 08:07:29 [INFO] 物体 2: GasCyl1 (置信度: 0.71)
2026-06-05 08:07:29 [INFO] 物体 3: GasCyl1 (置信度: 0.45)
2026-06-05 08:07:29 [INFO] 物体 4: FireExt1 (置信度: 0.38)
2026-06-05 08:07:29 [INFO] 检测到车兜区域，将过滤区域外的目标
2026-06-05 08:07:29 [INFO] 准备保存检测结果到: C:\code\show\Scrap_Steel_In_Field\photos\dangerous_det\detection_20260605_080729.jpg
2026-06-05 08:07:29 [INFO] 图像形状: (2160, 3840, 3)
2026-06-05 08:07:29 [INFO] 图像数据类型: uint8
2026-06-05 08:07:29 [INFO] 图像最大值: 255
2026-06-05 08:07:29 [INFO] 图像最小值: 0
2026-06-05 08:07:29 [INFO] 开始保存检测结果图像: 图像尺寸=(2160, 3840, 3), 类型=uint8, 路径=C:\code\show\Scrap_Steel_In_Field\photos\dangerous_det\detection_20260605_080729.jpg
2026-06-05 08:07:29 [INFO] 成功保存检测结果到: C:\code\show\Scrap_Steel_In_Field\photos\dangerous_det\detection_20260605_080729.jpg
2026-06-05 08:07:29 [INFO] 保存的检测结果文件大小: 1914125 字节
2026-06-05 08:07:29 [INFO] 引擎上下文已释放
2026-06-05 08:07:29 [INFO] TensorRT 引擎已释放
2026-06-05 08:07:29 [INFO] 全局 CUDA 资源已释放
2026-06-05 08:07:29 [INFO] 检测系统资源已释放
2026-06-05 08:07:37 [INFO] CUDA 初始化成功
2026-06-05 08:07:37 [INFO] 引擎加载成功: dangerous.engine
2026-06-05 08:07:37 [INFO] 检测系统初始化成功
2026-06-05 08:07:37 [INFO] 图像预处理完成，原始尺寸: (2160, 3840)
2026-06-05 08:07:37 [INFO] 开始执行目标检测...
2026-06-05 08:07:37 [INFO] 检测完成，找到 3 个物体
2026-06-05 08:07:37 [INFO] 物体 1: GasCyl1 (置信度: 0.92)
2026-06-05 08:07:37 [INFO] 物体 2: GasCyl1 (置信度: 0.77)
2026-06-05 08:07:37 [INFO] 物体 3: GasCyl1 (置信度: 0.57)
2026-06-05 08:07:37 [INFO] 检测到车兜区域，将过滤区域外的目标
2026-06-05 08:07:37 [INFO] 准备保存检测结果到: C:\code\show\Scrap_Steel_In_Field\photos\dangerous_det\detection_20260605_080737.jpg
2026-06-05 08:07:37 [INFO] 图像形状: (2160, 3840, 3)
2026-06-05 08:07:37 [INFO] 图像数据类型: uint8
2026-06-05 08:07:37 [INFO] 图像最大值: 255
2026-06-05 08:07:37 [INFO] 图像最小值: 0
2026-06-05 08:07:37 [INFO] 开始保存检测结果图像: 图像尺寸=(2160, 3840, 3), 类型=uint8, 路径=C:\code\show\Scrap_Steel_In_Field\photos\dangerous_det\detection_20260605_080737.jpg
2026-06-05 08:07:37 [INFO] 成功保存检测结果到: C:\code\show\Scrap_Steel_In_Field\photos\dangerous_det\detection_20260605_080737.jpg
2026-06-05 08:07:37 [INFO] 保存的检测结果文件大小: 1897782 字节
2026-06-05 08:07:37 [INFO] 引擎上下文已释放
2026-06-05 08:07:37 [INFO] TensorRT 引擎已释放
2026-06-05 08:07:37 [INFO] 全局 CUDA 资源已释放
2026-06-05 08:07:37 [INFO] 检测系统资源已释放
2026-06-05 08:07:41 [INFO] CUDA 初始化成功
2026-06-05 08:07:41 [INFO] 引擎加载成功: dangerous.engine
2026-06-05 08:07:41 [INFO] 检测系统初始化成功
2026-06-05 08:07:41 [INFO] 图像预处理完成，原始尺寸: (2160, 3840)
2026-06-05 08:07:41 [INFO] 开始执行目标检测...
2026-06-05 08:07:41 [INFO] 检测完成，找到 3 个物体
2026-06-05 08:07:41 [INFO] 物体 1: GasCyl1 (置信度: 0.92)
2026-06-05 08:07:41 [INFO] 物体 2: GasCyl1 (置信度: 0.72)
2026-06-05 08:07:41 [INFO] 物体 3: GasCyl1 (置信度: 0.55)
2026-06-05 08:07:41 [INFO] 检测到车兜区域，将过滤区域外的目标
2026-06-05 08:07:41 [INFO] 准备保存检测结果到: C:\code\show\Scrap_Steel_In_Field\photos\dangerous_det\detection_20260605_080741.jpg
2026-06-05 08:07:41 [INFO] 图像形状: (2160, 3840, 3)
2026-06-05 08:07:41 [INFO] 图像数据类型: uint8
2026-06-05 08:07:41 [INFO] 图像最大值: 255
2026-06-05 08:07:41 [INFO] 图像最小值: 0
2026-06-05 08:07:41 [INFO] 开始保存检测结果图像: 图像尺寸=(2160, 3840, 3), 类型=uint8, 路径=C:\code\show\Scrap_Steel_In_Field\photos\dangerous_det\detection_20260605_080741.jpg
2026-06-05 08:07:41 [INFO] 成功保存检测结果到: C:\code\show\Scrap_Steel_In_Field\photos\dangerous_det\detection_20260605_080741.jpg
2026-06-05 08:07:41 [INFO] 保存的检测结果文件大小: 1907268 字节
2026-06-05 08:07:41 [INFO] 引擎上下文已释放
2026-06-05 08:07:41 [INFO] TensorRT 引擎已释放
2026-06-05 08:07:41 [INFO] 全局 CUDA 资源已释放
2026-06-05 08:07:41 [INFO] 检测系统资源已释放
2026-06-05 08:07:46 [INFO] CUDA 初始化成功
2026-06-05 08:07:46 [INFO] 引擎加载成功: dangerous.engine
2026-06-05 08:07:46 [INFO] 检测系统初始化成功
2026-06-05 08:07:46 [INFO] 图像预处理完成，原始尺寸: (2160, 3840)
2026-06-05 08:07:46 [INFO] 开始执行目标检测...
2026-06-05 08:07:46 [INFO] 检测完成，找到 3 个物体
2026-06-05 08:07:46 [INFO] 物体 1: GasCyl1 (置信度: 0.92)
2026-06-05 08:07:46 [INFO] 物体 2: GasCyl1 (置信度: 0.75)
2026-06-05 08:07:46 [INFO] 物体 3: GasCyl1 (置信度: 0.46)
2026-06-05 08:07:46 [INFO] 检测到车兜区域，将过滤区域外的目标
2026-06-05 08:07:47 [INFO] 准备保存检测结果到: C:\code\show\Scrap_Steel_In_Field\photos\dangerous_det\detection_20260605_080747.jpg
2026-06-05 08:07:47 [INFO] 图像形状: (2160, 3840, 3)
2026-06-05 08:07:47 [INFO] 图像数据类型: uint8
2026-06-05 08:07:47 [INFO] 图像最大值: 255
2026-06-05 08:07:47 [INFO] 图像最小值: 0
2026-06-05 08:07:47 [INFO] 开始保存检测结果图像: 图像尺寸=(2160, 3840, 3), 类型=uint8, 路径=C:\code\show\Scrap_Steel_In_Field\photos\dangerous_det\detection_20260605_080747.jpg
2026-06-05 08:07:47 [INFO] 成功保存检测结果到: C:\code\show\Scrap_Steel_In_Field\photos\dangerous_det\detection_20260605_080747.jpg
2026-06-05 08:07:47 [INFO] 保存的检测结果文件大小: 1911171 字节
2026-06-05 08:07:47 [INFO] 引擎上下文已释放
2026-06-05 08:07:47 [INFO] TensorRT 引擎已释放
2026-06-05 08:07:47 [INFO] 全局 CUDA 资源已释放
2026-06-05 08:07:47 [INFO] 检测系统资源已释放
2026-06-05 08:07:51 [INFO] CUDA 初始化成功
2026-06-05 08:07:52 [INFO] 引擎加载成功: dangerous.engine
2026-06-05 08:07:52 [INFO] 检测系统初始化成功
2026-06-05 08:07:52 [INFO] 图像预处理完成，原始尺寸: (2160, 3840)
2026-06-05 08:07:52 [INFO] 开始执行目标检测...
2026-06-05 08:07:52 [INFO] 检测完成，找到 4 个物体
2026-06-05 08:07:52 [INFO] 物体 1: GasCyl1 (置信度: 0.92)
2026-06-05 08:07:52 [INFO] 物体 2: GasCyl1 (置信度: 0.69)
2026-06-05 08:07:52 [INFO] 物体 3: GasCyl1 (置信度: 0.36)
2026-06-05 08:07:52 [INFO] 物体 4: FireExt1 (置信度: 0.36)
2026-06-05 08:07:52 [INFO] 检测到车兜区域，将过滤区域外的目标
2026-06-05 08:07:52 [INFO] 准备保存检测结果到: C:\code\show\Scrap_Steel_In_Field\photos\dangerous_det\detection_20260605_080752.jpg
2026-06-05 08:07:52 [INFO] 图像形状: (2160, 3840, 3)
2026-06-05 08:07:52 [INFO] 图像数据类型: uint8
2026-06-05 08:07:52 [INFO] 图像最大值: 255
2026-06-05 08:07:52 [INFO] 图像最小值: 0
2026-06-05 08:07:52 [INFO] 开始保存检测结果图像: 图像尺寸=(2160, 3840, 3), 类型=uint8, 路径=C:\code\show\Scrap_Steel_In_Field\photos\dangerous_det\detection_20260605_080752.jpg
2026-06-05 08:07:52 [INFO] 成功保存检测结果到: C:\code\show\Scrap_Steel_In_Field\photos\dangerous_det\detection_20260605_080752.jpg
2026-06-05 08:07:52 [INFO] 保存的检测结果文件大小: 1912118 字节
2026-06-05 08:07:52 [INFO] 引擎上下文已释放
2026-06-05 08:07:52 [INFO] TensorRT 引擎已释放
2026-06-05 08:07:52 [INFO] 全局 CUDA 资源已释放
2026-06-05 08:07:52 [INFO] 检测系统资源已释放
2026-06-05 08:07:57 [INFO] CUDA 初始化成功
2026-06-05 08:07:57 [INFO] 引擎加载成功: dangerous.engine
2026-06-05 08:07:57 [INFO] 检测系统初始化成功
2026-06-05 08:07:57 [INFO] 图像预处理完成，原始尺寸: (2160, 3840)
2026-06-05 08:07:57 [INFO] 开始执行目标检测...
2026-06-05 08:07:57 [INFO] 检测完成，找到 4 个物体
2026-06-05 08:07:57 [INFO] 物体 1: GasCyl1 (置信度: 0.92)
2026-06-05 08:07:57 [INFO] 物体 2: GasCyl1 (置信度: 0.74)
2026-06-05 08:07:57 [INFO] 物体 3: GasCyl1 (置信度: 0.44)
2026-06-05 08:07:57 [INFO] 物体 4: FireExt1 (置信度: 0.36)
2026-06-05 08:07:57 [INFO] 检测到车兜区域，将过滤区域外的目标
2026-06-05 08:07:57 [INFO] 准备保存检测结果到: C:\code\show\Scrap_Steel_In_Field\photos\dangerous_det\detection_20260605_080757.jpg
2026-06-05 08:07:57 [INFO] 图像形状: (2160, 3840, 3)
2026-06-05 08:07:57 [INFO] 图像数据类型: uint8
2026-06-05 08:07:57 [INFO] 图像最大值: 255
2026-06-05 08:07:57 [INFO] 图像最小值: 0
2026-06-05 08:07:57 [INFO] 开始保存检测结果图像: 图像尺寸=(2160, 3840, 3), 类型=uint8, 路径=C:\code\show\Scrap_Steel_In_Field\photos\dangerous_det\detection_20260605_080757.jpg
2026-06-05 08:07:57 [INFO] 成功保存检测结果到: C:\code\show\Scrap_Steel_In_Field\photos\dangerous_det\detection_20260605_080757.jpg
2026-06-05 08:07:57 [INFO] 保存的检测结果文件大小: 1916078 字节
2026-06-05 08:07:57 [INFO] 引擎上下文已释放
2026-06-05 08:07:57 [INFO] TensorRT 引擎已释放
2026-06-05 08:07:57 [INFO] 全局 CUDA 资源已释放
2026-06-05 08:07:57 [INFO] 检测系统资源已释放
2026-06-05 08:08:02 [INFO] CUDA 初始化成功
2026-06-05 08:08:02 [INFO] 引擎加载成功: dangerous.engine
2026-06-05 08:08:02 [INFO] 检测系统初始化成功
2026-06-05 08:08:02 [INFO] 图像预处理完成，原始尺寸: (2160, 3840)
2026-06-05 08:08:02 [INFO] 开始执行目标检测...
2026-06-05 08:08:02 [INFO] 检测完成，找到 3 个物体
2026-06-05 08:08:02 [INFO] 物体 1: GasCyl1 (置信度: 0.92)
2026-06-05 08:08:02 [INFO] 物体 2: GasCyl1 (置信度: 0.71)
2026-06-05 08:08:02 [INFO] 物体 3: GasCyl1 (置信度: 0.46)
2026-06-05 08:08:02 [INFO] 检测到车兜区域，将过滤区域外的目标
2026-06-05 08:08:02 [INFO] 准备保存检测结果到: C:\code\show\Scrap_Steel_In_Field\photos\dangerous_det\detection_20260605_080802.jpg
2026-06-05 08:08:02 [INFO] 图像形状: (2160, 3840, 3)
2026-06-05 08:08:02 [INFO] 图像数据类型: uint8
2026-06-05 08:08:02 [INFO] 图像最大值: 255
2026-06-05 08:08:02 [INFO] 图像最小值: 0
2026-06-05 08:08:02 [INFO] 开始保存检测结果图像: 图像尺寸=(2160, 3840, 3), 类型=uint8, 路径=C:\code\show\Scrap_Steel_In_Field\photos\dangerous_det\detection_20260605_080802.jpg
2026-06-05 08:08:02 [INFO] 成功保存检测结果到: C:\code\show\Scrap_Steel_In_Field\photos\dangerous_det\detection_20260605_080802.jpg
2026-06-05 08:08:02 [INFO] 保存的检测结果文件大小: 1906790 字节
2026-06-05 08:08:02 [INFO] 引擎上下文已释放
2026-06-05 08:08:02 [INFO] TensorRT 引擎已释放
2026-06-05 08:08:02 [INFO] 全局 CUDA 资源已释放
2026-06-05 08:08:02 [INFO] 检测系统资源已释放
2026-06-05 08:08:07 [INFO] CUDA 初始化成功
2026-06-05 08:08:07 [INFO] 引擎加载成功: dangerous.engine
2026-06-05 08:08:07 [INFO] 检测系统初始化成功
2026-06-05 08:08:07 [INFO] 图像预处理完成，原始尺寸: (2160, 3840)
2026-06-05 08:08:07 [INFO] 开始执行目标检测...
2026-06-05 08:08:07 [INFO] 检测完成，找到 4 个物体
2026-06-05 08:08:07 [INFO] 物体 1: GasCyl1 (置信度: 0.91)
2026-06-05 08:08:07 [INFO] 物体 2: GasCyl1 (置信度: 0.74)
2026-06-05 08:08:07 [INFO] 物体 3: GasCyl1 (置信度: 0.42)
2026-06-05 08:08:07 [INFO] 物体 4: FireExt1 (置信度: 0.37)
2026-06-05 08:08:07 [INFO] 检测到车兜区域，将过滤区域外的目标
2026-06-05 08:08:07 [INFO] 准备保存检测结果到: C:\code\show\Scrap_Steel_In_Field\photos\dangerous_det\detection_20260605_080807.jpg
2026-06-05 08:08:07 [INFO] 图像形状: (2160, 3840, 3)
2026-06-05 08:08:07 [INFO] 图像数据类型: uint8
2026-06-05 08:08:07 [INFO] 图像最大值: 255
2026-06-05 08:08:07 [INFO] 图像最小值: 0
2026-06-05 08:08:07 [INFO] 开始保存检测结果图像: 图像尺寸=(2160, 3840, 3), 类型=uint8, 路径=C:\code\show\Scrap_Steel_In_Field\photos\dangerous_det\detection_20260605_080807.jpg
2026-06-05 08:08:07 [INFO] 成功保存检测结果到: C:\code\show\Scrap_Steel_In_Field\photos\dangerous_det\detection_20260605_080807.jpg
2026-06-05 08:08:07 [INFO] 保存的检测结果文件大小: 1918675 字节
2026-06-05 08:08:07 [INFO] 引擎上下文已释放
2026-06-05 08:08:07 [INFO] TensorRT 引擎已释放
2026-06-05 08:08:07 [INFO] 全局 CUDA 资源已释放
2026-06-05 08:08:07 [INFO] 检测系统资源已释放
2026-06-05 08:08:12 [INFO] CUDA 初始化成功
2026-06-05 08:08:12 [INFO] 引擎加载成功: dangerous.engine
2026-06-05 08:08:12 [INFO] 检测系统初始化成功
2026-06-05 08:08:12 [INFO] 图像预处理完成，原始尺寸: (2160, 3840)
2026-06-05 08:08:12 [INFO] 开始执行目标检测...
2026-06-05 08:08:12 [INFO] 检测完成，找到 4 个物体
2026-06-05 08:08:12 [INFO] 物体 1: GasCyl1 (置信度: 0.92)
2026-06-05 08:08:12 [INFO] 物体 2: GasCyl1 (置信度: 0.74)
2026-06-05 08:08:12 [INFO] 物体 3: GasCyl1 (置信度: 0.39)
2026-06-05 08:08:12 [INFO] 物体 4: FireExt1 (置信度: 0.36)
2026-06-05 08:08:12 [INFO] 检测到车兜区域，将过滤区域外的目标
2026-06-05 08:08:12 [INFO] 准备保存检测结果到: C:\code\show\Scrap_Steel_In_Field\photos\dangerous_det\detection_20260605_080812.jpg
2026-06-05 08:08:12 [INFO] 图像形状: (2160, 3840, 3)
2026-06-05 08:08:12 [INFO] 图像数据类型: uint8
2026-06-05 08:08:12 [INFO] 图像最大值: 255
2026-06-05 08:08:12 [INFO] 图像最小值: 0
2026-06-05 08:08:12 [INFO] 开始保存检测结果图像: 图像尺寸=(2160, 3840, 3), 类型=uint8, 路径=C:\code\show\Scrap_Steel_In_Field\photos\dangerous_det\detection_20260605_080812.jpg
2026-06-05 08:08:12 [INFO] 成功保存检测结果到: C:\code\show\Scrap_Steel_In_Field\photos\dangerous_det\detection_20260605_080812.jpg
2026-06-05 08:08:12 [INFO] 保存的检测结果文件大小: 1914955 字节
2026-06-05 08:08:12 [INFO] 引擎上下文已释放
2026-06-05 08:08:12 [INFO] TensorRT 引擎已释放
2026-06-05 08:08:12 [INFO] 全局 CUDA 资源已释放
2026-06-05 08:08:12 [INFO] 检测系统资源已释放
2026-06-05 08:08:17 [INFO] CUDA 初始化成功
2026-06-05 08:08:17 [INFO] 引擎加载成功: dangerous.engine
2026-06-05 08:08:17 [INFO] 检测系统初始化成功
2026-06-05 08:08:17 [INFO] 图像预处理完成，原始尺寸: (2160, 3840)
2026-06-05 08:08:17 [INFO] 开始执行目标检测...
2026-06-05 08:08:17 [INFO] 检测完成，找到 4 个物体
2026-06-05 08:08:17 [INFO] 物体 1: GasCyl1 (置信度: 0.92)
2026-06-05 08:08:17 [INFO] 物体 2: GasCyl1 (置信度: 0.72)
2026-06-05 08:08:17 [INFO] 物体 3: GasCyl1 (置信度: 0.45)
2026-06-05 08:08:17 [INFO] 物体 4: FireExt1 (置信度: 0.40)
2026-06-05 08:08:17 [INFO] 检测到车兜区域，将过滤区域外的目标
2026-06-05 08:08:17 [INFO] 准备保存检测结果到: C:\code\show\Scrap_Steel_In_Field\photos\dangerous_det\detection_20260605_080817.jpg
2026-06-05 08:08:17 [INFO] 图像形状: (2160, 3840, 3)
2026-06-05 08:08:17 [INFO] 图像数据类型: uint8
2026-06-05 08:08:17 [INFO] 图像最大值: 255
2026-06-05 08:08:17 [INFO] 图像最小值: 0
2026-06-05 08:08:17 [INFO] 开始保存检测结果图像: 图像尺寸=(2160, 3840, 3), 类型=uint8, 路径=C:\code\show\Scrap_Steel_In_Field\photos\dangerous_det\detection_20260605_080817.jpg
2026-06-05 08:08:18 [INFO] 成功保存检测结果到: C:\code\show\Scrap_Steel_In_Field\photos\dangerous_det\detection_20260605_080817.jpg
2026-06-05 08:08:18 [INFO] 保存的检测结果文件大小: 1906544 字节
2026-06-05 08:08:18 [INFO] 引擎上下文已释放
2026-06-05 08:08:18 [INFO] TensorRT 引擎已释放
2026-06-05 08:08:18 [INFO] 全局 CUDA 资源已释放
2026-06-05 08:08:18 [INFO] 检测系统资源已释放
2026-06-05 08:08:22 [INFO] CUDA 初始化成功
2026-06-05 08:08:22 [INFO] 引擎加载成功: dangerous.engine
2026-06-05 08:08:22 [INFO] 检测系统初始化成功
2026-06-05 08:08:22 [INFO] 图像预处理完成，原始尺寸: (2160, 3840)
2026-06-05 08:08:22 [INFO] 开始执行目标检测...
2026-06-05 08:08:22 [INFO] 检测完成，找到 3 个物体
2026-06-05 08:08:22 [INFO] 物体 1: GasCyl1 (置信度: 0.92)
2026-06-05 08:08:22 [INFO] 物体 2: GasCyl1 (置信度: 0.75)
2026-06-05 08:08:22 [INFO] 物体 3: GasCyl1 (置信度: 0.39)
2026-06-05 08:08:22 [INFO] 检测到车兜区域，将过滤区域外的目标
2026-06-05 08:08:22 [INFO] 准备保存检测结果到: C:\code\show\Scrap_Steel_In_Field\photos\dangerous_det\detection_20260605_080822.jpg
2026-06-05 08:08:22 [INFO] 图像形状: (2160, 3840, 3)
2026-06-05 08:08:22 [INFO] 图像数据类型: uint8
2026-06-05 08:08:22 [INFO] 图像最大值: 255
2026-06-05 08:08:22 [INFO] 图像最小值: 0
2026-06-05 08:08:22 [INFO] 开始保存检测结果图像: 图像尺寸=(2160, 3840, 3), 类型=uint8, 路径=C:\code\show\Scrap_Steel_In_Field\photos\dangerous_det\detection_20260605_080822.jpg
2026-06-05 08:08:22 [INFO] 成功保存检测结果到: C:\code\show\Scrap_Steel_In_Field\photos\dangerous_det\detection_20260605_080822.jpg
2026-06-05 08:08:22 [INFO] 保存的检测结果文件大小: 1909643 字节
2026-06-05 08:08:22 [INFO] 引擎上下文已释放
2026-06-05 08:08:22 [INFO] TensorRT 引擎已释放
2026-06-05 08:08:22 [INFO] 全局 CUDA 资源已释放
2026-06-05 08:08:22 [INFO] 检测系统资源已释放
2026-06-05 08:08:30 [INFO] CUDA 初始化成功
2026-06-05 08:08:30 [INFO] 引擎加载成功: dangerous.engine
2026-06-05 08:08:30 [INFO] 检测系统初始化成功
2026-06-05 08:08:30 [INFO] 图像预处理完成，原始尺寸: (2160, 3840)
2026-06-05 08:08:30 [INFO] 开始执行目标检测...
2026-06-05 08:08:30 [INFO] 检测完成，找到 3 个物体
2026-06-05 08:08:30 [INFO] 物体 1: GasCyl1 (置信度: 0.92)
2026-06-05 08:08:30 [INFO] 物体 2: GasCyl1 (置信度: 0.74)
2026-06-05 08:08:30 [INFO] 物体 3: FireExt1 (置信度: 0.37)
2026-06-05 08:08:30 [INFO] 检测到车兜区域，将过滤区域外的目标
2026-06-05 08:08:30 [INFO] 准备保存检测结果到: C:\code\show\Scrap_Steel_In_Field\photos\dangerous_det\detection_20260605_080830.jpg
2026-06-05 08:08:30 [INFO] 图像形状: (2160, 3840, 3)
2026-06-05 08:08:30 [INFO] 图像数据类型: uint8
2026-06-05 08:08:30 [INFO] 图像最大值: 255
2026-06-05 08:08:30 [INFO] 图像最小值: 0
2026-06-05 08:08:30 [INFO] 开始保存检测结果图像: 图像尺寸=(2160, 3840, 3), 类型=uint8, 路径=C:\code\show\Scrap_Steel_In_Field\photos\dangerous_det\detection_20260605_080830.jpg
2026-06-05 08:08:30 [INFO] 成功保存检测结果到: C:\code\show\Scrap_Steel_In_Field\photos\dangerous_det\detection_20260605_080830.jpg
2026-06-05 08:08:30 [INFO] 保存的检测结果文件大小: 1905417 字节
2026-06-05 08:08:30 [INFO] 引擎上下文已释放
2026-06-05 08:08:30 [INFO] TensorRT 引擎已释放
2026-06-05 08:08:30 [INFO] 全局 CUDA 资源已释放
2026-06-05 08:08:30 [INFO] 检测系统资源已释放
2026-06-05 08:08:34 [INFO] CUDA 初始化成功
2026-06-05 08:08:34 [INFO] 引擎加载成功: dangerous.engine
2026-06-05 08:08:34 [INFO] 检测系统初始化成功
2026-06-05 08:08:34 [INFO] 图像预处理完成，原始尺寸: (2160, 3840)
2026-06-05 08:08:34 [INFO] 开始执行目标检测...
2026-06-05 08:08:35 [INFO] 检测完成，找到 4 个物体
2026-06-05 08:08:35 [INFO] 物体 1: GasCyl1 (置信度: 0.92)
2026-06-05 08:08:35 [INFO] 物体 2: GasCyl1 (置信度: 0.68)
2026-06-05 08:08:35 [INFO] 物体 3: GasCyl1 (置信度: 0.44)
2026-06-05 08:08:35 [INFO] 物体 4: FireExt1 (置信度: 0.36)
2026-06-05 08:08:35 [INFO] 检测到车兜区域，将过滤区域外的目标
2026-06-05 08:08:35 [INFO] 准备保存检测结果到: C:\code\show\Scrap_Steel_In_Field\photos\dangerous_det\detection_20260605_080835.jpg
2026-06-05 08:08:35 [INFO] 图像形状: (2160, 3840, 3)
2026-06-05 08:08:35 [INFO] 图像数据类型: uint8
2026-06-05 08:08:35 [INFO] 图像最大值: 255
2026-06-05 08:08:35 [INFO] 图像最小值: 0
2026-06-05 08:08:35 [INFO] 开始保存检测结果图像: 图像尺寸=(2160, 3840, 3), 类型=uint8, 路径=C:\code\show\Scrap_Steel_In_Field\photos\dangerous_det\detection_20260605_080835.jpg
2026-06-05 08:08:35 [INFO] 成功保存检测结果到: C:\code\show\Scrap_Steel_In_Field\photos\dangerous_det\detection_20260605_080835.jpg
2026-06-05 08:08:35 [INFO] 保存的检测结果文件大小: 1910952 字节
2026-06-05 08:08:35 [INFO] 引擎上下文已释放
2026-06-05 08:08:35 [INFO] TensorRT 引擎已释放
2026-06-05 08:08:35 [INFO] 全局 CUDA 资源已释放
2026-06-05 08:08:35 [INFO] 检测系统资源已释放
2026-06-05 08:08:39 [INFO] CUDA 初始化成功
2026-06-05 08:08:40 [INFO] 引擎加载成功: dangerous.engine
2026-06-05 08:08:40 [INFO] 检测系统初始化成功
2026-06-05 08:08:40 [INFO] 图像预处理完成，原始尺寸: (2160, 3840)
2026-06-05 08:08:40 [INFO] 开始执行目标检测...
2026-06-05 08:08:40 [INFO] 检测完成，找到 3 个物体
2026-06-05 08:08:40 [INFO] 物体 1: GasCyl1 (置信度: 0.92)
2026-06-05 08:08:40 [INFO] 物体 2: GasCyl1 (置信度: 0.74)
2026-06-05 08:08:40 [INFO] 物体 3: FireExt1 (置信度: 0.38)
2026-06-05 08:08:40 [INFO] 检测到车兜区域，将过滤区域外的目标
2026-06-05 08:08:40 [INFO] 准备保存检测结果到: C:\code\show\Scrap_Steel_In_Field\photos\dangerous_det\detection_20260605_080840.jpg
2026-06-05 08:08:40 [INFO] 图像形状: (2160, 3840, 3)
2026-06-05 08:08:40 [INFO] 图像数据类型: uint8
2026-06-05 08:08:40 [INFO] 图像最大值: 255
2026-06-05 08:08:40 [INFO] 图像最小值: 0
2026-06-05 08:08:40 [INFO] 开始保存检测结果图像: 图像尺寸=(2160, 3840, 3), 类型=uint8, 路径=C:\code\show\Scrap_Steel_In_Field\photos\dangerous_det\detection_20260605_080840.jpg
2026-06-05 08:08:40 [INFO] 成功保存检测结果到: C:\code\show\Scrap_Steel_In_Field\photos\dangerous_det\detection_20260605_080840.jpg
2026-06-05 08:08:40 [INFO] 保存的检测结果文件大小: 1907293 字节
2026-06-05 08:08:40 [INFO] 引擎上下文已释放
2026-06-05 08:08:40 [INFO] TensorRT 引擎已释放
2026-06-05 08:08:40 [INFO] 全局 CUDA 资源已释放
2026-06-05 08:08:40 [INFO] 检测系统资源已释放
2026-06-05 08:08:46 [INFO] CUDA 初始化成功
2026-06-05 08:08:46 [INFO] 引擎加载成功: dangerous.engine
2026-06-05 08:08:46 [INFO] 检测系统初始化成功
2026-06-05 08:08:46 [INFO] 图像预处理完成，原始尺寸: (2160, 3840)
2026-06-05 08:08:46 [INFO] 开始执行目标检测...
2026-06-05 08:08:46 [INFO] 检测完成，找到 3 个物体
2026-06-05 08:08:46 [INFO] 物体 1: GasCyl1 (置信度: 0.93)
2026-06-05 08:08:46 [INFO] 物体 2: GasCyl1 (置信度: 0.74)
2026-06-05 08:08:46 [INFO] 物体 3: GasCyl1 (置信度: 0.44)
2026-06-05 08:08:46 [INFO] 检测到车兜区域，将过滤区域外的目标
2026-06-05 08:08:46 [INFO] 准备保存检测结果到: C:\code\show\Scrap_Steel_In_Field\photos\dangerous_det\detection_20260605_080846.jpg
2026-06-05 08:08:46 [INFO] 图像形状: (2160, 3840, 3)
2026-06-05 08:08:46 [INFO] 图像数据类型: uint8
2026-06-05 08:08:46 [INFO] 图像最大值: 255
2026-06-05 08:08:46 [INFO] 图像最小值: 0
2026-06-05 08:08:46 [INFO] 开始保存检测结果图像: 图像尺寸=(2160, 3840, 3), 类型=uint8, 路径=C:\code\show\Scrap_Steel_In_Field\photos\dangerous_det\detection_20260605_080846.jpg
2026-06-05 08:08:46 [INFO] 成功保存检测结果到: C:\code\show\Scrap_Steel_In_Field\photos\dangerous_det\detection_20260605_080846.jpg
2026-06-05 08:08:46 [INFO] 保存的检测结果文件大小: 1907275 字节
2026-06-05 08:08:46 [INFO] 引擎上下文已释放
2026-06-05 08:08:46 [INFO] TensorRT 引擎已释放
2026-06-05 08:08:46 [INFO] 全局 CUDA 资源已释放
2026-06-05 08:08:46 [INFO] 检测系统资源已释放
2026-06-05 08:08:51 [INFO] CUDA 初始化成功
2026-06-05 08:08:51 [INFO] 引擎加载成功: dangerous.engine
2026-06-05 08:08:51 [INFO] 检测系统初始化成功
2026-06-05 08:08:51 [INFO] 图像预处理完成，原始尺寸: (2160, 3840)
2026-06-05 08:08:51 [INFO] 开始执行目标检测...
2026-06-05 08:08:51 [INFO] 检测完成，找到 3 个物体
2026-06-05 08:08:51 [INFO] 物体 1: GasCyl1 (置信度: 0.92)
2026-06-05 08:08:51 [INFO] 物体 2: GasCyl1 (置信度: 0.69)
2026-06-05 08:08:51 [INFO] 物体 3: GasCyl1 (置信度: 0.46)
2026-06-05 08:08:51 [INFO] 检测到车兜区域，将过滤区域外的目标
2026-06-05 08:08:51 [INFO] 准备保存检测结果到: C:\code\show\Scrap_Steel_In_Field\photos\dangerous_det\detection_20260605_080851.jpg
2026-06-05 08:08:51 [INFO] 图像形状: (2160, 3840, 3)
2026-06-05 08:08:51 [INFO] 图像数据类型: uint8
2026-06-05 08:08:51 [INFO] 图像最大值: 255
2026-06-05 08:08:51 [INFO] 图像最小值: 0
2026-06-05 08:08:51 [INFO] 开始保存检测结果图像: 图像尺寸=(2160, 3840, 3), 类型=uint8, 路径=C:\code\show\Scrap_Steel_In_Field\photos\dangerous_det\detection_20260605_080851.jpg
2026-06-05 08:08:51 [INFO] 成功保存检测结果到: C:\code\show\Scrap_Steel_In_Field\photos\dangerous_det\detection_20260605_080851.jpg
2026-06-05 08:08:51 [INFO] 保存的检测结果文件大小: 1911523 字节
2026-06-05 08:08:51 [INFO] 引擎上下文已释放
2026-06-05 08:08:51 [INFO] TensorRT 引擎已释放
2026-06-05 08:08:51 [INFO] 全局 CUDA 资源已释放
2026-06-05 08:08:51 [INFO] 检测系统资源已释放
2026-06-05 08:08:56 [INFO] CUDA 初始化成功
2026-06-05 08:08:56 [INFO] 引擎加载成功: dangerous.engine
2026-06-05 08:08:56 [INFO] 检测系统初始化成功
2026-06-05 08:08:56 [INFO] 图像预处理完成，原始尺寸: (2160, 3840)
2026-06-05 08:08:56 [INFO] 开始执行目标检测...
2026-06-05 08:08:56 [INFO] 检测完成，找到 3 个物体
2026-06-05 08:08:56 [INFO] 物体 1: GasCyl1 (置信度: 0.92)
2026-06-05 08:08:56 [INFO] 物体 2: GasCyl1 (置信度: 0.75)
2026-06-05 08:08:56 [INFO] 物体 3: GasCyl1 (置信度: 0.47)
2026-06-05 08:08:56 [INFO] 检测到车兜区域，将过滤区域外的目标
2026-06-05 08:08:56 [INFO] 准备保存检测结果到: C:\code\show\Scrap_Steel_In_Field\photos\dangerous_det\detection_20260605_080856.jpg
2026-06-05 08:08:56 [INFO] 图像形状: (2160, 3840, 3)
2026-06-05 08:08:56 [INFO] 图像数据类型: uint8
2026-06-05 08:08:56 [INFO] 图像最大值: 255
2026-06-05 08:08:56 [INFO] 图像最小值: 0
2026-06-05 08:08:56 [INFO] 开始保存检测结果图像: 图像尺寸=(2160, 3840, 3), 类型=uint8, 路径=C:\code\show\Scrap_Steel_In_Field\photos\dangerous_det\detection_20260605_080856.jpg
2026-06-05 08:08:56 [INFO] 成功保存检测结果到: C:\code\show\Scrap_Steel_In_Field\photos\dangerous_det\detection_20260605_080856.jpg
2026-06-05 08:08:56 [INFO] 保存的检测结果文件大小: 1909867 字节
2026-06-05 08:08:56 [INFO] 引擎上下文已释放
2026-06-05 08:08:56 [INFO] TensorRT 引擎已释放
2026-06-05 08:08:56 [INFO] 全局 CUDA 资源已释放
2026-06-05 08:08:56 [INFO] 检测系统资源已释放
2026-06-05 08:09:01 [INFO] CUDA 初始化成功
2026-06-05 08:09:01 [INFO] 引擎加载成功: dangerous.engine
2026-06-05 08:09:01 [INFO] 检测系统初始化成功
2026-06-05 08:09:01 [INFO] 图像预处理完成，原始尺寸: (2160, 3840)
2026-06-05 08:09:01 [INFO] 开始执行目标检测...
2026-06-05 08:09:01 [INFO] 检测完成，找到 4 个物体
2026-06-05 08:09:01 [INFO] 物体 1: GasCyl1 (置信度: 0.92)
2026-06-05 08:09:01 [INFO] 物体 2: GasCyl1 (置信度: 0.71)
2026-06-05 08:09:01 [INFO] 物体 3: GasCyl1 (置信度: 0.44)
2026-06-05 08:09:01 [INFO] 物体 4: FireExt1 (置信度: 0.36)
2026-06-05 08:09:01 [INFO] 检测到车兜区域，将过滤区域外的目标
2026-06-05 08:09:01 [INFO] 准备保存检测结果到: C:\code\show\Scrap_Steel_In_Field\photos\dangerous_det\detection_20260605_080901.jpg
2026-06-05 08:09:01 [INFO] 图像形状: (2160, 3840, 3)
2026-06-05 08:09:01 [INFO] 图像数据类型: uint8
2026-06-05 08:09:01 [INFO] 图像最大值: 255
2026-06-05 08:09:01 [INFO] 图像最小值: 0
2026-06-05 08:09:01 [INFO] 开始保存检测结果图像: 图像尺寸=(2160, 3840, 3), 类型=uint8, 路径=C:\code\show\Scrap_Steel_In_Field\photos\dangerous_det\detection_20260605_080901.jpg
2026-06-05 08:09:02 [INFO] 成功保存检测结果到: C:\code\show\Scrap_Steel_In_Field\photos\dangerous_det\detection_20260605_080901.jpg
2026-06-05 08:09:02 [INFO] 保存的检测结果文件大小: 1912049 字节
2026-06-05 08:09:02 [INFO] 引擎上下文已释放
2026-06-05 08:09:02 [INFO] TensorRT 引擎已释放
2026-06-05 08:09:02 [INFO] 全局 CUDA 资源已释放
2026-06-05 08:09:02 [INFO] 检测系统资源已释放
2026-06-05 08:09:06 [INFO] CUDA 初始化成功
2026-06-05 08:09:06 [INFO] 引擎加载成功: dangerous.engine
2026-06-05 08:09:06 [INFO] 检测系统初始化成功
2026-06-05 08:09:06 [INFO] 图像预处理完成，原始尺寸: (2160, 3840)
2026-06-05 08:09:06 [INFO] 开始执行目标检测...
2026-06-05 08:09:07 [INFO] 检测完成，找到 3 个物体
2026-06-05 08:09:07 [INFO] 物体 1: GasCyl1 (置信度: 0.92)
2026-06-05 08:09:07 [INFO] 物体 2: GasCyl1 (置信度: 0.71)
2026-06-05 08:09:07 [INFO] 物体 3: GasCyl1 (置信度: 0.48)
2026-06-05 08:09:07 [INFO] 检测到车兜区域，将过滤区域外的目标
2026-06-05 08:09:07 [INFO] 准备保存检测结果到: C:\code\show\Scrap_Steel_In_Field\photos\dangerous_det\detection_20260605_080907.jpg
2026-06-05 08:09:07 [INFO] 图像形状: (2160, 3840, 3)
2026-06-05 08:09:07 [INFO] 图像数据类型: uint8
2026-06-05 08:09:07 [INFO] 图像最大值: 255
2026-06-05 08:09:07 [INFO] 图像最小值: 0
2026-06-05 08:09:07 [INFO] 开始保存检测结果图像: 图像尺寸=(2160, 3840, 3), 类型=uint8, 路径=C:\code\show\Scrap_Steel_In_Field\photos\dangerous_det\detection_20260605_080907.jpg
2026-06-05 08:09:07 [INFO] 成功保存检测结果到: C:\code\show\Scrap_Steel_In_Field\photos\dangerous_det\detection_20260605_080907.jpg
2026-06-05 08:09:07 [INFO] 保存的检测结果文件大小: 1916568 字节
2026-06-05 08:09:07 [INFO] 引擎上下文已释放
2026-06-05 08:09:07 [INFO] TensorRT 引擎已释放
2026-06-05 08:09:07 [INFO] 全局 CUDA 资源已释放
2026-06-05 08:09:07 [INFO] 检测系统资源已释放
2026-06-05 08:09:11 [INFO] CUDA 初始化成功
2026-06-05 08:09:12 [INFO] 引擎加载成功: dangerous.engine
2026-06-05 08:09:12 [INFO] 检测系统初始化成功
2026-06-05 08:09:12 [INFO] 图像预处理完成，原始尺寸: (2160, 3840)
2026-06-05 08:09:12 [INFO] 开始执行目标检测...
2026-06-05 08:09:12 [INFO] 检测完成，找到 4 个物体
2026-06-05 08:09:12 [INFO] 物体 1: GasCyl1 (置信度: 0.92)
2026-06-05 08:09:12 [INFO] 物体 2: GasCyl1 (置信度: 0.78)
2026-06-05 08:09:12 [INFO] 物体 3: GasCyl1 (置信度: 0.39)
2026-06-05 08:09:12 [INFO] 物体 4: FireExt1 (置信度: 0.37)
2026-06-05 08:09:12 [INFO] 检测到车兜区域，将过滤区域外的目标
2026-06-05 08:09:12 [INFO] 准备保存检测结果到: C:\code\show\Scrap_Steel_In_Field\photos\dangerous_det\detection_20260605_080912.jpg
2026-06-05 08:09:12 [INFO] 图像形状: (2160, 3840, 3)
2026-06-05 08:09:12 [INFO] 图像数据类型: uint8
2026-06-05 08:09:12 [INFO] 图像最大值: 255
2026-06-05 08:09:12 [INFO] 图像最小值: 0
2026-06-05 08:09:12 [INFO] 开始保存检测结果图像: 图像尺寸=(2160, 3840, 3), 类型=uint8, 路径=C:\code\show\Scrap_Steel_In_Field\photos\dangerous_det\detection_20260605_080912.jpg
2026-06-05 08:09:12 [INFO] 成功保存检测结果到: C:\code\show\Scrap_Steel_In_Field\photos\dangerous_det\detection_20260605_080912.jpg
2026-06-05 08:09:12 [INFO] 保存的检测结果文件大小: 1916910 字节
2026-06-05 08:09:12 [INFO] 引擎上下文已释放
2026-06-05 08:09:12 [INFO] TensorRT 引擎已释放
2026-06-05 08:09:12 [INFO] 全局 CUDA 资源已释放
2026-06-05 08:09:12 [INFO] 检测系统资源已释放
2026-06-05 08:09:17 [INFO] CUDA 初始化成功
2026-06-05 08:09:17 [INFO] 引擎加载成功: dangerous.engine
2026-06-05 08:09:17 [INFO] 检测系统初始化成功
2026-06-05 08:09:17 [INFO] 图像预处理完成，原始尺寸: (2160, 3840)
2026-06-05 08:09:17 [INFO] 开始执行目标检测...
2026-06-05 08:09:17 [INFO] 检测完成，找到 3 个物体
2026-06-05 08:09:17 [INFO] 物体 1: GasCyl1 (置信度: 0.92)
2026-06-05 08:09:17 [INFO] 物体 2: GasCyl1 (置信度: 0.75)
2026-06-05 08:09:17 [INFO] 物体 3: GasCyl1 (置信度: 0.44)
2026-06-05 08:09:17 [INFO] 检测到车兜区域，将过滤区域外的目标
2026-06-05 08:09:17 [INFO] 准备保存检测结果到: C:\code\show\Scrap_Steel_In_Field\photos\dangerous_det\detection_20260605_080917.jpg
2026-06-05 08:09:17 [INFO] 图像形状: (2160, 3840, 3)
2026-06-05 08:09:17 [INFO] 图像数据类型: uint8
2026-06-05 08:09:17 [INFO] 图像最大值: 255
2026-06-05 08:09:17 [INFO] 图像最小值: 0
2026-06-05 08:09:17 [INFO] 开始保存检测结果图像: 图像尺寸=(2160, 3840, 3), 类型=uint8, 路径=C:\code\show\Scrap_Steel_In_Field\photos\dangerous_det\detection_20260605_080917.jpg
2026-06-05 08:09:17 [INFO] 成功保存检测结果到: C:\code\show\Scrap_Steel_In_Field\photos\dangerous_det\detection_20260605_080917.jpg
2026-06-05 08:09:17 [INFO] 保存的检测结果文件大小: 1887491 字节
2026-06-05 08:09:17 [INFO] 引擎上下文已释放
2026-06-05 08:09:17 [INFO] TensorRT 引擎已释放
2026-06-05 08:09:17 [INFO] 全局 CUDA 资源已释放
2026-06-05 08:09:17 [INFO] 检测系统资源已释放
