2025-05-11 17:23:23 [INFO] CUDA 初始化成功
2025-05-11 17:23:23 [INFO] 引擎加载成功: dangerous.engine
2025-05-11 17:23:23 [INFO] 检测系统初始化成功
2025-05-11 17:23:23 [INFO] 图像预处理完成，原始尺寸: (2160, 3840)
2025-05-11 17:23:23 [INFO] 开始执行目标检测...
2025-05-11 17:23:23 [INFO] 检测完成，找到 0 个物体
2025-05-11 17:23:23 [INFO] 引擎上下文已释放
2025-05-11 17:23:23 [INFO] TensorRT 引擎已释放
2025-05-11 17:23:23 [INFO] 全局 CUDA 资源已释放
2025-05-11 17:23:23 [INFO] 检测系统资源已释放
2025-05-11 17:25:52 [INFO] CUDA 初始化成功
2025-05-11 17:25:52 [INFO] 引擎加载成功: dangerous.engine
2025-05-11 17:25:52 [INFO] 检测系统初始化成功
2025-05-11 17:25:52 [INFO] 图像预处理完成，原始尺寸: (2160, 3840)
2025-05-11 17:25:52 [INFO] 开始执行目标检测...
2025-05-11 17:25:52 [INFO] 检测完成，找到 0 个物体
2025-05-11 17:25:53 [INFO] 引擎上下文已释放
2025-05-11 17:25:53 [INFO] TensorRT 引擎已释放
2025-05-11 17:25:53 [INFO] 全局 CUDA 资源已释放
2025-05-11 17:25:53 [INFO] 检测系统资源已释放
2025-05-11 17:28:57 [INFO] CUDA 初始化成功
2025-05-11 17:28:57 [INFO] 引擎加载成功: dangerous.engine
2025-05-11 17:28:57 [INFO] 检测系统初始化成功
2025-05-11 17:28:57 [INFO] 图像预处理完成，原始尺寸: (2160, 3840)
2025-05-11 17:28:57 [INFO] 开始执行目标检测...
2025-05-11 17:28:57 [INFO] 检测完成，找到 0 个物体
2025-05-11 17:28:57 [INFO] 引擎上下文已释放
2025-05-11 17:28:57 [INFO] TensorRT 引擎已释放
2025-05-11 17:28:57 [INFO] 全局 CUDA 资源已释放
2025-05-11 17:28:57 [INFO] 检测系统资源已释放
2025-05-11 17:32:01 [INFO] CUDA 初始化成功
2025-05-11 17:32:01 [INFO] 引擎加载成功: dangerous.engine
2025-05-11 17:32:01 [INFO] 检测系统初始化成功
2025-05-11 17:32:01 [INFO] 图像预处理完成，原始尺寸: (2160, 3840)
2025-05-11 17:32:01 [INFO] 开始执行目标检测...
2025-05-11 17:32:01 [INFO] 检测完成，找到 0 个物体
2025-05-11 17:32:01 [INFO] 引擎上下文已释放
2025-05-11 17:32:01 [INFO] TensorRT 引擎已释放
2025-05-11 17:32:01 [INFO] 全局 CUDA 资源已释放
2025-05-11 17:32:01 [INFO] 检测系统资源已释放
