2026-05-22 11:00:47 [INFO] CUDA 初始化成功
2026-05-22 11:00:47 [INFO] 引擎加载成功: dangerous.engine
2026-05-22 11:00:47 [INFO] 检测系统初始化成功
2026-05-22 11:00:50 [INFO] 引擎加载成功: dangerous.engine
2026-05-22 11:00:50 [INFO] 检测系统初始化成功
2026-05-22 11:00:50 [INFO] 图像预处理完成，原始尺寸: (2160, 3840)
2026-05-22 11:00:50 [INFO] 开始执行目标检测...
2026-05-22 11:00:50 [INFO] 检测完成，找到 0 个物体
2026-05-22 11:00:50 [INFO] 检测到车兜区域，将过滤区域外的目标
2026-05-22 11:00:50 [INFO] 引擎上下文已释放
2026-05-22 11:00:50 [INFO] TensorRT 引擎已释放
2026-05-22 11:00:50 [INFO] 全局 CUDA 资源已释放
2026-05-22 11:00:50 [INFO] 检测系统资源已释放
2026-05-22 11:00:55 [INFO] CUDA 初始化成功
2026-05-22 11:00:55 [INFO] 引擎加载成功: dangerous.engine
2026-05-22 11:00:55 [INFO] 检测系统初始化成功
2026-05-22 11:00:55 [INFO] 图像预处理完成，原始尺寸: (2160, 3840)
2026-05-22 11:00:55 [INFO] 开始执行目标检测...
2026-05-22 11:00:55 [INFO] 检测完成，找到 3 个物体
2026-05-22 11:00:55 [INFO] 物体 1: GasCyl1 (置信度: 0.82)
2026-05-22 11:00:55 [INFO] 物体 2: FireExt1 (置信度: 0.49)
2026-05-22 11:00:55 [INFO] 物体 3: GasCyl1 (置信度: 0.40)
2026-05-22 11:00:55 [INFO] 准备保存检测结果到: C:\code\show\Scrap_Steel_In_Field\photos\dangerous_det\detection_20260522_110055.jpg
2026-05-22 11:00:55 [INFO] 图像形状: (2160, 3840, 3)
2026-05-22 11:00:55 [INFO] 图像数据类型: uint8
2026-05-22 11:00:55 [INFO] 图像最大值: 255
2026-05-22 11:00:55 [INFO] 图像最小值: 0
2026-05-22 11:00:55 [INFO] 开始保存检测结果图像: 图像尺寸=(2160, 3840, 3), 类型=uint8, 路径=C:\code\show\Scrap_Steel_In_Field\photos\dangerous_det\detection_20260522_110055.jpg
2026-05-22 11:00:55 [INFO] 成功保存检测结果到: C:\code\show\Scrap_Steel_In_Field\photos\dangerous_det\detection_20260522_110055.jpg
2026-05-22 11:00:55 [INFO] 保存的检测结果文件大小: 2321079 字节
2026-05-22 11:00:55 [INFO] 引擎上下文已释放
2026-05-22 11:00:55 [INFO] TensorRT 引擎已释放
2026-05-22 11:00:55 [INFO] 全局 CUDA 资源已释放
2026-05-22 11:00:55 [INFO] 检测系统资源已释放
2026-05-22 11:01:03 [INFO] CUDA 初始化成功
2026-05-22 11:01:03 [INFO] 引擎加载成功: dangerous.engine
2026-05-22 11:01:03 [INFO] 检测系统初始化成功
2026-05-22 11:01:03 [INFO] 图像预处理完成，原始尺寸: (2160, 3840)
2026-05-22 11:01:03 [INFO] 开始执行目标检测...
2026-05-22 11:01:03 [INFO] 检测完成，找到 3 个物体
2026-05-22 11:01:03 [INFO] 物体 1: GasCyl1 (置信度: 0.81)
2026-05-22 11:01:03 [INFO] 物体 2: FireExt1 (置信度: 0.48)
2026-05-22 11:01:03 [INFO] 物体 3: GasCyl1 (置信度: 0.29)
2026-05-22 11:01:03 [INFO] 检测到车兜区域，将过滤区域外的目标
2026-05-22 11:01:03 [INFO] 准备保存检测结果到: C:\code\show\Scrap_Steel_In_Field\photos\dangerous_det\detection_20260522_110103.jpg
2026-05-22 11:01:03 [INFO] 图像形状: (2160, 3840, 3)
2026-05-22 11:01:03 [INFO] 图像数据类型: uint8
2026-05-22 11:01:03 [INFO] 图像最大值: 255
2026-05-22 11:01:03 [INFO] 图像最小值: 0
2026-05-22 11:01:03 [INFO] 开始保存检测结果图像: 图像尺寸=(2160, 3840, 3), 类型=uint8, 路径=C:\code\show\Scrap_Steel_In_Field\photos\dangerous_det\detection_20260522_110103.jpg
2026-05-22 11:01:03 [INFO] 成功保存检测结果到: C:\code\show\Scrap_Steel_In_Field\photos\dangerous_det\detection_20260522_110103.jpg
2026-05-22 11:01:03 [INFO] 保存的检测结果文件大小: 2336926 字节
2026-05-22 11:01:03 [INFO] 引擎上下文已释放
2026-05-22 11:01:03 [INFO] TensorRT 引擎已释放
2026-05-22 11:01:03 [INFO] 全局 CUDA 资源已释放
2026-05-22 11:01:03 [INFO] 检测系统资源已释放
2026-05-22 11:01:09 [INFO] CUDA 初始化成功
2026-05-22 11:01:09 [INFO] 引擎加载成功: dangerous.engine
2026-05-22 11:01:09 [INFO] 检测系统初始化成功
2026-05-22 11:01:09 [INFO] 图像预处理完成，原始尺寸: (2160, 3840)
2026-05-22 11:01:09 [INFO] 开始执行目标检测...
2026-05-22 11:01:09 [INFO] 检测完成，找到 3 个物体
2026-05-22 11:01:09 [INFO] 物体 1: GasCyl1 (置信度: 0.83)
2026-05-22 11:01:09 [INFO] 物体 2: FireExt1 (置信度: 0.51)
2026-05-22 11:01:09 [INFO] 物体 3: GasCyl1 (置信度: 0.40)
2026-05-22 11:01:09 [INFO] 检测到车兜区域，将过滤区域外的目标
2026-05-22 11:01:09 [INFO] 准备保存检测结果到: C:\code\show\Scrap_Steel_In_Field\photos\dangerous_det\detection_20260522_110109.jpg
2026-05-22 11:01:09 [INFO] 图像形状: (2160, 3840, 3)
2026-05-22 11:01:09 [INFO] 图像数据类型: uint8
2026-05-22 11:01:09 [INFO] 图像最大值: 255
2026-05-22 11:01:09 [INFO] 图像最小值: 0
2026-05-22 11:01:09 [INFO] 开始保存检测结果图像: 图像尺寸=(2160, 3840, 3), 类型=uint8, 路径=C:\code\show\Scrap_Steel_In_Field\photos\dangerous_det\detection_20260522_110109.jpg
2026-05-22 11:01:09 [INFO] 成功保存检测结果到: C:\code\show\Scrap_Steel_In_Field\photos\dangerous_det\detection_20260522_110109.jpg
2026-05-22 11:01:09 [INFO] 保存的检测结果文件大小: 2335235 字节
2026-05-22 11:01:09 [INFO] 引擎上下文已释放
2026-05-22 11:01:09 [INFO] TensorRT 引擎已释放
2026-05-22 11:01:10 [INFO] 全局 CUDA 资源已释放
2026-05-22 11:01:10 [INFO] 检测系统资源已释放
2026-05-22 11:01:15 [INFO] CUDA 初始化成功
2026-05-22 11:01:15 [INFO] 引擎加载成功: dangerous.engine
2026-05-22 11:01:15 [INFO] 检测系统初始化成功
2026-05-22 11:01:15 [INFO] 图像预处理完成，原始尺寸: (2160, 3840)
2026-05-22 11:01:15 [INFO] 开始执行目标检测...
2026-05-22 11:01:15 [INFO] 检测完成，找到 3 个物体
2026-05-22 11:01:15 [INFO] 物体 1: GasCyl1 (置信度: 0.83)
2026-05-22 11:01:15 [INFO] 物体 2: FireExt1 (置信度: 0.45)
2026-05-22 11:01:15 [INFO] 物体 3: GasCyl1 (置信度: 0.39)
2026-05-22 11:01:15 [INFO] 检测到车兜区域，将过滤区域外的目标
2026-05-22 11:01:15 [INFO] 准备保存检测结果到: C:\code\show\Scrap_Steel_In_Field\photos\dangerous_det\detection_20260522_110115.jpg
2026-05-22 11:01:15 [INFO] 图像形状: (2160, 3840, 3)
2026-05-22 11:01:15 [INFO] 图像数据类型: uint8
2026-05-22 11:01:15 [INFO] 图像最大值: 255
2026-05-22 11:01:15 [INFO] 图像最小值: 0
2026-05-22 11:01:15 [INFO] 开始保存检测结果图像: 图像尺寸=(2160, 3840, 3), 类型=uint8, 路径=C:\code\show\Scrap_Steel_In_Field\photos\dangerous_det\detection_20260522_110115.jpg
2026-05-22 11:01:15 [INFO] 成功保存检测结果到: C:\code\show\Scrap_Steel_In_Field\photos\dangerous_det\detection_20260522_110115.jpg
2026-05-22 11:01:15 [INFO] 保存的检测结果文件大小: 2300101 字节
2026-05-22 11:01:15 [INFO] 引擎上下文已释放
2026-05-22 11:01:15 [INFO] TensorRT 引擎已释放
2026-05-22 11:01:15 [INFO] 全局 CUDA 资源已释放
2026-05-22 11:01:15 [INFO] 检测系统资源已释放
2026-05-22 11:01:20 [INFO] CUDA 初始化成功
2026-05-22 11:01:20 [INFO] 引擎加载成功: dangerous.engine
2026-05-22 11:01:20 [INFO] 检测系统初始化成功
2026-05-22 11:01:20 [INFO] 图像预处理完成，原始尺寸: (2160, 3840)
2026-05-22 11:01:20 [INFO] 开始执行目标检测...
2026-05-22 11:01:20 [INFO] 检测完成，找到 3 个物体
2026-05-22 11:01:20 [INFO] 物体 1: GasCyl1 (置信度: 0.83)
2026-05-22 11:01:20 [INFO] 物体 2: FireExt1 (置信度: 0.51)
2026-05-22 11:01:20 [INFO] 物体 3: GasCyl1 (置信度: 0.29)
2026-05-22 11:01:20 [INFO] 检测到车兜区域，将过滤区域外的目标
2026-05-22 11:01:20 [INFO] 准备保存检测结果到: C:\code\show\Scrap_Steel_In_Field\photos\dangerous_det\detection_20260522_110120.jpg
2026-05-22 11:01:20 [INFO] 图像形状: (2160, 3840, 3)
2026-05-22 11:01:20 [INFO] 图像数据类型: uint8
2026-05-22 11:01:20 [INFO] 图像最大值: 255
2026-05-22 11:01:20 [INFO] 图像最小值: 0
2026-05-22 11:01:20 [INFO] 开始保存检测结果图像: 图像尺寸=(2160, 3840, 3), 类型=uint8, 路径=C:\code\show\Scrap_Steel_In_Field\photos\dangerous_det\detection_20260522_110120.jpg
2026-05-22 11:01:20 [INFO] 成功保存检测结果到: C:\code\show\Scrap_Steel_In_Field\photos\dangerous_det\detection_20260522_110120.jpg
2026-05-22 11:01:20 [INFO] 保存的检测结果文件大小: 2339805 字节
2026-05-22 11:01:20 [INFO] 引擎上下文已释放
2026-05-22 11:01:20 [INFO] TensorRT 引擎已释放
2026-05-22 11:01:20 [INFO] 全局 CUDA 资源已释放
2026-05-22 11:01:20 [INFO] 检测系统资源已释放
2026-05-22 11:01:26 [INFO] CUDA 初始化成功
2026-05-22 11:01:26 [INFO] 引擎加载成功: dangerous.engine
2026-05-22 11:01:26 [INFO] 检测系统初始化成功
2026-05-22 11:01:26 [INFO] 图像预处理完成，原始尺寸: (2160, 3840)
2026-05-22 11:01:26 [INFO] 开始执行目标检测...
2026-05-22 11:01:26 [INFO] 检测完成，找到 3 个物体
2026-05-22 11:01:26 [INFO] 物体 1: GasCyl1 (置信度: 0.81)
2026-05-22 11:01:26 [INFO] 物体 2: FireExt1 (置信度: 0.49)
2026-05-22 11:01:26 [INFO] 物体 3: GasCyl1 (置信度: 0.29)
2026-05-22 11:01:26 [INFO] 检测到车兜区域，将过滤区域外的目标
2026-05-22 11:01:26 [INFO] 准备保存检测结果到: C:\code\show\Scrap_Steel_In_Field\photos\dangerous_det\detection_20260522_110126.jpg
2026-05-22 11:01:26 [INFO] 图像形状: (2160, 3840, 3)
2026-05-22 11:01:26 [INFO] 图像数据类型: uint8
2026-05-22 11:01:26 [INFO] 图像最大值: 255
2026-05-22 11:01:26 [INFO] 图像最小值: 0
2026-05-22 11:01:26 [INFO] 开始保存检测结果图像: 图像尺寸=(2160, 3840, 3), 类型=uint8, 路径=C:\code\show\Scrap_Steel_In_Field\photos\dangerous_det\detection_20260522_110126.jpg
2026-05-22 11:01:26 [INFO] 成功保存检测结果到: C:\code\show\Scrap_Steel_In_Field\photos\dangerous_det\detection_20260522_110126.jpg
2026-05-22 11:01:26 [INFO] 保存的检测结果文件大小: 2340808 字节
2026-05-22 11:01:26 [INFO] 引擎上下文已释放
2026-05-22 11:01:26 [INFO] TensorRT 引擎已释放
2026-05-22 11:01:26 [INFO] 全局 CUDA 资源已释放
2026-05-22 11:01:26 [INFO] 检测系统资源已释放
2026-05-22 11:01:31 [INFO] CUDA 初始化成功
2026-05-22 11:01:31 [INFO] 引擎加载成功: dangerous.engine
2026-05-22 11:01:31 [INFO] 检测系统初始化成功
2026-05-22 11:01:31 [INFO] 图像预处理完成，原始尺寸: (2160, 3840)
2026-05-22 11:01:31 [INFO] 开始执行目标检测...
2026-05-22 11:01:31 [INFO] 检测完成，找到 3 个物体
2026-05-22 11:01:31 [INFO] 物体 1: GasCyl1 (置信度: 0.81)
2026-05-22 11:01:31 [INFO] 物体 2: FireExt1 (置信度: 0.47)
2026-05-22 11:01:31 [INFO] 物体 3: GasCyl1 (置信度: 0.29)
2026-05-22 11:01:31 [INFO] 检测到车兜区域，将过滤区域外的目标
2026-05-22 11:01:31 [INFO] 准备保存检测结果到: C:\code\show\Scrap_Steel_In_Field\photos\dangerous_det\detection_20260522_110131.jpg
2026-05-22 11:01:31 [INFO] 图像形状: (2160, 3840, 3)
2026-05-22 11:01:31 [INFO] 图像数据类型: uint8
2026-05-22 11:01:31 [INFO] 图像最大值: 255
2026-05-22 11:01:31 [INFO] 图像最小值: 0
2026-05-22 11:01:31 [INFO] 开始保存检测结果图像: 图像尺寸=(2160, 3840, 3), 类型=uint8, 路径=C:\code\show\Scrap_Steel_In_Field\photos\dangerous_det\detection_20260522_110131.jpg
2026-05-22 11:01:31 [INFO] 成功保存检测结果到: C:\code\show\Scrap_Steel_In_Field\photos\dangerous_det\detection_20260522_110131.jpg
2026-05-22 11:01:31 [INFO] 保存的检测结果文件大小: 2338453 字节
2026-05-22 11:01:31 [INFO] 引擎上下文已释放
2026-05-22 11:01:31 [INFO] TensorRT 引擎已释放
2026-05-22 11:01:31 [INFO] 全局 CUDA 资源已释放
2026-05-22 11:01:31 [INFO] 检测系统资源已释放
2026-05-22 11:01:36 [INFO] CUDA 初始化成功
2026-05-22 11:01:37 [INFO] 引擎加载成功: dangerous.engine
2026-05-22 11:01:37 [INFO] 检测系统初始化成功
2026-05-22 11:01:37 [INFO] 图像预处理完成，原始尺寸: (2160, 3840)
2026-05-22 11:01:37 [INFO] 开始执行目标检测...
2026-05-22 11:01:37 [INFO] 检测完成，找到 3 个物体
2026-05-22 11:01:37 [INFO] 物体 1: GasCyl1 (置信度: 0.83)
2026-05-22 11:01:37 [INFO] 物体 2: FireExt1 (置信度: 0.52)
2026-05-22 11:01:37 [INFO] 物体 3: GasCyl1 (置信度: 0.31)
2026-05-22 11:01:37 [INFO] 准备保存检测结果到: C:\code\show\Scrap_Steel_In_Field\photos\dangerous_det\detection_20260522_110137.jpg
2026-05-22 11:01:37 [INFO] 图像形状: (2160, 3840, 3)
2026-05-22 11:01:37 [INFO] 图像数据类型: uint8
2026-05-22 11:01:37 [INFO] 图像最大值: 255
2026-05-22 11:01:37 [INFO] 图像最小值: 0
2026-05-22 11:01:37 [INFO] 开始保存检测结果图像: 图像尺寸=(2160, 3840, 3), 类型=uint8, 路径=C:\code\show\Scrap_Steel_In_Field\photos\dangerous_det\detection_20260522_110137.jpg
2026-05-22 11:01:37 [INFO] 成功保存检测结果到: C:\code\show\Scrap_Steel_In_Field\photos\dangerous_det\detection_20260522_110137.jpg
2026-05-22 11:01:37 [INFO] 保存的检测结果文件大小: 2327229 字节
2026-05-22 11:01:37 [INFO] 引擎上下文已释放
2026-05-22 11:01:37 [INFO] TensorRT 引擎已释放
2026-05-22 11:01:37 [INFO] 全局 CUDA 资源已释放
2026-05-22 11:01:37 [INFO] 检测系统资源已释放
2026-05-22 11:01:42 [INFO] CUDA 初始化成功
2026-05-22 11:01:42 [INFO] 引擎加载成功: dangerous.engine
2026-05-22 11:01:42 [INFO] 检测系统初始化成功
2026-05-22 11:01:42 [INFO] 图像预处理完成，原始尺寸: (2160, 3840)
2026-05-22 11:01:42 [INFO] 开始执行目标检测...
2026-05-22 11:01:42 [INFO] 检测完成，找到 3 个物体
2026-05-22 11:01:42 [INFO] 物体 1: GasCyl1 (置信度: 0.82)
2026-05-22 11:01:42 [INFO] 物体 2: FireExt1 (置信度: 0.44)
2026-05-22 11:01:42 [INFO] 物体 3: GasCyl1 (置信度: 0.38)
2026-05-22 11:01:42 [INFO] 准备保存检测结果到: C:\code\show\Scrap_Steel_In_Field\photos\dangerous_det\detection_20260522_110142.jpg
2026-05-22 11:01:42 [INFO] 图像形状: (2160, 3840, 3)
2026-05-22 11:01:42 [INFO] 图像数据类型: uint8
2026-05-22 11:01:42 [INFO] 图像最大值: 255
2026-05-22 11:01:42 [INFO] 图像最小值: 0
2026-05-22 11:01:42 [INFO] 开始保存检测结果图像: 图像尺寸=(2160, 3840, 3), 类型=uint8, 路径=C:\code\show\Scrap_Steel_In_Field\photos\dangerous_det\detection_20260522_110142.jpg
2026-05-22 11:01:42 [INFO] 成功保存检测结果到: C:\code\show\Scrap_Steel_In_Field\photos\dangerous_det\detection_20260522_110142.jpg
2026-05-22 11:01:42 [INFO] 保存的检测结果文件大小: 2325080 字节
2026-05-22 11:01:42 [INFO] 引擎上下文已释放
2026-05-22 11:01:42 [INFO] TensorRT 引擎已释放
2026-05-22 11:01:42 [INFO] 全局 CUDA 资源已释放
2026-05-22 11:01:42 [INFO] 检测系统资源已释放
2026-05-22 11:01:47 [INFO] CUDA 初始化成功
2026-05-22 11:01:47 [INFO] 引擎加载成功: dangerous.engine
2026-05-22 11:01:47 [INFO] 检测系统初始化成功
2026-05-22 11:01:47 [INFO] 图像预处理完成，原始尺寸: (2160, 3840)
2026-05-22 11:01:47 [INFO] 开始执行目标检测...
2026-05-22 11:01:47 [INFO] 检测完成，找到 3 个物体
2026-05-22 11:01:47 [INFO] 物体 1: GasCyl1 (置信度: 0.79)
2026-05-22 11:01:47 [INFO] 物体 2: FireExt1 (置信度: 0.47)
2026-05-22 11:01:47 [INFO] 物体 3: GasCyl1 (置信度: 0.38)
2026-05-22 11:01:47 [INFO] 检测到车兜区域，将过滤区域外的目标
2026-05-22 11:01:47 [INFO] 准备保存检测结果到: C:\code\show\Scrap_Steel_In_Field\photos\dangerous_det\detection_20260522_110147.jpg
2026-05-22 11:01:47 [INFO] 图像形状: (2160, 3840, 3)
2026-05-22 11:01:47 [INFO] 图像数据类型: uint8
2026-05-22 11:01:47 [INFO] 图像最大值: 255
2026-05-22 11:01:47 [INFO] 图像最小值: 0
2026-05-22 11:01:47 [INFO] 开始保存检测结果图像: 图像尺寸=(2160, 3840, 3), 类型=uint8, 路径=C:\code\show\Scrap_Steel_In_Field\photos\dangerous_det\detection_20260522_110147.jpg
2026-05-22 11:01:47 [INFO] 成功保存检测结果到: C:\code\show\Scrap_Steel_In_Field\photos\dangerous_det\detection_20260522_110147.jpg
2026-05-22 11:01:47 [INFO] 保存的检测结果文件大小: 2347813 字节
2026-05-22 11:01:47 [INFO] 引擎上下文已释放
2026-05-22 11:01:47 [INFO] TensorRT 引擎已释放
2026-05-22 11:01:47 [INFO] 全局 CUDA 资源已释放
2026-05-22 11:01:47 [INFO] 检测系统资源已释放
2026-05-22 11:01:52 [INFO] CUDA 初始化成功
2026-05-22 11:01:52 [INFO] 引擎加载成功: dangerous.engine
2026-05-22 11:01:52 [INFO] 检测系统初始化成功
2026-05-22 11:01:52 [INFO] 图像预处理完成，原始尺寸: (2160, 3840)
2026-05-22 11:01:52 [INFO] 开始执行目标检测...
2026-05-22 11:01:53 [INFO] 检测完成，找到 3 个物体
2026-05-22 11:01:53 [INFO] 物体 1: GasCyl1 (置信度: 0.83)
2026-05-22 11:01:53 [INFO] 物体 2: FireExt1 (置信度: 0.52)
2026-05-22 11:01:53 [INFO] 物体 3: GasCyl1 (置信度: 0.41)
2026-05-22 11:01:53 [INFO] 检测到车兜区域，将过滤区域外的目标
2026-05-22 11:01:53 [INFO] 准备保存检测结果到: C:\code\show\Scrap_Steel_In_Field\photos\dangerous_det\detection_20260522_110153.jpg
2026-05-22 11:01:53 [INFO] 图像形状: (2160, 3840, 3)
2026-05-22 11:01:53 [INFO] 图像数据类型: uint8
2026-05-22 11:01:53 [INFO] 图像最大值: 255
2026-05-22 11:01:53 [INFO] 图像最小值: 0
2026-05-22 11:01:53 [INFO] 开始保存检测结果图像: 图像尺寸=(2160, 3840, 3), 类型=uint8, 路径=C:\code\show\Scrap_Steel_In_Field\photos\dangerous_det\detection_20260522_110153.jpg
2026-05-22 11:01:53 [INFO] 成功保存检测结果到: C:\code\show\Scrap_Steel_In_Field\photos\dangerous_det\detection_20260522_110153.jpg
2026-05-22 11:01:53 [INFO] 保存的检测结果文件大小: 2328739 字节
2026-05-22 11:01:53 [INFO] 引擎上下文已释放
2026-05-22 11:01:53 [INFO] TensorRT 引擎已释放
2026-05-22 11:01:53 [INFO] 全局 CUDA 资源已释放
2026-05-22 11:01:53 [INFO] 检测系统资源已释放
2026-05-22 11:01:59 [INFO] CUDA 初始化成功
2026-05-22 11:01:59 [INFO] 引擎加载成功: dangerous.engine
2026-05-22 11:01:59 [INFO] 检测系统初始化成功
2026-05-22 11:01:59 [INFO] 图像预处理完成，原始尺寸: (2160, 3840)
2026-05-22 11:01:59 [INFO] 开始执行目标检测...
2026-05-22 11:01:59 [INFO] 检测完成，找到 3 个物体
2026-05-22 11:01:59 [INFO] 物体 1: GasCyl1 (置信度: 0.82)
2026-05-22 11:01:59 [INFO] 物体 2: FireExt1 (置信度: 0.49)
2026-05-22 11:01:59 [INFO] 物体 3: GasCyl1 (置信度: 0.34)
2026-05-22 11:01:59 [INFO] 检测到车兜区域，将过滤区域外的目标
2026-05-22 11:01:59 [INFO] 准备保存检测结果到: C:\code\show\Scrap_Steel_In_Field\photos\dangerous_det\detection_20260522_110159.jpg
2026-05-22 11:01:59 [INFO] 图像形状: (2160, 3840, 3)
2026-05-22 11:01:59 [INFO] 图像数据类型: uint8
2026-05-22 11:01:59 [INFO] 图像最大值: 255
2026-05-22 11:01:59 [INFO] 图像最小值: 0
2026-05-22 11:01:59 [INFO] 开始保存检测结果图像: 图像尺寸=(2160, 3840, 3), 类型=uint8, 路径=C:\code\show\Scrap_Steel_In_Field\photos\dangerous_det\detection_20260522_110159.jpg
2026-05-22 11:01:59 [INFO] 成功保存检测结果到: C:\code\show\Scrap_Steel_In_Field\photos\dangerous_det\detection_20260522_110159.jpg
2026-05-22 11:01:59 [INFO] 保存的检测结果文件大小: 2341800 字节
2026-05-22 11:01:59 [INFO] 引擎上下文已释放
2026-05-22 11:01:59 [INFO] TensorRT 引擎已释放
2026-05-22 11:01:59 [INFO] 全局 CUDA 资源已释放
2026-05-22 11:01:59 [INFO] 检测系统资源已释放
2026-05-22 11:02:04 [INFO] CUDA 初始化成功
2026-05-22 11:02:04 [INFO] 引擎加载成功: dangerous.engine
2026-05-22 11:02:04 [INFO] 检测系统初始化成功
2026-05-22 11:02:04 [INFO] 图像预处理完成，原始尺寸: (2160, 3840)
2026-05-22 11:02:04 [INFO] 开始执行目标检测...
2026-05-22 11:02:04 [INFO] 检测完成，找到 3 个物体
2026-05-22 11:02:04 [INFO] 物体 1: GasCyl1 (置信度: 0.81)
2026-05-22 11:02:04 [INFO] 物体 2: FireExt1 (置信度: 0.45)
2026-05-22 11:02:04 [INFO] 物体 3: GasCyl1 (置信度: 0.43)
2026-05-22 11:02:04 [INFO] 检测到车兜区域，将过滤区域外的目标
2026-05-22 11:02:04 [INFO] 准备保存检测结果到: C:\code\show\Scrap_Steel_In_Field\photos\dangerous_det\detection_20260522_110204.jpg
2026-05-22 11:02:04 [INFO] 图像形状: (2160, 3840, 3)
2026-05-22 11:02:04 [INFO] 图像数据类型: uint8
2026-05-22 11:02:04 [INFO] 图像最大值: 255
2026-05-22 11:02:04 [INFO] 图像最小值: 0
2026-05-22 11:02:04 [INFO] 开始保存检测结果图像: 图像尺寸=(2160, 3840, 3), 类型=uint8, 路径=C:\code\show\Scrap_Steel_In_Field\photos\dangerous_det\detection_20260522_110204.jpg
2026-05-22 11:02:04 [INFO] 成功保存检测结果到: C:\code\show\Scrap_Steel_In_Field\photos\dangerous_det\detection_20260522_110204.jpg
2026-05-22 11:02:04 [INFO] 保存的检测结果文件大小: 2341828 字节
2026-05-22 11:02:04 [INFO] 引擎上下文已释放
2026-05-22 11:02:04 [INFO] TensorRT 引擎已释放
2026-05-22 11:02:04 [INFO] 全局 CUDA 资源已释放
2026-05-22 11:02:04 [INFO] 检测系统资源已释放
2026-05-22 11:02:09 [INFO] CUDA 初始化成功
2026-05-22 11:02:09 [INFO] 引擎加载成功: dangerous.engine
2026-05-22 11:02:09 [INFO] 检测系统初始化成功
2026-05-22 11:02:10 [INFO] 图像预处理完成，原始尺寸: (2160, 3840)
2026-05-22 11:02:10 [INFO] 开始执行目标检测...
2026-05-22 11:02:10 [INFO] 检测完成，找到 3 个物体
2026-05-22 11:02:10 [INFO] 物体 1: GasCyl1 (置信度: 0.83)
2026-05-22 11:02:10 [INFO] 物体 2: FireExt1 (置信度: 0.46)
2026-05-22 11:02:10 [INFO] 物体 3: GasCyl1 (置信度: 0.39)
2026-05-22 11:02:10 [INFO] 准备保存检测结果到: C:\code\show\Scrap_Steel_In_Field\photos\dangerous_det\detection_20260522_110210.jpg
2026-05-22 11:02:10 [INFO] 图像形状: (2160, 3840, 3)
2026-05-22 11:02:10 [INFO] 图像数据类型: uint8
2026-05-22 11:02:10 [INFO] 图像最大值: 255
2026-05-22 11:02:10 [INFO] 图像最小值: 0
2026-05-22 11:02:10 [INFO] 开始保存检测结果图像: 图像尺寸=(2160, 3840, 3), 类型=uint8, 路径=C:\code\show\Scrap_Steel_In_Field\photos\dangerous_det\detection_20260522_110210.jpg
2026-05-22 11:02:10 [INFO] 成功保存检测结果到: C:\code\show\Scrap_Steel_In_Field\photos\dangerous_det\detection_20260522_110210.jpg
2026-05-22 11:02:10 [INFO] 保存的检测结果文件大小: 2324439 字节
2026-05-22 11:02:10 [INFO] 引擎上下文已释放
2026-05-22 11:02:10 [INFO] TensorRT 引擎已释放
2026-05-22 11:02:10 [INFO] 全局 CUDA 资源已释放
2026-05-22 11:02:10 [INFO] 检测系统资源已释放
2026-05-22 11:02:16 [INFO] CUDA 初始化成功
2026-05-22 11:02:16 [INFO] 引擎加载成功: dangerous.engine
2026-05-22 11:02:16 [INFO] 检测系统初始化成功
2026-05-22 11:02:16 [INFO] 图像预处理完成，原始尺寸: (2160, 3840)
2026-05-22 11:02:16 [INFO] 开始执行目标检测...
2026-05-22 11:02:16 [INFO] 检测完成，找到 3 个物体
2026-05-22 11:02:16 [INFO] 物体 1: GasCyl1 (置信度: 0.80)
2026-05-22 11:02:16 [INFO] 物体 2: FireExt1 (置信度: 0.47)
2026-05-22 11:02:16 [INFO] 物体 3: GasCyl1 (置信度: 0.32)
2026-05-22 11:02:16 [INFO] 检测到车兜区域，将过滤区域外的目标
2026-05-22 11:02:16 [INFO] 准备保存检测结果到: C:\code\show\Scrap_Steel_In_Field\photos\dangerous_det\detection_20260522_110216.jpg
2026-05-22 11:02:16 [INFO] 图像形状: (2160, 3840, 3)
2026-05-22 11:02:16 [INFO] 图像数据类型: uint8
2026-05-22 11:02:16 [INFO] 图像最大值: 255
2026-05-22 11:02:16 [INFO] 图像最小值: 0
2026-05-22 11:02:16 [INFO] 开始保存检测结果图像: 图像尺寸=(2160, 3840, 3), 类型=uint8, 路径=C:\code\show\Scrap_Steel_In_Field\photos\dangerous_det\detection_20260522_110216.jpg
2026-05-22 11:02:16 [INFO] 成功保存检测结果到: C:\code\show\Scrap_Steel_In_Field\photos\dangerous_det\detection_20260522_110216.jpg
2026-05-22 11:02:16 [INFO] 保存的检测结果文件大小: 2332977 字节
2026-05-22 11:02:16 [INFO] 引擎上下文已释放
2026-05-22 11:02:16 [INFO] TensorRT 引擎已释放
2026-05-22 11:02:16 [INFO] 全局 CUDA 资源已释放
2026-05-22 11:02:16 [INFO] 检测系统资源已释放
2026-05-22 11:02:21 [INFO] CUDA 初始化成功
2026-05-22 11:02:21 [INFO] 引擎加载成功: dangerous.engine
2026-05-22 11:02:21 [INFO] 检测系统初始化成功
2026-05-22 11:02:21 [INFO] 图像预处理完成，原始尺寸: (2160, 3840)
2026-05-22 11:02:21 [INFO] 开始执行目标检测...
2026-05-22 11:02:21 [INFO] 检测完成，找到 3 个物体
2026-05-22 11:02:21 [INFO] 物体 1: GasCyl1 (置信度: 0.81)
2026-05-22 11:02:21 [INFO] 物体 2: FireExt1 (置信度: 0.48)
2026-05-22 11:02:21 [INFO] 物体 3: GasCyl1 (置信度: 0.36)
2026-05-22 11:02:21 [INFO] 检测到车兜区域，将过滤区域外的目标
2026-05-22 11:02:21 [INFO] 准备保存检测结果到: C:\code\show\Scrap_Steel_In_Field\photos\dangerous_det\detection_20260522_110221.jpg
2026-05-22 11:02:21 [INFO] 图像形状: (2160, 3840, 3)
2026-05-22 11:02:21 [INFO] 图像数据类型: uint8
2026-05-22 11:02:21 [INFO] 图像最大值: 255
2026-05-22 11:02:21 [INFO] 图像最小值: 0
2026-05-22 11:02:21 [INFO] 开始保存检测结果图像: 图像尺寸=(2160, 3840, 3), 类型=uint8, 路径=C:\code\show\Scrap_Steel_In_Field\photos\dangerous_det\detection_20260522_110221.jpg
2026-05-22 11:02:21 [INFO] 成功保存检测结果到: C:\code\show\Scrap_Steel_In_Field\photos\dangerous_det\detection_20260522_110221.jpg
2026-05-22 11:02:21 [INFO] 保存的检测结果文件大小: 2339963 字节
2026-05-22 11:02:21 [INFO] 引擎上下文已释放
2026-05-22 11:02:21 [INFO] TensorRT 引擎已释放
2026-05-22 11:02:21 [INFO] 全局 CUDA 资源已释放
2026-05-22 11:02:21 [INFO] 检测系统资源已释放
2026-05-22 11:02:26 [INFO] CUDA 初始化成功
2026-05-22 11:02:26 [INFO] 引擎加载成功: dangerous.engine
2026-05-22 11:02:26 [INFO] 检测系统初始化成功
2026-05-22 11:02:26 [INFO] 图像预处理完成，原始尺寸: (2160, 3840)
2026-05-22 11:02:26 [INFO] 开始执行目标检测...
2026-05-22 11:02:27 [INFO] 检测完成，找到 3 个物体
2026-05-22 11:02:27 [INFO] 物体 1: GasCyl1 (置信度: 0.78)
2026-05-22 11:02:27 [INFO] 物体 2: FireExt1 (置信度: 0.48)
2026-05-22 11:02:27 [INFO] 物体 3: GasCyl1 (置信度: 0.29)
2026-05-22 11:02:27 [INFO] 检测到车兜区域，将过滤区域外的目标
2026-05-22 11:02:27 [INFO] 准备保存检测结果到: C:\code\show\Scrap_Steel_In_Field\photos\dangerous_det\detection_20260522_110227.jpg
2026-05-22 11:02:27 [INFO] 图像形状: (2160, 3840, 3)
2026-05-22 11:02:27 [INFO] 图像数据类型: uint8
2026-05-22 11:02:27 [INFO] 图像最大值: 255
2026-05-22 11:02:27 [INFO] 图像最小值: 0
2026-05-22 11:02:27 [INFO] 开始保存检测结果图像: 图像尺寸=(2160, 3840, 3), 类型=uint8, 路径=C:\code\show\Scrap_Steel_In_Field\photos\dangerous_det\detection_20260522_110227.jpg
2026-05-22 11:02:27 [INFO] 成功保存检测结果到: C:\code\show\Scrap_Steel_In_Field\photos\dangerous_det\detection_20260522_110227.jpg
2026-05-22 11:02:27 [INFO] 保存的检测结果文件大小: 2341389 字节
2026-05-22 11:02:27 [INFO] 引擎上下文已释放
2026-05-22 11:02:27 [INFO] TensorRT 引擎已释放
2026-05-22 11:02:27 [INFO] 全局 CUDA 资源已释放
2026-05-22 11:02:27 [INFO] 检测系统资源已释放
2026-05-22 11:02:32 [INFO] CUDA 初始化成功
2026-05-22 11:02:32 [INFO] 引擎加载成功: dangerous.engine
2026-05-22 11:02:32 [INFO] 检测系统初始化成功
2026-05-22 11:02:32 [INFO] 图像预处理完成，原始尺寸: (2160, 3840)
2026-05-22 11:02:32 [INFO] 开始执行目标检测...
2026-05-22 11:02:32 [INFO] 检测完成，找到 3 个物体
2026-05-22 11:02:32 [INFO] 物体 1: GasCyl1 (置信度: 0.81)
2026-05-22 11:02:32 [INFO] 物体 2: FireExt1 (置信度: 0.46)
2026-05-22 11:02:32 [INFO] 物体 3: GasCyl1 (置信度: 0.46)
2026-05-22 11:02:32 [INFO] 检测到车兜区域，将过滤区域外的目标
2026-05-22 11:02:32 [INFO] 准备保存检测结果到: C:\code\show\Scrap_Steel_In_Field\photos\dangerous_det\detection_20260522_110232.jpg
2026-05-22 11:02:32 [INFO] 图像形状: (2160, 3840, 3)
2026-05-22 11:02:32 [INFO] 图像数据类型: uint8
2026-05-22 11:02:32 [INFO] 图像最大值: 255
2026-05-22 11:02:32 [INFO] 图像最小值: 0
2026-05-22 11:02:32 [INFO] 开始保存检测结果图像: 图像尺寸=(2160, 3840, 3), 类型=uint8, 路径=C:\code\show\Scrap_Steel_In_Field\photos\dangerous_det\detection_20260522_110232.jpg
2026-05-22 11:02:32 [INFO] 成功保存检测结果到: C:\code\show\Scrap_Steel_In_Field\photos\dangerous_det\detection_20260522_110232.jpg
2026-05-22 11:02:32 [INFO] 保存的检测结果文件大小: 2342087 字节
2026-05-22 11:02:32 [INFO] 引擎上下文已释放
2026-05-22 11:02:32 [INFO] TensorRT 引擎已释放
2026-05-22 11:02:32 [INFO] 全局 CUDA 资源已释放
2026-05-22 11:02:32 [INFO] 检测系统资源已释放
2026-05-22 11:02:37 [INFO] CUDA 初始化成功
2026-05-22 11:02:37 [INFO] 引擎加载成功: dangerous.engine
2026-05-22 11:02:37 [INFO] 检测系统初始化成功
2026-05-22 11:02:37 [INFO] 图像预处理完成，原始尺寸: (2160, 3840)
2026-05-22 11:02:37 [INFO] 开始执行目标检测...
2026-05-22 11:02:37 [INFO] 检测完成，找到 3 个物体
2026-05-22 11:02:37 [INFO] 物体 1: GasCyl1 (置信度: 0.83)
2026-05-22 11:02:37 [INFO] 物体 2: FireExt1 (置信度: 0.48)
2026-05-22 11:02:37 [INFO] 物体 3: GasCyl1 (置信度: 0.38)
2026-05-22 11:02:37 [INFO] 检测到车兜区域，将过滤区域外的目标
2026-05-22 11:02:37 [INFO] 准备保存检测结果到: C:\code\show\Scrap_Steel_In_Field\photos\dangerous_det\detection_20260522_110237.jpg
2026-05-22 11:02:37 [INFO] 图像形状: (2160, 3840, 3)
2026-05-22 11:02:37 [INFO] 图像数据类型: uint8
2026-05-22 11:02:37 [INFO] 图像最大值: 255
2026-05-22 11:02:37 [INFO] 图像最小值: 0
2026-05-22 11:02:37 [INFO] 开始保存检测结果图像: 图像尺寸=(2160, 3840, 3), 类型=uint8, 路径=C:\code\show\Scrap_Steel_In_Field\photos\dangerous_det\detection_20260522_110237.jpg
2026-05-22 11:02:37 [INFO] 成功保存检测结果到: C:\code\show\Scrap_Steel_In_Field\photos\dangerous_det\detection_20260522_110237.jpg
2026-05-22 11:02:37 [INFO] 保存的检测结果文件大小: 2340492 字节
2026-05-22 11:02:37 [INFO] 引擎上下文已释放
2026-05-22 11:02:37 [INFO] TensorRT 引擎已释放
2026-05-22 11:02:37 [INFO] 全局 CUDA 资源已释放
2026-05-22 11:02:37 [INFO] 检测系统资源已释放
2026-05-22 11:02:43 [INFO] CUDA 初始化成功
2026-05-22 11:02:43 [INFO] 引擎加载成功: dangerous.engine
2026-05-22 11:02:43 [INFO] 检测系统初始化成功
2026-05-22 11:02:43 [INFO] 图像预处理完成，原始尺寸: (2160, 3840)
2026-05-22 11:02:43 [INFO] 开始执行目标检测...
2026-05-22 11:02:43 [INFO] 检测完成，找到 3 个物体
2026-05-22 11:02:43 [INFO] 物体 1: GasCyl1 (置信度: 0.80)
2026-05-22 11:02:43 [INFO] 物体 2: FireExt1 (置信度: 0.46)
2026-05-22 11:02:43 [INFO] 物体 3: GasCyl1 (置信度: 0.39)
2026-05-22 11:02:43 [INFO] 检测到车兜区域，将过滤区域外的目标
2026-05-22 11:02:43 [INFO] 准备保存检测结果到: C:\code\show\Scrap_Steel_In_Field\photos\dangerous_det\detection_20260522_110243.jpg
2026-05-22 11:02:43 [INFO] 图像形状: (2160, 3840, 3)
2026-05-22 11:02:43 [INFO] 图像数据类型: uint8
2026-05-22 11:02:43 [INFO] 图像最大值: 255
2026-05-22 11:02:43 [INFO] 图像最小值: 0
2026-05-22 11:02:43 [INFO] 开始保存检测结果图像: 图像尺寸=(2160, 3840, 3), 类型=uint8, 路径=C:\code\show\Scrap_Steel_In_Field\photos\dangerous_det\detection_20260522_110243.jpg
2026-05-22 11:02:43 [INFO] 成功保存检测结果到: C:\code\show\Scrap_Steel_In_Field\photos\dangerous_det\detection_20260522_110243.jpg
2026-05-22 11:02:43 [INFO] 保存的检测结果文件大小: 2339899 字节
2026-05-22 11:02:43 [INFO] 引擎上下文已释放
2026-05-22 11:02:43 [INFO] TensorRT 引擎已释放
2026-05-22 11:02:43 [INFO] 全局 CUDA 资源已释放
2026-05-22 11:02:43 [INFO] 检测系统资源已释放
2026-05-22 11:02:48 [INFO] CUDA 初始化成功
2026-05-22 11:02:48 [INFO] 引擎加载成功: dangerous.engine
2026-05-22 11:02:48 [INFO] 检测系统初始化成功
2026-05-22 11:02:48 [INFO] 图像预处理完成，原始尺寸: (2160, 3840)
2026-05-22 11:02:48 [INFO] 开始执行目标检测...
2026-05-22 11:02:48 [INFO] 检测完成，找到 3 个物体
2026-05-22 11:02:48 [INFO] 物体 1: GasCyl1 (置信度: 0.82)
2026-05-22 11:02:48 [INFO] 物体 2: FireExt1 (置信度: 0.46)
2026-05-22 11:02:48 [INFO] 物体 3: GasCyl1 (置信度: 0.30)
2026-05-22 11:02:48 [INFO] 检测到车兜区域，将过滤区域外的目标
2026-05-22 11:02:48 [INFO] 准备保存检测结果到: C:\code\show\Scrap_Steel_In_Field\photos\dangerous_det\detection_20260522_110248.jpg
2026-05-22 11:02:48 [INFO] 图像形状: (2160, 3840, 3)
2026-05-22 11:02:48 [INFO] 图像数据类型: uint8
2026-05-22 11:02:48 [INFO] 图像最大值: 255
2026-05-22 11:02:48 [INFO] 图像最小值: 0
2026-05-22 11:02:48 [INFO] 开始保存检测结果图像: 图像尺寸=(2160, 3840, 3), 类型=uint8, 路径=C:\code\show\Scrap_Steel_In_Field\photos\dangerous_det\detection_20260522_110248.jpg
2026-05-22 11:02:48 [INFO] 成功保存检测结果到: C:\code\show\Scrap_Steel_In_Field\photos\dangerous_det\detection_20260522_110248.jpg
2026-05-22 11:02:48 [INFO] 保存的检测结果文件大小: 2339637 字节
2026-05-22 11:02:48 [INFO] 引擎上下文已释放
2026-05-22 11:02:48 [INFO] TensorRT 引擎已释放
2026-05-22 11:02:48 [INFO] 全局 CUDA 资源已释放
2026-05-22 11:02:48 [INFO] 检测系统资源已释放
2026-05-22 11:02:53 [INFO] CUDA 初始化成功
2026-05-22 11:02:53 [INFO] 引擎加载成功: dangerous.engine
2026-05-22 11:02:53 [INFO] 检测系统初始化成功
2026-05-22 11:02:53 [INFO] 图像预处理完成，原始尺寸: (2160, 3840)
2026-05-22 11:02:53 [INFO] 开始执行目标检测...
2026-05-22 11:02:54 [INFO] 检测完成，找到 3 个物体
2026-05-22 11:02:54 [INFO] 物体 1: GasCyl1 (置信度: 0.81)
2026-05-22 11:02:54 [INFO] 物体 2: FireExt1 (置信度: 0.48)
2026-05-22 11:02:54 [INFO] 物体 3: GasCyl1 (置信度: 0.32)
2026-05-22 11:02:54 [INFO] 检测到车兜区域，将过滤区域外的目标
2026-05-22 11:02:54 [INFO] 准备保存检测结果到: C:\code\show\Scrap_Steel_In_Field\photos\dangerous_det\detection_20260522_110254.jpg
2026-05-22 11:02:54 [INFO] 图像形状: (2160, 3840, 3)
2026-05-22 11:02:54 [INFO] 图像数据类型: uint8
2026-05-22 11:02:54 [INFO] 图像最大值: 255
2026-05-22 11:02:54 [INFO] 图像最小值: 0
2026-05-22 11:02:54 [INFO] 开始保存检测结果图像: 图像尺寸=(2160, 3840, 3), 类型=uint8, 路径=C:\code\show\Scrap_Steel_In_Field\photos\dangerous_det\detection_20260522_110254.jpg
2026-05-22 11:02:54 [INFO] 成功保存检测结果到: C:\code\show\Scrap_Steel_In_Field\photos\dangerous_det\detection_20260522_110254.jpg
2026-05-22 11:02:54 [INFO] 保存的检测结果文件大小: 2336896 字节
2026-05-22 11:02:54 [INFO] 引擎上下文已释放
2026-05-22 11:02:54 [INFO] TensorRT 引擎已释放
2026-05-22 11:02:54 [INFO] 全局 CUDA 资源已释放
2026-05-22 11:02:54 [INFO] 检测系统资源已释放
2026-05-22 11:02:59 [INFO] CUDA 初始化成功
2026-05-22 11:02:59 [INFO] 引擎加载成功: dangerous.engine
2026-05-22 11:02:59 [INFO] 检测系统初始化成功
2026-05-22 11:02:59 [INFO] 图像预处理完成，原始尺寸: (2160, 3840)
2026-05-22 11:02:59 [INFO] 开始执行目标检测...
2026-05-22 11:02:59 [INFO] 检测完成，找到 3 个物体
2026-05-22 11:02:59 [INFO] 物体 1: GasCyl1 (置信度: 0.81)
2026-05-22 11:02:59 [INFO] 物体 2: FireExt1 (置信度: 0.49)
2026-05-22 11:02:59 [INFO] 物体 3: GasCyl1 (置信度: 0.27)
2026-05-22 11:02:59 [INFO] 检测到车兜区域，将过滤区域外的目标
2026-05-22 11:02:59 [INFO] 准备保存检测结果到: C:\code\show\Scrap_Steel_In_Field\photos\dangerous_det\detection_20260522_110259.jpg
2026-05-22 11:02:59 [INFO] 图像形状: (2160, 3840, 3)
2026-05-22 11:02:59 [INFO] 图像数据类型: uint8
2026-05-22 11:02:59 [INFO] 图像最大值: 255
2026-05-22 11:02:59 [INFO] 图像最小值: 0
2026-05-22 11:02:59 [INFO] 开始保存检测结果图像: 图像尺寸=(2160, 3840, 3), 类型=uint8, 路径=C:\code\show\Scrap_Steel_In_Field\photos\dangerous_det\detection_20260522_110259.jpg
2026-05-22 11:02:59 [INFO] 成功保存检测结果到: C:\code\show\Scrap_Steel_In_Field\photos\dangerous_det\detection_20260522_110259.jpg
2026-05-22 11:02:59 [INFO] 保存的检测结果文件大小: 2343294 字节
2026-05-22 11:02:59 [INFO] 引擎上下文已释放
2026-05-22 11:02:59 [INFO] TensorRT 引擎已释放
2026-05-22 11:02:59 [INFO] 全局 CUDA 资源已释放
2026-05-22 11:02:59 [INFO] 检测系统资源已释放
2026-05-22 11:03:04 [INFO] CUDA 初始化成功
2026-05-22 11:03:04 [INFO] 引擎加载成功: dangerous.engine
2026-05-22 11:03:04 [INFO] 检测系统初始化成功
2026-05-22 11:03:04 [INFO] 图像预处理完成，原始尺寸: (2160, 3840)
2026-05-22 11:03:04 [INFO] 开始执行目标检测...
2026-05-22 11:03:04 [INFO] 检测完成，找到 2 个物体
2026-05-22 11:03:04 [INFO] 物体 1: GasCyl1 (置信度: 0.81)
2026-05-22 11:03:04 [INFO] 物体 2: FireExt1 (置信度: 0.48)
2026-05-22 11:03:04 [INFO] 检测到车兜区域，将过滤区域外的目标
2026-05-22 11:03:04 [INFO] 准备保存检测结果到: C:\code\show\Scrap_Steel_In_Field\photos\dangerous_det\detection_20260522_110304.jpg
2026-05-22 11:03:04 [INFO] 图像形状: (2160, 3840, 3)
2026-05-22 11:03:04 [INFO] 图像数据类型: uint8
2026-05-22 11:03:04 [INFO] 图像最大值: 255
2026-05-22 11:03:04 [INFO] 图像最小值: 0
2026-05-22 11:03:04 [INFO] 开始保存检测结果图像: 图像尺寸=(2160, 3840, 3), 类型=uint8, 路径=C:\code\show\Scrap_Steel_In_Field\photos\dangerous_det\detection_20260522_110304.jpg
2026-05-22 11:03:04 [INFO] 成功保存检测结果到: C:\code\show\Scrap_Steel_In_Field\photos\dangerous_det\detection_20260522_110304.jpg
2026-05-22 11:03:04 [INFO] 保存的检测结果文件大小: 2333518 字节
2026-05-22 11:03:04 [INFO] 引擎上下文已释放
2026-05-22 11:03:04 [INFO] TensorRT 引擎已释放
2026-05-22 11:03:04 [INFO] 全局 CUDA 资源已释放
2026-05-22 11:03:04 [INFO] 检测系统资源已释放
2026-05-22 11:03:09 [INFO] CUDA 初始化成功
2026-05-22 11:03:09 [INFO] 引擎加载成功: dangerous.engine
2026-05-22 11:03:09 [INFO] 检测系统初始化成功
2026-05-22 11:03:09 [INFO] 图像预处理完成，原始尺寸: (2160, 3840)
2026-05-22 11:03:09 [INFO] 开始执行目标检测...
2026-05-22 11:03:09 [INFO] 检测完成，找到 3 个物体
2026-05-22 11:03:09 [INFO] 物体 1: GasCyl1 (置信度: 0.85)
2026-05-22 11:03:09 [INFO] 物体 2: FireExt1 (置信度: 0.48)
2026-05-22 11:03:09 [INFO] 物体 3: GasCyl1 (置信度: 0.36)
2026-05-22 11:03:09 [INFO] 检测到车兜区域，将过滤区域外的目标
2026-05-22 11:03:09 [INFO] 准备保存检测结果到: C:\code\show\Scrap_Steel_In_Field\photos\dangerous_det\detection_20260522_110309.jpg
2026-05-22 11:03:09 [INFO] 图像形状: (2160, 3840, 3)
2026-05-22 11:03:09 [INFO] 图像数据类型: uint8
2026-05-22 11:03:09 [INFO] 图像最大值: 255
2026-05-22 11:03:09 [INFO] 图像最小值: 0
2026-05-22 11:03:09 [INFO] 开始保存检测结果图像: 图像尺寸=(2160, 3840, 3), 类型=uint8, 路径=C:\code\show\Scrap_Steel_In_Field\photos\dangerous_det\detection_20260522_110309.jpg
2026-05-22 11:03:10 [INFO] 成功保存检测结果到: C:\code\show\Scrap_Steel_In_Field\photos\dangerous_det\detection_20260522_110309.jpg
2026-05-22 11:03:10 [INFO] 保存的检测结果文件大小: 2307163 字节
2026-05-22 11:03:10 [INFO] 引擎上下文已释放
2026-05-22 11:03:10 [INFO] TensorRT 引擎已释放
2026-05-22 11:03:10 [INFO] 全局 CUDA 资源已释放
2026-05-22 11:03:10 [INFO] 检测系统资源已释放
2026-05-22 11:03:15 [INFO] CUDA 初始化成功
2026-05-22 11:03:15 [INFO] 引擎加载成功: dangerous.engine
2026-05-22 11:03:15 [INFO] 检测系统初始化成功
2026-05-22 11:03:15 [INFO] 图像预处理完成，原始尺寸: (2160, 3840)
2026-05-22 11:03:15 [INFO] 开始执行目标检测...
2026-05-22 11:03:15 [INFO] 检测完成，找到 3 个物体
2026-05-22 11:03:15 [INFO] 物体 1: GasCyl1 (置信度: 0.80)
2026-05-22 11:03:15 [INFO] 物体 2: FireExt1 (置信度: 0.46)
2026-05-22 11:03:15 [INFO] 物体 3: GasCyl1 (置信度: 0.40)
2026-05-22 11:03:15 [INFO] 检测到车兜区域，将过滤区域外的目标
2026-05-22 11:03:15 [INFO] 准备保存检测结果到: C:\code\show\Scrap_Steel_In_Field\photos\dangerous_det\detection_20260522_110315.jpg
2026-05-22 11:03:15 [INFO] 图像形状: (2160, 3840, 3)
2026-05-22 11:03:15 [INFO] 图像数据类型: uint8
2026-05-22 11:03:15 [INFO] 图像最大值: 255
2026-05-22 11:03:15 [INFO] 图像最小值: 0
2026-05-22 11:03:15 [INFO] 开始保存检测结果图像: 图像尺寸=(2160, 3840, 3), 类型=uint8, 路径=C:\code\show\Scrap_Steel_In_Field\photos\dangerous_det\detection_20260522_110315.jpg
2026-05-22 11:03:15 [INFO] 成功保存检测结果到: C:\code\show\Scrap_Steel_In_Field\photos\dangerous_det\detection_20260522_110315.jpg
2026-05-22 11:03:15 [INFO] 保存的检测结果文件大小: 2342084 字节
2026-05-22 11:03:15 [INFO] 引擎上下文已释放
2026-05-22 11:03:15 [INFO] TensorRT 引擎已释放
2026-05-22 11:03:15 [INFO] 全局 CUDA 资源已释放
2026-05-22 11:03:15 [INFO] 检测系统资源已释放
