2026-05-25 09:16:52 [INFO] CUDA 初始化成功
2026-05-25 09:16:52 [INFO] 引擎加载成功: dangerous.engine
2026-05-25 09:16:52 [INFO] 检测系统初始化成功
2026-05-25 09:16:55 [INFO] 引擎加载成功: dangerous.engine
2026-05-25 09:16:55 [INFO] 检测系统初始化成功
2026-05-25 09:16:55 [INFO] 图像预处理完成，原始尺寸: (2160, 3840)
2026-05-25 09:16:55 [INFO] 开始执行目标检测...
2026-05-25 09:16:55 [INFO] 检测完成，找到 0 个物体
2026-05-25 09:16:55 [INFO] 检测到车兜区域，将过滤区域外的目标
2026-05-25 09:16:55 [INFO] 引擎上下文已释放
2026-05-25 09:16:55 [INFO] TensorRT 引擎已释放
2026-05-25 09:16:55 [INFO] 全局 CUDA 资源已释放
2026-05-25 09:16:55 [INFO] 检测系统资源已释放
2026-05-25 09:17:00 [INFO] CUDA 初始化成功
2026-05-25 09:17:00 [INFO] 引擎加载成功: dangerous.engine
2026-05-25 09:17:00 [INFO] 检测系统初始化成功
2026-05-25 09:17:00 [INFO] 图像预处理完成，原始尺寸: (2160, 3840)
2026-05-25 09:17:00 [INFO] 开始执行目标检测...
2026-05-25 09:17:00 [INFO] 检测完成，找到 2 个物体
2026-05-25 09:17:00 [INFO] 物体 1: GasCyl1 (置信度: 0.91)
2026-05-25 09:17:00 [INFO] 物体 2: GasCyl1 (置信度: 0.88)
2026-05-25 09:17:00 [INFO] 检测到车兜区域，将过滤区域外的目标
2026-05-25 09:17:00 [INFO] 准备保存检测结果到: C:\code\show\Scrap_Steel_In_Field\photos\dangerous_det\detection_20260525_091700.jpg
2026-05-25 09:17:00 [INFO] 图像形状: (2160, 3840, 3)
2026-05-25 09:17:00 [INFO] 图像数据类型: uint8
2026-05-25 09:17:00 [INFO] 图像最大值: 255
2026-05-25 09:17:00 [INFO] 图像最小值: 0
2026-05-25 09:17:00 [INFO] 开始保存检测结果图像: 图像尺寸=(2160, 3840, 3), 类型=uint8, 路径=C:\code\show\Scrap_Steel_In_Field\photos\dangerous_det\detection_20260525_091700.jpg
2026-05-25 09:17:00 [INFO] 成功保存检测结果到: C:\code\show\Scrap_Steel_In_Field\photos\dangerous_det\detection_20260525_091700.jpg
2026-05-25 09:17:00 [INFO] 保存的检测结果文件大小: 2353953 字节
2026-05-25 09:17:00 [INFO] 引擎上下文已释放
2026-05-25 09:17:00 [INFO] TensorRT 引擎已释放
2026-05-25 09:17:00 [INFO] 全局 CUDA 资源已释放
2026-05-25 09:17:00 [INFO] 检测系统资源已释放
2026-05-25 09:17:07 [INFO] CUDA 初始化成功
2026-05-25 09:17:07 [INFO] 引擎加载成功: dangerous.engine
2026-05-25 09:17:07 [INFO] 检测系统初始化成功
2026-05-25 09:17:07 [INFO] 图像预处理完成，原始尺寸: (2160, 3840)
2026-05-25 09:17:07 [INFO] 开始执行目标检测...
2026-05-25 09:17:07 [INFO] 检测完成，找到 2 个物体
2026-05-25 09:17:07 [INFO] 物体 1: GasCyl1 (置信度: 0.92)
2026-05-25 09:17:07 [INFO] 物体 2: GasCyl1 (置信度: 0.88)
2026-05-25 09:17:07 [INFO] 检测到车兜区域，将过滤区域外的目标
2026-05-25 09:17:07 [INFO] 准备保存检测结果到: C:\code\show\Scrap_Steel_In_Field\photos\dangerous_det\detection_20260525_091707.jpg
2026-05-25 09:17:07 [INFO] 图像形状: (2160, 3840, 3)
2026-05-25 09:17:07 [INFO] 图像数据类型: uint8
2026-05-25 09:17:07 [INFO] 图像最大值: 255
2026-05-25 09:17:07 [INFO] 图像最小值: 0
2026-05-25 09:17:07 [INFO] 开始保存检测结果图像: 图像尺寸=(2160, 3840, 3), 类型=uint8, 路径=C:\code\show\Scrap_Steel_In_Field\photos\dangerous_det\detection_20260525_091707.jpg
2026-05-25 09:17:07 [INFO] 成功保存检测结果到: C:\code\show\Scrap_Steel_In_Field\photos\dangerous_det\detection_20260525_091707.jpg
2026-05-25 09:17:07 [INFO] 保存的检测结果文件大小: 2359271 字节
2026-05-25 09:17:07 [INFO] 引擎上下文已释放
2026-05-25 09:17:07 [INFO] TensorRT 引擎已释放
2026-05-25 09:17:07 [INFO] 全局 CUDA 资源已释放
2026-05-25 09:17:07 [INFO] 检测系统资源已释放
2026-05-25 09:17:12 [INFO] CUDA 初始化成功
2026-05-25 09:17:12 [INFO] 引擎加载成功: dangerous.engine
2026-05-25 09:17:12 [INFO] 检测系统初始化成功
2026-05-25 09:17:12 [INFO] 图像预处理完成，原始尺寸: (2160, 3840)
2026-05-25 09:17:12 [INFO] 开始执行目标检测...
2026-05-25 09:17:12 [INFO] 检测完成，找到 2 个物体
2026-05-25 09:17:12 [INFO] 物体 1: GasCyl1 (置信度: 0.91)
2026-05-25 09:17:12 [INFO] 物体 2: GasCyl1 (置信度: 0.88)
2026-05-25 09:17:12 [INFO] 检测到车兜区域，将过滤区域外的目标
2026-05-25 09:17:12 [INFO] 准备保存检测结果到: C:\code\show\Scrap_Steel_In_Field\photos\dangerous_det\detection_20260525_091712.jpg
2026-05-25 09:17:12 [INFO] 图像形状: (2160, 3840, 3)
2026-05-25 09:17:12 [INFO] 图像数据类型: uint8
2026-05-25 09:17:12 [INFO] 图像最大值: 255
2026-05-25 09:17:12 [INFO] 图像最小值: 0
2026-05-25 09:17:12 [INFO] 开始保存检测结果图像: 图像尺寸=(2160, 3840, 3), 类型=uint8, 路径=C:\code\show\Scrap_Steel_In_Field\photos\dangerous_det\detection_20260525_091712.jpg
2026-05-25 09:17:12 [INFO] 成功保存检测结果到: C:\code\show\Scrap_Steel_In_Field\photos\dangerous_det\detection_20260525_091712.jpg
2026-05-25 09:17:12 [INFO] 保存的检测结果文件大小: 2358104 字节
2026-05-25 09:17:12 [INFO] 引擎上下文已释放
2026-05-25 09:17:12 [INFO] TensorRT 引擎已释放
2026-05-25 09:17:12 [INFO] 全局 CUDA 资源已释放
2026-05-25 09:17:12 [INFO] 检测系统资源已释放
2026-05-25 09:17:17 [INFO] CUDA 初始化成功
2026-05-25 09:17:17 [INFO] 引擎加载成功: dangerous.engine
2026-05-25 09:17:17 [INFO] 检测系统初始化成功
2026-05-25 09:17:17 [INFO] 图像预处理完成，原始尺寸: (2160, 3840)
2026-05-25 09:17:17 [INFO] 开始执行目标检测...
2026-05-25 09:17:17 [INFO] 检测完成，找到 2 个物体
2026-05-25 09:17:17 [INFO] 物体 1: GasCyl1 (置信度: 0.91)
2026-05-25 09:17:17 [INFO] 物体 2: GasCyl1 (置信度: 0.87)
2026-05-25 09:17:17 [INFO] 检测到车兜区域，将过滤区域外的目标
2026-05-25 09:17:17 [INFO] 准备保存检测结果到: C:\code\show\Scrap_Steel_In_Field\photos\dangerous_det\detection_20260525_091717.jpg
2026-05-25 09:17:17 [INFO] 图像形状: (2160, 3840, 3)
2026-05-25 09:17:17 [INFO] 图像数据类型: uint8
2026-05-25 09:17:17 [INFO] 图像最大值: 255
2026-05-25 09:17:17 [INFO] 图像最小值: 0
2026-05-25 09:17:17 [INFO] 开始保存检测结果图像: 图像尺寸=(2160, 3840, 3), 类型=uint8, 路径=C:\code\show\Scrap_Steel_In_Field\photos\dangerous_det\detection_20260525_091717.jpg
2026-05-25 09:17:17 [INFO] 成功保存检测结果到: C:\code\show\Scrap_Steel_In_Field\photos\dangerous_det\detection_20260525_091717.jpg
2026-05-25 09:17:17 [INFO] 保存的检测结果文件大小: 2362506 字节
2026-05-25 09:17:17 [INFO] 引擎上下文已释放
2026-05-25 09:17:17 [INFO] TensorRT 引擎已释放
2026-05-25 09:17:17 [INFO] 全局 CUDA 资源已释放
2026-05-25 09:17:17 [INFO] 检测系统资源已释放
2026-05-25 09:17:22 [INFO] CUDA 初始化成功
2026-05-25 09:17:23 [INFO] 引擎加载成功: dangerous.engine
2026-05-25 09:17:23 [INFO] 检测系统初始化成功
2026-05-25 09:17:23 [INFO] 图像预处理完成，原始尺寸: (2160, 3840)
2026-05-25 09:17:23 [INFO] 开始执行目标检测...
2026-05-25 09:17:23 [INFO] 检测完成，找到 2 个物体
2026-05-25 09:17:23 [INFO] 物体 1: GasCyl1 (置信度: 0.91)
2026-05-25 09:17:23 [INFO] 物体 2: GasCyl1 (置信度: 0.86)
2026-05-25 09:17:23 [INFO] 检测到车兜区域，将过滤区域外的目标
2026-05-25 09:17:23 [INFO] 准备保存检测结果到: C:\code\show\Scrap_Steel_In_Field\photos\dangerous_det\detection_20260525_091723.jpg
2026-05-25 09:17:23 [INFO] 图像形状: (2160, 3840, 3)
2026-05-25 09:17:23 [INFO] 图像数据类型: uint8
2026-05-25 09:17:23 [INFO] 图像最大值: 255
2026-05-25 09:17:23 [INFO] 图像最小值: 0
2026-05-25 09:17:23 [INFO] 开始保存检测结果图像: 图像尺寸=(2160, 3840, 3), 类型=uint8, 路径=C:\code\show\Scrap_Steel_In_Field\photos\dangerous_det\detection_20260525_091723.jpg
2026-05-25 09:17:23 [INFO] 成功保存检测结果到: C:\code\show\Scrap_Steel_In_Field\photos\dangerous_det\detection_20260525_091723.jpg
2026-05-25 09:17:23 [INFO] 保存的检测结果文件大小: 2360632 字节
2026-05-25 09:17:23 [INFO] 引擎上下文已释放
2026-05-25 09:17:23 [INFO] TensorRT 引擎已释放
2026-05-25 09:17:23 [INFO] 全局 CUDA 资源已释放
2026-05-25 09:17:23 [INFO] 检测系统资源已释放
2026-05-25 09:17:28 [INFO] CUDA 初始化成功
2026-05-25 09:17:28 [INFO] 引擎加载成功: dangerous.engine
2026-05-25 09:17:28 [INFO] 检测系统初始化成功
2026-05-25 09:17:28 [INFO] 图像预处理完成，原始尺寸: (2160, 3840)
2026-05-25 09:17:28 [INFO] 开始执行目标检测...
2026-05-25 09:17:28 [INFO] 检测完成，找到 2 个物体
2026-05-25 09:17:28 [INFO] 物体 1: GasCyl1 (置信度: 0.91)
2026-05-25 09:17:28 [INFO] 物体 2: GasCyl1 (置信度: 0.87)
2026-05-25 09:17:28 [INFO] 检测到车兜区域，将过滤区域外的目标
2026-05-25 09:17:28 [INFO] 准备保存检测结果到: C:\code\show\Scrap_Steel_In_Field\photos\dangerous_det\detection_20260525_091728.jpg
2026-05-25 09:17:28 [INFO] 图像形状: (2160, 3840, 3)
2026-05-25 09:17:28 [INFO] 图像数据类型: uint8
2026-05-25 09:17:28 [INFO] 图像最大值: 255
2026-05-25 09:17:28 [INFO] 图像最小值: 0
2026-05-25 09:17:28 [INFO] 开始保存检测结果图像: 图像尺寸=(2160, 3840, 3), 类型=uint8, 路径=C:\code\show\Scrap_Steel_In_Field\photos\dangerous_det\detection_20260525_091728.jpg
2026-05-25 09:17:28 [INFO] 成功保存检测结果到: C:\code\show\Scrap_Steel_In_Field\photos\dangerous_det\detection_20260525_091728.jpg
2026-05-25 09:17:28 [INFO] 保存的检测结果文件大小: 2358810 字节
2026-05-25 09:17:28 [INFO] 引擎上下文已释放
2026-05-25 09:17:28 [INFO] TensorRT 引擎已释放
2026-05-25 09:17:28 [INFO] 全局 CUDA 资源已释放
2026-05-25 09:17:28 [INFO] 检测系统资源已释放
2026-05-25 09:17:33 [INFO] CUDA 初始化成功
2026-05-25 09:17:34 [INFO] 引擎加载成功: dangerous.engine
2026-05-25 09:17:34 [INFO] 检测系统初始化成功
2026-05-25 09:17:34 [INFO] 图像预处理完成，原始尺寸: (2160, 3840)
2026-05-25 09:17:34 [INFO] 开始执行目标检测...
2026-05-25 09:17:34 [INFO] 检测完成，找到 2 个物体
2026-05-25 09:17:34 [INFO] 物体 1: GasCyl1 (置信度: 0.91)
2026-05-25 09:17:34 [INFO] 物体 2: GasCyl1 (置信度: 0.88)
2026-05-25 09:17:34 [INFO] 检测到车兜区域，将过滤区域外的目标
2026-05-25 09:17:34 [INFO] 准备保存检测结果到: C:\code\show\Scrap_Steel_In_Field\photos\dangerous_det\detection_20260525_091734.jpg
2026-05-25 09:17:34 [INFO] 图像形状: (2160, 3840, 3)
2026-05-25 09:17:34 [INFO] 图像数据类型: uint8
2026-05-25 09:17:34 [INFO] 图像最大值: 255
2026-05-25 09:17:34 [INFO] 图像最小值: 0
2026-05-25 09:17:34 [INFO] 开始保存检测结果图像: 图像尺寸=(2160, 3840, 3), 类型=uint8, 路径=C:\code\show\Scrap_Steel_In_Field\photos\dangerous_det\detection_20260525_091734.jpg
2026-05-25 09:17:34 [INFO] 成功保存检测结果到: C:\code\show\Scrap_Steel_In_Field\photos\dangerous_det\detection_20260525_091734.jpg
2026-05-25 09:17:34 [INFO] 保存的检测结果文件大小: 2362487 字节
2026-05-25 09:17:34 [INFO] 引擎上下文已释放
2026-05-25 09:17:34 [INFO] TensorRT 引擎已释放
2026-05-25 09:17:34 [INFO] 全局 CUDA 资源已释放
2026-05-25 09:17:34 [INFO] 检测系统资源已释放
2026-05-25 09:17:38 [INFO] CUDA 初始化成功
2026-05-25 09:17:38 [INFO] 引擎加载成功: dangerous.engine
2026-05-25 09:17:38 [INFO] 检测系统初始化成功
2026-05-25 09:17:38 [INFO] 图像预处理完成，原始尺寸: (2160, 3840)
2026-05-25 09:17:38 [INFO] 开始执行目标检测...
2026-05-25 09:17:38 [INFO] 检测完成，找到 2 个物体
2026-05-25 09:17:38 [INFO] 物体 1: GasCyl1 (置信度: 0.91)
2026-05-25 09:17:38 [INFO] 物体 2: GasCyl1 (置信度: 0.86)
2026-05-25 09:17:38 [INFO] 检测到车兜区域，将过滤区域外的目标
2026-05-25 09:17:38 [INFO] 准备保存检测结果到: C:\code\show\Scrap_Steel_In_Field\photos\dangerous_det\detection_20260525_091738.jpg
2026-05-25 09:17:38 [INFO] 图像形状: (2160, 3840, 3)
2026-05-25 09:17:38 [INFO] 图像数据类型: uint8
2026-05-25 09:17:38 [INFO] 图像最大值: 255
2026-05-25 09:17:38 [INFO] 图像最小值: 0
2026-05-25 09:17:38 [INFO] 开始保存检测结果图像: 图像尺寸=(2160, 3840, 3), 类型=uint8, 路径=C:\code\show\Scrap_Steel_In_Field\photos\dangerous_det\detection_20260525_091738.jpg
2026-05-25 09:17:38 [INFO] 成功保存检测结果到: C:\code\show\Scrap_Steel_In_Field\photos\dangerous_det\detection_20260525_091738.jpg
2026-05-25 09:17:38 [INFO] 保存的检测结果文件大小: 2348736 字节
2026-05-25 09:17:38 [INFO] 引擎上下文已释放
2026-05-25 09:17:38 [INFO] TensorRT 引擎已释放
2026-05-25 09:17:38 [INFO] 全局 CUDA 资源已释放
2026-05-25 09:17:38 [INFO] 检测系统资源已释放
2026-05-25 09:17:43 [INFO] CUDA 初始化成功
2026-05-25 09:17:43 [INFO] 引擎加载成功: dangerous.engine
2026-05-25 09:17:43 [INFO] 检测系统初始化成功
2026-05-25 09:17:43 [INFO] 图像预处理完成，原始尺寸: (2160, 3840)
2026-05-25 09:17:43 [INFO] 开始执行目标检测...
2026-05-25 09:17:43 [INFO] 检测完成，找到 2 个物体
2026-05-25 09:17:43 [INFO] 物体 1: GasCyl1 (置信度: 0.91)
2026-05-25 09:17:43 [INFO] 物体 2: GasCyl1 (置信度: 0.87)
2026-05-25 09:17:43 [INFO] 检测到车兜区域，将过滤区域外的目标
2026-05-25 09:17:43 [INFO] 准备保存检测结果到: C:\code\show\Scrap_Steel_In_Field\photos\dangerous_det\detection_20260525_091743.jpg
2026-05-25 09:17:43 [INFO] 图像形状: (2160, 3840, 3)
2026-05-25 09:17:43 [INFO] 图像数据类型: uint8
2026-05-25 09:17:43 [INFO] 图像最大值: 255
2026-05-25 09:17:43 [INFO] 图像最小值: 0
2026-05-25 09:17:43 [INFO] 开始保存检测结果图像: 图像尺寸=(2160, 3840, 3), 类型=uint8, 路径=C:\code\show\Scrap_Steel_In_Field\photos\dangerous_det\detection_20260525_091743.jpg
2026-05-25 09:17:43 [INFO] 成功保存检测结果到: C:\code\show\Scrap_Steel_In_Field\photos\dangerous_det\detection_20260525_091743.jpg
2026-05-25 09:17:43 [INFO] 保存的检测结果文件大小: 2360483 字节
2026-05-25 09:17:43 [INFO] 引擎上下文已释放
2026-05-25 09:17:43 [INFO] TensorRT 引擎已释放
2026-05-25 09:17:43 [INFO] 全局 CUDA 资源已释放
2026-05-25 09:17:43 [INFO] 检测系统资源已释放
2026-05-25 09:17:49 [INFO] CUDA 初始化成功
2026-05-25 09:17:49 [INFO] 引擎加载成功: dangerous.engine
2026-05-25 09:17:49 [INFO] 检测系统初始化成功
2026-05-25 09:17:49 [INFO] 图像预处理完成，原始尺寸: (2160, 3840)
2026-05-25 09:17:49 [INFO] 开始执行目标检测...
2026-05-25 09:17:49 [INFO] 检测完成，找到 2 个物体
2026-05-25 09:17:49 [INFO] 物体 1: GasCyl1 (置信度: 0.91)
2026-05-25 09:17:49 [INFO] 物体 2: GasCyl1 (置信度: 0.89)
2026-05-25 09:17:49 [INFO] 检测到车兜区域，将过滤区域外的目标
2026-05-25 09:17:49 [INFO] 准备保存检测结果到: C:\code\show\Scrap_Steel_In_Field\photos\dangerous_det\detection_20260525_091749.jpg
2026-05-25 09:17:49 [INFO] 图像形状: (2160, 3840, 3)
2026-05-25 09:17:49 [INFO] 图像数据类型: uint8
2026-05-25 09:17:49 [INFO] 图像最大值: 255
2026-05-25 09:17:49 [INFO] 图像最小值: 0
2026-05-25 09:17:49 [INFO] 开始保存检测结果图像: 图像尺寸=(2160, 3840, 3), 类型=uint8, 路径=C:\code\show\Scrap_Steel_In_Field\photos\dangerous_det\detection_20260525_091749.jpg
2026-05-25 09:17:49 [INFO] 成功保存检测结果到: C:\code\show\Scrap_Steel_In_Field\photos\dangerous_det\detection_20260525_091749.jpg
2026-05-25 09:17:49 [INFO] 保存的检测结果文件大小: 2360957 字节
2026-05-25 09:17:49 [INFO] 引擎上下文已释放
2026-05-25 09:17:49 [INFO] TensorRT 引擎已释放
2026-05-25 09:17:49 [INFO] 全局 CUDA 资源已释放
2026-05-25 09:17:49 [INFO] 检测系统资源已释放
2026-05-25 09:17:54 [INFO] CUDA 初始化成功
2026-05-25 09:17:54 [INFO] 引擎加载成功: dangerous.engine
2026-05-25 09:17:54 [INFO] 检测系统初始化成功
2026-05-25 09:17:54 [INFO] 图像预处理完成，原始尺寸: (2160, 3840)
2026-05-25 09:17:54 [INFO] 开始执行目标检测...
2026-05-25 09:17:54 [INFO] 检测完成，找到 2 个物体
2026-05-25 09:17:54 [INFO] 物体 1: GasCyl1 (置信度: 0.90)
2026-05-25 09:17:54 [INFO] 物体 2: GasCyl1 (置信度: 0.87)
2026-05-25 09:17:54 [INFO] 检测到车兜区域，将过滤区域外的目标
2026-05-25 09:17:54 [INFO] 准备保存检测结果到: C:\code\show\Scrap_Steel_In_Field\photos\dangerous_det\detection_20260525_091754.jpg
2026-05-25 09:17:54 [INFO] 图像形状: (2160, 3840, 3)
2026-05-25 09:17:54 [INFO] 图像数据类型: uint8
2026-05-25 09:17:54 [INFO] 图像最大值: 255
2026-05-25 09:17:54 [INFO] 图像最小值: 0
2026-05-25 09:17:54 [INFO] 开始保存检测结果图像: 图像尺寸=(2160, 3840, 3), 类型=uint8, 路径=C:\code\show\Scrap_Steel_In_Field\photos\dangerous_det\detection_20260525_091754.jpg
2026-05-25 09:17:54 [INFO] 成功保存检测结果到: C:\code\show\Scrap_Steel_In_Field\photos\dangerous_det\detection_20260525_091754.jpg
2026-05-25 09:17:54 [INFO] 保存的检测结果文件大小: 2354082 字节
2026-05-25 09:17:54 [INFO] 引擎上下文已释放
2026-05-25 09:17:54 [INFO] TensorRT 引擎已释放
2026-05-25 09:17:54 [INFO] 全局 CUDA 资源已释放
2026-05-25 09:17:54 [INFO] 检测系统资源已释放
2026-05-25 09:17:59 [INFO] CUDA 初始化成功
2026-05-25 09:17:59 [INFO] 引擎加载成功: dangerous.engine
2026-05-25 09:17:59 [INFO] 检测系统初始化成功
2026-05-25 09:17:59 [INFO] 图像预处理完成，原始尺寸: (2160, 3840)
2026-05-25 09:17:59 [INFO] 开始执行目标检测...
2026-05-25 09:17:59 [INFO] 检测完成，找到 2 个物体
2026-05-25 09:17:59 [INFO] 物体 1: GasCyl1 (置信度: 0.90)
2026-05-25 09:17:59 [INFO] 物体 2: GasCyl1 (置信度: 0.85)
2026-05-25 09:17:59 [INFO] 检测到车兜区域，将过滤区域外的目标
2026-05-25 09:17:59 [INFO] 准备保存检测结果到: C:\code\show\Scrap_Steel_In_Field\photos\dangerous_det\detection_20260525_091759.jpg
2026-05-25 09:17:59 [INFO] 图像形状: (2160, 3840, 3)
2026-05-25 09:17:59 [INFO] 图像数据类型: uint8
2026-05-25 09:17:59 [INFO] 图像最大值: 255
2026-05-25 09:17:59 [INFO] 图像最小值: 0
2026-05-25 09:17:59 [INFO] 开始保存检测结果图像: 图像尺寸=(2160, 3840, 3), 类型=uint8, 路径=C:\code\show\Scrap_Steel_In_Field\photos\dangerous_det\detection_20260525_091759.jpg
2026-05-25 09:17:59 [INFO] 成功保存检测结果到: C:\code\show\Scrap_Steel_In_Field\photos\dangerous_det\detection_20260525_091759.jpg
2026-05-25 09:17:59 [INFO] 保存的检测结果文件大小: 2362629 字节
2026-05-25 09:17:59 [INFO] 引擎上下文已释放
2026-05-25 09:17:59 [INFO] TensorRT 引擎已释放
2026-05-25 09:17:59 [INFO] 全局 CUDA 资源已释放
2026-05-25 09:17:59 [INFO] 检测系统资源已释放
2026-05-25 09:18:04 [INFO] CUDA 初始化成功
2026-05-25 09:18:04 [INFO] 引擎加载成功: dangerous.engine
2026-05-25 09:18:04 [INFO] 检测系统初始化成功
2026-05-25 09:18:04 [INFO] 图像预处理完成，原始尺寸: (2160, 3840)
2026-05-25 09:18:04 [INFO] 开始执行目标检测...
2026-05-25 09:18:04 [INFO] 检测完成，找到 2 个物体
2026-05-25 09:18:04 [INFO] 物体 1: GasCyl1 (置信度: 0.90)
2026-05-25 09:18:04 [INFO] 物体 2: GasCyl1 (置信度: 0.86)
2026-05-25 09:18:04 [INFO] 检测到车兜区域，将过滤区域外的目标
2026-05-25 09:18:04 [INFO] 准备保存检测结果到: C:\code\show\Scrap_Steel_In_Field\photos\dangerous_det\detection_20260525_091804.jpg
2026-05-25 09:18:04 [INFO] 图像形状: (2160, 3840, 3)
2026-05-25 09:18:04 [INFO] 图像数据类型: uint8
2026-05-25 09:18:04 [INFO] 图像最大值: 255
2026-05-25 09:18:04 [INFO] 图像最小值: 0
2026-05-25 09:18:04 [INFO] 开始保存检测结果图像: 图像尺寸=(2160, 3840, 3), 类型=uint8, 路径=C:\code\show\Scrap_Steel_In_Field\photos\dangerous_det\detection_20260525_091804.jpg
2026-05-25 09:18:04 [INFO] 成功保存检测结果到: C:\code\show\Scrap_Steel_In_Field\photos\dangerous_det\detection_20260525_091804.jpg
2026-05-25 09:18:04 [INFO] 保存的检测结果文件大小: 2363483 字节
2026-05-25 09:18:04 [INFO] 引擎上下文已释放
2026-05-25 09:18:04 [INFO] TensorRT 引擎已释放
2026-05-25 09:18:04 [INFO] 全局 CUDA 资源已释放
2026-05-25 09:18:04 [INFO] 检测系统资源已释放
2026-05-25 09:18:09 [INFO] CUDA 初始化成功
2026-05-25 09:18:09 [INFO] 引擎加载成功: dangerous.engine
2026-05-25 09:18:09 [INFO] 检测系统初始化成功
2026-05-25 09:18:09 [INFO] 图像预处理完成，原始尺寸: (2160, 3840)
2026-05-25 09:18:09 [INFO] 开始执行目标检测...
2026-05-25 09:18:09 [INFO] 检测完成，找到 2 个物体
2026-05-25 09:18:09 [INFO] 物体 1: GasCyl1 (置信度: 0.91)
2026-05-25 09:18:09 [INFO] 物体 2: GasCyl1 (置信度: 0.88)
2026-05-25 09:18:09 [INFO] 检测到车兜区域，将过滤区域外的目标
2026-05-25 09:18:09 [INFO] 准备保存检测结果到: C:\code\show\Scrap_Steel_In_Field\photos\dangerous_det\detection_20260525_091809.jpg
2026-05-25 09:18:09 [INFO] 图像形状: (2160, 3840, 3)
2026-05-25 09:18:09 [INFO] 图像数据类型: uint8
2026-05-25 09:18:09 [INFO] 图像最大值: 255
2026-05-25 09:18:09 [INFO] 图像最小值: 0
2026-05-25 09:18:09 [INFO] 开始保存检测结果图像: 图像尺寸=(2160, 3840, 3), 类型=uint8, 路径=C:\code\show\Scrap_Steel_In_Field\photos\dangerous_det\detection_20260525_091809.jpg
2026-05-25 09:18:09 [INFO] 成功保存检测结果到: C:\code\show\Scrap_Steel_In_Field\photos\dangerous_det\detection_20260525_091809.jpg
2026-05-25 09:18:09 [INFO] 保存的检测结果文件大小: 2362800 字节
2026-05-25 09:18:09 [INFO] 引擎上下文已释放
2026-05-25 09:18:09 [INFO] TensorRT 引擎已释放
2026-05-25 09:18:09 [INFO] 全局 CUDA 资源已释放
2026-05-25 09:18:09 [INFO] 检测系统资源已释放
2026-05-25 09:18:14 [INFO] CUDA 初始化成功
2026-05-25 09:18:14 [INFO] 引擎加载成功: dangerous.engine
2026-05-25 09:18:14 [INFO] 检测系统初始化成功
2026-05-25 09:18:14 [INFO] 图像预处理完成，原始尺寸: (2160, 3840)
2026-05-25 09:18:14 [INFO] 开始执行目标检测...
2026-05-25 09:18:14 [INFO] 检测完成，找到 2 个物体
2026-05-25 09:18:14 [INFO] 物体 1: GasCyl1 (置信度: 0.92)
2026-05-25 09:18:14 [INFO] 物体 2: GasCyl1 (置信度: 0.89)
2026-05-25 09:18:14 [INFO] 检测到车兜区域，将过滤区域外的目标
2026-05-25 09:18:14 [INFO] 准备保存检测结果到: C:\code\show\Scrap_Steel_In_Field\photos\dangerous_det\detection_20260525_091814.jpg
2026-05-25 09:18:14 [INFO] 图像形状: (2160, 3840, 3)
2026-05-25 09:18:14 [INFO] 图像数据类型: uint8
2026-05-25 09:18:14 [INFO] 图像最大值: 255
2026-05-25 09:18:14 [INFO] 图像最小值: 0
2026-05-25 09:18:14 [INFO] 开始保存检测结果图像: 图像尺寸=(2160, 3840, 3), 类型=uint8, 路径=C:\code\show\Scrap_Steel_In_Field\photos\dangerous_det\detection_20260525_091814.jpg
2026-05-25 09:18:14 [INFO] 成功保存检测结果到: C:\code\show\Scrap_Steel_In_Field\photos\dangerous_det\detection_20260525_091814.jpg
2026-05-25 09:18:14 [INFO] 保存的检测结果文件大小: 2362784 字节
2026-05-25 09:18:14 [INFO] 引擎上下文已释放
2026-05-25 09:18:14 [INFO] TensorRT 引擎已释放
2026-05-25 09:18:14 [INFO] 全局 CUDA 资源已释放
2026-05-25 09:18:14 [INFO] 检测系统资源已释放
2026-05-25 09:18:19 [INFO] CUDA 初始化成功
2026-05-25 09:18:19 [INFO] 引擎加载成功: dangerous.engine
2026-05-25 09:18:19 [INFO] 检测系统初始化成功
2026-05-25 09:18:19 [INFO] 图像预处理完成，原始尺寸: (2160, 3840)
2026-05-25 09:18:19 [INFO] 开始执行目标检测...
2026-05-25 09:18:19 [INFO] 检测完成，找到 2 个物体
2026-05-25 09:18:19 [INFO] 物体 1: GasCyl1 (置信度: 0.92)
2026-05-25 09:18:19 [INFO] 物体 2: GasCyl1 (置信度: 0.87)
2026-05-25 09:18:20 [INFO] 检测到车兜区域，将过滤区域外的目标
2026-05-25 09:18:20 [INFO] 准备保存检测结果到: C:\code\show\Scrap_Steel_In_Field\photos\dangerous_det\detection_20260525_091820.jpg
2026-05-25 09:18:20 [INFO] 图像形状: (2160, 3840, 3)
2026-05-25 09:18:20 [INFO] 图像数据类型: uint8
2026-05-25 09:18:20 [INFO] 图像最大值: 255
2026-05-25 09:18:20 [INFO] 图像最小值: 0
2026-05-25 09:18:20 [INFO] 开始保存检测结果图像: 图像尺寸=(2160, 3840, 3), 类型=uint8, 路径=C:\code\show\Scrap_Steel_In_Field\photos\dangerous_det\detection_20260525_091820.jpg
2026-05-25 09:18:20 [INFO] 成功保存检测结果到: C:\code\show\Scrap_Steel_In_Field\photos\dangerous_det\detection_20260525_091820.jpg
2026-05-25 09:18:20 [INFO] 保存的检测结果文件大小: 2361401 字节
2026-05-25 09:18:20 [INFO] 引擎上下文已释放
2026-05-25 09:18:20 [INFO] TensorRT 引擎已释放
2026-05-25 09:18:20 [INFO] 全局 CUDA 资源已释放
2026-05-25 09:18:20 [INFO] 检测系统资源已释放
2026-05-25 09:18:24 [INFO] CUDA 初始化成功
2026-05-25 09:18:24 [INFO] 引擎加载成功: dangerous.engine
2026-05-25 09:18:24 [INFO] 检测系统初始化成功
2026-05-25 09:18:24 [INFO] 图像预处理完成，原始尺寸: (2160, 3840)
2026-05-25 09:18:24 [INFO] 开始执行目标检测...
2026-05-25 09:18:25 [INFO] 检测完成，找到 2 个物体
2026-05-25 09:18:25 [INFO] 物体 1: GasCyl1 (置信度: 0.92)
2026-05-25 09:18:25 [INFO] 物体 2: GasCyl1 (置信度: 0.86)
2026-05-25 09:18:25 [INFO] 检测到车兜区域，将过滤区域外的目标
2026-05-25 09:18:25 [INFO] 准备保存检测结果到: C:\code\show\Scrap_Steel_In_Field\photos\dangerous_det\detection_20260525_091825.jpg
2026-05-25 09:18:25 [INFO] 图像形状: (2160, 3840, 3)
2026-05-25 09:18:25 [INFO] 图像数据类型: uint8
2026-05-25 09:18:25 [INFO] 图像最大值: 255
2026-05-25 09:18:25 [INFO] 图像最小值: 0
2026-05-25 09:18:25 [INFO] 开始保存检测结果图像: 图像尺寸=(2160, 3840, 3), 类型=uint8, 路径=C:\code\show\Scrap_Steel_In_Field\photos\dangerous_det\detection_20260525_091825.jpg
2026-05-25 09:18:25 [INFO] 成功保存检测结果到: C:\code\show\Scrap_Steel_In_Field\photos\dangerous_det\detection_20260525_091825.jpg
2026-05-25 09:18:25 [INFO] 保存的检测结果文件大小: 2362344 字节
2026-05-25 09:18:25 [INFO] 引擎上下文已释放
2026-05-25 09:18:25 [INFO] TensorRT 引擎已释放
2026-05-25 09:18:25 [INFO] 全局 CUDA 资源已释放
2026-05-25 09:18:25 [INFO] 检测系统资源已释放
2026-05-25 09:18:30 [INFO] CUDA 初始化成功
2026-05-25 09:18:30 [INFO] 引擎加载成功: dangerous.engine
2026-05-25 09:18:30 [INFO] 检测系统初始化成功
2026-05-25 09:18:30 [INFO] 图像预处理完成，原始尺寸: (2160, 3840)
2026-05-25 09:18:30 [INFO] 开始执行目标检测...
2026-05-25 09:18:30 [INFO] 检测完成，找到 2 个物体
2026-05-25 09:18:30 [INFO] 物体 1: GasCyl1 (置信度: 0.91)
2026-05-25 09:18:30 [INFO] 物体 2: GasCyl1 (置信度: 0.87)
2026-05-25 09:18:30 [INFO] 检测到车兜区域，将过滤区域外的目标
2026-05-25 09:18:30 [INFO] 准备保存检测结果到: C:\code\show\Scrap_Steel_In_Field\photos\dangerous_det\detection_20260525_091830.jpg
2026-05-25 09:18:30 [INFO] 图像形状: (2160, 3840, 3)
2026-05-25 09:18:30 [INFO] 图像数据类型: uint8
2026-05-25 09:18:30 [INFO] 图像最大值: 255
2026-05-25 09:18:30 [INFO] 图像最小值: 0
2026-05-25 09:18:30 [INFO] 开始保存检测结果图像: 图像尺寸=(2160, 3840, 3), 类型=uint8, 路径=C:\code\show\Scrap_Steel_In_Field\photos\dangerous_det\detection_20260525_091830.jpg
2026-05-25 09:18:30 [INFO] 成功保存检测结果到: C:\code\show\Scrap_Steel_In_Field\photos\dangerous_det\detection_20260525_091830.jpg
2026-05-25 09:18:30 [INFO] 保存的检测结果文件大小: 2363394 字节
2026-05-25 09:18:30 [INFO] 引擎上下文已释放
2026-05-25 09:18:30 [INFO] TensorRT 引擎已释放
2026-05-25 09:18:30 [INFO] 全局 CUDA 资源已释放
2026-05-25 09:18:30 [INFO] 检测系统资源已释放
2026-05-25 09:18:35 [INFO] CUDA 初始化成功
2026-05-25 09:18:35 [INFO] 引擎加载成功: dangerous.engine
2026-05-25 09:18:35 [INFO] 检测系统初始化成功
2026-05-25 09:18:35 [INFO] 图像预处理完成，原始尺寸: (2160, 3840)
2026-05-25 09:18:35 [INFO] 开始执行目标检测...
2026-05-25 09:18:35 [INFO] 检测完成，找到 2 个物体
2026-05-25 09:18:35 [INFO] 物体 1: GasCyl1 (置信度: 0.90)
2026-05-25 09:18:35 [INFO] 物体 2: GasCyl1 (置信度: 0.88)
2026-05-25 09:18:35 [INFO] 检测到车兜区域，将过滤区域外的目标
2026-05-25 09:18:35 [INFO] 准备保存检测结果到: C:\code\show\Scrap_Steel_In_Field\photos\dangerous_det\detection_20260525_091835.jpg
2026-05-25 09:18:35 [INFO] 图像形状: (2160, 3840, 3)
2026-05-25 09:18:35 [INFO] 图像数据类型: uint8
2026-05-25 09:18:35 [INFO] 图像最大值: 255
2026-05-25 09:18:35 [INFO] 图像最小值: 0
2026-05-25 09:18:35 [INFO] 开始保存检测结果图像: 图像尺寸=(2160, 3840, 3), 类型=uint8, 路径=C:\code\show\Scrap_Steel_In_Field\photos\dangerous_det\detection_20260525_091835.jpg
2026-05-25 09:18:35 [INFO] 成功保存检测结果到: C:\code\show\Scrap_Steel_In_Field\photos\dangerous_det\detection_20260525_091835.jpg
2026-05-25 09:18:35 [INFO] 保存的检测结果文件大小: 2364692 字节
2026-05-25 09:18:35 [INFO] 引擎上下文已释放
2026-05-25 09:18:35 [INFO] TensorRT 引擎已释放
2026-05-25 09:18:35 [INFO] 全局 CUDA 资源已释放
2026-05-25 09:18:35 [INFO] 检测系统资源已释放
2026-05-25 09:18:40 [INFO] CUDA 初始化成功
2026-05-25 09:18:40 [INFO] 引擎加载成功: dangerous.engine
2026-05-25 09:18:40 [INFO] 检测系统初始化成功
2026-05-25 09:18:40 [INFO] 图像预处理完成，原始尺寸: (2160, 3840)
2026-05-25 09:18:40 [INFO] 开始执行目标检测...
2026-05-25 09:18:40 [INFO] 检测完成，找到 2 个物体
2026-05-25 09:18:40 [INFO] 物体 1: GasCyl1 (置信度: 0.91)
2026-05-25 09:18:40 [INFO] 物体 2: GasCyl1 (置信度: 0.86)
2026-05-25 09:18:40 [INFO] 检测到车兜区域，将过滤区域外的目标
2026-05-25 09:18:40 [INFO] 准备保存检测结果到: C:\code\show\Scrap_Steel_In_Field\photos\dangerous_det\detection_20260525_091840.jpg
2026-05-25 09:18:40 [INFO] 图像形状: (2160, 3840, 3)
2026-05-25 09:18:40 [INFO] 图像数据类型: uint8
2026-05-25 09:18:40 [INFO] 图像最大值: 255
2026-05-25 09:18:40 [INFO] 图像最小值: 0
2026-05-25 09:18:40 [INFO] 开始保存检测结果图像: 图像尺寸=(2160, 3840, 3), 类型=uint8, 路径=C:\code\show\Scrap_Steel_In_Field\photos\dangerous_det\detection_20260525_091840.jpg
2026-05-25 09:18:40 [INFO] 成功保存检测结果到: C:\code\show\Scrap_Steel_In_Field\photos\dangerous_det\detection_20260525_091840.jpg
2026-05-25 09:18:40 [INFO] 保存的检测结果文件大小: 2360847 字节
2026-05-25 09:18:40 [INFO] 引擎上下文已释放
2026-05-25 09:18:40 [INFO] TensorRT 引擎已释放
2026-05-25 09:18:40 [INFO] 全局 CUDA 资源已释放
2026-05-25 09:18:40 [INFO] 检测系统资源已释放
2026-05-25 09:18:45 [INFO] CUDA 初始化成功
2026-05-25 09:18:45 [INFO] 引擎加载成功: dangerous.engine
2026-05-25 09:18:45 [INFO] 检测系统初始化成功
2026-05-25 09:18:45 [INFO] 图像预处理完成，原始尺寸: (2160, 3840)
2026-05-25 09:18:45 [INFO] 开始执行目标检测...
2026-05-25 09:18:45 [INFO] 检测完成，找到 2 个物体
2026-05-25 09:18:45 [INFO] 物体 1: GasCyl1 (置信度: 0.91)
2026-05-25 09:18:45 [INFO] 物体 2: GasCyl1 (置信度: 0.89)
2026-05-25 09:18:45 [INFO] 检测到车兜区域，将过滤区域外的目标
2026-05-25 09:18:45 [INFO] 准备保存检测结果到: C:\code\show\Scrap_Steel_In_Field\photos\dangerous_det\detection_20260525_091845.jpg
2026-05-25 09:18:45 [INFO] 图像形状: (2160, 3840, 3)
2026-05-25 09:18:45 [INFO] 图像数据类型: uint8
2026-05-25 09:18:45 [INFO] 图像最大值: 255
2026-05-25 09:18:45 [INFO] 图像最小值: 0
2026-05-25 09:18:45 [INFO] 开始保存检测结果图像: 图像尺寸=(2160, 3840, 3), 类型=uint8, 路径=C:\code\show\Scrap_Steel_In_Field\photos\dangerous_det\detection_20260525_091845.jpg
2026-05-25 09:18:45 [INFO] 成功保存检测结果到: C:\code\show\Scrap_Steel_In_Field\photos\dangerous_det\detection_20260525_091845.jpg
2026-05-25 09:18:45 [INFO] 保存的检测结果文件大小: 2361075 字节
2026-05-25 09:18:45 [INFO] 引擎上下文已释放
2026-05-25 09:18:45 [INFO] TensorRT 引擎已释放
2026-05-25 09:18:45 [INFO] 全局 CUDA 资源已释放
2026-05-25 09:18:45 [INFO] 检测系统资源已释放
2026-05-25 09:18:50 [INFO] CUDA 初始化成功
2026-05-25 09:18:50 [INFO] 引擎加载成功: dangerous.engine
2026-05-25 09:18:50 [INFO] 检测系统初始化成功
2026-05-25 09:18:50 [INFO] 图像预处理完成，原始尺寸: (2160, 3840)
2026-05-25 09:18:50 [INFO] 开始执行目标检测...
2026-05-25 09:18:50 [INFO] 检测完成，找到 2 个物体
2026-05-25 09:18:50 [INFO] 物体 1: GasCyl1 (置信度: 0.92)
2026-05-25 09:18:50 [INFO] 物体 2: GasCyl1 (置信度: 0.88)
2026-05-25 09:18:50 [INFO] 检测到车兜区域，将过滤区域外的目标
2026-05-25 09:18:50 [INFO] 准备保存检测结果到: C:\code\show\Scrap_Steel_In_Field\photos\dangerous_det\detection_20260525_091850.jpg
2026-05-25 09:18:50 [INFO] 图像形状: (2160, 3840, 3)
2026-05-25 09:18:50 [INFO] 图像数据类型: uint8
2026-05-25 09:18:50 [INFO] 图像最大值: 255
2026-05-25 09:18:50 [INFO] 图像最小值: 0
2026-05-25 09:18:50 [INFO] 开始保存检测结果图像: 图像尺寸=(2160, 3840, 3), 类型=uint8, 路径=C:\code\show\Scrap_Steel_In_Field\photos\dangerous_det\detection_20260525_091850.jpg
2026-05-25 09:18:50 [INFO] 成功保存检测结果到: C:\code\show\Scrap_Steel_In_Field\photos\dangerous_det\detection_20260525_091850.jpg
2026-05-25 09:18:50 [INFO] 保存的检测结果文件大小: 2361771 字节
2026-05-25 09:18:50 [INFO] 引擎上下文已释放
2026-05-25 09:18:50 [INFO] TensorRT 引擎已释放
2026-05-25 09:18:50 [INFO] 全局 CUDA 资源已释放
2026-05-25 09:18:50 [INFO] 检测系统资源已释放
2026-05-25 09:18:55 [INFO] CUDA 初始化成功
2026-05-25 09:18:55 [INFO] 引擎加载成功: dangerous.engine
2026-05-25 09:18:55 [INFO] 检测系统初始化成功
2026-05-25 09:18:55 [INFO] 图像预处理完成，原始尺寸: (2160, 3840)
2026-05-25 09:18:55 [INFO] 开始执行目标检测...
2026-05-25 09:18:55 [INFO] 检测完成，找到 2 个物体
2026-05-25 09:18:55 [INFO] 物体 1: GasCyl1 (置信度: 0.90)
2026-05-25 09:18:55 [INFO] 物体 2: GasCyl1 (置信度: 0.87)
2026-05-25 09:18:55 [INFO] 检测到车兜区域，将过滤区域外的目标
2026-05-25 09:18:55 [INFO] 准备保存检测结果到: C:\code\show\Scrap_Steel_In_Field\photos\dangerous_det\detection_20260525_091855.jpg
2026-05-25 09:18:55 [INFO] 图像形状: (2160, 3840, 3)
2026-05-25 09:18:55 [INFO] 图像数据类型: uint8
2026-05-25 09:18:55 [INFO] 图像最大值: 255
2026-05-25 09:18:55 [INFO] 图像最小值: 0
2026-05-25 09:18:55 [INFO] 开始保存检测结果图像: 图像尺寸=(2160, 3840, 3), 类型=uint8, 路径=C:\code\show\Scrap_Steel_In_Field\photos\dangerous_det\detection_20260525_091855.jpg
2026-05-25 09:18:55 [INFO] 成功保存检测结果到: C:\code\show\Scrap_Steel_In_Field\photos\dangerous_det\detection_20260525_091855.jpg
2026-05-25 09:18:55 [INFO] 保存的检测结果文件大小: 2360724 字节
2026-05-25 09:18:55 [INFO] 引擎上下文已释放
2026-05-25 09:18:55 [INFO] TensorRT 引擎已释放
2026-05-25 09:18:55 [INFO] 全局 CUDA 资源已释放
2026-05-25 09:18:55 [INFO] 检测系统资源已释放
2026-05-25 09:19:00 [INFO] CUDA 初始化成功
2026-05-25 09:19:00 [INFO] 引擎加载成功: dangerous.engine
2026-05-25 09:19:00 [INFO] 检测系统初始化成功
2026-05-25 09:19:00 [INFO] 图像预处理完成，原始尺寸: (2160, 3840)
2026-05-25 09:19:00 [INFO] 开始执行目标检测...
2026-05-25 09:19:00 [INFO] 检测完成，找到 2 个物体
2026-05-25 09:19:00 [INFO] 物体 1: GasCyl1 (置信度: 0.91)
2026-05-25 09:19:00 [INFO] 物体 2: GasCyl1 (置信度: 0.86)
2026-05-25 09:19:00 [INFO] 检测到车兜区域，将过滤区域外的目标
2026-05-25 09:19:00 [INFO] 准备保存检测结果到: C:\code\show\Scrap_Steel_In_Field\photos\dangerous_det\detection_20260525_091900.jpg
2026-05-25 09:19:00 [INFO] 图像形状: (2160, 3840, 3)
2026-05-25 09:19:00 [INFO] 图像数据类型: uint8
2026-05-25 09:19:00 [INFO] 图像最大值: 255
2026-05-25 09:19:00 [INFO] 图像最小值: 0
2026-05-25 09:19:00 [INFO] 开始保存检测结果图像: 图像尺寸=(2160, 3840, 3), 类型=uint8, 路径=C:\code\show\Scrap_Steel_In_Field\photos\dangerous_det\detection_20260525_091900.jpg
2026-05-25 09:19:00 [INFO] 成功保存检测结果到: C:\code\show\Scrap_Steel_In_Field\photos\dangerous_det\detection_20260525_091900.jpg
2026-05-25 09:19:00 [INFO] 保存的检测结果文件大小: 2356671 字节
2026-05-25 09:19:00 [INFO] 引擎上下文已释放
2026-05-25 09:19:00 [INFO] TensorRT 引擎已释放
2026-05-25 09:19:00 [INFO] 全局 CUDA 资源已释放
2026-05-25 09:19:00 [INFO] 检测系统资源已释放
2026-05-25 09:19:05 [INFO] CUDA 初始化成功
2026-05-25 09:19:05 [INFO] 引擎加载成功: dangerous.engine
2026-05-25 09:19:05 [INFO] 检测系统初始化成功
2026-05-25 09:19:05 [INFO] 图像预处理完成，原始尺寸: (2160, 3840)
2026-05-25 09:19:05 [INFO] 开始执行目标检测...
2026-05-25 09:19:05 [INFO] 检测完成，找到 2 个物体
2026-05-25 09:19:05 [INFO] 物体 1: GasCyl1 (置信度: 0.92)
2026-05-25 09:19:05 [INFO] 物体 2: GasCyl1 (置信度: 0.87)
2026-05-25 09:19:05 [INFO] 检测到车兜区域，将过滤区域外的目标
2026-05-25 09:19:05 [INFO] 准备保存检测结果到: C:\code\show\Scrap_Steel_In_Field\photos\dangerous_det\detection_20260525_091905.jpg
2026-05-25 09:19:05 [INFO] 图像形状: (2160, 3840, 3)
2026-05-25 09:19:05 [INFO] 图像数据类型: uint8
2026-05-25 09:19:05 [INFO] 图像最大值: 255
2026-05-25 09:19:05 [INFO] 图像最小值: 0
2026-05-25 09:19:05 [INFO] 开始保存检测结果图像: 图像尺寸=(2160, 3840, 3), 类型=uint8, 路径=C:\code\show\Scrap_Steel_In_Field\photos\dangerous_det\detection_20260525_091905.jpg
2026-05-25 09:19:05 [INFO] 成功保存检测结果到: C:\code\show\Scrap_Steel_In_Field\photos\dangerous_det\detection_20260525_091905.jpg
2026-05-25 09:19:05 [INFO] 保存的检测结果文件大小: 2338554 字节
2026-05-25 09:19:05 [INFO] 引擎上下文已释放
2026-05-25 09:19:05 [INFO] TensorRT 引擎已释放
2026-05-25 09:19:05 [INFO] 全局 CUDA 资源已释放
2026-05-25 09:19:05 [INFO] 检测系统资源已释放
2026-05-25 09:19:10 [INFO] CUDA 初始化成功
2026-05-25 09:19:10 [INFO] 引擎加载成功: dangerous.engine
2026-05-25 09:19:10 [INFO] 检测系统初始化成功
2026-05-25 09:19:10 [INFO] 图像预处理完成，原始尺寸: (2160, 3840)
2026-05-25 09:19:10 [INFO] 开始执行目标检测...
2026-05-25 09:19:10 [INFO] 检测完成，找到 2 个物体
2026-05-25 09:19:10 [INFO] 物体 1: GasCyl1 (置信度: 0.91)
2026-05-25 09:19:10 [INFO] 物体 2: GasCyl1 (置信度: 0.87)
2026-05-25 09:19:11 [INFO] 检测到车兜区域，将过滤区域外的目标
2026-05-25 09:19:11 [INFO] 准备保存检测结果到: C:\code\show\Scrap_Steel_In_Field\photos\dangerous_det\detection_20260525_091911.jpg
2026-05-25 09:19:11 [INFO] 图像形状: (2160, 3840, 3)
2026-05-25 09:19:11 [INFO] 图像数据类型: uint8
2026-05-25 09:19:11 [INFO] 图像最大值: 255
2026-05-25 09:19:11 [INFO] 图像最小值: 0
2026-05-25 09:19:11 [INFO] 开始保存检测结果图像: 图像尺寸=(2160, 3840, 3), 类型=uint8, 路径=C:\code\show\Scrap_Steel_In_Field\photos\dangerous_det\detection_20260525_091911.jpg
2026-05-25 09:19:11 [INFO] 成功保存检测结果到: C:\code\show\Scrap_Steel_In_Field\photos\dangerous_det\detection_20260525_091911.jpg
2026-05-25 09:19:11 [INFO] 保存的检测结果文件大小: 2343857 字节
2026-05-25 09:19:11 [INFO] 引擎上下文已释放
2026-05-25 09:19:11 [INFO] TensorRT 引擎已释放
2026-05-25 09:19:11 [INFO] 全局 CUDA 资源已释放
2026-05-25 09:19:11 [INFO] 检测系统资源已释放
2026-05-25 09:19:15 [INFO] CUDA 初始化成功
2026-05-25 09:19:15 [INFO] 引擎加载成功: dangerous.engine
2026-05-25 09:19:15 [INFO] 检测系统初始化成功
2026-05-25 09:19:15 [INFO] 图像预处理完成，原始尺寸: (2160, 3840)
2026-05-25 09:19:15 [INFO] 开始执行目标检测...
2026-05-25 09:19:16 [INFO] 检测完成，找到 2 个物体
2026-05-25 09:19:16 [INFO] 物体 1: GasCyl1 (置信度: 0.91)
2026-05-25 09:19:16 [INFO] 物体 2: GasCyl1 (置信度: 0.86)
2026-05-25 09:19:16 [INFO] 检测到车兜区域，将过滤区域外的目标
2026-05-25 09:19:16 [INFO] 准备保存检测结果到: C:\code\show\Scrap_Steel_In_Field\photos\dangerous_det\detection_20260525_091916.jpg
2026-05-25 09:19:16 [INFO] 图像形状: (2160, 3840, 3)
2026-05-25 09:19:16 [INFO] 图像数据类型: uint8
2026-05-25 09:19:16 [INFO] 图像最大值: 255
2026-05-25 09:19:16 [INFO] 图像最小值: 0
2026-05-25 09:19:16 [INFO] 开始保存检测结果图像: 图像尺寸=(2160, 3840, 3), 类型=uint8, 路径=C:\code\show\Scrap_Steel_In_Field\photos\dangerous_det\detection_20260525_091916.jpg
2026-05-25 09:19:16 [INFO] 成功保存检测结果到: C:\code\show\Scrap_Steel_In_Field\photos\dangerous_det\detection_20260525_091916.jpg
2026-05-25 09:19:16 [INFO] 保存的检测结果文件大小: 2363206 字节
2026-05-25 09:19:16 [INFO] 引擎上下文已释放
2026-05-25 09:19:16 [INFO] TensorRT 引擎已释放
2026-05-25 09:19:16 [INFO] 全局 CUDA 资源已释放
2026-05-25 09:19:16 [INFO] 检测系统资源已释放
2026-05-25 09:19:21 [INFO] CUDA 初始化成功
2026-05-25 09:19:21 [INFO] 引擎加载成功: dangerous.engine
2026-05-25 09:19:21 [INFO] 检测系统初始化成功
2026-05-25 09:19:21 [INFO] 图像预处理完成，原始尺寸: (2160, 3840)
2026-05-25 09:19:21 [INFO] 开始执行目标检测...
2026-05-25 09:19:21 [INFO] 检测完成，找到 2 个物体
2026-05-25 09:19:21 [INFO] 物体 1: GasCyl1 (置信度: 0.91)
2026-05-25 09:19:21 [INFO] 物体 2: GasCyl1 (置信度: 0.86)
2026-05-25 09:19:21 [INFO] 检测到车兜区域，将过滤区域外的目标
2026-05-25 09:19:21 [INFO] 准备保存检测结果到: C:\code\show\Scrap_Steel_In_Field\photos\dangerous_det\detection_20260525_091921.jpg
2026-05-25 09:19:21 [INFO] 图像形状: (2160, 3840, 3)
2026-05-25 09:19:21 [INFO] 图像数据类型: uint8
2026-05-25 09:19:21 [INFO] 图像最大值: 255
2026-05-25 09:19:21 [INFO] 图像最小值: 0
2026-05-25 09:19:21 [INFO] 开始保存检测结果图像: 图像尺寸=(2160, 3840, 3), 类型=uint8, 路径=C:\code\show\Scrap_Steel_In_Field\photos\dangerous_det\detection_20260525_091921.jpg
2026-05-25 09:19:21 [INFO] 成功保存检测结果到: C:\code\show\Scrap_Steel_In_Field\photos\dangerous_det\detection_20260525_091921.jpg
2026-05-25 09:19:21 [INFO] 保存的检测结果文件大小: 2361682 字节
2026-05-25 09:19:21 [INFO] 引擎上下文已释放
2026-05-25 09:19:21 [INFO] TensorRT 引擎已释放
2026-05-25 09:19:21 [INFO] 全局 CUDA 资源已释放
2026-05-25 09:19:21 [INFO] 检测系统资源已释放
2026-05-25 09:19:26 [INFO] CUDA 初始化成功
2026-05-25 09:19:26 [INFO] 引擎加载成功: dangerous.engine
2026-05-25 09:19:26 [INFO] 检测系统初始化成功
2026-05-25 09:19:26 [INFO] 图像预处理完成，原始尺寸: (2160, 3840)
2026-05-25 09:19:26 [INFO] 开始执行目标检测...
2026-05-25 09:19:26 [INFO] 检测完成，找到 2 个物体
2026-05-25 09:19:26 [INFO] 物体 1: GasCyl1 (置信度: 0.91)
2026-05-25 09:19:26 [INFO] 物体 2: GasCyl1 (置信度: 0.86)
2026-05-25 09:19:26 [INFO] 检测到车兜区域，将过滤区域外的目标
2026-05-25 09:19:26 [INFO] 准备保存检测结果到: C:\code\show\Scrap_Steel_In_Field\photos\dangerous_det\detection_20260525_091926.jpg
2026-05-25 09:19:26 [INFO] 图像形状: (2160, 3840, 3)
2026-05-25 09:19:26 [INFO] 图像数据类型: uint8
2026-05-25 09:19:26 [INFO] 图像最大值: 255
2026-05-25 09:19:26 [INFO] 图像最小值: 0
2026-05-25 09:19:26 [INFO] 开始保存检测结果图像: 图像尺寸=(2160, 3840, 3), 类型=uint8, 路径=C:\code\show\Scrap_Steel_In_Field\photos\dangerous_det\detection_20260525_091926.jpg
2026-05-25 09:19:26 [INFO] 成功保存检测结果到: C:\code\show\Scrap_Steel_In_Field\photos\dangerous_det\detection_20260525_091926.jpg
2026-05-25 09:19:26 [INFO] 保存的检测结果文件大小: 2362534 字节
2026-05-25 09:19:26 [INFO] 引擎上下文已释放
2026-05-25 09:19:26 [INFO] TensorRT 引擎已释放
2026-05-25 09:19:26 [INFO] 全局 CUDA 资源已释放
2026-05-25 09:19:26 [INFO] 检测系统资源已释放
2026-05-25 09:19:31 [INFO] CUDA 初始化成功
2026-05-25 09:19:31 [INFO] 引擎加载成功: dangerous.engine
2026-05-25 09:19:31 [INFO] 检测系统初始化成功
2026-05-25 09:19:31 [INFO] 图像预处理完成，原始尺寸: (2160, 3840)
2026-05-25 09:19:31 [INFO] 开始执行目标检测...
2026-05-25 09:19:31 [INFO] 检测完成，找到 3 个物体
2026-05-25 09:19:31 [INFO] 物体 1: GasCyl1 (置信度: 0.91)
2026-05-25 09:19:31 [INFO] 物体 2: GasCyl1 (置信度: 0.86)
2026-05-25 09:19:31 [INFO] 物体 3: GasCyl1 (置信度: 0.36)
2026-05-25 09:19:31 [INFO] 检测到车兜区域，将过滤区域外的目标
2026-05-25 09:19:31 [INFO] 准备保存检测结果到: C:\code\show\Scrap_Steel_In_Field\photos\dangerous_det\detection_20260525_091931.jpg
2026-05-25 09:19:31 [INFO] 图像形状: (2160, 3840, 3)
2026-05-25 09:19:31 [INFO] 图像数据类型: uint8
2026-05-25 09:19:31 [INFO] 图像最大值: 255
2026-05-25 09:19:31 [INFO] 图像最小值: 0
2026-05-25 09:19:31 [INFO] 开始保存检测结果图像: 图像尺寸=(2160, 3840, 3), 类型=uint8, 路径=C:\code\show\Scrap_Steel_In_Field\photos\dangerous_det\detection_20260525_091931.jpg
2026-05-25 09:19:31 [INFO] 成功保存检测结果到: C:\code\show\Scrap_Steel_In_Field\photos\dangerous_det\detection_20260525_091931.jpg
2026-05-25 09:19:31 [INFO] 保存的检测结果文件大小: 2363502 字节
2026-05-25 09:19:31 [INFO] 引擎上下文已释放
2026-05-25 09:19:31 [INFO] TensorRT 引擎已释放
2026-05-25 09:19:31 [INFO] 全局 CUDA 资源已释放
2026-05-25 09:19:31 [INFO] 检测系统资源已释放
2026-05-25 09:19:36 [INFO] CUDA 初始化成功
2026-05-25 09:19:36 [INFO] 引擎加载成功: dangerous.engine
2026-05-25 09:19:36 [INFO] 检测系统初始化成功
2026-05-25 09:19:36 [INFO] 图像预处理完成，原始尺寸: (2160, 3840)
2026-05-25 09:19:36 [INFO] 开始执行目标检测...
2026-05-25 09:19:36 [INFO] 检测完成，找到 2 个物体
2026-05-25 09:19:36 [INFO] 物体 1: GasCyl1 (置信度: 0.91)
2026-05-25 09:19:36 [INFO] 物体 2: GasCyl1 (置信度: 0.87)
2026-05-25 09:19:37 [INFO] 检测到车兜区域，将过滤区域外的目标
2026-05-25 09:19:37 [INFO] 准备保存检测结果到: C:\code\show\Scrap_Steel_In_Field\photos\dangerous_det\detection_20260525_091937.jpg
2026-05-25 09:19:37 [INFO] 图像形状: (2160, 3840, 3)
2026-05-25 09:19:37 [INFO] 图像数据类型: uint8
2026-05-25 09:19:37 [INFO] 图像最大值: 255
2026-05-25 09:19:37 [INFO] 图像最小值: 0
2026-05-25 09:19:37 [INFO] 开始保存检测结果图像: 图像尺寸=(2160, 3840, 3), 类型=uint8, 路径=C:\code\show\Scrap_Steel_In_Field\photos\dangerous_det\detection_20260525_091937.jpg
2026-05-25 09:19:37 [INFO] 成功保存检测结果到: C:\code\show\Scrap_Steel_In_Field\photos\dangerous_det\detection_20260525_091937.jpg
2026-05-25 09:19:37 [INFO] 保存的检测结果文件大小: 2378753 字节
2026-05-25 09:19:37 [INFO] 引擎上下文已释放
2026-05-25 09:19:37 [INFO] TensorRT 引擎已释放
2026-05-25 09:19:37 [INFO] 全局 CUDA 资源已释放
2026-05-25 09:19:37 [INFO] 检测系统资源已释放
2026-05-25 09:19:41 [INFO] CUDA 初始化成功
2026-05-25 09:19:41 [INFO] 引擎加载成功: dangerous.engine
2026-05-25 09:19:41 [INFO] 检测系统初始化成功
2026-05-25 09:19:41 [INFO] 图像预处理完成，原始尺寸: (2160, 3840)
2026-05-25 09:19:41 [INFO] 开始执行目标检测...
2026-05-25 09:19:42 [INFO] 检测完成，找到 2 个物体
2026-05-25 09:19:42 [INFO] 物体 1: GasCyl1 (置信度: 0.91)
2026-05-25 09:19:42 [INFO] 物体 2: GasCyl1 (置信度: 0.87)
2026-05-25 09:19:42 [INFO] 检测到车兜区域，将过滤区域外的目标
2026-05-25 09:19:42 [INFO] 准备保存检测结果到: C:\code\show\Scrap_Steel_In_Field\photos\dangerous_det\detection_20260525_091942.jpg
2026-05-25 09:19:42 [INFO] 图像形状: (2160, 3840, 3)
2026-05-25 09:19:42 [INFO] 图像数据类型: uint8
2026-05-25 09:19:42 [INFO] 图像最大值: 255
2026-05-25 09:19:42 [INFO] 图像最小值: 0
2026-05-25 09:19:42 [INFO] 开始保存检测结果图像: 图像尺寸=(2160, 3840, 3), 类型=uint8, 路径=C:\code\show\Scrap_Steel_In_Field\photos\dangerous_det\detection_20260525_091942.jpg
2026-05-25 09:19:42 [INFO] 成功保存检测结果到: C:\code\show\Scrap_Steel_In_Field\photos\dangerous_det\detection_20260525_091942.jpg
2026-05-25 09:19:42 [INFO] 保存的检测结果文件大小: 2362771 字节
2026-05-25 09:19:42 [INFO] 引擎上下文已释放
2026-05-25 09:19:42 [INFO] TensorRT 引擎已释放
2026-05-25 09:19:42 [INFO] 全局 CUDA 资源已释放
2026-05-25 09:19:42 [INFO] 检测系统资源已释放
2026-05-25 09:19:46 [INFO] CUDA 初始化成功
2026-05-25 09:19:47 [INFO] 引擎加载成功: dangerous.engine
2026-05-25 09:19:47 [INFO] 检测系统初始化成功
2026-05-25 09:19:47 [INFO] 图像预处理完成，原始尺寸: (2160, 3840)
2026-05-25 09:19:47 [INFO] 开始执行目标检测...
2026-05-25 09:19:47 [INFO] 检测完成，找到 2 个物体
2026-05-25 09:19:47 [INFO] 物体 1: GasCyl1 (置信度: 0.90)
2026-05-25 09:19:47 [INFO] 物体 2: GasCyl1 (置信度: 0.87)
2026-05-25 09:19:47 [INFO] 检测到车兜区域，将过滤区域外的目标
2026-05-25 09:19:47 [INFO] 准备保存检测结果到: C:\code\show\Scrap_Steel_In_Field\photos\dangerous_det\detection_20260525_091947.jpg
2026-05-25 09:19:47 [INFO] 图像形状: (2160, 3840, 3)
2026-05-25 09:19:47 [INFO] 图像数据类型: uint8
2026-05-25 09:19:47 [INFO] 图像最大值: 255
2026-05-25 09:19:47 [INFO] 图像最小值: 0
2026-05-25 09:19:47 [INFO] 开始保存检测结果图像: 图像尺寸=(2160, 3840, 3), 类型=uint8, 路径=C:\code\show\Scrap_Steel_In_Field\photos\dangerous_det\detection_20260525_091947.jpg
2026-05-25 09:19:47 [INFO] 成功保存检测结果到: C:\code\show\Scrap_Steel_In_Field\photos\dangerous_det\detection_20260525_091947.jpg
2026-05-25 09:19:47 [INFO] 保存的检测结果文件大小: 2361751 字节
2026-05-25 09:19:47 [INFO] 引擎上下文已释放
2026-05-25 09:19:47 [INFO] TensorRT 引擎已释放
2026-05-25 09:19:47 [INFO] 全局 CUDA 资源已释放
2026-05-25 09:19:47 [INFO] 检测系统资源已释放
2026-05-25 09:19:52 [INFO] CUDA 初始化成功
2026-05-25 09:19:52 [INFO] 引擎加载成功: dangerous.engine
2026-05-25 09:19:52 [INFO] 检测系统初始化成功
2026-05-25 09:19:52 [INFO] 图像预处理完成，原始尺寸: (2160, 3840)
2026-05-25 09:19:52 [INFO] 开始执行目标检测...
2026-05-25 09:19:52 [INFO] 检测完成，找到 2 个物体
2026-05-25 09:19:52 [INFO] 物体 1: GasCyl1 (置信度: 0.89)
2026-05-25 09:19:52 [INFO] 物体 2: GasCyl1 (置信度: 0.87)
2026-05-25 09:19:52 [INFO] 检测到车兜区域，将过滤区域外的目标
2026-05-25 09:19:52 [INFO] 准备保存检测结果到: C:\code\show\Scrap_Steel_In_Field\photos\dangerous_det\detection_20260525_091952.jpg
2026-05-25 09:19:52 [INFO] 图像形状: (2160, 3840, 3)
2026-05-25 09:19:52 [INFO] 图像数据类型: uint8
2026-05-25 09:19:52 [INFO] 图像最大值: 255
2026-05-25 09:19:52 [INFO] 图像最小值: 0
2026-05-25 09:19:52 [INFO] 开始保存检测结果图像: 图像尺寸=(2160, 3840, 3), 类型=uint8, 路径=C:\code\show\Scrap_Steel_In_Field\photos\dangerous_det\detection_20260525_091952.jpg
2026-05-25 09:19:52 [INFO] 成功保存检测结果到: C:\code\show\Scrap_Steel_In_Field\photos\dangerous_det\detection_20260525_091952.jpg
2026-05-25 09:19:52 [INFO] 保存的检测结果文件大小: 2366363 字节
2026-05-25 09:19:52 [INFO] 引擎上下文已释放
2026-05-25 09:19:52 [INFO] TensorRT 引擎已释放
2026-05-25 09:19:52 [INFO] 全局 CUDA 资源已释放
2026-05-25 09:19:52 [INFO] 检测系统资源已释放
2026-05-25 09:19:57 [INFO] CUDA 初始化成功
2026-05-25 09:19:57 [INFO] 引擎加载成功: dangerous.engine
2026-05-25 09:19:57 [INFO] 检测系统初始化成功
2026-05-25 09:19:57 [INFO] 图像预处理完成，原始尺寸: (2160, 3840)
2026-05-25 09:19:57 [INFO] 开始执行目标检测...
2026-05-25 09:19:57 [INFO] 检测完成，找到 2 个物体
2026-05-25 09:19:57 [INFO] 物体 1: GasCyl1 (置信度: 0.92)
2026-05-25 09:19:57 [INFO] 物体 2: GasCyl1 (置信度: 0.87)
2026-05-25 09:19:57 [INFO] 检测到车兜区域，将过滤区域外的目标
2026-05-25 09:19:57 [INFO] 准备保存检测结果到: C:\code\show\Scrap_Steel_In_Field\photos\dangerous_det\detection_20260525_091957.jpg
2026-05-25 09:19:57 [INFO] 图像形状: (2160, 3840, 3)
2026-05-25 09:19:57 [INFO] 图像数据类型: uint8
2026-05-25 09:19:57 [INFO] 图像最大值: 255
2026-05-25 09:19:57 [INFO] 图像最小值: 0
2026-05-25 09:19:57 [INFO] 开始保存检测结果图像: 图像尺寸=(2160, 3840, 3), 类型=uint8, 路径=C:\code\show\Scrap_Steel_In_Field\photos\dangerous_det\detection_20260525_091957.jpg
2026-05-25 09:19:57 [INFO] 成功保存检测结果到: C:\code\show\Scrap_Steel_In_Field\photos\dangerous_det\detection_20260525_091957.jpg
2026-05-25 09:19:57 [INFO] 保存的检测结果文件大小: 2362965 字节
2026-05-25 09:19:57 [INFO] 引擎上下文已释放
2026-05-25 09:19:57 [INFO] TensorRT 引擎已释放
2026-05-25 09:19:57 [INFO] 全局 CUDA 资源已释放
2026-05-25 09:19:57 [INFO] 检测系统资源已释放
2026-05-25 09:20:02 [INFO] CUDA 初始化成功
2026-05-25 09:20:02 [INFO] 引擎加载成功: dangerous.engine
2026-05-25 09:20:02 [INFO] 检测系统初始化成功
2026-05-25 09:20:02 [INFO] 图像预处理完成，原始尺寸: (2160, 3840)
2026-05-25 09:20:02 [INFO] 开始执行目标检测...
2026-05-25 09:20:02 [INFO] 检测完成，找到 2 个物体
2026-05-25 09:20:02 [INFO] 物体 1: GasCyl1 (置信度: 0.90)
2026-05-25 09:20:02 [INFO] 物体 2: GasCyl1 (置信度: 0.89)
2026-05-25 09:20:02 [INFO] 检测到车兜区域，将过滤区域外的目标
2026-05-25 09:20:02 [INFO] 准备保存检测结果到: C:\code\show\Scrap_Steel_In_Field\photos\dangerous_det\detection_20260525_092002.jpg
2026-05-25 09:20:02 [INFO] 图像形状: (2160, 3840, 3)
2026-05-25 09:20:02 [INFO] 图像数据类型: uint8
2026-05-25 09:20:02 [INFO] 图像最大值: 255
2026-05-25 09:20:02 [INFO] 图像最小值: 0
2026-05-25 09:20:02 [INFO] 开始保存检测结果图像: 图像尺寸=(2160, 3840, 3), 类型=uint8, 路径=C:\code\show\Scrap_Steel_In_Field\photos\dangerous_det\detection_20260525_092002.jpg
2026-05-25 09:20:02 [INFO] 成功保存检测结果到: C:\code\show\Scrap_Steel_In_Field\photos\dangerous_det\detection_20260525_092002.jpg
2026-05-25 09:20:02 [INFO] 保存的检测结果文件大小: 2365297 字节
2026-05-25 09:20:02 [INFO] 引擎上下文已释放
2026-05-25 09:20:02 [INFO] TensorRT 引擎已释放
2026-05-25 09:20:02 [INFO] 全局 CUDA 资源已释放
2026-05-25 09:20:02 [INFO] 检测系统资源已释放
2026-05-25 09:20:07 [INFO] CUDA 初始化成功
2026-05-25 09:20:07 [INFO] 引擎加载成功: dangerous.engine
2026-05-25 09:20:07 [INFO] 检测系统初始化成功
2026-05-25 09:20:07 [INFO] 图像预处理完成，原始尺寸: (2160, 3840)
2026-05-25 09:20:07 [INFO] 开始执行目标检测...
2026-05-25 09:20:07 [INFO] 检测完成，找到 2 个物体
2026-05-25 09:20:07 [INFO] 物体 1: GasCyl1 (置信度: 0.90)
2026-05-25 09:20:07 [INFO] 物体 2: GasCyl1 (置信度: 0.87)
2026-05-25 09:20:07 [INFO] 检测到车兜区域，将过滤区域外的目标
2026-05-25 09:20:07 [INFO] 准备保存检测结果到: C:\code\show\Scrap_Steel_In_Field\photos\dangerous_det\detection_20260525_092007.jpg
2026-05-25 09:20:07 [INFO] 图像形状: (2160, 3840, 3)
2026-05-25 09:20:07 [INFO] 图像数据类型: uint8
2026-05-25 09:20:07 [INFO] 图像最大值: 255
2026-05-25 09:20:07 [INFO] 图像最小值: 0
2026-05-25 09:20:07 [INFO] 开始保存检测结果图像: 图像尺寸=(2160, 3840, 3), 类型=uint8, 路径=C:\code\show\Scrap_Steel_In_Field\photos\dangerous_det\detection_20260525_092007.jpg
2026-05-25 09:20:07 [INFO] 成功保存检测结果到: C:\code\show\Scrap_Steel_In_Field\photos\dangerous_det\detection_20260525_092007.jpg
2026-05-25 09:20:07 [INFO] 保存的检测结果文件大小: 2363391 字节
2026-05-25 09:20:07 [INFO] 引擎上下文已释放
2026-05-25 09:20:07 [INFO] TensorRT 引擎已释放
2026-05-25 09:20:07 [INFO] 全局 CUDA 资源已释放
2026-05-25 09:20:07 [INFO] 检测系统资源已释放
2026-05-25 09:20:12 [INFO] CUDA 初始化成功
2026-05-25 09:20:12 [INFO] 引擎加载成功: dangerous.engine
2026-05-25 09:20:12 [INFO] 检测系统初始化成功
2026-05-25 09:20:12 [INFO] 图像预处理完成，原始尺寸: (2160, 3840)
2026-05-25 09:20:12 [INFO] 开始执行目标检测...
2026-05-25 09:20:12 [INFO] 检测完成，找到 2 个物体
2026-05-25 09:20:12 [INFO] 物体 1: GasCyl1 (置信度: 0.91)
2026-05-25 09:20:12 [INFO] 物体 2: GasCyl1 (置信度: 0.88)
2026-05-25 09:20:12 [INFO] 检测到车兜区域，将过滤区域外的目标
2026-05-25 09:20:12 [INFO] 准备保存检测结果到: C:\code\show\Scrap_Steel_In_Field\photos\dangerous_det\detection_20260525_092012.jpg
2026-05-25 09:20:12 [INFO] 图像形状: (2160, 3840, 3)
2026-05-25 09:20:12 [INFO] 图像数据类型: uint8
2026-05-25 09:20:12 [INFO] 图像最大值: 255
2026-05-25 09:20:12 [INFO] 图像最小值: 0
2026-05-25 09:20:12 [INFO] 开始保存检测结果图像: 图像尺寸=(2160, 3840, 3), 类型=uint8, 路径=C:\code\show\Scrap_Steel_In_Field\photos\dangerous_det\detection_20260525_092012.jpg
2026-05-25 09:20:12 [INFO] 成功保存检测结果到: C:\code\show\Scrap_Steel_In_Field\photos\dangerous_det\detection_20260525_092012.jpg
2026-05-25 09:20:12 [INFO] 保存的检测结果文件大小: 2364358 字节
2026-05-25 09:20:12 [INFO] 引擎上下文已释放
2026-05-25 09:20:12 [INFO] TensorRT 引擎已释放
2026-05-25 09:20:12 [INFO] 全局 CUDA 资源已释放
2026-05-25 09:20:12 [INFO] 检测系统资源已释放
2026-05-25 09:20:17 [INFO] CUDA 初始化成功
2026-05-25 09:20:17 [INFO] 引擎加载成功: dangerous.engine
2026-05-25 09:20:17 [INFO] 检测系统初始化成功
2026-05-25 09:20:17 [INFO] 图像预处理完成，原始尺寸: (2160, 3840)
2026-05-25 09:20:17 [INFO] 开始执行目标检测...
2026-05-25 09:20:17 [INFO] 检测完成，找到 2 个物体
2026-05-25 09:20:17 [INFO] 物体 1: GasCyl1 (置信度: 0.91)
2026-05-25 09:20:17 [INFO] 物体 2: GasCyl1 (置信度: 0.88)
2026-05-25 09:20:17 [INFO] 检测到车兜区域，将过滤区域外的目标
2026-05-25 09:20:17 [INFO] 准备保存检测结果到: C:\code\show\Scrap_Steel_In_Field\photos\dangerous_det\detection_20260525_092017.jpg
2026-05-25 09:20:17 [INFO] 图像形状: (2160, 3840, 3)
2026-05-25 09:20:17 [INFO] 图像数据类型: uint8
2026-05-25 09:20:17 [INFO] 图像最大值: 255
2026-05-25 09:20:17 [INFO] 图像最小值: 0
2026-05-25 09:20:17 [INFO] 开始保存检测结果图像: 图像尺寸=(2160, 3840, 3), 类型=uint8, 路径=C:\code\show\Scrap_Steel_In_Field\photos\dangerous_det\detection_20260525_092017.jpg
2026-05-25 09:20:17 [INFO] 成功保存检测结果到: C:\code\show\Scrap_Steel_In_Field\photos\dangerous_det\detection_20260525_092017.jpg
2026-05-25 09:20:17 [INFO] 保存的检测结果文件大小: 2365588 字节
2026-05-25 09:20:17 [INFO] 引擎上下文已释放
2026-05-25 09:20:17 [INFO] TensorRT 引擎已释放
2026-05-25 09:20:18 [INFO] 全局 CUDA 资源已释放
2026-05-25 09:20:18 [INFO] 检测系统资源已释放
2026-05-25 09:20:22 [INFO] CUDA 初始化成功
2026-05-25 09:20:22 [INFO] 引擎加载成功: dangerous.engine
2026-05-25 09:20:22 [INFO] 检测系统初始化成功
2026-05-25 09:20:22 [INFO] 图像预处理完成，原始尺寸: (2160, 3840)
2026-05-25 09:20:22 [INFO] 开始执行目标检测...
2026-05-25 09:20:23 [INFO] 检测完成，找到 2 个物体
2026-05-25 09:20:23 [INFO] 物体 1: GasCyl1 (置信度: 0.91)
2026-05-25 09:20:23 [INFO] 物体 2: GasCyl1 (置信度: 0.88)
2026-05-25 09:20:23 [INFO] 检测到车兜区域，将过滤区域外的目标
2026-05-25 09:20:23 [INFO] 准备保存检测结果到: C:\code\show\Scrap_Steel_In_Field\photos\dangerous_det\detection_20260525_092023.jpg
2026-05-25 09:20:23 [INFO] 图像形状: (2160, 3840, 3)
2026-05-25 09:20:23 [INFO] 图像数据类型: uint8
2026-05-25 09:20:23 [INFO] 图像最大值: 255
2026-05-25 09:20:23 [INFO] 图像最小值: 0
2026-05-25 09:20:23 [INFO] 开始保存检测结果图像: 图像尺寸=(2160, 3840, 3), 类型=uint8, 路径=C:\code\show\Scrap_Steel_In_Field\photos\dangerous_det\detection_20260525_092023.jpg
2026-05-25 09:20:23 [INFO] 成功保存检测结果到: C:\code\show\Scrap_Steel_In_Field\photos\dangerous_det\detection_20260525_092023.jpg
2026-05-25 09:20:23 [INFO] 保存的检测结果文件大小: 2361471 字节
2026-05-25 09:20:23 [INFO] 引擎上下文已释放
2026-05-25 09:20:23 [INFO] TensorRT 引擎已释放
2026-05-25 09:20:23 [INFO] 全局 CUDA 资源已释放
2026-05-25 09:20:23 [INFO] 检测系统资源已释放
2026-05-25 09:20:28 [INFO] CUDA 初始化成功
2026-05-25 09:20:28 [INFO] 引擎加载成功: dangerous.engine
2026-05-25 09:20:28 [INFO] 检测系统初始化成功
2026-05-25 09:20:28 [INFO] 图像预处理完成，原始尺寸: (2160, 3840)
2026-05-25 09:20:28 [INFO] 开始执行目标检测...
2026-05-25 09:20:28 [INFO] 检测完成，找到 2 个物体
2026-05-25 09:20:28 [INFO] 物体 1: GasCyl1 (置信度: 0.91)
2026-05-25 09:20:28 [INFO] 物体 2: GasCyl1 (置信度: 0.88)
2026-05-25 09:20:28 [INFO] 检测到车兜区域，将过滤区域外的目标
2026-05-25 09:20:28 [INFO] 准备保存检测结果到: C:\code\show\Scrap_Steel_In_Field\photos\dangerous_det\detection_20260525_092028.jpg
2026-05-25 09:20:28 [INFO] 图像形状: (2160, 3840, 3)
2026-05-25 09:20:28 [INFO] 图像数据类型: uint8
2026-05-25 09:20:28 [INFO] 图像最大值: 255
2026-05-25 09:20:28 [INFO] 图像最小值: 0
2026-05-25 09:20:28 [INFO] 开始保存检测结果图像: 图像尺寸=(2160, 3840, 3), 类型=uint8, 路径=C:\code\show\Scrap_Steel_In_Field\photos\dangerous_det\detection_20260525_092028.jpg
2026-05-25 09:20:28 [INFO] 成功保存检测结果到: C:\code\show\Scrap_Steel_In_Field\photos\dangerous_det\detection_20260525_092028.jpg
2026-05-25 09:20:28 [INFO] 保存的检测结果文件大小: 2342206 字节
2026-05-25 09:20:28 [INFO] 引擎上下文已释放
2026-05-25 09:20:28 [INFO] TensorRT 引擎已释放
2026-05-25 09:20:28 [INFO] 全局 CUDA 资源已释放
2026-05-25 09:20:28 [INFO] 检测系统资源已释放
2026-05-25 09:20:33 [INFO] CUDA 初始化成功
2026-05-25 09:20:33 [INFO] 引擎加载成功: dangerous.engine
2026-05-25 09:20:33 [INFO] 检测系统初始化成功
2026-05-25 09:20:33 [INFO] 图像预处理完成，原始尺寸: (2160, 3840)
2026-05-25 09:20:33 [INFO] 开始执行目标检测...
2026-05-25 09:20:33 [INFO] 检测完成，找到 2 个物体
2026-05-25 09:20:33 [INFO] 物体 1: GasCyl1 (置信度: 0.91)
2026-05-25 09:20:33 [INFO] 物体 2: GasCyl1 (置信度: 0.87)
2026-05-25 09:20:33 [INFO] 检测到车兜区域，将过滤区域外的目标
2026-05-25 09:20:33 [INFO] 准备保存检测结果到: C:\code\show\Scrap_Steel_In_Field\photos\dangerous_det\detection_20260525_092033.jpg
2026-05-25 09:20:33 [INFO] 图像形状: (2160, 3840, 3)
2026-05-25 09:20:33 [INFO] 图像数据类型: uint8
2026-05-25 09:20:33 [INFO] 图像最大值: 255
2026-05-25 09:20:33 [INFO] 图像最小值: 0
2026-05-25 09:20:33 [INFO] 开始保存检测结果图像: 图像尺寸=(2160, 3840, 3), 类型=uint8, 路径=C:\code\show\Scrap_Steel_In_Field\photos\dangerous_det\detection_20260525_092033.jpg
2026-05-25 09:20:33 [INFO] 成功保存检测结果到: C:\code\show\Scrap_Steel_In_Field\photos\dangerous_det\detection_20260525_092033.jpg
2026-05-25 09:20:33 [INFO] 保存的检测结果文件大小: 2339499 字节
2026-05-25 09:20:33 [INFO] 引擎上下文已释放
2026-05-25 09:20:33 [INFO] TensorRT 引擎已释放
2026-05-25 09:20:33 [INFO] 全局 CUDA 资源已释放
2026-05-25 09:20:33 [INFO] 检测系统资源已释放
2026-05-25 09:20:38 [INFO] CUDA 初始化成功
2026-05-25 09:20:38 [INFO] 引擎加载成功: dangerous.engine
2026-05-25 09:20:38 [INFO] 检测系统初始化成功
2026-05-25 09:20:38 [INFO] 图像预处理完成，原始尺寸: (2160, 3840)
2026-05-25 09:20:38 [INFO] 开始执行目标检测...
2026-05-25 09:20:38 [INFO] 检测完成，找到 2 个物体
2026-05-25 09:20:38 [INFO] 物体 1: GasCyl1 (置信度: 0.91)
2026-05-25 09:20:38 [INFO] 物体 2: GasCyl1 (置信度: 0.88)
2026-05-25 09:20:38 [INFO] 检测到车兜区域，将过滤区域外的目标
2026-05-25 09:20:38 [INFO] 准备保存检测结果到: C:\code\show\Scrap_Steel_In_Field\photos\dangerous_det\detection_20260525_092038.jpg
2026-05-25 09:20:38 [INFO] 图像形状: (2160, 3840, 3)
2026-05-25 09:20:38 [INFO] 图像数据类型: uint8
2026-05-25 09:20:38 [INFO] 图像最大值: 255
2026-05-25 09:20:38 [INFO] 图像最小值: 0
2026-05-25 09:20:38 [INFO] 开始保存检测结果图像: 图像尺寸=(2160, 3840, 3), 类型=uint8, 路径=C:\code\show\Scrap_Steel_In_Field\photos\dangerous_det\detection_20260525_092038.jpg
2026-05-25 09:20:38 [INFO] 成功保存检测结果到: C:\code\show\Scrap_Steel_In_Field\photos\dangerous_det\detection_20260525_092038.jpg
2026-05-25 09:20:38 [INFO] 保存的检测结果文件大小: 2274855 字节
2026-05-25 09:20:38 [INFO] 引擎上下文已释放
2026-05-25 09:20:38 [INFO] TensorRT 引擎已释放
2026-05-25 09:20:38 [INFO] 全局 CUDA 资源已释放
2026-05-25 09:20:38 [INFO] 检测系统资源已释放
2026-05-25 09:20:43 [INFO] CUDA 初始化成功
2026-05-25 09:20:43 [INFO] 引擎加载成功: dangerous.engine
2026-05-25 09:20:43 [INFO] 检测系统初始化成功
2026-05-25 09:20:43 [INFO] 图像预处理完成，原始尺寸: (2160, 3840)
2026-05-25 09:20:43 [INFO] 开始执行目标检测...
2026-05-25 09:20:43 [INFO] 检测完成，找到 2 个物体
2026-05-25 09:20:43 [INFO] 物体 1: GasCyl1 (置信度: 0.91)
2026-05-25 09:20:43 [INFO] 物体 2: GasCyl1 (置信度: 0.87)
2026-05-25 09:20:43 [INFO] 检测到车兜区域，将过滤区域外的目标
2026-05-25 09:20:43 [INFO] 准备保存检测结果到: C:\code\show\Scrap_Steel_In_Field\photos\dangerous_det\detection_20260525_092043.jpg
2026-05-25 09:20:43 [INFO] 图像形状: (2160, 3840, 3)
2026-05-25 09:20:43 [INFO] 图像数据类型: uint8
2026-05-25 09:20:43 [INFO] 图像最大值: 255
2026-05-25 09:20:43 [INFO] 图像最小值: 0
2026-05-25 09:20:43 [INFO] 开始保存检测结果图像: 图像尺寸=(2160, 3840, 3), 类型=uint8, 路径=C:\code\show\Scrap_Steel_In_Field\photos\dangerous_det\detection_20260525_092043.jpg
2026-05-25 09:20:43 [INFO] 成功保存检测结果到: C:\code\show\Scrap_Steel_In_Field\photos\dangerous_det\detection_20260525_092043.jpg
2026-05-25 09:20:43 [INFO] 保存的检测结果文件大小: 2357988 字节
2026-05-25 09:20:43 [INFO] 引擎上下文已释放
2026-05-25 09:20:43 [INFO] TensorRT 引擎已释放
2026-05-25 09:20:43 [INFO] 全局 CUDA 资源已释放
2026-05-25 09:20:43 [INFO] 检测系统资源已释放
2026-05-25 09:20:48 [INFO] CUDA 初始化成功
2026-05-25 09:20:48 [INFO] 引擎加载成功: dangerous.engine
2026-05-25 09:20:49 [INFO] 检测系统初始化成功
2026-05-25 09:20:49 [INFO] 图像预处理完成，原始尺寸: (2160, 3840)
2026-05-25 09:20:49 [INFO] 开始执行目标检测...
2026-05-25 09:20:49 [INFO] 检测完成，找到 2 个物体
2026-05-25 09:20:49 [INFO] 物体 1: GasCyl1 (置信度: 0.91)
2026-05-25 09:20:49 [INFO] 物体 2: GasCyl1 (置信度: 0.88)
2026-05-25 09:20:49 [INFO] 检测到车兜区域，将过滤区域外的目标
2026-05-25 09:20:49 [INFO] 准备保存检测结果到: C:\code\show\Scrap_Steel_In_Field\photos\dangerous_det\detection_20260525_092049.jpg
2026-05-25 09:20:49 [INFO] 图像形状: (2160, 3840, 3)
2026-05-25 09:20:49 [INFO] 图像数据类型: uint8
2026-05-25 09:20:49 [INFO] 图像最大值: 255
2026-05-25 09:20:49 [INFO] 图像最小值: 0
2026-05-25 09:20:49 [INFO] 开始保存检测结果图像: 图像尺寸=(2160, 3840, 3), 类型=uint8, 路径=C:\code\show\Scrap_Steel_In_Field\photos\dangerous_det\detection_20260525_092049.jpg
2026-05-25 09:20:49 [INFO] 成功保存检测结果到: C:\code\show\Scrap_Steel_In_Field\photos\dangerous_det\detection_20260525_092049.jpg
2026-05-25 09:20:49 [INFO] 保存的检测结果文件大小: 2360200 字节
2026-05-25 09:20:49 [INFO] 引擎上下文已释放
2026-05-25 09:20:49 [INFO] TensorRT 引擎已释放
2026-05-25 09:20:49 [INFO] 全局 CUDA 资源已释放
2026-05-25 09:20:49 [INFO] 检测系统资源已释放
2026-05-25 09:20:53 [INFO] CUDA 初始化成功
2026-05-25 09:20:53 [INFO] 引擎加载成功: dangerous.engine
2026-05-25 09:20:53 [INFO] 检测系统初始化成功
2026-05-25 09:20:53 [INFO] 图像预处理完成，原始尺寸: (2160, 3840)
2026-05-25 09:20:53 [INFO] 开始执行目标检测...
2026-05-25 09:20:53 [INFO] 检测完成，找到 2 个物体
2026-05-25 09:20:53 [INFO] 物体 1: GasCyl1 (置信度: 0.92)
2026-05-25 09:20:53 [INFO] 物体 2: GasCyl1 (置信度: 0.88)
2026-05-25 09:20:53 [INFO] 检测到车兜区域，将过滤区域外的目标
2026-05-25 09:20:53 [INFO] 准备保存检测结果到: C:\code\show\Scrap_Steel_In_Field\photos\dangerous_det\detection_20260525_092053.jpg
2026-05-25 09:20:53 [INFO] 图像形状: (2160, 3840, 3)
2026-05-25 09:20:53 [INFO] 图像数据类型: uint8
2026-05-25 09:20:53 [INFO] 图像最大值: 255
2026-05-25 09:20:53 [INFO] 图像最小值: 0
2026-05-25 09:20:53 [INFO] 开始保存检测结果图像: 图像尺寸=(2160, 3840, 3), 类型=uint8, 路径=C:\code\show\Scrap_Steel_In_Field\photos\dangerous_det\detection_20260525_092053.jpg
2026-05-25 09:20:53 [INFO] 成功保存检测结果到: C:\code\show\Scrap_Steel_In_Field\photos\dangerous_det\detection_20260525_092053.jpg
2026-05-25 09:20:53 [INFO] 保存的检测结果文件大小: 2362141 字节
2026-05-25 09:20:53 [INFO] 引擎上下文已释放
2026-05-25 09:20:53 [INFO] TensorRT 引擎已释放
2026-05-25 09:20:53 [INFO] 全局 CUDA 资源已释放
2026-05-25 09:20:53 [INFO] 检测系统资源已释放
2026-05-25 09:20:58 [INFO] CUDA 初始化成功
2026-05-25 09:20:58 [INFO] 引擎加载成功: dangerous.engine
2026-05-25 09:20:58 [INFO] 检测系统初始化成功
2026-05-25 09:20:58 [INFO] 图像预处理完成，原始尺寸: (2160, 3840)
2026-05-25 09:20:58 [INFO] 开始执行目标检测...
2026-05-25 09:20:58 [INFO] 检测完成，找到 2 个物体
2026-05-25 09:20:58 [INFO] 物体 1: GasCyl1 (置信度: 0.91)
2026-05-25 09:20:58 [INFO] 物体 2: GasCyl1 (置信度: 0.87)
2026-05-25 09:20:58 [INFO] 检测到车兜区域，将过滤区域外的目标
2026-05-25 09:20:58 [INFO] 准备保存检测结果到: C:\code\show\Scrap_Steel_In_Field\photos\dangerous_det\detection_20260525_092058.jpg
2026-05-25 09:20:58 [INFO] 图像形状: (2160, 3840, 3)
2026-05-25 09:20:58 [INFO] 图像数据类型: uint8
2026-05-25 09:20:58 [INFO] 图像最大值: 255
2026-05-25 09:20:58 [INFO] 图像最小值: 0
2026-05-25 09:20:58 [INFO] 开始保存检测结果图像: 图像尺寸=(2160, 3840, 3), 类型=uint8, 路径=C:\code\show\Scrap_Steel_In_Field\photos\dangerous_det\detection_20260525_092058.jpg
2026-05-25 09:20:58 [INFO] 成功保存检测结果到: C:\code\show\Scrap_Steel_In_Field\photos\dangerous_det\detection_20260525_092058.jpg
2026-05-25 09:20:58 [INFO] 保存的检测结果文件大小: 2361925 字节
2026-05-25 09:20:58 [INFO] 引擎上下文已释放
2026-05-25 09:20:58 [INFO] TensorRT 引擎已释放
2026-05-25 09:20:58 [INFO] 全局 CUDA 资源已释放
2026-05-25 09:20:58 [INFO] 检测系统资源已释放
2026-05-25 09:21:04 [INFO] CUDA 初始化成功
2026-05-25 09:21:04 [INFO] 引擎加载成功: dangerous.engine
2026-05-25 09:21:04 [INFO] 检测系统初始化成功
2026-05-25 09:21:04 [INFO] 图像预处理完成，原始尺寸: (2160, 3840)
2026-05-25 09:21:04 [INFO] 开始执行目标检测...
2026-05-25 09:21:04 [INFO] 检测完成，找到 2 个物体
2026-05-25 09:21:04 [INFO] 物体 1: GasCyl1 (置信度: 0.91)
2026-05-25 09:21:04 [INFO] 物体 2: GasCyl1 (置信度: 0.88)
2026-05-25 09:21:04 [INFO] 检测到车兜区域，将过滤区域外的目标
2026-05-25 09:21:04 [INFO] 准备保存检测结果到: C:\code\show\Scrap_Steel_In_Field\photos\dangerous_det\detection_20260525_092104.jpg
2026-05-25 09:21:04 [INFO] 图像形状: (2160, 3840, 3)
2026-05-25 09:21:04 [INFO] 图像数据类型: uint8
2026-05-25 09:21:04 [INFO] 图像最大值: 255
2026-05-25 09:21:04 [INFO] 图像最小值: 0
2026-05-25 09:21:04 [INFO] 开始保存检测结果图像: 图像尺寸=(2160, 3840, 3), 类型=uint8, 路径=C:\code\show\Scrap_Steel_In_Field\photos\dangerous_det\detection_20260525_092104.jpg
2026-05-25 09:21:04 [INFO] 成功保存检测结果到: C:\code\show\Scrap_Steel_In_Field\photos\dangerous_det\detection_20260525_092104.jpg
2026-05-25 09:21:04 [INFO] 保存的检测结果文件大小: 2364050 字节
2026-05-25 09:21:04 [INFO] 引擎上下文已释放
2026-05-25 09:21:04 [INFO] TensorRT 引擎已释放
2026-05-25 09:21:04 [INFO] 全局 CUDA 资源已释放
2026-05-25 09:21:04 [INFO] 检测系统资源已释放
2026-05-25 09:21:09 [INFO] CUDA 初始化成功
2026-05-25 09:21:09 [INFO] 引擎加载成功: dangerous.engine
2026-05-25 09:21:09 [INFO] 检测系统初始化成功
2026-05-25 09:21:09 [INFO] 图像预处理完成，原始尺寸: (2160, 3840)
2026-05-25 09:21:09 [INFO] 开始执行目标检测...
2026-05-25 09:21:09 [INFO] 检测完成，找到 2 个物体
2026-05-25 09:21:09 [INFO] 物体 1: GasCyl1 (置信度: 0.92)
2026-05-25 09:21:09 [INFO] 物体 2: GasCyl1 (置信度: 0.87)
2026-05-25 09:21:09 [INFO] 检测到车兜区域，将过滤区域外的目标
2026-05-25 09:21:09 [INFO] 准备保存检测结果到: C:\code\show\Scrap_Steel_In_Field\photos\dangerous_det\detection_20260525_092109.jpg
2026-05-25 09:21:09 [INFO] 图像形状: (2160, 3840, 3)
2026-05-25 09:21:09 [INFO] 图像数据类型: uint8
2026-05-25 09:21:09 [INFO] 图像最大值: 255
2026-05-25 09:21:09 [INFO] 图像最小值: 0
2026-05-25 09:21:09 [INFO] 开始保存检测结果图像: 图像尺寸=(2160, 3840, 3), 类型=uint8, 路径=C:\code\show\Scrap_Steel_In_Field\photos\dangerous_det\detection_20260525_092109.jpg
2026-05-25 09:21:09 [INFO] 成功保存检测结果到: C:\code\show\Scrap_Steel_In_Field\photos\dangerous_det\detection_20260525_092109.jpg
2026-05-25 09:21:09 [INFO] 保存的检测结果文件大小: 2375838 字节
2026-05-25 09:21:09 [INFO] 引擎上下文已释放
2026-05-25 09:21:09 [INFO] TensorRT 引擎已释放
2026-05-25 09:21:09 [INFO] 全局 CUDA 资源已释放
2026-05-25 09:21:09 [INFO] 检测系统资源已释放
2026-05-25 09:21:14 [INFO] CUDA 初始化成功
2026-05-25 09:21:14 [INFO] 引擎加载成功: dangerous.engine
2026-05-25 09:21:14 [INFO] 检测系统初始化成功
2026-05-25 09:21:14 [INFO] 图像预处理完成，原始尺寸: (2160, 3840)
2026-05-25 09:21:14 [INFO] 开始执行目标检测...
2026-05-25 09:21:14 [INFO] 检测完成，找到 2 个物体
2026-05-25 09:21:14 [INFO] 物体 1: GasCyl1 (置信度: 0.92)
2026-05-25 09:21:14 [INFO] 物体 2: GasCyl1 (置信度: 0.89)
2026-05-25 09:21:14 [INFO] 检测到车兜区域，将过滤区域外的目标
2026-05-25 09:21:14 [INFO] 准备保存检测结果到: C:\code\show\Scrap_Steel_In_Field\photos\dangerous_det\detection_20260525_092114.jpg
2026-05-25 09:21:14 [INFO] 图像形状: (2160, 3840, 3)
2026-05-25 09:21:14 [INFO] 图像数据类型: uint8
2026-05-25 09:21:14 [INFO] 图像最大值: 255
2026-05-25 09:21:14 [INFO] 图像最小值: 0
2026-05-25 09:21:14 [INFO] 开始保存检测结果图像: 图像尺寸=(2160, 3840, 3), 类型=uint8, 路径=C:\code\show\Scrap_Steel_In_Field\photos\dangerous_det\detection_20260525_092114.jpg
2026-05-25 09:21:14 [INFO] 成功保存检测结果到: C:\code\show\Scrap_Steel_In_Field\photos\dangerous_det\detection_20260525_092114.jpg
2026-05-25 09:21:14 [INFO] 保存的检测结果文件大小: 2361821 字节
2026-05-25 09:21:14 [INFO] 引擎上下文已释放
2026-05-25 09:21:14 [INFO] TensorRT 引擎已释放
2026-05-25 09:21:14 [INFO] 全局 CUDA 资源已释放
2026-05-25 09:21:14 [INFO] 检测系统资源已释放
2026-05-25 09:21:19 [INFO] CUDA 初始化成功
2026-05-25 09:21:19 [INFO] 引擎加载成功: dangerous.engine
2026-05-25 09:21:19 [INFO] 检测系统初始化成功
2026-05-25 09:21:19 [INFO] 图像预处理完成，原始尺寸: (2160, 3840)
2026-05-25 09:21:19 [INFO] 开始执行目标检测...
2026-05-25 09:21:19 [INFO] 检测完成，找到 2 个物体
2026-05-25 09:21:19 [INFO] 物体 1: GasCyl1 (置信度: 0.90)
2026-05-25 09:21:19 [INFO] 物体 2: GasCyl1 (置信度: 0.86)
2026-05-25 09:21:19 [INFO] 检测到车兜区域，将过滤区域外的目标
2026-05-25 09:21:19 [INFO] 准备保存检测结果到: C:\code\show\Scrap_Steel_In_Field\photos\dangerous_det\detection_20260525_092119.jpg
2026-05-25 09:21:19 [INFO] 图像形状: (2160, 3840, 3)
2026-05-25 09:21:19 [INFO] 图像数据类型: uint8
2026-05-25 09:21:19 [INFO] 图像最大值: 255
2026-05-25 09:21:19 [INFO] 图像最小值: 0
2026-05-25 09:21:19 [INFO] 开始保存检测结果图像: 图像尺寸=(2160, 3840, 3), 类型=uint8, 路径=C:\code\show\Scrap_Steel_In_Field\photos\dangerous_det\detection_20260525_092119.jpg
2026-05-25 09:21:19 [INFO] 成功保存检测结果到: C:\code\show\Scrap_Steel_In_Field\photos\dangerous_det\detection_20260525_092119.jpg
2026-05-25 09:21:19 [INFO] 保存的检测结果文件大小: 2364629 字节
2026-05-25 09:21:19 [INFO] 引擎上下文已释放
2026-05-25 09:21:19 [INFO] TensorRT 引擎已释放
2026-05-25 09:21:19 [INFO] 全局 CUDA 资源已释放
2026-05-25 09:21:19 [INFO] 检测系统资源已释放
2026-05-25 09:21:24 [INFO] CUDA 初始化成功
2026-05-25 09:21:24 [INFO] 引擎加载成功: dangerous.engine
2026-05-25 09:21:24 [INFO] 检测系统初始化成功
2026-05-25 09:21:24 [INFO] 图像预处理完成，原始尺寸: (2160, 3840)
2026-05-25 09:21:24 [INFO] 开始执行目标检测...
2026-05-25 09:21:24 [INFO] 检测完成，找到 2 个物体
2026-05-25 09:21:24 [INFO] 物体 1: GasCyl1 (置信度: 0.91)
2026-05-25 09:21:24 [INFO] 物体 2: GasCyl1 (置信度: 0.86)
2026-05-25 09:21:24 [INFO] 检测到车兜区域，将过滤区域外的目标
2026-05-25 09:21:24 [INFO] 准备保存检测结果到: C:\code\show\Scrap_Steel_In_Field\photos\dangerous_det\detection_20260525_092124.jpg
2026-05-25 09:21:24 [INFO] 图像形状: (2160, 3840, 3)
2026-05-25 09:21:24 [INFO] 图像数据类型: uint8
2026-05-25 09:21:24 [INFO] 图像最大值: 255
2026-05-25 09:21:24 [INFO] 图像最小值: 0
2026-05-25 09:21:24 [INFO] 开始保存检测结果图像: 图像尺寸=(2160, 3840, 3), 类型=uint8, 路径=C:\code\show\Scrap_Steel_In_Field\photos\dangerous_det\detection_20260525_092124.jpg
2026-05-25 09:21:24 [INFO] 成功保存检测结果到: C:\code\show\Scrap_Steel_In_Field\photos\dangerous_det\detection_20260525_092124.jpg
2026-05-25 09:21:24 [INFO] 保存的检测结果文件大小: 2353585 字节
2026-05-25 09:21:24 [INFO] 引擎上下文已释放
2026-05-25 09:21:24 [INFO] TensorRT 引擎已释放
2026-05-25 09:21:24 [INFO] 全局 CUDA 资源已释放
2026-05-25 09:21:24 [INFO] 检测系统资源已释放
2026-05-25 09:21:29 [INFO] CUDA 初始化成功
2026-05-25 09:21:29 [INFO] 引擎加载成功: dangerous.engine
2026-05-25 09:21:29 [INFO] 检测系统初始化成功
2026-05-25 09:21:29 [INFO] 图像预处理完成，原始尺寸: (2160, 3840)
2026-05-25 09:21:29 [INFO] 开始执行目标检测...
2026-05-25 09:21:29 [INFO] 检测完成，找到 2 个物体
2026-05-25 09:21:29 [INFO] 物体 1: GasCyl1 (置信度: 0.90)
2026-05-25 09:21:29 [INFO] 物体 2: GasCyl1 (置信度: 0.88)
2026-05-25 09:21:29 [INFO] 检测到车兜区域，将过滤区域外的目标
2026-05-25 09:21:29 [INFO] 准备保存检测结果到: C:\code\show\Scrap_Steel_In_Field\photos\dangerous_det\detection_20260525_092129.jpg
2026-05-25 09:21:29 [INFO] 图像形状: (2160, 3840, 3)
2026-05-25 09:21:29 [INFO] 图像数据类型: uint8
2026-05-25 09:21:29 [INFO] 图像最大值: 255
2026-05-25 09:21:29 [INFO] 图像最小值: 0
2026-05-25 09:21:29 [INFO] 开始保存检测结果图像: 图像尺寸=(2160, 3840, 3), 类型=uint8, 路径=C:\code\show\Scrap_Steel_In_Field\photos\dangerous_det\detection_20260525_092129.jpg
2026-05-25 09:21:29 [INFO] 成功保存检测结果到: C:\code\show\Scrap_Steel_In_Field\photos\dangerous_det\detection_20260525_092129.jpg
2026-05-25 09:21:29 [INFO] 保存的检测结果文件大小: 2360255 字节
2026-05-25 09:21:29 [INFO] 引擎上下文已释放
2026-05-25 09:21:29 [INFO] TensorRT 引擎已释放
2026-05-25 09:21:29 [INFO] 全局 CUDA 资源已释放
2026-05-25 09:21:29 [INFO] 检测系统资源已释放
2026-05-25 09:21:34 [INFO] CUDA 初始化成功
2026-05-25 09:21:34 [INFO] 引擎加载成功: dangerous.engine
2026-05-25 09:21:34 [INFO] 检测系统初始化成功
2026-05-25 09:21:34 [INFO] 图像预处理完成，原始尺寸: (2160, 3840)
2026-05-25 09:21:34 [INFO] 开始执行目标检测...
2026-05-25 09:21:34 [INFO] 检测完成，找到 2 个物体
2026-05-25 09:21:34 [INFO] 物体 1: GasCyl1 (置信度: 0.91)
2026-05-25 09:21:34 [INFO] 物体 2: GasCyl1 (置信度: 0.88)
2026-05-25 09:21:34 [INFO] 检测到车兜区域，将过滤区域外的目标
2026-05-25 09:21:34 [INFO] 准备保存检测结果到: C:\code\show\Scrap_Steel_In_Field\photos\dangerous_det\detection_20260525_092134.jpg
2026-05-25 09:21:34 [INFO] 图像形状: (2160, 3840, 3)
2026-05-25 09:21:34 [INFO] 图像数据类型: uint8
2026-05-25 09:21:34 [INFO] 图像最大值: 255
2026-05-25 09:21:34 [INFO] 图像最小值: 0
2026-05-25 09:21:34 [INFO] 开始保存检测结果图像: 图像尺寸=(2160, 3840, 3), 类型=uint8, 路径=C:\code\show\Scrap_Steel_In_Field\photos\dangerous_det\detection_20260525_092134.jpg
2026-05-25 09:21:34 [INFO] 成功保存检测结果到: C:\code\show\Scrap_Steel_In_Field\photos\dangerous_det\detection_20260525_092134.jpg
2026-05-25 09:21:34 [INFO] 保存的检测结果文件大小: 2357887 字节
2026-05-25 09:21:34 [INFO] 引擎上下文已释放
2026-05-25 09:21:34 [INFO] TensorRT 引擎已释放
2026-05-25 09:21:34 [INFO] 全局 CUDA 资源已释放
2026-05-25 09:21:34 [INFO] 检测系统资源已释放
2026-05-25 09:21:39 [INFO] CUDA 初始化成功
2026-05-25 09:21:39 [INFO] 引擎加载成功: dangerous.engine
2026-05-25 09:21:39 [INFO] 检测系统初始化成功
2026-05-25 09:21:39 [INFO] 图像预处理完成，原始尺寸: (2160, 3840)
2026-05-25 09:21:39 [INFO] 开始执行目标检测...
2026-05-25 09:21:39 [INFO] 检测完成，找到 2 个物体
2026-05-25 09:21:39 [INFO] 物体 1: GasCyl1 (置信度: 0.91)
2026-05-25 09:21:39 [INFO] 物体 2: GasCyl1 (置信度: 0.86)
2026-05-25 09:21:39 [INFO] 检测到车兜区域，将过滤区域外的目标
2026-05-25 09:21:39 [INFO] 准备保存检测结果到: C:\code\show\Scrap_Steel_In_Field\photos\dangerous_det\detection_20260525_092139.jpg
2026-05-25 09:21:39 [INFO] 图像形状: (2160, 3840, 3)
2026-05-25 09:21:39 [INFO] 图像数据类型: uint8
2026-05-25 09:21:39 [INFO] 图像最大值: 255
2026-05-25 09:21:39 [INFO] 图像最小值: 0
2026-05-25 09:21:39 [INFO] 开始保存检测结果图像: 图像尺寸=(2160, 3840, 3), 类型=uint8, 路径=C:\code\show\Scrap_Steel_In_Field\photos\dangerous_det\detection_20260525_092139.jpg
2026-05-25 09:21:39 [INFO] 成功保存检测结果到: C:\code\show\Scrap_Steel_In_Field\photos\dangerous_det\detection_20260525_092139.jpg
2026-05-25 09:21:39 [INFO] 保存的检测结果文件大小: 2358953 字节
2026-05-25 09:21:39 [INFO] 引擎上下文已释放
2026-05-25 09:21:39 [INFO] TensorRT 引擎已释放
2026-05-25 09:21:39 [INFO] 全局 CUDA 资源已释放
2026-05-25 09:21:39 [INFO] 检测系统资源已释放
2026-05-25 09:21:45 [INFO] CUDA 初始化成功
2026-05-25 09:21:45 [INFO] 引擎加载成功: dangerous.engine
2026-05-25 09:21:45 [INFO] 检测系统初始化成功
2026-05-25 09:21:45 [INFO] 图像预处理完成，原始尺寸: (2160, 3840)
2026-05-25 09:21:45 [INFO] 开始执行目标检测...
2026-05-25 09:21:45 [INFO] 检测完成，找到 2 个物体
2026-05-25 09:21:45 [INFO] 物体 1: GasCyl1 (置信度: 0.90)
2026-05-25 09:21:45 [INFO] 物体 2: GasCyl1 (置信度: 0.86)
2026-05-25 09:21:45 [INFO] 检测到车兜区域，将过滤区域外的目标
2026-05-25 09:21:45 [INFO] 准备保存检测结果到: C:\code\show\Scrap_Steel_In_Field\photos\dangerous_det\detection_20260525_092145.jpg
2026-05-25 09:21:45 [INFO] 图像形状: (2160, 3840, 3)
2026-05-25 09:21:45 [INFO] 图像数据类型: uint8
2026-05-25 09:21:45 [INFO] 图像最大值: 255
2026-05-25 09:21:45 [INFO] 图像最小值: 0
2026-05-25 09:21:45 [INFO] 开始保存检测结果图像: 图像尺寸=(2160, 3840, 3), 类型=uint8, 路径=C:\code\show\Scrap_Steel_In_Field\photos\dangerous_det\detection_20260525_092145.jpg
2026-05-25 09:21:45 [INFO] 成功保存检测结果到: C:\code\show\Scrap_Steel_In_Field\photos\dangerous_det\detection_20260525_092145.jpg
2026-05-25 09:21:45 [INFO] 保存的检测结果文件大小: 2357334 字节
2026-05-25 09:21:45 [INFO] 引擎上下文已释放
2026-05-25 09:21:45 [INFO] TensorRT 引擎已释放
2026-05-25 09:21:45 [INFO] 全局 CUDA 资源已释放
2026-05-25 09:21:45 [INFO] 检测系统资源已释放
2026-05-25 09:21:50 [INFO] CUDA 初始化成功
2026-05-25 09:21:50 [INFO] 引擎加载成功: dangerous.engine
2026-05-25 09:21:50 [INFO] 检测系统初始化成功
2026-05-25 09:21:50 [INFO] 图像预处理完成，原始尺寸: (2160, 3840)
2026-05-25 09:21:50 [INFO] 开始执行目标检测...
2026-05-25 09:21:50 [INFO] 检测完成，找到 2 个物体
2026-05-25 09:21:50 [INFO] 物体 1: GasCyl1 (置信度: 0.90)
2026-05-25 09:21:50 [INFO] 物体 2: GasCyl1 (置信度: 0.87)
2026-05-25 09:21:50 [INFO] 检测到车兜区域，将过滤区域外的目标
2026-05-25 09:21:50 [INFO] 准备保存检测结果到: C:\code\show\Scrap_Steel_In_Field\photos\dangerous_det\detection_20260525_092150.jpg
2026-05-25 09:21:50 [INFO] 图像形状: (2160, 3840, 3)
2026-05-25 09:21:50 [INFO] 图像数据类型: uint8
2026-05-25 09:21:50 [INFO] 图像最大值: 255
2026-05-25 09:21:50 [INFO] 图像最小值: 0
2026-05-25 09:21:50 [INFO] 开始保存检测结果图像: 图像尺寸=(2160, 3840, 3), 类型=uint8, 路径=C:\code\show\Scrap_Steel_In_Field\photos\dangerous_det\detection_20260525_092150.jpg
2026-05-25 09:21:50 [INFO] 成功保存检测结果到: C:\code\show\Scrap_Steel_In_Field\photos\dangerous_det\detection_20260525_092150.jpg
2026-05-25 09:21:50 [INFO] 保存的检测结果文件大小: 2357082 字节
2026-05-25 09:21:50 [INFO] 引擎上下文已释放
2026-05-25 09:21:50 [INFO] TensorRT 引擎已释放
2026-05-25 09:21:50 [INFO] 全局 CUDA 资源已释放
2026-05-25 09:21:50 [INFO] 检测系统资源已释放
