2026-05-21 10:21:57 [INFO] CUDA 初始化成功
2026-05-21 10:21:57 [INFO] 引擎加载成功: dangerous.engine
2026-05-21 10:21:57 [INFO] 检测系统初始化成功
2026-05-21 10:22:00 [INFO] 引擎加载成功: dangerous.engine
2026-05-21 10:22:00 [INFO] 检测系统初始化成功
2026-05-21 10:22:00 [INFO] 图像预处理完成，原始尺寸: (2160, 3840)
2026-05-21 10:22:00 [INFO] 开始执行目标检测...
2026-05-21 10:22:00 [INFO] 检测完成，找到 0 个物体
2026-05-21 10:22:00 [INFO] 检测到车兜区域，将过滤区域外的目标
2026-05-21 10:22:00 [INFO] 引擎上下文已释放
2026-05-21 10:22:00 [INFO] TensorRT 引擎已释放
2026-05-21 10:22:00 [INFO] 全局 CUDA 资源已释放
2026-05-21 10:22:00 [INFO] 检测系统资源已释放
2026-05-21 10:22:06 [INFO] CUDA 初始化成功
2026-05-21 10:22:06 [INFO] 引擎加载成功: dangerous.engine
2026-05-21 10:22:06 [INFO] 检测系统初始化成功
2026-05-21 10:22:06 [INFO] 图像预处理完成，原始尺寸: (2160, 3840)
2026-05-21 10:22:06 [INFO] 开始执行目标检测...
2026-05-21 10:22:06 [INFO] 检测完成，找到 4 个物体
2026-05-21 10:22:06 [INFO] 物体 1: GasCyl1 (置信度: 0.88)
2026-05-21 10:22:06 [INFO] 物体 2: GasCyl1 (置信度: 0.59)
2026-05-21 10:22:06 [INFO] 物体 3: FireExt1 (置信度: 0.49)
2026-05-21 10:22:06 [INFO] 物体 4: FireExt1 (置信度: 0.28)
2026-05-21 10:22:06 [INFO] 检测到车兜区域，将过滤区域外的目标
2026-05-21 10:22:06 [INFO] 车兜区域过滤: 4 -> 2 个目标
2026-05-21 10:22:06 [INFO] 准备保存检测结果到: C:\code\show\Scrap_Steel_In_Field\photos\dangerous_det\detection_20260521_102206.jpg
2026-05-21 10:22:06 [INFO] 图像形状: (2160, 3840, 3)
2026-05-21 10:22:06 [INFO] 图像数据类型: uint8
2026-05-21 10:22:06 [INFO] 图像最大值: 255
2026-05-21 10:22:06 [INFO] 图像最小值: 0
2026-05-21 10:22:06 [INFO] 开始保存检测结果图像: 图像尺寸=(2160, 3840, 3), 类型=uint8, 路径=C:\code\show\Scrap_Steel_In_Field\photos\dangerous_det\detection_20260521_102206.jpg
2026-05-21 10:22:06 [INFO] 成功保存检测结果到: C:\code\show\Scrap_Steel_In_Field\photos\dangerous_det\detection_20260521_102206.jpg
2026-05-21 10:22:06 [INFO] 保存的检测结果文件大小: 2487434 字节
2026-05-21 10:22:06 [INFO] 引擎上下文已释放
2026-05-21 10:22:06 [INFO] TensorRT 引擎已释放
2026-05-21 10:22:06 [INFO] 全局 CUDA 资源已释放
2026-05-21 10:22:06 [INFO] 检测系统资源已释放
2026-05-21 10:22:11 [INFO] CUDA 初始化成功
2026-05-21 10:22:11 [INFO] 引擎加载成功: dangerous.engine
2026-05-21 10:22:11 [INFO] 检测系统初始化成功
2026-05-21 10:22:11 [INFO] 图像预处理完成，原始尺寸: (2160, 3840)
2026-05-21 10:22:11 [INFO] 开始执行目标检测...
2026-05-21 10:22:11 [INFO] 检测完成，找到 3 个物体
2026-05-21 10:22:11 [INFO] 物体 1: GasCyl1 (置信度: 0.88)
2026-05-21 10:22:11 [INFO] 物体 2: GasCyl1 (置信度: 0.76)
2026-05-21 10:22:11 [INFO] 物体 3: GasCyl1 (置信度: 0.50)
2026-05-21 10:22:11 [INFO] 检测到车兜区域，将过滤区域外的目标
2026-05-21 10:22:11 [INFO] 车兜区域过滤: 3 -> 2 个目标
2026-05-21 10:22:11 [INFO] 准备保存检测结果到: C:\code\show\Scrap_Steel_In_Field\photos\dangerous_det\detection_20260521_102211.jpg
2026-05-21 10:22:11 [INFO] 图像形状: (2160, 3840, 3)
2026-05-21 10:22:11 [INFO] 图像数据类型: uint8
2026-05-21 10:22:11 [INFO] 图像最大值: 255
2026-05-21 10:22:11 [INFO] 图像最小值: 0
2026-05-21 10:22:11 [INFO] 开始保存检测结果图像: 图像尺寸=(2160, 3840, 3), 类型=uint8, 路径=C:\code\show\Scrap_Steel_In_Field\photos\dangerous_det\detection_20260521_102211.jpg
2026-05-21 10:22:12 [INFO] 成功保存检测结果到: C:\code\show\Scrap_Steel_In_Field\photos\dangerous_det\detection_20260521_102211.jpg
2026-05-21 10:22:12 [INFO] 保存的检测结果文件大小: 2489484 字节
2026-05-21 10:22:12 [INFO] 引擎上下文已释放
2026-05-21 10:22:12 [INFO] TensorRT 引擎已释放
2026-05-21 10:22:12 [INFO] 全局 CUDA 资源已释放
2026-05-21 10:22:12 [INFO] 检测系统资源已释放
2026-05-21 10:22:16 [INFO] CUDA 初始化成功
2026-05-21 10:22:16 [INFO] 引擎加载成功: dangerous.engine
2026-05-21 10:22:16 [INFO] 检测系统初始化成功
2026-05-21 10:22:16 [INFO] 图像预处理完成，原始尺寸: (2160, 3840)
2026-05-21 10:22:16 [INFO] 开始执行目标检测...
2026-05-21 10:22:16 [INFO] 检测完成，找到 3 个物体
2026-05-21 10:22:16 [INFO] 物体 1: GasCyl1 (置信度: 0.88)
2026-05-21 10:22:16 [INFO] 物体 2: GasCyl1 (置信度: 0.66)
2026-05-21 10:22:16 [INFO] 物体 3: FireExt1 (置信度: 0.50)
2026-05-21 10:22:16 [INFO] 检测到车兜区域，将过滤区域外的目标
2026-05-21 10:22:16 [INFO] 车兜区域过滤: 3 -> 2 个目标
2026-05-21 10:22:16 [INFO] 准备保存检测结果到: C:\code\show\Scrap_Steel_In_Field\photos\dangerous_det\detection_20260521_102216.jpg
2026-05-21 10:22:16 [INFO] 图像形状: (2160, 3840, 3)
2026-05-21 10:22:16 [INFO] 图像数据类型: uint8
2026-05-21 10:22:16 [INFO] 图像最大值: 255
2026-05-21 10:22:16 [INFO] 图像最小值: 0
2026-05-21 10:22:16 [INFO] 开始保存检测结果图像: 图像尺寸=(2160, 3840, 3), 类型=uint8, 路径=C:\code\show\Scrap_Steel_In_Field\photos\dangerous_det\detection_20260521_102216.jpg
2026-05-21 10:22:16 [INFO] 成功保存检测结果到: C:\code\show\Scrap_Steel_In_Field\photos\dangerous_det\detection_20260521_102216.jpg
2026-05-21 10:22:16 [INFO] 保存的检测结果文件大小: 2488456 字节
2026-05-21 10:22:16 [INFO] 引擎上下文已释放
2026-05-21 10:22:16 [INFO] TensorRT 引擎已释放
2026-05-21 10:22:17 [INFO] 全局 CUDA 资源已释放
2026-05-21 10:22:17 [INFO] 检测系统资源已释放
2026-05-21 10:22:21 [INFO] CUDA 初始化成功
2026-05-21 10:22:21 [INFO] 引擎加载成功: dangerous.engine
2026-05-21 10:22:21 [INFO] 检测系统初始化成功
2026-05-21 10:22:22 [INFO] 图像预处理完成，原始尺寸: (2160, 3840)
2026-05-21 10:22:22 [INFO] 开始执行目标检测...
2026-05-21 10:22:22 [INFO] 检测完成，找到 4 个物体
2026-05-21 10:22:22 [INFO] 物体 1: GasCyl1 (置信度: 0.88)
2026-05-21 10:22:22 [INFO] 物体 2: GasCyl1 (置信度: 0.72)
2026-05-21 10:22:22 [INFO] 物体 3: FireExt1 (置信度: 0.51)
2026-05-21 10:22:22 [INFO] 物体 4: FireExt1 (置信度: 0.30)
2026-05-21 10:22:22 [INFO] 检测到车兜区域，将过滤区域外的目标
2026-05-21 10:22:22 [INFO] 车兜区域过滤: 4 -> 2 个目标
2026-05-21 10:22:22 [INFO] 准备保存检测结果到: C:\code\show\Scrap_Steel_In_Field\photos\dangerous_det\detection_20260521_102222.jpg
2026-05-21 10:22:22 [INFO] 图像形状: (2160, 3840, 3)
2026-05-21 10:22:22 [INFO] 图像数据类型: uint8
2026-05-21 10:22:22 [INFO] 图像最大值: 255
2026-05-21 10:22:22 [INFO] 图像最小值: 0
2026-05-21 10:22:22 [INFO] 开始保存检测结果图像: 图像尺寸=(2160, 3840, 3), 类型=uint8, 路径=C:\code\show\Scrap_Steel_In_Field\photos\dangerous_det\detection_20260521_102222.jpg
2026-05-21 10:22:22 [INFO] 成功保存检测结果到: C:\code\show\Scrap_Steel_In_Field\photos\dangerous_det\detection_20260521_102222.jpg
2026-05-21 10:22:22 [INFO] 保存的检测结果文件大小: 2488952 字节
2026-05-21 10:22:22 [INFO] 引擎上下文已释放
2026-05-21 10:22:22 [INFO] TensorRT 引擎已释放
2026-05-21 10:22:22 [INFO] 全局 CUDA 资源已释放
2026-05-21 10:22:22 [INFO] 检测系统资源已释放
2026-05-21 10:22:27 [INFO] CUDA 初始化成功
2026-05-21 10:22:27 [INFO] 引擎加载成功: dangerous.engine
2026-05-21 10:22:27 [INFO] 检测系统初始化成功
2026-05-21 10:22:27 [INFO] 图像预处理完成，原始尺寸: (2160, 3840)
2026-05-21 10:22:27 [INFO] 开始执行目标检测...
2026-05-21 10:22:27 [INFO] 检测完成，找到 4 个物体
2026-05-21 10:22:27 [INFO] 物体 1: GasCyl1 (置信度: 0.87)
2026-05-21 10:22:27 [INFO] 物体 2: GasCyl1 (置信度: 0.60)
2026-05-21 10:22:27 [INFO] 物体 3: GasCyl1 (置信度: 0.52)
2026-05-21 10:22:27 [INFO] 物体 4: FireExt1 (置信度: 0.32)
2026-05-21 10:22:27 [INFO] 检测到车兜区域，将过滤区域外的目标
2026-05-21 10:22:27 [INFO] 车兜区域过滤: 4 -> 2 个目标
2026-05-21 10:22:27 [INFO] 准备保存检测结果到: C:\code\show\Scrap_Steel_In_Field\photos\dangerous_det\detection_20260521_102227.jpg
2026-05-21 10:22:27 [INFO] 图像形状: (2160, 3840, 3)
2026-05-21 10:22:27 [INFO] 图像数据类型: uint8
2026-05-21 10:22:27 [INFO] 图像最大值: 255
2026-05-21 10:22:27 [INFO] 图像最小值: 0
2026-05-21 10:22:27 [INFO] 开始保存检测结果图像: 图像尺寸=(2160, 3840, 3), 类型=uint8, 路径=C:\code\show\Scrap_Steel_In_Field\photos\dangerous_det\detection_20260521_102227.jpg
2026-05-21 10:22:27 [INFO] 成功保存检测结果到: C:\code\show\Scrap_Steel_In_Field\photos\dangerous_det\detection_20260521_102227.jpg
2026-05-21 10:22:27 [INFO] 保存的检测结果文件大小: 2489508 字节
2026-05-21 10:22:27 [INFO] 引擎上下文已释放
2026-05-21 10:22:27 [INFO] TensorRT 引擎已释放
2026-05-21 10:22:27 [INFO] 全局 CUDA 资源已释放
2026-05-21 10:22:27 [INFO] 检测系统资源已释放
2026-05-21 10:22:32 [INFO] CUDA 初始化成功
2026-05-21 10:22:32 [INFO] 引擎加载成功: dangerous.engine
2026-05-21 10:22:32 [INFO] 检测系统初始化成功
2026-05-21 10:22:32 [INFO] 图像预处理完成，原始尺寸: (2160, 3840)
2026-05-21 10:22:32 [INFO] 开始执行目标检测...
2026-05-21 10:22:32 [INFO] 检测完成，找到 4 个物体
2026-05-21 10:22:32 [INFO] 物体 1: GasCyl1 (置信度: 0.87)
2026-05-21 10:22:32 [INFO] 物体 2: GasCyl1 (置信度: 0.63)
2026-05-21 10:22:32 [INFO] 物体 3: FireExt1 (置信度: 0.50)
2026-05-21 10:22:32 [INFO] 物体 4: FireExt1 (置信度: 0.30)
2026-05-21 10:22:32 [INFO] 检测到车兜区域，将过滤区域外的目标
2026-05-21 10:22:32 [INFO] 车兜区域过滤: 4 -> 2 个目标
2026-05-21 10:22:32 [INFO] 准备保存检测结果到: C:\code\show\Scrap_Steel_In_Field\photos\dangerous_det\detection_20260521_102232.jpg
2026-05-21 10:22:32 [INFO] 图像形状: (2160, 3840, 3)
2026-05-21 10:22:32 [INFO] 图像数据类型: uint8
2026-05-21 10:22:32 [INFO] 图像最大值: 255
2026-05-21 10:22:32 [INFO] 图像最小值: 0
2026-05-21 10:22:32 [INFO] 开始保存检测结果图像: 图像尺寸=(2160, 3840, 3), 类型=uint8, 路径=C:\code\show\Scrap_Steel_In_Field\photos\dangerous_det\detection_20260521_102232.jpg
2026-05-21 10:22:32 [INFO] 成功保存检测结果到: C:\code\show\Scrap_Steel_In_Field\photos\dangerous_det\detection_20260521_102232.jpg
2026-05-21 10:22:32 [INFO] 保存的检测结果文件大小: 2491130 字节
2026-05-21 10:22:32 [INFO] 引擎上下文已释放
2026-05-21 10:22:32 [INFO] TensorRT 引擎已释放
2026-05-21 10:22:32 [INFO] 全局 CUDA 资源已释放
2026-05-21 10:22:32 [INFO] 检测系统资源已释放
2026-05-21 10:22:37 [INFO] CUDA 初始化成功
2026-05-21 10:22:37 [INFO] 引擎加载成功: dangerous.engine
2026-05-21 10:22:37 [INFO] 检测系统初始化成功
2026-05-21 10:22:37 [INFO] 图像预处理完成，原始尺寸: (2160, 3840)
2026-05-21 10:22:37 [INFO] 开始执行目标检测...
2026-05-21 10:22:37 [INFO] 检测完成，找到 5 个物体
2026-05-21 10:22:37 [INFO] 物体 1: GasCyl1 (置信度: 0.88)
2026-05-21 10:22:37 [INFO] 物体 2: GasCyl1 (置信度: 0.76)
2026-05-21 10:22:37 [INFO] 物体 3: FireExt1 (置信度: 0.51)
2026-05-21 10:22:37 [INFO] 物体 4: FireExt1 (置信度: 0.27)
2026-05-21 10:22:37 [INFO] 物体 5: GasCyl1 (置信度: 0.25)
2026-05-21 10:22:37 [INFO] 检测到车兜区域，将过滤区域外的目标
2026-05-21 10:22:37 [INFO] 车兜区域过滤: 5 -> 3 个目标
2026-05-21 10:22:37 [INFO] 准备保存检测结果到: C:\code\show\Scrap_Steel_In_Field\photos\dangerous_det\detection_20260521_102237.jpg
2026-05-21 10:22:37 [INFO] 图像形状: (2160, 3840, 3)
2026-05-21 10:22:37 [INFO] 图像数据类型: uint8
2026-05-21 10:22:37 [INFO] 图像最大值: 255
2026-05-21 10:22:37 [INFO] 图像最小值: 0
2026-05-21 10:22:37 [INFO] 开始保存检测结果图像: 图像尺寸=(2160, 3840, 3), 类型=uint8, 路径=C:\code\show\Scrap_Steel_In_Field\photos\dangerous_det\detection_20260521_102237.jpg
2026-05-21 10:22:37 [INFO] 成功保存检测结果到: C:\code\show\Scrap_Steel_In_Field\photos\dangerous_det\detection_20260521_102237.jpg
2026-05-21 10:22:37 [INFO] 保存的检测结果文件大小: 2491126 字节
2026-05-21 10:22:37 [INFO] 引擎上下文已释放
2026-05-21 10:22:37 [INFO] TensorRT 引擎已释放
2026-05-21 10:22:37 [INFO] 全局 CUDA 资源已释放
2026-05-21 10:22:37 [INFO] 检测系统资源已释放
