2025-05-20 17:57:44 [INFO] CUDA 初始化成功
2025-05-20 17:57:45 [INFO] 引擎加载成功: dangerous.engine
2025-05-20 17:57:45 [INFO] 检测系统初始化成功
2025-05-20 17:57:45 [INFO] 图像预处理完成，原始尺寸: (2160, 3840)
2025-05-20 17:57:45 [INFO] 开始执行目标检测...
2025-05-20 17:57:45 [INFO] 检测完成，找到 4 个物体
2025-05-20 17:57:45 [INFO] 物体 1: GasCyl1 (置信度: 0.73)
2025-05-20 17:57:45 [INFO] 物体 2: FireExt1 (置信度: 0.48)
2025-05-20 17:57:45 [INFO] 物体 3: FireExt1 (置信度: 0.41)
2025-05-20 17:57:45 [INFO] 物体 4: GasCyl1 (置信度: 0.29)
2025-05-20 17:57:45 [INFO] 准备保存检测结果到: C:\Users\qinguang\feigangxiangmu\Scrap_steel_system\Scrap_Steel_In_Field\photos\dangerous_det\detection_20250520_175745.jpg
2025-05-20 17:57:45 [INFO] 图像形状: (2160, 3840, 3)
2025-05-20 17:57:45 [INFO] 图像数据类型: uint8
2025-05-20 17:57:45 [INFO] 图像最大值: 255
2025-05-20 17:57:45 [INFO] 图像最小值: 0
2025-05-20 17:57:45 [INFO] 开始保存检测结果图像: 图像尺寸=(2160, 3840, 3), 类型=uint8, 路径=C:\Users\qinguang\feigangxiangmu\Scrap_steel_system\Scrap_Steel_In_Field\photos\dangerous_det\detection_20250520_175745.jpg
2025-05-20 17:57:45 [INFO] 成功保存检测结果到: C:\Users\qinguang\feigangxiangmu\Scrap_steel_system\Scrap_Steel_In_Field\photos\dangerous_det\detection_20250520_175745.jpg
2025-05-20 17:57:45 [INFO] 保存的检测结果文件大小: 1996217 字节
2025-05-20 17:57:45 [INFO] 引擎上下文已释放
2025-05-20 17:57:45 [INFO] TensorRT 引擎已释放
2025-05-20 17:57:45 [INFO] 全局 CUDA 资源已释放
2025-05-20 17:57:45 [INFO] 检测系统资源已释放
2025-05-20 17:59:02 [INFO] CUDA 初始化成功
2025-05-20 17:59:02 [INFO] 引擎加载成功: dangerous.engine
2025-05-20 17:59:02 [INFO] 检测系统初始化成功
2025-05-20 17:59:02 [INFO] 图像预处理完成，原始尺寸: (2160, 3840)
2025-05-20 17:59:02 [INFO] 开始执行目标检测...
2025-05-20 17:59:02 [INFO] 检测完成，找到 5 个物体
2025-05-20 17:59:02 [INFO] 物体 1: GasCyl1 (置信度: 0.77)
2025-05-20 17:59:02 [INFO] 物体 2: FireExt1 (置信度: 0.38)
2025-05-20 17:59:02 [INFO] 物体 3: FireExt1 (置信度: 0.37)
2025-05-20 17:59:02 [INFO] 物体 4: FireExt1 (置信度: 0.27)
2025-05-20 17:59:02 [INFO] 物体 5: GasCyl1 (置信度: 0.26)
2025-05-20 17:59:02 [INFO] 准备保存检测结果到: C:\Users\qinguang\feigangxiangmu\Scrap_steel_system\Scrap_Steel_In_Field\photos\dangerous_det\detection_20250520_175902.jpg
2025-05-20 17:59:02 [INFO] 图像形状: (2160, 3840, 3)
2025-05-20 17:59:02 [INFO] 图像数据类型: uint8
2025-05-20 17:59:02 [INFO] 图像最大值: 255
2025-05-20 17:59:02 [INFO] 图像最小值: 0
2025-05-20 17:59:02 [INFO] 开始保存检测结果图像: 图像尺寸=(2160, 3840, 3), 类型=uint8, 路径=C:\Users\qinguang\feigangxiangmu\Scrap_steel_system\Scrap_Steel_In_Field\photos\dangerous_det\detection_20250520_175902.jpg
2025-05-20 17:59:02 [INFO] 成功保存检测结果到: C:\Users\qinguang\feigangxiangmu\Scrap_steel_system\Scrap_Steel_In_Field\photos\dangerous_det\detection_20250520_175902.jpg
2025-05-20 17:59:02 [INFO] 保存的检测结果文件大小: 2002659 字节
2025-05-20 17:59:02 [INFO] 引擎上下文已释放
2025-05-20 17:59:02 [INFO] TensorRT 引擎已释放
2025-05-20 17:59:02 [INFO] 全局 CUDA 资源已释放
2025-05-20 17:59:02 [INFO] 检测系统资源已释放
2025-05-20 18:01:28 [INFO] CUDA 初始化成功
2025-05-20 18:01:28 [INFO] 引擎加载成功: dangerous.engine
2025-05-20 18:01:28 [INFO] 检测系统初始化成功
2025-05-20 18:01:28 [INFO] 图像预处理完成，原始尺寸: (2160, 3840)
2025-05-20 18:01:28 [INFO] 开始执行目标检测...
2025-05-20 18:01:28 [INFO] 检测完成，找到 4 个物体
2025-05-20 18:01:28 [INFO] 物体 1: GasCyl1 (置信度: 0.81)
2025-05-20 18:01:28 [INFO] 物体 2: FireExt1 (置信度: 0.40)
2025-05-20 18:01:28 [INFO] 物体 3: FireExt1 (置信度: 0.39)
2025-05-20 18:01:28 [INFO] 物体 4: GasCyl1 (置信度: 0.33)
2025-05-20 18:01:28 [INFO] 准备保存检测结果到: C:\Users\qinguang\feigangxiangmu\Scrap_steel_system\Scrap_Steel_In_Field\photos\dangerous_det\detection_20250520_180128.jpg
2025-05-20 18:01:28 [INFO] 图像形状: (2160, 3840, 3)
2025-05-20 18:01:28 [INFO] 图像数据类型: uint8
2025-05-20 18:01:28 [INFO] 图像最大值: 255
2025-05-20 18:01:28 [INFO] 图像最小值: 0
2025-05-20 18:01:28 [INFO] 开始保存检测结果图像: 图像尺寸=(2160, 3840, 3), 类型=uint8, 路径=C:\Users\qinguang\feigangxiangmu\Scrap_steel_system\Scrap_Steel_In_Field\photos\dangerous_det\detection_20250520_180128.jpg
2025-05-20 18:01:28 [INFO] 成功保存检测结果到: C:\Users\qinguang\feigangxiangmu\Scrap_steel_system\Scrap_Steel_In_Field\photos\dangerous_det\detection_20250520_180128.jpg
2025-05-20 18:01:28 [INFO] 保存的检测结果文件大小: 2012423 字节
2025-05-20 18:01:28 [INFO] 引擎上下文已释放
2025-05-20 18:01:28 [INFO] TensorRT 引擎已释放
2025-05-20 18:01:28 [INFO] 全局 CUDA 资源已释放
2025-05-20 18:01:28 [INFO] 检测系统资源已释放
2025-05-20 18:04:08 [INFO] CUDA 初始化成功
2025-05-20 18:04:08 [INFO] 引擎加载成功: dangerous.engine
2025-05-20 18:04:08 [INFO] 检测系统初始化成功
2025-05-20 18:04:08 [INFO] 图像预处理完成，原始尺寸: (2160, 3840)
2025-05-20 18:04:08 [INFO] 开始执行目标检测...
2025-05-20 18:04:08 [INFO] 检测完成，找到 4 个物体
2025-05-20 18:04:08 [INFO] 物体 1: GasCyl1 (置信度: 0.73)
2025-05-20 18:04:08 [INFO] 物体 2: FireExt1 (置信度: 0.46)
2025-05-20 18:04:08 [INFO] 物体 3: FireExt1 (置信度: 0.38)
2025-05-20 18:04:08 [INFO] 物体 4: GasCyl1 (置信度: 0.35)
2025-05-20 18:04:08 [INFO] 准备保存检测结果到: C:\Users\qinguang\feigangxiangmu\Scrap_steel_system\Scrap_Steel_In_Field\photos\dangerous_det\detection_20250520_180408.jpg
2025-05-20 18:04:08 [INFO] 图像形状: (2160, 3840, 3)
2025-05-20 18:04:08 [INFO] 图像数据类型: uint8
2025-05-20 18:04:08 [INFO] 图像最大值: 255
2025-05-20 18:04:08 [INFO] 图像最小值: 0
2025-05-20 18:04:08 [INFO] 开始保存检测结果图像: 图像尺寸=(2160, 3840, 3), 类型=uint8, 路径=C:\Users\qinguang\feigangxiangmu\Scrap_steel_system\Scrap_Steel_In_Field\photos\dangerous_det\detection_20250520_180408.jpg
2025-05-20 18:04:08 [INFO] 成功保存检测结果到: C:\Users\qinguang\feigangxiangmu\Scrap_steel_system\Scrap_Steel_In_Field\photos\dangerous_det\detection_20250520_180408.jpg
2025-05-20 18:04:08 [INFO] 保存的检测结果文件大小: 2000587 字节
2025-05-20 18:04:09 [INFO] 引擎上下文已释放
2025-05-20 18:04:09 [INFO] TensorRT 引擎已释放
2025-05-20 18:04:09 [INFO] 全局 CUDA 资源已释放
2025-05-20 18:04:09 [INFO] 检测系统资源已释放
2025-05-20 18:11:02 [INFO] CUDA 初始化成功
2025-05-20 18:11:02 [INFO] 引擎加载成功: dangerous.engine
2025-05-20 18:11:02 [INFO] 检测系统初始化成功
2025-05-20 18:11:02 [INFO] 图像预处理完成，原始尺寸: (2160, 3840)
2025-05-20 18:11:02 [INFO] 开始执行目标检测...
2025-05-20 18:11:02 [INFO] 检测完成，找到 4 个物体
2025-05-20 18:11:02 [INFO] 物体 1: GasCyl1 (置信度: 0.78)
2025-05-20 18:11:02 [INFO] 物体 2: FireExt1 (置信度: 0.43)
2025-05-20 18:11:02 [INFO] 物体 3: FireExt1 (置信度: 0.43)
2025-05-20 18:11:02 [INFO] 物体 4: FireExt1 (置信度: 0.27)
2025-05-20 18:11:02 [INFO] 准备保存检测结果到: C:\Users\qinguang\feigangxiangmu\Scrap_steel_system\Scrap_Steel_In_Field\photos\dangerous_det\detection_20250520_181102.jpg
2025-05-20 18:11:02 [INFO] 图像形状: (2160, 3840, 3)
2025-05-20 18:11:02 [INFO] 图像数据类型: uint8
2025-05-20 18:11:02 [INFO] 图像最大值: 255
2025-05-20 18:11:02 [INFO] 图像最小值: 0
2025-05-20 18:11:02 [INFO] 开始保存检测结果图像: 图像尺寸=(2160, 3840, 3), 类型=uint8, 路径=C:\Users\qinguang\feigangxiangmu\Scrap_steel_system\Scrap_Steel_In_Field\photos\dangerous_det\detection_20250520_181102.jpg
2025-05-20 18:11:02 [INFO] 成功保存检测结果到: C:\Users\qinguang\feigangxiangmu\Scrap_steel_system\Scrap_Steel_In_Field\photos\dangerous_det\detection_20250520_181102.jpg
2025-05-20 18:11:02 [INFO] 保存的检测结果文件大小: 1991640 字节
2025-05-20 18:11:02 [INFO] 引擎上下文已释放
2025-05-20 18:11:02 [INFO] TensorRT 引擎已释放
2025-05-20 18:11:02 [INFO] 全局 CUDA 资源已释放
2025-05-20 18:11:02 [INFO] 检测系统资源已释放
