2026-06-22 14:26:37 [INFO] CUDA 初始化成功
2026-06-22 14:26:37 [INFO] 引擎加载成功: dangerous.engine
2026-06-22 14:26:37 [INFO] 检测系统初始化成功
2026-06-22 14:26:39 [INFO] 引擎加载成功: dangerous.engine
2026-06-22 14:26:39 [INFO] 检测系统初始化成功
2026-06-22 14:26:39 [INFO] 图像预处理完成，原始尺寸: (2160, 3840)
2026-06-22 14:26:39 [INFO] 开始执行目标检测...
2026-06-22 14:26:39 [INFO] 检测完成，找到 0 个物体
2026-06-22 14:26:39 [INFO] 检测到车兜区域，将过滤区域外的目标
2026-06-22 14:26:39 [INFO] 引擎上下文已释放
2026-06-22 14:26:39 [INFO] TensorRT 引擎已释放
2026-06-22 14:26:39 [INFO] 全局 CUDA 资源已释放
2026-06-22 14:26:39 [INFO] 检测系统资源已释放
2026-06-22 14:26:45 [INFO] CUDA 初始化成功
2026-06-22 14:26:45 [INFO] 引擎加载成功: dangerous.engine
2026-06-22 14:26:45 [INFO] 检测系统初始化成功
2026-06-22 14:26:45 [INFO] 图像预处理完成，原始尺寸: (2160, 3840)
2026-06-22 14:26:45 [INFO] 开始执行目标检测...
2026-06-22 14:26:45 [INFO] 检测完成，找到 4 个物体
2026-06-22 14:26:45 [INFO] 物体 1: GasCyl1 (置信度: 0.83)
2026-06-22 14:26:45 [INFO] 物体 2: FireExt1 (置信度: 0.54)
2026-06-22 14:26:45 [INFO] 物体 3: FireExt1 (置信度: 0.43)
2026-06-22 14:26:45 [INFO] 物体 4: FireExt1 (置信度: 0.37)
2026-06-22 14:26:45 [INFO] 检测到车兜区域，将过滤区域外的目标
2026-06-22 14:26:45 [INFO] 车兜区域过滤: 4 -> 3 个目标
2026-06-22 14:26:45 [INFO] 准备保存检测结果到: C:\code\show\Scrap_Steel_In_Field\photos\dangerous_det\detection_20260622_142645.jpg
2026-06-22 14:26:45 [INFO] 图像形状: (2160, 3840, 3)
2026-06-22 14:26:45 [INFO] 图像数据类型: uint8
2026-06-22 14:26:45 [INFO] 图像最大值: 255
2026-06-22 14:26:45 [INFO] 图像最小值: 0
2026-06-22 14:26:45 [INFO] 开始保存检测结果图像: 图像尺寸=(2160, 3840, 3), 类型=uint8, 路径=C:\code\show\Scrap_Steel_In_Field\photos\dangerous_det\detection_20260622_142645.jpg
2026-06-22 14:26:45 [INFO] 成功保存检测结果到: C:\code\show\Scrap_Steel_In_Field\photos\dangerous_det\detection_20260622_142645.jpg
2026-06-22 14:26:45 [INFO] 保存的检测结果文件大小: 2338468 字节
2026-06-22 14:26:45 [INFO] 引擎上下文已释放
2026-06-22 14:26:45 [INFO] TensorRT 引擎已释放
2026-06-22 14:26:45 [INFO] 全局 CUDA 资源已释放
2026-06-22 14:26:45 [INFO] 检测系统资源已释放
2026-06-22 14:26:50 [INFO] CUDA 初始化成功
2026-06-22 14:26:50 [INFO] 引擎加载成功: dangerous.engine
2026-06-22 14:26:50 [INFO] 检测系统初始化成功
2026-06-22 14:26:50 [INFO] 图像预处理完成，原始尺寸: (2160, 3840)
2026-06-22 14:26:50 [INFO] 开始执行目标检测...
2026-06-22 14:26:50 [INFO] 检测完成，找到 5 个物体
2026-06-22 14:26:50 [INFO] 物体 1: GasCyl1 (置信度: 0.84)
2026-06-22 14:26:50 [INFO] 物体 2: FireExt1 (置信度: 0.55)
2026-06-22 14:26:50 [INFO] 物体 3: FireExt1 (置信度: 0.42)
2026-06-22 14:26:50 [INFO] 物体 4: FireExt1 (置信度: 0.40)
2026-06-22 14:26:50 [INFO] 物体 5: FireExt1 (置信度: 0.39)
2026-06-22 14:26:50 [INFO] 检测到车兜区域，将过滤区域外的目标
2026-06-22 14:26:50 [INFO] 车兜区域过滤: 5 -> 3 个目标
2026-06-22 14:26:50 [INFO] 准备保存检测结果到: C:\code\show\Scrap_Steel_In_Field\photos\dangerous_det\detection_20260622_142650.jpg
2026-06-22 14:26:50 [INFO] 图像形状: (2160, 3840, 3)
2026-06-22 14:26:50 [INFO] 图像数据类型: uint8
2026-06-22 14:26:50 [INFO] 图像最大值: 255
2026-06-22 14:26:50 [INFO] 图像最小值: 0
2026-06-22 14:26:50 [INFO] 开始保存检测结果图像: 图像尺寸=(2160, 3840, 3), 类型=uint8, 路径=C:\code\show\Scrap_Steel_In_Field\photos\dangerous_det\detection_20260622_142650.jpg
2026-06-22 14:26:50 [INFO] 成功保存检测结果到: C:\code\show\Scrap_Steel_In_Field\photos\dangerous_det\detection_20260622_142650.jpg
2026-06-22 14:26:50 [INFO] 保存的检测结果文件大小: 2311879 字节
2026-06-22 14:26:50 [INFO] 引擎上下文已释放
2026-06-22 14:26:50 [INFO] TensorRT 引擎已释放
2026-06-22 14:26:50 [INFO] 全局 CUDA 资源已释放
2026-06-22 14:26:50 [INFO] 检测系统资源已释放
2026-06-22 14:26:55 [INFO] CUDA 初始化成功
2026-06-22 14:26:55 [INFO] 引擎加载成功: dangerous.engine
2026-06-22 14:26:55 [INFO] 检测系统初始化成功
2026-06-22 14:26:55 [INFO] 图像预处理完成，原始尺寸: (2160, 3840)
2026-06-22 14:26:55 [INFO] 开始执行目标检测...
2026-06-22 14:26:55 [INFO] 检测完成，找到 5 个物体
2026-06-22 14:26:55 [INFO] 物体 1: GasCyl1 (置信度: 0.85)
2026-06-22 14:26:55 [INFO] 物体 2: FireExt1 (置信度: 0.54)
2026-06-22 14:26:55 [INFO] 物体 3: FireExt1 (置信度: 0.46)
2026-06-22 14:26:55 [INFO] 物体 4: FireExt1 (置信度: 0.42)
2026-06-22 14:26:55 [INFO] 物体 5: FireExt1 (置信度: 0.40)
2026-06-22 14:26:55 [INFO] 检测到车兜区域，将过滤区域外的目标
2026-06-22 14:26:55 [INFO] 车兜区域过滤: 5 -> 3 个目标
2026-06-22 14:26:55 [INFO] 准备保存检测结果到: C:\code\show\Scrap_Steel_In_Field\photos\dangerous_det\detection_20260622_142655.jpg
2026-06-22 14:26:55 [INFO] 图像形状: (2160, 3840, 3)
2026-06-22 14:26:55 [INFO] 图像数据类型: uint8
2026-06-22 14:26:55 [INFO] 图像最大值: 255
2026-06-22 14:26:55 [INFO] 图像最小值: 0
2026-06-22 14:26:55 [INFO] 开始保存检测结果图像: 图像尺寸=(2160, 3840, 3), 类型=uint8, 路径=C:\code\show\Scrap_Steel_In_Field\photos\dangerous_det\detection_20260622_142655.jpg
2026-06-22 14:26:55 [INFO] 成功保存检测结果到: C:\code\show\Scrap_Steel_In_Field\photos\dangerous_det\detection_20260622_142655.jpg
2026-06-22 14:26:55 [INFO] 保存的检测结果文件大小: 2325194 字节
2026-06-22 14:26:55 [INFO] 引擎上下文已释放
2026-06-22 14:26:55 [INFO] TensorRT 引擎已释放
2026-06-22 14:26:55 [INFO] 全局 CUDA 资源已释放
2026-06-22 14:26:55 [INFO] 检测系统资源已释放
2026-06-22 14:27:00 [INFO] CUDA 初始化成功
2026-06-22 14:27:00 [INFO] 引擎加载成功: dangerous.engine
2026-06-22 14:27:00 [INFO] 检测系统初始化成功
2026-06-22 14:27:00 [INFO] 图像预处理完成，原始尺寸: (2160, 3840)
2026-06-22 14:27:00 [INFO] 开始执行目标检测...
2026-06-22 14:27:00 [INFO] 检测完成，找到 5 个物体
2026-06-22 14:27:00 [INFO] 物体 1: GasCyl1 (置信度: 0.83)
2026-06-22 14:27:00 [INFO] 物体 2: FireExt1 (置信度: 0.52)
2026-06-22 14:27:00 [INFO] 物体 3: FireExt1 (置信度: 0.41)
2026-06-22 14:27:00 [INFO] 物体 4: FireExt1 (置信度: 0.37)
2026-06-22 14:27:00 [INFO] 物体 5: FireExt1 (置信度: 0.37)
2026-06-22 14:27:00 [INFO] 检测到车兜区域，将过滤区域外的目标
2026-06-22 14:27:00 [INFO] 车兜区域过滤: 5 -> 3 个目标
2026-06-22 14:27:00 [INFO] 准备保存检测结果到: C:\code\show\Scrap_Steel_In_Field\photos\dangerous_det\detection_20260622_142700.jpg
2026-06-22 14:27:00 [INFO] 图像形状: (2160, 3840, 3)
2026-06-22 14:27:00 [INFO] 图像数据类型: uint8
2026-06-22 14:27:00 [INFO] 图像最大值: 255
2026-06-22 14:27:00 [INFO] 图像最小值: 0
2026-06-22 14:27:00 [INFO] 开始保存检测结果图像: 图像尺寸=(2160, 3840, 3), 类型=uint8, 路径=C:\code\show\Scrap_Steel_In_Field\photos\dangerous_det\detection_20260622_142700.jpg
2026-06-22 14:27:00 [INFO] 成功保存检测结果到: C:\code\show\Scrap_Steel_In_Field\photos\dangerous_det\detection_20260622_142700.jpg
2026-06-22 14:27:00 [INFO] 保存的检测结果文件大小: 2301881 字节
2026-06-22 14:27:00 [INFO] 引擎上下文已释放
2026-06-22 14:27:00 [INFO] TensorRT 引擎已释放
2026-06-22 14:27:00 [INFO] 全局 CUDA 资源已释放
2026-06-22 14:27:00 [INFO] 检测系统资源已释放
2026-06-22 14:27:05 [INFO] CUDA 初始化成功
2026-06-22 14:27:05 [INFO] 引擎加载成功: dangerous.engine
2026-06-22 14:27:05 [INFO] 检测系统初始化成功
2026-06-22 14:27:05 [INFO] 图像预处理完成，原始尺寸: (2160, 3840)
2026-06-22 14:27:05 [INFO] 开始执行目标检测...
2026-06-22 14:27:05 [INFO] 检测完成，找到 5 个物体
2026-06-22 14:27:05 [INFO] 物体 1: GasCyl1 (置信度: 0.84)
2026-06-22 14:27:05 [INFO] 物体 2: FireExt1 (置信度: 0.54)
2026-06-22 14:27:05 [INFO] 物体 3: FireExt1 (置信度: 0.40)
2026-06-22 14:27:05 [INFO] 物体 4: FireExt1 (置信度: 0.40)
2026-06-22 14:27:05 [INFO] 物体 5: FireExt1 (置信度: 0.39)
2026-06-22 14:27:05 [INFO] 检测到车兜区域，将过滤区域外的目标
2026-06-22 14:27:05 [INFO] 车兜区域过滤: 5 -> 3 个目标
2026-06-22 14:27:05 [INFO] 准备保存检测结果到: C:\code\show\Scrap_Steel_In_Field\photos\dangerous_det\detection_20260622_142705.jpg
2026-06-22 14:27:05 [INFO] 图像形状: (2160, 3840, 3)
2026-06-22 14:27:05 [INFO] 图像数据类型: uint8
2026-06-22 14:27:05 [INFO] 图像最大值: 255
2026-06-22 14:27:05 [INFO] 图像最小值: 0
2026-06-22 14:27:05 [INFO] 开始保存检测结果图像: 图像尺寸=(2160, 3840, 3), 类型=uint8, 路径=C:\code\show\Scrap_Steel_In_Field\photos\dangerous_det\detection_20260622_142705.jpg
2026-06-22 14:27:05 [INFO] 成功保存检测结果到: C:\code\show\Scrap_Steel_In_Field\photos\dangerous_det\detection_20260622_142705.jpg
2026-06-22 14:27:05 [INFO] 保存的检测结果文件大小: 2346690 字节
2026-06-22 14:27:05 [INFO] 引擎上下文已释放
2026-06-22 14:27:05 [INFO] TensorRT 引擎已释放
2026-06-22 14:27:05 [INFO] 全局 CUDA 资源已释放
2026-06-22 14:27:05 [INFO] 检测系统资源已释放
2026-06-22 14:27:10 [INFO] CUDA 初始化成功
2026-06-22 14:27:10 [INFO] 引擎加载成功: dangerous.engine
2026-06-22 14:27:10 [INFO] 检测系统初始化成功
2026-06-22 14:27:10 [INFO] 图像预处理完成，原始尺寸: (2160, 3840)
2026-06-22 14:27:10 [INFO] 开始执行目标检测...
2026-06-22 14:27:10 [INFO] 检测完成，找到 4 个物体
2026-06-22 14:27:10 [INFO] 物体 1: GasCyl1 (置信度: 0.85)
2026-06-22 14:27:10 [INFO] 物体 2: FireExt1 (置信度: 0.53)
2026-06-22 14:27:10 [INFO] 物体 3: FireExt1 (置信度: 0.40)
2026-06-22 14:27:10 [INFO] 物体 4: FireExt1 (置信度: 0.37)
2026-06-22 14:27:10 [INFO] 检测到车兜区域，将过滤区域外的目标
2026-06-22 14:27:10 [INFO] 车兜区域过滤: 4 -> 3 个目标
2026-06-22 14:27:10 [INFO] 准备保存检测结果到: C:\code\show\Scrap_Steel_In_Field\photos\dangerous_det\detection_20260622_142710.jpg
2026-06-22 14:27:10 [INFO] 图像形状: (2160, 3840, 3)
2026-06-22 14:27:10 [INFO] 图像数据类型: uint8
2026-06-22 14:27:10 [INFO] 图像最大值: 255
2026-06-22 14:27:10 [INFO] 图像最小值: 0
2026-06-22 14:27:10 [INFO] 开始保存检测结果图像: 图像尺寸=(2160, 3840, 3), 类型=uint8, 路径=C:\code\show\Scrap_Steel_In_Field\photos\dangerous_det\detection_20260622_142710.jpg
2026-06-22 14:27:10 [INFO] 成功保存检测结果到: C:\code\show\Scrap_Steel_In_Field\photos\dangerous_det\detection_20260622_142710.jpg
2026-06-22 14:27:10 [INFO] 保存的检测结果文件大小: 2307998 字节
2026-06-22 14:27:10 [INFO] 引擎上下文已释放
2026-06-22 14:27:10 [INFO] TensorRT 引擎已释放
2026-06-22 14:27:10 [INFO] 全局 CUDA 资源已释放
2026-06-22 14:27:10 [INFO] 检测系统资源已释放
2026-06-22 14:27:15 [INFO] CUDA 初始化成功
2026-06-22 14:27:15 [INFO] 引擎加载成功: dangerous.engine
2026-06-22 14:27:15 [INFO] 检测系统初始化成功
2026-06-22 14:27:15 [INFO] 图像预处理完成，原始尺寸: (2160, 3840)
2026-06-22 14:27:15 [INFO] 开始执行目标检测...
2026-06-22 14:27:15 [INFO] 检测完成，找到 5 个物体
2026-06-22 14:27:15 [INFO] 物体 1: GasCyl1 (置信度: 0.83)
2026-06-22 14:27:15 [INFO] 物体 2: FireExt1 (置信度: 0.54)
2026-06-22 14:27:15 [INFO] 物体 3: FireExt1 (置信度: 0.41)
2026-06-22 14:27:15 [INFO] 物体 4: FireExt1 (置信度: 0.40)
2026-06-22 14:27:15 [INFO] 物体 5: FireExt1 (置信度: 0.39)
2026-06-22 14:27:15 [INFO] 检测到车兜区域，将过滤区域外的目标
2026-06-22 14:27:15 [INFO] 车兜区域过滤: 5 -> 3 个目标
2026-06-22 14:27:15 [INFO] 准备保存检测结果到: C:\code\show\Scrap_Steel_In_Field\photos\dangerous_det\detection_20260622_142715.jpg
2026-06-22 14:27:15 [INFO] 图像形状: (2160, 3840, 3)
2026-06-22 14:27:15 [INFO] 图像数据类型: uint8
2026-06-22 14:27:15 [INFO] 图像最大值: 255
2026-06-22 14:27:15 [INFO] 图像最小值: 0
2026-06-22 14:27:15 [INFO] 开始保存检测结果图像: 图像尺寸=(2160, 3840, 3), 类型=uint8, 路径=C:\code\show\Scrap_Steel_In_Field\photos\dangerous_det\detection_20260622_142715.jpg
2026-06-22 14:27:15 [INFO] 成功保存检测结果到: C:\code\show\Scrap_Steel_In_Field\photos\dangerous_det\detection_20260622_142715.jpg
2026-06-22 14:27:15 [INFO] 保存的检测结果文件大小: 2338393 字节
2026-06-22 14:27:15 [INFO] 引擎上下文已释放
2026-06-22 14:27:15 [INFO] TensorRT 引擎已释放
2026-06-22 14:27:15 [INFO] 全局 CUDA 资源已释放
2026-06-22 14:27:15 [INFO] 检测系统资源已释放
2026-06-22 14:27:20 [INFO] CUDA 初始化成功
2026-06-22 14:27:20 [INFO] 引擎加载成功: dangerous.engine
2026-06-22 14:27:20 [INFO] 检测系统初始化成功
2026-06-22 14:27:20 [INFO] 图像预处理完成，原始尺寸: (2160, 3840)
2026-06-22 14:27:20 [INFO] 开始执行目标检测...
2026-06-22 14:27:20 [INFO] 检测完成，找到 5 个物体
2026-06-22 14:27:20 [INFO] 物体 1: GasCyl1 (置信度: 0.83)
2026-06-22 14:27:20 [INFO] 物体 2: FireExt1 (置信度: 0.53)
2026-06-22 14:27:20 [INFO] 物体 3: FireExt1 (置信度: 0.47)
2026-06-22 14:27:20 [INFO] 物体 4: FireExt1 (置信度: 0.41)
2026-06-22 14:27:20 [INFO] 物体 5: FireExt1 (置信度: 0.39)
2026-06-22 14:27:20 [INFO] 检测到车兜区域，将过滤区域外的目标
2026-06-22 14:27:20 [INFO] 车兜区域过滤: 5 -> 3 个目标
2026-06-22 14:27:20 [INFO] 准备保存检测结果到: C:\code\show\Scrap_Steel_In_Field\photos\dangerous_det\detection_20260622_142720.jpg
2026-06-22 14:27:20 [INFO] 图像形状: (2160, 3840, 3)
2026-06-22 14:27:20 [INFO] 图像数据类型: uint8
2026-06-22 14:27:20 [INFO] 图像最大值: 255
2026-06-22 14:27:20 [INFO] 图像最小值: 0
2026-06-22 14:27:20 [INFO] 开始保存检测结果图像: 图像尺寸=(2160, 3840, 3), 类型=uint8, 路径=C:\code\show\Scrap_Steel_In_Field\photos\dangerous_det\detection_20260622_142720.jpg
2026-06-22 14:27:20 [INFO] 成功保存检测结果到: C:\code\show\Scrap_Steel_In_Field\photos\dangerous_det\detection_20260622_142720.jpg
2026-06-22 14:27:20 [INFO] 保存的检测结果文件大小: 2337841 字节
2026-06-22 14:27:20 [INFO] 引擎上下文已释放
2026-06-22 14:27:20 [INFO] TensorRT 引擎已释放
2026-06-22 14:27:20 [INFO] 全局 CUDA 资源已释放
2026-06-22 14:27:20 [INFO] 检测系统资源已释放
2026-06-22 14:27:25 [INFO] CUDA 初始化成功
2026-06-22 14:27:25 [INFO] 引擎加载成功: dangerous.engine
2026-06-22 14:27:25 [INFO] 检测系统初始化成功
2026-06-22 14:27:25 [INFO] 图像预处理完成，原始尺寸: (2160, 3840)
2026-06-22 14:27:25 [INFO] 开始执行目标检测...
2026-06-22 14:27:25 [INFO] 检测完成，找到 5 个物体
2026-06-22 14:27:25 [INFO] 物体 1: GasCyl1 (置信度: 0.83)
2026-06-22 14:27:25 [INFO] 物体 2: FireExt1 (置信度: 0.55)
2026-06-22 14:27:25 [INFO] 物体 3: FireExt1 (置信度: 0.45)
2026-06-22 14:27:25 [INFO] 物体 4: FireExt1 (置信度: 0.45)
2026-06-22 14:27:25 [INFO] 物体 5: FireExt1 (置信度: 0.41)
2026-06-22 14:27:25 [INFO] 检测到车兜区域，将过滤区域外的目标
2026-06-22 14:27:25 [INFO] 车兜区域过滤: 5 -> 3 个目标
2026-06-22 14:27:25 [INFO] 准备保存检测结果到: C:\code\show\Scrap_Steel_In_Field\photos\dangerous_det\detection_20260622_142725.jpg
2026-06-22 14:27:25 [INFO] 图像形状: (2160, 3840, 3)
2026-06-22 14:27:25 [INFO] 图像数据类型: uint8
2026-06-22 14:27:25 [INFO] 图像最大值: 255
2026-06-22 14:27:25 [INFO] 图像最小值: 0
2026-06-22 14:27:25 [INFO] 开始保存检测结果图像: 图像尺寸=(2160, 3840, 3), 类型=uint8, 路径=C:\code\show\Scrap_Steel_In_Field\photos\dangerous_det\detection_20260622_142725.jpg
2026-06-22 14:27:25 [INFO] 成功保存检测结果到: C:\code\show\Scrap_Steel_In_Field\photos\dangerous_det\detection_20260622_142725.jpg
2026-06-22 14:27:25 [INFO] 保存的检测结果文件大小: 2326034 字节
2026-06-22 14:27:25 [INFO] 引擎上下文已释放
2026-06-22 14:27:25 [INFO] TensorRT 引擎已释放
2026-06-22 14:27:26 [INFO] 全局 CUDA 资源已释放
2026-06-22 14:27:26 [INFO] 检测系统资源已释放
