2026-06-05 09:49:25 [INFO] CUDA 初始化成功
2026-06-05 09:49:25 [INFO] 引擎加载成功: dangerous.engine
2026-06-05 09:49:25 [INFO] 检测系统初始化成功
2026-06-05 09:49:28 [INFO] 引擎加载成功: dangerous.engine
2026-06-05 09:49:28 [INFO] 检测系统初始化成功
2026-06-05 09:49:28 [INFO] 图像预处理完成，原始尺寸: (2160, 3840)
2026-06-05 09:49:28 [INFO] 开始执行目标检测...
2026-06-05 09:49:28 [INFO] 检测完成，找到 0 个物体
2026-06-05 09:49:28 [INFO] 检测到车兜区域，将过滤区域外的目标
2026-06-05 09:49:28 [INFO] 引擎上下文已释放
2026-06-05 09:49:28 [INFO] TensorRT 引擎已释放
2026-06-05 09:49:28 [INFO] 全局 CUDA 资源已释放
2026-06-05 09:49:28 [INFO] 检测系统资源已释放
2026-06-05 09:49:33 [INFO] CUDA 初始化成功
2026-06-05 09:49:33 [INFO] 引擎加载成功: dangerous.engine
2026-06-05 09:49:33 [INFO] 检测系统初始化成功
2026-06-05 09:49:33 [INFO] 图像预处理完成，原始尺寸: (2160, 3840)
2026-06-05 09:49:33 [INFO] 开始执行目标检测...
2026-06-05 09:49:34 [INFO] 检测完成，找到 4 个物体
2026-06-05 09:49:34 [INFO] 物体 1: GasCyl1 (置信度: 0.90)
2026-06-05 09:49:34 [INFO] 物体 2: GasCyl1 (置信度: 0.77)
2026-06-05 09:49:34 [INFO] 物体 3: GasCyl1 (置信度: 0.72)
2026-06-05 09:49:34 [INFO] 物体 4: FireExt1 (置信度: 0.41)
2026-06-05 09:49:34 [INFO] 检测到车兜区域，将过滤区域外的目标
2026-06-05 09:49:34 [INFO] 车兜区域过滤: 4 -> 3 个目标
2026-06-05 09:49:34 [INFO] 准备保存检测结果到: C:\code\show\Scrap_Steel_In_Field\photos\dangerous_det\detection_20260605_094934.jpg
2026-06-05 09:49:34 [INFO] 图像形状: (2160, 3840, 3)
2026-06-05 09:49:34 [INFO] 图像数据类型: uint8
2026-06-05 09:49:34 [INFO] 图像最大值: 255
2026-06-05 09:49:34 [INFO] 图像最小值: 0
2026-06-05 09:49:34 [INFO] 开始保存检测结果图像: 图像尺寸=(2160, 3840, 3), 类型=uint8, 路径=C:\code\show\Scrap_Steel_In_Field\photos\dangerous_det\detection_20260605_094934.jpg
2026-06-05 09:49:34 [INFO] 成功保存检测结果到: C:\code\show\Scrap_Steel_In_Field\photos\dangerous_det\detection_20260605_094934.jpg
2026-06-05 09:49:34 [INFO] 保存的检测结果文件大小: 2125541 字节
2026-06-05 09:49:34 [INFO] 引擎上下文已释放
2026-06-05 09:49:34 [INFO] TensorRT 引擎已释放
2026-06-05 09:49:34 [INFO] 全局 CUDA 资源已释放
2026-06-05 09:49:34 [INFO] 检测系统资源已释放
2026-06-05 09:49:41 [INFO] CUDA 初始化成功
2026-06-05 09:49:41 [INFO] 引擎加载成功: dangerous.engine
2026-06-05 09:49:41 [INFO] 检测系统初始化成功
2026-06-05 09:49:41 [INFO] 图像预处理完成，原始尺寸: (2160, 3840)
2026-06-05 09:49:41 [INFO] 开始执行目标检测...
2026-06-05 09:49:41 [INFO] 检测完成，找到 4 个物体
2026-06-05 09:49:41 [INFO] 物体 1: GasCyl1 (置信度: 0.91)
2026-06-05 09:49:41 [INFO] 物体 2: GasCyl1 (置信度: 0.81)
2026-06-05 09:49:41 [INFO] 物体 3: GasCyl1 (置信度: 0.63)
2026-06-05 09:49:41 [INFO] 物体 4: FireExt1 (置信度: 0.39)
2026-06-05 09:49:41 [INFO] 检测到车兜区域，将过滤区域外的目标
2026-06-05 09:49:41 [INFO] 车兜区域过滤: 4 -> 3 个目标
2026-06-05 09:49:41 [INFO] 准备保存检测结果到: C:\code\show\Scrap_Steel_In_Field\photos\dangerous_det\detection_20260605_094941.jpg
2026-06-05 09:49:41 [INFO] 图像形状: (2160, 3840, 3)
2026-06-05 09:49:41 [INFO] 图像数据类型: uint8
2026-06-05 09:49:41 [INFO] 图像最大值: 255
2026-06-05 09:49:41 [INFO] 图像最小值: 0
2026-06-05 09:49:41 [INFO] 开始保存检测结果图像: 图像尺寸=(2160, 3840, 3), 类型=uint8, 路径=C:\code\show\Scrap_Steel_In_Field\photos\dangerous_det\detection_20260605_094941.jpg
2026-06-05 09:49:41 [INFO] 成功保存检测结果到: C:\code\show\Scrap_Steel_In_Field\photos\dangerous_det\detection_20260605_094941.jpg
2026-06-05 09:49:41 [INFO] 保存的检测结果文件大小: 2116759 字节
2026-06-05 09:49:41 [INFO] 引擎上下文已释放
2026-06-05 09:49:41 [INFO] TensorRT 引擎已释放
2026-06-05 09:49:41 [INFO] 全局 CUDA 资源已释放
2026-06-05 09:49:41 [INFO] 检测系统资源已释放
2026-06-05 09:49:46 [INFO] CUDA 初始化成功
2026-06-05 09:49:46 [INFO] 引擎加载成功: dangerous.engine
2026-06-05 09:49:46 [INFO] 检测系统初始化成功
2026-06-05 09:49:46 [INFO] 图像预处理完成，原始尺寸: (2160, 3840)
2026-06-05 09:49:46 [INFO] 开始执行目标检测...
2026-06-05 09:49:46 [INFO] 检测完成，找到 4 个物体
2026-06-05 09:49:46 [INFO] 物体 1: GasCyl1 (置信度: 0.90)
2026-06-05 09:49:46 [INFO] 物体 2: GasCyl1 (置信度: 0.82)
2026-06-05 09:49:46 [INFO] 物体 3: GasCyl1 (置信度: 0.56)
2026-06-05 09:49:46 [INFO] 物体 4: FireExt1 (置信度: 0.37)
2026-06-05 09:49:46 [INFO] 检测到车兜区域，将过滤区域外的目标
2026-06-05 09:49:46 [INFO] 车兜区域过滤: 4 -> 3 个目标
2026-06-05 09:49:46 [INFO] 准备保存检测结果到: C:\code\show\Scrap_Steel_In_Field\photos\dangerous_det\detection_20260605_094946.jpg
2026-06-05 09:49:46 [INFO] 图像形状: (2160, 3840, 3)
2026-06-05 09:49:46 [INFO] 图像数据类型: uint8
2026-06-05 09:49:46 [INFO] 图像最大值: 255
2026-06-05 09:49:46 [INFO] 图像最小值: 0
2026-06-05 09:49:46 [INFO] 开始保存检测结果图像: 图像尺寸=(2160, 3840, 3), 类型=uint8, 路径=C:\code\show\Scrap_Steel_In_Field\photos\dangerous_det\detection_20260605_094946.jpg
2026-06-05 09:49:46 [INFO] 成功保存检测结果到: C:\code\show\Scrap_Steel_In_Field\photos\dangerous_det\detection_20260605_094946.jpg
2026-06-05 09:49:46 [INFO] 保存的检测结果文件大小: 2120114 字节
2026-06-05 09:49:46 [INFO] 引擎上下文已释放
2026-06-05 09:49:46 [INFO] TensorRT 引擎已释放
2026-06-05 09:49:46 [INFO] 全局 CUDA 资源已释放
2026-06-05 09:49:46 [INFO] 检测系统资源已释放
2026-06-05 09:49:51 [INFO] CUDA 初始化成功
2026-06-05 09:49:51 [INFO] 引擎加载成功: dangerous.engine
2026-06-05 09:49:51 [INFO] 检测系统初始化成功
2026-06-05 09:49:51 [INFO] 图像预处理完成，原始尺寸: (2160, 3840)
2026-06-05 09:49:51 [INFO] 开始执行目标检测...
2026-06-05 09:49:51 [INFO] 检测完成，找到 4 个物体
2026-06-05 09:49:51 [INFO] 物体 1: GasCyl1 (置信度: 0.90)
2026-06-05 09:49:51 [INFO] 物体 2: GasCyl1 (置信度: 0.83)
2026-06-05 09:49:51 [INFO] 物体 3: GasCyl1 (置信度: 0.59)
2026-06-05 09:49:51 [INFO] 物体 4: FireExt1 (置信度: 0.43)
2026-06-05 09:49:51 [INFO] 检测到车兜区域，将过滤区域外的目标
2026-06-05 09:49:51 [INFO] 车兜区域过滤: 4 -> 3 个目标
2026-06-05 09:49:51 [INFO] 准备保存检测结果到: C:\code\show\Scrap_Steel_In_Field\photos\dangerous_det\detection_20260605_094951.jpg
2026-06-05 09:49:51 [INFO] 图像形状: (2160, 3840, 3)
2026-06-05 09:49:51 [INFO] 图像数据类型: uint8
2026-06-05 09:49:51 [INFO] 图像最大值: 255
2026-06-05 09:49:51 [INFO] 图像最小值: 0
2026-06-05 09:49:51 [INFO] 开始保存检测结果图像: 图像尺寸=(2160, 3840, 3), 类型=uint8, 路径=C:\code\show\Scrap_Steel_In_Field\photos\dangerous_det\detection_20260605_094951.jpg
2026-06-05 09:49:51 [INFO] 成功保存检测结果到: C:\code\show\Scrap_Steel_In_Field\photos\dangerous_det\detection_20260605_094951.jpg
2026-06-05 09:49:51 [INFO] 保存的检测结果文件大小: 2134726 字节
2026-06-05 09:49:51 [INFO] 引擎上下文已释放
2026-06-05 09:49:51 [INFO] TensorRT 引擎已释放
2026-06-05 09:49:51 [INFO] 全局 CUDA 资源已释放
2026-06-05 09:49:51 [INFO] 检测系统资源已释放
2026-06-05 09:49:56 [INFO] CUDA 初始化成功
2026-06-05 09:49:56 [INFO] 引擎加载成功: dangerous.engine
2026-06-05 09:49:56 [INFO] 检测系统初始化成功
2026-06-05 09:49:56 [INFO] 图像预处理完成，原始尺寸: (2160, 3840)
2026-06-05 09:49:56 [INFO] 开始执行目标检测...
2026-06-05 09:49:56 [INFO] 检测完成，找到 3 个物体
2026-06-05 09:49:56 [INFO] 物体 1: GasCyl1 (置信度: 0.89)
2026-06-05 09:49:56 [INFO] 物体 2: GasCyl1 (置信度: 0.81)
2026-06-05 09:49:56 [INFO] 物体 3: GasCyl1 (置信度: 0.64)
2026-06-05 09:49:56 [INFO] 检测到车兜区域，将过滤区域外的目标
2026-06-05 09:49:56 [INFO] 准备保存检测结果到: C:\code\show\Scrap_Steel_In_Field\photos\dangerous_det\detection_20260605_094956.jpg
2026-06-05 09:49:56 [INFO] 图像形状: (2160, 3840, 3)
2026-06-05 09:49:56 [INFO] 图像数据类型: uint8
2026-06-05 09:49:56 [INFO] 图像最大值: 255
2026-06-05 09:49:56 [INFO] 图像最小值: 0
2026-06-05 09:49:56 [INFO] 开始保存检测结果图像: 图像尺寸=(2160, 3840, 3), 类型=uint8, 路径=C:\code\show\Scrap_Steel_In_Field\photos\dangerous_det\detection_20260605_094956.jpg
2026-06-05 09:49:56 [INFO] 成功保存检测结果到: C:\code\show\Scrap_Steel_In_Field\photos\dangerous_det\detection_20260605_094956.jpg
2026-06-05 09:49:56 [INFO] 保存的检测结果文件大小: 2119513 字节
2026-06-05 09:49:56 [INFO] 引擎上下文已释放
2026-06-05 09:49:56 [INFO] TensorRT 引擎已释放
2026-06-05 09:49:56 [INFO] 全局 CUDA 资源已释放
2026-06-05 09:49:56 [INFO] 检测系统资源已释放
2026-06-05 09:50:01 [INFO] CUDA 初始化成功
2026-06-05 09:50:01 [INFO] 引擎加载成功: dangerous.engine
2026-06-05 09:50:01 [INFO] 检测系统初始化成功
2026-06-05 09:50:01 [INFO] 图像预处理完成，原始尺寸: (2160, 3840)
2026-06-05 09:50:01 [INFO] 开始执行目标检测...
2026-06-05 09:50:01 [INFO] 检测完成，找到 4 个物体
2026-06-05 09:50:01 [INFO] 物体 1: GasCyl1 (置信度: 0.91)
2026-06-05 09:50:01 [INFO] 物体 2: GasCyl1 (置信度: 0.82)
2026-06-05 09:50:01 [INFO] 物体 3: GasCyl1 (置信度: 0.54)
2026-06-05 09:50:01 [INFO] 物体 4: FireExt1 (置信度: 0.37)
2026-06-05 09:50:01 [INFO] 检测到车兜区域，将过滤区域外的目标
2026-06-05 09:50:01 [INFO] 车兜区域过滤: 4 -> 3 个目标
2026-06-05 09:50:01 [INFO] 准备保存检测结果到: C:\code\show\Scrap_Steel_In_Field\photos\dangerous_det\detection_20260605_095001.jpg
2026-06-05 09:50:01 [INFO] 图像形状: (2160, 3840, 3)
2026-06-05 09:50:01 [INFO] 图像数据类型: uint8
2026-06-05 09:50:01 [INFO] 图像最大值: 255
2026-06-05 09:50:01 [INFO] 图像最小值: 0
2026-06-05 09:50:01 [INFO] 开始保存检测结果图像: 图像尺寸=(2160, 3840, 3), 类型=uint8, 路径=C:\code\show\Scrap_Steel_In_Field\photos\dangerous_det\detection_20260605_095001.jpg
2026-06-05 09:50:01 [INFO] 成功保存检测结果到: C:\code\show\Scrap_Steel_In_Field\photos\dangerous_det\detection_20260605_095001.jpg
2026-06-05 09:50:01 [INFO] 保存的检测结果文件大小: 2108553 字节
2026-06-05 09:50:01 [INFO] 引擎上下文已释放
2026-06-05 09:50:01 [INFO] TensorRT 引擎已释放
2026-06-05 09:50:01 [INFO] 全局 CUDA 资源已释放
2026-06-05 09:50:01 [INFO] 检测系统资源已释放
2026-06-05 09:50:06 [INFO] CUDA 初始化成功
2026-06-05 09:50:06 [INFO] 引擎加载成功: dangerous.engine
2026-06-05 09:50:06 [INFO] 检测系统初始化成功
2026-06-05 09:50:07 [INFO] 图像预处理完成，原始尺寸: (2160, 3840)
2026-06-05 09:50:07 [INFO] 开始执行目标检测...
2026-06-05 09:50:07 [INFO] 检测完成，找到 3 个物体
2026-06-05 09:50:07 [INFO] 物体 1: GasCyl1 (置信度: 0.90)
2026-06-05 09:50:07 [INFO] 物体 2: GasCyl1 (置信度: 0.81)
2026-06-05 09:50:07 [INFO] 物体 3: GasCyl1 (置信度: 0.57)
2026-06-05 09:50:07 [INFO] 检测到车兜区域，将过滤区域外的目标
2026-06-05 09:50:07 [INFO] 准备保存检测结果到: C:\code\show\Scrap_Steel_In_Field\photos\dangerous_det\detection_20260605_095007.jpg
2026-06-05 09:50:07 [INFO] 图像形状: (2160, 3840, 3)
2026-06-05 09:50:07 [INFO] 图像数据类型: uint8
2026-06-05 09:50:07 [INFO] 图像最大值: 255
2026-06-05 09:50:07 [INFO] 图像最小值: 0
2026-06-05 09:50:07 [INFO] 开始保存检测结果图像: 图像尺寸=(2160, 3840, 3), 类型=uint8, 路径=C:\code\show\Scrap_Steel_In_Field\photos\dangerous_det\detection_20260605_095007.jpg
2026-06-05 09:50:07 [INFO] 成功保存检测结果到: C:\code\show\Scrap_Steel_In_Field\photos\dangerous_det\detection_20260605_095007.jpg
2026-06-05 09:50:07 [INFO] 保存的检测结果文件大小: 2112144 字节
2026-06-05 09:50:07 [INFO] 引擎上下文已释放
2026-06-05 09:50:07 [INFO] TensorRT 引擎已释放
2026-06-05 09:50:07 [INFO] 全局 CUDA 资源已释放
2026-06-05 09:50:07 [INFO] 检测系统资源已释放
2026-06-05 09:50:12 [INFO] CUDA 初始化成功
2026-06-05 09:50:12 [INFO] 引擎加载成功: dangerous.engine
2026-06-05 09:50:12 [INFO] 检测系统初始化成功
2026-06-05 09:50:12 [INFO] 图像预处理完成，原始尺寸: (2160, 3840)
2026-06-05 09:50:12 [INFO] 开始执行目标检测...
2026-06-05 09:50:12 [INFO] 检测完成，找到 4 个物体
2026-06-05 09:50:12 [INFO] 物体 1: GasCyl1 (置信度: 0.90)
2026-06-05 09:50:12 [INFO] 物体 2: GasCyl1 (置信度: 0.82)
2026-06-05 09:50:12 [INFO] 物体 3: GasCyl1 (置信度: 0.50)
2026-06-05 09:50:12 [INFO] 物体 4: FireExt1 (置信度: 0.43)
2026-06-05 09:50:12 [INFO] 检测到车兜区域，将过滤区域外的目标
2026-06-05 09:50:12 [INFO] 车兜区域过滤: 4 -> 3 个目标
2026-06-05 09:50:12 [INFO] 准备保存检测结果到: C:\code\show\Scrap_Steel_In_Field\photos\dangerous_det\detection_20260605_095012.jpg
2026-06-05 09:50:12 [INFO] 图像形状: (2160, 3840, 3)
2026-06-05 09:50:12 [INFO] 图像数据类型: uint8
2026-06-05 09:50:12 [INFO] 图像最大值: 255
2026-06-05 09:50:12 [INFO] 图像最小值: 0
2026-06-05 09:50:12 [INFO] 开始保存检测结果图像: 图像尺寸=(2160, 3840, 3), 类型=uint8, 路径=C:\code\show\Scrap_Steel_In_Field\photos\dangerous_det\detection_20260605_095012.jpg
2026-06-05 09:50:12 [INFO] 成功保存检测结果到: C:\code\show\Scrap_Steel_In_Field\photos\dangerous_det\detection_20260605_095012.jpg
2026-06-05 09:50:12 [INFO] 保存的检测结果文件大小: 2115642 字节
2026-06-05 09:50:12 [INFO] 引擎上下文已释放
2026-06-05 09:50:12 [INFO] TensorRT 引擎已释放
2026-06-05 09:50:12 [INFO] 全局 CUDA 资源已释放
2026-06-05 09:50:12 [INFO] 检测系统资源已释放
