2026-05-21 09:37:07 [INFO] CUDA 初始化成功
2026-05-21 09:37:07 [INFO] 引擎加载成功: dangerous.engine
2026-05-21 09:37:07 [INFO] 检测系统初始化成功
2026-05-21 09:37:10 [INFO] 引擎加载成功: dangerous.engine
2026-05-21 09:37:10 [INFO] 检测系统初始化成功
2026-05-21 09:37:10 [INFO] 图像预处理完成，原始尺寸: (2160, 3840)
2026-05-21 09:37:10 [INFO] 开始执行目标检测...
2026-05-21 09:37:10 [INFO] 检测完成，找到 0 个物体
2026-05-21 09:37:10 [INFO] 引擎上下文已释放
2026-05-21 09:37:10 [INFO] TensorRT 引擎已释放
2026-05-21 09:37:10 [INFO] 全局 CUDA 资源已释放
2026-05-21 09:37:10 [INFO] 检测系统资源已释放
2026-05-21 09:37:14 [INFO] CUDA 初始化成功
2026-05-21 09:37:15 [INFO] 引擎加载成功: dangerous.engine
2026-05-21 09:37:15 [INFO] 检测系统初始化成功
2026-05-21 09:37:15 [INFO] 图像预处理完成，原始尺寸: (2160, 3840)
2026-05-21 09:37:15 [INFO] 开始执行目标检测...
2026-05-21 09:37:15 [INFO] 检测完成，找到 4 个物体
2026-05-21 09:37:15 [INFO] 物体 1: GasCyl1 (置信度: 0.88)
2026-05-21 09:37:15 [INFO] 物体 2: GasCyl1 (置信度: 0.78)
2026-05-21 09:37:15 [INFO] 物体 3: FireExt1 (置信度: 0.51)
2026-05-21 09:37:15 [INFO] 物体 4: FireExt1 (置信度: 0.28)
2026-05-21 09:37:34 [INFO] 检测到车兜区域，将过滤区域外的目标
2026-05-21 09:37:34 [INFO] 车兜区域过滤: 4 -> 2 个目标
