2025-05-20 16:40:41 [INFO] CUDA 初始化成功
2025-05-20 16:40:41 [INFO] 引擎加载成功: dangerous.engine
2025-05-20 16:40:41 [INFO] 检测系统初始化成功
2025-05-20 16:40:41 [INFO] 图像预处理完成，原始尺寸: (2160, 3840)
2025-05-20 16:40:41 [INFO] 开始执行目标检测...
2025-05-20 16:40:42 [INFO] 检测完成，找到 4 个物体
2025-05-20 16:40:42 [INFO] 物体 1: GasCyl1 (置信度: 0.80)
2025-05-20 16:40:42 [INFO] 物体 2: GasCyl1 (置信度: 0.73)
2025-05-20 16:40:42 [INFO] 物体 3: GasCyl1 (置信度: 0.61)
2025-05-20 16:40:42 [INFO] 物体 4: FireExt1 (置信度: 0.50)
2025-05-20 16:40:42 [INFO] 准备保存检测结果到: C:\Users\qinguang\feigangxiangmu\Scrap_steel_system\Scrap_Steel_In_Field\photos\dangerous_det\detection_20250520_164042.jpg
2025-05-20 16:40:42 [INFO] 图像形状: (2160, 3840, 3)
2025-05-20 16:40:42 [INFO] 图像数据类型: uint8
2025-05-20 16:40:42 [INFO] 图像最大值: 255
2025-05-20 16:40:42 [INFO] 图像最小值: 0
2025-05-20 16:40:42 [INFO] 开始保存检测结果图像: 图像尺寸=(2160, 3840, 3), 类型=uint8, 路径=C:\Users\qinguang\feigangxiangmu\Scrap_steel_system\Scrap_Steel_In_Field\photos\dangerous_det\detection_20250520_164042.jpg
2025-05-20 16:40:42 [INFO] 成功保存检测结果到: C:\Users\qinguang\feigangxiangmu\Scrap_steel_system\Scrap_Steel_In_Field\photos\dangerous_det\detection_20250520_164042.jpg
2025-05-20 16:40:42 [INFO] 保存的检测结果文件大小: 1796384 字节
2025-05-20 16:40:42 [INFO] 引擎上下文已释放
2025-05-20 16:40:42 [INFO] TensorRT 引擎已释放
2025-05-20 16:40:42 [INFO] 全局 CUDA 资源已释放
2025-05-20 16:40:42 [INFO] 检测系统资源已释放
2025-05-20 16:52:51 [INFO] CUDA 初始化成功
2025-05-20 16:52:51 [INFO] 引擎加载成功: dangerous.engine
2025-05-20 16:52:51 [INFO] 检测系统初始化成功
2025-05-20 16:52:51 [INFO] 图像预处理完成，原始尺寸: (2160, 3840)
2025-05-20 16:52:51 [INFO] 开始执行目标检测...
2025-05-20 16:52:51 [INFO] 检测完成，找到 4 个物体
2025-05-20 16:52:51 [INFO] 物体 1: GasCyl1 (置信度: 0.83)
2025-05-20 16:52:51 [INFO] 物体 2: FireExt1 (置信度: 0.45)
2025-05-20 16:52:51 [INFO] 物体 3: FireExt1 (置信度: 0.36)
2025-05-20 16:52:51 [INFO] 物体 4: GasCyl1 (置信度: 0.32)
2025-05-20 16:52:51 [INFO] 准备保存检测结果到: C:\Users\qinguang\feigangxiangmu\Scrap_steel_system\Scrap_Steel_In_Field\photos\dangerous_det\detection_20250520_165251.jpg
2025-05-20 16:52:51 [INFO] 图像形状: (2160, 3840, 3)
2025-05-20 16:52:51 [INFO] 图像数据类型: uint8
2025-05-20 16:52:51 [INFO] 图像最大值: 255
2025-05-20 16:52:51 [INFO] 图像最小值: 0
2025-05-20 16:52:51 [INFO] 开始保存检测结果图像: 图像尺寸=(2160, 3840, 3), 类型=uint8, 路径=C:\Users\qinguang\feigangxiangmu\Scrap_steel_system\Scrap_Steel_In_Field\photos\dangerous_det\detection_20250520_165251.jpg
2025-05-20 16:52:51 [INFO] 成功保存检测结果到: C:\Users\qinguang\feigangxiangmu\Scrap_steel_system\Scrap_Steel_In_Field\photos\dangerous_det\detection_20250520_165251.jpg
2025-05-20 16:52:51 [INFO] 保存的检测结果文件大小: 2079271 字节
2025-05-20 16:52:51 [INFO] 引擎上下文已释放
2025-05-20 16:52:51 [INFO] TensorRT 引擎已释放
2025-05-20 16:52:51 [INFO] 全局 CUDA 资源已释放
2025-05-20 16:52:51 [INFO] 检测系统资源已释放
2025-05-20 16:54:48 [INFO] CUDA 初始化成功
2025-05-20 16:54:48 [INFO] 引擎加载成功: dangerous.engine
2025-05-20 16:54:48 [INFO] 检测系统初始化成功
2025-05-20 16:54:48 [INFO] 图像预处理完成，原始尺寸: (2160, 3840)
2025-05-20 16:54:48 [INFO] 开始执行目标检测...
2025-05-20 16:54:48 [INFO] 检测完成，找到 0 个物体
2025-05-20 16:54:48 [INFO] 引擎上下文已释放
2025-05-20 16:54:48 [INFO] TensorRT 引擎已释放
2025-05-20 16:54:48 [INFO] 全局 CUDA 资源已释放
2025-05-20 16:54:48 [INFO] 检测系统资源已释放
