2026-08-02 14:11:49 [INFO] CUDA 初始化成功
2026-08-02 14:11:49 [INFO] 引擎加载成功: dangerous.engine
2026-08-02 14:11:49 [INFO] 检测系统初始化成功
2026-08-02 14:11:52 [INFO] 引擎加载成功: dangerous.engine
2026-08-02 14:11:52 [INFO] 检测系统初始化成功
2026-08-02 14:11:52 [INFO] 图像预处理完成，原始尺寸: (2160, 3840)
2026-08-02 14:11:52 [INFO] 开始执行目标检测...
2026-08-02 14:11:52 [INFO] 检测完成，找到 0 个物体
2026-08-02 14:11:52 [INFO] 检测到车兜区域，将过滤区域外的目标
2026-08-02 14:11:52 [INFO] 引擎上下文已释放
2026-08-02 14:11:52 [INFO] TensorRT 引擎已释放
2026-08-02 14:11:52 [INFO] 全局 CUDA 资源已释放
2026-08-02 14:11:52 [INFO] 检测系统资源已释放
2026-08-02 14:11:57 [INFO] CUDA 初始化成功
2026-08-02 14:11:57 [INFO] 引擎加载成功: dangerous.engine
2026-08-02 14:11:57 [INFO] 检测系统初始化成功
2026-08-02 14:11:57 [INFO] 图像预处理完成，原始尺寸: (2160, 3840)
2026-08-02 14:11:57 [INFO] 开始执行目标检测...
2026-08-02 14:11:57 [INFO] 检测完成，找到 3 个物体
2026-08-02 14:11:57 [INFO] 物体 1: GasCyl1 (置信度: 0.70)
2026-08-02 14:11:57 [INFO] 物体 2: FireExt1 (置信度: 0.45)
2026-08-02 14:11:57 [INFO] 物体 3: FireExt1 (置信度: 0.35)
2026-08-02 14:11:57 [INFO] 检测到车兜区域，将过滤区域外的目标
2026-08-02 14:11:57 [INFO] 准备保存检测结果到: C:\code\show\Scrap_Steel_In_Field\photos\dangerous_det\detection_20260802_141157.jpg
2026-08-02 14:11:57 [INFO] 图像形状: (2160, 3840, 3)
2026-08-02 14:11:57 [INFO] 图像数据类型: uint8
2026-08-02 14:11:57 [INFO] 图像最大值: 255
2026-08-02 14:11:57 [INFO] 图像最小值: 0
2026-08-02 14:11:57 [INFO] 开始保存检测结果图像: 图像尺寸=(2160, 3840, 3), 类型=uint8, 路径=C:\code\show\Scrap_Steel_In_Field\photos\dangerous_det\detection_20260802_141157.jpg
2026-08-02 14:11:57 [INFO] 成功保存检测结果到: C:\code\show\Scrap_Steel_In_Field\photos\dangerous_det\detection_20260802_141157.jpg
2026-08-02 14:11:57 [INFO] 保存的检测结果文件大小: 1951296 字节
2026-08-02 14:11:57 [INFO] 引擎上下文已释放
2026-08-02 14:11:57 [INFO] TensorRT 引擎已释放
2026-08-02 14:11:57 [INFO] 全局 CUDA 资源已释放
2026-08-02 14:11:57 [INFO] 检测系统资源已释放
2026-08-02 14:12:02 [INFO] CUDA 初始化成功
2026-08-02 14:12:02 [INFO] 引擎加载成功: dangerous.engine
2026-08-02 14:12:02 [INFO] 检测系统初始化成功
2026-08-02 14:12:02 [INFO] 图像预处理完成，原始尺寸: (2160, 3840)
2026-08-02 14:12:02 [INFO] 开始执行目标检测...
2026-08-02 14:12:02 [INFO] 检测完成，找到 4 个物体
2026-08-02 14:12:02 [INFO] 物体 1: GasCyl1 (置信度: 0.50)
2026-08-02 14:12:02 [INFO] 物体 2: FireExt1 (置信度: 0.46)
2026-08-02 14:12:02 [INFO] 物体 3: GasCyl1 (置信度: 0.44)
2026-08-02 14:12:02 [INFO] 物体 4: FireExt1 (置信度: 0.40)
2026-08-02 14:12:02 [INFO] 检测到车兜区域，将过滤区域外的目标
2026-08-02 14:12:02 [INFO] 准备保存检测结果到: C:\code\show\Scrap_Steel_In_Field\photos\dangerous_det\detection_20260802_141202.jpg
2026-08-02 14:12:02 [INFO] 图像形状: (2160, 3840, 3)
2026-08-02 14:12:02 [INFO] 图像数据类型: uint8
2026-08-02 14:12:02 [INFO] 图像最大值: 255
2026-08-02 14:12:02 [INFO] 图像最小值: 0
2026-08-02 14:12:02 [INFO] 开始保存检测结果图像: 图像尺寸=(2160, 3840, 3), 类型=uint8, 路径=C:\code\show\Scrap_Steel_In_Field\photos\dangerous_det\detection_20260802_141202.jpg
2026-08-02 14:12:02 [INFO] 成功保存检测结果到: C:\code\show\Scrap_Steel_In_Field\photos\dangerous_det\detection_20260802_141202.jpg
2026-08-02 14:12:02 [INFO] 保存的检测结果文件大小: 1962058 字节
2026-08-02 14:12:02 [INFO] 引擎上下文已释放
2026-08-02 14:12:02 [INFO] TensorRT 引擎已释放
2026-08-02 14:12:02 [INFO] 全局 CUDA 资源已释放
2026-08-02 14:12:02 [INFO] 检测系统资源已释放
2026-08-02 14:12:08 [INFO] CUDA 初始化成功
2026-08-02 14:12:08 [INFO] 引擎加载成功: dangerous.engine
2026-08-02 14:12:08 [INFO] 检测系统初始化成功
2026-08-02 14:12:08 [INFO] 图像预处理完成，原始尺寸: (2160, 3840)
2026-08-02 14:12:08 [INFO] 开始执行目标检测...
2026-08-02 14:12:08 [INFO] 检测完成，找到 3 个物体
2026-08-02 14:12:08 [INFO] 物体 1: GasCyl1 (置信度: 0.56)
2026-08-02 14:12:08 [INFO] 物体 2: FireExt1 (置信度: 0.46)
2026-08-02 14:12:08 [INFO] 物体 3: FireExt1 (置信度: 0.39)
2026-08-02 14:12:08 [INFO] 检测到车兜区域，将过滤区域外的目标
2026-08-02 14:12:08 [INFO] 准备保存检测结果到: C:\code\show\Scrap_Steel_In_Field\photos\dangerous_det\detection_20260802_141208.jpg
2026-08-02 14:12:08 [INFO] 图像形状: (2160, 3840, 3)
2026-08-02 14:12:08 [INFO] 图像数据类型: uint8
2026-08-02 14:12:08 [INFO] 图像最大值: 255
2026-08-02 14:12:08 [INFO] 图像最小值: 0
2026-08-02 14:12:08 [INFO] 开始保存检测结果图像: 图像尺寸=(2160, 3840, 3), 类型=uint8, 路径=C:\code\show\Scrap_Steel_In_Field\photos\dangerous_det\detection_20260802_141208.jpg
2026-08-02 14:12:08 [INFO] 成功保存检测结果到: C:\code\show\Scrap_Steel_In_Field\photos\dangerous_det\detection_20260802_141208.jpg
2026-08-02 14:12:08 [INFO] 保存的检测结果文件大小: 1957247 字节
2026-08-02 14:12:08 [INFO] 引擎上下文已释放
2026-08-02 14:12:08 [INFO] TensorRT 引擎已释放
2026-08-02 14:12:08 [INFO] 全局 CUDA 资源已释放
2026-08-02 14:12:08 [INFO] 检测系统资源已释放
2026-08-02 14:12:12 [INFO] CUDA 初始化成功
2026-08-02 14:12:13 [INFO] 引擎加载成功: dangerous.engine
2026-08-02 14:12:13 [INFO] 检测系统初始化成功
2026-08-02 14:12:13 [INFO] 图像预处理完成，原始尺寸: (2160, 3840)
2026-08-02 14:12:13 [INFO] 开始执行目标检测...
2026-08-02 14:12:13 [INFO] 检测完成，找到 4 个物体
2026-08-02 14:12:13 [INFO] 物体 1: GasCyl1 (置信度: 0.67)
2026-08-02 14:12:13 [INFO] 物体 2: FireExt1 (置信度: 0.46)
2026-08-02 14:12:13 [INFO] 物体 3: GasCyl1 (置信度: 0.39)
2026-08-02 14:12:13 [INFO] 物体 4: FireExt1 (置信度: 0.37)
2026-08-02 14:12:13 [INFO] 检测到车兜区域，将过滤区域外的目标
2026-08-02 14:12:13 [INFO] 准备保存检测结果到: C:\code\show\Scrap_Steel_In_Field\photos\dangerous_det\detection_20260802_141213.jpg
2026-08-02 14:12:13 [INFO] 图像形状: (2160, 3840, 3)
2026-08-02 14:12:13 [INFO] 图像数据类型: uint8
2026-08-02 14:12:13 [INFO] 图像最大值: 255
2026-08-02 14:12:13 [INFO] 图像最小值: 0
2026-08-02 14:12:13 [INFO] 开始保存检测结果图像: 图像尺寸=(2160, 3840, 3), 类型=uint8, 路径=C:\code\show\Scrap_Steel_In_Field\photos\dangerous_det\detection_20260802_141213.jpg
2026-08-02 14:12:13 [INFO] 成功保存检测结果到: C:\code\show\Scrap_Steel_In_Field\photos\dangerous_det\detection_20260802_141213.jpg
2026-08-02 14:12:13 [INFO] 保存的检测结果文件大小: 1963216 字节
2026-08-02 14:12:13 [INFO] 引擎上下文已释放
2026-08-02 14:12:13 [INFO] TensorRT 引擎已释放
2026-08-02 14:12:13 [INFO] 全局 CUDA 资源已释放
2026-08-02 14:12:13 [INFO] 检测系统资源已释放
2026-08-02 14:12:18 [INFO] CUDA 初始化成功
2026-08-02 14:12:18 [INFO] 引擎加载成功: dangerous.engine
2026-08-02 14:12:18 [INFO] 检测系统初始化成功
2026-08-02 14:12:18 [INFO] 图像预处理完成，原始尺寸: (2160, 3840)
2026-08-02 14:12:18 [INFO] 开始执行目标检测...
2026-08-02 14:12:18 [INFO] 检测完成，找到 4 个物体
2026-08-02 14:12:18 [INFO] 物体 1: GasCyl1 (置信度: 0.64)
2026-08-02 14:12:18 [INFO] 物体 2: FireExt1 (置信度: 0.42)
2026-08-02 14:12:18 [INFO] 物体 3: GasCyl1 (置信度: 0.41)
2026-08-02 14:12:18 [INFO] 物体 4: FireExt1 (置信度: 0.37)
2026-08-02 14:12:18 [INFO] 检测到车兜区域，将过滤区域外的目标
2026-08-02 14:12:18 [INFO] 准备保存检测结果到: C:\code\show\Scrap_Steel_In_Field\photos\dangerous_det\detection_20260802_141218.jpg
2026-08-02 14:12:18 [INFO] 图像形状: (2160, 3840, 3)
2026-08-02 14:12:18 [INFO] 图像数据类型: uint8
2026-08-02 14:12:18 [INFO] 图像最大值: 255
2026-08-02 14:12:18 [INFO] 图像最小值: 0
2026-08-02 14:12:18 [INFO] 开始保存检测结果图像: 图像尺寸=(2160, 3840, 3), 类型=uint8, 路径=C:\code\show\Scrap_Steel_In_Field\photos\dangerous_det\detection_20260802_141218.jpg
2026-08-02 14:12:18 [INFO] 成功保存检测结果到: C:\code\show\Scrap_Steel_In_Field\photos\dangerous_det\detection_20260802_141218.jpg
2026-08-02 14:12:18 [INFO] 保存的检测结果文件大小: 1962328 字节
2026-08-02 14:12:18 [INFO] 引擎上下文已释放
2026-08-02 14:12:18 [INFO] TensorRT 引擎已释放
2026-08-02 14:12:18 [INFO] 全局 CUDA 资源已释放
2026-08-02 14:12:18 [INFO] 检测系统资源已释放
2026-08-02 14:12:23 [INFO] CUDA 初始化成功
2026-08-02 14:12:23 [INFO] 引擎加载成功: dangerous.engine
2026-08-02 14:12:23 [INFO] 检测系统初始化成功
2026-08-02 14:12:23 [INFO] 图像预处理完成，原始尺寸: (2160, 3840)
2026-08-02 14:12:23 [INFO] 开始执行目标检测...
2026-08-02 14:12:23 [INFO] 检测完成，找到 4 个物体
2026-08-02 14:12:23 [INFO] 物体 1: GasCyl1 (置信度: 0.68)
2026-08-02 14:12:23 [INFO] 物体 2: FireExt1 (置信度: 0.45)
2026-08-02 14:12:23 [INFO] 物体 3: GasCyl1 (置信度: 0.38)
2026-08-02 14:12:23 [INFO] 物体 4: FireExt1 (置信度: 0.37)
2026-08-02 14:12:23 [INFO] 检测到车兜区域，将过滤区域外的目标
2026-08-02 14:12:23 [INFO] 准备保存检测结果到: C:\code\show\Scrap_Steel_In_Field\photos\dangerous_det\detection_20260802_141223.jpg
2026-08-02 14:12:23 [INFO] 图像形状: (2160, 3840, 3)
2026-08-02 14:12:23 [INFO] 图像数据类型: uint8
2026-08-02 14:12:23 [INFO] 图像最大值: 255
2026-08-02 14:12:23 [INFO] 图像最小值: 0
2026-08-02 14:12:23 [INFO] 开始保存检测结果图像: 图像尺寸=(2160, 3840, 3), 类型=uint8, 路径=C:\code\show\Scrap_Steel_In_Field\photos\dangerous_det\detection_20260802_141223.jpg
2026-08-02 14:12:23 [INFO] 成功保存检测结果到: C:\code\show\Scrap_Steel_In_Field\photos\dangerous_det\detection_20260802_141223.jpg
2026-08-02 14:12:23 [INFO] 保存的检测结果文件大小: 1965596 字节
2026-08-02 14:12:23 [INFO] 引擎上下文已释放
2026-08-02 14:12:23 [INFO] TensorRT 引擎已释放
2026-08-02 14:12:24 [INFO] 全局 CUDA 资源已释放
2026-08-02 14:12:24 [INFO] 检测系统资源已释放
2026-08-02 14:12:28 [INFO] CUDA 初始化成功
2026-08-02 14:12:29 [INFO] 引擎加载成功: dangerous.engine
2026-08-02 14:12:29 [INFO] 检测系统初始化成功
2026-08-02 14:12:29 [INFO] 图像预处理完成，原始尺寸: (2160, 3840)
2026-08-02 14:12:29 [INFO] 开始执行目标检测...
2026-08-02 14:12:29 [INFO] 检测完成，找到 4 个物体
2026-08-02 14:12:29 [INFO] 物体 1: GasCyl1 (置信度: 0.65)
2026-08-02 14:12:29 [INFO] 物体 2: FireExt1 (置信度: 0.46)
2026-08-02 14:12:29 [INFO] 物体 3: FireExt1 (置信度: 0.41)
2026-08-02 14:12:29 [INFO] 物体 4: GasCyl1 (置信度: 0.39)
2026-08-02 14:12:29 [INFO] 检测到车兜区域，将过滤区域外的目标
2026-08-02 14:12:29 [INFO] 准备保存检测结果到: C:\code\show\Scrap_Steel_In_Field\photos\dangerous_det\detection_20260802_141229.jpg
2026-08-02 14:12:29 [INFO] 图像形状: (2160, 3840, 3)
2026-08-02 14:12:29 [INFO] 图像数据类型: uint8
2026-08-02 14:12:29 [INFO] 图像最大值: 255
2026-08-02 14:12:29 [INFO] 图像最小值: 0
2026-08-02 14:12:29 [INFO] 开始保存检测结果图像: 图像尺寸=(2160, 3840, 3), 类型=uint8, 路径=C:\code\show\Scrap_Steel_In_Field\photos\dangerous_det\detection_20260802_141229.jpg
2026-08-02 14:12:29 [INFO] 成功保存检测结果到: C:\code\show\Scrap_Steel_In_Field\photos\dangerous_det\detection_20260802_141229.jpg
2026-08-02 14:12:29 [INFO] 保存的检测结果文件大小: 1964214 字节
2026-08-02 14:12:29 [INFO] 引擎上下文已释放
2026-08-02 14:12:29 [INFO] TensorRT 引擎已释放
2026-08-02 14:12:29 [INFO] 全局 CUDA 资源已释放
2026-08-02 14:12:29 [INFO] 检测系统资源已释放
2026-08-02 14:12:34 [INFO] CUDA 初始化成功
2026-08-02 14:12:34 [INFO] 引擎加载成功: dangerous.engine
2026-08-02 14:12:34 [INFO] 检测系统初始化成功
2026-08-02 14:12:34 [INFO] 图像预处理完成，原始尺寸: (2160, 3840)
2026-08-02 14:12:34 [INFO] 开始执行目标检测...
2026-08-02 14:12:34 [INFO] 检测完成，找到 4 个物体
2026-08-02 14:12:34 [INFO] 物体 1: GasCyl1 (置信度: 0.66)
2026-08-02 14:12:34 [INFO] 物体 2: FireExt1 (置信度: 0.45)
2026-08-02 14:12:34 [INFO] 物体 3: GasCyl1 (置信度: 0.37)
2026-08-02 14:12:34 [INFO] 物体 4: FireExt1 (置信度: 0.37)
2026-08-02 14:12:34 [INFO] 检测到车兜区域，将过滤区域外的目标
2026-08-02 14:12:34 [INFO] 准备保存检测结果到: C:\code\show\Scrap_Steel_In_Field\photos\dangerous_det\detection_20260802_141234.jpg
2026-08-02 14:12:34 [INFO] 图像形状: (2160, 3840, 3)
2026-08-02 14:12:34 [INFO] 图像数据类型: uint8
2026-08-02 14:12:34 [INFO] 图像最大值: 255
2026-08-02 14:12:34 [INFO] 图像最小值: 0
2026-08-02 14:12:34 [INFO] 开始保存检测结果图像: 图像尺寸=(2160, 3840, 3), 类型=uint8, 路径=C:\code\show\Scrap_Steel_In_Field\photos\dangerous_det\detection_20260802_141234.jpg
2026-08-02 14:12:34 [INFO] 成功保存检测结果到: C:\code\show\Scrap_Steel_In_Field\photos\dangerous_det\detection_20260802_141234.jpg
2026-08-02 14:12:34 [INFO] 保存的检测结果文件大小: 1967691 字节
2026-08-02 14:12:34 [INFO] 引擎上下文已释放
2026-08-02 14:12:34 [INFO] TensorRT 引擎已释放
2026-08-02 14:12:35 [INFO] 全局 CUDA 资源已释放
2026-08-02 14:12:35 [INFO] 检测系统资源已释放
2026-08-02 14:12:39 [INFO] CUDA 初始化成功
2026-08-02 14:12:39 [INFO] 引擎加载成功: dangerous.engine
2026-08-02 14:12:39 [INFO] 检测系统初始化成功
2026-08-02 14:12:39 [INFO] 图像预处理完成，原始尺寸: (2160, 3840)
2026-08-02 14:12:39 [INFO] 开始执行目标检测...
2026-08-02 14:12:39 [INFO] 检测完成，找到 4 个物体
2026-08-02 14:12:39 [INFO] 物体 1: GasCyl1 (置信度: 0.61)
2026-08-02 14:12:39 [INFO] 物体 2: FireExt1 (置信度: 0.48)
2026-08-02 14:12:39 [INFO] 物体 3: GasCyl1 (置信度: 0.42)
2026-08-02 14:12:39 [INFO] 物体 4: FireExt1 (置信度: 0.42)
2026-08-02 14:12:39 [INFO] 检测到车兜区域，将过滤区域外的目标
2026-08-02 14:12:39 [INFO] 准备保存检测结果到: C:\code\show\Scrap_Steel_In_Field\photos\dangerous_det\detection_20260802_141239.jpg
2026-08-02 14:12:39 [INFO] 图像形状: (2160, 3840, 3)
2026-08-02 14:12:39 [INFO] 图像数据类型: uint8
2026-08-02 14:12:39 [INFO] 图像最大值: 255
2026-08-02 14:12:39 [INFO] 图像最小值: 0
2026-08-02 14:12:39 [INFO] 开始保存检测结果图像: 图像尺寸=(2160, 3840, 3), 类型=uint8, 路径=C:\code\show\Scrap_Steel_In_Field\photos\dangerous_det\detection_20260802_141239.jpg
2026-08-02 14:12:39 [INFO] 成功保存检测结果到: C:\code\show\Scrap_Steel_In_Field\photos\dangerous_det\detection_20260802_141239.jpg
2026-08-02 14:12:39 [INFO] 保存的检测结果文件大小: 1966012 字节
2026-08-02 14:12:39 [INFO] 引擎上下文已释放
2026-08-02 14:12:39 [INFO] TensorRT 引擎已释放
2026-08-02 14:12:39 [INFO] 全局 CUDA 资源已释放
2026-08-02 14:12:39 [INFO] 检测系统资源已释放
2026-08-02 14:12:44 [INFO] CUDA 初始化成功
2026-08-02 14:12:44 [INFO] 引擎加载成功: dangerous.engine
2026-08-02 14:12:44 [INFO] 检测系统初始化成功
2026-08-02 14:12:45 [INFO] 图像预处理完成，原始尺寸: (2160, 3840)
2026-08-02 14:12:45 [INFO] 开始执行目标检测...
2026-08-02 14:12:45 [INFO] 检测完成，找到 4 个物体
2026-08-02 14:12:45 [INFO] 物体 1: GasCyl1 (置信度: 0.69)
2026-08-02 14:12:45 [INFO] 物体 2: GasCyl1 (置信度: 0.47)
2026-08-02 14:12:45 [INFO] 物体 3: FireExt1 (置信度: 0.45)
2026-08-02 14:12:45 [INFO] 物体 4: FireExt1 (置信度: 0.41)
2026-08-02 14:12:45 [INFO] 检测到车兜区域，将过滤区域外的目标
2026-08-02 14:12:45 [INFO] 准备保存检测结果到: C:\code\show\Scrap_Steel_In_Field\photos\dangerous_det\detection_20260802_141245.jpg
2026-08-02 14:12:45 [INFO] 图像形状: (2160, 3840, 3)
2026-08-02 14:12:45 [INFO] 图像数据类型: uint8
2026-08-02 14:12:45 [INFO] 图像最大值: 255
2026-08-02 14:12:45 [INFO] 图像最小值: 0
2026-08-02 14:12:45 [INFO] 开始保存检测结果图像: 图像尺寸=(2160, 3840, 3), 类型=uint8, 路径=C:\code\show\Scrap_Steel_In_Field\photos\dangerous_det\detection_20260802_141245.jpg
2026-08-02 14:12:45 [INFO] 成功保存检测结果到: C:\code\show\Scrap_Steel_In_Field\photos\dangerous_det\detection_20260802_141245.jpg
2026-08-02 14:12:45 [INFO] 保存的检测结果文件大小: 1970051 字节
2026-08-02 14:12:45 [INFO] 引擎上下文已释放
2026-08-02 14:12:45 [INFO] TensorRT 引擎已释放
2026-08-02 14:12:45 [INFO] 全局 CUDA 资源已释放
2026-08-02 14:12:45 [INFO] 检测系统资源已释放
2026-08-02 14:12:50 [INFO] CUDA 初始化成功
2026-08-02 14:12:50 [INFO] 引擎加载成功: dangerous.engine
2026-08-02 14:12:50 [INFO] 检测系统初始化成功
2026-08-02 14:12:50 [INFO] 图像预处理完成，原始尺寸: (2160, 3840)
2026-08-02 14:12:50 [INFO] 开始执行目标检测...
2026-08-02 14:12:50 [INFO] 检测完成，找到 4 个物体
2026-08-02 14:12:50 [INFO] 物体 1: GasCyl1 (置信度: 0.64)
2026-08-02 14:12:50 [INFO] 物体 2: GasCyl1 (置信度: 0.48)
2026-08-02 14:12:50 [INFO] 物体 3: FireExt1 (置信度: 0.44)
2026-08-02 14:12:50 [INFO] 物体 4: FireExt1 (置信度: 0.35)
2026-08-02 14:12:50 [INFO] 检测到车兜区域，将过滤区域外的目标
2026-08-02 14:12:50 [INFO] 准备保存检测结果到: C:\code\show\Scrap_Steel_In_Field\photos\dangerous_det\detection_20260802_141250.jpg
2026-08-02 14:12:50 [INFO] 图像形状: (2160, 3840, 3)
2026-08-02 14:12:50 [INFO] 图像数据类型: uint8
2026-08-02 14:12:50 [INFO] 图像最大值: 255
2026-08-02 14:12:50 [INFO] 图像最小值: 0
2026-08-02 14:12:50 [INFO] 开始保存检测结果图像: 图像尺寸=(2160, 3840, 3), 类型=uint8, 路径=C:\code\show\Scrap_Steel_In_Field\photos\dangerous_det\detection_20260802_141250.jpg
2026-08-02 14:12:50 [INFO] 成功保存检测结果到: C:\code\show\Scrap_Steel_In_Field\photos\dangerous_det\detection_20260802_141250.jpg
2026-08-02 14:12:50 [INFO] 保存的检测结果文件大小: 1966442 字节
2026-08-02 14:12:50 [INFO] 引擎上下文已释放
2026-08-02 14:12:50 [INFO] TensorRT 引擎已释放
2026-08-02 14:12:50 [INFO] 全局 CUDA 资源已释放
2026-08-02 14:12:50 [INFO] 检测系统资源已释放
2026-08-02 14:12:57 [INFO] CUDA 初始化成功
2026-08-02 14:12:57 [INFO] 引擎加载成功: dangerous.engine
2026-08-02 14:12:57 [INFO] 检测系统初始化成功
2026-08-02 14:12:58 [INFO] 图像预处理完成，原始尺寸: (2160, 3840)
2026-08-02 14:12:58 [INFO] 开始执行目标检测...
2026-08-02 14:12:58 [INFO] 检测完成，找到 4 个物体
2026-08-02 14:12:58 [INFO] 物体 1: GasCyl1 (置信度: 0.60)
2026-08-02 14:12:58 [INFO] 物体 2: FireExt1 (置信度: 0.46)
2026-08-02 14:12:58 [INFO] 物体 3: FireExt1 (置信度: 0.38)
2026-08-02 14:12:58 [INFO] 物体 4: GasCyl1 (置信度: 0.38)
2026-08-02 14:12:58 [INFO] 检测到车兜区域，将过滤区域外的目标
2026-08-02 14:12:58 [INFO] 准备保存检测结果到: C:\code\show\Scrap_Steel_In_Field\photos\dangerous_det\detection_20260802_141258.jpg
2026-08-02 14:12:58 [INFO] 图像形状: (2160, 3840, 3)
2026-08-02 14:12:58 [INFO] 图像数据类型: uint8
2026-08-02 14:12:58 [INFO] 图像最大值: 255
2026-08-02 14:12:58 [INFO] 图像最小值: 0
2026-08-02 14:12:58 [INFO] 开始保存检测结果图像: 图像尺寸=(2160, 3840, 3), 类型=uint8, 路径=C:\code\show\Scrap_Steel_In_Field\photos\dangerous_det\detection_20260802_141258.jpg
2026-08-02 14:12:58 [INFO] 成功保存检测结果到: C:\code\show\Scrap_Steel_In_Field\photos\dangerous_det\detection_20260802_141258.jpg
2026-08-02 14:12:58 [INFO] 保存的检测结果文件大小: 1961983 字节
2026-08-02 14:12:58 [INFO] 引擎上下文已释放
2026-08-02 14:12:58 [INFO] TensorRT 引擎已释放
2026-08-02 14:12:58 [INFO] 全局 CUDA 资源已释放
2026-08-02 14:12:58 [INFO] 检测系统资源已释放
2026-08-02 14:13:03 [INFO] CUDA 初始化成功
2026-08-02 14:13:03 [INFO] 引擎加载成功: dangerous.engine
2026-08-02 14:13:03 [INFO] 检测系统初始化成功
2026-08-02 14:13:03 [INFO] 图像预处理完成，原始尺寸: (2160, 3840)
2026-08-02 14:13:03 [INFO] 开始执行目标检测...
2026-08-02 14:13:03 [INFO] 检测完成，找到 4 个物体
2026-08-02 14:13:03 [INFO] 物体 1: GasCyl1 (置信度: 0.64)
2026-08-02 14:13:03 [INFO] 物体 2: GasCyl1 (置信度: 0.49)
2026-08-02 14:13:03 [INFO] 物体 3: FireExt1 (置信度: 0.46)
2026-08-02 14:13:03 [INFO] 物体 4: FireExt1 (置信度: 0.38)
2026-08-02 14:13:03 [INFO] 检测到车兜区域，将过滤区域外的目标
2026-08-02 14:13:03 [INFO] 准备保存检测结果到: C:\code\show\Scrap_Steel_In_Field\photos\dangerous_det\detection_20260802_141303.jpg
2026-08-02 14:13:03 [INFO] 图像形状: (2160, 3840, 3)
2026-08-02 14:13:03 [INFO] 图像数据类型: uint8
2026-08-02 14:13:03 [INFO] 图像最大值: 255
2026-08-02 14:13:03 [INFO] 图像最小值: 0
2026-08-02 14:13:03 [INFO] 开始保存检测结果图像: 图像尺寸=(2160, 3840, 3), 类型=uint8, 路径=C:\code\show\Scrap_Steel_In_Field\photos\dangerous_det\detection_20260802_141303.jpg
2026-08-02 14:13:03 [INFO] 成功保存检测结果到: C:\code\show\Scrap_Steel_In_Field\photos\dangerous_det\detection_20260802_141303.jpg
2026-08-02 14:13:03 [INFO] 保存的检测结果文件大小: 1969429 字节
2026-08-02 14:13:03 [INFO] 引擎上下文已释放
2026-08-02 14:13:03 [INFO] TensorRT 引擎已释放
2026-08-02 14:13:03 [INFO] 全局 CUDA 资源已释放
2026-08-02 14:13:03 [INFO] 检测系统资源已释放
2026-08-02 14:13:08 [INFO] CUDA 初始化成功
2026-08-02 14:13:08 [INFO] 引擎加载成功: dangerous.engine
2026-08-02 14:13:08 [INFO] 检测系统初始化成功
2026-08-02 14:13:08 [INFO] 图像预处理完成，原始尺寸: (2160, 3840)
2026-08-02 14:13:08 [INFO] 开始执行目标检测...
2026-08-02 14:13:08 [INFO] 检测完成，找到 3 个物体
2026-08-02 14:13:08 [INFO] 物体 1: GasCyl1 (置信度: 0.59)
2026-08-02 14:13:08 [INFO] 物体 2: GasCyl1 (置信度: 0.54)
2026-08-02 14:13:08 [INFO] 物体 3: FireExt1 (置信度: 0.46)
2026-08-02 14:13:08 [INFO] 检测到车兜区域，将过滤区域外的目标
2026-08-02 14:13:08 [INFO] 准备保存检测结果到: C:\code\show\Scrap_Steel_In_Field\photos\dangerous_det\detection_20260802_141308.jpg
2026-08-02 14:13:08 [INFO] 图像形状: (2160, 3840, 3)
2026-08-02 14:13:08 [INFO] 图像数据类型: uint8
2026-08-02 14:13:08 [INFO] 图像最大值: 255
2026-08-02 14:13:08 [INFO] 图像最小值: 0
2026-08-02 14:13:08 [INFO] 开始保存检测结果图像: 图像尺寸=(2160, 3840, 3), 类型=uint8, 路径=C:\code\show\Scrap_Steel_In_Field\photos\dangerous_det\detection_20260802_141308.jpg
2026-08-02 14:13:08 [INFO] 成功保存检测结果到: C:\code\show\Scrap_Steel_In_Field\photos\dangerous_det\detection_20260802_141308.jpg
2026-08-02 14:13:08 [INFO] 保存的检测结果文件大小: 1957467 字节
2026-08-02 14:13:08 [INFO] 引擎上下文已释放
2026-08-02 14:13:08 [INFO] TensorRT 引擎已释放
2026-08-02 14:13:08 [INFO] 全局 CUDA 资源已释放
2026-08-02 14:13:08 [INFO] 检测系统资源已释放
2026-08-02 14:13:13 [INFO] CUDA 初始化成功
2026-08-02 14:13:13 [INFO] 引擎加载成功: dangerous.engine
2026-08-02 14:13:13 [INFO] 检测系统初始化成功
2026-08-02 14:13:13 [INFO] 图像预处理完成，原始尺寸: (2160, 3840)
2026-08-02 14:13:13 [INFO] 开始执行目标检测...
2026-08-02 14:13:13 [INFO] 检测完成，找到 2 个物体
2026-08-02 14:13:13 [INFO] 物体 1: GasCyl1 (置信度: 0.55)
2026-08-02 14:13:13 [INFO] 物体 2: FireExt1 (置信度: 0.39)
2026-08-02 14:13:14 [INFO] 准备保存检测结果到: C:\code\show\Scrap_Steel_In_Field\photos\dangerous_det\detection_20260802_141314.jpg
2026-08-02 14:13:14 [INFO] 图像形状: (2160, 3840, 3)
2026-08-02 14:13:14 [INFO] 图像数据类型: uint8
2026-08-02 14:13:14 [INFO] 图像最大值: 255
2026-08-02 14:13:14 [INFO] 图像最小值: 0
2026-08-02 14:13:14 [INFO] 开始保存检测结果图像: 图像尺寸=(2160, 3840, 3), 类型=uint8, 路径=C:\code\show\Scrap_Steel_In_Field\photos\dangerous_det\detection_20260802_141314.jpg
2026-08-02 14:13:14 [INFO] 成功保存检测结果到: C:\code\show\Scrap_Steel_In_Field\photos\dangerous_det\detection_20260802_141314.jpg
2026-08-02 14:13:14 [INFO] 保存的检测结果文件大小: 1651086 字节
2026-08-02 14:13:14 [INFO] 引擎上下文已释放
2026-08-02 14:13:14 [INFO] TensorRT 引擎已释放
2026-08-02 14:13:14 [INFO] 全局 CUDA 资源已释放
2026-08-02 14:13:14 [INFO] 检测系统资源已释放
2026-08-02 14:13:19 [INFO] CUDA 初始化成功
2026-08-02 14:13:19 [INFO] 引擎加载成功: dangerous.engine
2026-08-02 14:13:19 [INFO] 检测系统初始化成功
2026-08-02 14:13:19 [INFO] 图像预处理完成，原始尺寸: (2160, 3840)
2026-08-02 14:13:19 [INFO] 开始执行目标检测...
2026-08-02 14:13:19 [INFO] 检测完成，找到 0 个物体
2026-08-02 14:13:19 [INFO] 引擎上下文已释放
2026-08-02 14:13:19 [INFO] TensorRT 引擎已释放
2026-08-02 14:13:19 [INFO] 全局 CUDA 资源已释放
2026-08-02 14:13:19 [INFO] 检测系统资源已释放
2026-08-02 14:13:23 [INFO] CUDA 初始化成功
2026-08-02 14:13:24 [INFO] 引擎加载成功: dangerous.engine
2026-08-02 14:13:24 [INFO] 检测系统初始化成功
2026-08-02 14:13:24 [INFO] 图像预处理完成，原始尺寸: (2160, 3840)
2026-08-02 14:13:24 [INFO] 开始执行目标检测...
2026-08-02 14:13:24 [INFO] 检测完成，找到 4 个物体
2026-08-02 14:13:24 [INFO] 物体 1: GasCyl1 (置信度: 0.62)
2026-08-02 14:13:24 [INFO] 物体 2: FireExt1 (置信度: 0.46)
2026-08-02 14:13:24 [INFO] 物体 3: GasCyl1 (置信度: 0.43)
2026-08-02 14:13:24 [INFO] 物体 4: FireExt1 (置信度: 0.38)
2026-08-02 14:13:24 [INFO] 检测到车兜区域，将过滤区域外的目标
2026-08-02 14:13:24 [INFO] 准备保存检测结果到: C:\code\show\Scrap_Steel_In_Field\photos\dangerous_det\detection_20260802_141324.jpg
2026-08-02 14:13:24 [INFO] 图像形状: (2160, 3840, 3)
2026-08-02 14:13:24 [INFO] 图像数据类型: uint8
2026-08-02 14:13:24 [INFO] 图像最大值: 255
2026-08-02 14:13:24 [INFO] 图像最小值: 0
2026-08-02 14:13:24 [INFO] 开始保存检测结果图像: 图像尺寸=(2160, 3840, 3), 类型=uint8, 路径=C:\code\show\Scrap_Steel_In_Field\photos\dangerous_det\detection_20260802_141324.jpg
2026-08-02 14:13:24 [INFO] 成功保存检测结果到: C:\code\show\Scrap_Steel_In_Field\photos\dangerous_det\detection_20260802_141324.jpg
2026-08-02 14:13:24 [INFO] 保存的检测结果文件大小: 1869694 字节
2026-08-02 14:13:24 [INFO] 引擎上下文已释放
2026-08-02 14:13:24 [INFO] TensorRT 引擎已释放
2026-08-02 14:13:24 [INFO] 全局 CUDA 资源已释放
2026-08-02 14:13:24 [INFO] 检测系统资源已释放
2026-08-02 14:13:29 [INFO] CUDA 初始化成功
2026-08-02 14:13:29 [INFO] 引擎加载成功: dangerous.engine
2026-08-02 14:13:29 [INFO] 检测系统初始化成功
2026-08-02 14:13:29 [INFO] 图像预处理完成，原始尺寸: (2160, 3840)
2026-08-02 14:13:29 [INFO] 开始执行目标检测...
2026-08-02 14:13:29 [INFO] 检测完成，找到 3 个物体
2026-08-02 14:13:29 [INFO] 物体 1: GasCyl1 (置信度: 0.62)
2026-08-02 14:13:29 [INFO] 物体 2: GasCyl1 (置信度: 0.48)
2026-08-02 14:13:29 [INFO] 物体 3: FireExt1 (置信度: 0.43)
2026-08-02 14:13:29 [INFO] 检测到车兜区域，将过滤区域外的目标
2026-08-02 14:13:29 [INFO] 准备保存检测结果到: C:\code\show\Scrap_Steel_In_Field\photos\dangerous_det\detection_20260802_141329.jpg
2026-08-02 14:13:29 [INFO] 图像形状: (2160, 3840, 3)
2026-08-02 14:13:29 [INFO] 图像数据类型: uint8
2026-08-02 14:13:29 [INFO] 图像最大值: 255
2026-08-02 14:13:29 [INFO] 图像最小值: 0
2026-08-02 14:13:29 [INFO] 开始保存检测结果图像: 图像尺寸=(2160, 3840, 3), 类型=uint8, 路径=C:\code\show\Scrap_Steel_In_Field\photos\dangerous_det\detection_20260802_141329.jpg
2026-08-02 14:13:29 [INFO] 成功保存检测结果到: C:\code\show\Scrap_Steel_In_Field\photos\dangerous_det\detection_20260802_141329.jpg
2026-08-02 14:13:29 [INFO] 保存的检测结果文件大小: 1956119 字节
2026-08-02 14:13:29 [INFO] 引擎上下文已释放
2026-08-02 14:13:29 [INFO] TensorRT 引擎已释放
2026-08-02 14:13:29 [INFO] 全局 CUDA 资源已释放
2026-08-02 14:13:29 [INFO] 检测系统资源已释放
2026-08-02 14:13:34 [INFO] CUDA 初始化成功
2026-08-02 14:13:34 [INFO] 引擎加载成功: dangerous.engine
2026-08-02 14:13:34 [INFO] 检测系统初始化成功
2026-08-02 14:13:34 [INFO] 图像预处理完成，原始尺寸: (2160, 3840)
2026-08-02 14:13:34 [INFO] 开始执行目标检测...
2026-08-02 14:13:34 [INFO] 检测完成，找到 3 个物体
2026-08-02 14:13:34 [INFO] 物体 1: GasCyl1 (置信度: 0.55)
2026-08-02 14:13:34 [INFO] 物体 2: GasCyl1 (置信度: 0.53)
2026-08-02 14:13:34 [INFO] 物体 3: FireExt1 (置信度: 0.36)
2026-08-02 14:13:34 [INFO] 准备保存检测结果到: C:\code\show\Scrap_Steel_In_Field\photos\dangerous_det\detection_20260802_141334.jpg
2026-08-02 14:13:34 [INFO] 图像形状: (2160, 3840, 3)
2026-08-02 14:13:34 [INFO] 图像数据类型: uint8
2026-08-02 14:13:34 [INFO] 图像最大值: 255
2026-08-02 14:13:34 [INFO] 图像最小值: 0
2026-08-02 14:13:34 [INFO] 开始保存检测结果图像: 图像尺寸=(2160, 3840, 3), 类型=uint8, 路径=C:\code\show\Scrap_Steel_In_Field\photos\dangerous_det\detection_20260802_141334.jpg
2026-08-02 14:13:35 [INFO] 成功保存检测结果到: C:\code\show\Scrap_Steel_In_Field\photos\dangerous_det\detection_20260802_141334.jpg
2026-08-02 14:13:35 [INFO] 保存的检测结果文件大小: 1414931 字节
2026-08-02 14:13:35 [INFO] 引擎上下文已释放
2026-08-02 14:13:35 [INFO] TensorRT 引擎已释放
2026-08-02 14:13:35 [INFO] 全局 CUDA 资源已释放
2026-08-02 14:13:35 [INFO] 检测系统资源已释放
2026-08-02 14:13:39 [INFO] CUDA 初始化成功
2026-08-02 14:13:39 [INFO] 引擎加载成功: dangerous.engine
2026-08-02 14:13:39 [INFO] 检测系统初始化成功
2026-08-02 14:13:39 [INFO] 图像预处理完成，原始尺寸: (2160, 3840)
2026-08-02 14:13:39 [INFO] 开始执行目标检测...
2026-08-02 14:13:39 [INFO] 检测完成，找到 3 个物体
2026-08-02 14:13:39 [INFO] 物体 1: GasCyl1 (置信度: 0.69)
2026-08-02 14:13:39 [INFO] 物体 2: GasCyl1 (置信度: 0.46)
2026-08-02 14:13:39 [INFO] 物体 3: FireExt1 (置信度: 0.41)
2026-08-02 14:13:39 [INFO] 检测到车兜区域，将过滤区域外的目标
2026-08-02 14:13:39 [INFO] 准备保存检测结果到: C:\code\show\Scrap_Steel_In_Field\photos\dangerous_det\detection_20260802_141339.jpg
2026-08-02 14:13:39 [INFO] 图像形状: (2160, 3840, 3)
2026-08-02 14:13:39 [INFO] 图像数据类型: uint8
2026-08-02 14:13:39 [INFO] 图像最大值: 255
2026-08-02 14:13:40 [INFO] 图像最小值: 0
2026-08-02 14:13:40 [INFO] 开始保存检测结果图像: 图像尺寸=(2160, 3840, 3), 类型=uint8, 路径=C:\code\show\Scrap_Steel_In_Field\photos\dangerous_det\detection_20260802_141339.jpg
2026-08-02 14:13:40 [INFO] 成功保存检测结果到: C:\code\show\Scrap_Steel_In_Field\photos\dangerous_det\detection_20260802_141339.jpg
2026-08-02 14:13:40 [INFO] 保存的检测结果文件大小: 1805742 字节
2026-08-02 14:13:40 [INFO] 引擎上下文已释放
2026-08-02 14:13:40 [INFO] TensorRT 引擎已释放
2026-08-02 14:13:40 [INFO] 全局 CUDA 资源已释放
2026-08-02 14:13:40 [INFO] 检测系统资源已释放
2026-08-02 14:13:45 [INFO] CUDA 初始化成功
2026-08-02 14:13:45 [INFO] 引擎加载成功: dangerous.engine
2026-08-02 14:13:45 [INFO] 检测系统初始化成功
2026-08-02 14:13:45 [INFO] 图像预处理完成，原始尺寸: (2160, 3840)
2026-08-02 14:13:45 [INFO] 开始执行目标检测...
2026-08-02 14:13:45 [INFO] 检测完成，找到 3 个物体
2026-08-02 14:13:45 [INFO] 物体 1: GasCyl1 (置信度: 0.70)
2026-08-02 14:13:45 [INFO] 物体 2: GasCyl1 (置信度: 0.44)
2026-08-02 14:13:45 [INFO] 物体 3: FireExt1 (置信度: 0.43)
2026-08-02 14:13:45 [INFO] 检测到车兜区域，将过滤区域外的目标
2026-08-02 14:13:45 [INFO] 准备保存检测结果到: C:\code\show\Scrap_Steel_In_Field\photos\dangerous_det\detection_20260802_141345.jpg
2026-08-02 14:13:45 [INFO] 图像形状: (2160, 3840, 3)
2026-08-02 14:13:45 [INFO] 图像数据类型: uint8
2026-08-02 14:13:45 [INFO] 图像最大值: 255
2026-08-02 14:13:45 [INFO] 图像最小值: 0
2026-08-02 14:13:45 [INFO] 开始保存检测结果图像: 图像尺寸=(2160, 3840, 3), 类型=uint8, 路径=C:\code\show\Scrap_Steel_In_Field\photos\dangerous_det\detection_20260802_141345.jpg
2026-08-02 14:13:45 [INFO] 成功保存检测结果到: C:\code\show\Scrap_Steel_In_Field\photos\dangerous_det\detection_20260802_141345.jpg
2026-08-02 14:13:45 [INFO] 保存的检测结果文件大小: 1954639 字节
2026-08-02 14:13:45 [INFO] 引擎上下文已释放
2026-08-02 14:13:45 [INFO] TensorRT 引擎已释放
2026-08-02 14:13:45 [INFO] 全局 CUDA 资源已释放
2026-08-02 14:13:45 [INFO] 检测系统资源已释放
2026-08-02 14:13:50 [INFO] CUDA 初始化成功
2026-08-02 14:13:50 [INFO] 引擎加载成功: dangerous.engine
2026-08-02 14:13:50 [INFO] 检测系统初始化成功
2026-08-02 14:13:50 [INFO] 图像预处理完成，原始尺寸: (2160, 3840)
2026-08-02 14:13:50 [INFO] 开始执行目标检测...
2026-08-02 14:13:50 [INFO] 检测完成，找到 4 个物体
2026-08-02 14:13:50 [INFO] 物体 1: GasCyl1 (置信度: 0.84)
2026-08-02 14:13:50 [INFO] 物体 2: GasCyl1 (置信度: 0.69)
2026-08-02 14:13:50 [INFO] 物体 3: GasCyl1 (置信度: 0.66)
2026-08-02 14:13:50 [INFO] 物体 4: FireExt1 (置信度: 0.40)
2026-08-02 14:13:50 [INFO] 准备保存检测结果到: C:\code\show\Scrap_Steel_In_Field\photos\dangerous_det\detection_20260802_141350.jpg
2026-08-02 14:13:50 [INFO] 图像形状: (2160, 3840, 3)
2026-08-02 14:13:50 [INFO] 图像数据类型: uint8
2026-08-02 14:13:50 [INFO] 图像最大值: 255
2026-08-02 14:13:50 [INFO] 图像最小值: 0
2026-08-02 14:13:50 [INFO] 开始保存检测结果图像: 图像尺寸=(2160, 3840, 3), 类型=uint8, 路径=C:\code\show\Scrap_Steel_In_Field\photos\dangerous_det\detection_20260802_141350.jpg
2026-08-02 14:13:50 [INFO] 成功保存检测结果到: C:\code\show\Scrap_Steel_In_Field\photos\dangerous_det\detection_20260802_141350.jpg
2026-08-02 14:13:50 [INFO] 保存的检测结果文件大小: 1331054 字节
2026-08-02 14:13:50 [INFO] 引擎上下文已释放
2026-08-02 14:13:50 [INFO] TensorRT 引擎已释放
2026-08-02 14:13:50 [INFO] 全局 CUDA 资源已释放
2026-08-02 14:13:50 [INFO] 检测系统资源已释放
2026-08-02 14:13:55 [INFO] CUDA 初始化成功
2026-08-02 14:13:55 [INFO] 引擎加载成功: dangerous.engine
2026-08-02 14:13:55 [INFO] 检测系统初始化成功
2026-08-02 14:13:55 [INFO] 图像预处理完成，原始尺寸: (2160, 3840)
2026-08-02 14:13:55 [INFO] 开始执行目标检测...
2026-08-02 14:13:55 [INFO] 检测完成，找到 4 个物体
2026-08-02 14:13:55 [INFO] 物体 1: GasCyl1 (置信度: 0.89)
2026-08-02 14:13:55 [INFO] 物体 2: GasCyl1 (置信度: 0.71)
2026-08-02 14:13:55 [INFO] 物体 3: GasCyl1 (置信度: 0.49)
2026-08-02 14:13:55 [INFO] 物体 4: FireExt1 (置信度: 0.41)
2026-08-02 14:13:55 [INFO] 准备保存检测结果到: C:\code\show\Scrap_Steel_In_Field\photos\dangerous_det\detection_20260802_141355.jpg
2026-08-02 14:13:55 [INFO] 图像形状: (2160, 3840, 3)
2026-08-02 14:13:55 [INFO] 图像数据类型: uint8
2026-08-02 14:13:55 [INFO] 图像最大值: 255
2026-08-02 14:13:55 [INFO] 图像最小值: 0
2026-08-02 14:13:55 [INFO] 开始保存检测结果图像: 图像尺寸=(2160, 3840, 3), 类型=uint8, 路径=C:\code\show\Scrap_Steel_In_Field\photos\dangerous_det\detection_20260802_141355.jpg
2026-08-02 14:13:55 [INFO] 成功保存检测结果到: C:\code\show\Scrap_Steel_In_Field\photos\dangerous_det\detection_20260802_141355.jpg
2026-08-02 14:13:55 [INFO] 保存的检测结果文件大小: 1671042 字节
2026-08-02 14:13:55 [INFO] 引擎上下文已释放
2026-08-02 14:13:55 [INFO] TensorRT 引擎已释放
2026-08-02 14:13:55 [INFO] 全局 CUDA 资源已释放
2026-08-02 14:13:55 [INFO] 检测系统资源已释放
2026-08-02 14:14:01 [INFO] CUDA 初始化成功
2026-08-02 14:14:01 [INFO] 引擎加载成功: dangerous.engine
2026-08-02 14:14:01 [INFO] 检测系统初始化成功
2026-08-02 14:14:01 [INFO] 图像预处理完成，原始尺寸: (2160, 3840)
2026-08-02 14:14:01 [INFO] 开始执行目标检测...
2026-08-02 14:14:01 [INFO] 检测完成，找到 1 个物体
2026-08-02 14:14:01 [INFO] 物体 1: GasCyl1 (置信度: 0.78)
2026-08-02 14:14:01 [INFO] 检测到车兜区域，将过滤区域外的目标
2026-08-02 14:14:01 [INFO] 车兜区域过滤: 1 -> 0 个目标
2026-08-02 14:14:01 [INFO] 引擎上下文已释放
2026-08-02 14:14:01 [INFO] TensorRT 引擎已释放
2026-08-02 14:14:01 [INFO] 全局 CUDA 资源已释放
2026-08-02 14:14:01 [INFO] 检测系统资源已释放
2026-08-02 14:14:06 [INFO] CUDA 初始化成功
2026-08-02 14:14:06 [INFO] 引擎加载成功: dangerous.engine
2026-08-02 14:14:06 [INFO] 检测系统初始化成功
2026-08-02 14:14:06 [INFO] 图像预处理完成，原始尺寸: (2160, 3840)
2026-08-02 14:14:06 [INFO] 开始执行目标检测...
2026-08-02 14:14:06 [INFO] 检测完成，找到 2 个物体
2026-08-02 14:14:06 [INFO] 物体 1: GasCyl1 (置信度: 0.83)
2026-08-02 14:14:06 [INFO] 物体 2: FireExt1 (置信度: 0.41)
2026-08-02 14:14:06 [INFO] 检测到车兜区域，将过滤区域外的目标
2026-08-02 14:14:06 [INFO] 车兜区域过滤: 2 -> 0 个目标
2026-08-02 14:14:06 [INFO] 引擎上下文已释放
2026-08-02 14:14:06 [INFO] TensorRT 引擎已释放
2026-08-02 14:14:06 [INFO] 全局 CUDA 资源已释放
2026-08-02 14:14:06 [INFO] 检测系统资源已释放
2026-08-02 14:14:11 [INFO] CUDA 初始化成功
2026-08-02 14:14:11 [INFO] 引擎加载成功: dangerous.engine
2026-08-02 14:14:11 [INFO] 检测系统初始化成功
2026-08-02 14:14:11 [INFO] 图像预处理完成，原始尺寸: (2160, 3840)
2026-08-02 14:14:11 [INFO] 开始执行目标检测...
2026-08-02 14:14:11 [INFO] 检测完成，找到 2 个物体
2026-08-02 14:14:11 [INFO] 物体 1: GasCyl1 (置信度: 0.84)
2026-08-02 14:14:11 [INFO] 物体 2: FireExt1 (置信度: 0.42)
2026-08-02 14:14:11 [INFO] 检测到车兜区域，将过滤区域外的目标
2026-08-02 14:14:11 [INFO] 车兜区域过滤: 2 -> 0 个目标
2026-08-02 14:14:12 [INFO] 引擎上下文已释放
2026-08-02 14:14:12 [INFO] TensorRT 引擎已释放
2026-08-02 14:14:12 [INFO] 全局 CUDA 资源已释放
2026-08-02 14:14:12 [INFO] 检测系统资源已释放
2026-08-02 14:14:17 [INFO] CUDA 初始化成功
2026-08-02 14:14:17 [INFO] 引擎加载成功: dangerous.engine
2026-08-02 14:14:17 [INFO] 检测系统初始化成功
2026-08-02 14:14:17 [INFO] 图像预处理完成，原始尺寸: (2160, 3840)
2026-08-02 14:14:17 [INFO] 开始执行目标检测...
2026-08-02 14:14:17 [INFO] 检测完成，找到 2 个物体
2026-08-02 14:14:17 [INFO] 物体 1: GasCyl1 (置信度: 0.82)
2026-08-02 14:14:17 [INFO] 物体 2: FireExt1 (置信度: 0.50)
2026-08-02 14:14:17 [INFO] 检测到车兜区域，将过滤区域外的目标
2026-08-02 14:14:17 [INFO] 车兜区域过滤: 2 -> 0 个目标
2026-08-02 14:14:17 [INFO] 引擎上下文已释放
2026-08-02 14:14:17 [INFO] TensorRT 引擎已释放
2026-08-02 14:14:17 [INFO] 全局 CUDA 资源已释放
2026-08-02 14:14:17 [INFO] 检测系统资源已释放
2026-08-02 14:14:22 [INFO] CUDA 初始化成功
2026-08-02 14:14:22 [INFO] 引擎加载成功: dangerous.engine
2026-08-02 14:14:22 [INFO] 检测系统初始化成功
2026-08-02 14:14:22 [INFO] 图像预处理完成，原始尺寸: (2160, 3840)
2026-08-02 14:14:22 [INFO] 开始执行目标检测...
2026-08-02 14:14:22 [INFO] 检测完成，找到 3 个物体
2026-08-02 14:14:22 [INFO] 物体 1: GasCyl1 (置信度: 0.65)
2026-08-02 14:14:22 [INFO] 物体 2: GasCyl1 (置信度: 0.63)
2026-08-02 14:14:22 [INFO] 物体 3: FireExt1 (置信度: 0.50)
2026-08-02 14:14:22 [INFO] 准备保存检测结果到: C:\code\show\Scrap_Steel_In_Field\photos\dangerous_det\detection_20260802_141422.jpg
2026-08-02 14:14:22 [INFO] 图像形状: (2160, 3840, 3)
2026-08-02 14:14:22 [INFO] 图像数据类型: uint8
2026-08-02 14:14:22 [INFO] 图像最大值: 255
2026-08-02 14:14:22 [INFO] 图像最小值: 0
2026-08-02 14:14:22 [INFO] 开始保存检测结果图像: 图像尺寸=(2160, 3840, 3), 类型=uint8, 路径=C:\code\show\Scrap_Steel_In_Field\photos\dangerous_det\detection_20260802_141422.jpg
2026-08-02 14:14:22 [INFO] 成功保存检测结果到: C:\code\show\Scrap_Steel_In_Field\photos\dangerous_det\detection_20260802_141422.jpg
2026-08-02 14:14:22 [INFO] 保存的检测结果文件大小: 1864023 字节
2026-08-02 14:14:23 [INFO] 引擎上下文已释放
2026-08-02 14:14:23 [INFO] TensorRT 引擎已释放
2026-08-02 14:14:23 [INFO] 全局 CUDA 资源已释放
2026-08-02 14:14:23 [INFO] 检测系统资源已释放
2026-08-02 14:14:27 [INFO] CUDA 初始化成功
2026-08-02 14:14:27 [INFO] 引擎加载成功: dangerous.engine
2026-08-02 14:14:27 [INFO] 检测系统初始化成功
2026-08-02 14:14:27 [INFO] 图像预处理完成，原始尺寸: (2160, 3840)
2026-08-02 14:14:27 [INFO] 开始执行目标检测...
2026-08-02 14:14:27 [INFO] 检测完成，找到 3 个物体
2026-08-02 14:14:27 [INFO] 物体 1: GasCyl1 (置信度: 0.67)
2026-08-02 14:14:27 [INFO] 物体 2: GasCyl1 (置信度: 0.54)
2026-08-02 14:14:27 [INFO] 物体 3: FireExt1 (置信度: 0.50)
2026-08-02 14:14:27 [INFO] 准备保存检测结果到: C:\code\show\Scrap_Steel_In_Field\photos\dangerous_det\detection_20260802_141427.jpg
2026-08-02 14:14:27 [INFO] 图像形状: (2160, 3840, 3)
2026-08-02 14:14:27 [INFO] 图像数据类型: uint8
2026-08-02 14:14:27 [INFO] 图像最大值: 255
2026-08-02 14:14:27 [INFO] 图像最小值: 0
2026-08-02 14:14:27 [INFO] 开始保存检测结果图像: 图像尺寸=(2160, 3840, 3), 类型=uint8, 路径=C:\code\show\Scrap_Steel_In_Field\photos\dangerous_det\detection_20260802_141427.jpg
2026-08-02 14:14:28 [INFO] 成功保存检测结果到: C:\code\show\Scrap_Steel_In_Field\photos\dangerous_det\detection_20260802_141427.jpg
2026-08-02 14:14:28 [INFO] 保存的检测结果文件大小: 1987503 字节
2026-08-02 14:14:28 [INFO] 引擎上下文已释放
2026-08-02 14:14:28 [INFO] TensorRT 引擎已释放
2026-08-02 14:14:28 [INFO] 全局 CUDA 资源已释放
2026-08-02 14:14:28 [INFO] 检测系统资源已释放
2026-08-02 14:14:32 [INFO] CUDA 初始化成功
2026-08-02 14:14:32 [INFO] 引擎加载成功: dangerous.engine
2026-08-02 14:14:32 [INFO] 检测系统初始化成功
2026-08-02 14:14:32 [INFO] 图像预处理完成，原始尺寸: (2160, 3840)
2026-08-02 14:14:32 [INFO] 开始执行目标检测...
2026-08-02 14:14:32 [INFO] 检测完成，找到 3 个物体
2026-08-02 14:14:32 [INFO] 物体 1: GasCyl1 (置信度: 0.70)
2026-08-02 14:14:32 [INFO] 物体 2: GasCyl1 (置信度: 0.59)
2026-08-02 14:14:32 [INFO] 物体 3: FireExt1 (置信度: 0.49)
2026-08-02 14:14:32 [INFO] 准备保存检测结果到: C:\code\show\Scrap_Steel_In_Field\photos\dangerous_det\detection_20260802_141432.jpg
2026-08-02 14:14:32 [INFO] 图像形状: (2160, 3840, 3)
2026-08-02 14:14:32 [INFO] 图像数据类型: uint8
2026-08-02 14:14:32 [INFO] 图像最大值: 255
2026-08-02 14:14:32 [INFO] 图像最小值: 0
2026-08-02 14:14:33 [INFO] 开始保存检测结果图像: 图像尺寸=(2160, 3840, 3), 类型=uint8, 路径=C:\code\show\Scrap_Steel_In_Field\photos\dangerous_det\detection_20260802_141432.jpg
2026-08-02 14:14:33 [INFO] 成功保存检测结果到: C:\code\show\Scrap_Steel_In_Field\photos\dangerous_det\detection_20260802_141432.jpg
2026-08-02 14:14:33 [INFO] 保存的检测结果文件大小: 1992767 字节
2026-08-02 14:14:33 [INFO] 引擎上下文已释放
2026-08-02 14:14:33 [INFO] TensorRT 引擎已释放
2026-08-02 14:14:33 [INFO] 全局 CUDA 资源已释放
2026-08-02 14:14:33 [INFO] 检测系统资源已释放
2026-08-02 14:14:38 [INFO] CUDA 初始化成功
2026-08-02 14:14:38 [INFO] 引擎加载成功: dangerous.engine
2026-08-02 14:14:38 [INFO] 检测系统初始化成功
2026-08-02 14:14:38 [INFO] 图像预处理完成，原始尺寸: (2160, 3840)
2026-08-02 14:14:38 [INFO] 开始执行目标检测...
2026-08-02 14:14:38 [INFO] 检测完成，找到 3 个物体
2026-08-02 14:14:38 [INFO] 物体 1: GasCyl1 (置信度: 0.59)
2026-08-02 14:14:38 [INFO] 物体 2: GasCyl1 (置信度: 0.58)
2026-08-02 14:14:38 [INFO] 物体 3: FireExt1 (置信度: 0.51)
2026-08-02 14:14:38 [INFO] 准备保存检测结果到: C:\code\show\Scrap_Steel_In_Field\photos\dangerous_det\detection_20260802_141438.jpg
2026-08-02 14:14:38 [INFO] 图像形状: (2160, 3840, 3)
2026-08-02 14:14:38 [INFO] 图像数据类型: uint8
2026-08-02 14:14:38 [INFO] 图像最大值: 255
2026-08-02 14:14:38 [INFO] 图像最小值: 0
2026-08-02 14:14:38 [INFO] 开始保存检测结果图像: 图像尺寸=(2160, 3840, 3), 类型=uint8, 路径=C:\code\show\Scrap_Steel_In_Field\photos\dangerous_det\detection_20260802_141438.jpg
2026-08-02 14:14:38 [INFO] 成功保存检测结果到: C:\code\show\Scrap_Steel_In_Field\photos\dangerous_det\detection_20260802_141438.jpg
2026-08-02 14:14:38 [INFO] 保存的检测结果文件大小: 1996150 字节
2026-08-02 14:14:38 [INFO] 引擎上下文已释放
2026-08-02 14:14:38 [INFO] TensorRT 引擎已释放
2026-08-02 14:14:38 [INFO] 全局 CUDA 资源已释放
2026-08-02 14:14:38 [INFO] 检测系统资源已释放
2026-08-02 14:14:43 [INFO] CUDA 初始化成功
2026-08-02 14:14:43 [INFO] 引擎加载成功: dangerous.engine
2026-08-02 14:14:43 [INFO] 检测系统初始化成功
2026-08-02 14:14:43 [INFO] 图像预处理完成，原始尺寸: (2160, 3840)
2026-08-02 14:14:43 [INFO] 开始执行目标检测...
2026-08-02 14:14:43 [INFO] 检测完成，找到 3 个物体
2026-08-02 14:14:43 [INFO] 物体 1: GasCyl1 (置信度: 0.71)
2026-08-02 14:14:43 [INFO] 物体 2: GasCyl1 (置信度: 0.62)
2026-08-02 14:14:43 [INFO] 物体 3: FireExt1 (置信度: 0.51)
2026-08-02 14:14:43 [INFO] 准备保存检测结果到: C:\code\show\Scrap_Steel_In_Field\photos\dangerous_det\detection_20260802_141443.jpg
2026-08-02 14:14:43 [INFO] 图像形状: (2160, 3840, 3)
2026-08-02 14:14:43 [INFO] 图像数据类型: uint8
2026-08-02 14:14:43 [INFO] 图像最大值: 255
2026-08-02 14:14:43 [INFO] 图像最小值: 0
2026-08-02 14:14:43 [INFO] 开始保存检测结果图像: 图像尺寸=(2160, 3840, 3), 类型=uint8, 路径=C:\code\show\Scrap_Steel_In_Field\photos\dangerous_det\detection_20260802_141443.jpg
2026-08-02 14:14:43 [INFO] 成功保存检测结果到: C:\code\show\Scrap_Steel_In_Field\photos\dangerous_det\detection_20260802_141443.jpg
2026-08-02 14:14:43 [INFO] 保存的检测结果文件大小: 2001610 字节
2026-08-02 14:14:43 [INFO] 引擎上下文已释放
2026-08-02 14:14:43 [INFO] TensorRT 引擎已释放
2026-08-02 14:14:43 [INFO] 全局 CUDA 资源已释放
2026-08-02 14:14:43 [INFO] 检测系统资源已释放
2026-08-02 14:14:48 [INFO] CUDA 初始化成功
2026-08-02 14:14:48 [INFO] 引擎加载成功: dangerous.engine
2026-08-02 14:14:48 [INFO] 检测系统初始化成功
2026-08-02 14:14:48 [INFO] 图像预处理完成，原始尺寸: (2160, 3840)
2026-08-02 14:14:48 [INFO] 开始执行目标检测...
2026-08-02 14:14:48 [INFO] 检测完成，找到 2 个物体
2026-08-02 14:14:48 [INFO] 物体 1: FireExt1 (置信度: 0.54)
2026-08-02 14:14:48 [INFO] 物体 2: GasCyl1 (置信度: 0.46)
2026-08-02 14:14:48 [INFO] 准备保存检测结果到: C:\code\show\Scrap_Steel_In_Field\photos\dangerous_det\detection_20260802_141448.jpg
2026-08-02 14:14:48 [INFO] 图像形状: (2160, 3840, 3)
2026-08-02 14:14:48 [INFO] 图像数据类型: uint8
2026-08-02 14:14:48 [INFO] 图像最大值: 255
2026-08-02 14:14:48 [INFO] 图像最小值: 0
2026-08-02 14:14:48 [INFO] 开始保存检测结果图像: 图像尺寸=(2160, 3840, 3), 类型=uint8, 路径=C:\code\show\Scrap_Steel_In_Field\photos\dangerous_det\detection_20260802_141448.jpg
2026-08-02 14:14:48 [INFO] 成功保存检测结果到: C:\code\show\Scrap_Steel_In_Field\photos\dangerous_det\detection_20260802_141448.jpg
2026-08-02 14:14:48 [INFO] 保存的检测结果文件大小: 1201923 字节
2026-08-02 14:14:48 [INFO] 引擎上下文已释放
2026-08-02 14:14:48 [INFO] TensorRT 引擎已释放
2026-08-02 14:14:48 [INFO] 全局 CUDA 资源已释放
2026-08-02 14:14:48 [INFO] 检测系统资源已释放
2026-08-02 14:14:53 [INFO] CUDA 初始化成功
2026-08-02 14:14:54 [INFO] 引擎加载成功: dangerous.engine
2026-08-02 14:14:54 [INFO] 检测系统初始化成功
2026-08-02 14:14:54 [INFO] 图像预处理完成，原始尺寸: (2160, 3840)
2026-08-02 14:14:54 [INFO] 开始执行目标检测...
2026-08-02 14:14:54 [INFO] 检测完成，找到 4 个物体
2026-08-02 14:14:54 [INFO] 物体 1: GasCyl1 (置信度: 0.78)
2026-08-02 14:14:54 [INFO] 物体 2: GasCyl1 (置信度: 0.56)
2026-08-02 14:14:54 [INFO] 物体 3: FireExt1 (置信度: 0.37)
2026-08-02 14:14:54 [INFO] 物体 4: FireExt1 (置信度: 0.37)
2026-08-02 14:14:54 [INFO] 检测到车兜区域，将过滤区域外的目标
2026-08-02 14:14:54 [INFO] 车兜区域过滤: 4 -> 3 个目标
2026-08-02 14:14:54 [INFO] 准备保存检测结果到: C:\code\show\Scrap_Steel_In_Field\photos\dangerous_det\detection_20260802_141454.jpg
2026-08-02 14:14:54 [INFO] 图像形状: (2160, 3840, 3)
2026-08-02 14:14:54 [INFO] 图像数据类型: uint8
2026-08-02 14:14:54 [INFO] 图像最大值: 255
2026-08-02 14:14:54 [INFO] 图像最小值: 0
2026-08-02 14:14:54 [INFO] 开始保存检测结果图像: 图像尺寸=(2160, 3840, 3), 类型=uint8, 路径=C:\code\show\Scrap_Steel_In_Field\photos\dangerous_det\detection_20260802_141454.jpg
2026-08-02 14:14:54 [INFO] 成功保存检测结果到: C:\code\show\Scrap_Steel_In_Field\photos\dangerous_det\detection_20260802_141454.jpg
2026-08-02 14:14:54 [INFO] 保存的检测结果文件大小: 1493321 字节
2026-08-02 14:14:54 [INFO] 引擎上下文已释放
2026-08-02 14:14:54 [INFO] TensorRT 引擎已释放
2026-08-02 14:14:54 [INFO] 全局 CUDA 资源已释放
2026-08-02 14:14:54 [INFO] 检测系统资源已释放
2026-08-02 14:14:59 [INFO] CUDA 初始化成功
2026-08-02 14:14:59 [INFO] 引擎加载成功: dangerous.engine
2026-08-02 14:14:59 [INFO] 检测系统初始化成功
2026-08-02 14:14:59 [INFO] 图像预处理完成，原始尺寸: (2160, 3840)
2026-08-02 14:14:59 [INFO] 开始执行目标检测...
2026-08-02 14:14:59 [INFO] 检测完成，找到 2 个物体
2026-08-02 14:14:59 [INFO] 物体 1: GasCyl1 (置信度: 0.86)
2026-08-02 14:14:59 [INFO] 物体 2: FireExt1 (置信度: 0.50)
2026-08-02 14:14:59 [INFO] 准备保存检测结果到: C:\code\show\Scrap_Steel_In_Field\photos\dangerous_det\detection_20260802_141459.jpg
2026-08-02 14:14:59 [INFO] 图像形状: (2160, 3840, 3)
2026-08-02 14:14:59 [INFO] 图像数据类型: uint8
2026-08-02 14:14:59 [INFO] 图像最大值: 255
2026-08-02 14:14:59 [INFO] 图像最小值: 0
2026-08-02 14:14:59 [INFO] 开始保存检测结果图像: 图像尺寸=(2160, 3840, 3), 类型=uint8, 路径=C:\code\show\Scrap_Steel_In_Field\photos\dangerous_det\detection_20260802_141459.jpg
2026-08-02 14:14:59 [INFO] 成功保存检测结果到: C:\code\show\Scrap_Steel_In_Field\photos\dangerous_det\detection_20260802_141459.jpg
2026-08-02 14:14:59 [INFO] 保存的检测结果文件大小: 1647662 字节
2026-08-02 14:14:59 [INFO] 引擎上下文已释放
2026-08-02 14:14:59 [INFO] TensorRT 引擎已释放
2026-08-02 14:14:59 [INFO] 全局 CUDA 资源已释放
2026-08-02 14:14:59 [INFO] 检测系统资源已释放
2026-08-02 14:15:04 [INFO] CUDA 初始化成功
2026-08-02 14:15:04 [INFO] 引擎加载成功: dangerous.engine
2026-08-02 14:15:04 [INFO] 检测系统初始化成功
2026-08-02 14:15:04 [INFO] 图像预处理完成，原始尺寸: (2160, 3840)
2026-08-02 14:15:04 [INFO] 开始执行目标检测...
2026-08-02 14:15:04 [INFO] 检测完成，找到 2 个物体
2026-08-02 14:15:04 [INFO] 物体 1: GasCyl1 (置信度: 0.88)
2026-08-02 14:15:04 [INFO] 物体 2: GasCyl1 (置信度: 0.87)
2026-08-02 14:15:04 [INFO] 准备保存检测结果到: C:\code\show\Scrap_Steel_In_Field\photos\dangerous_det\detection_20260802_141504.jpg
2026-08-02 14:15:04 [INFO] 图像形状: (2160, 3840, 3)
2026-08-02 14:15:04 [INFO] 图像数据类型: uint8
2026-08-02 14:15:04 [INFO] 图像最大值: 255
2026-08-02 14:15:04 [INFO] 图像最小值: 0
2026-08-02 14:15:04 [INFO] 开始保存检测结果图像: 图像尺寸=(2160, 3840, 3), 类型=uint8, 路径=C:\code\show\Scrap_Steel_In_Field\photos\dangerous_det\detection_20260802_141504.jpg
2026-08-02 14:15:04 [INFO] 成功保存检测结果到: C:\code\show\Scrap_Steel_In_Field\photos\dangerous_det\detection_20260802_141504.jpg
2026-08-02 14:15:04 [INFO] 保存的检测结果文件大小: 1611900 字节
2026-08-02 14:15:04 [INFO] 引擎上下文已释放
2026-08-02 14:15:04 [INFO] TensorRT 引擎已释放
2026-08-02 14:15:04 [INFO] 全局 CUDA 资源已释放
2026-08-02 14:15:04 [INFO] 检测系统资源已释放
2026-08-02 14:15:09 [INFO] CUDA 初始化成功
2026-08-02 14:15:09 [INFO] 引擎加载成功: dangerous.engine
2026-08-02 14:15:09 [INFO] 检测系统初始化成功
2026-08-02 14:15:09 [INFO] 图像预处理完成，原始尺寸: (2160, 3840)
2026-08-02 14:15:09 [INFO] 开始执行目标检测...
2026-08-02 14:15:09 [INFO] 检测完成，找到 4 个物体
2026-08-02 14:15:09 [INFO] 物体 1: GasCyl1 (置信度: 0.70)
2026-08-02 14:15:09 [INFO] 物体 2: GasCyl1 (置信度: 0.65)
2026-08-02 14:15:09 [INFO] 物体 3: GasCyl1 (置信度: 0.54)
2026-08-02 14:15:09 [INFO] 物体 4: FireExt1 (置信度: 0.47)
2026-08-02 14:15:09 [INFO] 准备保存检测结果到: C:\code\show\Scrap_Steel_In_Field\photos\dangerous_det\detection_20260802_141509.jpg
2026-08-02 14:15:09 [INFO] 图像形状: (2160, 3840, 3)
2026-08-02 14:15:09 [INFO] 图像数据类型: uint8
2026-08-02 14:15:09 [INFO] 图像最大值: 255
2026-08-02 14:15:09 [INFO] 图像最小值: 0
2026-08-02 14:15:09 [INFO] 开始保存检测结果图像: 图像尺寸=(2160, 3840, 3), 类型=uint8, 路径=C:\code\show\Scrap_Steel_In_Field\photos\dangerous_det\detection_20260802_141509.jpg
2026-08-02 14:15:09 [INFO] 成功保存检测结果到: C:\code\show\Scrap_Steel_In_Field\photos\dangerous_det\detection_20260802_141509.jpg
2026-08-02 14:15:09 [INFO] 保存的检测结果文件大小: 1272038 字节
2026-08-02 14:15:09 [INFO] 引擎上下文已释放
2026-08-02 14:15:09 [INFO] TensorRT 引擎已释放
2026-08-02 14:15:09 [INFO] 全局 CUDA 资源已释放
2026-08-02 14:15:09 [INFO] 检测系统资源已释放
2026-08-02 14:15:14 [INFO] CUDA 初始化成功
2026-08-02 14:15:14 [INFO] 引擎加载成功: dangerous.engine
2026-08-02 14:15:14 [INFO] 检测系统初始化成功
2026-08-02 14:15:14 [INFO] 图像预处理完成，原始尺寸: (2160, 3840)
2026-08-02 14:15:14 [INFO] 开始执行目标检测...
2026-08-02 14:15:14 [INFO] 检测完成，找到 1 个物体
2026-08-02 14:15:14 [INFO] 物体 1: FireExt1 (置信度: 0.42)
2026-08-02 14:15:14 [INFO] 准备保存检测结果到: C:\code\show\Scrap_Steel_In_Field\photos\dangerous_det\detection_20260802_141514.jpg
2026-08-02 14:15:14 [INFO] 图像形状: (2160, 3840, 3)
2026-08-02 14:15:14 [INFO] 图像数据类型: uint8
2026-08-02 14:15:14 [INFO] 图像最大值: 255
2026-08-02 14:15:14 [INFO] 图像最小值: 0
2026-08-02 14:15:14 [INFO] 开始保存检测结果图像: 图像尺寸=(2160, 3840, 3), 类型=uint8, 路径=C:\code\show\Scrap_Steel_In_Field\photos\dangerous_det\detection_20260802_141514.jpg
2026-08-02 14:15:15 [INFO] 成功保存检测结果到: C:\code\show\Scrap_Steel_In_Field\photos\dangerous_det\detection_20260802_141514.jpg
2026-08-02 14:15:15 [INFO] 保存的检测结果文件大小: 1385830 字节
2026-08-02 14:15:15 [INFO] 引擎上下文已释放
2026-08-02 14:15:15 [INFO] TensorRT 引擎已释放
2026-08-02 14:15:15 [INFO] 全局 CUDA 资源已释放
2026-08-02 14:15:15 [INFO] 检测系统资源已释放
2026-08-02 14:15:19 [INFO] CUDA 初始化成功
2026-08-02 14:15:19 [INFO] 引擎加载成功: dangerous.engine
2026-08-02 14:15:19 [INFO] 检测系统初始化成功
2026-08-02 14:15:19 [INFO] 图像预处理完成，原始尺寸: (2160, 3840)
2026-08-02 14:15:19 [INFO] 开始执行目标检测...
2026-08-02 14:15:19 [INFO] 检测完成，找到 1 个物体
2026-08-02 14:15:19 [INFO] 物体 1: FireExt1 (置信度: 0.44)
2026-08-02 14:15:20 [INFO] 准备保存检测结果到: C:\code\show\Scrap_Steel_In_Field\photos\dangerous_det\detection_20260802_141520.jpg
2026-08-02 14:15:20 [INFO] 图像形状: (2160, 3840, 3)
2026-08-02 14:15:20 [INFO] 图像数据类型: uint8
2026-08-02 14:15:20 [INFO] 图像最大值: 255
2026-08-02 14:15:20 [INFO] 图像最小值: 0
2026-08-02 14:15:20 [INFO] 开始保存检测结果图像: 图像尺寸=(2160, 3840, 3), 类型=uint8, 路径=C:\code\show\Scrap_Steel_In_Field\photos\dangerous_det\detection_20260802_141520.jpg
2026-08-02 14:15:20 [INFO] 成功保存检测结果到: C:\code\show\Scrap_Steel_In_Field\photos\dangerous_det\detection_20260802_141520.jpg
2026-08-02 14:15:20 [INFO] 保存的检测结果文件大小: 1572443 字节
2026-08-02 14:15:20 [INFO] 引擎上下文已释放
2026-08-02 14:15:20 [INFO] TensorRT 引擎已释放
2026-08-02 14:15:20 [INFO] 全局 CUDA 资源已释放
2026-08-02 14:15:20 [INFO] 检测系统资源已释放
2026-08-02 14:15:24 [INFO] CUDA 初始化成功
2026-08-02 14:15:25 [INFO] 引擎加载成功: dangerous.engine
2026-08-02 14:15:25 [INFO] 检测系统初始化成功
2026-08-02 14:15:25 [INFO] 图像预处理完成，原始尺寸: (2160, 3840)
2026-08-02 14:15:25 [INFO] 开始执行目标检测...
2026-08-02 14:15:25 [INFO] 检测完成，找到 2 个物体
2026-08-02 14:15:25 [INFO] 物体 1: FireExt1 (置信度: 0.49)
2026-08-02 14:15:25 [INFO] 物体 2: FireExt1 (置信度: 0.43)
2026-08-02 14:15:25 [INFO] 准备保存检测结果到: C:\code\show\Scrap_Steel_In_Field\photos\dangerous_det\detection_20260802_141525.jpg
2026-08-02 14:15:25 [INFO] 图像形状: (2160, 3840, 3)
2026-08-02 14:15:25 [INFO] 图像数据类型: uint8
2026-08-02 14:15:25 [INFO] 图像最大值: 255
2026-08-02 14:15:25 [INFO] 图像最小值: 0
2026-08-02 14:15:25 [INFO] 开始保存检测结果图像: 图像尺寸=(2160, 3840, 3), 类型=uint8, 路径=C:\code\show\Scrap_Steel_In_Field\photos\dangerous_det\detection_20260802_141525.jpg
2026-08-02 14:15:25 [INFO] 成功保存检测结果到: C:\code\show\Scrap_Steel_In_Field\photos\dangerous_det\detection_20260802_141525.jpg
2026-08-02 14:15:25 [INFO] 保存的检测结果文件大小: 1674217 字节
2026-08-02 14:15:25 [INFO] 引擎上下文已释放
2026-08-02 14:15:25 [INFO] TensorRT 引擎已释放
2026-08-02 14:15:25 [INFO] 全局 CUDA 资源已释放
2026-08-02 14:15:25 [INFO] 检测系统资源已释放
2026-08-02 14:15:29 [INFO] CUDA 初始化成功
2026-08-02 14:15:30 [INFO] 引擎加载成功: dangerous.engine
2026-08-02 14:15:30 [INFO] 检测系统初始化成功
2026-08-02 14:15:30 [INFO] 图像预处理完成，原始尺寸: (2160, 3840)
2026-08-02 14:15:30 [INFO] 开始执行目标检测...
2026-08-02 14:15:30 [INFO] 检测完成，找到 2 个物体
2026-08-02 14:15:30 [INFO] 物体 1: FireExt1 (置信度: 0.46)
2026-08-02 14:15:30 [INFO] 物体 2: FireExt1 (置信度: 0.41)
2026-08-02 14:15:30 [INFO] 准备保存检测结果到: C:\code\show\Scrap_Steel_In_Field\photos\dangerous_det\detection_20260802_141530.jpg
2026-08-02 14:15:30 [INFO] 图像形状: (2160, 3840, 3)
2026-08-02 14:15:30 [INFO] 图像数据类型: uint8
2026-08-02 14:15:30 [INFO] 图像最大值: 255
2026-08-02 14:15:30 [INFO] 图像最小值: 0
2026-08-02 14:15:30 [INFO] 开始保存检测结果图像: 图像尺寸=(2160, 3840, 3), 类型=uint8, 路径=C:\code\show\Scrap_Steel_In_Field\photos\dangerous_det\detection_20260802_141530.jpg
2026-08-02 14:15:30 [INFO] 成功保存检测结果到: C:\code\show\Scrap_Steel_In_Field\photos\dangerous_det\detection_20260802_141530.jpg
2026-08-02 14:15:30 [INFO] 保存的检测结果文件大小: 1670466 字节
2026-08-02 14:15:30 [INFO] 引擎上下文已释放
2026-08-02 14:15:30 [INFO] TensorRT 引擎已释放
2026-08-02 14:15:30 [INFO] 全局 CUDA 资源已释放
2026-08-02 14:15:30 [INFO] 检测系统资源已释放
2026-08-02 14:15:35 [INFO] CUDA 初始化成功
2026-08-02 14:15:35 [INFO] 引擎加载成功: dangerous.engine
2026-08-02 14:15:35 [INFO] 检测系统初始化成功
2026-08-02 14:15:35 [INFO] 图像预处理完成，原始尺寸: (2160, 3840)
2026-08-02 14:15:35 [INFO] 开始执行目标检测...
2026-08-02 14:15:35 [INFO] 检测完成，找到 2 个物体
2026-08-02 14:15:35 [INFO] 物体 1: FireExt1 (置信度: 0.46)
2026-08-02 14:15:35 [INFO] 物体 2: FireExt1 (置信度: 0.41)
2026-08-02 14:15:35 [INFO] 准备保存检测结果到: C:\code\show\Scrap_Steel_In_Field\photos\dangerous_det\detection_20260802_141535.jpg
2026-08-02 14:15:35 [INFO] 图像形状: (2160, 3840, 3)
2026-08-02 14:15:35 [INFO] 图像数据类型: uint8
2026-08-02 14:15:35 [INFO] 图像最大值: 255
2026-08-02 14:15:35 [INFO] 图像最小值: 0
2026-08-02 14:15:35 [INFO] 开始保存检测结果图像: 图像尺寸=(2160, 3840, 3), 类型=uint8, 路径=C:\code\show\Scrap_Steel_In_Field\photos\dangerous_det\detection_20260802_141535.jpg
2026-08-02 14:15:35 [INFO] 成功保存检测结果到: C:\code\show\Scrap_Steel_In_Field\photos\dangerous_det\detection_20260802_141535.jpg
2026-08-02 14:15:35 [INFO] 保存的检测结果文件大小: 1683209 字节
2026-08-02 14:15:35 [INFO] 引擎上下文已释放
2026-08-02 14:15:35 [INFO] TensorRT 引擎已释放
2026-08-02 14:15:35 [INFO] 全局 CUDA 资源已释放
2026-08-02 14:15:35 [INFO] 检测系统资源已释放
2026-08-02 14:15:40 [INFO] CUDA 初始化成功
2026-08-02 14:15:40 [INFO] 引擎加载成功: dangerous.engine
2026-08-02 14:15:40 [INFO] 检测系统初始化成功
2026-08-02 14:15:40 [INFO] 图像预处理完成，原始尺寸: (2160, 3840)
2026-08-02 14:15:40 [INFO] 开始执行目标检测...
2026-08-02 14:15:40 [INFO] 检测完成，找到 2 个物体
2026-08-02 14:15:40 [INFO] 物体 1: FireExt1 (置信度: 0.48)
2026-08-02 14:15:40 [INFO] 物体 2: FireExt1 (置信度: 0.43)
2026-08-02 14:15:40 [INFO] 准备保存检测结果到: C:\code\show\Scrap_Steel_In_Field\photos\dangerous_det\detection_20260802_141540.jpg
2026-08-02 14:15:40 [INFO] 图像形状: (2160, 3840, 3)
2026-08-02 14:15:40 [INFO] 图像数据类型: uint8
2026-08-02 14:15:40 [INFO] 图像最大值: 255
2026-08-02 14:15:40 [INFO] 图像最小值: 0
2026-08-02 14:15:40 [INFO] 开始保存检测结果图像: 图像尺寸=(2160, 3840, 3), 类型=uint8, 路径=C:\code\show\Scrap_Steel_In_Field\photos\dangerous_det\detection_20260802_141540.jpg
2026-08-02 14:15:40 [INFO] 成功保存检测结果到: C:\code\show\Scrap_Steel_In_Field\photos\dangerous_det\detection_20260802_141540.jpg
2026-08-02 14:15:40 [INFO] 保存的检测结果文件大小: 1680040 字节
2026-08-02 14:15:40 [INFO] 引擎上下文已释放
2026-08-02 14:15:40 [INFO] TensorRT 引擎已释放
2026-08-02 14:15:40 [INFO] 全局 CUDA 资源已释放
2026-08-02 14:15:40 [INFO] 检测系统资源已释放
2026-08-02 14:15:46 [INFO] CUDA 初始化成功
2026-08-02 14:15:46 [INFO] 引擎加载成功: dangerous.engine
2026-08-02 14:15:46 [INFO] 检测系统初始化成功
2026-08-02 14:15:46 [INFO] 图像预处理完成，原始尺寸: (2160, 3840)
2026-08-02 14:15:46 [INFO] 开始执行目标检测...
2026-08-02 14:15:46 [INFO] 检测完成，找到 2 个物体
2026-08-02 14:15:46 [INFO] 物体 1: FireExt1 (置信度: 0.48)
2026-08-02 14:15:46 [INFO] 物体 2: FireExt1 (置信度: 0.42)
2026-08-02 14:15:46 [INFO] 准备保存检测结果到: C:\code\show\Scrap_Steel_In_Field\photos\dangerous_det\detection_20260802_141546.jpg
2026-08-02 14:15:46 [INFO] 图像形状: (2160, 3840, 3)
2026-08-02 14:15:46 [INFO] 图像数据类型: uint8
2026-08-02 14:15:46 [INFO] 图像最大值: 255
2026-08-02 14:15:46 [INFO] 图像最小值: 0
2026-08-02 14:15:46 [INFO] 开始保存检测结果图像: 图像尺寸=(2160, 3840, 3), 类型=uint8, 路径=C:\code\show\Scrap_Steel_In_Field\photos\dangerous_det\detection_20260802_141546.jpg
2026-08-02 14:15:46 [INFO] 成功保存检测结果到: C:\code\show\Scrap_Steel_In_Field\photos\dangerous_det\detection_20260802_141546.jpg
2026-08-02 14:15:46 [INFO] 保存的检测结果文件大小: 1675646 字节
2026-08-02 14:15:46 [INFO] 引擎上下文已释放
2026-08-02 14:15:46 [INFO] TensorRT 引擎已释放
2026-08-02 14:15:46 [INFO] 全局 CUDA 资源已释放
2026-08-02 14:15:46 [INFO] 检测系统资源已释放
2026-08-02 14:15:51 [INFO] CUDA 初始化成功
2026-08-02 14:15:51 [INFO] 引擎加载成功: dangerous.engine
2026-08-02 14:15:51 [INFO] 检测系统初始化成功
2026-08-02 14:15:51 [INFO] 图像预处理完成，原始尺寸: (2160, 3840)
2026-08-02 14:15:51 [INFO] 开始执行目标检测...
2026-08-02 14:15:51 [INFO] 检测完成，找到 2 个物体
2026-08-02 14:15:51 [INFO] 物体 1: FireExt1 (置信度: 0.49)
2026-08-02 14:15:51 [INFO] 物体 2: FireExt1 (置信度: 0.40)
2026-08-02 14:15:51 [INFO] 准备保存检测结果到: C:\code\show\Scrap_Steel_In_Field\photos\dangerous_det\detection_20260802_141551.jpg
2026-08-02 14:15:51 [INFO] 图像形状: (2160, 3840, 3)
2026-08-02 14:15:51 [INFO] 图像数据类型: uint8
2026-08-02 14:15:51 [INFO] 图像最大值: 255
2026-08-02 14:15:51 [INFO] 图像最小值: 0
2026-08-02 14:15:51 [INFO] 开始保存检测结果图像: 图像尺寸=(2160, 3840, 3), 类型=uint8, 路径=C:\code\show\Scrap_Steel_In_Field\photos\dangerous_det\detection_20260802_141551.jpg
2026-08-02 14:15:51 [INFO] 成功保存检测结果到: C:\code\show\Scrap_Steel_In_Field\photos\dangerous_det\detection_20260802_141551.jpg
2026-08-02 14:15:51 [INFO] 保存的检测结果文件大小: 1674114 字节
2026-08-02 14:15:51 [INFO] 引擎上下文已释放
2026-08-02 14:15:51 [INFO] TensorRT 引擎已释放
2026-08-02 14:15:51 [INFO] 全局 CUDA 资源已释放
2026-08-02 14:15:51 [INFO] 检测系统资源已释放
2026-08-02 14:15:56 [INFO] CUDA 初始化成功
2026-08-02 14:15:56 [INFO] 引擎加载成功: dangerous.engine
2026-08-02 14:15:56 [INFO] 检测系统初始化成功
2026-08-02 14:15:56 [INFO] 图像预处理完成，原始尺寸: (2160, 3840)
2026-08-02 14:15:56 [INFO] 开始执行目标检测...
2026-08-02 14:15:56 [INFO] 检测完成，找到 2 个物体
2026-08-02 14:15:56 [INFO] 物体 1: FireExt1 (置信度: 0.48)
2026-08-02 14:15:56 [INFO] 物体 2: FireExt1 (置信度: 0.42)
2026-08-02 14:15:56 [INFO] 准备保存检测结果到: C:\code\show\Scrap_Steel_In_Field\photos\dangerous_det\detection_20260802_141556.jpg
2026-08-02 14:15:56 [INFO] 图像形状: (2160, 3840, 3)
2026-08-02 14:15:56 [INFO] 图像数据类型: uint8
2026-08-02 14:15:56 [INFO] 图像最大值: 255
2026-08-02 14:15:56 [INFO] 图像最小值: 0
2026-08-02 14:15:56 [INFO] 开始保存检测结果图像: 图像尺寸=(2160, 3840, 3), 类型=uint8, 路径=C:\code\show\Scrap_Steel_In_Field\photos\dangerous_det\detection_20260802_141556.jpg
2026-08-02 14:15:56 [INFO] 成功保存检测结果到: C:\code\show\Scrap_Steel_In_Field\photos\dangerous_det\detection_20260802_141556.jpg
2026-08-02 14:15:56 [INFO] 保存的检测结果文件大小: 1674104 字节
2026-08-02 14:15:56 [INFO] 引擎上下文已释放
2026-08-02 14:15:56 [INFO] TensorRT 引擎已释放
2026-08-02 14:15:56 [INFO] 全局 CUDA 资源已释放
2026-08-02 14:15:56 [INFO] 检测系统资源已释放
2026-08-02 14:16:01 [INFO] CUDA 初始化成功
2026-08-02 14:16:01 [INFO] 引擎加载成功: dangerous.engine
2026-08-02 14:16:01 [INFO] 检测系统初始化成功
2026-08-02 14:16:01 [INFO] 图像预处理完成，原始尺寸: (2160, 3840)
2026-08-02 14:16:01 [INFO] 开始执行目标检测...
2026-08-02 14:16:01 [INFO] 检测完成，找到 2 个物体
2026-08-02 14:16:01 [INFO] 物体 1: FireExt1 (置信度: 0.48)
2026-08-02 14:16:01 [INFO] 物体 2: FireExt1 (置信度: 0.41)
2026-08-02 14:16:01 [INFO] 准备保存检测结果到: C:\code\show\Scrap_Steel_In_Field\photos\dangerous_det\detection_20260802_141601.jpg
2026-08-02 14:16:01 [INFO] 图像形状: (2160, 3840, 3)
2026-08-02 14:16:01 [INFO] 图像数据类型: uint8
2026-08-02 14:16:01 [INFO] 图像最大值: 255
2026-08-02 14:16:01 [INFO] 图像最小值: 0
2026-08-02 14:16:01 [INFO] 开始保存检测结果图像: 图像尺寸=(2160, 3840, 3), 类型=uint8, 路径=C:\code\show\Scrap_Steel_In_Field\photos\dangerous_det\detection_20260802_141601.jpg
2026-08-02 14:16:01 [INFO] 成功保存检测结果到: C:\code\show\Scrap_Steel_In_Field\photos\dangerous_det\detection_20260802_141601.jpg
2026-08-02 14:16:01 [INFO] 保存的检测结果文件大小: 1674898 字节
2026-08-02 14:16:01 [INFO] 引擎上下文已释放
2026-08-02 14:16:01 [INFO] TensorRT 引擎已释放
2026-08-02 14:16:01 [INFO] 全局 CUDA 资源已释放
2026-08-02 14:16:01 [INFO] 检测系统资源已释放
2026-08-02 14:16:06 [INFO] CUDA 初始化成功
2026-08-02 14:16:06 [INFO] 引擎加载成功: dangerous.engine
2026-08-02 14:16:06 [INFO] 检测系统初始化成功
2026-08-02 14:16:06 [INFO] 图像预处理完成，原始尺寸: (2160, 3840)
2026-08-02 14:16:06 [INFO] 开始执行目标检测...
2026-08-02 14:16:07 [INFO] 检测完成，找到 2 个物体
2026-08-02 14:16:07 [INFO] 物体 1: FireExt1 (置信度: 0.45)
2026-08-02 14:16:07 [INFO] 物体 2: FireExt1 (置信度: 0.38)
2026-08-02 14:16:07 [INFO] 准备保存检测结果到: C:\code\show\Scrap_Steel_In_Field\photos\dangerous_det\detection_20260802_141607.jpg
2026-08-02 14:16:07 [INFO] 图像形状: (2160, 3840, 3)
2026-08-02 14:16:07 [INFO] 图像数据类型: uint8
2026-08-02 14:16:07 [INFO] 图像最大值: 255
2026-08-02 14:16:07 [INFO] 图像最小值: 0
2026-08-02 14:16:07 [INFO] 开始保存检测结果图像: 图像尺寸=(2160, 3840, 3), 类型=uint8, 路径=C:\code\show\Scrap_Steel_In_Field\photos\dangerous_det\detection_20260802_141607.jpg
2026-08-02 14:16:07 [INFO] 成功保存检测结果到: C:\code\show\Scrap_Steel_In_Field\photos\dangerous_det\detection_20260802_141607.jpg
2026-08-02 14:16:07 [INFO] 保存的检测结果文件大小: 1674777 字节
2026-08-02 14:16:07 [INFO] 引擎上下文已释放
2026-08-02 14:16:07 [INFO] TensorRT 引擎已释放
2026-08-02 14:16:07 [INFO] 全局 CUDA 资源已释放
2026-08-02 14:16:07 [INFO] 检测系统资源已释放
2026-08-02 14:16:12 [INFO] CUDA 初始化成功
2026-08-02 14:16:12 [INFO] 引擎加载成功: dangerous.engine
2026-08-02 14:16:12 [INFO] 检测系统初始化成功
2026-08-02 14:16:12 [INFO] 图像预处理完成，原始尺寸: (2160, 3840)
2026-08-02 14:16:12 [INFO] 开始执行目标检测...
2026-08-02 14:16:12 [INFO] 检测完成，找到 2 个物体
2026-08-02 14:16:12 [INFO] 物体 1: FireExt1 (置信度: 0.46)
2026-08-02 14:16:12 [INFO] 物体 2: FireExt1 (置信度: 0.42)
2026-08-02 14:16:12 [INFO] 准备保存检测结果到: C:\code\show\Scrap_Steel_In_Field\photos\dangerous_det\detection_20260802_141612.jpg
2026-08-02 14:16:12 [INFO] 图像形状: (2160, 3840, 3)
2026-08-02 14:16:12 [INFO] 图像数据类型: uint8
2026-08-02 14:16:12 [INFO] 图像最大值: 255
2026-08-02 14:16:12 [INFO] 图像最小值: 0
2026-08-02 14:16:12 [INFO] 开始保存检测结果图像: 图像尺寸=(2160, 3840, 3), 类型=uint8, 路径=C:\code\show\Scrap_Steel_In_Field\photos\dangerous_det\detection_20260802_141612.jpg
2026-08-02 14:16:12 [INFO] 成功保存检测结果到: C:\code\show\Scrap_Steel_In_Field\photos\dangerous_det\detection_20260802_141612.jpg
2026-08-02 14:16:12 [INFO] 保存的检测结果文件大小: 1691024 字节
2026-08-02 14:16:12 [INFO] 引擎上下文已释放
2026-08-02 14:16:12 [INFO] TensorRT 引擎已释放
2026-08-02 14:16:12 [INFO] 全局 CUDA 资源已释放
2026-08-02 14:16:12 [INFO] 检测系统资源已释放
