2026-05-21 13:53:32 [INFO] CUDA 初始化成功
2026-05-21 13:53:32 [INFO] 引擎加载成功: dangerous.engine
2026-05-21 13:53:32 [INFO] 检测系统初始化成功
2026-05-21 13:53:35 [INFO] 引擎加载成功: dangerous.engine
2026-05-21 13:53:35 [INFO] 检测系统初始化成功
2026-05-21 13:53:35 [INFO] 图像预处理完成，原始尺寸: (2160, 3840)
2026-05-21 13:53:35 [INFO] 开始执行目标检测...
2026-05-21 13:53:35 [INFO] 检测完成，找到 0 个物体
2026-05-21 13:53:35 [INFO] 检测到车兜区域，将过滤区域外的目标
2026-05-21 13:53:35 [INFO] 引擎上下文已释放
2026-05-21 13:53:35 [INFO] TensorRT 引擎已释放
2026-05-21 13:53:35 [INFO] 全局 CUDA 资源已释放
2026-05-21 13:53:35 [INFO] 检测系统资源已释放
2026-05-21 13:53:40 [INFO] CUDA 初始化成功
2026-05-21 13:53:40 [INFO] 引擎加载成功: dangerous.engine
2026-05-21 13:53:40 [INFO] 检测系统初始化成功
2026-05-21 13:53:40 [INFO] 图像预处理完成，原始尺寸: (2160, 3840)
2026-05-21 13:53:40 [INFO] 开始执行目标检测...
2026-05-21 13:53:40 [INFO] 检测完成，找到 4 个物体
2026-05-21 13:53:40 [INFO] 物体 1: GasCyl1 (置信度: 0.89)
2026-05-21 13:53:40 [INFO] 物体 2: FireExt1 (置信度: 0.50)
2026-05-21 13:53:40 [INFO] 物体 3: FireExt1 (置信度: 0.45)
2026-05-21 13:53:40 [INFO] 物体 4: FireExt2 (置信度: 0.31)
2026-05-21 13:53:40 [INFO] 检测到车兜区域，将过滤区域外的目标
2026-05-21 13:53:40 [INFO] 车兜区域过滤: 4 -> 2 个目标
2026-05-21 13:53:40 [INFO] 准备保存检测结果到: C:\code\show\Scrap_Steel_In_Field\photos\dangerous_det\detection_20260521_135340.jpg
2026-05-21 13:53:40 [INFO] 图像形状: (2160, 3840, 3)
2026-05-21 13:53:40 [INFO] 图像数据类型: uint8
2026-05-21 13:53:40 [INFO] 图像最大值: 255
2026-05-21 13:53:40 [INFO] 图像最小值: 0
2026-05-21 13:53:40 [INFO] 开始保存检测结果图像: 图像尺寸=(2160, 3840, 3), 类型=uint8, 路径=C:\code\show\Scrap_Steel_In_Field\photos\dangerous_det\detection_20260521_135340.jpg
2026-05-21 13:53:40 [INFO] 成功保存检测结果到: C:\code\show\Scrap_Steel_In_Field\photos\dangerous_det\detection_20260521_135340.jpg
2026-05-21 13:53:40 [INFO] 保存的检测结果文件大小: 2522844 字节
2026-05-21 13:53:40 [INFO] 引擎上下文已释放
2026-05-21 13:53:40 [INFO] TensorRT 引擎已释放
2026-05-21 13:53:40 [INFO] 全局 CUDA 资源已释放
2026-05-21 13:53:40 [INFO] 检测系统资源已释放
2026-05-21 13:53:45 [INFO] CUDA 初始化成功
2026-05-21 13:53:45 [INFO] 引擎加载成功: dangerous.engine
2026-05-21 13:53:45 [INFO] 检测系统初始化成功
2026-05-21 13:53:45 [INFO] 图像预处理完成，原始尺寸: (2160, 3840)
2026-05-21 13:53:45 [INFO] 开始执行目标检测...
2026-05-21 13:53:45 [INFO] 检测完成，找到 4 个物体
2026-05-21 13:53:45 [INFO] 物体 1: GasCyl1 (置信度: 0.87)
2026-05-21 13:53:45 [INFO] 物体 2: FireExt1 (置信度: 0.50)
2026-05-21 13:53:45 [INFO] 物体 3: FireExt1 (置信度: 0.45)
2026-05-21 13:53:45 [INFO] 物体 4: FireExt2 (置信度: 0.29)
2026-05-21 13:53:45 [INFO] 检测到车兜区域，将过滤区域外的目标
2026-05-21 13:53:45 [INFO] 车兜区域过滤: 4 -> 2 个目标
2026-05-21 13:53:45 [INFO] 准备保存检测结果到: C:\code\show\Scrap_Steel_In_Field\photos\dangerous_det\detection_20260521_135345.jpg
2026-05-21 13:53:45 [INFO] 图像形状: (2160, 3840, 3)
2026-05-21 13:53:45 [INFO] 图像数据类型: uint8
2026-05-21 13:53:45 [INFO] 图像最大值: 255
2026-05-21 13:53:45 [INFO] 图像最小值: 0
2026-05-21 13:53:45 [INFO] 开始保存检测结果图像: 图像尺寸=(2160, 3840, 3), 类型=uint8, 路径=C:\code\show\Scrap_Steel_In_Field\photos\dangerous_det\detection_20260521_135345.jpg
2026-05-21 13:53:45 [INFO] 成功保存检测结果到: C:\code\show\Scrap_Steel_In_Field\photos\dangerous_det\detection_20260521_135345.jpg
2026-05-21 13:53:45 [INFO] 保存的检测结果文件大小: 2547206 字节
2026-05-21 13:53:45 [INFO] 引擎上下文已释放
2026-05-21 13:53:45 [INFO] TensorRT 引擎已释放
2026-05-21 13:53:45 [INFO] 全局 CUDA 资源已释放
2026-05-21 13:53:45 [INFO] 检测系统资源已释放
2026-05-21 13:53:51 [INFO] CUDA 初始化成功
2026-05-21 13:53:51 [INFO] 引擎加载成功: dangerous.engine
2026-05-21 13:53:51 [INFO] 检测系统初始化成功
2026-05-21 13:53:51 [INFO] 图像预处理完成，原始尺寸: (2160, 3840)
2026-05-21 13:53:51 [INFO] 开始执行目标检测...
2026-05-21 13:53:51 [INFO] 检测完成，找到 4 个物体
2026-05-21 13:53:51 [INFO] 物体 1: GasCyl1 (置信度: 0.85)
2026-05-21 13:53:51 [INFO] 物体 2: FireExt1 (置信度: 0.49)
2026-05-21 13:53:51 [INFO] 物体 3: FireExt1 (置信度: 0.46)
2026-05-21 13:53:51 [INFO] 物体 4: FireExt2 (置信度: 0.29)
2026-05-21 13:53:51 [INFO] 检测到车兜区域，将过滤区域外的目标
2026-05-21 13:53:51 [INFO] 车兜区域过滤: 4 -> 2 个目标
2026-05-21 13:53:51 [INFO] 准备保存检测结果到: C:\code\show\Scrap_Steel_In_Field\photos\dangerous_det\detection_20260521_135351.jpg
2026-05-21 13:53:51 [INFO] 图像形状: (2160, 3840, 3)
2026-05-21 13:53:51 [INFO] 图像数据类型: uint8
2026-05-21 13:53:51 [INFO] 图像最大值: 255
2026-05-21 13:53:51 [INFO] 图像最小值: 0
2026-05-21 13:53:51 [INFO] 开始保存检测结果图像: 图像尺寸=(2160, 3840, 3), 类型=uint8, 路径=C:\code\show\Scrap_Steel_In_Field\photos\dangerous_det\detection_20260521_135351.jpg
2026-05-21 13:53:51 [INFO] 成功保存检测结果到: C:\code\show\Scrap_Steel_In_Field\photos\dangerous_det\detection_20260521_135351.jpg
2026-05-21 13:53:51 [INFO] 保存的检测结果文件大小: 2530879 字节
2026-05-21 13:53:51 [INFO] 引擎上下文已释放
2026-05-21 13:53:51 [INFO] TensorRT 引擎已释放
2026-05-21 13:53:51 [INFO] 全局 CUDA 资源已释放
2026-05-21 13:53:51 [INFO] 检测系统资源已释放
2026-05-21 13:53:56 [INFO] CUDA 初始化成功
2026-05-21 13:53:56 [INFO] 引擎加载成功: dangerous.engine
2026-05-21 13:53:56 [INFO] 检测系统初始化成功
2026-05-21 13:53:56 [INFO] 图像预处理完成，原始尺寸: (2160, 3840)
2026-05-21 13:53:56 [INFO] 开始执行目标检测...
2026-05-21 13:53:56 [INFO] 检测完成，找到 4 个物体
2026-05-21 13:53:56 [INFO] 物体 1: GasCyl1 (置信度: 0.87)
2026-05-21 13:53:56 [INFO] 物体 2: FireExt1 (置信度: 0.51)
2026-05-21 13:53:56 [INFO] 物体 3: FireExt1 (置信度: 0.44)
2026-05-21 13:53:56 [INFO] 物体 4: FireExt2 (置信度: 0.26)
2026-05-21 13:53:56 [INFO] 检测到车兜区域，将过滤区域外的目标
2026-05-21 13:53:56 [INFO] 车兜区域过滤: 4 -> 2 个目标
2026-05-21 13:53:56 [INFO] 准备保存检测结果到: C:\code\show\Scrap_Steel_In_Field\photos\dangerous_det\detection_20260521_135356.jpg
2026-05-21 13:53:56 [INFO] 图像形状: (2160, 3840, 3)
2026-05-21 13:53:56 [INFO] 图像数据类型: uint8
2026-05-21 13:53:56 [INFO] 图像最大值: 255
2026-05-21 13:53:56 [INFO] 图像最小值: 0
2026-05-21 13:53:56 [INFO] 开始保存检测结果图像: 图像尺寸=(2160, 3840, 3), 类型=uint8, 路径=C:\code\show\Scrap_Steel_In_Field\photos\dangerous_det\detection_20260521_135356.jpg
2026-05-21 13:53:56 [INFO] 成功保存检测结果到: C:\code\show\Scrap_Steel_In_Field\photos\dangerous_det\detection_20260521_135356.jpg
2026-05-21 13:53:56 [INFO] 保存的检测结果文件大小: 2520451 字节
2026-05-21 13:53:56 [INFO] 引擎上下文已释放
2026-05-21 13:53:56 [INFO] TensorRT 引擎已释放
2026-05-21 13:53:56 [INFO] 全局 CUDA 资源已释放
2026-05-21 13:53:56 [INFO] 检测系统资源已释放
