2026-05-25 10:32:40 [INFO] CUDA 初始化成功
2026-05-25 10:32:40 [INFO] 引擎加载成功: dangerous.engine
2026-05-25 10:32:40 [INFO] 检测系统初始化成功
2026-05-25 10:32:43 [INFO] 引擎加载成功: dangerous.engine
2026-05-25 10:32:43 [INFO] 检测系统初始化成功
2026-05-25 10:32:43 [INFO] 图像预处理完成，原始尺寸: (2160, 3840)
2026-05-25 10:32:43 [INFO] 开始执行目标检测...
2026-05-25 10:32:43 [INFO] 检测完成，找到 0 个物体
2026-05-25 10:32:43 [INFO] 检测到车兜区域，将过滤区域外的目标
2026-05-25 10:32:43 [INFO] 引擎上下文已释放
2026-05-25 10:32:43 [INFO] TensorRT 引擎已释放
2026-05-25 10:32:43 [INFO] 全局 CUDA 资源已释放
2026-05-25 10:32:43 [INFO] 检测系统资源已释放
2026-05-25 10:32:50 [INFO] CUDA 初始化成功
2026-05-25 10:32:50 [INFO] 引擎加载成功: dangerous.engine
2026-05-25 10:32:50 [INFO] 检测系统初始化成功
2026-05-25 10:32:50 [INFO] 图像预处理完成，原始尺寸: (2160, 3840)
2026-05-25 10:32:50 [INFO] 开始执行目标检测...
2026-05-25 10:32:50 [INFO] 检测完成，找到 2 个物体
2026-05-25 10:32:50 [INFO] 物体 1: GasCyl1 (置信度: 0.89)
2026-05-25 10:32:50 [INFO] 物体 2: GasCyl1 (置信度: 0.88)
2026-05-25 10:32:50 [INFO] 检测到车兜区域，将过滤区域外的目标
2026-05-25 10:32:50 [INFO] 准备保存检测结果到: C:\code\show\Scrap_Steel_In_Field\photos\dangerous_det\detection_20260525_103250.jpg
2026-05-25 10:32:50 [INFO] 图像形状: (2160, 3840, 3)
2026-05-25 10:32:50 [INFO] 图像数据类型: uint8
2026-05-25 10:32:50 [INFO] 图像最大值: 255
2026-05-25 10:32:50 [INFO] 图像最小值: 0
2026-05-25 10:32:50 [INFO] 开始保存检测结果图像: 图像尺寸=(2160, 3840, 3), 类型=uint8, 路径=C:\code\show\Scrap_Steel_In_Field\photos\dangerous_det\detection_20260525_103250.jpg
2026-05-25 10:32:50 [INFO] 成功保存检测结果到: C:\code\show\Scrap_Steel_In_Field\photos\dangerous_det\detection_20260525_103250.jpg
2026-05-25 10:32:50 [INFO] 保存的检测结果文件大小: 2272594 字节
2026-05-25 10:32:50 [INFO] 引擎上下文已释放
2026-05-25 10:32:50 [INFO] TensorRT 引擎已释放
2026-05-25 10:32:50 [INFO] 全局 CUDA 资源已释放
2026-05-25 10:32:50 [INFO] 检测系统资源已释放
2026-05-25 10:32:55 [INFO] CUDA 初始化成功
2026-05-25 10:32:55 [INFO] 引擎加载成功: dangerous.engine
2026-05-25 10:32:55 [INFO] 检测系统初始化成功
2026-05-25 10:32:55 [INFO] 图像预处理完成，原始尺寸: (2160, 3840)
2026-05-25 10:32:55 [INFO] 开始执行目标检测...
2026-05-25 10:32:55 [INFO] 检测完成，找到 2 个物体
2026-05-25 10:32:55 [INFO] 物体 1: GasCyl1 (置信度: 0.91)
2026-05-25 10:32:55 [INFO] 物体 2: GasCyl1 (置信度: 0.90)
2026-05-25 10:32:55 [INFO] 检测到车兜区域，将过滤区域外的目标
2026-05-25 10:32:55 [INFO] 准备保存检测结果到: C:\code\show\Scrap_Steel_In_Field\photos\dangerous_det\detection_20260525_103255.jpg
2026-05-25 10:32:55 [INFO] 图像形状: (2160, 3840, 3)
2026-05-25 10:32:55 [INFO] 图像数据类型: uint8
2026-05-25 10:32:55 [INFO] 图像最大值: 255
2026-05-25 10:32:55 [INFO] 图像最小值: 0
2026-05-25 10:32:55 [INFO] 开始保存检测结果图像: 图像尺寸=(2160, 3840, 3), 类型=uint8, 路径=C:\code\show\Scrap_Steel_In_Field\photos\dangerous_det\detection_20260525_103255.jpg
2026-05-25 10:32:55 [INFO] 成功保存检测结果到: C:\code\show\Scrap_Steel_In_Field\photos\dangerous_det\detection_20260525_103255.jpg
2026-05-25 10:32:55 [INFO] 保存的检测结果文件大小: 2281459 字节
2026-05-25 10:32:55 [INFO] 引擎上下文已释放
2026-05-25 10:32:55 [INFO] TensorRT 引擎已释放
2026-05-25 10:32:55 [INFO] 全局 CUDA 资源已释放
2026-05-25 10:32:55 [INFO] 检测系统资源已释放
2026-05-25 10:33:00 [INFO] CUDA 初始化成功
2026-05-25 10:33:00 [INFO] 引擎加载成功: dangerous.engine
2026-05-25 10:33:00 [INFO] 检测系统初始化成功
2026-05-25 10:33:00 [INFO] 图像预处理完成，原始尺寸: (2160, 3840)
2026-05-25 10:33:00 [INFO] 开始执行目标检测...
2026-05-25 10:33:00 [INFO] 检测完成，找到 2 个物体
2026-05-25 10:33:00 [INFO] 物体 1: GasCyl1 (置信度: 0.90)
2026-05-25 10:33:00 [INFO] 物体 2: GasCyl1 (置信度: 0.89)
2026-05-25 10:33:00 [INFO] 检测到车兜区域，将过滤区域外的目标
2026-05-25 10:33:00 [INFO] 准备保存检测结果到: C:\code\show\Scrap_Steel_In_Field\photos\dangerous_det\detection_20260525_103300.jpg
2026-05-25 10:33:00 [INFO] 图像形状: (2160, 3840, 3)
2026-05-25 10:33:00 [INFO] 图像数据类型: uint8
2026-05-25 10:33:00 [INFO] 图像最大值: 255
2026-05-25 10:33:00 [INFO] 图像最小值: 0
2026-05-25 10:33:00 [INFO] 开始保存检测结果图像: 图像尺寸=(2160, 3840, 3), 类型=uint8, 路径=C:\code\show\Scrap_Steel_In_Field\photos\dangerous_det\detection_20260525_103300.jpg
2026-05-25 10:33:00 [INFO] 成功保存检测结果到: C:\code\show\Scrap_Steel_In_Field\photos\dangerous_det\detection_20260525_103300.jpg
2026-05-25 10:33:00 [INFO] 保存的检测结果文件大小: 2289571 字节
2026-05-25 10:33:00 [INFO] 引擎上下文已释放
2026-05-25 10:33:00 [INFO] TensorRT 引擎已释放
2026-05-25 10:33:00 [INFO] 全局 CUDA 资源已释放
2026-05-25 10:33:00 [INFO] 检测系统资源已释放
2026-05-25 10:33:05 [INFO] CUDA 初始化成功
2026-05-25 10:33:05 [INFO] 引擎加载成功: dangerous.engine
2026-05-25 10:33:05 [INFO] 检测系统初始化成功
2026-05-25 10:33:05 [INFO] 图像预处理完成，原始尺寸: (2160, 3840)
2026-05-25 10:33:05 [INFO] 开始执行目标检测...
2026-05-25 10:33:05 [INFO] 检测完成，找到 2 个物体
2026-05-25 10:33:05 [INFO] 物体 1: GasCyl1 (置信度: 0.90)
2026-05-25 10:33:05 [INFO] 物体 2: GasCyl1 (置信度: 0.89)
2026-05-25 10:33:05 [INFO] 检测到车兜区域，将过滤区域外的目标
2026-05-25 10:33:05 [INFO] 准备保存检测结果到: C:\code\show\Scrap_Steel_In_Field\photos\dangerous_det\detection_20260525_103305.jpg
2026-05-25 10:33:05 [INFO] 图像形状: (2160, 3840, 3)
2026-05-25 10:33:05 [INFO] 图像数据类型: uint8
2026-05-25 10:33:05 [INFO] 图像最大值: 255
2026-05-25 10:33:05 [INFO] 图像最小值: 0
2026-05-25 10:33:05 [INFO] 开始保存检测结果图像: 图像尺寸=(2160, 3840, 3), 类型=uint8, 路径=C:\code\show\Scrap_Steel_In_Field\photos\dangerous_det\detection_20260525_103305.jpg
2026-05-25 10:33:06 [INFO] 成功保存检测结果到: C:\code\show\Scrap_Steel_In_Field\photos\dangerous_det\detection_20260525_103305.jpg
2026-05-25 10:33:06 [INFO] 保存的检测结果文件大小: 2280791 字节
2026-05-25 10:33:06 [INFO] 引擎上下文已释放
2026-05-25 10:33:06 [INFO] TensorRT 引擎已释放
2026-05-25 10:33:06 [INFO] 全局 CUDA 资源已释放
2026-05-25 10:33:06 [INFO] 检测系统资源已释放
2026-05-25 10:33:10 [INFO] CUDA 初始化成功
2026-05-25 10:33:10 [INFO] 引擎加载成功: dangerous.engine
2026-05-25 10:33:10 [INFO] 检测系统初始化成功
2026-05-25 10:33:11 [INFO] 图像预处理完成，原始尺寸: (2160, 3840)
2026-05-25 10:33:11 [INFO] 开始执行目标检测...
2026-05-25 10:33:11 [INFO] 检测完成，找到 2 个物体
2026-05-25 10:33:11 [INFO] 物体 1: GasCyl1 (置信度: 0.89)
2026-05-25 10:33:11 [INFO] 物体 2: GasCyl1 (置信度: 0.89)
2026-05-25 10:33:11 [INFO] 检测到车兜区域，将过滤区域外的目标
2026-05-25 10:33:11 [INFO] 准备保存检测结果到: C:\code\show\Scrap_Steel_In_Field\photos\dangerous_det\detection_20260525_103311.jpg
2026-05-25 10:33:11 [INFO] 图像形状: (2160, 3840, 3)
2026-05-25 10:33:11 [INFO] 图像数据类型: uint8
2026-05-25 10:33:11 [INFO] 图像最大值: 255
2026-05-25 10:33:11 [INFO] 图像最小值: 0
2026-05-25 10:33:11 [INFO] 开始保存检测结果图像: 图像尺寸=(2160, 3840, 3), 类型=uint8, 路径=C:\code\show\Scrap_Steel_In_Field\photos\dangerous_det\detection_20260525_103311.jpg
2026-05-25 10:33:11 [INFO] 成功保存检测结果到: C:\code\show\Scrap_Steel_In_Field\photos\dangerous_det\detection_20260525_103311.jpg
2026-05-25 10:33:11 [INFO] 保存的检测结果文件大小: 2277425 字节
2026-05-25 10:33:11 [INFO] 引擎上下文已释放
2026-05-25 10:33:11 [INFO] TensorRT 引擎已释放
2026-05-25 10:33:11 [INFO] 全局 CUDA 资源已释放
2026-05-25 10:33:11 [INFO] 检测系统资源已释放
2026-05-25 10:33:15 [INFO] CUDA 初始化成功
2026-05-25 10:33:15 [INFO] 引擎加载成功: dangerous.engine
2026-05-25 10:33:15 [INFO] 检测系统初始化成功
2026-05-25 10:33:16 [INFO] 图像预处理完成，原始尺寸: (2160, 3840)
2026-05-25 10:33:16 [INFO] 开始执行目标检测...
2026-05-25 10:33:16 [INFO] 检测完成，找到 2 个物体
2026-05-25 10:33:16 [INFO] 物体 1: GasCyl1 (置信度: 0.90)
2026-05-25 10:33:16 [INFO] 物体 2: GasCyl1 (置信度: 0.90)
2026-05-25 10:33:16 [INFO] 检测到车兜区域，将过滤区域外的目标
2026-05-25 10:33:16 [INFO] 准备保存检测结果到: C:\code\show\Scrap_Steel_In_Field\photos\dangerous_det\detection_20260525_103316.jpg
2026-05-25 10:33:16 [INFO] 图像形状: (2160, 3840, 3)
2026-05-25 10:33:16 [INFO] 图像数据类型: uint8
2026-05-25 10:33:16 [INFO] 图像最大值: 255
2026-05-25 10:33:16 [INFO] 图像最小值: 0
2026-05-25 10:33:16 [INFO] 开始保存检测结果图像: 图像尺寸=(2160, 3840, 3), 类型=uint8, 路径=C:\code\show\Scrap_Steel_In_Field\photos\dangerous_det\detection_20260525_103316.jpg
2026-05-25 10:33:16 [INFO] 成功保存检测结果到: C:\code\show\Scrap_Steel_In_Field\photos\dangerous_det\detection_20260525_103316.jpg
2026-05-25 10:33:16 [INFO] 保存的检测结果文件大小: 2283705 字节
2026-05-25 10:33:16 [INFO] 引擎上下文已释放
2026-05-25 10:33:16 [INFO] TensorRT 引擎已释放
2026-05-25 10:33:16 [INFO] 全局 CUDA 资源已释放
2026-05-25 10:33:16 [INFO] 检测系统资源已释放
2026-05-25 10:33:21 [INFO] CUDA 初始化成功
2026-05-25 10:33:21 [INFO] 引擎加载成功: dangerous.engine
2026-05-25 10:33:21 [INFO] 检测系统初始化成功
2026-05-25 10:33:21 [INFO] 图像预处理完成，原始尺寸: (2160, 3840)
2026-05-25 10:33:21 [INFO] 开始执行目标检测...
2026-05-25 10:33:21 [INFO] 检测完成，找到 2 个物体
2026-05-25 10:33:21 [INFO] 物体 1: GasCyl1 (置信度: 0.91)
2026-05-25 10:33:21 [INFO] 物体 2: GasCyl1 (置信度: 0.89)
2026-05-25 10:33:21 [INFO] 检测到车兜区域，将过滤区域外的目标
2026-05-25 10:33:21 [INFO] 准备保存检测结果到: C:\code\show\Scrap_Steel_In_Field\photos\dangerous_det\detection_20260525_103321.jpg
2026-05-25 10:33:21 [INFO] 图像形状: (2160, 3840, 3)
2026-05-25 10:33:21 [INFO] 图像数据类型: uint8
2026-05-25 10:33:21 [INFO] 图像最大值: 255
2026-05-25 10:33:21 [INFO] 图像最小值: 0
2026-05-25 10:33:21 [INFO] 开始保存检测结果图像: 图像尺寸=(2160, 3840, 3), 类型=uint8, 路径=C:\code\show\Scrap_Steel_In_Field\photos\dangerous_det\detection_20260525_103321.jpg
2026-05-25 10:33:21 [INFO] 成功保存检测结果到: C:\code\show\Scrap_Steel_In_Field\photos\dangerous_det\detection_20260525_103321.jpg
2026-05-25 10:33:21 [INFO] 保存的检测结果文件大小: 2249739 字节
2026-05-25 10:33:21 [INFO] 引擎上下文已释放
2026-05-25 10:33:21 [INFO] TensorRT 引擎已释放
2026-05-25 10:33:21 [INFO] 全局 CUDA 资源已释放
2026-05-25 10:33:21 [INFO] 检测系统资源已释放
2026-05-25 10:33:26 [INFO] CUDA 初始化成功
2026-05-25 10:33:26 [INFO] 引擎加载成功: dangerous.engine
2026-05-25 10:33:26 [INFO] 检测系统初始化成功
2026-05-25 10:33:26 [INFO] 图像预处理完成，原始尺寸: (2160, 3840)
2026-05-25 10:33:26 [INFO] 开始执行目标检测...
2026-05-25 10:33:26 [INFO] 检测完成，找到 2 个物体
2026-05-25 10:33:26 [INFO] 物体 1: GasCyl1 (置信度: 0.90)
2026-05-25 10:33:26 [INFO] 物体 2: GasCyl1 (置信度: 0.89)
2026-05-25 10:33:26 [INFO] 检测到车兜区域，将过滤区域外的目标
2026-05-25 10:33:26 [INFO] 准备保存检测结果到: C:\code\show\Scrap_Steel_In_Field\photos\dangerous_det\detection_20260525_103326.jpg
2026-05-25 10:33:26 [INFO] 图像形状: (2160, 3840, 3)
2026-05-25 10:33:26 [INFO] 图像数据类型: uint8
2026-05-25 10:33:26 [INFO] 图像最大值: 255
2026-05-25 10:33:26 [INFO] 图像最小值: 0
2026-05-25 10:33:26 [INFO] 开始保存检测结果图像: 图像尺寸=(2160, 3840, 3), 类型=uint8, 路径=C:\code\show\Scrap_Steel_In_Field\photos\dangerous_det\detection_20260525_103326.jpg
2026-05-25 10:33:26 [INFO] 成功保存检测结果到: C:\code\show\Scrap_Steel_In_Field\photos\dangerous_det\detection_20260525_103326.jpg
2026-05-25 10:33:26 [INFO] 保存的检测结果文件大小: 2254226 字节
2026-05-25 10:33:26 [INFO] 引擎上下文已释放
2026-05-25 10:33:26 [INFO] TensorRT 引擎已释放
2026-05-25 10:33:26 [INFO] 全局 CUDA 资源已释放
2026-05-25 10:33:26 [INFO] 检测系统资源已释放
2026-05-25 10:33:31 [INFO] CUDA 初始化成功
2026-05-25 10:33:31 [INFO] 引擎加载成功: dangerous.engine
2026-05-25 10:33:31 [INFO] 检测系统初始化成功
2026-05-25 10:33:31 [INFO] 图像预处理完成，原始尺寸: (2160, 3840)
2026-05-25 10:33:31 [INFO] 开始执行目标检测...
2026-05-25 10:33:31 [INFO] 检测完成，找到 3 个物体
2026-05-25 10:33:31 [INFO] 物体 1: GasCyl1 (置信度: 0.89)
2026-05-25 10:33:31 [INFO] 物体 2: GasCyl1 (置信度: 0.89)
2026-05-25 10:33:31 [INFO] 物体 3: FireExt1 (置信度: 0.37)
2026-05-25 10:33:31 [INFO] 准备保存检测结果到: C:\code\show\Scrap_Steel_In_Field\photos\dangerous_det\detection_20260525_103331.jpg
2026-05-25 10:33:31 [INFO] 图像形状: (2160, 3840, 3)
2026-05-25 10:33:31 [INFO] 图像数据类型: uint8
2026-05-25 10:33:31 [INFO] 图像最大值: 255
2026-05-25 10:33:31 [INFO] 图像最小值: 0
2026-05-25 10:33:31 [INFO] 开始保存检测结果图像: 图像尺寸=(2160, 3840, 3), 类型=uint8, 路径=C:\code\show\Scrap_Steel_In_Field\photos\dangerous_det\detection_20260525_103331.jpg
2026-05-25 10:33:31 [INFO] 成功保存检测结果到: C:\code\show\Scrap_Steel_In_Field\photos\dangerous_det\detection_20260525_103331.jpg
2026-05-25 10:33:31 [INFO] 保存的检测结果文件大小: 1826831 字节
2026-05-25 10:33:31 [INFO] 引擎上下文已释放
2026-05-25 10:33:31 [INFO] TensorRT 引擎已释放
2026-05-25 10:33:31 [INFO] 全局 CUDA 资源已释放
2026-05-25 10:33:31 [INFO] 检测系统资源已释放
2026-05-25 10:33:36 [INFO] CUDA 初始化成功
2026-05-25 10:33:36 [INFO] 引擎加载成功: dangerous.engine
2026-05-25 10:33:36 [INFO] 检测系统初始化成功
2026-05-25 10:33:36 [INFO] 图像预处理完成，原始尺寸: (2160, 3840)
2026-05-25 10:33:36 [INFO] 开始执行目标检测...
2026-05-25 10:33:36 [INFO] 检测完成，找到 1 个物体
2026-05-25 10:33:36 [INFO] 物体 1: GasCyl1 (置信度: 0.73)
2026-05-25 10:33:36 [INFO] 准备保存检测结果到: C:\code\show\Scrap_Steel_In_Field\photos\dangerous_det\detection_20260525_103336.jpg
2026-05-25 10:33:36 [INFO] 图像形状: (2160, 3840, 3)
2026-05-25 10:33:36 [INFO] 图像数据类型: uint8
2026-05-25 10:33:36 [INFO] 图像最大值: 255
2026-05-25 10:33:36 [INFO] 图像最小值: 0
2026-05-25 10:33:36 [INFO] 开始保存检测结果图像: 图像尺寸=(2160, 3840, 3), 类型=uint8, 路径=C:\code\show\Scrap_Steel_In_Field\photos\dangerous_det\detection_20260525_103336.jpg
2026-05-25 10:33:36 [INFO] 成功保存检测结果到: C:\code\show\Scrap_Steel_In_Field\photos\dangerous_det\detection_20260525_103336.jpg
2026-05-25 10:33:36 [INFO] 保存的检测结果文件大小: 1567928 字节
2026-05-25 10:33:36 [INFO] 引擎上下文已释放
2026-05-25 10:33:36 [INFO] TensorRT 引擎已释放
2026-05-25 10:33:37 [INFO] 全局 CUDA 资源已释放
2026-05-25 10:33:37 [INFO] 检测系统资源已释放
2026-05-25 10:33:41 [INFO] CUDA 初始化成功
2026-05-25 10:33:41 [INFO] 引擎加载成功: dangerous.engine
2026-05-25 10:33:41 [INFO] 检测系统初始化成功
2026-05-25 10:33:41 [INFO] 图像预处理完成，原始尺寸: (2160, 3840)
2026-05-25 10:33:41 [INFO] 开始执行目标检测...
2026-05-25 10:33:41 [INFO] 检测完成，找到 1 个物体
2026-05-25 10:33:41 [INFO] 物体 1: GasCyl1 (置信度: 0.52)
2026-05-25 10:33:42 [INFO] 准备保存检测结果到: C:\code\show\Scrap_Steel_In_Field\photos\dangerous_det\detection_20260525_103342.jpg
2026-05-25 10:33:42 [INFO] 图像形状: (2160, 3840, 3)
2026-05-25 10:33:42 [INFO] 图像数据类型: uint8
2026-05-25 10:33:42 [INFO] 图像最大值: 255
2026-05-25 10:33:42 [INFO] 图像最小值: 0
2026-05-25 10:33:42 [INFO] 开始保存检测结果图像: 图像尺寸=(2160, 3840, 3), 类型=uint8, 路径=C:\code\show\Scrap_Steel_In_Field\photos\dangerous_det\detection_20260525_103342.jpg
2026-05-25 10:33:42 [INFO] 成功保存检测结果到: C:\code\show\Scrap_Steel_In_Field\photos\dangerous_det\detection_20260525_103342.jpg
2026-05-25 10:33:42 [INFO] 保存的检测结果文件大小: 1440181 字节
2026-05-25 10:33:42 [INFO] 引擎上下文已释放
2026-05-25 10:33:42 [INFO] TensorRT 引擎已释放
2026-05-25 10:33:42 [INFO] 全局 CUDA 资源已释放
2026-05-25 10:33:42 [INFO] 检测系统资源已释放
2026-05-25 10:33:46 [INFO] CUDA 初始化成功
2026-05-25 10:33:46 [INFO] 引擎加载成功: dangerous.engine
2026-05-25 10:33:46 [INFO] 检测系统初始化成功
2026-05-25 10:33:46 [INFO] 图像预处理完成，原始尺寸: (2160, 3840)
2026-05-25 10:33:46 [INFO] 开始执行目标检测...
2026-05-25 10:33:47 [INFO] 检测完成，找到 2 个物体
2026-05-25 10:33:47 [INFO] 物体 1: GasCyl1 (置信度: 0.90)
2026-05-25 10:33:47 [INFO] 物体 2: GasCyl1 (置信度: 0.86)
2026-05-25 10:33:47 [INFO] 检测到车兜区域，将过滤区域外的目标
2026-05-25 10:33:47 [INFO] 准备保存检测结果到: C:\code\show\Scrap_Steel_In_Field\photos\dangerous_det\detection_20260525_103347.jpg
2026-05-25 10:33:47 [INFO] 图像形状: (2160, 3840, 3)
2026-05-25 10:33:47 [INFO] 图像数据类型: uint8
2026-05-25 10:33:47 [INFO] 图像最大值: 255
2026-05-25 10:33:47 [INFO] 图像最小值: 0
2026-05-25 10:33:47 [INFO] 开始保存检测结果图像: 图像尺寸=(2160, 3840, 3), 类型=uint8, 路径=C:\code\show\Scrap_Steel_In_Field\photos\dangerous_det\detection_20260525_103347.jpg
2026-05-25 10:33:47 [INFO] 成功保存检测结果到: C:\code\show\Scrap_Steel_In_Field\photos\dangerous_det\detection_20260525_103347.jpg
2026-05-25 10:33:47 [INFO] 保存的检测结果文件大小: 1457412 字节
2026-05-25 10:33:47 [INFO] 引擎上下文已释放
2026-05-25 10:33:47 [INFO] TensorRT 引擎已释放
2026-05-25 10:33:47 [INFO] 全局 CUDA 资源已释放
2026-05-25 10:33:47 [INFO] 检测系统资源已释放
2026-05-25 10:33:51 [INFO] CUDA 初始化成功
2026-05-25 10:33:51 [INFO] 引擎加载成功: dangerous.engine
2026-05-25 10:33:51 [INFO] 检测系统初始化成功
2026-05-25 10:33:52 [INFO] 图像预处理完成，原始尺寸: (2160, 3840)
2026-05-25 10:33:52 [INFO] 开始执行目标检测...
2026-05-25 10:33:52 [INFO] 检测完成，找到 2 个物体
2026-05-25 10:33:52 [INFO] 物体 1: GasCyl1 (置信度: 0.90)
2026-05-25 10:33:52 [INFO] 物体 2: GasCyl1 (置信度: 0.90)
2026-05-25 10:33:52 [INFO] 检测到车兜区域，将过滤区域外的目标
2026-05-25 10:33:52 [INFO] 准备保存检测结果到: C:\code\show\Scrap_Steel_In_Field\photos\dangerous_det\detection_20260525_103352.jpg
2026-05-25 10:33:52 [INFO] 图像形状: (2160, 3840, 3)
2026-05-25 10:33:52 [INFO] 图像数据类型: uint8
2026-05-25 10:33:52 [INFO] 图像最大值: 255
2026-05-25 10:33:52 [INFO] 图像最小值: 0
2026-05-25 10:33:52 [INFO] 开始保存检测结果图像: 图像尺寸=(2160, 3840, 3), 类型=uint8, 路径=C:\code\show\Scrap_Steel_In_Field\photos\dangerous_det\detection_20260525_103352.jpg
2026-05-25 10:33:52 [INFO] 成功保存检测结果到: C:\code\show\Scrap_Steel_In_Field\photos\dangerous_det\detection_20260525_103352.jpg
2026-05-25 10:33:52 [INFO] 保存的检测结果文件大小: 2187418 字节
2026-05-25 10:33:52 [INFO] 引擎上下文已释放
2026-05-25 10:33:52 [INFO] TensorRT 引擎已释放
2026-05-25 10:33:52 [INFO] 全局 CUDA 资源已释放
2026-05-25 10:33:52 [INFO] 检测系统资源已释放
2026-05-25 10:33:57 [INFO] CUDA 初始化成功
2026-05-25 10:33:57 [INFO] 引擎加载成功: dangerous.engine
2026-05-25 10:33:57 [INFO] 检测系统初始化成功
2026-05-25 10:33:57 [INFO] 图像预处理完成，原始尺寸: (2160, 3840)
2026-05-25 10:33:57 [INFO] 开始执行目标检测...
2026-05-25 10:33:57 [INFO] 检测完成，找到 2 个物体
2026-05-25 10:33:57 [INFO] 物体 1: GasCyl1 (置信度: 0.90)
2026-05-25 10:33:57 [INFO] 物体 2: GasCyl1 (置信度: 0.90)
2026-05-25 10:33:57 [INFO] 检测到车兜区域，将过滤区域外的目标
2026-05-25 10:33:57 [INFO] 准备保存检测结果到: C:\code\show\Scrap_Steel_In_Field\photos\dangerous_det\detection_20260525_103357.jpg
2026-05-25 10:33:57 [INFO] 图像形状: (2160, 3840, 3)
2026-05-25 10:33:57 [INFO] 图像数据类型: uint8
2026-05-25 10:33:57 [INFO] 图像最大值: 255
2026-05-25 10:33:57 [INFO] 图像最小值: 0
2026-05-25 10:33:57 [INFO] 开始保存检测结果图像: 图像尺寸=(2160, 3840, 3), 类型=uint8, 路径=C:\code\show\Scrap_Steel_In_Field\photos\dangerous_det\detection_20260525_103357.jpg
2026-05-25 10:33:57 [INFO] 成功保存检测结果到: C:\code\show\Scrap_Steel_In_Field\photos\dangerous_det\detection_20260525_103357.jpg
2026-05-25 10:33:57 [INFO] 保存的检测结果文件大小: 2244899 字节
2026-05-25 10:33:57 [INFO] 引擎上下文已释放
2026-05-25 10:33:57 [INFO] TensorRT 引擎已释放
2026-05-25 10:33:57 [INFO] 全局 CUDA 资源已释放
2026-05-25 10:33:57 [INFO] 检测系统资源已释放
2026-05-25 10:34:02 [INFO] CUDA 初始化成功
2026-05-25 10:34:02 [INFO] 引擎加载成功: dangerous.engine
2026-05-25 10:34:02 [INFO] 检测系统初始化成功
2026-05-25 10:34:02 [INFO] 图像预处理完成，原始尺寸: (2160, 3840)
2026-05-25 10:34:02 [INFO] 开始执行目标检测...
2026-05-25 10:34:02 [INFO] 检测完成，找到 2 个物体
2026-05-25 10:34:02 [INFO] 物体 1: GasCyl1 (置信度: 0.91)
2026-05-25 10:34:02 [INFO] 物体 2: GasCyl1 (置信度: 0.89)
2026-05-25 10:34:02 [INFO] 检测到车兜区域，将过滤区域外的目标
2026-05-25 10:34:02 [INFO] 准备保存检测结果到: C:\code\show\Scrap_Steel_In_Field\photos\dangerous_det\detection_20260525_103402.jpg
2026-05-25 10:34:02 [INFO] 图像形状: (2160, 3840, 3)
2026-05-25 10:34:02 [INFO] 图像数据类型: uint8
2026-05-25 10:34:02 [INFO] 图像最大值: 255
2026-05-25 10:34:02 [INFO] 图像最小值: 0
2026-05-25 10:34:02 [INFO] 开始保存检测结果图像: 图像尺寸=(2160, 3840, 3), 类型=uint8, 路径=C:\code\show\Scrap_Steel_In_Field\photos\dangerous_det\detection_20260525_103402.jpg
2026-05-25 10:34:02 [INFO] 成功保存检测结果到: C:\code\show\Scrap_Steel_In_Field\photos\dangerous_det\detection_20260525_103402.jpg
2026-05-25 10:34:02 [INFO] 保存的检测结果文件大小: 2198691 字节
2026-05-25 10:34:02 [INFO] 引擎上下文已释放
2026-05-25 10:34:02 [INFO] TensorRT 引擎已释放
2026-05-25 10:34:02 [INFO] 全局 CUDA 资源已释放
2026-05-25 10:34:02 [INFO] 检测系统资源已释放
2026-05-25 10:34:07 [INFO] CUDA 初始化成功
2026-05-25 10:34:07 [INFO] 引擎加载成功: dangerous.engine
2026-05-25 10:34:07 [INFO] 检测系统初始化成功
2026-05-25 10:34:07 [INFO] 图像预处理完成，原始尺寸: (2160, 3840)
2026-05-25 10:34:07 [INFO] 开始执行目标检测...
2026-05-25 10:34:07 [INFO] 检测完成，找到 0 个物体
2026-05-25 10:34:07 [INFO] 引擎上下文已释放
2026-05-25 10:34:07 [INFO] TensorRT 引擎已释放
2026-05-25 10:34:07 [INFO] 全局 CUDA 资源已释放
2026-05-25 10:34:07 [INFO] 检测系统资源已释放
2026-05-25 10:34:12 [INFO] CUDA 初始化成功
2026-05-25 10:34:12 [INFO] 引擎加载成功: dangerous.engine
2026-05-25 10:34:12 [INFO] 检测系统初始化成功
2026-05-25 10:34:12 [INFO] 图像预处理完成，原始尺寸: (2160, 3840)
2026-05-25 10:34:12 [INFO] 开始执行目标检测...
2026-05-25 10:34:12 [INFO] 检测完成，找到 2 个物体
2026-05-25 10:34:12 [INFO] 物体 1: GasCyl1 (置信度: 0.86)
2026-05-25 10:34:12 [INFO] 物体 2: GasCyl1 (置信度: 0.84)
2026-05-25 10:34:12 [INFO] 准备保存检测结果到: C:\code\show\Scrap_Steel_In_Field\photos\dangerous_det\detection_20260525_103412.jpg
2026-05-25 10:34:12 [INFO] 图像形状: (2160, 3840, 3)
2026-05-25 10:34:12 [INFO] 图像数据类型: uint8
2026-05-25 10:34:12 [INFO] 图像最大值: 255
2026-05-25 10:34:12 [INFO] 图像最小值: 0
2026-05-25 10:34:12 [INFO] 开始保存检测结果图像: 图像尺寸=(2160, 3840, 3), 类型=uint8, 路径=C:\code\show\Scrap_Steel_In_Field\photos\dangerous_det\detection_20260525_103412.jpg
2026-05-25 10:34:12 [INFO] 成功保存检测结果到: C:\code\show\Scrap_Steel_In_Field\photos\dangerous_det\detection_20260525_103412.jpg
2026-05-25 10:34:12 [INFO] 保存的检测结果文件大小: 1759207 字节
2026-05-25 10:34:12 [INFO] 引擎上下文已释放
2026-05-25 10:34:12 [INFO] TensorRT 引擎已释放
2026-05-25 10:34:12 [INFO] 全局 CUDA 资源已释放
2026-05-25 10:34:12 [INFO] 检测系统资源已释放
2026-05-25 10:34:17 [INFO] CUDA 初始化成功
2026-05-25 10:34:17 [INFO] 引擎加载成功: dangerous.engine
2026-05-25 10:34:17 [INFO] 检测系统初始化成功
2026-05-25 10:34:17 [INFO] 图像预处理完成，原始尺寸: (2160, 3840)
2026-05-25 10:34:17 [INFO] 开始执行目标检测...
2026-05-25 10:34:17 [INFO] 检测完成，找到 0 个物体
2026-05-25 10:34:17 [INFO] 引擎上下文已释放
2026-05-25 10:34:17 [INFO] TensorRT 引擎已释放
2026-05-25 10:34:18 [INFO] 全局 CUDA 资源已释放
2026-05-25 10:34:18 [INFO] 检测系统资源已释放
2026-05-25 10:34:22 [INFO] CUDA 初始化成功
2026-05-25 10:34:22 [INFO] 引擎加载成功: dangerous.engine
2026-05-25 10:34:22 [INFO] 检测系统初始化成功
2026-05-25 10:34:22 [INFO] 图像预处理完成，原始尺寸: (2160, 3840)
2026-05-25 10:34:22 [INFO] 开始执行目标检测...
2026-05-25 10:34:22 [INFO] 检测完成，找到 2 个物体
2026-05-25 10:34:22 [INFO] 物体 1: GasCyl1 (置信度: 0.88)
2026-05-25 10:34:22 [INFO] 物体 2: GasCyl1 (置信度: 0.87)
2026-05-25 10:34:22 [INFO] 检测到车兜区域，将过滤区域外的目标
2026-05-25 10:34:22 [INFO] 准备保存检测结果到: C:\code\show\Scrap_Steel_In_Field\photos\dangerous_det\detection_20260525_103422.jpg
2026-05-25 10:34:22 [INFO] 图像形状: (2160, 3840, 3)
2026-05-25 10:34:22 [INFO] 图像数据类型: uint8
2026-05-25 10:34:22 [INFO] 图像最大值: 255
2026-05-25 10:34:22 [INFO] 图像最小值: 0
2026-05-25 10:34:22 [INFO] 开始保存检测结果图像: 图像尺寸=(2160, 3840, 3), 类型=uint8, 路径=C:\code\show\Scrap_Steel_In_Field\photos\dangerous_det\detection_20260525_103422.jpg
2026-05-25 10:34:23 [INFO] 成功保存检测结果到: C:\code\show\Scrap_Steel_In_Field\photos\dangerous_det\detection_20260525_103422.jpg
2026-05-25 10:34:23 [INFO] 保存的检测结果文件大小: 1729888 字节
2026-05-25 10:34:23 [INFO] 引擎上下文已释放
2026-05-25 10:34:23 [INFO] TensorRT 引擎已释放
2026-05-25 10:34:23 [INFO] 全局 CUDA 资源已释放
2026-05-25 10:34:23 [INFO] 检测系统资源已释放
2026-05-25 10:34:27 [INFO] CUDA 初始化成功
2026-05-25 10:34:27 [INFO] 引擎加载成功: dangerous.engine
2026-05-25 10:34:27 [INFO] 检测系统初始化成功
2026-05-25 10:34:27 [INFO] 图像预处理完成，原始尺寸: (2160, 3840)
2026-05-25 10:34:27 [INFO] 开始执行目标检测...
2026-05-25 10:34:28 [INFO] 检测完成，找到 2 个物体
2026-05-25 10:34:28 [INFO] 物体 1: GasCyl1 (置信度: 0.90)
2026-05-25 10:34:28 [INFO] 物体 2: GasCyl1 (置信度: 0.87)
2026-05-25 10:34:28 [INFO] 检测到车兜区域，将过滤区域外的目标
2026-05-25 10:34:28 [INFO] 准备保存检测结果到: C:\code\show\Scrap_Steel_In_Field\photos\dangerous_det\detection_20260525_103428.jpg
2026-05-25 10:34:28 [INFO] 图像形状: (2160, 3840, 3)
2026-05-25 10:34:28 [INFO] 图像数据类型: uint8
2026-05-25 10:34:28 [INFO] 图像最大值: 255
2026-05-25 10:34:28 [INFO] 图像最小值: 0
2026-05-25 10:34:28 [INFO] 开始保存检测结果图像: 图像尺寸=(2160, 3840, 3), 类型=uint8, 路径=C:\code\show\Scrap_Steel_In_Field\photos\dangerous_det\detection_20260525_103428.jpg
2026-05-25 10:34:28 [INFO] 成功保存检测结果到: C:\code\show\Scrap_Steel_In_Field\photos\dangerous_det\detection_20260525_103428.jpg
2026-05-25 10:34:28 [INFO] 保存的检测结果文件大小: 2220536 字节
2026-05-25 10:34:28 [INFO] 引擎上下文已释放
2026-05-25 10:34:28 [INFO] TensorRT 引擎已释放
2026-05-25 10:34:28 [INFO] 全局 CUDA 资源已释放
2026-05-25 10:34:28 [INFO] 检测系统资源已释放
2026-05-25 10:34:33 [INFO] CUDA 初始化成功
2026-05-25 10:34:33 [INFO] 引擎加载成功: dangerous.engine
2026-05-25 10:34:33 [INFO] 检测系统初始化成功
2026-05-25 10:34:33 [INFO] 图像预处理完成，原始尺寸: (2160, 3840)
2026-05-25 10:34:33 [INFO] 开始执行目标检测...
2026-05-25 10:34:33 [INFO] 检测完成，找到 2 个物体
2026-05-25 10:34:33 [INFO] 物体 1: GasCyl1 (置信度: 0.90)
2026-05-25 10:34:33 [INFO] 物体 2: GasCyl1 (置信度: 0.90)
2026-05-25 10:34:33 [INFO] 检测到车兜区域，将过滤区域外的目标
2026-05-25 10:34:33 [INFO] 准备保存检测结果到: C:\code\show\Scrap_Steel_In_Field\photos\dangerous_det\detection_20260525_103433.jpg
2026-05-25 10:34:33 [INFO] 图像形状: (2160, 3840, 3)
2026-05-25 10:34:33 [INFO] 图像数据类型: uint8
2026-05-25 10:34:33 [INFO] 图像最大值: 255
2026-05-25 10:34:33 [INFO] 图像最小值: 0
2026-05-25 10:34:33 [INFO] 开始保存检测结果图像: 图像尺寸=(2160, 3840, 3), 类型=uint8, 路径=C:\code\show\Scrap_Steel_In_Field\photos\dangerous_det\detection_20260525_103433.jpg
2026-05-25 10:34:33 [INFO] 成功保存检测结果到: C:\code\show\Scrap_Steel_In_Field\photos\dangerous_det\detection_20260525_103433.jpg
2026-05-25 10:34:33 [INFO] 保存的检测结果文件大小: 2256589 字节
2026-05-25 10:34:33 [INFO] 引擎上下文已释放
2026-05-25 10:34:33 [INFO] TensorRT 引擎已释放
2026-05-25 10:34:33 [INFO] 全局 CUDA 资源已释放
2026-05-25 10:34:33 [INFO] 检测系统资源已释放
2026-05-25 10:34:38 [INFO] CUDA 初始化成功
2026-05-25 10:34:38 [INFO] 引擎加载成功: dangerous.engine
2026-05-25 10:34:38 [INFO] 检测系统初始化成功
2026-05-25 10:34:38 [INFO] 图像预处理完成，原始尺寸: (2160, 3840)
2026-05-25 10:34:38 [INFO] 开始执行目标检测...
2026-05-25 10:34:38 [INFO] 检测完成，找到 3 个物体
2026-05-25 10:34:38 [INFO] 物体 1: GasCyl1 (置信度: 0.91)
2026-05-25 10:34:38 [INFO] 物体 2: GasCyl1 (置信度: 0.90)
2026-05-25 10:34:38 [INFO] 物体 3: FireExt1 (置信度: 0.39)
2026-05-25 10:34:38 [INFO] 检测到车兜区域，将过滤区域外的目标
2026-05-25 10:34:38 [INFO] 准备保存检测结果到: C:\code\show\Scrap_Steel_In_Field\photos\dangerous_det\detection_20260525_103438.jpg
2026-05-25 10:34:38 [INFO] 图像形状: (2160, 3840, 3)
2026-05-25 10:34:38 [INFO] 图像数据类型: uint8
2026-05-25 10:34:38 [INFO] 图像最大值: 255
2026-05-25 10:34:38 [INFO] 图像最小值: 0
2026-05-25 10:34:38 [INFO] 开始保存检测结果图像: 图像尺寸=(2160, 3840, 3), 类型=uint8, 路径=C:\code\show\Scrap_Steel_In_Field\photos\dangerous_det\detection_20260525_103438.jpg
2026-05-25 10:34:38 [INFO] 成功保存检测结果到: C:\code\show\Scrap_Steel_In_Field\photos\dangerous_det\detection_20260525_103438.jpg
2026-05-25 10:34:38 [INFO] 保存的检测结果文件大小: 2184737 字节
2026-05-25 10:34:38 [INFO] 引擎上下文已释放
2026-05-25 10:34:38 [INFO] TensorRT 引擎已释放
2026-05-25 10:34:38 [INFO] 全局 CUDA 资源已释放
2026-05-25 10:34:38 [INFO] 检测系统资源已释放
2026-05-25 10:34:43 [INFO] CUDA 初始化成功
2026-05-25 10:34:43 [INFO] 引擎加载成功: dangerous.engine
2026-05-25 10:34:43 [INFO] 检测系统初始化成功
2026-05-25 10:34:43 [INFO] 图像预处理完成，原始尺寸: (2160, 3840)
2026-05-25 10:34:43 [INFO] 开始执行目标检测...
2026-05-25 10:34:43 [INFO] 检测完成，找到 0 个物体
2026-05-25 10:34:43 [INFO] 引擎上下文已释放
2026-05-25 10:34:43 [INFO] TensorRT 引擎已释放
2026-05-25 10:34:43 [INFO] 全局 CUDA 资源已释放
2026-05-25 10:34:43 [INFO] 检测系统资源已释放
2026-05-25 10:34:48 [INFO] CUDA 初始化成功
2026-05-25 10:34:48 [INFO] 引擎加载成功: dangerous.engine
2026-05-25 10:34:48 [INFO] 检测系统初始化成功
2026-05-25 10:34:48 [INFO] 图像预处理完成，原始尺寸: (2160, 3840)
2026-05-25 10:34:48 [INFO] 开始执行目标检测...
2026-05-25 10:34:48 [INFO] 检测完成，找到 1 个物体
2026-05-25 10:34:48 [INFO] 物体 1: GasCyl1 (置信度: 0.88)
2026-05-25 10:34:48 [INFO] 准备保存检测结果到: C:\code\show\Scrap_Steel_In_Field\photos\dangerous_det\detection_20260525_103448.jpg
2026-05-25 10:34:48 [INFO] 图像形状: (2160, 3840, 3)
2026-05-25 10:34:48 [INFO] 图像数据类型: uint8
2026-05-25 10:34:48 [INFO] 图像最大值: 255
2026-05-25 10:34:48 [INFO] 图像最小值: 0
2026-05-25 10:34:48 [INFO] 开始保存检测结果图像: 图像尺寸=(2160, 3840, 3), 类型=uint8, 路径=C:\code\show\Scrap_Steel_In_Field\photos\dangerous_det\detection_20260525_103448.jpg
2026-05-25 10:34:48 [INFO] 成功保存检测结果到: C:\code\show\Scrap_Steel_In_Field\photos\dangerous_det\detection_20260525_103448.jpg
2026-05-25 10:34:48 [INFO] 保存的检测结果文件大小: 1754945 字节
2026-05-25 10:34:48 [INFO] 引擎上下文已释放
2026-05-25 10:34:48 [INFO] TensorRT 引擎已释放
2026-05-25 10:34:49 [INFO] 全局 CUDA 资源已释放
2026-05-25 10:34:49 [INFO] 检测系统资源已释放
2026-05-25 10:34:53 [INFO] CUDA 初始化成功
2026-05-25 10:34:53 [INFO] 引擎加载成功: dangerous.engine
2026-05-25 10:34:53 [INFO] 检测系统初始化成功
2026-05-25 10:34:53 [INFO] 图像预处理完成，原始尺寸: (2160, 3840)
2026-05-25 10:34:53 [INFO] 开始执行目标检测...
2026-05-25 10:34:53 [INFO] 检测完成，找到 0 个物体
2026-05-25 10:34:54 [INFO] 引擎上下文已释放
2026-05-25 10:34:54 [INFO] TensorRT 引擎已释放
2026-05-25 10:34:54 [INFO] 全局 CUDA 资源已释放
2026-05-25 10:34:54 [INFO] 检测系统资源已释放
2026-05-25 10:34:58 [INFO] CUDA 初始化成功
2026-05-25 10:34:58 [INFO] 引擎加载成功: dangerous.engine
2026-05-25 10:34:58 [INFO] 检测系统初始化成功
2026-05-25 10:34:58 [INFO] 图像预处理完成，原始尺寸: (2160, 3840)
2026-05-25 10:34:58 [INFO] 开始执行目标检测...
2026-05-25 10:34:59 [INFO] 检测完成，找到 2 个物体
2026-05-25 10:34:59 [INFO] 物体 1: GasCyl1 (置信度: 0.89)
2026-05-25 10:34:59 [INFO] 物体 2: GasCyl1 (置信度: 0.89)
2026-05-25 10:34:59 [INFO] 检测到车兜区域，将过滤区域外的目标
2026-05-25 10:34:59 [INFO] 准备保存检测结果到: C:\code\show\Scrap_Steel_In_Field\photos\dangerous_det\detection_20260525_103459.jpg
2026-05-25 10:34:59 [INFO] 图像形状: (2160, 3840, 3)
2026-05-25 10:34:59 [INFO] 图像数据类型: uint8
2026-05-25 10:34:59 [INFO] 图像最大值: 255
2026-05-25 10:34:59 [INFO] 图像最小值: 0
2026-05-25 10:34:59 [INFO] 开始保存检测结果图像: 图像尺寸=(2160, 3840, 3), 类型=uint8, 路径=C:\code\show\Scrap_Steel_In_Field\photos\dangerous_det\detection_20260525_103459.jpg
2026-05-25 10:34:59 [INFO] 成功保存检测结果到: C:\code\show\Scrap_Steel_In_Field\photos\dangerous_det\detection_20260525_103459.jpg
2026-05-25 10:34:59 [INFO] 保存的检测结果文件大小: 1883328 字节
2026-05-25 10:34:59 [INFO] 引擎上下文已释放
2026-05-25 10:34:59 [INFO] TensorRT 引擎已释放
2026-05-25 10:34:59 [INFO] 全局 CUDA 资源已释放
2026-05-25 10:34:59 [INFO] 检测系统资源已释放
2026-05-25 10:35:04 [INFO] CUDA 初始化成功
2026-05-25 10:35:04 [INFO] 引擎加载成功: dangerous.engine
2026-05-25 10:35:04 [INFO] 检测系统初始化成功
2026-05-25 10:35:04 [INFO] 图像预处理完成，原始尺寸: (2160, 3840)
2026-05-25 10:35:04 [INFO] 开始执行目标检测...
2026-05-25 10:35:04 [INFO] 检测完成，找到 2 个物体
2026-05-25 10:35:04 [INFO] 物体 1: GasCyl1 (置信度: 0.91)
2026-05-25 10:35:04 [INFO] 物体 2: GasCyl1 (置信度: 0.89)
2026-05-25 10:35:04 [INFO] 检测到车兜区域，将过滤区域外的目标
2026-05-25 10:35:04 [INFO] 准备保存检测结果到: C:\code\show\Scrap_Steel_In_Field\photos\dangerous_det\detection_20260525_103504.jpg
2026-05-25 10:35:04 [INFO] 图像形状: (2160, 3840, 3)
2026-05-25 10:35:04 [INFO] 图像数据类型: uint8
2026-05-25 10:35:04 [INFO] 图像最大值: 255
2026-05-25 10:35:04 [INFO] 图像最小值: 0
2026-05-25 10:35:04 [INFO] 开始保存检测结果图像: 图像尺寸=(2160, 3840, 3), 类型=uint8, 路径=C:\code\show\Scrap_Steel_In_Field\photos\dangerous_det\detection_20260525_103504.jpg
2026-05-25 10:35:04 [INFO] 成功保存检测结果到: C:\code\show\Scrap_Steel_In_Field\photos\dangerous_det\detection_20260525_103504.jpg
2026-05-25 10:35:04 [INFO] 保存的检测结果文件大小: 2247698 字节
2026-05-25 10:35:04 [INFO] 引擎上下文已释放
2026-05-25 10:35:04 [INFO] TensorRT 引擎已释放
2026-05-25 10:35:04 [INFO] 全局 CUDA 资源已释放
2026-05-25 10:35:04 [INFO] 检测系统资源已释放
2026-05-25 10:35:09 [INFO] CUDA 初始化成功
2026-05-25 10:35:09 [INFO] 引擎加载成功: dangerous.engine
2026-05-25 10:35:09 [INFO] 检测系统初始化成功
2026-05-25 10:35:09 [INFO] 图像预处理完成，原始尺寸: (2160, 3840)
2026-05-25 10:35:09 [INFO] 开始执行目标检测...
2026-05-25 10:35:09 [INFO] 检测完成，找到 2 个物体
2026-05-25 10:35:09 [INFO] 物体 1: GasCyl1 (置信度: 0.91)
2026-05-25 10:35:09 [INFO] 物体 2: GasCyl1 (置信度: 0.89)
2026-05-25 10:35:09 [INFO] 检测到车兜区域，将过滤区域外的目标
2026-05-25 10:35:09 [INFO] 准备保存检测结果到: C:\code\show\Scrap_Steel_In_Field\photos\dangerous_det\detection_20260525_103509.jpg
2026-05-25 10:35:09 [INFO] 图像形状: (2160, 3840, 3)
2026-05-25 10:35:09 [INFO] 图像数据类型: uint8
2026-05-25 10:35:09 [INFO] 图像最大值: 255
2026-05-25 10:35:09 [INFO] 图像最小值: 0
2026-05-25 10:35:09 [INFO] 开始保存检测结果图像: 图像尺寸=(2160, 3840, 3), 类型=uint8, 路径=C:\code\show\Scrap_Steel_In_Field\photos\dangerous_det\detection_20260525_103509.jpg
2026-05-25 10:35:09 [INFO] 成功保存检测结果到: C:\code\show\Scrap_Steel_In_Field\photos\dangerous_det\detection_20260525_103509.jpg
2026-05-25 10:35:09 [INFO] 保存的检测结果文件大小: 2277214 字节
2026-05-25 10:35:09 [INFO] 引擎上下文已释放
2026-05-25 10:35:09 [INFO] TensorRT 引擎已释放
2026-05-25 10:35:09 [INFO] 全局 CUDA 资源已释放
2026-05-25 10:35:09 [INFO] 检测系统资源已释放
2026-05-25 10:35:14 [INFO] CUDA 初始化成功
2026-05-25 10:35:14 [INFO] 引擎加载成功: dangerous.engine
2026-05-25 10:35:14 [INFO] 检测系统初始化成功
2026-05-25 10:35:14 [INFO] 图像预处理完成，原始尺寸: (2160, 3840)
2026-05-25 10:35:14 [INFO] 开始执行目标检测...
2026-05-25 10:35:14 [INFO] 检测完成，找到 2 个物体
2026-05-25 10:35:14 [INFO] 物体 1: GasCyl1 (置信度: 0.92)
2026-05-25 10:35:14 [INFO] 物体 2: GasCyl1 (置信度: 0.90)
2026-05-25 10:35:14 [INFO] 检测到车兜区域，将过滤区域外的目标
2026-05-25 10:35:14 [INFO] 准备保存检测结果到: C:\code\show\Scrap_Steel_In_Field\photos\dangerous_det\detection_20260525_103514.jpg
2026-05-25 10:35:14 [INFO] 图像形状: (2160, 3840, 3)
2026-05-25 10:35:14 [INFO] 图像数据类型: uint8
2026-05-25 10:35:14 [INFO] 图像最大值: 255
2026-05-25 10:35:14 [INFO] 图像最小值: 0
2026-05-25 10:35:14 [INFO] 开始保存检测结果图像: 图像尺寸=(2160, 3840, 3), 类型=uint8, 路径=C:\code\show\Scrap_Steel_In_Field\photos\dangerous_det\detection_20260525_103514.jpg
2026-05-25 10:35:14 [INFO] 成功保存检测结果到: C:\code\show\Scrap_Steel_In_Field\photos\dangerous_det\detection_20260525_103514.jpg
2026-05-25 10:35:14 [INFO] 保存的检测结果文件大小: 2280626 字节
2026-05-25 10:35:15 [INFO] 引擎上下文已释放
2026-05-25 10:35:15 [INFO] TensorRT 引擎已释放
2026-05-25 10:35:15 [INFO] 全局 CUDA 资源已释放
2026-05-25 10:35:15 [INFO] 检测系统资源已释放
2026-05-25 10:35:19 [INFO] CUDA 初始化成功
2026-05-25 10:35:19 [INFO] 引擎加载成功: dangerous.engine
2026-05-25 10:35:19 [INFO] 检测系统初始化成功
2026-05-25 10:35:19 [INFO] 图像预处理完成，原始尺寸: (2160, 3840)
2026-05-25 10:35:19 [INFO] 开始执行目标检测...
2026-05-25 10:35:19 [INFO] 检测完成，找到 3 个物体
2026-05-25 10:35:19 [INFO] 物体 1: GasCyl1 (置信度: 0.91)
2026-05-25 10:35:19 [INFO] 物体 2: GasCyl1 (置信度: 0.89)
2026-05-25 10:35:19 [INFO] 物体 3: FireExt1 (置信度: 0.50)
2026-05-25 10:35:19 [INFO] 检测到车兜区域，将过滤区域外的目标
2026-05-25 10:35:19 [INFO] 车兜区域过滤: 3 -> 2 个目标
2026-05-25 10:35:19 [INFO] 准备保存检测结果到: C:\code\show\Scrap_Steel_In_Field\photos\dangerous_det\detection_20260525_103519.jpg
2026-05-25 10:35:19 [INFO] 图像形状: (2160, 3840, 3)
2026-05-25 10:35:19 [INFO] 图像数据类型: uint8
2026-05-25 10:35:19 [INFO] 图像最大值: 255
2026-05-25 10:35:19 [INFO] 图像最小值: 0
2026-05-25 10:35:19 [INFO] 开始保存检测结果图像: 图像尺寸=(2160, 3840, 3), 类型=uint8, 路径=C:\code\show\Scrap_Steel_In_Field\photos\dangerous_det\detection_20260525_103519.jpg
2026-05-25 10:35:20 [INFO] 成功保存检测结果到: C:\code\show\Scrap_Steel_In_Field\photos\dangerous_det\detection_20260525_103519.jpg
2026-05-25 10:35:20 [INFO] 保存的检测结果文件大小: 2240102 字节
2026-05-25 10:35:20 [INFO] 引擎上下文已释放
2026-05-25 10:35:20 [INFO] TensorRT 引擎已释放
2026-05-25 10:35:20 [INFO] 全局 CUDA 资源已释放
2026-05-25 10:35:20 [INFO] 检测系统资源已释放
2026-05-25 10:35:24 [INFO] CUDA 初始化成功
2026-05-25 10:35:24 [INFO] 引擎加载成功: dangerous.engine
2026-05-25 10:35:24 [INFO] 检测系统初始化成功
2026-05-25 10:35:25 [INFO] 图像预处理完成，原始尺寸: (2160, 3840)
2026-05-25 10:35:25 [INFO] 开始执行目标检测...
2026-05-25 10:35:25 [INFO] 检测完成，找到 3 个物体
2026-05-25 10:35:25 [INFO] 物体 1: GasCyl1 (置信度: 0.90)
2026-05-25 10:35:25 [INFO] 物体 2: GasCyl1 (置信度: 0.89)
2026-05-25 10:35:25 [INFO] 物体 3: FireExt1 (置信度: 0.50)
2026-05-25 10:35:25 [INFO] 检测到车兜区域，将过滤区域外的目标
2026-05-25 10:35:25 [INFO] 车兜区域过滤: 3 -> 2 个目标
2026-05-25 10:35:25 [INFO] 准备保存检测结果到: C:\code\show\Scrap_Steel_In_Field\photos\dangerous_det\detection_20260525_103525.jpg
2026-05-25 10:35:25 [INFO] 图像形状: (2160, 3840, 3)
2026-05-25 10:35:25 [INFO] 图像数据类型: uint8
2026-05-25 10:35:25 [INFO] 图像最大值: 255
2026-05-25 10:35:25 [INFO] 图像最小值: 0
2026-05-25 10:35:25 [INFO] 开始保存检测结果图像: 图像尺寸=(2160, 3840, 3), 类型=uint8, 路径=C:\code\show\Scrap_Steel_In_Field\photos\dangerous_det\detection_20260525_103525.jpg
2026-05-25 10:35:25 [INFO] 成功保存检测结果到: C:\code\show\Scrap_Steel_In_Field\photos\dangerous_det\detection_20260525_103525.jpg
2026-05-25 10:35:25 [INFO] 保存的检测结果文件大小: 2316728 字节
2026-05-25 10:35:25 [INFO] 引擎上下文已释放
2026-05-25 10:35:25 [INFO] TensorRT 引擎已释放
2026-05-25 10:35:25 [INFO] 全局 CUDA 资源已释放
2026-05-25 10:35:25 [INFO] 检测系统资源已释放
2026-05-25 10:35:30 [INFO] CUDA 初始化成功
2026-05-25 10:35:30 [INFO] 引擎加载成功: dangerous.engine
2026-05-25 10:35:30 [INFO] 检测系统初始化成功
2026-05-25 10:35:30 [INFO] 图像预处理完成，原始尺寸: (2160, 3840)
2026-05-25 10:35:30 [INFO] 开始执行目标检测...
2026-05-25 10:35:30 [INFO] 检测完成，找到 3 个物体
2026-05-25 10:35:30 [INFO] 物体 1: GasCyl1 (置信度: 0.90)
2026-05-25 10:35:30 [INFO] 物体 2: GasCyl1 (置信度: 0.89)
2026-05-25 10:35:30 [INFO] 物体 3: FireExt1 (置信度: 0.44)
2026-05-25 10:35:31 [INFO] 检测到车兜区域，将过滤区域外的目标
2026-05-25 10:35:31 [INFO] 车兜区域过滤: 3 -> 2 个目标
2026-05-25 10:35:31 [INFO] 准备保存检测结果到: C:\code\show\Scrap_Steel_In_Field\photos\dangerous_det\detection_20260525_103531.jpg
2026-05-25 10:35:31 [INFO] 图像形状: (2160, 3840, 3)
2026-05-25 10:35:31 [INFO] 图像数据类型: uint8
2026-05-25 10:35:31 [INFO] 图像最大值: 255
2026-05-25 10:35:31 [INFO] 图像最小值: 0
2026-05-25 10:35:31 [INFO] 开始保存检测结果图像: 图像尺寸=(2160, 3840, 3), 类型=uint8, 路径=C:\code\show\Scrap_Steel_In_Field\photos\dangerous_det\detection_20260525_103531.jpg
2026-05-25 10:35:31 [INFO] 成功保存检测结果到: C:\code\show\Scrap_Steel_In_Field\photos\dangerous_det\detection_20260525_103531.jpg
2026-05-25 10:35:31 [INFO] 保存的检测结果文件大小: 2319442 字节
2026-05-25 10:35:31 [INFO] 引擎上下文已释放
2026-05-25 10:35:31 [INFO] TensorRT 引擎已释放
2026-05-25 10:35:31 [INFO] 全局 CUDA 资源已释放
2026-05-25 10:35:31 [INFO] 检测系统资源已释放
2026-05-25 10:35:35 [INFO] CUDA 初始化成功
2026-05-25 10:35:35 [INFO] 引擎加载成功: dangerous.engine
2026-05-25 10:35:35 [INFO] 检测系统初始化成功
2026-05-25 10:35:35 [INFO] 图像预处理完成，原始尺寸: (2160, 3840)
2026-05-25 10:35:35 [INFO] 开始执行目标检测...
2026-05-25 10:35:35 [INFO] 检测完成，找到 3 个物体
2026-05-25 10:35:35 [INFO] 物体 1: GasCyl1 (置信度: 0.91)
2026-05-25 10:35:35 [INFO] 物体 2: GasCyl1 (置信度: 0.90)
2026-05-25 10:35:35 [INFO] 物体 3: FireExt1 (置信度: 0.50)
2026-05-25 10:35:35 [INFO] 检测到车兜区域，将过滤区域外的目标
2026-05-25 10:35:35 [INFO] 车兜区域过滤: 3 -> 2 个目标
2026-05-25 10:35:35 [INFO] 准备保存检测结果到: C:\code\show\Scrap_Steel_In_Field\photos\dangerous_det\detection_20260525_103535.jpg
2026-05-25 10:35:35 [INFO] 图像形状: (2160, 3840, 3)
2026-05-25 10:35:35 [INFO] 图像数据类型: uint8
2026-05-25 10:35:35 [INFO] 图像最大值: 255
2026-05-25 10:35:35 [INFO] 图像最小值: 0
2026-05-25 10:35:35 [INFO] 开始保存检测结果图像: 图像尺寸=(2160, 3840, 3), 类型=uint8, 路径=C:\code\show\Scrap_Steel_In_Field\photos\dangerous_det\detection_20260525_103535.jpg
2026-05-25 10:35:35 [INFO] 成功保存检测结果到: C:\code\show\Scrap_Steel_In_Field\photos\dangerous_det\detection_20260525_103535.jpg
2026-05-25 10:35:35 [INFO] 保存的检测结果文件大小: 2321382 字节
2026-05-25 10:35:35 [INFO] 引擎上下文已释放
2026-05-25 10:35:35 [INFO] TensorRT 引擎已释放
2026-05-25 10:35:35 [INFO] 全局 CUDA 资源已释放
2026-05-25 10:35:35 [INFO] 检测系统资源已释放
2026-05-25 10:35:40 [INFO] CUDA 初始化成功
2026-05-25 10:35:40 [INFO] 引擎加载成功: dangerous.engine
2026-05-25 10:35:40 [INFO] 检测系统初始化成功
2026-05-25 10:35:40 [INFO] 图像预处理完成，原始尺寸: (2160, 3840)
2026-05-25 10:35:40 [INFO] 开始执行目标检测...
2026-05-25 10:35:40 [INFO] 检测完成，找到 3 个物体
2026-05-25 10:35:40 [INFO] 物体 1: GasCyl1 (置信度: 0.91)
2026-05-25 10:35:40 [INFO] 物体 2: GasCyl1 (置信度: 0.90)
2026-05-25 10:35:40 [INFO] 物体 3: FireExt1 (置信度: 0.51)
2026-05-25 10:35:40 [INFO] 检测到车兜区域，将过滤区域外的目标
2026-05-25 10:35:40 [INFO] 车兜区域过滤: 3 -> 2 个目标
2026-05-25 10:35:40 [INFO] 准备保存检测结果到: C:\code\show\Scrap_Steel_In_Field\photos\dangerous_det\detection_20260525_103540.jpg
2026-05-25 10:35:40 [INFO] 图像形状: (2160, 3840, 3)
2026-05-25 10:35:40 [INFO] 图像数据类型: uint8
2026-05-25 10:35:40 [INFO] 图像最大值: 255
2026-05-25 10:35:40 [INFO] 图像最小值: 0
2026-05-25 10:35:40 [INFO] 开始保存检测结果图像: 图像尺寸=(2160, 3840, 3), 类型=uint8, 路径=C:\code\show\Scrap_Steel_In_Field\photos\dangerous_det\detection_20260525_103540.jpg
2026-05-25 10:35:40 [INFO] 成功保存检测结果到: C:\code\show\Scrap_Steel_In_Field\photos\dangerous_det\detection_20260525_103540.jpg
2026-05-25 10:35:40 [INFO] 保存的检测结果文件大小: 2330811 字节
2026-05-25 10:35:40 [INFO] 引擎上下文已释放
2026-05-25 10:35:40 [INFO] TensorRT 引擎已释放
2026-05-25 10:35:40 [INFO] 全局 CUDA 资源已释放
2026-05-25 10:35:40 [INFO] 检测系统资源已释放
