2026-05-21 14:11:09 [INFO] CUDA 初始化成功
2026-05-21 14:11:09 [INFO] 引擎加载成功: dangerous.engine
2026-05-21 14:11:10 [INFO] 检测系统初始化成功
2026-05-21 14:11:12 [INFO] 引擎加载成功: dangerous.engine
2026-05-21 14:11:12 [INFO] 检测系统初始化成功
2026-05-21 14:11:12 [INFO] 图像预处理完成，原始尺寸: (2160, 3840)
2026-05-21 14:11:12 [INFO] 开始执行目标检测...
2026-05-21 14:11:12 [INFO] 检测完成，找到 0 个物体
2026-05-21 14:11:12 [INFO] 引擎上下文已释放
2026-05-21 14:11:12 [INFO] TensorRT 引擎已释放
2026-05-21 14:11:12 [INFO] 全局 CUDA 资源已释放
2026-05-21 14:11:12 [INFO] 检测系统资源已释放
2026-05-21 14:11:17 [INFO] CUDA 初始化成功
2026-05-21 14:11:17 [INFO] 引擎加载成功: dangerous.engine
2026-05-21 14:11:17 [INFO] 检测系统初始化成功
2026-05-21 14:11:17 [INFO] 图像预处理完成，原始尺寸: (2160, 3840)
2026-05-21 14:11:17 [INFO] 开始执行目标检测...
2026-05-21 14:11:18 [INFO] 检测完成，找到 4 个物体
2026-05-21 14:11:18 [INFO] 物体 1: GasCyl1 (置信度: 0.84)
2026-05-21 14:11:18 [INFO] 物体 2: GasCyl1 (置信度: 0.80)
2026-05-21 14:11:18 [INFO] 物体 3: FireExt1 (置信度: 0.48)
2026-05-21 14:11:18 [INFO] 物体 4: FireExt1 (置信度: 0.38)
2026-05-21 14:11:18 [INFO] 准备保存检测结果到: C:\code\show\Scrap_Steel_In_Field\photos\dangerous_det\detection_20260521_141118.jpg
2026-05-21 14:11:18 [INFO] 图像形状: (2160, 3840, 3)
2026-05-21 14:11:18 [INFO] 图像数据类型: uint8
2026-05-21 14:11:18 [INFO] 图像最大值: 255
2026-05-21 14:11:18 [INFO] 图像最小值: 0
2026-05-21 14:11:18 [INFO] 开始保存检测结果图像: 图像尺寸=(2160, 3840, 3), 类型=uint8, 路径=C:\code\show\Scrap_Steel_In_Field\photos\dangerous_det\detection_20260521_141118.jpg
2026-05-21 14:11:18 [INFO] 成功保存检测结果到: C:\code\show\Scrap_Steel_In_Field\photos\dangerous_det\detection_20260521_141118.jpg
2026-05-21 14:11:18 [INFO] 保存的检测结果文件大小: 2457302 字节
2026-05-21 14:11:18 [INFO] 引擎上下文已释放
2026-05-21 14:11:18 [INFO] TensorRT 引擎已释放
2026-05-21 14:11:18 [INFO] 全局 CUDA 资源已释放
2026-05-21 14:11:18 [INFO] 检测系统资源已释放
2026-05-21 14:11:23 [INFO] CUDA 初始化成功
2026-05-21 14:11:23 [INFO] 引擎加载成功: dangerous.engine
2026-05-21 14:11:23 [INFO] 检测系统初始化成功
2026-05-21 14:11:23 [INFO] 图像预处理完成，原始尺寸: (2160, 3840)
2026-05-21 14:11:23 [INFO] 开始执行目标检测...
2026-05-21 14:11:23 [INFO] 检测完成，找到 4 个物体
2026-05-21 14:11:23 [INFO] 物体 1: GasCyl1 (置信度: 0.85)
2026-05-21 14:11:23 [INFO] 物体 2: GasCyl1 (置信度: 0.83)
2026-05-21 14:11:23 [INFO] 物体 3: FireExt1 (置信度: 0.49)
2026-05-21 14:11:23 [INFO] 物体 4: FireExt1 (置信度: 0.41)
2026-05-21 14:11:23 [INFO] 准备保存检测结果到: C:\code\show\Scrap_Steel_In_Field\photos\dangerous_det\detection_20260521_141123.jpg
2026-05-21 14:11:23 [INFO] 图像形状: (2160, 3840, 3)
2026-05-21 14:11:23 [INFO] 图像数据类型: uint8
2026-05-21 14:11:23 [INFO] 图像最大值: 255
2026-05-21 14:11:23 [INFO] 图像最小值: 0
2026-05-21 14:11:23 [INFO] 开始保存检测结果图像: 图像尺寸=(2160, 3840, 3), 类型=uint8, 路径=C:\code\show\Scrap_Steel_In_Field\photos\dangerous_det\detection_20260521_141123.jpg
2026-05-21 14:11:23 [INFO] 成功保存检测结果到: C:\code\show\Scrap_Steel_In_Field\photos\dangerous_det\detection_20260521_141123.jpg
2026-05-21 14:11:23 [INFO] 保存的检测结果文件大小: 2450430 字节
2026-05-21 14:11:23 [INFO] 引擎上下文已释放
2026-05-21 14:11:23 [INFO] TensorRT 引擎已释放
2026-05-21 14:11:23 [INFO] 全局 CUDA 资源已释放
2026-05-21 14:11:23 [INFO] 检测系统资源已释放
2026-05-21 14:11:28 [INFO] CUDA 初始化成功
2026-05-21 14:11:28 [INFO] 引擎加载成功: dangerous.engine
2026-05-21 14:11:28 [INFO] 检测系统初始化成功
2026-05-21 14:11:28 [INFO] 图像预处理完成，原始尺寸: (2160, 3840)
2026-05-21 14:11:28 [INFO] 开始执行目标检测...
2026-05-21 14:11:29 [INFO] 检测完成，找到 4 个物体
2026-05-21 14:11:29 [INFO] 物体 1: GasCyl1 (置信度: 0.83)
2026-05-21 14:11:29 [INFO] 物体 2: GasCyl1 (置信度: 0.82)
2026-05-21 14:11:29 [INFO] 物体 3: FireExt1 (置信度: 0.46)
2026-05-21 14:11:29 [INFO] 物体 4: FireExt1 (置信度: 0.39)
2026-05-21 14:11:29 [INFO] 准备保存检测结果到: C:\code\show\Scrap_Steel_In_Field\photos\dangerous_det\detection_20260521_141129.jpg
2026-05-21 14:11:29 [INFO] 图像形状: (2160, 3840, 3)
2026-05-21 14:11:29 [INFO] 图像数据类型: uint8
2026-05-21 14:11:29 [INFO] 图像最大值: 255
2026-05-21 14:11:29 [INFO] 图像最小值: 0
2026-05-21 14:11:29 [INFO] 开始保存检测结果图像: 图像尺寸=(2160, 3840, 3), 类型=uint8, 路径=C:\code\show\Scrap_Steel_In_Field\photos\dangerous_det\detection_20260521_141129.jpg
2026-05-21 14:11:29 [INFO] 成功保存检测结果到: C:\code\show\Scrap_Steel_In_Field\photos\dangerous_det\detection_20260521_141129.jpg
2026-05-21 14:11:29 [INFO] 保存的检测结果文件大小: 2449596 字节
2026-05-21 14:11:29 [INFO] 引擎上下文已释放
2026-05-21 14:11:29 [INFO] TensorRT 引擎已释放
2026-05-21 14:11:29 [INFO] 全局 CUDA 资源已释放
2026-05-21 14:11:29 [INFO] 检测系统资源已释放
2026-05-21 14:11:33 [INFO] CUDA 初始化成功
2026-05-21 14:11:33 [INFO] 引擎加载成功: dangerous.engine
2026-05-21 14:11:33 [INFO] 检测系统初始化成功
2026-05-21 14:11:33 [INFO] 图像预处理完成，原始尺寸: (2160, 3840)
2026-05-21 14:11:33 [INFO] 开始执行目标检测...
2026-05-21 14:11:34 [INFO] 检测完成，找到 4 个物体
2026-05-21 14:11:34 [INFO] 物体 1: GasCyl1 (置信度: 0.82)
2026-05-21 14:11:34 [INFO] 物体 2: GasCyl1 (置信度: 0.80)
2026-05-21 14:11:34 [INFO] 物体 3: FireExt1 (置信度: 0.45)
2026-05-21 14:11:34 [INFO] 物体 4: FireExt1 (置信度: 0.37)
2026-05-21 14:11:34 [INFO] 准备保存检测结果到: C:\code\show\Scrap_Steel_In_Field\photos\dangerous_det\detection_20260521_141134.jpg
2026-05-21 14:11:34 [INFO] 图像形状: (2160, 3840, 3)
2026-05-21 14:11:34 [INFO] 图像数据类型: uint8
2026-05-21 14:11:34 [INFO] 图像最大值: 255
2026-05-21 14:11:34 [INFO] 图像最小值: 0
2026-05-21 14:11:34 [INFO] 开始保存检测结果图像: 图像尺寸=(2160, 3840, 3), 类型=uint8, 路径=C:\code\show\Scrap_Steel_In_Field\photos\dangerous_det\detection_20260521_141134.jpg
2026-05-21 14:11:34 [INFO] 成功保存检测结果到: C:\code\show\Scrap_Steel_In_Field\photos\dangerous_det\detection_20260521_141134.jpg
2026-05-21 14:11:34 [INFO] 保存的检测结果文件大小: 2454012 字节
2026-05-21 14:11:34 [INFO] 引擎上下文已释放
2026-05-21 14:11:34 [INFO] TensorRT 引擎已释放
2026-05-21 14:11:34 [INFO] 全局 CUDA 资源已释放
2026-05-21 14:11:34 [INFO] 检测系统资源已释放
2026-05-21 14:11:39 [INFO] CUDA 初始化成功
2026-05-21 14:11:39 [INFO] 引擎加载成功: dangerous.engine
2026-05-21 14:11:39 [INFO] 检测系统初始化成功
2026-05-21 14:11:39 [INFO] 图像预处理完成，原始尺寸: (2160, 3840)
2026-05-21 14:11:39 [INFO] 开始执行目标检测...
2026-05-21 14:11:39 [INFO] 检测完成，找到 4 个物体
2026-05-21 14:11:39 [INFO] 物体 1: GasCyl1 (置信度: 0.82)
2026-05-21 14:11:39 [INFO] 物体 2: GasCyl1 (置信度: 0.79)
2026-05-21 14:11:39 [INFO] 物体 3: FireExt1 (置信度: 0.48)
2026-05-21 14:11:39 [INFO] 物体 4: FireExt1 (置信度: 0.37)
2026-05-21 14:11:39 [INFO] 准备保存检测结果到: C:\code\show\Scrap_Steel_In_Field\photos\dangerous_det\detection_20260521_141139.jpg
2026-05-21 14:11:39 [INFO] 图像形状: (2160, 3840, 3)
2026-05-21 14:11:39 [INFO] 图像数据类型: uint8
2026-05-21 14:11:39 [INFO] 图像最大值: 255
2026-05-21 14:11:39 [INFO] 图像最小值: 0
2026-05-21 14:11:39 [INFO] 开始保存检测结果图像: 图像尺寸=(2160, 3840, 3), 类型=uint8, 路径=C:\code\show\Scrap_Steel_In_Field\photos\dangerous_det\detection_20260521_141139.jpg
2026-05-21 14:11:39 [INFO] 成功保存检测结果到: C:\code\show\Scrap_Steel_In_Field\photos\dangerous_det\detection_20260521_141139.jpg
2026-05-21 14:11:39 [INFO] 保存的检测结果文件大小: 2450391 字节
2026-05-21 14:11:39 [INFO] 引擎上下文已释放
2026-05-21 14:11:39 [INFO] TensorRT 引擎已释放
2026-05-21 14:11:39 [INFO] 全局 CUDA 资源已释放
2026-05-21 14:11:39 [INFO] 检测系统资源已释放
2026-05-21 14:11:44 [INFO] CUDA 初始化成功
2026-05-21 14:11:44 [INFO] 引擎加载成功: dangerous.engine
2026-05-21 14:11:44 [INFO] 检测系统初始化成功
2026-05-21 14:11:45 [INFO] 图像预处理完成，原始尺寸: (2160, 3840)
2026-05-21 14:11:45 [INFO] 开始执行目标检测...
2026-05-21 14:11:45 [INFO] 检测完成，找到 4 个物体
2026-05-21 14:11:45 [INFO] 物体 1: GasCyl1 (置信度: 0.84)
2026-05-21 14:11:45 [INFO] 物体 2: GasCyl1 (置信度: 0.83)
2026-05-21 14:11:45 [INFO] 物体 3: FireExt1 (置信度: 0.45)
2026-05-21 14:11:45 [INFO] 物体 4: FireExt1 (置信度: 0.38)
2026-05-21 14:11:45 [INFO] 准备保存检测结果到: C:\code\show\Scrap_Steel_In_Field\photos\dangerous_det\detection_20260521_141145.jpg
2026-05-21 14:11:45 [INFO] 图像形状: (2160, 3840, 3)
2026-05-21 14:11:45 [INFO] 图像数据类型: uint8
2026-05-21 14:11:45 [INFO] 图像最大值: 255
2026-05-21 14:11:45 [INFO] 图像最小值: 0
2026-05-21 14:11:45 [INFO] 开始保存检测结果图像: 图像尺寸=(2160, 3840, 3), 类型=uint8, 路径=C:\code\show\Scrap_Steel_In_Field\photos\dangerous_det\detection_20260521_141145.jpg
2026-05-21 14:11:45 [INFO] 成功保存检测结果到: C:\code\show\Scrap_Steel_In_Field\photos\dangerous_det\detection_20260521_141145.jpg
2026-05-21 14:11:45 [INFO] 保存的检测结果文件大小: 2462248 字节
2026-05-21 14:11:45 [INFO] 引擎上下文已释放
2026-05-21 14:11:45 [INFO] TensorRT 引擎已释放
2026-05-21 14:11:45 [INFO] 全局 CUDA 资源已释放
2026-05-21 14:11:45 [INFO] 检测系统资源已释放
