2026-06-22 17:55:54 [INFO] CUDA 初始化成功
2026-06-22 17:55:54 [INFO] 引擎加载成功: dangerous.engine
2026-06-22 17:55:54 [INFO] 检测系统初始化成功
2026-06-22 17:55:57 [INFO] 引擎加载成功: dangerous.engine
2026-06-22 17:55:57 [INFO] 检测系统初始化成功
2026-06-22 17:55:57 [INFO] 图像预处理完成，原始尺寸: (2160, 3840)
2026-06-22 17:55:57 [INFO] 开始执行目标检测...
2026-06-22 17:55:57 [INFO] 检测完成，找到 0 个物体
2026-06-22 17:55:57 [INFO] 引擎上下文已释放
2026-06-22 17:55:57 [INFO] TensorRT 引擎已释放
2026-06-22 17:55:57 [INFO] 全局 CUDA 资源已释放
2026-06-22 17:55:57 [INFO] 检测系统资源已释放
2026-06-22 17:56:02 [INFO] CUDA 初始化成功
2026-06-22 17:56:02 [INFO] 引擎加载成功: dangerous.engine
2026-06-22 17:56:02 [INFO] 检测系统初始化成功
2026-06-22 17:56:02 [INFO] 图像预处理完成，原始尺寸: (2160, 3840)
2026-06-22 17:56:02 [INFO] 开始执行目标检测...
2026-06-22 17:56:02 [INFO] 检测完成，找到 3 个物体
2026-06-22 17:56:02 [INFO] 物体 1: GasCyl1 (置信度: 0.67)
2026-06-22 17:56:02 [INFO] 物体 2: GasCyl1 (置信度: 0.52)
2026-06-22 17:56:02 [INFO] 物体 3: FireExt1 (置信度: 0.44)
2026-06-22 17:56:02 [INFO] 检测到车兜区域，将过滤区域外的目标
2026-06-22 17:56:02 [INFO] 车兜区域过滤: 3 -> 0 个目标
2026-06-22 17:56:02 [INFO] 引擎上下文已释放
2026-06-22 17:56:02 [INFO] TensorRT 引擎已释放
2026-06-22 17:56:02 [INFO] 全局 CUDA 资源已释放
2026-06-22 17:56:02 [INFO] 检测系统资源已释放
2026-06-22 17:56:10 [INFO] CUDA 初始化成功
2026-06-22 17:56:10 [INFO] 引擎加载成功: dangerous.engine
2026-06-22 17:56:10 [INFO] 检测系统初始化成功
2026-06-22 17:56:10 [INFO] 图像预处理完成，原始尺寸: (2160, 3840)
2026-06-22 17:56:10 [INFO] 开始执行目标检测...
2026-06-22 17:56:10 [INFO] 检测完成，找到 3 个物体
2026-06-22 17:56:10 [INFO] 物体 1: GasCyl1 (置信度: 0.62)
2026-06-22 17:56:10 [INFO] 物体 2: GasCyl1 (置信度: 0.53)
2026-06-22 17:56:10 [INFO] 物体 3: FireExt1 (置信度: 0.43)
2026-06-22 17:56:10 [INFO] 准备保存检测结果到: C:\code\show\Scrap_Steel_In_Field\photos\dangerous_det\detection_20260622_175610.jpg
2026-06-22 17:56:10 [INFO] 图像形状: (2160, 3840, 3)
2026-06-22 17:56:10 [INFO] 图像数据类型: uint8
2026-06-22 17:56:10 [INFO] 图像最大值: 255
2026-06-22 17:56:10 [INFO] 图像最小值: 0
2026-06-22 17:56:10 [INFO] 开始保存检测结果图像: 图像尺寸=(2160, 3840, 3), 类型=uint8, 路径=C:\code\show\Scrap_Steel_In_Field\photos\dangerous_det\detection_20260622_175610.jpg
2026-06-22 17:56:10 [INFO] 成功保存检测结果到: C:\code\show\Scrap_Steel_In_Field\photos\dangerous_det\detection_20260622_175610.jpg
2026-06-22 17:56:10 [INFO] 保存的检测结果文件大小: 2249294 字节
2026-06-22 17:56:10 [INFO] 引擎上下文已释放
2026-06-22 17:56:10 [INFO] TensorRT 引擎已释放
2026-06-22 17:56:10 [INFO] 全局 CUDA 资源已释放
2026-06-22 17:56:10 [INFO] 检测系统资源已释放
2026-06-22 17:56:15 [INFO] CUDA 初始化成功
2026-06-22 17:56:15 [INFO] 引擎加载成功: dangerous.engine
2026-06-22 17:56:15 [INFO] 检测系统初始化成功
2026-06-22 17:56:15 [INFO] 图像预处理完成，原始尺寸: (2160, 3840)
2026-06-22 17:56:15 [INFO] 开始执行目标检测...
2026-06-22 17:56:15 [INFO] 检测完成，找到 3 个物体
2026-06-22 17:56:15 [INFO] 物体 1: GasCyl1 (置信度: 0.65)
2026-06-22 17:56:15 [INFO] 物体 2: GasCyl1 (置信度: 0.50)
2026-06-22 17:56:15 [INFO] 物体 3: FireExt1 (置信度: 0.45)
2026-06-22 17:56:15 [INFO] 检测到车兜区域，将过滤区域外的目标
2026-06-22 17:56:15 [INFO] 车兜区域过滤: 3 -> 0 个目标
2026-06-22 17:56:16 [INFO] 引擎上下文已释放
2026-06-22 17:56:16 [INFO] TensorRT 引擎已释放
2026-06-22 17:56:16 [INFO] 全局 CUDA 资源已释放
2026-06-22 17:56:16 [INFO] 检测系统资源已释放
2026-06-22 17:56:20 [INFO] CUDA 初始化成功
2026-06-22 17:56:20 [INFO] 引擎加载成功: dangerous.engine
2026-06-22 17:56:20 [INFO] 检测系统初始化成功
2026-06-22 17:56:20 [INFO] 图像预处理完成，原始尺寸: (2160, 3840)
2026-06-22 17:56:20 [INFO] 开始执行目标检测...
2026-06-22 17:56:20 [INFO] 检测完成，找到 3 个物体
2026-06-22 17:56:20 [INFO] 物体 1: GasCyl1 (置信度: 0.70)
2026-06-22 17:56:20 [INFO] 物体 2: GasCyl1 (置信度: 0.62)
2026-06-22 17:56:20 [INFO] 物体 3: FireExt1 (置信度: 0.41)
2026-06-22 17:56:20 [INFO] 准备保存检测结果到: C:\code\show\Scrap_Steel_In_Field\photos\dangerous_det\detection_20260622_175620.jpg
2026-06-22 17:56:20 [INFO] 图像形状: (2160, 3840, 3)
2026-06-22 17:56:20 [INFO] 图像数据类型: uint8
2026-06-22 17:56:21 [INFO] 图像最大值: 255
2026-06-22 17:56:21 [INFO] 图像最小值: 0
2026-06-22 17:56:21 [INFO] 开始保存检测结果图像: 图像尺寸=(2160, 3840, 3), 类型=uint8, 路径=C:\code\show\Scrap_Steel_In_Field\photos\dangerous_det\detection_20260622_175620.jpg
2026-06-22 17:56:21 [INFO] 成功保存检测结果到: C:\code\show\Scrap_Steel_In_Field\photos\dangerous_det\detection_20260622_175620.jpg
2026-06-22 17:56:21 [INFO] 保存的检测结果文件大小: 2265877 字节
2026-06-22 17:56:21 [INFO] 引擎上下文已释放
2026-06-22 17:56:21 [INFO] TensorRT 引擎已释放
2026-06-22 17:56:21 [INFO] 全局 CUDA 资源已释放
2026-06-22 17:56:21 [INFO] 检测系统资源已释放
2026-06-22 17:56:26 [INFO] CUDA 初始化成功
2026-06-22 17:56:26 [INFO] 引擎加载成功: dangerous.engine
2026-06-22 17:56:26 [INFO] 检测系统初始化成功
2026-06-22 17:56:26 [INFO] 图像预处理完成，原始尺寸: (2160, 3840)
2026-06-22 17:56:26 [INFO] 开始执行目标检测...
2026-06-22 17:56:26 [INFO] 检测完成，找到 3 个物体
2026-06-22 17:56:26 [INFO] 物体 1: GasCyl1 (置信度: 0.62)
2026-06-22 17:56:26 [INFO] 物体 2: GasCyl1 (置信度: 0.52)
2026-06-22 17:56:26 [INFO] 物体 3: FireExt1 (置信度: 0.46)
2026-06-22 17:56:26 [INFO] 准备保存检测结果到: C:\code\show\Scrap_Steel_In_Field\photos\dangerous_det\detection_20260622_175626.jpg
2026-06-22 17:56:26 [INFO] 图像形状: (2160, 3840, 3)
2026-06-22 17:56:26 [INFO] 图像数据类型: uint8
2026-06-22 17:56:26 [INFO] 图像最大值: 255
2026-06-22 17:56:26 [INFO] 图像最小值: 0
2026-06-22 17:56:26 [INFO] 开始保存检测结果图像: 图像尺寸=(2160, 3840, 3), 类型=uint8, 路径=C:\code\show\Scrap_Steel_In_Field\photos\dangerous_det\detection_20260622_175626.jpg
2026-06-22 17:56:26 [INFO] 成功保存检测结果到: C:\code\show\Scrap_Steel_In_Field\photos\dangerous_det\detection_20260622_175626.jpg
2026-06-22 17:56:26 [INFO] 保存的检测结果文件大小: 2241497 字节
2026-06-22 17:56:26 [INFO] 引擎上下文已释放
2026-06-22 17:56:26 [INFO] TensorRT 引擎已释放
2026-06-22 17:56:26 [INFO] 全局 CUDA 资源已释放
2026-06-22 17:56:26 [INFO] 检测系统资源已释放
2026-06-22 17:56:31 [INFO] CUDA 初始化成功
2026-06-22 17:56:31 [INFO] 引擎加载成功: dangerous.engine
2026-06-22 17:56:31 [INFO] 检测系统初始化成功
2026-06-22 17:56:31 [INFO] 图像预处理完成，原始尺寸: (2160, 3840)
2026-06-22 17:56:31 [INFO] 开始执行目标检测...
2026-06-22 17:56:31 [INFO] 检测完成，找到 3 个物体
2026-06-22 17:56:31 [INFO] 物体 1: GasCyl1 (置信度: 0.63)
2026-06-22 17:56:31 [INFO] 物体 2: GasCyl1 (置信度: 0.59)
2026-06-22 17:56:31 [INFO] 物体 3: FireExt1 (置信度: 0.47)
2026-06-22 17:56:31 [INFO] 准备保存检测结果到: C:\code\show\Scrap_Steel_In_Field\photos\dangerous_det\detection_20260622_175631.jpg
2026-06-22 17:56:31 [INFO] 图像形状: (2160, 3840, 3)
2026-06-22 17:56:31 [INFO] 图像数据类型: uint8
2026-06-22 17:56:31 [INFO] 图像最大值: 255
2026-06-22 17:56:31 [INFO] 图像最小值: 0
2026-06-22 17:56:31 [INFO] 开始保存检测结果图像: 图像尺寸=(2160, 3840, 3), 类型=uint8, 路径=C:\code\show\Scrap_Steel_In_Field\photos\dangerous_det\detection_20260622_175631.jpg
2026-06-22 17:56:31 [INFO] 成功保存检测结果到: C:\code\show\Scrap_Steel_In_Field\photos\dangerous_det\detection_20260622_175631.jpg
2026-06-22 17:56:31 [INFO] 保存的检测结果文件大小: 2152405 字节
2026-06-22 17:56:31 [INFO] 引擎上下文已释放
2026-06-22 17:56:31 [INFO] TensorRT 引擎已释放
2026-06-22 17:56:31 [INFO] 全局 CUDA 资源已释放
2026-06-22 17:56:31 [INFO] 检测系统资源已释放
2026-06-22 17:56:36 [INFO] CUDA 初始化成功
2026-06-22 17:56:36 [INFO] 引擎加载成功: dangerous.engine
2026-06-22 17:56:36 [INFO] 检测系统初始化成功
2026-06-22 17:56:36 [INFO] 图像预处理完成，原始尺寸: (2160, 3840)
2026-06-22 17:56:36 [INFO] 开始执行目标检测...
2026-06-22 17:56:36 [INFO] 检测完成，找到 1 个物体
2026-06-22 17:56:36 [INFO] 物体 1: FireExt1 (置信度: 0.46)
2026-06-22 17:56:36 [INFO] 准备保存检测结果到: C:\code\show\Scrap_Steel_In_Field\photos\dangerous_det\detection_20260622_175636.jpg
2026-06-22 17:56:36 [INFO] 图像形状: (2160, 3840, 3)
2026-06-22 17:56:36 [INFO] 图像数据类型: uint8
2026-06-22 17:56:36 [INFO] 图像最大值: 255
2026-06-22 17:56:36 [INFO] 图像最小值: 0
2026-06-22 17:56:36 [INFO] 开始保存检测结果图像: 图像尺寸=(2160, 3840, 3), 类型=uint8, 路径=C:\code\show\Scrap_Steel_In_Field\photos\dangerous_det\detection_20260622_175636.jpg
2026-06-22 17:56:36 [INFO] 成功保存检测结果到: C:\code\show\Scrap_Steel_In_Field\photos\dangerous_det\detection_20260622_175636.jpg
2026-06-22 17:56:36 [INFO] 保存的检测结果文件大小: 1817901 字节
2026-06-22 17:56:36 [INFO] 引擎上下文已释放
2026-06-22 17:56:36 [INFO] TensorRT 引擎已释放
2026-06-22 17:56:37 [INFO] 全局 CUDA 资源已释放
2026-06-22 17:56:37 [INFO] 检测系统资源已释放
2026-06-22 17:56:42 [INFO] CUDA 初始化成功
2026-06-22 17:56:42 [INFO] 引擎加载成功: dangerous.engine
2026-06-22 17:56:42 [INFO] 检测系统初始化成功
2026-06-22 17:56:42 [INFO] 图像预处理完成，原始尺寸: (2160, 3840)
2026-06-22 17:56:42 [INFO] 开始执行目标检测...
2026-06-22 17:56:42 [INFO] 检测完成，找到 3 个物体
2026-06-22 17:56:42 [INFO] 物体 1: GasCyl1 (置信度: 0.65)
2026-06-22 17:56:42 [INFO] 物体 2: FireExt1 (置信度: 0.41)
2026-06-22 17:56:42 [INFO] 物体 3: GasCyl1 (置信度: 0.41)
2026-06-22 17:56:42 [INFO] 检测到车兜区域，将过滤区域外的目标
2026-06-22 17:56:42 [INFO] 车兜区域过滤: 3 -> 0 个目标
2026-06-22 17:56:42 [INFO] 引擎上下文已释放
2026-06-22 17:56:42 [INFO] TensorRT 引擎已释放
2026-06-22 17:56:42 [INFO] 全局 CUDA 资源已释放
2026-06-22 17:56:42 [INFO] 检测系统资源已释放
2026-06-22 17:56:47 [INFO] CUDA 初始化成功
2026-06-22 17:56:47 [INFO] 引擎加载成功: dangerous.engine
2026-06-22 17:56:47 [INFO] 检测系统初始化成功
2026-06-22 17:56:47 [INFO] 图像预处理完成，原始尺寸: (2160, 3840)
2026-06-22 17:56:47 [INFO] 开始执行目标检测...
2026-06-22 17:56:47 [INFO] 检测完成，找到 3 个物体
2026-06-22 17:56:47 [INFO] 物体 1: GasCyl1 (置信度: 0.55)
2026-06-22 17:56:47 [INFO] 物体 2: GasCyl1 (置信度: 0.47)
2026-06-22 17:56:47 [INFO] 物体 3: FireExt1 (置信度: 0.44)
2026-06-22 17:56:47 [INFO] 准备保存检测结果到: C:\code\show\Scrap_Steel_In_Field\photos\dangerous_det\detection_20260622_175647.jpg
2026-06-22 17:56:47 [INFO] 图像形状: (2160, 3840, 3)
2026-06-22 17:56:47 [INFO] 图像数据类型: uint8
2026-06-22 17:56:47 [INFO] 图像最大值: 255
2026-06-22 17:56:47 [INFO] 图像最小值: 0
2026-06-22 17:56:47 [INFO] 开始保存检测结果图像: 图像尺寸=(2160, 3840, 3), 类型=uint8, 路径=C:\code\show\Scrap_Steel_In_Field\photos\dangerous_det\detection_20260622_175647.jpg
2026-06-22 17:56:47 [INFO] 成功保存检测结果到: C:\code\show\Scrap_Steel_In_Field\photos\dangerous_det\detection_20260622_175647.jpg
2026-06-22 17:56:47 [INFO] 保存的检测结果文件大小: 2227266 字节
2026-06-22 17:56:47 [INFO] 引擎上下文已释放
2026-06-22 17:56:47 [INFO] TensorRT 引擎已释放
2026-06-22 17:56:47 [INFO] 全局 CUDA 资源已释放
2026-06-22 17:56:47 [INFO] 检测系统资源已释放
2026-06-22 17:56:52 [INFO] CUDA 初始化成功
2026-06-22 17:56:52 [INFO] 引擎加载成功: dangerous.engine
2026-06-22 17:56:52 [INFO] 检测系统初始化成功
2026-06-22 17:56:52 [INFO] 图像预处理完成，原始尺寸: (2160, 3840)
2026-06-22 17:56:52 [INFO] 开始执行目标检测...
2026-06-22 17:56:52 [INFO] 检测完成，找到 2 个物体
2026-06-22 17:56:52 [INFO] 物体 1: GasCyl1 (置信度: 0.86)
2026-06-22 17:56:52 [INFO] 物体 2: FireExt1 (置信度: 0.44)
2026-06-22 17:56:52 [INFO] 准备保存检测结果到: C:\code\show\Scrap_Steel_In_Field\photos\dangerous_det\detection_20260622_175652.jpg
2026-06-22 17:56:52 [INFO] 图像形状: (2160, 3840, 3)
2026-06-22 17:56:52 [INFO] 图像数据类型: uint8
2026-06-22 17:56:52 [INFO] 图像最大值: 255
2026-06-22 17:56:52 [INFO] 图像最小值: 0
2026-06-22 17:56:52 [INFO] 开始保存检测结果图像: 图像尺寸=(2160, 3840, 3), 类型=uint8, 路径=C:\code\show\Scrap_Steel_In_Field\photos\dangerous_det\detection_20260622_175652.jpg
2026-06-22 17:56:52 [INFO] 成功保存检测结果到: C:\code\show\Scrap_Steel_In_Field\photos\dangerous_det\detection_20260622_175652.jpg
2026-06-22 17:56:52 [INFO] 保存的检测结果文件大小: 1762466 字节
2026-06-22 17:56:52 [INFO] 引擎上下文已释放
2026-06-22 17:56:52 [INFO] TensorRT 引擎已释放
2026-06-22 17:56:52 [INFO] 全局 CUDA 资源已释放
2026-06-22 17:56:52 [INFO] 检测系统资源已释放
2026-06-22 17:56:57 [INFO] CUDA 初始化成功
2026-06-22 17:56:57 [INFO] 引擎加载成功: dangerous.engine
2026-06-22 17:56:57 [INFO] 检测系统初始化成功
2026-06-22 17:56:57 [INFO] 图像预处理完成，原始尺寸: (2160, 3840)
2026-06-22 17:56:57 [INFO] 开始执行目标检测...
2026-06-22 17:56:57 [INFO] 检测完成，找到 2 个物体
2026-06-22 17:56:57 [INFO] 物体 1: GasCyl1 (置信度: 0.64)
2026-06-22 17:56:57 [INFO] 物体 2: GasCyl1 (置信度: 0.40)
2026-06-22 17:56:58 [INFO] 检测到车兜区域，将过滤区域外的目标
2026-06-22 17:56:58 [INFO] 车兜区域过滤: 2 -> 0 个目标
2026-06-22 17:56:58 [INFO] 引擎上下文已释放
2026-06-22 17:56:58 [INFO] TensorRT 引擎已释放
2026-06-22 17:56:58 [INFO] 全局 CUDA 资源已释放
2026-06-22 17:56:58 [INFO] 检测系统资源已释放
2026-06-22 17:57:03 [INFO] CUDA 初始化成功
2026-06-22 17:57:03 [INFO] 引擎加载成功: dangerous.engine
2026-06-22 17:57:03 [INFO] 检测系统初始化成功
2026-06-22 17:57:03 [INFO] 图像预处理完成，原始尺寸: (2160, 3840)
2026-06-22 17:57:03 [INFO] 开始执行目标检测...
2026-06-22 17:57:03 [INFO] 检测完成，找到 2 个物体
2026-06-22 17:57:03 [INFO] 物体 1: GasCyl1 (置信度: 0.63)
2026-06-22 17:57:03 [INFO] 物体 2: FireExt1 (置信度: 0.45)
2026-06-22 17:57:03 [INFO] 检测到车兜区域，将过滤区域外的目标
2026-06-22 17:57:03 [INFO] 车兜区域过滤: 2 -> 0 个目标
2026-06-22 17:57:03 [INFO] 引擎上下文已释放
2026-06-22 17:57:03 [INFO] TensorRT 引擎已释放
2026-06-22 17:57:03 [INFO] 全局 CUDA 资源已释放
2026-06-22 17:57:03 [INFO] 检测系统资源已释放
2026-06-22 17:57:08 [INFO] CUDA 初始化成功
2026-06-22 17:57:08 [INFO] 引擎加载成功: dangerous.engine
2026-06-22 17:57:08 [INFO] 检测系统初始化成功
2026-06-22 17:57:08 [INFO] 图像预处理完成，原始尺寸: (2160, 3840)
2026-06-22 17:57:08 [INFO] 开始执行目标检测...
2026-06-22 17:57:08 [INFO] 检测完成，找到 2 个物体
2026-06-22 17:57:08 [INFO] 物体 1: GasCyl1 (置信度: 0.50)
2026-06-22 17:57:08 [INFO] 物体 2: FireExt1 (置信度: 0.41)
2026-06-22 17:57:08 [INFO] 准备保存检测结果到: C:\code\show\Scrap_Steel_In_Field\photos\dangerous_det\detection_20260622_175708.jpg
2026-06-22 17:57:08 [INFO] 图像形状: (2160, 3840, 3)
2026-06-22 17:57:08 [INFO] 图像数据类型: uint8
2026-06-22 17:57:08 [INFO] 图像最大值: 255
2026-06-22 17:57:08 [INFO] 图像最小值: 0
2026-06-22 17:57:08 [INFO] 开始保存检测结果图像: 图像尺寸=(2160, 3840, 3), 类型=uint8, 路径=C:\code\show\Scrap_Steel_In_Field\photos\dangerous_det\detection_20260622_175708.jpg
2026-06-22 17:57:08 [INFO] 成功保存检测结果到: C:\code\show\Scrap_Steel_In_Field\photos\dangerous_det\detection_20260622_175708.jpg
2026-06-22 17:57:08 [INFO] 保存的检测结果文件大小: 2262551 字节
2026-06-22 17:57:08 [INFO] 引擎上下文已释放
2026-06-22 17:57:08 [INFO] TensorRT 引擎已释放
2026-06-22 17:57:08 [INFO] 全局 CUDA 资源已释放
2026-06-22 17:57:08 [INFO] 检测系统资源已释放
2026-06-22 17:57:13 [INFO] CUDA 初始化成功
2026-06-22 17:57:13 [INFO] 引擎加载成功: dangerous.engine
2026-06-22 17:57:13 [INFO] 检测系统初始化成功
2026-06-22 17:57:13 [INFO] 图像预处理完成，原始尺寸: (2160, 3840)
2026-06-22 17:57:13 [INFO] 开始执行目标检测...
2026-06-22 17:57:13 [INFO] 检测完成，找到 4 个物体
2026-06-22 17:57:13 [INFO] 物体 1: GasCyl1 (置信度: 0.79)
2026-06-22 17:57:13 [INFO] 物体 2: GasCyl1 (置信度: 0.74)
2026-06-22 17:57:13 [INFO] 物体 3: GasCyl1 (置信度: 0.48)
2026-06-22 17:57:13 [INFO] 物体 4: FireExt1 (置信度: 0.35)
2026-06-22 17:57:14 [INFO] 检测到车兜区域，将过滤区域外的目标
2026-06-22 17:57:14 [INFO] 车兜区域过滤: 4 -> 0 个目标
2026-06-22 17:57:14 [INFO] 引擎上下文已释放
2026-06-22 17:57:14 [INFO] TensorRT 引擎已释放
2026-06-22 17:57:14 [INFO] 全局 CUDA 资源已释放
2026-06-22 17:57:14 [INFO] 检测系统资源已释放
2026-06-22 17:57:19 [INFO] CUDA 初始化成功
2026-06-22 17:57:19 [INFO] 引擎加载成功: dangerous.engine
2026-06-22 17:57:19 [INFO] 检测系统初始化成功
2026-06-22 17:57:19 [INFO] 图像预处理完成，原始尺寸: (2160, 3840)
2026-06-22 17:57:19 [INFO] 开始执行目标检测...
2026-06-22 17:57:19 [INFO] 检测完成，找到 4 个物体
2026-06-22 17:57:19 [INFO] 物体 1: GasCyl1 (置信度: 0.83)
2026-06-22 17:57:19 [INFO] 物体 2: GasCyl1 (置信度: 0.81)
2026-06-22 17:57:19 [INFO] 物体 3: GasCyl1 (置信度: 0.49)
2026-06-22 17:57:19 [INFO] 物体 4: FireExt1 (置信度: 0.41)
2026-06-22 17:57:19 [INFO] 准备保存检测结果到: C:\code\show\Scrap_Steel_In_Field\photos\dangerous_det\detection_20260622_175719.jpg
2026-06-22 17:57:19 [INFO] 图像形状: (2160, 3840, 3)
2026-06-22 17:57:19 [INFO] 图像数据类型: uint8
2026-06-22 17:57:19 [INFO] 图像最大值: 255
2026-06-22 17:57:19 [INFO] 图像最小值: 0
2026-06-22 17:57:19 [INFO] 开始保存检测结果图像: 图像尺寸=(2160, 3840, 3), 类型=uint8, 路径=C:\code\show\Scrap_Steel_In_Field\photos\dangerous_det\detection_20260622_175719.jpg
2026-06-22 17:57:19 [INFO] 成功保存检测结果到: C:\code\show\Scrap_Steel_In_Field\photos\dangerous_det\detection_20260622_175719.jpg
2026-06-22 17:57:19 [INFO] 保存的检测结果文件大小: 1976823 字节
2026-06-22 17:57:19 [INFO] 引擎上下文已释放
2026-06-22 17:57:19 [INFO] TensorRT 引擎已释放
2026-06-22 17:57:19 [INFO] 全局 CUDA 资源已释放
2026-06-22 17:57:19 [INFO] 检测系统资源已释放
2026-06-22 17:57:24 [INFO] CUDA 初始化成功
2026-06-22 17:57:24 [INFO] 引擎加载成功: dangerous.engine
2026-06-22 17:57:24 [INFO] 检测系统初始化成功
2026-06-22 17:57:24 [INFO] 图像预处理完成，原始尺寸: (2160, 3840)
2026-06-22 17:57:24 [INFO] 开始执行目标检测...
2026-06-22 17:57:24 [INFO] 检测完成，找到 3 个物体
2026-06-22 17:57:24 [INFO] 物体 1: GasCyl1 (置信度: 0.70)
2026-06-22 17:57:24 [INFO] 物体 2: GasCyl1 (置信度: 0.64)
2026-06-22 17:57:24 [INFO] 物体 3: FireExt1 (置信度: 0.46)
2026-06-22 17:57:24 [INFO] 准备保存检测结果到: C:\code\show\Scrap_Steel_In_Field\photos\dangerous_det\detection_20260622_175724.jpg
2026-06-22 17:57:24 [INFO] 图像形状: (2160, 3840, 3)
2026-06-22 17:57:24 [INFO] 图像数据类型: uint8
2026-06-22 17:57:24 [INFO] 图像最大值: 255
2026-06-22 17:57:24 [INFO] 图像最小值: 0
2026-06-22 17:57:24 [INFO] 开始保存检测结果图像: 图像尺寸=(2160, 3840, 3), 类型=uint8, 路径=C:\code\show\Scrap_Steel_In_Field\photos\dangerous_det\detection_20260622_175724.jpg
2026-06-22 17:57:24 [INFO] 成功保存检测结果到: C:\code\show\Scrap_Steel_In_Field\photos\dangerous_det\detection_20260622_175724.jpg
2026-06-22 17:57:24 [INFO] 保存的检测结果文件大小: 2058843 字节
2026-06-22 17:57:24 [INFO] 引擎上下文已释放
2026-06-22 17:57:24 [INFO] TensorRT 引擎已释放
2026-06-22 17:57:24 [INFO] 全局 CUDA 资源已释放
2026-06-22 17:57:24 [INFO] 检测系统资源已释放
2026-06-22 17:57:29 [INFO] CUDA 初始化成功
2026-06-22 17:57:29 [INFO] 引擎加载成功: dangerous.engine
2026-06-22 17:57:29 [INFO] 检测系统初始化成功
2026-06-22 17:57:30 [INFO] 图像预处理完成，原始尺寸: (2160, 3840)
2026-06-22 17:57:30 [INFO] 开始执行目标检测...
2026-06-22 17:57:30 [INFO] 检测完成，找到 3 个物体
2026-06-22 17:57:30 [INFO] 物体 1: GasCyl1 (置信度: 0.56)
2026-06-22 17:57:30 [INFO] 物体 2: FireExt1 (置信度: 0.42)
2026-06-22 17:57:30 [INFO] 物体 3: GasCyl1 (置信度: 0.38)
2026-06-22 17:57:30 [INFO] 准备保存检测结果到: C:\code\show\Scrap_Steel_In_Field\photos\dangerous_det\detection_20260622_175730.jpg
2026-06-22 17:57:30 [INFO] 图像形状: (2160, 3840, 3)
2026-06-22 17:57:30 [INFO] 图像数据类型: uint8
2026-06-22 17:57:30 [INFO] 图像最大值: 255
2026-06-22 17:57:30 [INFO] 图像最小值: 0
2026-06-22 17:57:30 [INFO] 开始保存检测结果图像: 图像尺寸=(2160, 3840, 3), 类型=uint8, 路径=C:\code\show\Scrap_Steel_In_Field\photos\dangerous_det\detection_20260622_175730.jpg
2026-06-22 17:57:30 [INFO] 成功保存检测结果到: C:\code\show\Scrap_Steel_In_Field\photos\dangerous_det\detection_20260622_175730.jpg
2026-06-22 17:57:30 [INFO] 保存的检测结果文件大小: 2112726 字节
2026-06-22 17:57:30 [INFO] 引擎上下文已释放
2026-06-22 17:57:30 [INFO] TensorRT 引擎已释放
2026-06-22 17:57:30 [INFO] 全局 CUDA 资源已释放
2026-06-22 17:57:30 [INFO] 检测系统资源已释放
2026-06-22 17:57:35 [INFO] CUDA 初始化成功
2026-06-22 17:57:35 [INFO] 引擎加载成功: dangerous.engine
2026-06-22 17:57:35 [INFO] 检测系统初始化成功
2026-06-22 17:57:35 [INFO] 图像预处理完成，原始尺寸: (2160, 3840)
2026-06-22 17:57:35 [INFO] 开始执行目标检测...
2026-06-22 17:57:35 [INFO] 检测完成，找到 4 个物体
2026-06-22 17:57:35 [INFO] 物体 1: GasCyl1 (置信度: 0.49)
2026-06-22 17:57:35 [INFO] 物体 2: FireExt1 (置信度: 0.44)
2026-06-22 17:57:35 [INFO] 物体 3: FireExt1 (置信度: 0.41)
2026-06-22 17:57:35 [INFO] 物体 4: FireExt1 (置信度: 0.39)
2026-06-22 17:57:35 [INFO] 准备保存检测结果到: C:\code\show\Scrap_Steel_In_Field\photos\dangerous_det\detection_20260622_175735.jpg
2026-06-22 17:57:35 [INFO] 图像形状: (2160, 3840, 3)
2026-06-22 17:57:35 [INFO] 图像数据类型: uint8
2026-06-22 17:57:35 [INFO] 图像最大值: 255
2026-06-22 17:57:35 [INFO] 图像最小值: 0
2026-06-22 17:57:35 [INFO] 开始保存检测结果图像: 图像尺寸=(2160, 3840, 3), 类型=uint8, 路径=C:\code\show\Scrap_Steel_In_Field\photos\dangerous_det\detection_20260622_175735.jpg
2026-06-22 17:57:35 [INFO] 成功保存检测结果到: C:\code\show\Scrap_Steel_In_Field\photos\dangerous_det\detection_20260622_175735.jpg
2026-06-22 17:57:35 [INFO] 保存的检测结果文件大小: 2194925 字节
2026-06-22 17:57:35 [INFO] 引擎上下文已释放
2026-06-22 17:57:35 [INFO] TensorRT 引擎已释放
2026-06-22 17:57:35 [INFO] 全局 CUDA 资源已释放
2026-06-22 17:57:35 [INFO] 检测系统资源已释放
