2026-05-22 08:40:03 [INFO] CUDA 初始化成功
2026-05-22 08:40:03 [INFO] 引擎加载成功: dangerous.engine
2026-05-22 08:40:03 [INFO] 检测系统初始化成功
2026-05-22 08:40:06 [INFO] 引擎加载成功: dangerous.engine
2026-05-22 08:40:06 [INFO] 检测系统初始化成功
2026-05-22 08:40:06 [INFO] 图像预处理完成，原始尺寸: (2160, 3840)
2026-05-22 08:40:06 [INFO] 开始执行目标检测...
2026-05-22 08:40:06 [INFO] 检测完成，找到 0 个物体
2026-05-22 08:40:06 [INFO] 引擎上下文已释放
2026-05-22 08:40:06 [INFO] TensorRT 引擎已释放
2026-05-22 08:40:06 [INFO] 全局 CUDA 资源已释放
2026-05-22 08:40:06 [INFO] 检测系统资源已释放
2026-05-22 08:40:11 [INFO] CUDA 初始化成功
2026-05-22 08:40:11 [INFO] 引擎加载成功: dangerous.engine
2026-05-22 08:40:11 [INFO] 检测系统初始化成功
2026-05-22 08:40:11 [INFO] 图像预处理完成，原始尺寸: (2160, 3840)
2026-05-22 08:40:11 [INFO] 开始执行目标检测...
2026-05-22 08:40:11 [INFO] 检测完成，找到 3 个物体
2026-05-22 08:40:11 [INFO] 物体 1: GasCyl1 (置信度: 0.71)
2026-05-22 08:40:11 [INFO] 物体 2: FireExt1 (置信度: 0.63)
2026-05-22 08:40:11 [INFO] 物体 3: FireExt1 (置信度: 0.37)
2026-05-22 08:40:11 [INFO] 检测到车兜区域，将过滤区域外的目标
2026-05-22 08:40:11 [INFO] 准备保存检测结果到: C:\code\show\Scrap_Steel_In_Field\photos\dangerous_det\detection_20260522_084011.jpg
2026-05-22 08:40:11 [INFO] 图像形状: (2160, 3840, 3)
2026-05-22 08:40:11 [INFO] 图像数据类型: uint8
2026-05-22 08:40:11 [INFO] 图像最大值: 255
2026-05-22 08:40:11 [INFO] 图像最小值: 0
2026-05-22 08:40:11 [INFO] 开始保存检测结果图像: 图像尺寸=(2160, 3840, 3), 类型=uint8, 路径=C:\code\show\Scrap_Steel_In_Field\photos\dangerous_det\detection_20260522_084011.jpg
2026-05-22 08:40:11 [INFO] 成功保存检测结果到: C:\code\show\Scrap_Steel_In_Field\photos\dangerous_det\detection_20260522_084011.jpg
2026-05-22 08:40:11 [INFO] 保存的检测结果文件大小: 2299567 字节
2026-05-22 08:40:11 [INFO] 引擎上下文已释放
2026-05-22 08:40:11 [INFO] TensorRT 引擎已释放
2026-05-22 08:40:11 [INFO] 全局 CUDA 资源已释放
2026-05-22 08:40:11 [INFO] 检测系统资源已释放
2026-05-22 08:40:19 [INFO] CUDA 初始化成功
2026-05-22 08:40:19 [INFO] 引擎加载成功: dangerous.engine
2026-05-22 08:40:19 [INFO] 检测系统初始化成功
2026-05-22 08:40:19 [INFO] 图像预处理完成，原始尺寸: (2160, 3840)
2026-05-22 08:40:19 [INFO] 开始执行目标检测...
2026-05-22 08:40:19 [INFO] 检测完成，找到 2 个物体
2026-05-22 08:40:19 [INFO] 物体 1: GasCyl1 (置信度: 0.69)
2026-05-22 08:40:19 [INFO] 物体 2: FireExt1 (置信度: 0.61)
2026-05-22 08:40:19 [INFO] 检测到车兜区域，将过滤区域外的目标
2026-05-22 08:40:19 [INFO] 准备保存检测结果到: C:\code\show\Scrap_Steel_In_Field\photos\dangerous_det\detection_20260522_084019.jpg
2026-05-22 08:40:19 [INFO] 图像形状: (2160, 3840, 3)
2026-05-22 08:40:19 [INFO] 图像数据类型: uint8
2026-05-22 08:40:19 [INFO] 图像最大值: 255
2026-05-22 08:40:19 [INFO] 图像最小值: 0
2026-05-22 08:40:19 [INFO] 开始保存检测结果图像: 图像尺寸=(2160, 3840, 3), 类型=uint8, 路径=C:\code\show\Scrap_Steel_In_Field\photos\dangerous_det\detection_20260522_084019.jpg
2026-05-22 08:40:19 [INFO] 成功保存检测结果到: C:\code\show\Scrap_Steel_In_Field\photos\dangerous_det\detection_20260522_084019.jpg
2026-05-22 08:40:19 [INFO] 保存的检测结果文件大小: 2293611 字节
2026-05-22 08:40:19 [INFO] 引擎上下文已释放
2026-05-22 08:40:19 [INFO] TensorRT 引擎已释放
2026-05-22 08:40:19 [INFO] 全局 CUDA 资源已释放
2026-05-22 08:40:19 [INFO] 检测系统资源已释放
2026-05-22 08:40:24 [INFO] CUDA 初始化成功
2026-05-22 08:40:24 [INFO] 引擎加载成功: dangerous.engine
2026-05-22 08:40:24 [INFO] 检测系统初始化成功
2026-05-22 08:40:24 [INFO] 图像预处理完成，原始尺寸: (2160, 3840)
2026-05-22 08:40:24 [INFO] 开始执行目标检测...
2026-05-22 08:40:25 [INFO] 检测完成，找到 2 个物体
2026-05-22 08:40:25 [INFO] 物体 1: GasCyl1 (置信度: 0.74)
2026-05-22 08:40:25 [INFO] 物体 2: FireExt1 (置信度: 0.62)
2026-05-22 08:40:25 [INFO] 检测到车兜区域，将过滤区域外的目标
2026-05-22 08:40:25 [INFO] 准备保存检测结果到: C:\code\show\Scrap_Steel_In_Field\photos\dangerous_det\detection_20260522_084025.jpg
2026-05-22 08:40:25 [INFO] 图像形状: (2160, 3840, 3)
2026-05-22 08:40:25 [INFO] 图像数据类型: uint8
2026-05-22 08:40:25 [INFO] 图像最大值: 255
2026-05-22 08:40:25 [INFO] 图像最小值: 0
2026-05-22 08:40:25 [INFO] 开始保存检测结果图像: 图像尺寸=(2160, 3840, 3), 类型=uint8, 路径=C:\code\show\Scrap_Steel_In_Field\photos\dangerous_det\detection_20260522_084025.jpg
2026-05-22 08:40:25 [INFO] 成功保存检测结果到: C:\code\show\Scrap_Steel_In_Field\photos\dangerous_det\detection_20260522_084025.jpg
2026-05-22 08:40:25 [INFO] 保存的检测结果文件大小: 2301440 字节
2026-05-22 08:40:25 [INFO] 引擎上下文已释放
2026-05-22 08:40:25 [INFO] TensorRT 引擎已释放
2026-05-22 08:40:25 [INFO] 全局 CUDA 资源已释放
2026-05-22 08:40:25 [INFO] 检测系统资源已释放
2026-05-22 08:40:30 [INFO] CUDA 初始化成功
2026-05-22 08:40:30 [INFO] 引擎加载成功: dangerous.engine
2026-05-22 08:40:30 [INFO] 检测系统初始化成功
2026-05-22 08:40:30 [INFO] 图像预处理完成，原始尺寸: (2160, 3840)
2026-05-22 08:40:30 [INFO] 开始执行目标检测...
2026-05-22 08:40:30 [INFO] 检测完成，找到 2 个物体
2026-05-22 08:40:30 [INFO] 物体 1: GasCyl1 (置信度: 0.69)
2026-05-22 08:40:30 [INFO] 物体 2: FireExt1 (置信度: 0.62)
2026-05-22 08:40:30 [INFO] 检测到车兜区域，将过滤区域外的目标
2026-05-22 08:40:30 [INFO] 准备保存检测结果到: C:\code\show\Scrap_Steel_In_Field\photos\dangerous_det\detection_20260522_084030.jpg
2026-05-22 08:40:30 [INFO] 图像形状: (2160, 3840, 3)
2026-05-22 08:40:30 [INFO] 图像数据类型: uint8
2026-05-22 08:40:30 [INFO] 图像最大值: 255
2026-05-22 08:40:30 [INFO] 图像最小值: 0
2026-05-22 08:40:30 [INFO] 开始保存检测结果图像: 图像尺寸=(2160, 3840, 3), 类型=uint8, 路径=C:\code\show\Scrap_Steel_In_Field\photos\dangerous_det\detection_20260522_084030.jpg
2026-05-22 08:40:30 [INFO] 成功保存检测结果到: C:\code\show\Scrap_Steel_In_Field\photos\dangerous_det\detection_20260522_084030.jpg
2026-05-22 08:40:30 [INFO] 保存的检测结果文件大小: 2304571 字节
2026-05-22 08:40:30 [INFO] 引擎上下文已释放
2026-05-22 08:40:30 [INFO] TensorRT 引擎已释放
2026-05-22 08:40:30 [INFO] 全局 CUDA 资源已释放
2026-05-22 08:40:30 [INFO] 检测系统资源已释放
2026-05-22 08:40:35 [INFO] CUDA 初始化成功
2026-05-22 08:40:35 [INFO] 引擎加载成功: dangerous.engine
2026-05-22 08:40:35 [INFO] 检测系统初始化成功
2026-05-22 08:40:35 [INFO] 图像预处理完成，原始尺寸: (2160, 3840)
2026-05-22 08:40:35 [INFO] 开始执行目标检测...
2026-05-22 08:40:35 [INFO] 检测完成，找到 2 个物体
2026-05-22 08:40:35 [INFO] 物体 1: GasCyl1 (置信度: 0.65)
2026-05-22 08:40:35 [INFO] 物体 2: FireExt1 (置信度: 0.62)
2026-05-22 08:40:36 [INFO] 检测到车兜区域，将过滤区域外的目标
2026-05-22 08:40:36 [INFO] 准备保存检测结果到: C:\code\show\Scrap_Steel_In_Field\photos\dangerous_det\detection_20260522_084036.jpg
2026-05-22 08:40:36 [INFO] 图像形状: (2160, 3840, 3)
2026-05-22 08:40:36 [INFO] 图像数据类型: uint8
2026-05-22 08:40:36 [INFO] 图像最大值: 255
2026-05-22 08:40:36 [INFO] 图像最小值: 0
2026-05-22 08:40:36 [INFO] 开始保存检测结果图像: 图像尺寸=(2160, 3840, 3), 类型=uint8, 路径=C:\code\show\Scrap_Steel_In_Field\photos\dangerous_det\detection_20260522_084036.jpg
2026-05-22 08:40:36 [INFO] 成功保存检测结果到: C:\code\show\Scrap_Steel_In_Field\photos\dangerous_det\detection_20260522_084036.jpg
2026-05-22 08:40:36 [INFO] 保存的检测结果文件大小: 2303941 字节
2026-05-22 08:40:36 [INFO] 引擎上下文已释放
2026-05-22 08:40:36 [INFO] TensorRT 引擎已释放
2026-05-22 08:40:36 [INFO] 全局 CUDA 资源已释放
2026-05-22 08:40:36 [INFO] 检测系统资源已释放
2026-05-22 08:40:41 [INFO] CUDA 初始化成功
2026-05-22 08:40:41 [INFO] 引擎加载成功: dangerous.engine
2026-05-22 08:40:41 [INFO] 检测系统初始化成功
2026-05-22 08:40:41 [INFO] 图像预处理完成，原始尺寸: (2160, 3840)
2026-05-22 08:40:41 [INFO] 开始执行目标检测...
2026-05-22 08:40:41 [INFO] 检测完成，找到 3 个物体
2026-05-22 08:40:41 [INFO] 物体 1: GasCyl1 (置信度: 0.65)
2026-05-22 08:40:41 [INFO] 物体 2: FireExt1 (置信度: 0.63)
2026-05-22 08:40:41 [INFO] 物体 3: FireExt1 (置信度: 0.26)
2026-05-22 08:40:41 [INFO] 检测到车兜区域，将过滤区域外的目标
2026-05-22 08:40:41 [INFO] 准备保存检测结果到: C:\code\show\Scrap_Steel_In_Field\photos\dangerous_det\detection_20260522_084041.jpg
2026-05-22 08:40:41 [INFO] 图像形状: (2160, 3840, 3)
2026-05-22 08:40:41 [INFO] 图像数据类型: uint8
2026-05-22 08:40:41 [INFO] 图像最大值: 255
2026-05-22 08:40:41 [INFO] 图像最小值: 0
2026-05-22 08:40:41 [INFO] 开始保存检测结果图像: 图像尺寸=(2160, 3840, 3), 类型=uint8, 路径=C:\code\show\Scrap_Steel_In_Field\photos\dangerous_det\detection_20260522_084041.jpg
2026-05-22 08:40:41 [INFO] 成功保存检测结果到: C:\code\show\Scrap_Steel_In_Field\photos\dangerous_det\detection_20260522_084041.jpg
2026-05-22 08:40:41 [INFO] 保存的检测结果文件大小: 2308906 字节
2026-05-22 08:40:41 [INFO] 引擎上下文已释放
2026-05-22 08:40:41 [INFO] TensorRT 引擎已释放
2026-05-22 08:40:41 [INFO] 全局 CUDA 资源已释放
2026-05-22 08:40:41 [INFO] 检测系统资源已释放
2026-05-22 08:40:46 [INFO] CUDA 初始化成功
2026-05-22 08:40:46 [INFO] 引擎加载成功: dangerous.engine
2026-05-22 08:40:46 [INFO] 检测系统初始化成功
2026-05-22 08:40:46 [INFO] 图像预处理完成，原始尺寸: (2160, 3840)
2026-05-22 08:40:46 [INFO] 开始执行目标检测...
2026-05-22 08:40:46 [INFO] 检测完成，找到 3 个物体
2026-05-22 08:40:46 [INFO] 物体 1: GasCyl1 (置信度: 0.68)
2026-05-22 08:40:46 [INFO] 物体 2: FireExt1 (置信度: 0.63)
2026-05-22 08:40:46 [INFO] 物体 3: FireExt1 (置信度: 0.25)
2026-05-22 08:40:46 [INFO] 检测到车兜区域，将过滤区域外的目标
2026-05-22 08:40:46 [INFO] 准备保存检测结果到: C:\code\show\Scrap_Steel_In_Field\photos\dangerous_det\detection_20260522_084046.jpg
2026-05-22 08:40:46 [INFO] 图像形状: (2160, 3840, 3)
2026-05-22 08:40:46 [INFO] 图像数据类型: uint8
2026-05-22 08:40:46 [INFO] 图像最大值: 255
2026-05-22 08:40:46 [INFO] 图像最小值: 0
2026-05-22 08:40:46 [INFO] 开始保存检测结果图像: 图像尺寸=(2160, 3840, 3), 类型=uint8, 路径=C:\code\show\Scrap_Steel_In_Field\photos\dangerous_det\detection_20260522_084046.jpg
2026-05-22 08:40:47 [INFO] 成功保存检测结果到: C:\code\show\Scrap_Steel_In_Field\photos\dangerous_det\detection_20260522_084046.jpg
2026-05-22 08:40:47 [INFO] 保存的检测结果文件大小: 2309331 字节
2026-05-22 08:40:47 [INFO] 引擎上下文已释放
2026-05-22 08:40:47 [INFO] TensorRT 引擎已释放
2026-05-22 08:40:47 [INFO] 全局 CUDA 资源已释放
2026-05-22 08:40:47 [INFO] 检测系统资源已释放
2026-05-22 08:40:52 [INFO] CUDA 初始化成功
2026-05-22 08:40:52 [INFO] 引擎加载成功: dangerous.engine
2026-05-22 08:40:52 [INFO] 检测系统初始化成功
2026-05-22 08:40:52 [INFO] 图像预处理完成，原始尺寸: (2160, 3840)
2026-05-22 08:40:52 [INFO] 开始执行目标检测...
2026-05-22 08:40:52 [INFO] 检测完成，找到 3 个物体
2026-05-22 08:40:52 [INFO] 物体 1: GasCyl1 (置信度: 0.65)
2026-05-22 08:40:52 [INFO] 物体 2: FireExt1 (置信度: 0.62)
2026-05-22 08:40:52 [INFO] 物体 3: FireExt1 (置信度: 0.30)
2026-05-22 08:40:52 [INFO] 检测到车兜区域，将过滤区域外的目标
2026-05-22 08:40:52 [INFO] 准备保存检测结果到: C:\code\show\Scrap_Steel_In_Field\photos\dangerous_det\detection_20260522_084052.jpg
2026-05-22 08:40:52 [INFO] 图像形状: (2160, 3840, 3)
2026-05-22 08:40:52 [INFO] 图像数据类型: uint8
2026-05-22 08:40:52 [INFO] 图像最大值: 255
2026-05-22 08:40:52 [INFO] 图像最小值: 0
2026-05-22 08:40:52 [INFO] 开始保存检测结果图像: 图像尺寸=(2160, 3840, 3), 类型=uint8, 路径=C:\code\show\Scrap_Steel_In_Field\photos\dangerous_det\detection_20260522_084052.jpg
2026-05-22 08:40:52 [INFO] 成功保存检测结果到: C:\code\show\Scrap_Steel_In_Field\photos\dangerous_det\detection_20260522_084052.jpg
2026-05-22 08:40:52 [INFO] 保存的检测结果文件大小: 2311222 字节
2026-05-22 08:40:52 [INFO] 引擎上下文已释放
2026-05-22 08:40:52 [INFO] TensorRT 引擎已释放
2026-05-22 08:40:52 [INFO] 全局 CUDA 资源已释放
2026-05-22 08:40:52 [INFO] 检测系统资源已释放
2026-05-22 08:40:57 [INFO] CUDA 初始化成功
2026-05-22 08:40:57 [INFO] 引擎加载成功: dangerous.engine
2026-05-22 08:40:57 [INFO] 检测系统初始化成功
2026-05-22 08:40:57 [INFO] 图像预处理完成，原始尺寸: (2160, 3840)
2026-05-22 08:40:57 [INFO] 开始执行目标检测...
2026-05-22 08:40:57 [INFO] 检测完成，找到 3 个物体
2026-05-22 08:40:57 [INFO] 物体 1: GasCyl1 (置信度: 0.69)
2026-05-22 08:40:57 [INFO] 物体 2: FireExt1 (置信度: 0.60)
2026-05-22 08:40:57 [INFO] 物体 3: FireExt1 (置信度: 0.28)
2026-05-22 08:40:57 [INFO] 检测到车兜区域，将过滤区域外的目标
2026-05-22 08:40:57 [INFO] 准备保存检测结果到: C:\code\show\Scrap_Steel_In_Field\photos\dangerous_det\detection_20260522_084057.jpg
2026-05-22 08:40:57 [INFO] 图像形状: (2160, 3840, 3)
2026-05-22 08:40:57 [INFO] 图像数据类型: uint8
2026-05-22 08:40:57 [INFO] 图像最大值: 255
2026-05-22 08:40:57 [INFO] 图像最小值: 0
2026-05-22 08:40:57 [INFO] 开始保存检测结果图像: 图像尺寸=(2160, 3840, 3), 类型=uint8, 路径=C:\code\show\Scrap_Steel_In_Field\photos\dangerous_det\detection_20260522_084057.jpg
2026-05-22 08:40:58 [INFO] 成功保存检测结果到: C:\code\show\Scrap_Steel_In_Field\photos\dangerous_det\detection_20260522_084057.jpg
2026-05-22 08:40:58 [INFO] 保存的检测结果文件大小: 2292889 字节
2026-05-22 08:40:58 [INFO] 引擎上下文已释放
2026-05-22 08:40:58 [INFO] TensorRT 引擎已释放
2026-05-22 08:40:58 [INFO] 全局 CUDA 资源已释放
2026-05-22 08:40:58 [INFO] 检测系统资源已释放
2026-05-22 08:41:03 [INFO] CUDA 初始化成功
2026-05-22 08:41:03 [INFO] 引擎加载成功: dangerous.engine
2026-05-22 08:41:03 [INFO] 检测系统初始化成功
2026-05-22 08:41:03 [INFO] 图像预处理完成，原始尺寸: (2160, 3840)
2026-05-22 08:41:03 [INFO] 开始执行目标检测...
2026-05-22 08:41:03 [INFO] 检测完成，找到 3 个物体
2026-05-22 08:41:03 [INFO] 物体 1: GasCyl1 (置信度: 0.65)
2026-05-22 08:41:03 [INFO] 物体 2: FireExt1 (置信度: 0.62)
2026-05-22 08:41:03 [INFO] 物体 3: FireExt1 (置信度: 0.27)
2026-05-22 08:41:03 [INFO] 检测到车兜区域，将过滤区域外的目标
2026-05-22 08:41:03 [INFO] 准备保存检测结果到: C:\code\show\Scrap_Steel_In_Field\photos\dangerous_det\detection_20260522_084103.jpg
2026-05-22 08:41:03 [INFO] 图像形状: (2160, 3840, 3)
2026-05-22 08:41:03 [INFO] 图像数据类型: uint8
2026-05-22 08:41:03 [INFO] 图像最大值: 255
2026-05-22 08:41:03 [INFO] 图像最小值: 0
2026-05-22 08:41:03 [INFO] 开始保存检测结果图像: 图像尺寸=(2160, 3840, 3), 类型=uint8, 路径=C:\code\show\Scrap_Steel_In_Field\photos\dangerous_det\detection_20260522_084103.jpg
2026-05-22 08:41:03 [INFO] 成功保存检测结果到: C:\code\show\Scrap_Steel_In_Field\photos\dangerous_det\detection_20260522_084103.jpg
2026-05-22 08:41:03 [INFO] 保存的检测结果文件大小: 2297048 字节
2026-05-22 08:41:03 [INFO] 引擎上下文已释放
2026-05-22 08:41:03 [INFO] TensorRT 引擎已释放
2026-05-22 08:41:03 [INFO] 全局 CUDA 资源已释放
2026-05-22 08:41:03 [INFO] 检测系统资源已释放
2026-05-22 08:41:08 [INFO] CUDA 初始化成功
2026-05-22 08:41:08 [INFO] 引擎加载成功: dangerous.engine
2026-05-22 08:41:08 [INFO] 检测系统初始化成功
2026-05-22 08:41:08 [INFO] 图像预处理完成，原始尺寸: (2160, 3840)
2026-05-22 08:41:08 [INFO] 开始执行目标检测...
2026-05-22 08:41:08 [INFO] 检测完成，找到 0 个物体
2026-05-22 08:41:08 [INFO] 引擎上下文已释放
2026-05-22 08:41:08 [INFO] TensorRT 引擎已释放
2026-05-22 08:41:08 [INFO] 全局 CUDA 资源已释放
2026-05-22 08:41:08 [INFO] 检测系统资源已释放
2026-05-22 08:41:15 [INFO] CUDA 初始化成功
2026-05-22 08:41:15 [INFO] 引擎加载成功: dangerous.engine
2026-05-22 08:41:15 [INFO] 检测系统初始化成功
2026-05-22 08:41:15 [INFO] 图像预处理完成，原始尺寸: (2160, 3840)
2026-05-22 08:41:15 [INFO] 开始执行目标检测...
2026-05-22 08:41:15 [INFO] 检测完成，找到 3 个物体
2026-05-22 08:41:15 [INFO] 物体 1: GasCyl1 (置信度: 0.80)
2026-05-22 08:41:15 [INFO] 物体 2: GasCyl1 (置信度: 0.73)
2026-05-22 08:41:15 [INFO] 物体 3: FireExt1 (置信度: 0.42)
2026-05-22 08:41:15 [INFO] 准备保存检测结果到: C:\code\show\Scrap_Steel_In_Field\photos\dangerous_det\detection_20260522_084115.jpg
2026-05-22 08:41:15 [INFO] 图像形状: (2160, 3840, 3)
2026-05-22 08:41:15 [INFO] 图像数据类型: uint8
2026-05-22 08:41:15 [INFO] 图像最大值: 255
2026-05-22 08:41:15 [INFO] 图像最小值: 0
2026-05-22 08:41:15 [INFO] 开始保存检测结果图像: 图像尺寸=(2160, 3840, 3), 类型=uint8, 路径=C:\code\show\Scrap_Steel_In_Field\photos\dangerous_det\detection_20260522_084115.jpg
2026-05-22 08:41:15 [INFO] 成功保存检测结果到: C:\code\show\Scrap_Steel_In_Field\photos\dangerous_det\detection_20260522_084115.jpg
2026-05-22 08:41:15 [INFO] 保存的检测结果文件大小: 1647262 字节
2026-05-22 08:41:15 [INFO] 引擎上下文已释放
2026-05-22 08:41:15 [INFO] TensorRT 引擎已释放
2026-05-22 08:41:15 [INFO] 全局 CUDA 资源已释放
2026-05-22 08:41:15 [INFO] 检测系统资源已释放
2026-05-22 08:41:20 [INFO] CUDA 初始化成功
2026-05-22 08:41:21 [INFO] 引擎加载成功: dangerous.engine
2026-05-22 08:41:21 [INFO] 检测系统初始化成功
2026-05-22 08:41:21 [INFO] 图像预处理完成，原始尺寸: (2160, 3840)
2026-05-22 08:41:21 [INFO] 开始执行目标检测...
2026-05-22 08:41:21 [INFO] 检测完成，找到 2 个物体
2026-05-22 08:41:21 [INFO] 物体 1: GasCyl1 (置信度: 0.84)
2026-05-22 08:41:21 [INFO] 物体 2: FireExt1 (置信度: 0.61)
2026-05-22 08:41:21 [INFO] 准备保存检测结果到: C:\code\show\Scrap_Steel_In_Field\photos\dangerous_det\detection_20260522_084121.jpg
2026-05-22 08:41:21 [INFO] 图像形状: (2160, 3840, 3)
2026-05-22 08:41:21 [INFO] 图像数据类型: uint8
2026-05-22 08:41:21 [INFO] 图像最大值: 255
2026-05-22 08:41:21 [INFO] 图像最小值: 0
2026-05-22 08:41:21 [INFO] 开始保存检测结果图像: 图像尺寸=(2160, 3840, 3), 类型=uint8, 路径=C:\code\show\Scrap_Steel_In_Field\photos\dangerous_det\detection_20260522_084121.jpg
2026-05-22 08:41:21 [INFO] 成功保存检测结果到: C:\code\show\Scrap_Steel_In_Field\photos\dangerous_det\detection_20260522_084121.jpg
2026-05-22 08:41:21 [INFO] 保存的检测结果文件大小: 1485703 字节
2026-05-22 08:41:21 [INFO] 引擎上下文已释放
2026-05-22 08:41:21 [INFO] TensorRT 引擎已释放
2026-05-22 08:41:21 [INFO] 全局 CUDA 资源已释放
2026-05-22 08:41:21 [INFO] 检测系统资源已释放
2026-05-22 08:41:26 [INFO] CUDA 初始化成功
2026-05-22 08:41:26 [INFO] 引擎加载成功: dangerous.engine
2026-05-22 08:41:26 [INFO] 检测系统初始化成功
2026-05-22 08:41:26 [INFO] 图像预处理完成，原始尺寸: (2160, 3840)
2026-05-22 08:41:26 [INFO] 开始执行目标检测...
2026-05-22 08:41:26 [INFO] 检测完成，找到 1 个物体
2026-05-22 08:41:26 [INFO] 物体 1: GasCyl1 (置信度: 0.85)
2026-05-22 08:41:26 [INFO] 检测到车兜区域，将过滤区域外的目标
2026-05-22 08:41:26 [INFO] 准备保存检测结果到: C:\code\show\Scrap_Steel_In_Field\photos\dangerous_det\detection_20260522_084126.jpg
2026-05-22 08:41:26 [INFO] 图像形状: (2160, 3840, 3)
2026-05-22 08:41:26 [INFO] 图像数据类型: uint8
2026-05-22 08:41:26 [INFO] 图像最大值: 255
2026-05-22 08:41:26 [INFO] 图像最小值: 0
2026-05-22 08:41:26 [INFO] 开始保存检测结果图像: 图像尺寸=(2160, 3840, 3), 类型=uint8, 路径=C:\code\show\Scrap_Steel_In_Field\photos\dangerous_det\detection_20260522_084126.jpg
2026-05-22 08:41:26 [INFO] 成功保存检测结果到: C:\code\show\Scrap_Steel_In_Field\photos\dangerous_det\detection_20260522_084126.jpg
2026-05-22 08:41:26 [INFO] 保存的检测结果文件大小: 2083994 字节
2026-05-22 08:41:26 [INFO] 引擎上下文已释放
2026-05-22 08:41:26 [INFO] TensorRT 引擎已释放
2026-05-22 08:41:26 [INFO] 全局 CUDA 资源已释放
2026-05-22 08:41:26 [INFO] 检测系统资源已释放
2026-05-22 08:41:31 [INFO] CUDA 初始化成功
2026-05-22 08:41:31 [INFO] 引擎加载成功: dangerous.engine
2026-05-22 08:41:31 [INFO] 检测系统初始化成功
2026-05-22 08:41:31 [INFO] 图像预处理完成，原始尺寸: (2160, 3840)
2026-05-22 08:41:31 [INFO] 开始执行目标检测...
2026-05-22 08:41:31 [INFO] 检测完成，找到 2 个物体
2026-05-22 08:41:31 [INFO] 物体 1: GasCyl1 (置信度: 0.75)
2026-05-22 08:41:31 [INFO] 物体 2: GasCyl1 (置信度: 0.26)
2026-05-22 08:41:31 [INFO] 检测到车兜区域，将过滤区域外的目标
2026-05-22 08:41:31 [INFO] 准备保存检测结果到: C:\code\show\Scrap_Steel_In_Field\photos\dangerous_det\detection_20260522_084131.jpg
2026-05-22 08:41:31 [INFO] 图像形状: (2160, 3840, 3)
2026-05-22 08:41:31 [INFO] 图像数据类型: uint8
2026-05-22 08:41:31 [INFO] 图像最大值: 255
2026-05-22 08:41:31 [INFO] 图像最小值: 0
2026-05-22 08:41:31 [INFO] 开始保存检测结果图像: 图像尺寸=(2160, 3840, 3), 类型=uint8, 路径=C:\code\show\Scrap_Steel_In_Field\photos\dangerous_det\detection_20260522_084131.jpg
2026-05-22 08:41:32 [INFO] 成功保存检测结果到: C:\code\show\Scrap_Steel_In_Field\photos\dangerous_det\detection_20260522_084131.jpg
2026-05-22 08:41:32 [INFO] 保存的检测结果文件大小: 2254835 字节
2026-05-22 08:41:32 [INFO] 引擎上下文已释放
2026-05-22 08:41:32 [INFO] TensorRT 引擎已释放
2026-05-22 08:41:32 [INFO] 全局 CUDA 资源已释放
2026-05-22 08:41:32 [INFO] 检测系统资源已释放
2026-05-22 08:41:37 [INFO] CUDA 初始化成功
2026-05-22 08:41:37 [INFO] 引擎加载成功: dangerous.engine
2026-05-22 08:41:37 [INFO] 检测系统初始化成功
2026-05-22 08:41:37 [INFO] 图像预处理完成，原始尺寸: (2160, 3840)
2026-05-22 08:41:37 [INFO] 开始执行目标检测...
2026-05-22 08:41:37 [INFO] 检测完成，找到 2 个物体
2026-05-22 08:41:37 [INFO] 物体 1: GasCyl1 (置信度: 0.76)
2026-05-22 08:41:37 [INFO] 物体 2: FireExt1 (置信度: 0.61)
2026-05-22 08:41:37 [INFO] 检测到车兜区域，将过滤区域外的目标
2026-05-22 08:41:37 [INFO] 准备保存检测结果到: C:\code\show\Scrap_Steel_In_Field\photos\dangerous_det\detection_20260522_084137.jpg
2026-05-22 08:41:37 [INFO] 图像形状: (2160, 3840, 3)
2026-05-22 08:41:37 [INFO] 图像数据类型: uint8
2026-05-22 08:41:37 [INFO] 图像最大值: 255
2026-05-22 08:41:37 [INFO] 图像最小值: 0
2026-05-22 08:41:37 [INFO] 开始保存检测结果图像: 图像尺寸=(2160, 3840, 3), 类型=uint8, 路径=C:\code\show\Scrap_Steel_In_Field\photos\dangerous_det\detection_20260522_084137.jpg
2026-05-22 08:41:37 [INFO] 成功保存检测结果到: C:\code\show\Scrap_Steel_In_Field\photos\dangerous_det\detection_20260522_084137.jpg
2026-05-22 08:41:37 [INFO] 保存的检测结果文件大小: 2284272 字节
2026-05-22 08:41:37 [INFO] 引擎上下文已释放
2026-05-22 08:41:37 [INFO] TensorRT 引擎已释放
2026-05-22 08:41:37 [INFO] 全局 CUDA 资源已释放
2026-05-22 08:41:37 [INFO] 检测系统资源已释放
2026-05-22 08:41:42 [INFO] CUDA 初始化成功
2026-05-22 08:41:42 [INFO] 引擎加载成功: dangerous.engine
2026-05-22 08:41:42 [INFO] 检测系统初始化成功
2026-05-22 08:41:42 [INFO] 图像预处理完成，原始尺寸: (2160, 3840)
2026-05-22 08:41:42 [INFO] 开始执行目标检测...
2026-05-22 08:41:42 [INFO] 检测完成，找到 1 个物体
2026-05-22 08:41:42 [INFO] 物体 1: FireExt1 (置信度: 0.33)
2026-05-22 08:41:43 [INFO] 准备保存检测结果到: C:\code\show\Scrap_Steel_In_Field\photos\dangerous_det\detection_20260522_084143.jpg
2026-05-22 08:41:43 [INFO] 图像形状: (2160, 3840, 3)
2026-05-22 08:41:43 [INFO] 图像数据类型: uint8
2026-05-22 08:41:43 [INFO] 图像最大值: 255
2026-05-22 08:41:43 [INFO] 图像最小值: 0
2026-05-22 08:41:43 [INFO] 开始保存检测结果图像: 图像尺寸=(2160, 3840, 3), 类型=uint8, 路径=C:\code\show\Scrap_Steel_In_Field\photos\dangerous_det\detection_20260522_084143.jpg
2026-05-22 08:41:43 [INFO] 成功保存检测结果到: C:\code\show\Scrap_Steel_In_Field\photos\dangerous_det\detection_20260522_084143.jpg
2026-05-22 08:41:43 [INFO] 保存的检测结果文件大小: 1195440 字节
2026-05-22 08:41:43 [INFO] 引擎上下文已释放
2026-05-22 08:41:43 [INFO] TensorRT 引擎已释放
2026-05-22 08:41:43 [INFO] 全局 CUDA 资源已释放
2026-05-22 08:41:43 [INFO] 检测系统资源已释放
2026-05-22 08:41:48 [INFO] CUDA 初始化成功
2026-05-22 08:41:48 [INFO] 引擎加载成功: dangerous.engine
2026-05-22 08:41:48 [INFO] 检测系统初始化成功
2026-05-22 08:41:48 [INFO] 图像预处理完成，原始尺寸: (2160, 3840)
2026-05-22 08:41:48 [INFO] 开始执行目标检测...
2026-05-22 08:41:48 [INFO] 检测完成，找到 1 个物体
2026-05-22 08:41:48 [INFO] 物体 1: FireExt1 (置信度: 0.37)
2026-05-22 08:41:48 [INFO] 准备保存检测结果到: C:\code\show\Scrap_Steel_In_Field\photos\dangerous_det\detection_20260522_084148.jpg
2026-05-22 08:41:48 [INFO] 图像形状: (2160, 3840, 3)
2026-05-22 08:41:48 [INFO] 图像数据类型: uint8
2026-05-22 08:41:48 [INFO] 图像最大值: 255
2026-05-22 08:41:48 [INFO] 图像最小值: 0
2026-05-22 08:41:48 [INFO] 开始保存检测结果图像: 图像尺寸=(2160, 3840, 3), 类型=uint8, 路径=C:\code\show\Scrap_Steel_In_Field\photos\dangerous_det\detection_20260522_084148.jpg
2026-05-22 08:41:48 [INFO] 成功保存检测结果到: C:\code\show\Scrap_Steel_In_Field\photos\dangerous_det\detection_20260522_084148.jpg
2026-05-22 08:41:48 [INFO] 保存的检测结果文件大小: 1682541 字节
2026-05-22 08:41:48 [INFO] 引擎上下文已释放
2026-05-22 08:41:48 [INFO] TensorRT 引擎已释放
2026-05-22 08:41:48 [INFO] 全局 CUDA 资源已释放
2026-05-22 08:41:48 [INFO] 检测系统资源已释放
2026-05-22 08:41:53 [INFO] CUDA 初始化成功
2026-05-22 08:41:53 [INFO] 引擎加载成功: dangerous.engine
2026-05-22 08:41:53 [INFO] 检测系统初始化成功
2026-05-22 08:41:53 [INFO] 图像预处理完成，原始尺寸: (2160, 3840)
2026-05-22 08:41:53 [INFO] 开始执行目标检测...
2026-05-22 08:41:53 [INFO] 检测完成，找到 1 个物体
2026-05-22 08:41:53 [INFO] 物体 1: GasCyl1 (置信度: 0.75)
2026-05-22 08:41:54 [INFO] 准备保存检测结果到: C:\code\show\Scrap_Steel_In_Field\photos\dangerous_det\detection_20260522_084154.jpg
2026-05-22 08:41:54 [INFO] 图像形状: (2160, 3840, 3)
2026-05-22 08:41:54 [INFO] 图像数据类型: uint8
2026-05-22 08:41:54 [INFO] 图像最大值: 255
2026-05-22 08:41:54 [INFO] 图像最小值: 0
2026-05-22 08:41:54 [INFO] 开始保存检测结果图像: 图像尺寸=(2160, 3840, 3), 类型=uint8, 路径=C:\code\show\Scrap_Steel_In_Field\photos\dangerous_det\detection_20260522_084154.jpg
2026-05-22 08:41:54 [INFO] 成功保存检测结果到: C:\code\show\Scrap_Steel_In_Field\photos\dangerous_det\detection_20260522_084154.jpg
2026-05-22 08:41:54 [INFO] 保存的检测结果文件大小: 1408558 字节
2026-05-22 08:41:54 [INFO] 引擎上下文已释放
2026-05-22 08:41:54 [INFO] TensorRT 引擎已释放
2026-05-22 08:41:54 [INFO] 全局 CUDA 资源已释放
2026-05-22 08:41:54 [INFO] 检测系统资源已释放
2026-05-22 08:42:00 [INFO] CUDA 初始化成功
2026-05-22 08:42:00 [INFO] 引擎加载成功: dangerous.engine
2026-05-22 08:42:00 [INFO] 检测系统初始化成功
2026-05-22 08:42:00 [INFO] 图像预处理完成，原始尺寸: (2160, 3840)
2026-05-22 08:42:00 [INFO] 开始执行目标检测...
2026-05-22 08:42:00 [INFO] 检测完成，找到 2 个物体
2026-05-22 08:42:00 [INFO] 物体 1: GasCyl1 (置信度: 0.80)
2026-05-22 08:42:00 [INFO] 物体 2: FireExt1 (置信度: 0.27)
2026-05-22 08:42:00 [INFO] 检测到车兜区域，将过滤区域外的目标
2026-05-22 08:42:00 [INFO] 准备保存检测结果到: C:\code\show\Scrap_Steel_In_Field\photos\dangerous_det\detection_20260522_084200.jpg
2026-05-22 08:42:00 [INFO] 图像形状: (2160, 3840, 3)
2026-05-22 08:42:00 [INFO] 图像数据类型: uint8
2026-05-22 08:42:00 [INFO] 图像最大值: 255
2026-05-22 08:42:00 [INFO] 图像最小值: 0
2026-05-22 08:42:00 [INFO] 开始保存检测结果图像: 图像尺寸=(2160, 3840, 3), 类型=uint8, 路径=C:\code\show\Scrap_Steel_In_Field\photos\dangerous_det\detection_20260522_084200.jpg
2026-05-22 08:42:00 [INFO] 成功保存检测结果到: C:\code\show\Scrap_Steel_In_Field\photos\dangerous_det\detection_20260522_084200.jpg
2026-05-22 08:42:00 [INFO] 保存的检测结果文件大小: 2147426 字节
2026-05-22 08:42:00 [INFO] 引擎上下文已释放
2026-05-22 08:42:00 [INFO] TensorRT 引擎已释放
2026-05-22 08:42:00 [INFO] 全局 CUDA 资源已释放
2026-05-22 08:42:00 [INFO] 检测系统资源已释放
2026-05-22 08:42:05 [INFO] CUDA 初始化成功
2026-05-22 08:42:05 [INFO] 引擎加载成功: dangerous.engine
2026-05-22 08:42:05 [INFO] 检测系统初始化成功
2026-05-22 08:42:05 [INFO] 图像预处理完成，原始尺寸: (2160, 3840)
2026-05-22 08:42:05 [INFO] 开始执行目标检测...
2026-05-22 08:42:05 [INFO] 检测完成，找到 1 个物体
2026-05-22 08:42:05 [INFO] 物体 1: GasCyl1 (置信度: 0.76)
2026-05-22 08:42:05 [INFO] 检测到车兜区域，将过滤区域外的目标
2026-05-22 08:42:05 [INFO] 准备保存检测结果到: C:\code\show\Scrap_Steel_In_Field\photos\dangerous_det\detection_20260522_084205.jpg
2026-05-22 08:42:05 [INFO] 图像形状: (2160, 3840, 3)
2026-05-22 08:42:05 [INFO] 图像数据类型: uint8
2026-05-22 08:42:05 [INFO] 图像最大值: 255
2026-05-22 08:42:05 [INFO] 图像最小值: 0
2026-05-22 08:42:05 [INFO] 开始保存检测结果图像: 图像尺寸=(2160, 3840, 3), 类型=uint8, 路径=C:\code\show\Scrap_Steel_In_Field\photos\dangerous_det\detection_20260522_084205.jpg
2026-05-22 08:42:05 [INFO] 成功保存检测结果到: C:\code\show\Scrap_Steel_In_Field\photos\dangerous_det\detection_20260522_084205.jpg
2026-05-22 08:42:05 [INFO] 保存的检测结果文件大小: 2244770 字节
2026-05-22 08:42:05 [INFO] 引擎上下文已释放
2026-05-22 08:42:05 [INFO] TensorRT 引擎已释放
2026-05-22 08:42:05 [INFO] 全局 CUDA 资源已释放
2026-05-22 08:42:05 [INFO] 检测系统资源已释放
2026-05-22 08:42:10 [INFO] CUDA 初始化成功
2026-05-22 08:42:11 [INFO] 引擎加载成功: dangerous.engine
2026-05-22 08:42:11 [INFO] 检测系统初始化成功
2026-05-22 08:42:11 [INFO] 图像预处理完成，原始尺寸: (2160, 3840)
2026-05-22 08:42:11 [INFO] 开始执行目标检测...
2026-05-22 08:42:11 [INFO] 检测完成，找到 2 个物体
2026-05-22 08:42:11 [INFO] 物体 1: GasCyl1 (置信度: 0.68)
2026-05-22 08:42:11 [INFO] 物体 2: FireExt1 (置信度: 0.61)
2026-05-22 08:42:12 [INFO] 检测到车兜区域，将过滤区域外的目标
2026-05-22 08:42:12 [INFO] 准备保存检测结果到: C:\code\show\Scrap_Steel_In_Field\photos\dangerous_det\detection_20260522_084212.jpg
2026-05-22 08:42:12 [INFO] 图像形状: (2160, 3840, 3)
2026-05-22 08:42:12 [INFO] 图像数据类型: uint8
2026-05-22 08:42:12 [INFO] 图像最大值: 255
2026-05-22 08:42:12 [INFO] 图像最小值: 0
2026-05-22 08:42:12 [INFO] 开始保存检测结果图像: 图像尺寸=(2160, 3840, 3), 类型=uint8, 路径=C:\code\show\Scrap_Steel_In_Field\photos\dangerous_det\detection_20260522_084212.jpg
2026-05-22 08:42:12 [INFO] 成功保存检测结果到: C:\code\show\Scrap_Steel_In_Field\photos\dangerous_det\detection_20260522_084212.jpg
2026-05-22 08:42:12 [INFO] 保存的检测结果文件大小: 2235990 字节
2026-05-22 08:42:12 [INFO] 引擎上下文已释放
2026-05-22 08:42:12 [INFO] TensorRT 引擎已释放
2026-05-22 08:42:12 [INFO] 全局 CUDA 资源已释放
2026-05-22 08:42:12 [INFO] 检测系统资源已释放
2026-05-22 08:42:17 [INFO] CUDA 初始化成功
2026-05-22 08:42:17 [INFO] 引擎加载成功: dangerous.engine
2026-05-22 08:42:17 [INFO] 检测系统初始化成功
2026-05-22 08:42:17 [INFO] 图像预处理完成，原始尺寸: (2160, 3840)
2026-05-22 08:42:17 [INFO] 开始执行目标检测...
2026-05-22 08:42:17 [INFO] 检测完成，找到 2 个物体
2026-05-22 08:42:17 [INFO] 物体 1: FireExt1 (置信度: 0.58)
2026-05-22 08:42:17 [INFO] 物体 2: FireExt1 (置信度: 0.33)
2026-05-22 08:42:17 [INFO] 准备保存检测结果到: C:\code\show\Scrap_Steel_In_Field\photos\dangerous_det\detection_20260522_084217.jpg
2026-05-22 08:42:17 [INFO] 图像形状: (2160, 3840, 3)
2026-05-22 08:42:17 [INFO] 图像数据类型: uint8
2026-05-22 08:42:17 [INFO] 图像最大值: 255
2026-05-22 08:42:17 [INFO] 图像最小值: 0
2026-05-22 08:42:17 [INFO] 开始保存检测结果图像: 图像尺寸=(2160, 3840, 3), 类型=uint8, 路径=C:\code\show\Scrap_Steel_In_Field\photos\dangerous_det\detection_20260522_084217.jpg
2026-05-22 08:42:17 [INFO] 成功保存检测结果到: C:\code\show\Scrap_Steel_In_Field\photos\dangerous_det\detection_20260522_084217.jpg
2026-05-22 08:42:17 [INFO] 保存的检测结果文件大小: 1577556 字节
2026-05-22 08:42:17 [INFO] 引擎上下文已释放
2026-05-22 08:42:17 [INFO] TensorRT 引擎已释放
2026-05-22 08:42:17 [INFO] 全局 CUDA 资源已释放
2026-05-22 08:42:17 [INFO] 检测系统资源已释放
2026-05-22 08:42:22 [INFO] CUDA 初始化成功
2026-05-22 08:42:23 [INFO] 引擎加载成功: dangerous.engine
2026-05-22 08:42:23 [INFO] 检测系统初始化成功
2026-05-22 08:42:23 [INFO] 图像预处理完成，原始尺寸: (2160, 3840)
2026-05-22 08:42:23 [INFO] 开始执行目标检测...
2026-05-22 08:42:23 [INFO] 检测完成，找到 1 个物体
2026-05-22 08:42:23 [INFO] 物体 1: FireExt1 (置信度: 0.61)
2026-05-22 08:42:23 [INFO] 准备保存检测结果到: C:\code\show\Scrap_Steel_In_Field\photos\dangerous_det\detection_20260522_084223.jpg
2026-05-22 08:42:23 [INFO] 图像形状: (2160, 3840, 3)
2026-05-22 08:42:23 [INFO] 图像数据类型: uint8
2026-05-22 08:42:23 [INFO] 图像最大值: 255
2026-05-22 08:42:23 [INFO] 图像最小值: 0
2026-05-22 08:42:23 [INFO] 开始保存检测结果图像: 图像尺寸=(2160, 3840, 3), 类型=uint8, 路径=C:\code\show\Scrap_Steel_In_Field\photos\dangerous_det\detection_20260522_084223.jpg
2026-05-22 08:42:23 [INFO] 成功保存检测结果到: C:\code\show\Scrap_Steel_In_Field\photos\dangerous_det\detection_20260522_084223.jpg
2026-05-22 08:42:23 [INFO] 保存的检测结果文件大小: 1740411 字节
2026-05-22 08:42:23 [INFO] 引擎上下文已释放
2026-05-22 08:42:23 [INFO] TensorRT 引擎已释放
2026-05-22 08:42:23 [INFO] 全局 CUDA 资源已释放
2026-05-22 08:42:23 [INFO] 检测系统资源已释放
2026-05-22 08:42:28 [INFO] CUDA 初始化成功
2026-05-22 08:42:28 [INFO] 引擎加载成功: dangerous.engine
2026-05-22 08:42:28 [INFO] 检测系统初始化成功
2026-05-22 08:42:28 [INFO] 图像预处理完成，原始尺寸: (2160, 3840)
2026-05-22 08:42:28 [INFO] 开始执行目标检测...
2026-05-22 08:42:28 [INFO] 检测完成，找到 0 个物体
2026-05-22 08:42:28 [INFO] 引擎上下文已释放
2026-05-22 08:42:28 [INFO] TensorRT 引擎已释放
2026-05-22 08:42:28 [INFO] 全局 CUDA 资源已释放
2026-05-22 08:42:28 [INFO] 检测系统资源已释放
2026-05-22 08:42:33 [INFO] CUDA 初始化成功
2026-05-22 08:42:33 [INFO] 引擎加载成功: dangerous.engine
2026-05-22 08:42:33 [INFO] 检测系统初始化成功
2026-05-22 08:42:33 [INFO] 图像预处理完成，原始尺寸: (2160, 3840)
2026-05-22 08:42:33 [INFO] 开始执行目标检测...
2026-05-22 08:42:33 [INFO] 检测完成，找到 1 个物体
2026-05-22 08:42:33 [INFO] 物体 1: GasCyl1 (置信度: 0.77)
2026-05-22 08:42:34 [INFO] 检测到车兜区域，将过滤区域外的目标
2026-05-22 08:42:34 [INFO] 准备保存检测结果到: C:\code\show\Scrap_Steel_In_Field\photos\dangerous_det\detection_20260522_084234.jpg
2026-05-22 08:42:34 [INFO] 图像形状: (2160, 3840, 3)
2026-05-22 08:42:34 [INFO] 图像数据类型: uint8
2026-05-22 08:42:34 [INFO] 图像最大值: 255
2026-05-22 08:42:34 [INFO] 图像最小值: 0
2026-05-22 08:42:34 [INFO] 开始保存检测结果图像: 图像尺寸=(2160, 3840, 3), 类型=uint8, 路径=C:\code\show\Scrap_Steel_In_Field\photos\dangerous_det\detection_20260522_084234.jpg
2026-05-22 08:42:34 [INFO] 成功保存检测结果到: C:\code\show\Scrap_Steel_In_Field\photos\dangerous_det\detection_20260522_084234.jpg
2026-05-22 08:42:34 [INFO] 保存的检测结果文件大小: 1928686 字节
2026-05-22 08:42:34 [INFO] 引擎上下文已释放
2026-05-22 08:42:34 [INFO] TensorRT 引擎已释放
2026-05-22 08:42:34 [INFO] 全局 CUDA 资源已释放
2026-05-22 08:42:34 [INFO] 检测系统资源已释放
2026-05-22 08:42:39 [INFO] CUDA 初始化成功
2026-05-22 08:42:39 [INFO] 引擎加载成功: dangerous.engine
2026-05-22 08:42:39 [INFO] 检测系统初始化成功
2026-05-22 08:42:39 [INFO] 图像预处理完成，原始尺寸: (2160, 3840)
2026-05-22 08:42:39 [INFO] 开始执行目标检测...
2026-05-22 08:42:39 [INFO] 检测完成，找到 1 个物体
2026-05-22 08:42:39 [INFO] 物体 1: GasCyl1 (置信度: 0.84)
2026-05-22 08:42:39 [INFO] 检测到车兜区域，将过滤区域外的目标
2026-05-22 08:42:39 [INFO] 准备保存检测结果到: C:\code\show\Scrap_Steel_In_Field\photos\dangerous_det\detection_20260522_084239.jpg
2026-05-22 08:42:39 [INFO] 图像形状: (2160, 3840, 3)
2026-05-22 08:42:39 [INFO] 图像数据类型: uint8
2026-05-22 08:42:39 [INFO] 图像最大值: 255
2026-05-22 08:42:39 [INFO] 图像最小值: 0
2026-05-22 08:42:39 [INFO] 开始保存检测结果图像: 图像尺寸=(2160, 3840, 3), 类型=uint8, 路径=C:\code\show\Scrap_Steel_In_Field\photos\dangerous_det\detection_20260522_084239.jpg
2026-05-22 08:42:39 [INFO] 成功保存检测结果到: C:\code\show\Scrap_Steel_In_Field\photos\dangerous_det\detection_20260522_084239.jpg
2026-05-22 08:42:39 [INFO] 保存的检测结果文件大小: 2247038 字节
2026-05-22 08:42:39 [INFO] 引擎上下文已释放
2026-05-22 08:42:39 [INFO] TensorRT 引擎已释放
2026-05-22 08:42:39 [INFO] 全局 CUDA 资源已释放
2026-05-22 08:42:39 [INFO] 检测系统资源已释放
2026-05-22 08:42:44 [INFO] CUDA 初始化成功
2026-05-22 08:42:44 [INFO] 引擎加载成功: dangerous.engine
2026-05-22 08:42:44 [INFO] 检测系统初始化成功
2026-05-22 08:42:44 [INFO] 图像预处理完成，原始尺寸: (2160, 3840)
2026-05-22 08:42:44 [INFO] 开始执行目标检测...
2026-05-22 08:42:44 [INFO] 检测完成，找到 1 个物体
2026-05-22 08:42:44 [INFO] 物体 1: GasCyl1 (置信度: 0.78)
2026-05-22 08:42:45 [INFO] 检测到车兜区域，将过滤区域外的目标
2026-05-22 08:42:45 [INFO] 准备保存检测结果到: C:\code\show\Scrap_Steel_In_Field\photos\dangerous_det\detection_20260522_084245.jpg
2026-05-22 08:42:45 [INFO] 图像形状: (2160, 3840, 3)
2026-05-22 08:42:45 [INFO] 图像数据类型: uint8
2026-05-22 08:42:45 [INFO] 图像最大值: 255
2026-05-22 08:42:45 [INFO] 图像最小值: 0
2026-05-22 08:42:45 [INFO] 开始保存检测结果图像: 图像尺寸=(2160, 3840, 3), 类型=uint8, 路径=C:\code\show\Scrap_Steel_In_Field\photos\dangerous_det\detection_20260522_084245.jpg
2026-05-22 08:42:45 [INFO] 成功保存检测结果到: C:\code\show\Scrap_Steel_In_Field\photos\dangerous_det\detection_20260522_084245.jpg
2026-05-22 08:42:45 [INFO] 保存的检测结果文件大小: 2270176 字节
2026-05-22 08:42:45 [INFO] 引擎上下文已释放
2026-05-22 08:42:45 [INFO] TensorRT 引擎已释放
2026-05-22 08:42:45 [INFO] 全局 CUDA 资源已释放
2026-05-22 08:42:45 [INFO] 检测系统资源已释放
2026-05-22 08:42:50 [INFO] CUDA 初始化成功
2026-05-22 08:42:50 [INFO] 引擎加载成功: dangerous.engine
2026-05-22 08:42:50 [INFO] 检测系统初始化成功
2026-05-22 08:42:50 [INFO] 图像预处理完成，原始尺寸: (2160, 3840)
2026-05-22 08:42:50 [INFO] 开始执行目标检测...
2026-05-22 08:42:50 [INFO] 检测完成，找到 1 个物体
2026-05-22 08:42:50 [INFO] 物体 1: GasCyl1 (置信度: 0.81)
2026-05-22 08:42:50 [INFO] 检测到车兜区域，将过滤区域外的目标
2026-05-22 08:42:50 [INFO] 准备保存检测结果到: C:\code\show\Scrap_Steel_In_Field\photos\dangerous_det\detection_20260522_084250.jpg
2026-05-22 08:42:50 [INFO] 图像形状: (2160, 3840, 3)
2026-05-22 08:42:50 [INFO] 图像数据类型: uint8
2026-05-22 08:42:50 [INFO] 图像最大值: 255
2026-05-22 08:42:50 [INFO] 图像最小值: 0
2026-05-22 08:42:50 [INFO] 开始保存检测结果图像: 图像尺寸=(2160, 3840, 3), 类型=uint8, 路径=C:\code\show\Scrap_Steel_In_Field\photos\dangerous_det\detection_20260522_084250.jpg
2026-05-22 08:42:50 [INFO] 成功保存检测结果到: C:\code\show\Scrap_Steel_In_Field\photos\dangerous_det\detection_20260522_084250.jpg
2026-05-22 08:42:50 [INFO] 保存的检测结果文件大小: 2281908 字节
2026-05-22 08:42:50 [INFO] 引擎上下文已释放
2026-05-22 08:42:50 [INFO] TensorRT 引擎已释放
2026-05-22 08:42:50 [INFO] 全局 CUDA 资源已释放
2026-05-22 08:42:50 [INFO] 检测系统资源已释放
2026-05-22 08:42:55 [INFO] CUDA 初始化成功
2026-05-22 08:42:55 [INFO] 引擎加载成功: dangerous.engine
2026-05-22 08:42:55 [INFO] 检测系统初始化成功
2026-05-22 08:42:55 [INFO] 图像预处理完成，原始尺寸: (2160, 3840)
2026-05-22 08:42:55 [INFO] 开始执行目标检测...
2026-05-22 08:42:55 [INFO] 检测完成，找到 1 个物体
2026-05-22 08:42:55 [INFO] 物体 1: GasCyl1 (置信度: 0.76)
2026-05-22 08:42:55 [INFO] 检测到车兜区域，将过滤区域外的目标
2026-05-22 08:42:55 [INFO] 准备保存检测结果到: C:\code\show\Scrap_Steel_In_Field\photos\dangerous_det\detection_20260522_084255.jpg
2026-05-22 08:42:55 [INFO] 图像形状: (2160, 3840, 3)
2026-05-22 08:42:55 [INFO] 图像数据类型: uint8
2026-05-22 08:42:55 [INFO] 图像最大值: 255
2026-05-22 08:42:55 [INFO] 图像最小值: 0
2026-05-22 08:42:55 [INFO] 开始保存检测结果图像: 图像尺寸=(2160, 3840, 3), 类型=uint8, 路径=C:\code\show\Scrap_Steel_In_Field\photos\dangerous_det\detection_20260522_084255.jpg
2026-05-22 08:42:55 [INFO] 成功保存检测结果到: C:\code\show\Scrap_Steel_In_Field\photos\dangerous_det\detection_20260522_084255.jpg
2026-05-22 08:42:55 [INFO] 保存的检测结果文件大小: 2283354 字节
2026-05-22 08:42:55 [INFO] 引擎上下文已释放
2026-05-22 08:42:55 [INFO] TensorRT 引擎已释放
2026-05-22 08:42:55 [INFO] 全局 CUDA 资源已释放
2026-05-22 08:42:55 [INFO] 检测系统资源已释放
2026-05-22 08:43:02 [INFO] CUDA 初始化成功
2026-05-22 08:43:02 [INFO] 引擎加载成功: dangerous.engine
2026-05-22 08:43:02 [INFO] 检测系统初始化成功
2026-05-22 08:43:02 [INFO] 图像预处理完成，原始尺寸: (2160, 3840)
2026-05-22 08:43:02 [INFO] 开始执行目标检测...
2026-05-22 08:43:02 [INFO] 检测完成，找到 1 个物体
2026-05-22 08:43:02 [INFO] 物体 1: GasCyl1 (置信度: 0.71)
2026-05-22 08:43:02 [INFO] 检测到车兜区域，将过滤区域外的目标
2026-05-22 08:43:02 [INFO] 准备保存检测结果到: C:\code\show\Scrap_Steel_In_Field\photos\dangerous_det\detection_20260522_084302.jpg
2026-05-22 08:43:02 [INFO] 图像形状: (2160, 3840, 3)
2026-05-22 08:43:02 [INFO] 图像数据类型: uint8
2026-05-22 08:43:02 [INFO] 图像最大值: 255
2026-05-22 08:43:02 [INFO] 图像最小值: 0
2026-05-22 08:43:02 [INFO] 开始保存检测结果图像: 图像尺寸=(2160, 3840, 3), 类型=uint8, 路径=C:\code\show\Scrap_Steel_In_Field\photos\dangerous_det\detection_20260522_084302.jpg
2026-05-22 08:43:02 [INFO] 成功保存检测结果到: C:\code\show\Scrap_Steel_In_Field\photos\dangerous_det\detection_20260522_084302.jpg
2026-05-22 08:43:02 [INFO] 保存的检测结果文件大小: 2267355 字节
2026-05-22 08:43:02 [INFO] 引擎上下文已释放
2026-05-22 08:43:02 [INFO] TensorRT 引擎已释放
2026-05-22 08:43:02 [INFO] 全局 CUDA 资源已释放
2026-05-22 08:43:02 [INFO] 检测系统资源已释放
2026-05-22 08:43:07 [INFO] CUDA 初始化成功
2026-05-22 08:43:07 [INFO] 引擎加载成功: dangerous.engine
2026-05-22 08:43:07 [INFO] 检测系统初始化成功
2026-05-22 08:43:08 [INFO] 图像预处理完成，原始尺寸: (2160, 3840)
2026-05-22 08:43:08 [INFO] 开始执行目标检测...
2026-05-22 08:43:08 [INFO] 检测完成，找到 2 个物体
2026-05-22 08:43:08 [INFO] 物体 1: GasCyl1 (置信度: 0.78)
2026-05-22 08:43:08 [INFO] 物体 2: FireExt1 (置信度: 0.41)
2026-05-22 08:43:08 [INFO] 检测到车兜区域，将过滤区域外的目标
2026-05-22 08:43:08 [INFO] 准备保存检测结果到: C:\code\show\Scrap_Steel_In_Field\photos\dangerous_det\detection_20260522_084308.jpg
2026-05-22 08:43:08 [INFO] 图像形状: (2160, 3840, 3)
2026-05-22 08:43:08 [INFO] 图像数据类型: uint8
2026-05-22 08:43:08 [INFO] 图像最大值: 255
2026-05-22 08:43:08 [INFO] 图像最小值: 0
2026-05-22 08:43:08 [INFO] 开始保存检测结果图像: 图像尺寸=(2160, 3840, 3), 类型=uint8, 路径=C:\code\show\Scrap_Steel_In_Field\photos\dangerous_det\detection_20260522_084308.jpg
2026-05-22 08:43:08 [INFO] 成功保存检测结果到: C:\code\show\Scrap_Steel_In_Field\photos\dangerous_det\detection_20260522_084308.jpg
2026-05-22 08:43:08 [INFO] 保存的检测结果文件大小: 2292203 字节
2026-05-22 08:43:08 [INFO] 引擎上下文已释放
2026-05-22 08:43:08 [INFO] TensorRT 引擎已释放
2026-05-22 08:43:08 [INFO] 全局 CUDA 资源已释放
2026-05-22 08:43:08 [INFO] 检测系统资源已释放
2026-05-22 08:43:13 [INFO] CUDA 初始化成功
2026-05-22 08:43:13 [INFO] 引擎加载成功: dangerous.engine
2026-05-22 08:43:13 [INFO] 检测系统初始化成功
2026-05-22 08:43:13 [INFO] 图像预处理完成，原始尺寸: (2160, 3840)
2026-05-22 08:43:13 [INFO] 开始执行目标检测...
2026-05-22 08:43:14 [INFO] 检测完成，找到 1 个物体
2026-05-22 08:43:14 [INFO] 物体 1: FireExt1 (置信度: 0.62)
2026-05-22 08:43:14 [INFO] 准备保存检测结果到: C:\code\show\Scrap_Steel_In_Field\photos\dangerous_det\detection_20260522_084314.jpg
2026-05-22 08:43:14 [INFO] 图像形状: (2160, 3840, 3)
2026-05-22 08:43:14 [INFO] 图像数据类型: uint8
2026-05-22 08:43:14 [INFO] 图像最大值: 255
2026-05-22 08:43:14 [INFO] 图像最小值: 0
2026-05-22 08:43:14 [INFO] 开始保存检测结果图像: 图像尺寸=(2160, 3840, 3), 类型=uint8, 路径=C:\code\show\Scrap_Steel_In_Field\photos\dangerous_det\detection_20260522_084314.jpg
2026-05-22 08:43:14 [INFO] 成功保存检测结果到: C:\code\show\Scrap_Steel_In_Field\photos\dangerous_det\detection_20260522_084314.jpg
2026-05-22 08:43:14 [INFO] 保存的检测结果文件大小: 1081962 字节
2026-05-22 08:43:14 [INFO] 引擎上下文已释放
2026-05-22 08:43:14 [INFO] TensorRT 引擎已释放
2026-05-22 08:43:14 [INFO] 全局 CUDA 资源已释放
2026-05-22 08:43:14 [INFO] 检测系统资源已释放
2026-05-22 08:43:19 [INFO] CUDA 初始化成功
2026-05-22 08:43:19 [INFO] 引擎加载成功: dangerous.engine
2026-05-22 08:43:19 [INFO] 检测系统初始化成功
2026-05-22 08:43:19 [INFO] 图像预处理完成，原始尺寸: (2160, 3840)
2026-05-22 08:43:19 [INFO] 开始执行目标检测...
2026-05-22 08:43:19 [INFO] 检测完成，找到 2 个物体
2026-05-22 08:43:19 [INFO] 物体 1: GasCyl1 (置信度: 0.85)
2026-05-22 08:43:19 [INFO] 物体 2: GasCyl1 (置信度: 0.29)
2026-05-22 08:43:19 [INFO] 准备保存检测结果到: C:\code\show\Scrap_Steel_In_Field\photos\dangerous_det\detection_20260522_084319.jpg
2026-05-22 08:43:19 [INFO] 图像形状: (2160, 3840, 3)
2026-05-22 08:43:19 [INFO] 图像数据类型: uint8
2026-05-22 08:43:19 [INFO] 图像最大值: 255
2026-05-22 08:43:19 [INFO] 图像最小值: 0
2026-05-22 08:43:19 [INFO] 开始保存检测结果图像: 图像尺寸=(2160, 3840, 3), 类型=uint8, 路径=C:\code\show\Scrap_Steel_In_Field\photos\dangerous_det\detection_20260522_084319.jpg
2026-05-22 08:43:19 [INFO] 成功保存检测结果到: C:\code\show\Scrap_Steel_In_Field\photos\dangerous_det\detection_20260522_084319.jpg
2026-05-22 08:43:19 [INFO] 保存的检测结果文件大小: 1515254 字节
2026-05-22 08:43:19 [INFO] 引擎上下文已释放
2026-05-22 08:43:19 [INFO] TensorRT 引擎已释放
2026-05-22 08:43:19 [INFO] 全局 CUDA 资源已释放
2026-05-22 08:43:19 [INFO] 检测系统资源已释放
2026-05-22 08:43:24 [INFO] CUDA 初始化成功
2026-05-22 08:43:24 [INFO] 引擎加载成功: dangerous.engine
2026-05-22 08:43:24 [INFO] 检测系统初始化成功
2026-05-22 08:43:24 [INFO] 图像预处理完成，原始尺寸: (2160, 3840)
2026-05-22 08:43:24 [INFO] 开始执行目标检测...
2026-05-22 08:43:24 [INFO] 检测完成，找到 1 个物体
2026-05-22 08:43:24 [INFO] 物体 1: FireExt1 (置信度: 0.27)
2026-05-22 08:43:25 [INFO] 准备保存检测结果到: C:\code\show\Scrap_Steel_In_Field\photos\dangerous_det\detection_20260522_084325.jpg
2026-05-22 08:43:25 [INFO] 图像形状: (2160, 3840, 3)
2026-05-22 08:43:25 [INFO] 图像数据类型: uint8
2026-05-22 08:43:25 [INFO] 图像最大值: 255
2026-05-22 08:43:25 [INFO] 图像最小值: 0
2026-05-22 08:43:25 [INFO] 开始保存检测结果图像: 图像尺寸=(2160, 3840, 3), 类型=uint8, 路径=C:\code\show\Scrap_Steel_In_Field\photos\dangerous_det\detection_20260522_084325.jpg
2026-05-22 08:43:25 [INFO] 成功保存检测结果到: C:\code\show\Scrap_Steel_In_Field\photos\dangerous_det\detection_20260522_084325.jpg
2026-05-22 08:43:25 [INFO] 保存的检测结果文件大小: 1425450 字节
2026-05-22 08:43:25 [INFO] 引擎上下文已释放
2026-05-22 08:43:25 [INFO] TensorRT 引擎已释放
2026-05-22 08:43:25 [INFO] 全局 CUDA 资源已释放
2026-05-22 08:43:25 [INFO] 检测系统资源已释放
2026-05-22 08:43:30 [INFO] CUDA 初始化成功
2026-05-22 08:43:30 [INFO] 引擎加载成功: dangerous.engine
2026-05-22 08:43:30 [INFO] 检测系统初始化成功
2026-05-22 08:43:30 [INFO] 图像预处理完成，原始尺寸: (2160, 3840)
2026-05-22 08:43:30 [INFO] 开始执行目标检测...
2026-05-22 08:43:30 [INFO] 检测完成，找到 2 个物体
2026-05-22 08:43:30 [INFO] 物体 1: GasCyl1 (置信度: 0.71)
2026-05-22 08:43:30 [INFO] 物体 2: FireExt1 (置信度: 0.62)
2026-05-22 08:43:30 [INFO] 检测到车兜区域，将过滤区域外的目标
2026-05-22 08:43:30 [INFO] 准备保存检测结果到: C:\code\show\Scrap_Steel_In_Field\photos\dangerous_det\detection_20260522_084330.jpg
2026-05-22 08:43:30 [INFO] 图像形状: (2160, 3840, 3)
2026-05-22 08:43:30 [INFO] 图像数据类型: uint8
2026-05-22 08:43:30 [INFO] 图像最大值: 255
2026-05-22 08:43:30 [INFO] 图像最小值: 0
2026-05-22 08:43:30 [INFO] 开始保存检测结果图像: 图像尺寸=(2160, 3840, 3), 类型=uint8, 路径=C:\code\show\Scrap_Steel_In_Field\photos\dangerous_det\detection_20260522_084330.jpg
2026-05-22 08:43:30 [INFO] 成功保存检测结果到: C:\code\show\Scrap_Steel_In_Field\photos\dangerous_det\detection_20260522_084330.jpg
2026-05-22 08:43:30 [INFO] 保存的检测结果文件大小: 1969925 字节
2026-05-22 08:43:30 [INFO] 引擎上下文已释放
2026-05-22 08:43:30 [INFO] TensorRT 引擎已释放
2026-05-22 08:43:30 [INFO] 全局 CUDA 资源已释放
2026-05-22 08:43:30 [INFO] 检测系统资源已释放
2026-05-22 08:43:35 [INFO] CUDA 初始化成功
2026-05-22 08:43:35 [INFO] 引擎加载成功: dangerous.engine
2026-05-22 08:43:35 [INFO] 检测系统初始化成功
2026-05-22 08:43:35 [INFO] 图像预处理完成，原始尺寸: (2160, 3840)
2026-05-22 08:43:35 [INFO] 开始执行目标检测...
2026-05-22 08:43:35 [INFO] 检测完成，找到 3 个物体
2026-05-22 08:43:35 [INFO] 物体 1: GasCyl1 (置信度: 0.71)
2026-05-22 08:43:35 [INFO] 物体 2: FireExt1 (置信度: 0.62)
2026-05-22 08:43:35 [INFO] 物体 3: FireExt1 (置信度: 0.32)
2026-05-22 08:43:35 [INFO] 检测到车兜区域，将过滤区域外的目标
2026-05-22 08:43:35 [INFO] 准备保存检测结果到: C:\code\show\Scrap_Steel_In_Field\photos\dangerous_det\detection_20260522_084335.jpg
2026-05-22 08:43:35 [INFO] 图像形状: (2160, 3840, 3)
2026-05-22 08:43:35 [INFO] 图像数据类型: uint8
2026-05-22 08:43:35 [INFO] 图像最大值: 255
2026-05-22 08:43:35 [INFO] 图像最小值: 0
2026-05-22 08:43:35 [INFO] 开始保存检测结果图像: 图像尺寸=(2160, 3840, 3), 类型=uint8, 路径=C:\code\show\Scrap_Steel_In_Field\photos\dangerous_det\detection_20260522_084335.jpg
2026-05-22 08:43:35 [INFO] 成功保存检测结果到: C:\code\show\Scrap_Steel_In_Field\photos\dangerous_det\detection_20260522_084335.jpg
2026-05-22 08:43:35 [INFO] 保存的检测结果文件大小: 2253250 字节
2026-05-22 08:43:35 [INFO] 引擎上下文已释放
2026-05-22 08:43:35 [INFO] TensorRT 引擎已释放
2026-05-22 08:43:35 [INFO] 全局 CUDA 资源已释放
2026-05-22 08:43:35 [INFO] 检测系统资源已释放
2026-05-22 08:43:41 [INFO] CUDA 初始化成功
2026-05-22 08:43:41 [INFO] 引擎加载成功: dangerous.engine
2026-05-22 08:43:41 [INFO] 检测系统初始化成功
2026-05-22 08:43:41 [INFO] 图像预处理完成，原始尺寸: (2160, 3840)
2026-05-22 08:43:41 [INFO] 开始执行目标检测...
2026-05-22 08:43:41 [INFO] 检测完成，找到 1 个物体
2026-05-22 08:43:41 [INFO] 物体 1: GasCyl1 (置信度: 0.81)
2026-05-22 08:43:41 [INFO] 检测到车兜区域，将过滤区域外的目标
2026-05-22 08:43:41 [INFO] 准备保存检测结果到: C:\code\show\Scrap_Steel_In_Field\photos\dangerous_det\detection_20260522_084341.jpg
2026-05-22 08:43:41 [INFO] 图像形状: (2160, 3840, 3)
2026-05-22 08:43:41 [INFO] 图像数据类型: uint8
2026-05-22 08:43:41 [INFO] 图像最大值: 255
2026-05-22 08:43:41 [INFO] 图像最小值: 0
2026-05-22 08:43:41 [INFO] 开始保存检测结果图像: 图像尺寸=(2160, 3840, 3), 类型=uint8, 路径=C:\code\show\Scrap_Steel_In_Field\photos\dangerous_det\detection_20260522_084341.jpg
2026-05-22 08:43:41 [INFO] 成功保存检测结果到: C:\code\show\Scrap_Steel_In_Field\photos\dangerous_det\detection_20260522_084341.jpg
2026-05-22 08:43:41 [INFO] 保存的检测结果文件大小: 2285944 字节
2026-05-22 08:43:41 [INFO] 引擎上下文已释放
2026-05-22 08:43:41 [INFO] TensorRT 引擎已释放
2026-05-22 08:43:41 [INFO] 全局 CUDA 资源已释放
2026-05-22 08:43:41 [INFO] 检测系统资源已释放
2026-05-22 08:43:48 [INFO] CUDA 初始化成功
2026-05-22 08:43:48 [INFO] 引擎加载成功: dangerous.engine
2026-05-22 08:43:48 [INFO] 检测系统初始化成功
2026-05-22 08:43:48 [INFO] 图像预处理完成，原始尺寸: (2160, 3840)
2026-05-22 08:43:48 [INFO] 开始执行目标检测...
2026-05-22 08:43:48 [INFO] 检测完成，找到 1 个物体
2026-05-22 08:43:48 [INFO] 物体 1: FireExt1 (置信度: 0.46)
2026-05-22 08:43:48 [INFO] 准备保存检测结果到: C:\code\show\Scrap_Steel_In_Field\photos\dangerous_det\detection_20260522_084348.jpg
2026-05-22 08:43:48 [INFO] 图像形状: (2160, 3840, 3)
2026-05-22 08:43:48 [INFO] 图像数据类型: uint8
2026-05-22 08:43:48 [INFO] 图像最大值: 255
2026-05-22 08:43:48 [INFO] 图像最小值: 0
2026-05-22 08:43:48 [INFO] 开始保存检测结果图像: 图像尺寸=(2160, 3840, 3), 类型=uint8, 路径=C:\code\show\Scrap_Steel_In_Field\photos\dangerous_det\detection_20260522_084348.jpg
2026-05-22 08:43:48 [INFO] 成功保存检测结果到: C:\code\show\Scrap_Steel_In_Field\photos\dangerous_det\detection_20260522_084348.jpg
2026-05-22 08:43:48 [INFO] 保存的检测结果文件大小: 1113372 字节
2026-05-22 08:43:48 [INFO] 引擎上下文已释放
2026-05-22 08:43:48 [INFO] TensorRT 引擎已释放
2026-05-22 08:43:48 [INFO] 全局 CUDA 资源已释放
2026-05-22 08:43:48 [INFO] 检测系统资源已释放
2026-05-22 08:43:53 [INFO] CUDA 初始化成功
2026-05-22 08:43:53 [INFO] 引擎加载成功: dangerous.engine
2026-05-22 08:43:53 [INFO] 检测系统初始化成功
2026-05-22 08:43:53 [INFO] 图像预处理完成，原始尺寸: (2160, 3840)
2026-05-22 08:43:53 [INFO] 开始执行目标检测...
2026-05-22 08:43:53 [INFO] 检测完成，找到 1 个物体
2026-05-22 08:43:53 [INFO] 物体 1: FireExt1 (置信度: 0.40)
2026-05-22 08:43:53 [INFO] 准备保存检测结果到: C:\code\show\Scrap_Steel_In_Field\photos\dangerous_det\detection_20260522_084353.jpg
2026-05-22 08:43:53 [INFO] 图像形状: (2160, 3840, 3)
2026-05-22 08:43:53 [INFO] 图像数据类型: uint8
2026-05-22 08:43:53 [INFO] 图像最大值: 255
2026-05-22 08:43:53 [INFO] 图像最小值: 0
2026-05-22 08:43:53 [INFO] 开始保存检测结果图像: 图像尺寸=(2160, 3840, 3), 类型=uint8, 路径=C:\code\show\Scrap_Steel_In_Field\photos\dangerous_det\detection_20260522_084353.jpg
2026-05-22 08:43:53 [INFO] 成功保存检测结果到: C:\code\show\Scrap_Steel_In_Field\photos\dangerous_det\detection_20260522_084353.jpg
2026-05-22 08:43:53 [INFO] 保存的检测结果文件大小: 1669907 字节
2026-05-22 08:43:53 [INFO] 引擎上下文已释放
2026-05-22 08:43:53 [INFO] TensorRT 引擎已释放
2026-05-22 08:43:53 [INFO] 全局 CUDA 资源已释放
2026-05-22 08:43:53 [INFO] 检测系统资源已释放
2026-05-22 08:43:59 [INFO] CUDA 初始化成功
2026-05-22 08:44:00 [INFO] 引擎加载成功: dangerous.engine
2026-05-22 08:44:00 [INFO] 检测系统初始化成功
2026-05-22 08:44:00 [INFO] 图像预处理完成，原始尺寸: (2160, 3840)
2026-05-22 08:44:00 [INFO] 开始执行目标检测...
2026-05-22 08:44:00 [INFO] 检测完成，找到 1 个物体
2026-05-22 08:44:00 [INFO] 物体 1: GasCyl1 (置信度: 0.80)
2026-05-22 08:44:00 [INFO] 准备保存检测结果到: C:\code\show\Scrap_Steel_In_Field\photos\dangerous_det\detection_20260522_084400.jpg
2026-05-22 08:44:00 [INFO] 图像形状: (2160, 3840, 3)
2026-05-22 08:44:00 [INFO] 图像数据类型: uint8
2026-05-22 08:44:00 [INFO] 图像最大值: 255
2026-05-22 08:44:00 [INFO] 图像最小值: 0
2026-05-22 08:44:00 [INFO] 开始保存检测结果图像: 图像尺寸=(2160, 3840, 3), 类型=uint8, 路径=C:\code\show\Scrap_Steel_In_Field\photos\dangerous_det\detection_20260522_084400.jpg
2026-05-22 08:44:00 [INFO] 成功保存检测结果到: C:\code\show\Scrap_Steel_In_Field\photos\dangerous_det\detection_20260522_084400.jpg
2026-05-22 08:44:00 [INFO] 保存的检测结果文件大小: 1528282 字节
2026-05-22 08:44:00 [INFO] 引擎上下文已释放
2026-05-22 08:44:00 [INFO] TensorRT 引擎已释放
2026-05-22 08:44:00 [INFO] 全局 CUDA 资源已释放
2026-05-22 08:44:00 [INFO] 检测系统资源已释放
2026-05-22 08:44:05 [INFO] CUDA 初始化成功
2026-05-22 08:44:05 [INFO] 引擎加载成功: dangerous.engine
2026-05-22 08:44:05 [INFO] 检测系统初始化成功
2026-05-22 08:44:05 [INFO] 图像预处理完成，原始尺寸: (2160, 3840)
2026-05-22 08:44:05 [INFO] 开始执行目标检测...
2026-05-22 08:44:05 [INFO] 检测完成，找到 1 个物体
2026-05-22 08:44:05 [INFO] 物体 1: GasCyl1 (置信度: 0.78)
2026-05-22 08:44:05 [INFO] 检测到车兜区域，将过滤区域外的目标
2026-05-22 08:44:05 [INFO] 准备保存检测结果到: C:\code\show\Scrap_Steel_In_Field\photos\dangerous_det\detection_20260522_084405.jpg
2026-05-22 08:44:05 [INFO] 图像形状: (2160, 3840, 3)
2026-05-22 08:44:05 [INFO] 图像数据类型: uint8
2026-05-22 08:44:05 [INFO] 图像最大值: 255
2026-05-22 08:44:05 [INFO] 图像最小值: 0
2026-05-22 08:44:05 [INFO] 开始保存检测结果图像: 图像尺寸=(2160, 3840, 3), 类型=uint8, 路径=C:\code\show\Scrap_Steel_In_Field\photos\dangerous_det\detection_20260522_084405.jpg
2026-05-22 08:44:05 [INFO] 成功保存检测结果到: C:\code\show\Scrap_Steel_In_Field\photos\dangerous_det\detection_20260522_084405.jpg
2026-05-22 08:44:05 [INFO] 保存的检测结果文件大小: 2150773 字节
2026-05-22 08:44:05 [INFO] 引擎上下文已释放
2026-05-22 08:44:05 [INFO] TensorRT 引擎已释放
2026-05-22 08:44:05 [INFO] 全局 CUDA 资源已释放
2026-05-22 08:44:05 [INFO] 检测系统资源已释放
2026-05-22 08:44:10 [INFO] CUDA 初始化成功
2026-05-22 08:44:10 [INFO] 引擎加载成功: dangerous.engine
2026-05-22 08:44:10 [INFO] 检测系统初始化成功
2026-05-22 08:44:10 [INFO] 图像预处理完成，原始尺寸: (2160, 3840)
2026-05-22 08:44:10 [INFO] 开始执行目标检测...
2026-05-22 08:44:10 [INFO] 检测完成，找到 2 个物体
2026-05-22 08:44:10 [INFO] 物体 1: GasCyl1 (置信度: 0.82)
2026-05-22 08:44:10 [INFO] 物体 2: FireExt1 (置信度: 0.33)
2026-05-22 08:44:10 [INFO] 检测到车兜区域，将过滤区域外的目标
2026-05-22 08:44:10 [INFO] 准备保存检测结果到: C:\code\show\Scrap_Steel_In_Field\photos\dangerous_det\detection_20260522_084410.jpg
2026-05-22 08:44:10 [INFO] 图像形状: (2160, 3840, 3)
2026-05-22 08:44:10 [INFO] 图像数据类型: uint8
2026-05-22 08:44:10 [INFO] 图像最大值: 255
2026-05-22 08:44:10 [INFO] 图像最小值: 0
2026-05-22 08:44:10 [INFO] 开始保存检测结果图像: 图像尺寸=(2160, 3840, 3), 类型=uint8, 路径=C:\code\show\Scrap_Steel_In_Field\photos\dangerous_det\detection_20260522_084410.jpg
2026-05-22 08:44:11 [INFO] 成功保存检测结果到: C:\code\show\Scrap_Steel_In_Field\photos\dangerous_det\detection_20260522_084410.jpg
2026-05-22 08:44:11 [INFO] 保存的检测结果文件大小: 2253949 字节
2026-05-22 08:44:11 [INFO] 引擎上下文已释放
2026-05-22 08:44:11 [INFO] TensorRT 引擎已释放
2026-05-22 08:44:11 [INFO] 全局 CUDA 资源已释放
2026-05-22 08:44:11 [INFO] 检测系统资源已释放
2026-05-22 08:44:16 [INFO] CUDA 初始化成功
2026-05-22 08:44:16 [INFO] 引擎加载成功: dangerous.engine
2026-05-22 08:44:16 [INFO] 检测系统初始化成功
2026-05-22 08:44:16 [INFO] 图像预处理完成，原始尺寸: (2160, 3840)
2026-05-22 08:44:16 [INFO] 开始执行目标检测...
2026-05-22 08:44:16 [INFO] 检测完成，找到 2 个物体
2026-05-22 08:44:16 [INFO] 物体 1: GasCyl1 (置信度: 0.76)
2026-05-22 08:44:16 [INFO] 物体 2: FireExt1 (置信度: 0.61)
2026-05-22 08:44:16 [INFO] 检测到车兜区域，将过滤区域外的目标
2026-05-22 08:44:16 [INFO] 准备保存检测结果到: C:\code\show\Scrap_Steel_In_Field\photos\dangerous_det\detection_20260522_084416.jpg
2026-05-22 08:44:16 [INFO] 图像形状: (2160, 3840, 3)
2026-05-22 08:44:16 [INFO] 图像数据类型: uint8
2026-05-22 08:44:16 [INFO] 图像最大值: 255
2026-05-22 08:44:16 [INFO] 图像最小值: 0
2026-05-22 08:44:16 [INFO] 开始保存检测结果图像: 图像尺寸=(2160, 3840, 3), 类型=uint8, 路径=C:\code\show\Scrap_Steel_In_Field\photos\dangerous_det\detection_20260522_084416.jpg
2026-05-22 08:44:16 [INFO] 成功保存检测结果到: C:\code\show\Scrap_Steel_In_Field\photos\dangerous_det\detection_20260522_084416.jpg
2026-05-22 08:44:16 [INFO] 保存的检测结果文件大小: 2215166 字节
2026-05-22 08:44:16 [INFO] 引擎上下文已释放
2026-05-22 08:44:16 [INFO] TensorRT 引擎已释放
2026-05-22 08:44:16 [INFO] 全局 CUDA 资源已释放
2026-05-22 08:44:16 [INFO] 检测系统资源已释放
2026-05-22 08:44:21 [INFO] CUDA 初始化成功
2026-05-22 08:44:21 [INFO] 引擎加载成功: dangerous.engine
2026-05-22 08:44:21 [INFO] 检测系统初始化成功
2026-05-22 08:44:21 [INFO] 图像预处理完成，原始尺寸: (2160, 3840)
2026-05-22 08:44:21 [INFO] 开始执行目标检测...
2026-05-22 08:44:21 [INFO] 检测完成，找到 1 个物体
2026-05-22 08:44:21 [INFO] 物体 1: FireExt1 (置信度: 0.59)
2026-05-22 08:44:21 [INFO] 准备保存检测结果到: C:\code\show\Scrap_Steel_In_Field\photos\dangerous_det\detection_20260522_084421.jpg
2026-05-22 08:44:21 [INFO] 图像形状: (2160, 3840, 3)
2026-05-22 08:44:21 [INFO] 图像数据类型: uint8
2026-05-22 08:44:21 [INFO] 图像最大值: 255
2026-05-22 08:44:21 [INFO] 图像最小值: 0
2026-05-22 08:44:21 [INFO] 开始保存检测结果图像: 图像尺寸=(2160, 3840, 3), 类型=uint8, 路径=C:\code\show\Scrap_Steel_In_Field\photos\dangerous_det\detection_20260522_084421.jpg
2026-05-22 08:44:21 [INFO] 成功保存检测结果到: C:\code\show\Scrap_Steel_In_Field\photos\dangerous_det\detection_20260522_084421.jpg
2026-05-22 08:44:21 [INFO] 保存的检测结果文件大小: 1109494 字节
2026-05-22 08:44:21 [INFO] 引擎上下文已释放
2026-05-22 08:44:21 [INFO] TensorRT 引擎已释放
2026-05-22 08:44:21 [INFO] 全局 CUDA 资源已释放
2026-05-22 08:44:21 [INFO] 检测系统资源已释放
2026-05-22 08:44:27 [INFO] CUDA 初始化成功
2026-05-22 08:44:27 [INFO] 引擎加载成功: dangerous.engine
2026-05-22 08:44:27 [INFO] 检测系统初始化成功
2026-05-22 08:44:27 [INFO] 图像预处理完成，原始尺寸: (2160, 3840)
2026-05-22 08:44:27 [INFO] 开始执行目标检测...
2026-05-22 08:44:27 [INFO] 检测完成，找到 1 个物体
2026-05-22 08:44:27 [INFO] 物体 1: FireExt1 (置信度: 0.62)
2026-05-22 08:44:27 [INFO] 准备保存检测结果到: C:\code\show\Scrap_Steel_In_Field\photos\dangerous_det\detection_20260522_084427.jpg
2026-05-22 08:44:27 [INFO] 图像形状: (2160, 3840, 3)
2026-05-22 08:44:27 [INFO] 图像数据类型: uint8
2026-05-22 08:44:27 [INFO] 图像最大值: 255
2026-05-22 08:44:27 [INFO] 图像最小值: 0
2026-05-22 08:44:27 [INFO] 开始保存检测结果图像: 图像尺寸=(2160, 3840, 3), 类型=uint8, 路径=C:\code\show\Scrap_Steel_In_Field\photos\dangerous_det\detection_20260522_084427.jpg
2026-05-22 08:44:27 [INFO] 成功保存检测结果到: C:\code\show\Scrap_Steel_In_Field\photos\dangerous_det\detection_20260522_084427.jpg
2026-05-22 08:44:27 [INFO] 保存的检测结果文件大小: 1581198 字节
2026-05-22 08:44:27 [INFO] 引擎上下文已释放
2026-05-22 08:44:27 [INFO] TensorRT 引擎已释放
2026-05-22 08:44:27 [INFO] 全局 CUDA 资源已释放
2026-05-22 08:44:27 [INFO] 检测系统资源已释放
2026-05-22 08:44:33 [INFO] CUDA 初始化成功
2026-05-22 08:44:33 [INFO] 引擎加载成功: dangerous.engine
2026-05-22 08:44:33 [INFO] 检测系统初始化成功
2026-05-22 08:44:33 [INFO] 图像预处理完成，原始尺寸: (2160, 3840)
2026-05-22 08:44:33 [INFO] 开始执行目标检测...
2026-05-22 08:44:33 [INFO] 检测完成，找到 0 个物体
2026-05-22 08:44:33 [INFO] 引擎上下文已释放
2026-05-22 08:44:33 [INFO] TensorRT 引擎已释放
2026-05-22 08:44:33 [INFO] 全局 CUDA 资源已释放
2026-05-22 08:44:33 [INFO] 检测系统资源已释放
2026-05-22 08:44:39 [INFO] CUDA 初始化成功
2026-05-22 08:44:39 [INFO] 引擎加载成功: dangerous.engine
2026-05-22 08:44:39 [INFO] 检测系统初始化成功
2026-05-22 08:44:39 [INFO] 图像预处理完成，原始尺寸: (2160, 3840)
2026-05-22 08:44:39 [INFO] 开始执行目标检测...
2026-05-22 08:44:39 [INFO] 检测完成，找到 2 个物体
2026-05-22 08:44:39 [INFO] 物体 1: GasCyl1 (置信度: 0.77)
2026-05-22 08:44:39 [INFO] 物体 2: FireExt1 (置信度: 0.63)
2026-05-22 08:44:39 [INFO] 检测到车兜区域，将过滤区域外的目标
2026-05-22 08:44:39 [INFO] 准备保存检测结果到: C:\code\show\Scrap_Steel_In_Field\photos\dangerous_det\detection_20260522_084439.jpg
2026-05-22 08:44:39 [INFO] 图像形状: (2160, 3840, 3)
2026-05-22 08:44:39 [INFO] 图像数据类型: uint8
2026-05-22 08:44:39 [INFO] 图像最大值: 255
2026-05-22 08:44:39 [INFO] 图像最小值: 0
2026-05-22 08:44:39 [INFO] 开始保存检测结果图像: 图像尺寸=(2160, 3840, 3), 类型=uint8, 路径=C:\code\show\Scrap_Steel_In_Field\photos\dangerous_det\detection_20260522_084439.jpg
2026-05-22 08:44:39 [INFO] 成功保存检测结果到: C:\code\show\Scrap_Steel_In_Field\photos\dangerous_det\detection_20260522_084439.jpg
2026-05-22 08:44:39 [INFO] 保存的检测结果文件大小: 1935708 字节
2026-05-22 08:44:39 [INFO] 引擎上下文已释放
2026-05-22 08:44:39 [INFO] TensorRT 引擎已释放
2026-05-22 08:44:39 [INFO] 全局 CUDA 资源已释放
2026-05-22 08:44:39 [INFO] 检测系统资源已释放
2026-05-22 08:44:44 [INFO] CUDA 初始化成功
2026-05-22 08:44:44 [INFO] 引擎加载成功: dangerous.engine
2026-05-22 08:44:44 [INFO] 检测系统初始化成功
2026-05-22 08:44:44 [INFO] 图像预处理完成，原始尺寸: (2160, 3840)
2026-05-22 08:44:44 [INFO] 开始执行目标检测...
2026-05-22 08:44:44 [INFO] 检测完成，找到 3 个物体
2026-05-22 08:44:44 [INFO] 物体 1: GasCyl1 (置信度: 0.71)
2026-05-22 08:44:44 [INFO] 物体 2: FireExt1 (置信度: 0.62)
2026-05-22 08:44:44 [INFO] 物体 3: FireExt1 (置信度: 0.28)
2026-05-22 08:44:45 [INFO] 检测到车兜区域，将过滤区域外的目标
2026-05-22 08:44:45 [INFO] 准备保存检测结果到: C:\code\show\Scrap_Steel_In_Field\photos\dangerous_det\detection_20260522_084445.jpg
2026-05-22 08:44:45 [INFO] 图像形状: (2160, 3840, 3)
2026-05-22 08:44:45 [INFO] 图像数据类型: uint8
2026-05-22 08:44:45 [INFO] 图像最大值: 255
2026-05-22 08:44:45 [INFO] 图像最小值: 0
2026-05-22 08:44:45 [INFO] 开始保存检测结果图像: 图像尺寸=(2160, 3840, 3), 类型=uint8, 路径=C:\code\show\Scrap_Steel_In_Field\photos\dangerous_det\detection_20260522_084445.jpg
2026-05-22 08:44:51 [INFO] 成功保存检测结果到: C:\code\show\Scrap_Steel_In_Field\photos\dangerous_det\detection_20260522_084445.jpg
2026-05-22 08:44:51 [INFO] 保存的检测结果文件大小: 2273146 字节
2026-05-22 08:44:51 [INFO] 引擎上下文已释放
2026-05-22 08:44:51 [INFO] TensorRT 引擎已释放
2026-05-22 08:44:51 [INFO] 全局 CUDA 资源已释放
2026-05-22 08:44:51 [INFO] 检测系统资源已释放
2026-05-22 08:44:57 [INFO] CUDA 初始化成功
2026-05-22 08:44:57 [INFO] 引擎加载成功: dangerous.engine
2026-05-22 08:44:57 [INFO] 检测系统初始化成功
2026-05-22 08:44:57 [INFO] 图像预处理完成，原始尺寸: (2160, 3840)
2026-05-22 08:44:57 [INFO] 开始执行目标检测...
2026-05-22 08:44:57 [INFO] 检测完成，找到 2 个物体
2026-05-22 08:44:57 [INFO] 物体 1: GasCyl1 (置信度: 0.71)
2026-05-22 08:44:57 [INFO] 物体 2: FireExt1 (置信度: 0.63)
2026-05-22 08:44:57 [INFO] 检测到车兜区域，将过滤区域外的目标
2026-05-22 08:44:57 [INFO] 准备保存检测结果到: C:\code\show\Scrap_Steel_In_Field\photos\dangerous_det\detection_20260522_084457.jpg
2026-05-22 08:44:57 [INFO] 图像形状: (2160, 3840, 3)
2026-05-22 08:44:57 [INFO] 图像数据类型: uint8
2026-05-22 08:44:57 [INFO] 图像最大值: 255
2026-05-22 08:44:57 [INFO] 图像最小值: 0
2026-05-22 08:44:57 [INFO] 开始保存检测结果图像: 图像尺寸=(2160, 3840, 3), 类型=uint8, 路径=C:\code\show\Scrap_Steel_In_Field\photos\dangerous_det\detection_20260522_084457.jpg
2026-05-22 08:44:57 [INFO] 成功保存检测结果到: C:\code\show\Scrap_Steel_In_Field\photos\dangerous_det\detection_20260522_084457.jpg
2026-05-22 08:44:57 [INFO] 保存的检测结果文件大小: 2279283 字节
2026-05-22 08:44:57 [INFO] 引擎上下文已释放
2026-05-22 08:44:57 [INFO] TensorRT 引擎已释放
2026-05-22 08:44:57 [INFO] 全局 CUDA 资源已释放
2026-05-22 08:44:57 [INFO] 检测系统资源已释放
2026-05-22 08:45:03 [INFO] CUDA 初始化成功
2026-05-22 08:45:03 [INFO] 引擎加载成功: dangerous.engine
2026-05-22 08:45:03 [INFO] 检测系统初始化成功
2026-05-22 08:45:03 [INFO] 图像预处理完成，原始尺寸: (2160, 3840)
2026-05-22 08:45:03 [INFO] 开始执行目标检测...
2026-05-22 08:45:03 [INFO] 检测完成，找到 2 个物体
2026-05-22 08:45:03 [INFO] 物体 1: GasCyl1 (置信度: 0.73)
2026-05-22 08:45:03 [INFO] 物体 2: FireExt1 (置信度: 0.62)
2026-05-22 08:45:03 [INFO] 检测到车兜区域，将过滤区域外的目标
2026-05-22 08:45:03 [INFO] 准备保存检测结果到: C:\code\show\Scrap_Steel_In_Field\photos\dangerous_det\detection_20260522_084503.jpg
2026-05-22 08:45:03 [INFO] 图像形状: (2160, 3840, 3)
2026-05-22 08:45:03 [INFO] 图像数据类型: uint8
2026-05-22 08:45:03 [INFO] 图像最大值: 255
2026-05-22 08:45:03 [INFO] 图像最小值: 0
2026-05-22 08:45:03 [INFO] 开始保存检测结果图像: 图像尺寸=(2160, 3840, 3), 类型=uint8, 路径=C:\code\show\Scrap_Steel_In_Field\photos\dangerous_det\detection_20260522_084503.jpg
2026-05-22 08:45:03 [INFO] 成功保存检测结果到: C:\code\show\Scrap_Steel_In_Field\photos\dangerous_det\detection_20260522_084503.jpg
2026-05-22 08:45:03 [INFO] 保存的检测结果文件大小: 2294814 字节
2026-05-22 08:45:03 [INFO] 引擎上下文已释放
2026-05-22 08:45:03 [INFO] TensorRT 引擎已释放
2026-05-22 08:45:03 [INFO] 全局 CUDA 资源已释放
2026-05-22 08:45:03 [INFO] 检测系统资源已释放
2026-05-22 08:45:08 [INFO] CUDA 初始化成功
2026-05-22 08:45:08 [INFO] 引擎加载成功: dangerous.engine
2026-05-22 08:45:08 [INFO] 检测系统初始化成功
2026-05-22 08:45:08 [INFO] 图像预处理完成，原始尺寸: (2160, 3840)
2026-05-22 08:45:08 [INFO] 开始执行目标检测...
2026-05-22 08:45:08 [INFO] 检测完成，找到 1 个物体
2026-05-22 08:45:08 [INFO] 物体 1: GasCyl1 (置信度: 0.72)
2026-05-22 08:45:08 [INFO] 检测到车兜区域，将过滤区域外的目标
2026-05-22 08:45:08 [INFO] 准备保存检测结果到: C:\code\show\Scrap_Steel_In_Field\photos\dangerous_det\detection_20260522_084508.jpg
2026-05-22 08:45:08 [INFO] 图像形状: (2160, 3840, 3)
2026-05-22 08:45:08 [INFO] 图像数据类型: uint8
2026-05-22 08:45:08 [INFO] 图像最大值: 255
2026-05-22 08:45:08 [INFO] 图像最小值: 0
2026-05-22 08:45:08 [INFO] 开始保存检测结果图像: 图像尺寸=(2160, 3840, 3), 类型=uint8, 路径=C:\code\show\Scrap_Steel_In_Field\photos\dangerous_det\detection_20260522_084508.jpg
2026-05-22 08:45:08 [INFO] 成功保存检测结果到: C:\code\show\Scrap_Steel_In_Field\photos\dangerous_det\detection_20260522_084508.jpg
2026-05-22 08:45:08 [INFO] 保存的检测结果文件大小: 2288376 字节
2026-05-22 08:45:08 [INFO] 引擎上下文已释放
2026-05-22 08:45:08 [INFO] TensorRT 引擎已释放
2026-05-22 08:45:08 [INFO] 全局 CUDA 资源已释放
2026-05-22 08:45:08 [INFO] 检测系统资源已释放
2026-05-22 08:45:13 [INFO] CUDA 初始化成功
2026-05-22 08:45:13 [INFO] 引擎加载成功: dangerous.engine
2026-05-22 08:45:13 [INFO] 检测系统初始化成功
2026-05-22 08:45:14 [INFO] 图像预处理完成，原始尺寸: (2160, 3840)
2026-05-22 08:45:14 [INFO] 开始执行目标检测...
2026-05-22 08:45:14 [INFO] 检测完成，找到 2 个物体
2026-05-22 08:45:14 [INFO] 物体 1: GasCyl1 (置信度: 0.70)
2026-05-22 08:45:14 [INFO] 物体 2: FireExt1 (置信度: 0.62)
2026-05-22 08:45:14 [INFO] 检测到车兜区域，将过滤区域外的目标
2026-05-22 08:45:14 [INFO] 准备保存检测结果到: C:\code\show\Scrap_Steel_In_Field\photos\dangerous_det\detection_20260522_084514.jpg
2026-05-22 08:45:14 [INFO] 图像形状: (2160, 3840, 3)
2026-05-22 08:45:14 [INFO] 图像数据类型: uint8
2026-05-22 08:45:14 [INFO] 图像最大值: 255
2026-05-22 08:45:14 [INFO] 图像最小值: 0
2026-05-22 08:45:14 [INFO] 开始保存检测结果图像: 图像尺寸=(2160, 3840, 3), 类型=uint8, 路径=C:\code\show\Scrap_Steel_In_Field\photos\dangerous_det\detection_20260522_084514.jpg
2026-05-22 08:45:14 [INFO] 成功保存检测结果到: C:\code\show\Scrap_Steel_In_Field\photos\dangerous_det\detection_20260522_084514.jpg
2026-05-22 08:45:14 [INFO] 保存的检测结果文件大小: 2281867 字节
2026-05-22 08:45:14 [INFO] 引擎上下文已释放
2026-05-22 08:45:14 [INFO] TensorRT 引擎已释放
2026-05-22 08:45:14 [INFO] 全局 CUDA 资源已释放
2026-05-22 08:45:14 [INFO] 检测系统资源已释放
2026-05-22 08:45:20 [INFO] CUDA 初始化成功
2026-05-22 08:45:20 [INFO] 引擎加载成功: dangerous.engine
2026-05-22 08:45:20 [INFO] 检测系统初始化成功
2026-05-22 08:45:21 [INFO] 图像预处理完成，原始尺寸: (2160, 3840)
2026-05-22 08:45:21 [INFO] 开始执行目标检测...
2026-05-22 08:45:21 [INFO] 检测完成，找到 4 个物体
2026-05-22 08:45:21 [INFO] 物体 1: GasCyl1 (置信度: 0.80)
2026-05-22 08:45:21 [INFO] 物体 2: GasCyl1 (置信度: 0.69)
2026-05-22 08:45:21 [INFO] 物体 3: FireExt1 (置信度: 0.62)
2026-05-22 08:45:21 [INFO] 物体 4: FireExt1 (置信度: 0.28)
2026-05-22 08:45:21 [INFO] 检测到车兜区域，将过滤区域外的目标
2026-05-22 08:45:21 [INFO] 车兜区域过滤: 4 -> 3 个目标
2026-05-22 08:45:21 [INFO] 准备保存检测结果到: C:\code\show\Scrap_Steel_In_Field\photos\dangerous_det\detection_20260522_084521.jpg
2026-05-22 08:45:21 [INFO] 图像形状: (2160, 3840, 3)
2026-05-22 08:45:21 [INFO] 图像数据类型: uint8
2026-05-22 08:45:21 [INFO] 图像最大值: 255
2026-05-22 08:45:21 [INFO] 图像最小值: 0
2026-05-22 08:45:21 [INFO] 开始保存检测结果图像: 图像尺寸=(2160, 3840, 3), 类型=uint8, 路径=C:\code\show\Scrap_Steel_In_Field\photos\dangerous_det\detection_20260522_084521.jpg
2026-05-22 08:45:21 [INFO] 成功保存检测结果到: C:\code\show\Scrap_Steel_In_Field\photos\dangerous_det\detection_20260522_084521.jpg
2026-05-22 08:45:21 [INFO] 保存的检测结果文件大小: 2258380 字节
2026-05-22 08:45:21 [INFO] 引擎上下文已释放
2026-05-22 08:45:21 [INFO] TensorRT 引擎已释放
2026-05-22 08:45:21 [INFO] 全局 CUDA 资源已释放
2026-05-22 08:45:21 [INFO] 检测系统资源已释放
2026-05-22 08:45:26 [INFO] CUDA 初始化成功
2026-05-22 08:45:26 [INFO] 引擎加载成功: dangerous.engine
2026-05-22 08:45:26 [INFO] 检测系统初始化成功
2026-05-22 08:45:26 [INFO] 图像预处理完成，原始尺寸: (2160, 3840)
2026-05-22 08:45:26 [INFO] 开始执行目标检测...
2026-05-22 08:45:26 [INFO] 检测完成，找到 2 个物体
2026-05-22 08:45:26 [INFO] 物体 1: GasCyl1 (置信度: 0.68)
2026-05-22 08:45:26 [INFO] 物体 2: FireExt1 (置信度: 0.61)
2026-05-22 08:45:26 [INFO] 检测到车兜区域，将过滤区域外的目标
2026-05-22 08:45:26 [INFO] 准备保存检测结果到: C:\code\show\Scrap_Steel_In_Field\photos\dangerous_det\detection_20260522_084526.jpg
2026-05-22 08:45:26 [INFO] 图像形状: (2160, 3840, 3)
2026-05-22 08:45:26 [INFO] 图像数据类型: uint8
2026-05-22 08:45:26 [INFO] 图像最大值: 255
2026-05-22 08:45:26 [INFO] 图像最小值: 0
2026-05-22 08:45:26 [INFO] 开始保存检测结果图像: 图像尺寸=(2160, 3840, 3), 类型=uint8, 路径=C:\code\show\Scrap_Steel_In_Field\photos\dangerous_det\detection_20260522_084526.jpg
2026-05-22 08:45:26 [INFO] 成功保存检测结果到: C:\code\show\Scrap_Steel_In_Field\photos\dangerous_det\detection_20260522_084526.jpg
2026-05-22 08:45:26 [INFO] 保存的检测结果文件大小: 2271807 字节
2026-05-22 08:45:26 [INFO] 引擎上下文已释放
2026-05-22 08:45:26 [INFO] TensorRT 引擎已释放
2026-05-22 08:45:26 [INFO] 全局 CUDA 资源已释放
2026-05-22 08:45:26 [INFO] 检测系统资源已释放
2026-05-22 08:45:31 [INFO] CUDA 初始化成功
2026-05-22 08:45:31 [INFO] 引擎加载成功: dangerous.engine
2026-05-22 08:45:31 [INFO] 检测系统初始化成功
2026-05-22 08:45:31 [INFO] 图像预处理完成，原始尺寸: (2160, 3840)
2026-05-22 08:45:31 [INFO] 开始执行目标检测...
2026-05-22 08:45:32 [INFO] 检测完成，找到 4 个物体
2026-05-22 08:45:32 [INFO] 物体 1: GasCyl1 (置信度: 0.72)
2026-05-22 08:45:32 [INFO] 物体 2: FireExt1 (置信度: 0.62)
2026-05-22 08:45:32 [INFO] 物体 3: GasCyl1 (置信度: 0.52)
2026-05-22 08:45:32 [INFO] 物体 4: FireExt1 (置信度: 0.25)
2026-05-22 08:45:32 [INFO] 检测到车兜区域，将过滤区域外的目标
2026-05-22 08:45:32 [INFO] 车兜区域过滤: 4 -> 3 个目标
2026-05-22 08:45:32 [INFO] 准备保存检测结果到: C:\code\show\Scrap_Steel_In_Field\photos\dangerous_det\detection_20260522_084532.jpg
2026-05-22 08:45:32 [INFO] 图像形状: (2160, 3840, 3)
2026-05-22 08:45:32 [INFO] 图像数据类型: uint8
2026-05-22 08:45:32 [INFO] 图像最大值: 255
2026-05-22 08:45:32 [INFO] 图像最小值: 0
2026-05-22 08:45:32 [INFO] 开始保存检测结果图像: 图像尺寸=(2160, 3840, 3), 类型=uint8, 路径=C:\code\show\Scrap_Steel_In_Field\photos\dangerous_det\detection_20260522_084532.jpg
2026-05-22 08:45:32 [INFO] 成功保存检测结果到: C:\code\show\Scrap_Steel_In_Field\photos\dangerous_det\detection_20260522_084532.jpg
2026-05-22 08:45:32 [INFO] 保存的检测结果文件大小: 2279190 字节
2026-05-22 08:45:32 [INFO] 引擎上下文已释放
2026-05-22 08:45:32 [INFO] TensorRT 引擎已释放
2026-05-22 08:45:32 [INFO] 全局 CUDA 资源已释放
2026-05-22 08:45:32 [INFO] 检测系统资源已释放
2026-05-22 08:45:37 [INFO] CUDA 初始化成功
2026-05-22 08:45:37 [INFO] 引擎加载成功: dangerous.engine
2026-05-22 08:45:37 [INFO] 检测系统初始化成功
2026-05-22 08:45:37 [INFO] 图像预处理完成，原始尺寸: (2160, 3840)
2026-05-22 08:45:37 [INFO] 开始执行目标检测...
2026-05-22 08:45:37 [INFO] 检测完成，找到 5 个物体
2026-05-22 08:45:37 [INFO] 物体 1: GasCyl1 (置信度: 0.73)
2026-05-22 08:45:37 [INFO] 物体 2: FireExt1 (置信度: 0.62)
2026-05-22 08:45:37 [INFO] 物体 3: GasCyl1 (置信度: 0.53)
2026-05-22 08:45:37 [INFO] 物体 4: FireExt1 (置信度: 0.29)
2026-05-22 08:45:37 [INFO] 物体 5: FireExt1 (置信度: 0.26)
2026-05-22 08:45:37 [INFO] 检测到车兜区域，将过滤区域外的目标
2026-05-22 08:45:37 [INFO] 车兜区域过滤: 5 -> 4 个目标
2026-05-22 08:45:37 [INFO] 准备保存检测结果到: C:\code\show\Scrap_Steel_In_Field\photos\dangerous_det\detection_20260522_084537.jpg
2026-05-22 08:45:37 [INFO] 图像形状: (2160, 3840, 3)
2026-05-22 08:45:37 [INFO] 图像数据类型: uint8
2026-05-22 08:45:37 [INFO] 图像最大值: 255
2026-05-22 08:45:37 [INFO] 图像最小值: 0
2026-05-22 08:45:37 [INFO] 开始保存检测结果图像: 图像尺寸=(2160, 3840, 3), 类型=uint8, 路径=C:\code\show\Scrap_Steel_In_Field\photos\dangerous_det\detection_20260522_084537.jpg
2026-05-22 08:45:37 [INFO] 成功保存检测结果到: C:\code\show\Scrap_Steel_In_Field\photos\dangerous_det\detection_20260522_084537.jpg
2026-05-22 08:45:37 [INFO] 保存的检测结果文件大小: 2280884 字节
2026-05-22 08:45:37 [INFO] 引擎上下文已释放
2026-05-22 08:45:37 [INFO] TensorRT 引擎已释放
2026-05-22 08:45:37 [INFO] 全局 CUDA 资源已释放
2026-05-22 08:45:37 [INFO] 检测系统资源已释放
2026-05-22 08:45:42 [INFO] CUDA 初始化成功
2026-05-22 08:45:42 [INFO] 引擎加载成功: dangerous.engine
2026-05-22 08:45:42 [INFO] 检测系统初始化成功
2026-05-22 08:45:42 [INFO] 图像预处理完成，原始尺寸: (2160, 3840)
2026-05-22 08:45:42 [INFO] 开始执行目标检测...
2026-05-22 08:45:42 [INFO] 检测完成，找到 4 个物体
2026-05-22 08:45:42 [INFO] 物体 1: GasCyl1 (置信度: 0.77)
2026-05-22 08:45:42 [INFO] 物体 2: FireExt1 (置信度: 0.62)
2026-05-22 08:45:42 [INFO] 物体 3: FireExt1 (置信度: 0.31)
2026-05-22 08:45:42 [INFO] 物体 4: FireExt1 (置信度: 0.26)
2026-05-22 08:45:43 [INFO] 检测到车兜区域，将过滤区域外的目标
2026-05-22 08:45:43 [INFO] 准备保存检测结果到: C:\code\show\Scrap_Steel_In_Field\photos\dangerous_det\detection_20260522_084543.jpg
2026-05-22 08:45:43 [INFO] 图像形状: (2160, 3840, 3)
2026-05-22 08:45:43 [INFO] 图像数据类型: uint8
2026-05-22 08:45:43 [INFO] 图像最大值: 255
2026-05-22 08:45:43 [INFO] 图像最小值: 0
2026-05-22 08:45:43 [INFO] 开始保存检测结果图像: 图像尺寸=(2160, 3840, 3), 类型=uint8, 路径=C:\code\show\Scrap_Steel_In_Field\photos\dangerous_det\detection_20260522_084543.jpg
2026-05-22 08:45:43 [INFO] 成功保存检测结果到: C:\code\show\Scrap_Steel_In_Field\photos\dangerous_det\detection_20260522_084543.jpg
2026-05-22 08:45:43 [INFO] 保存的检测结果文件大小: 2269770 字节
2026-05-22 08:45:43 [INFO] 引擎上下文已释放
2026-05-22 08:45:43 [INFO] TensorRT 引擎已释放
2026-05-22 08:45:43 [INFO] 全局 CUDA 资源已释放
2026-05-22 08:45:43 [INFO] 检测系统资源已释放
2026-05-22 08:45:48 [INFO] CUDA 初始化成功
2026-05-22 08:45:48 [INFO] 引擎加载成功: dangerous.engine
2026-05-22 08:45:48 [INFO] 检测系统初始化成功
2026-05-22 08:45:48 [INFO] 图像预处理完成，原始尺寸: (2160, 3840)
2026-05-22 08:45:48 [INFO] 开始执行目标检测...
2026-05-22 08:45:48 [INFO] 检测完成，找到 3 个物体
2026-05-22 08:45:48 [INFO] 物体 1: GasCyl1 (置信度: 0.68)
2026-05-22 08:45:48 [INFO] 物体 2: FireExt1 (置信度: 0.62)
2026-05-22 08:45:48 [INFO] 物体 3: FireExt1 (置信度: 0.33)
2026-05-22 08:45:48 [INFO] 检测到车兜区域，将过滤区域外的目标
2026-05-22 08:45:48 [INFO] 准备保存检测结果到: C:\code\show\Scrap_Steel_In_Field\photos\dangerous_det\detection_20260522_084548.jpg
2026-05-22 08:45:48 [INFO] 图像形状: (2160, 3840, 3)
2026-05-22 08:45:48 [INFO] 图像数据类型: uint8
2026-05-22 08:45:48 [INFO] 图像最大值: 255
2026-05-22 08:45:48 [INFO] 图像最小值: 0
2026-05-22 08:45:48 [INFO] 开始保存检测结果图像: 图像尺寸=(2160, 3840, 3), 类型=uint8, 路径=C:\code\show\Scrap_Steel_In_Field\photos\dangerous_det\detection_20260522_084548.jpg
2026-05-22 08:45:48 [INFO] 成功保存检测结果到: C:\code\show\Scrap_Steel_In_Field\photos\dangerous_det\detection_20260522_084548.jpg
2026-05-22 08:45:48 [INFO] 保存的检测结果文件大小: 2157605 字节
2026-05-22 08:45:48 [INFO] 引擎上下文已释放
2026-05-22 08:45:48 [INFO] TensorRT 引擎已释放
2026-05-22 08:45:48 [INFO] 全局 CUDA 资源已释放
2026-05-22 08:45:48 [INFO] 检测系统资源已释放
2026-05-22 08:45:53 [INFO] CUDA 初始化成功
2026-05-22 08:45:53 [INFO] 引擎加载成功: dangerous.engine
2026-05-22 08:45:53 [INFO] 检测系统初始化成功
2026-05-22 08:45:53 [INFO] 图像预处理完成，原始尺寸: (2160, 3840)
2026-05-22 08:45:53 [INFO] 开始执行目标检测...
2026-05-22 08:45:54 [INFO] 检测完成，找到 4 个物体
2026-05-22 08:45:54 [INFO] 物体 1: GasCyl1 (置信度: 0.73)
2026-05-22 08:45:54 [INFO] 物体 2: FireExt1 (置信度: 0.62)
2026-05-22 08:45:54 [INFO] 物体 3: FireExt1 (置信度: 0.36)
2026-05-22 08:45:54 [INFO] 物体 4: FireExt1 (置信度: 0.28)
2026-05-22 08:45:54 [INFO] 检测到车兜区域，将过滤区域外的目标
2026-05-22 08:45:54 [INFO] 准备保存检测结果到: C:\code\show\Scrap_Steel_In_Field\photos\dangerous_det\detection_20260522_084554.jpg
2026-05-22 08:45:54 [INFO] 图像形状: (2160, 3840, 3)
2026-05-22 08:45:54 [INFO] 图像数据类型: uint8
2026-05-22 08:45:54 [INFO] 图像最大值: 255
2026-05-22 08:45:54 [INFO] 图像最小值: 0
2026-05-22 08:45:54 [INFO] 开始保存检测结果图像: 图像尺寸=(2160, 3840, 3), 类型=uint8, 路径=C:\code\show\Scrap_Steel_In_Field\photos\dangerous_det\detection_20260522_084554.jpg
2026-05-22 08:45:54 [INFO] 成功保存检测结果到: C:\code\show\Scrap_Steel_In_Field\photos\dangerous_det\detection_20260522_084554.jpg
2026-05-22 08:45:54 [INFO] 保存的检测结果文件大小: 2226933 字节
2026-05-22 08:45:54 [INFO] 引擎上下文已释放
2026-05-22 08:45:54 [INFO] TensorRT 引擎已释放
2026-05-22 08:45:54 [INFO] 全局 CUDA 资源已释放
2026-05-22 08:45:54 [INFO] 检测系统资源已释放
2026-05-22 08:45:59 [INFO] CUDA 初始化成功
2026-05-22 08:45:59 [INFO] 引擎加载成功: dangerous.engine
2026-05-22 08:45:59 [INFO] 检测系统初始化成功
2026-05-22 08:45:59 [INFO] 图像预处理完成，原始尺寸: (2160, 3840)
2026-05-22 08:45:59 [INFO] 开始执行目标检测...
2026-05-22 08:45:59 [INFO] 检测完成，找到 2 个物体
2026-05-22 08:45:59 [INFO] 物体 1: GasCyl1 (置信度: 0.83)
2026-05-22 08:45:59 [INFO] 物体 2: FireExt1 (置信度: 0.62)
2026-05-22 08:45:59 [INFO] 检测到车兜区域，将过滤区域外的目标
2026-05-22 08:45:59 [INFO] 准备保存检测结果到: C:\code\show\Scrap_Steel_In_Field\photos\dangerous_det\detection_20260522_084559.jpg
2026-05-22 08:45:59 [INFO] 图像形状: (2160, 3840, 3)
2026-05-22 08:45:59 [INFO] 图像数据类型: uint8
2026-05-22 08:45:59 [INFO] 图像最大值: 255
2026-05-22 08:45:59 [INFO] 图像最小值: 0
2026-05-22 08:45:59 [INFO] 开始保存检测结果图像: 图像尺寸=(2160, 3840, 3), 类型=uint8, 路径=C:\code\show\Scrap_Steel_In_Field\photos\dangerous_det\detection_20260522_084559.jpg
2026-05-22 08:45:59 [INFO] 成功保存检测结果到: C:\code\show\Scrap_Steel_In_Field\photos\dangerous_det\detection_20260522_084559.jpg
2026-05-22 08:45:59 [INFO] 保存的检测结果文件大小: 1970095 字节
2026-05-22 08:45:59 [INFO] 引擎上下文已释放
2026-05-22 08:45:59 [INFO] TensorRT 引擎已释放
2026-05-22 08:45:59 [INFO] 全局 CUDA 资源已释放
2026-05-22 08:45:59 [INFO] 检测系统资源已释放
2026-05-22 08:46:05 [INFO] CUDA 初始化成功
2026-05-22 08:46:05 [INFO] 引擎加载成功: dangerous.engine
2026-05-22 08:46:05 [INFO] 检测系统初始化成功
2026-05-22 08:46:05 [INFO] 图像预处理完成，原始尺寸: (2160, 3840)
2026-05-22 08:46:05 [INFO] 开始执行目标检测...
2026-05-22 08:46:05 [INFO] 检测完成，找到 2 个物体
2026-05-22 08:46:05 [INFO] 物体 1: GasCyl1 (置信度: 0.75)
2026-05-22 08:46:05 [INFO] 物体 2: FireExt1 (置信度: 0.62)
2026-05-22 08:46:05 [INFO] 检测到车兜区域，将过滤区域外的目标
2026-05-22 08:46:05 [INFO] 准备保存检测结果到: C:\code\show\Scrap_Steel_In_Field\photos\dangerous_det\detection_20260522_084605.jpg
2026-05-22 08:46:05 [INFO] 图像形状: (2160, 3840, 3)
2026-05-22 08:46:05 [INFO] 图像数据类型: uint8
2026-05-22 08:46:05 [INFO] 图像最大值: 255
2026-05-22 08:46:05 [INFO] 图像最小值: 0
2026-05-22 08:46:05 [INFO] 开始保存检测结果图像: 图像尺寸=(2160, 3840, 3), 类型=uint8, 路径=C:\code\show\Scrap_Steel_In_Field\photos\dangerous_det\detection_20260522_084605.jpg
2026-05-22 08:46:06 [INFO] 成功保存检测结果到: C:\code\show\Scrap_Steel_In_Field\photos\dangerous_det\detection_20260522_084605.jpg
2026-05-22 08:46:06 [INFO] 保存的检测结果文件大小: 2186220 字节
2026-05-22 08:46:06 [INFO] 引擎上下文已释放
2026-05-22 08:46:06 [INFO] TensorRT 引擎已释放
2026-05-22 08:46:06 [INFO] 全局 CUDA 资源已释放
2026-05-22 08:46:06 [INFO] 检测系统资源已释放
2026-05-22 08:46:11 [INFO] CUDA 初始化成功
2026-05-22 08:46:11 [INFO] 引擎加载成功: dangerous.engine
2026-05-22 08:46:11 [INFO] 检测系统初始化成功
2026-05-22 08:46:11 [INFO] 图像预处理完成，原始尺寸: (2160, 3840)
2026-05-22 08:46:11 [INFO] 开始执行目标检测...
2026-05-22 08:46:11 [INFO] 检测完成，找到 2 个物体
2026-05-22 08:46:11 [INFO] 物体 1: GasCyl1 (置信度: 0.84)
2026-05-22 08:46:11 [INFO] 物体 2: FireExt1 (置信度: 0.27)
2026-05-22 08:46:11 [INFO] 检测到车兜区域，将过滤区域外的目标
2026-05-22 08:46:11 [INFO] 准备保存检测结果到: C:\code\show\Scrap_Steel_In_Field\photos\dangerous_det\detection_20260522_084611.jpg
2026-05-22 08:46:11 [INFO] 图像形状: (2160, 3840, 3)
2026-05-22 08:46:11 [INFO] 图像数据类型: uint8
2026-05-22 08:46:11 [INFO] 图像最大值: 255
2026-05-22 08:46:11 [INFO] 图像最小值: 0
2026-05-22 08:46:11 [INFO] 开始保存检测结果图像: 图像尺寸=(2160, 3840, 3), 类型=uint8, 路径=C:\code\show\Scrap_Steel_In_Field\photos\dangerous_det\detection_20260522_084611.jpg
2026-05-22 08:46:11 [INFO] 成功保存检测结果到: C:\code\show\Scrap_Steel_In_Field\photos\dangerous_det\detection_20260522_084611.jpg
2026-05-22 08:46:11 [INFO] 保存的检测结果文件大小: 2269566 字节
2026-05-22 08:46:11 [INFO] 引擎上下文已释放
2026-05-22 08:46:11 [INFO] TensorRT 引擎已释放
2026-05-22 08:46:11 [INFO] 全局 CUDA 资源已释放
2026-05-22 08:46:11 [INFO] 检测系统资源已释放
2026-05-22 08:46:16 [INFO] CUDA 初始化成功
2026-05-22 08:46:16 [INFO] 引擎加载成功: dangerous.engine
2026-05-22 08:46:16 [INFO] 检测系统初始化成功
2026-05-22 08:46:16 [INFO] 图像预处理完成，原始尺寸: (2160, 3840)
2026-05-22 08:46:16 [INFO] 开始执行目标检测...
2026-05-22 08:46:16 [INFO] 检测完成，找到 1 个物体
2026-05-22 08:46:16 [INFO] 物体 1: GasCyl1 (置信度: 0.84)
2026-05-22 08:46:16 [INFO] 检测到车兜区域，将过滤区域外的目标
2026-05-22 08:46:16 [INFO] 准备保存检测结果到: C:\code\show\Scrap_Steel_In_Field\photos\dangerous_det\detection_20260522_084616.jpg
2026-05-22 08:46:16 [INFO] 图像形状: (2160, 3840, 3)
2026-05-22 08:46:16 [INFO] 图像数据类型: uint8
2026-05-22 08:46:16 [INFO] 图像最大值: 255
2026-05-22 08:46:16 [INFO] 图像最小值: 0
2026-05-22 08:46:16 [INFO] 开始保存检测结果图像: 图像尺寸=(2160, 3840, 3), 类型=uint8, 路径=C:\code\show\Scrap_Steel_In_Field\photos\dangerous_det\detection_20260522_084616.jpg
2026-05-22 08:46:16 [INFO] 成功保存检测结果到: C:\code\show\Scrap_Steel_In_Field\photos\dangerous_det\detection_20260522_084616.jpg
2026-05-22 08:46:16 [INFO] 保存的检测结果文件大小: 2309764 字节
2026-05-22 08:46:16 [INFO] 引擎上下文已释放
2026-05-22 08:46:16 [INFO] TensorRT 引擎已释放
2026-05-22 08:46:16 [INFO] 全局 CUDA 资源已释放
2026-05-22 08:46:16 [INFO] 检测系统资源已释放
2026-05-22 08:46:23 [INFO] CUDA 初始化成功
2026-05-22 08:46:23 [INFO] 引擎加载成功: dangerous.engine
2026-05-22 08:46:23 [INFO] 检测系统初始化成功
2026-05-22 08:46:23 [INFO] 图像预处理完成，原始尺寸: (2160, 3840)
2026-05-22 08:46:23 [INFO] 开始执行目标检测...
2026-05-22 08:46:23 [INFO] 检测完成，找到 1 个物体
2026-05-22 08:46:23 [INFO] 物体 1: GasCyl1 (置信度: 0.81)
2026-05-22 08:46:23 [INFO] 检测到车兜区域，将过滤区域外的目标
2026-05-22 08:46:23 [INFO] 准备保存检测结果到: C:\code\show\Scrap_Steel_In_Field\photos\dangerous_det\detection_20260522_084623.jpg
2026-05-22 08:46:23 [INFO] 图像形状: (2160, 3840, 3)
2026-05-22 08:46:23 [INFO] 图像数据类型: uint8
2026-05-22 08:46:23 [INFO] 图像最大值: 255
2026-05-22 08:46:23 [INFO] 图像最小值: 0
2026-05-22 08:46:23 [INFO] 开始保存检测结果图像: 图像尺寸=(2160, 3840, 3), 类型=uint8, 路径=C:\code\show\Scrap_Steel_In_Field\photos\dangerous_det\detection_20260522_084623.jpg
2026-05-22 08:46:23 [INFO] 成功保存检测结果到: C:\code\show\Scrap_Steel_In_Field\photos\dangerous_det\detection_20260522_084623.jpg
2026-05-22 08:46:23 [INFO] 保存的检测结果文件大小: 2331788 字节
2026-05-22 08:46:23 [INFO] 引擎上下文已释放
2026-05-22 08:46:23 [INFO] TensorRT 引擎已释放
2026-05-22 08:46:23 [INFO] 全局 CUDA 资源已释放
2026-05-22 08:46:23 [INFO] 检测系统资源已释放
2026-05-22 08:46:28 [INFO] CUDA 初始化成功
2026-05-22 08:46:28 [INFO] 引擎加载成功: dangerous.engine
2026-05-22 08:46:28 [INFO] 检测系统初始化成功
2026-05-22 08:46:28 [INFO] 图像预处理完成，原始尺寸: (2160, 3840)
2026-05-22 08:46:28 [INFO] 开始执行目标检测...
2026-05-22 08:46:28 [INFO] 检测完成，找到 1 个物体
2026-05-22 08:46:28 [INFO] 物体 1: GasCyl1 (置信度: 0.81)
2026-05-22 08:46:28 [INFO] 检测到车兜区域，将过滤区域外的目标
2026-05-22 08:46:28 [INFO] 准备保存检测结果到: C:\code\show\Scrap_Steel_In_Field\photos\dangerous_det\detection_20260522_084628.jpg
2026-05-22 08:46:28 [INFO] 图像形状: (2160, 3840, 3)
2026-05-22 08:46:28 [INFO] 图像数据类型: uint8
2026-05-22 08:46:28 [INFO] 图像最大值: 255
2026-05-22 08:46:28 [INFO] 图像最小值: 0
2026-05-22 08:46:28 [INFO] 开始保存检测结果图像: 图像尺寸=(2160, 3840, 3), 类型=uint8, 路径=C:\code\show\Scrap_Steel_In_Field\photos\dangerous_det\detection_20260522_084628.jpg
2026-05-22 08:46:29 [INFO] 成功保存检测结果到: C:\code\show\Scrap_Steel_In_Field\photos\dangerous_det\detection_20260522_084628.jpg
2026-05-22 08:46:29 [INFO] 保存的检测结果文件大小: 2262327 字节
2026-05-22 08:46:29 [INFO] 引擎上下文已释放
2026-05-22 08:46:29 [INFO] TensorRT 引擎已释放
2026-05-22 08:46:29 [INFO] 全局 CUDA 资源已释放
2026-05-22 08:46:29 [INFO] 检测系统资源已释放
2026-05-22 08:46:34 [INFO] CUDA 初始化成功
2026-05-22 08:46:34 [INFO] 引擎加载成功: dangerous.engine
2026-05-22 08:46:34 [INFO] 检测系统初始化成功
2026-05-22 08:46:34 [INFO] 图像预处理完成，原始尺寸: (2160, 3840)
2026-05-22 08:46:34 [INFO] 开始执行目标检测...
2026-05-22 08:46:34 [INFO] 检测完成，找到 1 个物体
2026-05-22 08:46:34 [INFO] 物体 1: GasCyl1 (置信度: 0.81)
2026-05-22 08:46:34 [INFO] 检测到车兜区域，将过滤区域外的目标
2026-05-22 08:46:34 [INFO] 准备保存检测结果到: C:\code\show\Scrap_Steel_In_Field\photos\dangerous_det\detection_20260522_084634.jpg
2026-05-22 08:46:34 [INFO] 图像形状: (2160, 3840, 3)
2026-05-22 08:46:34 [INFO] 图像数据类型: uint8
2026-05-22 08:46:34 [INFO] 图像最大值: 255
2026-05-22 08:46:34 [INFO] 图像最小值: 0
2026-05-22 08:46:34 [INFO] 开始保存检测结果图像: 图像尺寸=(2160, 3840, 3), 类型=uint8, 路径=C:\code\show\Scrap_Steel_In_Field\photos\dangerous_det\detection_20260522_084634.jpg
2026-05-22 08:46:34 [INFO] 成功保存检测结果到: C:\code\show\Scrap_Steel_In_Field\photos\dangerous_det\detection_20260522_084634.jpg
2026-05-22 08:46:34 [INFO] 保存的检测结果文件大小: 2314531 字节
2026-05-22 08:46:34 [INFO] 引擎上下文已释放
2026-05-22 08:46:34 [INFO] TensorRT 引擎已释放
2026-05-22 08:46:34 [INFO] 全局 CUDA 资源已释放
2026-05-22 08:46:34 [INFO] 检测系统资源已释放
2026-05-22 08:46:39 [INFO] CUDA 初始化成功
2026-05-22 08:46:39 [INFO] 引擎加载成功: dangerous.engine
2026-05-22 08:46:39 [INFO] 检测系统初始化成功
2026-05-22 08:46:39 [INFO] 图像预处理完成，原始尺寸: (2160, 3840)
2026-05-22 08:46:39 [INFO] 开始执行目标检测...
2026-05-22 08:46:39 [INFO] 检测完成，找到 1 个物体
2026-05-22 08:46:39 [INFO] 物体 1: GasCyl1 (置信度: 0.79)
2026-05-22 08:46:39 [INFO] 检测到车兜区域，将过滤区域外的目标
2026-05-22 08:46:39 [INFO] 准备保存检测结果到: C:\code\show\Scrap_Steel_In_Field\photos\dangerous_det\detection_20260522_084639.jpg
2026-05-22 08:46:39 [INFO] 图像形状: (2160, 3840, 3)
2026-05-22 08:46:39 [INFO] 图像数据类型: uint8
2026-05-22 08:46:39 [INFO] 图像最大值: 255
2026-05-22 08:46:39 [INFO] 图像最小值: 0
2026-05-22 08:46:39 [INFO] 开始保存检测结果图像: 图像尺寸=(2160, 3840, 3), 类型=uint8, 路径=C:\code\show\Scrap_Steel_In_Field\photos\dangerous_det\detection_20260522_084639.jpg
2026-05-22 08:46:40 [INFO] 成功保存检测结果到: C:\code\show\Scrap_Steel_In_Field\photos\dangerous_det\detection_20260522_084639.jpg
2026-05-22 08:46:40 [INFO] 保存的检测结果文件大小: 2299434 字节
2026-05-22 08:46:40 [INFO] 引擎上下文已释放
2026-05-22 08:46:40 [INFO] TensorRT 引擎已释放
2026-05-22 08:46:40 [INFO] 全局 CUDA 资源已释放
2026-05-22 08:46:40 [INFO] 检测系统资源已释放
2026-05-22 08:46:45 [INFO] CUDA 初始化成功
2026-05-22 08:46:45 [INFO] 引擎加载成功: dangerous.engine
2026-05-22 08:46:45 [INFO] 检测系统初始化成功
2026-05-22 08:46:45 [INFO] 图像预处理完成，原始尺寸: (2160, 3840)
2026-05-22 08:46:45 [INFO] 开始执行目标检测...
2026-05-22 08:46:45 [INFO] 检测完成，找到 1 个物体
2026-05-22 08:46:45 [INFO] 物体 1: GasCyl1 (置信度: 0.88)
2026-05-22 08:46:45 [INFO] 检测到车兜区域，将过滤区域外的目标
2026-05-22 08:46:45 [INFO] 准备保存检测结果到: C:\code\show\Scrap_Steel_In_Field\photos\dangerous_det\detection_20260522_084645.jpg
2026-05-22 08:46:45 [INFO] 图像形状: (2160, 3840, 3)
2026-05-22 08:46:45 [INFO] 图像数据类型: uint8
2026-05-22 08:46:45 [INFO] 图像最大值: 255
2026-05-22 08:46:45 [INFO] 图像最小值: 0
2026-05-22 08:46:45 [INFO] 开始保存检测结果图像: 图像尺寸=(2160, 3840, 3), 类型=uint8, 路径=C:\code\show\Scrap_Steel_In_Field\photos\dangerous_det\detection_20260522_084645.jpg
2026-05-22 08:46:45 [INFO] 成功保存检测结果到: C:\code\show\Scrap_Steel_In_Field\photos\dangerous_det\detection_20260522_084645.jpg
2026-05-22 08:46:45 [INFO] 保存的检测结果文件大小: 1898575 字节
2026-05-22 08:46:45 [INFO] 引擎上下文已释放
2026-05-22 08:46:45 [INFO] TensorRT 引擎已释放
2026-05-22 08:46:45 [INFO] 全局 CUDA 资源已释放
2026-05-22 08:46:45 [INFO] 检测系统资源已释放
2026-05-22 08:46:52 [INFO] CUDA 初始化成功
2026-05-22 08:46:52 [INFO] 引擎加载成功: dangerous.engine
2026-05-22 08:46:52 [INFO] 检测系统初始化成功
2026-05-22 08:46:52 [INFO] 图像预处理完成，原始尺寸: (2160, 3840)
2026-05-22 08:46:52 [INFO] 开始执行目标检测...
2026-05-22 08:46:52 [INFO] 检测完成，找到 2 个物体
2026-05-22 08:46:52 [INFO] 物体 1: GasCyl1 (置信度: 0.81)
2026-05-22 08:46:52 [INFO] 物体 2: FireExt1 (置信度: 0.27)
2026-05-22 08:46:52 [INFO] 检测到车兜区域，将过滤区域外的目标
2026-05-22 08:46:52 [INFO] 准备保存检测结果到: C:\code\show\Scrap_Steel_In_Field\photos\dangerous_det\detection_20260522_084652.jpg
2026-05-22 08:46:52 [INFO] 图像形状: (2160, 3840, 3)
2026-05-22 08:46:52 [INFO] 图像数据类型: uint8
2026-05-22 08:46:52 [INFO] 图像最大值: 255
2026-05-22 08:46:52 [INFO] 图像最小值: 0
2026-05-22 08:46:52 [INFO] 开始保存检测结果图像: 图像尺寸=(2160, 3840, 3), 类型=uint8, 路径=C:\code\show\Scrap_Steel_In_Field\photos\dangerous_det\detection_20260522_084652.jpg
2026-05-22 08:46:52 [INFO] 成功保存检测结果到: C:\code\show\Scrap_Steel_In_Field\photos\dangerous_det\detection_20260522_084652.jpg
2026-05-22 08:46:52 [INFO] 保存的检测结果文件大小: 2329240 字节
2026-05-22 08:46:52 [INFO] 引擎上下文已释放
2026-05-22 08:46:52 [INFO] TensorRT 引擎已释放
2026-05-22 08:46:52 [INFO] 全局 CUDA 资源已释放
2026-05-22 08:46:52 [INFO] 检测系统资源已释放
2026-05-22 08:46:57 [INFO] CUDA 初始化成功
2026-05-22 08:46:57 [INFO] 引擎加载成功: dangerous.engine
2026-05-22 08:46:57 [INFO] 检测系统初始化成功
2026-05-22 08:46:57 [INFO] 图像预处理完成，原始尺寸: (2160, 3840)
2026-05-22 08:46:57 [INFO] 开始执行目标检测...
2026-05-22 08:46:57 [INFO] 检测完成，找到 2 个物体
2026-05-22 08:46:57 [INFO] 物体 1: GasCyl1 (置信度: 0.76)
2026-05-22 08:46:57 [INFO] 物体 2: FireExt1 (置信度: 0.35)
2026-05-22 08:46:57 [INFO] 检测到车兜区域，将过滤区域外的目标
2026-05-22 08:46:57 [INFO] 准备保存检测结果到: C:\code\show\Scrap_Steel_In_Field\photos\dangerous_det\detection_20260522_084657.jpg
2026-05-22 08:46:57 [INFO] 图像形状: (2160, 3840, 3)
2026-05-22 08:46:57 [INFO] 图像数据类型: uint8
2026-05-22 08:46:57 [INFO] 图像最大值: 255
2026-05-22 08:46:57 [INFO] 图像最小值: 0
2026-05-22 08:46:57 [INFO] 开始保存检测结果图像: 图像尺寸=(2160, 3840, 3), 类型=uint8, 路径=C:\code\show\Scrap_Steel_In_Field\photos\dangerous_det\detection_20260522_084657.jpg
2026-05-22 08:46:57 [INFO] 成功保存检测结果到: C:\code\show\Scrap_Steel_In_Field\photos\dangerous_det\detection_20260522_084657.jpg
2026-05-22 08:46:57 [INFO] 保存的检测结果文件大小: 2331069 字节
2026-05-22 08:46:57 [INFO] 引擎上下文已释放
2026-05-22 08:46:57 [INFO] TensorRT 引擎已释放
2026-05-22 08:46:57 [INFO] 全局 CUDA 资源已释放
2026-05-22 08:46:57 [INFO] 检测系统资源已释放
2026-05-22 08:47:03 [INFO] CUDA 初始化成功
2026-05-22 08:47:03 [INFO] 引擎加载成功: dangerous.engine
2026-05-22 08:47:03 [INFO] 检测系统初始化成功
2026-05-22 08:47:03 [INFO] 图像预处理完成，原始尺寸: (2160, 3840)
2026-05-22 08:47:03 [INFO] 开始执行目标检测...
2026-05-22 08:47:03 [INFO] 检测完成，找到 2 个物体
2026-05-22 08:47:03 [INFO] 物体 1: GasCyl1 (置信度: 0.85)
2026-05-22 08:47:03 [INFO] 物体 2: FireExt1 (置信度: 0.37)
2026-05-22 08:47:03 [INFO] 检测到车兜区域，将过滤区域外的目标
2026-05-22 08:47:03 [INFO] 准备保存检测结果到: C:\code\show\Scrap_Steel_In_Field\photos\dangerous_det\detection_20260522_084703.jpg
2026-05-22 08:47:03 [INFO] 图像形状: (2160, 3840, 3)
2026-05-22 08:47:03 [INFO] 图像数据类型: uint8
2026-05-22 08:47:03 [INFO] 图像最大值: 255
2026-05-22 08:47:03 [INFO] 图像最小值: 0
2026-05-22 08:47:03 [INFO] 开始保存检测结果图像: 图像尺寸=(2160, 3840, 3), 类型=uint8, 路径=C:\code\show\Scrap_Steel_In_Field\photos\dangerous_det\detection_20260522_084703.jpg
2026-05-22 08:47:03 [INFO] 成功保存检测结果到: C:\code\show\Scrap_Steel_In_Field\photos\dangerous_det\detection_20260522_084703.jpg
2026-05-22 08:47:03 [INFO] 保存的检测结果文件大小: 2340681 字节
2026-05-22 08:47:03 [INFO] 引擎上下文已释放
2026-05-22 08:47:03 [INFO] TensorRT 引擎已释放
2026-05-22 08:47:03 [INFO] 全局 CUDA 资源已释放
2026-05-22 08:47:03 [INFO] 检测系统资源已释放
2026-05-22 08:47:08 [INFO] CUDA 初始化成功
2026-05-22 08:47:09 [INFO] 引擎加载成功: dangerous.engine
2026-05-22 08:47:09 [INFO] 检测系统初始化成功
2026-05-22 08:47:09 [INFO] 图像预处理完成，原始尺寸: (2160, 3840)
2026-05-22 08:47:09 [INFO] 开始执行目标检测...
2026-05-22 08:47:09 [INFO] 检测完成，找到 1 个物体
2026-05-22 08:47:09 [INFO] 物体 1: GasCyl1 (置信度: 0.73)
2026-05-22 08:47:09 [INFO] 检测到车兜区域，将过滤区域外的目标
2026-05-22 08:47:09 [INFO] 准备保存检测结果到: C:\code\show\Scrap_Steel_In_Field\photos\dangerous_det\detection_20260522_084709.jpg
2026-05-22 08:47:09 [INFO] 图像形状: (2160, 3840, 3)
2026-05-22 08:47:09 [INFO] 图像数据类型: uint8
2026-05-22 08:47:09 [INFO] 图像最大值: 255
2026-05-22 08:47:09 [INFO] 图像最小值: 0
2026-05-22 08:47:09 [INFO] 开始保存检测结果图像: 图像尺寸=(2160, 3840, 3), 类型=uint8, 路径=C:\code\show\Scrap_Steel_In_Field\photos\dangerous_det\detection_20260522_084709.jpg
2026-05-22 08:47:09 [INFO] 成功保存检测结果到: C:\code\show\Scrap_Steel_In_Field\photos\dangerous_det\detection_20260522_084709.jpg
2026-05-22 08:47:09 [INFO] 保存的检测结果文件大小: 1298083 字节
2026-05-22 08:47:09 [INFO] 引擎上下文已释放
2026-05-22 08:47:09 [INFO] TensorRT 引擎已释放
2026-05-22 08:47:09 [INFO] 全局 CUDA 资源已释放
2026-05-22 08:47:09 [INFO] 检测系统资源已释放
2026-05-22 08:47:14 [INFO] CUDA 初始化成功
2026-05-22 08:47:14 [INFO] 引擎加载成功: dangerous.engine
2026-05-22 08:47:14 [INFO] 检测系统初始化成功
2026-05-22 08:47:14 [INFO] 图像预处理完成，原始尺寸: (2160, 3840)
2026-05-22 08:47:14 [INFO] 开始执行目标检测...
2026-05-22 08:47:14 [INFO] 检测完成，找到 1 个物体
2026-05-22 08:47:14 [INFO] 物体 1: GasCyl1 (置信度: 0.86)
2026-05-22 08:47:14 [INFO] 检测到车兜区域，将过滤区域外的目标
2026-05-22 08:47:14 [INFO] 准备保存检测结果到: C:\code\show\Scrap_Steel_In_Field\photos\dangerous_det\detection_20260522_084714.jpg
2026-05-22 08:47:14 [INFO] 图像形状: (2160, 3840, 3)
2026-05-22 08:47:14 [INFO] 图像数据类型: uint8
2026-05-22 08:47:14 [INFO] 图像最大值: 255
2026-05-22 08:47:14 [INFO] 图像最小值: 0
2026-05-22 08:47:14 [INFO] 开始保存检测结果图像: 图像尺寸=(2160, 3840, 3), 类型=uint8, 路径=C:\code\show\Scrap_Steel_In_Field\photos\dangerous_det\detection_20260522_084714.jpg
2026-05-22 08:47:14 [INFO] 成功保存检测结果到: C:\code\show\Scrap_Steel_In_Field\photos\dangerous_det\detection_20260522_084714.jpg
2026-05-22 08:47:14 [INFO] 保存的检测结果文件大小: 1248785 字节
2026-05-22 08:47:14 [INFO] 引擎上下文已释放
2026-05-22 08:47:14 [INFO] TensorRT 引擎已释放
2026-05-22 08:47:14 [INFO] 全局 CUDA 资源已释放
2026-05-22 08:47:14 [INFO] 检测系统资源已释放
2026-05-22 08:47:19 [INFO] CUDA 初始化成功
2026-05-22 08:47:19 [INFO] 引擎加载成功: dangerous.engine
2026-05-22 08:47:19 [INFO] 检测系统初始化成功
2026-05-22 08:47:19 [INFO] 图像预处理完成，原始尺寸: (2160, 3840)
2026-05-22 08:47:19 [INFO] 开始执行目标检测...
2026-05-22 08:47:19 [INFO] 检测完成，找到 1 个物体
2026-05-22 08:47:19 [INFO] 物体 1: GasCyl1 (置信度: 0.88)
2026-05-22 08:47:20 [INFO] 检测到车兜区域，将过滤区域外的目标
2026-05-22 08:47:20 [INFO] 准备保存检测结果到: C:\code\show\Scrap_Steel_In_Field\photos\dangerous_det\detection_20260522_084720.jpg
2026-05-22 08:47:20 [INFO] 图像形状: (2160, 3840, 3)
2026-05-22 08:47:20 [INFO] 图像数据类型: uint8
2026-05-22 08:47:20 [INFO] 图像最大值: 255
2026-05-22 08:47:20 [INFO] 图像最小值: 0
2026-05-22 08:47:20 [INFO] 开始保存检测结果图像: 图像尺寸=(2160, 3840, 3), 类型=uint8, 路径=C:\code\show\Scrap_Steel_In_Field\photos\dangerous_det\detection_20260522_084720.jpg
2026-05-22 08:47:20 [INFO] 成功保存检测结果到: C:\code\show\Scrap_Steel_In_Field\photos\dangerous_det\detection_20260522_084720.jpg
2026-05-22 08:47:20 [INFO] 保存的检测结果文件大小: 1702073 字节
2026-05-22 08:47:20 [INFO] 引擎上下文已释放
2026-05-22 08:47:20 [INFO] TensorRT 引擎已释放
2026-05-22 08:47:20 [INFO] 全局 CUDA 资源已释放
2026-05-22 08:47:20 [INFO] 检测系统资源已释放
2026-05-22 08:47:25 [INFO] CUDA 初始化成功
2026-05-22 08:47:25 [INFO] 引擎加载成功: dangerous.engine
2026-05-22 08:47:25 [INFO] 检测系统初始化成功
2026-05-22 08:47:25 [INFO] 图像预处理完成，原始尺寸: (2160, 3840)
2026-05-22 08:47:25 [INFO] 开始执行目标检测...
2026-05-22 08:47:25 [INFO] 检测完成，找到 1 个物体
2026-05-22 08:47:25 [INFO] 物体 1: GasCyl1 (置信度: 0.85)
2026-05-22 08:47:25 [INFO] 检测到车兜区域，将过滤区域外的目标
2026-05-22 08:47:25 [INFO] 准备保存检测结果到: C:\code\show\Scrap_Steel_In_Field\photos\dangerous_det\detection_20260522_084725.jpg
2026-05-22 08:47:25 [INFO] 图像形状: (2160, 3840, 3)
2026-05-22 08:47:25 [INFO] 图像数据类型: uint8
2026-05-22 08:47:25 [INFO] 图像最大值: 255
2026-05-22 08:47:25 [INFO] 图像最小值: 0
2026-05-22 08:47:25 [INFO] 开始保存检测结果图像: 图像尺寸=(2160, 3840, 3), 类型=uint8, 路径=C:\code\show\Scrap_Steel_In_Field\photos\dangerous_det\detection_20260522_084725.jpg
2026-05-22 08:47:25 [INFO] 成功保存检测结果到: C:\code\show\Scrap_Steel_In_Field\photos\dangerous_det\detection_20260522_084725.jpg
2026-05-22 08:47:25 [INFO] 保存的检测结果文件大小: 1774152 字节
2026-05-22 08:47:25 [INFO] 引擎上下文已释放
2026-05-22 08:47:25 [INFO] TensorRT 引擎已释放
2026-05-22 08:47:25 [INFO] 全局 CUDA 资源已释放
2026-05-22 08:47:25 [INFO] 检测系统资源已释放
2026-05-22 08:47:30 [INFO] CUDA 初始化成功
2026-05-22 08:47:30 [INFO] 引擎加载成功: dangerous.engine
2026-05-22 08:47:30 [INFO] 检测系统初始化成功
2026-05-22 08:47:30 [INFO] 图像预处理完成，原始尺寸: (2160, 3840)
2026-05-22 08:47:30 [INFO] 开始执行目标检测...
2026-05-22 08:47:30 [INFO] 检测完成，找到 2 个物体
2026-05-22 08:47:30 [INFO] 物体 1: GasCyl1 (置信度: 0.81)
2026-05-22 08:47:30 [INFO] 物体 2: FireExt1 (置信度: 0.34)
2026-05-22 08:47:30 [INFO] 检测到车兜区域，将过滤区域外的目标
2026-05-22 08:47:30 [INFO] 准备保存检测结果到: C:\code\show\Scrap_Steel_In_Field\photos\dangerous_det\detection_20260522_084730.jpg
2026-05-22 08:47:30 [INFO] 图像形状: (2160, 3840, 3)
2026-05-22 08:47:30 [INFO] 图像数据类型: uint8
2026-05-22 08:47:30 [INFO] 图像最大值: 255
2026-05-22 08:47:30 [INFO] 图像最小值: 0
2026-05-22 08:47:30 [INFO] 开始保存检测结果图像: 图像尺寸=(2160, 3840, 3), 类型=uint8, 路径=C:\code\show\Scrap_Steel_In_Field\photos\dangerous_det\detection_20260522_084730.jpg
2026-05-22 08:47:30 [INFO] 成功保存检测结果到: C:\code\show\Scrap_Steel_In_Field\photos\dangerous_det\detection_20260522_084730.jpg
2026-05-22 08:47:30 [INFO] 保存的检测结果文件大小: 1545218 字节
2026-05-22 08:47:30 [INFO] 引擎上下文已释放
2026-05-22 08:47:30 [INFO] TensorRT 引擎已释放
2026-05-22 08:47:30 [INFO] 全局 CUDA 资源已释放
2026-05-22 08:47:30 [INFO] 检测系统资源已释放
2026-05-22 08:47:36 [INFO] CUDA 初始化成功
2026-05-22 08:47:37 [INFO] 引擎加载成功: dangerous.engine
2026-05-22 08:47:37 [INFO] 检测系统初始化成功
2026-05-22 08:47:37 [INFO] 图像预处理完成，原始尺寸: (2160, 3840)
2026-05-22 08:47:37 [INFO] 开始执行目标检测...
2026-05-22 08:47:37 [INFO] 检测完成，找到 2 个物体
2026-05-22 08:47:37 [INFO] 物体 1: GasCyl1 (置信度: 0.81)
2026-05-22 08:47:37 [INFO] 物体 2: FireExt1 (置信度: 0.61)
2026-05-22 08:47:37 [INFO] 检测到车兜区域，将过滤区域外的目标
2026-05-22 08:47:37 [INFO] 准备保存检测结果到: C:\code\show\Scrap_Steel_In_Field\photos\dangerous_det\detection_20260522_084737.jpg
2026-05-22 08:47:37 [INFO] 图像形状: (2160, 3840, 3)
2026-05-22 08:47:37 [INFO] 图像数据类型: uint8
2026-05-22 08:47:37 [INFO] 图像最大值: 255
2026-05-22 08:47:37 [INFO] 图像最小值: 0
2026-05-22 08:47:37 [INFO] 开始保存检测结果图像: 图像尺寸=(2160, 3840, 3), 类型=uint8, 路径=C:\code\show\Scrap_Steel_In_Field\photos\dangerous_det\detection_20260522_084737.jpg
2026-05-22 08:47:37 [INFO] 成功保存检测结果到: C:\code\show\Scrap_Steel_In_Field\photos\dangerous_det\detection_20260522_084737.jpg
2026-05-22 08:47:37 [INFO] 保存的检测结果文件大小: 1423497 字节
2026-05-22 08:47:37 [INFO] 引擎上下文已释放
2026-05-22 08:47:37 [INFO] TensorRT 引擎已释放
2026-05-22 08:47:37 [INFO] 全局 CUDA 资源已释放
2026-05-22 08:47:37 [INFO] 检测系统资源已释放
2026-05-22 08:47:42 [INFO] CUDA 初始化成功
2026-05-22 08:47:42 [INFO] 引擎加载成功: dangerous.engine
2026-05-22 08:47:42 [INFO] 检测系统初始化成功
2026-05-22 08:47:42 [INFO] 图像预处理完成，原始尺寸: (2160, 3840)
2026-05-22 08:47:42 [INFO] 开始执行目标检测...
2026-05-22 08:47:42 [INFO] 检测完成，找到 3 个物体
2026-05-22 08:47:42 [INFO] 物体 1: GasCyl1 (置信度: 0.83)
2026-05-22 08:47:42 [INFO] 物体 2: FireExt1 (置信度: 0.45)
2026-05-22 08:47:42 [INFO] 物体 3: GasCyl1 (置信度: 0.31)
2026-05-22 08:47:42 [INFO] 检测到车兜区域，将过滤区域外的目标
2026-05-22 08:47:42 [INFO] 准备保存检测结果到: C:\code\show\Scrap_Steel_In_Field\photos\dangerous_det\detection_20260522_084742.jpg
2026-05-22 08:47:42 [INFO] 图像形状: (2160, 3840, 3)
2026-05-22 08:47:42 [INFO] 图像数据类型: uint8
2026-05-22 08:47:42 [INFO] 图像最大值: 255
2026-05-22 08:47:42 [INFO] 图像最小值: 0
2026-05-22 08:47:42 [INFO] 开始保存检测结果图像: 图像尺寸=(2160, 3840, 3), 类型=uint8, 路径=C:\code\show\Scrap_Steel_In_Field\photos\dangerous_det\detection_20260522_084742.jpg
2026-05-22 08:47:42 [INFO] 成功保存检测结果到: C:\code\show\Scrap_Steel_In_Field\photos\dangerous_det\detection_20260522_084742.jpg
2026-05-22 08:47:42 [INFO] 保存的检测结果文件大小: 1678497 字节
2026-05-22 08:47:42 [INFO] 引擎上下文已释放
2026-05-22 08:47:42 [INFO] TensorRT 引擎已释放
2026-05-22 08:47:42 [INFO] 全局 CUDA 资源已释放
2026-05-22 08:47:42 [INFO] 检测系统资源已释放
2026-05-22 08:47:47 [INFO] CUDA 初始化成功
2026-05-22 08:47:47 [INFO] 引擎加载成功: dangerous.engine
2026-05-22 08:47:47 [INFO] 检测系统初始化成功
2026-05-22 08:47:47 [INFO] 图像预处理完成，原始尺寸: (2160, 3840)
2026-05-22 08:47:47 [INFO] 开始执行目标检测...
2026-05-22 08:47:48 [INFO] 检测完成，找到 4 个物体
2026-05-22 08:47:48 [INFO] 物体 1: GasCyl1 (置信度: 0.85)
2026-05-22 08:47:48 [INFO] 物体 2: GasCyl1 (置信度: 0.56)
2026-05-22 08:47:48 [INFO] 物体 3: GasCyl1 (置信度: 0.56)
2026-05-22 08:47:48 [INFO] 物体 4: GasCyl1 (置信度: 0.36)
2026-05-22 08:47:48 [INFO] 检测到车兜区域，将过滤区域外的目标
2026-05-22 08:47:48 [INFO] 准备保存检测结果到: C:\code\show\Scrap_Steel_In_Field\photos\dangerous_det\detection_20260522_084748.jpg
2026-05-22 08:47:48 [INFO] 图像形状: (2160, 3840, 3)
2026-05-22 08:47:48 [INFO] 图像数据类型: uint8
2026-05-22 08:47:48 [INFO] 图像最大值: 255
2026-05-22 08:47:48 [INFO] 图像最小值: 0
2026-05-22 08:47:48 [INFO] 开始保存检测结果图像: 图像尺寸=(2160, 3840, 3), 类型=uint8, 路径=C:\code\show\Scrap_Steel_In_Field\photos\dangerous_det\detection_20260522_084748.jpg
2026-05-22 08:47:48 [INFO] 成功保存检测结果到: C:\code\show\Scrap_Steel_In_Field\photos\dangerous_det\detection_20260522_084748.jpg
2026-05-22 08:47:48 [INFO] 保存的检测结果文件大小: 1863216 字节
2026-05-22 08:47:48 [INFO] 引擎上下文已释放
2026-05-22 08:47:48 [INFO] TensorRT 引擎已释放
2026-05-22 08:47:48 [INFO] 全局 CUDA 资源已释放
2026-05-22 08:47:48 [INFO] 检测系统资源已释放
2026-05-22 08:47:54 [INFO] CUDA 初始化成功
2026-05-22 08:47:54 [INFO] 引擎加载成功: dangerous.engine
2026-05-22 08:47:54 [INFO] 检测系统初始化成功
2026-05-22 08:47:54 [INFO] 图像预处理完成，原始尺寸: (2160, 3840)
2026-05-22 08:47:54 [INFO] 开始执行目标检测...
2026-05-22 08:47:54 [INFO] 检测完成，找到 3 个物体
2026-05-22 08:47:54 [INFO] 物体 1: GasCyl1 (置信度: 0.84)
2026-05-22 08:47:54 [INFO] 物体 2: GasCyl1 (置信度: 0.62)
2026-05-22 08:47:54 [INFO] 物体 3: GasCyl1 (置信度: 0.56)
2026-05-22 08:47:54 [INFO] 检测到车兜区域，将过滤区域外的目标
2026-05-22 08:47:54 [INFO] 准备保存检测结果到: C:\code\show\Scrap_Steel_In_Field\photos\dangerous_det\detection_20260522_084754.jpg
2026-05-22 08:47:54 [INFO] 图像形状: (2160, 3840, 3)
2026-05-22 08:47:54 [INFO] 图像数据类型: uint8
2026-05-22 08:47:54 [INFO] 图像最大值: 255
2026-05-22 08:47:54 [INFO] 图像最小值: 0
2026-05-22 08:47:54 [INFO] 开始保存检测结果图像: 图像尺寸=(2160, 3840, 3), 类型=uint8, 路径=C:\code\show\Scrap_Steel_In_Field\photos\dangerous_det\detection_20260522_084754.jpg
2026-05-22 08:47:55 [INFO] 成功保存检测结果到: C:\code\show\Scrap_Steel_In_Field\photos\dangerous_det\detection_20260522_084754.jpg
2026-05-22 08:47:55 [INFO] 保存的检测结果文件大小: 2227811 字节
2026-05-22 08:47:55 [INFO] 引擎上下文已释放
2026-05-22 08:47:55 [INFO] TensorRT 引擎已释放
2026-05-22 08:47:55 [INFO] 全局 CUDA 资源已释放
2026-05-22 08:47:55 [INFO] 检测系统资源已释放
