2026-05-21 09:49:28 [INFO] CUDA 初始化成功
2026-05-21 09:49:28 [INFO] 引擎加载成功: dangerous.engine
2026-05-21 09:49:28 [INFO] 检测系统初始化成功
2026-05-21 09:49:31 [INFO] 引擎加载成功: dangerous.engine
2026-05-21 09:49:31 [INFO] 检测系统初始化成功
2026-05-21 09:49:31 [INFO] 图像预处理完成，原始尺寸: (2160, 3840)
2026-05-21 09:49:31 [INFO] 开始执行目标检测...
2026-05-21 09:49:31 [INFO] 检测完成，找到 0 个物体
2026-05-21 09:49:31 [INFO] 检测到车兜区域，将过滤区域外的目标
2026-05-21 09:49:31 [INFO] 引擎上下文已释放
2026-05-21 09:49:32 [INFO] TensorRT 引擎已释放
2026-05-21 09:49:32 [INFO] 全局 CUDA 资源已释放
2026-05-21 09:49:32 [INFO] 检测系统资源已释放
2026-05-21 09:49:36 [INFO] CUDA 初始化成功
2026-05-21 09:49:36 [INFO] 引擎加载成功: dangerous.engine
2026-05-21 09:49:36 [INFO] 检测系统初始化成功
2026-05-21 09:49:36 [INFO] 图像预处理完成，原始尺寸: (2160, 3840)
2026-05-21 09:49:36 [INFO] 开始执行目标检测...
2026-05-21 09:49:36 [INFO] 检测完成，找到 3 个物体
2026-05-21 09:49:36 [INFO] 物体 1: GasCyl1 (置信度: 0.88)
2026-05-21 09:49:36 [INFO] 物体 2: GasCyl1 (置信度: 0.66)
2026-05-21 09:49:36 [INFO] 物体 3: GasCyl1 (置信度: 0.50)
2026-05-21 09:49:37 [INFO] 检测到车兜区域，将过滤区域外的目标
2026-05-21 09:49:37 [INFO] 车兜区域过滤: 3 -> 2 个目标
2026-05-21 09:49:37 [INFO] 准备保存检测结果到: C:\code\show\Scrap_Steel_In_Field\photos\dangerous_det\detection_20260521_094937.jpg
2026-05-21 09:49:37 [INFO] 图像形状: (2160, 3840, 3)
2026-05-21 09:49:37 [INFO] 图像数据类型: uint8
2026-05-21 09:49:37 [INFO] 图像最大值: 255
2026-05-21 09:49:37 [INFO] 图像最小值: 0
2026-05-21 09:49:37 [INFO] 开始保存检测结果图像: 图像尺寸=(2160, 3840, 3), 类型=uint8, 路径=C:\code\show\Scrap_Steel_In_Field\photos\dangerous_det\detection_20260521_094937.jpg
2026-05-21 09:49:37 [INFO] 成功保存检测结果到: C:\code\show\Scrap_Steel_In_Field\photos\dangerous_det\detection_20260521_094937.jpg
2026-05-21 09:49:37 [INFO] 保存的检测结果文件大小: 2493915 字节
2026-05-21 09:49:37 [INFO] 引擎上下文已释放
2026-05-21 09:49:37 [INFO] TensorRT 引擎已释放
2026-05-21 09:49:37 [INFO] 全局 CUDA 资源已释放
2026-05-21 09:49:37 [INFO] 检测系统资源已释放
2026-05-21 09:49:44 [INFO] CUDA 初始化成功
2026-05-21 09:49:44 [INFO] 引擎加载成功: dangerous.engine
2026-05-21 09:49:44 [INFO] 检测系统初始化成功
2026-05-21 09:49:44 [INFO] 图像预处理完成，原始尺寸: (2160, 3840)
2026-05-21 09:49:44 [INFO] 开始执行目标检测...
2026-05-21 09:49:44 [INFO] 检测完成，找到 3 个物体
2026-05-21 09:49:44 [INFO] 物体 1: GasCyl1 (置信度: 0.88)
2026-05-21 09:49:44 [INFO] 物体 2: GasCyl1 (置信度: 0.76)
2026-05-21 09:49:44 [INFO] 物体 3: GasCyl1 (置信度: 0.70)
2026-05-21 09:49:45 [INFO] 检测到车兜区域，将过滤区域外的目标
2026-05-21 09:49:45 [INFO] 车兜区域过滤: 3 -> 2 个目标
2026-05-21 09:49:45 [INFO] 准备保存检测结果到: C:\code\show\Scrap_Steel_In_Field\photos\dangerous_det\detection_20260521_094945.jpg
2026-05-21 09:49:45 [INFO] 图像形状: (2160, 3840, 3)
2026-05-21 09:49:45 [INFO] 图像数据类型: uint8
2026-05-21 09:49:45 [INFO] 图像最大值: 255
2026-05-21 09:49:45 [INFO] 图像最小值: 0
2026-05-21 09:49:45 [INFO] 开始保存检测结果图像: 图像尺寸=(2160, 3840, 3), 类型=uint8, 路径=C:\code\show\Scrap_Steel_In_Field\photos\dangerous_det\detection_20260521_094945.jpg
2026-05-21 09:49:45 [INFO] 成功保存检测结果到: C:\code\show\Scrap_Steel_In_Field\photos\dangerous_det\detection_20260521_094945.jpg
2026-05-21 09:49:45 [INFO] 保存的检测结果文件大小: 2485191 字节
2026-05-21 09:49:45 [INFO] 引擎上下文已释放
2026-05-21 09:49:45 [INFO] TensorRT 引擎已释放
2026-05-21 09:49:45 [INFO] 全局 CUDA 资源已释放
2026-05-21 09:49:45 [INFO] 检测系统资源已释放
2026-05-21 09:49:49 [INFO] CUDA 初始化成功
2026-05-21 09:49:49 [INFO] 引擎加载成功: dangerous.engine
2026-05-21 09:49:49 [INFO] 检测系统初始化成功
2026-05-21 09:49:49 [INFO] 图像预处理完成，原始尺寸: (2160, 3840)
2026-05-21 09:49:49 [INFO] 开始执行目标检测...
2026-05-21 09:49:50 [INFO] 检测完成，找到 4 个物体
2026-05-21 09:49:50 [INFO] 物体 1: GasCyl1 (置信度: 0.88)
2026-05-21 09:49:50 [INFO] 物体 2: GasCyl1 (置信度: 0.72)
2026-05-21 09:49:50 [INFO] 物体 3: GasCyl1 (置信度: 0.60)
2026-05-21 09:49:50 [INFO] 物体 4: FireExt1 (置信度: 0.27)
2026-05-21 09:49:50 [INFO] 检测到车兜区域，将过滤区域外的目标
2026-05-21 09:49:50 [INFO] 车兜区域过滤: 4 -> 2 个目标
2026-05-21 09:49:50 [INFO] 准备保存检测结果到: C:\code\show\Scrap_Steel_In_Field\photos\dangerous_det\detection_20260521_094950.jpg
2026-05-21 09:49:50 [INFO] 图像形状: (2160, 3840, 3)
2026-05-21 09:49:50 [INFO] 图像数据类型: uint8
2026-05-21 09:49:50 [INFO] 图像最大值: 255
2026-05-21 09:49:50 [INFO] 图像最小值: 0
2026-05-21 09:49:50 [INFO] 开始保存检测结果图像: 图像尺寸=(2160, 3840, 3), 类型=uint8, 路径=C:\code\show\Scrap_Steel_In_Field\photos\dangerous_det\detection_20260521_094950.jpg
2026-05-21 09:49:50 [INFO] 成功保存检测结果到: C:\code\show\Scrap_Steel_In_Field\photos\dangerous_det\detection_20260521_094950.jpg
2026-05-21 09:49:50 [INFO] 保存的检测结果文件大小: 2488590 字节
2026-05-21 09:49:50 [INFO] 引擎上下文已释放
2026-05-21 09:49:50 [INFO] TensorRT 引擎已释放
2026-05-21 09:49:50 [INFO] 全局 CUDA 资源已释放
2026-05-21 09:49:50 [INFO] 检测系统资源已释放
2026-05-21 09:49:55 [INFO] CUDA 初始化成功
2026-05-21 09:49:55 [INFO] 引擎加载成功: dangerous.engine
2026-05-21 09:49:55 [INFO] 检测系统初始化成功
2026-05-21 09:49:55 [INFO] 图像预处理完成，原始尺寸: (2160, 3840)
2026-05-21 09:49:55 [INFO] 开始执行目标检测...
2026-05-21 09:49:55 [INFO] 检测完成，找到 4 个物体
2026-05-21 09:49:55 [INFO] 物体 1: GasCyl1 (置信度: 0.88)
2026-05-21 09:49:55 [INFO] 物体 2: GasCyl1 (置信度: 0.78)
2026-05-21 09:49:55 [INFO] 物体 3: GasCyl1 (置信度: 0.67)
2026-05-21 09:49:55 [INFO] 物体 4: FireExt1 (置信度: 0.29)
2026-05-21 09:49:55 [INFO] 检测到车兜区域，将过滤区域外的目标
2026-05-21 09:49:55 [INFO] 车兜区域过滤: 4 -> 2 个目标
2026-05-21 09:49:55 [INFO] 准备保存检测结果到: C:\code\show\Scrap_Steel_In_Field\photos\dangerous_det\detection_20260521_094955.jpg
2026-05-21 09:49:55 [INFO] 图像形状: (2160, 3840, 3)
2026-05-21 09:49:55 [INFO] 图像数据类型: uint8
2026-05-21 09:49:55 [INFO] 图像最大值: 255
2026-05-21 09:49:55 [INFO] 图像最小值: 0
2026-05-21 09:49:55 [INFO] 开始保存检测结果图像: 图像尺寸=(2160, 3840, 3), 类型=uint8, 路径=C:\code\show\Scrap_Steel_In_Field\photos\dangerous_det\detection_20260521_094955.jpg
2026-05-21 09:49:55 [INFO] 成功保存检测结果到: C:\code\show\Scrap_Steel_In_Field\photos\dangerous_det\detection_20260521_094955.jpg
2026-05-21 09:49:55 [INFO] 保存的检测结果文件大小: 2488436 字节
2026-05-21 09:49:55 [INFO] 引擎上下文已释放
2026-05-21 09:49:55 [INFO] TensorRT 引擎已释放
2026-05-21 09:49:55 [INFO] 全局 CUDA 资源已释放
2026-05-21 09:49:55 [INFO] 检测系统资源已释放
2026-05-21 09:50:00 [INFO] CUDA 初始化成功
2026-05-21 09:50:00 [INFO] 引擎加载成功: dangerous.engine
2026-05-21 09:50:00 [INFO] 检测系统初始化成功
2026-05-21 09:50:00 [INFO] 图像预处理完成，原始尺寸: (2160, 3840)
2026-05-21 09:50:00 [INFO] 开始执行目标检测...
2026-05-21 09:50:00 [INFO] 检测完成，找到 4 个物体
2026-05-21 09:50:00 [INFO] 物体 1: GasCyl1 (置信度: 0.89)
2026-05-21 09:50:00 [INFO] 物体 2: GasCyl1 (置信度: 0.67)
2026-05-21 09:50:00 [INFO] 物体 3: GasCyl1 (置信度: 0.62)
2026-05-21 09:50:00 [INFO] 物体 4: FireExt1 (置信度: 0.29)
2026-05-21 09:50:00 [INFO] 检测到车兜区域，将过滤区域外的目标
2026-05-21 09:50:00 [INFO] 车兜区域过滤: 4 -> 2 个目标
2026-05-21 09:50:00 [INFO] 准备保存检测结果到: C:\code\show\Scrap_Steel_In_Field\photos\dangerous_det\detection_20260521_095000.jpg
2026-05-21 09:50:00 [INFO] 图像形状: (2160, 3840, 3)
2026-05-21 09:50:00 [INFO] 图像数据类型: uint8
2026-05-21 09:50:00 [INFO] 图像最大值: 255
2026-05-21 09:50:00 [INFO] 图像最小值: 0
2026-05-21 09:50:00 [INFO] 开始保存检测结果图像: 图像尺寸=(2160, 3840, 3), 类型=uint8, 路径=C:\code\show\Scrap_Steel_In_Field\photos\dangerous_det\detection_20260521_095000.jpg
2026-05-21 09:50:00 [INFO] 成功保存检测结果到: C:\code\show\Scrap_Steel_In_Field\photos\dangerous_det\detection_20260521_095000.jpg
2026-05-21 09:50:00 [INFO] 保存的检测结果文件大小: 2489435 字节
2026-05-21 09:50:00 [INFO] 引擎上下文已释放
2026-05-21 09:50:00 [INFO] TensorRT 引擎已释放
2026-05-21 09:50:00 [INFO] 全局 CUDA 资源已释放
2026-05-21 09:50:00 [INFO] 检测系统资源已释放
2026-05-21 09:50:05 [INFO] CUDA 初始化成功
2026-05-21 09:50:05 [INFO] 引擎加载成功: dangerous.engine
2026-05-21 09:50:05 [INFO] 检测系统初始化成功
2026-05-21 09:50:05 [INFO] 图像预处理完成，原始尺寸: (2160, 3840)
2026-05-21 09:50:05 [INFO] 开始执行目标检测...
2026-05-21 09:50:05 [INFO] 检测完成，找到 3 个物体
2026-05-21 09:50:05 [INFO] 物体 1: GasCyl1 (置信度: 0.88)
2026-05-21 09:50:05 [INFO] 物体 2: GasCyl1 (置信度: 0.61)
2026-05-21 09:50:05 [INFO] 物体 3: FireExt1 (置信度: 0.51)
2026-05-21 09:50:05 [INFO] 检测到车兜区域，将过滤区域外的目标
2026-05-21 09:50:05 [INFO] 车兜区域过滤: 3 -> 2 个目标
2026-05-21 09:50:05 [INFO] 准备保存检测结果到: C:\code\show\Scrap_Steel_In_Field\photos\dangerous_det\detection_20260521_095005.jpg
2026-05-21 09:50:05 [INFO] 图像形状: (2160, 3840, 3)
2026-05-21 09:50:05 [INFO] 图像数据类型: uint8
2026-05-21 09:50:05 [INFO] 图像最大值: 255
2026-05-21 09:50:05 [INFO] 图像最小值: 0
2026-05-21 09:50:05 [INFO] 开始保存检测结果图像: 图像尺寸=(2160, 3840, 3), 类型=uint8, 路径=C:\code\show\Scrap_Steel_In_Field\photos\dangerous_det\detection_20260521_095005.jpg
2026-05-21 09:50:05 [INFO] 成功保存检测结果到: C:\code\show\Scrap_Steel_In_Field\photos\dangerous_det\detection_20260521_095005.jpg
2026-05-21 09:50:05 [INFO] 保存的检测结果文件大小: 2489121 字节
2026-05-21 09:50:05 [INFO] 引擎上下文已释放
2026-05-21 09:50:05 [INFO] TensorRT 引擎已释放
2026-05-21 09:50:05 [INFO] 全局 CUDA 资源已释放
2026-05-21 09:50:05 [INFO] 检测系统资源已释放
2026-05-21 09:50:11 [INFO] CUDA 初始化成功
2026-05-21 09:50:11 [INFO] 引擎加载成功: dangerous.engine
2026-05-21 09:50:11 [INFO] 检测系统初始化成功
2026-05-21 09:50:11 [INFO] 图像预处理完成，原始尺寸: (2160, 3840)
2026-05-21 09:50:11 [INFO] 开始执行目标检测...
2026-05-21 09:50:11 [INFO] 检测完成，找到 4 个物体
2026-05-21 09:50:11 [INFO] 物体 1: GasCyl1 (置信度: 0.88)
2026-05-21 09:50:11 [INFO] 物体 2: GasCyl1 (置信度: 0.69)
2026-05-21 09:50:11 [INFO] 物体 3: FireExt1 (置信度: 0.49)
2026-05-21 09:50:11 [INFO] 物体 4: FireExt1 (置信度: 0.28)
2026-05-21 09:50:11 [INFO] 检测到车兜区域，将过滤区域外的目标
2026-05-21 09:50:11 [INFO] 车兜区域过滤: 4 -> 2 个目标
2026-05-21 09:50:11 [INFO] 准备保存检测结果到: C:\code\show\Scrap_Steel_In_Field\photos\dangerous_det\detection_20260521_095011.jpg
2026-05-21 09:50:11 [INFO] 图像形状: (2160, 3840, 3)
2026-05-21 09:50:11 [INFO] 图像数据类型: uint8
2026-05-21 09:50:11 [INFO] 图像最大值: 255
2026-05-21 09:50:11 [INFO] 图像最小值: 0
2026-05-21 09:50:11 [INFO] 开始保存检测结果图像: 图像尺寸=(2160, 3840, 3), 类型=uint8, 路径=C:\code\show\Scrap_Steel_In_Field\photos\dangerous_det\detection_20260521_095011.jpg
2026-05-21 09:50:11 [INFO] 成功保存检测结果到: C:\code\show\Scrap_Steel_In_Field\photos\dangerous_det\detection_20260521_095011.jpg
2026-05-21 09:50:11 [INFO] 保存的检测结果文件大小: 2493608 字节
2026-05-21 09:50:11 [INFO] 引擎上下文已释放
2026-05-21 09:50:11 [INFO] TensorRT 引擎已释放
2026-05-21 09:50:11 [INFO] 全局 CUDA 资源已释放
2026-05-21 09:50:11 [INFO] 检测系统资源已释放
