2026-05-21 09:44:39 [INFO] CUDA 初始化成功
2026-05-21 09:44:39 [INFO] 引擎加载成功: dangerous.engine
2026-05-21 09:44:39 [INFO] 检测系统初始化成功
2026-05-21 09:44:39 [INFO] 图像预处理完成，原始尺寸: (2160, 3840)
2026-05-21 09:44:39 [INFO] 开始执行目标检测...
2026-05-21 09:44:39 [INFO] 检测完成，找到 4 个物体
2026-05-21 09:44:39 [INFO] 物体 1: GasCyl1 (置信度: 0.88)
2026-05-21 09:44:39 [INFO] 物体 2: GasCyl1 (置信度: 0.74)
2026-05-21 09:44:39 [INFO] 物体 3: GasCyl1 (置信度: 0.52)
2026-05-21 09:44:39 [INFO] 物体 4: FireExt1 (置信度: 0.32)
2026-05-21 09:44:39 [INFO] 检测到车兜区域，将过滤区域外的目标
2026-05-21 09:44:39 [INFO] 车兜区域过滤: 4 -> 2 个目标
2026-05-21 09:44:39 [INFO] 准备保存检测结果到: C:\code\show\Scrap_Steel_In_Field\photos\dangerous_det\detection_20260521_094439.jpg
2026-05-21 09:44:39 [INFO] 图像形状: (2160, 3840, 3)
2026-05-21 09:44:39 [INFO] 图像数据类型: uint8
2026-05-21 09:44:39 [INFO] 图像最大值: 255
2026-05-21 09:44:39 [INFO] 图像最小值: 0
2026-05-21 09:46:33 [INFO] 引擎上下文已释放
2026-05-21 09:46:33 [INFO] TensorRT 引擎已释放
2026-05-21 09:46:33 [INFO] 全局 CUDA 资源已释放
2026-05-21 09:46:33 [INFO] 检测系统资源已释放
