2026-05-21 13:58:24 [INFO] CUDA 初始化成功
2026-05-21 13:58:24 [INFO] 引擎加载成功: dangerous.engine
2026-05-21 13:58:24 [INFO] 检测系统初始化成功
2026-05-21 13:58:27 [INFO] 引擎加载成功: dangerous.engine
2026-05-21 13:58:27 [INFO] 检测系统初始化成功
2026-05-21 13:58:27 [INFO] 图像预处理完成，原始尺寸: (2160, 3840)
2026-05-21 13:58:27 [INFO] 开始执行目标检测...
2026-05-21 13:58:27 [INFO] 检测完成，找到 0 个物体
2026-05-21 13:58:27 [INFO] 检测到车兜区域，将过滤区域外的目标
2026-05-21 13:58:27 [INFO] 引擎上下文已释放
2026-05-21 13:58:27 [INFO] TensorRT 引擎已释放
2026-05-21 13:58:27 [INFO] 全局 CUDA 资源已释放
2026-05-21 13:58:27 [INFO] 检测系统资源已释放
2026-05-21 13:58:32 [INFO] CUDA 初始化成功
2026-05-21 13:58:32 [INFO] 引擎加载成功: dangerous.engine
2026-05-21 13:58:32 [INFO] 检测系统初始化成功
2026-05-21 13:58:32 [INFO] 图像预处理完成，原始尺寸: (2160, 3840)
2026-05-21 13:58:32 [INFO] 开始执行目标检测...
2026-05-21 13:58:32 [INFO] 检测完成，找到 5 个物体
2026-05-21 13:58:32 [INFO] 物体 1: GasCyl1 (置信度: 0.83)
2026-05-21 13:58:32 [INFO] 物体 2: FireExt1 (置信度: 0.48)
2026-05-21 13:58:32 [INFO] 物体 3: FireExt1 (置信度: 0.46)
2026-05-21 13:58:32 [INFO] 物体 4: FireExt2 (置信度: 0.35)
2026-05-21 13:58:32 [INFO] 物体 5: FireExt1 (置信度: 0.33)
2026-05-21 13:58:32 [INFO] 检测到车兜区域，将过滤区域外的目标
2026-05-21 13:58:32 [INFO] 车兜区域过滤: 5 -> 2 个目标
2026-05-21 13:58:32 [INFO] 准备保存检测结果到: C:\code\show\Scrap_Steel_In_Field\photos\dangerous_det\detection_20260521_135832.jpg
2026-05-21 13:58:32 [INFO] 图像形状: (2160, 3840, 3)
2026-05-21 13:58:32 [INFO] 图像数据类型: uint8
2026-05-21 13:58:32 [INFO] 图像最大值: 255
2026-05-21 13:58:32 [INFO] 图像最小值: 0
2026-05-21 13:58:32 [INFO] 开始保存检测结果图像: 图像尺寸=(2160, 3840, 3), 类型=uint8, 路径=C:\code\show\Scrap_Steel_In_Field\photos\dangerous_det\detection_20260521_135832.jpg
2026-05-21 13:58:32 [INFO] 成功保存检测结果到: C:\code\show\Scrap_Steel_In_Field\photos\dangerous_det\detection_20260521_135832.jpg
2026-05-21 13:58:32 [INFO] 保存的检测结果文件大小: 2540211 字节
2026-05-21 13:58:32 [INFO] 引擎上下文已释放
2026-05-21 13:58:32 [INFO] TensorRT 引擎已释放
2026-05-21 13:58:32 [INFO] 全局 CUDA 资源已释放
2026-05-21 13:58:32 [INFO] 检测系统资源已释放
2026-05-21 13:58:37 [INFO] CUDA 初始化成功
2026-05-21 13:58:37 [INFO] 引擎加载成功: dangerous.engine
2026-05-21 13:58:37 [INFO] 检测系统初始化成功
2026-05-21 13:58:37 [INFO] 图像预处理完成，原始尺寸: (2160, 3840)
2026-05-21 13:58:37 [INFO] 开始执行目标检测...
2026-05-21 13:58:37 [INFO] 检测完成，找到 4 个物体
2026-05-21 13:58:37 [INFO] 物体 1: GasCyl1 (置信度: 0.86)
2026-05-21 13:58:37 [INFO] 物体 2: FireExt1 (置信度: 0.50)
2026-05-21 13:58:37 [INFO] 物体 3: FireExt1 (置信度: 0.49)
2026-05-21 13:58:37 [INFO] 物体 4: FireExt2 (置信度: 0.26)
2026-05-21 13:58:37 [INFO] 检测到车兜区域，将过滤区域外的目标
2026-05-21 13:58:37 [INFO] 车兜区域过滤: 4 -> 2 个目标
2026-05-21 13:58:37 [INFO] 准备保存检测结果到: C:\code\show\Scrap_Steel_In_Field\photos\dangerous_det\detection_20260521_135837.jpg
2026-05-21 13:58:37 [INFO] 图像形状: (2160, 3840, 3)
2026-05-21 13:58:37 [INFO] 图像数据类型: uint8
2026-05-21 13:58:37 [INFO] 图像最大值: 255
2026-05-21 13:58:37 [INFO] 图像最小值: 0
2026-05-21 13:58:37 [INFO] 开始保存检测结果图像: 图像尺寸=(2160, 3840, 3), 类型=uint8, 路径=C:\code\show\Scrap_Steel_In_Field\photos\dangerous_det\detection_20260521_135837.jpg
2026-05-21 13:58:37 [INFO] 成功保存检测结果到: C:\code\show\Scrap_Steel_In_Field\photos\dangerous_det\detection_20260521_135837.jpg
2026-05-21 13:58:37 [INFO] 保存的检测结果文件大小: 2529221 字节
2026-05-21 13:58:37 [INFO] 引擎上下文已释放
2026-05-21 13:58:37 [INFO] TensorRT 引擎已释放
2026-05-21 13:58:37 [INFO] 全局 CUDA 资源已释放
2026-05-21 13:58:37 [INFO] 检测系统资源已释放
2026-05-21 13:58:42 [INFO] CUDA 初始化成功
2026-05-21 13:58:42 [INFO] 引擎加载成功: dangerous.engine
2026-05-21 13:58:42 [INFO] 检测系统初始化成功
2026-05-21 13:58:42 [INFO] 图像预处理完成，原始尺寸: (2160, 3840)
2026-05-21 13:58:42 [INFO] 开始执行目标检测...
2026-05-21 13:58:42 [INFO] 检测完成，找到 4 个物体
2026-05-21 13:58:42 [INFO] 物体 1: GasCyl1 (置信度: 0.84)
2026-05-21 13:58:42 [INFO] 物体 2: FireExt1 (置信度: 0.50)
2026-05-21 13:58:42 [INFO] 物体 3: FireExt1 (置信度: 0.36)
2026-05-21 13:58:42 [INFO] 物体 4: FireExt2 (置信度: 0.26)
2026-05-21 13:58:42 [INFO] 检测到车兜区域，将过滤区域外的目标
2026-05-21 13:58:42 [INFO] 车兜区域过滤: 4 -> 2 个目标
2026-05-21 13:58:42 [INFO] 准备保存检测结果到: C:\code\show\Scrap_Steel_In_Field\photos\dangerous_det\detection_20260521_135842.jpg
2026-05-21 13:58:42 [INFO] 图像形状: (2160, 3840, 3)
2026-05-21 13:58:42 [INFO] 图像数据类型: uint8
2026-05-21 13:58:42 [INFO] 图像最大值: 255
2026-05-21 13:58:42 [INFO] 图像最小值: 0
2026-05-21 13:58:42 [INFO] 开始保存检测结果图像: 图像尺寸=(2160, 3840, 3), 类型=uint8, 路径=C:\code\show\Scrap_Steel_In_Field\photos\dangerous_det\detection_20260521_135842.jpg
2026-05-21 13:58:42 [INFO] 成功保存检测结果到: C:\code\show\Scrap_Steel_In_Field\photos\dangerous_det\detection_20260521_135842.jpg
2026-05-21 13:58:42 [INFO] 保存的检测结果文件大小: 2529969 字节
2026-05-21 13:58:42 [INFO] 引擎上下文已释放
2026-05-21 13:58:42 [INFO] TensorRT 引擎已释放
2026-05-21 13:58:42 [INFO] 全局 CUDA 资源已释放
2026-05-21 13:58:42 [INFO] 检测系统资源已释放
2026-05-21 13:58:48 [INFO] CUDA 初始化成功
2026-05-21 13:58:48 [INFO] 引擎加载成功: dangerous.engine
2026-05-21 13:58:48 [INFO] 检测系统初始化成功
2026-05-21 13:58:48 [INFO] 图像预处理完成，原始尺寸: (2160, 3840)
2026-05-21 13:58:48 [INFO] 开始执行目标检测...
2026-05-21 13:58:48 [INFO] 检测完成，找到 3 个物体
2026-05-21 13:58:48 [INFO] 物体 1: GasCyl1 (置信度: 0.86)
2026-05-21 13:58:48 [INFO] 物体 2: FireExt1 (置信度: 0.51)
2026-05-21 13:58:48 [INFO] 物体 3: FireExt1 (置信度: 0.46)
2026-05-21 13:58:48 [INFO] 检测到车兜区域，将过滤区域外的目标
2026-05-21 13:58:48 [INFO] 车兜区域过滤: 3 -> 2 个目标
2026-05-21 13:58:48 [INFO] 准备保存检测结果到: C:\code\show\Scrap_Steel_In_Field\photos\dangerous_det\detection_20260521_135848.jpg
2026-05-21 13:58:48 [INFO] 图像形状: (2160, 3840, 3)
2026-05-21 13:58:48 [INFO] 图像数据类型: uint8
2026-05-21 13:58:48 [INFO] 图像最大值: 255
2026-05-21 13:58:48 [INFO] 图像最小值: 0
2026-05-21 13:58:48 [INFO] 开始保存检测结果图像: 图像尺寸=(2160, 3840, 3), 类型=uint8, 路径=C:\code\show\Scrap_Steel_In_Field\photos\dangerous_det\detection_20260521_135848.jpg
2026-05-21 13:58:48 [INFO] 成功保存检测结果到: C:\code\show\Scrap_Steel_In_Field\photos\dangerous_det\detection_20260521_135848.jpg
2026-05-21 13:58:48 [INFO] 保存的检测结果文件大小: 2531441 字节
2026-05-21 13:58:48 [INFO] 引擎上下文已释放
2026-05-21 13:58:48 [INFO] TensorRT 引擎已释放
2026-05-21 13:58:48 [INFO] 全局 CUDA 资源已释放
2026-05-21 13:58:48 [INFO] 检测系统资源已释放
2026-05-21 13:58:53 [INFO] CUDA 初始化成功
2026-05-21 13:58:53 [INFO] 引擎加载成功: dangerous.engine
2026-05-21 13:58:53 [INFO] 检测系统初始化成功
2026-05-21 13:58:53 [INFO] 图像预处理完成，原始尺寸: (2160, 3840)
2026-05-21 13:58:53 [INFO] 开始执行目标检测...
2026-05-21 13:58:53 [INFO] 检测完成，找到 5 个物体
2026-05-21 13:58:53 [INFO] 物体 1: GasCyl1 (置信度: 0.86)
2026-05-21 13:58:53 [INFO] 物体 2: FireExt1 (置信度: 0.49)
2026-05-21 13:58:53 [INFO] 物体 3: FireExt1 (置信度: 0.47)
2026-05-21 13:58:53 [INFO] 物体 4: FireExt2 (置信度: 0.31)
2026-05-21 13:58:53 [INFO] 物体 5: FireExt1 (置信度: 0.30)
2026-05-21 13:58:53 [INFO] 检测到车兜区域，将过滤区域外的目标
2026-05-21 13:58:53 [INFO] 车兜区域过滤: 5 -> 2 个目标
2026-05-21 13:58:53 [INFO] 准备保存检测结果到: C:\code\show\Scrap_Steel_In_Field\photos\dangerous_det\detection_20260521_135853.jpg
2026-05-21 13:58:53 [INFO] 图像形状: (2160, 3840, 3)
2026-05-21 13:58:53 [INFO] 图像数据类型: uint8
2026-05-21 13:58:53 [INFO] 图像最大值: 255
2026-05-21 13:58:53 [INFO] 图像最小值: 0
2026-05-21 13:58:53 [INFO] 开始保存检测结果图像: 图像尺寸=(2160, 3840, 3), 类型=uint8, 路径=C:\code\show\Scrap_Steel_In_Field\photos\dangerous_det\detection_20260521_135853.jpg
2026-05-21 13:58:53 [INFO] 成功保存检测结果到: C:\code\show\Scrap_Steel_In_Field\photos\dangerous_det\detection_20260521_135853.jpg
2026-05-21 13:58:53 [INFO] 保存的检测结果文件大小: 2530430 字节
2026-05-21 13:58:53 [INFO] 引擎上下文已释放
2026-05-21 13:58:53 [INFO] TensorRT 引擎已释放
2026-05-21 13:58:53 [INFO] 全局 CUDA 资源已释放
2026-05-21 13:58:53 [INFO] 检测系统资源已释放
2026-05-21 13:58:58 [INFO] CUDA 初始化成功
2026-05-21 13:58:58 [INFO] 引擎加载成功: dangerous.engine
2026-05-21 13:58:58 [INFO] 检测系统初始化成功
2026-05-21 13:58:58 [INFO] 图像预处理完成，原始尺寸: (2160, 3840)
2026-05-21 13:58:58 [INFO] 开始执行目标检测...
2026-05-21 13:58:58 [INFO] 检测完成，找到 4 个物体
2026-05-21 13:58:58 [INFO] 物体 1: GasCyl1 (置信度: 0.84)
2026-05-21 13:58:58 [INFO] 物体 2: FireExt1 (置信度: 0.50)
2026-05-21 13:58:58 [INFO] 物体 3: FireExt1 (置信度: 0.47)
2026-05-21 13:58:58 [INFO] 物体 4: FireExt2 (置信度: 0.31)
2026-05-21 13:58:58 [INFO] 检测到车兜区域，将过滤区域外的目标
2026-05-21 13:58:58 [INFO] 车兜区域过滤: 4 -> 2 个目标
2026-05-21 13:58:58 [INFO] 准备保存检测结果到: C:\code\show\Scrap_Steel_In_Field\photos\dangerous_det\detection_20260521_135858.jpg
2026-05-21 13:58:58 [INFO] 图像形状: (2160, 3840, 3)
2026-05-21 13:58:58 [INFO] 图像数据类型: uint8
2026-05-21 13:58:58 [INFO] 图像最大值: 255
2026-05-21 13:58:58 [INFO] 图像最小值: 0
2026-05-21 13:58:58 [INFO] 开始保存检测结果图像: 图像尺寸=(2160, 3840, 3), 类型=uint8, 路径=C:\code\show\Scrap_Steel_In_Field\photos\dangerous_det\detection_20260521_135858.jpg
2026-05-21 13:58:58 [INFO] 成功保存检测结果到: C:\code\show\Scrap_Steel_In_Field\photos\dangerous_det\detection_20260521_135858.jpg
2026-05-21 13:58:58 [INFO] 保存的检测结果文件大小: 2533088 字节
2026-05-21 13:58:58 [INFO] 引擎上下文已释放
2026-05-21 13:58:58 [INFO] TensorRT 引擎已释放
2026-05-21 13:58:58 [INFO] 全局 CUDA 资源已释放
2026-05-21 13:58:58 [INFO] 检测系统资源已释放
2026-05-21 13:59:04 [INFO] CUDA 初始化成功
2026-05-21 13:59:04 [INFO] 引擎加载成功: dangerous.engine
2026-05-21 13:59:04 [INFO] 检测系统初始化成功
2026-05-21 13:59:04 [INFO] 图像预处理完成，原始尺寸: (2160, 3840)
2026-05-21 13:59:04 [INFO] 开始执行目标检测...
2026-05-21 13:59:04 [INFO] 检测完成，找到 5 个物体
2026-05-21 13:59:04 [INFO] 物体 1: GasCyl1 (置信度: 0.87)
2026-05-21 13:59:04 [INFO] 物体 2: FireExt1 (置信度: 0.50)
2026-05-21 13:59:04 [INFO] 物体 3: FireExt1 (置信度: 0.45)
2026-05-21 13:59:04 [INFO] 物体 4: FireExt2 (置信度: 0.30)
2026-05-21 13:59:04 [INFO] 物体 5: GasCyl1 (置信度: 0.27)
2026-05-21 13:59:04 [INFO] 检测到车兜区域，将过滤区域外的目标
2026-05-21 13:59:04 [INFO] 车兜区域过滤: 5 -> 2 个目标
2026-05-21 13:59:04 [INFO] 准备保存检测结果到: C:\code\show\Scrap_Steel_In_Field\photos\dangerous_det\detection_20260521_135904.jpg
2026-05-21 13:59:04 [INFO] 图像形状: (2160, 3840, 3)
2026-05-21 13:59:04 [INFO] 图像数据类型: uint8
2026-05-21 13:59:04 [INFO] 图像最大值: 255
2026-05-21 13:59:04 [INFO] 图像最小值: 0
2026-05-21 13:59:04 [INFO] 开始保存检测结果图像: 图像尺寸=(2160, 3840, 3), 类型=uint8, 路径=C:\code\show\Scrap_Steel_In_Field\photos\dangerous_det\detection_20260521_135904.jpg
2026-05-21 13:59:04 [INFO] 成功保存检测结果到: C:\code\show\Scrap_Steel_In_Field\photos\dangerous_det\detection_20260521_135904.jpg
2026-05-21 13:59:04 [INFO] 保存的检测结果文件大小: 2528687 字节
2026-05-21 13:59:04 [INFO] 引擎上下文已释放
2026-05-21 13:59:04 [INFO] TensorRT 引擎已释放
2026-05-21 13:59:04 [INFO] 全局 CUDA 资源已释放
2026-05-21 13:59:04 [INFO] 检测系统资源已释放
2026-05-21 13:59:09 [INFO] CUDA 初始化成功
2026-05-21 13:59:09 [INFO] 引擎加载成功: dangerous.engine
2026-05-21 13:59:09 [INFO] 检测系统初始化成功
2026-05-21 13:59:09 [INFO] 图像预处理完成，原始尺寸: (2160, 3840)
2026-05-21 13:59:09 [INFO] 开始执行目标检测...
2026-05-21 13:59:09 [INFO] 检测完成，找到 5 个物体
2026-05-21 13:59:09 [INFO] 物体 1: GasCyl1 (置信度: 0.86)
2026-05-21 13:59:09 [INFO] 物体 2: FireExt1 (置信度: 0.50)
2026-05-21 13:59:09 [INFO] 物体 3: FireExt1 (置信度: 0.47)
2026-05-21 13:59:09 [INFO] 物体 4: FireExt2 (置信度: 0.31)
2026-05-21 13:59:09 [INFO] 物体 5: FireExt1 (置信度: 0.30)
2026-05-21 13:59:09 [INFO] 检测到车兜区域，将过滤区域外的目标
2026-05-21 13:59:09 [INFO] 车兜区域过滤: 5 -> 2 个目标
2026-05-21 13:59:09 [INFO] 准备保存检测结果到: C:\code\show\Scrap_Steel_In_Field\photos\dangerous_det\detection_20260521_135909.jpg
2026-05-21 13:59:09 [INFO] 图像形状: (2160, 3840, 3)
2026-05-21 13:59:09 [INFO] 图像数据类型: uint8
2026-05-21 13:59:09 [INFO] 图像最大值: 255
2026-05-21 13:59:09 [INFO] 图像最小值: 0
2026-05-21 13:59:09 [INFO] 开始保存检测结果图像: 图像尺寸=(2160, 3840, 3), 类型=uint8, 路径=C:\code\show\Scrap_Steel_In_Field\photos\dangerous_det\detection_20260521_135909.jpg
2026-05-21 13:59:09 [INFO] 成功保存检测结果到: C:\code\show\Scrap_Steel_In_Field\photos\dangerous_det\detection_20260521_135909.jpg
2026-05-21 13:59:09 [INFO] 保存的检测结果文件大小: 2531425 字节
2026-05-21 13:59:09 [INFO] 引擎上下文已释放
2026-05-21 13:59:09 [INFO] TensorRT 引擎已释放
2026-05-21 13:59:09 [INFO] 全局 CUDA 资源已释放
2026-05-21 13:59:09 [INFO] 检测系统资源已释放
2026-05-21 13:59:14 [INFO] CUDA 初始化成功
2026-05-21 13:59:14 [INFO] 引擎加载成功: dangerous.engine
2026-05-21 13:59:14 [INFO] 检测系统初始化成功
2026-05-21 13:59:14 [INFO] 图像预处理完成，原始尺寸: (2160, 3840)
2026-05-21 13:59:14 [INFO] 开始执行目标检测...
2026-05-21 13:59:14 [INFO] 检测完成，找到 5 个物体
2026-05-21 13:59:14 [INFO] 物体 1: GasCyl1 (置信度: 0.86)
2026-05-21 13:59:14 [INFO] 物体 2: FireExt1 (置信度: 0.48)
2026-05-21 13:59:14 [INFO] 物体 3: FireExt1 (置信度: 0.43)
2026-05-21 13:59:14 [INFO] 物体 4: FireExt1 (置信度: 0.33)
2026-05-21 13:59:14 [INFO] 物体 5: FireExt2 (置信度: 0.30)
2026-05-21 13:59:14 [INFO] 检测到车兜区域，将过滤区域外的目标
2026-05-21 13:59:14 [INFO] 车兜区域过滤: 5 -> 2 个目标
2026-05-21 13:59:14 [INFO] 准备保存检测结果到: C:\code\show\Scrap_Steel_In_Field\photos\dangerous_det\detection_20260521_135914.jpg
2026-05-21 13:59:14 [INFO] 图像形状: (2160, 3840, 3)
2026-05-21 13:59:14 [INFO] 图像数据类型: uint8
2026-05-21 13:59:14 [INFO] 图像最大值: 255
2026-05-21 13:59:14 [INFO] 图像最小值: 0
2026-05-21 13:59:14 [INFO] 开始保存检测结果图像: 图像尺寸=(2160, 3840, 3), 类型=uint8, 路径=C:\code\show\Scrap_Steel_In_Field\photos\dangerous_det\detection_20260521_135914.jpg
2026-05-21 13:59:14 [INFO] 成功保存检测结果到: C:\code\show\Scrap_Steel_In_Field\photos\dangerous_det\detection_20260521_135914.jpg
2026-05-21 13:59:14 [INFO] 保存的检测结果文件大小: 2531012 字节
2026-05-21 13:59:14 [INFO] 引擎上下文已释放
2026-05-21 13:59:14 [INFO] TensorRT 引擎已释放
2026-05-21 13:59:14 [INFO] 全局 CUDA 资源已释放
2026-05-21 13:59:14 [INFO] 检测系统资源已释放
2026-05-21 13:59:19 [INFO] CUDA 初始化成功
2026-05-21 13:59:19 [INFO] 引擎加载成功: dangerous.engine
2026-05-21 13:59:19 [INFO] 检测系统初始化成功
2026-05-21 13:59:19 [INFO] 图像预处理完成，原始尺寸: (2160, 3840)
2026-05-21 13:59:19 [INFO] 开始执行目标检测...
2026-05-21 13:59:19 [INFO] 检测完成，找到 4 个物体
2026-05-21 13:59:19 [INFO] 物体 1: GasCyl1 (置信度: 0.86)
2026-05-21 13:59:19 [INFO] 物体 2: FireExt1 (置信度: 0.48)
2026-05-21 13:59:19 [INFO] 物体 3: FireExt1 (置信度: 0.46)
2026-05-21 13:59:19 [INFO] 物体 4: FireExt2 (置信度: 0.32)
2026-05-21 13:59:19 [INFO] 检测到车兜区域，将过滤区域外的目标
2026-05-21 13:59:19 [INFO] 车兜区域过滤: 4 -> 2 个目标
2026-05-21 13:59:19 [INFO] 准备保存检测结果到: C:\code\show\Scrap_Steel_In_Field\photos\dangerous_det\detection_20260521_135919.jpg
2026-05-21 13:59:19 [INFO] 图像形状: (2160, 3840, 3)
2026-05-21 13:59:19 [INFO] 图像数据类型: uint8
2026-05-21 13:59:19 [INFO] 图像最大值: 255
2026-05-21 13:59:19 [INFO] 图像最小值: 0
2026-05-21 13:59:19 [INFO] 开始保存检测结果图像: 图像尺寸=(2160, 3840, 3), 类型=uint8, 路径=C:\code\show\Scrap_Steel_In_Field\photos\dangerous_det\detection_20260521_135919.jpg
2026-05-21 13:59:19 [INFO] 成功保存检测结果到: C:\code\show\Scrap_Steel_In_Field\photos\dangerous_det\detection_20260521_135919.jpg
2026-05-21 13:59:19 [INFO] 保存的检测结果文件大小: 2520140 字节
2026-05-21 13:59:19 [INFO] 引擎上下文已释放
2026-05-21 13:59:19 [INFO] TensorRT 引擎已释放
2026-05-21 13:59:19 [INFO] 全局 CUDA 资源已释放
2026-05-21 13:59:19 [INFO] 检测系统资源已释放
2026-05-21 13:59:24 [INFO] CUDA 初始化成功
2026-05-21 13:59:24 [INFO] 引擎加载成功: dangerous.engine
2026-05-21 13:59:24 [INFO] 检测系统初始化成功
2026-05-21 13:59:25 [INFO] 图像预处理完成，原始尺寸: (2160, 3840)
2026-05-21 13:59:25 [INFO] 开始执行目标检测...
2026-05-21 13:59:25 [INFO] 检测完成，找到 4 个物体
2026-05-21 13:59:25 [INFO] 物体 1: GasCyl1 (置信度: 0.86)
2026-05-21 13:59:25 [INFO] 物体 2: FireExt1 (置信度: 0.50)
2026-05-21 13:59:25 [INFO] 物体 3: FireExt1 (置信度: 0.48)
2026-05-21 13:59:25 [INFO] 物体 4: FireExt2 (置信度: 0.34)
2026-05-21 13:59:25 [INFO] 检测到车兜区域，将过滤区域外的目标
2026-05-21 13:59:25 [INFO] 车兜区域过滤: 4 -> 2 个目标
2026-05-21 13:59:25 [INFO] 准备保存检测结果到: C:\code\show\Scrap_Steel_In_Field\photos\dangerous_det\detection_20260521_135925.jpg
2026-05-21 13:59:25 [INFO] 图像形状: (2160, 3840, 3)
2026-05-21 13:59:25 [INFO] 图像数据类型: uint8
2026-05-21 13:59:25 [INFO] 图像最大值: 255
2026-05-21 13:59:25 [INFO] 图像最小值: 0
2026-05-21 13:59:25 [INFO] 开始保存检测结果图像: 图像尺寸=(2160, 3840, 3), 类型=uint8, 路径=C:\code\show\Scrap_Steel_In_Field\photos\dangerous_det\detection_20260521_135925.jpg
2026-05-21 13:59:25 [INFO] 成功保存检测结果到: C:\code\show\Scrap_Steel_In_Field\photos\dangerous_det\detection_20260521_135925.jpg
2026-05-21 13:59:25 [INFO] 保存的检测结果文件大小: 2528204 字节
2026-05-21 13:59:25 [INFO] 引擎上下文已释放
2026-05-21 13:59:25 [INFO] TensorRT 引擎已释放
2026-05-21 13:59:25 [INFO] 全局 CUDA 资源已释放
2026-05-21 13:59:25 [INFO] 检测系统资源已释放
2026-05-21 13:59:30 [INFO] CUDA 初始化成功
2026-05-21 13:59:30 [INFO] 引擎加载成功: dangerous.engine
2026-05-21 13:59:30 [INFO] 检测系统初始化成功
2026-05-21 13:59:30 [INFO] 图像预处理完成，原始尺寸: (2160, 3840)
2026-05-21 13:59:30 [INFO] 开始执行目标检测...
2026-05-21 13:59:30 [INFO] 检测完成，找到 4 个物体
2026-05-21 13:59:30 [INFO] 物体 1: GasCyl1 (置信度: 0.79)
2026-05-21 13:59:30 [INFO] 物体 2: FireExt1 (置信度: 0.48)
2026-05-21 13:59:30 [INFO] 物体 3: FireExt1 (置信度: 0.46)
2026-05-21 13:59:30 [INFO] 物体 4: FireExt2 (置信度: 0.34)
2026-05-21 13:59:30 [INFO] 检测到车兜区域，将过滤区域外的目标
2026-05-21 13:59:30 [INFO] 车兜区域过滤: 4 -> 2 个目标
2026-05-21 13:59:30 [INFO] 准备保存检测结果到: C:\code\show\Scrap_Steel_In_Field\photos\dangerous_det\detection_20260521_135930.jpg
2026-05-21 13:59:30 [INFO] 图像形状: (2160, 3840, 3)
2026-05-21 13:59:30 [INFO] 图像数据类型: uint8
2026-05-21 13:59:30 [INFO] 图像最大值: 255
2026-05-21 13:59:30 [INFO] 图像最小值: 0
2026-05-21 13:59:30 [INFO] 开始保存检测结果图像: 图像尺寸=(2160, 3840, 3), 类型=uint8, 路径=C:\code\show\Scrap_Steel_In_Field\photos\dangerous_det\detection_20260521_135930.jpg
2026-05-21 13:59:30 [INFO] 成功保存检测结果到: C:\code\show\Scrap_Steel_In_Field\photos\dangerous_det\detection_20260521_135930.jpg
2026-05-21 13:59:30 [INFO] 保存的检测结果文件大小: 2537109 字节
2026-05-21 13:59:30 [INFO] 引擎上下文已释放
2026-05-21 13:59:30 [INFO] TensorRT 引擎已释放
2026-05-21 13:59:30 [INFO] 全局 CUDA 资源已释放
2026-05-21 13:59:30 [INFO] 检测系统资源已释放
2026-05-21 13:59:35 [INFO] CUDA 初始化成功
2026-05-21 13:59:35 [INFO] 引擎加载成功: dangerous.engine
2026-05-21 13:59:35 [INFO] 检测系统初始化成功
2026-05-21 13:59:35 [INFO] 图像预处理完成，原始尺寸: (2160, 3840)
2026-05-21 13:59:35 [INFO] 开始执行目标检测...
2026-05-21 13:59:36 [INFO] 检测完成，找到 4 个物体
2026-05-21 13:59:36 [INFO] 物体 1: GasCyl1 (置信度: 0.85)
2026-05-21 13:59:36 [INFO] 物体 2: FireExt1 (置信度: 0.50)
2026-05-21 13:59:36 [INFO] 物体 3: FireExt1 (置信度: 0.47)
2026-05-21 13:59:36 [INFO] 物体 4: FireExt2 (置信度: 0.31)
2026-05-21 13:59:36 [INFO] 检测到车兜区域，将过滤区域外的目标
2026-05-21 13:59:36 [INFO] 车兜区域过滤: 4 -> 2 个目标
2026-05-21 13:59:36 [INFO] 准备保存检测结果到: C:\code\show\Scrap_Steel_In_Field\photos\dangerous_det\detection_20260521_135936.jpg
2026-05-21 13:59:36 [INFO] 图像形状: (2160, 3840, 3)
2026-05-21 13:59:36 [INFO] 图像数据类型: uint8
2026-05-21 13:59:36 [INFO] 图像最大值: 255
2026-05-21 13:59:36 [INFO] 图像最小值: 0
2026-05-21 13:59:36 [INFO] 开始保存检测结果图像: 图像尺寸=(2160, 3840, 3), 类型=uint8, 路径=C:\code\show\Scrap_Steel_In_Field\photos\dangerous_det\detection_20260521_135936.jpg
2026-05-21 13:59:36 [INFO] 成功保存检测结果到: C:\code\show\Scrap_Steel_In_Field\photos\dangerous_det\detection_20260521_135936.jpg
2026-05-21 13:59:36 [INFO] 保存的检测结果文件大小: 2552935 字节
2026-05-21 13:59:36 [INFO] 引擎上下文已释放
2026-05-21 13:59:36 [INFO] TensorRT 引擎已释放
2026-05-21 13:59:36 [INFO] 全局 CUDA 资源已释放
2026-05-21 13:59:36 [INFO] 检测系统资源已释放
2026-05-21 13:59:41 [INFO] CUDA 初始化成功
2026-05-21 13:59:41 [INFO] 引擎加载成功: dangerous.engine
2026-05-21 13:59:41 [INFO] 检测系统初始化成功
2026-05-21 13:59:41 [INFO] 图像预处理完成，原始尺寸: (2160, 3840)
2026-05-21 13:59:41 [INFO] 开始执行目标检测...
2026-05-21 13:59:41 [INFO] 检测完成，找到 4 个物体
2026-05-21 13:59:41 [INFO] 物体 1: GasCyl1 (置信度: 0.87)
2026-05-21 13:59:41 [INFO] 物体 2: FireExt1 (置信度: 0.50)
2026-05-21 13:59:41 [INFO] 物体 3: FireExt1 (置信度: 0.48)
2026-05-21 13:59:41 [INFO] 物体 4: FireExt2 (置信度: 0.32)
2026-05-21 13:59:41 [INFO] 检测到车兜区域，将过滤区域外的目标
2026-05-21 13:59:41 [INFO] 车兜区域过滤: 4 -> 2 个目标
2026-05-21 13:59:41 [INFO] 准备保存检测结果到: C:\code\show\Scrap_Steel_In_Field\photos\dangerous_det\detection_20260521_135941.jpg
2026-05-21 13:59:41 [INFO] 图像形状: (2160, 3840, 3)
2026-05-21 13:59:41 [INFO] 图像数据类型: uint8
2026-05-21 13:59:41 [INFO] 图像最大值: 255
2026-05-21 13:59:41 [INFO] 图像最小值: 0
2026-05-21 13:59:41 [INFO] 开始保存检测结果图像: 图像尺寸=(2160, 3840, 3), 类型=uint8, 路径=C:\code\show\Scrap_Steel_In_Field\photos\dangerous_det\detection_20260521_135941.jpg
2026-05-21 13:59:41 [INFO] 成功保存检测结果到: C:\code\show\Scrap_Steel_In_Field\photos\dangerous_det\detection_20260521_135941.jpg
2026-05-21 13:59:41 [INFO] 保存的检测结果文件大小: 2531048 字节
2026-05-21 13:59:41 [INFO] 引擎上下文已释放
2026-05-21 13:59:41 [INFO] TensorRT 引擎已释放
2026-05-21 13:59:41 [INFO] 全局 CUDA 资源已释放
2026-05-21 13:59:41 [INFO] 检测系统资源已释放
2026-05-21 13:59:46 [INFO] CUDA 初始化成功
2026-05-21 13:59:46 [INFO] 引擎加载成功: dangerous.engine
2026-05-21 13:59:46 [INFO] 检测系统初始化成功
2026-05-21 13:59:46 [INFO] 图像预处理完成，原始尺寸: (2160, 3840)
2026-05-21 13:59:46 [INFO] 开始执行目标检测...
2026-05-21 13:59:46 [INFO] 检测完成，找到 4 个物体
2026-05-21 13:59:46 [INFO] 物体 1: GasCyl1 (置信度: 0.88)
2026-05-21 13:59:46 [INFO] 物体 2: FireExt1 (置信度: 0.48)
2026-05-21 13:59:46 [INFO] 物体 3: FireExt1 (置信度: 0.48)
2026-05-21 13:59:46 [INFO] 物体 4: FireExt2 (置信度: 0.29)
2026-05-21 13:59:46 [INFO] 检测到车兜区域，将过滤区域外的目标
2026-05-21 13:59:46 [INFO] 车兜区域过滤: 4 -> 2 个目标
2026-05-21 13:59:46 [INFO] 准备保存检测结果到: C:\code\show\Scrap_Steel_In_Field\photos\dangerous_det\detection_20260521_135946.jpg
2026-05-21 13:59:46 [INFO] 图像形状: (2160, 3840, 3)
2026-05-21 13:59:46 [INFO] 图像数据类型: uint8
2026-05-21 13:59:46 [INFO] 图像最大值: 255
2026-05-21 13:59:46 [INFO] 图像最小值: 0
2026-05-21 13:59:46 [INFO] 开始保存检测结果图像: 图像尺寸=(2160, 3840, 3), 类型=uint8, 路径=C:\code\show\Scrap_Steel_In_Field\photos\dangerous_det\detection_20260521_135946.jpg
2026-05-21 13:59:46 [INFO] 成功保存检测结果到: C:\code\show\Scrap_Steel_In_Field\photos\dangerous_det\detection_20260521_135946.jpg
2026-05-21 13:59:46 [INFO] 保存的检测结果文件大小: 2529600 字节
2026-05-21 13:59:46 [INFO] 引擎上下文已释放
2026-05-21 13:59:46 [INFO] TensorRT 引擎已释放
2026-05-21 13:59:46 [INFO] 全局 CUDA 资源已释放
2026-05-21 13:59:46 [INFO] 检测系统资源已释放
2026-05-21 13:59:52 [INFO] CUDA 初始化成功
2026-05-21 13:59:52 [INFO] 引擎加载成功: dangerous.engine
2026-05-21 13:59:52 [INFO] 检测系统初始化成功
2026-05-21 13:59:52 [INFO] 图像预处理完成，原始尺寸: (2160, 3840)
2026-05-21 13:59:52 [INFO] 开始执行目标检测...
2026-05-21 13:59:52 [INFO] 检测完成，找到 5 个物体
2026-05-21 13:59:52 [INFO] 物体 1: GasCyl1 (置信度: 0.89)
2026-05-21 13:59:52 [INFO] 物体 2: FireExt1 (置信度: 0.50)
2026-05-21 13:59:52 [INFO] 物体 3: FireExt1 (置信度: 0.49)
2026-05-21 13:59:52 [INFO] 物体 4: FireExt1 (置信度: 0.34)
2026-05-21 13:59:52 [INFO] 物体 5: FireExt2 (置信度: 0.28)
2026-05-21 13:59:52 [INFO] 检测到车兜区域，将过滤区域外的目标
2026-05-21 13:59:52 [INFO] 车兜区域过滤: 5 -> 2 个目标
2026-05-21 13:59:52 [INFO] 准备保存检测结果到: C:\code\show\Scrap_Steel_In_Field\photos\dangerous_det\detection_20260521_135952.jpg
2026-05-21 13:59:52 [INFO] 图像形状: (2160, 3840, 3)
2026-05-21 13:59:52 [INFO] 图像数据类型: uint8
2026-05-21 13:59:52 [INFO] 图像最大值: 255
2026-05-21 13:59:52 [INFO] 图像最小值: 0
2026-05-21 13:59:52 [INFO] 开始保存检测结果图像: 图像尺寸=(2160, 3840, 3), 类型=uint8, 路径=C:\code\show\Scrap_Steel_In_Field\photos\dangerous_det\detection_20260521_135952.jpg
2026-05-21 13:59:52 [INFO] 成功保存检测结果到: C:\code\show\Scrap_Steel_In_Field\photos\dangerous_det\detection_20260521_135952.jpg
2026-05-21 13:59:52 [INFO] 保存的检测结果文件大小: 2535317 字节
2026-05-21 13:59:52 [INFO] 引擎上下文已释放
2026-05-21 13:59:52 [INFO] TensorRT 引擎已释放
2026-05-21 13:59:52 [INFO] 全局 CUDA 资源已释放
2026-05-21 13:59:52 [INFO] 检测系统资源已释放
2026-05-21 13:59:57 [INFO] CUDA 初始化成功
2026-05-21 13:59:57 [INFO] 引擎加载成功: dangerous.engine
2026-05-21 13:59:57 [INFO] 检测系统初始化成功
2026-05-21 13:59:57 [INFO] 图像预处理完成，原始尺寸: (2160, 3840)
2026-05-21 13:59:57 [INFO] 开始执行目标检测...
2026-05-21 13:59:57 [INFO] 检测完成，找到 4 个物体
2026-05-21 13:59:57 [INFO] 物体 1: GasCyl1 (置信度: 0.82)
2026-05-21 13:59:57 [INFO] 物体 2: FireExt1 (置信度: 0.50)
2026-05-21 13:59:57 [INFO] 物体 3: FireExt1 (置信度: 0.41)
2026-05-21 13:59:57 [INFO] 物体 4: FireExt2 (置信度: 0.33)
2026-05-21 13:59:57 [INFO] 检测到车兜区域，将过滤区域外的目标
2026-05-21 13:59:57 [INFO] 车兜区域过滤: 4 -> 2 个目标
2026-05-21 13:59:57 [INFO] 准备保存检测结果到: C:\code\show\Scrap_Steel_In_Field\photos\dangerous_det\detection_20260521_135957.jpg
2026-05-21 13:59:57 [INFO] 图像形状: (2160, 3840, 3)
2026-05-21 13:59:57 [INFO] 图像数据类型: uint8
2026-05-21 13:59:57 [INFO] 图像最大值: 255
2026-05-21 13:59:57 [INFO] 图像最小值: 0
2026-05-21 13:59:57 [INFO] 开始保存检测结果图像: 图像尺寸=(2160, 3840, 3), 类型=uint8, 路径=C:\code\show\Scrap_Steel_In_Field\photos\dangerous_det\detection_20260521_135957.jpg
2026-05-21 13:59:57 [INFO] 成功保存检测结果到: C:\code\show\Scrap_Steel_In_Field\photos\dangerous_det\detection_20260521_135957.jpg
2026-05-21 13:59:57 [INFO] 保存的检测结果文件大小: 2528141 字节
2026-05-21 13:59:57 [INFO] 引擎上下文已释放
2026-05-21 13:59:57 [INFO] TensorRT 引擎已释放
2026-05-21 13:59:57 [INFO] 全局 CUDA 资源已释放
2026-05-21 13:59:57 [INFO] 检测系统资源已释放
2026-05-21 14:00:03 [INFO] CUDA 初始化成功
2026-05-21 14:00:03 [INFO] 引擎加载成功: dangerous.engine
2026-05-21 14:00:03 [INFO] 检测系统初始化成功
2026-05-21 14:00:03 [INFO] 图像预处理完成，原始尺寸: (2160, 3840)
2026-05-21 14:00:03 [INFO] 开始执行目标检测...
2026-05-21 14:00:03 [INFO] 检测完成，找到 5 个物体
2026-05-21 14:00:03 [INFO] 物体 1: GasCyl1 (置信度: 0.82)
2026-05-21 14:00:03 [INFO] 物体 2: FireExt1 (置信度: 0.51)
2026-05-21 14:00:03 [INFO] 物体 3: FireExt1 (置信度: 0.40)
2026-05-21 14:00:03 [INFO] 物体 4: FireExt1 (置信度: 0.37)
2026-05-21 14:00:03 [INFO] 物体 5: FireExt2 (置信度: 0.29)
2026-05-21 14:00:03 [INFO] 检测到车兜区域，将过滤区域外的目标
2026-05-21 14:00:03 [INFO] 车兜区域过滤: 5 -> 2 个目标
2026-05-21 14:00:03 [INFO] 准备保存检测结果到: C:\code\show\Scrap_Steel_In_Field\photos\dangerous_det\detection_20260521_140003.jpg
2026-05-21 14:00:03 [INFO] 图像形状: (2160, 3840, 3)
2026-05-21 14:00:03 [INFO] 图像数据类型: uint8
2026-05-21 14:00:03 [INFO] 图像最大值: 255
2026-05-21 14:00:03 [INFO] 图像最小值: 0
2026-05-21 14:00:03 [INFO] 开始保存检测结果图像: 图像尺寸=(2160, 3840, 3), 类型=uint8, 路径=C:\code\show\Scrap_Steel_In_Field\photos\dangerous_det\detection_20260521_140003.jpg
2026-05-21 14:00:03 [INFO] 成功保存检测结果到: C:\code\show\Scrap_Steel_In_Field\photos\dangerous_det\detection_20260521_140003.jpg
2026-05-21 14:00:03 [INFO] 保存的检测结果文件大小: 2532229 字节
2026-05-21 14:00:03 [INFO] 引擎上下文已释放
2026-05-21 14:00:03 [INFO] TensorRT 引擎已释放
2026-05-21 14:00:03 [INFO] 全局 CUDA 资源已释放
2026-05-21 14:00:03 [INFO] 检测系统资源已释放
2026-05-21 14:00:08 [INFO] CUDA 初始化成功
2026-05-21 14:00:08 [INFO] 引擎加载成功: dangerous.engine
2026-05-21 14:00:08 [INFO] 检测系统初始化成功
2026-05-21 14:00:08 [INFO] 图像预处理完成，原始尺寸: (2160, 3840)
2026-05-21 14:00:08 [INFO] 开始执行目标检测...
2026-05-21 14:00:08 [INFO] 检测完成，找到 4 个物体
2026-05-21 14:00:08 [INFO] 物体 1: GasCyl1 (置信度: 0.80)
2026-05-21 14:00:08 [INFO] 物体 2: FireExt1 (置信度: 0.50)
2026-05-21 14:00:08 [INFO] 物体 3: FireExt1 (置信度: 0.47)
2026-05-21 14:00:08 [INFO] 物体 4: FireExt2 (置信度: 0.28)
2026-05-21 14:00:08 [INFO] 检测到车兜区域，将过滤区域外的目标
2026-05-21 14:00:08 [INFO] 车兜区域过滤: 4 -> 2 个目标
2026-05-21 14:00:08 [INFO] 准备保存检测结果到: C:\code\show\Scrap_Steel_In_Field\photos\dangerous_det\detection_20260521_140008.jpg
2026-05-21 14:00:08 [INFO] 图像形状: (2160, 3840, 3)
2026-05-21 14:00:08 [INFO] 图像数据类型: uint8
2026-05-21 14:00:08 [INFO] 图像最大值: 255
2026-05-21 14:00:08 [INFO] 图像最小值: 0
2026-05-21 14:00:08 [INFO] 开始保存检测结果图像: 图像尺寸=(2160, 3840, 3), 类型=uint8, 路径=C:\code\show\Scrap_Steel_In_Field\photos\dangerous_det\detection_20260521_140008.jpg
2026-05-21 14:00:08 [INFO] 成功保存检测结果到: C:\code\show\Scrap_Steel_In_Field\photos\dangerous_det\detection_20260521_140008.jpg
2026-05-21 14:00:08 [INFO] 保存的检测结果文件大小: 2536575 字节
2026-05-21 14:00:08 [INFO] 引擎上下文已释放
2026-05-21 14:00:08 [INFO] TensorRT 引擎已释放
2026-05-21 14:00:08 [INFO] 全局 CUDA 资源已释放
2026-05-21 14:00:08 [INFO] 检测系统资源已释放
2026-05-21 14:00:13 [INFO] CUDA 初始化成功
2026-05-21 14:00:13 [INFO] 引擎加载成功: dangerous.engine
2026-05-21 14:00:13 [INFO] 检测系统初始化成功
2026-05-21 14:00:13 [INFO] 图像预处理完成，原始尺寸: (2160, 3840)
2026-05-21 14:00:13 [INFO] 开始执行目标检测...
2026-05-21 14:00:13 [INFO] 检测完成，找到 4 个物体
2026-05-21 14:00:13 [INFO] 物体 1: GasCyl1 (置信度: 0.83)
2026-05-21 14:00:13 [INFO] 物体 2: FireExt1 (置信度: 0.50)
2026-05-21 14:00:13 [INFO] 物体 3: FireExt1 (置信度: 0.47)
2026-05-21 14:00:13 [INFO] 物体 4: FireExt2 (置信度: 0.30)
2026-05-21 14:00:13 [INFO] 检测到车兜区域，将过滤区域外的目标
2026-05-21 14:00:13 [INFO] 车兜区域过滤: 4 -> 2 个目标
2026-05-21 14:00:13 [INFO] 准备保存检测结果到: C:\code\show\Scrap_Steel_In_Field\photos\dangerous_det\detection_20260521_140013.jpg
2026-05-21 14:00:13 [INFO] 图像形状: (2160, 3840, 3)
2026-05-21 14:00:13 [INFO] 图像数据类型: uint8
2026-05-21 14:00:13 [INFO] 图像最大值: 255
2026-05-21 14:00:13 [INFO] 图像最小值: 0
2026-05-21 14:00:13 [INFO] 开始保存检测结果图像: 图像尺寸=(2160, 3840, 3), 类型=uint8, 路径=C:\code\show\Scrap_Steel_In_Field\photos\dangerous_det\detection_20260521_140013.jpg
2026-05-21 14:00:13 [INFO] 成功保存检测结果到: C:\code\show\Scrap_Steel_In_Field\photos\dangerous_det\detection_20260521_140013.jpg
2026-05-21 14:00:13 [INFO] 保存的检测结果文件大小: 2541739 字节
2026-05-21 14:00:13 [INFO] 引擎上下文已释放
2026-05-21 14:00:13 [INFO] TensorRT 引擎已释放
2026-05-21 14:00:13 [INFO] 全局 CUDA 资源已释放
2026-05-21 14:00:13 [INFO] 检测系统资源已释放
2026-05-21 14:00:18 [INFO] CUDA 初始化成功
2026-05-21 14:00:19 [INFO] 引擎加载成功: dangerous.engine
2026-05-21 14:00:19 [INFO] 检测系统初始化成功
2026-05-21 14:00:19 [INFO] 图像预处理完成，原始尺寸: (2160, 3840)
2026-05-21 14:00:19 [INFO] 开始执行目标检测...
2026-05-21 14:00:19 [INFO] 检测完成，找到 4 个物体
2026-05-21 14:00:19 [INFO] 物体 1: GasCyl1 (置信度: 0.86)
2026-05-21 14:00:19 [INFO] 物体 2: FireExt1 (置信度: 0.49)
2026-05-21 14:00:19 [INFO] 物体 3: FireExt1 (置信度: 0.48)
2026-05-21 14:00:19 [INFO] 物体 4: FireExt2 (置信度: 0.30)
2026-05-21 14:00:19 [INFO] 检测到车兜区域，将过滤区域外的目标
2026-05-21 14:00:19 [INFO] 车兜区域过滤: 4 -> 2 个目标
2026-05-21 14:00:19 [INFO] 准备保存检测结果到: C:\code\show\Scrap_Steel_In_Field\photos\dangerous_det\detection_20260521_140019.jpg
2026-05-21 14:00:19 [INFO] 图像形状: (2160, 3840, 3)
2026-05-21 14:00:19 [INFO] 图像数据类型: uint8
2026-05-21 14:00:19 [INFO] 图像最大值: 255
2026-05-21 14:00:19 [INFO] 图像最小值: 0
2026-05-21 14:00:19 [INFO] 开始保存检测结果图像: 图像尺寸=(2160, 3840, 3), 类型=uint8, 路径=C:\code\show\Scrap_Steel_In_Field\photos\dangerous_det\detection_20260521_140019.jpg
2026-05-21 14:00:19 [INFO] 成功保存检测结果到: C:\code\show\Scrap_Steel_In_Field\photos\dangerous_det\detection_20260521_140019.jpg
2026-05-21 14:00:19 [INFO] 保存的检测结果文件大小: 2523120 字节
2026-05-21 14:00:19 [INFO] 引擎上下文已释放
2026-05-21 14:00:19 [INFO] TensorRT 引擎已释放
2026-05-21 14:00:19 [INFO] 全局 CUDA 资源已释放
2026-05-21 14:00:19 [INFO] 检测系统资源已释放
2026-05-21 14:00:23 [INFO] CUDA 初始化成功
2026-05-21 14:00:24 [INFO] 引擎加载成功: dangerous.engine
2026-05-21 14:00:24 [INFO] 检测系统初始化成功
2026-05-21 14:00:24 [INFO] 图像预处理完成，原始尺寸: (2160, 3840)
2026-05-21 14:00:24 [INFO] 开始执行目标检测...
2026-05-21 14:00:24 [INFO] 检测完成，找到 4 个物体
2026-05-21 14:00:24 [INFO] 物体 1: GasCyl1 (置信度: 0.86)
2026-05-21 14:00:24 [INFO] 物体 2: FireExt1 (置信度: 0.51)
2026-05-21 14:00:24 [INFO] 物体 3: FireExt1 (置信度: 0.49)
2026-05-21 14:00:24 [INFO] 物体 4: FireExt2 (置信度: 0.31)
2026-05-21 14:00:24 [INFO] 检测到车兜区域，将过滤区域外的目标
2026-05-21 14:00:24 [INFO] 车兜区域过滤: 4 -> 2 个目标
2026-05-21 14:00:24 [INFO] 准备保存检测结果到: C:\code\show\Scrap_Steel_In_Field\photos\dangerous_det\detection_20260521_140024.jpg
2026-05-21 14:00:24 [INFO] 图像形状: (2160, 3840, 3)
2026-05-21 14:00:24 [INFO] 图像数据类型: uint8
2026-05-21 14:00:24 [INFO] 图像最大值: 255
2026-05-21 14:00:24 [INFO] 图像最小值: 0
2026-05-21 14:00:24 [INFO] 开始保存检测结果图像: 图像尺寸=(2160, 3840, 3), 类型=uint8, 路径=C:\code\show\Scrap_Steel_In_Field\photos\dangerous_det\detection_20260521_140024.jpg
2026-05-21 14:00:24 [INFO] 成功保存检测结果到: C:\code\show\Scrap_Steel_In_Field\photos\dangerous_det\detection_20260521_140024.jpg
2026-05-21 14:00:24 [INFO] 保存的检测结果文件大小: 2526975 字节
2026-05-21 14:00:24 [INFO] 引擎上下文已释放
2026-05-21 14:00:24 [INFO] TensorRT 引擎已释放
2026-05-21 14:00:24 [INFO] 全局 CUDA 资源已释放
2026-05-21 14:00:24 [INFO] 检测系统资源已释放
2026-05-21 14:00:29 [INFO] CUDA 初始化成功
2026-05-21 14:00:29 [INFO] 引擎加载成功: dangerous.engine
2026-05-21 14:00:29 [INFO] 检测系统初始化成功
2026-05-21 14:00:29 [INFO] 图像预处理完成，原始尺寸: (2160, 3840)
2026-05-21 14:00:29 [INFO] 开始执行目标检测...
2026-05-21 14:00:29 [INFO] 检测完成，找到 4 个物体
2026-05-21 14:00:29 [INFO] 物体 1: GasCyl1 (置信度: 0.81)
2026-05-21 14:00:29 [INFO] 物体 2: FireExt1 (置信度: 0.49)
2026-05-21 14:00:29 [INFO] 物体 3: FireExt1 (置信度: 0.46)
2026-05-21 14:00:29 [INFO] 物体 4: FireExt2 (置信度: 0.29)
2026-05-21 14:00:29 [INFO] 检测到车兜区域，将过滤区域外的目标
2026-05-21 14:00:29 [INFO] 车兜区域过滤: 4 -> 2 个目标
2026-05-21 14:00:29 [INFO] 准备保存检测结果到: C:\code\show\Scrap_Steel_In_Field\photos\dangerous_det\detection_20260521_140029.jpg
2026-05-21 14:00:29 [INFO] 图像形状: (2160, 3840, 3)
2026-05-21 14:00:29 [INFO] 图像数据类型: uint8
2026-05-21 14:00:29 [INFO] 图像最大值: 255
2026-05-21 14:00:29 [INFO] 图像最小值: 0
2026-05-21 14:00:29 [INFO] 开始保存检测结果图像: 图像尺寸=(2160, 3840, 3), 类型=uint8, 路径=C:\code\show\Scrap_Steel_In_Field\photos\dangerous_det\detection_20260521_140029.jpg
2026-05-21 14:00:29 [INFO] 成功保存检测结果到: C:\code\show\Scrap_Steel_In_Field\photos\dangerous_det\detection_20260521_140029.jpg
2026-05-21 14:00:29 [INFO] 保存的检测结果文件大小: 2529766 字节
2026-05-21 14:00:29 [INFO] 引擎上下文已释放
2026-05-21 14:00:29 [INFO] TensorRT 引擎已释放
2026-05-21 14:00:29 [INFO] 全局 CUDA 资源已释放
2026-05-21 14:00:29 [INFO] 检测系统资源已释放
2026-05-21 14:00:34 [INFO] CUDA 初始化成功
2026-05-21 14:00:34 [INFO] 引擎加载成功: dangerous.engine
2026-05-21 14:00:34 [INFO] 检测系统初始化成功
2026-05-21 14:00:34 [INFO] 图像预处理完成，原始尺寸: (2160, 3840)
2026-05-21 14:00:34 [INFO] 开始执行目标检测...
2026-05-21 14:00:35 [INFO] 检测完成，找到 4 个物体
2026-05-21 14:00:35 [INFO] 物体 1: GasCyl1 (置信度: 0.88)
2026-05-21 14:00:35 [INFO] 物体 2: FireExt1 (置信度: 0.49)
2026-05-21 14:00:35 [INFO] 物体 3: FireExt1 (置信度: 0.48)
2026-05-21 14:00:35 [INFO] 物体 4: FireExt1 (置信度: 0.28)
2026-05-21 14:00:35 [INFO] 检测到车兜区域，将过滤区域外的目标
2026-05-21 14:00:35 [INFO] 车兜区域过滤: 4 -> 2 个目标
2026-05-21 14:00:35 [INFO] 准备保存检测结果到: C:\code\show\Scrap_Steel_In_Field\photos\dangerous_det\detection_20260521_140035.jpg
2026-05-21 14:00:35 [INFO] 图像形状: (2160, 3840, 3)
2026-05-21 14:00:35 [INFO] 图像数据类型: uint8
2026-05-21 14:00:35 [INFO] 图像最大值: 255
2026-05-21 14:00:35 [INFO] 图像最小值: 0
2026-05-21 14:00:35 [INFO] 开始保存检测结果图像: 图像尺寸=(2160, 3840, 3), 类型=uint8, 路径=C:\code\show\Scrap_Steel_In_Field\photos\dangerous_det\detection_20260521_140035.jpg
2026-05-21 14:00:35 [INFO] 成功保存检测结果到: C:\code\show\Scrap_Steel_In_Field\photos\dangerous_det\detection_20260521_140035.jpg
2026-05-21 14:00:35 [INFO] 保存的检测结果文件大小: 2532766 字节
2026-05-21 14:00:35 [INFO] 引擎上下文已释放
2026-05-21 14:00:35 [INFO] TensorRT 引擎已释放
2026-05-21 14:00:35 [INFO] 全局 CUDA 资源已释放
2026-05-21 14:00:35 [INFO] 检测系统资源已释放
2026-05-21 14:00:39 [INFO] CUDA 初始化成功
2026-05-21 14:00:39 [INFO] 引擎加载成功: dangerous.engine
2026-05-21 14:00:39 [INFO] 检测系统初始化成功
2026-05-21 14:00:39 [INFO] 图像预处理完成，原始尺寸: (2160, 3840)
2026-05-21 14:00:39 [INFO] 开始执行目标检测...
2026-05-21 14:00:39 [INFO] 检测完成，找到 5 个物体
2026-05-21 14:00:39 [INFO] 物体 1: GasCyl1 (置信度: 0.86)
2026-05-21 14:00:39 [INFO] 物体 2: FireExt1 (置信度: 0.49)
2026-05-21 14:00:39 [INFO] 物体 3: FireExt1 (置信度: 0.47)
2026-05-21 14:00:39 [INFO] 物体 4: FireExt2 (置信度: 0.33)
2026-05-21 14:00:39 [INFO] 物体 5: FireExt1 (置信度: 0.30)
2026-05-21 14:00:40 [INFO] 检测到车兜区域，将过滤区域外的目标
2026-05-21 14:00:40 [INFO] 车兜区域过滤: 5 -> 2 个目标
2026-05-21 14:00:40 [INFO] 准备保存检测结果到: C:\code\show\Scrap_Steel_In_Field\photos\dangerous_det\detection_20260521_140040.jpg
2026-05-21 14:00:40 [INFO] 图像形状: (2160, 3840, 3)
2026-05-21 14:00:40 [INFO] 图像数据类型: uint8
2026-05-21 14:00:40 [INFO] 图像最大值: 255
2026-05-21 14:00:40 [INFO] 图像最小值: 0
2026-05-21 14:00:40 [INFO] 开始保存检测结果图像: 图像尺寸=(2160, 3840, 3), 类型=uint8, 路径=C:\code\show\Scrap_Steel_In_Field\photos\dangerous_det\detection_20260521_140040.jpg
2026-05-21 14:00:40 [INFO] 成功保存检测结果到: C:\code\show\Scrap_Steel_In_Field\photos\dangerous_det\detection_20260521_140040.jpg
2026-05-21 14:00:40 [INFO] 保存的检测结果文件大小: 2530895 字节
2026-05-21 14:00:40 [INFO] 引擎上下文已释放
2026-05-21 14:00:40 [INFO] TensorRT 引擎已释放
2026-05-21 14:00:40 [INFO] 全局 CUDA 资源已释放
2026-05-21 14:00:40 [INFO] 检测系统资源已释放
2026-05-21 14:00:45 [INFO] CUDA 初始化成功
2026-05-21 14:00:45 [INFO] 引擎加载成功: dangerous.engine
2026-05-21 14:00:45 [INFO] 检测系统初始化成功
2026-05-21 14:00:45 [INFO] 图像预处理完成，原始尺寸: (2160, 3840)
2026-05-21 14:00:45 [INFO] 开始执行目标检测...
2026-05-21 14:00:45 [INFO] 检测完成，找到 4 个物体
2026-05-21 14:00:45 [INFO] 物体 1: GasCyl1 (置信度: 0.86)
2026-05-21 14:00:45 [INFO] 物体 2: FireExt1 (置信度: 0.47)
2026-05-21 14:00:45 [INFO] 物体 3: FireExt1 (置信度: 0.47)
2026-05-21 14:00:45 [INFO] 物体 4: FireExt2 (置信度: 0.32)
2026-05-21 14:00:45 [INFO] 检测到车兜区域，将过滤区域外的目标
2026-05-21 14:00:45 [INFO] 车兜区域过滤: 4 -> 2 个目标
2026-05-21 14:00:45 [INFO] 准备保存检测结果到: C:\code\show\Scrap_Steel_In_Field\photos\dangerous_det\detection_20260521_140045.jpg
2026-05-21 14:00:45 [INFO] 图像形状: (2160, 3840, 3)
2026-05-21 14:00:45 [INFO] 图像数据类型: uint8
2026-05-21 14:00:45 [INFO] 图像最大值: 255
2026-05-21 14:00:45 [INFO] 图像最小值: 0
2026-05-21 14:00:45 [INFO] 开始保存检测结果图像: 图像尺寸=(2160, 3840, 3), 类型=uint8, 路径=C:\code\show\Scrap_Steel_In_Field\photos\dangerous_det\detection_20260521_140045.jpg
2026-05-21 14:00:45 [INFO] 成功保存检测结果到: C:\code\show\Scrap_Steel_In_Field\photos\dangerous_det\detection_20260521_140045.jpg
2026-05-21 14:00:45 [INFO] 保存的检测结果文件大小: 2536285 字节
2026-05-21 14:00:45 [INFO] 引擎上下文已释放
2026-05-21 14:00:45 [INFO] TensorRT 引擎已释放
2026-05-21 14:00:45 [INFO] 全局 CUDA 资源已释放
2026-05-21 14:00:45 [INFO] 检测系统资源已释放
2026-05-21 14:00:50 [INFO] CUDA 初始化成功
2026-05-21 14:00:50 [INFO] 引擎加载成功: dangerous.engine
2026-05-21 14:00:50 [INFO] 检测系统初始化成功
2026-05-21 14:00:50 [INFO] 图像预处理完成，原始尺寸: (2160, 3840)
2026-05-21 14:00:50 [INFO] 开始执行目标检测...
2026-05-21 14:00:50 [INFO] 检测完成，找到 4 个物体
2026-05-21 14:00:50 [INFO] 物体 1: GasCyl1 (置信度: 0.88)
2026-05-21 14:00:50 [INFO] 物体 2: FireExt1 (置信度: 0.49)
2026-05-21 14:00:50 [INFO] 物体 3: FireExt1 (置信度: 0.42)
2026-05-21 14:00:50 [INFO] 物体 4: FireExt2 (置信度: 0.26)
2026-05-21 14:00:50 [INFO] 检测到车兜区域，将过滤区域外的目标
2026-05-21 14:00:50 [INFO] 车兜区域过滤: 4 -> 2 个目标
2026-05-21 14:00:50 [INFO] 准备保存检测结果到: C:\code\show\Scrap_Steel_In_Field\photos\dangerous_det\detection_20260521_140050.jpg
2026-05-21 14:00:50 [INFO] 图像形状: (2160, 3840, 3)
2026-05-21 14:00:50 [INFO] 图像数据类型: uint8
2026-05-21 14:00:50 [INFO] 图像最大值: 255
2026-05-21 14:00:50 [INFO] 图像最小值: 0
2026-05-21 14:00:50 [INFO] 开始保存检测结果图像: 图像尺寸=(2160, 3840, 3), 类型=uint8, 路径=C:\code\show\Scrap_Steel_In_Field\photos\dangerous_det\detection_20260521_140050.jpg
2026-05-21 14:00:50 [INFO] 成功保存检测结果到: C:\code\show\Scrap_Steel_In_Field\photos\dangerous_det\detection_20260521_140050.jpg
2026-05-21 14:00:50 [INFO] 保存的检测结果文件大小: 2524718 字节
2026-05-21 14:00:50 [INFO] 引擎上下文已释放
2026-05-21 14:00:50 [INFO] TensorRT 引擎已释放
2026-05-21 14:00:50 [INFO] 全局 CUDA 资源已释放
2026-05-21 14:00:50 [INFO] 检测系统资源已释放
