2026-05-21 10:17:31 [INFO] CUDA 初始化成功
2026-05-21 10:17:31 [INFO] 引擎加载成功: dangerous.engine
2026-05-21 10:17:31 [INFO] 检测系统初始化成功
2026-05-21 10:17:34 [INFO] 引擎加载成功: dangerous.engine
2026-05-21 10:17:34 [INFO] 检测系统初始化成功
2026-05-21 10:17:34 [INFO] 图像预处理完成，原始尺寸: (2160, 3840)
2026-05-21 10:17:34 [INFO] 开始执行目标检测...
2026-05-21 10:17:34 [INFO] 检测完成，找到 0 个物体
2026-05-21 10:17:34 [INFO] 检测到车兜区域，将过滤区域外的目标
2026-05-21 10:17:34 [INFO] 引擎上下文已释放
2026-05-21 10:17:34 [INFO] TensorRT 引擎已释放
2026-05-21 10:17:34 [INFO] 全局 CUDA 资源已释放
2026-05-21 10:17:34 [INFO] 检测系统资源已释放
2026-05-21 10:17:41 [INFO] CUDA 初始化成功
2026-05-21 10:17:42 [INFO] 引擎加载成功: dangerous.engine
2026-05-21 10:17:42 [INFO] 检测系统初始化成功
2026-05-21 10:17:42 [INFO] 图像预处理完成，原始尺寸: (2160, 3840)
2026-05-21 10:17:42 [INFO] 开始执行目标检测...
2026-05-21 10:17:42 [INFO] 检测完成，找到 4 个物体
2026-05-21 10:17:42 [INFO] 物体 1: GasCyl1 (置信度: 0.88)
2026-05-21 10:17:42 [INFO] 物体 2: GasCyl1 (置信度: 0.79)
2026-05-21 10:17:42 [INFO] 物体 3: FireExt1 (置信度: 0.50)
2026-05-21 10:17:42 [INFO] 物体 4: FireExt1 (置信度: 0.35)
2026-05-21 10:17:42 [INFO] 检测到车兜区域，将过滤区域外的目标
2026-05-21 10:17:42 [INFO] 车兜区域过滤: 4 -> 2 个目标
2026-05-21 10:17:42 [INFO] 准备保存检测结果到: C:\code\show\Scrap_Steel_In_Field\photos\dangerous_det\detection_20260521_101742.jpg
2026-05-21 10:17:42 [INFO] 图像形状: (2160, 3840, 3)
2026-05-21 10:17:42 [INFO] 图像数据类型: uint8
2026-05-21 10:17:42 [INFO] 图像最大值: 255
2026-05-21 10:17:42 [INFO] 图像最小值: 0
2026-05-21 10:17:42 [INFO] 开始保存检测结果图像: 图像尺寸=(2160, 3840, 3), 类型=uint8, 路径=C:\code\show\Scrap_Steel_In_Field\photos\dangerous_det\detection_20260521_101742.jpg
2026-05-21 10:17:42 [INFO] 成功保存检测结果到: C:\code\show\Scrap_Steel_In_Field\photos\dangerous_det\detection_20260521_101742.jpg
2026-05-21 10:17:42 [INFO] 保存的检测结果文件大小: 2484509 字节
2026-05-21 10:17:42 [INFO] 引擎上下文已释放
2026-05-21 10:17:42 [INFO] TensorRT 引擎已释放
2026-05-21 10:17:42 [INFO] 全局 CUDA 资源已释放
2026-05-21 10:17:42 [INFO] 检测系统资源已释放
2026-05-21 10:17:47 [INFO] CUDA 初始化成功
2026-05-21 10:17:47 [INFO] 引擎加载成功: dangerous.engine
2026-05-21 10:17:47 [INFO] 检测系统初始化成功
2026-05-21 10:17:47 [INFO] 图像预处理完成，原始尺寸: (2160, 3840)
2026-05-21 10:17:47 [INFO] 开始执行目标检测...
2026-05-21 10:17:47 [INFO] 检测完成，找到 4 个物体
2026-05-21 10:17:47 [INFO] 物体 1: GasCyl1 (置信度: 0.89)
2026-05-21 10:17:47 [INFO] 物体 2: GasCyl1 (置信度: 0.71)
2026-05-21 10:17:47 [INFO] 物体 3: FireExt1 (置信度: 0.50)
2026-05-21 10:17:47 [INFO] 物体 4: FireExt1 (置信度: 0.35)
2026-05-21 10:17:47 [INFO] 检测到车兜区域，将过滤区域外的目标
2026-05-21 10:17:47 [INFO] 车兜区域过滤: 4 -> 2 个目标
2026-05-21 10:17:47 [INFO] 准备保存检测结果到: C:\code\show\Scrap_Steel_In_Field\photos\dangerous_det\detection_20260521_101747.jpg
2026-05-21 10:17:47 [INFO] 图像形状: (2160, 3840, 3)
2026-05-21 10:17:47 [INFO] 图像数据类型: uint8
2026-05-21 10:17:47 [INFO] 图像最大值: 255
2026-05-21 10:17:47 [INFO] 图像最小值: 0
2026-05-21 10:17:47 [INFO] 开始保存检测结果图像: 图像尺寸=(2160, 3840, 3), 类型=uint8, 路径=C:\code\show\Scrap_Steel_In_Field\photos\dangerous_det\detection_20260521_101747.jpg
2026-05-21 10:17:47 [INFO] 成功保存检测结果到: C:\code\show\Scrap_Steel_In_Field\photos\dangerous_det\detection_20260521_101747.jpg
2026-05-21 10:17:47 [INFO] 保存的检测结果文件大小: 2480522 字节
2026-05-21 10:17:47 [INFO] 引擎上下文已释放
2026-05-21 10:17:47 [INFO] TensorRT 引擎已释放
2026-05-21 10:17:47 [INFO] 全局 CUDA 资源已释放
2026-05-21 10:17:47 [INFO] 检测系统资源已释放
