2026-06-20 17:16:57 [INFO] CUDA 初始化成功
2026-06-20 17:16:57 [INFO] 引擎加载成功: dangerous.engine
2026-06-20 17:16:57 [INFO] 检测系统初始化成功
2026-06-20 17:16:59 [INFO] 引擎加载成功: dangerous.engine
2026-06-20 17:16:59 [INFO] 检测系统初始化成功
2026-06-20 17:16:59 [INFO] 图像预处理完成，原始尺寸: (2160, 3840)
2026-06-20 17:16:59 [INFO] 开始执行目标检测...
2026-06-20 17:16:59 [INFO] 检测完成，找到 0 个物体
2026-06-20 17:16:59 [INFO] 检测到车兜区域，将过滤区域外的目标
2026-06-20 17:16:59 [INFO] 引擎上下文已释放
2026-06-20 17:16:59 [INFO] TensorRT 引擎已释放
2026-06-20 17:16:59 [INFO] 全局 CUDA 资源已释放
2026-06-20 17:16:59 [INFO] 检测系统资源已释放
2026-06-20 17:17:05 [INFO] CUDA 初始化成功
2026-06-20 17:17:05 [INFO] 引擎加载成功: dangerous.engine
2026-06-20 17:17:05 [INFO] 检测系统初始化成功
2026-06-20 17:17:05 [INFO] 图像预处理完成，原始尺寸: (2160, 3840)
2026-06-20 17:17:05 [INFO] 开始执行目标检测...
2026-06-20 17:17:05 [INFO] 检测完成，找到 3 个物体
2026-06-20 17:17:05 [INFO] 物体 1: GasCyl1 (置信度: 0.88)
2026-06-20 17:17:05 [INFO] 物体 2: FireExt1 (置信度: 0.51)
2026-06-20 17:17:05 [INFO] 物体 3: FireExt1 (置信度: 0.36)
2026-06-20 17:17:05 [INFO] 检测到车兜区域，将过滤区域外的目标
2026-06-20 17:17:05 [INFO] 准备保存检测结果到: C:\code\show\Scrap_Steel_In_Field\photos\dangerous_det\detection_20260620_171705.jpg
2026-06-20 17:17:05 [INFO] 图像形状: (2160, 3840, 3)
2026-06-20 17:17:05 [INFO] 图像数据类型: uint8
2026-06-20 17:17:05 [INFO] 图像最大值: 255
2026-06-20 17:17:05 [INFO] 图像最小值: 0
2026-06-20 17:17:05 [INFO] 开始保存检测结果图像: 图像尺寸=(2160, 3840, 3), 类型=uint8, 路径=C:\code\show\Scrap_Steel_In_Field\photos\dangerous_det\detection_20260620_171705.jpg
2026-06-20 17:17:05 [INFO] 成功保存检测结果到: C:\code\show\Scrap_Steel_In_Field\photos\dangerous_det\detection_20260620_171705.jpg
2026-06-20 17:17:05 [INFO] 保存的检测结果文件大小: 2192539 字节
2026-06-20 17:17:05 [INFO] 引擎上下文已释放
2026-06-20 17:17:05 [INFO] TensorRT 引擎已释放
2026-06-20 17:17:05 [INFO] 全局 CUDA 资源已释放
2026-06-20 17:17:05 [INFO] 检测系统资源已释放
2026-06-20 17:17:10 [INFO] CUDA 初始化成功
2026-06-20 17:17:10 [INFO] 引擎加载成功: dangerous.engine
2026-06-20 17:17:10 [INFO] 检测系统初始化成功
2026-06-20 17:17:10 [INFO] 图像预处理完成，原始尺寸: (2160, 3840)
2026-06-20 17:17:10 [INFO] 开始执行目标检测...
2026-06-20 17:17:10 [INFO] 检测完成，找到 3 个物体
2026-06-20 17:17:10 [INFO] 物体 1: GasCyl1 (置信度: 0.87)
2026-06-20 17:17:10 [INFO] 物体 2: FireExt1 (置信度: 0.50)
2026-06-20 17:17:10 [INFO] 物体 3: FireExt1 (置信度: 0.35)
2026-06-20 17:17:10 [INFO] 检测到车兜区域，将过滤区域外的目标
2026-06-20 17:17:10 [INFO] 准备保存检测结果到: C:\code\show\Scrap_Steel_In_Field\photos\dangerous_det\detection_20260620_171710.jpg
2026-06-20 17:17:10 [INFO] 图像形状: (2160, 3840, 3)
2026-06-20 17:17:10 [INFO] 图像数据类型: uint8
2026-06-20 17:17:10 [INFO] 图像最大值: 255
2026-06-20 17:17:10 [INFO] 图像最小值: 0
2026-06-20 17:17:10 [INFO] 开始保存检测结果图像: 图像尺寸=(2160, 3840, 3), 类型=uint8, 路径=C:\code\show\Scrap_Steel_In_Field\photos\dangerous_det\detection_20260620_171710.jpg
2026-06-20 17:17:10 [INFO] 成功保存检测结果到: C:\code\show\Scrap_Steel_In_Field\photos\dangerous_det\detection_20260620_171710.jpg
2026-06-20 17:17:10 [INFO] 保存的检测结果文件大小: 2190878 字节
2026-06-20 17:17:10 [INFO] 引擎上下文已释放
2026-06-20 17:17:10 [INFO] TensorRT 引擎已释放
2026-06-20 17:17:10 [INFO] 全局 CUDA 资源已释放
2026-06-20 17:17:10 [INFO] 检测系统资源已释放
2026-06-20 17:17:15 [INFO] CUDA 初始化成功
2026-06-20 17:17:15 [INFO] 引擎加载成功: dangerous.engine
2026-06-20 17:17:15 [INFO] 检测系统初始化成功
2026-06-20 17:17:15 [INFO] 图像预处理完成，原始尺寸: (2160, 3840)
2026-06-20 17:17:15 [INFO] 开始执行目标检测...
2026-06-20 17:17:15 [INFO] 检测完成，找到 3 个物体
2026-06-20 17:17:15 [INFO] 物体 1: GasCyl1 (置信度: 0.89)
2026-06-20 17:17:15 [INFO] 物体 2: FireExt1 (置信度: 0.54)
2026-06-20 17:17:15 [INFO] 物体 3: FireExt1 (置信度: 0.36)
2026-06-20 17:17:15 [INFO] 检测到车兜区域，将过滤区域外的目标
2026-06-20 17:17:15 [INFO] 准备保存检测结果到: C:\code\show\Scrap_Steel_In_Field\photos\dangerous_det\detection_20260620_171715.jpg
2026-06-20 17:17:15 [INFO] 图像形状: (2160, 3840, 3)
2026-06-20 17:17:15 [INFO] 图像数据类型: uint8
2026-06-20 17:17:15 [INFO] 图像最大值: 255
2026-06-20 17:17:15 [INFO] 图像最小值: 0
2026-06-20 17:17:15 [INFO] 开始保存检测结果图像: 图像尺寸=(2160, 3840, 3), 类型=uint8, 路径=C:\code\show\Scrap_Steel_In_Field\photos\dangerous_det\detection_20260620_171715.jpg
2026-06-20 17:17:15 [INFO] 成功保存检测结果到: C:\code\show\Scrap_Steel_In_Field\photos\dangerous_det\detection_20260620_171715.jpg
2026-06-20 17:17:15 [INFO] 保存的检测结果文件大小: 2151420 字节
2026-06-20 17:17:15 [INFO] 引擎上下文已释放
2026-06-20 17:17:15 [INFO] TensorRT 引擎已释放
2026-06-20 17:17:15 [INFO] 全局 CUDA 资源已释放
2026-06-20 17:17:15 [INFO] 检测系统资源已释放
2026-06-20 17:17:20 [INFO] CUDA 初始化成功
2026-06-20 17:17:20 [INFO] 引擎加载成功: dangerous.engine
2026-06-20 17:17:20 [INFO] 检测系统初始化成功
2026-06-20 17:17:20 [INFO] 图像预处理完成，原始尺寸: (2160, 3840)
2026-06-20 17:17:20 [INFO] 开始执行目标检测...
2026-06-20 17:17:20 [INFO] 检测完成，找到 3 个物体
2026-06-20 17:17:20 [INFO] 物体 1: GasCyl1 (置信度: 0.88)
2026-06-20 17:17:20 [INFO] 物体 2: FireExt1 (置信度: 0.48)
2026-06-20 17:17:20 [INFO] 物体 3: FireExt1 (置信度: 0.38)
2026-06-20 17:17:20 [INFO] 检测到车兜区域，将过滤区域外的目标
2026-06-20 17:17:20 [INFO] 准备保存检测结果到: C:\code\show\Scrap_Steel_In_Field\photos\dangerous_det\detection_20260620_171720.jpg
2026-06-20 17:17:20 [INFO] 图像形状: (2160, 3840, 3)
2026-06-20 17:17:20 [INFO] 图像数据类型: uint8
2026-06-20 17:17:20 [INFO] 图像最大值: 255
2026-06-20 17:17:20 [INFO] 图像最小值: 0
2026-06-20 17:17:20 [INFO] 开始保存检测结果图像: 图像尺寸=(2160, 3840, 3), 类型=uint8, 路径=C:\code\show\Scrap_Steel_In_Field\photos\dangerous_det\detection_20260620_171720.jpg
2026-06-20 17:17:20 [INFO] 成功保存检测结果到: C:\code\show\Scrap_Steel_In_Field\photos\dangerous_det\detection_20260620_171720.jpg
2026-06-20 17:17:20 [INFO] 保存的检测结果文件大小: 2201637 字节
2026-06-20 17:17:20 [INFO] 引擎上下文已释放
2026-06-20 17:17:20 [INFO] TensorRT 引擎已释放
2026-06-20 17:17:20 [INFO] 全局 CUDA 资源已释放
2026-06-20 17:17:20 [INFO] 检测系统资源已释放
2026-06-20 17:17:25 [INFO] CUDA 初始化成功
2026-06-20 17:17:25 [INFO] 引擎加载成功: dangerous.engine
2026-06-20 17:17:25 [INFO] 检测系统初始化成功
2026-06-20 17:17:25 [INFO] 图像预处理完成，原始尺寸: (2160, 3840)
2026-06-20 17:17:25 [INFO] 开始执行目标检测...
2026-06-20 17:17:25 [INFO] 检测完成，找到 4 个物体
2026-06-20 17:17:25 [INFO] 物体 1: GasCyl1 (置信度: 0.90)
2026-06-20 17:17:25 [INFO] 物体 2: FireExt1 (置信度: 0.50)
2026-06-20 17:17:25 [INFO] 物体 3: FireExt1 (置信度: 0.37)
2026-06-20 17:17:25 [INFO] 物体 4: FireExt1 (置信度: 0.36)
2026-06-20 17:17:25 [INFO] 检测到车兜区域，将过滤区域外的目标
2026-06-20 17:17:25 [INFO] 车兜区域过滤: 4 -> 3 个目标
2026-06-20 17:17:25 [INFO] 准备保存检测结果到: C:\code\show\Scrap_Steel_In_Field\photos\dangerous_det\detection_20260620_171725.jpg
2026-06-20 17:17:25 [INFO] 图像形状: (2160, 3840, 3)
2026-06-20 17:17:25 [INFO] 图像数据类型: uint8
2026-06-20 17:17:25 [INFO] 图像最大值: 255
2026-06-20 17:17:25 [INFO] 图像最小值: 0
2026-06-20 17:17:25 [INFO] 开始保存检测结果图像: 图像尺寸=(2160, 3840, 3), 类型=uint8, 路径=C:\code\show\Scrap_Steel_In_Field\photos\dangerous_det\detection_20260620_171725.jpg
2026-06-20 17:17:25 [INFO] 成功保存检测结果到: C:\code\show\Scrap_Steel_In_Field\photos\dangerous_det\detection_20260620_171725.jpg
2026-06-20 17:17:25 [INFO] 保存的检测结果文件大小: 2198207 字节
2026-06-20 17:17:25 [INFO] 引擎上下文已释放
2026-06-20 17:17:25 [INFO] TensorRT 引擎已释放
2026-06-20 17:17:25 [INFO] 全局 CUDA 资源已释放
2026-06-20 17:17:25 [INFO] 检测系统资源已释放
