2026-06-06 18:53:31 [INFO] CUDA 初始化成功
2026-06-06 18:53:31 [INFO] 引擎加载成功: dangerous.engine
2026-06-06 18:53:31 [INFO] 检测系统初始化成功
2026-06-06 18:53:34 [INFO] 引擎加载成功: dangerous.engine
2026-06-06 18:53:34 [INFO] 检测系统初始化成功
2026-06-06 18:53:34 [INFO] 图像预处理完成，原始尺寸: (2160, 3840)
2026-06-06 18:53:34 [INFO] 开始执行目标检测...
2026-06-06 18:53:34 [INFO] 检测完成，找到 0 个物体
2026-06-06 18:53:34 [INFO] 检测到车兜区域，将过滤区域外的目标
2026-06-06 18:53:34 [INFO] 引擎上下文已释放
2026-06-06 18:53:34 [INFO] TensorRT 引擎已释放
2026-06-06 18:53:34 [INFO] 全局 CUDA 资源已释放
2026-06-06 18:53:34 [INFO] 检测系统资源已释放
2026-06-06 18:53:41 [INFO] CUDA 初始化成功
2026-06-06 18:53:41 [INFO] 引擎加载成功: dangerous.engine
2026-06-06 18:53:41 [INFO] 检测系统初始化成功
2026-06-06 18:53:41 [INFO] 图像预处理完成，原始尺寸: (2160, 3840)
2026-06-06 18:53:41 [INFO] 开始执行目标检测...
2026-06-06 18:53:41 [INFO] 检测完成，找到 3 个物体
2026-06-06 18:53:41 [INFO] 物体 1: GasCyl1 (置信度: 0.91)
2026-06-06 18:53:41 [INFO] 物体 2: GasCyl1 (置信度: 0.59)
2026-06-06 18:53:41 [INFO] 物体 3: FireExt1 (置信度: 0.43)
2026-06-06 18:53:41 [INFO] 检测到车兜区域，将过滤区域外的目标
2026-06-06 18:53:41 [INFO] 准备保存检测结果到: C:\code\show\Scrap_Steel_In_Field\photos\dangerous_det\detection_20260606_185341.jpg
2026-06-06 18:53:41 [INFO] 图像形状: (2160, 3840, 3)
2026-06-06 18:53:41 [INFO] 图像数据类型: uint8
2026-06-06 18:53:41 [INFO] 图像最大值: 255
2026-06-06 18:53:42 [INFO] 图像最小值: 0
2026-06-06 18:53:42 [INFO] 开始保存检测结果图像: 图像尺寸=(2160, 3840, 3), 类型=uint8, 路径=C:\code\show\Scrap_Steel_In_Field\photos\dangerous_det\detection_20260606_185341.jpg
2026-06-06 18:53:42 [INFO] 成功保存检测结果到: C:\code\show\Scrap_Steel_In_Field\photos\dangerous_det\detection_20260606_185341.jpg
2026-06-06 18:53:42 [INFO] 保存的检测结果文件大小: 2007661 字节
2026-06-06 18:53:42 [INFO] 引擎上下文已释放
2026-06-06 18:53:42 [INFO] TensorRT 引擎已释放
2026-06-06 18:53:42 [INFO] 全局 CUDA 资源已释放
2026-06-06 18:53:42 [INFO] 检测系统资源已释放
2026-06-06 18:53:46 [INFO] CUDA 初始化成功
2026-06-06 18:53:46 [INFO] 引擎加载成功: dangerous.engine
2026-06-06 18:53:46 [INFO] 检测系统初始化成功
2026-06-06 18:53:46 [INFO] 图像预处理完成，原始尺寸: (2160, 3840)
2026-06-06 18:53:46 [INFO] 开始执行目标检测...
2026-06-06 18:53:46 [INFO] 检测完成，找到 3 个物体
2026-06-06 18:53:46 [INFO] 物体 1: GasCyl1 (置信度: 0.90)
2026-06-06 18:53:46 [INFO] 物体 2: GasCyl1 (置信度: 0.52)
2026-06-06 18:53:46 [INFO] 物体 3: FireExt1 (置信度: 0.38)
2026-06-06 18:53:46 [INFO] 检测到车兜区域，将过滤区域外的目标
2026-06-06 18:53:46 [INFO] 准备保存检测结果到: C:\code\show\Scrap_Steel_In_Field\photos\dangerous_det\detection_20260606_185346.jpg
2026-06-06 18:53:46 [INFO] 图像形状: (2160, 3840, 3)
2026-06-06 18:53:46 [INFO] 图像数据类型: uint8
2026-06-06 18:53:46 [INFO] 图像最大值: 255
2026-06-06 18:53:46 [INFO] 图像最小值: 0
2026-06-06 18:53:46 [INFO] 开始保存检测结果图像: 图像尺寸=(2160, 3840, 3), 类型=uint8, 路径=C:\code\show\Scrap_Steel_In_Field\photos\dangerous_det\detection_20260606_185346.jpg
2026-06-06 18:53:46 [INFO] 成功保存检测结果到: C:\code\show\Scrap_Steel_In_Field\photos\dangerous_det\detection_20260606_185346.jpg
2026-06-06 18:53:46 [INFO] 保存的检测结果文件大小: 1995525 字节
2026-06-06 18:53:46 [INFO] 引擎上下文已释放
2026-06-06 18:53:46 [INFO] TensorRT 引擎已释放
2026-06-06 18:53:46 [INFO] 全局 CUDA 资源已释放
2026-06-06 18:53:46 [INFO] 检测系统资源已释放
2026-06-06 18:53:51 [INFO] CUDA 初始化成功
2026-06-06 18:53:51 [INFO] 引擎加载成功: dangerous.engine
2026-06-06 18:53:51 [INFO] 检测系统初始化成功
2026-06-06 18:53:51 [INFO] 图像预处理完成，原始尺寸: (2160, 3840)
2026-06-06 18:53:51 [INFO] 开始执行目标检测...
2026-06-06 18:53:51 [INFO] 检测完成，找到 3 个物体
2026-06-06 18:53:51 [INFO] 物体 1: GasCyl1 (置信度: 0.92)
2026-06-06 18:53:51 [INFO] 物体 2: GasCyl1 (置信度: 0.47)
2026-06-06 18:53:51 [INFO] 物体 3: FireExt1 (置信度: 0.40)
2026-06-06 18:53:51 [INFO] 检测到车兜区域，将过滤区域外的目标
2026-06-06 18:53:51 [INFO] 准备保存检测结果到: C:\code\show\Scrap_Steel_In_Field\photos\dangerous_det\detection_20260606_185351.jpg
2026-06-06 18:53:51 [INFO] 图像形状: (2160, 3840, 3)
2026-06-06 18:53:51 [INFO] 图像数据类型: uint8
2026-06-06 18:53:51 [INFO] 图像最大值: 255
2026-06-06 18:53:51 [INFO] 图像最小值: 0
2026-06-06 18:53:51 [INFO] 开始保存检测结果图像: 图像尺寸=(2160, 3840, 3), 类型=uint8, 路径=C:\code\show\Scrap_Steel_In_Field\photos\dangerous_det\detection_20260606_185351.jpg
2026-06-06 18:53:51 [INFO] 成功保存检测结果到: C:\code\show\Scrap_Steel_In_Field\photos\dangerous_det\detection_20260606_185351.jpg
2026-06-06 18:53:51 [INFO] 保存的检测结果文件大小: 2005941 字节
2026-06-06 18:53:51 [INFO] 引擎上下文已释放
2026-06-06 18:53:51 [INFO] TensorRT 引擎已释放
2026-06-06 18:53:52 [INFO] 全局 CUDA 资源已释放
2026-06-06 18:53:52 [INFO] 检测系统资源已释放
2026-06-06 18:53:56 [INFO] CUDA 初始化成功
2026-06-06 18:53:56 [INFO] 引擎加载成功: dangerous.engine
2026-06-06 18:53:56 [INFO] 检测系统初始化成功
2026-06-06 18:53:57 [INFO] 图像预处理完成，原始尺寸: (2160, 3840)
2026-06-06 18:53:57 [INFO] 开始执行目标检测...
2026-06-06 18:53:57 [INFO] 检测完成，找到 3 个物体
2026-06-06 18:53:57 [INFO] 物体 1: GasCyl1 (置信度: 0.90)
2026-06-06 18:53:57 [INFO] 物体 2: GasCyl1 (置信度: 0.39)
2026-06-06 18:53:57 [INFO] 物体 3: FireExt1 (置信度: 0.38)
2026-06-06 18:53:57 [INFO] 检测到车兜区域，将过滤区域外的目标
2026-06-06 18:53:57 [INFO] 准备保存检测结果到: C:\code\show\Scrap_Steel_In_Field\photos\dangerous_det\detection_20260606_185357.jpg
2026-06-06 18:53:57 [INFO] 图像形状: (2160, 3840, 3)
2026-06-06 18:53:57 [INFO] 图像数据类型: uint8
2026-06-06 18:53:57 [INFO] 图像最大值: 255
2026-06-06 18:53:57 [INFO] 图像最小值: 0
2026-06-06 18:53:57 [INFO] 开始保存检测结果图像: 图像尺寸=(2160, 3840, 3), 类型=uint8, 路径=C:\code\show\Scrap_Steel_In_Field\photos\dangerous_det\detection_20260606_185357.jpg
2026-06-06 18:53:57 [INFO] 成功保存检测结果到: C:\code\show\Scrap_Steel_In_Field\photos\dangerous_det\detection_20260606_185357.jpg
2026-06-06 18:53:57 [INFO] 保存的检测结果文件大小: 1999051 字节
2026-06-06 18:53:57 [INFO] 引擎上下文已释放
2026-06-06 18:53:57 [INFO] TensorRT 引擎已释放
2026-06-06 18:53:57 [INFO] 全局 CUDA 资源已释放
2026-06-06 18:53:57 [INFO] 检测系统资源已释放
2026-06-06 18:54:02 [INFO] CUDA 初始化成功
2026-06-06 18:54:02 [INFO] 引擎加载成功: dangerous.engine
2026-06-06 18:54:02 [INFO] 检测系统初始化成功
2026-06-06 18:54:02 [INFO] 图像预处理完成，原始尺寸: (2160, 3840)
2026-06-06 18:54:02 [INFO] 开始执行目标检测...
2026-06-06 18:54:02 [INFO] 检测完成，找到 3 个物体
2026-06-06 18:54:02 [INFO] 物体 1: GasCyl1 (置信度: 0.91)
2026-06-06 18:54:02 [INFO] 物体 2: GasCyl1 (置信度: 0.40)
2026-06-06 18:54:02 [INFO] 物体 3: FireExt1 (置信度: 0.38)
2026-06-06 18:54:02 [INFO] 检测到车兜区域，将过滤区域外的目标
2026-06-06 18:54:02 [INFO] 准备保存检测结果到: C:\code\show\Scrap_Steel_In_Field\photos\dangerous_det\detection_20260606_185402.jpg
2026-06-06 18:54:02 [INFO] 图像形状: (2160, 3840, 3)
2026-06-06 18:54:02 [INFO] 图像数据类型: uint8
2026-06-06 18:54:02 [INFO] 图像最大值: 255
2026-06-06 18:54:02 [INFO] 图像最小值: 0
2026-06-06 18:54:02 [INFO] 开始保存检测结果图像: 图像尺寸=(2160, 3840, 3), 类型=uint8, 路径=C:\code\show\Scrap_Steel_In_Field\photos\dangerous_det\detection_20260606_185402.jpg
2026-06-06 18:54:02 [INFO] 成功保存检测结果到: C:\code\show\Scrap_Steel_In_Field\photos\dangerous_det\detection_20260606_185402.jpg
2026-06-06 18:54:02 [INFO] 保存的检测结果文件大小: 1983538 字节
2026-06-06 18:54:02 [INFO] 引擎上下文已释放
2026-06-06 18:54:02 [INFO] TensorRT 引擎已释放
2026-06-06 18:54:02 [INFO] 全局 CUDA 资源已释放
2026-06-06 18:54:02 [INFO] 检测系统资源已释放
2026-06-06 18:54:07 [INFO] CUDA 初始化成功
2026-06-06 18:54:07 [INFO] 引擎加载成功: dangerous.engine
2026-06-06 18:54:07 [INFO] 检测系统初始化成功
2026-06-06 18:54:07 [INFO] 图像预处理完成，原始尺寸: (2160, 3840)
2026-06-06 18:54:07 [INFO] 开始执行目标检测...
2026-06-06 18:54:07 [INFO] 检测完成，找到 3 个物体
2026-06-06 18:54:07 [INFO] 物体 1: GasCyl1 (置信度: 0.91)
2026-06-06 18:54:07 [INFO] 物体 2: GasCyl1 (置信度: 0.48)
2026-06-06 18:54:07 [INFO] 物体 3: FireExt1 (置信度: 0.38)
2026-06-06 18:54:07 [INFO] 检测到车兜区域，将过滤区域外的目标
2026-06-06 18:54:07 [INFO] 准备保存检测结果到: C:\code\show\Scrap_Steel_In_Field\photos\dangerous_det\detection_20260606_185407.jpg
2026-06-06 18:54:07 [INFO] 图像形状: (2160, 3840, 3)
2026-06-06 18:54:07 [INFO] 图像数据类型: uint8
2026-06-06 18:54:07 [INFO] 图像最大值: 255
2026-06-06 18:54:07 [INFO] 图像最小值: 0
2026-06-06 18:54:07 [INFO] 开始保存检测结果图像: 图像尺寸=(2160, 3840, 3), 类型=uint8, 路径=C:\code\show\Scrap_Steel_In_Field\photos\dangerous_det\detection_20260606_185407.jpg
2026-06-06 18:54:07 [INFO] 成功保存检测结果到: C:\code\show\Scrap_Steel_In_Field\photos\dangerous_det\detection_20260606_185407.jpg
2026-06-06 18:54:07 [INFO] 保存的检测结果文件大小: 1995615 字节
2026-06-06 18:54:07 [INFO] 引擎上下文已释放
2026-06-06 18:54:07 [INFO] TensorRT 引擎已释放
2026-06-06 18:54:07 [INFO] 全局 CUDA 资源已释放
2026-06-06 18:54:07 [INFO] 检测系统资源已释放
