2026-07-16 11:23:17 [INFO] CUDA 初始化成功
2026-07-16 11:23:17 [INFO] 引擎加载成功: dangerous.engine
2026-07-16 11:23:17 [INFO] 检测系统初始化成功
2026-07-16 11:23:19 [INFO] 引擎加载成功: dangerous.engine
2026-07-16 11:23:19 [INFO] 检测系统初始化成功
2026-07-16 11:23:19 [INFO] 图像预处理完成，原始尺寸: (2160, 3840)
2026-07-16 11:23:19 [INFO] 开始执行目标检测...
2026-07-16 11:23:19 [INFO] 检测完成，找到 0 个物体
2026-07-16 11:23:19 [INFO] 检测到车兜区域，将过滤区域外的目标
2026-07-16 11:23:19 [INFO] 引擎上下文已释放
2026-07-16 11:23:19 [INFO] TensorRT 引擎已释放
2026-07-16 11:23:19 [INFO] 全局 CUDA 资源已释放
2026-07-16 11:23:19 [INFO] 检测系统资源已释放
2026-07-16 11:23:25 [INFO] CUDA 初始化成功
2026-07-16 11:23:25 [INFO] 引擎加载成功: dangerous.engine
2026-07-16 11:23:25 [INFO] 检测系统初始化成功
2026-07-16 11:23:25 [INFO] 图像预处理完成，原始尺寸: (2160, 3840)
2026-07-16 11:23:25 [INFO] 开始执行目标检测...
2026-07-16 11:23:25 [INFO] 检测完成，找到 1 个物体
2026-07-16 11:23:25 [INFO] 物体 1: FireExt1 (置信度: 0.36)
2026-07-16 11:23:25 [INFO] 检测到车兜区域，将过滤区域外的目标
2026-07-16 11:23:25 [INFO] 准备保存检测结果到: C:\code\show\Scrap_Steel_In_Field\photos\dangerous_det\detection_20260716_112325.jpg
2026-07-16 11:23:25 [INFO] 图像形状: (2160, 3840, 3)
2026-07-16 11:23:25 [INFO] 图像数据类型: uint8
2026-07-16 11:23:25 [INFO] 图像最大值: 255
2026-07-16 11:23:25 [INFO] 图像最小值: 0
2026-07-16 11:23:25 [INFO] 开始保存检测结果图像: 图像尺寸=(2160, 3840, 3), 类型=uint8, 路径=C:\code\show\Scrap_Steel_In_Field\photos\dangerous_det\detection_20260716_112325.jpg
2026-07-16 11:23:25 [INFO] 成功保存检测结果到: C:\code\show\Scrap_Steel_In_Field\photos\dangerous_det\detection_20260716_112325.jpg
2026-07-16 11:23:25 [INFO] 保存的检测结果文件大小: 1737752 字节
2026-07-16 11:23:25 [INFO] 引擎上下文已释放
2026-07-16 11:23:25 [INFO] TensorRT 引擎已释放
2026-07-16 11:23:25 [INFO] 全局 CUDA 资源已释放
2026-07-16 11:23:25 [INFO] 检测系统资源已释放
2026-07-16 11:23:31 [INFO] CUDA 初始化成功
2026-07-16 11:23:31 [INFO] 引擎加载成功: dangerous.engine
2026-07-16 11:23:31 [INFO] 检测系统初始化成功
2026-07-16 11:23:31 [INFO] 图像预处理完成，原始尺寸: (2160, 3840)
2026-07-16 11:23:31 [INFO] 开始执行目标检测...
2026-07-16 11:23:31 [INFO] 检测完成，找到 0 个物体
2026-07-16 11:23:31 [INFO] 检测到车兜区域，将过滤区域外的目标
2026-07-16 11:23:31 [INFO] 引擎上下文已释放
2026-07-16 11:23:31 [INFO] TensorRT 引擎已释放
2026-07-16 11:23:31 [INFO] 全局 CUDA 资源已释放
2026-07-16 11:23:31 [INFO] 检测系统资源已释放
2026-07-16 11:23:36 [INFO] CUDA 初始化成功
2026-07-16 11:23:36 [INFO] 引擎加载成功: dangerous.engine
2026-07-16 11:23:36 [INFO] 检测系统初始化成功
2026-07-16 11:23:36 [INFO] 图像预处理完成，原始尺寸: (2160, 3840)
2026-07-16 11:23:36 [INFO] 开始执行目标检测...
2026-07-16 11:23:36 [INFO] 检测完成，找到 1 个物体
2026-07-16 11:23:36 [INFO] 物体 1: FireExt1 (置信度: 0.35)
2026-07-16 11:23:36 [INFO] 检测到车兜区域，将过滤区域外的目标
2026-07-16 11:23:36 [INFO] 准备保存检测结果到: C:\code\show\Scrap_Steel_In_Field\photos\dangerous_det\detection_20260716_112336.jpg
2026-07-16 11:23:36 [INFO] 图像形状: (2160, 3840, 3)
2026-07-16 11:23:36 [INFO] 图像数据类型: uint8
2026-07-16 11:23:36 [INFO] 图像最大值: 255
2026-07-16 11:23:36 [INFO] 图像最小值: 0
2026-07-16 11:23:36 [INFO] 开始保存检测结果图像: 图像尺寸=(2160, 3840, 3), 类型=uint8, 路径=C:\code\show\Scrap_Steel_In_Field\photos\dangerous_det\detection_20260716_112336.jpg
2026-07-16 11:23:36 [INFO] 成功保存检测结果到: C:\code\show\Scrap_Steel_In_Field\photos\dangerous_det\detection_20260716_112336.jpg
2026-07-16 11:23:36 [INFO] 保存的检测结果文件大小: 1752133 字节
2026-07-16 11:23:36 [INFO] 引擎上下文已释放
2026-07-16 11:23:36 [INFO] TensorRT 引擎已释放
2026-07-16 11:23:36 [INFO] 全局 CUDA 资源已释放
2026-07-16 11:23:36 [INFO] 检测系统资源已释放
2026-07-16 11:23:41 [INFO] CUDA 初始化成功
2026-07-16 11:23:41 [INFO] 引擎加载成功: dangerous.engine
2026-07-16 11:23:41 [INFO] 检测系统初始化成功
2026-07-16 11:23:41 [INFO] 图像预处理完成，原始尺寸: (2160, 3840)
2026-07-16 11:23:41 [INFO] 开始执行目标检测...
2026-07-16 11:23:41 [INFO] 检测完成，找到 2 个物体
2026-07-16 11:23:41 [INFO] 物体 1: FireExt1 (置信度: 0.37)
2026-07-16 11:23:41 [INFO] 物体 2: FireExt1 (置信度: 0.36)
2026-07-16 11:23:41 [INFO] 检测到车兜区域，将过滤区域外的目标
2026-07-16 11:23:41 [INFO] 准备保存检测结果到: C:\code\show\Scrap_Steel_In_Field\photos\dangerous_det\detection_20260716_112341.jpg
2026-07-16 11:23:41 [INFO] 图像形状: (2160, 3840, 3)
2026-07-16 11:23:41 [INFO] 图像数据类型: uint8
2026-07-16 11:23:41 [INFO] 图像最大值: 255
2026-07-16 11:23:41 [INFO] 图像最小值: 0
2026-07-16 11:23:41 [INFO] 开始保存检测结果图像: 图像尺寸=(2160, 3840, 3), 类型=uint8, 路径=C:\code\show\Scrap_Steel_In_Field\photos\dangerous_det\detection_20260716_112341.jpg
2026-07-16 11:23:41 [INFO] 成功保存检测结果到: C:\code\show\Scrap_Steel_In_Field\photos\dangerous_det\detection_20260716_112341.jpg
2026-07-16 11:23:41 [INFO] 保存的检测结果文件大小: 1749600 字节
2026-07-16 11:23:41 [INFO] 引擎上下文已释放
2026-07-16 11:23:41 [INFO] TensorRT 引擎已释放
2026-07-16 11:23:41 [INFO] 全局 CUDA 资源已释放
2026-07-16 11:23:41 [INFO] 检测系统资源已释放
2026-07-16 11:23:46 [INFO] CUDA 初始化成功
2026-07-16 11:23:46 [INFO] 引擎加载成功: dangerous.engine
2026-07-16 11:23:46 [INFO] 检测系统初始化成功
2026-07-16 11:23:46 [INFO] 图像预处理完成，原始尺寸: (2160, 3840)
2026-07-16 11:23:46 [INFO] 开始执行目标检测...
2026-07-16 11:23:46 [INFO] 检测完成，找到 2 个物体
2026-07-16 11:23:46 [INFO] 物体 1: FireExt1 (置信度: 0.56)
2026-07-16 11:23:46 [INFO] 物体 2: GasCyl1 (置信度: 0.38)
2026-07-16 11:23:46 [INFO] 检测到车兜区域，将过滤区域外的目标
2026-07-16 11:23:46 [INFO] 车兜区域过滤: 2 -> 1 个目标
2026-07-16 11:23:46 [INFO] 准备保存检测结果到: C:\code\show\Scrap_Steel_In_Field\photos\dangerous_det\detection_20260716_112346.jpg
2026-07-16 11:23:46 [INFO] 图像形状: (2160, 3840, 3)
2026-07-16 11:23:46 [INFO] 图像数据类型: uint8
2026-07-16 11:23:46 [INFO] 图像最大值: 255
2026-07-16 11:23:46 [INFO] 图像最小值: 0
2026-07-16 11:23:46 [INFO] 开始保存检测结果图像: 图像尺寸=(2160, 3840, 3), 类型=uint8, 路径=C:\code\show\Scrap_Steel_In_Field\photos\dangerous_det\detection_20260716_112346.jpg
2026-07-16 11:23:46 [INFO] 成功保存检测结果到: C:\code\show\Scrap_Steel_In_Field\photos\dangerous_det\detection_20260716_112346.jpg
2026-07-16 11:23:46 [INFO] 保存的检测结果文件大小: 1783356 字节
2026-07-16 11:23:46 [INFO] 引擎上下文已释放
2026-07-16 11:23:46 [INFO] TensorRT 引擎已释放
2026-07-16 11:23:46 [INFO] 全局 CUDA 资源已释放
2026-07-16 11:23:46 [INFO] 检测系统资源已释放
2026-07-16 11:23:51 [INFO] CUDA 初始化成功
2026-07-16 11:23:51 [INFO] 引擎加载成功: dangerous.engine
2026-07-16 11:23:51 [INFO] 检测系统初始化成功
2026-07-16 11:23:51 [INFO] 图像预处理完成，原始尺寸: (2160, 3840)
2026-07-16 11:23:51 [INFO] 开始执行目标检测...
2026-07-16 11:23:51 [INFO] 检测完成，找到 3 个物体
2026-07-16 11:23:51 [INFO] 物体 1: FireExt1 (置信度: 0.55)
2026-07-16 11:23:51 [INFO] 物体 2: GasCyl1 (置信度: 0.53)
2026-07-16 11:23:51 [INFO] 物体 3: FireExt1 (置信度: 0.38)
2026-07-16 11:23:51 [INFO] 检测到车兜区域，将过滤区域外的目标
2026-07-16 11:23:51 [INFO] 车兜区域过滤: 3 -> 2 个目标
2026-07-16 11:23:51 [INFO] 准备保存检测结果到: C:\code\show\Scrap_Steel_In_Field\photos\dangerous_det\detection_20260716_112351.jpg
2026-07-16 11:23:51 [INFO] 图像形状: (2160, 3840, 3)
2026-07-16 11:23:51 [INFO] 图像数据类型: uint8
2026-07-16 11:23:51 [INFO] 图像最大值: 255
2026-07-16 11:23:51 [INFO] 图像最小值: 0
2026-07-16 11:23:51 [INFO] 开始保存检测结果图像: 图像尺寸=(2160, 3840, 3), 类型=uint8, 路径=C:\code\show\Scrap_Steel_In_Field\photos\dangerous_det\detection_20260716_112351.jpg
2026-07-16 11:23:51 [INFO] 成功保存检测结果到: C:\code\show\Scrap_Steel_In_Field\photos\dangerous_det\detection_20260716_112351.jpg
2026-07-16 11:23:51 [INFO] 保存的检测结果文件大小: 1792068 字节
2026-07-16 11:23:51 [INFO] 引擎上下文已释放
2026-07-16 11:23:51 [INFO] TensorRT 引擎已释放
2026-07-16 11:23:52 [INFO] 全局 CUDA 资源已释放
2026-07-16 11:23:52 [INFO] 检测系统资源已释放
2026-07-16 11:23:56 [INFO] CUDA 初始化成功
2026-07-16 11:23:57 [INFO] 引擎加载成功: dangerous.engine
2026-07-16 11:23:57 [INFO] 检测系统初始化成功
2026-07-16 11:23:57 [INFO] 图像预处理完成，原始尺寸: (2160, 3840)
2026-07-16 11:23:57 [INFO] 开始执行目标检测...
2026-07-16 11:23:57 [INFO] 检测完成，找到 3 个物体
2026-07-16 11:23:57 [INFO] 物体 1: FireExt1 (置信度: 0.55)
2026-07-16 11:23:57 [INFO] 物体 2: GasCyl1 (置信度: 0.38)
2026-07-16 11:23:57 [INFO] 物体 3: FireExt1 (置信度: 0.36)
2026-07-16 11:23:57 [INFO] 检测到车兜区域，将过滤区域外的目标
2026-07-16 11:23:57 [INFO] 车兜区域过滤: 3 -> 2 个目标
2026-07-16 11:23:57 [INFO] 准备保存检测结果到: C:\code\show\Scrap_Steel_In_Field\photos\dangerous_det\detection_20260716_112357.jpg
2026-07-16 11:23:57 [INFO] 图像形状: (2160, 3840, 3)
2026-07-16 11:23:57 [INFO] 图像数据类型: uint8
2026-07-16 11:23:57 [INFO] 图像最大值: 255
2026-07-16 11:23:57 [INFO] 图像最小值: 0
2026-07-16 11:23:57 [INFO] 开始保存检测结果图像: 图像尺寸=(2160, 3840, 3), 类型=uint8, 路径=C:\code\show\Scrap_Steel_In_Field\photos\dangerous_det\detection_20260716_112357.jpg
2026-07-16 11:23:57 [INFO] 成功保存检测结果到: C:\code\show\Scrap_Steel_In_Field\photos\dangerous_det\detection_20260716_112357.jpg
2026-07-16 11:23:57 [INFO] 保存的检测结果文件大小: 1794097 字节
2026-07-16 11:23:57 [INFO] 引擎上下文已释放
2026-07-16 11:23:57 [INFO] TensorRT 引擎已释放
2026-07-16 11:23:57 [INFO] 全局 CUDA 资源已释放
2026-07-16 11:23:57 [INFO] 检测系统资源已释放
2026-07-16 11:24:02 [INFO] CUDA 初始化成功
2026-07-16 11:24:02 [INFO] 引擎加载成功: dangerous.engine
2026-07-16 11:24:02 [INFO] 检测系统初始化成功
2026-07-16 11:24:02 [INFO] 图像预处理完成，原始尺寸: (2160, 3840)
2026-07-16 11:24:02 [INFO] 开始执行目标检测...
2026-07-16 11:24:02 [INFO] 检测完成，找到 3 个物体
2026-07-16 11:24:02 [INFO] 物体 1: GasCyl1 (置信度: 0.55)
2026-07-16 11:24:02 [INFO] 物体 2: FireExt1 (置信度: 0.54)
2026-07-16 11:24:02 [INFO] 物体 3: FireExt1 (置信度: 0.37)
2026-07-16 11:24:02 [INFO] 检测到车兜区域，将过滤区域外的目标
2026-07-16 11:24:02 [INFO] 车兜区域过滤: 3 -> 2 个目标
2026-07-16 11:24:02 [INFO] 准备保存检测结果到: C:\code\show\Scrap_Steel_In_Field\photos\dangerous_det\detection_20260716_112402.jpg
2026-07-16 11:24:02 [INFO] 图像形状: (2160, 3840, 3)
2026-07-16 11:24:02 [INFO] 图像数据类型: uint8
2026-07-16 11:24:02 [INFO] 图像最大值: 255
2026-07-16 11:24:02 [INFO] 图像最小值: 0
2026-07-16 11:24:02 [INFO] 开始保存检测结果图像: 图像尺寸=(2160, 3840, 3), 类型=uint8, 路径=C:\code\show\Scrap_Steel_In_Field\photos\dangerous_det\detection_20260716_112402.jpg
2026-07-16 11:24:02 [INFO] 成功保存检测结果到: C:\code\show\Scrap_Steel_In_Field\photos\dangerous_det\detection_20260716_112402.jpg
2026-07-16 11:24:02 [INFO] 保存的检测结果文件大小: 1794936 字节
2026-07-16 11:24:02 [INFO] 引擎上下文已释放
2026-07-16 11:24:02 [INFO] TensorRT 引擎已释放
2026-07-16 11:24:02 [INFO] 全局 CUDA 资源已释放
2026-07-16 11:24:02 [INFO] 检测系统资源已释放
2026-07-16 11:24:07 [INFO] CUDA 初始化成功
2026-07-16 11:24:07 [INFO] 引擎加载成功: dangerous.engine
2026-07-16 11:24:07 [INFO] 检测系统初始化成功
2026-07-16 11:24:07 [INFO] 图像预处理完成，原始尺寸: (2160, 3840)
2026-07-16 11:24:07 [INFO] 开始执行目标检测...
2026-07-16 11:24:07 [INFO] 检测完成，找到 3 个物体
2026-07-16 11:24:07 [INFO] 物体 1: GasCyl1 (置信度: 0.62)
2026-07-16 11:24:07 [INFO] 物体 2: FireExt1 (置信度: 0.56)
2026-07-16 11:24:07 [INFO] 物体 3: FireExt1 (置信度: 0.39)
2026-07-16 11:24:07 [INFO] 检测到车兜区域，将过滤区域外的目标
2026-07-16 11:24:07 [INFO] 车兜区域过滤: 3 -> 2 个目标
2026-07-16 11:24:07 [INFO] 准备保存检测结果到: C:\code\show\Scrap_Steel_In_Field\photos\dangerous_det\detection_20260716_112407.jpg
2026-07-16 11:24:07 [INFO] 图像形状: (2160, 3840, 3)
2026-07-16 11:24:07 [INFO] 图像数据类型: uint8
2026-07-16 11:24:07 [INFO] 图像最大值: 255
2026-07-16 11:24:07 [INFO] 图像最小值: 0
2026-07-16 11:24:07 [INFO] 开始保存检测结果图像: 图像尺寸=(2160, 3840, 3), 类型=uint8, 路径=C:\code\show\Scrap_Steel_In_Field\photos\dangerous_det\detection_20260716_112407.jpg
2026-07-16 11:24:07 [INFO] 成功保存检测结果到: C:\code\show\Scrap_Steel_In_Field\photos\dangerous_det\detection_20260716_112407.jpg
2026-07-16 11:24:07 [INFO] 保存的检测结果文件大小: 1798677 字节
2026-07-16 11:24:07 [INFO] 引擎上下文已释放
2026-07-16 11:24:07 [INFO] TensorRT 引擎已释放
2026-07-16 11:24:07 [INFO] 全局 CUDA 资源已释放
2026-07-16 11:24:07 [INFO] 检测系统资源已释放
2026-07-16 11:24:12 [INFO] CUDA 初始化成功
2026-07-16 11:24:12 [INFO] 引擎加载成功: dangerous.engine
2026-07-16 11:24:12 [INFO] 检测系统初始化成功
2026-07-16 11:24:12 [INFO] 图像预处理完成，原始尺寸: (2160, 3840)
2026-07-16 11:24:12 [INFO] 开始执行目标检测...
2026-07-16 11:24:12 [INFO] 检测完成，找到 3 个物体
2026-07-16 11:24:12 [INFO] 物体 1: FireExt1 (置信度: 0.55)
2026-07-16 11:24:12 [INFO] 物体 2: GasCyl1 (置信度: 0.44)
2026-07-16 11:24:12 [INFO] 物体 3: FireExt1 (置信度: 0.36)
2026-07-16 11:24:13 [INFO] 检测到车兜区域，将过滤区域外的目标
2026-07-16 11:24:13 [INFO] 车兜区域过滤: 3 -> 2 个目标
2026-07-16 11:24:13 [INFO] 准备保存检测结果到: C:\code\show\Scrap_Steel_In_Field\photos\dangerous_det\detection_20260716_112413.jpg
2026-07-16 11:24:13 [INFO] 图像形状: (2160, 3840, 3)
2026-07-16 11:24:13 [INFO] 图像数据类型: uint8
2026-07-16 11:24:13 [INFO] 图像最大值: 255
2026-07-16 11:24:13 [INFO] 图像最小值: 0
2026-07-16 11:24:13 [INFO] 开始保存检测结果图像: 图像尺寸=(2160, 3840, 3), 类型=uint8, 路径=C:\code\show\Scrap_Steel_In_Field\photos\dangerous_det\detection_20260716_112413.jpg
2026-07-16 11:24:13 [INFO] 成功保存检测结果到: C:\code\show\Scrap_Steel_In_Field\photos\dangerous_det\detection_20260716_112413.jpg
2026-07-16 11:24:13 [INFO] 保存的检测结果文件大小: 1796182 字节
2026-07-16 11:24:13 [INFO] 引擎上下文已释放
2026-07-16 11:24:13 [INFO] TensorRT 引擎已释放
2026-07-16 11:24:13 [INFO] 全局 CUDA 资源已释放
2026-07-16 11:24:13 [INFO] 检测系统资源已释放
2026-07-16 11:24:18 [INFO] CUDA 初始化成功
2026-07-16 11:24:18 [INFO] 引擎加载成功: dangerous.engine
2026-07-16 11:24:18 [INFO] 检测系统初始化成功
2026-07-16 11:24:18 [INFO] 图像预处理完成，原始尺寸: (2160, 3840)
2026-07-16 11:24:18 [INFO] 开始执行目标检测...
2026-07-16 11:24:18 [INFO] 检测完成，找到 0 个物体
2026-07-16 11:24:18 [INFO] 检测到车兜区域，将过滤区域外的目标
2026-07-16 11:24:18 [INFO] 引擎上下文已释放
2026-07-16 11:24:18 [INFO] TensorRT 引擎已释放
2026-07-16 11:24:18 [INFO] 全局 CUDA 资源已释放
2026-07-16 11:24:18 [INFO] 检测系统资源已释放
2026-07-16 11:24:23 [INFO] CUDA 初始化成功
2026-07-16 11:24:23 [INFO] 引擎加载成功: dangerous.engine
2026-07-16 11:24:23 [INFO] 检测系统初始化成功
2026-07-16 11:24:23 [INFO] 图像预处理完成，原始尺寸: (2160, 3840)
2026-07-16 11:24:23 [INFO] 开始执行目标检测...
2026-07-16 11:24:23 [INFO] 检测完成，找到 1 个物体
2026-07-16 11:24:23 [INFO] 物体 1: FireExt1 (置信度: 0.38)
2026-07-16 11:24:23 [INFO] 准备保存检测结果到: C:\code\show\Scrap_Steel_In_Field\photos\dangerous_det\detection_20260716_112423.jpg
2026-07-16 11:24:23 [INFO] 图像形状: (2160, 3840, 3)
2026-07-16 11:24:23 [INFO] 图像数据类型: uint8
2026-07-16 11:24:23 [INFO] 图像最大值: 255
2026-07-16 11:24:23 [INFO] 图像最小值: 0
2026-07-16 11:24:23 [INFO] 开始保存检测结果图像: 图像尺寸=(2160, 3840, 3), 类型=uint8, 路径=C:\code\show\Scrap_Steel_In_Field\photos\dangerous_det\detection_20260716_112423.jpg
2026-07-16 11:24:23 [INFO] 成功保存检测结果到: C:\code\show\Scrap_Steel_In_Field\photos\dangerous_det\detection_20260716_112423.jpg
2026-07-16 11:24:23 [INFO] 保存的检测结果文件大小: 1000534 字节
2026-07-16 11:24:23 [INFO] 引擎上下文已释放
2026-07-16 11:24:23 [INFO] TensorRT 引擎已释放
2026-07-16 11:24:23 [INFO] 全局 CUDA 资源已释放
2026-07-16 11:24:23 [INFO] 检测系统资源已释放
2026-07-16 11:24:28 [INFO] CUDA 初始化成功
2026-07-16 11:24:28 [INFO] 引擎加载成功: dangerous.engine
2026-07-16 11:24:28 [INFO] 检测系统初始化成功
2026-07-16 11:24:28 [INFO] 图像预处理完成，原始尺寸: (2160, 3840)
2026-07-16 11:24:28 [INFO] 开始执行目标检测...
2026-07-16 11:24:28 [INFO] 检测完成，找到 2 个物体
2026-07-16 11:24:28 [INFO] 物体 1: FireExt1 (置信度: 0.42)
2026-07-16 11:24:28 [INFO] 物体 2: GasCyl1 (置信度: 0.38)
2026-07-16 11:24:28 [INFO] 准备保存检测结果到: C:\code\show\Scrap_Steel_In_Field\photos\dangerous_det\detection_20260716_112428.jpg
2026-07-16 11:24:28 [INFO] 图像形状: (2160, 3840, 3)
2026-07-16 11:24:28 [INFO] 图像数据类型: uint8
2026-07-16 11:24:28 [INFO] 图像最大值: 255
2026-07-16 11:24:28 [INFO] 图像最小值: 0
2026-07-16 11:24:28 [INFO] 开始保存检测结果图像: 图像尺寸=(2160, 3840, 3), 类型=uint8, 路径=C:\code\show\Scrap_Steel_In_Field\photos\dangerous_det\detection_20260716_112428.jpg
2026-07-16 11:24:28 [INFO] 成功保存检测结果到: C:\code\show\Scrap_Steel_In_Field\photos\dangerous_det\detection_20260716_112428.jpg
2026-07-16 11:24:28 [INFO] 保存的检测结果文件大小: 1344417 字节
2026-07-16 11:24:28 [INFO] 引擎上下文已释放
2026-07-16 11:24:28 [INFO] TensorRT 引擎已释放
2026-07-16 11:24:28 [INFO] 全局 CUDA 资源已释放
2026-07-16 11:24:28 [INFO] 检测系统资源已释放
2026-07-16 11:24:33 [INFO] CUDA 初始化成功
2026-07-16 11:24:33 [INFO] 引擎加载成功: dangerous.engine
2026-07-16 11:24:33 [INFO] 检测系统初始化成功
2026-07-16 11:24:33 [INFO] 图像预处理完成，原始尺寸: (2160, 3840)
2026-07-16 11:24:33 [INFO] 开始执行目标检测...
2026-07-16 11:24:33 [INFO] 检测完成，找到 1 个物体
2026-07-16 11:24:33 [INFO] 物体 1: FireExt1 (置信度: 0.39)
2026-07-16 11:24:33 [INFO] 检测到车兜区域，将过滤区域外的目标
2026-07-16 11:24:33 [INFO] 准备保存检测结果到: C:\code\show\Scrap_Steel_In_Field\photos\dangerous_det\detection_20260716_112433.jpg
2026-07-16 11:24:33 [INFO] 图像形状: (2160, 3840, 3)
2026-07-16 11:24:33 [INFO] 图像数据类型: uint8
2026-07-16 11:24:33 [INFO] 图像最大值: 255
2026-07-16 11:24:33 [INFO] 图像最小值: 0
2026-07-16 11:24:33 [INFO] 开始保存检测结果图像: 图像尺寸=(2160, 3840, 3), 类型=uint8, 路径=C:\code\show\Scrap_Steel_In_Field\photos\dangerous_det\detection_20260716_112433.jpg
2026-07-16 11:24:33 [INFO] 成功保存检测结果到: C:\code\show\Scrap_Steel_In_Field\photos\dangerous_det\detection_20260716_112433.jpg
2026-07-16 11:24:33 [INFO] 保存的检测结果文件大小: 1743273 字节
2026-07-16 11:24:33 [INFO] 引擎上下文已释放
2026-07-16 11:24:33 [INFO] TensorRT 引擎已释放
2026-07-16 11:24:34 [INFO] 全局 CUDA 资源已释放
2026-07-16 11:24:34 [INFO] 检测系统资源已释放
2026-07-16 11:24:39 [INFO] CUDA 初始化成功
2026-07-16 11:24:39 [INFO] 引擎加载成功: dangerous.engine
2026-07-16 11:24:39 [INFO] 检测系统初始化成功
2026-07-16 11:24:39 [INFO] 图像预处理完成，原始尺寸: (2160, 3840)
2026-07-16 11:24:39 [INFO] 开始执行目标检测...
2026-07-16 11:24:39 [INFO] 检测完成，找到 0 个物体
2026-07-16 11:24:39 [INFO] 引擎上下文已释放
2026-07-16 11:24:39 [INFO] TensorRT 引擎已释放
2026-07-16 11:24:39 [INFO] 全局 CUDA 资源已释放
2026-07-16 11:24:39 [INFO] 检测系统资源已释放
2026-07-16 11:24:44 [INFO] CUDA 初始化成功
2026-07-16 11:24:44 [INFO] 引擎加载成功: dangerous.engine
2026-07-16 11:24:44 [INFO] 检测系统初始化成功
2026-07-16 11:24:44 [INFO] 图像预处理完成，原始尺寸: (2160, 3840)
2026-07-16 11:24:44 [INFO] 开始执行目标检测...
2026-07-16 11:24:44 [INFO] 检测完成，找到 0 个物体
2026-07-16 11:24:44 [INFO] 引擎上下文已释放
2026-07-16 11:24:44 [INFO] TensorRT 引擎已释放
2026-07-16 11:24:44 [INFO] 全局 CUDA 资源已释放
2026-07-16 11:24:44 [INFO] 检测系统资源已释放
2026-07-16 11:24:49 [INFO] CUDA 初始化成功
2026-07-16 11:24:49 [INFO] 引擎加载成功: dangerous.engine
2026-07-16 11:24:49 [INFO] 检测系统初始化成功
2026-07-16 11:24:49 [INFO] 图像预处理完成，原始尺寸: (2160, 3840)
2026-07-16 11:24:49 [INFO] 开始执行目标检测...
2026-07-16 11:24:49 [INFO] 检测完成，找到 1 个物体
2026-07-16 11:24:49 [INFO] 物体 1: FireExt1 (置信度: 0.39)
2026-07-16 11:24:49 [INFO] 检测到车兜区域，将过滤区域外的目标
2026-07-16 11:24:49 [INFO] 准备保存检测结果到: C:\code\show\Scrap_Steel_In_Field\photos\dangerous_det\detection_20260716_112449.jpg
2026-07-16 11:24:49 [INFO] 图像形状: (2160, 3840, 3)
2026-07-16 11:24:49 [INFO] 图像数据类型: uint8
2026-07-16 11:24:49 [INFO] 图像最大值: 255
2026-07-16 11:24:49 [INFO] 图像最小值: 0
2026-07-16 11:24:49 [INFO] 开始保存检测结果图像: 图像尺寸=(2160, 3840, 3), 类型=uint8, 路径=C:\code\show\Scrap_Steel_In_Field\photos\dangerous_det\detection_20260716_112449.jpg
2026-07-16 11:24:49 [INFO] 成功保存检测结果到: C:\code\show\Scrap_Steel_In_Field\photos\dangerous_det\detection_20260716_112449.jpg
2026-07-16 11:24:49 [INFO] 保存的检测结果文件大小: 1713132 字节
2026-07-16 11:24:49 [INFO] 引擎上下文已释放
2026-07-16 11:24:49 [INFO] TensorRT 引擎已释放
2026-07-16 11:24:49 [INFO] 全局 CUDA 资源已释放
2026-07-16 11:24:49 [INFO] 检测系统资源已释放
2026-07-16 11:24:54 [INFO] CUDA 初始化成功
2026-07-16 11:24:54 [INFO] 引擎加载成功: dangerous.engine
2026-07-16 11:24:54 [INFO] 检测系统初始化成功
2026-07-16 11:24:54 [INFO] 图像预处理完成，原始尺寸: (2160, 3840)
2026-07-16 11:24:54 [INFO] 开始执行目标检测...
2026-07-16 11:24:54 [INFO] 检测完成，找到 0 个物体
2026-07-16 11:24:54 [INFO] 检测到车兜区域，将过滤区域外的目标
2026-07-16 11:24:54 [INFO] 引擎上下文已释放
2026-07-16 11:24:54 [INFO] TensorRT 引擎已释放
2026-07-16 11:24:54 [INFO] 全局 CUDA 资源已释放
2026-07-16 11:24:54 [INFO] 检测系统资源已释放
2026-07-16 11:24:59 [INFO] CUDA 初始化成功
2026-07-16 11:24:59 [INFO] 引擎加载成功: dangerous.engine
2026-07-16 11:24:59 [INFO] 检测系统初始化成功
2026-07-16 11:25:00 [INFO] 图像预处理完成，原始尺寸: (2160, 3840)
2026-07-16 11:25:00 [INFO] 开始执行目标检测...
2026-07-16 11:25:00 [INFO] 检测完成，找到 1 个物体
2026-07-16 11:25:00 [INFO] 物体 1: FireExt1 (置信度: 0.39)
2026-07-16 11:25:00 [INFO] 检测到车兜区域，将过滤区域外的目标
2026-07-16 11:25:00 [INFO] 准备保存检测结果到: C:\code\show\Scrap_Steel_In_Field\photos\dangerous_det\detection_20260716_112500.jpg
2026-07-16 11:25:00 [INFO] 图像形状: (2160, 3840, 3)
2026-07-16 11:25:00 [INFO] 图像数据类型: uint8
2026-07-16 11:25:00 [INFO] 图像最大值: 255
2026-07-16 11:25:00 [INFO] 图像最小值: 0
2026-07-16 11:25:00 [INFO] 开始保存检测结果图像: 图像尺寸=(2160, 3840, 3), 类型=uint8, 路径=C:\code\show\Scrap_Steel_In_Field\photos\dangerous_det\detection_20260716_112500.jpg
2026-07-16 11:25:00 [INFO] 成功保存检测结果到: C:\code\show\Scrap_Steel_In_Field\photos\dangerous_det\detection_20260716_112500.jpg
2026-07-16 11:25:00 [INFO] 保存的检测结果文件大小: 1783397 字节
2026-07-16 11:25:00 [INFO] 引擎上下文已释放
2026-07-16 11:25:00 [INFO] TensorRT 引擎已释放
2026-07-16 11:25:00 [INFO] 全局 CUDA 资源已释放
2026-07-16 11:25:00 [INFO] 检测系统资源已释放
2026-07-16 11:25:05 [INFO] CUDA 初始化成功
2026-07-16 11:25:05 [INFO] 引擎加载成功: dangerous.engine
2026-07-16 11:25:05 [INFO] 检测系统初始化成功
2026-07-16 11:25:05 [INFO] 图像预处理完成，原始尺寸: (2160, 3840)
2026-07-16 11:25:05 [INFO] 开始执行目标检测...
2026-07-16 11:25:05 [INFO] 检测完成，找到 1 个物体
2026-07-16 11:25:05 [INFO] 物体 1: FireExt1 (置信度: 0.35)
2026-07-16 11:25:05 [INFO] 检测到车兜区域，将过滤区域外的目标
2026-07-16 11:25:05 [INFO] 准备保存检测结果到: C:\code\show\Scrap_Steel_In_Field\photos\dangerous_det\detection_20260716_112505.jpg
2026-07-16 11:25:05 [INFO] 图像形状: (2160, 3840, 3)
2026-07-16 11:25:05 [INFO] 图像数据类型: uint8
2026-07-16 11:25:05 [INFO] 图像最大值: 255
2026-07-16 11:25:05 [INFO] 图像最小值: 0
2026-07-16 11:25:05 [INFO] 开始保存检测结果图像: 图像尺寸=(2160, 3840, 3), 类型=uint8, 路径=C:\code\show\Scrap_Steel_In_Field\photos\dangerous_det\detection_20260716_112505.jpg
2026-07-16 11:25:05 [INFO] 成功保存检测结果到: C:\code\show\Scrap_Steel_In_Field\photos\dangerous_det\detection_20260716_112505.jpg
2026-07-16 11:25:05 [INFO] 保存的检测结果文件大小: 1750424 字节
2026-07-16 11:25:05 [INFO] 引擎上下文已释放
2026-07-16 11:25:05 [INFO] TensorRT 引擎已释放
2026-07-16 11:25:05 [INFO] 全局 CUDA 资源已释放
2026-07-16 11:25:05 [INFO] 检测系统资源已释放
2026-07-16 11:25:10 [INFO] CUDA 初始化成功
2026-07-16 11:25:10 [INFO] 引擎加载成功: dangerous.engine
2026-07-16 11:25:10 [INFO] 检测系统初始化成功
2026-07-16 11:25:10 [INFO] 图像预处理完成，原始尺寸: (2160, 3840)
2026-07-16 11:25:10 [INFO] 开始执行目标检测...
2026-07-16 11:25:10 [INFO] 检测完成，找到 1 个物体
2026-07-16 11:25:10 [INFO] 物体 1: FireExt1 (置信度: 0.37)
2026-07-16 11:25:10 [INFO] 检测到车兜区域，将过滤区域外的目标
2026-07-16 11:25:10 [INFO] 准备保存检测结果到: C:\code\show\Scrap_Steel_In_Field\photos\dangerous_det\detection_20260716_112510.jpg
2026-07-16 11:25:10 [INFO] 图像形状: (2160, 3840, 3)
2026-07-16 11:25:10 [INFO] 图像数据类型: uint8
2026-07-16 11:25:10 [INFO] 图像最大值: 255
2026-07-16 11:25:10 [INFO] 图像最小值: 0
2026-07-16 11:25:10 [INFO] 开始保存检测结果图像: 图像尺寸=(2160, 3840, 3), 类型=uint8, 路径=C:\code\show\Scrap_Steel_In_Field\photos\dangerous_det\detection_20260716_112510.jpg
2026-07-16 11:25:10 [INFO] 成功保存检测结果到: C:\code\show\Scrap_Steel_In_Field\photos\dangerous_det\detection_20260716_112510.jpg
2026-07-16 11:25:10 [INFO] 保存的检测结果文件大小: 1724142 字节
2026-07-16 11:25:10 [INFO] 引擎上下文已释放
2026-07-16 11:25:10 [INFO] TensorRT 引擎已释放
2026-07-16 11:25:10 [INFO] 全局 CUDA 资源已释放
2026-07-16 11:25:10 [INFO] 检测系统资源已释放
2026-07-16 11:25:15 [INFO] CUDA 初始化成功
2026-07-16 11:25:15 [INFO] 引擎加载成功: dangerous.engine
2026-07-16 11:25:16 [INFO] 检测系统初始化成功
2026-07-16 11:25:16 [INFO] 图像预处理完成，原始尺寸: (2160, 3840)
2026-07-16 11:25:16 [INFO] 开始执行目标检测...
2026-07-16 11:25:16 [INFO] 检测完成，找到 2 个物体
2026-07-16 11:25:16 [INFO] 物体 1: GasCyl1 (置信度: 0.43)
2026-07-16 11:25:16 [INFO] 物体 2: FireExt1 (置信度: 0.39)
2026-07-16 11:25:16 [INFO] 检测到车兜区域，将过滤区域外的目标
2026-07-16 11:25:16 [INFO] 准备保存检测结果到: C:\code\show\Scrap_Steel_In_Field\photos\dangerous_det\detection_20260716_112516.jpg
2026-07-16 11:25:16 [INFO] 图像形状: (2160, 3840, 3)
2026-07-16 11:25:16 [INFO] 图像数据类型: uint8
2026-07-16 11:25:16 [INFO] 图像最大值: 255
2026-07-16 11:25:16 [INFO] 图像最小值: 0
2026-07-16 11:25:16 [INFO] 开始保存检测结果图像: 图像尺寸=(2160, 3840, 3), 类型=uint8, 路径=C:\code\show\Scrap_Steel_In_Field\photos\dangerous_det\detection_20260716_112516.jpg
2026-07-16 11:25:16 [INFO] 成功保存检测结果到: C:\code\show\Scrap_Steel_In_Field\photos\dangerous_det\detection_20260716_112516.jpg
2026-07-16 11:25:16 [INFO] 保存的检测结果文件大小: 1570283 字节
2026-07-16 11:25:16 [INFO] 引擎上下文已释放
2026-07-16 11:25:16 [INFO] TensorRT 引擎已释放
2026-07-16 11:25:16 [INFO] 全局 CUDA 资源已释放
2026-07-16 11:25:16 [INFO] 检测系统资源已释放
2026-07-16 11:25:21 [INFO] CUDA 初始化成功
2026-07-16 11:25:21 [INFO] 引擎加载成功: dangerous.engine
2026-07-16 11:25:21 [INFO] 检测系统初始化成功
2026-07-16 11:25:21 [INFO] 图像预处理完成，原始尺寸: (2160, 3840)
2026-07-16 11:25:21 [INFO] 开始执行目标检测...
2026-07-16 11:25:21 [INFO] 检测完成，找到 1 个物体
2026-07-16 11:25:21 [INFO] 物体 1: FireExt1 (置信度: 0.42)
2026-07-16 11:25:21 [INFO] 检测到车兜区域，将过滤区域外的目标
2026-07-16 11:25:21 [INFO] 准备保存检测结果到: C:\code\show\Scrap_Steel_In_Field\photos\dangerous_det\detection_20260716_112521.jpg
2026-07-16 11:25:21 [INFO] 图像形状: (2160, 3840, 3)
2026-07-16 11:25:21 [INFO] 图像数据类型: uint8
2026-07-16 11:25:21 [INFO] 图像最大值: 255
2026-07-16 11:25:21 [INFO] 图像最小值: 0
2026-07-16 11:25:21 [INFO] 开始保存检测结果图像: 图像尺寸=(2160, 3840, 3), 类型=uint8, 路径=C:\code\show\Scrap_Steel_In_Field\photos\dangerous_det\detection_20260716_112521.jpg
2026-07-16 11:25:21 [INFO] 成功保存检测结果到: C:\code\show\Scrap_Steel_In_Field\photos\dangerous_det\detection_20260716_112521.jpg
2026-07-16 11:25:21 [INFO] 保存的检测结果文件大小: 1592176 字节
2026-07-16 11:25:21 [INFO] 引擎上下文已释放
2026-07-16 11:25:21 [INFO] TensorRT 引擎已释放
2026-07-16 11:25:21 [INFO] 全局 CUDA 资源已释放
2026-07-16 11:25:21 [INFO] 检测系统资源已释放
2026-07-16 11:25:26 [INFO] CUDA 初始化成功
2026-07-16 11:25:26 [INFO] 引擎加载成功: dangerous.engine
2026-07-16 11:25:26 [INFO] 检测系统初始化成功
2026-07-16 11:25:26 [INFO] 图像预处理完成，原始尺寸: (2160, 3840)
2026-07-16 11:25:26 [INFO] 开始执行目标检测...
2026-07-16 11:25:26 [INFO] 检测完成，找到 2 个物体
2026-07-16 11:25:26 [INFO] 物体 1: GasCyl1 (置信度: 0.41)
2026-07-16 11:25:26 [INFO] 物体 2: FireExt1 (置信度: 0.38)
2026-07-16 11:25:26 [INFO] 检测到车兜区域，将过滤区域外的目标
2026-07-16 11:25:26 [INFO] 准备保存检测结果到: C:\code\show\Scrap_Steel_In_Field\photos\dangerous_det\detection_20260716_112526.jpg
2026-07-16 11:25:26 [INFO] 图像形状: (2160, 3840, 3)
2026-07-16 11:25:26 [INFO] 图像数据类型: uint8
2026-07-16 11:25:26 [INFO] 图像最大值: 255
2026-07-16 11:25:26 [INFO] 图像最小值: 0
2026-07-16 11:25:26 [INFO] 开始保存检测结果图像: 图像尺寸=(2160, 3840, 3), 类型=uint8, 路径=C:\code\show\Scrap_Steel_In_Field\photos\dangerous_det\detection_20260716_112526.jpg
2026-07-16 11:25:26 [INFO] 成功保存检测结果到: C:\code\show\Scrap_Steel_In_Field\photos\dangerous_det\detection_20260716_112526.jpg
2026-07-16 11:25:26 [INFO] 保存的检测结果文件大小: 1595763 字节
2026-07-16 11:25:26 [INFO] 引擎上下文已释放
2026-07-16 11:25:26 [INFO] TensorRT 引擎已释放
2026-07-16 11:25:26 [INFO] 全局 CUDA 资源已释放
2026-07-16 11:25:26 [INFO] 检测系统资源已释放
2026-07-16 11:25:32 [INFO] CUDA 初始化成功
2026-07-16 11:25:32 [INFO] 引擎加载成功: dangerous.engine
2026-07-16 11:25:32 [INFO] 检测系统初始化成功
2026-07-16 11:25:32 [INFO] 图像预处理完成，原始尺寸: (2160, 3840)
2026-07-16 11:25:32 [INFO] 开始执行目标检测...
2026-07-16 11:25:32 [INFO] 检测完成，找到 1 个物体
2026-07-16 11:25:32 [INFO] 物体 1: GasCyl1 (置信度: 0.35)
2026-07-16 11:25:32 [INFO] 检测到车兜区域，将过滤区域外的目标
2026-07-16 11:25:32 [INFO] 准备保存检测结果到: C:\code\show\Scrap_Steel_In_Field\photos\dangerous_det\detection_20260716_112532.jpg
2026-07-16 11:25:32 [INFO] 图像形状: (2160, 3840, 3)
2026-07-16 11:25:32 [INFO] 图像数据类型: uint8
2026-07-16 11:25:32 [INFO] 图像最大值: 255
2026-07-16 11:25:32 [INFO] 图像最小值: 0
2026-07-16 11:25:32 [INFO] 开始保存检测结果图像: 图像尺寸=(2160, 3840, 3), 类型=uint8, 路径=C:\code\show\Scrap_Steel_In_Field\photos\dangerous_det\detection_20260716_112532.jpg
2026-07-16 11:25:32 [INFO] 成功保存检测结果到: C:\code\show\Scrap_Steel_In_Field\photos\dangerous_det\detection_20260716_112532.jpg
2026-07-16 11:25:32 [INFO] 保存的检测结果文件大小: 1692401 字节
2026-07-16 11:25:32 [INFO] 引擎上下文已释放
2026-07-16 11:25:32 [INFO] TensorRT 引擎已释放
2026-07-16 11:25:32 [INFO] 全局 CUDA 资源已释放
2026-07-16 11:25:32 [INFO] 检测系统资源已释放
2026-07-16 11:25:37 [INFO] CUDA 初始化成功
2026-07-16 11:25:37 [INFO] 引擎加载成功: dangerous.engine
2026-07-16 11:25:37 [INFO] 检测系统初始化成功
2026-07-16 11:25:37 [INFO] 图像预处理完成，原始尺寸: (2160, 3840)
2026-07-16 11:25:37 [INFO] 开始执行目标检测...
2026-07-16 11:25:37 [INFO] 检测完成，找到 1 个物体
2026-07-16 11:25:37 [INFO] 物体 1: FireExt1 (置信度: 0.35)
2026-07-16 11:25:37 [INFO] 检测到车兜区域，将过滤区域外的目标
2026-07-16 11:25:37 [INFO] 准备保存检测结果到: C:\code\show\Scrap_Steel_In_Field\photos\dangerous_det\detection_20260716_112537.jpg
2026-07-16 11:25:37 [INFO] 图像形状: (2160, 3840, 3)
2026-07-16 11:25:37 [INFO] 图像数据类型: uint8
2026-07-16 11:25:37 [INFO] 图像最大值: 255
2026-07-16 11:25:37 [INFO] 图像最小值: 0
2026-07-16 11:25:37 [INFO] 开始保存检测结果图像: 图像尺寸=(2160, 3840, 3), 类型=uint8, 路径=C:\code\show\Scrap_Steel_In_Field\photos\dangerous_det\detection_20260716_112537.jpg
2026-07-16 11:25:37 [INFO] 成功保存检测结果到: C:\code\show\Scrap_Steel_In_Field\photos\dangerous_det\detection_20260716_112537.jpg
2026-07-16 11:25:37 [INFO] 保存的检测结果文件大小: 1764392 字节
2026-07-16 11:25:37 [INFO] 引擎上下文已释放
2026-07-16 11:25:37 [INFO] TensorRT 引擎已释放
2026-07-16 11:25:37 [INFO] 全局 CUDA 资源已释放
2026-07-16 11:25:37 [INFO] 检测系统资源已释放
2026-07-16 11:25:42 [INFO] CUDA 初始化成功
2026-07-16 11:25:42 [INFO] 引擎加载成功: dangerous.engine
2026-07-16 11:25:42 [INFO] 检测系统初始化成功
2026-07-16 11:25:42 [INFO] 图像预处理完成，原始尺寸: (2160, 3840)
2026-07-16 11:25:42 [INFO] 开始执行目标检测...
2026-07-16 11:25:42 [INFO] 检测完成，找到 0 个物体
2026-07-16 11:25:42 [INFO] 检测到车兜区域，将过滤区域外的目标
2026-07-16 11:25:42 [INFO] 引擎上下文已释放
2026-07-16 11:25:42 [INFO] TensorRT 引擎已释放
2026-07-16 11:25:43 [INFO] 全局 CUDA 资源已释放
2026-07-16 11:25:43 [INFO] 检测系统资源已释放
2026-07-16 11:25:48 [INFO] CUDA 初始化成功
2026-07-16 11:25:48 [INFO] 引擎加载成功: dangerous.engine
2026-07-16 11:25:48 [INFO] 检测系统初始化成功
2026-07-16 11:25:48 [INFO] 图像预处理完成，原始尺寸: (2160, 3840)
2026-07-16 11:25:48 [INFO] 开始执行目标检测...
2026-07-16 11:25:48 [INFO] 检测完成，找到 0 个物体
2026-07-16 11:25:48 [INFO] 检测到车兜区域，将过滤区域外的目标
2026-07-16 11:25:48 [INFO] 引擎上下文已释放
2026-07-16 11:25:48 [INFO] TensorRT 引擎已释放
2026-07-16 11:25:48 [INFO] 全局 CUDA 资源已释放
2026-07-16 11:25:48 [INFO] 检测系统资源已释放
2026-07-16 11:25:53 [INFO] CUDA 初始化成功
2026-07-16 11:25:53 [INFO] 引擎加载成功: dangerous.engine
2026-07-16 11:25:53 [INFO] 检测系统初始化成功
2026-07-16 11:25:53 [INFO] 图像预处理完成，原始尺寸: (2160, 3840)
2026-07-16 11:25:53 [INFO] 开始执行目标检测...
2026-07-16 11:25:53 [INFO] 检测完成，找到 1 个物体
2026-07-16 11:25:53 [INFO] 物体 1: FireExt1 (置信度: 0.41)
2026-07-16 11:25:53 [INFO] 检测到车兜区域，将过滤区域外的目标
2026-07-16 11:25:53 [INFO] 准备保存检测结果到: C:\code\show\Scrap_Steel_In_Field\photos\dangerous_det\detection_20260716_112553.jpg
2026-07-16 11:25:53 [INFO] 图像形状: (2160, 3840, 3)
2026-07-16 11:25:53 [INFO] 图像数据类型: uint8
2026-07-16 11:25:53 [INFO] 图像最大值: 255
2026-07-16 11:25:53 [INFO] 图像最小值: 0
2026-07-16 11:25:53 [INFO] 开始保存检测结果图像: 图像尺寸=(2160, 3840, 3), 类型=uint8, 路径=C:\code\show\Scrap_Steel_In_Field\photos\dangerous_det\detection_20260716_112553.jpg
2026-07-16 11:25:53 [INFO] 成功保存检测结果到: C:\code\show\Scrap_Steel_In_Field\photos\dangerous_det\detection_20260716_112553.jpg
2026-07-16 11:25:53 [INFO] 保存的检测结果文件大小: 1806448 字节
2026-07-16 11:25:53 [INFO] 引擎上下文已释放
2026-07-16 11:25:53 [INFO] TensorRT 引擎已释放
2026-07-16 11:25:53 [INFO] 全局 CUDA 资源已释放
2026-07-16 11:25:53 [INFO] 检测系统资源已释放
2026-07-16 11:25:59 [INFO] CUDA 初始化成功
2026-07-16 11:25:59 [INFO] 引擎加载成功: dangerous.engine
2026-07-16 11:25:59 [INFO] 检测系统初始化成功
2026-07-16 11:25:59 [INFO] 图像预处理完成，原始尺寸: (2160, 3840)
2026-07-16 11:25:59 [INFO] 开始执行目标检测...
2026-07-16 11:25:59 [INFO] 检测完成，找到 0 个物体
2026-07-16 11:25:59 [INFO] 检测到车兜区域，将过滤区域外的目标
2026-07-16 11:25:59 [INFO] 引擎上下文已释放
2026-07-16 11:25:59 [INFO] TensorRT 引擎已释放
2026-07-16 11:25:59 [INFO] 全局 CUDA 资源已释放
2026-07-16 11:25:59 [INFO] 检测系统资源已释放
2026-07-16 11:26:04 [INFO] CUDA 初始化成功
2026-07-16 11:26:04 [INFO] 引擎加载成功: dangerous.engine
2026-07-16 11:26:04 [INFO] 检测系统初始化成功
2026-07-16 11:26:04 [INFO] 图像预处理完成，原始尺寸: (2160, 3840)
2026-07-16 11:26:04 [INFO] 开始执行目标检测...
2026-07-16 11:26:04 [INFO] 检测完成，找到 2 个物体
2026-07-16 11:26:04 [INFO] 物体 1: GasCyl1 (置信度: 0.88)
2026-07-16 11:26:04 [INFO] 物体 2: FireExt1 (置信度: 0.56)
2026-07-16 11:26:04 [INFO] 检测到车兜区域，将过滤区域外的目标
2026-07-16 11:26:04 [INFO] 准备保存检测结果到: C:\code\show\Scrap_Steel_In_Field\photos\dangerous_det\detection_20260716_112604.jpg
2026-07-16 11:26:04 [INFO] 图像形状: (2160, 3840, 3)
2026-07-16 11:26:04 [INFO] 图像数据类型: uint8
2026-07-16 11:26:04 [INFO] 图像最大值: 255
2026-07-16 11:26:04 [INFO] 图像最小值: 0
2026-07-16 11:26:04 [INFO] 开始保存检测结果图像: 图像尺寸=(2160, 3840, 3), 类型=uint8, 路径=C:\code\show\Scrap_Steel_In_Field\photos\dangerous_det\detection_20260716_112604.jpg
2026-07-16 11:26:04 [INFO] 成功保存检测结果到: C:\code\show\Scrap_Steel_In_Field\photos\dangerous_det\detection_20260716_112604.jpg
2026-07-16 11:26:04 [INFO] 保存的检测结果文件大小: 1740161 字节
2026-07-16 11:26:04 [INFO] 引擎上下文已释放
2026-07-16 11:26:04 [INFO] TensorRT 引擎已释放
2026-07-16 11:26:04 [INFO] 全局 CUDA 资源已释放
2026-07-16 11:26:04 [INFO] 检测系统资源已释放
2026-07-16 11:26:09 [INFO] CUDA 初始化成功
2026-07-16 11:26:09 [INFO] 引擎加载成功: dangerous.engine
2026-07-16 11:26:09 [INFO] 检测系统初始化成功
2026-07-16 11:26:09 [INFO] 图像预处理完成，原始尺寸: (2160, 3840)
2026-07-16 11:26:09 [INFO] 开始执行目标检测...
2026-07-16 11:26:09 [INFO] 检测完成，找到 3 个物体
2026-07-16 11:26:09 [INFO] 物体 1: GasCyl1 (置信度: 0.87)
2026-07-16 11:26:09 [INFO] 物体 2: FireExt1 (置信度: 0.56)
2026-07-16 11:26:09 [INFO] 物体 3: FireExt1 (置信度: 0.36)
2026-07-16 11:26:09 [INFO] 检测到车兜区域，将过滤区域外的目标
2026-07-16 11:26:09 [INFO] 准备保存检测结果到: C:\code\show\Scrap_Steel_In_Field\photos\dangerous_det\detection_20260716_112609.jpg
2026-07-16 11:26:09 [INFO] 图像形状: (2160, 3840, 3)
2026-07-16 11:26:09 [INFO] 图像数据类型: uint8
2026-07-16 11:26:09 [INFO] 图像最大值: 255
2026-07-16 11:26:09 [INFO] 图像最小值: 0
2026-07-16 11:26:09 [INFO] 开始保存检测结果图像: 图像尺寸=(2160, 3840, 3), 类型=uint8, 路径=C:\code\show\Scrap_Steel_In_Field\photos\dangerous_det\detection_20260716_112609.jpg
2026-07-16 11:26:09 [INFO] 成功保存检测结果到: C:\code\show\Scrap_Steel_In_Field\photos\dangerous_det\detection_20260716_112609.jpg
2026-07-16 11:26:09 [INFO] 保存的检测结果文件大小: 1834190 字节
2026-07-16 11:26:09 [INFO] 引擎上下文已释放
2026-07-16 11:26:09 [INFO] TensorRT 引擎已释放
2026-07-16 11:26:10 [INFO] 全局 CUDA 资源已释放
2026-07-16 11:26:10 [INFO] 检测系统资源已释放
2026-07-16 11:26:15 [INFO] CUDA 初始化成功
2026-07-16 11:26:15 [INFO] 引擎加载成功: dangerous.engine
2026-07-16 11:26:15 [INFO] 检测系统初始化成功
2026-07-16 11:26:15 [INFO] 图像预处理完成，原始尺寸: (2160, 3840)
2026-07-16 11:26:15 [INFO] 开始执行目标检测...
2026-07-16 11:26:15 [INFO] 检测完成，找到 3 个物体
2026-07-16 11:26:15 [INFO] 物体 1: GasCyl1 (置信度: 0.88)
2026-07-16 11:26:15 [INFO] 物体 2: FireExt1 (置信度: 0.57)
2026-07-16 11:26:15 [INFO] 物体 3: FireExt1 (置信度: 0.36)
2026-07-16 11:26:15 [INFO] 检测到车兜区域，将过滤区域外的目标
2026-07-16 11:26:15 [INFO] 准备保存检测结果到: C:\code\show\Scrap_Steel_In_Field\photos\dangerous_det\detection_20260716_112615.jpg
2026-07-16 11:26:15 [INFO] 图像形状: (2160, 3840, 3)
2026-07-16 11:26:15 [INFO] 图像数据类型: uint8
2026-07-16 11:26:15 [INFO] 图像最大值: 255
2026-07-16 11:26:15 [INFO] 图像最小值: 0
2026-07-16 11:26:15 [INFO] 开始保存检测结果图像: 图像尺寸=(2160, 3840, 3), 类型=uint8, 路径=C:\code\show\Scrap_Steel_In_Field\photos\dangerous_det\detection_20260716_112615.jpg
2026-07-16 11:26:15 [INFO] 成功保存检测结果到: C:\code\show\Scrap_Steel_In_Field\photos\dangerous_det\detection_20260716_112615.jpg
2026-07-16 11:26:15 [INFO] 保存的检测结果文件大小: 1836454 字节
2026-07-16 11:26:15 [INFO] 引擎上下文已释放
2026-07-16 11:26:15 [INFO] TensorRT 引擎已释放
2026-07-16 11:26:15 [INFO] 全局 CUDA 资源已释放
2026-07-16 11:26:15 [INFO] 检测系统资源已释放
2026-07-16 11:26:20 [INFO] CUDA 初始化成功
2026-07-16 11:26:20 [INFO] 引擎加载成功: dangerous.engine
2026-07-16 11:26:20 [INFO] 检测系统初始化成功
2026-07-16 11:26:20 [INFO] 图像预处理完成，原始尺寸: (2160, 3840)
2026-07-16 11:26:20 [INFO] 开始执行目标检测...
2026-07-16 11:26:20 [INFO] 检测完成，找到 3 个物体
2026-07-16 11:26:20 [INFO] 物体 1: GasCyl1 (置信度: 0.88)
2026-07-16 11:26:20 [INFO] 物体 2: FireExt1 (置信度: 0.57)
2026-07-16 11:26:20 [INFO] 物体 3: FireExt1 (置信度: 0.36)
2026-07-16 11:26:20 [INFO] 检测到车兜区域，将过滤区域外的目标
2026-07-16 11:26:20 [INFO] 准备保存检测结果到: C:\code\show\Scrap_Steel_In_Field\photos\dangerous_det\detection_20260716_112620.jpg
2026-07-16 11:26:20 [INFO] 图像形状: (2160, 3840, 3)
2026-07-16 11:26:20 [INFO] 图像数据类型: uint8
2026-07-16 11:26:20 [INFO] 图像最大值: 255
2026-07-16 11:26:20 [INFO] 图像最小值: 0
2026-07-16 11:26:20 [INFO] 开始保存检测结果图像: 图像尺寸=(2160, 3840, 3), 类型=uint8, 路径=C:\code\show\Scrap_Steel_In_Field\photos\dangerous_det\detection_20260716_112620.jpg
2026-07-16 11:26:20 [INFO] 成功保存检测结果到: C:\code\show\Scrap_Steel_In_Field\photos\dangerous_det\detection_20260716_112620.jpg
2026-07-16 11:26:20 [INFO] 保存的检测结果文件大小: 1839673 字节
2026-07-16 11:26:20 [INFO] 引擎上下文已释放
2026-07-16 11:26:20 [INFO] TensorRT 引擎已释放
2026-07-16 11:26:20 [INFO] 全局 CUDA 资源已释放
2026-07-16 11:26:20 [INFO] 检测系统资源已释放
2026-07-16 11:26:25 [INFO] CUDA 初始化成功
2026-07-16 11:26:25 [INFO] 引擎加载成功: dangerous.engine
2026-07-16 11:26:25 [INFO] 检测系统初始化成功
2026-07-16 11:26:25 [INFO] 图像预处理完成，原始尺寸: (2160, 3840)
2026-07-16 11:26:25 [INFO] 开始执行目标检测...
2026-07-16 11:26:25 [INFO] 检测完成，找到 2 个物体
2026-07-16 11:26:25 [INFO] 物体 1: GasCyl1 (置信度: 0.88)
2026-07-16 11:26:25 [INFO] 物体 2: FireExt1 (置信度: 0.57)
2026-07-16 11:26:25 [INFO] 检测到车兜区域，将过滤区域外的目标
2026-07-16 11:26:25 [INFO] 准备保存检测结果到: C:\code\show\Scrap_Steel_In_Field\photos\dangerous_det\detection_20260716_112625.jpg
2026-07-16 11:26:25 [INFO] 图像形状: (2160, 3840, 3)
2026-07-16 11:26:25 [INFO] 图像数据类型: uint8
2026-07-16 11:26:25 [INFO] 图像最大值: 255
2026-07-16 11:26:25 [INFO] 图像最小值: 0
2026-07-16 11:26:25 [INFO] 开始保存检测结果图像: 图像尺寸=(2160, 3840, 3), 类型=uint8, 路径=C:\code\show\Scrap_Steel_In_Field\photos\dangerous_det\detection_20260716_112625.jpg
2026-07-16 11:26:25 [INFO] 成功保存检测结果到: C:\code\show\Scrap_Steel_In_Field\photos\dangerous_det\detection_20260716_112625.jpg
2026-07-16 11:26:25 [INFO] 保存的检测结果文件大小: 1833694 字节
2026-07-16 11:26:25 [INFO] 引擎上下文已释放
2026-07-16 11:26:25 [INFO] TensorRT 引擎已释放
2026-07-16 11:26:25 [INFO] 全局 CUDA 资源已释放
2026-07-16 11:26:25 [INFO] 检测系统资源已释放
2026-07-16 11:26:30 [INFO] CUDA 初始化成功
2026-07-16 11:26:30 [INFO] 引擎加载成功: dangerous.engine
2026-07-16 11:26:30 [INFO] 检测系统初始化成功
2026-07-16 11:26:31 [INFO] 图像预处理完成，原始尺寸: (2160, 3840)
2026-07-16 11:26:31 [INFO] 开始执行目标检测...
2026-07-16 11:26:31 [INFO] 检测完成，找到 2 个物体
2026-07-16 11:26:31 [INFO] 物体 1: GasCyl1 (置信度: 0.90)
2026-07-16 11:26:31 [INFO] 物体 2: FireExt1 (置信度: 0.56)
2026-07-16 11:26:31 [INFO] 检测到车兜区域，将过滤区域外的目标
2026-07-16 11:26:31 [INFO] 准备保存检测结果到: C:\code\show\Scrap_Steel_In_Field\photos\dangerous_det\detection_20260716_112631.jpg
2026-07-16 11:26:31 [INFO] 图像形状: (2160, 3840, 3)
2026-07-16 11:26:31 [INFO] 图像数据类型: uint8
2026-07-16 11:26:31 [INFO] 图像最大值: 255
2026-07-16 11:26:31 [INFO] 图像最小值: 0
2026-07-16 11:26:31 [INFO] 开始保存检测结果图像: 图像尺寸=(2160, 3840, 3), 类型=uint8, 路径=C:\code\show\Scrap_Steel_In_Field\photos\dangerous_det\detection_20260716_112631.jpg
2026-07-16 11:26:31 [INFO] 成功保存检测结果到: C:\code\show\Scrap_Steel_In_Field\photos\dangerous_det\detection_20260716_112631.jpg
2026-07-16 11:26:31 [INFO] 保存的检测结果文件大小: 1840742 字节
2026-07-16 11:26:31 [INFO] 引擎上下文已释放
2026-07-16 11:26:31 [INFO] TensorRT 引擎已释放
2026-07-16 11:26:31 [INFO] 全局 CUDA 资源已释放
2026-07-16 11:26:31 [INFO] 检测系统资源已释放
2026-07-16 11:26:36 [INFO] CUDA 初始化成功
2026-07-16 11:26:36 [INFO] 引擎加载成功: dangerous.engine
2026-07-16 11:26:36 [INFO] 检测系统初始化成功
2026-07-16 11:26:36 [INFO] 图像预处理完成，原始尺寸: (2160, 3840)
2026-07-16 11:26:36 [INFO] 开始执行目标检测...
2026-07-16 11:26:36 [INFO] 检测完成，找到 3 个物体
2026-07-16 11:26:36 [INFO] 物体 1: GasCyl1 (置信度: 0.89)
2026-07-16 11:26:36 [INFO] 物体 2: FireExt1 (置信度: 0.55)
2026-07-16 11:26:36 [INFO] 物体 3: FireExt1 (置信度: 0.38)
2026-07-16 11:26:36 [INFO] 检测到车兜区域，将过滤区域外的目标
2026-07-16 11:26:36 [INFO] 准备保存检测结果到: C:\code\show\Scrap_Steel_In_Field\photos\dangerous_det\detection_20260716_112636.jpg
2026-07-16 11:26:36 [INFO] 图像形状: (2160, 3840, 3)
2026-07-16 11:26:36 [INFO] 图像数据类型: uint8
2026-07-16 11:26:36 [INFO] 图像最大值: 255
2026-07-16 11:26:36 [INFO] 图像最小值: 0
2026-07-16 11:26:36 [INFO] 开始保存检测结果图像: 图像尺寸=(2160, 3840, 3), 类型=uint8, 路径=C:\code\show\Scrap_Steel_In_Field\photos\dangerous_det\detection_20260716_112636.jpg
2026-07-16 11:26:36 [INFO] 成功保存检测结果到: C:\code\show\Scrap_Steel_In_Field\photos\dangerous_det\detection_20260716_112636.jpg
2026-07-16 11:26:36 [INFO] 保存的检测结果文件大小: 1846232 字节
2026-07-16 11:26:36 [INFO] 引擎上下文已释放
2026-07-16 11:26:36 [INFO] TensorRT 引擎已释放
2026-07-16 11:26:36 [INFO] 全局 CUDA 资源已释放
2026-07-16 11:26:36 [INFO] 检测系统资源已释放
2026-07-16 11:26:41 [INFO] CUDA 初始化成功
2026-07-16 11:26:41 [INFO] 引擎加载成功: dangerous.engine
2026-07-16 11:26:41 [INFO] 检测系统初始化成功
2026-07-16 11:26:41 [INFO] 图像预处理完成，原始尺寸: (2160, 3840)
2026-07-16 11:26:41 [INFO] 开始执行目标检测...
2026-07-16 11:26:41 [INFO] 检测完成，找到 2 个物体
2026-07-16 11:26:41 [INFO] 物体 1: GasCyl1 (置信度: 0.89)
2026-07-16 11:26:41 [INFO] 物体 2: FireExt1 (置信度: 0.56)
2026-07-16 11:26:41 [INFO] 检测到车兜区域，将过滤区域外的目标
2026-07-16 11:26:41 [INFO] 准备保存检测结果到: C:\code\show\Scrap_Steel_In_Field\photos\dangerous_det\detection_20260716_112641.jpg
2026-07-16 11:26:41 [INFO] 图像形状: (2160, 3840, 3)
2026-07-16 11:26:41 [INFO] 图像数据类型: uint8
2026-07-16 11:26:41 [INFO] 图像最大值: 255
2026-07-16 11:26:41 [INFO] 图像最小值: 0
2026-07-16 11:26:41 [INFO] 开始保存检测结果图像: 图像尺寸=(2160, 3840, 3), 类型=uint8, 路径=C:\code\show\Scrap_Steel_In_Field\photos\dangerous_det\detection_20260716_112641.jpg
2026-07-16 11:26:41 [INFO] 成功保存检测结果到: C:\code\show\Scrap_Steel_In_Field\photos\dangerous_det\detection_20260716_112641.jpg
2026-07-16 11:26:41 [INFO] 保存的检测结果文件大小: 1840376 字节
2026-07-16 11:26:41 [INFO] 引擎上下文已释放
2026-07-16 11:26:41 [INFO] TensorRT 引擎已释放
2026-07-16 11:26:41 [INFO] 全局 CUDA 资源已释放
2026-07-16 11:26:41 [INFO] 检测系统资源已释放
2026-07-16 11:26:46 [INFO] CUDA 初始化成功
2026-07-16 11:26:46 [INFO] 引擎加载成功: dangerous.engine
2026-07-16 11:26:46 [INFO] 检测系统初始化成功
2026-07-16 11:26:46 [INFO] 图像预处理完成，原始尺寸: (2160, 3840)
2026-07-16 11:26:46 [INFO] 开始执行目标检测...
2026-07-16 11:26:46 [INFO] 检测完成，找到 2 个物体
2026-07-16 11:26:46 [INFO] 物体 1: GasCyl1 (置信度: 0.89)
2026-07-16 11:26:46 [INFO] 物体 2: FireExt1 (置信度: 0.57)
2026-07-16 11:26:46 [INFO] 检测到车兜区域，将过滤区域外的目标
2026-07-16 11:26:46 [INFO] 准备保存检测结果到: C:\code\show\Scrap_Steel_In_Field\photos\dangerous_det\detection_20260716_112646.jpg
2026-07-16 11:26:46 [INFO] 图像形状: (2160, 3840, 3)
2026-07-16 11:26:46 [INFO] 图像数据类型: uint8
2026-07-16 11:26:46 [INFO] 图像最大值: 255
2026-07-16 11:26:46 [INFO] 图像最小值: 0
2026-07-16 11:26:46 [INFO] 开始保存检测结果图像: 图像尺寸=(2160, 3840, 3), 类型=uint8, 路径=C:\code\show\Scrap_Steel_In_Field\photos\dangerous_det\detection_20260716_112646.jpg
2026-07-16 11:26:46 [INFO] 成功保存检测结果到: C:\code\show\Scrap_Steel_In_Field\photos\dangerous_det\detection_20260716_112646.jpg
2026-07-16 11:26:46 [INFO] 保存的检测结果文件大小: 1831493 字节
2026-07-16 11:26:46 [INFO] 引擎上下文已释放
2026-07-16 11:26:46 [INFO] TensorRT 引擎已释放
2026-07-16 11:26:46 [INFO] 全局 CUDA 资源已释放
2026-07-16 11:26:46 [INFO] 检测系统资源已释放
2026-07-16 11:26:51 [INFO] CUDA 初始化成功
2026-07-16 11:26:51 [INFO] 引擎加载成功: dangerous.engine
2026-07-16 11:26:51 [INFO] 检测系统初始化成功
2026-07-16 11:26:52 [INFO] 图像预处理完成，原始尺寸: (2160, 3840)
2026-07-16 11:26:52 [INFO] 开始执行目标检测...
2026-07-16 11:26:52 [INFO] 检测完成，找到 2 个物体
2026-07-16 11:26:52 [INFO] 物体 1: GasCyl1 (置信度: 0.88)
2026-07-16 11:26:52 [INFO] 物体 2: FireExt1 (置信度: 0.58)
2026-07-16 11:26:52 [INFO] 检测到车兜区域，将过滤区域外的目标
2026-07-16 11:26:52 [INFO] 准备保存检测结果到: C:\code\show\Scrap_Steel_In_Field\photos\dangerous_det\detection_20260716_112652.jpg
2026-07-16 11:26:52 [INFO] 图像形状: (2160, 3840, 3)
2026-07-16 11:26:52 [INFO] 图像数据类型: uint8
2026-07-16 11:26:52 [INFO] 图像最大值: 255
2026-07-16 11:26:52 [INFO] 图像最小值: 0
2026-07-16 11:26:52 [INFO] 开始保存检测结果图像: 图像尺寸=(2160, 3840, 3), 类型=uint8, 路径=C:\code\show\Scrap_Steel_In_Field\photos\dangerous_det\detection_20260716_112652.jpg
2026-07-16 11:26:52 [INFO] 成功保存检测结果到: C:\code\show\Scrap_Steel_In_Field\photos\dangerous_det\detection_20260716_112652.jpg
2026-07-16 11:26:52 [INFO] 保存的检测结果文件大小: 1846518 字节
2026-07-16 11:26:52 [INFO] 引擎上下文已释放
2026-07-16 11:26:52 [INFO] TensorRT 引擎已释放
2026-07-16 11:26:52 [INFO] 全局 CUDA 资源已释放
2026-07-16 11:26:52 [INFO] 检测系统资源已释放
2026-07-16 11:26:57 [INFO] CUDA 初始化成功
2026-07-16 11:26:57 [INFO] 引擎加载成功: dangerous.engine
2026-07-16 11:26:57 [INFO] 检测系统初始化成功
2026-07-16 11:26:57 [INFO] 图像预处理完成，原始尺寸: (2160, 3840)
2026-07-16 11:26:57 [INFO] 开始执行目标检测...
2026-07-16 11:26:57 [INFO] 检测完成，找到 3 个物体
2026-07-16 11:26:57 [INFO] 物体 1: GasCyl1 (置信度: 0.89)
2026-07-16 11:26:57 [INFO] 物体 2: FireExt1 (置信度: 0.56)
2026-07-16 11:26:57 [INFO] 物体 3: FireExt1 (置信度: 0.36)
2026-07-16 11:26:57 [INFO] 检测到车兜区域，将过滤区域外的目标
2026-07-16 11:26:57 [INFO] 准备保存检测结果到: C:\code\show\Scrap_Steel_In_Field\photos\dangerous_det\detection_20260716_112657.jpg
2026-07-16 11:26:57 [INFO] 图像形状: (2160, 3840, 3)
2026-07-16 11:26:57 [INFO] 图像数据类型: uint8
2026-07-16 11:26:57 [INFO] 图像最大值: 255
2026-07-16 11:26:57 [INFO] 图像最小值: 0
2026-07-16 11:26:57 [INFO] 开始保存检测结果图像: 图像尺寸=(2160, 3840, 3), 类型=uint8, 路径=C:\code\show\Scrap_Steel_In_Field\photos\dangerous_det\detection_20260716_112657.jpg
2026-07-16 11:26:57 [INFO] 成功保存检测结果到: C:\code\show\Scrap_Steel_In_Field\photos\dangerous_det\detection_20260716_112657.jpg
2026-07-16 11:26:57 [INFO] 保存的检测结果文件大小: 1845790 字节
2026-07-16 11:26:57 [INFO] 引擎上下文已释放
2026-07-16 11:26:57 [INFO] TensorRT 引擎已释放
2026-07-16 11:26:57 [INFO] 全局 CUDA 资源已释放
2026-07-16 11:26:57 [INFO] 检测系统资源已释放
2026-07-16 11:27:02 [INFO] CUDA 初始化成功
2026-07-16 11:27:02 [INFO] 引擎加载成功: dangerous.engine
2026-07-16 11:27:02 [INFO] 检测系统初始化成功
2026-07-16 11:27:02 [INFO] 图像预处理完成，原始尺寸: (2160, 3840)
2026-07-16 11:27:02 [INFO] 开始执行目标检测...
2026-07-16 11:27:02 [INFO] 检测完成，找到 2 个物体
2026-07-16 11:27:02 [INFO] 物体 1: GasCyl1 (置信度: 0.89)
2026-07-16 11:27:02 [INFO] 物体 2: FireExt1 (置信度: 0.57)
2026-07-16 11:27:02 [INFO] 检测到车兜区域，将过滤区域外的目标
2026-07-16 11:27:02 [INFO] 准备保存检测结果到: C:\code\show\Scrap_Steel_In_Field\photos\dangerous_det\detection_20260716_112702.jpg
2026-07-16 11:27:02 [INFO] 图像形状: (2160, 3840, 3)
2026-07-16 11:27:02 [INFO] 图像数据类型: uint8
2026-07-16 11:27:02 [INFO] 图像最大值: 255
2026-07-16 11:27:02 [INFO] 图像最小值: 0
2026-07-16 11:27:02 [INFO] 开始保存检测结果图像: 图像尺寸=(2160, 3840, 3), 类型=uint8, 路径=C:\code\show\Scrap_Steel_In_Field\photos\dangerous_det\detection_20260716_112702.jpg
2026-07-16 11:27:02 [INFO] 成功保存检测结果到: C:\code\show\Scrap_Steel_In_Field\photos\dangerous_det\detection_20260716_112702.jpg
2026-07-16 11:27:02 [INFO] 保存的检测结果文件大小: 1842536 字节
2026-07-16 11:27:02 [INFO] 引擎上下文已释放
2026-07-16 11:27:02 [INFO] TensorRT 引擎已释放
2026-07-16 11:27:02 [INFO] 全局 CUDA 资源已释放
2026-07-16 11:27:02 [INFO] 检测系统资源已释放
2026-07-16 11:27:07 [INFO] CUDA 初始化成功
2026-07-16 11:27:07 [INFO] 引擎加载成功: dangerous.engine
2026-07-16 11:27:07 [INFO] 检测系统初始化成功
2026-07-16 11:27:07 [INFO] 图像预处理完成，原始尺寸: (2160, 3840)
2026-07-16 11:27:07 [INFO] 开始执行目标检测...
2026-07-16 11:27:07 [INFO] 检测完成，找到 2 个物体
2026-07-16 11:27:07 [INFO] 物体 1: GasCyl1 (置信度: 0.88)
2026-07-16 11:27:07 [INFO] 物体 2: FireExt1 (置信度: 0.56)
2026-07-16 11:27:07 [INFO] 检测到车兜区域，将过滤区域外的目标
2026-07-16 11:27:07 [INFO] 准备保存检测结果到: C:\code\show\Scrap_Steel_In_Field\photos\dangerous_det\detection_20260716_112707.jpg
2026-07-16 11:27:07 [INFO] 图像形状: (2160, 3840, 3)
2026-07-16 11:27:07 [INFO] 图像数据类型: uint8
2026-07-16 11:27:07 [INFO] 图像最大值: 255
2026-07-16 11:27:07 [INFO] 图像最小值: 0
2026-07-16 11:27:07 [INFO] 开始保存检测结果图像: 图像尺寸=(2160, 3840, 3), 类型=uint8, 路径=C:\code\show\Scrap_Steel_In_Field\photos\dangerous_det\detection_20260716_112707.jpg
2026-07-16 11:27:07 [INFO] 成功保存检测结果到: C:\code\show\Scrap_Steel_In_Field\photos\dangerous_det\detection_20260716_112707.jpg
2026-07-16 11:27:07 [INFO] 保存的检测结果文件大小: 1852777 字节
2026-07-16 11:27:07 [INFO] 引擎上下文已释放
2026-07-16 11:27:07 [INFO] TensorRT 引擎已释放
2026-07-16 11:27:07 [INFO] 全局 CUDA 资源已释放
2026-07-16 11:27:07 [INFO] 检测系统资源已释放
