2026-05-21 08:44:55 [INFO] CUDA 初始化成功
2026-05-21 08:44:55 [INFO] 引擎加载成功: dangerous.engine
2026-05-21 08:44:55 [INFO] 检测系统初始化成功
2026-05-21 08:44:58 [INFO] 引擎加载成功: dangerous.engine
2026-05-21 08:44:58 [INFO] 检测系统初始化成功
2026-05-21 08:44:58 [INFO] 图像预处理完成，原始尺寸: (2160, 3840)
2026-05-21 08:44:58 [INFO] 开始执行目标检测...
2026-05-21 08:44:58 [INFO] 检测完成，找到 0 个物体
2026-05-21 08:44:58 [INFO] 引擎上下文已释放
2026-05-21 08:44:58 [INFO] TensorRT 引擎已释放
2026-05-21 08:44:58 [INFO] 全局 CUDA 资源已释放
2026-05-21 08:44:58 [INFO] 检测系统资源已释放
2026-05-21 08:45:04 [INFO] CUDA 初始化成功
2026-05-21 08:45:04 [INFO] 引擎加载成功: dangerous.engine
2026-05-21 08:45:04 [INFO] 检测系统初始化成功
2026-05-21 08:45:04 [INFO] 图像预处理完成，原始尺寸: (2160, 3840)
2026-05-21 08:45:04 [INFO] 开始执行目标检测...
2026-05-21 08:45:04 [INFO] 检测完成，找到 4 个物体
2026-05-21 08:45:04 [INFO] 物体 1: GasCyl1 (置信度: 0.88)
2026-05-21 08:45:04 [INFO] 物体 2: GasCyl1 (置信度: 0.68)
2026-05-21 08:45:04 [INFO] 物体 3: GasCyl1 (置信度: 0.56)
2026-05-21 08:45:04 [INFO] 物体 4: FireExt1 (置信度: 0.27)
2026-05-21 08:45:04 [INFO] 准备保存检测结果到: C:\code\show\Scrap_Steel_In_Field\photos\dangerous_det\detection_20260521_084504.jpg
2026-05-21 08:45:04 [INFO] 图像形状: (2160, 3840, 3)
2026-05-21 08:45:04 [INFO] 图像数据类型: uint8
2026-05-21 08:45:04 [INFO] 图像最大值: 255
2026-05-21 08:45:04 [INFO] 图像最小值: 0
2026-05-21 08:45:04 [INFO] 开始保存检测结果图像: 图像尺寸=(2160, 3840, 3), 类型=uint8, 路径=C:\code\show\Scrap_Steel_In_Field\photos\dangerous_det\detection_20260521_084504.jpg
2026-05-21 08:45:05 [INFO] 成功保存检测结果到: C:\code\show\Scrap_Steel_In_Field\photos\dangerous_det\detection_20260521_084504.jpg
2026-05-21 08:45:05 [INFO] 保存的检测结果文件大小: 2478435 字节
2026-05-21 08:45:05 [INFO] 引擎上下文已释放
2026-05-21 08:45:05 [INFO] TensorRT 引擎已释放
2026-05-21 08:45:05 [INFO] 全局 CUDA 资源已释放
2026-05-21 08:45:05 [INFO] 检测系统资源已释放
2026-05-21 08:45:09 [INFO] CUDA 初始化成功
2026-05-21 08:45:09 [INFO] 引擎加载成功: dangerous.engine
2026-05-21 08:45:09 [INFO] 检测系统初始化成功
2026-05-21 08:45:10 [INFO] 图像预处理完成，原始尺寸: (2160, 3840)
2026-05-21 08:45:10 [INFO] 开始执行目标检测...
2026-05-21 08:45:10 [INFO] 检测完成，找到 3 个物体
2026-05-21 08:45:10 [INFO] 物体 1: GasCyl1 (置信度: 0.88)
2026-05-21 08:45:10 [INFO] 物体 2: GasCyl1 (置信度: 0.68)
2026-05-21 08:45:10 [INFO] 物体 3: FireExt1 (置信度: 0.50)
2026-05-21 08:45:10 [INFO] 准备保存检测结果到: C:\code\show\Scrap_Steel_In_Field\photos\dangerous_det\detection_20260521_084510.jpg
2026-05-21 08:45:10 [INFO] 图像形状: (2160, 3840, 3)
2026-05-21 08:45:10 [INFO] 图像数据类型: uint8
2026-05-21 08:45:10 [INFO] 图像最大值: 255
2026-05-21 08:45:10 [INFO] 图像最小值: 0
2026-05-21 08:45:10 [INFO] 开始保存检测结果图像: 图像尺寸=(2160, 3840, 3), 类型=uint8, 路径=C:\code\show\Scrap_Steel_In_Field\photos\dangerous_det\detection_20260521_084510.jpg
2026-05-21 08:45:10 [INFO] 成功保存检测结果到: C:\code\show\Scrap_Steel_In_Field\photos\dangerous_det\detection_20260521_084510.jpg
2026-05-21 08:45:10 [INFO] 保存的检测结果文件大小: 2471612 字节
2026-05-21 08:45:10 [INFO] 引擎上下文已释放
2026-05-21 08:45:10 [INFO] TensorRT 引擎已释放
2026-05-21 08:45:10 [INFO] 全局 CUDA 资源已释放
2026-05-21 08:45:10 [INFO] 检测系统资源已释放
2026-05-21 08:45:15 [INFO] CUDA 初始化成功
2026-05-21 08:45:15 [INFO] 引擎加载成功: dangerous.engine
2026-05-21 08:45:15 [INFO] 检测系统初始化成功
2026-05-21 08:45:15 [INFO] 图像预处理完成，原始尺寸: (2160, 3840)
2026-05-21 08:45:15 [INFO] 开始执行目标检测...
2026-05-21 08:45:15 [INFO] 检测完成，找到 4 个物体
2026-05-21 08:45:15 [INFO] 物体 1: GasCyl1 (置信度: 0.88)
2026-05-21 08:45:15 [INFO] 物体 2: GasCyl1 (置信度: 0.65)
2026-05-21 08:45:15 [INFO] 物体 3: GasCyl1 (置信度: 0.61)
2026-05-21 08:45:15 [INFO] 物体 4: FireExt1 (置信度: 0.28)
2026-05-21 08:45:15 [INFO] 准备保存检测结果到: C:\code\show\Scrap_Steel_In_Field\photos\dangerous_det\detection_20260521_084515.jpg
2026-05-21 08:45:15 [INFO] 图像形状: (2160, 3840, 3)
2026-05-21 08:45:15 [INFO] 图像数据类型: uint8
2026-05-21 08:45:15 [INFO] 图像最大值: 255
2026-05-21 08:45:15 [INFO] 图像最小值: 0
2026-05-21 08:45:15 [INFO] 开始保存检测结果图像: 图像尺寸=(2160, 3840, 3), 类型=uint8, 路径=C:\code\show\Scrap_Steel_In_Field\photos\dangerous_det\detection_20260521_084515.jpg
2026-05-21 08:45:15 [INFO] 成功保存检测结果到: C:\code\show\Scrap_Steel_In_Field\photos\dangerous_det\detection_20260521_084515.jpg
2026-05-21 08:45:15 [INFO] 保存的检测结果文件大小: 2478464 字节
2026-05-21 08:45:15 [INFO] 引擎上下文已释放
2026-05-21 08:45:15 [INFO] TensorRT 引擎已释放
2026-05-21 08:45:15 [INFO] 全局 CUDA 资源已释放
2026-05-21 08:45:15 [INFO] 检测系统资源已释放
2026-05-21 08:45:20 [INFO] CUDA 初始化成功
2026-05-21 08:45:20 [INFO] 引擎加载成功: dangerous.engine
2026-05-21 08:45:20 [INFO] 检测系统初始化成功
2026-05-21 08:45:20 [INFO] 图像预处理完成，原始尺寸: (2160, 3840)
2026-05-21 08:45:20 [INFO] 开始执行目标检测...
2026-05-21 08:45:20 [INFO] 检测完成，找到 3 个物体
2026-05-21 08:45:20 [INFO] 物体 1: GasCyl1 (置信度: 0.88)
2026-05-21 08:45:20 [INFO] 物体 2: GasCyl1 (置信度: 0.73)
2026-05-21 08:45:20 [INFO] 物体 3: FireExt1 (置信度: 0.50)
2026-05-21 08:45:20 [INFO] 准备保存检测结果到: C:\code\show\Scrap_Steel_In_Field\photos\dangerous_det\detection_20260521_084520.jpg
2026-05-21 08:45:20 [INFO] 图像形状: (2160, 3840, 3)
2026-05-21 08:45:20 [INFO] 图像数据类型: uint8
2026-05-21 08:45:20 [INFO] 图像最大值: 255
2026-05-21 08:45:20 [INFO] 图像最小值: 0
2026-05-21 08:45:20 [INFO] 开始保存检测结果图像: 图像尺寸=(2160, 3840, 3), 类型=uint8, 路径=C:\code\show\Scrap_Steel_In_Field\photos\dangerous_det\detection_20260521_084520.jpg
2026-05-21 08:45:20 [INFO] 成功保存检测结果到: C:\code\show\Scrap_Steel_In_Field\photos\dangerous_det\detection_20260521_084520.jpg
2026-05-21 08:45:20 [INFO] 保存的检测结果文件大小: 2473993 字节
2026-05-21 08:45:20 [INFO] 引擎上下文已释放
2026-05-21 08:45:21 [INFO] TensorRT 引擎已释放
2026-05-21 08:45:21 [INFO] 全局 CUDA 资源已释放
2026-05-21 08:45:21 [INFO] 检测系统资源已释放
2026-05-21 08:45:25 [INFO] CUDA 初始化成功
2026-05-21 08:45:25 [INFO] 引擎加载成功: dangerous.engine
2026-05-21 08:45:25 [INFO] 检测系统初始化成功
2026-05-21 08:45:25 [INFO] 图像预处理完成，原始尺寸: (2160, 3840)
2026-05-21 08:45:25 [INFO] 开始执行目标检测...
2026-05-21 08:45:25 [INFO] 检测完成，找到 4 个物体
2026-05-21 08:45:25 [INFO] 物体 1: GasCyl1 (置信度: 0.89)
2026-05-21 08:45:25 [INFO] 物体 2: GasCyl1 (置信度: 0.71)
2026-05-21 08:45:25 [INFO] 物体 3: FireExt1 (置信度: 0.50)
2026-05-21 08:45:25 [INFO] 物体 4: FireExt1 (置信度: 0.31)
2026-05-21 08:45:25 [INFO] 准备保存检测结果到: C:\code\show\Scrap_Steel_In_Field\photos\dangerous_det\detection_20260521_084525.jpg
2026-05-21 08:45:25 [INFO] 图像形状: (2160, 3840, 3)
2026-05-21 08:45:25 [INFO] 图像数据类型: uint8
2026-05-21 08:45:25 [INFO] 图像最大值: 255
2026-05-21 08:45:25 [INFO] 图像最小值: 0
2026-05-21 08:45:25 [INFO] 开始保存检测结果图像: 图像尺寸=(2160, 3840, 3), 类型=uint8, 路径=C:\code\show\Scrap_Steel_In_Field\photos\dangerous_det\detection_20260521_084525.jpg
2026-05-21 08:45:25 [INFO] 成功保存检测结果到: C:\code\show\Scrap_Steel_In_Field\photos\dangerous_det\detection_20260521_084525.jpg
2026-05-21 08:45:25 [INFO] 保存的检测结果文件大小: 2472884 字节
2026-05-21 08:45:25 [INFO] 引擎上下文已释放
2026-05-21 08:45:26 [INFO] TensorRT 引擎已释放
2026-05-21 08:45:26 [INFO] 全局 CUDA 资源已释放
2026-05-21 08:45:26 [INFO] 检测系统资源已释放
2026-05-21 08:45:30 [INFO] CUDA 初始化成功
2026-05-21 08:45:30 [INFO] 引擎加载成功: dangerous.engine
2026-05-21 08:45:30 [INFO] 检测系统初始化成功
2026-05-21 08:45:30 [INFO] 图像预处理完成，原始尺寸: (2160, 3840)
2026-05-21 08:45:30 [INFO] 开始执行目标检测...
2026-05-21 08:45:30 [INFO] 检测完成，找到 4 个物体
2026-05-21 08:45:30 [INFO] 物体 1: GasCyl1 (置信度: 0.88)
2026-05-21 08:45:30 [INFO] 物体 2: GasCyl1 (置信度: 0.72)
2026-05-21 08:45:30 [INFO] 物体 3: GasCyl1 (置信度: 0.69)
2026-05-21 08:45:30 [INFO] 物体 4: FireExt1 (置信度: 0.33)
2026-05-21 08:45:30 [INFO] 准备保存检测结果到: C:\code\show\Scrap_Steel_In_Field\photos\dangerous_det\detection_20260521_084530.jpg
2026-05-21 08:45:30 [INFO] 图像形状: (2160, 3840, 3)
2026-05-21 08:45:30 [INFO] 图像数据类型: uint8
2026-05-21 08:45:30 [INFO] 图像最大值: 255
2026-05-21 08:45:30 [INFO] 图像最小值: 0
2026-05-21 08:45:30 [INFO] 开始保存检测结果图像: 图像尺寸=(2160, 3840, 3), 类型=uint8, 路径=C:\code\show\Scrap_Steel_In_Field\photos\dangerous_det\detection_20260521_084530.jpg
2026-05-21 08:45:30 [INFO] 成功保存检测结果到: C:\code\show\Scrap_Steel_In_Field\photos\dangerous_det\detection_20260521_084530.jpg
2026-05-21 08:45:30 [INFO] 保存的检测结果文件大小: 2478889 字节
2026-05-21 08:45:31 [INFO] 引擎上下文已释放
2026-05-21 08:45:31 [INFO] TensorRT 引擎已释放
2026-05-21 08:45:31 [INFO] 全局 CUDA 资源已释放
2026-05-21 08:45:31 [INFO] 检测系统资源已释放
2026-05-21 08:45:36 [INFO] CUDA 初始化成功
2026-05-21 08:45:36 [INFO] 引擎加载成功: dangerous.engine
2026-05-21 08:45:36 [INFO] 检测系统初始化成功
2026-05-21 08:45:36 [INFO] 图像预处理完成，原始尺寸: (2160, 3840)
2026-05-21 08:45:36 [INFO] 开始执行目标检测...
2026-05-21 08:45:36 [INFO] 检测完成，找到 4 个物体
2026-05-21 08:45:36 [INFO] 物体 1: GasCyl1 (置信度: 0.88)
2026-05-21 08:45:36 [INFO] 物体 2: GasCyl1 (置信度: 0.69)
2026-05-21 08:45:36 [INFO] 物体 3: GasCyl1 (置信度: 0.56)
2026-05-21 08:45:36 [INFO] 物体 4: FireExt1 (置信度: 0.35)
2026-05-21 08:45:36 [INFO] 准备保存检测结果到: C:\code\show\Scrap_Steel_In_Field\photos\dangerous_det\detection_20260521_084536.jpg
2026-05-21 08:45:36 [INFO] 图像形状: (2160, 3840, 3)
2026-05-21 08:45:36 [INFO] 图像数据类型: uint8
2026-05-21 08:45:36 [INFO] 图像最大值: 255
2026-05-21 08:45:36 [INFO] 图像最小值: 0
2026-05-21 08:45:36 [INFO] 开始保存检测结果图像: 图像尺寸=(2160, 3840, 3), 类型=uint8, 路径=C:\code\show\Scrap_Steel_In_Field\photos\dangerous_det\detection_20260521_084536.jpg
2026-05-21 08:45:36 [INFO] 成功保存检测结果到: C:\code\show\Scrap_Steel_In_Field\photos\dangerous_det\detection_20260521_084536.jpg
2026-05-21 08:45:36 [INFO] 保存的检测结果文件大小: 2486224 字节
2026-05-21 08:45:36 [INFO] 引擎上下文已释放
2026-05-21 08:45:36 [INFO] TensorRT 引擎已释放
2026-05-21 08:45:36 [INFO] 全局 CUDA 资源已释放
2026-05-21 08:45:36 [INFO] 检测系统资源已释放
2026-05-21 08:45:41 [INFO] CUDA 初始化成功
2026-05-21 08:45:41 [INFO] 引擎加载成功: dangerous.engine
2026-05-21 08:45:41 [INFO] 检测系统初始化成功
2026-05-21 08:45:41 [INFO] 图像预处理完成，原始尺寸: (2160, 3840)
2026-05-21 08:45:41 [INFO] 开始执行目标检测...
2026-05-21 08:45:41 [INFO] 检测完成，找到 4 个物体
2026-05-21 08:45:41 [INFO] 物体 1: GasCyl1 (置信度: 0.88)
2026-05-21 08:45:41 [INFO] 物体 2: GasCyl1 (置信度: 0.65)
2026-05-21 08:45:41 [INFO] 物体 3: FireExt1 (置信度: 0.50)
2026-05-21 08:45:41 [INFO] 物体 4: FireExt1 (置信度: 0.31)
2026-05-21 08:45:41 [INFO] 准备保存检测结果到: C:\code\show\Scrap_Steel_In_Field\photos\dangerous_det\detection_20260521_084541.jpg
2026-05-21 08:45:41 [INFO] 图像形状: (2160, 3840, 3)
2026-05-21 08:45:41 [INFO] 图像数据类型: uint8
2026-05-21 08:45:41 [INFO] 图像最大值: 255
2026-05-21 08:45:41 [INFO] 图像最小值: 0
2026-05-21 08:45:41 [INFO] 开始保存检测结果图像: 图像尺寸=(2160, 3840, 3), 类型=uint8, 路径=C:\code\show\Scrap_Steel_In_Field\photos\dangerous_det\detection_20260521_084541.jpg
2026-05-21 08:45:41 [INFO] 成功保存检测结果到: C:\code\show\Scrap_Steel_In_Field\photos\dangerous_det\detection_20260521_084541.jpg
2026-05-21 08:45:41 [INFO] 保存的检测结果文件大小: 2477547 字节
2026-05-21 08:45:41 [INFO] 引擎上下文已释放
2026-05-21 08:45:41 [INFO] TensorRT 引擎已释放
2026-05-21 08:45:41 [INFO] 全局 CUDA 资源已释放
2026-05-21 08:45:41 [INFO] 检测系统资源已释放
2026-05-21 08:45:46 [INFO] CUDA 初始化成功
2026-05-21 08:45:46 [INFO] 引擎加载成功: dangerous.engine
2026-05-21 08:45:46 [INFO] 检测系统初始化成功
2026-05-21 08:45:46 [INFO] 图像预处理完成，原始尺寸: (2160, 3840)
2026-05-21 08:45:46 [INFO] 开始执行目标检测...
2026-05-21 08:45:46 [INFO] 检测完成，找到 3 个物体
2026-05-21 08:45:46 [INFO] 物体 1: GasCyl1 (置信度: 0.88)
2026-05-21 08:45:46 [INFO] 物体 2: GasCyl1 (置信度: 0.72)
2026-05-21 08:45:46 [INFO] 物体 3: FireExt1 (置信度: 0.49)
2026-05-21 08:45:46 [INFO] 准备保存检测结果到: C:\code\show\Scrap_Steel_In_Field\photos\dangerous_det\detection_20260521_084546.jpg
2026-05-21 08:45:46 [INFO] 图像形状: (2160, 3840, 3)
2026-05-21 08:45:46 [INFO] 图像数据类型: uint8
2026-05-21 08:45:46 [INFO] 图像最大值: 255
2026-05-21 08:45:46 [INFO] 图像最小值: 0
2026-05-21 08:45:46 [INFO] 开始保存检测结果图像: 图像尺寸=(2160, 3840, 3), 类型=uint8, 路径=C:\code\show\Scrap_Steel_In_Field\photos\dangerous_det\detection_20260521_084546.jpg
2026-05-21 08:45:46 [INFO] 成功保存检测结果到: C:\code\show\Scrap_Steel_In_Field\photos\dangerous_det\detection_20260521_084546.jpg
2026-05-21 08:45:46 [INFO] 保存的检测结果文件大小: 2490040 字节
2026-05-21 08:45:46 [INFO] 引擎上下文已释放
2026-05-21 08:45:46 [INFO] TensorRT 引擎已释放
2026-05-21 08:45:46 [INFO] 全局 CUDA 资源已释放
2026-05-21 08:45:46 [INFO] 检测系统资源已释放
