2026-06-04 17:46:04 [INFO] CUDA 初始化成功
2026-06-04 17:46:04 [INFO] 引擎加载成功: dangerous.engine
2026-06-04 17:46:04 [INFO] 检测系统初始化成功
2026-06-04 17:46:07 [INFO] 引擎加载成功: dangerous.engine
2026-06-04 17:46:07 [INFO] 检测系统初始化成功
2026-06-04 17:46:07 [INFO] 图像预处理完成，原始尺寸: (2160, 3840)
2026-06-04 17:46:07 [INFO] 开始执行目标检测...
2026-06-04 17:46:07 [INFO] 检测完成，找到 0 个物体
2026-06-04 17:46:07 [INFO] 检测到车兜区域，将过滤区域外的目标
2026-06-04 17:46:07 [INFO] 引擎上下文已释放
2026-06-04 17:46:07 [INFO] TensorRT 引擎已释放
2026-06-04 17:46:07 [INFO] 全局 CUDA 资源已释放
2026-06-04 17:46:07 [INFO] 检测系统资源已释放
2026-06-04 17:46:12 [INFO] CUDA 初始化成功
2026-06-04 17:46:12 [INFO] 引擎加载成功: dangerous.engine
2026-06-04 17:46:12 [INFO] 检测系统初始化成功
2026-06-04 17:46:12 [INFO] 图像预处理完成，原始尺寸: (2160, 3840)
2026-06-04 17:46:12 [INFO] 开始执行目标检测...
2026-06-04 17:46:12 [INFO] 检测完成，找到 4 个物体
2026-06-04 17:46:12 [INFO] 物体 1: GasCyl1 (置信度: 0.87)
2026-06-04 17:46:12 [INFO] 物体 2: GasCyl1 (置信度: 0.81)
2026-06-04 17:46:12 [INFO] 物体 3: GasCyl1 (置信度: 0.66)
2026-06-04 17:46:12 [INFO] 物体 4: GasCyl1 (置信度: 0.42)
2026-06-04 17:46:12 [INFO] 检测到车兜区域，将过滤区域外的目标
2026-06-04 17:46:12 [INFO] 准备保存检测结果到: C:\code\show\Scrap_Steel_In_Field\photos\dangerous_det\detection_20260604_174612.jpg
2026-06-04 17:46:12 [INFO] 图像形状: (2160, 3840, 3)
2026-06-04 17:46:12 [INFO] 图像数据类型: uint8
2026-06-04 17:46:12 [INFO] 图像最大值: 255
2026-06-04 17:46:12 [INFO] 图像最小值: 0
2026-06-04 17:46:12 [INFO] 开始保存检测结果图像: 图像尺寸=(2160, 3840, 3), 类型=uint8, 路径=C:\code\show\Scrap_Steel_In_Field\photos\dangerous_det\detection_20260604_174612.jpg
2026-06-04 17:46:12 [INFO] 成功保存检测结果到: C:\code\show\Scrap_Steel_In_Field\photos\dangerous_det\detection_20260604_174612.jpg
2026-06-04 17:46:12 [INFO] 保存的检测结果文件大小: 1987179 字节
2026-06-04 17:46:12 [INFO] 引擎上下文已释放
2026-06-04 17:46:12 [INFO] TensorRT 引擎已释放
2026-06-04 17:46:12 [INFO] 全局 CUDA 资源已释放
2026-06-04 17:46:12 [INFO] 检测系统资源已释放
2026-06-04 17:46:17 [INFO] CUDA 初始化成功
2026-06-04 17:46:17 [INFO] 引擎加载成功: dangerous.engine
2026-06-04 17:46:17 [INFO] 检测系统初始化成功
2026-06-04 17:46:17 [INFO] 图像预处理完成，原始尺寸: (2160, 3840)
2026-06-04 17:46:17 [INFO] 开始执行目标检测...
2026-06-04 17:46:17 [INFO] 检测完成，找到 4 个物体
2026-06-04 17:46:17 [INFO] 物体 1: GasCyl1 (置信度: 0.88)
2026-06-04 17:46:17 [INFO] 物体 2: GasCyl1 (置信度: 0.83)
2026-06-04 17:46:17 [INFO] 物体 3: GasCyl1 (置信度: 0.54)
2026-06-04 17:46:17 [INFO] 物体 4: FireExt1 (置信度: 0.37)
2026-06-04 17:46:18 [INFO] 检测到车兜区域，将过滤区域外的目标
2026-06-04 17:46:18 [INFO] 准备保存检测结果到: C:\code\show\Scrap_Steel_In_Field\photos\dangerous_det\detection_20260604_174618.jpg
2026-06-04 17:46:18 [INFO] 图像形状: (2160, 3840, 3)
2026-06-04 17:46:18 [INFO] 图像数据类型: uint8
2026-06-04 17:46:18 [INFO] 图像最大值: 255
2026-06-04 17:46:18 [INFO] 图像最小值: 0
2026-06-04 17:46:18 [INFO] 开始保存检测结果图像: 图像尺寸=(2160, 3840, 3), 类型=uint8, 路径=C:\code\show\Scrap_Steel_In_Field\photos\dangerous_det\detection_20260604_174618.jpg
2026-06-04 17:46:18 [INFO] 成功保存检测结果到: C:\code\show\Scrap_Steel_In_Field\photos\dangerous_det\detection_20260604_174618.jpg
2026-06-04 17:46:18 [INFO] 保存的检测结果文件大小: 1985499 字节
2026-06-04 17:46:18 [INFO] 引擎上下文已释放
2026-06-04 17:46:18 [INFO] TensorRT 引擎已释放
2026-06-04 17:46:18 [INFO] 全局 CUDA 资源已释放
2026-06-04 17:46:18 [INFO] 检测系统资源已释放
2026-06-04 17:46:22 [INFO] CUDA 初始化成功
2026-06-04 17:46:22 [INFO] 引擎加载成功: dangerous.engine
2026-06-04 17:46:22 [INFO] 检测系统初始化成功
2026-06-04 17:46:22 [INFO] 图像预处理完成，原始尺寸: (2160, 3840)
2026-06-04 17:46:22 [INFO] 开始执行目标检测...
2026-06-04 17:46:22 [INFO] 检测完成，找到 4 个物体
2026-06-04 17:46:22 [INFO] 物体 1: GasCyl1 (置信度: 0.88)
2026-06-04 17:46:22 [INFO] 物体 2: GasCyl1 (置信度: 0.82)
2026-06-04 17:46:22 [INFO] 物体 3: GasCyl1 (置信度: 0.48)
2026-06-04 17:46:22 [INFO] 物体 4: FireExt1 (置信度: 0.40)
2026-06-04 17:46:23 [INFO] 检测到车兜区域，将过滤区域外的目标
2026-06-04 17:46:23 [INFO] 准备保存检测结果到: C:\code\show\Scrap_Steel_In_Field\photos\dangerous_det\detection_20260604_174623.jpg
2026-06-04 17:46:23 [INFO] 图像形状: (2160, 3840, 3)
2026-06-04 17:46:23 [INFO] 图像数据类型: uint8
2026-06-04 17:46:23 [INFO] 图像最大值: 255
2026-06-04 17:46:23 [INFO] 图像最小值: 0
2026-06-04 17:46:23 [INFO] 开始保存检测结果图像: 图像尺寸=(2160, 3840, 3), 类型=uint8, 路径=C:\code\show\Scrap_Steel_In_Field\photos\dangerous_det\detection_20260604_174623.jpg
2026-06-04 17:46:23 [INFO] 成功保存检测结果到: C:\code\show\Scrap_Steel_In_Field\photos\dangerous_det\detection_20260604_174623.jpg
2026-06-04 17:46:23 [INFO] 保存的检测结果文件大小: 1986466 字节
2026-06-04 17:46:23 [INFO] 引擎上下文已释放
2026-06-04 17:46:23 [INFO] TensorRT 引擎已释放
2026-06-04 17:46:23 [INFO] 全局 CUDA 资源已释放
2026-06-04 17:46:23 [INFO] 检测系统资源已释放
2026-06-04 17:46:27 [INFO] CUDA 初始化成功
2026-06-04 17:46:27 [INFO] 引擎加载成功: dangerous.engine
2026-06-04 17:46:27 [INFO] 检测系统初始化成功
2026-06-04 17:46:27 [INFO] 图像预处理完成，原始尺寸: (2160, 3840)
2026-06-04 17:46:27 [INFO] 开始执行目标检测...
2026-06-04 17:46:27 [INFO] 检测完成，找到 4 个物体
2026-06-04 17:46:27 [INFO] 物体 1: GasCyl1 (置信度: 0.88)
2026-06-04 17:46:27 [INFO] 物体 2: GasCyl1 (置信度: 0.84)
2026-06-04 17:46:27 [INFO] 物体 3: GasCyl1 (置信度: 0.63)
2026-06-04 17:46:27 [INFO] 物体 4: FireExt1 (置信度: 0.38)
2026-06-04 17:46:28 [INFO] 检测到车兜区域，将过滤区域外的目标
2026-06-04 17:46:28 [INFO] 准备保存检测结果到: C:\code\show\Scrap_Steel_In_Field\photos\dangerous_det\detection_20260604_174628.jpg
2026-06-04 17:46:28 [INFO] 图像形状: (2160, 3840, 3)
2026-06-04 17:46:28 [INFO] 图像数据类型: uint8
2026-06-04 17:46:28 [INFO] 图像最大值: 255
2026-06-04 17:46:28 [INFO] 图像最小值: 0
2026-06-04 17:46:28 [INFO] 开始保存检测结果图像: 图像尺寸=(2160, 3840, 3), 类型=uint8, 路径=C:\code\show\Scrap_Steel_In_Field\photos\dangerous_det\detection_20260604_174628.jpg
2026-06-04 17:46:28 [INFO] 成功保存检测结果到: C:\code\show\Scrap_Steel_In_Field\photos\dangerous_det\detection_20260604_174628.jpg
2026-06-04 17:46:28 [INFO] 保存的检测结果文件大小: 1988327 字节
2026-06-04 17:46:28 [INFO] 引擎上下文已释放
2026-06-04 17:46:28 [INFO] TensorRT 引擎已释放
2026-06-04 17:46:28 [INFO] 全局 CUDA 资源已释放
2026-06-04 17:46:28 [INFO] 检测系统资源已释放
2026-06-04 17:46:33 [INFO] CUDA 初始化成功
2026-06-04 17:46:33 [INFO] 引擎加载成功: dangerous.engine
2026-06-04 17:46:33 [INFO] 检测系统初始化成功
2026-06-04 17:46:33 [INFO] 图像预处理完成，原始尺寸: (2160, 3840)
2026-06-04 17:46:33 [INFO] 开始执行目标检测...
2026-06-04 17:46:33 [INFO] 检测完成，找到 4 个物体
2026-06-04 17:46:33 [INFO] 物体 1: GasCyl1 (置信度: 0.88)
2026-06-04 17:46:33 [INFO] 物体 2: GasCyl1 (置信度: 0.81)
2026-06-04 17:46:33 [INFO] 物体 3: GasCyl1 (置信度: 0.50)
2026-06-04 17:46:33 [INFO] 物体 4: FireExt1 (置信度: 0.39)
2026-06-04 17:46:33 [INFO] 检测到车兜区域，将过滤区域外的目标
2026-06-04 17:46:33 [INFO] 准备保存检测结果到: C:\code\show\Scrap_Steel_In_Field\photos\dangerous_det\detection_20260604_174633.jpg
2026-06-04 17:46:33 [INFO] 图像形状: (2160, 3840, 3)
2026-06-04 17:46:33 [INFO] 图像数据类型: uint8
2026-06-04 17:46:33 [INFO] 图像最大值: 255
2026-06-04 17:46:33 [INFO] 图像最小值: 0
2026-06-04 17:46:33 [INFO] 开始保存检测结果图像: 图像尺寸=(2160, 3840, 3), 类型=uint8, 路径=C:\code\show\Scrap_Steel_In_Field\photos\dangerous_det\detection_20260604_174633.jpg
2026-06-04 17:46:33 [INFO] 成功保存检测结果到: C:\code\show\Scrap_Steel_In_Field\photos\dangerous_det\detection_20260604_174633.jpg
2026-06-04 17:46:33 [INFO] 保存的检测结果文件大小: 1991677 字节
2026-06-04 17:46:33 [INFO] 引擎上下文已释放
2026-06-04 17:46:33 [INFO] TensorRT 引擎已释放
2026-06-04 17:46:33 [INFO] 全局 CUDA 资源已释放
2026-06-04 17:46:33 [INFO] 检测系统资源已释放
2026-06-04 17:46:38 [INFO] CUDA 初始化成功
2026-06-04 17:46:38 [INFO] 引擎加载成功: dangerous.engine
2026-06-04 17:46:38 [INFO] 检测系统初始化成功
2026-06-04 17:46:39 [INFO] 图像预处理完成，原始尺寸: (2160, 3840)
2026-06-04 17:46:39 [INFO] 开始执行目标检测...
2026-06-04 17:46:39 [INFO] 检测完成，找到 5 个物体
2026-06-04 17:46:39 [INFO] 物体 1: GasCyl1 (置信度: 0.89)
2026-06-04 17:46:39 [INFO] 物体 2: GasCyl1 (置信度: 0.82)
2026-06-04 17:46:39 [INFO] 物体 3: GasCyl1 (置信度: 0.43)
2026-06-04 17:46:39 [INFO] 物体 4: GasCyl1 (置信度: 0.42)
2026-06-04 17:46:39 [INFO] 物体 5: FireExt1 (置信度: 0.39)
2026-06-04 17:46:39 [INFO] 检测到车兜区域，将过滤区域外的目标
2026-06-04 17:46:39 [INFO] 准备保存检测结果到: C:\code\show\Scrap_Steel_In_Field\photos\dangerous_det\detection_20260604_174639.jpg
2026-06-04 17:46:39 [INFO] 图像形状: (2160, 3840, 3)
2026-06-04 17:46:39 [INFO] 图像数据类型: uint8
2026-06-04 17:46:39 [INFO] 图像最大值: 255
2026-06-04 17:46:39 [INFO] 图像最小值: 0
2026-06-04 17:46:39 [INFO] 开始保存检测结果图像: 图像尺寸=(2160, 3840, 3), 类型=uint8, 路径=C:\code\show\Scrap_Steel_In_Field\photos\dangerous_det\detection_20260604_174639.jpg
2026-06-04 17:46:39 [INFO] 成功保存检测结果到: C:\code\show\Scrap_Steel_In_Field\photos\dangerous_det\detection_20260604_174639.jpg
2026-06-04 17:46:39 [INFO] 保存的检测结果文件大小: 1990448 字节
2026-06-04 17:46:39 [INFO] 引擎上下文已释放
2026-06-04 17:46:39 [INFO] TensorRT 引擎已释放
2026-06-04 17:46:39 [INFO] 全局 CUDA 资源已释放
2026-06-04 17:46:39 [INFO] 检测系统资源已释放
2026-06-04 17:46:44 [INFO] CUDA 初始化成功
2026-06-04 17:46:44 [INFO] 引擎加载成功: dangerous.engine
2026-06-04 17:46:44 [INFO] 检测系统初始化成功
2026-06-04 17:46:44 [INFO] 图像预处理完成，原始尺寸: (2160, 3840)
2026-06-04 17:46:44 [INFO] 开始执行目标检测...
2026-06-04 17:46:44 [INFO] 检测完成，找到 4 个物体
2026-06-04 17:46:44 [INFO] 物体 1: GasCyl1 (置信度: 0.88)
2026-06-04 17:46:44 [INFO] 物体 2: GasCyl1 (置信度: 0.83)
2026-06-04 17:46:44 [INFO] 物体 3: GasCyl1 (置信度: 0.50)
2026-06-04 17:46:44 [INFO] 物体 4: FireExt1 (置信度: 0.39)
2026-06-04 17:46:44 [INFO] 检测到车兜区域，将过滤区域外的目标
2026-06-04 17:46:44 [INFO] 准备保存检测结果到: C:\code\show\Scrap_Steel_In_Field\photos\dangerous_det\detection_20260604_174644.jpg
2026-06-04 17:46:44 [INFO] 图像形状: (2160, 3840, 3)
2026-06-04 17:46:44 [INFO] 图像数据类型: uint8
2026-06-04 17:46:44 [INFO] 图像最大值: 255
2026-06-04 17:46:44 [INFO] 图像最小值: 0
2026-06-04 17:46:44 [INFO] 开始保存检测结果图像: 图像尺寸=(2160, 3840, 3), 类型=uint8, 路径=C:\code\show\Scrap_Steel_In_Field\photos\dangerous_det\detection_20260604_174644.jpg
2026-06-04 17:46:44 [INFO] 成功保存检测结果到: C:\code\show\Scrap_Steel_In_Field\photos\dangerous_det\detection_20260604_174644.jpg
2026-06-04 17:46:44 [INFO] 保存的检测结果文件大小: 1987216 字节
2026-06-04 17:46:44 [INFO] 引擎上下文已释放
2026-06-04 17:46:44 [INFO] TensorRT 引擎已释放
2026-06-04 17:46:44 [INFO] 全局 CUDA 资源已释放
2026-06-04 17:46:44 [INFO] 检测系统资源已释放
2026-06-04 17:46:49 [INFO] CUDA 初始化成功
2026-06-04 17:46:49 [INFO] 引擎加载成功: dangerous.engine
2026-06-04 17:46:49 [INFO] 检测系统初始化成功
2026-06-04 17:46:49 [INFO] 图像预处理完成，原始尺寸: (2160, 3840)
2026-06-04 17:46:49 [INFO] 开始执行目标检测...
2026-06-04 17:46:49 [INFO] 检测完成，找到 4 个物体
2026-06-04 17:46:49 [INFO] 物体 1: GasCyl1 (置信度: 0.89)
2026-06-04 17:46:49 [INFO] 物体 2: GasCyl1 (置信度: 0.79)
2026-06-04 17:46:49 [INFO] 物体 3: GasCyl1 (置信度: 0.56)
2026-06-04 17:46:49 [INFO] 物体 4: FireExt1 (置信度: 0.39)
2026-06-04 17:46:49 [INFO] 检测到车兜区域，将过滤区域外的目标
2026-06-04 17:46:49 [INFO] 准备保存检测结果到: C:\code\show\Scrap_Steel_In_Field\photos\dangerous_det\detection_20260604_174649.jpg
2026-06-04 17:46:49 [INFO] 图像形状: (2160, 3840, 3)
2026-06-04 17:46:49 [INFO] 图像数据类型: uint8
2026-06-04 17:46:49 [INFO] 图像最大值: 255
2026-06-04 17:46:49 [INFO] 图像最小值: 0
2026-06-04 17:46:49 [INFO] 开始保存检测结果图像: 图像尺寸=(2160, 3840, 3), 类型=uint8, 路径=C:\code\show\Scrap_Steel_In_Field\photos\dangerous_det\detection_20260604_174649.jpg
2026-06-04 17:46:49 [INFO] 成功保存检测结果到: C:\code\show\Scrap_Steel_In_Field\photos\dangerous_det\detection_20260604_174649.jpg
2026-06-04 17:46:49 [INFO] 保存的检测结果文件大小: 1991332 字节
2026-06-04 17:46:49 [INFO] 引擎上下文已释放
2026-06-04 17:46:49 [INFO] TensorRT 引擎已释放
2026-06-04 17:46:49 [INFO] 全局 CUDA 资源已释放
2026-06-04 17:46:49 [INFO] 检测系统资源已释放
2026-06-04 17:46:54 [INFO] CUDA 初始化成功
2026-06-04 17:46:54 [INFO] 引擎加载成功: dangerous.engine
2026-06-04 17:46:54 [INFO] 检测系统初始化成功
2026-06-04 17:46:54 [INFO] 图像预处理完成，原始尺寸: (2160, 3840)
2026-06-04 17:46:54 [INFO] 开始执行目标检测...
2026-06-04 17:46:54 [INFO] 检测完成，找到 4 个物体
2026-06-04 17:46:54 [INFO] 物体 1: GasCyl1 (置信度: 0.89)
2026-06-04 17:46:54 [INFO] 物体 2: GasCyl1 (置信度: 0.83)
2026-06-04 17:46:54 [INFO] 物体 3: GasCyl1 (置信度: 0.52)
2026-06-04 17:46:54 [INFO] 物体 4: FireExt1 (置信度: 0.38)
2026-06-04 17:46:54 [INFO] 检测到车兜区域，将过滤区域外的目标
2026-06-04 17:46:54 [INFO] 准备保存检测结果到: C:\code\show\Scrap_Steel_In_Field\photos\dangerous_det\detection_20260604_174654.jpg
2026-06-04 17:46:54 [INFO] 图像形状: (2160, 3840, 3)
2026-06-04 17:46:54 [INFO] 图像数据类型: uint8
2026-06-04 17:46:54 [INFO] 图像最大值: 255
2026-06-04 17:46:54 [INFO] 图像最小值: 0
2026-06-04 17:46:54 [INFO] 开始保存检测结果图像: 图像尺寸=(2160, 3840, 3), 类型=uint8, 路径=C:\code\show\Scrap_Steel_In_Field\photos\dangerous_det\detection_20260604_174654.jpg
2026-06-04 17:46:54 [INFO] 成功保存检测结果到: C:\code\show\Scrap_Steel_In_Field\photos\dangerous_det\detection_20260604_174654.jpg
2026-06-04 17:46:54 [INFO] 保存的检测结果文件大小: 1989298 字节
2026-06-04 17:46:54 [INFO] 引擎上下文已释放
2026-06-04 17:46:54 [INFO] TensorRT 引擎已释放
2026-06-04 17:46:54 [INFO] 全局 CUDA 资源已释放
2026-06-04 17:46:54 [INFO] 检测系统资源已释放
2026-06-04 17:46:59 [INFO] CUDA 初始化成功
2026-06-04 17:46:59 [INFO] 引擎加载成功: dangerous.engine
2026-06-04 17:46:59 [INFO] 检测系统初始化成功
2026-06-04 17:46:59 [INFO] 图像预处理完成，原始尺寸: (2160, 3840)
2026-06-04 17:46:59 [INFO] 开始执行目标检测...
2026-06-04 17:46:59 [INFO] 检测完成，找到 4 个物体
2026-06-04 17:46:59 [INFO] 物体 1: GasCyl1 (置信度: 0.89)
2026-06-04 17:46:59 [INFO] 物体 2: GasCyl1 (置信度: 0.82)
2026-06-04 17:46:59 [INFO] 物体 3: GasCyl1 (置信度: 0.73)
2026-06-04 17:46:59 [INFO] 物体 4: FireExt1 (置信度: 0.39)
2026-06-04 17:46:59 [INFO] 检测到车兜区域，将过滤区域外的目标
2026-06-04 17:46:59 [INFO] 准备保存检测结果到: C:\code\show\Scrap_Steel_In_Field\photos\dangerous_det\detection_20260604_174659.jpg
2026-06-04 17:46:59 [INFO] 图像形状: (2160, 3840, 3)
2026-06-04 17:46:59 [INFO] 图像数据类型: uint8
2026-06-04 17:46:59 [INFO] 图像最大值: 255
2026-06-04 17:46:59 [INFO] 图像最小值: 0
2026-06-04 17:46:59 [INFO] 开始保存检测结果图像: 图像尺寸=(2160, 3840, 3), 类型=uint8, 路径=C:\code\show\Scrap_Steel_In_Field\photos\dangerous_det\detection_20260604_174659.jpg
2026-06-04 17:46:59 [INFO] 成功保存检测结果到: C:\code\show\Scrap_Steel_In_Field\photos\dangerous_det\detection_20260604_174659.jpg
2026-06-04 17:46:59 [INFO] 保存的检测结果文件大小: 1988950 字节
2026-06-04 17:46:59 [INFO] 引擎上下文已释放
2026-06-04 17:46:59 [INFO] TensorRT 引擎已释放
2026-06-04 17:46:59 [INFO] 全局 CUDA 资源已释放
2026-06-04 17:46:59 [INFO] 检测系统资源已释放
