2026-07-24 15:27:36 [INFO] CUDA 初始化成功
2026-07-24 15:27:36 [INFO] 引擎加载成功: dangerous.engine
2026-07-24 15:27:36 [INFO] 检测系统初始化成功
2026-07-24 15:27:39 [INFO] 引擎加载成功: dangerous.engine
2026-07-24 15:27:39 [INFO] 检测系统初始化成功
2026-07-24 15:27:39 [INFO] 图像预处理完成，原始尺寸: (2160, 3840)
2026-07-24 15:27:39 [INFO] 开始执行目标检测...
2026-07-24 15:27:39 [INFO] 检测完成，找到 0 个物体
2026-07-24 15:27:39 [INFO] 检测到车兜区域，将过滤区域外的目标
2026-07-24 15:27:39 [INFO] 引擎上下文已释放
2026-07-24 15:27:39 [INFO] TensorRT 引擎已释放
2026-07-24 15:27:39 [INFO] 全局 CUDA 资源已释放
2026-07-24 15:27:39 [INFO] 检测系统资源已释放
2026-07-24 15:27:46 [INFO] CUDA 初始化成功
2026-07-24 15:27:46 [INFO] 引擎加载成功: dangerous.engine
2026-07-24 15:27:46 [INFO] 检测系统初始化成功
2026-07-24 15:27:46 [INFO] 图像预处理完成，原始尺寸: (2160, 3840)
2026-07-24 15:27:46 [INFO] 开始执行目标检测...
2026-07-24 15:27:46 [INFO] 检测完成，找到 3 个物体
2026-07-24 15:27:46 [INFO] 物体 1: GasCyl1 (置信度: 0.93)
2026-07-24 15:27:46 [INFO] 物体 2: GasCyl1 (置信度: 0.53)
2026-07-24 15:27:46 [INFO] 物体 3: GasCyl1 (置信度: 0.44)
2026-07-24 15:27:47 [INFO] 检测到车兜区域，将过滤区域外的目标
2026-07-24 15:27:47 [INFO] 准备保存检测结果到: C:\code\show\Scrap_Steel_In_Field\photos\dangerous_det\detection_20260724_152747.jpg
2026-07-24 15:27:47 [INFO] 图像形状: (2160, 3840, 3)
2026-07-24 15:27:47 [INFO] 图像数据类型: uint8
2026-07-24 15:27:47 [INFO] 图像最大值: 255
2026-07-24 15:27:47 [INFO] 图像最小值: 0
2026-07-24 15:27:47 [INFO] 开始保存检测结果图像: 图像尺寸=(2160, 3840, 3), 类型=uint8, 路径=C:\code\show\Scrap_Steel_In_Field\photos\dangerous_det\detection_20260724_152747.jpg
2026-07-24 15:27:47 [INFO] 成功保存检测结果到: C:\code\show\Scrap_Steel_In_Field\photos\dangerous_det\detection_20260724_152747.jpg
2026-07-24 15:27:47 [INFO] 保存的检测结果文件大小: 1689537 字节
2026-07-24 15:27:47 [INFO] 引擎上下文已释放
2026-07-24 15:27:47 [INFO] TensorRT 引擎已释放
2026-07-24 15:27:47 [INFO] 全局 CUDA 资源已释放
2026-07-24 15:27:47 [INFO] 检测系统资源已释放
2026-07-24 15:27:51 [INFO] CUDA 初始化成功
2026-07-24 15:27:51 [INFO] 引擎加载成功: dangerous.engine
2026-07-24 15:27:51 [INFO] 检测系统初始化成功
2026-07-24 15:27:51 [INFO] 图像预处理完成，原始尺寸: (2160, 3840)
2026-07-24 15:27:51 [INFO] 开始执行目标检测...
2026-07-24 15:27:51 [INFO] 检测完成，找到 2 个物体
2026-07-24 15:27:51 [INFO] 物体 1: GasCyl1 (置信度: 0.91)
2026-07-24 15:27:51 [INFO] 物体 2: GasCyl1 (置信度: 0.79)
2026-07-24 15:27:51 [INFO] 准备保存检测结果到: C:\code\show\Scrap_Steel_In_Field\photos\dangerous_det\detection_20260724_152751.jpg
2026-07-24 15:27:51 [INFO] 图像形状: (2160, 3840, 3)
2026-07-24 15:27:51 [INFO] 图像数据类型: uint8
2026-07-24 15:27:51 [INFO] 图像最大值: 255
2026-07-24 15:27:51 [INFO] 图像最小值: 0
2026-07-24 15:27:51 [INFO] 开始保存检测结果图像: 图像尺寸=(2160, 3840, 3), 类型=uint8, 路径=C:\code\show\Scrap_Steel_In_Field\photos\dangerous_det\detection_20260724_152751.jpg
2026-07-24 15:27:51 [INFO] 成功保存检测结果到: C:\code\show\Scrap_Steel_In_Field\photos\dangerous_det\detection_20260724_152751.jpg
2026-07-24 15:27:51 [INFO] 保存的检测结果文件大小: 1656527 字节
2026-07-24 15:27:51 [INFO] 引擎上下文已释放
2026-07-24 15:27:51 [INFO] TensorRT 引擎已释放
2026-07-24 15:27:51 [INFO] 全局 CUDA 资源已释放
2026-07-24 15:27:51 [INFO] 检测系统资源已释放
2026-07-24 15:27:56 [INFO] CUDA 初始化成功
2026-07-24 15:27:56 [INFO] 引擎加载成功: dangerous.engine
2026-07-24 15:27:56 [INFO] 检测系统初始化成功
2026-07-24 15:27:56 [INFO] 图像预处理完成，原始尺寸: (2160, 3840)
2026-07-24 15:27:56 [INFO] 开始执行目标检测...
2026-07-24 15:27:57 [INFO] 检测完成，找到 3 个物体
2026-07-24 15:27:57 [INFO] 物体 1: GasCyl1 (置信度: 0.94)
2026-07-24 15:27:57 [INFO] 物体 2: GasCyl1 (置信度: 0.57)
2026-07-24 15:27:57 [INFO] 物体 3: GasCyl1 (置信度: 0.38)
2026-07-24 15:27:57 [INFO] 检测到车兜区域，将过滤区域外的目标
2026-07-24 15:27:57 [INFO] 准备保存检测结果到: C:\code\show\Scrap_Steel_In_Field\photos\dangerous_det\detection_20260724_152757.jpg
2026-07-24 15:27:57 [INFO] 图像形状: (2160, 3840, 3)
2026-07-24 15:27:57 [INFO] 图像数据类型: uint8
2026-07-24 15:27:57 [INFO] 图像最大值: 255
2026-07-24 15:27:57 [INFO] 图像最小值: 0
2026-07-24 15:27:57 [INFO] 开始保存检测结果图像: 图像尺寸=(2160, 3840, 3), 类型=uint8, 路径=C:\code\show\Scrap_Steel_In_Field\photos\dangerous_det\detection_20260724_152757.jpg
2026-07-24 15:27:57 [INFO] 成功保存检测结果到: C:\code\show\Scrap_Steel_In_Field\photos\dangerous_det\detection_20260724_152757.jpg
2026-07-24 15:27:57 [INFO] 保存的检测结果文件大小: 1804681 字节
2026-07-24 15:27:57 [INFO] 引擎上下文已释放
2026-07-24 15:27:57 [INFO] TensorRT 引擎已释放
2026-07-24 15:27:57 [INFO] 全局 CUDA 资源已释放
2026-07-24 15:27:57 [INFO] 检测系统资源已释放
2026-07-24 15:28:02 [INFO] CUDA 初始化成功
2026-07-24 15:28:02 [INFO] 引擎加载成功: dangerous.engine
2026-07-24 15:28:02 [INFO] 检测系统初始化成功
2026-07-24 15:28:02 [INFO] 图像预处理完成，原始尺寸: (2160, 3840)
2026-07-24 15:28:02 [INFO] 开始执行目标检测...
2026-07-24 15:28:02 [INFO] 检测完成，找到 3 个物体
2026-07-24 15:28:02 [INFO] 物体 1: GasCyl1 (置信度: 0.94)
2026-07-24 15:28:02 [INFO] 物体 2: GasCyl1 (置信度: 0.61)
2026-07-24 15:28:02 [INFO] 物体 3: GasCyl1 (置信度: 0.39)
2026-07-24 15:28:02 [INFO] 检测到车兜区域，将过滤区域外的目标
2026-07-24 15:28:02 [INFO] 准备保存检测结果到: C:\code\show\Scrap_Steel_In_Field\photos\dangerous_det\detection_20260724_152802.jpg
2026-07-24 15:28:02 [INFO] 图像形状: (2160, 3840, 3)
2026-07-24 15:28:02 [INFO] 图像数据类型: uint8
2026-07-24 15:28:02 [INFO] 图像最大值: 255
2026-07-24 15:28:02 [INFO] 图像最小值: 0
2026-07-24 15:28:02 [INFO] 开始保存检测结果图像: 图像尺寸=(2160, 3840, 3), 类型=uint8, 路径=C:\code\show\Scrap_Steel_In_Field\photos\dangerous_det\detection_20260724_152802.jpg
2026-07-24 15:28:02 [INFO] 成功保存检测结果到: C:\code\show\Scrap_Steel_In_Field\photos\dangerous_det\detection_20260724_152802.jpg
2026-07-24 15:28:02 [INFO] 保存的检测结果文件大小: 1825154 字节
2026-07-24 15:28:02 [INFO] 引擎上下文已释放
2026-07-24 15:28:02 [INFO] TensorRT 引擎已释放
2026-07-24 15:28:02 [INFO] 全局 CUDA 资源已释放
2026-07-24 15:28:02 [INFO] 检测系统资源已释放
2026-07-24 15:28:07 [INFO] CUDA 初始化成功
2026-07-24 15:28:07 [INFO] 引擎加载成功: dangerous.engine
2026-07-24 15:28:07 [INFO] 检测系统初始化成功
2026-07-24 15:28:07 [INFO] 图像预处理完成，原始尺寸: (2160, 3840)
2026-07-24 15:28:07 [INFO] 开始执行目标检测...
2026-07-24 15:28:07 [INFO] 检测完成，找到 3 个物体
2026-07-24 15:28:07 [INFO] 物体 1: GasCyl1 (置信度: 0.94)
2026-07-24 15:28:07 [INFO] 物体 2: GasCyl1 (置信度: 0.62)
2026-07-24 15:28:07 [INFO] 物体 3: GasCyl1 (置信度: 0.55)
2026-07-24 15:28:07 [INFO] 检测到车兜区域，将过滤区域外的目标
2026-07-24 15:28:07 [INFO] 准备保存检测结果到: C:\code\show\Scrap_Steel_In_Field\photos\dangerous_det\detection_20260724_152807.jpg
2026-07-24 15:28:07 [INFO] 图像形状: (2160, 3840, 3)
2026-07-24 15:28:07 [INFO] 图像数据类型: uint8
2026-07-24 15:28:07 [INFO] 图像最大值: 255
2026-07-24 15:28:07 [INFO] 图像最小值: 0
2026-07-24 15:28:07 [INFO] 开始保存检测结果图像: 图像尺寸=(2160, 3840, 3), 类型=uint8, 路径=C:\code\show\Scrap_Steel_In_Field\photos\dangerous_det\detection_20260724_152807.jpg
2026-07-24 15:28:07 [INFO] 成功保存检测结果到: C:\code\show\Scrap_Steel_In_Field\photos\dangerous_det\detection_20260724_152807.jpg
2026-07-24 15:28:07 [INFO] 保存的检测结果文件大小: 1816125 字节
2026-07-24 15:28:07 [INFO] 引擎上下文已释放
2026-07-24 15:28:07 [INFO] TensorRT 引擎已释放
2026-07-24 15:28:07 [INFO] 全局 CUDA 资源已释放
2026-07-24 15:28:07 [INFO] 检测系统资源已释放
2026-07-24 15:28:12 [INFO] CUDA 初始化成功
2026-07-24 15:28:12 [INFO] 引擎加载成功: dangerous.engine
2026-07-24 15:28:12 [INFO] 检测系统初始化成功
2026-07-24 15:28:12 [INFO] 图像预处理完成，原始尺寸: (2160, 3840)
2026-07-24 15:28:12 [INFO] 开始执行目标检测...
2026-07-24 15:28:12 [INFO] 检测完成，找到 3 个物体
2026-07-24 15:28:12 [INFO] 物体 1: GasCyl1 (置信度: 0.94)
2026-07-24 15:28:12 [INFO] 物体 2: GasCyl1 (置信度: 0.58)
2026-07-24 15:28:12 [INFO] 物体 3: GasCyl1 (置信度: 0.43)
2026-07-24 15:28:13 [INFO] 检测到车兜区域，将过滤区域外的目标
2026-07-24 15:28:13 [INFO] 准备保存检测结果到: C:\code\show\Scrap_Steel_In_Field\photos\dangerous_det\detection_20260724_152813.jpg
2026-07-24 15:28:13 [INFO] 图像形状: (2160, 3840, 3)
2026-07-24 15:28:13 [INFO] 图像数据类型: uint8
2026-07-24 15:28:13 [INFO] 图像最大值: 255
2026-07-24 15:28:13 [INFO] 图像最小值: 0
2026-07-24 15:28:13 [INFO] 开始保存检测结果图像: 图像尺寸=(2160, 3840, 3), 类型=uint8, 路径=C:\code\show\Scrap_Steel_In_Field\photos\dangerous_det\detection_20260724_152813.jpg
2026-07-24 15:28:13 [INFO] 成功保存检测结果到: C:\code\show\Scrap_Steel_In_Field\photos\dangerous_det\detection_20260724_152813.jpg
2026-07-24 15:28:13 [INFO] 保存的检测结果文件大小: 1825367 字节
2026-07-24 15:28:13 [INFO] 引擎上下文已释放
2026-07-24 15:28:13 [INFO] TensorRT 引擎已释放
2026-07-24 15:28:13 [INFO] 全局 CUDA 资源已释放
2026-07-24 15:28:13 [INFO] 检测系统资源已释放
2026-07-24 15:28:18 [INFO] CUDA 初始化成功
2026-07-24 15:28:18 [INFO] 引擎加载成功: dangerous.engine
2026-07-24 15:28:18 [INFO] 检测系统初始化成功
2026-07-24 15:28:18 [INFO] 图像预处理完成，原始尺寸: (2160, 3840)
2026-07-24 15:28:18 [INFO] 开始执行目标检测...
2026-07-24 15:28:18 [INFO] 检测完成，找到 3 个物体
2026-07-24 15:28:18 [INFO] 物体 1: GasCyl1 (置信度: 0.93)
2026-07-24 15:28:18 [INFO] 物体 2: GasCyl1 (置信度: 0.54)
2026-07-24 15:28:18 [INFO] 物体 3: GasCyl1 (置信度: 0.46)
2026-07-24 15:28:18 [INFO] 检测到车兜区域，将过滤区域外的目标
2026-07-24 15:28:18 [INFO] 准备保存检测结果到: C:\code\show\Scrap_Steel_In_Field\photos\dangerous_det\detection_20260724_152818.jpg
2026-07-24 15:28:18 [INFO] 图像形状: (2160, 3840, 3)
2026-07-24 15:28:18 [INFO] 图像数据类型: uint8
2026-07-24 15:28:18 [INFO] 图像最大值: 255
2026-07-24 15:28:18 [INFO] 图像最小值: 0
2026-07-24 15:28:18 [INFO] 开始保存检测结果图像: 图像尺寸=(2160, 3840, 3), 类型=uint8, 路径=C:\code\show\Scrap_Steel_In_Field\photos\dangerous_det\detection_20260724_152818.jpg
2026-07-24 15:28:18 [INFO] 成功保存检测结果到: C:\code\show\Scrap_Steel_In_Field\photos\dangerous_det\detection_20260724_152818.jpg
2026-07-24 15:28:18 [INFO] 保存的检测结果文件大小: 1826412 字节
2026-07-24 15:28:18 [INFO] 引擎上下文已释放
2026-07-24 15:28:18 [INFO] TensorRT 引擎已释放
2026-07-24 15:28:18 [INFO] 全局 CUDA 资源已释放
2026-07-24 15:28:18 [INFO] 检测系统资源已释放
2026-07-24 15:28:23 [INFO] CUDA 初始化成功
2026-07-24 15:28:23 [INFO] 引擎加载成功: dangerous.engine
2026-07-24 15:28:23 [INFO] 检测系统初始化成功
2026-07-24 15:28:23 [INFO] 图像预处理完成，原始尺寸: (2160, 3840)
2026-07-24 15:28:23 [INFO] 开始执行目标检测...
2026-07-24 15:28:23 [INFO] 检测完成，找到 3 个物体
2026-07-24 15:28:23 [INFO] 物体 1: GasCyl1 (置信度: 0.94)
2026-07-24 15:28:23 [INFO] 物体 2: GasCyl1 (置信度: 0.57)
2026-07-24 15:28:23 [INFO] 物体 3: GasCyl1 (置信度: 0.54)
2026-07-24 15:28:23 [INFO] 检测到车兜区域，将过滤区域外的目标
2026-07-24 15:28:23 [INFO] 准备保存检测结果到: C:\code\show\Scrap_Steel_In_Field\photos\dangerous_det\detection_20260724_152823.jpg
2026-07-24 15:28:23 [INFO] 图像形状: (2160, 3840, 3)
2026-07-24 15:28:23 [INFO] 图像数据类型: uint8
2026-07-24 15:28:23 [INFO] 图像最大值: 255
2026-07-24 15:28:23 [INFO] 图像最小值: 0
2026-07-24 15:28:23 [INFO] 开始保存检测结果图像: 图像尺寸=(2160, 3840, 3), 类型=uint8, 路径=C:\code\show\Scrap_Steel_In_Field\photos\dangerous_det\detection_20260724_152823.jpg
2026-07-24 15:28:23 [INFO] 成功保存检测结果到: C:\code\show\Scrap_Steel_In_Field\photos\dangerous_det\detection_20260724_152823.jpg
2026-07-24 15:28:23 [INFO] 保存的检测结果文件大小: 1830304 字节
2026-07-24 15:28:23 [INFO] 引擎上下文已释放
2026-07-24 15:28:23 [INFO] TensorRT 引擎已释放
2026-07-24 15:28:23 [INFO] 全局 CUDA 资源已释放
2026-07-24 15:28:23 [INFO] 检测系统资源已释放
2026-07-24 15:28:29 [INFO] CUDA 初始化成功
2026-07-24 15:28:29 [INFO] 引擎加载成功: dangerous.engine
2026-07-24 15:28:29 [INFO] 检测系统初始化成功
2026-07-24 15:28:29 [INFO] 图像预处理完成，原始尺寸: (2160, 3840)
2026-07-24 15:28:29 [INFO] 开始执行目标检测...
2026-07-24 15:28:29 [INFO] 检测完成，找到 3 个物体
2026-07-24 15:28:29 [INFO] 物体 1: GasCyl1 (置信度: 0.95)
2026-07-24 15:28:29 [INFO] 物体 2: GasCyl1 (置信度: 0.51)
2026-07-24 15:28:29 [INFO] 物体 3: GasCyl1 (置信度: 0.41)
2026-07-24 15:28:29 [INFO] 检测到车兜区域，将过滤区域外的目标
2026-07-24 15:28:29 [INFO] 准备保存检测结果到: C:\code\show\Scrap_Steel_In_Field\photos\dangerous_det\detection_20260724_152829.jpg
2026-07-24 15:28:29 [INFO] 图像形状: (2160, 3840, 3)
2026-07-24 15:28:29 [INFO] 图像数据类型: uint8
2026-07-24 15:28:29 [INFO] 图像最大值: 255
2026-07-24 15:28:29 [INFO] 图像最小值: 0
2026-07-24 15:28:29 [INFO] 开始保存检测结果图像: 图像尺寸=(2160, 3840, 3), 类型=uint8, 路径=C:\code\show\Scrap_Steel_In_Field\photos\dangerous_det\detection_20260724_152829.jpg
2026-07-24 15:28:29 [INFO] 成功保存检测结果到: C:\code\show\Scrap_Steel_In_Field\photos\dangerous_det\detection_20260724_152829.jpg
2026-07-24 15:28:29 [INFO] 保存的检测结果文件大小: 1831575 字节
2026-07-24 15:28:29 [INFO] 引擎上下文已释放
2026-07-24 15:28:29 [INFO] TensorRT 引擎已释放
2026-07-24 15:28:29 [INFO] 全局 CUDA 资源已释放
2026-07-24 15:28:29 [INFO] 检测系统资源已释放
2026-07-24 15:28:33 [INFO] CUDA 初始化成功
2026-07-24 15:28:33 [INFO] 引擎加载成功: dangerous.engine
2026-07-24 15:28:33 [INFO] 检测系统初始化成功
2026-07-24 15:28:33 [INFO] 图像预处理完成，原始尺寸: (2160, 3840)
2026-07-24 15:28:33 [INFO] 开始执行目标检测...
2026-07-24 15:28:33 [INFO] 检测完成，找到 3 个物体
2026-07-24 15:28:33 [INFO] 物体 1: GasCyl1 (置信度: 0.94)
2026-07-24 15:28:33 [INFO] 物体 2: GasCyl1 (置信度: 0.62)
2026-07-24 15:28:33 [INFO] 物体 3: GasCyl1 (置信度: 0.48)
2026-07-24 15:28:33 [INFO] 检测到车兜区域，将过滤区域外的目标
2026-07-24 15:28:33 [INFO] 准备保存检测结果到: C:\code\show\Scrap_Steel_In_Field\photos\dangerous_det\detection_20260724_152833.jpg
2026-07-24 15:28:33 [INFO] 图像形状: (2160, 3840, 3)
2026-07-24 15:28:33 [INFO] 图像数据类型: uint8
2026-07-24 15:28:33 [INFO] 图像最大值: 255
2026-07-24 15:28:33 [INFO] 图像最小值: 0
2026-07-24 15:28:33 [INFO] 开始保存检测结果图像: 图像尺寸=(2160, 3840, 3), 类型=uint8, 路径=C:\code\show\Scrap_Steel_In_Field\photos\dangerous_det\detection_20260724_152833.jpg
2026-07-24 15:28:34 [INFO] 成功保存检测结果到: C:\code\show\Scrap_Steel_In_Field\photos\dangerous_det\detection_20260724_152833.jpg
2026-07-24 15:28:34 [INFO] 保存的检测结果文件大小: 1833785 字节
2026-07-24 15:28:34 [INFO] 引擎上下文已释放
2026-07-24 15:28:34 [INFO] TensorRT 引擎已释放
2026-07-24 15:28:34 [INFO] 全局 CUDA 资源已释放
2026-07-24 15:28:34 [INFO] 检测系统资源已释放
2026-07-24 15:28:39 [INFO] CUDA 初始化成功
2026-07-24 15:28:39 [INFO] 引擎加载成功: dangerous.engine
2026-07-24 15:28:39 [INFO] 检测系统初始化成功
2026-07-24 15:28:39 [INFO] 图像预处理完成，原始尺寸: (2160, 3840)
2026-07-24 15:28:39 [INFO] 开始执行目标检测...
2026-07-24 15:28:39 [INFO] 检测完成，找到 2 个物体
2026-07-24 15:28:39 [INFO] 物体 1: GasCyl1 (置信度: 0.94)
2026-07-24 15:28:39 [INFO] 物体 2: GasCyl1 (置信度: 0.53)
2026-07-24 15:28:39 [INFO] 检测到车兜区域，将过滤区域外的目标
2026-07-24 15:28:39 [INFO] 准备保存检测结果到: C:\code\show\Scrap_Steel_In_Field\photos\dangerous_det\detection_20260724_152839.jpg
2026-07-24 15:28:39 [INFO] 图像形状: (2160, 3840, 3)
2026-07-24 15:28:39 [INFO] 图像数据类型: uint8
2026-07-24 15:28:39 [INFO] 图像最大值: 255
2026-07-24 15:28:39 [INFO] 图像最小值: 0
2026-07-24 15:28:39 [INFO] 开始保存检测结果图像: 图像尺寸=(2160, 3840, 3), 类型=uint8, 路径=C:\code\show\Scrap_Steel_In_Field\photos\dangerous_det\detection_20260724_152839.jpg
2026-07-24 15:28:39 [INFO] 成功保存检测结果到: C:\code\show\Scrap_Steel_In_Field\photos\dangerous_det\detection_20260724_152839.jpg
2026-07-24 15:28:39 [INFO] 保存的检测结果文件大小: 1832816 字节
2026-07-24 15:28:39 [INFO] 引擎上下文已释放
2026-07-24 15:28:39 [INFO] TensorRT 引擎已释放
2026-07-24 15:28:39 [INFO] 全局 CUDA 资源已释放
2026-07-24 15:28:39 [INFO] 检测系统资源已释放
2026-07-24 15:28:44 [INFO] CUDA 初始化成功
2026-07-24 15:28:44 [INFO] 引擎加载成功: dangerous.engine
2026-07-24 15:28:44 [INFO] 检测系统初始化成功
2026-07-24 15:28:45 [INFO] 图像预处理完成，原始尺寸: (2160, 3840)
2026-07-24 15:28:45 [INFO] 开始执行目标检测...
2026-07-24 15:28:45 [INFO] 检测完成，找到 3 个物体
2026-07-24 15:28:45 [INFO] 物体 1: GasCyl1 (置信度: 0.94)
2026-07-24 15:28:45 [INFO] 物体 2: GasCyl1 (置信度: 0.58)
2026-07-24 15:28:45 [INFO] 物体 3: GasCyl1 (置信度: 0.47)
2026-07-24 15:28:45 [INFO] 检测到车兜区域，将过滤区域外的目标
2026-07-24 15:28:45 [INFO] 准备保存检测结果到: C:\code\show\Scrap_Steel_In_Field\photos\dangerous_det\detection_20260724_152845.jpg
2026-07-24 15:28:45 [INFO] 图像形状: (2160, 3840, 3)
2026-07-24 15:28:45 [INFO] 图像数据类型: uint8
2026-07-24 15:28:45 [INFO] 图像最大值: 255
2026-07-24 15:28:45 [INFO] 图像最小值: 0
2026-07-24 15:28:45 [INFO] 开始保存检测结果图像: 图像尺寸=(2160, 3840, 3), 类型=uint8, 路径=C:\code\show\Scrap_Steel_In_Field\photos\dangerous_det\detection_20260724_152845.jpg
2026-07-24 15:28:45 [INFO] 成功保存检测结果到: C:\code\show\Scrap_Steel_In_Field\photos\dangerous_det\detection_20260724_152845.jpg
2026-07-24 15:28:45 [INFO] 保存的检测结果文件大小: 1839830 字节
2026-07-24 15:28:45 [INFO] 引擎上下文已释放
2026-07-24 15:28:45 [INFO] TensorRT 引擎已释放
2026-07-24 15:28:45 [INFO] 全局 CUDA 资源已释放
2026-07-24 15:28:45 [INFO] 检测系统资源已释放
2026-07-24 15:28:49 [INFO] CUDA 初始化成功
2026-07-24 15:28:49 [INFO] 引擎加载成功: dangerous.engine
2026-07-24 15:28:49 [INFO] 检测系统初始化成功
2026-07-24 15:28:49 [INFO] 图像预处理完成，原始尺寸: (2160, 3840)
2026-07-24 15:28:49 [INFO] 开始执行目标检测...
2026-07-24 15:28:49 [INFO] 检测完成，找到 3 个物体
2026-07-24 15:28:49 [INFO] 物体 1: GasCyl1 (置信度: 0.94)
2026-07-24 15:28:49 [INFO] 物体 2: GasCyl1 (置信度: 0.51)
2026-07-24 15:28:49 [INFO] 物体 3: GasCyl1 (置信度: 0.44)
2026-07-24 15:28:50 [INFO] 检测到车兜区域，将过滤区域外的目标
2026-07-24 15:28:50 [INFO] 准备保存检测结果到: C:\code\show\Scrap_Steel_In_Field\photos\dangerous_det\detection_20260724_152850.jpg
2026-07-24 15:28:50 [INFO] 图像形状: (2160, 3840, 3)
2026-07-24 15:28:50 [INFO] 图像数据类型: uint8
2026-07-24 15:28:50 [INFO] 图像最大值: 255
2026-07-24 15:28:50 [INFO] 图像最小值: 0
2026-07-24 15:28:50 [INFO] 开始保存检测结果图像: 图像尺寸=(2160, 3840, 3), 类型=uint8, 路径=C:\code\show\Scrap_Steel_In_Field\photos\dangerous_det\detection_20260724_152850.jpg
2026-07-24 15:28:50 [INFO] 成功保存检测结果到: C:\code\show\Scrap_Steel_In_Field\photos\dangerous_det\detection_20260724_152850.jpg
2026-07-24 15:28:50 [INFO] 保存的检测结果文件大小: 1835536 字节
2026-07-24 15:28:50 [INFO] 引擎上下文已释放
2026-07-24 15:28:50 [INFO] TensorRT 引擎已释放
2026-07-24 15:28:50 [INFO] 全局 CUDA 资源已释放
2026-07-24 15:28:50 [INFO] 检测系统资源已释放
2026-07-24 15:28:55 [INFO] CUDA 初始化成功
2026-07-24 15:28:55 [INFO] 引擎加载成功: dangerous.engine
2026-07-24 15:28:55 [INFO] 检测系统初始化成功
2026-07-24 15:28:55 [INFO] 图像预处理完成，原始尺寸: (2160, 3840)
2026-07-24 15:28:55 [INFO] 开始执行目标检测...
2026-07-24 15:28:55 [INFO] 检测完成，找到 3 个物体
2026-07-24 15:28:55 [INFO] 物体 1: GasCyl1 (置信度: 0.94)
2026-07-24 15:28:55 [INFO] 物体 2: GasCyl1 (置信度: 0.51)
2026-07-24 15:28:55 [INFO] 物体 3: GasCyl1 (置信度: 0.42)
2026-07-24 15:28:55 [INFO] 检测到车兜区域，将过滤区域外的目标
2026-07-24 15:28:55 [INFO] 准备保存检测结果到: C:\code\show\Scrap_Steel_In_Field\photos\dangerous_det\detection_20260724_152855.jpg
2026-07-24 15:28:55 [INFO] 图像形状: (2160, 3840, 3)
2026-07-24 15:28:55 [INFO] 图像数据类型: uint8
2026-07-24 15:28:55 [INFO] 图像最大值: 255
2026-07-24 15:28:55 [INFO] 图像最小值: 0
2026-07-24 15:28:55 [INFO] 开始保存检测结果图像: 图像尺寸=(2160, 3840, 3), 类型=uint8, 路径=C:\code\show\Scrap_Steel_In_Field\photos\dangerous_det\detection_20260724_152855.jpg
2026-07-24 15:28:55 [INFO] 成功保存检测结果到: C:\code\show\Scrap_Steel_In_Field\photos\dangerous_det\detection_20260724_152855.jpg
2026-07-24 15:28:55 [INFO] 保存的检测结果文件大小: 1843362 字节
2026-07-24 15:28:55 [INFO] 引擎上下文已释放
2026-07-24 15:28:55 [INFO] TensorRT 引擎已释放
2026-07-24 15:28:55 [INFO] 全局 CUDA 资源已释放
2026-07-24 15:28:55 [INFO] 检测系统资源已释放
2026-07-24 15:29:00 [INFO] CUDA 初始化成功
2026-07-24 15:29:00 [INFO] 引擎加载成功: dangerous.engine
2026-07-24 15:29:00 [INFO] 检测系统初始化成功
2026-07-24 15:29:00 [INFO] 图像预处理完成，原始尺寸: (2160, 3840)
2026-07-24 15:29:00 [INFO] 开始执行目标检测...
2026-07-24 15:29:00 [INFO] 检测完成，找到 3 个物体
2026-07-24 15:29:00 [INFO] 物体 1: GasCyl1 (置信度: 0.94)
2026-07-24 15:29:00 [INFO] 物体 2: GasCyl1 (置信度: 0.53)
2026-07-24 15:29:00 [INFO] 物体 3: GasCyl1 (置信度: 0.42)
2026-07-24 15:29:00 [INFO] 检测到车兜区域，将过滤区域外的目标
2026-07-24 15:29:00 [INFO] 准备保存检测结果到: C:\code\show\Scrap_Steel_In_Field\photos\dangerous_det\detection_20260724_152900.jpg
2026-07-24 15:29:00 [INFO] 图像形状: (2160, 3840, 3)
2026-07-24 15:29:00 [INFO] 图像数据类型: uint8
2026-07-24 15:29:00 [INFO] 图像最大值: 255
2026-07-24 15:29:00 [INFO] 图像最小值: 0
2026-07-24 15:29:00 [INFO] 开始保存检测结果图像: 图像尺寸=(2160, 3840, 3), 类型=uint8, 路径=C:\code\show\Scrap_Steel_In_Field\photos\dangerous_det\detection_20260724_152900.jpg
2026-07-24 15:29:00 [INFO] 成功保存检测结果到: C:\code\show\Scrap_Steel_In_Field\photos\dangerous_det\detection_20260724_152900.jpg
2026-07-24 15:29:00 [INFO] 保存的检测结果文件大小: 1842381 字节
2026-07-24 15:29:00 [INFO] 引擎上下文已释放
2026-07-24 15:29:00 [INFO] TensorRT 引擎已释放
2026-07-24 15:29:00 [INFO] 全局 CUDA 资源已释放
2026-07-24 15:29:00 [INFO] 检测系统资源已释放
2026-07-24 15:29:05 [INFO] CUDA 初始化成功
2026-07-24 15:29:05 [INFO] 引擎加载成功: dangerous.engine
2026-07-24 15:29:05 [INFO] 检测系统初始化成功
2026-07-24 15:29:06 [INFO] 图像预处理完成，原始尺寸: (2160, 3840)
2026-07-24 15:29:06 [INFO] 开始执行目标检测...
2026-07-24 15:29:06 [INFO] 检测完成，找到 4 个物体
2026-07-24 15:29:06 [INFO] 物体 1: GasCyl1 (置信度: 0.94)
2026-07-24 15:29:06 [INFO] 物体 2: GasCyl1 (置信度: 0.53)
2026-07-24 15:29:06 [INFO] 物体 3: GasCyl1 (置信度: 0.47)
2026-07-24 15:29:06 [INFO] 物体 4: GasCyl1 (置信度: 0.40)
2026-07-24 15:29:06 [INFO] 检测到车兜区域，将过滤区域外的目标
2026-07-24 15:29:06 [INFO] 准备保存检测结果到: C:\code\show\Scrap_Steel_In_Field\photos\dangerous_det\detection_20260724_152906.jpg
2026-07-24 15:29:06 [INFO] 图像形状: (2160, 3840, 3)
2026-07-24 15:29:06 [INFO] 图像数据类型: uint8
2026-07-24 15:29:06 [INFO] 图像最大值: 255
2026-07-24 15:29:06 [INFO] 图像最小值: 0
2026-07-24 15:29:06 [INFO] 开始保存检测结果图像: 图像尺寸=(2160, 3840, 3), 类型=uint8, 路径=C:\code\show\Scrap_Steel_In_Field\photos\dangerous_det\detection_20260724_152906.jpg
2026-07-24 15:29:06 [INFO] 成功保存检测结果到: C:\code\show\Scrap_Steel_In_Field\photos\dangerous_det\detection_20260724_152906.jpg
2026-07-24 15:29:06 [INFO] 保存的检测结果文件大小: 1851031 字节
2026-07-24 15:29:06 [INFO] 引擎上下文已释放
2026-07-24 15:29:06 [INFO] TensorRT 引擎已释放
2026-07-24 15:29:06 [INFO] 全局 CUDA 资源已释放
2026-07-24 15:29:06 [INFO] 检测系统资源已释放
2026-07-24 15:29:11 [INFO] CUDA 初始化成功
2026-07-24 15:29:11 [INFO] 引擎加载成功: dangerous.engine
2026-07-24 15:29:11 [INFO] 检测系统初始化成功
2026-07-24 15:29:11 [INFO] 图像预处理完成，原始尺寸: (2160, 3840)
2026-07-24 15:29:11 [INFO] 开始执行目标检测...
2026-07-24 15:29:11 [INFO] 检测完成，找到 3 个物体
2026-07-24 15:29:11 [INFO] 物体 1: GasCyl1 (置信度: 0.94)
2026-07-24 15:29:11 [INFO] 物体 2: GasCyl1 (置信度: 0.56)
2026-07-24 15:29:11 [INFO] 物体 3: GasCyl1 (置信度: 0.45)
2026-07-24 15:29:11 [INFO] 检测到车兜区域，将过滤区域外的目标
2026-07-24 15:29:11 [INFO] 准备保存检测结果到: C:\code\show\Scrap_Steel_In_Field\photos\dangerous_det\detection_20260724_152911.jpg
2026-07-24 15:29:11 [INFO] 图像形状: (2160, 3840, 3)
2026-07-24 15:29:11 [INFO] 图像数据类型: uint8
2026-07-24 15:29:11 [INFO] 图像最大值: 255
2026-07-24 15:29:11 [INFO] 图像最小值: 0
2026-07-24 15:29:11 [INFO] 开始保存检测结果图像: 图像尺寸=(2160, 3840, 3), 类型=uint8, 路径=C:\code\show\Scrap_Steel_In_Field\photos\dangerous_det\detection_20260724_152911.jpg
2026-07-24 15:29:11 [INFO] 成功保存检测结果到: C:\code\show\Scrap_Steel_In_Field\photos\dangerous_det\detection_20260724_152911.jpg
2026-07-24 15:29:11 [INFO] 保存的检测结果文件大小: 1847621 字节
2026-07-24 15:29:11 [INFO] 引擎上下文已释放
2026-07-24 15:29:11 [INFO] TensorRT 引擎已释放
2026-07-24 15:29:11 [INFO] 全局 CUDA 资源已释放
2026-07-24 15:29:11 [INFO] 检测系统资源已释放
2026-07-24 15:29:17 [INFO] CUDA 初始化成功
2026-07-24 15:29:17 [INFO] 引擎加载成功: dangerous.engine
2026-07-24 15:29:17 [INFO] 检测系统初始化成功
2026-07-24 15:29:17 [INFO] 图像预处理完成，原始尺寸: (2160, 3840)
2026-07-24 15:29:17 [INFO] 开始执行目标检测...
2026-07-24 15:29:17 [INFO] 检测完成，找到 3 个物体
2026-07-24 15:29:17 [INFO] 物体 1: GasCyl1 (置信度: 0.94)
2026-07-24 15:29:17 [INFO] 物体 2: GasCyl1 (置信度: 0.54)
2026-07-24 15:29:17 [INFO] 物体 3: GasCyl1 (置信度: 0.46)
2026-07-24 15:29:17 [INFO] 检测到车兜区域，将过滤区域外的目标
2026-07-24 15:29:17 [INFO] 准备保存检测结果到: C:\code\show\Scrap_Steel_In_Field\photos\dangerous_det\detection_20260724_152917.jpg
2026-07-24 15:29:17 [INFO] 图像形状: (2160, 3840, 3)
2026-07-24 15:29:17 [INFO] 图像数据类型: uint8
2026-07-24 15:29:17 [INFO] 图像最大值: 255
2026-07-24 15:29:17 [INFO] 图像最小值: 0
2026-07-24 15:29:17 [INFO] 开始保存检测结果图像: 图像尺寸=(2160, 3840, 3), 类型=uint8, 路径=C:\code\show\Scrap_Steel_In_Field\photos\dangerous_det\detection_20260724_152917.jpg
2026-07-24 15:29:17 [INFO] 成功保存检测结果到: C:\code\show\Scrap_Steel_In_Field\photos\dangerous_det\detection_20260724_152917.jpg
2026-07-24 15:29:17 [INFO] 保存的检测结果文件大小: 1857974 字节
2026-07-24 15:29:17 [INFO] 引擎上下文已释放
2026-07-24 15:29:17 [INFO] TensorRT 引擎已释放
2026-07-24 15:29:17 [INFO] 全局 CUDA 资源已释放
2026-07-24 15:29:17 [INFO] 检测系统资源已释放
