2026-05-21 15:43:08 [INFO] CUDA 初始化成功
2026-05-21 15:43:08 [INFO] 引擎加载成功: dangerous.engine
2026-05-21 15:43:08 [INFO] 检测系统初始化成功
2026-05-21 15:43:11 [INFO] 引擎加载成功: dangerous.engine
2026-05-21 15:43:11 [INFO] 检测系统初始化成功
2026-05-21 15:43:11 [INFO] 图像预处理完成，原始尺寸: (2160, 3840)
2026-05-21 15:43:11 [INFO] 开始执行目标检测...
2026-05-21 15:43:11 [INFO] 检测完成，找到 0 个物体
2026-05-21 15:43:11 [INFO] 检测到车兜区域，将过滤区域外的目标
2026-05-21 15:43:11 [INFO] 引擎上下文已释放
2026-05-21 15:43:11 [INFO] TensorRT 引擎已释放
2026-05-21 15:43:11 [INFO] 全局 CUDA 资源已释放
2026-05-21 15:43:11 [INFO] 检测系统资源已释放
2026-05-21 15:43:16 [INFO] CUDA 初始化成功
2026-05-21 15:43:16 [INFO] 引擎加载成功: dangerous.engine
2026-05-21 15:43:16 [INFO] 检测系统初始化成功
2026-05-21 15:43:16 [INFO] 图像预处理完成，原始尺寸: (2160, 3840)
2026-05-21 15:43:16 [INFO] 开始执行目标检测...
2026-05-21 15:43:16 [INFO] 检测完成，找到 4 个物体
2026-05-21 15:43:16 [INFO] 物体 1: GasCyl1 (置信度: 0.87)
2026-05-21 15:43:16 [INFO] 物体 2: GasCyl1 (置信度: 0.72)
2026-05-21 15:43:16 [INFO] 物体 3: FireExt1 (置信度: 0.40)
2026-05-21 15:43:16 [INFO] 物体 4: FireExt1 (置信度: 0.32)
2026-05-21 15:43:16 [INFO] 检测到车兜区域，将过滤区域外的目标
2026-05-21 15:43:16 [INFO] 车兜区域过滤: 4 -> 2 个目标
2026-05-21 15:43:17 [INFO] 准备保存检测结果到: C:\code\show\Scrap_Steel_In_Field\photos\dangerous_det\detection_20260521_154317.jpg
2026-05-21 15:43:17 [INFO] 图像形状: (2160, 3840, 3)
2026-05-21 15:43:17 [INFO] 图像数据类型: uint8
2026-05-21 15:43:17 [INFO] 图像最大值: 255
2026-05-21 15:43:17 [INFO] 图像最小值: 0
2026-05-21 15:43:17 [INFO] 开始保存检测结果图像: 图像尺寸=(2160, 3840, 3), 类型=uint8, 路径=C:\code\show\Scrap_Steel_In_Field\photos\dangerous_det\detection_20260521_154317.jpg
2026-05-21 15:43:17 [INFO] 成功保存检测结果到: C:\code\show\Scrap_Steel_In_Field\photos\dangerous_det\detection_20260521_154317.jpg
2026-05-21 15:43:17 [INFO] 保存的检测结果文件大小: 2541971 字节
2026-05-21 15:43:17 [INFO] 引擎上下文已释放
2026-05-21 15:43:17 [INFO] TensorRT 引擎已释放
2026-05-21 15:43:17 [INFO] 全局 CUDA 资源已释放
2026-05-21 15:43:17 [INFO] 检测系统资源已释放
2026-05-21 15:43:24 [INFO] CUDA 初始化成功
2026-05-21 15:43:24 [INFO] 引擎加载成功: dangerous.engine
2026-05-21 15:43:24 [INFO] 检测系统初始化成功
2026-05-21 15:43:24 [INFO] 图像预处理完成，原始尺寸: (2160, 3840)
2026-05-21 15:43:24 [INFO] 开始执行目标检测...
2026-05-21 15:43:24 [INFO] 检测完成，找到 4 个物体
2026-05-21 15:43:24 [INFO] 物体 1: GasCyl1 (置信度: 0.84)
2026-05-21 15:43:24 [INFO] 物体 2: GasCyl1 (置信度: 0.74)
2026-05-21 15:43:24 [INFO] 物体 3: FireExt1 (置信度: 0.42)
2026-05-21 15:43:24 [INFO] 物体 4: FireExt1 (置信度: 0.32)
2026-05-21 15:43:24 [INFO] 检测到车兜区域，将过滤区域外的目标
2026-05-21 15:43:24 [INFO] 车兜区域过滤: 4 -> 2 个目标
2026-05-21 15:43:24 [INFO] 准备保存检测结果到: C:\code\show\Scrap_Steel_In_Field\photos\dangerous_det\detection_20260521_154324.jpg
2026-05-21 15:43:24 [INFO] 图像形状: (2160, 3840, 3)
2026-05-21 15:43:24 [INFO] 图像数据类型: uint8
2026-05-21 15:43:24 [INFO] 图像最大值: 255
2026-05-21 15:43:24 [INFO] 图像最小值: 0
2026-05-21 15:43:24 [INFO] 开始保存检测结果图像: 图像尺寸=(2160, 3840, 3), 类型=uint8, 路径=C:\code\show\Scrap_Steel_In_Field\photos\dangerous_det\detection_20260521_154324.jpg
2026-05-21 15:43:24 [INFO] 成功保存检测结果到: C:\code\show\Scrap_Steel_In_Field\photos\dangerous_det\detection_20260521_154324.jpg
2026-05-21 15:43:24 [INFO] 保存的检测结果文件大小: 2528136 字节
2026-05-21 15:43:24 [INFO] 引擎上下文已释放
2026-05-21 15:43:24 [INFO] TensorRT 引擎已释放
2026-05-21 15:43:24 [INFO] 全局 CUDA 资源已释放
2026-05-21 15:43:24 [INFO] 检测系统资源已释放
2026-05-21 15:43:30 [INFO] CUDA 初始化成功
2026-05-21 15:43:30 [INFO] 引擎加载成功: dangerous.engine
2026-05-21 15:43:30 [INFO] 检测系统初始化成功
2026-05-21 15:43:30 [INFO] 图像预处理完成，原始尺寸: (2160, 3840)
2026-05-21 15:43:30 [INFO] 开始执行目标检测...
2026-05-21 15:43:30 [INFO] 检测完成，找到 4 个物体
2026-05-21 15:43:30 [INFO] 物体 1: GasCyl1 (置信度: 0.85)
2026-05-21 15:43:30 [INFO] 物体 2: GasCyl1 (置信度: 0.76)
2026-05-21 15:43:30 [INFO] 物体 3: FireExt1 (置信度: 0.41)
2026-05-21 15:43:30 [INFO] 物体 4: FireExt1 (置信度: 0.36)
2026-05-21 15:43:30 [INFO] 检测到车兜区域，将过滤区域外的目标
2026-05-21 15:43:30 [INFO] 车兜区域过滤: 4 -> 2 个目标
2026-05-21 15:43:30 [INFO] 准备保存检测结果到: C:\code\show\Scrap_Steel_In_Field\photos\dangerous_det\detection_20260521_154330.jpg
2026-05-21 15:43:30 [INFO] 图像形状: (2160, 3840, 3)
2026-05-21 15:43:30 [INFO] 图像数据类型: uint8
2026-05-21 15:43:30 [INFO] 图像最大值: 255
2026-05-21 15:43:30 [INFO] 图像最小值: 0
2026-05-21 15:43:30 [INFO] 开始保存检测结果图像: 图像尺寸=(2160, 3840, 3), 类型=uint8, 路径=C:\code\show\Scrap_Steel_In_Field\photos\dangerous_det\detection_20260521_154330.jpg
2026-05-21 15:43:30 [INFO] 成功保存检测结果到: C:\code\show\Scrap_Steel_In_Field\photos\dangerous_det\detection_20260521_154330.jpg
2026-05-21 15:43:30 [INFO] 保存的检测结果文件大小: 2554333 字节
2026-05-21 15:43:30 [INFO] 引擎上下文已释放
2026-05-21 15:43:30 [INFO] TensorRT 引擎已释放
2026-05-21 15:43:30 [INFO] 全局 CUDA 资源已释放
2026-05-21 15:43:30 [INFO] 检测系统资源已释放
2026-05-21 15:43:35 [INFO] CUDA 初始化成功
2026-05-21 15:43:35 [INFO] 引擎加载成功: dangerous.engine
2026-05-21 15:43:35 [INFO] 检测系统初始化成功
2026-05-21 15:43:36 [INFO] 图像预处理完成，原始尺寸: (2160, 3840)
2026-05-21 15:43:36 [INFO] 开始执行目标检测...
2026-05-21 15:43:36 [INFO] 检测完成，找到 4 个物体
2026-05-21 15:43:36 [INFO] 物体 1: GasCyl1 (置信度: 0.89)
2026-05-21 15:43:36 [INFO] 物体 2: GasCyl1 (置信度: 0.71)
2026-05-21 15:43:36 [INFO] 物体 3: FireExt1 (置信度: 0.41)
2026-05-21 15:43:36 [INFO] 物体 4: FireExt1 (置信度: 0.33)
2026-05-21 15:43:36 [INFO] 检测到车兜区域，将过滤区域外的目标
2026-05-21 15:43:36 [INFO] 车兜区域过滤: 4 -> 2 个目标
2026-05-21 15:43:36 [INFO] 准备保存检测结果到: C:\code\show\Scrap_Steel_In_Field\photos\dangerous_det\detection_20260521_154336.jpg
2026-05-21 15:43:36 [INFO] 图像形状: (2160, 3840, 3)
2026-05-21 15:43:36 [INFO] 图像数据类型: uint8
2026-05-21 15:43:36 [INFO] 图像最大值: 255
2026-05-21 15:43:36 [INFO] 图像最小值: 0
2026-05-21 15:43:36 [INFO] 开始保存检测结果图像: 图像尺寸=(2160, 3840, 3), 类型=uint8, 路径=C:\code\show\Scrap_Steel_In_Field\photos\dangerous_det\detection_20260521_154336.jpg
2026-05-21 15:43:36 [INFO] 成功保存检测结果到: C:\code\show\Scrap_Steel_In_Field\photos\dangerous_det\detection_20260521_154336.jpg
2026-05-21 15:43:36 [INFO] 保存的检测结果文件大小: 2537525 字节
2026-05-21 15:43:36 [INFO] 引擎上下文已释放
2026-05-21 15:43:36 [INFO] TensorRT 引擎已释放
2026-05-21 15:43:36 [INFO] 全局 CUDA 资源已释放
2026-05-21 15:43:36 [INFO] 检测系统资源已释放
2026-05-21 15:43:40 [INFO] CUDA 初始化成功
2026-05-21 15:43:41 [INFO] 引擎加载成功: dangerous.engine
2026-05-21 15:43:41 [INFO] 检测系统初始化成功
2026-05-21 15:43:41 [INFO] 图像预处理完成，原始尺寸: (2160, 3840)
2026-05-21 15:43:41 [INFO] 开始执行目标检测...
2026-05-21 15:43:42 [INFO] 检测完成，找到 4 个物体
2026-05-21 15:43:42 [INFO] 物体 1: GasCyl1 (置信度: 0.82)
2026-05-21 15:43:42 [INFO] 物体 2: GasCyl1 (置信度: 0.75)
2026-05-21 15:43:42 [INFO] 物体 3: FireExt1 (置信度: 0.43)
2026-05-21 15:43:42 [INFO] 物体 4: FireExt1 (置信度: 0.36)
2026-05-21 15:43:42 [INFO] 检测到车兜区域，将过滤区域外的目标
2026-05-21 15:43:42 [INFO] 车兜区域过滤: 4 -> 2 个目标
2026-05-21 15:43:42 [INFO] 准备保存检测结果到: C:\code\show\Scrap_Steel_In_Field\photos\dangerous_det\detection_20260521_154342.jpg
2026-05-21 15:43:42 [INFO] 图像形状: (2160, 3840, 3)
2026-05-21 15:43:42 [INFO] 图像数据类型: uint8
2026-05-21 15:43:42 [INFO] 图像最大值: 255
2026-05-21 15:43:42 [INFO] 图像最小值: 0
2026-05-21 15:43:42 [INFO] 开始保存检测结果图像: 图像尺寸=(2160, 3840, 3), 类型=uint8, 路径=C:\code\show\Scrap_Steel_In_Field\photos\dangerous_det\detection_20260521_154342.jpg
2026-05-21 15:43:42 [INFO] 成功保存检测结果到: C:\code\show\Scrap_Steel_In_Field\photos\dangerous_det\detection_20260521_154342.jpg
2026-05-21 15:43:42 [INFO] 保存的检测结果文件大小: 2544613 字节
2026-05-21 15:43:42 [INFO] 引擎上下文已释放
2026-05-21 15:43:42 [INFO] TensorRT 引擎已释放
2026-05-21 15:43:42 [INFO] 全局 CUDA 资源已释放
2026-05-21 15:43:42 [INFO] 检测系统资源已释放
2026-05-21 15:43:46 [INFO] CUDA 初始化成功
2026-05-21 15:43:46 [INFO] 引擎加载成功: dangerous.engine
2026-05-21 15:43:46 [INFO] 检测系统初始化成功
2026-05-21 15:43:47 [INFO] 图像预处理完成，原始尺寸: (2160, 3840)
2026-05-21 15:43:47 [INFO] 开始执行目标检测...
2026-05-21 15:43:47 [INFO] 检测完成，找到 4 个物体
2026-05-21 15:43:47 [INFO] 物体 1: GasCyl1 (置信度: 0.86)
2026-05-21 15:43:47 [INFO] 物体 2: GasCyl1 (置信度: 0.73)
2026-05-21 15:43:47 [INFO] 物体 3: FireExt1 (置信度: 0.40)
2026-05-21 15:43:47 [INFO] 物体 4: FireExt1 (置信度: 0.36)
2026-05-21 15:43:47 [INFO] 检测到车兜区域，将过滤区域外的目标
2026-05-21 15:43:47 [INFO] 车兜区域过滤: 4 -> 2 个目标
2026-05-21 15:43:47 [INFO] 准备保存检测结果到: C:\code\show\Scrap_Steel_In_Field\photos\dangerous_det\detection_20260521_154347.jpg
2026-05-21 15:43:47 [INFO] 图像形状: (2160, 3840, 3)
2026-05-21 15:43:47 [INFO] 图像数据类型: uint8
2026-05-21 15:43:47 [INFO] 图像最大值: 255
2026-05-21 15:43:47 [INFO] 图像最小值: 0
2026-05-21 15:43:47 [INFO] 开始保存检测结果图像: 图像尺寸=(2160, 3840, 3), 类型=uint8, 路径=C:\code\show\Scrap_Steel_In_Field\photos\dangerous_det\detection_20260521_154347.jpg
2026-05-21 15:43:47 [INFO] 成功保存检测结果到: C:\code\show\Scrap_Steel_In_Field\photos\dangerous_det\detection_20260521_154347.jpg
2026-05-21 15:43:47 [INFO] 保存的检测结果文件大小: 2542194 字节
2026-05-21 15:43:47 [INFO] 引擎上下文已释放
2026-05-21 15:43:47 [INFO] TensorRT 引擎已释放
2026-05-21 15:43:47 [INFO] 全局 CUDA 资源已释放
2026-05-21 15:43:47 [INFO] 检测系统资源已释放
2026-05-21 15:43:51 [INFO] CUDA 初始化成功
2026-05-21 15:43:52 [INFO] 引擎加载成功: dangerous.engine
2026-05-21 15:43:52 [INFO] 检测系统初始化成功
2026-05-21 15:43:52 [INFO] 图像预处理完成，原始尺寸: (2160, 3840)
2026-05-21 15:43:52 [INFO] 开始执行目标检测...
2026-05-21 15:43:52 [INFO] 检测完成，找到 4 个物体
2026-05-21 15:43:52 [INFO] 物体 1: GasCyl1 (置信度: 0.87)
2026-05-21 15:43:52 [INFO] 物体 2: GasCyl1 (置信度: 0.73)
2026-05-21 15:43:52 [INFO] 物体 3: FireExt1 (置信度: 0.40)
2026-05-21 15:43:52 [INFO] 物体 4: FireExt1 (置信度: 0.37)
2026-05-21 15:43:52 [INFO] 检测到车兜区域，将过滤区域外的目标
2026-05-21 15:43:52 [INFO] 车兜区域过滤: 4 -> 2 个目标
2026-05-21 15:43:52 [INFO] 准备保存检测结果到: C:\code\show\Scrap_Steel_In_Field\photos\dangerous_det\detection_20260521_154352.jpg
2026-05-21 15:43:52 [INFO] 图像形状: (2160, 3840, 3)
2026-05-21 15:43:52 [INFO] 图像数据类型: uint8
2026-05-21 15:43:52 [INFO] 图像最大值: 255
2026-05-21 15:43:52 [INFO] 图像最小值: 0
2026-05-21 15:43:52 [INFO] 开始保存检测结果图像: 图像尺寸=(2160, 3840, 3), 类型=uint8, 路径=C:\code\show\Scrap_Steel_In_Field\photos\dangerous_det\detection_20260521_154352.jpg
2026-05-21 15:43:52 [INFO] 成功保存检测结果到: C:\code\show\Scrap_Steel_In_Field\photos\dangerous_det\detection_20260521_154352.jpg
2026-05-21 15:43:52 [INFO] 保存的检测结果文件大小: 2532919 字节
2026-05-21 15:43:52 [INFO] 引擎上下文已释放
2026-05-21 15:43:52 [INFO] TensorRT 引擎已释放
2026-05-21 15:43:52 [INFO] 全局 CUDA 资源已释放
2026-05-21 15:43:52 [INFO] 检测系统资源已释放
2026-05-21 15:43:57 [INFO] CUDA 初始化成功
2026-05-21 15:43:57 [INFO] 引擎加载成功: dangerous.engine
2026-05-21 15:43:57 [INFO] 检测系统初始化成功
2026-05-21 15:43:57 [INFO] 图像预处理完成，原始尺寸: (2160, 3840)
2026-05-21 15:43:57 [INFO] 开始执行目标检测...
2026-05-21 15:43:57 [INFO] 检测完成，找到 4 个物体
2026-05-21 15:43:57 [INFO] 物体 1: GasCyl1 (置信度: 0.88)
2026-05-21 15:43:57 [INFO] 物体 2: GasCyl1 (置信度: 0.75)
2026-05-21 15:43:57 [INFO] 物体 3: FireExt1 (置信度: 0.42)
2026-05-21 15:43:57 [INFO] 物体 4: FireExt1 (置信度: 0.35)
2026-05-21 15:43:57 [INFO] 检测到车兜区域，将过滤区域外的目标
2026-05-21 15:43:57 [INFO] 车兜区域过滤: 4 -> 2 个目标
2026-05-21 15:43:57 [INFO] 准备保存检测结果到: C:\code\show\Scrap_Steel_In_Field\photos\dangerous_det\detection_20260521_154357.jpg
2026-05-21 15:43:57 [INFO] 图像形状: (2160, 3840, 3)
2026-05-21 15:43:57 [INFO] 图像数据类型: uint8
2026-05-21 15:43:57 [INFO] 图像最大值: 255
2026-05-21 15:43:57 [INFO] 图像最小值: 0
2026-05-21 15:43:57 [INFO] 开始保存检测结果图像: 图像尺寸=(2160, 3840, 3), 类型=uint8, 路径=C:\code\show\Scrap_Steel_In_Field\photos\dangerous_det\detection_20260521_154357.jpg
2026-05-21 15:43:57 [INFO] 成功保存检测结果到: C:\code\show\Scrap_Steel_In_Field\photos\dangerous_det\detection_20260521_154357.jpg
2026-05-21 15:43:57 [INFO] 保存的检测结果文件大小: 2544181 字节
2026-05-21 15:43:57 [INFO] 引擎上下文已释放
2026-05-21 15:43:57 [INFO] TensorRT 引擎已释放
2026-05-21 15:43:57 [INFO] 全局 CUDA 资源已释放
2026-05-21 15:43:57 [INFO] 检测系统资源已释放
2026-05-21 15:44:02 [INFO] CUDA 初始化成功
2026-05-21 15:44:02 [INFO] 引擎加载成功: dangerous.engine
2026-05-21 15:44:02 [INFO] 检测系统初始化成功
2026-05-21 15:44:03 [INFO] 图像预处理完成，原始尺寸: (2160, 3840)
2026-05-21 15:44:03 [INFO] 开始执行目标检测...
2026-05-21 15:44:03 [INFO] 检测完成，找到 4 个物体
2026-05-21 15:44:03 [INFO] 物体 1: GasCyl1 (置信度: 0.82)
2026-05-21 15:44:03 [INFO] 物体 2: GasCyl1 (置信度: 0.74)
2026-05-21 15:44:03 [INFO] 物体 3: FireExt1 (置信度: 0.40)
2026-05-21 15:44:03 [INFO] 物体 4: FireExt1 (置信度: 0.36)
2026-05-21 15:44:03 [INFO] 检测到车兜区域，将过滤区域外的目标
2026-05-21 15:44:03 [INFO] 车兜区域过滤: 4 -> 2 个目标
2026-05-21 15:44:03 [INFO] 准备保存检测结果到: C:\code\show\Scrap_Steel_In_Field\photos\dangerous_det\detection_20260521_154403.jpg
2026-05-21 15:44:03 [INFO] 图像形状: (2160, 3840, 3)
2026-05-21 15:44:03 [INFO] 图像数据类型: uint8
2026-05-21 15:44:03 [INFO] 图像最大值: 255
2026-05-21 15:44:03 [INFO] 图像最小值: 0
2026-05-21 15:44:03 [INFO] 开始保存检测结果图像: 图像尺寸=(2160, 3840, 3), 类型=uint8, 路径=C:\code\show\Scrap_Steel_In_Field\photos\dangerous_det\detection_20260521_154403.jpg
2026-05-21 15:44:03 [INFO] 成功保存检测结果到: C:\code\show\Scrap_Steel_In_Field\photos\dangerous_det\detection_20260521_154403.jpg
2026-05-21 15:44:03 [INFO] 保存的检测结果文件大小: 2541873 字节
2026-05-21 15:44:03 [INFO] 引擎上下文已释放
2026-05-21 15:44:03 [INFO] TensorRT 引擎已释放
2026-05-21 15:44:03 [INFO] 全局 CUDA 资源已释放
2026-05-21 15:44:03 [INFO] 检测系统资源已释放
2026-05-21 15:44:08 [INFO] CUDA 初始化成功
2026-05-21 15:44:08 [INFO] 引擎加载成功: dangerous.engine
2026-05-21 15:44:08 [INFO] 检测系统初始化成功
2026-05-21 15:44:08 [INFO] 图像预处理完成，原始尺寸: (2160, 3840)
2026-05-21 15:44:08 [INFO] 开始执行目标检测...
2026-05-21 15:44:08 [INFO] 检测完成，找到 4 个物体
2026-05-21 15:44:08 [INFO] 物体 1: GasCyl1 (置信度: 0.83)
2026-05-21 15:44:08 [INFO] 物体 2: GasCyl1 (置信度: 0.73)
2026-05-21 15:44:08 [INFO] 物体 3: FireExt1 (置信度: 0.41)
2026-05-21 15:44:08 [INFO] 物体 4: FireExt1 (置信度: 0.34)
2026-05-21 15:44:08 [INFO] 检测到车兜区域，将过滤区域外的目标
2026-05-21 15:44:08 [INFO] 车兜区域过滤: 4 -> 2 个目标
2026-05-21 15:44:08 [INFO] 准备保存检测结果到: C:\code\show\Scrap_Steel_In_Field\photos\dangerous_det\detection_20260521_154408.jpg
2026-05-21 15:44:08 [INFO] 图像形状: (2160, 3840, 3)
2026-05-21 15:44:08 [INFO] 图像数据类型: uint8
2026-05-21 15:44:08 [INFO] 图像最大值: 255
2026-05-21 15:44:08 [INFO] 图像最小值: 0
2026-05-21 15:44:08 [INFO] 开始保存检测结果图像: 图像尺寸=(2160, 3840, 3), 类型=uint8, 路径=C:\code\show\Scrap_Steel_In_Field\photos\dangerous_det\detection_20260521_154408.jpg
2026-05-21 15:44:08 [INFO] 成功保存检测结果到: C:\code\show\Scrap_Steel_In_Field\photos\dangerous_det\detection_20260521_154408.jpg
2026-05-21 15:44:08 [INFO] 保存的检测结果文件大小: 2549731 字节
2026-05-21 15:44:08 [INFO] 引擎上下文已释放
2026-05-21 15:44:08 [INFO] TensorRT 引擎已释放
2026-05-21 15:44:08 [INFO] 全局 CUDA 资源已释放
2026-05-21 15:44:08 [INFO] 检测系统资源已释放
2026-05-21 15:44:13 [INFO] CUDA 初始化成功
2026-05-21 15:44:13 [INFO] 引擎加载成功: dangerous.engine
2026-05-21 15:44:13 [INFO] 检测系统初始化成功
2026-05-21 15:44:13 [INFO] 图像预处理完成，原始尺寸: (2160, 3840)
2026-05-21 15:44:13 [INFO] 开始执行目标检测...
2026-05-21 15:44:13 [INFO] 检测完成，找到 4 个物体
2026-05-21 15:44:13 [INFO] 物体 1: GasCyl1 (置信度: 0.84)
2026-05-21 15:44:13 [INFO] 物体 2: GasCyl1 (置信度: 0.71)
2026-05-21 15:44:13 [INFO] 物体 3: FireExt1 (置信度: 0.41)
2026-05-21 15:44:13 [INFO] 物体 4: FireExt1 (置信度: 0.33)
2026-05-21 15:44:13 [INFO] 检测到车兜区域，将过滤区域外的目标
2026-05-21 15:44:13 [INFO] 车兜区域过滤: 4 -> 2 个目标
2026-05-21 15:44:13 [INFO] 准备保存检测结果到: C:\code\show\Scrap_Steel_In_Field\photos\dangerous_det\detection_20260521_154413.jpg
2026-05-21 15:44:13 [INFO] 图像形状: (2160, 3840, 3)
2026-05-21 15:44:13 [INFO] 图像数据类型: uint8
2026-05-21 15:44:13 [INFO] 图像最大值: 255
2026-05-21 15:44:13 [INFO] 图像最小值: 0
2026-05-21 15:44:13 [INFO] 开始保存检测结果图像: 图像尺寸=(2160, 3840, 3), 类型=uint8, 路径=C:\code\show\Scrap_Steel_In_Field\photos\dangerous_det\detection_20260521_154413.jpg
2026-05-21 15:44:13 [INFO] 成功保存检测结果到: C:\code\show\Scrap_Steel_In_Field\photos\dangerous_det\detection_20260521_154413.jpg
2026-05-21 15:44:13 [INFO] 保存的检测结果文件大小: 2532407 字节
2026-05-21 15:44:13 [INFO] 引擎上下文已释放
2026-05-21 15:44:13 [INFO] TensorRT 引擎已释放
2026-05-21 15:44:13 [INFO] 全局 CUDA 资源已释放
2026-05-21 15:44:13 [INFO] 检测系统资源已释放
2026-05-21 15:44:18 [INFO] CUDA 初始化成功
2026-05-21 15:44:18 [INFO] 引擎加载成功: dangerous.engine
2026-05-21 15:44:18 [INFO] 检测系统初始化成功
2026-05-21 15:44:18 [INFO] 图像预处理完成，原始尺寸: (2160, 3840)
2026-05-21 15:44:18 [INFO] 开始执行目标检测...
2026-05-21 15:44:18 [INFO] 检测完成，找到 4 个物体
2026-05-21 15:44:18 [INFO] 物体 1: GasCyl1 (置信度: 0.85)
2026-05-21 15:44:18 [INFO] 物体 2: GasCyl1 (置信度: 0.76)
2026-05-21 15:44:18 [INFO] 物体 3: FireExt1 (置信度: 0.43)
2026-05-21 15:44:18 [INFO] 物体 4: FireExt1 (置信度: 0.33)
2026-05-21 15:44:18 [INFO] 检测到车兜区域，将过滤区域外的目标
2026-05-21 15:44:18 [INFO] 车兜区域过滤: 4 -> 2 个目标
2026-05-21 15:44:18 [INFO] 准备保存检测结果到: C:\code\show\Scrap_Steel_In_Field\photos\dangerous_det\detection_20260521_154418.jpg
2026-05-21 15:44:18 [INFO] 图像形状: (2160, 3840, 3)
2026-05-21 15:44:18 [INFO] 图像数据类型: uint8
2026-05-21 15:44:18 [INFO] 图像最大值: 255
2026-05-21 15:44:18 [INFO] 图像最小值: 0
2026-05-21 15:44:18 [INFO] 开始保存检测结果图像: 图像尺寸=(2160, 3840, 3), 类型=uint8, 路径=C:\code\show\Scrap_Steel_In_Field\photos\dangerous_det\detection_20260521_154418.jpg
2026-05-21 15:44:18 [INFO] 成功保存检测结果到: C:\code\show\Scrap_Steel_In_Field\photos\dangerous_det\detection_20260521_154418.jpg
2026-05-21 15:44:18 [INFO] 保存的检测结果文件大小: 2533574 字节
2026-05-21 15:44:18 [INFO] 引擎上下文已释放
2026-05-21 15:44:18 [INFO] TensorRT 引擎已释放
2026-05-21 15:44:18 [INFO] 全局 CUDA 资源已释放
2026-05-21 15:44:18 [INFO] 检测系统资源已释放
2026-05-21 15:44:23 [INFO] CUDA 初始化成功
2026-05-21 15:44:23 [INFO] 引擎加载成功: dangerous.engine
2026-05-21 15:44:23 [INFO] 检测系统初始化成功
2026-05-21 15:44:23 [INFO] 图像预处理完成，原始尺寸: (2160, 3840)
2026-05-21 15:44:23 [INFO] 开始执行目标检测...
2026-05-21 15:44:23 [INFO] 检测完成，找到 4 个物体
2026-05-21 15:44:23 [INFO] 物体 1: GasCyl1 (置信度: 0.78)
2026-05-21 15:44:23 [INFO] 物体 2: GasCyl1 (置信度: 0.74)
2026-05-21 15:44:23 [INFO] 物体 3: FireExt1 (置信度: 0.39)
2026-05-21 15:44:23 [INFO] 物体 4: FireExt1 (置信度: 0.36)
2026-05-21 15:44:23 [INFO] 检测到车兜区域，将过滤区域外的目标
2026-05-21 15:44:23 [INFO] 车兜区域过滤: 4 -> 2 个目标
2026-05-21 15:44:23 [INFO] 准备保存检测结果到: C:\code\show\Scrap_Steel_In_Field\photos\dangerous_det\detection_20260521_154423.jpg
2026-05-21 15:44:23 [INFO] 图像形状: (2160, 3840, 3)
2026-05-21 15:44:23 [INFO] 图像数据类型: uint8
2026-05-21 15:44:23 [INFO] 图像最大值: 255
2026-05-21 15:44:23 [INFO] 图像最小值: 0
2026-05-21 15:44:23 [INFO] 开始保存检测结果图像: 图像尺寸=(2160, 3840, 3), 类型=uint8, 路径=C:\code\show\Scrap_Steel_In_Field\photos\dangerous_det\detection_20260521_154423.jpg
2026-05-21 15:44:23 [INFO] 成功保存检测结果到: C:\code\show\Scrap_Steel_In_Field\photos\dangerous_det\detection_20260521_154423.jpg
2026-05-21 15:44:23 [INFO] 保存的检测结果文件大小: 2527356 字节
2026-05-21 15:44:23 [INFO] 引擎上下文已释放
2026-05-21 15:44:23 [INFO] TensorRT 引擎已释放
2026-05-21 15:44:23 [INFO] 全局 CUDA 资源已释放
2026-05-21 15:44:23 [INFO] 检测系统资源已释放
2026-05-21 15:44:28 [INFO] CUDA 初始化成功
2026-05-21 15:44:28 [INFO] 引擎加载成功: dangerous.engine
2026-05-21 15:44:28 [INFO] 检测系统初始化成功
2026-05-21 15:44:28 [INFO] 图像预处理完成，原始尺寸: (2160, 3840)
2026-05-21 15:44:28 [INFO] 开始执行目标检测...
2026-05-21 15:44:28 [INFO] 检测完成，找到 4 个物体
2026-05-21 15:44:28 [INFO] 物体 1: GasCyl1 (置信度: 0.84)
2026-05-21 15:44:28 [INFO] 物体 2: GasCyl1 (置信度: 0.71)
2026-05-21 15:44:28 [INFO] 物体 3: FireExt1 (置信度: 0.41)
2026-05-21 15:44:28 [INFO] 物体 4: FireExt1 (置信度: 0.32)
2026-05-21 15:44:28 [INFO] 检测到车兜区域，将过滤区域外的目标
2026-05-21 15:44:28 [INFO] 车兜区域过滤: 4 -> 2 个目标
2026-05-21 15:44:28 [INFO] 准备保存检测结果到: C:\code\show\Scrap_Steel_In_Field\photos\dangerous_det\detection_20260521_154428.jpg
2026-05-21 15:44:28 [INFO] 图像形状: (2160, 3840, 3)
2026-05-21 15:44:28 [INFO] 图像数据类型: uint8
2026-05-21 15:44:28 [INFO] 图像最大值: 255
2026-05-21 15:44:28 [INFO] 图像最小值: 0
2026-05-21 15:44:28 [INFO] 开始保存检测结果图像: 图像尺寸=(2160, 3840, 3), 类型=uint8, 路径=C:\code\show\Scrap_Steel_In_Field\photos\dangerous_det\detection_20260521_154428.jpg
2026-05-21 15:44:28 [INFO] 成功保存检测结果到: C:\code\show\Scrap_Steel_In_Field\photos\dangerous_det\detection_20260521_154428.jpg
2026-05-21 15:44:28 [INFO] 保存的检测结果文件大小: 2544390 字节
2026-05-21 15:44:28 [INFO] 引擎上下文已释放
2026-05-21 15:44:28 [INFO] TensorRT 引擎已释放
2026-05-21 15:44:28 [INFO] 全局 CUDA 资源已释放
2026-05-21 15:44:28 [INFO] 检测系统资源已释放
2026-05-21 15:44:34 [INFO] CUDA 初始化成功
2026-05-21 15:44:34 [INFO] 引擎加载成功: dangerous.engine
2026-05-21 15:44:34 [INFO] 检测系统初始化成功
2026-05-21 15:44:34 [INFO] 图像预处理完成，原始尺寸: (2160, 3840)
2026-05-21 15:44:34 [INFO] 开始执行目标检测...
2026-05-21 15:44:34 [INFO] 检测完成，找到 4 个物体
2026-05-21 15:44:34 [INFO] 物体 1: GasCyl1 (置信度: 0.81)
2026-05-21 15:44:34 [INFO] 物体 2: GasCyl1 (置信度: 0.74)
2026-05-21 15:44:34 [INFO] 物体 3: FireExt1 (置信度: 0.39)
2026-05-21 15:44:34 [INFO] 物体 4: FireExt1 (置信度: 0.31)
2026-05-21 15:44:34 [INFO] 检测到车兜区域，将过滤区域外的目标
2026-05-21 15:44:34 [INFO] 车兜区域过滤: 4 -> 2 个目标
2026-05-21 15:44:34 [INFO] 准备保存检测结果到: C:\code\show\Scrap_Steel_In_Field\photos\dangerous_det\detection_20260521_154434.jpg
2026-05-21 15:44:34 [INFO] 图像形状: (2160, 3840, 3)
2026-05-21 15:44:34 [INFO] 图像数据类型: uint8
2026-05-21 15:44:34 [INFO] 图像最大值: 255
2026-05-21 15:44:34 [INFO] 图像最小值: 0
2026-05-21 15:44:34 [INFO] 开始保存检测结果图像: 图像尺寸=(2160, 3840, 3), 类型=uint8, 路径=C:\code\show\Scrap_Steel_In_Field\photos\dangerous_det\detection_20260521_154434.jpg
2026-05-21 15:44:34 [INFO] 成功保存检测结果到: C:\code\show\Scrap_Steel_In_Field\photos\dangerous_det\detection_20260521_154434.jpg
2026-05-21 15:44:34 [INFO] 保存的检测结果文件大小: 2560754 字节
2026-05-21 15:44:34 [INFO] 引擎上下文已释放
2026-05-21 15:44:34 [INFO] TensorRT 引擎已释放
2026-05-21 15:44:34 [INFO] 全局 CUDA 资源已释放
2026-05-21 15:44:34 [INFO] 检测系统资源已释放
2026-05-21 15:44:39 [INFO] CUDA 初始化成功
2026-05-21 15:44:39 [INFO] 引擎加载成功: dangerous.engine
2026-05-21 15:44:39 [INFO] 检测系统初始化成功
2026-05-21 15:44:39 [INFO] 图像预处理完成，原始尺寸: (2160, 3840)
2026-05-21 15:44:39 [INFO] 开始执行目标检测...
2026-05-21 15:44:39 [INFO] 检测完成，找到 4 个物体
2026-05-21 15:44:39 [INFO] 物体 1: GasCyl1 (置信度: 0.84)
2026-05-21 15:44:39 [INFO] 物体 2: GasCyl1 (置信度: 0.75)
2026-05-21 15:44:39 [INFO] 物体 3: FireExt1 (置信度: 0.40)
2026-05-21 15:44:39 [INFO] 物体 4: FireExt1 (置信度: 0.34)
2026-05-21 15:44:39 [INFO] 检测到车兜区域，将过滤区域外的目标
2026-05-21 15:44:39 [INFO] 车兜区域过滤: 4 -> 2 个目标
2026-05-21 15:44:39 [INFO] 准备保存检测结果到: C:\code\show\Scrap_Steel_In_Field\photos\dangerous_det\detection_20260521_154439.jpg
2026-05-21 15:44:39 [INFO] 图像形状: (2160, 3840, 3)
2026-05-21 15:44:39 [INFO] 图像数据类型: uint8
2026-05-21 15:44:39 [INFO] 图像最大值: 255
2026-05-21 15:44:39 [INFO] 图像最小值: 0
2026-05-21 15:44:39 [INFO] 开始保存检测结果图像: 图像尺寸=(2160, 3840, 3), 类型=uint8, 路径=C:\code\show\Scrap_Steel_In_Field\photos\dangerous_det\detection_20260521_154439.jpg
2026-05-21 15:44:39 [INFO] 成功保存检测结果到: C:\code\show\Scrap_Steel_In_Field\photos\dangerous_det\detection_20260521_154439.jpg
2026-05-21 15:44:39 [INFO] 保存的检测结果文件大小: 2551931 字节
2026-05-21 15:44:39 [INFO] 引擎上下文已释放
2026-05-21 15:44:39 [INFO] TensorRT 引擎已释放
2026-05-21 15:44:39 [INFO] 全局 CUDA 资源已释放
2026-05-21 15:44:39 [INFO] 检测系统资源已释放
2026-05-21 15:44:44 [INFO] CUDA 初始化成功
2026-05-21 15:44:44 [INFO] 引擎加载成功: dangerous.engine
2026-05-21 15:44:44 [INFO] 检测系统初始化成功
2026-05-21 15:44:44 [INFO] 图像预处理完成，原始尺寸: (2160, 3840)
2026-05-21 15:44:44 [INFO] 开始执行目标检测...
2026-05-21 15:44:45 [INFO] 检测完成，找到 4 个物体
2026-05-21 15:44:45 [INFO] 物体 1: GasCyl1 (置信度: 0.86)
2026-05-21 15:44:45 [INFO] 物体 2: GasCyl1 (置信度: 0.77)
2026-05-21 15:44:45 [INFO] 物体 3: FireExt1 (置信度: 0.40)
2026-05-21 15:44:45 [INFO] 物体 4: FireExt1 (置信度: 0.34)
2026-05-21 15:44:45 [INFO] 检测到车兜区域，将过滤区域外的目标
2026-05-21 15:44:45 [INFO] 车兜区域过滤: 4 -> 2 个目标
2026-05-21 15:44:45 [INFO] 准备保存检测结果到: C:\code\show\Scrap_Steel_In_Field\photos\dangerous_det\detection_20260521_154445.jpg
2026-05-21 15:44:45 [INFO] 图像形状: (2160, 3840, 3)
2026-05-21 15:44:45 [INFO] 图像数据类型: uint8
2026-05-21 15:44:45 [INFO] 图像最大值: 255
2026-05-21 15:44:45 [INFO] 图像最小值: 0
2026-05-21 15:44:45 [INFO] 开始保存检测结果图像: 图像尺寸=(2160, 3840, 3), 类型=uint8, 路径=C:\code\show\Scrap_Steel_In_Field\photos\dangerous_det\detection_20260521_154445.jpg
2026-05-21 15:44:45 [INFO] 成功保存检测结果到: C:\code\show\Scrap_Steel_In_Field\photos\dangerous_det\detection_20260521_154445.jpg
2026-05-21 15:44:45 [INFO] 保存的检测结果文件大小: 2545398 字节
2026-05-21 15:44:45 [INFO] 引擎上下文已释放
2026-05-21 15:44:45 [INFO] TensorRT 引擎已释放
2026-05-21 15:44:45 [INFO] 全局 CUDA 资源已释放
2026-05-21 15:44:45 [INFO] 检测系统资源已释放
2026-05-21 15:44:49 [INFO] CUDA 初始化成功
2026-05-21 15:44:49 [INFO] 引擎加载成功: dangerous.engine
2026-05-21 15:44:50 [INFO] 检测系统初始化成功
2026-05-21 15:44:50 [INFO] 图像预处理完成，原始尺寸: (2160, 3840)
2026-05-21 15:44:50 [INFO] 开始执行目标检测...
2026-05-21 15:44:50 [INFO] 检测完成，找到 4 个物体
2026-05-21 15:44:50 [INFO] 物体 1: GasCyl1 (置信度: 0.84)
2026-05-21 15:44:50 [INFO] 物体 2: GasCyl1 (置信度: 0.72)
2026-05-21 15:44:50 [INFO] 物体 3: FireExt1 (置信度: 0.42)
2026-05-21 15:44:50 [INFO] 物体 4: FireExt1 (置信度: 0.37)
2026-05-21 15:44:50 [INFO] 检测到车兜区域，将过滤区域外的目标
2026-05-21 15:44:50 [INFO] 车兜区域过滤: 4 -> 2 个目标
2026-05-21 15:44:50 [INFO] 准备保存检测结果到: C:\code\show\Scrap_Steel_In_Field\photos\dangerous_det\detection_20260521_154450.jpg
2026-05-21 15:44:50 [INFO] 图像形状: (2160, 3840, 3)
2026-05-21 15:44:50 [INFO] 图像数据类型: uint8
2026-05-21 15:44:50 [INFO] 图像最大值: 255
2026-05-21 15:44:50 [INFO] 图像最小值: 0
2026-05-21 15:44:50 [INFO] 开始保存检测结果图像: 图像尺寸=(2160, 3840, 3), 类型=uint8, 路径=C:\code\show\Scrap_Steel_In_Field\photos\dangerous_det\detection_20260521_154450.jpg
2026-05-21 15:44:50 [INFO] 成功保存检测结果到: C:\code\show\Scrap_Steel_In_Field\photos\dangerous_det\detection_20260521_154450.jpg
2026-05-21 15:44:50 [INFO] 保存的检测结果文件大小: 2534296 字节
2026-05-21 15:44:50 [INFO] 引擎上下文已释放
2026-05-21 15:44:50 [INFO] TensorRT 引擎已释放
2026-05-21 15:44:50 [INFO] 全局 CUDA 资源已释放
2026-05-21 15:44:50 [INFO] 检测系统资源已释放
2026-05-21 15:44:55 [INFO] CUDA 初始化成功
2026-05-21 15:44:55 [INFO] 引擎加载成功: dangerous.engine
2026-05-21 15:44:55 [INFO] 检测系统初始化成功
2026-05-21 15:44:55 [INFO] 图像预处理完成，原始尺寸: (2160, 3840)
2026-05-21 15:44:55 [INFO] 开始执行目标检测...
2026-05-21 15:44:55 [INFO] 检测完成，找到 4 个物体
2026-05-21 15:44:55 [INFO] 物体 1: GasCyl1 (置信度: 0.87)
2026-05-21 15:44:55 [INFO] 物体 2: GasCyl1 (置信度: 0.74)
2026-05-21 15:44:55 [INFO] 物体 3: FireExt1 (置信度: 0.40)
2026-05-21 15:44:55 [INFO] 物体 4: FireExt1 (置信度: 0.33)
2026-05-21 15:44:55 [INFO] 检测到车兜区域，将过滤区域外的目标
2026-05-21 15:44:55 [INFO] 车兜区域过滤: 4 -> 2 个目标
2026-05-21 15:44:55 [INFO] 准备保存检测结果到: C:\code\show\Scrap_Steel_In_Field\photos\dangerous_det\detection_20260521_154455.jpg
2026-05-21 15:44:55 [INFO] 图像形状: (2160, 3840, 3)
2026-05-21 15:44:55 [INFO] 图像数据类型: uint8
2026-05-21 15:44:55 [INFO] 图像最大值: 255
2026-05-21 15:44:55 [INFO] 图像最小值: 0
2026-05-21 15:44:55 [INFO] 开始保存检测结果图像: 图像尺寸=(2160, 3840, 3), 类型=uint8, 路径=C:\code\show\Scrap_Steel_In_Field\photos\dangerous_det\detection_20260521_154455.jpg
2026-05-21 15:44:55 [INFO] 成功保存检测结果到: C:\code\show\Scrap_Steel_In_Field\photos\dangerous_det\detection_20260521_154455.jpg
2026-05-21 15:44:55 [INFO] 保存的检测结果文件大小: 2535245 字节
2026-05-21 15:44:55 [INFO] 引擎上下文已释放
2026-05-21 15:44:55 [INFO] TensorRT 引擎已释放
2026-05-21 15:44:55 [INFO] 全局 CUDA 资源已释放
2026-05-21 15:44:55 [INFO] 检测系统资源已释放
2026-05-21 15:45:00 [INFO] CUDA 初始化成功
2026-05-21 15:45:00 [INFO] 引擎加载成功: dangerous.engine
2026-05-21 15:45:00 [INFO] 检测系统初始化成功
2026-05-21 15:45:00 [INFO] 图像预处理完成，原始尺寸: (2160, 3840)
2026-05-21 15:45:00 [INFO] 开始执行目标检测...
2026-05-21 15:45:00 [INFO] 检测完成，找到 3 个物体
2026-05-21 15:45:00 [INFO] 物体 1: GasCyl1 (置信度: 0.85)
2026-05-21 15:45:00 [INFO] 物体 2: GasCyl1 (置信度: 0.70)
2026-05-21 15:45:00 [INFO] 物体 3: FireExt1 (置信度: 0.42)
2026-05-21 15:45:00 [INFO] 检测到车兜区域，将过滤区域外的目标
2026-05-21 15:45:00 [INFO] 车兜区域过滤: 3 -> 2 个目标
2026-05-21 15:45:00 [INFO] 准备保存检测结果到: C:\code\show\Scrap_Steel_In_Field\photos\dangerous_det\detection_20260521_154500.jpg
2026-05-21 15:45:00 [INFO] 图像形状: (2160, 3840, 3)
2026-05-21 15:45:00 [INFO] 图像数据类型: uint8
2026-05-21 15:45:00 [INFO] 图像最大值: 255
2026-05-21 15:45:00 [INFO] 图像最小值: 0
2026-05-21 15:45:00 [INFO] 开始保存检测结果图像: 图像尺寸=(2160, 3840, 3), 类型=uint8, 路径=C:\code\show\Scrap_Steel_In_Field\photos\dangerous_det\detection_20260521_154500.jpg
2026-05-21 15:45:00 [INFO] 成功保存检测结果到: C:\code\show\Scrap_Steel_In_Field\photos\dangerous_det\detection_20260521_154500.jpg
2026-05-21 15:45:00 [INFO] 保存的检测结果文件大小: 2506146 字节
2026-05-21 15:45:00 [INFO] 引擎上下文已释放
2026-05-21 15:45:00 [INFO] TensorRT 引擎已释放
2026-05-21 15:45:00 [INFO] 全局 CUDA 资源已释放
2026-05-21 15:45:00 [INFO] 检测系统资源已释放
2026-05-21 15:45:05 [INFO] CUDA 初始化成功
2026-05-21 15:45:05 [INFO] 引擎加载成功: dangerous.engine
2026-05-21 15:45:05 [INFO] 检测系统初始化成功
2026-05-21 15:45:05 [INFO] 图像预处理完成，原始尺寸: (2160, 3840)
2026-05-21 15:45:05 [INFO] 开始执行目标检测...
2026-05-21 15:45:05 [INFO] 检测完成，找到 3 个物体
2026-05-21 15:45:05 [INFO] 物体 1: GasCyl1 (置信度: 0.85)
2026-05-21 15:45:05 [INFO] 物体 2: GasCyl1 (置信度: 0.71)
2026-05-21 15:45:05 [INFO] 物体 3: FireExt1 (置信度: 0.41)
2026-05-21 15:45:05 [INFO] 检测到车兜区域，将过滤区域外的目标
2026-05-21 15:45:05 [INFO] 车兜区域过滤: 3 -> 2 个目标
2026-05-21 15:45:05 [INFO] 准备保存检测结果到: C:\code\show\Scrap_Steel_In_Field\photos\dangerous_det\detection_20260521_154505.jpg
2026-05-21 15:45:05 [INFO] 图像形状: (2160, 3840, 3)
2026-05-21 15:45:05 [INFO] 图像数据类型: uint8
2026-05-21 15:45:05 [INFO] 图像最大值: 255
2026-05-21 15:45:05 [INFO] 图像最小值: 0
2026-05-21 15:45:05 [INFO] 开始保存检测结果图像: 图像尺寸=(2160, 3840, 3), 类型=uint8, 路径=C:\code\show\Scrap_Steel_In_Field\photos\dangerous_det\detection_20260521_154505.jpg
2026-05-21 15:45:05 [INFO] 成功保存检测结果到: C:\code\show\Scrap_Steel_In_Field\photos\dangerous_det\detection_20260521_154505.jpg
2026-05-21 15:45:05 [INFO] 保存的检测结果文件大小: 2520465 字节
2026-05-21 15:45:05 [INFO] 引擎上下文已释放
2026-05-21 15:45:05 [INFO] TensorRT 引擎已释放
2026-05-21 15:45:05 [INFO] 全局 CUDA 资源已释放
2026-05-21 15:45:05 [INFO] 检测系统资源已释放
2026-05-21 15:45:10 [INFO] CUDA 初始化成功
2026-05-21 15:45:10 [INFO] 引擎加载成功: dangerous.engine
2026-05-21 15:45:10 [INFO] 检测系统初始化成功
2026-05-21 15:45:10 [INFO] 图像预处理完成，原始尺寸: (2160, 3840)
2026-05-21 15:45:10 [INFO] 开始执行目标检测...
2026-05-21 15:45:11 [INFO] 检测完成，找到 3 个物体
2026-05-21 15:45:11 [INFO] 物体 1: GasCyl1 (置信度: 0.84)
2026-05-21 15:45:11 [INFO] 物体 2: GasCyl1 (置信度: 0.74)
2026-05-21 15:45:11 [INFO] 物体 3: FireExt1 (置信度: 0.42)
2026-05-21 15:45:11 [INFO] 检测到车兜区域，将过滤区域外的目标
2026-05-21 15:45:11 [INFO] 车兜区域过滤: 3 -> 2 个目标
2026-05-21 15:45:11 [INFO] 准备保存检测结果到: C:\code\show\Scrap_Steel_In_Field\photos\dangerous_det\detection_20260521_154511.jpg
2026-05-21 15:45:11 [INFO] 图像形状: (2160, 3840, 3)
2026-05-21 15:45:11 [INFO] 图像数据类型: uint8
2026-05-21 15:45:11 [INFO] 图像最大值: 255
2026-05-21 15:45:11 [INFO] 图像最小值: 0
2026-05-21 15:45:11 [INFO] 开始保存检测结果图像: 图像尺寸=(2160, 3840, 3), 类型=uint8, 路径=C:\code\show\Scrap_Steel_In_Field\photos\dangerous_det\detection_20260521_154511.jpg
2026-05-21 15:45:11 [INFO] 成功保存检测结果到: C:\code\show\Scrap_Steel_In_Field\photos\dangerous_det\detection_20260521_154511.jpg
2026-05-21 15:45:11 [INFO] 保存的检测结果文件大小: 2511161 字节
2026-05-21 15:45:11 [INFO] 引擎上下文已释放
2026-05-21 15:45:11 [INFO] TensorRT 引擎已释放
2026-05-21 15:45:11 [INFO] 全局 CUDA 资源已释放
2026-05-21 15:45:11 [INFO] 检测系统资源已释放
2026-05-21 15:45:16 [INFO] CUDA 初始化成功
2026-05-21 15:45:16 [INFO] 引擎加载成功: dangerous.engine
2026-05-21 15:45:16 [INFO] 检测系统初始化成功
2026-05-21 15:45:17 [INFO] 图像预处理完成，原始尺寸: (2160, 3840)
2026-05-21 15:45:17 [INFO] 开始执行目标检测...
2026-05-21 15:45:17 [INFO] 检测完成，找到 3 个物体
2026-05-21 15:45:17 [INFO] 物体 1: GasCyl1 (置信度: 0.82)
2026-05-21 15:45:17 [INFO] 物体 2: GasCyl1 (置信度: 0.74)
2026-05-21 15:45:17 [INFO] 物体 3: FireExt1 (置信度: 0.41)
2026-05-21 15:45:17 [INFO] 检测到车兜区域，将过滤区域外的目标
2026-05-21 15:45:17 [INFO] 车兜区域过滤: 3 -> 2 个目标
2026-05-21 15:45:17 [INFO] 准备保存检测结果到: C:\code\show\Scrap_Steel_In_Field\photos\dangerous_det\detection_20260521_154517.jpg
2026-05-21 15:45:17 [INFO] 图像形状: (2160, 3840, 3)
2026-05-21 15:45:17 [INFO] 图像数据类型: uint8
2026-05-21 15:45:17 [INFO] 图像最大值: 255
2026-05-21 15:45:17 [INFO] 图像最小值: 0
2026-05-21 15:45:17 [INFO] 开始保存检测结果图像: 图像尺寸=(2160, 3840, 3), 类型=uint8, 路径=C:\code\show\Scrap_Steel_In_Field\photos\dangerous_det\detection_20260521_154517.jpg
2026-05-21 15:45:17 [INFO] 成功保存检测结果到: C:\code\show\Scrap_Steel_In_Field\photos\dangerous_det\detection_20260521_154517.jpg
2026-05-21 15:45:17 [INFO] 保存的检测结果文件大小: 2517332 字节
2026-05-21 15:45:17 [INFO] 引擎上下文已释放
2026-05-21 15:45:17 [INFO] TensorRT 引擎已释放
2026-05-21 15:45:17 [INFO] 全局 CUDA 资源已释放
2026-05-21 15:45:17 [INFO] 检测系统资源已释放
2026-05-21 15:45:21 [INFO] CUDA 初始化成功
2026-05-21 15:45:22 [INFO] 引擎加载成功: dangerous.engine
2026-05-21 15:45:22 [INFO] 检测系统初始化成功
2026-05-21 15:45:22 [INFO] 图像预处理完成，原始尺寸: (2160, 3840)
2026-05-21 15:45:22 [INFO] 开始执行目标检测...
2026-05-21 15:45:22 [INFO] 检测完成，找到 3 个物体
2026-05-21 15:45:22 [INFO] 物体 1: GasCyl1 (置信度: 0.86)
2026-05-21 15:45:22 [INFO] 物体 2: GasCyl1 (置信度: 0.74)
2026-05-21 15:45:22 [INFO] 物体 3: FireExt1 (置信度: 0.40)
2026-05-21 15:45:22 [INFO] 检测到车兜区域，将过滤区域外的目标
2026-05-21 15:45:22 [INFO] 车兜区域过滤: 3 -> 2 个目标
2026-05-21 15:45:22 [INFO] 准备保存检测结果到: C:\code\show\Scrap_Steel_In_Field\photos\dangerous_det\detection_20260521_154522.jpg
2026-05-21 15:45:22 [INFO] 图像形状: (2160, 3840, 3)
2026-05-21 15:45:22 [INFO] 图像数据类型: uint8
2026-05-21 15:45:22 [INFO] 图像最大值: 255
2026-05-21 15:45:22 [INFO] 图像最小值: 0
2026-05-21 15:45:22 [INFO] 开始保存检测结果图像: 图像尺寸=(2160, 3840, 3), 类型=uint8, 路径=C:\code\show\Scrap_Steel_In_Field\photos\dangerous_det\detection_20260521_154522.jpg
2026-05-21 15:45:22 [INFO] 成功保存检测结果到: C:\code\show\Scrap_Steel_In_Field\photos\dangerous_det\detection_20260521_154522.jpg
2026-05-21 15:45:22 [INFO] 保存的检测结果文件大小: 2502158 字节
2026-05-21 15:45:22 [INFO] 引擎上下文已释放
2026-05-21 15:45:22 [INFO] TensorRT 引擎已释放
2026-05-21 15:45:22 [INFO] 全局 CUDA 资源已释放
2026-05-21 15:45:22 [INFO] 检测系统资源已释放
2026-05-21 15:45:26 [INFO] CUDA 初始化成功
2026-05-21 15:45:27 [INFO] 引擎加载成功: dangerous.engine
2026-05-21 15:45:27 [INFO] 检测系统初始化成功
2026-05-21 15:45:27 [INFO] 图像预处理完成，原始尺寸: (2160, 3840)
2026-05-21 15:45:27 [INFO] 开始执行目标检测...
2026-05-21 15:45:28 [INFO] 检测完成，找到 3 个物体
2026-05-21 15:45:28 [INFO] 物体 1: GasCyl1 (置信度: 0.85)
2026-05-21 15:45:28 [INFO] 物体 2: GasCyl1 (置信度: 0.81)
2026-05-21 15:45:28 [INFO] 物体 3: FireExt1 (置信度: 0.42)
2026-05-21 15:45:28 [INFO] 检测到车兜区域，将过滤区域外的目标
2026-05-21 15:45:28 [INFO] 车兜区域过滤: 3 -> 2 个目标
2026-05-21 15:45:28 [INFO] 准备保存检测结果到: C:\code\show\Scrap_Steel_In_Field\photos\dangerous_det\detection_20260521_154528.jpg
2026-05-21 15:45:28 [INFO] 图像形状: (2160, 3840, 3)
2026-05-21 15:45:28 [INFO] 图像数据类型: uint8
2026-05-21 15:45:28 [INFO] 图像最大值: 255
2026-05-21 15:45:28 [INFO] 图像最小值: 0
2026-05-21 15:45:28 [INFO] 开始保存检测结果图像: 图像尺寸=(2160, 3840, 3), 类型=uint8, 路径=C:\code\show\Scrap_Steel_In_Field\photos\dangerous_det\detection_20260521_154528.jpg
2026-05-21 15:45:28 [INFO] 成功保存检测结果到: C:\code\show\Scrap_Steel_In_Field\photos\dangerous_det\detection_20260521_154528.jpg
2026-05-21 15:45:28 [INFO] 保存的检测结果文件大小: 1704342 字节
2026-05-21 15:45:28 [INFO] 引擎上下文已释放
2026-05-21 15:45:28 [INFO] TensorRT 引擎已释放
2026-05-21 15:45:28 [INFO] 全局 CUDA 资源已释放
2026-05-21 15:45:28 [INFO] 检测系统资源已释放
2026-05-21 15:45:32 [INFO] CUDA 初始化成功
2026-05-21 15:45:33 [INFO] 引擎加载成功: dangerous.engine
2026-05-21 15:45:33 [INFO] 检测系统初始化成功
2026-05-21 15:45:33 [INFO] 图像预处理完成，原始尺寸: (2160, 3840)
2026-05-21 15:45:33 [INFO] 开始执行目标检测...
2026-05-21 15:45:33 [INFO] 检测完成，找到 3 个物体
2026-05-21 15:45:33 [INFO] 物体 1: GasCyl1 (置信度: 0.76)
2026-05-21 15:45:33 [INFO] 物体 2: GasCyl1 (置信度: 0.74)
2026-05-21 15:45:33 [INFO] 物体 3: FireExt1 (置信度: 0.41)
2026-05-21 15:45:33 [INFO] 检测到车兜区域，将过滤区域外的目标
2026-05-21 15:45:33 [INFO] 车兜区域过滤: 3 -> 2 个目标
2026-05-21 15:45:33 [INFO] 准备保存检测结果到: C:\code\show\Scrap_Steel_In_Field\photos\dangerous_det\detection_20260521_154533.jpg
2026-05-21 15:45:33 [INFO] 图像形状: (2160, 3840, 3)
2026-05-21 15:45:33 [INFO] 图像数据类型: uint8
2026-05-21 15:45:33 [INFO] 图像最大值: 255
2026-05-21 15:45:33 [INFO] 图像最小值: 0
2026-05-21 15:45:33 [INFO] 开始保存检测结果图像: 图像尺寸=(2160, 3840, 3), 类型=uint8, 路径=C:\code\show\Scrap_Steel_In_Field\photos\dangerous_det\detection_20260521_154533.jpg
2026-05-21 15:45:33 [INFO] 成功保存检测结果到: C:\code\show\Scrap_Steel_In_Field\photos\dangerous_det\detection_20260521_154533.jpg
2026-05-21 15:45:33 [INFO] 保存的检测结果文件大小: 2442624 字节
2026-05-21 15:45:33 [INFO] 引擎上下文已释放
2026-05-21 15:45:33 [INFO] TensorRT 引擎已释放
2026-05-21 15:45:33 [INFO] 全局 CUDA 资源已释放
2026-05-21 15:45:33 [INFO] 检测系统资源已释放
2026-05-21 15:45:37 [INFO] CUDA 初始化成功
2026-05-21 15:45:38 [INFO] 引擎加载成功: dangerous.engine
2026-05-21 15:45:38 [INFO] 检测系统初始化成功
2026-05-21 15:45:38 [INFO] 图像预处理完成，原始尺寸: (2160, 3840)
2026-05-21 15:45:38 [INFO] 开始执行目标检测...
2026-05-21 15:45:38 [INFO] 检测完成，找到 3 个物体
2026-05-21 15:45:38 [INFO] 物体 1: GasCyl1 (置信度: 0.87)
2026-05-21 15:45:38 [INFO] 物体 2: GasCyl1 (置信度: 0.69)
2026-05-21 15:45:38 [INFO] 物体 3: FireExt1 (置信度: 0.41)
2026-05-21 15:45:38 [INFO] 检测到车兜区域，将过滤区域外的目标
2026-05-21 15:45:38 [INFO] 车兜区域过滤: 3 -> 2 个目标
2026-05-21 15:45:38 [INFO] 准备保存检测结果到: C:\code\show\Scrap_Steel_In_Field\photos\dangerous_det\detection_20260521_154538.jpg
2026-05-21 15:45:38 [INFO] 图像形状: (2160, 3840, 3)
2026-05-21 15:45:38 [INFO] 图像数据类型: uint8
2026-05-21 15:45:38 [INFO] 图像最大值: 255
2026-05-21 15:45:38 [INFO] 图像最小值: 0
2026-05-21 15:45:38 [INFO] 开始保存检测结果图像: 图像尺寸=(2160, 3840, 3), 类型=uint8, 路径=C:\code\show\Scrap_Steel_In_Field\photos\dangerous_det\detection_20260521_154538.jpg
2026-05-21 15:45:38 [INFO] 成功保存检测结果到: C:\code\show\Scrap_Steel_In_Field\photos\dangerous_det\detection_20260521_154538.jpg
2026-05-21 15:45:38 [INFO] 保存的检测结果文件大小: 2510724 字节
2026-05-21 15:45:38 [INFO] 引擎上下文已释放
2026-05-21 15:45:38 [INFO] TensorRT 引擎已释放
2026-05-21 15:45:38 [INFO] 全局 CUDA 资源已释放
2026-05-21 15:45:38 [INFO] 检测系统资源已释放
2026-05-21 15:45:43 [INFO] CUDA 初始化成功
2026-05-21 15:45:43 [INFO] 引擎加载成功: dangerous.engine
2026-05-21 15:45:43 [INFO] 检测系统初始化成功
2026-05-21 15:45:43 [INFO] 图像预处理完成，原始尺寸: (2160, 3840)
2026-05-21 15:45:43 [INFO] 开始执行目标检测...
2026-05-21 15:45:43 [INFO] 检测完成，找到 3 个物体
2026-05-21 15:45:43 [INFO] 物体 1: GasCyl1 (置信度: 0.77)
2026-05-21 15:45:43 [INFO] 物体 2: GasCyl1 (置信度: 0.72)
2026-05-21 15:45:43 [INFO] 物体 3: FireExt1 (置信度: 0.40)
2026-05-21 15:45:43 [INFO] 检测到车兜区域，将过滤区域外的目标
2026-05-21 15:45:43 [INFO] 车兜区域过滤: 3 -> 2 个目标
2026-05-21 15:45:43 [INFO] 准备保存检测结果到: C:\code\show\Scrap_Steel_In_Field\photos\dangerous_det\detection_20260521_154543.jpg
2026-05-21 15:45:43 [INFO] 图像形状: (2160, 3840, 3)
2026-05-21 15:45:43 [INFO] 图像数据类型: uint8
2026-05-21 15:45:43 [INFO] 图像最大值: 255
2026-05-21 15:45:43 [INFO] 图像最小值: 0
2026-05-21 15:45:43 [INFO] 开始保存检测结果图像: 图像尺寸=(2160, 3840, 3), 类型=uint8, 路径=C:\code\show\Scrap_Steel_In_Field\photos\dangerous_det\detection_20260521_154543.jpg
2026-05-21 15:45:43 [INFO] 成功保存检测结果到: C:\code\show\Scrap_Steel_In_Field\photos\dangerous_det\detection_20260521_154543.jpg
2026-05-21 15:45:43 [INFO] 保存的检测结果文件大小: 2518716 字节
2026-05-21 15:45:43 [INFO] 引擎上下文已释放
2026-05-21 15:45:43 [INFO] TensorRT 引擎已释放
2026-05-21 15:45:43 [INFO] 全局 CUDA 资源已释放
2026-05-21 15:45:43 [INFO] 检测系统资源已释放
2026-05-21 15:45:48 [INFO] CUDA 初始化成功
2026-05-21 15:45:48 [INFO] 引擎加载成功: dangerous.engine
2026-05-21 15:45:48 [INFO] 检测系统初始化成功
2026-05-21 15:45:48 [INFO] 图像预处理完成，原始尺寸: (2160, 3840)
2026-05-21 15:45:48 [INFO] 开始执行目标检测...
2026-05-21 15:45:48 [INFO] 检测完成，找到 3 个物体
2026-05-21 15:45:48 [INFO] 物体 1: GasCyl1 (置信度: 0.90)
2026-05-21 15:45:48 [INFO] 物体 2: GasCyl1 (置信度: 0.72)
2026-05-21 15:45:48 [INFO] 物体 3: FireExt1 (置信度: 0.42)
2026-05-21 15:45:48 [INFO] 检测到车兜区域，将过滤区域外的目标
2026-05-21 15:45:48 [INFO] 车兜区域过滤: 3 -> 2 个目标
2026-05-21 15:45:48 [INFO] 准备保存检测结果到: C:\code\show\Scrap_Steel_In_Field\photos\dangerous_det\detection_20260521_154548.jpg
2026-05-21 15:45:48 [INFO] 图像形状: (2160, 3840, 3)
2026-05-21 15:45:48 [INFO] 图像数据类型: uint8
2026-05-21 15:45:48 [INFO] 图像最大值: 255
2026-05-21 15:45:48 [INFO] 图像最小值: 0
2026-05-21 15:45:48 [INFO] 开始保存检测结果图像: 图像尺寸=(2160, 3840, 3), 类型=uint8, 路径=C:\code\show\Scrap_Steel_In_Field\photos\dangerous_det\detection_20260521_154548.jpg
2026-05-21 15:45:48 [INFO] 成功保存检测结果到: C:\code\show\Scrap_Steel_In_Field\photos\dangerous_det\detection_20260521_154548.jpg
2026-05-21 15:45:48 [INFO] 保存的检测结果文件大小: 2504795 字节
2026-05-21 15:45:48 [INFO] 引擎上下文已释放
2026-05-21 15:45:48 [INFO] TensorRT 引擎已释放
2026-05-21 15:45:48 [INFO] 全局 CUDA 资源已释放
2026-05-21 15:45:48 [INFO] 检测系统资源已释放
2026-05-21 15:45:53 [INFO] CUDA 初始化成功
2026-05-21 15:45:53 [INFO] 引擎加载成功: dangerous.engine
2026-05-21 15:45:53 [INFO] 检测系统初始化成功
2026-05-21 15:45:53 [INFO] 图像预处理完成，原始尺寸: (2160, 3840)
2026-05-21 15:45:53 [INFO] 开始执行目标检测...
2026-05-21 15:45:53 [INFO] 检测完成，找到 3 个物体
2026-05-21 15:45:53 [INFO] 物体 1: GasCyl1 (置信度: 0.86)
2026-05-21 15:45:53 [INFO] 物体 2: GasCyl1 (置信度: 0.73)
2026-05-21 15:45:53 [INFO] 物体 3: FireExt1 (置信度: 0.42)
2026-05-21 15:45:53 [INFO] 检测到车兜区域，将过滤区域外的目标
2026-05-21 15:45:53 [INFO] 车兜区域过滤: 3 -> 2 个目标
2026-05-21 15:45:53 [INFO] 准备保存检测结果到: C:\code\show\Scrap_Steel_In_Field\photos\dangerous_det\detection_20260521_154553.jpg
2026-05-21 15:45:53 [INFO] 图像形状: (2160, 3840, 3)
2026-05-21 15:45:53 [INFO] 图像数据类型: uint8
2026-05-21 15:45:53 [INFO] 图像最大值: 255
2026-05-21 15:45:53 [INFO] 图像最小值: 0
2026-05-21 15:45:53 [INFO] 开始保存检测结果图像: 图像尺寸=(2160, 3840, 3), 类型=uint8, 路径=C:\code\show\Scrap_Steel_In_Field\photos\dangerous_det\detection_20260521_154553.jpg
2026-05-21 15:45:53 [INFO] 成功保存检测结果到: C:\code\show\Scrap_Steel_In_Field\photos\dangerous_det\detection_20260521_154553.jpg
2026-05-21 15:45:53 [INFO] 保存的检测结果文件大小: 2503231 字节
2026-05-21 15:45:53 [INFO] 引擎上下文已释放
2026-05-21 15:45:53 [INFO] TensorRT 引擎已释放
2026-05-21 15:45:53 [INFO] 全局 CUDA 资源已释放
2026-05-21 15:45:53 [INFO] 检测系统资源已释放
2026-05-21 15:45:58 [INFO] CUDA 初始化成功
2026-05-21 15:45:58 [INFO] 引擎加载成功: dangerous.engine
2026-05-21 15:45:58 [INFO] 检测系统初始化成功
2026-05-21 15:45:58 [INFO] 图像预处理完成，原始尺寸: (2160, 3840)
2026-05-21 15:45:58 [INFO] 开始执行目标检测...
2026-05-21 15:45:58 [INFO] 检测完成，找到 3 个物体
2026-05-21 15:45:58 [INFO] 物体 1: GasCyl1 (置信度: 0.86)
2026-05-21 15:45:58 [INFO] 物体 2: GasCyl1 (置信度: 0.71)
2026-05-21 15:45:58 [INFO] 物体 3: FireExt1 (置信度: 0.40)
2026-05-21 15:45:59 [INFO] 检测到车兜区域，将过滤区域外的目标
2026-05-21 15:45:59 [INFO] 车兜区域过滤: 3 -> 2 个目标
2026-05-21 15:45:59 [INFO] 准备保存检测结果到: C:\code\show\Scrap_Steel_In_Field\photos\dangerous_det\detection_20260521_154559.jpg
2026-05-21 15:45:59 [INFO] 图像形状: (2160, 3840, 3)
2026-05-21 15:45:59 [INFO] 图像数据类型: uint8
2026-05-21 15:45:59 [INFO] 图像最大值: 255
2026-05-21 15:45:59 [INFO] 图像最小值: 0
2026-05-21 15:45:59 [INFO] 开始保存检测结果图像: 图像尺寸=(2160, 3840, 3), 类型=uint8, 路径=C:\code\show\Scrap_Steel_In_Field\photos\dangerous_det\detection_20260521_154559.jpg
2026-05-21 15:45:59 [INFO] 成功保存检测结果到: C:\code\show\Scrap_Steel_In_Field\photos\dangerous_det\detection_20260521_154559.jpg
2026-05-21 15:45:59 [INFO] 保存的检测结果文件大小: 2484956 字节
2026-05-21 15:45:59 [INFO] 引擎上下文已释放
2026-05-21 15:45:59 [INFO] TensorRT 引擎已释放
2026-05-21 15:45:59 [INFO] 全局 CUDA 资源已释放
2026-05-21 15:45:59 [INFO] 检测系统资源已释放
2026-05-21 15:46:04 [INFO] CUDA 初始化成功
2026-05-21 15:46:04 [INFO] 引擎加载成功: dangerous.engine
2026-05-21 15:46:04 [INFO] 检测系统初始化成功
2026-05-21 15:46:04 [INFO] 图像预处理完成，原始尺寸: (2160, 3840)
2026-05-21 15:46:04 [INFO] 开始执行目标检测...
2026-05-21 15:46:04 [INFO] 检测完成，找到 3 个物体
2026-05-21 15:46:04 [INFO] 物体 1: GasCyl1 (置信度: 0.86)
2026-05-21 15:46:04 [INFO] 物体 2: GasCyl1 (置信度: 0.74)
2026-05-21 15:46:04 [INFO] 物体 3: FireExt1 (置信度: 0.40)
2026-05-21 15:46:04 [INFO] 检测到车兜区域，将过滤区域外的目标
2026-05-21 15:46:04 [INFO] 车兜区域过滤: 3 -> 2 个目标
2026-05-21 15:46:04 [INFO] 准备保存检测结果到: C:\code\show\Scrap_Steel_In_Field\photos\dangerous_det\detection_20260521_154604.jpg
2026-05-21 15:46:04 [INFO] 图像形状: (2160, 3840, 3)
2026-05-21 15:46:04 [INFO] 图像数据类型: uint8
2026-05-21 15:46:04 [INFO] 图像最大值: 255
2026-05-21 15:46:04 [INFO] 图像最小值: 0
2026-05-21 15:46:04 [INFO] 开始保存检测结果图像: 图像尺寸=(2160, 3840, 3), 类型=uint8, 路径=C:\code\show\Scrap_Steel_In_Field\photos\dangerous_det\detection_20260521_154604.jpg
2026-05-21 15:46:04 [INFO] 成功保存检测结果到: C:\code\show\Scrap_Steel_In_Field\photos\dangerous_det\detection_20260521_154604.jpg
2026-05-21 15:46:04 [INFO] 保存的检测结果文件大小: 2507246 字节
2026-05-21 15:46:04 [INFO] 引擎上下文已释放
2026-05-21 15:46:04 [INFO] TensorRT 引擎已释放
2026-05-21 15:46:04 [INFO] 全局 CUDA 资源已释放
2026-05-21 15:46:04 [INFO] 检测系统资源已释放
2026-05-21 15:46:09 [INFO] CUDA 初始化成功
2026-05-21 15:46:09 [INFO] 引擎加载成功: dangerous.engine
2026-05-21 15:46:09 [INFO] 检测系统初始化成功
2026-05-21 15:46:09 [INFO] 图像预处理完成，原始尺寸: (2160, 3840)
2026-05-21 15:46:09 [INFO] 开始执行目标检测...
2026-05-21 15:46:09 [INFO] 检测完成，找到 3 个物体
2026-05-21 15:46:09 [INFO] 物体 1: GasCyl1 (置信度: 0.82)
2026-05-21 15:46:09 [INFO] 物体 2: GasCyl1 (置信度: 0.75)
2026-05-21 15:46:09 [INFO] 物体 3: FireExt1 (置信度: 0.43)
2026-05-21 15:46:09 [INFO] 检测到车兜区域，将过滤区域外的目标
2026-05-21 15:46:09 [INFO] 车兜区域过滤: 3 -> 2 个目标
2026-05-21 15:46:09 [INFO] 准备保存检测结果到: C:\code\show\Scrap_Steel_In_Field\photos\dangerous_det\detection_20260521_154609.jpg
2026-05-21 15:46:09 [INFO] 图像形状: (2160, 3840, 3)
2026-05-21 15:46:09 [INFO] 图像数据类型: uint8
2026-05-21 15:46:09 [INFO] 图像最大值: 255
2026-05-21 15:46:09 [INFO] 图像最小值: 0
2026-05-21 15:46:09 [INFO] 开始保存检测结果图像: 图像尺寸=(2160, 3840, 3), 类型=uint8, 路径=C:\code\show\Scrap_Steel_In_Field\photos\dangerous_det\detection_20260521_154609.jpg
2026-05-21 15:46:09 [INFO] 成功保存检测结果到: C:\code\show\Scrap_Steel_In_Field\photos\dangerous_det\detection_20260521_154609.jpg
2026-05-21 15:46:09 [INFO] 保存的检测结果文件大小: 2498180 字节
2026-05-21 15:46:09 [INFO] 引擎上下文已释放
2026-05-21 15:46:09 [INFO] TensorRT 引擎已释放
2026-05-21 15:46:09 [INFO] 全局 CUDA 资源已释放
2026-05-21 15:46:09 [INFO] 检测系统资源已释放
2026-05-21 15:46:14 [INFO] CUDA 初始化成功
2026-05-21 15:46:14 [INFO] 引擎加载成功: dangerous.engine
2026-05-21 15:46:14 [INFO] 检测系统初始化成功
2026-05-21 15:46:14 [INFO] 图像预处理完成，原始尺寸: (2160, 3840)
2026-05-21 15:46:14 [INFO] 开始执行目标检测...
2026-05-21 15:46:14 [INFO] 检测完成，找到 3 个物体
2026-05-21 15:46:14 [INFO] 物体 1: GasCyl1 (置信度: 0.88)
2026-05-21 15:46:14 [INFO] 物体 2: GasCyl1 (置信度: 0.71)
2026-05-21 15:46:14 [INFO] 物体 3: FireExt1 (置信度: 0.40)
2026-05-21 15:46:14 [INFO] 检测到车兜区域，将过滤区域外的目标
2026-05-21 15:46:14 [INFO] 车兜区域过滤: 3 -> 2 个目标
2026-05-21 15:46:14 [INFO] 准备保存检测结果到: C:\code\show\Scrap_Steel_In_Field\photos\dangerous_det\detection_20260521_154614.jpg
2026-05-21 15:46:14 [INFO] 图像形状: (2160, 3840, 3)
2026-05-21 15:46:14 [INFO] 图像数据类型: uint8
2026-05-21 15:46:14 [INFO] 图像最大值: 255
2026-05-21 15:46:14 [INFO] 图像最小值: 0
2026-05-21 15:46:14 [INFO] 开始保存检测结果图像: 图像尺寸=(2160, 3840, 3), 类型=uint8, 路径=C:\code\show\Scrap_Steel_In_Field\photos\dangerous_det\detection_20260521_154614.jpg
2026-05-21 15:46:15 [INFO] 成功保存检测结果到: C:\code\show\Scrap_Steel_In_Field\photos\dangerous_det\detection_20260521_154614.jpg
2026-05-21 15:46:15 [INFO] 保存的检测结果文件大小: 2521301 字节
2026-05-21 15:46:15 [INFO] 引擎上下文已释放
2026-05-21 15:46:15 [INFO] TensorRT 引擎已释放
2026-05-21 15:46:15 [INFO] 全局 CUDA 资源已释放
2026-05-21 15:46:15 [INFO] 检测系统资源已释放
2026-05-21 15:46:20 [INFO] CUDA 初始化成功
2026-05-21 15:46:20 [INFO] 引擎加载成功: dangerous.engine
2026-05-21 15:46:20 [INFO] 检测系统初始化成功
2026-05-21 15:46:20 [INFO] 图像预处理完成，原始尺寸: (2160, 3840)
2026-05-21 15:46:20 [INFO] 开始执行目标检测...
2026-05-21 15:46:20 [INFO] 检测完成，找到 3 个物体
2026-05-21 15:46:20 [INFO] 物体 1: GasCyl1 (置信度: 0.84)
2026-05-21 15:46:20 [INFO] 物体 2: GasCyl1 (置信度: 0.73)
2026-05-21 15:46:20 [INFO] 物体 3: FireExt1 (置信度: 0.41)
2026-05-21 15:46:20 [INFO] 检测到车兜区域，将过滤区域外的目标
2026-05-21 15:46:20 [INFO] 车兜区域过滤: 3 -> 2 个目标
2026-05-21 15:46:20 [INFO] 准备保存检测结果到: C:\code\show\Scrap_Steel_In_Field\photos\dangerous_det\detection_20260521_154620.jpg
2026-05-21 15:46:20 [INFO] 图像形状: (2160, 3840, 3)
2026-05-21 15:46:20 [INFO] 图像数据类型: uint8
2026-05-21 15:46:20 [INFO] 图像最大值: 255
2026-05-21 15:46:20 [INFO] 图像最小值: 0
2026-05-21 15:46:20 [INFO] 开始保存检测结果图像: 图像尺寸=(2160, 3840, 3), 类型=uint8, 路径=C:\code\show\Scrap_Steel_In_Field\photos\dangerous_det\detection_20260521_154620.jpg
2026-05-21 15:46:20 [INFO] 成功保存检测结果到: C:\code\show\Scrap_Steel_In_Field\photos\dangerous_det\detection_20260521_154620.jpg
2026-05-21 15:46:20 [INFO] 保存的检测结果文件大小: 2498984 字节
2026-05-21 15:46:20 [INFO] 引擎上下文已释放
2026-05-21 15:46:20 [INFO] TensorRT 引擎已释放
2026-05-21 15:46:20 [INFO] 全局 CUDA 资源已释放
2026-05-21 15:46:20 [INFO] 检测系统资源已释放
2026-05-21 15:46:25 [INFO] CUDA 初始化成功
2026-05-21 15:46:25 [INFO] 引擎加载成功: dangerous.engine
2026-05-21 15:46:25 [INFO] 检测系统初始化成功
2026-05-21 15:46:25 [INFO] 图像预处理完成，原始尺寸: (2160, 3840)
2026-05-21 15:46:25 [INFO] 开始执行目标检测...
2026-05-21 15:46:25 [INFO] 检测完成，找到 3 个物体
2026-05-21 15:46:25 [INFO] 物体 1: GasCyl1 (置信度: 0.82)
2026-05-21 15:46:25 [INFO] 物体 2: GasCyl1 (置信度: 0.72)
2026-05-21 15:46:25 [INFO] 物体 3: FireExt1 (置信度: 0.44)
2026-05-21 15:46:25 [INFO] 检测到车兜区域，将过滤区域外的目标
2026-05-21 15:46:25 [INFO] 车兜区域过滤: 3 -> 2 个目标
2026-05-21 15:46:25 [INFO] 准备保存检测结果到: C:\code\show\Scrap_Steel_In_Field\photos\dangerous_det\detection_20260521_154625.jpg
2026-05-21 15:46:25 [INFO] 图像形状: (2160, 3840, 3)
2026-05-21 15:46:25 [INFO] 图像数据类型: uint8
2026-05-21 15:46:25 [INFO] 图像最大值: 255
2026-05-21 15:46:25 [INFO] 图像最小值: 0
2026-05-21 15:46:25 [INFO] 开始保存检测结果图像: 图像尺寸=(2160, 3840, 3), 类型=uint8, 路径=C:\code\show\Scrap_Steel_In_Field\photos\dangerous_det\detection_20260521_154625.jpg
2026-05-21 15:46:25 [INFO] 成功保存检测结果到: C:\code\show\Scrap_Steel_In_Field\photos\dangerous_det\detection_20260521_154625.jpg
2026-05-21 15:46:25 [INFO] 保存的检测结果文件大小: 2518498 字节
2026-05-21 15:46:25 [INFO] 引擎上下文已释放
2026-05-21 15:46:25 [INFO] TensorRT 引擎已释放
2026-05-21 15:46:25 [INFO] 全局 CUDA 资源已释放
2026-05-21 15:46:25 [INFO] 检测系统资源已释放
2026-05-21 15:46:30 [INFO] CUDA 初始化成功
2026-05-21 15:46:30 [INFO] 引擎加载成功: dangerous.engine
2026-05-21 15:46:30 [INFO] 检测系统初始化成功
2026-05-21 15:46:30 [INFO] 图像预处理完成，原始尺寸: (2160, 3840)
2026-05-21 15:46:30 [INFO] 开始执行目标检测...
2026-05-21 15:46:30 [INFO] 检测完成，找到 3 个物体
2026-05-21 15:46:30 [INFO] 物体 1: GasCyl1 (置信度: 0.82)
2026-05-21 15:46:30 [INFO] 物体 2: GasCyl1 (置信度: 0.77)
2026-05-21 15:46:30 [INFO] 物体 3: FireExt1 (置信度: 0.41)
2026-05-21 15:46:30 [INFO] 检测到车兜区域，将过滤区域外的目标
2026-05-21 15:46:30 [INFO] 车兜区域过滤: 3 -> 2 个目标
2026-05-21 15:46:30 [INFO] 准备保存检测结果到: C:\code\show\Scrap_Steel_In_Field\photos\dangerous_det\detection_20260521_154630.jpg
2026-05-21 15:46:30 [INFO] 图像形状: (2160, 3840, 3)
2026-05-21 15:46:30 [INFO] 图像数据类型: uint8
2026-05-21 15:46:30 [INFO] 图像最大值: 255
2026-05-21 15:46:30 [INFO] 图像最小值: 0
2026-05-21 15:46:30 [INFO] 开始保存检测结果图像: 图像尺寸=(2160, 3840, 3), 类型=uint8, 路径=C:\code\show\Scrap_Steel_In_Field\photos\dangerous_det\detection_20260521_154630.jpg
2026-05-21 15:46:30 [INFO] 成功保存检测结果到: C:\code\show\Scrap_Steel_In_Field\photos\dangerous_det\detection_20260521_154630.jpg
2026-05-21 15:46:30 [INFO] 保存的检测结果文件大小: 2500543 字节
2026-05-21 15:46:30 [INFO] 引擎上下文已释放
2026-05-21 15:46:30 [INFO] TensorRT 引擎已释放
2026-05-21 15:46:30 [INFO] 全局 CUDA 资源已释放
2026-05-21 15:46:30 [INFO] 检测系统资源已释放
2026-05-21 15:46:35 [INFO] CUDA 初始化成功
2026-05-21 15:46:35 [INFO] 引擎加载成功: dangerous.engine
2026-05-21 15:46:35 [INFO] 检测系统初始化成功
2026-05-21 15:46:35 [INFO] 图像预处理完成，原始尺寸: (2160, 3840)
2026-05-21 15:46:35 [INFO] 开始执行目标检测...
2026-05-21 15:46:35 [INFO] 检测完成，找到 3 个物体
2026-05-21 15:46:35 [INFO] 物体 1: GasCyl1 (置信度: 0.86)
2026-05-21 15:46:35 [INFO] 物体 2: GasCyl1 (置信度: 0.75)
2026-05-21 15:46:35 [INFO] 物体 3: FireExt1 (置信度: 0.41)
2026-05-21 15:46:35 [INFO] 检测到车兜区域，将过滤区域外的目标
2026-05-21 15:46:35 [INFO] 车兜区域过滤: 3 -> 2 个目标
2026-05-21 15:46:35 [INFO] 准备保存检测结果到: C:\code\show\Scrap_Steel_In_Field\photos\dangerous_det\detection_20260521_154635.jpg
2026-05-21 15:46:35 [INFO] 图像形状: (2160, 3840, 3)
2026-05-21 15:46:35 [INFO] 图像数据类型: uint8
2026-05-21 15:46:35 [INFO] 图像最大值: 255
2026-05-21 15:46:35 [INFO] 图像最小值: 0
2026-05-21 15:46:35 [INFO] 开始保存检测结果图像: 图像尺寸=(2160, 3840, 3), 类型=uint8, 路径=C:\code\show\Scrap_Steel_In_Field\photos\dangerous_det\detection_20260521_154635.jpg
2026-05-21 15:46:35 [INFO] 成功保存检测结果到: C:\code\show\Scrap_Steel_In_Field\photos\dangerous_det\detection_20260521_154635.jpg
2026-05-21 15:46:35 [INFO] 保存的检测结果文件大小: 2498412 字节
2026-05-21 15:46:35 [INFO] 引擎上下文已释放
2026-05-21 15:46:35 [INFO] TensorRT 引擎已释放
2026-05-21 15:46:35 [INFO] 全局 CUDA 资源已释放
2026-05-21 15:46:35 [INFO] 检测系统资源已释放
2026-05-21 15:46:41 [INFO] CUDA 初始化成功
2026-05-21 15:46:41 [INFO] 引擎加载成功: dangerous.engine
2026-05-21 15:46:41 [INFO] 检测系统初始化成功
2026-05-21 15:46:41 [INFO] 图像预处理完成，原始尺寸: (2160, 3840)
2026-05-21 15:46:41 [INFO] 开始执行目标检测...
2026-05-21 15:46:41 [INFO] 检测完成，找到 3 个物体
2026-05-21 15:46:41 [INFO] 物体 1: GasCyl1 (置信度: 0.87)
2026-05-21 15:46:41 [INFO] 物体 2: GasCyl1 (置信度: 0.70)
2026-05-21 15:46:41 [INFO] 物体 3: FireExt1 (置信度: 0.41)
2026-05-21 15:46:41 [INFO] 检测到车兜区域，将过滤区域外的目标
2026-05-21 15:46:41 [INFO] 车兜区域过滤: 3 -> 2 个目标
2026-05-21 15:46:41 [INFO] 准备保存检测结果到: C:\code\show\Scrap_Steel_In_Field\photos\dangerous_det\detection_20260521_154641.jpg
2026-05-21 15:46:41 [INFO] 图像形状: (2160, 3840, 3)
2026-05-21 15:46:41 [INFO] 图像数据类型: uint8
2026-05-21 15:46:41 [INFO] 图像最大值: 255
2026-05-21 15:46:41 [INFO] 图像最小值: 0
2026-05-21 15:46:41 [INFO] 开始保存检测结果图像: 图像尺寸=(2160, 3840, 3), 类型=uint8, 路径=C:\code\show\Scrap_Steel_In_Field\photos\dangerous_det\detection_20260521_154641.jpg
2026-05-21 15:46:41 [INFO] 成功保存检测结果到: C:\code\show\Scrap_Steel_In_Field\photos\dangerous_det\detection_20260521_154641.jpg
2026-05-21 15:46:41 [INFO] 保存的检测结果文件大小: 2492107 字节
2026-05-21 15:46:41 [INFO] 引擎上下文已释放
2026-05-21 15:46:41 [INFO] TensorRT 引擎已释放
2026-05-21 15:46:41 [INFO] 全局 CUDA 资源已释放
2026-05-21 15:46:41 [INFO] 检测系统资源已释放
2026-05-21 15:46:47 [INFO] CUDA 初始化成功
2026-05-21 15:46:47 [INFO] 引擎加载成功: dangerous.engine
2026-05-21 15:46:47 [INFO] 检测系统初始化成功
2026-05-21 15:46:47 [INFO] 图像预处理完成，原始尺寸: (2160, 3840)
2026-05-21 15:46:47 [INFO] 开始执行目标检测...
2026-05-21 15:46:47 [INFO] 检测完成，找到 3 个物体
2026-05-21 15:46:47 [INFO] 物体 1: GasCyl1 (置信度: 0.86)
2026-05-21 15:46:47 [INFO] 物体 2: GasCyl1 (置信度: 0.70)
2026-05-21 15:46:47 [INFO] 物体 3: FireExt1 (置信度: 0.42)
2026-05-21 15:46:47 [INFO] 检测到车兜区域，将过滤区域外的目标
2026-05-21 15:46:47 [INFO] 车兜区域过滤: 3 -> 2 个目标
2026-05-21 15:46:47 [INFO] 准备保存检测结果到: C:\code\show\Scrap_Steel_In_Field\photos\dangerous_det\detection_20260521_154647.jpg
2026-05-21 15:46:47 [INFO] 图像形状: (2160, 3840, 3)
2026-05-21 15:46:47 [INFO] 图像数据类型: uint8
2026-05-21 15:46:47 [INFO] 图像最大值: 255
2026-05-21 15:46:47 [INFO] 图像最小值: 0
2026-05-21 15:46:47 [INFO] 开始保存检测结果图像: 图像尺寸=(2160, 3840, 3), 类型=uint8, 路径=C:\code\show\Scrap_Steel_In_Field\photos\dangerous_det\detection_20260521_154647.jpg
2026-05-21 15:46:47 [INFO] 成功保存检测结果到: C:\code\show\Scrap_Steel_In_Field\photos\dangerous_det\detection_20260521_154647.jpg
2026-05-21 15:46:47 [INFO] 保存的检测结果文件大小: 2502724 字节
2026-05-21 15:46:47 [INFO] 引擎上下文已释放
2026-05-21 15:46:47 [INFO] TensorRT 引擎已释放
2026-05-21 15:46:47 [INFO] 全局 CUDA 资源已释放
2026-05-21 15:46:47 [INFO] 检测系统资源已释放
2026-05-21 15:46:52 [INFO] CUDA 初始化成功
2026-05-21 15:46:52 [INFO] 引擎加载成功: dangerous.engine
2026-05-21 15:46:52 [INFO] 检测系统初始化成功
2026-05-21 15:46:52 [INFO] 图像预处理完成，原始尺寸: (2160, 3840)
2026-05-21 15:46:52 [INFO] 开始执行目标检测...
2026-05-21 15:46:52 [INFO] 检测完成，找到 3 个物体
2026-05-21 15:46:52 [INFO] 物体 1: GasCyl1 (置信度: 0.75)
2026-05-21 15:46:52 [INFO] 物体 2: GasCyl1 (置信度: 0.70)
2026-05-21 15:46:52 [INFO] 物体 3: FireExt1 (置信度: 0.43)
2026-05-21 15:46:53 [INFO] 检测到车兜区域，将过滤区域外的目标
2026-05-21 15:46:53 [INFO] 车兜区域过滤: 3 -> 2 个目标
2026-05-21 15:46:53 [INFO] 准备保存检测结果到: C:\code\show\Scrap_Steel_In_Field\photos\dangerous_det\detection_20260521_154653.jpg
2026-05-21 15:46:53 [INFO] 图像形状: (2160, 3840, 3)
2026-05-21 15:46:53 [INFO] 图像数据类型: uint8
2026-05-21 15:46:53 [INFO] 图像最大值: 255
2026-05-21 15:46:53 [INFO] 图像最小值: 0
2026-05-21 15:46:53 [INFO] 开始保存检测结果图像: 图像尺寸=(2160, 3840, 3), 类型=uint8, 路径=C:\code\show\Scrap_Steel_In_Field\photos\dangerous_det\detection_20260521_154653.jpg
2026-05-21 15:46:53 [INFO] 成功保存检测结果到: C:\code\show\Scrap_Steel_In_Field\photos\dangerous_det\detection_20260521_154653.jpg
2026-05-21 15:46:53 [INFO] 保存的检测结果文件大小: 2502988 字节
2026-05-21 15:46:53 [INFO] 引擎上下文已释放
2026-05-21 15:46:53 [INFO] TensorRT 引擎已释放
2026-05-21 15:46:53 [INFO] 全局 CUDA 资源已释放
2026-05-21 15:46:53 [INFO] 检测系统资源已释放
2026-05-21 15:46:58 [INFO] CUDA 初始化成功
2026-05-21 15:46:58 [INFO] 引擎加载成功: dangerous.engine
2026-05-21 15:46:58 [INFO] 检测系统初始化成功
2026-05-21 15:46:58 [INFO] 图像预处理完成，原始尺寸: (2160, 3840)
2026-05-21 15:46:58 [INFO] 开始执行目标检测...
2026-05-21 15:46:58 [INFO] 检测完成，找到 3 个物体
2026-05-21 15:46:58 [INFO] 物体 1: GasCyl1 (置信度: 0.78)
2026-05-21 15:46:58 [INFO] 物体 2: GasCyl1 (置信度: 0.60)
2026-05-21 15:46:58 [INFO] 物体 3: FireExt1 (置信度: 0.43)
2026-05-21 15:46:58 [INFO] 检测到车兜区域，将过滤区域外的目标
2026-05-21 15:46:58 [INFO] 车兜区域过滤: 3 -> 2 个目标
2026-05-21 15:46:58 [INFO] 准备保存检测结果到: C:\code\show\Scrap_Steel_In_Field\photos\dangerous_det\detection_20260521_154658.jpg
2026-05-21 15:46:58 [INFO] 图像形状: (2160, 3840, 3)
2026-05-21 15:46:58 [INFO] 图像数据类型: uint8
2026-05-21 15:46:58 [INFO] 图像最大值: 255
2026-05-21 15:46:58 [INFO] 图像最小值: 0
2026-05-21 15:46:58 [INFO] 开始保存检测结果图像: 图像尺寸=(2160, 3840, 3), 类型=uint8, 路径=C:\code\show\Scrap_Steel_In_Field\photos\dangerous_det\detection_20260521_154658.jpg
2026-05-21 15:46:58 [INFO] 成功保存检测结果到: C:\code\show\Scrap_Steel_In_Field\photos\dangerous_det\detection_20260521_154658.jpg
2026-05-21 15:46:58 [INFO] 保存的检测结果文件大小: 2490324 字节
2026-05-21 15:46:58 [INFO] 引擎上下文已释放
2026-05-21 15:46:58 [INFO] TensorRT 引擎已释放
2026-05-21 15:46:58 [INFO] 全局 CUDA 资源已释放
2026-05-21 15:46:58 [INFO] 检测系统资源已释放
2026-05-21 15:47:03 [INFO] CUDA 初始化成功
2026-05-21 15:47:03 [INFO] 引擎加载成功: dangerous.engine
2026-05-21 15:47:03 [INFO] 检测系统初始化成功
2026-05-21 15:47:03 [INFO] 图像预处理完成，原始尺寸: (2160, 3840)
2026-05-21 15:47:03 [INFO] 开始执行目标检测...
2026-05-21 15:47:03 [INFO] 检测完成，找到 3 个物体
2026-05-21 15:47:03 [INFO] 物体 1: GasCyl1 (置信度: 0.86)
2026-05-21 15:47:03 [INFO] 物体 2: GasCyl1 (置信度: 0.73)
2026-05-21 15:47:03 [INFO] 物体 3: FireExt1 (置信度: 0.43)
2026-05-21 15:47:03 [INFO] 检测到车兜区域，将过滤区域外的目标
2026-05-21 15:47:03 [INFO] 车兜区域过滤: 3 -> 2 个目标
2026-05-21 15:47:03 [INFO] 准备保存检测结果到: C:\code\show\Scrap_Steel_In_Field\photos\dangerous_det\detection_20260521_154703.jpg
2026-05-21 15:47:03 [INFO] 图像形状: (2160, 3840, 3)
2026-05-21 15:47:03 [INFO] 图像数据类型: uint8
2026-05-21 15:47:03 [INFO] 图像最大值: 255
2026-05-21 15:47:03 [INFO] 图像最小值: 0
2026-05-21 15:47:03 [INFO] 开始保存检测结果图像: 图像尺寸=(2160, 3840, 3), 类型=uint8, 路径=C:\code\show\Scrap_Steel_In_Field\photos\dangerous_det\detection_20260521_154703.jpg
2026-05-21 15:47:03 [INFO] 成功保存检测结果到: C:\code\show\Scrap_Steel_In_Field\photos\dangerous_det\detection_20260521_154703.jpg
2026-05-21 15:47:03 [INFO] 保存的检测结果文件大小: 2478484 字节
2026-05-21 15:47:03 [INFO] 引擎上下文已释放
2026-05-21 15:47:03 [INFO] TensorRT 引擎已释放
2026-05-21 15:47:03 [INFO] 全局 CUDA 资源已释放
2026-05-21 15:47:03 [INFO] 检测系统资源已释放
2026-05-21 15:47:08 [INFO] CUDA 初始化成功
2026-05-21 15:47:08 [INFO] 引擎加载成功: dangerous.engine
2026-05-21 15:47:08 [INFO] 检测系统初始化成功
2026-05-21 15:47:08 [INFO] 图像预处理完成，原始尺寸: (2160, 3840)
2026-05-21 15:47:08 [INFO] 开始执行目标检测...
2026-05-21 15:47:08 [INFO] 检测完成，找到 3 个物体
2026-05-21 15:47:08 [INFO] 物体 1: GasCyl1 (置信度: 0.82)
2026-05-21 15:47:08 [INFO] 物体 2: GasCyl1 (置信度: 0.69)
2026-05-21 15:47:08 [INFO] 物体 3: FireExt1 (置信度: 0.40)
2026-05-21 15:47:08 [INFO] 检测到车兜区域，将过滤区域外的目标
2026-05-21 15:47:08 [INFO] 车兜区域过滤: 3 -> 2 个目标
2026-05-21 15:47:08 [INFO] 准备保存检测结果到: C:\code\show\Scrap_Steel_In_Field\photos\dangerous_det\detection_20260521_154708.jpg
2026-05-21 15:47:08 [INFO] 图像形状: (2160, 3840, 3)
2026-05-21 15:47:08 [INFO] 图像数据类型: uint8
2026-05-21 15:47:08 [INFO] 图像最大值: 255
2026-05-21 15:47:08 [INFO] 图像最小值: 0
2026-05-21 15:47:08 [INFO] 开始保存检测结果图像: 图像尺寸=(2160, 3840, 3), 类型=uint8, 路径=C:\code\show\Scrap_Steel_In_Field\photos\dangerous_det\detection_20260521_154708.jpg
2026-05-21 15:47:08 [INFO] 成功保存检测结果到: C:\code\show\Scrap_Steel_In_Field\photos\dangerous_det\detection_20260521_154708.jpg
2026-05-21 15:47:08 [INFO] 保存的检测结果文件大小: 2493784 字节
2026-05-21 15:47:08 [INFO] 引擎上下文已释放
2026-05-21 15:47:08 [INFO] TensorRT 引擎已释放
2026-05-21 15:47:08 [INFO] 全局 CUDA 资源已释放
2026-05-21 15:47:08 [INFO] 检测系统资源已释放
2026-05-21 15:47:14 [INFO] CUDA 初始化成功
2026-05-21 15:47:14 [INFO] 引擎加载成功: dangerous.engine
2026-05-21 15:47:14 [INFO] 检测系统初始化成功
2026-05-21 15:47:14 [INFO] 图像预处理完成，原始尺寸: (2160, 3840)
2026-05-21 15:47:14 [INFO] 开始执行目标检测...
2026-05-21 15:47:14 [INFO] 检测完成，找到 3 个物体
2026-05-21 15:47:14 [INFO] 物体 1: GasCyl1 (置信度: 0.79)
2026-05-21 15:47:14 [INFO] 物体 2: GasCyl1 (置信度: 0.65)
2026-05-21 15:47:14 [INFO] 物体 3: FireExt1 (置信度: 0.43)
2026-05-21 15:47:14 [INFO] 检测到车兜区域，将过滤区域外的目标
2026-05-21 15:47:14 [INFO] 车兜区域过滤: 3 -> 2 个目标
2026-05-21 15:47:14 [INFO] 准备保存检测结果到: C:\code\show\Scrap_Steel_In_Field\photos\dangerous_det\detection_20260521_154714.jpg
2026-05-21 15:47:14 [INFO] 图像形状: (2160, 3840, 3)
2026-05-21 15:47:14 [INFO] 图像数据类型: uint8
2026-05-21 15:47:14 [INFO] 图像最大值: 255
2026-05-21 15:47:14 [INFO] 图像最小值: 0
2026-05-21 15:47:14 [INFO] 开始保存检测结果图像: 图像尺寸=(2160, 3840, 3), 类型=uint8, 路径=C:\code\show\Scrap_Steel_In_Field\photos\dangerous_det\detection_20260521_154714.jpg
2026-05-21 15:47:14 [INFO] 成功保存检测结果到: C:\code\show\Scrap_Steel_In_Field\photos\dangerous_det\detection_20260521_154714.jpg
2026-05-21 15:47:14 [INFO] 保存的检测结果文件大小: 2416312 字节
2026-05-21 15:47:14 [INFO] 引擎上下文已释放
2026-05-21 15:47:14 [INFO] TensorRT 引擎已释放
2026-05-21 15:47:14 [INFO] 全局 CUDA 资源已释放
2026-05-21 15:47:14 [INFO] 检测系统资源已释放
2026-05-21 15:47:19 [INFO] CUDA 初始化成功
2026-05-21 15:47:19 [INFO] 引擎加载成功: dangerous.engine
2026-05-21 15:47:19 [INFO] 检测系统初始化成功
2026-05-21 15:47:19 [INFO] 图像预处理完成，原始尺寸: (2160, 3840)
2026-05-21 15:47:19 [INFO] 开始执行目标检测...
2026-05-21 15:47:19 [INFO] 检测完成，找到 3 个物体
2026-05-21 15:47:19 [INFO] 物体 1: GasCyl1 (置信度: 0.84)
2026-05-21 15:47:19 [INFO] 物体 2: GasCyl1 (置信度: 0.71)
2026-05-21 15:47:19 [INFO] 物体 3: FireExt1 (置信度: 0.44)
2026-05-21 15:47:19 [INFO] 检测到车兜区域，将过滤区域外的目标
2026-05-21 15:47:19 [INFO] 车兜区域过滤: 3 -> 2 个目标
2026-05-21 15:47:19 [INFO] 准备保存检测结果到: C:\code\show\Scrap_Steel_In_Field\photos\dangerous_det\detection_20260521_154719.jpg
2026-05-21 15:47:19 [INFO] 图像形状: (2160, 3840, 3)
2026-05-21 15:47:19 [INFO] 图像数据类型: uint8
2026-05-21 15:47:19 [INFO] 图像最大值: 255
2026-05-21 15:47:19 [INFO] 图像最小值: 0
2026-05-21 15:47:19 [INFO] 开始保存检测结果图像: 图像尺寸=(2160, 3840, 3), 类型=uint8, 路径=C:\code\show\Scrap_Steel_In_Field\photos\dangerous_det\detection_20260521_154719.jpg
2026-05-21 15:47:19 [INFO] 成功保存检测结果到: C:\code\show\Scrap_Steel_In_Field\photos\dangerous_det\detection_20260521_154719.jpg
2026-05-21 15:47:19 [INFO] 保存的检测结果文件大小: 2502850 字节
2026-05-21 15:47:19 [INFO] 引擎上下文已释放
2026-05-21 15:47:19 [INFO] TensorRT 引擎已释放
2026-05-21 15:47:19 [INFO] 全局 CUDA 资源已释放
2026-05-21 15:47:19 [INFO] 检测系统资源已释放
2026-05-21 15:47:24 [INFO] CUDA 初始化成功
2026-05-21 15:47:24 [INFO] 引擎加载成功: dangerous.engine
2026-05-21 15:47:24 [INFO] 检测系统初始化成功
2026-05-21 15:47:24 [INFO] 图像预处理完成，原始尺寸: (2160, 3840)
2026-05-21 15:47:24 [INFO] 开始执行目标检测...
2026-05-21 15:47:24 [INFO] 检测完成，找到 3 个物体
2026-05-21 15:47:24 [INFO] 物体 1: GasCyl1 (置信度: 0.82)
2026-05-21 15:47:24 [INFO] 物体 2: GasCyl1 (置信度: 0.73)
2026-05-21 15:47:24 [INFO] 物体 3: FireExt1 (置信度: 0.44)
2026-05-21 15:47:24 [INFO] 检测到车兜区域，将过滤区域外的目标
2026-05-21 15:47:24 [INFO] 车兜区域过滤: 3 -> 2 个目标
2026-05-21 15:47:24 [INFO] 准备保存检测结果到: C:\code\show\Scrap_Steel_In_Field\photos\dangerous_det\detection_20260521_154724.jpg
2026-05-21 15:47:24 [INFO] 图像形状: (2160, 3840, 3)
2026-05-21 15:47:24 [INFO] 图像数据类型: uint8
2026-05-21 15:47:24 [INFO] 图像最大值: 255
2026-05-21 15:47:24 [INFO] 图像最小值: 0
2026-05-21 15:47:24 [INFO] 开始保存检测结果图像: 图像尺寸=(2160, 3840, 3), 类型=uint8, 路径=C:\code\show\Scrap_Steel_In_Field\photos\dangerous_det\detection_20260521_154724.jpg
2026-05-21 15:47:24 [INFO] 成功保存检测结果到: C:\code\show\Scrap_Steel_In_Field\photos\dangerous_det\detection_20260521_154724.jpg
2026-05-21 15:47:24 [INFO] 保存的检测结果文件大小: 2522240 字节
2026-05-21 15:47:24 [INFO] 引擎上下文已释放
2026-05-21 15:47:24 [INFO] TensorRT 引擎已释放
2026-05-21 15:47:24 [INFO] 全局 CUDA 资源已释放
2026-05-21 15:47:24 [INFO] 检测系统资源已释放
2026-05-21 15:47:30 [INFO] CUDA 初始化成功
2026-05-21 15:47:30 [INFO] 引擎加载成功: dangerous.engine
2026-05-21 15:47:30 [INFO] 检测系统初始化成功
2026-05-21 15:47:30 [INFO] 图像预处理完成，原始尺寸: (2160, 3840)
2026-05-21 15:47:30 [INFO] 开始执行目标检测...
2026-05-21 15:47:30 [INFO] 检测完成，找到 3 个物体
2026-05-21 15:47:30 [INFO] 物体 1: GasCyl1 (置信度: 0.79)
2026-05-21 15:47:30 [INFO] 物体 2: GasCyl1 (置信度: 0.73)
2026-05-21 15:47:30 [INFO] 物体 3: FireExt1 (置信度: 0.42)
2026-05-21 15:47:30 [INFO] 检测到车兜区域，将过滤区域外的目标
2026-05-21 15:47:30 [INFO] 车兜区域过滤: 3 -> 2 个目标
2026-05-21 15:47:30 [INFO] 准备保存检测结果到: C:\code\show\Scrap_Steel_In_Field\photos\dangerous_det\detection_20260521_154730.jpg
2026-05-21 15:47:30 [INFO] 图像形状: (2160, 3840, 3)
2026-05-21 15:47:30 [INFO] 图像数据类型: uint8
2026-05-21 15:47:30 [INFO] 图像最大值: 255
2026-05-21 15:47:30 [INFO] 图像最小值: 0
2026-05-21 15:47:30 [INFO] 开始保存检测结果图像: 图像尺寸=(2160, 3840, 3), 类型=uint8, 路径=C:\code\show\Scrap_Steel_In_Field\photos\dangerous_det\detection_20260521_154730.jpg
2026-05-21 15:47:30 [INFO] 成功保存检测结果到: C:\code\show\Scrap_Steel_In_Field\photos\dangerous_det\detection_20260521_154730.jpg
2026-05-21 15:47:30 [INFO] 保存的检测结果文件大小: 2517815 字节
2026-05-21 15:47:30 [INFO] 引擎上下文已释放
2026-05-21 15:47:30 [INFO] TensorRT 引擎已释放
2026-05-21 15:47:30 [INFO] 全局 CUDA 资源已释放
2026-05-21 15:47:30 [INFO] 检测系统资源已释放
2026-05-21 15:47:35 [INFO] CUDA 初始化成功
2026-05-21 15:47:35 [INFO] 引擎加载成功: dangerous.engine
2026-05-21 15:47:35 [INFO] 检测系统初始化成功
2026-05-21 15:47:35 [INFO] 图像预处理完成，原始尺寸: (2160, 3840)
2026-05-21 15:47:35 [INFO] 开始执行目标检测...
2026-05-21 15:47:35 [INFO] 检测完成，找到 3 个物体
2026-05-21 15:47:35 [INFO] 物体 1: GasCyl1 (置信度: 0.80)
2026-05-21 15:47:35 [INFO] 物体 2: GasCyl1 (置信度: 0.73)
2026-05-21 15:47:35 [INFO] 物体 3: FireExt1 (置信度: 0.41)
2026-05-21 15:47:35 [INFO] 检测到车兜区域，将过滤区域外的目标
2026-05-21 15:47:35 [INFO] 车兜区域过滤: 3 -> 2 个目标
2026-05-21 15:47:35 [INFO] 准备保存检测结果到: C:\code\show\Scrap_Steel_In_Field\photos\dangerous_det\detection_20260521_154735.jpg
2026-05-21 15:47:35 [INFO] 图像形状: (2160, 3840, 3)
2026-05-21 15:47:35 [INFO] 图像数据类型: uint8
2026-05-21 15:47:35 [INFO] 图像最大值: 255
2026-05-21 15:47:35 [INFO] 图像最小值: 0
2026-05-21 15:47:35 [INFO] 开始保存检测结果图像: 图像尺寸=(2160, 3840, 3), 类型=uint8, 路径=C:\code\show\Scrap_Steel_In_Field\photos\dangerous_det\detection_20260521_154735.jpg
2026-05-21 15:47:35 [INFO] 成功保存检测结果到: C:\code\show\Scrap_Steel_In_Field\photos\dangerous_det\detection_20260521_154735.jpg
2026-05-21 15:47:35 [INFO] 保存的检测结果文件大小: 2516116 字节
2026-05-21 15:47:35 [INFO] 引擎上下文已释放
2026-05-21 15:47:35 [INFO] TensorRT 引擎已释放
2026-05-21 15:47:35 [INFO] 全局 CUDA 资源已释放
2026-05-21 15:47:35 [INFO] 检测系统资源已释放
