2026-07-20 10:28:34 [INFO] CUDA 初始化成功
2026-07-20 10:28:34 [INFO] 引擎加载成功: dangerous.engine
2026-07-20 10:28:34 [INFO] 检测系统初始化成功
2026-07-20 10:28:37 [INFO] 引擎加载成功: dangerous.engine
2026-07-20 10:28:37 [INFO] 检测系统初始化成功
2026-07-20 10:28:37 [INFO] 图像预处理完成，原始尺寸: (2160, 3840)
2026-07-20 10:28:37 [INFO] 开始执行目标检测...
2026-07-20 10:28:37 [INFO] 检测完成，找到 0 个物体
2026-07-20 10:28:37 [INFO] 检测到车兜区域，将过滤区域外的目标
2026-07-20 10:28:37 [INFO] 引擎上下文已释放
2026-07-20 10:28:37 [INFO] TensorRT 引擎已释放
2026-07-20 10:28:37 [INFO] 全局 CUDA 资源已释放
2026-07-20 10:28:37 [INFO] 检测系统资源已释放
2026-07-20 10:28:45 [INFO] CUDA 初始化成功
2026-07-20 10:28:45 [INFO] 引擎加载成功: dangerous.engine
2026-07-20 10:28:45 [INFO] 检测系统初始化成功
2026-07-20 10:28:45 [INFO] 图像预处理完成，原始尺寸: (2160, 3840)
2026-07-20 10:28:45 [INFO] 开始执行目标检测...
2026-07-20 10:28:45 [INFO] 检测完成，找到 1 个物体
2026-07-20 10:28:45 [INFO] 物体 1: FireExt1 (置信度: 0.49)
2026-07-20 10:28:45 [INFO] 检测到车兜区域，将过滤区域外的目标
2026-07-20 10:28:45 [INFO] 车兜区域过滤: 1 -> 0 个目标
2026-07-20 10:28:45 [INFO] 引擎上下文已释放
2026-07-20 10:28:45 [INFO] TensorRT 引擎已释放
2026-07-20 10:28:45 [INFO] 全局 CUDA 资源已释放
2026-07-20 10:28:45 [INFO] 检测系统资源已释放
2026-07-20 10:28:49 [INFO] CUDA 初始化成功
2026-07-20 10:28:49 [INFO] 引擎加载成功: dangerous.engine
2026-07-20 10:28:49 [INFO] 检测系统初始化成功
2026-07-20 10:28:50 [INFO] 图像预处理完成，原始尺寸: (2160, 3840)
2026-07-20 10:28:50 [INFO] 开始执行目标检测...
2026-07-20 10:28:50 [INFO] 检测完成，找到 1 个物体
2026-07-20 10:28:50 [INFO] 物体 1: FireExt1 (置信度: 0.49)
2026-07-20 10:28:50 [INFO] 检测到车兜区域，将过滤区域外的目标
2026-07-20 10:28:50 [INFO] 车兜区域过滤: 1 -> 0 个目标
2026-07-20 10:28:50 [INFO] 引擎上下文已释放
2026-07-20 10:28:50 [INFO] TensorRT 引擎已释放
2026-07-20 10:28:50 [INFO] 全局 CUDA 资源已释放
2026-07-20 10:28:50 [INFO] 检测系统资源已释放
2026-07-20 10:28:54 [INFO] CUDA 初始化成功
2026-07-20 10:28:54 [INFO] 引擎加载成功: dangerous.engine
2026-07-20 10:28:54 [INFO] 检测系统初始化成功
2026-07-20 10:28:54 [INFO] 图像预处理完成，原始尺寸: (2160, 3840)
2026-07-20 10:28:54 [INFO] 开始执行目标检测...
2026-07-20 10:28:55 [INFO] 检测完成，找到 1 个物体
2026-07-20 10:28:55 [INFO] 物体 1: FireExt1 (置信度: 0.50)
2026-07-20 10:28:55 [INFO] 检测到车兜区域，将过滤区域外的目标
2026-07-20 10:28:55 [INFO] 车兜区域过滤: 1 -> 0 个目标
2026-07-20 10:28:55 [INFO] 引擎上下文已释放
2026-07-20 10:28:55 [INFO] TensorRT 引擎已释放
2026-07-20 10:28:55 [INFO] 全局 CUDA 资源已释放
2026-07-20 10:28:55 [INFO] 检测系统资源已释放
2026-07-20 10:29:00 [INFO] CUDA 初始化成功
2026-07-20 10:29:00 [INFO] 引擎加载成功: dangerous.engine
2026-07-20 10:29:00 [INFO] 检测系统初始化成功
2026-07-20 10:29:01 [INFO] 图像预处理完成，原始尺寸: (2160, 3840)
2026-07-20 10:29:01 [INFO] 开始执行目标检测...
2026-07-20 10:29:01 [INFO] 检测完成，找到 1 个物体
2026-07-20 10:29:01 [INFO] 物体 1: FireExt1 (置信度: 0.48)
2026-07-20 10:29:01 [INFO] 检测到车兜区域，将过滤区域外的目标
2026-07-20 10:29:01 [INFO] 车兜区域过滤: 1 -> 0 个目标
2026-07-20 10:29:01 [INFO] 引擎上下文已释放
2026-07-20 10:29:01 [INFO] TensorRT 引擎已释放
2026-07-20 10:29:01 [INFO] 全局 CUDA 资源已释放
2026-07-20 10:29:01 [INFO] 检测系统资源已释放
2026-07-20 10:29:05 [INFO] CUDA 初始化成功
2026-07-20 10:29:05 [INFO] 引擎加载成功: dangerous.engine
2026-07-20 10:29:05 [INFO] 检测系统初始化成功
2026-07-20 10:29:05 [INFO] 图像预处理完成，原始尺寸: (2160, 3840)
2026-07-20 10:29:05 [INFO] 开始执行目标检测...
2026-07-20 10:29:05 [INFO] 检测完成，找到 1 个物体
2026-07-20 10:29:05 [INFO] 物体 1: FireExt1 (置信度: 0.50)
2026-07-20 10:29:05 [INFO] 检测到车兜区域，将过滤区域外的目标
2026-07-20 10:29:05 [INFO] 车兜区域过滤: 1 -> 0 个目标
2026-07-20 10:29:05 [INFO] 引擎上下文已释放
2026-07-20 10:29:05 [INFO] TensorRT 引擎已释放
2026-07-20 10:29:05 [INFO] 全局 CUDA 资源已释放
2026-07-20 10:29:05 [INFO] 检测系统资源已释放
2026-07-20 10:29:10 [INFO] CUDA 初始化成功
2026-07-20 10:29:10 [INFO] 引擎加载成功: dangerous.engine
2026-07-20 10:29:10 [INFO] 检测系统初始化成功
2026-07-20 10:29:10 [INFO] 图像预处理完成，原始尺寸: (2160, 3840)
2026-07-20 10:29:10 [INFO] 开始执行目标检测...
2026-07-20 10:29:10 [INFO] 检测完成，找到 1 个物体
2026-07-20 10:29:10 [INFO] 物体 1: FireExt1 (置信度: 0.50)
2026-07-20 10:29:10 [INFO] 检测到车兜区域，将过滤区域外的目标
2026-07-20 10:29:10 [INFO] 车兜区域过滤: 1 -> 0 个目标
2026-07-20 10:29:10 [INFO] 引擎上下文已释放
2026-07-20 10:29:10 [INFO] TensorRT 引擎已释放
2026-07-20 10:29:11 [INFO] 全局 CUDA 资源已释放
2026-07-20 10:29:11 [INFO] 检测系统资源已释放
2026-07-20 10:29:15 [INFO] CUDA 初始化成功
2026-07-20 10:29:15 [INFO] 引擎加载成功: dangerous.engine
2026-07-20 10:29:15 [INFO] 检测系统初始化成功
2026-07-20 10:29:16 [INFO] 图像预处理完成，原始尺寸: (2160, 3840)
2026-07-20 10:29:16 [INFO] 开始执行目标检测...
2026-07-20 10:29:16 [INFO] 检测完成，找到 1 个物体
2026-07-20 10:29:16 [INFO] 物体 1: FireExt1 (置信度: 0.50)
2026-07-20 10:29:16 [INFO] 检测到车兜区域，将过滤区域外的目标
2026-07-20 10:29:16 [INFO] 车兜区域过滤: 1 -> 0 个目标
2026-07-20 10:29:16 [INFO] 引擎上下文已释放
2026-07-20 10:29:16 [INFO] TensorRT 引擎已释放
2026-07-20 10:29:16 [INFO] 全局 CUDA 资源已释放
2026-07-20 10:29:16 [INFO] 检测系统资源已释放
2026-07-20 10:29:21 [INFO] CUDA 初始化成功
2026-07-20 10:29:21 [INFO] 引擎加载成功: dangerous.engine
2026-07-20 10:29:21 [INFO] 检测系统初始化成功
2026-07-20 10:29:21 [INFO] 图像预处理完成，原始尺寸: (2160, 3840)
2026-07-20 10:29:21 [INFO] 开始执行目标检测...
2026-07-20 10:29:21 [INFO] 检测完成，找到 1 个物体
2026-07-20 10:29:21 [INFO] 物体 1: GasCyl1 (置信度: 0.39)
2026-07-20 10:29:21 [INFO] 准备保存检测结果到: C:\code\show\Scrap_Steel_In_Field\photos\dangerous_det\detection_20260720_102921.jpg
2026-07-20 10:29:21 [INFO] 图像形状: (2160, 3840, 3)
2026-07-20 10:29:21 [INFO] 图像数据类型: uint8
2026-07-20 10:29:21 [INFO] 图像最大值: 255
2026-07-20 10:29:21 [INFO] 图像最小值: 0
2026-07-20 10:29:21 [INFO] 开始保存检测结果图像: 图像尺寸=(2160, 3840, 3), 类型=uint8, 路径=C:\code\show\Scrap_Steel_In_Field\photos\dangerous_det\detection_20260720_102921.jpg
2026-07-20 10:29:21 [INFO] 成功保存检测结果到: C:\code\show\Scrap_Steel_In_Field\photos\dangerous_det\detection_20260720_102921.jpg
2026-07-20 10:29:21 [INFO] 保存的检测结果文件大小: 1107777 字节
2026-07-20 10:29:21 [INFO] 引擎上下文已释放
2026-07-20 10:29:21 [INFO] TensorRT 引擎已释放
2026-07-20 10:29:21 [INFO] 全局 CUDA 资源已释放
2026-07-20 10:29:21 [INFO] 检测系统资源已释放
2026-07-20 10:29:26 [INFO] CUDA 初始化成功
2026-07-20 10:29:26 [INFO] 引擎加载成功: dangerous.engine
2026-07-20 10:29:26 [INFO] 检测系统初始化成功
2026-07-20 10:29:26 [INFO] 图像预处理完成，原始尺寸: (2160, 3840)
2026-07-20 10:29:26 [INFO] 开始执行目标检测...
2026-07-20 10:29:26 [INFO] 检测完成，找到 1 个物体
2026-07-20 10:29:26 [INFO] 物体 1: FireExt1 (置信度: 0.48)
2026-07-20 10:29:26 [INFO] 准备保存检测结果到: C:\code\show\Scrap_Steel_In_Field\photos\dangerous_det\detection_20260720_102926.jpg
2026-07-20 10:29:26 [INFO] 图像形状: (2160, 3840, 3)
2026-07-20 10:29:26 [INFO] 图像数据类型: uint8
2026-07-20 10:29:26 [INFO] 图像最大值: 255
2026-07-20 10:29:26 [INFO] 图像最小值: 0
2026-07-20 10:29:26 [INFO] 开始保存检测结果图像: 图像尺寸=(2160, 3840, 3), 类型=uint8, 路径=C:\code\show\Scrap_Steel_In_Field\photos\dangerous_det\detection_20260720_102926.jpg
2026-07-20 10:29:26 [INFO] 成功保存检测结果到: C:\code\show\Scrap_Steel_In_Field\photos\dangerous_det\detection_20260720_102926.jpg
2026-07-20 10:29:26 [INFO] 保存的检测结果文件大小: 1678361 字节
2026-07-20 10:29:26 [INFO] 引擎上下文已释放
2026-07-20 10:29:26 [INFO] TensorRT 引擎已释放
2026-07-20 10:29:26 [INFO] 全局 CUDA 资源已释放
2026-07-20 10:29:26 [INFO] 检测系统资源已释放
2026-07-20 10:29:31 [INFO] CUDA 初始化成功
2026-07-20 10:29:31 [INFO] 引擎加载成功: dangerous.engine
2026-07-20 10:29:31 [INFO] 检测系统初始化成功
2026-07-20 10:29:31 [INFO] 图像预处理完成，原始尺寸: (2160, 3840)
2026-07-20 10:29:31 [INFO] 开始执行目标检测...
2026-07-20 10:29:31 [INFO] 检测完成，找到 1 个物体
2026-07-20 10:29:31 [INFO] 物体 1: FireExt1 (置信度: 0.47)
2026-07-20 10:29:31 [INFO] 准备保存检测结果到: C:\code\show\Scrap_Steel_In_Field\photos\dangerous_det\detection_20260720_102931.jpg
2026-07-20 10:29:31 [INFO] 图像形状: (2160, 3840, 3)
2026-07-20 10:29:31 [INFO] 图像数据类型: uint8
2026-07-20 10:29:31 [INFO] 图像最大值: 255
2026-07-20 10:29:31 [INFO] 图像最小值: 0
2026-07-20 10:29:31 [INFO] 开始保存检测结果图像: 图像尺寸=(2160, 3840, 3), 类型=uint8, 路径=C:\code\show\Scrap_Steel_In_Field\photos\dangerous_det\detection_20260720_102931.jpg
2026-07-20 10:29:31 [INFO] 成功保存检测结果到: C:\code\show\Scrap_Steel_In_Field\photos\dangerous_det\detection_20260720_102931.jpg
2026-07-20 10:29:31 [INFO] 保存的检测结果文件大小: 1740809 字节
2026-07-20 10:29:31 [INFO] 引擎上下文已释放
2026-07-20 10:29:31 [INFO] TensorRT 引擎已释放
2026-07-20 10:29:31 [INFO] 全局 CUDA 资源已释放
2026-07-20 10:29:31 [INFO] 检测系统资源已释放
2026-07-20 10:29:36 [INFO] CUDA 初始化成功
2026-07-20 10:29:36 [INFO] 引擎加载成功: dangerous.engine
2026-07-20 10:29:36 [INFO] 检测系统初始化成功
2026-07-20 10:29:36 [INFO] 图像预处理完成，原始尺寸: (2160, 3840)
2026-07-20 10:29:36 [INFO] 开始执行目标检测...
2026-07-20 10:29:36 [INFO] 检测完成，找到 0 个物体
2026-07-20 10:29:36 [INFO] 引擎上下文已释放
2026-07-20 10:29:36 [INFO] TensorRT 引擎已释放
2026-07-20 10:29:36 [INFO] 全局 CUDA 资源已释放
2026-07-20 10:29:36 [INFO] 检测系统资源已释放
2026-07-20 10:29:41 [INFO] CUDA 初始化成功
2026-07-20 10:29:41 [INFO] 引擎加载成功: dangerous.engine
2026-07-20 10:29:41 [INFO] 检测系统初始化成功
2026-07-20 10:29:41 [INFO] 图像预处理完成，原始尺寸: (2160, 3840)
2026-07-20 10:29:41 [INFO] 开始执行目标检测...
2026-07-20 10:29:41 [INFO] 检测完成，找到 1 个物体
2026-07-20 10:29:41 [INFO] 物体 1: FireExt1 (置信度: 0.38)
2026-07-20 10:29:41 [INFO] 准备保存检测结果到: C:\code\show\Scrap_Steel_In_Field\photos\dangerous_det\detection_20260720_102941.jpg
2026-07-20 10:29:41 [INFO] 图像形状: (2160, 3840, 3)
2026-07-20 10:29:41 [INFO] 图像数据类型: uint8
2026-07-20 10:29:41 [INFO] 图像最大值: 255
2026-07-20 10:29:41 [INFO] 图像最小值: 0
2026-07-20 10:29:41 [INFO] 开始保存检测结果图像: 图像尺寸=(2160, 3840, 3), 类型=uint8, 路径=C:\code\show\Scrap_Steel_In_Field\photos\dangerous_det\detection_20260720_102941.jpg
2026-07-20 10:29:41 [INFO] 成功保存检测结果到: C:\code\show\Scrap_Steel_In_Field\photos\dangerous_det\detection_20260720_102941.jpg
2026-07-20 10:29:41 [INFO] 保存的检测结果文件大小: 1677616 字节
2026-07-20 10:29:41 [INFO] 引擎上下文已释放
2026-07-20 10:29:41 [INFO] TensorRT 引擎已释放
2026-07-20 10:29:41 [INFO] 全局 CUDA 资源已释放
2026-07-20 10:29:41 [INFO] 检测系统资源已释放
2026-07-20 10:29:46 [INFO] CUDA 初始化成功
2026-07-20 10:29:46 [INFO] 引擎加载成功: dangerous.engine
2026-07-20 10:29:46 [INFO] 检测系统初始化成功
2026-07-20 10:29:46 [INFO] 图像预处理完成，原始尺寸: (2160, 3840)
2026-07-20 10:29:46 [INFO] 开始执行目标检测...
2026-07-20 10:29:46 [INFO] 检测完成，找到 1 个物体
2026-07-20 10:29:46 [INFO] 物体 1: FireExt1 (置信度: 0.50)
2026-07-20 10:29:46 [INFO] 准备保存检测结果到: C:\code\show\Scrap_Steel_In_Field\photos\dangerous_det\detection_20260720_102946.jpg
2026-07-20 10:29:46 [INFO] 图像形状: (2160, 3840, 3)
2026-07-20 10:29:46 [INFO] 图像数据类型: uint8
2026-07-20 10:29:46 [INFO] 图像最大值: 255
2026-07-20 10:29:46 [INFO] 图像最小值: 0
2026-07-20 10:29:46 [INFO] 开始保存检测结果图像: 图像尺寸=(2160, 3840, 3), 类型=uint8, 路径=C:\code\show\Scrap_Steel_In_Field\photos\dangerous_det\detection_20260720_102946.jpg
2026-07-20 10:29:46 [INFO] 成功保存检测结果到: C:\code\show\Scrap_Steel_In_Field\photos\dangerous_det\detection_20260720_102946.jpg
2026-07-20 10:29:46 [INFO] 保存的检测结果文件大小: 1727332 字节
2026-07-20 10:29:46 [INFO] 引擎上下文已释放
2026-07-20 10:29:46 [INFO] TensorRT 引擎已释放
2026-07-20 10:29:47 [INFO] 全局 CUDA 资源已释放
2026-07-20 10:29:47 [INFO] 检测系统资源已释放
2026-07-20 10:29:51 [INFO] CUDA 初始化成功
2026-07-20 10:29:51 [INFO] 引擎加载成功: dangerous.engine
2026-07-20 10:29:51 [INFO] 检测系统初始化成功
2026-07-20 10:29:51 [INFO] 图像预处理完成，原始尺寸: (2160, 3840)
2026-07-20 10:29:51 [INFO] 开始执行目标检测...
2026-07-20 10:29:51 [INFO] 检测完成，找到 0 个物体
2026-07-20 10:29:52 [INFO] 引擎上下文已释放
2026-07-20 10:29:52 [INFO] TensorRT 引擎已释放
2026-07-20 10:29:52 [INFO] 全局 CUDA 资源已释放
2026-07-20 10:29:52 [INFO] 检测系统资源已释放
2026-07-20 10:29:56 [INFO] CUDA 初始化成功
2026-07-20 10:29:56 [INFO] 引擎加载成功: dangerous.engine
2026-07-20 10:29:56 [INFO] 检测系统初始化成功
2026-07-20 10:29:57 [INFO] 图像预处理完成，原始尺寸: (2160, 3840)
2026-07-20 10:29:57 [INFO] 开始执行目标检测...
2026-07-20 10:29:57 [INFO] 检测完成，找到 0 个物体
2026-07-20 10:29:57 [INFO] 引擎上下文已释放
2026-07-20 10:29:57 [INFO] TensorRT 引擎已释放
2026-07-20 10:29:57 [INFO] 全局 CUDA 资源已释放
2026-07-20 10:29:57 [INFO] 检测系统资源已释放
2026-07-20 10:30:01 [INFO] CUDA 初始化成功
2026-07-20 10:30:01 [INFO] 引擎加载成功: dangerous.engine
2026-07-20 10:30:01 [INFO] 检测系统初始化成功
2026-07-20 10:30:02 [INFO] 图像预处理完成，原始尺寸: (2160, 3840)
2026-07-20 10:30:02 [INFO] 开始执行目标检测...
2026-07-20 10:30:02 [INFO] 检测完成，找到 2 个物体
2026-07-20 10:30:02 [INFO] 物体 1: GasCyl1 (置信度: 0.46)
2026-07-20 10:30:02 [INFO] 物体 2: FireExt1 (置信度: 0.44)
2026-07-20 10:30:02 [INFO] 检测到车兜区域，将过滤区域外的目标
2026-07-20 10:30:02 [INFO] 车兜区域过滤: 2 -> 1 个目标
2026-07-20 10:30:02 [INFO] 准备保存检测结果到: C:\code\show\Scrap_Steel_In_Field\photos\dangerous_det\detection_20260720_103002.jpg
2026-07-20 10:30:02 [INFO] 图像形状: (2160, 3840, 3)
2026-07-20 10:30:02 [INFO] 图像数据类型: uint8
2026-07-20 10:30:02 [INFO] 图像最大值: 255
2026-07-20 10:30:02 [INFO] 图像最小值: 0
2026-07-20 10:30:02 [INFO] 开始保存检测结果图像: 图像尺寸=(2160, 3840, 3), 类型=uint8, 路径=C:\code\show\Scrap_Steel_In_Field\photos\dangerous_det\detection_20260720_103002.jpg
2026-07-20 10:30:02 [INFO] 成功保存检测结果到: C:\code\show\Scrap_Steel_In_Field\photos\dangerous_det\detection_20260720_103002.jpg
2026-07-20 10:30:02 [INFO] 保存的检测结果文件大小: 1510849 字节
2026-07-20 10:30:02 [INFO] 引擎上下文已释放
2026-07-20 10:30:02 [INFO] TensorRT 引擎已释放
2026-07-20 10:30:02 [INFO] 全局 CUDA 资源已释放
2026-07-20 10:30:02 [INFO] 检测系统资源已释放
2026-07-20 10:30:07 [INFO] CUDA 初始化成功
2026-07-20 10:30:07 [INFO] 引擎加载成功: dangerous.engine
2026-07-20 10:30:07 [INFO] 检测系统初始化成功
2026-07-20 10:30:07 [INFO] 图像预处理完成，原始尺寸: (2160, 3840)
2026-07-20 10:30:07 [INFO] 开始执行目标检测...
2026-07-20 10:30:07 [INFO] 检测完成，找到 1 个物体
2026-07-20 10:30:07 [INFO] 物体 1: FireExt1 (置信度: 0.41)
2026-07-20 10:30:07 [INFO] 检测到车兜区域，将过滤区域外的目标
2026-07-20 10:30:07 [INFO] 车兜区域过滤: 1 -> 0 个目标
2026-07-20 10:30:07 [INFO] 引擎上下文已释放
2026-07-20 10:30:07 [INFO] TensorRT 引擎已释放
2026-07-20 10:30:07 [INFO] 全局 CUDA 资源已释放
2026-07-20 10:30:07 [INFO] 检测系统资源已释放
2026-07-20 10:30:12 [INFO] CUDA 初始化成功
2026-07-20 10:30:12 [INFO] 引擎加载成功: dangerous.engine
2026-07-20 10:30:12 [INFO] 检测系统初始化成功
2026-07-20 10:30:12 [INFO] 图像预处理完成，原始尺寸: (2160, 3840)
2026-07-20 10:30:12 [INFO] 开始执行目标检测...
2026-07-20 10:30:12 [INFO] 检测完成，找到 1 个物体
2026-07-20 10:30:12 [INFO] 物体 1: FireExt1 (置信度: 0.53)
2026-07-20 10:30:12 [INFO] 准备保存检测结果到: C:\code\show\Scrap_Steel_In_Field\photos\dangerous_det\detection_20260720_103012.jpg
2026-07-20 10:30:12 [INFO] 图像形状: (2160, 3840, 3)
2026-07-20 10:30:12 [INFO] 图像数据类型: uint8
2026-07-20 10:30:12 [INFO] 图像最大值: 255
2026-07-20 10:30:12 [INFO] 图像最小值: 0
2026-07-20 10:30:12 [INFO] 开始保存检测结果图像: 图像尺寸=(2160, 3840, 3), 类型=uint8, 路径=C:\code\show\Scrap_Steel_In_Field\photos\dangerous_det\detection_20260720_103012.jpg
2026-07-20 10:30:12 [INFO] 成功保存检测结果到: C:\code\show\Scrap_Steel_In_Field\photos\dangerous_det\detection_20260720_103012.jpg
2026-07-20 10:30:12 [INFO] 保存的检测结果文件大小: 1058291 字节
2026-07-20 10:30:12 [INFO] 引擎上下文已释放
2026-07-20 10:30:12 [INFO] TensorRT 引擎已释放
2026-07-20 10:30:12 [INFO] 全局 CUDA 资源已释放
2026-07-20 10:30:12 [INFO] 检测系统资源已释放
2026-07-20 10:30:17 [INFO] CUDA 初始化成功
2026-07-20 10:30:17 [INFO] 引擎加载成功: dangerous.engine
2026-07-20 10:30:17 [INFO] 检测系统初始化成功
2026-07-20 10:30:17 [INFO] 图像预处理完成，原始尺寸: (2160, 3840)
2026-07-20 10:30:17 [INFO] 开始执行目标检测...
2026-07-20 10:30:17 [INFO] 检测完成，找到 2 个物体
2026-07-20 10:30:17 [INFO] 物体 1: FireExt1 (置信度: 0.42)
2026-07-20 10:30:17 [INFO] 物体 2: GasCyl1 (置信度: 0.42)
2026-07-20 10:30:17 [INFO] 检测到车兜区域，将过滤区域外的目标
2026-07-20 10:30:17 [INFO] 车兜区域过滤: 2 -> 1 个目标
2026-07-20 10:30:17 [INFO] 准备保存检测结果到: C:\code\show\Scrap_Steel_In_Field\photos\dangerous_det\detection_20260720_103017.jpg
2026-07-20 10:30:17 [INFO] 图像形状: (2160, 3840, 3)
2026-07-20 10:30:17 [INFO] 图像数据类型: uint8
2026-07-20 10:30:17 [INFO] 图像最大值: 255
2026-07-20 10:30:17 [INFO] 图像最小值: 0
2026-07-20 10:30:17 [INFO] 开始保存检测结果图像: 图像尺寸=(2160, 3840, 3), 类型=uint8, 路径=C:\code\show\Scrap_Steel_In_Field\photos\dangerous_det\detection_20260720_103017.jpg
2026-07-20 10:30:17 [INFO] 成功保存检测结果到: C:\code\show\Scrap_Steel_In_Field\photos\dangerous_det\detection_20260720_103017.jpg
2026-07-20 10:30:17 [INFO] 保存的检测结果文件大小: 992481 字节
2026-07-20 10:30:17 [INFO] 引擎上下文已释放
2026-07-20 10:30:17 [INFO] TensorRT 引擎已释放
2026-07-20 10:30:17 [INFO] 全局 CUDA 资源已释放
2026-07-20 10:30:17 [INFO] 检测系统资源已释放
2026-07-20 10:30:22 [INFO] CUDA 初始化成功
2026-07-20 10:30:22 [INFO] 引擎加载成功: dangerous.engine
2026-07-20 10:30:22 [INFO] 检测系统初始化成功
2026-07-20 10:30:22 [INFO] 图像预处理完成，原始尺寸: (2160, 3840)
2026-07-20 10:30:22 [INFO] 开始执行目标检测...
2026-07-20 10:30:22 [INFO] 检测完成，找到 2 个物体
2026-07-20 10:30:22 [INFO] 物体 1: GasCyl1 (置信度: 0.57)
2026-07-20 10:30:22 [INFO] 物体 2: FireExt1 (置信度: 0.50)
2026-07-20 10:30:22 [INFO] 检测到车兜区域，将过滤区域外的目标
2026-07-20 10:30:22 [INFO] 车兜区域过滤: 2 -> 1 个目标
2026-07-20 10:30:22 [INFO] 准备保存检测结果到: C:\code\show\Scrap_Steel_In_Field\photos\dangerous_det\detection_20260720_103022.jpg
2026-07-20 10:30:22 [INFO] 图像形状: (2160, 3840, 3)
2026-07-20 10:30:22 [INFO] 图像数据类型: uint8
2026-07-20 10:30:22 [INFO] 图像最大值: 255
2026-07-20 10:30:22 [INFO] 图像最小值: 0
2026-07-20 10:30:22 [INFO] 开始保存检测结果图像: 图像尺寸=(2160, 3840, 3), 类型=uint8, 路径=C:\code\show\Scrap_Steel_In_Field\photos\dangerous_det\detection_20260720_103022.jpg
2026-07-20 10:30:22 [INFO] 成功保存检测结果到: C:\code\show\Scrap_Steel_In_Field\photos\dangerous_det\detection_20260720_103022.jpg
2026-07-20 10:30:22 [INFO] 保存的检测结果文件大小: 1679815 字节
2026-07-20 10:30:22 [INFO] 引擎上下文已释放
2026-07-20 10:30:22 [INFO] TensorRT 引擎已释放
2026-07-20 10:30:23 [INFO] 全局 CUDA 资源已释放
2026-07-20 10:30:23 [INFO] 检测系统资源已释放
2026-07-20 10:30:27 [INFO] CUDA 初始化成功
2026-07-20 10:30:27 [INFO] 引擎加载成功: dangerous.engine
2026-07-20 10:30:27 [INFO] 检测系统初始化成功
2026-07-20 10:30:28 [INFO] 图像预处理完成，原始尺寸: (2160, 3840)
2026-07-20 10:30:28 [INFO] 开始执行目标检测...
2026-07-20 10:30:28 [INFO] 检测完成，找到 1 个物体
2026-07-20 10:30:28 [INFO] 物体 1: FireExt1 (置信度: 0.42)
2026-07-20 10:30:28 [INFO] 检测到车兜区域，将过滤区域外的目标
2026-07-20 10:30:28 [INFO] 车兜区域过滤: 1 -> 0 个目标
2026-07-20 10:30:28 [INFO] 引擎上下文已释放
2026-07-20 10:30:28 [INFO] TensorRT 引擎已释放
2026-07-20 10:30:28 [INFO] 全局 CUDA 资源已释放
2026-07-20 10:30:28 [INFO] 检测系统资源已释放
