2026-06-08 18:27:19 [INFO] CUDA 初始化成功
2026-06-08 18:27:20 [INFO] 引擎加载成功: dangerous.engine
2026-06-08 18:27:20 [INFO] 检测系统初始化成功
2026-06-08 18:27:22 [INFO] 引擎加载成功: dangerous.engine
2026-06-08 18:27:22 [INFO] 检测系统初始化成功
2026-06-08 18:27:22 [INFO] 图像预处理完成，原始尺寸: (2160, 3840)
2026-06-08 18:27:22 [INFO] 开始执行目标检测...
2026-06-08 18:27:22 [INFO] 检测完成，找到 0 个物体
2026-06-08 18:27:22 [INFO] 检测到车兜区域，将过滤区域外的目标
2026-06-08 18:27:22 [INFO] 引擎上下文已释放
2026-06-08 18:27:22 [INFO] TensorRT 引擎已释放
2026-06-08 18:27:22 [INFO] 全局 CUDA 资源已释放
2026-06-08 18:27:22 [INFO] 检测系统资源已释放
2026-06-08 18:27:27 [INFO] CUDA 初始化成功
2026-06-08 18:27:27 [INFO] 引擎加载成功: dangerous.engine
2026-06-08 18:27:27 [INFO] 检测系统初始化成功
2026-06-08 18:27:28 [INFO] 图像预处理完成，原始尺寸: (2160, 3840)
2026-06-08 18:27:28 [INFO] 开始执行目标检测...
2026-06-08 18:27:28 [INFO] 检测完成，找到 2 个物体
2026-06-08 18:27:28 [INFO] 物体 1: GasCyl1 (置信度: 0.91)
2026-06-08 18:27:28 [INFO] 物体 2: GasCyl1 (置信度: 0.48)
2026-06-08 18:27:28 [INFO] 检测到车兜区域，将过滤区域外的目标
2026-06-08 18:27:28 [INFO] 准备保存检测结果到: C:\code\show\Scrap_Steel_In_Field\photos\dangerous_det\detection_20260608_182728.jpg
2026-06-08 18:27:28 [INFO] 图像形状: (2160, 3840, 3)
2026-06-08 18:27:28 [INFO] 图像数据类型: uint8
2026-06-08 18:27:28 [INFO] 图像最大值: 255
2026-06-08 18:27:28 [INFO] 图像最小值: 0
2026-06-08 18:27:28 [INFO] 开始保存检测结果图像: 图像尺寸=(2160, 3840, 3), 类型=uint8, 路径=C:\code\show\Scrap_Steel_In_Field\photos\dangerous_det\detection_20260608_182728.jpg
2026-06-08 18:27:28 [INFO] 成功保存检测结果到: C:\code\show\Scrap_Steel_In_Field\photos\dangerous_det\detection_20260608_182728.jpg
2026-06-08 18:27:28 [INFO] 保存的检测结果文件大小: 2131253 字节
2026-06-08 18:27:28 [INFO] 引擎上下文已释放
2026-06-08 18:27:28 [INFO] TensorRT 引擎已释放
2026-06-08 18:27:28 [INFO] 全局 CUDA 资源已释放
2026-06-08 18:27:28 [INFO] 检测系统资源已释放
2026-06-08 18:27:33 [INFO] CUDA 初始化成功
2026-06-08 18:27:33 [INFO] 引擎加载成功: dangerous.engine
2026-06-08 18:27:33 [INFO] 检测系统初始化成功
2026-06-08 18:27:33 [INFO] 图像预处理完成，原始尺寸: (2160, 3840)
2026-06-08 18:27:33 [INFO] 开始执行目标检测...
2026-06-08 18:27:33 [INFO] 检测完成，找到 3 个物体
2026-06-08 18:27:33 [INFO] 物体 1: GasCyl1 (置信度: 0.90)
2026-06-08 18:27:33 [INFO] 物体 2: GasCyl1 (置信度: 0.50)
2026-06-08 18:27:33 [INFO] 物体 3: FireExt1 (置信度: 0.35)
2026-06-08 18:27:33 [INFO] 检测到车兜区域，将过滤区域外的目标
2026-06-08 18:27:33 [INFO] 准备保存检测结果到: C:\code\show\Scrap_Steel_In_Field\photos\dangerous_det\detection_20260608_182733.jpg
2026-06-08 18:27:33 [INFO] 图像形状: (2160, 3840, 3)
2026-06-08 18:27:33 [INFO] 图像数据类型: uint8
2026-06-08 18:27:33 [INFO] 图像最大值: 255
2026-06-08 18:27:33 [INFO] 图像最小值: 0
2026-06-08 18:27:33 [INFO] 开始保存检测结果图像: 图像尺寸=(2160, 3840, 3), 类型=uint8, 路径=C:\code\show\Scrap_Steel_In_Field\photos\dangerous_det\detection_20260608_182733.jpg
2026-06-08 18:27:33 [INFO] 成功保存检测结果到: C:\code\show\Scrap_Steel_In_Field\photos\dangerous_det\detection_20260608_182733.jpg
2026-06-08 18:27:33 [INFO] 保存的检测结果文件大小: 2133847 字节
2026-06-08 18:27:33 [INFO] 引擎上下文已释放
2026-06-08 18:27:33 [INFO] TensorRT 引擎已释放
2026-06-08 18:27:33 [INFO] 全局 CUDA 资源已释放
2026-06-08 18:27:33 [INFO] 检测系统资源已释放
2026-06-08 18:27:38 [INFO] CUDA 初始化成功
2026-06-08 18:27:38 [INFO] 引擎加载成功: dangerous.engine
2026-06-08 18:27:38 [INFO] 检测系统初始化成功
2026-06-08 18:27:38 [INFO] 图像预处理完成，原始尺寸: (2160, 3840)
2026-06-08 18:27:38 [INFO] 开始执行目标检测...
2026-06-08 18:27:38 [INFO] 检测完成，找到 2 个物体
2026-06-08 18:27:38 [INFO] 物体 1: GasCyl1 (置信度: 0.89)
2026-06-08 18:27:38 [INFO] 物体 2: GasCyl1 (置信度: 0.47)
2026-06-08 18:27:38 [INFO] 检测到车兜区域，将过滤区域外的目标
2026-06-08 18:27:38 [INFO] 准备保存检测结果到: C:\code\show\Scrap_Steel_In_Field\photos\dangerous_det\detection_20260608_182738.jpg
2026-06-08 18:27:38 [INFO] 图像形状: (2160, 3840, 3)
2026-06-08 18:27:38 [INFO] 图像数据类型: uint8
2026-06-08 18:27:38 [INFO] 图像最大值: 255
2026-06-08 18:27:38 [INFO] 图像最小值: 0
2026-06-08 18:27:38 [INFO] 开始保存检测结果图像: 图像尺寸=(2160, 3840, 3), 类型=uint8, 路径=C:\code\show\Scrap_Steel_In_Field\photos\dangerous_det\detection_20260608_182738.jpg
2026-06-08 18:27:38 [INFO] 成功保存检测结果到: C:\code\show\Scrap_Steel_In_Field\photos\dangerous_det\detection_20260608_182738.jpg
2026-06-08 18:27:38 [INFO] 保存的检测结果文件大小: 2128011 字节
2026-06-08 18:27:38 [INFO] 引擎上下文已释放
2026-06-08 18:27:38 [INFO] TensorRT 引擎已释放
2026-06-08 18:27:38 [INFO] 全局 CUDA 资源已释放
2026-06-08 18:27:38 [INFO] 检测系统资源已释放
2026-06-08 18:27:44 [INFO] CUDA 初始化成功
2026-06-08 18:27:44 [INFO] 引擎加载成功: dangerous.engine
2026-06-08 18:27:44 [INFO] 检测系统初始化成功
2026-06-08 18:27:44 [INFO] 图像预处理完成，原始尺寸: (2160, 3840)
2026-06-08 18:27:44 [INFO] 开始执行目标检测...
2026-06-08 18:27:44 [INFO] 检测完成，找到 2 个物体
2026-06-08 18:27:44 [INFO] 物体 1: GasCyl1 (置信度: 0.90)
2026-06-08 18:27:44 [INFO] 物体 2: GasCyl1 (置信度: 0.47)
2026-06-08 18:27:44 [INFO] 检测到车兜区域，将过滤区域外的目标
2026-06-08 18:27:44 [INFO] 准备保存检测结果到: C:\code\show\Scrap_Steel_In_Field\photos\dangerous_det\detection_20260608_182744.jpg
2026-06-08 18:27:44 [INFO] 图像形状: (2160, 3840, 3)
2026-06-08 18:27:44 [INFO] 图像数据类型: uint8
2026-06-08 18:27:44 [INFO] 图像最大值: 255
2026-06-08 18:27:44 [INFO] 图像最小值: 0
2026-06-08 18:27:44 [INFO] 开始保存检测结果图像: 图像尺寸=(2160, 3840, 3), 类型=uint8, 路径=C:\code\show\Scrap_Steel_In_Field\photos\dangerous_det\detection_20260608_182744.jpg
2026-06-08 18:27:44 [INFO] 成功保存检测结果到: C:\code\show\Scrap_Steel_In_Field\photos\dangerous_det\detection_20260608_182744.jpg
2026-06-08 18:27:44 [INFO] 保存的检测结果文件大小: 2129230 字节
2026-06-08 18:27:44 [INFO] 引擎上下文已释放
2026-06-08 18:27:44 [INFO] TensorRT 引擎已释放
2026-06-08 18:27:44 [INFO] 全局 CUDA 资源已释放
2026-06-08 18:27:44 [INFO] 检测系统资源已释放
2026-06-08 18:27:49 [INFO] CUDA 初始化成功
2026-06-08 18:27:49 [INFO] 引擎加载成功: dangerous.engine
2026-06-08 18:27:49 [INFO] 检测系统初始化成功
2026-06-08 18:27:49 [INFO] 图像预处理完成，原始尺寸: (2160, 3840)
2026-06-08 18:27:49 [INFO] 开始执行目标检测...
2026-06-08 18:27:49 [INFO] 检测完成，找到 1 个物体
2026-06-08 18:27:49 [INFO] 物体 1: GasCyl1 (置信度: 0.89)
2026-06-08 18:27:49 [INFO] 检测到车兜区域，将过滤区域外的目标
2026-06-08 18:27:49 [INFO] 准备保存检测结果到: C:\code\show\Scrap_Steel_In_Field\photos\dangerous_det\detection_20260608_182749.jpg
2026-06-08 18:27:49 [INFO] 图像形状: (2160, 3840, 3)
2026-06-08 18:27:49 [INFO] 图像数据类型: uint8
2026-06-08 18:27:49 [INFO] 图像最大值: 255
2026-06-08 18:27:49 [INFO] 图像最小值: 0
2026-06-08 18:27:49 [INFO] 开始保存检测结果图像: 图像尺寸=(2160, 3840, 3), 类型=uint8, 路径=C:\code\show\Scrap_Steel_In_Field\photos\dangerous_det\detection_20260608_182749.jpg
2026-06-08 18:27:49 [INFO] 成功保存检测结果到: C:\code\show\Scrap_Steel_In_Field\photos\dangerous_det\detection_20260608_182749.jpg
2026-06-08 18:27:49 [INFO] 保存的检测结果文件大小: 2124372 字节
2026-06-08 18:27:49 [INFO] 引擎上下文已释放
2026-06-08 18:27:49 [INFO] TensorRT 引擎已释放
2026-06-08 18:27:49 [INFO] 全局 CUDA 资源已释放
2026-06-08 18:27:49 [INFO] 检测系统资源已释放
2026-06-08 18:27:54 [INFO] CUDA 初始化成功
2026-06-08 18:27:54 [INFO] 引擎加载成功: dangerous.engine
2026-06-08 18:27:54 [INFO] 检测系统初始化成功
2026-06-08 18:27:54 [INFO] 图像预处理完成，原始尺寸: (2160, 3840)
2026-06-08 18:27:54 [INFO] 开始执行目标检测...
2026-06-08 18:27:54 [INFO] 检测完成，找到 1 个物体
2026-06-08 18:27:54 [INFO] 物体 1: GasCyl1 (置信度: 0.90)
2026-06-08 18:27:54 [INFO] 检测到车兜区域，将过滤区域外的目标
2026-06-08 18:27:54 [INFO] 准备保存检测结果到: C:\code\show\Scrap_Steel_In_Field\photos\dangerous_det\detection_20260608_182754.jpg
2026-06-08 18:27:54 [INFO] 图像形状: (2160, 3840, 3)
2026-06-08 18:27:54 [INFO] 图像数据类型: uint8
2026-06-08 18:27:54 [INFO] 图像最大值: 255
2026-06-08 18:27:54 [INFO] 图像最小值: 0
2026-06-08 18:27:54 [INFO] 开始保存检测结果图像: 图像尺寸=(2160, 3840, 3), 类型=uint8, 路径=C:\code\show\Scrap_Steel_In_Field\photos\dangerous_det\detection_20260608_182754.jpg
2026-06-08 18:27:54 [INFO] 成功保存检测结果到: C:\code\show\Scrap_Steel_In_Field\photos\dangerous_det\detection_20260608_182754.jpg
2026-06-08 18:27:54 [INFO] 保存的检测结果文件大小: 2124523 字节
2026-06-08 18:27:54 [INFO] 引擎上下文已释放
2026-06-08 18:27:54 [INFO] TensorRT 引擎已释放
2026-06-08 18:27:54 [INFO] 全局 CUDA 资源已释放
2026-06-08 18:27:54 [INFO] 检测系统资源已释放
2026-06-08 18:27:59 [INFO] CUDA 初始化成功
2026-06-08 18:27:59 [INFO] 引擎加载成功: dangerous.engine
2026-06-08 18:27:59 [INFO] 检测系统初始化成功
2026-06-08 18:27:59 [INFO] 图像预处理完成，原始尺寸: (2160, 3840)
2026-06-08 18:27:59 [INFO] 开始执行目标检测...
2026-06-08 18:27:59 [INFO] 检测完成，找到 2 个物体
2026-06-08 18:27:59 [INFO] 物体 1: GasCyl1 (置信度: 0.90)
2026-06-08 18:27:59 [INFO] 物体 2: GasCyl1 (置信度: 0.38)
2026-06-08 18:27:59 [INFO] 检测到车兜区域，将过滤区域外的目标
2026-06-08 18:27:59 [INFO] 准备保存检测结果到: C:\code\show\Scrap_Steel_In_Field\photos\dangerous_det\detection_20260608_182759.jpg
2026-06-08 18:27:59 [INFO] 图像形状: (2160, 3840, 3)
2026-06-08 18:27:59 [INFO] 图像数据类型: uint8
2026-06-08 18:27:59 [INFO] 图像最大值: 255
2026-06-08 18:27:59 [INFO] 图像最小值: 0
2026-06-08 18:27:59 [INFO] 开始保存检测结果图像: 图像尺寸=(2160, 3840, 3), 类型=uint8, 路径=C:\code\show\Scrap_Steel_In_Field\photos\dangerous_det\detection_20260608_182759.jpg
2026-06-08 18:27:59 [INFO] 成功保存检测结果到: C:\code\show\Scrap_Steel_In_Field\photos\dangerous_det\detection_20260608_182759.jpg
2026-06-08 18:27:59 [INFO] 保存的检测结果文件大小: 2116740 字节
2026-06-08 18:27:59 [INFO] 引擎上下文已释放
2026-06-08 18:27:59 [INFO] TensorRT 引擎已释放
2026-06-08 18:27:59 [INFO] 全局 CUDA 资源已释放
2026-06-08 18:27:59 [INFO] 检测系统资源已释放
2026-06-08 18:28:04 [INFO] CUDA 初始化成功
2026-06-08 18:28:04 [INFO] 引擎加载成功: dangerous.engine
2026-06-08 18:28:04 [INFO] 检测系统初始化成功
2026-06-08 18:28:04 [INFO] 图像预处理完成，原始尺寸: (2160, 3840)
2026-06-08 18:28:04 [INFO] 开始执行目标检测...
2026-06-08 18:28:04 [INFO] 检测完成，找到 2 个物体
2026-06-08 18:28:04 [INFO] 物体 1: GasCyl1 (置信度: 0.89)
2026-06-08 18:28:04 [INFO] 物体 2: GasCyl1 (置信度: 0.35)
2026-06-08 18:28:04 [INFO] 检测到车兜区域，将过滤区域外的目标
2026-06-08 18:28:04 [INFO] 准备保存检测结果到: C:\code\show\Scrap_Steel_In_Field\photos\dangerous_det\detection_20260608_182804.jpg
2026-06-08 18:28:04 [INFO] 图像形状: (2160, 3840, 3)
2026-06-08 18:28:04 [INFO] 图像数据类型: uint8
2026-06-08 18:28:04 [INFO] 图像最大值: 255
2026-06-08 18:28:04 [INFO] 图像最小值: 0
2026-06-08 18:28:04 [INFO] 开始保存检测结果图像: 图像尺寸=(2160, 3840, 3), 类型=uint8, 路径=C:\code\show\Scrap_Steel_In_Field\photos\dangerous_det\detection_20260608_182804.jpg
2026-06-08 18:28:04 [INFO] 成功保存检测结果到: C:\code\show\Scrap_Steel_In_Field\photos\dangerous_det\detection_20260608_182804.jpg
2026-06-08 18:28:04 [INFO] 保存的检测结果文件大小: 2129670 字节
2026-06-08 18:28:04 [INFO] 引擎上下文已释放
2026-06-08 18:28:04 [INFO] TensorRT 引擎已释放
2026-06-08 18:28:04 [INFO] 全局 CUDA 资源已释放
2026-06-08 18:28:04 [INFO] 检测系统资源已释放
2026-06-08 18:28:12 [INFO] CUDA 初始化成功
2026-06-08 18:28:12 [INFO] 引擎加载成功: dangerous.engine
2026-06-08 18:28:12 [INFO] 检测系统初始化成功
2026-06-08 18:28:12 [INFO] 图像预处理完成，原始尺寸: (2160, 3840)
2026-06-08 18:28:12 [INFO] 开始执行目标检测...
2026-06-08 18:28:12 [INFO] 检测完成，找到 1 个物体
2026-06-08 18:28:12 [INFO] 物体 1: GasCyl1 (置信度: 0.90)
2026-06-08 18:28:12 [INFO] 检测到车兜区域，将过滤区域外的目标
2026-06-08 18:28:12 [INFO] 准备保存检测结果到: C:\code\show\Scrap_Steel_In_Field\photos\dangerous_det\detection_20260608_182812.jpg
2026-06-08 18:28:12 [INFO] 图像形状: (2160, 3840, 3)
2026-06-08 18:28:12 [INFO] 图像数据类型: uint8
2026-06-08 18:28:12 [INFO] 图像最大值: 255
2026-06-08 18:28:12 [INFO] 图像最小值: 0
2026-06-08 18:28:12 [INFO] 开始保存检测结果图像: 图像尺寸=(2160, 3840, 3), 类型=uint8, 路径=C:\code\show\Scrap_Steel_In_Field\photos\dangerous_det\detection_20260608_182812.jpg
2026-06-08 18:28:12 [INFO] 成功保存检测结果到: C:\code\show\Scrap_Steel_In_Field\photos\dangerous_det\detection_20260608_182812.jpg
2026-06-08 18:28:12 [INFO] 保存的检测结果文件大小: 2127047 字节
2026-06-08 18:28:12 [INFO] 引擎上下文已释放
2026-06-08 18:28:12 [INFO] TensorRT 引擎已释放
2026-06-08 18:28:12 [INFO] 全局 CUDA 资源已释放
2026-06-08 18:28:12 [INFO] 检测系统资源已释放
2026-06-08 18:28:17 [INFO] CUDA 初始化成功
2026-06-08 18:28:17 [INFO] 引擎加载成功: dangerous.engine
2026-06-08 18:28:17 [INFO] 检测系统初始化成功
2026-06-08 18:28:17 [INFO] 图像预处理完成，原始尺寸: (2160, 3840)
2026-06-08 18:28:17 [INFO] 开始执行目标检测...
2026-06-08 18:28:17 [INFO] 检测完成，找到 2 个物体
2026-06-08 18:28:17 [INFO] 物体 1: GasCyl1 (置信度: 0.88)
2026-06-08 18:28:17 [INFO] 物体 2: GasCyl1 (置信度: 0.41)
2026-06-08 18:28:17 [INFO] 检测到车兜区域，将过滤区域外的目标
2026-06-08 18:28:17 [INFO] 准备保存检测结果到: C:\code\show\Scrap_Steel_In_Field\photos\dangerous_det\detection_20260608_182817.jpg
2026-06-08 18:28:17 [INFO] 图像形状: (2160, 3840, 3)
2026-06-08 18:28:17 [INFO] 图像数据类型: uint8
2026-06-08 18:28:17 [INFO] 图像最大值: 255
2026-06-08 18:28:17 [INFO] 图像最小值: 0
2026-06-08 18:28:17 [INFO] 开始保存检测结果图像: 图像尺寸=(2160, 3840, 3), 类型=uint8, 路径=C:\code\show\Scrap_Steel_In_Field\photos\dangerous_det\detection_20260608_182817.jpg
2026-06-08 18:28:17 [INFO] 成功保存检测结果到: C:\code\show\Scrap_Steel_In_Field\photos\dangerous_det\detection_20260608_182817.jpg
2026-06-08 18:28:17 [INFO] 保存的检测结果文件大小: 2120701 字节
2026-06-08 18:28:17 [INFO] 引擎上下文已释放
2026-06-08 18:28:17 [INFO] TensorRT 引擎已释放
2026-06-08 18:28:17 [INFO] 全局 CUDA 资源已释放
2026-06-08 18:28:17 [INFO] 检测系统资源已释放
2026-06-08 18:28:22 [INFO] CUDA 初始化成功
2026-06-08 18:28:22 [INFO] 引擎加载成功: dangerous.engine
2026-06-08 18:28:22 [INFO] 检测系统初始化成功
2026-06-08 18:28:22 [INFO] 图像预处理完成，原始尺寸: (2160, 3840)
2026-06-08 18:28:22 [INFO] 开始执行目标检测...
2026-06-08 18:28:22 [INFO] 检测完成，找到 2 个物体
2026-06-08 18:28:22 [INFO] 物体 1: GasCyl1 (置信度: 0.90)
2026-06-08 18:28:22 [INFO] 物体 2: GasCyl1 (置信度: 0.41)
2026-06-08 18:28:22 [INFO] 检测到车兜区域，将过滤区域外的目标
2026-06-08 18:28:22 [INFO] 准备保存检测结果到: C:\code\show\Scrap_Steel_In_Field\photos\dangerous_det\detection_20260608_182822.jpg
2026-06-08 18:28:22 [INFO] 图像形状: (2160, 3840, 3)
2026-06-08 18:28:22 [INFO] 图像数据类型: uint8
2026-06-08 18:28:22 [INFO] 图像最大值: 255
2026-06-08 18:28:22 [INFO] 图像最小值: 0
2026-06-08 18:28:22 [INFO] 开始保存检测结果图像: 图像尺寸=(2160, 3840, 3), 类型=uint8, 路径=C:\code\show\Scrap_Steel_In_Field\photos\dangerous_det\detection_20260608_182822.jpg
2026-06-08 18:28:22 [INFO] 成功保存检测结果到: C:\code\show\Scrap_Steel_In_Field\photos\dangerous_det\detection_20260608_182822.jpg
2026-06-08 18:28:22 [INFO] 保存的检测结果文件大小: 2112234 字节
2026-06-08 18:28:22 [INFO] 引擎上下文已释放
2026-06-08 18:28:22 [INFO] TensorRT 引擎已释放
2026-06-08 18:28:22 [INFO] 全局 CUDA 资源已释放
2026-06-08 18:28:22 [INFO] 检测系统资源已释放
2026-06-08 18:28:27 [INFO] CUDA 初始化成功
2026-06-08 18:28:27 [INFO] 引擎加载成功: dangerous.engine
2026-06-08 18:28:27 [INFO] 检测系统初始化成功
2026-06-08 18:28:27 [INFO] 图像预处理完成，原始尺寸: (2160, 3840)
2026-06-08 18:28:27 [INFO] 开始执行目标检测...
2026-06-08 18:28:28 [INFO] 检测完成，找到 2 个物体
2026-06-08 18:28:28 [INFO] 物体 1: GasCyl1 (置信度: 0.90)
2026-06-08 18:28:28 [INFO] 物体 2: GasCyl1 (置信度: 0.47)
2026-06-08 18:28:28 [INFO] 检测到车兜区域，将过滤区域外的目标
2026-06-08 18:28:28 [INFO] 准备保存检测结果到: C:\code\show\Scrap_Steel_In_Field\photos\dangerous_det\detection_20260608_182828.jpg
2026-06-08 18:28:28 [INFO] 图像形状: (2160, 3840, 3)
2026-06-08 18:28:28 [INFO] 图像数据类型: uint8
2026-06-08 18:28:28 [INFO] 图像最大值: 255
2026-06-08 18:28:28 [INFO] 图像最小值: 0
2026-06-08 18:28:28 [INFO] 开始保存检测结果图像: 图像尺寸=(2160, 3840, 3), 类型=uint8, 路径=C:\code\show\Scrap_Steel_In_Field\photos\dangerous_det\detection_20260608_182828.jpg
2026-06-08 18:28:28 [INFO] 成功保存检测结果到: C:\code\show\Scrap_Steel_In_Field\photos\dangerous_det\detection_20260608_182828.jpg
2026-06-08 18:28:28 [INFO] 保存的检测结果文件大小: 2127281 字节
2026-06-08 18:28:28 [INFO] 引擎上下文已释放
2026-06-08 18:28:28 [INFO] TensorRT 引擎已释放
2026-06-08 18:28:28 [INFO] 全局 CUDA 资源已释放
2026-06-08 18:28:28 [INFO] 检测系统资源已释放
2026-06-08 18:28:33 [INFO] CUDA 初始化成功
2026-06-08 18:28:33 [INFO] 引擎加载成功: dangerous.engine
2026-06-08 18:28:33 [INFO] 检测系统初始化成功
2026-06-08 18:28:33 [INFO] 图像预处理完成，原始尺寸: (2160, 3840)
2026-06-08 18:28:33 [INFO] 开始执行目标检测...
2026-06-08 18:28:33 [INFO] 检测完成，找到 2 个物体
2026-06-08 18:28:33 [INFO] 物体 1: GasCyl1 (置信度: 0.91)
2026-06-08 18:28:33 [INFO] 物体 2: GasCyl1 (置信度: 0.42)
2026-06-08 18:28:33 [INFO] 检测到车兜区域，将过滤区域外的目标
2026-06-08 18:28:33 [INFO] 准备保存检测结果到: C:\code\show\Scrap_Steel_In_Field\photos\dangerous_det\detection_20260608_182833.jpg
2026-06-08 18:28:33 [INFO] 图像形状: (2160, 3840, 3)
2026-06-08 18:28:33 [INFO] 图像数据类型: uint8
2026-06-08 18:28:33 [INFO] 图像最大值: 255
2026-06-08 18:28:33 [INFO] 图像最小值: 0
2026-06-08 18:28:33 [INFO] 开始保存检测结果图像: 图像尺寸=(2160, 3840, 3), 类型=uint8, 路径=C:\code\show\Scrap_Steel_In_Field\photos\dangerous_det\detection_20260608_182833.jpg
2026-06-08 18:28:33 [INFO] 成功保存检测结果到: C:\code\show\Scrap_Steel_In_Field\photos\dangerous_det\detection_20260608_182833.jpg
2026-06-08 18:28:33 [INFO] 保存的检测结果文件大小: 2125056 字节
2026-06-08 18:28:33 [INFO] 引擎上下文已释放
2026-06-08 18:28:33 [INFO] TensorRT 引擎已释放
2026-06-08 18:28:33 [INFO] 全局 CUDA 资源已释放
2026-06-08 18:28:33 [INFO] 检测系统资源已释放
2026-06-08 18:28:38 [INFO] CUDA 初始化成功
2026-06-08 18:28:38 [INFO] 引擎加载成功: dangerous.engine
2026-06-08 18:28:38 [INFO] 检测系统初始化成功
2026-06-08 18:28:38 [INFO] 图像预处理完成，原始尺寸: (2160, 3840)
2026-06-08 18:28:38 [INFO] 开始执行目标检测...
2026-06-08 18:28:39 [INFO] 检测完成，找到 2 个物体
2026-06-08 18:28:39 [INFO] 物体 1: GasCyl1 (置信度: 0.89)
2026-06-08 18:28:39 [INFO] 物体 2: GasCyl1 (置信度: 0.35)
2026-06-08 18:28:39 [INFO] 检测到车兜区域，将过滤区域外的目标
2026-06-08 18:28:39 [INFO] 准备保存检测结果到: C:\code\show\Scrap_Steel_In_Field\photos\dangerous_det\detection_20260608_182839.jpg
2026-06-08 18:28:39 [INFO] 图像形状: (2160, 3840, 3)
2026-06-08 18:28:39 [INFO] 图像数据类型: uint8
2026-06-08 18:28:39 [INFO] 图像最大值: 255
2026-06-08 18:28:39 [INFO] 图像最小值: 0
2026-06-08 18:28:39 [INFO] 开始保存检测结果图像: 图像尺寸=(2160, 3840, 3), 类型=uint8, 路径=C:\code\show\Scrap_Steel_In_Field\photos\dangerous_det\detection_20260608_182839.jpg
2026-06-08 18:28:39 [INFO] 成功保存检测结果到: C:\code\show\Scrap_Steel_In_Field\photos\dangerous_det\detection_20260608_182839.jpg
2026-06-08 18:28:39 [INFO] 保存的检测结果文件大小: 2099689 字节
2026-06-08 18:28:39 [INFO] 引擎上下文已释放
2026-06-08 18:28:39 [INFO] TensorRT 引擎已释放
2026-06-08 18:28:39 [INFO] 全局 CUDA 资源已释放
2026-06-08 18:28:39 [INFO] 检测系统资源已释放
2026-06-08 18:28:43 [INFO] CUDA 初始化成功
2026-06-08 18:28:43 [INFO] 引擎加载成功: dangerous.engine
2026-06-08 18:28:43 [INFO] 检测系统初始化成功
2026-06-08 18:28:43 [INFO] 图像预处理完成，原始尺寸: (2160, 3840)
2026-06-08 18:28:43 [INFO] 开始执行目标检测...
2026-06-08 18:28:43 [INFO] 检测完成，找到 2 个物体
2026-06-08 18:28:43 [INFO] 物体 1: GasCyl1 (置信度: 0.90)
2026-06-08 18:28:43 [INFO] 物体 2: GasCyl1 (置信度: 0.47)
2026-06-08 18:28:43 [INFO] 检测到车兜区域，将过滤区域外的目标
2026-06-08 18:28:43 [INFO] 准备保存检测结果到: C:\code\show\Scrap_Steel_In_Field\photos\dangerous_det\detection_20260608_182843.jpg
2026-06-08 18:28:43 [INFO] 图像形状: (2160, 3840, 3)
2026-06-08 18:28:43 [INFO] 图像数据类型: uint8
2026-06-08 18:28:43 [INFO] 图像最大值: 255
2026-06-08 18:28:43 [INFO] 图像最小值: 0
2026-06-08 18:28:43 [INFO] 开始保存检测结果图像: 图像尺寸=(2160, 3840, 3), 类型=uint8, 路径=C:\code\show\Scrap_Steel_In_Field\photos\dangerous_det\detection_20260608_182843.jpg
2026-06-08 18:28:43 [INFO] 成功保存检测结果到: C:\code\show\Scrap_Steel_In_Field\photos\dangerous_det\detection_20260608_182843.jpg
2026-06-08 18:28:43 [INFO] 保存的检测结果文件大小: 2121157 字节
2026-06-08 18:28:43 [INFO] 引擎上下文已释放
2026-06-08 18:28:43 [INFO] TensorRT 引擎已释放
2026-06-08 18:28:43 [INFO] 全局 CUDA 资源已释放
2026-06-08 18:28:43 [INFO] 检测系统资源已释放
