2026-06-04 17:43:49 [INFO] CUDA 初始化成功
2026-06-04 17:43:49 [INFO] 引擎加载成功: dangerous.engine
2026-06-04 17:43:49 [INFO] 检测系统初始化成功
2026-06-04 17:43:52 [INFO] 引擎加载成功: dangerous.engine
2026-06-04 17:43:52 [INFO] 检测系统初始化成功
2026-06-04 17:43:52 [INFO] 图像预处理完成，原始尺寸: (2160, 3840)
2026-06-04 17:43:52 [INFO] 开始执行目标检测...
2026-06-04 17:43:52 [INFO] 检测完成，找到 0 个物体
2026-06-04 17:43:52 [INFO] 引擎上下文已释放
2026-06-04 17:43:52 [INFO] TensorRT 引擎已释放
2026-06-04 17:43:52 [INFO] 全局 CUDA 资源已释放
2026-06-04 17:43:52 [INFO] 检测系统资源已释放
2026-06-04 17:43:57 [INFO] CUDA 初始化成功
2026-06-04 17:43:57 [INFO] 引擎加载成功: dangerous.engine
2026-06-04 17:43:57 [INFO] 检测系统初始化成功
2026-06-04 17:43:57 [INFO] 图像预处理完成，原始尺寸: (2160, 3840)
2026-06-04 17:43:57 [INFO] 开始执行目标检测...
2026-06-04 17:43:57 [INFO] 检测完成，找到 3 个物体
2026-06-04 17:43:57 [INFO] 物体 1: GasCyl1 (置信度: 0.86)
2026-06-04 17:43:57 [INFO] 物体 2: GasCyl1 (置信度: 0.82)
2026-06-04 17:43:57 [INFO] 物体 3: FireExt1 (置信度: 0.44)
2026-06-04 17:43:58 [INFO] 准备保存检测结果到: C:\code\show\Scrap_Steel_In_Field\photos\dangerous_det\detection_20260604_174358.jpg
2026-06-04 17:43:58 [INFO] 图像形状: (2160, 3840, 3)
2026-06-04 17:43:58 [INFO] 图像数据类型: uint8
2026-06-04 17:43:58 [INFO] 图像最大值: 255
2026-06-04 17:43:58 [INFO] 图像最小值: 0
2026-06-04 17:43:58 [INFO] 开始保存检测结果图像: 图像尺寸=(2160, 3840, 3), 类型=uint8, 路径=C:\code\show\Scrap_Steel_In_Field\photos\dangerous_det\detection_20260604_174358.jpg
2026-06-04 17:43:58 [INFO] 成功保存检测结果到: C:\code\show\Scrap_Steel_In_Field\photos\dangerous_det\detection_20260604_174358.jpg
2026-06-04 17:43:58 [INFO] 保存的检测结果文件大小: 1824229 字节
2026-06-04 17:43:58 [INFO] 引擎上下文已释放
2026-06-04 17:43:58 [INFO] TensorRT 引擎已释放
2026-06-04 17:43:58 [INFO] 全局 CUDA 资源已释放
2026-06-04 17:43:58 [INFO] 检测系统资源已释放
2026-06-04 17:44:05 [INFO] CUDA 初始化成功
2026-06-04 17:44:05 [INFO] 引擎加载成功: dangerous.engine
2026-06-04 17:44:05 [INFO] 检测系统初始化成功
2026-06-04 17:44:05 [INFO] 图像预处理完成，原始尺寸: (2160, 3840)
2026-06-04 17:44:05 [INFO] 开始执行目标检测...
2026-06-04 17:44:05 [INFO] 检测完成，找到 2 个物体
2026-06-04 17:44:05 [INFO] 物体 1: GasCyl1 (置信度: 0.87)
2026-06-04 17:44:05 [INFO] 物体 2: GasCyl1 (置信度: 0.80)
2026-06-04 17:44:05 [INFO] 准备保存检测结果到: C:\code\show\Scrap_Steel_In_Field\photos\dangerous_det\detection_20260604_174405.jpg
2026-06-04 17:44:05 [INFO] 图像形状: (2160, 3840, 3)
2026-06-04 17:44:05 [INFO] 图像数据类型: uint8
2026-06-04 17:44:05 [INFO] 图像最大值: 255
2026-06-04 17:44:05 [INFO] 图像最小值: 0
2026-06-04 17:44:05 [INFO] 开始保存检测结果图像: 图像尺寸=(2160, 3840, 3), 类型=uint8, 路径=C:\code\show\Scrap_Steel_In_Field\photos\dangerous_det\detection_20260604_174405.jpg
2026-06-04 17:44:05 [INFO] 成功保存检测结果到: C:\code\show\Scrap_Steel_In_Field\photos\dangerous_det\detection_20260604_174405.jpg
2026-06-04 17:44:05 [INFO] 保存的检测结果文件大小: 1821320 字节
2026-06-04 17:44:05 [INFO] 引擎上下文已释放
2026-06-04 17:44:05 [INFO] TensorRT 引擎已释放
2026-06-04 17:44:05 [INFO] 全局 CUDA 资源已释放
2026-06-04 17:44:05 [INFO] 检测系统资源已释放
2026-06-04 17:44:09 [INFO] CUDA 初始化成功
2026-06-04 17:44:09 [INFO] 引擎加载成功: dangerous.engine
2026-06-04 17:44:09 [INFO] 检测系统初始化成功
2026-06-04 17:44:09 [INFO] 图像预处理完成，原始尺寸: (2160, 3840)
2026-06-04 17:44:09 [INFO] 开始执行目标检测...
2026-06-04 17:44:09 [INFO] 检测完成，找到 2 个物体
2026-06-04 17:44:09 [INFO] 物体 1: GasCyl1 (置信度: 0.87)
2026-06-04 17:44:09 [INFO] 物体 2: GasCyl1 (置信度: 0.72)
2026-06-04 17:44:09 [INFO] 准备保存检测结果到: C:\code\show\Scrap_Steel_In_Field\photos\dangerous_det\detection_20260604_174409.jpg
2026-06-04 17:44:09 [INFO] 图像形状: (2160, 3840, 3)
2026-06-04 17:44:09 [INFO] 图像数据类型: uint8
2026-06-04 17:44:09 [INFO] 图像最大值: 255
2026-06-04 17:44:09 [INFO] 图像最小值: 0
2026-06-04 17:44:09 [INFO] 开始保存检测结果图像: 图像尺寸=(2160, 3840, 3), 类型=uint8, 路径=C:\code\show\Scrap_Steel_In_Field\photos\dangerous_det\detection_20260604_174409.jpg
2026-06-04 17:44:09 [INFO] 成功保存检测结果到: C:\code\show\Scrap_Steel_In_Field\photos\dangerous_det\detection_20260604_174409.jpg
2026-06-04 17:44:09 [INFO] 保存的检测结果文件大小: 1820261 字节
2026-06-04 17:44:09 [INFO] 引擎上下文已释放
2026-06-04 17:44:09 [INFO] TensorRT 引擎已释放
2026-06-04 17:44:09 [INFO] 全局 CUDA 资源已释放
2026-06-04 17:44:09 [INFO] 检测系统资源已释放
2026-06-04 17:44:14 [INFO] CUDA 初始化成功
2026-06-04 17:44:14 [INFO] 引擎加载成功: dangerous.engine
2026-06-04 17:44:14 [INFO] 检测系统初始化成功
2026-06-04 17:44:15 [INFO] 图像预处理完成，原始尺寸: (2160, 3840)
2026-06-04 17:44:15 [INFO] 开始执行目标检测...
2026-06-04 17:44:15 [INFO] 检测完成，找到 3 个物体
2026-06-04 17:44:15 [INFO] 物体 1: GasCyl1 (置信度: 0.86)
2026-06-04 17:44:15 [INFO] 物体 2: GasCyl1 (置信度: 0.79)
2026-06-04 17:44:15 [INFO] 物体 3: FireExt1 (置信度: 0.38)
2026-06-04 17:44:15 [INFO] 准备保存检测结果到: C:\code\show\Scrap_Steel_In_Field\photos\dangerous_det\detection_20260604_174415.jpg
2026-06-04 17:44:15 [INFO] 图像形状: (2160, 3840, 3)
2026-06-04 17:44:15 [INFO] 图像数据类型: uint8
2026-06-04 17:44:15 [INFO] 图像最大值: 255
2026-06-04 17:44:15 [INFO] 图像最小值: 0
2026-06-04 17:44:15 [INFO] 开始保存检测结果图像: 图像尺寸=(2160, 3840, 3), 类型=uint8, 路径=C:\code\show\Scrap_Steel_In_Field\photos\dangerous_det\detection_20260604_174415.jpg
2026-06-04 17:44:15 [INFO] 成功保存检测结果到: C:\code\show\Scrap_Steel_In_Field\photos\dangerous_det\detection_20260604_174415.jpg
2026-06-04 17:44:15 [INFO] 保存的检测结果文件大小: 1824821 字节
2026-06-04 17:44:15 [INFO] 引擎上下文已释放
2026-06-04 17:44:15 [INFO] TensorRT 引擎已释放
2026-06-04 17:44:15 [INFO] 全局 CUDA 资源已释放
2026-06-04 17:44:15 [INFO] 检测系统资源已释放
2026-06-04 17:44:19 [INFO] CUDA 初始化成功
2026-06-04 17:44:20 [INFO] 引擎加载成功: dangerous.engine
2026-06-04 17:44:20 [INFO] 检测系统初始化成功
2026-06-04 17:44:20 [INFO] 图像预处理完成，原始尺寸: (2160, 3840)
2026-06-04 17:44:20 [INFO] 开始执行目标检测...
2026-06-04 17:44:20 [INFO] 检测完成，找到 3 个物体
2026-06-04 17:44:20 [INFO] 物体 1: GasCyl1 (置信度: 0.89)
2026-06-04 17:44:20 [INFO] 物体 2: GasCyl1 (置信度: 0.80)
2026-06-04 17:44:20 [INFO] 物体 3: GasCyl1 (置信度: 0.56)
2026-06-04 17:44:20 [INFO] 准备保存检测结果到: C:\code\show\Scrap_Steel_In_Field\photos\dangerous_det\detection_20260604_174420.jpg
2026-06-04 17:44:20 [INFO] 图像形状: (2160, 3840, 3)
2026-06-04 17:44:20 [INFO] 图像数据类型: uint8
2026-06-04 17:44:20 [INFO] 图像最大值: 255
2026-06-04 17:44:20 [INFO] 图像最小值: 0
2026-06-04 17:44:20 [INFO] 开始保存检测结果图像: 图像尺寸=(2160, 3840, 3), 类型=uint8, 路径=C:\code\show\Scrap_Steel_In_Field\photos\dangerous_det\detection_20260604_174420.jpg
2026-06-04 17:44:20 [INFO] 成功保存检测结果到: C:\code\show\Scrap_Steel_In_Field\photos\dangerous_det\detection_20260604_174420.jpg
2026-06-04 17:44:20 [INFO] 保存的检测结果文件大小: 1682840 字节
2026-06-04 17:44:20 [INFO] 引擎上下文已释放
2026-06-04 17:44:20 [INFO] TensorRT 引擎已释放
2026-06-04 17:44:20 [INFO] 全局 CUDA 资源已释放
2026-06-04 17:44:20 [INFO] 检测系统资源已释放
2026-06-04 17:44:25 [INFO] CUDA 初始化成功
2026-06-04 17:44:25 [INFO] 引擎加载成功: dangerous.engine
2026-06-04 17:44:25 [INFO] 检测系统初始化成功
2026-06-04 17:44:25 [INFO] 图像预处理完成，原始尺寸: (2160, 3840)
2026-06-04 17:44:25 [INFO] 开始执行目标检测...
2026-06-04 17:44:25 [INFO] 检测完成，找到 4 个物体
2026-06-04 17:44:25 [INFO] 物体 1: GasCyl1 (置信度: 0.88)
2026-06-04 17:44:25 [INFO] 物体 2: GasCyl1 (置信度: 0.86)
2026-06-04 17:44:25 [INFO] 物体 3: GasCyl1 (置信度: 0.56)
2026-06-04 17:44:25 [INFO] 物体 4: FireExt1 (置信度: 0.42)
2026-06-04 17:44:25 [INFO] 检测到车兜区域，将过滤区域外的目标
2026-06-04 17:44:25 [INFO] 准备保存检测结果到: C:\code\show\Scrap_Steel_In_Field\photos\dangerous_det\detection_20260604_174425.jpg
2026-06-04 17:44:25 [INFO] 图像形状: (2160, 3840, 3)
2026-06-04 17:44:25 [INFO] 图像数据类型: uint8
2026-06-04 17:44:25 [INFO] 图像最大值: 255
2026-06-04 17:44:25 [INFO] 图像最小值: 0
2026-06-04 17:44:25 [INFO] 开始保存检测结果图像: 图像尺寸=(2160, 3840, 3), 类型=uint8, 路径=C:\code\show\Scrap_Steel_In_Field\photos\dangerous_det\detection_20260604_174425.jpg
2026-06-04 17:44:25 [INFO] 成功保存检测结果到: C:\code\show\Scrap_Steel_In_Field\photos\dangerous_det\detection_20260604_174425.jpg
2026-06-04 17:44:25 [INFO] 保存的检测结果文件大小: 1803093 字节
2026-06-04 17:44:25 [INFO] 引擎上下文已释放
2026-06-04 17:44:25 [INFO] TensorRT 引擎已释放
2026-06-04 17:44:25 [INFO] 全局 CUDA 资源已释放
2026-06-04 17:44:25 [INFO] 检测系统资源已释放
2026-06-04 17:44:30 [INFO] CUDA 初始化成功
2026-06-04 17:44:30 [INFO] 引擎加载成功: dangerous.engine
2026-06-04 17:44:30 [INFO] 检测系统初始化成功
2026-06-04 17:44:30 [INFO] 图像预处理完成，原始尺寸: (2160, 3840)
2026-06-04 17:44:30 [INFO] 开始执行目标检测...
2026-06-04 17:44:30 [INFO] 检测完成，找到 4 个物体
2026-06-04 17:44:30 [INFO] 物体 1: GasCyl1 (置信度: 0.88)
2026-06-04 17:44:30 [INFO] 物体 2: GasCyl1 (置信度: 0.84)
2026-06-04 17:44:30 [INFO] 物体 3: GasCyl1 (置信度: 0.52)
2026-06-04 17:44:30 [INFO] 物体 4: FireExt1 (置信度: 0.39)
2026-06-04 17:44:30 [INFO] 检测到车兜区域，将过滤区域外的目标
2026-06-04 17:44:30 [INFO] 准备保存检测结果到: C:\code\show\Scrap_Steel_In_Field\photos\dangerous_det\detection_20260604_174430.jpg
2026-06-04 17:44:30 [INFO] 图像形状: (2160, 3840, 3)
2026-06-04 17:44:30 [INFO] 图像数据类型: uint8
2026-06-04 17:44:30 [INFO] 图像最大值: 255
2026-06-04 17:44:30 [INFO] 图像最小值: 0
2026-06-04 17:44:30 [INFO] 开始保存检测结果图像: 图像尺寸=(2160, 3840, 3), 类型=uint8, 路径=C:\code\show\Scrap_Steel_In_Field\photos\dangerous_det\detection_20260604_174430.jpg
2026-06-04 17:44:30 [INFO] 成功保存检测结果到: C:\code\show\Scrap_Steel_In_Field\photos\dangerous_det\detection_20260604_174430.jpg
2026-06-04 17:44:30 [INFO] 保存的检测结果文件大小: 1967504 字节
2026-06-04 17:44:30 [INFO] 引擎上下文已释放
2026-06-04 17:44:30 [INFO] TensorRT 引擎已释放
2026-06-04 17:44:30 [INFO] 全局 CUDA 资源已释放
2026-06-04 17:44:30 [INFO] 检测系统资源已释放
2026-06-04 17:44:35 [INFO] CUDA 初始化成功
2026-06-04 17:44:35 [INFO] 引擎加载成功: dangerous.engine
2026-06-04 17:44:35 [INFO] 检测系统初始化成功
2026-06-04 17:44:35 [INFO] 图像预处理完成，原始尺寸: (2160, 3840)
2026-06-04 17:44:35 [INFO] 开始执行目标检测...
2026-06-04 17:44:35 [INFO] 检测完成，找到 4 个物体
2026-06-04 17:44:35 [INFO] 物体 1: GasCyl1 (置信度: 0.89)
2026-06-04 17:44:35 [INFO] 物体 2: GasCyl1 (置信度: 0.82)
2026-06-04 17:44:35 [INFO] 物体 3: GasCyl1 (置信度: 0.45)
2026-06-04 17:44:35 [INFO] 物体 4: FireExt1 (置信度: 0.39)
2026-06-04 17:44:35 [INFO] 检测到车兜区域，将过滤区域外的目标
2026-06-04 17:44:35 [INFO] 准备保存检测结果到: C:\code\show\Scrap_Steel_In_Field\photos\dangerous_det\detection_20260604_174435.jpg
2026-06-04 17:44:35 [INFO] 图像形状: (2160, 3840, 3)
2026-06-04 17:44:35 [INFO] 图像数据类型: uint8
2026-06-04 17:44:35 [INFO] 图像最大值: 255
2026-06-04 17:44:35 [INFO] 图像最小值: 0
2026-06-04 17:44:35 [INFO] 开始保存检测结果图像: 图像尺寸=(2160, 3840, 3), 类型=uint8, 路径=C:\code\show\Scrap_Steel_In_Field\photos\dangerous_det\detection_20260604_174435.jpg
2026-06-04 17:44:35 [INFO] 成功保存检测结果到: C:\code\show\Scrap_Steel_In_Field\photos\dangerous_det\detection_20260604_174435.jpg
2026-06-04 17:44:35 [INFO] 保存的检测结果文件大小: 1970828 字节
2026-06-04 17:44:35 [INFO] 引擎上下文已释放
2026-06-04 17:44:35 [INFO] TensorRT 引擎已释放
2026-06-04 17:44:35 [INFO] 全局 CUDA 资源已释放
2026-06-04 17:44:35 [INFO] 检测系统资源已释放
2026-06-04 17:44:40 [INFO] CUDA 初始化成功
2026-06-04 17:44:40 [INFO] 引擎加载成功: dangerous.engine
2026-06-04 17:44:40 [INFO] 检测系统初始化成功
2026-06-04 17:44:40 [INFO] 图像预处理完成，原始尺寸: (2160, 3840)
2026-06-04 17:44:40 [INFO] 开始执行目标检测...
2026-06-04 17:44:40 [INFO] 检测完成，找到 5 个物体
2026-06-04 17:44:40 [INFO] 物体 1: GasCyl1 (置信度: 0.89)
2026-06-04 17:44:40 [INFO] 物体 2: GasCyl1 (置信度: 0.81)
2026-06-04 17:44:40 [INFO] 物体 3: GasCyl1 (置信度: 0.58)
2026-06-04 17:44:40 [INFO] 物体 4: FireExt1 (置信度: 0.57)
2026-06-04 17:44:40 [INFO] 物体 5: FireExt1 (置信度: 0.40)
2026-06-04 17:44:40 [INFO] 检测到车兜区域，将过滤区域外的目标
2026-06-04 17:44:40 [INFO] 车兜区域过滤: 5 -> 4 个目标
2026-06-04 17:44:40 [INFO] 准备保存检测结果到: C:\code\show\Scrap_Steel_In_Field\photos\dangerous_det\detection_20260604_174440.jpg
2026-06-04 17:44:40 [INFO] 图像形状: (2160, 3840, 3)
2026-06-04 17:44:40 [INFO] 图像数据类型: uint8
2026-06-04 17:44:40 [INFO] 图像最大值: 255
2026-06-04 17:44:40 [INFO] 图像最小值: 0
2026-06-04 17:44:40 [INFO] 开始保存检测结果图像: 图像尺寸=(2160, 3840, 3), 类型=uint8, 路径=C:\code\show\Scrap_Steel_In_Field\photos\dangerous_det\detection_20260604_174440.jpg
2026-06-04 17:44:40 [INFO] 成功保存检测结果到: C:\code\show\Scrap_Steel_In_Field\photos\dangerous_det\detection_20260604_174440.jpg
2026-06-04 17:44:40 [INFO] 保存的检测结果文件大小: 1999504 字节
2026-06-04 17:44:40 [INFO] 引擎上下文已释放
2026-06-04 17:44:40 [INFO] TensorRT 引擎已释放
2026-06-04 17:44:40 [INFO] 全局 CUDA 资源已释放
2026-06-04 17:44:40 [INFO] 检测系统资源已释放
2026-06-04 17:44:45 [INFO] CUDA 初始化成功
2026-06-04 17:44:45 [INFO] 引擎加载成功: dangerous.engine
2026-06-04 17:44:45 [INFO] 检测系统初始化成功
2026-06-04 17:44:45 [INFO] 图像预处理完成，原始尺寸: (2160, 3840)
2026-06-04 17:44:45 [INFO] 开始执行目标检测...
2026-06-04 17:44:45 [INFO] 检测完成，找到 5 个物体
2026-06-04 17:44:45 [INFO] 物体 1: GasCyl1 (置信度: 0.87)
2026-06-04 17:44:45 [INFO] 物体 2: GasCyl1 (置信度: 0.79)
2026-06-04 17:44:45 [INFO] 物体 3: GasCyl1 (置信度: 0.63)
2026-06-04 17:44:45 [INFO] 物体 4: FireExt1 (置信度: 0.53)
2026-06-04 17:44:45 [INFO] 物体 5: FireExt1 (置信度: 0.37)
2026-06-04 17:44:45 [INFO] 检测到车兜区域，将过滤区域外的目标
2026-06-04 17:44:45 [INFO] 车兜区域过滤: 5 -> 4 个目标
2026-06-04 17:44:45 [INFO] 准备保存检测结果到: C:\code\show\Scrap_Steel_In_Field\photos\dangerous_det\detection_20260604_174445.jpg
2026-06-04 17:44:45 [INFO] 图像形状: (2160, 3840, 3)
2026-06-04 17:44:45 [INFO] 图像数据类型: uint8
2026-06-04 17:44:45 [INFO] 图像最大值: 255
2026-06-04 17:44:45 [INFO] 图像最小值: 0
2026-06-04 17:44:45 [INFO] 开始保存检测结果图像: 图像尺寸=(2160, 3840, 3), 类型=uint8, 路径=C:\code\show\Scrap_Steel_In_Field\photos\dangerous_det\detection_20260604_174445.jpg
2026-06-04 17:44:45 [INFO] 成功保存检测结果到: C:\code\show\Scrap_Steel_In_Field\photos\dangerous_det\detection_20260604_174445.jpg
2026-06-04 17:44:45 [INFO] 保存的检测结果文件大小: 1994322 字节
2026-06-04 17:44:45 [INFO] 引擎上下文已释放
2026-06-04 17:44:45 [INFO] TensorRT 引擎已释放
2026-06-04 17:44:45 [INFO] 全局 CUDA 资源已释放
2026-06-04 17:44:45 [INFO] 检测系统资源已释放
2026-06-04 17:44:50 [INFO] CUDA 初始化成功
2026-06-04 17:44:50 [INFO] 引擎加载成功: dangerous.engine
2026-06-04 17:44:50 [INFO] 检测系统初始化成功
2026-06-04 17:44:50 [INFO] 图像预处理完成，原始尺寸: (2160, 3840)
2026-06-04 17:44:50 [INFO] 开始执行目标检测...
2026-06-04 17:44:50 [INFO] 检测完成，找到 5 个物体
2026-06-04 17:44:50 [INFO] 物体 1: GasCyl1 (置信度: 0.88)
2026-06-04 17:44:50 [INFO] 物体 2: GasCyl1 (置信度: 0.80)
2026-06-04 17:44:50 [INFO] 物体 3: FireExt1 (置信度: 0.55)
2026-06-04 17:44:50 [INFO] 物体 4: GasCyl1 (置信度: 0.45)
2026-06-04 17:44:50 [INFO] 物体 5: FireExt1 (置信度: 0.42)
2026-06-04 17:44:50 [INFO] 检测到车兜区域，将过滤区域外的目标
2026-06-04 17:44:50 [INFO] 车兜区域过滤: 5 -> 4 个目标
2026-06-04 17:44:50 [INFO] 准备保存检测结果到: C:\code\show\Scrap_Steel_In_Field\photos\dangerous_det\detection_20260604_174450.jpg
2026-06-04 17:44:50 [INFO] 图像形状: (2160, 3840, 3)
2026-06-04 17:44:50 [INFO] 图像数据类型: uint8
2026-06-04 17:44:50 [INFO] 图像最大值: 255
2026-06-04 17:44:50 [INFO] 图像最小值: 0
2026-06-04 17:44:50 [INFO] 开始保存检测结果图像: 图像尺寸=(2160, 3840, 3), 类型=uint8, 路径=C:\code\show\Scrap_Steel_In_Field\photos\dangerous_det\detection_20260604_174450.jpg
2026-06-04 17:44:50 [INFO] 成功保存检测结果到: C:\code\show\Scrap_Steel_In_Field\photos\dangerous_det\detection_20260604_174450.jpg
2026-06-04 17:44:50 [INFO] 保存的检测结果文件大小: 1997359 字节
2026-06-04 17:44:50 [INFO] 引擎上下文已释放
2026-06-04 17:44:50 [INFO] TensorRT 引擎已释放
2026-06-04 17:44:50 [INFO] 全局 CUDA 资源已释放
2026-06-04 17:44:50 [INFO] 检测系统资源已释放
2026-06-04 17:44:55 [INFO] CUDA 初始化成功
2026-06-04 17:44:55 [INFO] 引擎加载成功: dangerous.engine
2026-06-04 17:44:55 [INFO] 检测系统初始化成功
2026-06-04 17:44:55 [INFO] 图像预处理完成，原始尺寸: (2160, 3840)
2026-06-04 17:44:55 [INFO] 开始执行目标检测...
2026-06-04 17:44:55 [INFO] 检测完成，找到 5 个物体
2026-06-04 17:44:55 [INFO] 物体 1: GasCyl1 (置信度: 0.88)
2026-06-04 17:44:55 [INFO] 物体 2: GasCyl1 (置信度: 0.83)
2026-06-04 17:44:55 [INFO] 物体 3: GasCyl1 (置信度: 0.69)
2026-06-04 17:44:55 [INFO] 物体 4: FireExt1 (置信度: 0.56)
2026-06-04 17:44:55 [INFO] 物体 5: FireExt1 (置信度: 0.38)
2026-06-04 17:44:55 [INFO] 检测到车兜区域，将过滤区域外的目标
2026-06-04 17:44:55 [INFO] 车兜区域过滤: 5 -> 4 个目标
2026-06-04 17:44:55 [INFO] 准备保存检测结果到: C:\code\show\Scrap_Steel_In_Field\photos\dangerous_det\detection_20260604_174455.jpg
2026-06-04 17:44:55 [INFO] 图像形状: (2160, 3840, 3)
2026-06-04 17:44:55 [INFO] 图像数据类型: uint8
2026-06-04 17:44:55 [INFO] 图像最大值: 255
2026-06-04 17:44:55 [INFO] 图像最小值: 0
2026-06-04 17:44:55 [INFO] 开始保存检测结果图像: 图像尺寸=(2160, 3840, 3), 类型=uint8, 路径=C:\code\show\Scrap_Steel_In_Field\photos\dangerous_det\detection_20260604_174455.jpg
2026-06-04 17:44:55 [INFO] 成功保存检测结果到: C:\code\show\Scrap_Steel_In_Field\photos\dangerous_det\detection_20260604_174455.jpg
2026-06-04 17:44:55 [INFO] 保存的检测结果文件大小: 2004983 字节
2026-06-04 17:44:55 [INFO] 引擎上下文已释放
2026-06-04 17:44:55 [INFO] TensorRT 引擎已释放
2026-06-04 17:44:56 [INFO] 全局 CUDA 资源已释放
2026-06-04 17:44:56 [INFO] 检测系统资源已释放
2026-06-04 17:45:00 [INFO] CUDA 初始化成功
2026-06-04 17:45:00 [INFO] 引擎加载成功: dangerous.engine
2026-06-04 17:45:00 [INFO] 检测系统初始化成功
2026-06-04 17:45:00 [INFO] 图像预处理完成，原始尺寸: (2160, 3840)
2026-06-04 17:45:00 [INFO] 开始执行目标检测...
2026-06-04 17:45:00 [INFO] 检测完成，找到 5 个物体
2026-06-04 17:45:00 [INFO] 物体 1: GasCyl1 (置信度: 0.89)
2026-06-04 17:45:00 [INFO] 物体 2: GasCyl1 (置信度: 0.83)
2026-06-04 17:45:00 [INFO] 物体 3: FireExt1 (置信度: 0.57)
2026-06-04 17:45:00 [INFO] 物体 4: GasCyl1 (置信度: 0.55)
2026-06-04 17:45:00 [INFO] 物体 5: FireExt1 (置信度: 0.36)
2026-06-04 17:45:01 [INFO] 检测到车兜区域，将过滤区域外的目标
2026-06-04 17:45:01 [INFO] 车兜区域过滤: 5 -> 4 个目标
2026-06-04 17:45:01 [INFO] 准备保存检测结果到: C:\code\show\Scrap_Steel_In_Field\photos\dangerous_det\detection_20260604_174501.jpg
2026-06-04 17:45:01 [INFO] 图像形状: (2160, 3840, 3)
2026-06-04 17:45:01 [INFO] 图像数据类型: uint8
2026-06-04 17:45:01 [INFO] 图像最大值: 255
2026-06-04 17:45:01 [INFO] 图像最小值: 0
2026-06-04 17:45:01 [INFO] 开始保存检测结果图像: 图像尺寸=(2160, 3840, 3), 类型=uint8, 路径=C:\code\show\Scrap_Steel_In_Field\photos\dangerous_det\detection_20260604_174501.jpg
2026-06-04 17:45:01 [INFO] 成功保存检测结果到: C:\code\show\Scrap_Steel_In_Field\photos\dangerous_det\detection_20260604_174501.jpg
2026-06-04 17:45:01 [INFO] 保存的检测结果文件大小: 2004816 字节
2026-06-04 17:45:01 [INFO] 引擎上下文已释放
2026-06-04 17:45:01 [INFO] TensorRT 引擎已释放
2026-06-04 17:45:01 [INFO] 全局 CUDA 资源已释放
2026-06-04 17:45:01 [INFO] 检测系统资源已释放
2026-06-04 17:45:05 [INFO] CUDA 初始化成功
2026-06-04 17:45:05 [INFO] 引擎加载成功: dangerous.engine
2026-06-04 17:45:05 [INFO] 检测系统初始化成功
2026-06-04 17:45:06 [INFO] 图像预处理完成，原始尺寸: (2160, 3840)
2026-06-04 17:45:06 [INFO] 开始执行目标检测...
2026-06-04 17:45:06 [INFO] 检测完成，找到 5 个物体
2026-06-04 17:45:06 [INFO] 物体 1: GasCyl1 (置信度: 0.87)
2026-06-04 17:45:06 [INFO] 物体 2: GasCyl1 (置信度: 0.80)
2026-06-04 17:45:06 [INFO] 物体 3: FireExt1 (置信度: 0.57)
2026-06-04 17:45:06 [INFO] 物体 4: GasCyl1 (置信度: 0.55)
2026-06-04 17:45:06 [INFO] 物体 5: FireExt1 (置信度: 0.37)
2026-06-04 17:45:06 [INFO] 检测到车兜区域，将过滤区域外的目标
2026-06-04 17:45:06 [INFO] 车兜区域过滤: 5 -> 4 个目标
2026-06-04 17:45:06 [INFO] 准备保存检测结果到: C:\code\show\Scrap_Steel_In_Field\photos\dangerous_det\detection_20260604_174506.jpg
2026-06-04 17:45:06 [INFO] 图像形状: (2160, 3840, 3)
2026-06-04 17:45:06 [INFO] 图像数据类型: uint8
2026-06-04 17:45:06 [INFO] 图像最大值: 255
2026-06-04 17:45:06 [INFO] 图像最小值: 0
2026-06-04 17:45:06 [INFO] 开始保存检测结果图像: 图像尺寸=(2160, 3840, 3), 类型=uint8, 路径=C:\code\show\Scrap_Steel_In_Field\photos\dangerous_det\detection_20260604_174506.jpg
2026-06-04 17:45:06 [INFO] 成功保存检测结果到: C:\code\show\Scrap_Steel_In_Field\photos\dangerous_det\detection_20260604_174506.jpg
2026-06-04 17:45:06 [INFO] 保存的检测结果文件大小: 2001989 字节
2026-06-04 17:45:06 [INFO] 引擎上下文已释放
2026-06-04 17:45:06 [INFO] TensorRT 引擎已释放
2026-06-04 17:45:06 [INFO] 全局 CUDA 资源已释放
2026-06-04 17:45:06 [INFO] 检测系统资源已释放
2026-06-04 17:45:11 [INFO] CUDA 初始化成功
2026-06-04 17:45:11 [INFO] 引擎加载成功: dangerous.engine
2026-06-04 17:45:11 [INFO] 检测系统初始化成功
2026-06-04 17:45:11 [INFO] 图像预处理完成，原始尺寸: (2160, 3840)
2026-06-04 17:45:11 [INFO] 开始执行目标检测...
2026-06-04 17:45:11 [INFO] 检测完成，找到 5 个物体
2026-06-04 17:45:11 [INFO] 物体 1: GasCyl1 (置信度: 0.89)
2026-06-04 17:45:11 [INFO] 物体 2: GasCyl1 (置信度: 0.77)
2026-06-04 17:45:11 [INFO] 物体 3: GasCyl1 (置信度: 0.60)
2026-06-04 17:45:11 [INFO] 物体 4: FireExt1 (置信度: 0.57)
2026-06-04 17:45:11 [INFO] 物体 5: GasCyl1 (置信度: 0.40)
2026-06-04 17:45:11 [INFO] 检测到车兜区域，将过滤区域外的目标
2026-06-04 17:45:11 [INFO] 车兜区域过滤: 5 -> 4 个目标
2026-06-04 17:45:11 [INFO] 准备保存检测结果到: C:\code\show\Scrap_Steel_In_Field\photos\dangerous_det\detection_20260604_174511.jpg
2026-06-04 17:45:11 [INFO] 图像形状: (2160, 3840, 3)
2026-06-04 17:45:11 [INFO] 图像数据类型: uint8
2026-06-04 17:45:11 [INFO] 图像最大值: 255
2026-06-04 17:45:11 [INFO] 图像最小值: 0
2026-06-04 17:45:11 [INFO] 开始保存检测结果图像: 图像尺寸=(2160, 3840, 3), 类型=uint8, 路径=C:\code\show\Scrap_Steel_In_Field\photos\dangerous_det\detection_20260604_174511.jpg
2026-06-04 17:45:11 [INFO] 成功保存检测结果到: C:\code\show\Scrap_Steel_In_Field\photos\dangerous_det\detection_20260604_174511.jpg
2026-06-04 17:45:11 [INFO] 保存的检测结果文件大小: 1999160 字节
2026-06-04 17:45:11 [INFO] 引擎上下文已释放
2026-06-04 17:45:11 [INFO] TensorRT 引擎已释放
2026-06-04 17:45:11 [INFO] 全局 CUDA 资源已释放
2026-06-04 17:45:11 [INFO] 检测系统资源已释放
2026-06-04 17:45:16 [INFO] CUDA 初始化成功
2026-06-04 17:45:16 [INFO] 引擎加载成功: dangerous.engine
2026-06-04 17:45:16 [INFO] 检测系统初始化成功
2026-06-04 17:45:16 [INFO] 图像预处理完成，原始尺寸: (2160, 3840)
2026-06-04 17:45:16 [INFO] 开始执行目标检测...
2026-06-04 17:45:16 [INFO] 检测完成，找到 5 个物体
2026-06-04 17:45:16 [INFO] 物体 1: GasCyl1 (置信度: 0.90)
2026-06-04 17:45:16 [INFO] 物体 2: GasCyl1 (置信度: 0.80)
2026-06-04 17:45:16 [INFO] 物体 3: FireExt1 (置信度: 0.59)
2026-06-04 17:45:16 [INFO] 物体 4: GasCyl1 (置信度: 0.51)
2026-06-04 17:45:16 [INFO] 物体 5: GasCyl1 (置信度: 0.41)
2026-06-04 17:45:16 [INFO] 检测到车兜区域，将过滤区域外的目标
2026-06-04 17:45:16 [INFO] 车兜区域过滤: 5 -> 4 个目标
2026-06-04 17:45:16 [INFO] 准备保存检测结果到: C:\code\show\Scrap_Steel_In_Field\photos\dangerous_det\detection_20260604_174516.jpg
2026-06-04 17:45:16 [INFO] 图像形状: (2160, 3840, 3)
2026-06-04 17:45:16 [INFO] 图像数据类型: uint8
2026-06-04 17:45:16 [INFO] 图像最大值: 255
2026-06-04 17:45:16 [INFO] 图像最小值: 0
2026-06-04 17:45:16 [INFO] 开始保存检测结果图像: 图像尺寸=(2160, 3840, 3), 类型=uint8, 路径=C:\code\show\Scrap_Steel_In_Field\photos\dangerous_det\detection_20260604_174516.jpg
2026-06-04 17:45:16 [INFO] 成功保存检测结果到: C:\code\show\Scrap_Steel_In_Field\photos\dangerous_det\detection_20260604_174516.jpg
2026-06-04 17:45:16 [INFO] 保存的检测结果文件大小: 2003797 字节
2026-06-04 17:45:16 [INFO] 引擎上下文已释放
2026-06-04 17:45:16 [INFO] TensorRT 引擎已释放
2026-06-04 17:45:16 [INFO] 全局 CUDA 资源已释放
2026-06-04 17:45:16 [INFO] 检测系统资源已释放
2026-06-04 17:45:21 [INFO] CUDA 初始化成功
2026-06-04 17:45:21 [INFO] 引擎加载成功: dangerous.engine
2026-06-04 17:45:21 [INFO] 检测系统初始化成功
2026-06-04 17:45:21 [INFO] 图像预处理完成，原始尺寸: (2160, 3840)
2026-06-04 17:45:21 [INFO] 开始执行目标检测...
2026-06-04 17:45:21 [INFO] 检测完成，找到 5 个物体
2026-06-04 17:45:21 [INFO] 物体 1: GasCyl1 (置信度: 0.89)
2026-06-04 17:45:21 [INFO] 物体 2: GasCyl1 (置信度: 0.82)
2026-06-04 17:45:21 [INFO] 物体 3: GasCyl1 (置信度: 0.61)
2026-06-04 17:45:21 [INFO] 物体 4: FireExt1 (置信度: 0.57)
2026-06-04 17:45:21 [INFO] 物体 5: GasCyl1 (置信度: 0.40)
2026-06-04 17:45:21 [INFO] 检测到车兜区域，将过滤区域外的目标
2026-06-04 17:45:21 [INFO] 车兜区域过滤: 5 -> 4 个目标
2026-06-04 17:45:21 [INFO] 准备保存检测结果到: C:\code\show\Scrap_Steel_In_Field\photos\dangerous_det\detection_20260604_174521.jpg
2026-06-04 17:45:21 [INFO] 图像形状: (2160, 3840, 3)
2026-06-04 17:45:21 [INFO] 图像数据类型: uint8
2026-06-04 17:45:21 [INFO] 图像最大值: 255
2026-06-04 17:45:21 [INFO] 图像最小值: 0
2026-06-04 17:45:21 [INFO] 开始保存检测结果图像: 图像尺寸=(2160, 3840, 3), 类型=uint8, 路径=C:\code\show\Scrap_Steel_In_Field\photos\dangerous_det\detection_20260604_174521.jpg
2026-06-04 17:45:21 [INFO] 成功保存检测结果到: C:\code\show\Scrap_Steel_In_Field\photos\dangerous_det\detection_20260604_174521.jpg
2026-06-04 17:45:21 [INFO] 保存的检测结果文件大小: 2002881 字节
2026-06-04 17:45:21 [INFO] 引擎上下文已释放
2026-06-04 17:45:21 [INFO] TensorRT 引擎已释放
2026-06-04 17:45:21 [INFO] 全局 CUDA 资源已释放
2026-06-04 17:45:21 [INFO] 检测系统资源已释放
2026-06-04 17:45:26 [INFO] CUDA 初始化成功
2026-06-04 17:45:26 [INFO] 引擎加载成功: dangerous.engine
2026-06-04 17:45:26 [INFO] 检测系统初始化成功
2026-06-04 17:45:26 [INFO] 图像预处理完成，原始尺寸: (2160, 3840)
2026-06-04 17:45:26 [INFO] 开始执行目标检测...
2026-06-04 17:45:26 [INFO] 检测完成，找到 5 个物体
2026-06-04 17:45:26 [INFO] 物体 1: GasCyl1 (置信度: 0.87)
2026-06-04 17:45:26 [INFO] 物体 2: GasCyl1 (置信度: 0.76)
2026-06-04 17:45:26 [INFO] 物体 3: FireExt1 (置信度: 0.56)
2026-06-04 17:45:26 [INFO] 物体 4: GasCyl1 (置信度: 0.49)
2026-06-04 17:45:26 [INFO] 物体 5: FireExt1 (置信度: 0.43)
2026-06-04 17:45:26 [INFO] 检测到车兜区域，将过滤区域外的目标
2026-06-04 17:45:26 [INFO] 车兜区域过滤: 5 -> 4 个目标
2026-06-04 17:45:26 [INFO] 准备保存检测结果到: C:\code\show\Scrap_Steel_In_Field\photos\dangerous_det\detection_20260604_174526.jpg
2026-06-04 17:45:26 [INFO] 图像形状: (2160, 3840, 3)
2026-06-04 17:45:26 [INFO] 图像数据类型: uint8
2026-06-04 17:45:26 [INFO] 图像最大值: 255
2026-06-04 17:45:26 [INFO] 图像最小值: 0
2026-06-04 17:45:26 [INFO] 开始保存检测结果图像: 图像尺寸=(2160, 3840, 3), 类型=uint8, 路径=C:\code\show\Scrap_Steel_In_Field\photos\dangerous_det\detection_20260604_174526.jpg
2026-06-04 17:45:26 [INFO] 成功保存检测结果到: C:\code\show\Scrap_Steel_In_Field\photos\dangerous_det\detection_20260604_174526.jpg
2026-06-04 17:45:26 [INFO] 保存的检测结果文件大小: 2004419 字节
2026-06-04 17:45:26 [INFO] 引擎上下文已释放
2026-06-04 17:45:26 [INFO] TensorRT 引擎已释放
2026-06-04 17:45:26 [INFO] 全局 CUDA 资源已释放
2026-06-04 17:45:26 [INFO] 检测系统资源已释放
2026-06-04 17:45:31 [INFO] CUDA 初始化成功
2026-06-04 17:45:31 [INFO] 引擎加载成功: dangerous.engine
2026-06-04 17:45:31 [INFO] 检测系统初始化成功
2026-06-04 17:45:31 [INFO] 图像预处理完成，原始尺寸: (2160, 3840)
2026-06-04 17:45:31 [INFO] 开始执行目标检测...
2026-06-04 17:45:31 [INFO] 检测完成，找到 5 个物体
2026-06-04 17:45:31 [INFO] 物体 1: GasCyl1 (置信度: 0.86)
2026-06-04 17:45:31 [INFO] 物体 2: GasCyl1 (置信度: 0.83)
2026-06-04 17:45:31 [INFO] 物体 3: GasCyl1 (置信度: 0.56)
2026-06-04 17:45:31 [INFO] 物体 4: FireExt1 (置信度: 0.50)
2026-06-04 17:45:31 [INFO] 物体 5: FireExt1 (置信度: 0.43)
2026-06-04 17:45:31 [INFO] 检测到车兜区域，将过滤区域外的目标
2026-06-04 17:45:31 [INFO] 车兜区域过滤: 5 -> 4 个目标
2026-06-04 17:45:31 [INFO] 准备保存检测结果到: C:\code\show\Scrap_Steel_In_Field\photos\dangerous_det\detection_20260604_174531.jpg
2026-06-04 17:45:31 [INFO] 图像形状: (2160, 3840, 3)
2026-06-04 17:45:31 [INFO] 图像数据类型: uint8
2026-06-04 17:45:31 [INFO] 图像最大值: 255
2026-06-04 17:45:31 [INFO] 图像最小值: 0
2026-06-04 17:45:31 [INFO] 开始保存检测结果图像: 图像尺寸=(2160, 3840, 3), 类型=uint8, 路径=C:\code\show\Scrap_Steel_In_Field\photos\dangerous_det\detection_20260604_174531.jpg
2026-06-04 17:45:31 [INFO] 成功保存检测结果到: C:\code\show\Scrap_Steel_In_Field\photos\dangerous_det\detection_20260604_174531.jpg
2026-06-04 17:45:31 [INFO] 保存的检测结果文件大小: 1999581 字节
2026-06-04 17:45:31 [INFO] 引擎上下文已释放
2026-06-04 17:45:31 [INFO] TensorRT 引擎已释放
2026-06-04 17:45:31 [INFO] 全局 CUDA 资源已释放
2026-06-04 17:45:31 [INFO] 检测系统资源已释放
2026-06-04 17:45:36 [INFO] CUDA 初始化成功
2026-06-04 17:45:36 [INFO] 引擎加载成功: dangerous.engine
2026-06-04 17:45:36 [INFO] 检测系统初始化成功
2026-06-04 17:45:36 [INFO] 图像预处理完成，原始尺寸: (2160, 3840)
2026-06-04 17:45:36 [INFO] 开始执行目标检测...
2026-06-04 17:45:36 [INFO] 检测完成，找到 4 个物体
2026-06-04 17:45:36 [INFO] 物体 1: GasCyl1 (置信度: 0.87)
2026-06-04 17:45:36 [INFO] 物体 2: GasCyl1 (置信度: 0.83)
2026-06-04 17:45:36 [INFO] 物体 3: GasCyl1 (置信度: 0.61)
2026-06-04 17:45:36 [INFO] 物体 4: GasCyl1 (置信度: 0.45)
2026-06-04 17:45:36 [INFO] 检测到车兜区域，将过滤区域外的目标
2026-06-04 17:45:36 [INFO] 准备保存检测结果到: C:\code\show\Scrap_Steel_In_Field\photos\dangerous_det\detection_20260604_174536.jpg
2026-06-04 17:45:36 [INFO] 图像形状: (2160, 3840, 3)
2026-06-04 17:45:36 [INFO] 图像数据类型: uint8
2026-06-04 17:45:36 [INFO] 图像最大值: 255
2026-06-04 17:45:36 [INFO] 图像最小值: 0
2026-06-04 17:45:36 [INFO] 开始保存检测结果图像: 图像尺寸=(2160, 3840, 3), 类型=uint8, 路径=C:\code\show\Scrap_Steel_In_Field\photos\dangerous_det\detection_20260604_174536.jpg
2026-06-04 17:45:36 [INFO] 成功保存检测结果到: C:\code\show\Scrap_Steel_In_Field\photos\dangerous_det\detection_20260604_174536.jpg
2026-06-04 17:45:36 [INFO] 保存的检测结果文件大小: 1982013 字节
2026-06-04 17:45:36 [INFO] 引擎上下文已释放
2026-06-04 17:45:36 [INFO] TensorRT 引擎已释放
2026-06-04 17:45:37 [INFO] 全局 CUDA 资源已释放
2026-06-04 17:45:37 [INFO] 检测系统资源已释放
2026-06-04 17:45:41 [INFO] CUDA 初始化成功
2026-06-04 17:45:41 [INFO] 引擎加载成功: dangerous.engine
2026-06-04 17:45:41 [INFO] 检测系统初始化成功
2026-06-04 17:45:41 [INFO] 图像预处理完成，原始尺寸: (2160, 3840)
2026-06-04 17:45:41 [INFO] 开始执行目标检测...
2026-06-04 17:45:41 [INFO] 检测完成，找到 4 个物体
2026-06-04 17:45:41 [INFO] 物体 1: GasCyl1 (置信度: 0.88)
2026-06-04 17:45:41 [INFO] 物体 2: GasCyl1 (置信度: 0.84)
2026-06-04 17:45:41 [INFO] 物体 3: GasCyl1 (置信度: 0.57)
2026-06-04 17:45:41 [INFO] 物体 4: FireExt1 (置信度: 0.39)
2026-06-04 17:45:42 [INFO] 检测到车兜区域，将过滤区域外的目标
2026-06-04 17:45:42 [INFO] 准备保存检测结果到: C:\code\show\Scrap_Steel_In_Field\photos\dangerous_det\detection_20260604_174542.jpg
2026-06-04 17:45:42 [INFO] 图像形状: (2160, 3840, 3)
2026-06-04 17:45:42 [INFO] 图像数据类型: uint8
2026-06-04 17:45:42 [INFO] 图像最大值: 255
2026-06-04 17:45:42 [INFO] 图像最小值: 0
2026-06-04 17:45:42 [INFO] 开始保存检测结果图像: 图像尺寸=(2160, 3840, 3), 类型=uint8, 路径=C:\code\show\Scrap_Steel_In_Field\photos\dangerous_det\detection_20260604_174542.jpg
2026-06-04 17:45:42 [INFO] 成功保存检测结果到: C:\code\show\Scrap_Steel_In_Field\photos\dangerous_det\detection_20260604_174542.jpg
2026-06-04 17:45:42 [INFO] 保存的检测结果文件大小: 1986605 字节
2026-06-04 17:45:42 [INFO] 引擎上下文已释放
2026-06-04 17:45:42 [INFO] TensorRT 引擎已释放
2026-06-04 17:45:42 [INFO] 全局 CUDA 资源已释放
2026-06-04 17:45:42 [INFO] 检测系统资源已释放
2026-06-04 17:45:47 [INFO] CUDA 初始化成功
2026-06-04 17:45:47 [INFO] 引擎加载成功: dangerous.engine
2026-06-04 17:45:47 [INFO] 检测系统初始化成功
2026-06-04 17:45:47 [INFO] 图像预处理完成，原始尺寸: (2160, 3840)
2026-06-04 17:45:47 [INFO] 开始执行目标检测...
2026-06-04 17:45:47 [INFO] 检测完成，找到 4 个物体
2026-06-04 17:45:47 [INFO] 物体 1: GasCyl1 (置信度: 0.88)
2026-06-04 17:45:47 [INFO] 物体 2: GasCyl1 (置信度: 0.78)
2026-06-04 17:45:47 [INFO] 物体 3: GasCyl1 (置信度: 0.54)
2026-06-04 17:45:47 [INFO] 物体 4: FireExt1 (置信度: 0.40)
2026-06-04 17:45:47 [INFO] 检测到车兜区域，将过滤区域外的目标
2026-06-04 17:45:47 [INFO] 准备保存检测结果到: C:\code\show\Scrap_Steel_In_Field\photos\dangerous_det\detection_20260604_174547.jpg
2026-06-04 17:45:47 [INFO] 图像形状: (2160, 3840, 3)
2026-06-04 17:45:47 [INFO] 图像数据类型: uint8
2026-06-04 17:45:47 [INFO] 图像最大值: 255
2026-06-04 17:45:47 [INFO] 图像最小值: 0
2026-06-04 17:45:47 [INFO] 开始保存检测结果图像: 图像尺寸=(2160, 3840, 3), 类型=uint8, 路径=C:\code\show\Scrap_Steel_In_Field\photos\dangerous_det\detection_20260604_174547.jpg
2026-06-04 17:45:47 [INFO] 成功保存检测结果到: C:\code\show\Scrap_Steel_In_Field\photos\dangerous_det\detection_20260604_174547.jpg
2026-06-04 17:45:47 [INFO] 保存的检测结果文件大小: 1987534 字节
2026-06-04 17:45:47 [INFO] 引擎上下文已释放
2026-06-04 17:45:47 [INFO] TensorRT 引擎已释放
2026-06-04 17:45:47 [INFO] 全局 CUDA 资源已释放
2026-06-04 17:45:47 [INFO] 检测系统资源已释放
2026-06-04 17:45:52 [INFO] CUDA 初始化成功
2026-06-04 17:45:52 [INFO] 引擎加载成功: dangerous.engine
2026-06-04 17:45:52 [INFO] 检测系统初始化成功
2026-06-04 17:45:52 [INFO] 图像预处理完成，原始尺寸: (2160, 3840)
2026-06-04 17:45:52 [INFO] 开始执行目标检测...
2026-06-04 17:45:52 [INFO] 检测完成，找到 4 个物体
2026-06-04 17:45:52 [INFO] 物体 1: GasCyl1 (置信度: 0.88)
2026-06-04 17:45:52 [INFO] 物体 2: GasCyl1 (置信度: 0.80)
2026-06-04 17:45:52 [INFO] 物体 3: GasCyl1 (置信度: 0.55)
2026-06-04 17:45:52 [INFO] 物体 4: FireExt1 (置信度: 0.36)
2026-06-04 17:45:52 [INFO] 检测到车兜区域，将过滤区域外的目标
2026-06-04 17:45:52 [INFO] 准备保存检测结果到: C:\code\show\Scrap_Steel_In_Field\photos\dangerous_det\detection_20260604_174552.jpg
2026-06-04 17:45:52 [INFO] 图像形状: (2160, 3840, 3)
2026-06-04 17:45:52 [INFO] 图像数据类型: uint8
2026-06-04 17:45:52 [INFO] 图像最大值: 255
2026-06-04 17:45:52 [INFO] 图像最小值: 0
2026-06-04 17:45:52 [INFO] 开始保存检测结果图像: 图像尺寸=(2160, 3840, 3), 类型=uint8, 路径=C:\code\show\Scrap_Steel_In_Field\photos\dangerous_det\detection_20260604_174552.jpg
2026-06-04 17:45:52 [INFO] 成功保存检测结果到: C:\code\show\Scrap_Steel_In_Field\photos\dangerous_det\detection_20260604_174552.jpg
2026-06-04 17:45:52 [INFO] 保存的检测结果文件大小: 1979808 字节
2026-06-04 17:45:52 [INFO] 引擎上下文已释放
2026-06-04 17:45:52 [INFO] TensorRT 引擎已释放
2026-06-04 17:45:52 [INFO] 全局 CUDA 资源已释放
2026-06-04 17:45:52 [INFO] 检测系统资源已释放
2026-06-04 17:45:57 [INFO] CUDA 初始化成功
2026-06-04 17:45:57 [INFO] 引擎加载成功: dangerous.engine
2026-06-04 17:45:57 [INFO] 检测系统初始化成功
2026-06-04 17:45:57 [INFO] 图像预处理完成，原始尺寸: (2160, 3840)
2026-06-04 17:45:57 [INFO] 开始执行目标检测...
2026-06-04 17:45:57 [INFO] 检测完成，找到 4 个物体
2026-06-04 17:45:57 [INFO] 物体 1: GasCyl1 (置信度: 0.88)
2026-06-04 17:45:57 [INFO] 物体 2: GasCyl1 (置信度: 0.82)
2026-06-04 17:45:57 [INFO] 物体 3: GasCyl1 (置信度: 0.68)
2026-06-04 17:45:57 [INFO] 物体 4: FireExt1 (置信度: 0.43)
2026-06-04 17:45:57 [INFO] 检测到车兜区域，将过滤区域外的目标
2026-06-04 17:45:57 [INFO] 准备保存检测结果到: C:\code\show\Scrap_Steel_In_Field\photos\dangerous_det\detection_20260604_174557.jpg
2026-06-04 17:45:57 [INFO] 图像形状: (2160, 3840, 3)
2026-06-04 17:45:57 [INFO] 图像数据类型: uint8
2026-06-04 17:45:57 [INFO] 图像最大值: 255
2026-06-04 17:45:57 [INFO] 图像最小值: 0
2026-06-04 17:45:57 [INFO] 开始保存检测结果图像: 图像尺寸=(2160, 3840, 3), 类型=uint8, 路径=C:\code\show\Scrap_Steel_In_Field\photos\dangerous_det\detection_20260604_174557.jpg
2026-06-04 17:45:57 [INFO] 成功保存检测结果到: C:\code\show\Scrap_Steel_In_Field\photos\dangerous_det\detection_20260604_174557.jpg
2026-06-04 17:45:57 [INFO] 保存的检测结果文件大小: 1988608 字节
2026-06-04 17:45:57 [INFO] 引擎上下文已释放
2026-06-04 17:45:57 [INFO] TensorRT 引擎已释放
2026-06-04 17:45:57 [INFO] 全局 CUDA 资源已释放
2026-06-04 17:45:57 [INFO] 检测系统资源已释放
