2026-05-20 19:24:19 [INFO] CUDA 初始化成功
2026-05-20 19:24:19 [INFO] 引擎加载成功: dangerous.engine
2026-05-20 19:24:19 [INFO] 检测系统初始化成功
2026-05-20 19:24:22 [INFO] 引擎加载成功: dangerous.engine
2026-05-20 19:24:22 [INFO] 检测系统初始化成功
2026-05-20 19:24:22 [INFO] 图像预处理完成，原始尺寸: (2160, 3840)
2026-05-20 19:24:22 [INFO] 开始执行目标检测...
2026-05-20 19:24:22 [INFO] 检测完成，找到 0 个物体
2026-05-20 19:24:22 [INFO] 引擎上下文已释放
2026-05-20 19:24:22 [INFO] TensorRT 引擎已释放
2026-05-20 19:24:22 [INFO] 全局 CUDA 资源已释放
2026-05-20 19:24:22 [INFO] 检测系统资源已释放
2026-05-20 19:24:27 [INFO] CUDA 初始化成功
2026-05-20 19:24:27 [INFO] 引擎加载成功: dangerous.engine
2026-05-20 19:24:27 [INFO] 检测系统初始化成功
2026-05-20 19:24:27 [INFO] 图像预处理完成，原始尺寸: (2160, 3840)
2026-05-20 19:24:27 [INFO] 开始执行目标检测...
2026-05-20 19:24:27 [INFO] 检测完成，找到 3 个物体
2026-05-20 19:24:27 [INFO] 物体 1: GasCyl1 (置信度: 0.89)
2026-05-20 19:24:27 [INFO] 物体 2: GasCyl1 (置信度: 0.72)
2026-05-20 19:24:27 [INFO] 物体 3: FireExt1 (置信度: 0.54)
2026-05-20 19:24:27 [INFO] 准备保存检测结果到: C:\code\show\Scrap_Steel_In_Field\photos\dangerous_det\detection_20260520_192427.jpg
2026-05-20 19:24:27 [INFO] 图像形状: (2160, 3840, 3)
2026-05-20 19:24:27 [INFO] 图像数据类型: uint8
2026-05-20 19:24:27 [INFO] 图像最大值: 255
2026-05-20 19:24:27 [INFO] 图像最小值: 0
2026-05-20 19:24:27 [INFO] 开始保存检测结果图像: 图像尺寸=(2160, 3840, 3), 类型=uint8, 路径=C:\code\show\Scrap_Steel_In_Field\photos\dangerous_det\detection_20260520_192427.jpg
2026-05-20 19:24:27 [INFO] 成功保存检测结果到: C:\code\show\Scrap_Steel_In_Field\photos\dangerous_det\detection_20260520_192427.jpg
2026-05-20 19:24:27 [INFO] 保存的检测结果文件大小: 2465556 字节
2026-05-20 19:24:27 [INFO] 引擎上下文已释放
2026-05-20 19:24:27 [INFO] TensorRT 引擎已释放
2026-05-20 19:24:27 [INFO] 全局 CUDA 资源已释放
2026-05-20 19:24:27 [INFO] 检测系统资源已释放
2026-05-20 19:24:32 [INFO] CUDA 初始化成功
2026-05-20 19:24:32 [INFO] 引擎加载成功: dangerous.engine
2026-05-20 19:24:32 [INFO] 检测系统初始化成功
2026-05-20 19:24:33 [INFO] 图像预处理完成，原始尺寸: (2160, 3840)
2026-05-20 19:24:33 [INFO] 开始执行目标检测...
2026-05-20 19:24:33 [INFO] 检测完成，找到 3 个物体
2026-05-20 19:24:33 [INFO] 物体 1: GasCyl1 (置信度: 0.88)
2026-05-20 19:24:33 [INFO] 物体 2: GasCyl1 (置信度: 0.83)
2026-05-20 19:24:33 [INFO] 物体 3: FireExt1 (置信度: 0.53)
2026-05-20 19:24:33 [INFO] 准备保存检测结果到: C:\code\show\Scrap_Steel_In_Field\photos\dangerous_det\detection_20260520_192433.jpg
2026-05-20 19:24:33 [INFO] 图像形状: (2160, 3840, 3)
2026-05-20 19:24:33 [INFO] 图像数据类型: uint8
2026-05-20 19:24:33 [INFO] 图像最大值: 255
2026-05-20 19:24:33 [INFO] 图像最小值: 0
2026-05-20 19:24:33 [INFO] 开始保存检测结果图像: 图像尺寸=(2160, 3840, 3), 类型=uint8, 路径=C:\code\show\Scrap_Steel_In_Field\photos\dangerous_det\detection_20260520_192433.jpg
2026-05-20 19:24:33 [INFO] 成功保存检测结果到: C:\code\show\Scrap_Steel_In_Field\photos\dangerous_det\detection_20260520_192433.jpg
2026-05-20 19:24:33 [INFO] 保存的检测结果文件大小: 2470654 字节
2026-05-20 19:24:33 [INFO] 引擎上下文已释放
2026-05-20 19:24:33 [INFO] TensorRT 引擎已释放
2026-05-20 19:24:33 [INFO] 全局 CUDA 资源已释放
2026-05-20 19:24:33 [INFO] 检测系统资源已释放
