2026-05-22 15:41:26 [INFO] CUDA 初始化成功
2026-05-22 15:41:26 [INFO] 引擎加载成功: dangerous.engine
2026-05-22 15:41:26 [INFO] 检测系统初始化成功
2026-05-22 15:41:29 [INFO] 引擎加载成功: dangerous.engine
2026-05-22 15:41:29 [INFO] 检测系统初始化成功
2026-05-22 15:41:29 [INFO] 图像预处理完成，原始尺寸: (2160, 3840)
2026-05-22 15:41:29 [INFO] 开始执行目标检测...
2026-05-22 15:41:29 [INFO] 检测完成，找到 0 个物体
2026-05-22 15:41:29 [INFO] 检测到车兜区域，将过滤区域外的目标
2026-05-22 15:41:29 [INFO] 引擎上下文已释放
2026-05-22 15:41:29 [INFO] TensorRT 引擎已释放
2026-05-22 15:41:29 [INFO] 全局 CUDA 资源已释放
2026-05-22 15:41:29 [INFO] 检测系统资源已释放
2026-05-22 15:41:34 [INFO] CUDA 初始化成功
2026-05-22 15:41:34 [INFO] 引擎加载成功: dangerous.engine
2026-05-22 15:41:34 [INFO] 检测系统初始化成功
2026-05-22 15:41:34 [INFO] 图像预处理完成，原始尺寸: (2160, 3840)
2026-05-22 15:41:34 [INFO] 开始执行目标检测...
2026-05-22 15:41:34 [INFO] 检测完成，找到 2 个物体
2026-05-22 15:41:34 [INFO] 物体 1: FireExt1 (置信度: 0.48)
2026-05-22 15:41:34 [INFO] 物体 2: FireExt1 (置信度: 0.48)
2026-05-22 15:41:34 [INFO] 检测到车兜区域，将过滤区域外的目标
2026-05-22 15:41:34 [INFO] 准备保存检测结果到: C:\code\show\Scrap_Steel_In_Field\photos\dangerous_det\detection_20260522_154134.jpg
2026-05-22 15:41:34 [INFO] 图像形状: (2160, 3840, 3)
2026-05-22 15:41:34 [INFO] 图像数据类型: uint8
2026-05-22 15:41:34 [INFO] 图像最大值: 255
2026-05-22 15:41:34 [INFO] 图像最小值: 0
2026-05-22 15:41:34 [INFO] 开始保存检测结果图像: 图像尺寸=(2160, 3840, 3), 类型=uint8, 路径=C:\code\show\Scrap_Steel_In_Field\photos\dangerous_det\detection_20260522_154134.jpg
2026-05-22 15:41:34 [INFO] 成功保存检测结果到: C:\code\show\Scrap_Steel_In_Field\photos\dangerous_det\detection_20260522_154134.jpg
2026-05-22 15:41:34 [INFO] 保存的检测结果文件大小: 2280336 字节
2026-05-22 15:41:34 [INFO] 引擎上下文已释放
2026-05-22 15:41:34 [INFO] TensorRT 引擎已释放
2026-05-22 15:41:34 [INFO] 全局 CUDA 资源已释放
2026-05-22 15:41:34 [INFO] 检测系统资源已释放
2026-05-22 15:41:39 [INFO] CUDA 初始化成功
2026-05-22 15:41:39 [INFO] 引擎加载成功: dangerous.engine
2026-05-22 15:41:39 [INFO] 检测系统初始化成功
2026-05-22 15:41:39 [INFO] 图像预处理完成，原始尺寸: (2160, 3840)
2026-05-22 15:41:39 [INFO] 开始执行目标检测...
2026-05-22 15:41:39 [INFO] 检测完成，找到 2 个物体
2026-05-22 15:41:39 [INFO] 物体 1: FireExt1 (置信度: 0.46)
2026-05-22 15:41:39 [INFO] 物体 2: FireExt1 (置信度: 0.43)
2026-05-22 15:41:39 [INFO] 检测到车兜区域，将过滤区域外的目标
2026-05-22 15:41:39 [INFO] 准备保存检测结果到: C:\code\show\Scrap_Steel_In_Field\photos\dangerous_det\detection_20260522_154139.jpg
2026-05-22 15:41:39 [INFO] 图像形状: (2160, 3840, 3)
2026-05-22 15:41:39 [INFO] 图像数据类型: uint8
2026-05-22 15:41:39 [INFO] 图像最大值: 255
2026-05-22 15:41:39 [INFO] 图像最小值: 0
2026-05-22 15:41:39 [INFO] 开始保存检测结果图像: 图像尺寸=(2160, 3840, 3), 类型=uint8, 路径=C:\code\show\Scrap_Steel_In_Field\photos\dangerous_det\detection_20260522_154139.jpg
2026-05-22 15:41:40 [INFO] 成功保存检测结果到: C:\code\show\Scrap_Steel_In_Field\photos\dangerous_det\detection_20260522_154139.jpg
2026-05-22 15:41:40 [INFO] 保存的检测结果文件大小: 2284470 字节
2026-05-22 15:41:40 [INFO] 引擎上下文已释放
2026-05-22 15:41:40 [INFO] TensorRT 引擎已释放
2026-05-22 15:41:40 [INFO] 全局 CUDA 资源已释放
2026-05-22 15:41:40 [INFO] 检测系统资源已释放
2026-05-22 15:41:45 [INFO] CUDA 初始化成功
2026-05-22 15:41:45 [INFO] 引擎加载成功: dangerous.engine
2026-05-22 15:41:45 [INFO] 检测系统初始化成功
2026-05-22 15:41:45 [INFO] 图像预处理完成，原始尺寸: (2160, 3840)
2026-05-22 15:41:45 [INFO] 开始执行目标检测...
2026-05-22 15:41:45 [INFO] 检测完成，找到 2 个物体
2026-05-22 15:41:45 [INFO] 物体 1: FireExt1 (置信度: 0.47)
2026-05-22 15:41:45 [INFO] 物体 2: FireExt1 (置信度: 0.46)
2026-05-22 15:41:45 [INFO] 检测到车兜区域，将过滤区域外的目标
2026-05-22 15:41:45 [INFO] 准备保存检测结果到: C:\code\show\Scrap_Steel_In_Field\photos\dangerous_det\detection_20260522_154145.jpg
2026-05-22 15:41:45 [INFO] 图像形状: (2160, 3840, 3)
2026-05-22 15:41:45 [INFO] 图像数据类型: uint8
2026-05-22 15:41:45 [INFO] 图像最大值: 255
2026-05-22 15:41:45 [INFO] 图像最小值: 0
2026-05-22 15:41:45 [INFO] 开始保存检测结果图像: 图像尺寸=(2160, 3840, 3), 类型=uint8, 路径=C:\code\show\Scrap_Steel_In_Field\photos\dangerous_det\detection_20260522_154145.jpg
2026-05-22 15:41:45 [INFO] 成功保存检测结果到: C:\code\show\Scrap_Steel_In_Field\photos\dangerous_det\detection_20260522_154145.jpg
2026-05-22 15:41:45 [INFO] 保存的检测结果文件大小: 2281005 字节
2026-05-22 15:41:45 [INFO] 引擎上下文已释放
2026-05-22 15:41:45 [INFO] TensorRT 引擎已释放
2026-05-22 15:41:45 [INFO] 全局 CUDA 资源已释放
2026-05-22 15:41:45 [INFO] 检测系统资源已释放
2026-05-22 15:41:52 [INFO] CUDA 初始化成功
2026-05-22 15:41:52 [INFO] 引擎加载成功: dangerous.engine
2026-05-22 15:41:52 [INFO] 检测系统初始化成功
2026-05-22 15:41:52 [INFO] 图像预处理完成，原始尺寸: (2160, 3840)
2026-05-22 15:41:52 [INFO] 开始执行目标检测...
2026-05-22 15:41:52 [INFO] 检测完成，找到 2 个物体
2026-05-22 15:41:52 [INFO] 物体 1: FireExt1 (置信度: 0.54)
2026-05-22 15:41:52 [INFO] 物体 2: FireExt1 (置信度: 0.47)
2026-05-22 15:41:52 [INFO] 检测到车兜区域，将过滤区域外的目标
2026-05-22 15:41:52 [INFO] 准备保存检测结果到: C:\code\show\Scrap_Steel_In_Field\photos\dangerous_det\detection_20260522_154152.jpg
2026-05-22 15:41:52 [INFO] 图像形状: (2160, 3840, 3)
2026-05-22 15:41:52 [INFO] 图像数据类型: uint8
2026-05-22 15:41:52 [INFO] 图像最大值: 255
2026-05-22 15:41:52 [INFO] 图像最小值: 0
2026-05-22 15:41:52 [INFO] 开始保存检测结果图像: 图像尺寸=(2160, 3840, 3), 类型=uint8, 路径=C:\code\show\Scrap_Steel_In_Field\photos\dangerous_det\detection_20260522_154152.jpg
2026-05-22 15:41:52 [INFO] 成功保存检测结果到: C:\code\show\Scrap_Steel_In_Field\photos\dangerous_det\detection_20260522_154152.jpg
2026-05-22 15:41:52 [INFO] 保存的检测结果文件大小: 2282693 字节
2026-05-22 15:41:52 [INFO] 引擎上下文已释放
2026-05-22 15:41:52 [INFO] TensorRT 引擎已释放
2026-05-22 15:41:52 [INFO] 全局 CUDA 资源已释放
2026-05-22 15:41:52 [INFO] 检测系统资源已释放
2026-05-22 15:41:56 [INFO] CUDA 初始化成功
2026-05-22 15:41:56 [INFO] 引擎加载成功: dangerous.engine
2026-05-22 15:41:56 [INFO] 检测系统初始化成功
2026-05-22 15:41:56 [INFO] 图像预处理完成，原始尺寸: (2160, 3840)
2026-05-22 15:41:56 [INFO] 开始执行目标检测...
2026-05-22 15:41:56 [INFO] 检测完成，找到 2 个物体
2026-05-22 15:41:56 [INFO] 物体 1: FireExt1 (置信度: 0.50)
2026-05-22 15:41:56 [INFO] 物体 2: FireExt1 (置信度: 0.47)
2026-05-22 15:41:56 [INFO] 检测到车兜区域，将过滤区域外的目标
2026-05-22 15:41:56 [INFO] 准备保存检测结果到: C:\code\show\Scrap_Steel_In_Field\photos\dangerous_det\detection_20260522_154156.jpg
2026-05-22 15:41:56 [INFO] 图像形状: (2160, 3840, 3)
2026-05-22 15:41:56 [INFO] 图像数据类型: uint8
2026-05-22 15:41:56 [INFO] 图像最大值: 255
2026-05-22 15:41:56 [INFO] 图像最小值: 0
2026-05-22 15:41:56 [INFO] 开始保存检测结果图像: 图像尺寸=(2160, 3840, 3), 类型=uint8, 路径=C:\code\show\Scrap_Steel_In_Field\photos\dangerous_det\detection_20260522_154156.jpg
2026-05-22 15:41:56 [INFO] 成功保存检测结果到: C:\code\show\Scrap_Steel_In_Field\photos\dangerous_det\detection_20260522_154156.jpg
2026-05-22 15:41:56 [INFO] 保存的检测结果文件大小: 2279084 字节
2026-05-22 15:41:56 [INFO] 引擎上下文已释放
2026-05-22 15:41:56 [INFO] TensorRT 引擎已释放
2026-05-22 15:41:56 [INFO] 全局 CUDA 资源已释放
2026-05-22 15:41:56 [INFO] 检测系统资源已释放
2026-05-22 15:42:02 [INFO] CUDA 初始化成功
2026-05-22 15:42:02 [INFO] 引擎加载成功: dangerous.engine
2026-05-22 15:42:02 [INFO] 检测系统初始化成功
2026-05-22 15:42:02 [INFO] 图像预处理完成，原始尺寸: (2160, 3840)
2026-05-22 15:42:02 [INFO] 开始执行目标检测...
