2026-06-05 08:16:02 [INFO] CUDA 初始化成功
2026-06-05 08:16:02 [INFO] 引擎加载成功: dangerous.engine
2026-06-05 08:16:02 [INFO] 检测系统初始化成功
2026-06-05 08:16:04 [INFO] 引擎加载成功: dangerous.engine
2026-06-05 08:16:04 [INFO] 检测系统初始化成功
2026-06-05 08:16:04 [INFO] 图像预处理完成，原始尺寸: (2160, 3840)
2026-06-05 08:16:04 [INFO] 开始执行目标检测...
2026-06-05 08:16:04 [INFO] 检测完成，找到 0 个物体
2026-06-05 08:16:04 [INFO] 引擎上下文已释放
2026-06-05 08:16:04 [INFO] TensorRT 引擎已释放
2026-06-05 08:16:04 [INFO] 全局 CUDA 资源已释放
2026-06-05 08:16:04 [INFO] 检测系统资源已释放
2026-06-05 08:16:10 [INFO] CUDA 初始化成功
2026-06-05 08:16:10 [INFO] 引擎加载成功: dangerous.engine
2026-06-05 08:16:10 [INFO] 检测系统初始化成功
2026-06-05 08:16:10 [INFO] 图像预处理完成，原始尺寸: (2160, 3840)
2026-06-05 08:16:10 [INFO] 开始执行目标检测...
2026-06-05 08:16:10 [INFO] 检测完成，找到 3 个物体
2026-06-05 08:16:10 [INFO] 物体 1: GasCyl1 (置信度: 0.89)
2026-06-05 08:16:10 [INFO] 物体 2: GasCyl1 (置信度: 0.64)
2026-06-05 08:16:10 [INFO] 物体 3: FireExt1 (置信度: 0.35)
2026-06-05 08:16:10 [INFO] 准备保存检测结果到: C:\code\show\Scrap_Steel_In_Field\photos\dangerous_det\detection_20260605_081610.jpg
2026-06-05 08:16:10 [INFO] 图像形状: (2160, 3840, 3)
2026-06-05 08:16:10 [INFO] 图像数据类型: uint8
2026-06-05 08:16:10 [INFO] 图像最大值: 255
2026-06-05 08:16:10 [INFO] 图像最小值: 0
2026-06-05 08:16:10 [INFO] 开始保存检测结果图像: 图像尺寸=(2160, 3840, 3), 类型=uint8, 路径=C:\code\show\Scrap_Steel_In_Field\photos\dangerous_det\detection_20260605_081610.jpg
2026-06-05 08:16:10 [INFO] 成功保存检测结果到: C:\code\show\Scrap_Steel_In_Field\photos\dangerous_det\detection_20260605_081610.jpg
2026-06-05 08:16:10 [INFO] 保存的检测结果文件大小: 1789458 字节
2026-06-05 08:16:10 [INFO] 引擎上下文已释放
2026-06-05 08:16:10 [INFO] TensorRT 引擎已释放
2026-06-05 08:16:10 [INFO] 全局 CUDA 资源已释放
2026-06-05 08:16:10 [INFO] 检测系统资源已释放
2026-06-05 08:16:17 [INFO] CUDA 初始化成功
2026-06-05 08:16:17 [INFO] 引擎加载成功: dangerous.engine
2026-06-05 08:16:17 [INFO] 检测系统初始化成功
2026-06-05 08:16:17 [INFO] 图像预处理完成，原始尺寸: (2160, 3840)
2026-06-05 08:16:17 [INFO] 开始执行目标检测...
2026-06-05 08:16:17 [INFO] 检测完成，找到 2 个物体
2026-06-05 08:16:17 [INFO] 物体 1: GasCyl1 (置信度: 0.90)
2026-06-05 08:16:17 [INFO] 物体 2: GasCyl1 (置信度: 0.68)
2026-06-05 08:16:17 [INFO] 准备保存检测结果到: C:\code\show\Scrap_Steel_In_Field\photos\dangerous_det\detection_20260605_081617.jpg
2026-06-05 08:16:17 [INFO] 图像形状: (2160, 3840, 3)
2026-06-05 08:16:17 [INFO] 图像数据类型: uint8
2026-06-05 08:16:17 [INFO] 图像最大值: 255
2026-06-05 08:16:17 [INFO] 图像最小值: 0
2026-06-05 08:16:17 [INFO] 开始保存检测结果图像: 图像尺寸=(2160, 3840, 3), 类型=uint8, 路径=C:\code\show\Scrap_Steel_In_Field\photos\dangerous_det\detection_20260605_081617.jpg
2026-06-05 08:16:17 [INFO] 成功保存检测结果到: C:\code\show\Scrap_Steel_In_Field\photos\dangerous_det\detection_20260605_081617.jpg
2026-06-05 08:16:17 [INFO] 保存的检测结果文件大小: 1787629 字节
2026-06-05 08:16:17 [INFO] 引擎上下文已释放
2026-06-05 08:16:17 [INFO] TensorRT 引擎已释放
2026-06-05 08:16:17 [INFO] 全局 CUDA 资源已释放
2026-06-05 08:16:17 [INFO] 检测系统资源已释放
2026-06-05 08:16:21 [INFO] CUDA 初始化成功
2026-06-05 08:16:21 [INFO] 引擎加载成功: dangerous.engine
2026-06-05 08:16:21 [INFO] 检测系统初始化成功
2026-06-05 08:16:21 [INFO] 图像预处理完成，原始尺寸: (2160, 3840)
2026-06-05 08:16:21 [INFO] 开始执行目标检测...
2026-06-05 08:16:21 [INFO] 检测完成，找到 2 个物体
2026-06-05 08:16:21 [INFO] 物体 1: GasCyl1 (置信度: 0.89)
2026-06-05 08:16:21 [INFO] 物体 2: GasCyl1 (置信度: 0.66)
2026-06-05 08:16:21 [INFO] 准备保存检测结果到: C:\code\show\Scrap_Steel_In_Field\photos\dangerous_det\detection_20260605_081621.jpg
2026-06-05 08:16:21 [INFO] 图像形状: (2160, 3840, 3)
2026-06-05 08:16:21 [INFO] 图像数据类型: uint8
2026-06-05 08:16:21 [INFO] 图像最大值: 255
2026-06-05 08:16:21 [INFO] 图像最小值: 0
2026-06-05 08:16:21 [INFO] 开始保存检测结果图像: 图像尺寸=(2160, 3840, 3), 类型=uint8, 路径=C:\code\show\Scrap_Steel_In_Field\photos\dangerous_det\detection_20260605_081621.jpg
2026-06-05 08:16:21 [INFO] 成功保存检测结果到: C:\code\show\Scrap_Steel_In_Field\photos\dangerous_det\detection_20260605_081621.jpg
2026-06-05 08:16:21 [INFO] 保存的检测结果文件大小: 1782822 字节
2026-06-05 08:16:21 [INFO] 引擎上下文已释放
2026-06-05 08:16:21 [INFO] TensorRT 引擎已释放
2026-06-05 08:16:21 [INFO] 全局 CUDA 资源已释放
2026-06-05 08:16:21 [INFO] 检测系统资源已释放
2026-06-05 08:16:26 [INFO] CUDA 初始化成功
2026-06-05 08:16:27 [INFO] 引擎加载成功: dangerous.engine
2026-06-05 08:16:27 [INFO] 检测系统初始化成功
2026-06-05 08:16:27 [INFO] 图像预处理完成，原始尺寸: (2160, 3840)
2026-06-05 08:16:27 [INFO] 开始执行目标检测...
2026-06-05 08:16:27 [INFO] 检测完成，找到 2 个物体
2026-06-05 08:16:27 [INFO] 物体 1: GasCyl1 (置信度: 0.90)
2026-06-05 08:16:27 [INFO] 物体 2: GasCyl1 (置信度: 0.63)
2026-06-05 08:16:27 [INFO] 准备保存检测结果到: C:\code\show\Scrap_Steel_In_Field\photos\dangerous_det\detection_20260605_081627.jpg
2026-06-05 08:16:27 [INFO] 图像形状: (2160, 3840, 3)
2026-06-05 08:16:27 [INFO] 图像数据类型: uint8
2026-06-05 08:16:27 [INFO] 图像最大值: 255
2026-06-05 08:16:27 [INFO] 图像最小值: 0
2026-06-05 08:16:27 [INFO] 开始保存检测结果图像: 图像尺寸=(2160, 3840, 3), 类型=uint8, 路径=C:\code\show\Scrap_Steel_In_Field\photos\dangerous_det\detection_20260605_081627.jpg
2026-06-05 08:16:27 [INFO] 成功保存检测结果到: C:\code\show\Scrap_Steel_In_Field\photos\dangerous_det\detection_20260605_081627.jpg
2026-06-05 08:16:27 [INFO] 保存的检测结果文件大小: 1789290 字节
2026-06-05 08:16:27 [INFO] 引擎上下文已释放
2026-06-05 08:16:27 [INFO] TensorRT 引擎已释放
2026-06-05 08:16:27 [INFO] 全局 CUDA 资源已释放
2026-06-05 08:16:27 [INFO] 检测系统资源已释放
2026-06-05 08:16:32 [INFO] CUDA 初始化成功
2026-06-05 08:16:32 [INFO] 引擎加载成功: dangerous.engine
2026-06-05 08:16:32 [INFO] 检测系统初始化成功
2026-06-05 08:16:32 [INFO] 图像预处理完成，原始尺寸: (2160, 3840)
2026-06-05 08:16:32 [INFO] 开始执行目标检测...
2026-06-05 08:16:32 [INFO] 检测完成，找到 3 个物体
2026-06-05 08:16:32 [INFO] 物体 1: GasCyl1 (置信度: 0.89)
2026-06-05 08:16:32 [INFO] 物体 2: GasCyl1 (置信度: 0.68)
2026-06-05 08:16:32 [INFO] 物体 3: FireExt1 (置信度: 0.42)
2026-06-05 08:16:32 [INFO] 准备保存检测结果到: C:\code\show\Scrap_Steel_In_Field\photos\dangerous_det\detection_20260605_081632.jpg
2026-06-05 08:16:32 [INFO] 图像形状: (2160, 3840, 3)
2026-06-05 08:16:32 [INFO] 图像数据类型: uint8
2026-06-05 08:16:32 [INFO] 图像最大值: 255
2026-06-05 08:16:32 [INFO] 图像最小值: 0
2026-06-05 08:16:32 [INFO] 开始保存检测结果图像: 图像尺寸=(2160, 3840, 3), 类型=uint8, 路径=C:\code\show\Scrap_Steel_In_Field\photos\dangerous_det\detection_20260605_081632.jpg
2026-06-05 08:16:32 [INFO] 成功保存检测结果到: C:\code\show\Scrap_Steel_In_Field\photos\dangerous_det\detection_20260605_081632.jpg
2026-06-05 08:16:32 [INFO] 保存的检测结果文件大小: 1718438 字节
2026-06-05 08:16:32 [INFO] 引擎上下文已释放
2026-06-05 08:16:32 [INFO] TensorRT 引擎已释放
2026-06-05 08:16:32 [INFO] 全局 CUDA 资源已释放
2026-06-05 08:16:32 [INFO] 检测系统资源已释放
2026-06-05 08:16:37 [INFO] CUDA 初始化成功
2026-06-05 08:16:37 [INFO] 引擎加载成功: dangerous.engine
2026-06-05 08:16:37 [INFO] 检测系统初始化成功
2026-06-05 08:16:37 [INFO] 图像预处理完成，原始尺寸: (2160, 3840)
2026-06-05 08:16:37 [INFO] 开始执行目标检测...
2026-06-05 08:16:37 [INFO] 检测完成，找到 3 个物体
2026-06-05 08:16:37 [INFO] 物体 1: GasCyl1 (置信度: 0.89)
2026-06-05 08:16:37 [INFO] 物体 2: GasCyl1 (置信度: 0.62)
2026-06-05 08:16:37 [INFO] 物体 3: FireExt1 (置信度: 0.48)
2026-06-05 08:16:37 [INFO] 准备保存检测结果到: C:\code\show\Scrap_Steel_In_Field\photos\dangerous_det\detection_20260605_081637.jpg
2026-06-05 08:16:37 [INFO] 图像形状: (2160, 3840, 3)
2026-06-05 08:16:37 [INFO] 图像数据类型: uint8
2026-06-05 08:16:37 [INFO] 图像最大值: 255
2026-06-05 08:16:37 [INFO] 图像最小值: 0
2026-06-05 08:16:37 [INFO] 开始保存检测结果图像: 图像尺寸=(2160, 3840, 3), 类型=uint8, 路径=C:\code\show\Scrap_Steel_In_Field\photos\dangerous_det\detection_20260605_081637.jpg
2026-06-05 08:16:37 [INFO] 成功保存检测结果到: C:\code\show\Scrap_Steel_In_Field\photos\dangerous_det\detection_20260605_081637.jpg
2026-06-05 08:16:37 [INFO] 保存的检测结果文件大小: 1668360 字节
2026-06-05 08:16:37 [INFO] 引擎上下文已释放
2026-06-05 08:16:37 [INFO] TensorRT 引擎已释放
2026-06-05 08:16:37 [INFO] 全局 CUDA 资源已释放
2026-06-05 08:16:37 [INFO] 检测系统资源已释放
2026-06-05 08:16:42 [INFO] CUDA 初始化成功
2026-06-05 08:16:42 [INFO] 引擎加载成功: dangerous.engine
2026-06-05 08:16:42 [INFO] 检测系统初始化成功
2026-06-05 08:16:42 [INFO] 图像预处理完成，原始尺寸: (2160, 3840)
2026-06-05 08:16:42 [INFO] 开始执行目标检测...
2026-06-05 08:16:42 [INFO] 检测完成，找到 3 个物体
2026-06-05 08:16:42 [INFO] 物体 1: GasCyl1 (置信度: 0.90)
2026-06-05 08:16:42 [INFO] 物体 2: GasCyl1 (置信度: 0.69)
2026-06-05 08:16:42 [INFO] 物体 3: FireExt1 (置信度: 0.44)
2026-06-05 08:16:42 [INFO] 准备保存检测结果到: C:\code\show\Scrap_Steel_In_Field\photos\dangerous_det\detection_20260605_081642.jpg
2026-06-05 08:16:42 [INFO] 图像形状: (2160, 3840, 3)
2026-06-05 08:16:42 [INFO] 图像数据类型: uint8
2026-06-05 08:16:42 [INFO] 图像最大值: 255
2026-06-05 08:16:42 [INFO] 图像最小值: 0
2026-06-05 08:16:42 [INFO] 开始保存检测结果图像: 图像尺寸=(2160, 3840, 3), 类型=uint8, 路径=C:\code\show\Scrap_Steel_In_Field\photos\dangerous_det\detection_20260605_081642.jpg
2026-06-05 08:16:42 [INFO] 成功保存检测结果到: C:\code\show\Scrap_Steel_In_Field\photos\dangerous_det\detection_20260605_081642.jpg
2026-06-05 08:16:42 [INFO] 保存的检测结果文件大小: 1748400 字节
2026-06-05 08:16:42 [INFO] 引擎上下文已释放
2026-06-05 08:16:42 [INFO] TensorRT 引擎已释放
2026-06-05 08:16:42 [INFO] 全局 CUDA 资源已释放
2026-06-05 08:16:42 [INFO] 检测系统资源已释放
2026-06-05 08:16:47 [INFO] CUDA 初始化成功
2026-06-05 08:16:47 [INFO] 引擎加载成功: dangerous.engine
2026-06-05 08:16:47 [INFO] 检测系统初始化成功
2026-06-05 08:16:47 [INFO] 图像预处理完成，原始尺寸: (2160, 3840)
2026-06-05 08:16:47 [INFO] 开始执行目标检测...
2026-06-05 08:16:47 [INFO] 检测完成，找到 3 个物体
2026-06-05 08:16:47 [INFO] 物体 1: GasCyl1 (置信度: 0.91)
2026-06-05 08:16:47 [INFO] 物体 2: GasCyl1 (置信度: 0.66)
2026-06-05 08:16:47 [INFO] 物体 3: FireExt1 (置信度: 0.44)
2026-06-05 08:16:47 [INFO] 准备保存检测结果到: C:\code\show\Scrap_Steel_In_Field\photos\dangerous_det\detection_20260605_081647.jpg
2026-06-05 08:16:47 [INFO] 图像形状: (2160, 3840, 3)
2026-06-05 08:16:47 [INFO] 图像数据类型: uint8
2026-06-05 08:16:47 [INFO] 图像最大值: 255
2026-06-05 08:16:47 [INFO] 图像最小值: 0
2026-06-05 08:16:47 [INFO] 开始保存检测结果图像: 图像尺寸=(2160, 3840, 3), 类型=uint8, 路径=C:\code\show\Scrap_Steel_In_Field\photos\dangerous_det\detection_20260605_081647.jpg
2026-06-05 08:16:47 [INFO] 成功保存检测结果到: C:\code\show\Scrap_Steel_In_Field\photos\dangerous_det\detection_20260605_081647.jpg
2026-06-05 08:16:47 [INFO] 保存的检测结果文件大小: 1753197 字节
2026-06-05 08:16:47 [INFO] 引擎上下文已释放
2026-06-05 08:16:47 [INFO] TensorRT 引擎已释放
2026-06-05 08:16:47 [INFO] 全局 CUDA 资源已释放
2026-06-05 08:16:47 [INFO] 检测系统资源已释放
2026-06-05 08:16:52 [INFO] CUDA 初始化成功
2026-06-05 08:16:52 [INFO] 引擎加载成功: dangerous.engine
2026-06-05 08:16:52 [INFO] 检测系统初始化成功
2026-06-05 08:16:52 [INFO] 图像预处理完成，原始尺寸: (2160, 3840)
2026-06-05 08:16:52 [INFO] 开始执行目标检测...
2026-06-05 08:16:52 [INFO] 检测完成，找到 3 个物体
2026-06-05 08:16:52 [INFO] 物体 1: GasCyl1 (置信度: 0.89)
2026-06-05 08:16:52 [INFO] 物体 2: GasCyl1 (置信度: 0.67)
2026-06-05 08:16:52 [INFO] 物体 3: FireExt1 (置信度: 0.48)
2026-06-05 08:16:52 [INFO] 准备保存检测结果到: C:\code\show\Scrap_Steel_In_Field\photos\dangerous_det\detection_20260605_081652.jpg
2026-06-05 08:16:52 [INFO] 图像形状: (2160, 3840, 3)
2026-06-05 08:16:52 [INFO] 图像数据类型: uint8
2026-06-05 08:16:52 [INFO] 图像最大值: 255
2026-06-05 08:16:52 [INFO] 图像最小值: 0
2026-06-05 08:16:52 [INFO] 开始保存检测结果图像: 图像尺寸=(2160, 3840, 3), 类型=uint8, 路径=C:\code\show\Scrap_Steel_In_Field\photos\dangerous_det\detection_20260605_081652.jpg
2026-06-05 08:16:52 [INFO] 成功保存检测结果到: C:\code\show\Scrap_Steel_In_Field\photos\dangerous_det\detection_20260605_081652.jpg
2026-06-05 08:16:52 [INFO] 保存的检测结果文件大小: 1753542 字节
2026-06-05 08:16:52 [INFO] 引擎上下文已释放
2026-06-05 08:16:52 [INFO] TensorRT 引擎已释放
2026-06-05 08:16:52 [INFO] 全局 CUDA 资源已释放
2026-06-05 08:16:52 [INFO] 检测系统资源已释放
2026-06-05 08:16:57 [INFO] CUDA 初始化成功
2026-06-05 08:16:57 [INFO] 引擎加载成功: dangerous.engine
2026-06-05 08:16:57 [INFO] 检测系统初始化成功
2026-06-05 08:16:57 [INFO] 图像预处理完成，原始尺寸: (2160, 3840)
2026-06-05 08:16:57 [INFO] 开始执行目标检测...
2026-06-05 08:16:57 [INFO] 检测完成，找到 3 个物体
2026-06-05 08:16:57 [INFO] 物体 1: GasCyl1 (置信度: 0.91)
2026-06-05 08:16:57 [INFO] 物体 2: GasCyl1 (置信度: 0.61)
2026-06-05 08:16:57 [INFO] 物体 3: FireExt1 (置信度: 0.44)
2026-06-05 08:16:57 [INFO] 准备保存检测结果到: C:\code\show\Scrap_Steel_In_Field\photos\dangerous_det\detection_20260605_081657.jpg
2026-06-05 08:16:57 [INFO] 图像形状: (2160, 3840, 3)
2026-06-05 08:16:57 [INFO] 图像数据类型: uint8
2026-06-05 08:16:57 [INFO] 图像最大值: 255
2026-06-05 08:16:57 [INFO] 图像最小值: 0
2026-06-05 08:16:57 [INFO] 开始保存检测结果图像: 图像尺寸=(2160, 3840, 3), 类型=uint8, 路径=C:\code\show\Scrap_Steel_In_Field\photos\dangerous_det\detection_20260605_081657.jpg
2026-06-05 08:16:57 [INFO] 成功保存检测结果到: C:\code\show\Scrap_Steel_In_Field\photos\dangerous_det\detection_20260605_081657.jpg
2026-06-05 08:16:57 [INFO] 保存的检测结果文件大小: 1753657 字节
2026-06-05 08:16:57 [INFO] 引擎上下文已释放
2026-06-05 08:16:57 [INFO] TensorRT 引擎已释放
2026-06-05 08:16:57 [INFO] 全局 CUDA 资源已释放
2026-06-05 08:16:57 [INFO] 检测系统资源已释放
