2026-06-05 10:33:36 [INFO] CUDA 初始化成功
2026-06-05 10:33:36 [INFO] 引擎加载成功: dangerous.engine
2026-06-05 10:33:36 [INFO] 检测系统初始化成功
2026-06-05 10:33:38 [INFO] 引擎加载成功: dangerous.engine
2026-06-05 10:33:38 [INFO] 检测系统初始化成功
2026-06-05 10:33:38 [INFO] 图像预处理完成，原始尺寸: (2160, 3840)
2026-06-05 10:33:38 [INFO] 开始执行目标检测...
2026-06-05 10:33:38 [INFO] 检测完成，找到 0 个物体
2026-06-05 10:33:38 [INFO] 检测到车兜区域，将过滤区域外的目标
2026-06-05 10:33:38 [INFO] 引擎上下文已释放
2026-06-05 10:33:38 [INFO] TensorRT 引擎已释放
2026-06-05 10:33:38 [INFO] 全局 CUDA 资源已释放
2026-06-05 10:33:38 [INFO] 检测系统资源已释放
2026-06-05 10:33:44 [INFO] CUDA 初始化成功
2026-06-05 10:33:44 [INFO] 引擎加载成功: dangerous.engine
2026-06-05 10:33:44 [INFO] 检测系统初始化成功
2026-06-05 10:33:44 [INFO] 图像预处理完成，原始尺寸: (2160, 3840)
2026-06-05 10:33:44 [INFO] 开始执行目标检测...
2026-06-05 10:33:44 [INFO] 检测完成，找到 3 个物体
2026-06-05 10:33:44 [INFO] 物体 1: GasCyl1 (置信度: 0.90)
2026-06-05 10:33:44 [INFO] 物体 2: GasCyl1 (置信度: 0.79)
2026-06-05 10:33:44 [INFO] 物体 3: GasCyl1 (置信度: 0.43)
2026-06-05 10:33:44 [INFO] 检测到车兜区域，将过滤区域外的目标
2026-06-05 10:33:44 [INFO] 准备保存检测结果到: C:\code\show\Scrap_Steel_In_Field\photos\dangerous_det\detection_20260605_103344.jpg
2026-06-05 10:33:44 [INFO] 图像形状: (2160, 3840, 3)
2026-06-05 10:33:44 [INFO] 图像数据类型: uint8
2026-06-05 10:33:44 [INFO] 图像最大值: 255
2026-06-05 10:33:44 [INFO] 图像最小值: 0
2026-06-05 10:33:44 [INFO] 开始保存检测结果图像: 图像尺寸=(2160, 3840, 3), 类型=uint8, 路径=C:\code\show\Scrap_Steel_In_Field\photos\dangerous_det\detection_20260605_103344.jpg
2026-06-05 10:33:44 [INFO] 成功保存检测结果到: C:\code\show\Scrap_Steel_In_Field\photos\dangerous_det\detection_20260605_103344.jpg
2026-06-05 10:33:44 [INFO] 保存的检测结果文件大小: 2002994 字节
2026-06-05 10:33:44 [INFO] 引擎上下文已释放
2026-06-05 10:33:44 [INFO] TensorRT 引擎已释放
2026-06-05 10:33:44 [INFO] 全局 CUDA 资源已释放
2026-06-05 10:33:44 [INFO] 检测系统资源已释放
2026-06-05 10:33:49 [INFO] CUDA 初始化成功
2026-06-05 10:33:49 [INFO] 引擎加载成功: dangerous.engine
2026-06-05 10:33:49 [INFO] 检测系统初始化成功
2026-06-05 10:33:49 [INFO] 图像预处理完成，原始尺寸: (2160, 3840)
2026-06-05 10:33:49 [INFO] 开始执行目标检测...
2026-06-05 10:33:49 [INFO] 检测完成，找到 3 个物体
2026-06-05 10:33:49 [INFO] 物体 1: GasCyl1 (置信度: 0.88)
2026-06-05 10:33:49 [INFO] 物体 2: GasCyl1 (置信度: 0.75)
2026-06-05 10:33:49 [INFO] 物体 3: GasCyl1 (置信度: 0.55)
2026-06-05 10:33:49 [INFO] 检测到车兜区域，将过滤区域外的目标
2026-06-05 10:33:49 [INFO] 准备保存检测结果到: C:\code\show\Scrap_Steel_In_Field\photos\dangerous_det\detection_20260605_103349.jpg
2026-06-05 10:33:49 [INFO] 图像形状: (2160, 3840, 3)
2026-06-05 10:33:49 [INFO] 图像数据类型: uint8
2026-06-05 10:33:49 [INFO] 图像最大值: 255
2026-06-05 10:33:49 [INFO] 图像最小值: 0
2026-06-05 10:33:49 [INFO] 开始保存检测结果图像: 图像尺寸=(2160, 3840, 3), 类型=uint8, 路径=C:\code\show\Scrap_Steel_In_Field\photos\dangerous_det\detection_20260605_103349.jpg
2026-06-05 10:33:49 [INFO] 成功保存检测结果到: C:\code\show\Scrap_Steel_In_Field\photos\dangerous_det\detection_20260605_103349.jpg
2026-06-05 10:33:49 [INFO] 保存的检测结果文件大小: 2002682 字节
2026-06-05 10:33:49 [INFO] 引擎上下文已释放
2026-06-05 10:33:49 [INFO] TensorRT 引擎已释放
2026-06-05 10:33:49 [INFO] 全局 CUDA 资源已释放
2026-06-05 10:33:49 [INFO] 检测系统资源已释放
2026-06-05 10:33:56 [INFO] CUDA 初始化成功
2026-06-05 10:33:56 [INFO] 引擎加载成功: dangerous.engine
2026-06-05 10:33:56 [INFO] 检测系统初始化成功
2026-06-05 10:33:56 [INFO] 图像预处理完成，原始尺寸: (2160, 3840)
2026-06-05 10:33:56 [INFO] 开始执行目标检测...
2026-06-05 10:33:56 [INFO] 检测完成，找到 3 个物体
2026-06-05 10:33:56 [INFO] 物体 1: GasCyl1 (置信度: 0.90)
2026-06-05 10:33:56 [INFO] 物体 2: GasCyl1 (置信度: 0.80)
2026-06-05 10:33:56 [INFO] 物体 3: GasCyl1 (置信度: 0.53)
2026-06-05 10:33:56 [INFO] 检测到车兜区域，将过滤区域外的目标
2026-06-05 10:33:56 [INFO] 准备保存检测结果到: C:\code\show\Scrap_Steel_In_Field\photos\dangerous_det\detection_20260605_103356.jpg
2026-06-05 10:33:56 [INFO] 图像形状: (2160, 3840, 3)
2026-06-05 10:33:56 [INFO] 图像数据类型: uint8
2026-06-05 10:33:56 [INFO] 图像最大值: 255
2026-06-05 10:33:56 [INFO] 图像最小值: 0
2026-06-05 10:33:56 [INFO] 开始保存检测结果图像: 图像尺寸=(2160, 3840, 3), 类型=uint8, 路径=C:\code\show\Scrap_Steel_In_Field\photos\dangerous_det\detection_20260605_103356.jpg
2026-06-05 10:33:56 [INFO] 成功保存检测结果到: C:\code\show\Scrap_Steel_In_Field\photos\dangerous_det\detection_20260605_103356.jpg
2026-06-05 10:33:56 [INFO] 保存的检测结果文件大小: 1995738 字节
2026-06-05 10:33:56 [INFO] 引擎上下文已释放
2026-06-05 10:33:56 [INFO] TensorRT 引擎已释放
2026-06-05 10:33:56 [INFO] 全局 CUDA 资源已释放
2026-06-05 10:33:56 [INFO] 检测系统资源已释放
2026-06-05 10:34:00 [INFO] CUDA 初始化成功
2026-06-05 10:34:00 [INFO] 引擎加载成功: dangerous.engine
2026-06-05 10:34:00 [INFO] 检测系统初始化成功
2026-06-05 10:34:00 [INFO] 图像预处理完成，原始尺寸: (2160, 3840)
2026-06-05 10:34:00 [INFO] 开始执行目标检测...
2026-06-05 10:34:01 [INFO] 检测完成，找到 3 个物体
2026-06-05 10:34:01 [INFO] 物体 1: GasCyl1 (置信度: 0.89)
2026-06-05 10:34:01 [INFO] 物体 2: GasCyl1 (置信度: 0.77)
2026-06-05 10:34:01 [INFO] 物体 3: GasCyl1 (置信度: 0.72)
2026-06-05 10:34:01 [INFO] 检测到车兜区域，将过滤区域外的目标
2026-06-05 10:34:01 [INFO] 准备保存检测结果到: C:\code\show\Scrap_Steel_In_Field\photos\dangerous_det\detection_20260605_103401.jpg
2026-06-05 10:34:01 [INFO] 图像形状: (2160, 3840, 3)
2026-06-05 10:34:01 [INFO] 图像数据类型: uint8
2026-06-05 10:34:01 [INFO] 图像最大值: 255
2026-06-05 10:34:01 [INFO] 图像最小值: 0
2026-06-05 10:34:01 [INFO] 开始保存检测结果图像: 图像尺寸=(2160, 3840, 3), 类型=uint8, 路径=C:\code\show\Scrap_Steel_In_Field\photos\dangerous_det\detection_20260605_103401.jpg
2026-06-05 10:34:01 [INFO] 成功保存检测结果到: C:\code\show\Scrap_Steel_In_Field\photos\dangerous_det\detection_20260605_103401.jpg
2026-06-05 10:34:01 [INFO] 保存的检测结果文件大小: 1989829 字节
2026-06-05 10:34:01 [INFO] 引擎上下文已释放
2026-06-05 10:34:01 [INFO] TensorRT 引擎已释放
2026-06-05 10:34:01 [INFO] 全局 CUDA 资源已释放
2026-06-05 10:34:01 [INFO] 检测系统资源已释放
2026-06-05 10:34:05 [INFO] CUDA 初始化成功
2026-06-05 10:34:06 [INFO] 引擎加载成功: dangerous.engine
2026-06-05 10:34:06 [INFO] 检测系统初始化成功
2026-06-05 10:34:06 [INFO] 图像预处理完成，原始尺寸: (2160, 3840)
2026-06-05 10:34:06 [INFO] 开始执行目标检测...
2026-06-05 10:34:06 [INFO] 检测完成，找到 3 个物体
2026-06-05 10:34:06 [INFO] 物体 1: GasCyl1 (置信度: 0.89)
2026-06-05 10:34:06 [INFO] 物体 2: GasCyl1 (置信度: 0.80)
2026-06-05 10:34:06 [INFO] 物体 3: GasCyl1 (置信度: 0.59)
2026-06-05 10:34:06 [INFO] 检测到车兜区域，将过滤区域外的目标
2026-06-05 10:34:06 [INFO] 准备保存检测结果到: C:\code\show\Scrap_Steel_In_Field\photos\dangerous_det\detection_20260605_103406.jpg
2026-06-05 10:34:06 [INFO] 图像形状: (2160, 3840, 3)
2026-06-05 10:34:06 [INFO] 图像数据类型: uint8
2026-06-05 10:34:06 [INFO] 图像最大值: 255
2026-06-05 10:34:06 [INFO] 图像最小值: 0
2026-06-05 10:34:06 [INFO] 开始保存检测结果图像: 图像尺寸=(2160, 3840, 3), 类型=uint8, 路径=C:\code\show\Scrap_Steel_In_Field\photos\dangerous_det\detection_20260605_103406.jpg
2026-06-05 10:34:06 [INFO] 成功保存检测结果到: C:\code\show\Scrap_Steel_In_Field\photos\dangerous_det\detection_20260605_103406.jpg
2026-06-05 10:34:06 [INFO] 保存的检测结果文件大小: 1998077 字节
2026-06-05 10:34:06 [INFO] 引擎上下文已释放
2026-06-05 10:34:06 [INFO] TensorRT 引擎已释放
2026-06-05 10:34:06 [INFO] 全局 CUDA 资源已释放
2026-06-05 10:34:06 [INFO] 检测系统资源已释放
2026-06-05 10:34:11 [INFO] CUDA 初始化成功
2026-06-05 10:34:11 [INFO] 引擎加载成功: dangerous.engine
2026-06-05 10:34:11 [INFO] 检测系统初始化成功
2026-06-05 10:34:11 [INFO] 图像预处理完成，原始尺寸: (2160, 3840)
2026-06-05 10:34:11 [INFO] 开始执行目标检测...
2026-06-05 10:34:11 [INFO] 检测完成，找到 3 个物体
2026-06-05 10:34:11 [INFO] 物体 1: GasCyl1 (置信度: 0.90)
2026-06-05 10:34:11 [INFO] 物体 2: GasCyl1 (置信度: 0.80)
2026-06-05 10:34:11 [INFO] 物体 3: GasCyl1 (置信度: 0.63)
2026-06-05 10:34:11 [INFO] 检测到车兜区域，将过滤区域外的目标
2026-06-05 10:34:11 [INFO] 准备保存检测结果到: C:\code\show\Scrap_Steel_In_Field\photos\dangerous_det\detection_20260605_103411.jpg
2026-06-05 10:34:11 [INFO] 图像形状: (2160, 3840, 3)
2026-06-05 10:34:11 [INFO] 图像数据类型: uint8
2026-06-05 10:34:11 [INFO] 图像最大值: 255
2026-06-05 10:34:11 [INFO] 图像最小值: 0
2026-06-05 10:34:11 [INFO] 开始保存检测结果图像: 图像尺寸=(2160, 3840, 3), 类型=uint8, 路径=C:\code\show\Scrap_Steel_In_Field\photos\dangerous_det\detection_20260605_103411.jpg
2026-06-05 10:34:11 [INFO] 成功保存检测结果到: C:\code\show\Scrap_Steel_In_Field\photos\dangerous_det\detection_20260605_103411.jpg
2026-06-05 10:34:11 [INFO] 保存的检测结果文件大小: 1992194 字节
2026-06-05 10:34:11 [INFO] 引擎上下文已释放
2026-06-05 10:34:11 [INFO] TensorRT 引擎已释放
2026-06-05 10:34:11 [INFO] 全局 CUDA 资源已释放
2026-06-05 10:34:11 [INFO] 检测系统资源已释放
2026-06-05 10:34:16 [INFO] CUDA 初始化成功
2026-06-05 10:34:16 [INFO] 引擎加载成功: dangerous.engine
2026-06-05 10:34:16 [INFO] 检测系统初始化成功
2026-06-05 10:34:16 [INFO] 图像预处理完成，原始尺寸: (2160, 3840)
2026-06-05 10:34:16 [INFO] 开始执行目标检测...
2026-06-05 10:34:16 [INFO] 检测完成，找到 3 个物体
2026-06-05 10:34:16 [INFO] 物体 1: GasCyl1 (置信度: 0.90)
2026-06-05 10:34:16 [INFO] 物体 2: GasCyl1 (置信度: 0.79)
2026-06-05 10:34:16 [INFO] 物体 3: FireExt1 (置信度: 0.37)
2026-06-05 10:34:16 [INFO] 检测到车兜区域，将过滤区域外的目标
2026-06-05 10:34:16 [INFO] 准备保存检测结果到: C:\code\show\Scrap_Steel_In_Field\photos\dangerous_det\detection_20260605_103416.jpg
2026-06-05 10:34:16 [INFO] 图像形状: (2160, 3840, 3)
2026-06-05 10:34:16 [INFO] 图像数据类型: uint8
2026-06-05 10:34:16 [INFO] 图像最大值: 255
2026-06-05 10:34:16 [INFO] 图像最小值: 0
2026-06-05 10:34:16 [INFO] 开始保存检测结果图像: 图像尺寸=(2160, 3840, 3), 类型=uint8, 路径=C:\code\show\Scrap_Steel_In_Field\photos\dangerous_det\detection_20260605_103416.jpg
2026-06-05 10:34:16 [INFO] 成功保存检测结果到: C:\code\show\Scrap_Steel_In_Field\photos\dangerous_det\detection_20260605_103416.jpg
2026-06-05 10:34:16 [INFO] 保存的检测结果文件大小: 1995564 字节
2026-06-05 10:34:16 [INFO] 引擎上下文已释放
2026-06-05 10:34:16 [INFO] TensorRT 引擎已释放
2026-06-05 10:34:16 [INFO] 全局 CUDA 资源已释放
2026-06-05 10:34:16 [INFO] 检测系统资源已释放
2026-06-05 10:34:21 [INFO] CUDA 初始化成功
2026-06-05 10:34:21 [INFO] 引擎加载成功: dangerous.engine
2026-06-05 10:34:21 [INFO] 检测系统初始化成功
2026-06-05 10:34:21 [INFO] 图像预处理完成，原始尺寸: (2160, 3840)
2026-06-05 10:34:21 [INFO] 开始执行目标检测...
2026-06-05 10:34:21 [INFO] 检测完成，找到 4 个物体
2026-06-05 10:34:21 [INFO] 物体 1: GasCyl1 (置信度: 0.89)
2026-06-05 10:34:21 [INFO] 物体 2: GasCyl1 (置信度: 0.79)
2026-06-05 10:34:21 [INFO] 物体 3: GasCyl1 (置信度: 0.70)
2026-06-05 10:34:21 [INFO] 物体 4: FireExt1 (置信度: 0.35)
2026-06-05 10:34:21 [INFO] 检测到车兜区域，将过滤区域外的目标
2026-06-05 10:34:21 [INFO] 准备保存检测结果到: C:\code\show\Scrap_Steel_In_Field\photos\dangerous_det\detection_20260605_103421.jpg
2026-06-05 10:34:21 [INFO] 图像形状: (2160, 3840, 3)
2026-06-05 10:34:21 [INFO] 图像数据类型: uint8
2026-06-05 10:34:21 [INFO] 图像最大值: 255
2026-06-05 10:34:21 [INFO] 图像最小值: 0
2026-06-05 10:34:21 [INFO] 开始保存检测结果图像: 图像尺寸=(2160, 3840, 3), 类型=uint8, 路径=C:\code\show\Scrap_Steel_In_Field\photos\dangerous_det\detection_20260605_103421.jpg
2026-06-05 10:34:21 [INFO] 成功保存检测结果到: C:\code\show\Scrap_Steel_In_Field\photos\dangerous_det\detection_20260605_103421.jpg
2026-06-05 10:34:21 [INFO] 保存的检测结果文件大小: 2000100 字节
2026-06-05 10:34:21 [INFO] 引擎上下文已释放
2026-06-05 10:34:21 [INFO] TensorRT 引擎已释放
2026-06-05 10:34:21 [INFO] 全局 CUDA 资源已释放
2026-06-05 10:34:21 [INFO] 检测系统资源已释放
2026-06-05 10:34:26 [INFO] CUDA 初始化成功
2026-06-05 10:34:26 [INFO] 引擎加载成功: dangerous.engine
2026-06-05 10:34:26 [INFO] 检测系统初始化成功
2026-06-05 10:34:26 [INFO] 图像预处理完成，原始尺寸: (2160, 3840)
2026-06-05 10:34:26 [INFO] 开始执行目标检测...
2026-06-05 10:34:26 [INFO] 检测完成，找到 3 个物体
2026-06-05 10:34:26 [INFO] 物体 1: GasCyl1 (置信度: 0.89)
2026-06-05 10:34:26 [INFO] 物体 2: GasCyl1 (置信度: 0.76)
2026-06-05 10:34:26 [INFO] 物体 3: GasCyl1 (置信度: 0.67)
2026-06-05 10:34:27 [INFO] 检测到车兜区域，将过滤区域外的目标
2026-06-05 10:34:27 [INFO] 准备保存检测结果到: C:\code\show\Scrap_Steel_In_Field\photos\dangerous_det\detection_20260605_103427.jpg
2026-06-05 10:34:27 [INFO] 图像形状: (2160, 3840, 3)
2026-06-05 10:34:27 [INFO] 图像数据类型: uint8
2026-06-05 10:34:27 [INFO] 图像最大值: 255
2026-06-05 10:34:27 [INFO] 图像最小值: 0
2026-06-05 10:34:27 [INFO] 开始保存检测结果图像: 图像尺寸=(2160, 3840, 3), 类型=uint8, 路径=C:\code\show\Scrap_Steel_In_Field\photos\dangerous_det\detection_20260605_103427.jpg
2026-06-05 10:34:27 [INFO] 成功保存检测结果到: C:\code\show\Scrap_Steel_In_Field\photos\dangerous_det\detection_20260605_103427.jpg
2026-06-05 10:34:27 [INFO] 保存的检测结果文件大小: 1997702 字节
2026-06-05 10:34:27 [INFO] 引擎上下文已释放
2026-06-05 10:34:27 [INFO] TensorRT 引擎已释放
2026-06-05 10:34:27 [INFO] 全局 CUDA 资源已释放
2026-06-05 10:34:27 [INFO] 检测系统资源已释放
2026-06-05 10:34:31 [INFO] CUDA 初始化成功
2026-06-05 10:34:32 [INFO] 引擎加载成功: dangerous.engine
2026-06-05 10:34:32 [INFO] 检测系统初始化成功
2026-06-05 10:34:32 [INFO] 图像预处理完成，原始尺寸: (2160, 3840)
2026-06-05 10:34:32 [INFO] 开始执行目标检测...
2026-06-05 10:34:32 [INFO] 检测完成，找到 3 个物体
2026-06-05 10:34:32 [INFO] 物体 1: GasCyl1 (置信度: 0.90)
2026-06-05 10:34:32 [INFO] 物体 2: GasCyl1 (置信度: 0.80)
2026-06-05 10:34:32 [INFO] 物体 3: GasCyl1 (置信度: 0.70)
2026-06-05 10:34:32 [INFO] 检测到车兜区域，将过滤区域外的目标
2026-06-05 10:34:32 [INFO] 准备保存检测结果到: C:\code\show\Scrap_Steel_In_Field\photos\dangerous_det\detection_20260605_103432.jpg
2026-06-05 10:34:32 [INFO] 图像形状: (2160, 3840, 3)
2026-06-05 10:34:32 [INFO] 图像数据类型: uint8
2026-06-05 10:34:32 [INFO] 图像最大值: 255
2026-06-05 10:34:32 [INFO] 图像最小值: 0
2026-06-05 10:34:32 [INFO] 开始保存检测结果图像: 图像尺寸=(2160, 3840, 3), 类型=uint8, 路径=C:\code\show\Scrap_Steel_In_Field\photos\dangerous_det\detection_20260605_103432.jpg
2026-06-05 10:34:32 [INFO] 成功保存检测结果到: C:\code\show\Scrap_Steel_In_Field\photos\dangerous_det\detection_20260605_103432.jpg
2026-06-05 10:34:32 [INFO] 保存的检测结果文件大小: 1990566 字节
2026-06-05 10:34:32 [INFO] 引擎上下文已释放
2026-06-05 10:34:32 [INFO] TensorRT 引擎已释放
2026-06-05 10:34:32 [INFO] 全局 CUDA 资源已释放
2026-06-05 10:34:32 [INFO] 检测系统资源已释放
2026-06-05 10:34:37 [INFO] CUDA 初始化成功
2026-06-05 10:34:37 [INFO] 引擎加载成功: dangerous.engine
2026-06-05 10:34:37 [INFO] 检测系统初始化成功
2026-06-05 10:34:37 [INFO] 图像预处理完成，原始尺寸: (2160, 3840)
2026-06-05 10:34:37 [INFO] 开始执行目标检测...
2026-06-05 10:34:37 [INFO] 检测完成，找到 3 个物体
2026-06-05 10:34:37 [INFO] 物体 1: GasCyl1 (置信度: 0.90)
2026-06-05 10:34:37 [INFO] 物体 2: GasCyl1 (置信度: 0.72)
2026-06-05 10:34:37 [INFO] 物体 3: GasCyl1 (置信度: 0.59)
2026-06-05 10:34:37 [INFO] 检测到车兜区域，将过滤区域外的目标
2026-06-05 10:34:37 [INFO] 准备保存检测结果到: C:\code\show\Scrap_Steel_In_Field\photos\dangerous_det\detection_20260605_103437.jpg
2026-06-05 10:34:37 [INFO] 图像形状: (2160, 3840, 3)
2026-06-05 10:34:37 [INFO] 图像数据类型: uint8
2026-06-05 10:34:37 [INFO] 图像最大值: 255
2026-06-05 10:34:37 [INFO] 图像最小值: 0
2026-06-05 10:34:37 [INFO] 开始保存检测结果图像: 图像尺寸=(2160, 3840, 3), 类型=uint8, 路径=C:\code\show\Scrap_Steel_In_Field\photos\dangerous_det\detection_20260605_103437.jpg
2026-06-05 10:34:37 [INFO] 成功保存检测结果到: C:\code\show\Scrap_Steel_In_Field\photos\dangerous_det\detection_20260605_103437.jpg
2026-06-05 10:34:37 [INFO] 保存的检测结果文件大小: 1993861 字节
2026-06-05 10:34:37 [INFO] 引擎上下文已释放
2026-06-05 10:34:37 [INFO] TensorRT 引擎已释放
2026-06-05 10:34:37 [INFO] 全局 CUDA 资源已释放
2026-06-05 10:34:37 [INFO] 检测系统资源已释放
2026-06-05 10:34:42 [INFO] CUDA 初始化成功
2026-06-05 10:34:42 [INFO] 引擎加载成功: dangerous.engine
2026-06-05 10:34:42 [INFO] 检测系统初始化成功
2026-06-05 10:34:42 [INFO] 图像预处理完成，原始尺寸: (2160, 3840)
2026-06-05 10:34:42 [INFO] 开始执行目标检测...
2026-06-05 10:34:42 [INFO] 检测完成，找到 3 个物体
2026-06-05 10:34:42 [INFO] 物体 1: GasCyl1 (置信度: 0.89)
2026-06-05 10:34:42 [INFO] 物体 2: GasCyl1 (置信度: 0.77)
2026-06-05 10:34:42 [INFO] 物体 3: GasCyl1 (置信度: 0.66)
2026-06-05 10:34:42 [INFO] 检测到车兜区域，将过滤区域外的目标
2026-06-05 10:34:42 [INFO] 准备保存检测结果到: C:\code\show\Scrap_Steel_In_Field\photos\dangerous_det\detection_20260605_103442.jpg
2026-06-05 10:34:42 [INFO] 图像形状: (2160, 3840, 3)
2026-06-05 10:34:42 [INFO] 图像数据类型: uint8
2026-06-05 10:34:42 [INFO] 图像最大值: 255
2026-06-05 10:34:43 [INFO] 图像最小值: 0
2026-06-05 10:34:43 [INFO] 开始保存检测结果图像: 图像尺寸=(2160, 3840, 3), 类型=uint8, 路径=C:\code\show\Scrap_Steel_In_Field\photos\dangerous_det\detection_20260605_103442.jpg
2026-06-05 10:34:43 [INFO] 成功保存检测结果到: C:\code\show\Scrap_Steel_In_Field\photos\dangerous_det\detection_20260605_103442.jpg
2026-06-05 10:34:43 [INFO] 保存的检测结果文件大小: 1994414 字节
2026-06-05 10:34:43 [INFO] 引擎上下文已释放
2026-06-05 10:34:43 [INFO] TensorRT 引擎已释放
2026-06-05 10:34:43 [INFO] 全局 CUDA 资源已释放
2026-06-05 10:34:43 [INFO] 检测系统资源已释放
2026-06-05 10:34:47 [INFO] CUDA 初始化成功
2026-06-05 10:34:47 [INFO] 引擎加载成功: dangerous.engine
2026-06-05 10:34:47 [INFO] 检测系统初始化成功
2026-06-05 10:34:47 [INFO] 图像预处理完成，原始尺寸: (2160, 3840)
2026-06-05 10:34:47 [INFO] 开始执行目标检测...
2026-06-05 10:34:47 [INFO] 检测完成，找到 3 个物体
2026-06-05 10:34:47 [INFO] 物体 1: GasCyl1 (置信度: 0.90)
2026-06-05 10:34:47 [INFO] 物体 2: GasCyl1 (置信度: 0.79)
2026-06-05 10:34:47 [INFO] 物体 3: GasCyl1 (置信度: 0.60)
2026-06-05 10:34:47 [INFO] 检测到车兜区域，将过滤区域外的目标
2026-06-05 10:34:47 [INFO] 准备保存检测结果到: C:\code\show\Scrap_Steel_In_Field\photos\dangerous_det\detection_20260605_103447.jpg
2026-06-05 10:34:47 [INFO] 图像形状: (2160, 3840, 3)
2026-06-05 10:34:47 [INFO] 图像数据类型: uint8
2026-06-05 10:34:47 [INFO] 图像最大值: 255
2026-06-05 10:34:47 [INFO] 图像最小值: 0
2026-06-05 10:34:47 [INFO] 开始保存检测结果图像: 图像尺寸=(2160, 3840, 3), 类型=uint8, 路径=C:\code\show\Scrap_Steel_In_Field\photos\dangerous_det\detection_20260605_103447.jpg
2026-06-05 10:34:47 [INFO] 成功保存检测结果到: C:\code\show\Scrap_Steel_In_Field\photos\dangerous_det\detection_20260605_103447.jpg
2026-06-05 10:34:47 [INFO] 保存的检测结果文件大小: 1994736 字节
2026-06-05 10:34:47 [INFO] 引擎上下文已释放
2026-06-05 10:34:47 [INFO] TensorRT 引擎已释放
2026-06-05 10:34:47 [INFO] 全局 CUDA 资源已释放
2026-06-05 10:34:47 [INFO] 检测系统资源已释放
2026-06-05 10:34:52 [INFO] CUDA 初始化成功
2026-06-05 10:34:52 [INFO] 引擎加载成功: dangerous.engine
2026-06-05 10:34:52 [INFO] 检测系统初始化成功
2026-06-05 10:34:52 [INFO] 图像预处理完成，原始尺寸: (2160, 3840)
2026-06-05 10:34:52 [INFO] 开始执行目标检测...
2026-06-05 10:34:52 [INFO] 检测完成，找到 3 个物体
2026-06-05 10:34:52 [INFO] 物体 1: GasCyl1 (置信度: 0.89)
2026-06-05 10:34:52 [INFO] 物体 2: GasCyl1 (置信度: 0.77)
2026-06-05 10:34:52 [INFO] 物体 3: GasCyl1 (置信度: 0.65)
2026-06-05 10:34:52 [INFO] 检测到车兜区域，将过滤区域外的目标
2026-06-05 10:34:52 [INFO] 准备保存检测结果到: C:\code\show\Scrap_Steel_In_Field\photos\dangerous_det\detection_20260605_103452.jpg
2026-06-05 10:34:52 [INFO] 图像形状: (2160, 3840, 3)
2026-06-05 10:34:52 [INFO] 图像数据类型: uint8
2026-06-05 10:34:52 [INFO] 图像最大值: 255
2026-06-05 10:34:52 [INFO] 图像最小值: 0
2026-06-05 10:34:52 [INFO] 开始保存检测结果图像: 图像尺寸=(2160, 3840, 3), 类型=uint8, 路径=C:\code\show\Scrap_Steel_In_Field\photos\dangerous_det\detection_20260605_103452.jpg
2026-06-05 10:34:52 [INFO] 成功保存检测结果到: C:\code\show\Scrap_Steel_In_Field\photos\dangerous_det\detection_20260605_103452.jpg
2026-06-05 10:34:52 [INFO] 保存的检测结果文件大小: 1995246 字节
2026-06-05 10:34:52 [INFO] 引擎上下文已释放
2026-06-05 10:34:52 [INFO] TensorRT 引擎已释放
2026-06-05 10:34:52 [INFO] 全局 CUDA 资源已释放
2026-06-05 10:34:52 [INFO] 检测系统资源已释放
2026-06-05 10:34:58 [INFO] CUDA 初始化成功
2026-06-05 10:34:58 [INFO] 引擎加载成功: dangerous.engine
2026-06-05 10:34:58 [INFO] 检测系统初始化成功
2026-06-05 10:34:58 [INFO] 图像预处理完成，原始尺寸: (2160, 3840)
2026-06-05 10:34:58 [INFO] 开始执行目标检测...
2026-06-05 10:34:58 [INFO] 检测完成，找到 3 个物体
2026-06-05 10:34:58 [INFO] 物体 1: GasCyl1 (置信度: 0.89)
2026-06-05 10:34:58 [INFO] 物体 2: GasCyl1 (置信度: 0.79)
2026-06-05 10:34:58 [INFO] 物体 3: GasCyl1 (置信度: 0.57)
2026-06-05 10:34:58 [INFO] 检测到车兜区域，将过滤区域外的目标
2026-06-05 10:34:58 [INFO] 准备保存检测结果到: C:\code\show\Scrap_Steel_In_Field\photos\dangerous_det\detection_20260605_103458.jpg
2026-06-05 10:34:58 [INFO] 图像形状: (2160, 3840, 3)
2026-06-05 10:34:58 [INFO] 图像数据类型: uint8
2026-06-05 10:34:58 [INFO] 图像最大值: 255
2026-06-05 10:34:58 [INFO] 图像最小值: 0
2026-06-05 10:34:58 [INFO] 开始保存检测结果图像: 图像尺寸=(2160, 3840, 3), 类型=uint8, 路径=C:\code\show\Scrap_Steel_In_Field\photos\dangerous_det\detection_20260605_103458.jpg
2026-06-05 10:34:58 [INFO] 成功保存检测结果到: C:\code\show\Scrap_Steel_In_Field\photos\dangerous_det\detection_20260605_103458.jpg
2026-06-05 10:34:58 [INFO] 保存的检测结果文件大小: 1997214 字节
2026-06-05 10:34:58 [INFO] 引擎上下文已释放
2026-06-05 10:34:58 [INFO] TensorRT 引擎已释放
2026-06-05 10:34:58 [INFO] 全局 CUDA 资源已释放
2026-06-05 10:34:58 [INFO] 检测系统资源已释放
2026-06-05 10:35:03 [INFO] CUDA 初始化成功
2026-06-05 10:35:03 [INFO] 引擎加载成功: dangerous.engine
2026-06-05 10:35:03 [INFO] 检测系统初始化成功
2026-06-05 10:35:03 [INFO] 图像预处理完成，原始尺寸: (2160, 3840)
2026-06-05 10:35:03 [INFO] 开始执行目标检测...
2026-06-05 10:35:03 [INFO] 检测完成，找到 3 个物体
2026-06-05 10:35:03 [INFO] 物体 1: GasCyl1 (置信度: 0.90)
2026-06-05 10:35:03 [INFO] 物体 2: GasCyl1 (置信度: 0.79)
2026-06-05 10:35:03 [INFO] 物体 3: GasCyl1 (置信度: 0.47)
2026-06-05 10:35:03 [INFO] 检测到车兜区域，将过滤区域外的目标
2026-06-05 10:35:03 [INFO] 准备保存检测结果到: C:\code\show\Scrap_Steel_In_Field\photos\dangerous_det\detection_20260605_103503.jpg
2026-06-05 10:35:03 [INFO] 图像形状: (2160, 3840, 3)
2026-06-05 10:35:03 [INFO] 图像数据类型: uint8
2026-06-05 10:35:03 [INFO] 图像最大值: 255
2026-06-05 10:35:03 [INFO] 图像最小值: 0
2026-06-05 10:35:03 [INFO] 开始保存检测结果图像: 图像尺寸=(2160, 3840, 3), 类型=uint8, 路径=C:\code\show\Scrap_Steel_In_Field\photos\dangerous_det\detection_20260605_103503.jpg
2026-06-05 10:35:03 [INFO] 成功保存检测结果到: C:\code\show\Scrap_Steel_In_Field\photos\dangerous_det\detection_20260605_103503.jpg
2026-06-05 10:35:03 [INFO] 保存的检测结果文件大小: 1994496 字节
2026-06-05 10:35:03 [INFO] 引擎上下文已释放
2026-06-05 10:35:03 [INFO] TensorRT 引擎已释放
2026-06-05 10:35:03 [INFO] 全局 CUDA 资源已释放
2026-06-05 10:35:03 [INFO] 检测系统资源已释放
2026-06-05 10:35:08 [INFO] CUDA 初始化成功
2026-06-05 10:35:08 [INFO] 引擎加载成功: dangerous.engine
2026-06-05 10:35:08 [INFO] 检测系统初始化成功
2026-06-05 10:35:08 [INFO] 图像预处理完成，原始尺寸: (2160, 3840)
2026-06-05 10:35:08 [INFO] 开始执行目标检测...
2026-06-05 10:35:08 [INFO] 检测完成，找到 3 个物体
2026-06-05 10:35:08 [INFO] 物体 1: GasCyl1 (置信度: 0.90)
2026-06-05 10:35:08 [INFO] 物体 2: GasCyl1 (置信度: 0.80)
2026-06-05 10:35:08 [INFO] 物体 3: GasCyl1 (置信度: 0.60)
2026-06-05 10:35:08 [INFO] 检测到车兜区域，将过滤区域外的目标
2026-06-05 10:35:08 [INFO] 准备保存检测结果到: C:\code\show\Scrap_Steel_In_Field\photos\dangerous_det\detection_20260605_103508.jpg
2026-06-05 10:35:08 [INFO] 图像形状: (2160, 3840, 3)
2026-06-05 10:35:08 [INFO] 图像数据类型: uint8
2026-06-05 10:35:08 [INFO] 图像最大值: 255
2026-06-05 10:35:08 [INFO] 图像最小值: 0
2026-06-05 10:35:08 [INFO] 开始保存检测结果图像: 图像尺寸=(2160, 3840, 3), 类型=uint8, 路径=C:\code\show\Scrap_Steel_In_Field\photos\dangerous_det\detection_20260605_103508.jpg
2026-06-05 10:35:08 [INFO] 成功保存检测结果到: C:\code\show\Scrap_Steel_In_Field\photos\dangerous_det\detection_20260605_103508.jpg
2026-06-05 10:35:08 [INFO] 保存的检测结果文件大小: 1989650 字节
2026-06-05 10:35:08 [INFO] 引擎上下文已释放
2026-06-05 10:35:08 [INFO] TensorRT 引擎已释放
2026-06-05 10:35:08 [INFO] 全局 CUDA 资源已释放
2026-06-05 10:35:08 [INFO] 检测系统资源已释放
2026-06-05 10:35:13 [INFO] CUDA 初始化成功
2026-06-05 10:35:14 [INFO] 引擎加载成功: dangerous.engine
2026-06-05 10:35:14 [INFO] 检测系统初始化成功
2026-06-05 10:35:14 [INFO] 图像预处理完成，原始尺寸: (2160, 3840)
2026-06-05 10:35:14 [INFO] 开始执行目标检测...
2026-06-05 10:35:14 [INFO] 检测完成，找到 3 个物体
2026-06-05 10:35:14 [INFO] 物体 1: GasCyl1 (置信度: 0.90)
2026-06-05 10:35:14 [INFO] 物体 2: GasCyl1 (置信度: 0.78)
2026-06-05 10:35:14 [INFO] 物体 3: GasCyl1 (置信度: 0.57)
2026-06-05 10:35:14 [INFO] 检测到车兜区域，将过滤区域外的目标
2026-06-05 10:35:14 [INFO] 准备保存检测结果到: C:\code\show\Scrap_Steel_In_Field\photos\dangerous_det\detection_20260605_103514.jpg
2026-06-05 10:35:14 [INFO] 图像形状: (2160, 3840, 3)
2026-06-05 10:35:14 [INFO] 图像数据类型: uint8
2026-06-05 10:35:14 [INFO] 图像最大值: 255
2026-06-05 10:35:14 [INFO] 图像最小值: 0
2026-06-05 10:35:14 [INFO] 开始保存检测结果图像: 图像尺寸=(2160, 3840, 3), 类型=uint8, 路径=C:\code\show\Scrap_Steel_In_Field\photos\dangerous_det\detection_20260605_103514.jpg
2026-06-05 10:35:14 [INFO] 成功保存检测结果到: C:\code\show\Scrap_Steel_In_Field\photos\dangerous_det\detection_20260605_103514.jpg
2026-06-05 10:35:14 [INFO] 保存的检测结果文件大小: 2000916 字节
2026-06-05 10:35:14 [INFO] 引擎上下文已释放
2026-06-05 10:35:14 [INFO] TensorRT 引擎已释放
2026-06-05 10:35:14 [INFO] 全局 CUDA 资源已释放
2026-06-05 10:35:14 [INFO] 检测系统资源已释放
2026-06-05 10:35:19 [INFO] CUDA 初始化成功
2026-06-05 10:35:19 [INFO] 引擎加载成功: dangerous.engine
2026-06-05 10:35:19 [INFO] 检测系统初始化成功
2026-06-05 10:35:19 [INFO] 图像预处理完成，原始尺寸: (2160, 3840)
2026-06-05 10:35:19 [INFO] 开始执行目标检测...
2026-06-05 10:35:19 [INFO] 检测完成，找到 3 个物体
2026-06-05 10:35:19 [INFO] 物体 1: GasCyl1 (置信度: 0.89)
2026-06-05 10:35:19 [INFO] 物体 2: GasCyl1 (置信度: 0.75)
2026-06-05 10:35:19 [INFO] 物体 3: GasCyl1 (置信度: 0.47)
2026-06-05 10:35:19 [INFO] 检测到车兜区域，将过滤区域外的目标
2026-06-05 10:35:19 [INFO] 准备保存检测结果到: C:\code\show\Scrap_Steel_In_Field\photos\dangerous_det\detection_20260605_103519.jpg
2026-06-05 10:35:19 [INFO] 图像形状: (2160, 3840, 3)
2026-06-05 10:35:19 [INFO] 图像数据类型: uint8
2026-06-05 10:35:19 [INFO] 图像最大值: 255
2026-06-05 10:35:19 [INFO] 图像最小值: 0
2026-06-05 10:35:19 [INFO] 开始保存检测结果图像: 图像尺寸=(2160, 3840, 3), 类型=uint8, 路径=C:\code\show\Scrap_Steel_In_Field\photos\dangerous_det\detection_20260605_103519.jpg
2026-06-05 10:35:19 [INFO] 成功保存检测结果到: C:\code\show\Scrap_Steel_In_Field\photos\dangerous_det\detection_20260605_103519.jpg
2026-06-05 10:35:19 [INFO] 保存的检测结果文件大小: 1997574 字节
2026-06-05 10:35:19 [INFO] 引擎上下文已释放
2026-06-05 10:35:19 [INFO] TensorRT 引擎已释放
2026-06-05 10:35:19 [INFO] 全局 CUDA 资源已释放
2026-06-05 10:35:19 [INFO] 检测系统资源已释放
2026-06-05 10:35:24 [INFO] CUDA 初始化成功
2026-06-05 10:35:24 [INFO] 引擎加载成功: dangerous.engine
2026-06-05 10:35:24 [INFO] 检测系统初始化成功
2026-06-05 10:35:24 [INFO] 图像预处理完成，原始尺寸: (2160, 3840)
2026-06-05 10:35:24 [INFO] 开始执行目标检测...
2026-06-05 10:35:24 [INFO] 检测完成，找到 3 个物体
2026-06-05 10:35:24 [INFO] 物体 1: GasCyl1 (置信度: 0.90)
2026-06-05 10:35:24 [INFO] 物体 2: GasCyl1 (置信度: 0.78)
2026-06-05 10:35:24 [INFO] 物体 3: GasCyl1 (置信度: 0.62)
2026-06-05 10:35:24 [INFO] 检测到车兜区域，将过滤区域外的目标
2026-06-05 10:35:24 [INFO] 准备保存检测结果到: C:\code\show\Scrap_Steel_In_Field\photos\dangerous_det\detection_20260605_103524.jpg
2026-06-05 10:35:24 [INFO] 图像形状: (2160, 3840, 3)
2026-06-05 10:35:24 [INFO] 图像数据类型: uint8
2026-06-05 10:35:24 [INFO] 图像最大值: 255
2026-06-05 10:35:24 [INFO] 图像最小值: 0
2026-06-05 10:35:24 [INFO] 开始保存检测结果图像: 图像尺寸=(2160, 3840, 3), 类型=uint8, 路径=C:\code\show\Scrap_Steel_In_Field\photos\dangerous_det\detection_20260605_103524.jpg
2026-06-05 10:35:24 [INFO] 成功保存检测结果到: C:\code\show\Scrap_Steel_In_Field\photos\dangerous_det\detection_20260605_103524.jpg
2026-06-05 10:35:24 [INFO] 保存的检测结果文件大小: 1998595 字节
2026-06-05 10:35:24 [INFO] 引擎上下文已释放
2026-06-05 10:35:24 [INFO] TensorRT 引擎已释放
2026-06-05 10:35:24 [INFO] 全局 CUDA 资源已释放
2026-06-05 10:35:24 [INFO] 检测系统资源已释放
2026-06-05 10:35:29 [INFO] CUDA 初始化成功
2026-06-05 10:35:29 [INFO] 引擎加载成功: dangerous.engine
2026-06-05 10:35:29 [INFO] 检测系统初始化成功
2026-06-05 10:35:29 [INFO] 图像预处理完成，原始尺寸: (2160, 3840)
2026-06-05 10:35:29 [INFO] 开始执行目标检测...
2026-06-05 10:35:29 [INFO] 检测完成，找到 3 个物体
2026-06-05 10:35:29 [INFO] 物体 1: GasCyl1 (置信度: 0.89)
2026-06-05 10:35:29 [INFO] 物体 2: GasCyl1 (置信度: 0.79)
2026-06-05 10:35:29 [INFO] 物体 3: GasCyl1 (置信度: 0.43)
2026-06-05 10:35:29 [INFO] 检测到车兜区域，将过滤区域外的目标
2026-06-05 10:35:29 [INFO] 准备保存检测结果到: C:\code\show\Scrap_Steel_In_Field\photos\dangerous_det\detection_20260605_103529.jpg
2026-06-05 10:35:29 [INFO] 图像形状: (2160, 3840, 3)
2026-06-05 10:35:29 [INFO] 图像数据类型: uint8
2026-06-05 10:35:29 [INFO] 图像最大值: 255
2026-06-05 10:35:29 [INFO] 图像最小值: 0
2026-06-05 10:35:29 [INFO] 开始保存检测结果图像: 图像尺寸=(2160, 3840, 3), 类型=uint8, 路径=C:\code\show\Scrap_Steel_In_Field\photos\dangerous_det\detection_20260605_103529.jpg
2026-06-05 10:35:30 [INFO] 成功保存检测结果到: C:\code\show\Scrap_Steel_In_Field\photos\dangerous_det\detection_20260605_103529.jpg
2026-06-05 10:35:30 [INFO] 保存的检测结果文件大小: 2001158 字节
2026-06-05 10:35:30 [INFO] 引擎上下文已释放
2026-06-05 10:35:30 [INFO] TensorRT 引擎已释放
2026-06-05 10:35:30 [INFO] 全局 CUDA 资源已释放
2026-06-05 10:35:30 [INFO] 检测系统资源已释放
2026-06-05 10:35:34 [INFO] CUDA 初始化成功
2026-06-05 10:35:35 [INFO] 引擎加载成功: dangerous.engine
2026-06-05 10:35:35 [INFO] 检测系统初始化成功
2026-06-05 10:35:35 [INFO] 图像预处理完成，原始尺寸: (2160, 3840)
2026-06-05 10:35:35 [INFO] 开始执行目标检测...
2026-06-05 10:35:35 [INFO] 检测完成，找到 3 个物体
2026-06-05 10:35:35 [INFO] 物体 1: GasCyl1 (置信度: 0.90)
2026-06-05 10:35:35 [INFO] 物体 2: GasCyl1 (置信度: 0.78)
2026-06-05 10:35:35 [INFO] 物体 3: GasCyl1 (置信度: 0.52)
2026-06-05 10:35:35 [INFO] 检测到车兜区域，将过滤区域外的目标
2026-06-05 10:35:35 [INFO] 准备保存检测结果到: C:\code\show\Scrap_Steel_In_Field\photos\dangerous_det\detection_20260605_103535.jpg
2026-06-05 10:35:35 [INFO] 图像形状: (2160, 3840, 3)
2026-06-05 10:35:35 [INFO] 图像数据类型: uint8
2026-06-05 10:35:35 [INFO] 图像最大值: 255
2026-06-05 10:35:35 [INFO] 图像最小值: 0
2026-06-05 10:35:35 [INFO] 开始保存检测结果图像: 图像尺寸=(2160, 3840, 3), 类型=uint8, 路径=C:\code\show\Scrap_Steel_In_Field\photos\dangerous_det\detection_20260605_103535.jpg
2026-06-05 10:35:35 [INFO] 成功保存检测结果到: C:\code\show\Scrap_Steel_In_Field\photos\dangerous_det\detection_20260605_103535.jpg
2026-06-05 10:35:35 [INFO] 保存的检测结果文件大小: 1999224 字节
2026-06-05 10:35:35 [INFO] 引擎上下文已释放
2026-06-05 10:35:35 [INFO] TensorRT 引擎已释放
2026-06-05 10:35:35 [INFO] 全局 CUDA 资源已释放
2026-06-05 10:35:35 [INFO] 检测系统资源已释放
2026-06-05 10:35:40 [INFO] CUDA 初始化成功
2026-06-05 10:35:40 [INFO] 引擎加载成功: dangerous.engine
2026-06-05 10:35:40 [INFO] 检测系统初始化成功
2026-06-05 10:35:40 [INFO] 图像预处理完成，原始尺寸: (2160, 3840)
2026-06-05 10:35:40 [INFO] 开始执行目标检测...
2026-06-05 10:35:41 [INFO] 检测完成，找到 3 个物体
2026-06-05 10:35:41 [INFO] 物体 1: GasCyl1 (置信度: 0.89)
2026-06-05 10:35:41 [INFO] 物体 2: GasCyl1 (置信度: 0.79)
2026-06-05 10:35:41 [INFO] 物体 3: FireExt1 (置信度: 0.42)
2026-06-05 10:35:41 [INFO] 检测到车兜区域，将过滤区域外的目标
2026-06-05 10:35:41 [INFO] 准备保存检测结果到: C:\code\show\Scrap_Steel_In_Field\photos\dangerous_det\detection_20260605_103541.jpg
2026-06-05 10:35:41 [INFO] 图像形状: (2160, 3840, 3)
2026-06-05 10:35:41 [INFO] 图像数据类型: uint8
2026-06-05 10:35:41 [INFO] 图像最大值: 255
2026-06-05 10:35:41 [INFO] 图像最小值: 0
2026-06-05 10:35:41 [INFO] 开始保存检测结果图像: 图像尺寸=(2160, 3840, 3), 类型=uint8, 路径=C:\code\show\Scrap_Steel_In_Field\photos\dangerous_det\detection_20260605_103541.jpg
2026-06-05 10:35:41 [INFO] 成功保存检测结果到: C:\code\show\Scrap_Steel_In_Field\photos\dangerous_det\detection_20260605_103541.jpg
2026-06-05 10:35:41 [INFO] 保存的检测结果文件大小: 1994868 字节
2026-06-05 10:35:41 [INFO] 引擎上下文已释放
2026-06-05 10:35:41 [INFO] TensorRT 引擎已释放
2026-06-05 10:35:41 [INFO] 全局 CUDA 资源已释放
2026-06-05 10:35:41 [INFO] 检测系统资源已释放
2026-06-05 10:35:45 [INFO] CUDA 初始化成功
2026-06-05 10:35:45 [INFO] 引擎加载成功: dangerous.engine
2026-06-05 10:35:45 [INFO] 检测系统初始化成功
2026-06-05 10:35:45 [INFO] 图像预处理完成，原始尺寸: (2160, 3840)
2026-06-05 10:35:45 [INFO] 开始执行目标检测...
2026-06-05 10:35:45 [INFO] 检测完成，找到 3 个物体
2026-06-05 10:35:45 [INFO] 物体 1: GasCyl1 (置信度: 0.90)
2026-06-05 10:35:45 [INFO] 物体 2: GasCyl1 (置信度: 0.78)
2026-06-05 10:35:45 [INFO] 物体 3: FireExt1 (置信度: 0.43)
2026-06-05 10:35:45 [INFO] 检测到车兜区域，将过滤区域外的目标
2026-06-05 10:35:45 [INFO] 准备保存检测结果到: C:\code\show\Scrap_Steel_In_Field\photos\dangerous_det\detection_20260605_103545.jpg
2026-06-05 10:35:45 [INFO] 图像形状: (2160, 3840, 3)
2026-06-05 10:35:45 [INFO] 图像数据类型: uint8
2026-06-05 10:35:45 [INFO] 图像最大值: 255
2026-06-05 10:35:45 [INFO] 图像最小值: 0
2026-06-05 10:35:45 [INFO] 开始保存检测结果图像: 图像尺寸=(2160, 3840, 3), 类型=uint8, 路径=C:\code\show\Scrap_Steel_In_Field\photos\dangerous_det\detection_20260605_103545.jpg
2026-06-05 10:35:45 [INFO] 成功保存检测结果到: C:\code\show\Scrap_Steel_In_Field\photos\dangerous_det\detection_20260605_103545.jpg
2026-06-05 10:35:45 [INFO] 保存的检测结果文件大小: 1997773 字节
2026-06-05 10:35:45 [INFO] 引擎上下文已释放
2026-06-05 10:35:45 [INFO] TensorRT 引擎已释放
2026-06-05 10:35:45 [INFO] 全局 CUDA 资源已释放
2026-06-05 10:35:45 [INFO] 检测系统资源已释放
