2026-05-20 20:51:02 [INFO] CUDA 初始化成功
2026-05-20 20:51:02 [INFO] 引擎加载成功: dangerous.engine
2026-05-20 20:51:02 [INFO] 检测系统初始化成功
2026-05-20 20:51:05 [INFO] 引擎加载成功: dangerous.engine
2026-05-20 20:51:05 [INFO] 检测系统初始化成功
2026-05-20 20:51:05 [INFO] 图像预处理完成，原始尺寸: (2160, 3840)
2026-05-20 20:51:05 [INFO] 开始执行目标检测...
2026-05-20 20:51:05 [INFO] 检测完成，找到 0 个物体
2026-05-20 20:51:05 [INFO] 引擎上下文已释放
2026-05-20 20:51:05 [INFO] TensorRT 引擎已释放
2026-05-20 20:51:05 [INFO] 全局 CUDA 资源已释放
2026-05-20 20:51:05 [INFO] 检测系统资源已释放
2026-05-20 20:51:10 [INFO] CUDA 初始化成功
2026-05-20 20:51:10 [INFO] 引擎加载成功: dangerous.engine
2026-05-20 20:51:10 [INFO] 检测系统初始化成功
2026-05-20 20:51:10 [INFO] 图像预处理完成，原始尺寸: (2160, 3840)
2026-05-20 20:51:10 [INFO] 开始执行目标检测...
2026-05-20 20:51:10 [INFO] 检测完成，找到 4 个物体
2026-05-20 20:51:10 [INFO] 物体 1: GasCyl1 (置信度: 0.88)
2026-05-20 20:51:10 [INFO] 物体 2: GasCyl1 (置信度: 0.82)
2026-05-20 20:51:10 [INFO] 物体 3: FireExt1 (置信度: 0.56)
2026-05-20 20:51:10 [INFO] 物体 4: FireExt1 (置信度: 0.27)
2026-05-20 20:51:10 [INFO] 准备保存检测结果到: C:\code\show\Scrap_Steel_In_Field\photos\dangerous_det\detection_20260520_205110.jpg
2026-05-20 20:51:10 [INFO] 图像形状: (2160, 3840, 3)
2026-05-20 20:51:10 [INFO] 图像数据类型: uint8
2026-05-20 20:51:10 [INFO] 图像最大值: 255
2026-05-20 20:51:10 [INFO] 图像最小值: 0
2026-05-20 20:51:10 [INFO] 开始保存检测结果图像: 图像尺寸=(2160, 3840, 3), 类型=uint8, 路径=C:\code\show\Scrap_Steel_In_Field\photos\dangerous_det\detection_20260520_205110.jpg
2026-05-20 20:51:10 [INFO] 成功保存检测结果到: C:\code\show\Scrap_Steel_In_Field\photos\dangerous_det\detection_20260520_205110.jpg
2026-05-20 20:51:10 [INFO] 保存的检测结果文件大小: 2464347 字节
2026-05-20 20:51:10 [INFO] 引擎上下文已释放
2026-05-20 20:51:10 [INFO] TensorRT 引擎已释放
2026-05-20 20:51:10 [INFO] 全局 CUDA 资源已释放
2026-05-20 20:51:10 [INFO] 检测系统资源已释放
2026-05-20 20:51:16 [INFO] CUDA 初始化成功
2026-05-20 20:51:16 [INFO] 引擎加载成功: dangerous.engine
2026-05-20 20:51:16 [INFO] 检测系统初始化成功
2026-05-20 20:51:16 [INFO] 图像预处理完成，原始尺寸: (2160, 3840)
2026-05-20 20:51:16 [INFO] 开始执行目标检测...
2026-05-20 20:51:16 [INFO] 检测完成，找到 4 个物体
2026-05-20 20:51:16 [INFO] 物体 1: GasCyl1 (置信度: 0.88)
2026-05-20 20:51:16 [INFO] 物体 2: GasCyl1 (置信度: 0.84)
2026-05-20 20:51:16 [INFO] 物体 3: FireExt1 (置信度: 0.55)
2026-05-20 20:51:16 [INFO] 物体 4: FireExt1 (置信度: 0.28)
2026-05-20 20:51:16 [INFO] 准备保存检测结果到: C:\code\show\Scrap_Steel_In_Field\photos\dangerous_det\detection_20260520_205116.jpg
2026-05-20 20:51:16 [INFO] 图像形状: (2160, 3840, 3)
2026-05-20 20:51:16 [INFO] 图像数据类型: uint8
2026-05-20 20:51:16 [INFO] 图像最大值: 255
2026-05-20 20:51:16 [INFO] 图像最小值: 0
2026-05-20 20:51:16 [INFO] 开始保存检测结果图像: 图像尺寸=(2160, 3840, 3), 类型=uint8, 路径=C:\code\show\Scrap_Steel_In_Field\photos\dangerous_det\detection_20260520_205116.jpg
2026-05-20 20:51:16 [INFO] 成功保存检测结果到: C:\code\show\Scrap_Steel_In_Field\photos\dangerous_det\detection_20260520_205116.jpg
2026-05-20 20:51:16 [INFO] 保存的检测结果文件大小: 2452778 字节
2026-05-20 20:51:16 [INFO] 引擎上下文已释放
2026-05-20 20:51:16 [INFO] TensorRT 引擎已释放
2026-05-20 20:51:16 [INFO] 全局 CUDA 资源已释放
2026-05-20 20:51:16 [INFO] 检测系统资源已释放
2026-05-20 20:51:21 [INFO] CUDA 初始化成功
2026-05-20 20:51:21 [INFO] 引擎加载成功: dangerous.engine
2026-05-20 20:51:21 [INFO] 检测系统初始化成功
2026-05-20 20:51:21 [INFO] 图像预处理完成，原始尺寸: (2160, 3840)
2026-05-20 20:51:21 [INFO] 开始执行目标检测...
2026-05-20 20:51:21 [INFO] 检测完成，找到 4 个物体
2026-05-20 20:51:21 [INFO] 物体 1: GasCyl1 (置信度: 0.88)
2026-05-20 20:51:21 [INFO] 物体 2: GasCyl1 (置信度: 0.73)
2026-05-20 20:51:21 [INFO] 物体 3: FireExt1 (置信度: 0.55)
2026-05-20 20:51:21 [INFO] 物体 4: FireExt1 (置信度: 0.33)
2026-05-20 20:51:21 [INFO] 准备保存检测结果到: C:\code\show\Scrap_Steel_In_Field\photos\dangerous_det\detection_20260520_205121.jpg
2026-05-20 20:51:21 [INFO] 图像形状: (2160, 3840, 3)
2026-05-20 20:51:21 [INFO] 图像数据类型: uint8
2026-05-20 20:51:21 [INFO] 图像最大值: 255
2026-05-20 20:51:21 [INFO] 图像最小值: 0
2026-05-20 20:51:21 [INFO] 开始保存检测结果图像: 图像尺寸=(2160, 3840, 3), 类型=uint8, 路径=C:\code\show\Scrap_Steel_In_Field\photos\dangerous_det\detection_20260520_205121.jpg
2026-05-20 20:51:21 [INFO] 成功保存检测结果到: C:\code\show\Scrap_Steel_In_Field\photos\dangerous_det\detection_20260520_205121.jpg
2026-05-20 20:51:21 [INFO] 保存的检测结果文件大小: 2444409 字节
2026-05-20 20:51:21 [INFO] 引擎上下文已释放
2026-05-20 20:51:21 [INFO] TensorRT 引擎已释放
2026-05-20 20:51:21 [INFO] 全局 CUDA 资源已释放
2026-05-20 20:51:21 [INFO] 检测系统资源已释放
2026-05-20 20:51:27 [INFO] CUDA 初始化成功
2026-05-20 20:51:27 [INFO] 引擎加载成功: dangerous.engine
2026-05-20 20:51:27 [INFO] 检测系统初始化成功
2026-05-20 20:51:27 [INFO] 图像预处理完成，原始尺寸: (2160, 3840)
2026-05-20 20:51:27 [INFO] 开始执行目标检测...
2026-05-20 20:51:27 [INFO] 检测完成，找到 4 个物体
2026-05-20 20:51:27 [INFO] 物体 1: GasCyl1 (置信度: 0.87)
2026-05-20 20:51:27 [INFO] 物体 2: GasCyl1 (置信度: 0.78)
2026-05-20 20:51:27 [INFO] 物体 3: FireExt1 (置信度: 0.56)
2026-05-20 20:51:27 [INFO] 物体 4: FireExt1 (置信度: 0.27)
2026-05-20 20:51:27 [INFO] 准备保存检测结果到: C:\code\show\Scrap_Steel_In_Field\photos\dangerous_det\detection_20260520_205127.jpg
2026-05-20 20:51:27 [INFO] 图像形状: (2160, 3840, 3)
2026-05-20 20:51:27 [INFO] 图像数据类型: uint8
2026-05-20 20:51:27 [INFO] 图像最大值: 255
2026-05-20 20:51:27 [INFO] 图像最小值: 0
2026-05-20 20:51:27 [INFO] 开始保存检测结果图像: 图像尺寸=(2160, 3840, 3), 类型=uint8, 路径=C:\code\show\Scrap_Steel_In_Field\photos\dangerous_det\detection_20260520_205127.jpg
2026-05-20 20:51:27 [INFO] 成功保存检测结果到: C:\code\show\Scrap_Steel_In_Field\photos\dangerous_det\detection_20260520_205127.jpg
2026-05-20 20:51:27 [INFO] 保存的检测结果文件大小: 2444196 字节
2026-05-20 20:51:27 [INFO] 引擎上下文已释放
2026-05-20 20:51:27 [INFO] TensorRT 引擎已释放
2026-05-20 20:51:27 [INFO] 全局 CUDA 资源已释放
2026-05-20 20:51:27 [INFO] 检测系统资源已释放
