2025-05-11 16:58:43 [INFO] CUDA 初始化成功
2025-05-11 16:58:43 [INFO] 引擎加载成功: dangerous.engine
2025-05-11 16:58:43 [INFO] 检测系统初始化成功
2025-05-11 16:58:43 [INFO] 图像预处理完成，原始尺寸: (2160, 3840)
2025-05-11 16:58:43 [INFO] 开始执行目标检测...
2025-05-11 16:58:43 [INFO] 检测完成，找到 0 个物体
2025-05-11 16:58:43 [INFO] 引擎上下文已释放
2025-05-11 16:58:43 [INFO] TensorRT 引擎已释放
2025-05-11 16:58:43 [INFO] 全局 CUDA 资源已释放
2025-05-11 16:58:43 [INFO] 检测系统资源已释放
2025-05-11 17:02:20 [INFO] CUDA 初始化成功
2025-05-11 17:02:20 [INFO] 引擎加载成功: dangerous.engine
2025-05-11 17:02:20 [INFO] 检测系统初始化成功
2025-05-11 17:02:20 [INFO] 图像预处理完成，原始尺寸: (2160, 3840)
2025-05-11 17:02:20 [INFO] 开始执行目标检测...
2025-05-11 17:02:20 [INFO] 检测完成，找到 5 个物体
2025-05-11 17:02:20 [INFO] 物体 1: FireExt1 (置信度: 0.52)
2025-05-11 17:02:20 [INFO] 物体 2: FireExt2 (置信度: 0.48)
2025-05-11 17:02:20 [INFO] 物体 3: FireExt1 (置信度: 0.46)
2025-05-11 17:02:20 [INFO] 物体 4: FireExt1 (置信度: 0.33)
2025-05-11 17:02:20 [INFO] 物体 5: FireExt1 (置信度: 0.28)
2025-05-11 17:02:20 [INFO] 准备保存检测结果到: C:\Users\qinguang\feigangxiangmu\Scrap_steel_system\Scrap_Steel_Loading\photos\dangerous_det\detection_20250511_170220.jpg
2025-05-11 17:02:20 [INFO] 图像形状: (2160, 3840, 3)
2025-05-11 17:02:20 [INFO] 图像数据类型: uint8
2025-05-11 17:02:20 [INFO] 图像最大值: 255
2025-05-11 17:02:20 [INFO] 图像最小值: 0
2025-05-11 17:02:20 [INFO] 开始保存检测结果图像: 图像尺寸=(2160, 3840, 3), 类型=uint8, 路径=C:\Users\qinguang\feigangxiangmu\Scrap_steel_system\Scrap_Steel_Loading\photos\dangerous_det\detection_20250511_170220.jpg
2025-05-11 17:02:20 [INFO] 成功保存检测结果到: C:\Users\qinguang\feigangxiangmu\Scrap_steel_system\Scrap_Steel_Loading\photos\dangerous_det\detection_20250511_170220.jpg
2025-05-11 17:02:20 [INFO] 保存的检测结果文件大小: 1559480 字节
2025-05-11 17:02:20 [INFO] 引擎上下文已释放
2025-05-11 17:02:20 [INFO] TensorRT 引擎已释放
2025-05-11 17:02:20 [INFO] 全局 CUDA 资源已释放
2025-05-11 17:02:20 [INFO] 检测系统资源已释放
2025-05-11 17:03:46 [INFO] CUDA 初始化成功
2025-05-11 17:03:46 [INFO] 引擎加载成功: dangerous.engine
2025-05-11 17:03:46 [INFO] 检测系统初始化成功
2025-05-11 17:03:46 [INFO] 图像预处理完成，原始尺寸: (2160, 3840)
2025-05-11 17:03:46 [INFO] 开始执行目标检测...
2025-05-11 17:03:46 [INFO] 检测完成，找到 5 个物体
2025-05-11 17:03:46 [INFO] 物体 1: FireExt1 (置信度: 0.53)
2025-05-11 17:03:46 [INFO] 物体 2: FireExt1 (置信度: 0.47)
2025-05-11 17:03:46 [INFO] 物体 3: FireExt1 (置信度: 0.45)
2025-05-11 17:03:46 [INFO] 物体 4: FireExt1 (置信度: 0.34)
2025-05-11 17:03:46 [INFO] 物体 5: GasCyl1 (置信度: 0.27)
2025-05-11 17:03:46 [INFO] 准备保存检测结果到: C:\Users\qinguang\feigangxiangmu\Scrap_steel_system\Scrap_Steel_Loading\photos\dangerous_det\detection_20250511_170346.jpg
2025-05-11 17:03:46 [INFO] 图像形状: (2160, 3840, 3)
2025-05-11 17:03:46 [INFO] 图像数据类型: uint8
2025-05-11 17:03:46 [INFO] 图像最大值: 255
2025-05-11 17:03:46 [INFO] 图像最小值: 0
2025-05-11 17:03:46 [INFO] 开始保存检测结果图像: 图像尺寸=(2160, 3840, 3), 类型=uint8, 路径=C:\Users\qinguang\feigangxiangmu\Scrap_steel_system\Scrap_Steel_Loading\photos\dangerous_det\detection_20250511_170346.jpg
2025-05-11 17:03:46 [INFO] 成功保存检测结果到: C:\Users\qinguang\feigangxiangmu\Scrap_steel_system\Scrap_Steel_Loading\photos\dangerous_det\detection_20250511_170346.jpg
2025-05-11 17:03:46 [INFO] 保存的检测结果文件大小: 1355296 字节
2025-05-11 17:03:46 [INFO] 引擎上下文已释放
2025-05-11 17:03:46 [INFO] TensorRT 引擎已释放
2025-05-11 17:03:46 [INFO] 全局 CUDA 资源已释放
2025-05-11 17:03:46 [INFO] 检测系统资源已释放
