2026-05-21 11:21:37 [INFO] CUDA 初始化成功
2026-05-21 11:21:37 [INFO] 引擎加载成功: dangerous.engine
2026-05-21 11:21:37 [INFO] 检测系统初始化成功
2026-05-21 11:21:40 [INFO] 引擎加载成功: dangerous.engine
2026-05-21 11:21:40 [INFO] 检测系统初始化成功
2026-05-21 11:21:40 [INFO] 图像预处理完成，原始尺寸: (2160, 3840)
2026-05-21 11:21:40 [INFO] 开始执行目标检测...
2026-05-21 11:21:40 [INFO] 检测完成，找到 0 个物体
2026-05-21 11:21:40 [INFO] 引擎上下文已释放
2026-05-21 11:21:40 [INFO] TensorRT 引擎已释放
2026-05-21 11:21:40 [INFO] 全局 CUDA 资源已释放
2026-05-21 11:21:40 [INFO] 检测系统资源已释放
2026-05-21 11:21:46 [INFO] CUDA 初始化成功
2026-05-21 11:21:46 [INFO] 引擎加载成功: dangerous.engine
2026-05-21 11:21:46 [INFO] 检测系统初始化成功
2026-05-21 11:21:46 [INFO] 图像预处理完成，原始尺寸: (2160, 3840)
2026-05-21 11:21:46 [INFO] 开始执行目标检测...
2026-05-21 11:21:46 [INFO] 检测完成，找到 3 个物体
2026-05-21 11:21:46 [INFO] 物体 1: GasCyl1 (置信度: 0.86)
2026-05-21 11:21:46 [INFO] 物体 2: GasCyl1 (置信度: 0.68)
2026-05-21 11:21:46 [INFO] 物体 3: FireExt1 (置信度: 0.44)
2026-05-21 11:21:46 [INFO] 准备保存检测结果到: C:\code\show\Scrap_Steel_In_Field\photos\dangerous_det\detection_20260521_112146.jpg
2026-05-21 11:21:46 [INFO] 图像形状: (2160, 3840, 3)
2026-05-21 11:21:46 [INFO] 图像数据类型: uint8
2026-05-21 11:21:46 [INFO] 图像最大值: 255
2026-05-21 11:21:46 [INFO] 图像最小值: 0
2026-05-21 11:21:46 [INFO] 开始保存检测结果图像: 图像尺寸=(2160, 3840, 3), 类型=uint8, 路径=C:\code\show\Scrap_Steel_In_Field\photos\dangerous_det\detection_20260521_112146.jpg
2026-05-21 11:21:46 [INFO] 成功保存检测结果到: C:\code\show\Scrap_Steel_In_Field\photos\dangerous_det\detection_20260521_112146.jpg
2026-05-21 11:21:46 [INFO] 保存的检测结果文件大小: 1565412 字节
2026-05-21 11:21:46 [INFO] 引擎上下文已释放
2026-05-21 11:21:46 [INFO] TensorRT 引擎已释放
2026-05-21 11:21:46 [INFO] 全局 CUDA 资源已释放
2026-05-21 11:21:46 [INFO] 检测系统资源已释放
2026-05-21 11:21:51 [INFO] CUDA 初始化成功
2026-05-21 11:21:51 [INFO] 引擎加载成功: dangerous.engine
2026-05-21 11:21:51 [INFO] 检测系统初始化成功
2026-05-21 11:21:51 [INFO] 图像预处理完成，原始尺寸: (2160, 3840)
2026-05-21 11:21:51 [INFO] 开始执行目标检测...
2026-05-21 11:21:51 [INFO] 检测完成，找到 0 个物体
2026-05-21 11:21:51 [INFO] 引擎上下文已释放
2026-05-21 11:21:51 [INFO] TensorRT 引擎已释放
2026-05-21 11:21:52 [INFO] 全局 CUDA 资源已释放
2026-05-21 11:21:52 [INFO] 检测系统资源已释放
2026-05-21 11:21:56 [INFO] CUDA 初始化成功
2026-05-21 11:21:56 [INFO] 引擎加载成功: dangerous.engine
2026-05-21 11:21:56 [INFO] 检测系统初始化成功
2026-05-21 11:21:57 [INFO] 图像预处理完成，原始尺寸: (2160, 3840)
2026-05-21 11:21:57 [INFO] 开始执行目标检测...
2026-05-21 11:21:57 [INFO] 检测完成，找到 2 个物体
2026-05-21 11:21:57 [INFO] 物体 1: GasCyl1 (置信度: 0.90)
2026-05-21 11:21:57 [INFO] 物体 2: FireExt1 (置信度: 0.40)
2026-05-21 11:21:57 [INFO] 检测到车兜区域，将过滤区域外的目标
2026-05-21 11:21:57 [INFO] 车兜区域过滤: 2 -> 1 个目标
2026-05-21 11:21:57 [INFO] 准备保存检测结果到: C:\code\show\Scrap_Steel_In_Field\photos\dangerous_det\detection_20260521_112157.jpg
2026-05-21 11:21:57 [INFO] 图像形状: (2160, 3840, 3)
2026-05-21 11:21:57 [INFO] 图像数据类型: uint8
2026-05-21 11:21:57 [INFO] 图像最大值: 255
2026-05-21 11:21:57 [INFO] 图像最小值: 0
2026-05-21 11:21:57 [INFO] 开始保存检测结果图像: 图像尺寸=(2160, 3840, 3), 类型=uint8, 路径=C:\code\show\Scrap_Steel_In_Field\photos\dangerous_det\detection_20260521_112157.jpg
2026-05-21 11:21:57 [INFO] 成功保存检测结果到: C:\code\show\Scrap_Steel_In_Field\photos\dangerous_det\detection_20260521_112157.jpg
2026-05-21 11:21:57 [INFO] 保存的检测结果文件大小: 2252883 字节
2026-05-21 11:21:57 [INFO] 引擎上下文已释放
2026-05-21 11:21:57 [INFO] TensorRT 引擎已释放
2026-05-21 11:21:57 [INFO] 全局 CUDA 资源已释放
2026-05-21 11:21:57 [INFO] 检测系统资源已释放
2026-05-21 11:22:02 [INFO] CUDA 初始化成功
2026-05-21 11:22:02 [INFO] 引擎加载成功: dangerous.engine
2026-05-21 11:22:02 [INFO] 检测系统初始化成功
2026-05-21 11:22:02 [INFO] 图像预处理完成，原始尺寸: (2160, 3840)
2026-05-21 11:22:02 [INFO] 开始执行目标检测...
2026-05-21 11:22:02 [INFO] 检测完成，找到 2 个物体
2026-05-21 11:22:02 [INFO] 物体 1: GasCyl1 (置信度: 0.92)
2026-05-21 11:22:02 [INFO] 物体 2: FireExt1 (置信度: 0.38)
2026-05-21 11:22:02 [INFO] 检测到车兜区域，将过滤区域外的目标
2026-05-21 11:22:02 [INFO] 车兜区域过滤: 2 -> 1 个目标
2026-05-21 11:22:02 [INFO] 准备保存检测结果到: C:\code\show\Scrap_Steel_In_Field\photos\dangerous_det\detection_20260521_112202.jpg
2026-05-21 11:22:02 [INFO] 图像形状: (2160, 3840, 3)
2026-05-21 11:22:02 [INFO] 图像数据类型: uint8
2026-05-21 11:22:02 [INFO] 图像最大值: 255
2026-05-21 11:22:02 [INFO] 图像最小值: 0
2026-05-21 11:22:02 [INFO] 开始保存检测结果图像: 图像尺寸=(2160, 3840, 3), 类型=uint8, 路径=C:\code\show\Scrap_Steel_In_Field\photos\dangerous_det\detection_20260521_112202.jpg
2026-05-21 11:22:02 [INFO] 成功保存检测结果到: C:\code\show\Scrap_Steel_In_Field\photos\dangerous_det\detection_20260521_112202.jpg
2026-05-21 11:22:02 [INFO] 保存的检测结果文件大小: 1792718 字节
2026-05-21 11:22:02 [INFO] 引擎上下文已释放
2026-05-21 11:22:02 [INFO] TensorRT 引擎已释放
2026-05-21 11:22:02 [INFO] 全局 CUDA 资源已释放
2026-05-21 11:22:02 [INFO] 检测系统资源已释放
2026-05-21 11:22:07 [INFO] CUDA 初始化成功
2026-05-21 11:22:07 [INFO] 引擎加载成功: dangerous.engine
2026-05-21 11:22:07 [INFO] 检测系统初始化成功
2026-05-21 11:22:07 [INFO] 图像预处理完成，原始尺寸: (2160, 3840)
2026-05-21 11:22:07 [INFO] 开始执行目标检测...
2026-05-21 11:22:07 [INFO] 检测完成，找到 2 个物体
2026-05-21 11:22:07 [INFO] 物体 1: GasCyl1 (置信度: 0.91)
2026-05-21 11:22:07 [INFO] 物体 2: FireExt1 (置信度: 0.46)
2026-05-21 11:22:07 [INFO] 检测到车兜区域，将过滤区域外的目标
2026-05-21 11:22:07 [INFO] 车兜区域过滤: 2 -> 1 个目标
2026-05-21 11:22:07 [INFO] 准备保存检测结果到: C:\code\show\Scrap_Steel_In_Field\photos\dangerous_det\detection_20260521_112207.jpg
2026-05-21 11:22:07 [INFO] 图像形状: (2160, 3840, 3)
2026-05-21 11:22:07 [INFO] 图像数据类型: uint8
2026-05-21 11:22:07 [INFO] 图像最大值: 255
2026-05-21 11:22:07 [INFO] 图像最小值: 0
2026-05-21 11:22:07 [INFO] 开始保存检测结果图像: 图像尺寸=(2160, 3840, 3), 类型=uint8, 路径=C:\code\show\Scrap_Steel_In_Field\photos\dangerous_det\detection_20260521_112207.jpg
2026-05-21 11:22:07 [INFO] 成功保存检测结果到: C:\code\show\Scrap_Steel_In_Field\photos\dangerous_det\detection_20260521_112207.jpg
2026-05-21 11:22:07 [INFO] 保存的检测结果文件大小: 2366551 字节
2026-05-21 11:22:07 [INFO] 引擎上下文已释放
2026-05-21 11:22:07 [INFO] TensorRT 引擎已释放
2026-05-21 11:22:07 [INFO] 全局 CUDA 资源已释放
2026-05-21 11:22:07 [INFO] 检测系统资源已释放
2026-05-21 11:22:12 [INFO] CUDA 初始化成功
2026-05-21 11:22:12 [INFO] 引擎加载成功: dangerous.engine
2026-05-21 11:22:12 [INFO] 检测系统初始化成功
2026-05-21 11:22:12 [INFO] 图像预处理完成，原始尺寸: (2160, 3840)
2026-05-21 11:22:12 [INFO] 开始执行目标检测...
2026-05-21 11:22:12 [INFO] 检测完成，找到 2 个物体
2026-05-21 11:22:12 [INFO] 物体 1: GasCyl1 (置信度: 0.90)
2026-05-21 11:22:12 [INFO] 物体 2: FireExt1 (置信度: 0.45)
2026-05-21 11:22:12 [INFO] 检测到车兜区域，将过滤区域外的目标
2026-05-21 11:22:12 [INFO] 车兜区域过滤: 2 -> 1 个目标
2026-05-21 11:22:12 [INFO] 准备保存检测结果到: C:\code\show\Scrap_Steel_In_Field\photos\dangerous_det\detection_20260521_112212.jpg
2026-05-21 11:22:12 [INFO] 图像形状: (2160, 3840, 3)
2026-05-21 11:22:12 [INFO] 图像数据类型: uint8
2026-05-21 11:22:12 [INFO] 图像最大值: 255
2026-05-21 11:22:12 [INFO] 图像最小值: 0
2026-05-21 11:22:12 [INFO] 开始保存检测结果图像: 图像尺寸=(2160, 3840, 3), 类型=uint8, 路径=C:\code\show\Scrap_Steel_In_Field\photos\dangerous_det\detection_20260521_112212.jpg
2026-05-21 11:22:12 [INFO] 成功保存检测结果到: C:\code\show\Scrap_Steel_In_Field\photos\dangerous_det\detection_20260521_112212.jpg
2026-05-21 11:22:12 [INFO] 保存的检测结果文件大小: 2415963 字节
2026-05-21 11:22:12 [INFO] 引擎上下文已释放
2026-05-21 11:22:12 [INFO] TensorRT 引擎已释放
2026-05-21 11:22:13 [INFO] 全局 CUDA 资源已释放
2026-05-21 11:22:13 [INFO] 检测系统资源已释放
2026-05-21 11:22:18 [INFO] CUDA 初始化成功
2026-05-21 11:22:18 [INFO] 引擎加载成功: dangerous.engine
2026-05-21 11:22:18 [INFO] 检测系统初始化成功
2026-05-21 11:22:18 [INFO] 图像预处理完成，原始尺寸: (2160, 3840)
2026-05-21 11:22:18 [INFO] 开始执行目标检测...
2026-05-21 11:22:18 [INFO] 检测完成，找到 2 个物体
2026-05-21 11:22:18 [INFO] 物体 1: GasCyl1 (置信度: 0.91)
2026-05-21 11:22:18 [INFO] 物体 2: FireExt1 (置信度: 0.44)
2026-05-21 11:22:18 [INFO] 检测到车兜区域，将过滤区域外的目标
2026-05-21 11:22:18 [INFO] 车兜区域过滤: 2 -> 1 个目标
2026-05-21 11:22:18 [INFO] 准备保存检测结果到: C:\code\show\Scrap_Steel_In_Field\photos\dangerous_det\detection_20260521_112218.jpg
2026-05-21 11:22:18 [INFO] 图像形状: (2160, 3840, 3)
2026-05-21 11:22:18 [INFO] 图像数据类型: uint8
2026-05-21 11:22:18 [INFO] 图像最大值: 255
2026-05-21 11:22:18 [INFO] 图像最小值: 0
2026-05-21 11:22:18 [INFO] 开始保存检测结果图像: 图像尺寸=(2160, 3840, 3), 类型=uint8, 路径=C:\code\show\Scrap_Steel_In_Field\photos\dangerous_det\detection_20260521_112218.jpg
2026-05-21 11:22:18 [INFO] 成功保存检测结果到: C:\code\show\Scrap_Steel_In_Field\photos\dangerous_det\detection_20260521_112218.jpg
2026-05-21 11:22:18 [INFO] 保存的检测结果文件大小: 2426424 字节
2026-05-21 11:22:18 [INFO] 引擎上下文已释放
2026-05-21 11:22:18 [INFO] TensorRT 引擎已释放
2026-05-21 11:22:18 [INFO] 全局 CUDA 资源已释放
2026-05-21 11:22:18 [INFO] 检测系统资源已释放
2026-05-21 11:22:23 [INFO] CUDA 初始化成功
2026-05-21 11:22:23 [INFO] 引擎加载成功: dangerous.engine
2026-05-21 11:22:23 [INFO] 检测系统初始化成功
2026-05-21 11:22:23 [INFO] 图像预处理完成，原始尺寸: (2160, 3840)
2026-05-21 11:22:23 [INFO] 开始执行目标检测...
2026-05-21 11:22:23 [INFO] 检测完成，找到 2 个物体
2026-05-21 11:22:23 [INFO] 物体 1: GasCyl1 (置信度: 0.91)
2026-05-21 11:22:23 [INFO] 物体 2: FireExt1 (置信度: 0.46)
2026-05-21 11:22:23 [INFO] 检测到车兜区域，将过滤区域外的目标
2026-05-21 11:22:23 [INFO] 车兜区域过滤: 2 -> 1 个目标
2026-05-21 11:22:23 [INFO] 准备保存检测结果到: C:\code\show\Scrap_Steel_In_Field\photos\dangerous_det\detection_20260521_112223.jpg
2026-05-21 11:22:23 [INFO] 图像形状: (2160, 3840, 3)
2026-05-21 11:22:23 [INFO] 图像数据类型: uint8
2026-05-21 11:22:23 [INFO] 图像最大值: 255
2026-05-21 11:22:23 [INFO] 图像最小值: 0
2026-05-21 11:22:23 [INFO] 开始保存检测结果图像: 图像尺寸=(2160, 3840, 3), 类型=uint8, 路径=C:\code\show\Scrap_Steel_In_Field\photos\dangerous_det\detection_20260521_112223.jpg
2026-05-21 11:22:23 [INFO] 成功保存检测结果到: C:\code\show\Scrap_Steel_In_Field\photos\dangerous_det\detection_20260521_112223.jpg
2026-05-21 11:22:23 [INFO] 保存的检测结果文件大小: 2408352 字节
2026-05-21 11:22:23 [INFO] 引擎上下文已释放
2026-05-21 11:22:23 [INFO] TensorRT 引擎已释放
2026-05-21 11:22:23 [INFO] 全局 CUDA 资源已释放
2026-05-21 11:22:23 [INFO] 检测系统资源已释放
2026-05-21 11:22:28 [INFO] CUDA 初始化成功
2026-05-21 11:22:28 [INFO] 引擎加载成功: dangerous.engine
2026-05-21 11:22:28 [INFO] 检测系统初始化成功
2026-05-21 11:22:28 [INFO] 图像预处理完成，原始尺寸: (2160, 3840)
2026-05-21 11:22:28 [INFO] 开始执行目标检测...
2026-05-21 11:22:28 [INFO] 检测完成，找到 3 个物体
2026-05-21 11:22:28 [INFO] 物体 1: GasCyl1 (置信度: 0.91)
2026-05-21 11:22:28 [INFO] 物体 2: FireExt1 (置信度: 0.51)
2026-05-21 11:22:28 [INFO] 物体 3: GasCyl1 (置信度: 0.25)
2026-05-21 11:22:28 [INFO] 检测到车兜区域，将过滤区域外的目标
2026-05-21 11:22:28 [INFO] 车兜区域过滤: 3 -> 1 个目标
2026-05-21 11:22:28 [INFO] 准备保存检测结果到: C:\code\show\Scrap_Steel_In_Field\photos\dangerous_det\detection_20260521_112228.jpg
2026-05-21 11:22:28 [INFO] 图像形状: (2160, 3840, 3)
2026-05-21 11:22:28 [INFO] 图像数据类型: uint8
2026-05-21 11:22:28 [INFO] 图像最大值: 255
2026-05-21 11:22:28 [INFO] 图像最小值: 0
2026-05-21 11:22:28 [INFO] 开始保存检测结果图像: 图像尺寸=(2160, 3840, 3), 类型=uint8, 路径=C:\code\show\Scrap_Steel_In_Field\photos\dangerous_det\detection_20260521_112228.jpg
2026-05-21 11:22:28 [INFO] 成功保存检测结果到: C:\code\show\Scrap_Steel_In_Field\photos\dangerous_det\detection_20260521_112228.jpg
2026-05-21 11:22:28 [INFO] 保存的检测结果文件大小: 1643160 字节
2026-05-21 11:22:28 [INFO] 引擎上下文已释放
2026-05-21 11:22:28 [INFO] TensorRT 引擎已释放
2026-05-21 11:22:29 [INFO] 全局 CUDA 资源已释放
2026-05-21 11:22:29 [INFO] 检测系统资源已释放
2026-05-21 11:22:35 [INFO] CUDA 初始化成功
2026-05-21 11:22:35 [INFO] 引擎加载成功: dangerous.engine
2026-05-21 11:22:35 [INFO] 检测系统初始化成功
2026-05-21 11:22:35 [INFO] 图像预处理完成，原始尺寸: (2160, 3840)
2026-05-21 11:22:35 [INFO] 开始执行目标检测...
2026-05-21 11:22:35 [INFO] 检测完成，找到 1 个物体
2026-05-21 11:22:35 [INFO] 物体 1: GasCyl1 (置信度: 0.93)
2026-05-21 11:22:35 [INFO] 检测到车兜区域，将过滤区域外的目标
2026-05-21 11:22:35 [INFO] 准备保存检测结果到: C:\code\show\Scrap_Steel_In_Field\photos\dangerous_det\detection_20260521_112235.jpg
2026-05-21 11:22:35 [INFO] 图像形状: (2160, 3840, 3)
2026-05-21 11:22:35 [INFO] 图像数据类型: uint8
2026-05-21 11:22:35 [INFO] 图像最大值: 255
2026-05-21 11:22:35 [INFO] 图像最小值: 0
2026-05-21 11:22:35 [INFO] 开始保存检测结果图像: 图像尺寸=(2160, 3840, 3), 类型=uint8, 路径=C:\code\show\Scrap_Steel_In_Field\photos\dangerous_det\detection_20260521_112235.jpg
2026-05-21 11:22:35 [INFO] 成功保存检测结果到: C:\code\show\Scrap_Steel_In_Field\photos\dangerous_det\detection_20260521_112235.jpg
2026-05-21 11:22:35 [INFO] 保存的检测结果文件大小: 1443432 字节
2026-05-21 11:22:35 [INFO] 引擎上下文已释放
2026-05-21 11:22:35 [INFO] TensorRT 引擎已释放
2026-05-21 11:22:35 [INFO] 全局 CUDA 资源已释放
2026-05-21 11:22:35 [INFO] 检测系统资源已释放
2026-05-21 11:22:40 [INFO] CUDA 初始化成功
2026-05-21 11:22:40 [INFO] 引擎加载成功: dangerous.engine
2026-05-21 11:22:40 [INFO] 检测系统初始化成功
2026-05-21 11:22:40 [INFO] 图像预处理完成，原始尺寸: (2160, 3840)
2026-05-21 11:22:40 [INFO] 开始执行目标检测...
2026-05-21 11:22:40 [INFO] 检测完成，找到 2 个物体
2026-05-21 11:22:40 [INFO] 物体 1: GasCyl1 (置信度: 0.96)
2026-05-21 11:22:40 [INFO] 物体 2: FireExt1 (置信度: 0.37)
2026-05-21 11:22:40 [INFO] 检测到车兜区域，将过滤区域外的目标
2026-05-21 11:22:40 [INFO] 准备保存检测结果到: C:\code\show\Scrap_Steel_In_Field\photos\dangerous_det\detection_20260521_112240.jpg
2026-05-21 11:22:40 [INFO] 图像形状: (2160, 3840, 3)
2026-05-21 11:22:40 [INFO] 图像数据类型: uint8
2026-05-21 11:22:40 [INFO] 图像最大值: 255
2026-05-21 11:22:40 [INFO] 图像最小值: 0
2026-05-21 11:22:40 [INFO] 开始保存检测结果图像: 图像尺寸=(2160, 3840, 3), 类型=uint8, 路径=C:\code\show\Scrap_Steel_In_Field\photos\dangerous_det\detection_20260521_112240.jpg
2026-05-21 11:22:40 [INFO] 成功保存检测结果到: C:\code\show\Scrap_Steel_In_Field\photos\dangerous_det\detection_20260521_112240.jpg
2026-05-21 11:22:40 [INFO] 保存的检测结果文件大小: 1320663 字节
2026-05-21 11:22:40 [INFO] 引擎上下文已释放
2026-05-21 11:22:40 [INFO] TensorRT 引擎已释放
2026-05-21 11:22:40 [INFO] 全局 CUDA 资源已释放
2026-05-21 11:22:40 [INFO] 检测系统资源已释放
2026-05-21 11:22:45 [INFO] CUDA 初始化成功
2026-05-21 11:22:45 [INFO] 引擎加载成功: dangerous.engine
2026-05-21 11:22:45 [INFO] 检测系统初始化成功
2026-05-21 11:22:45 [INFO] 图像预处理完成，原始尺寸: (2160, 3840)
2026-05-21 11:22:45 [INFO] 开始执行目标检测...
2026-05-21 11:22:46 [INFO] 检测完成，找到 2 个物体
2026-05-21 11:22:46 [INFO] 物体 1: GasCyl1 (置信度: 0.94)
2026-05-21 11:22:46 [INFO] 物体 2: FireExt1 (置信度: 0.34)
2026-05-21 11:22:46 [INFO] 检测到车兜区域，将过滤区域外的目标
2026-05-21 11:22:46 [INFO] 准备保存检测结果到: C:\code\show\Scrap_Steel_In_Field\photos\dangerous_det\detection_20260521_112246.jpg
2026-05-21 11:22:46 [INFO] 图像形状: (2160, 3840, 3)
2026-05-21 11:22:46 [INFO] 图像数据类型: uint8
2026-05-21 11:22:46 [INFO] 图像最大值: 255
2026-05-21 11:22:46 [INFO] 图像最小值: 0
2026-05-21 11:22:46 [INFO] 开始保存检测结果图像: 图像尺寸=(2160, 3840, 3), 类型=uint8, 路径=C:\code\show\Scrap_Steel_In_Field\photos\dangerous_det\detection_20260521_112246.jpg
2026-05-21 11:22:46 [INFO] 成功保存检测结果到: C:\code\show\Scrap_Steel_In_Field\photos\dangerous_det\detection_20260521_112246.jpg
2026-05-21 11:22:46 [INFO] 保存的检测结果文件大小: 1837437 字节
2026-05-21 11:22:46 [INFO] 引擎上下文已释放
2026-05-21 11:22:46 [INFO] TensorRT 引擎已释放
2026-05-21 11:22:46 [INFO] 全局 CUDA 资源已释放
2026-05-21 11:22:46 [INFO] 检测系统资源已释放
2026-05-21 11:22:50 [INFO] CUDA 初始化成功
2026-05-21 11:22:50 [INFO] 引擎加载成功: dangerous.engine
2026-05-21 11:22:50 [INFO] 检测系统初始化成功
2026-05-21 11:22:50 [INFO] 图像预处理完成，原始尺寸: (2160, 3840)
2026-05-21 11:22:50 [INFO] 开始执行目标检测...
2026-05-21 11:22:50 [INFO] 检测完成，找到 4 个物体
2026-05-21 11:22:50 [INFO] 物体 1: GasCyl1 (置信度: 0.90)
2026-05-21 11:22:50 [INFO] 物体 2: FireExt1 (置信度: 0.45)
2026-05-21 11:22:50 [INFO] 物体 3: FireExt1 (置信度: 0.42)
2026-05-21 11:22:50 [INFO] 物体 4: FireExt1 (置信度: 0.37)
2026-05-21 11:22:50 [INFO] 准备保存检测结果到: C:\code\show\Scrap_Steel_In_Field\photos\dangerous_det\detection_20260521_112250.jpg
2026-05-21 11:22:50 [INFO] 图像形状: (2160, 3840, 3)
2026-05-21 11:22:50 [INFO] 图像数据类型: uint8
2026-05-21 11:22:50 [INFO] 图像最大值: 255
2026-05-21 11:22:50 [INFO] 图像最小值: 0
2026-05-21 11:22:50 [INFO] 开始保存检测结果图像: 图像尺寸=(2160, 3840, 3), 类型=uint8, 路径=C:\code\show\Scrap_Steel_In_Field\photos\dangerous_det\detection_20260521_112250.jpg
2026-05-21 11:22:51 [INFO] 成功保存检测结果到: C:\code\show\Scrap_Steel_In_Field\photos\dangerous_det\detection_20260521_112250.jpg
2026-05-21 11:22:51 [INFO] 保存的检测结果文件大小: 1878464 字节
2026-05-21 11:22:51 [INFO] 引擎上下文已释放
2026-05-21 11:22:51 [INFO] TensorRT 引擎已释放
2026-05-21 11:22:51 [INFO] 全局 CUDA 资源已释放
2026-05-21 11:22:51 [INFO] 检测系统资源已释放
2026-05-21 11:22:56 [INFO] CUDA 初始化成功
2026-05-21 11:22:56 [INFO] 引擎加载成功: dangerous.engine
2026-05-21 11:22:56 [INFO] 检测系统初始化成功
2026-05-21 11:22:56 [INFO] 图像预处理完成，原始尺寸: (2160, 3840)
2026-05-21 11:22:56 [INFO] 开始执行目标检测...
2026-05-21 11:22:56 [INFO] 检测完成，找到 6 个物体
2026-05-21 11:22:56 [INFO] 物体 1: GasCyl1 (置信度: 0.93)
2026-05-21 11:22:56 [INFO] 物体 2: FireExt1 (置信度: 0.55)
2026-05-21 11:22:56 [INFO] 物体 3: GasCyl1 (置信度: 0.47)
2026-05-21 11:22:56 [INFO] 物体 4: GasCyl1 (置信度: 0.42)
2026-05-21 11:22:56 [INFO] 物体 5: FireExt1 (置信度: 0.27)
2026-05-21 11:22:56 [INFO] 物体 6: FireExt1 (置信度: 0.27)
2026-05-21 11:22:56 [INFO] 检测到车兜区域，将过滤区域外的目标
2026-05-21 11:22:56 [INFO] 车兜区域过滤: 6 -> 2 个目标
2026-05-21 11:22:56 [INFO] 准备保存检测结果到: C:\code\show\Scrap_Steel_In_Field\photos\dangerous_det\detection_20260521_112256.jpg
2026-05-21 11:22:56 [INFO] 图像形状: (2160, 3840, 3)
2026-05-21 11:22:56 [INFO] 图像数据类型: uint8
2026-05-21 11:22:56 [INFO] 图像最大值: 255
2026-05-21 11:22:56 [INFO] 图像最小值: 0
2026-05-21 11:22:56 [INFO] 开始保存检测结果图像: 图像尺寸=(2160, 3840, 3), 类型=uint8, 路径=C:\code\show\Scrap_Steel_In_Field\photos\dangerous_det\detection_20260521_112256.jpg
2026-05-21 11:22:56 [INFO] 成功保存检测结果到: C:\code\show\Scrap_Steel_In_Field\photos\dangerous_det\detection_20260521_112256.jpg
2026-05-21 11:22:56 [INFO] 保存的检测结果文件大小: 1900066 字节
2026-05-21 11:22:56 [INFO] 引擎上下文已释放
2026-05-21 11:22:56 [INFO] TensorRT 引擎已释放
2026-05-21 11:22:56 [INFO] 全局 CUDA 资源已释放
2026-05-21 11:22:56 [INFO] 检测系统资源已释放
2026-05-21 11:23:01 [INFO] CUDA 初始化成功
2026-05-21 11:23:01 [INFO] 引擎加载成功: dangerous.engine
2026-05-21 11:23:01 [INFO] 检测系统初始化成功
2026-05-21 11:23:01 [INFO] 图像预处理完成，原始尺寸: (2160, 3840)
2026-05-21 11:23:01 [INFO] 开始执行目标检测...
2026-05-21 11:23:01 [INFO] 检测完成，找到 4 个物体
2026-05-21 11:23:01 [INFO] 物体 1: GasCyl1 (置信度: 0.95)
2026-05-21 11:23:01 [INFO] 物体 2: FireExt1 (置信度: 0.51)
2026-05-21 11:23:01 [INFO] 物体 3: FireExt1 (置信度: 0.46)
2026-05-21 11:23:01 [INFO] 物体 4: GasCyl1 (置信度: 0.44)
2026-05-21 11:23:01 [INFO] 检测到车兜区域，将过滤区域外的目标
2026-05-21 11:23:01 [INFO] 车兜区域过滤: 4 -> 2 个目标
2026-05-21 11:23:01 [INFO] 准备保存检测结果到: C:\code\show\Scrap_Steel_In_Field\photos\dangerous_det\detection_20260521_112301.jpg
2026-05-21 11:23:01 [INFO] 图像形状: (2160, 3840, 3)
2026-05-21 11:23:01 [INFO] 图像数据类型: uint8
2026-05-21 11:23:01 [INFO] 图像最大值: 255
2026-05-21 11:23:01 [INFO] 图像最小值: 0
2026-05-21 11:23:01 [INFO] 开始保存检测结果图像: 图像尺寸=(2160, 3840, 3), 类型=uint8, 路径=C:\code\show\Scrap_Steel_In_Field\photos\dangerous_det\detection_20260521_112301.jpg
2026-05-21 11:23:01 [INFO] 成功保存检测结果到: C:\code\show\Scrap_Steel_In_Field\photos\dangerous_det\detection_20260521_112301.jpg
2026-05-21 11:23:01 [INFO] 保存的检测结果文件大小: 1698690 字节
2026-05-21 11:23:01 [INFO] 引擎上下文已释放
2026-05-21 11:23:01 [INFO] TensorRT 引擎已释放
2026-05-21 11:23:01 [INFO] 全局 CUDA 资源已释放
2026-05-21 11:23:01 [INFO] 检测系统资源已释放
2026-05-21 11:23:06 [INFO] CUDA 初始化成功
2026-05-21 11:23:06 [INFO] 引擎加载成功: dangerous.engine
2026-05-21 11:23:06 [INFO] 检测系统初始化成功
2026-05-21 11:23:07 [INFO] 图像预处理完成，原始尺寸: (2160, 3840)
2026-05-21 11:23:07 [INFO] 开始执行目标检测...
2026-05-21 11:23:07 [INFO] 检测完成，找到 5 个物体
2026-05-21 11:23:07 [INFO] 物体 1: GasCyl1 (置信度: 0.96)
2026-05-21 11:23:07 [INFO] 物体 2: GasCyl1 (置信度: 0.54)
2026-05-21 11:23:07 [INFO] 物体 3: FireExt1 (置信度: 0.53)
2026-05-21 11:23:07 [INFO] 物体 4: FireExt1 (置信度: 0.51)
2026-05-21 11:23:07 [INFO] 物体 5: FireExt1 (置信度: 0.37)
2026-05-21 11:23:07 [INFO] 检测到车兜区域，将过滤区域外的目标
2026-05-21 11:23:07 [INFO] 车兜区域过滤: 5 -> 3 个目标
2026-05-21 11:23:07 [INFO] 准备保存检测结果到: C:\code\show\Scrap_Steel_In_Field\photos\dangerous_det\detection_20260521_112307.jpg
2026-05-21 11:23:07 [INFO] 图像形状: (2160, 3840, 3)
2026-05-21 11:23:07 [INFO] 图像数据类型: uint8
2026-05-21 11:23:07 [INFO] 图像最大值: 255
2026-05-21 11:23:07 [INFO] 图像最小值: 0
2026-05-21 11:23:07 [INFO] 开始保存检测结果图像: 图像尺寸=(2160, 3840, 3), 类型=uint8, 路径=C:\code\show\Scrap_Steel_In_Field\photos\dangerous_det\detection_20260521_112307.jpg
2026-05-21 11:23:07 [INFO] 成功保存检测结果到: C:\code\show\Scrap_Steel_In_Field\photos\dangerous_det\detection_20260521_112307.jpg
2026-05-21 11:23:07 [INFO] 保存的检测结果文件大小: 2457803 字节
2026-05-21 11:23:07 [INFO] 引擎上下文已释放
2026-05-21 11:23:07 [INFO] TensorRT 引擎已释放
2026-05-21 11:23:07 [INFO] 全局 CUDA 资源已释放
2026-05-21 11:23:07 [INFO] 检测系统资源已释放
2026-05-21 11:23:11 [INFO] CUDA 初始化成功
2026-05-21 11:23:11 [INFO] 引擎加载成功: dangerous.engine
2026-05-21 11:23:11 [INFO] 检测系统初始化成功
2026-05-21 11:23:12 [INFO] 图像预处理完成，原始尺寸: (2160, 3840)
2026-05-21 11:23:12 [INFO] 开始执行目标检测...
2026-05-21 11:23:12 [INFO] 检测完成，找到 5 个物体
2026-05-21 11:23:12 [INFO] 物体 1: GasCyl1 (置信度: 0.95)
2026-05-21 11:23:12 [INFO] 物体 2: FireExt1 (置信度: 0.51)
2026-05-21 11:23:12 [INFO] 物体 3: FireExt1 (置信度: 0.51)
2026-05-21 11:23:12 [INFO] 物体 4: GasCyl1 (置信度: 0.43)
2026-05-21 11:23:12 [INFO] 物体 5: FireExt1 (置信度: 0.30)
2026-05-21 11:23:12 [INFO] 检测到车兜区域，将过滤区域外的目标
2026-05-21 11:23:12 [INFO] 车兜区域过滤: 5 -> 3 个目标
2026-05-21 11:23:12 [INFO] 准备保存检测结果到: C:\code\show\Scrap_Steel_In_Field\photos\dangerous_det\detection_20260521_112312.jpg
2026-05-21 11:23:12 [INFO] 图像形状: (2160, 3840, 3)
2026-05-21 11:23:12 [INFO] 图像数据类型: uint8
2026-05-21 11:23:12 [INFO] 图像最大值: 255
2026-05-21 11:23:12 [INFO] 图像最小值: 0
2026-05-21 11:23:12 [INFO] 开始保存检测结果图像: 图像尺寸=(2160, 3840, 3), 类型=uint8, 路径=C:\code\show\Scrap_Steel_In_Field\photos\dangerous_det\detection_20260521_112312.jpg
2026-05-21 11:23:12 [INFO] 成功保存检测结果到: C:\code\show\Scrap_Steel_In_Field\photos\dangerous_det\detection_20260521_112312.jpg
2026-05-21 11:23:12 [INFO] 保存的检测结果文件大小: 2481611 字节
2026-05-21 11:23:12 [INFO] 引擎上下文已释放
2026-05-21 11:23:12 [INFO] TensorRT 引擎已释放
2026-05-21 11:23:12 [INFO] 全局 CUDA 资源已释放
2026-05-21 11:23:12 [INFO] 检测系统资源已释放
2026-05-21 11:23:16 [INFO] CUDA 初始化成功
2026-05-21 11:23:16 [INFO] 引擎加载成功: dangerous.engine
2026-05-21 11:23:16 [INFO] 检测系统初始化成功
2026-05-21 11:23:17 [INFO] 图像预处理完成，原始尺寸: (2160, 3840)
2026-05-21 11:23:17 [INFO] 开始执行目标检测...
2026-05-21 11:23:17 [INFO] 检测完成，找到 4 个物体
2026-05-21 11:23:17 [INFO] 物体 1: GasCyl1 (置信度: 0.95)
2026-05-21 11:23:17 [INFO] 物体 2: FireExt1 (置信度: 0.52)
2026-05-21 11:23:17 [INFO] 物体 3: FireExt1 (置信度: 0.50)
2026-05-21 11:23:17 [INFO] 物体 4: GasCyl1 (置信度: 0.46)
2026-05-21 11:23:17 [INFO] 检测到车兜区域，将过滤区域外的目标
2026-05-21 11:23:17 [INFO] 车兜区域过滤: 4 -> 2 个目标
2026-05-21 11:23:17 [INFO] 准备保存检测结果到: C:\code\show\Scrap_Steel_In_Field\photos\dangerous_det\detection_20260521_112317.jpg
2026-05-21 11:23:17 [INFO] 图像形状: (2160, 3840, 3)
2026-05-21 11:23:17 [INFO] 图像数据类型: uint8
2026-05-21 11:23:17 [INFO] 图像最大值: 255
2026-05-21 11:23:17 [INFO] 图像最小值: 0
2026-05-21 11:23:17 [INFO] 开始保存检测结果图像: 图像尺寸=(2160, 3840, 3), 类型=uint8, 路径=C:\code\show\Scrap_Steel_In_Field\photos\dangerous_det\detection_20260521_112317.jpg
2026-05-21 11:23:17 [INFO] 成功保存检测结果到: C:\code\show\Scrap_Steel_In_Field\photos\dangerous_det\detection_20260521_112317.jpg
2026-05-21 11:23:17 [INFO] 保存的检测结果文件大小: 2525329 字节
2026-05-21 11:23:17 [INFO] 引擎上下文已释放
2026-05-21 11:23:17 [INFO] TensorRT 引擎已释放
2026-05-21 11:23:17 [INFO] 全局 CUDA 资源已释放
2026-05-21 11:23:17 [INFO] 检测系统资源已释放
2026-05-21 11:23:21 [INFO] CUDA 初始化成功
2026-05-21 11:23:21 [INFO] 引擎加载成功: dangerous.engine
2026-05-21 11:23:21 [INFO] 检测系统初始化成功
2026-05-21 11:23:22 [INFO] 图像预处理完成，原始尺寸: (2160, 3840)
2026-05-21 11:23:22 [INFO] 开始执行目标检测...
2026-05-21 11:23:22 [INFO] 检测完成，找到 4 个物体
2026-05-21 11:23:22 [INFO] 物体 1: GasCyl1 (置信度: 0.94)
2026-05-21 11:23:22 [INFO] 物体 2: FireExt1 (置信度: 0.51)
2026-05-21 11:23:22 [INFO] 物体 3: GasCyl1 (置信度: 0.41)
2026-05-21 11:23:22 [INFO] 物体 4: GasCyl1 (置信度: 0.34)
2026-05-21 11:23:22 [INFO] 检测到车兜区域，将过滤区域外的目标
2026-05-21 11:23:22 [INFO] 车兜区域过滤: 4 -> 2 个目标
2026-05-21 11:23:22 [INFO] 准备保存检测结果到: C:\code\show\Scrap_Steel_In_Field\photos\dangerous_det\detection_20260521_112322.jpg
2026-05-21 11:23:22 [INFO] 图像形状: (2160, 3840, 3)
2026-05-21 11:23:22 [INFO] 图像数据类型: uint8
2026-05-21 11:23:22 [INFO] 图像最大值: 255
2026-05-21 11:23:22 [INFO] 图像最小值: 0
2026-05-21 11:23:22 [INFO] 开始保存检测结果图像: 图像尺寸=(2160, 3840, 3), 类型=uint8, 路径=C:\code\show\Scrap_Steel_In_Field\photos\dangerous_det\detection_20260521_112322.jpg
2026-05-21 11:23:22 [INFO] 成功保存检测结果到: C:\code\show\Scrap_Steel_In_Field\photos\dangerous_det\detection_20260521_112322.jpg
2026-05-21 11:23:22 [INFO] 保存的检测结果文件大小: 1930971 字节
2026-05-21 11:23:22 [INFO] 引擎上下文已释放
2026-05-21 11:23:22 [INFO] TensorRT 引擎已释放
2026-05-21 11:23:22 [INFO] 全局 CUDA 资源已释放
2026-05-21 11:23:22 [INFO] 检测系统资源已释放
2026-05-21 11:23:27 [INFO] CUDA 初始化成功
2026-05-21 11:23:27 [INFO] 引擎加载成功: dangerous.engine
2026-05-21 11:23:27 [INFO] 检测系统初始化成功
2026-05-21 11:23:27 [INFO] 图像预处理完成，原始尺寸: (2160, 3840)
2026-05-21 11:23:27 [INFO] 开始执行目标检测...
2026-05-21 11:23:27 [INFO] 检测完成，找到 6 个物体
2026-05-21 11:23:27 [INFO] 物体 1: GasCyl1 (置信度: 0.94)
2026-05-21 11:23:27 [INFO] 物体 2: FireExt1 (置信度: 0.53)
2026-05-21 11:23:27 [INFO] 物体 3: FireExt1 (置信度: 0.35)
2026-05-21 11:23:27 [INFO] 物体 4: FireExt1 (置信度: 0.34)
2026-05-21 11:23:27 [INFO] 物体 5: GasCyl1 (置信度: 0.33)
2026-05-21 11:23:27 [INFO] 物体 6: GasCyl1 (置信度: 0.25)
2026-05-21 11:23:27 [INFO] 检测到车兜区域，将过滤区域外的目标
2026-05-21 11:23:27 [INFO] 车兜区域过滤: 6 -> 3 个目标
2026-05-21 11:23:27 [INFO] 准备保存检测结果到: C:\code\show\Scrap_Steel_In_Field\photos\dangerous_det\detection_20260521_112327.jpg
2026-05-21 11:23:27 [INFO] 图像形状: (2160, 3840, 3)
2026-05-21 11:23:27 [INFO] 图像数据类型: uint8
2026-05-21 11:23:27 [INFO] 图像最大值: 255
2026-05-21 11:23:27 [INFO] 图像最小值: 0
2026-05-21 11:23:27 [INFO] 开始保存检测结果图像: 图像尺寸=(2160, 3840, 3), 类型=uint8, 路径=C:\code\show\Scrap_Steel_In_Field\photos\dangerous_det\detection_20260521_112327.jpg
2026-05-21 11:23:27 [INFO] 成功保存检测结果到: C:\code\show\Scrap_Steel_In_Field\photos\dangerous_det\detection_20260521_112327.jpg
2026-05-21 11:23:27 [INFO] 保存的检测结果文件大小: 2485953 字节
2026-05-21 11:23:27 [INFO] 引擎上下文已释放
2026-05-21 11:23:27 [INFO] TensorRT 引擎已释放
2026-05-21 11:23:27 [INFO] 全局 CUDA 资源已释放
2026-05-21 11:23:27 [INFO] 检测系统资源已释放
2026-05-21 11:23:33 [INFO] CUDA 初始化成功
2026-05-21 11:23:33 [INFO] 引擎加载成功: dangerous.engine
2026-05-21 11:23:33 [INFO] 检测系统初始化成功
2026-05-21 11:23:33 [INFO] 图像预处理完成，原始尺寸: (2160, 3840)
2026-05-21 11:23:33 [INFO] 开始执行目标检测...
2026-05-21 11:23:33 [INFO] 检测完成，找到 5 个物体
2026-05-21 11:23:33 [INFO] 物体 1: GasCyl1 (置信度: 0.93)
2026-05-21 11:23:33 [INFO] 物体 2: FireExt1 (置信度: 0.53)
2026-05-21 11:23:33 [INFO] 物体 3: GasCyl1 (置信度: 0.44)
2026-05-21 11:23:33 [INFO] 物体 4: FireExt1 (置信度: 0.30)
2026-05-21 11:23:33 [INFO] 物体 5: FireExt1 (置信度: 0.27)
2026-05-21 11:23:33 [INFO] 检测到车兜区域，将过滤区域外的目标
2026-05-21 11:23:33 [INFO] 车兜区域过滤: 5 -> 3 个目标
2026-05-21 11:23:33 [INFO] 准备保存检测结果到: C:\code\show\Scrap_Steel_In_Field\photos\dangerous_det\detection_20260521_112333.jpg
2026-05-21 11:23:33 [INFO] 图像形状: (2160, 3840, 3)
2026-05-21 11:23:33 [INFO] 图像数据类型: uint8
2026-05-21 11:23:33 [INFO] 图像最大值: 255
2026-05-21 11:23:33 [INFO] 图像最小值: 0
2026-05-21 11:23:33 [INFO] 开始保存检测结果图像: 图像尺寸=(2160, 3840, 3), 类型=uint8, 路径=C:\code\show\Scrap_Steel_In_Field\photos\dangerous_det\detection_20260521_112333.jpg
2026-05-21 11:23:33 [INFO] 成功保存检测结果到: C:\code\show\Scrap_Steel_In_Field\photos\dangerous_det\detection_20260521_112333.jpg
2026-05-21 11:23:33 [INFO] 保存的检测结果文件大小: 2484928 字节
2026-05-21 11:23:33 [INFO] 引擎上下文已释放
2026-05-21 11:23:33 [INFO] TensorRT 引擎已释放
2026-05-21 11:23:33 [INFO] 全局 CUDA 资源已释放
2026-05-21 11:23:33 [INFO] 检测系统资源已释放
2026-05-21 11:23:38 [INFO] CUDA 初始化成功
2026-05-21 11:23:38 [INFO] 引擎加载成功: dangerous.engine
2026-05-21 11:23:38 [INFO] 检测系统初始化成功
2026-05-21 11:23:38 [INFO] 图像预处理完成，原始尺寸: (2160, 3840)
2026-05-21 11:23:38 [INFO] 开始执行目标检测...
2026-05-21 11:23:38 [INFO] 检测完成，找到 3 个物体
2026-05-21 11:23:38 [INFO] 物体 1: GasCyl1 (置信度: 0.94)
2026-05-21 11:23:38 [INFO] 物体 2: FireExt1 (置信度: 0.45)
2026-05-21 11:23:38 [INFO] 物体 3: FireExt1 (置信度: 0.37)
2026-05-21 11:23:38 [INFO] 检测到车兜区域，将过滤区域外的目标
2026-05-21 11:23:38 [INFO] 车兜区域过滤: 3 -> 2 个目标
2026-05-21 11:23:38 [INFO] 准备保存检测结果到: C:\code\show\Scrap_Steel_In_Field\photos\dangerous_det\detection_20260521_112338.jpg
2026-05-21 11:23:38 [INFO] 图像形状: (2160, 3840, 3)
2026-05-21 11:23:38 [INFO] 图像数据类型: uint8
2026-05-21 11:23:38 [INFO] 图像最大值: 255
2026-05-21 11:23:38 [INFO] 图像最小值: 0
2026-05-21 11:23:38 [INFO] 开始保存检测结果图像: 图像尺寸=(2160, 3840, 3), 类型=uint8, 路径=C:\code\show\Scrap_Steel_In_Field\photos\dangerous_det\detection_20260521_112338.jpg
2026-05-21 11:23:38 [INFO] 成功保存检测结果到: C:\code\show\Scrap_Steel_In_Field\photos\dangerous_det\detection_20260521_112338.jpg
2026-05-21 11:23:38 [INFO] 保存的检测结果文件大小: 1738805 字节
2026-05-21 11:23:38 [INFO] 引擎上下文已释放
2026-05-21 11:23:38 [INFO] TensorRT 引擎已释放
2026-05-21 11:23:38 [INFO] 全局 CUDA 资源已释放
2026-05-21 11:23:38 [INFO] 检测系统资源已释放
2026-05-21 11:23:43 [INFO] CUDA 初始化成功
2026-05-21 11:23:43 [INFO] 引擎加载成功: dangerous.engine
2026-05-21 11:23:43 [INFO] 检测系统初始化成功
2026-05-21 11:23:43 [INFO] 图像预处理完成，原始尺寸: (2160, 3840)
2026-05-21 11:23:43 [INFO] 开始执行目标检测...
2026-05-21 11:23:43 [INFO] 检测完成，找到 4 个物体
2026-05-21 11:23:43 [INFO] 物体 1: GasCyl1 (置信度: 0.93)
2026-05-21 11:23:43 [INFO] 物体 2: FireExt1 (置信度: 0.49)
2026-05-21 11:23:43 [INFO] 物体 3: FireExt1 (置信度: 0.40)
2026-05-21 11:23:43 [INFO] 物体 4: FireExt1 (置信度: 0.28)
2026-05-21 11:23:43 [INFO] 检测到车兜区域，将过滤区域外的目标
2026-05-21 11:23:43 [INFO] 车兜区域过滤: 4 -> 1 个目标
2026-05-21 11:23:43 [INFO] 准备保存检测结果到: C:\code\show\Scrap_Steel_In_Field\photos\dangerous_det\detection_20260521_112343.jpg
2026-05-21 11:23:43 [INFO] 图像形状: (2160, 3840, 3)
2026-05-21 11:23:43 [INFO] 图像数据类型: uint8
2026-05-21 11:23:43 [INFO] 图像最大值: 255
2026-05-21 11:23:43 [INFO] 图像最小值: 0
2026-05-21 11:23:43 [INFO] 开始保存检测结果图像: 图像尺寸=(2160, 3840, 3), 类型=uint8, 路径=C:\code\show\Scrap_Steel_In_Field\photos\dangerous_det\detection_20260521_112343.jpg
2026-05-21 11:23:43 [INFO] 成功保存检测结果到: C:\code\show\Scrap_Steel_In_Field\photos\dangerous_det\detection_20260521_112343.jpg
2026-05-21 11:23:43 [INFO] 保存的检测结果文件大小: 2154508 字节
2026-05-21 11:23:43 [INFO] 引擎上下文已释放
2026-05-21 11:23:43 [INFO] TensorRT 引擎已释放
2026-05-21 11:23:43 [INFO] 全局 CUDA 资源已释放
2026-05-21 11:23:43 [INFO] 检测系统资源已释放
2026-05-21 11:23:48 [INFO] CUDA 初始化成功
2026-05-21 11:23:48 [INFO] 引擎加载成功: dangerous.engine
2026-05-21 11:23:48 [INFO] 检测系统初始化成功
2026-05-21 11:23:49 [INFO] 图像预处理完成，原始尺寸: (2160, 3840)
2026-05-21 11:23:49 [INFO] 开始执行目标检测...
2026-05-21 11:23:49 [INFO] 检测完成，找到 4 个物体
2026-05-21 11:23:49 [INFO] 物体 1: GasCyl1 (置信度: 0.92)
2026-05-21 11:23:49 [INFO] 物体 2: FireExt1 (置信度: 0.47)
2026-05-21 11:23:49 [INFO] 物体 3: FireExt1 (置信度: 0.46)
2026-05-21 11:23:49 [INFO] 物体 4: FireExt1 (置信度: 0.25)
2026-05-21 11:23:49 [INFO] 检测到车兜区域，将过滤区域外的目标
2026-05-21 11:23:49 [INFO] 车兜区域过滤: 4 -> 1 个目标
2026-05-21 11:23:49 [INFO] 准备保存检测结果到: C:\code\show\Scrap_Steel_In_Field\photos\dangerous_det\detection_20260521_112349.jpg
2026-05-21 11:23:49 [INFO] 图像形状: (2160, 3840, 3)
2026-05-21 11:23:49 [INFO] 图像数据类型: uint8
2026-05-21 11:23:49 [INFO] 图像最大值: 255
2026-05-21 11:23:49 [INFO] 图像最小值: 0
2026-05-21 11:23:49 [INFO] 开始保存检测结果图像: 图像尺寸=(2160, 3840, 3), 类型=uint8, 路径=C:\code\show\Scrap_Steel_In_Field\photos\dangerous_det\detection_20260521_112349.jpg
2026-05-21 11:23:49 [INFO] 成功保存检测结果到: C:\code\show\Scrap_Steel_In_Field\photos\dangerous_det\detection_20260521_112349.jpg
2026-05-21 11:23:49 [INFO] 保存的检测结果文件大小: 2016509 字节
2026-05-21 11:23:49 [INFO] 引擎上下文已释放
2026-05-21 11:23:49 [INFO] TensorRT 引擎已释放
2026-05-21 11:23:49 [INFO] 全局 CUDA 资源已释放
2026-05-21 11:23:49 [INFO] 检测系统资源已释放
2026-05-21 11:23:54 [INFO] CUDA 初始化成功
2026-05-21 11:23:54 [INFO] 引擎加载成功: dangerous.engine
2026-05-21 11:23:54 [INFO] 检测系统初始化成功
2026-05-21 11:23:54 [INFO] 图像预处理完成，原始尺寸: (2160, 3840)
2026-05-21 11:23:54 [INFO] 开始执行目标检测...
2026-05-21 11:23:54 [INFO] 检测完成，找到 4 个物体
2026-05-21 11:23:54 [INFO] 物体 1: GasCyl1 (置信度: 0.92)
2026-05-21 11:23:54 [INFO] 物体 2: FireExt1 (置信度: 0.49)
2026-05-21 11:23:54 [INFO] 物体 3: FireExt1 (置信度: 0.49)
2026-05-21 11:23:54 [INFO] 物体 4: FireExt1 (置信度: 0.39)
2026-05-21 11:23:54 [INFO] 检测到车兜区域，将过滤区域外的目标
2026-05-21 11:23:54 [INFO] 车兜区域过滤: 4 -> 1 个目标
2026-05-21 11:23:54 [INFO] 准备保存检测结果到: C:\code\show\Scrap_Steel_In_Field\photos\dangerous_det\detection_20260521_112354.jpg
2026-05-21 11:23:54 [INFO] 图像形状: (2160, 3840, 3)
2026-05-21 11:23:54 [INFO] 图像数据类型: uint8
2026-05-21 11:23:54 [INFO] 图像最大值: 255
2026-05-21 11:23:54 [INFO] 图像最小值: 0
2026-05-21 11:23:54 [INFO] 开始保存检测结果图像: 图像尺寸=(2160, 3840, 3), 类型=uint8, 路径=C:\code\show\Scrap_Steel_In_Field\photos\dangerous_det\detection_20260521_112354.jpg
2026-05-21 11:23:54 [INFO] 成功保存检测结果到: C:\code\show\Scrap_Steel_In_Field\photos\dangerous_det\detection_20260521_112354.jpg
2026-05-21 11:23:54 [INFO] 保存的检测结果文件大小: 2401360 字节
2026-05-21 11:23:54 [INFO] 引擎上下文已释放
2026-05-21 11:23:54 [INFO] TensorRT 引擎已释放
2026-05-21 11:23:54 [INFO] 全局 CUDA 资源已释放
2026-05-21 11:23:54 [INFO] 检测系统资源已释放
2026-05-21 11:23:59 [INFO] CUDA 初始化成功
2026-05-21 11:23:59 [INFO] 引擎加载成功: dangerous.engine
2026-05-21 11:23:59 [INFO] 检测系统初始化成功
2026-05-21 11:23:59 [INFO] 图像预处理完成，原始尺寸: (2160, 3840)
2026-05-21 11:23:59 [INFO] 开始执行目标检测...
2026-05-21 11:23:59 [INFO] 检测完成，找到 4 个物体
2026-05-21 11:23:59 [INFO] 物体 1: GasCyl1 (置信度: 0.93)
2026-05-21 11:23:59 [INFO] 物体 2: FireExt1 (置信度: 0.49)
2026-05-21 11:23:59 [INFO] 物体 3: FireExt1 (置信度: 0.48)
2026-05-21 11:23:59 [INFO] 物体 4: FireExt1 (置信度: 0.39)
2026-05-21 11:23:59 [INFO] 检测到车兜区域，将过滤区域外的目标
2026-05-21 11:23:59 [INFO] 车兜区域过滤: 4 -> 1 个目标
2026-05-21 11:23:59 [INFO] 准备保存检测结果到: C:\code\show\Scrap_Steel_In_Field\photos\dangerous_det\detection_20260521_112359.jpg
2026-05-21 11:23:59 [INFO] 图像形状: (2160, 3840, 3)
2026-05-21 11:23:59 [INFO] 图像数据类型: uint8
2026-05-21 11:23:59 [INFO] 图像最大值: 255
2026-05-21 11:23:59 [INFO] 图像最小值: 0
2026-05-21 11:23:59 [INFO] 开始保存检测结果图像: 图像尺寸=(2160, 3840, 3), 类型=uint8, 路径=C:\code\show\Scrap_Steel_In_Field\photos\dangerous_det\detection_20260521_112359.jpg
2026-05-21 11:23:59 [INFO] 成功保存检测结果到: C:\code\show\Scrap_Steel_In_Field\photos\dangerous_det\detection_20260521_112359.jpg
2026-05-21 11:23:59 [INFO] 保存的检测结果文件大小: 2477028 字节
2026-05-21 11:23:59 [INFO] 引擎上下文已释放
2026-05-21 11:23:59 [INFO] TensorRT 引擎已释放
2026-05-21 11:23:59 [INFO] 全局 CUDA 资源已释放
2026-05-21 11:23:59 [INFO] 检测系统资源已释放
2026-05-21 11:24:04 [INFO] CUDA 初始化成功
2026-05-21 11:24:04 [INFO] 引擎加载成功: dangerous.engine
2026-05-21 11:24:04 [INFO] 检测系统初始化成功
2026-05-21 11:24:05 [INFO] 图像预处理完成，原始尺寸: (2160, 3840)
2026-05-21 11:24:05 [INFO] 开始执行目标检测...
2026-05-21 11:24:05 [INFO] 检测完成，找到 3 个物体
2026-05-21 11:24:05 [INFO] 物体 1: GasCyl1 (置信度: 0.92)
2026-05-21 11:24:05 [INFO] 物体 2: GasCyl1 (置信度: 0.44)
2026-05-21 11:24:05 [INFO] 物体 3: FireExt1 (置信度: 0.43)
2026-05-21 11:24:05 [INFO] 检测到车兜区域，将过滤区域外的目标
2026-05-21 11:24:05 [INFO] 车兜区域过滤: 3 -> 1 个目标
2026-05-21 11:24:05 [INFO] 准备保存检测结果到: C:\code\show\Scrap_Steel_In_Field\photos\dangerous_det\detection_20260521_112405.jpg
2026-05-21 11:24:05 [INFO] 图像形状: (2160, 3840, 3)
2026-05-21 11:24:05 [INFO] 图像数据类型: uint8
2026-05-21 11:24:05 [INFO] 图像最大值: 255
2026-05-21 11:24:05 [INFO] 图像最小值: 0
2026-05-21 11:24:05 [INFO] 开始保存检测结果图像: 图像尺寸=(2160, 3840, 3), 类型=uint8, 路径=C:\code\show\Scrap_Steel_In_Field\photos\dangerous_det\detection_20260521_112405.jpg
2026-05-21 11:24:05 [INFO] 成功保存检测结果到: C:\code\show\Scrap_Steel_In_Field\photos\dangerous_det\detection_20260521_112405.jpg
2026-05-21 11:24:05 [INFO] 保存的检测结果文件大小: 1849629 字节
2026-05-21 11:24:05 [INFO] 引擎上下文已释放
2026-05-21 11:24:05 [INFO] TensorRT 引擎已释放
2026-05-21 11:24:05 [INFO] 全局 CUDA 资源已释放
2026-05-21 11:24:05 [INFO] 检测系统资源已释放
2026-05-21 11:24:10 [INFO] CUDA 初始化成功
2026-05-21 11:24:10 [INFO] 引擎加载成功: dangerous.engine
2026-05-21 11:24:10 [INFO] 检测系统初始化成功
2026-05-21 11:24:10 [INFO] 图像预处理完成，原始尺寸: (2160, 3840)
2026-05-21 11:24:10 [INFO] 开始执行目标检测...
2026-05-21 11:24:10 [INFO] 检测完成，找到 3 个物体
2026-05-21 11:24:10 [INFO] 物体 1: GasCyl1 (置信度: 0.93)
2026-05-21 11:24:10 [INFO] 物体 2: FireExt1 (置信度: 0.48)
2026-05-21 11:24:10 [INFO] 物体 3: GasCyl1 (置信度: 0.45)
2026-05-21 11:24:10 [INFO] 检测到车兜区域，将过滤区域外的目标
2026-05-21 11:24:10 [INFO] 车兜区域过滤: 3 -> 1 个目标
2026-05-21 11:24:10 [INFO] 准备保存检测结果到: C:\code\show\Scrap_Steel_In_Field\photos\dangerous_det\detection_20260521_112410.jpg
2026-05-21 11:24:10 [INFO] 图像形状: (2160, 3840, 3)
2026-05-21 11:24:10 [INFO] 图像数据类型: uint8
2026-05-21 11:24:10 [INFO] 图像最大值: 255
2026-05-21 11:24:10 [INFO] 图像最小值: 0
2026-05-21 11:24:10 [INFO] 开始保存检测结果图像: 图像尺寸=(2160, 3840, 3), 类型=uint8, 路径=C:\code\show\Scrap_Steel_In_Field\photos\dangerous_det\detection_20260521_112410.jpg
2026-05-21 11:24:10 [INFO] 成功保存检测结果到: C:\code\show\Scrap_Steel_In_Field\photos\dangerous_det\detection_20260521_112410.jpg
2026-05-21 11:24:10 [INFO] 保存的检测结果文件大小: 2458024 字节
2026-05-21 11:24:10 [INFO] 引擎上下文已释放
2026-05-21 11:24:10 [INFO] TensorRT 引擎已释放
2026-05-21 11:24:10 [INFO] 全局 CUDA 资源已释放
2026-05-21 11:24:10 [INFO] 检测系统资源已释放
2026-05-21 11:24:16 [INFO] CUDA 初始化成功
2026-05-21 11:24:16 [INFO] 引擎加载成功: dangerous.engine
2026-05-21 11:24:16 [INFO] 检测系统初始化成功
2026-05-21 11:24:16 [INFO] 图像预处理完成，原始尺寸: (2160, 3840)
2026-05-21 11:24:16 [INFO] 开始执行目标检测...
2026-05-21 11:24:16 [INFO] 检测完成，找到 3 个物体
2026-05-21 11:24:16 [INFO] 物体 1: GasCyl1 (置信度: 0.93)
2026-05-21 11:24:16 [INFO] 物体 2: FireExt1 (置信度: 0.46)
2026-05-21 11:24:16 [INFO] 物体 3: GasCyl1 (置信度: 0.38)
2026-05-21 11:24:16 [INFO] 检测到车兜区域，将过滤区域外的目标
2026-05-21 11:24:16 [INFO] 车兜区域过滤: 3 -> 1 个目标
2026-05-21 11:24:16 [INFO] 准备保存检测结果到: C:\code\show\Scrap_Steel_In_Field\photos\dangerous_det\detection_20260521_112416.jpg
2026-05-21 11:24:16 [INFO] 图像形状: (2160, 3840, 3)
2026-05-21 11:24:16 [INFO] 图像数据类型: uint8
2026-05-21 11:24:16 [INFO] 图像最大值: 255
2026-05-21 11:24:16 [INFO] 图像最小值: 0
2026-05-21 11:24:16 [INFO] 开始保存检测结果图像: 图像尺寸=(2160, 3840, 3), 类型=uint8, 路径=C:\code\show\Scrap_Steel_In_Field\photos\dangerous_det\detection_20260521_112416.jpg
2026-05-21 11:24:16 [INFO] 成功保存检测结果到: C:\code\show\Scrap_Steel_In_Field\photos\dangerous_det\detection_20260521_112416.jpg
2026-05-21 11:24:16 [INFO] 保存的检测结果文件大小: 2523979 字节
2026-05-21 11:24:16 [INFO] 引擎上下文已释放
2026-05-21 11:24:16 [INFO] TensorRT 引擎已释放
2026-05-21 11:24:16 [INFO] 全局 CUDA 资源已释放
2026-05-21 11:24:16 [INFO] 检测系统资源已释放
2026-05-21 11:24:20 [INFO] CUDA 初始化成功
2026-05-21 11:24:21 [INFO] 引擎加载成功: dangerous.engine
2026-05-21 11:24:21 [INFO] 检测系统初始化成功
2026-05-21 11:24:21 [INFO] 图像预处理完成，原始尺寸: (2160, 3840)
2026-05-21 11:24:21 [INFO] 开始执行目标检测...
2026-05-21 11:24:21 [INFO] 检测完成，找到 3 个物体
2026-05-21 11:24:21 [INFO] 物体 1: GasCyl1 (置信度: 0.92)
2026-05-21 11:24:21 [INFO] 物体 2: FireExt1 (置信度: 0.47)
2026-05-21 11:24:21 [INFO] 物体 3: GasCyl1 (置信度: 0.31)
2026-05-21 11:24:21 [INFO] 检测到车兜区域，将过滤区域外的目标
2026-05-21 11:24:21 [INFO] 车兜区域过滤: 3 -> 1 个目标
2026-05-21 11:24:21 [INFO] 准备保存检测结果到: C:\code\show\Scrap_Steel_In_Field\photos\dangerous_det\detection_20260521_112421.jpg
2026-05-21 11:24:21 [INFO] 图像形状: (2160, 3840, 3)
2026-05-21 11:24:21 [INFO] 图像数据类型: uint8
2026-05-21 11:24:21 [INFO] 图像最大值: 255
2026-05-21 11:24:21 [INFO] 图像最小值: 0
2026-05-21 11:24:21 [INFO] 开始保存检测结果图像: 图像尺寸=(2160, 3840, 3), 类型=uint8, 路径=C:\code\show\Scrap_Steel_In_Field\photos\dangerous_det\detection_20260521_112421.jpg
2026-05-21 11:24:21 [INFO] 成功保存检测结果到: C:\code\show\Scrap_Steel_In_Field\photos\dangerous_det\detection_20260521_112421.jpg
2026-05-21 11:24:21 [INFO] 保存的检测结果文件大小: 2501109 字节
2026-05-21 11:24:21 [INFO] 引擎上下文已释放
2026-05-21 11:24:21 [INFO] TensorRT 引擎已释放
2026-05-21 11:24:21 [INFO] 全局 CUDA 资源已释放
2026-05-21 11:24:21 [INFO] 检测系统资源已释放
2026-05-21 11:24:26 [INFO] CUDA 初始化成功
2026-05-21 11:24:26 [INFO] 引擎加载成功: dangerous.engine
2026-05-21 11:24:26 [INFO] 检测系统初始化成功
2026-05-21 11:24:26 [INFO] 图像预处理完成，原始尺寸: (2160, 3840)
2026-05-21 11:24:26 [INFO] 开始执行目标检测...
2026-05-21 11:24:26 [INFO] 检测完成，找到 4 个物体
2026-05-21 11:24:26 [INFO] 物体 1: GasCyl1 (置信度: 0.92)
2026-05-21 11:24:26 [INFO] 物体 2: FireExt1 (置信度: 0.49)
2026-05-21 11:24:26 [INFO] 物体 3: GasCyl1 (置信度: 0.34)
2026-05-21 11:24:26 [INFO] 物体 4: FireExt1 (置信度: 0.33)
2026-05-21 11:24:26 [INFO] 检测到车兜区域，将过滤区域外的目标
2026-05-21 11:24:26 [INFO] 车兜区域过滤: 4 -> 1 个目标
2026-05-21 11:24:26 [INFO] 准备保存检测结果到: C:\code\show\Scrap_Steel_In_Field\photos\dangerous_det\detection_20260521_112426.jpg
2026-05-21 11:24:26 [INFO] 图像形状: (2160, 3840, 3)
2026-05-21 11:24:26 [INFO] 图像数据类型: uint8
2026-05-21 11:24:26 [INFO] 图像最大值: 255
2026-05-21 11:24:26 [INFO] 图像最小值: 0
2026-05-21 11:24:26 [INFO] 开始保存检测结果图像: 图像尺寸=(2160, 3840, 3), 类型=uint8, 路径=C:\code\show\Scrap_Steel_In_Field\photos\dangerous_det\detection_20260521_112426.jpg
2026-05-21 11:24:26 [INFO] 成功保存检测结果到: C:\code\show\Scrap_Steel_In_Field\photos\dangerous_det\detection_20260521_112426.jpg
2026-05-21 11:24:26 [INFO] 保存的检测结果文件大小: 2518385 字节
2026-05-21 11:24:26 [INFO] 引擎上下文已释放
2026-05-21 11:24:26 [INFO] TensorRT 引擎已释放
2026-05-21 11:24:26 [INFO] 全局 CUDA 资源已释放
2026-05-21 11:24:26 [INFO] 检测系统资源已释放
2026-05-21 11:24:31 [INFO] CUDA 初始化成功
2026-05-21 11:24:31 [INFO] 引擎加载成功: dangerous.engine
2026-05-21 11:24:31 [INFO] 检测系统初始化成功
2026-05-21 11:24:31 [INFO] 图像预处理完成，原始尺寸: (2160, 3840)
2026-05-21 11:24:31 [INFO] 开始执行目标检测...
2026-05-21 11:24:31 [INFO] 检测完成，找到 3 个物体
2026-05-21 11:24:31 [INFO] 物体 1: GasCyl1 (置信度: 0.92)
2026-05-21 11:24:31 [INFO] 物体 2: FireExt1 (置信度: 0.51)
2026-05-21 11:24:31 [INFO] 物体 3: GasCyl1 (置信度: 0.49)
2026-05-21 11:24:31 [INFO] 检测到车兜区域，将过滤区域外的目标
2026-05-21 11:24:31 [INFO] 车兜区域过滤: 3 -> 1 个目标
2026-05-21 11:24:31 [INFO] 准备保存检测结果到: C:\code\show\Scrap_Steel_In_Field\photos\dangerous_det\detection_20260521_112431.jpg
2026-05-21 11:24:31 [INFO] 图像形状: (2160, 3840, 3)
2026-05-21 11:24:31 [INFO] 图像数据类型: uint8
2026-05-21 11:24:31 [INFO] 图像最大值: 255
2026-05-21 11:24:31 [INFO] 图像最小值: 0
2026-05-21 11:24:31 [INFO] 开始保存检测结果图像: 图像尺寸=(2160, 3840, 3), 类型=uint8, 路径=C:\code\show\Scrap_Steel_In_Field\photos\dangerous_det\detection_20260521_112431.jpg
2026-05-21 11:24:31 [INFO] 成功保存检测结果到: C:\code\show\Scrap_Steel_In_Field\photos\dangerous_det\detection_20260521_112431.jpg
2026-05-21 11:24:31 [INFO] 保存的检测结果文件大小: 2471485 字节
2026-05-21 11:24:31 [INFO] 引擎上下文已释放
2026-05-21 11:24:31 [INFO] TensorRT 引擎已释放
2026-05-21 11:24:31 [INFO] 全局 CUDA 资源已释放
2026-05-21 11:24:31 [INFO] 检测系统资源已释放
2026-05-21 11:24:36 [INFO] CUDA 初始化成功
2026-05-21 11:24:36 [INFO] 引擎加载成功: dangerous.engine
2026-05-21 11:24:36 [INFO] 检测系统初始化成功
2026-05-21 11:24:36 [INFO] 图像预处理完成，原始尺寸: (2160, 3840)
2026-05-21 11:24:36 [INFO] 开始执行目标检测...
2026-05-21 11:24:36 [INFO] 检测完成，找到 4 个物体
2026-05-21 11:24:36 [INFO] 物体 1: GasCyl1 (置信度: 0.91)
2026-05-21 11:24:36 [INFO] 物体 2: FireExt1 (置信度: 0.47)
2026-05-21 11:24:36 [INFO] 物体 3: FireExt1 (置信度: 0.47)
2026-05-21 11:24:36 [INFO] 物体 4: GasCyl1 (置信度: 0.30)
2026-05-21 11:24:36 [INFO] 检测到车兜区域，将过滤区域外的目标
2026-05-21 11:24:36 [INFO] 车兜区域过滤: 4 -> 1 个目标
2026-05-21 11:24:36 [INFO] 准备保存检测结果到: C:\code\show\Scrap_Steel_In_Field\photos\dangerous_det\detection_20260521_112436.jpg
2026-05-21 11:24:36 [INFO] 图像形状: (2160, 3840, 3)
2026-05-21 11:24:36 [INFO] 图像数据类型: uint8
2026-05-21 11:24:36 [INFO] 图像最大值: 255
2026-05-21 11:24:36 [INFO] 图像最小值: 0
2026-05-21 11:24:36 [INFO] 开始保存检测结果图像: 图像尺寸=(2160, 3840, 3), 类型=uint8, 路径=C:\code\show\Scrap_Steel_In_Field\photos\dangerous_det\detection_20260521_112436.jpg
2026-05-21 11:24:36 [INFO] 成功保存检测结果到: C:\code\show\Scrap_Steel_In_Field\photos\dangerous_det\detection_20260521_112436.jpg
2026-05-21 11:24:36 [INFO] 保存的检测结果文件大小: 1894267 字节
2026-05-21 11:24:36 [INFO] 引擎上下文已释放
2026-05-21 11:24:36 [INFO] TensorRT 引擎已释放
2026-05-21 11:24:36 [INFO] 全局 CUDA 资源已释放
2026-05-21 11:24:36 [INFO] 检测系统资源已释放
2026-05-21 11:24:42 [INFO] CUDA 初始化成功
2026-05-21 11:24:42 [INFO] 引擎加载成功: dangerous.engine
2026-05-21 11:24:42 [INFO] 检测系统初始化成功
2026-05-21 11:24:42 [INFO] 图像预处理完成，原始尺寸: (2160, 3840)
2026-05-21 11:24:42 [INFO] 开始执行目标检测...
2026-05-21 11:24:42 [INFO] 检测完成，找到 3 个物体
2026-05-21 11:24:42 [INFO] 物体 1: GasCyl1 (置信度: 0.93)
2026-05-21 11:24:42 [INFO] 物体 2: FireExt1 (置信度: 0.42)
2026-05-21 11:24:42 [INFO] 物体 3: GasCyl1 (置信度: 0.34)
2026-05-21 11:24:42 [INFO] 检测到车兜区域，将过滤区域外的目标
2026-05-21 11:24:42 [INFO] 车兜区域过滤: 3 -> 1 个目标
2026-05-21 11:24:42 [INFO] 准备保存检测结果到: C:\code\show\Scrap_Steel_In_Field\photos\dangerous_det\detection_20260521_112442.jpg
2026-05-21 11:24:42 [INFO] 图像形状: (2160, 3840, 3)
2026-05-21 11:24:42 [INFO] 图像数据类型: uint8
2026-05-21 11:24:42 [INFO] 图像最大值: 255
2026-05-21 11:24:42 [INFO] 图像最小值: 0
2026-05-21 11:24:42 [INFO] 开始保存检测结果图像: 图像尺寸=(2160, 3840, 3), 类型=uint8, 路径=C:\code\show\Scrap_Steel_In_Field\photos\dangerous_det\detection_20260521_112442.jpg
2026-05-21 11:24:42 [INFO] 成功保存检测结果到: C:\code\show\Scrap_Steel_In_Field\photos\dangerous_det\detection_20260521_112442.jpg
2026-05-21 11:24:42 [INFO] 保存的检测结果文件大小: 1959965 字节
2026-05-21 11:24:42 [INFO] 引擎上下文已释放
2026-05-21 11:24:42 [INFO] TensorRT 引擎已释放
2026-05-21 11:24:42 [INFO] 全局 CUDA 资源已释放
2026-05-21 11:24:42 [INFO] 检测系统资源已释放
2026-05-21 11:24:47 [INFO] CUDA 初始化成功
2026-05-21 11:24:47 [INFO] 引擎加载成功: dangerous.engine
2026-05-21 11:24:47 [INFO] 检测系统初始化成功
2026-05-21 11:24:47 [INFO] 图像预处理完成，原始尺寸: (2160, 3840)
2026-05-21 11:24:47 [INFO] 开始执行目标检测...
2026-05-21 11:24:47 [INFO] 检测完成，找到 3 个物体
2026-05-21 11:24:47 [INFO] 物体 1: GasCyl1 (置信度: 0.93)
2026-05-21 11:24:47 [INFO] 物体 2: GasCyl1 (置信度: 0.57)
2026-05-21 11:24:47 [INFO] 物体 3: FireExt1 (置信度: 0.46)
2026-05-21 11:24:47 [INFO] 检测到车兜区域，将过滤区域外的目标
2026-05-21 11:24:47 [INFO] 车兜区域过滤: 3 -> 1 个目标
2026-05-21 11:24:47 [INFO] 准备保存检测结果到: C:\code\show\Scrap_Steel_In_Field\photos\dangerous_det\detection_20260521_112447.jpg
2026-05-21 11:24:47 [INFO] 图像形状: (2160, 3840, 3)
2026-05-21 11:24:47 [INFO] 图像数据类型: uint8
2026-05-21 11:24:47 [INFO] 图像最大值: 255
2026-05-21 11:24:47 [INFO] 图像最小值: 0
2026-05-21 11:24:47 [INFO] 开始保存检测结果图像: 图像尺寸=(2160, 3840, 3), 类型=uint8, 路径=C:\code\show\Scrap_Steel_In_Field\photos\dangerous_det\detection_20260521_112447.jpg
2026-05-21 11:24:47 [INFO] 成功保存检测结果到: C:\code\show\Scrap_Steel_In_Field\photos\dangerous_det\detection_20260521_112447.jpg
2026-05-21 11:24:47 [INFO] 保存的检测结果文件大小: 2307033 字节
2026-05-21 11:24:47 [INFO] 引擎上下文已释放
2026-05-21 11:24:47 [INFO] TensorRT 引擎已释放
2026-05-21 11:24:47 [INFO] 全局 CUDA 资源已释放
2026-05-21 11:24:47 [INFO] 检测系统资源已释放
2026-05-21 11:24:52 [INFO] CUDA 初始化成功
2026-05-21 11:24:52 [INFO] 引擎加载成功: dangerous.engine
2026-05-21 11:24:52 [INFO] 检测系统初始化成功
2026-05-21 11:24:52 [INFO] 图像预处理完成，原始尺寸: (2160, 3840)
2026-05-21 11:24:52 [INFO] 开始执行目标检测...
2026-05-21 11:24:52 [INFO] 检测完成，找到 4 个物体
2026-05-21 11:24:52 [INFO] 物体 1: GasCyl1 (置信度: 0.94)
2026-05-21 11:24:52 [INFO] 物体 2: FireExt1 (置信度: 0.49)
2026-05-21 11:24:52 [INFO] 物体 3: GasCyl1 (置信度: 0.48)
2026-05-21 11:24:52 [INFO] 物体 4: FireExt1 (置信度: 0.25)
2026-05-21 11:24:52 [INFO] 检测到车兜区域，将过滤区域外的目标
2026-05-21 11:24:52 [INFO] 车兜区域过滤: 4 -> 2 个目标
2026-05-21 11:24:52 [INFO] 准备保存检测结果到: C:\code\show\Scrap_Steel_In_Field\photos\dangerous_det\detection_20260521_112452.jpg
2026-05-21 11:24:52 [INFO] 图像形状: (2160, 3840, 3)
2026-05-21 11:24:52 [INFO] 图像数据类型: uint8
2026-05-21 11:24:52 [INFO] 图像最大值: 255
2026-05-21 11:24:52 [INFO] 图像最小值: 0
2026-05-21 11:24:52 [INFO] 开始保存检测结果图像: 图像尺寸=(2160, 3840, 3), 类型=uint8, 路径=C:\code\show\Scrap_Steel_In_Field\photos\dangerous_det\detection_20260521_112452.jpg
2026-05-21 11:24:52 [INFO] 成功保存检测结果到: C:\code\show\Scrap_Steel_In_Field\photos\dangerous_det\detection_20260521_112452.jpg
2026-05-21 11:24:52 [INFO] 保存的检测结果文件大小: 2406863 字节
2026-05-21 11:24:52 [INFO] 引擎上下文已释放
2026-05-21 11:24:52 [INFO] TensorRT 引擎已释放
2026-05-21 11:24:52 [INFO] 全局 CUDA 资源已释放
2026-05-21 11:24:52 [INFO] 检测系统资源已释放
2026-05-21 11:24:57 [INFO] CUDA 初始化成功
2026-05-21 11:24:57 [INFO] 引擎加载成功: dangerous.engine
2026-05-21 11:24:57 [INFO] 检测系统初始化成功
2026-05-21 11:24:57 [INFO] 图像预处理完成，原始尺寸: (2160, 3840)
2026-05-21 11:24:57 [INFO] 开始执行目标检测...
2026-05-21 11:24:57 [INFO] 检测完成，找到 6 个物体
2026-05-21 11:24:57 [INFO] 物体 1: GasCyl1 (置信度: 0.91)
2026-05-21 11:24:57 [INFO] 物体 2: GasCyl1 (置信度: 0.53)
2026-05-21 11:24:57 [INFO] 物体 3: GasCyl1 (置信度: 0.42)
2026-05-21 11:24:57 [INFO] 物体 4: FireExt1 (置信度: 0.40)
2026-05-21 11:24:57 [INFO] 物体 5: GasCyl1 (置信度: 0.39)
2026-05-21 11:24:57 [INFO] 物体 6: FireExt1 (置信度: 0.38)
2026-05-21 11:24:57 [INFO] 检测到车兜区域，将过滤区域外的目标
2026-05-21 11:24:57 [INFO] 车兜区域过滤: 6 -> 3 个目标
2026-05-21 11:24:57 [INFO] 准备保存检测结果到: C:\code\show\Scrap_Steel_In_Field\photos\dangerous_det\detection_20260521_112457.jpg
2026-05-21 11:24:57 [INFO] 图像形状: (2160, 3840, 3)
2026-05-21 11:24:57 [INFO] 图像数据类型: uint8
2026-05-21 11:24:57 [INFO] 图像最大值: 255
2026-05-21 11:24:57 [INFO] 图像最小值: 0
2026-05-21 11:24:57 [INFO] 开始保存检测结果图像: 图像尺寸=(2160, 3840, 3), 类型=uint8, 路径=C:\code\show\Scrap_Steel_In_Field\photos\dangerous_det\detection_20260521_112457.jpg
2026-05-21 11:24:57 [INFO] 成功保存检测结果到: C:\code\show\Scrap_Steel_In_Field\photos\dangerous_det\detection_20260521_112457.jpg
2026-05-21 11:24:57 [INFO] 保存的检测结果文件大小: 1734339 字节
2026-05-21 11:24:57 [INFO] 引擎上下文已释放
2026-05-21 11:24:57 [INFO] TensorRT 引擎已释放
2026-05-21 11:24:57 [INFO] 全局 CUDA 资源已释放
2026-05-21 11:24:57 [INFO] 检测系统资源已释放
2026-05-21 11:25:02 [INFO] CUDA 初始化成功
2026-05-21 11:25:02 [INFO] 引擎加载成功: dangerous.engine
2026-05-21 11:25:02 [INFO] 检测系统初始化成功
2026-05-21 11:25:02 [INFO] 图像预处理完成，原始尺寸: (2160, 3840)
2026-05-21 11:25:02 [INFO] 开始执行目标检测...
2026-05-21 11:25:02 [INFO] 检测完成，找到 4 个物体
2026-05-21 11:25:02 [INFO] 物体 1: GasCyl1 (置信度: 0.93)
2026-05-21 11:25:02 [INFO] 物体 2: GasCyl1 (置信度: 0.70)
2026-05-21 11:25:02 [INFO] 物体 3: FireExt1 (置信度: 0.49)
2026-05-21 11:25:02 [INFO] 物体 4: FireExt1 (置信度: 0.42)
2026-05-21 11:25:02 [INFO] 检测到车兜区域，将过滤区域外的目标
2026-05-21 11:25:02 [INFO] 车兜区域过滤: 4 -> 1 个目标
2026-05-21 11:25:02 [INFO] 准备保存检测结果到: C:\code\show\Scrap_Steel_In_Field\photos\dangerous_det\detection_20260521_112502.jpg
2026-05-21 11:25:02 [INFO] 图像形状: (2160, 3840, 3)
2026-05-21 11:25:02 [INFO] 图像数据类型: uint8
2026-05-21 11:25:02 [INFO] 图像最大值: 255
2026-05-21 11:25:02 [INFO] 图像最小值: 0
2026-05-21 11:25:02 [INFO] 开始保存检测结果图像: 图像尺寸=(2160, 3840, 3), 类型=uint8, 路径=C:\code\show\Scrap_Steel_In_Field\photos\dangerous_det\detection_20260521_112502.jpg
2026-05-21 11:25:02 [INFO] 成功保存检测结果到: C:\code\show\Scrap_Steel_In_Field\photos\dangerous_det\detection_20260521_112502.jpg
2026-05-21 11:25:02 [INFO] 保存的检测结果文件大小: 1998777 字节
2026-05-21 11:25:02 [INFO] 引擎上下文已释放
2026-05-21 11:25:02 [INFO] TensorRT 引擎已释放
2026-05-21 11:25:02 [INFO] 全局 CUDA 资源已释放
2026-05-21 11:25:02 [INFO] 检测系统资源已释放
2026-05-21 11:25:07 [INFO] CUDA 初始化成功
2026-05-21 11:25:07 [INFO] 引擎加载成功: dangerous.engine
2026-05-21 11:25:07 [INFO] 检测系统初始化成功
2026-05-21 11:25:08 [INFO] 图像预处理完成，原始尺寸: (2160, 3840)
2026-05-21 11:25:08 [INFO] 开始执行目标检测...
2026-05-21 11:25:08 [INFO] 检测完成，找到 2 个物体
2026-05-21 11:25:08 [INFO] 物体 1: GasCyl1 (置信度: 0.90)
2026-05-21 11:25:08 [INFO] 物体 2: FireExt1 (置信度: 0.42)
2026-05-21 11:25:08 [INFO] 检测到车兜区域，将过滤区域外的目标
2026-05-21 11:25:08 [INFO] 车兜区域过滤: 2 -> 1 个目标
2026-05-21 11:25:08 [INFO] 准备保存检测结果到: C:\code\show\Scrap_Steel_In_Field\photos\dangerous_det\detection_20260521_112508.jpg
2026-05-21 11:25:08 [INFO] 图像形状: (2160, 3840, 3)
2026-05-21 11:25:08 [INFO] 图像数据类型: uint8
2026-05-21 11:25:08 [INFO] 图像最大值: 255
2026-05-21 11:25:08 [INFO] 图像最小值: 0
2026-05-21 11:25:08 [INFO] 开始保存检测结果图像: 图像尺寸=(2160, 3840, 3), 类型=uint8, 路径=C:\code\show\Scrap_Steel_In_Field\photos\dangerous_det\detection_20260521_112508.jpg
2026-05-21 11:25:08 [INFO] 成功保存检测结果到: C:\code\show\Scrap_Steel_In_Field\photos\dangerous_det\detection_20260521_112508.jpg
2026-05-21 11:25:08 [INFO] 保存的检测结果文件大小: 1859156 字节
2026-05-21 11:25:08 [INFO] 引擎上下文已释放
2026-05-21 11:25:08 [INFO] TensorRT 引擎已释放
2026-05-21 11:25:08 [INFO] 全局 CUDA 资源已释放
2026-05-21 11:25:08 [INFO] 检测系统资源已释放
2026-05-21 11:25:13 [INFO] CUDA 初始化成功
2026-05-21 11:25:13 [INFO] 引擎加载成功: dangerous.engine
2026-05-21 11:25:13 [INFO] 检测系统初始化成功
2026-05-21 11:25:13 [INFO] 图像预处理完成，原始尺寸: (2160, 3840)
2026-05-21 11:25:13 [INFO] 开始执行目标检测...
2026-05-21 11:25:13 [INFO] 检测完成，找到 4 个物体
2026-05-21 11:25:13 [INFO] 物体 1: GasCyl1 (置信度: 0.91)
2026-05-21 11:25:13 [INFO] 物体 2: FireExt1 (置信度: 0.52)
2026-05-21 11:25:13 [INFO] 物体 3: GasCyl1 (置信度: 0.36)
2026-05-21 11:25:13 [INFO] 物体 4: FireExt1 (置信度: 0.27)
2026-05-21 11:25:13 [INFO] 检测到车兜区域，将过滤区域外的目标
2026-05-21 11:25:13 [INFO] 车兜区域过滤: 4 -> 1 个目标
2026-05-21 11:25:13 [INFO] 准备保存检测结果到: C:\code\show\Scrap_Steel_In_Field\photos\dangerous_det\detection_20260521_112513.jpg
2026-05-21 11:25:13 [INFO] 图像形状: (2160, 3840, 3)
2026-05-21 11:25:13 [INFO] 图像数据类型: uint8
2026-05-21 11:25:13 [INFO] 图像最大值: 255
2026-05-21 11:25:13 [INFO] 图像最小值: 0
2026-05-21 11:25:13 [INFO] 开始保存检测结果图像: 图像尺寸=(2160, 3840, 3), 类型=uint8, 路径=C:\code\show\Scrap_Steel_In_Field\photos\dangerous_det\detection_20260521_112513.jpg
2026-05-21 11:25:13 [INFO] 成功保存检测结果到: C:\code\show\Scrap_Steel_In_Field\photos\dangerous_det\detection_20260521_112513.jpg
2026-05-21 11:25:13 [INFO] 保存的检测结果文件大小: 2524151 字节
2026-05-21 11:25:13 [INFO] 引擎上下文已释放
2026-05-21 11:25:13 [INFO] TensorRT 引擎已释放
2026-05-21 11:25:13 [INFO] 全局 CUDA 资源已释放
2026-05-21 11:25:13 [INFO] 检测系统资源已释放
2026-05-21 11:25:18 [INFO] CUDA 初始化成功
2026-05-21 11:25:18 [INFO] 引擎加载成功: dangerous.engine
2026-05-21 11:25:18 [INFO] 检测系统初始化成功
2026-05-21 11:25:18 [INFO] 图像预处理完成，原始尺寸: (2160, 3840)
2026-05-21 11:25:18 [INFO] 开始执行目标检测...
2026-05-21 11:25:18 [INFO] 检测完成，找到 4 个物体
2026-05-21 11:25:18 [INFO] 物体 1: GasCyl1 (置信度: 0.90)
2026-05-21 11:25:18 [INFO] 物体 2: GasCyl1 (置信度: 0.57)
2026-05-21 11:25:18 [INFO] 物体 3: FireExt1 (置信度: 0.49)
2026-05-21 11:25:18 [INFO] 物体 4: GasCyl1 (置信度: 0.34)
2026-05-21 11:25:18 [INFO] 检测到车兜区域，将过滤区域外的目标
2026-05-21 11:25:18 [INFO] 车兜区域过滤: 4 -> 1 个目标
2026-05-21 11:25:18 [INFO] 准备保存检测结果到: C:\code\show\Scrap_Steel_In_Field\photos\dangerous_det\detection_20260521_112518.jpg
2026-05-21 11:25:18 [INFO] 图像形状: (2160, 3840, 3)
2026-05-21 11:25:18 [INFO] 图像数据类型: uint8
2026-05-21 11:25:18 [INFO] 图像最大值: 255
2026-05-21 11:25:18 [INFO] 图像最小值: 0
2026-05-21 11:25:18 [INFO] 开始保存检测结果图像: 图像尺寸=(2160, 3840, 3), 类型=uint8, 路径=C:\code\show\Scrap_Steel_In_Field\photos\dangerous_det\detection_20260521_112518.jpg
2026-05-21 11:25:18 [INFO] 成功保存检测结果到: C:\code\show\Scrap_Steel_In_Field\photos\dangerous_det\detection_20260521_112518.jpg
2026-05-21 11:25:18 [INFO] 保存的检测结果文件大小: 2358804 字节
2026-05-21 11:25:18 [INFO] 引擎上下文已释放
2026-05-21 11:25:18 [INFO] TensorRT 引擎已释放
2026-05-21 11:25:18 [INFO] 全局 CUDA 资源已释放
2026-05-21 11:25:18 [INFO] 检测系统资源已释放
2026-05-21 11:25:23 [INFO] CUDA 初始化成功
2026-05-21 11:25:23 [INFO] 引擎加载成功: dangerous.engine
2026-05-21 11:25:23 [INFO] 检测系统初始化成功
2026-05-21 11:25:23 [INFO] 图像预处理完成，原始尺寸: (2160, 3840)
2026-05-21 11:25:23 [INFO] 开始执行目标检测...
2026-05-21 11:25:23 [INFO] 检测完成，找到 4 个物体
2026-05-21 11:25:23 [INFO] 物体 1: GasCyl1 (置信度: 0.90)
2026-05-21 11:25:23 [INFO] 物体 2: FireExt1 (置信度: 0.49)
2026-05-21 11:25:23 [INFO] 物体 3: GasCyl1 (置信度: 0.39)
2026-05-21 11:25:23 [INFO] 物体 4: GasCyl1 (置信度: 0.36)
2026-05-21 11:25:23 [INFO] 检测到车兜区域，将过滤区域外的目标
2026-05-21 11:25:23 [INFO] 车兜区域过滤: 4 -> 1 个目标
2026-05-21 11:25:23 [INFO] 准备保存检测结果到: C:\code\show\Scrap_Steel_In_Field\photos\dangerous_det\detection_20260521_112523.jpg
2026-05-21 11:25:23 [INFO] 图像形状: (2160, 3840, 3)
2026-05-21 11:25:23 [INFO] 图像数据类型: uint8
2026-05-21 11:25:23 [INFO] 图像最大值: 255
2026-05-21 11:25:23 [INFO] 图像最小值: 0
2026-05-21 11:25:23 [INFO] 开始保存检测结果图像: 图像尺寸=(2160, 3840, 3), 类型=uint8, 路径=C:\code\show\Scrap_Steel_In_Field\photos\dangerous_det\detection_20260521_112523.jpg
2026-05-21 11:25:23 [INFO] 成功保存检测结果到: C:\code\show\Scrap_Steel_In_Field\photos\dangerous_det\detection_20260521_112523.jpg
2026-05-21 11:25:23 [INFO] 保存的检测结果文件大小: 2335294 字节
2026-05-21 11:25:23 [INFO] 引擎上下文已释放
2026-05-21 11:25:23 [INFO] TensorRT 引擎已释放
2026-05-21 11:25:23 [INFO] 全局 CUDA 资源已释放
2026-05-21 11:25:23 [INFO] 检测系统资源已释放
2026-05-21 11:25:28 [INFO] CUDA 初始化成功
2026-05-21 11:25:28 [INFO] 引擎加载成功: dangerous.engine
2026-05-21 11:25:28 [INFO] 检测系统初始化成功
2026-05-21 11:25:29 [INFO] 图像预处理完成，原始尺寸: (2160, 3840)
2026-05-21 11:25:29 [INFO] 开始执行目标检测...
2026-05-21 11:25:29 [INFO] 检测完成，找到 4 个物体
2026-05-21 11:25:29 [INFO] 物体 1: GasCyl1 (置信度: 0.92)
2026-05-21 11:25:29 [INFO] 物体 2: GasCyl1 (置信度: 0.87)
2026-05-21 11:25:29 [INFO] 物体 3: FireExt1 (置信度: 0.49)
2026-05-21 11:25:29 [INFO] 物体 4: GasCyl1 (置信度: 0.43)
2026-05-21 11:25:29 [INFO] 检测到车兜区域，将过滤区域外的目标
2026-05-21 11:25:29 [INFO] 车兜区域过滤: 4 -> 1 个目标
2026-05-21 11:25:29 [INFO] 准备保存检测结果到: C:\code\show\Scrap_Steel_In_Field\photos\dangerous_det\detection_20260521_112529.jpg
2026-05-21 11:25:29 [INFO] 图像形状: (2160, 3840, 3)
2026-05-21 11:25:29 [INFO] 图像数据类型: uint8
2026-05-21 11:25:29 [INFO] 图像最大值: 255
2026-05-21 11:25:29 [INFO] 图像最小值: 0
2026-05-21 11:25:29 [INFO] 开始保存检测结果图像: 图像尺寸=(2160, 3840, 3), 类型=uint8, 路径=C:\code\show\Scrap_Steel_In_Field\photos\dangerous_det\detection_20260521_112529.jpg
2026-05-21 11:25:29 [INFO] 成功保存检测结果到: C:\code\show\Scrap_Steel_In_Field\photos\dangerous_det\detection_20260521_112529.jpg
2026-05-21 11:25:29 [INFO] 保存的检测结果文件大小: 2487203 字节
2026-05-21 11:25:29 [INFO] 引擎上下文已释放
2026-05-21 11:25:29 [INFO] TensorRT 引擎已释放
2026-05-21 11:25:29 [INFO] 全局 CUDA 资源已释放
2026-05-21 11:25:29 [INFO] 检测系统资源已释放
2026-05-21 11:25:34 [INFO] CUDA 初始化成功
2026-05-21 11:25:34 [INFO] 引擎加载成功: dangerous.engine
2026-05-21 11:25:34 [INFO] 检测系统初始化成功
2026-05-21 11:25:34 [INFO] 图像预处理完成，原始尺寸: (2160, 3840)
2026-05-21 11:25:34 [INFO] 开始执行目标检测...
2026-05-21 11:25:34 [INFO] 检测完成，找到 4 个物体
2026-05-21 11:25:34 [INFO] 物体 1: GasCyl1 (置信度: 0.92)
2026-05-21 11:25:34 [INFO] 物体 2: GasCyl1 (置信度: 0.87)
2026-05-21 11:25:34 [INFO] 物体 3: FireExt1 (置信度: 0.54)
2026-05-21 11:25:34 [INFO] 物体 4: GasCyl1 (置信度: 0.39)
2026-05-21 11:25:34 [INFO] 检测到车兜区域，将过滤区域外的目标
2026-05-21 11:25:34 [INFO] 车兜区域过滤: 4 -> 1 个目标
2026-05-21 11:25:34 [INFO] 准备保存检测结果到: C:\code\show\Scrap_Steel_In_Field\photos\dangerous_det\detection_20260521_112534.jpg
2026-05-21 11:25:34 [INFO] 图像形状: (2160, 3840, 3)
2026-05-21 11:25:34 [INFO] 图像数据类型: uint8
2026-05-21 11:25:34 [INFO] 图像最大值: 255
2026-05-21 11:25:34 [INFO] 图像最小值: 0
2026-05-21 11:25:34 [INFO] 开始保存检测结果图像: 图像尺寸=(2160, 3840, 3), 类型=uint8, 路径=C:\code\show\Scrap_Steel_In_Field\photos\dangerous_det\detection_20260521_112534.jpg
2026-05-21 11:25:34 [INFO] 成功保存检测结果到: C:\code\show\Scrap_Steel_In_Field\photos\dangerous_det\detection_20260521_112534.jpg
2026-05-21 11:25:34 [INFO] 保存的检测结果文件大小: 2587650 字节
2026-05-21 11:25:34 [INFO] 引擎上下文已释放
2026-05-21 11:25:34 [INFO] TensorRT 引擎已释放
2026-05-21 11:25:34 [INFO] 全局 CUDA 资源已释放
2026-05-21 11:25:34 [INFO] 检测系统资源已释放
2026-05-21 11:25:39 [INFO] CUDA 初始化成功
2026-05-21 11:25:39 [INFO] 引擎加载成功: dangerous.engine
2026-05-21 11:25:39 [INFO] 检测系统初始化成功
2026-05-21 11:25:40 [INFO] 图像预处理完成，原始尺寸: (2160, 3840)
2026-05-21 11:25:40 [INFO] 开始执行目标检测...
2026-05-21 11:25:40 [INFO] 检测完成，找到 4 个物体
2026-05-21 11:25:40 [INFO] 物体 1: GasCyl1 (置信度: 0.91)
2026-05-21 11:25:40 [INFO] 物体 2: GasCyl1 (置信度: 0.86)
2026-05-21 11:25:40 [INFO] 物体 3: FireExt1 (置信度: 0.53)
2026-05-21 11:25:40 [INFO] 物体 4: FireExt1 (置信度: 0.26)
2026-05-21 11:25:40 [INFO] 检测到车兜区域，将过滤区域外的目标
2026-05-21 11:25:40 [INFO] 车兜区域过滤: 4 -> 1 个目标
2026-05-21 11:25:40 [INFO] 准备保存检测结果到: C:\code\show\Scrap_Steel_In_Field\photos\dangerous_det\detection_20260521_112540.jpg
2026-05-21 11:25:40 [INFO] 图像形状: (2160, 3840, 3)
2026-05-21 11:25:40 [INFO] 图像数据类型: uint8
2026-05-21 11:25:40 [INFO] 图像最大值: 255
2026-05-21 11:25:40 [INFO] 图像最小值: 0
2026-05-21 11:25:40 [INFO] 开始保存检测结果图像: 图像尺寸=(2160, 3840, 3), 类型=uint8, 路径=C:\code\show\Scrap_Steel_In_Field\photos\dangerous_det\detection_20260521_112540.jpg
2026-05-21 11:25:40 [INFO] 成功保存检测结果到: C:\code\show\Scrap_Steel_In_Field\photos\dangerous_det\detection_20260521_112540.jpg
2026-05-21 11:25:40 [INFO] 保存的检测结果文件大小: 2597323 字节
2026-05-21 11:25:40 [INFO] 引擎上下文已释放
2026-05-21 11:25:40 [INFO] TensorRT 引擎已释放
2026-05-21 11:25:40 [INFO] 全局 CUDA 资源已释放
2026-05-21 11:25:40 [INFO] 检测系统资源已释放
2026-05-21 11:25:44 [INFO] CUDA 初始化成功
2026-05-21 11:25:45 [INFO] 引擎加载成功: dangerous.engine
2026-05-21 11:25:45 [INFO] 检测系统初始化成功
2026-05-21 11:25:45 [INFO] 图像预处理完成，原始尺寸: (2160, 3840)
2026-05-21 11:25:45 [INFO] 开始执行目标检测...
2026-05-21 11:25:45 [INFO] 检测完成，找到 3 个物体
2026-05-21 11:25:45 [INFO] 物体 1: GasCyl1 (置信度: 0.92)
2026-05-21 11:25:45 [INFO] 物体 2: GasCyl1 (置信度: 0.86)
2026-05-21 11:25:45 [INFO] 物体 3: FireExt1 (置信度: 0.54)
2026-05-21 11:25:45 [INFO] 检测到车兜区域，将过滤区域外的目标
2026-05-21 11:25:45 [INFO] 车兜区域过滤: 3 -> 1 个目标
2026-05-21 11:25:45 [INFO] 准备保存检测结果到: C:\code\show\Scrap_Steel_In_Field\photos\dangerous_det\detection_20260521_112545.jpg
2026-05-21 11:25:45 [INFO] 图像形状: (2160, 3840, 3)
2026-05-21 11:25:45 [INFO] 图像数据类型: uint8
2026-05-21 11:25:45 [INFO] 图像最大值: 255
2026-05-21 11:25:45 [INFO] 图像最小值: 0
2026-05-21 11:25:45 [INFO] 开始保存检测结果图像: 图像尺寸=(2160, 3840, 3), 类型=uint8, 路径=C:\code\show\Scrap_Steel_In_Field\photos\dangerous_det\detection_20260521_112545.jpg
2026-05-21 11:25:45 [INFO] 成功保存检测结果到: C:\code\show\Scrap_Steel_In_Field\photos\dangerous_det\detection_20260521_112545.jpg
2026-05-21 11:25:45 [INFO] 保存的检测结果文件大小: 2609812 字节
2026-05-21 11:25:45 [INFO] 引擎上下文已释放
2026-05-21 11:25:45 [INFO] TensorRT 引擎已释放
2026-05-21 11:25:45 [INFO] 全局 CUDA 资源已释放
2026-05-21 11:25:45 [INFO] 检测系统资源已释放
2026-05-21 11:25:50 [INFO] CUDA 初始化成功
2026-05-21 11:25:50 [INFO] 引擎加载成功: dangerous.engine
2026-05-21 11:25:50 [INFO] 检测系统初始化成功
2026-05-21 11:25:50 [INFO] 图像预处理完成，原始尺寸: (2160, 3840)
2026-05-21 11:25:50 [INFO] 开始执行目标检测...
2026-05-21 11:25:50 [INFO] 检测完成，找到 4 个物体
2026-05-21 11:25:50 [INFO] 物体 1: GasCyl1 (置信度: 0.92)
2026-05-21 11:25:50 [INFO] 物体 2: GasCyl1 (置信度: 0.85)
2026-05-21 11:25:50 [INFO] 物体 3: FireExt1 (置信度: 0.31)
2026-05-21 11:25:50 [INFO] 物体 4: FireExt1 (置信度: 0.27)
2026-05-21 11:25:50 [INFO] 检测到车兜区域，将过滤区域外的目标
2026-05-21 11:25:50 [INFO] 车兜区域过滤: 4 -> 2 个目标
2026-05-21 11:25:50 [INFO] 准备保存检测结果到: C:\code\show\Scrap_Steel_In_Field\photos\dangerous_det\detection_20260521_112550.jpg
2026-05-21 11:25:50 [INFO] 图像形状: (2160, 3840, 3)
2026-05-21 11:25:50 [INFO] 图像数据类型: uint8
2026-05-21 11:25:50 [INFO] 图像最大值: 255
2026-05-21 11:25:50 [INFO] 图像最小值: 0
2026-05-21 11:25:50 [INFO] 开始保存检测结果图像: 图像尺寸=(2160, 3840, 3), 类型=uint8, 路径=C:\code\show\Scrap_Steel_In_Field\photos\dangerous_det\detection_20260521_112550.jpg
2026-05-21 11:25:50 [INFO] 成功保存检测结果到: C:\code\show\Scrap_Steel_In_Field\photos\dangerous_det\detection_20260521_112550.jpg
2026-05-21 11:25:50 [INFO] 保存的检测结果文件大小: 2458717 字节
2026-05-21 11:25:50 [INFO] 引擎上下文已释放
2026-05-21 11:25:50 [INFO] TensorRT 引擎已释放
2026-05-21 11:25:50 [INFO] 全局 CUDA 资源已释放
2026-05-21 11:25:50 [INFO] 检测系统资源已释放
2026-05-21 11:25:55 [INFO] CUDA 初始化成功
2026-05-21 11:25:55 [INFO] 引擎加载成功: dangerous.engine
2026-05-21 11:25:55 [INFO] 检测系统初始化成功
2026-05-21 11:25:55 [INFO] 图像预处理完成，原始尺寸: (2160, 3840)
2026-05-21 11:25:55 [INFO] 开始执行目标检测...
2026-05-21 11:25:55 [INFO] 检测完成，找到 3 个物体
2026-05-21 11:25:55 [INFO] 物体 1: GasCyl1 (置信度: 0.92)
2026-05-21 11:25:55 [INFO] 物体 2: GasCyl1 (置信度: 0.87)
2026-05-21 11:25:55 [INFO] 物体 3: FireExt1 (置信度: 0.30)
2026-05-21 11:25:55 [INFO] 检测到车兜区域，将过滤区域外的目标
2026-05-21 11:25:55 [INFO] 车兜区域过滤: 3 -> 1 个目标
2026-05-21 11:25:55 [INFO] 准备保存检测结果到: C:\code\show\Scrap_Steel_In_Field\photos\dangerous_det\detection_20260521_112555.jpg
2026-05-21 11:25:55 [INFO] 图像形状: (2160, 3840, 3)
2026-05-21 11:25:55 [INFO] 图像数据类型: uint8
2026-05-21 11:25:55 [INFO] 图像最大值: 255
2026-05-21 11:25:55 [INFO] 图像最小值: 0
2026-05-21 11:25:55 [INFO] 开始保存检测结果图像: 图像尺寸=(2160, 3840, 3), 类型=uint8, 路径=C:\code\show\Scrap_Steel_In_Field\photos\dangerous_det\detection_20260521_112555.jpg
2026-05-21 11:25:55 [INFO] 成功保存检测结果到: C:\code\show\Scrap_Steel_In_Field\photos\dangerous_det\detection_20260521_112555.jpg
2026-05-21 11:25:55 [INFO] 保存的检测结果文件大小: 2557666 字节
2026-05-21 11:25:55 [INFO] 引擎上下文已释放
2026-05-21 11:25:55 [INFO] TensorRT 引擎已释放
2026-05-21 11:25:55 [INFO] 全局 CUDA 资源已释放
2026-05-21 11:25:55 [INFO] 检测系统资源已释放
2026-05-21 11:26:00 [INFO] CUDA 初始化成功
2026-05-21 11:26:00 [INFO] 引擎加载成功: dangerous.engine
2026-05-21 11:26:00 [INFO] 检测系统初始化成功
2026-05-21 11:26:00 [INFO] 图像预处理完成，原始尺寸: (2160, 3840)
2026-05-21 11:26:00 [INFO] 开始执行目标检测...
2026-05-21 11:26:00 [INFO] 检测完成，找到 3 个物体
2026-05-21 11:26:00 [INFO] 物体 1: GasCyl1 (置信度: 0.92)
2026-05-21 11:26:00 [INFO] 物体 2: GasCyl1 (置信度: 0.86)
2026-05-21 11:26:00 [INFO] 物体 3: FireExt1 (置信度: 0.26)
2026-05-21 11:26:00 [INFO] 检测到车兜区域，将过滤区域外的目标
2026-05-21 11:26:00 [INFO] 车兜区域过滤: 3 -> 1 个目标
2026-05-21 11:26:00 [INFO] 准备保存检测结果到: C:\code\show\Scrap_Steel_In_Field\photos\dangerous_det\detection_20260521_112600.jpg
2026-05-21 11:26:00 [INFO] 图像形状: (2160, 3840, 3)
2026-05-21 11:26:00 [INFO] 图像数据类型: uint8
2026-05-21 11:26:00 [INFO] 图像最大值: 255
2026-05-21 11:26:00 [INFO] 图像最小值: 0
2026-05-21 11:26:00 [INFO] 开始保存检测结果图像: 图像尺寸=(2160, 3840, 3), 类型=uint8, 路径=C:\code\show\Scrap_Steel_In_Field\photos\dangerous_det\detection_20260521_112600.jpg
2026-05-21 11:26:00 [INFO] 成功保存检测结果到: C:\code\show\Scrap_Steel_In_Field\photos\dangerous_det\detection_20260521_112600.jpg
2026-05-21 11:26:00 [INFO] 保存的检测结果文件大小: 2560992 字节
2026-05-21 11:26:00 [INFO] 引擎上下文已释放
2026-05-21 11:26:00 [INFO] TensorRT 引擎已释放
2026-05-21 11:26:00 [INFO] 全局 CUDA 资源已释放
2026-05-21 11:26:00 [INFO] 检测系统资源已释放
2026-05-21 11:26:06 [INFO] CUDA 初始化成功
2026-05-21 11:26:06 [INFO] 引擎加载成功: dangerous.engine
2026-05-21 11:26:06 [INFO] 检测系统初始化成功
2026-05-21 11:26:06 [INFO] 图像预处理完成，原始尺寸: (2160, 3840)
2026-05-21 11:26:06 [INFO] 开始执行目标检测...
2026-05-21 11:26:06 [INFO] 检测完成，找到 3 个物体
2026-05-21 11:26:06 [INFO] 物体 1: GasCyl1 (置信度: 0.92)
2026-05-21 11:26:06 [INFO] 物体 2: GasCyl1 (置信度: 0.87)
2026-05-21 11:26:06 [INFO] 物体 3: FireExt1 (置信度: 0.26)
2026-05-21 11:26:06 [INFO] 检测到车兜区域，将过滤区域外的目标
2026-05-21 11:26:06 [INFO] 车兜区域过滤: 3 -> 1 个目标
2026-05-21 11:26:06 [INFO] 准备保存检测结果到: C:\code\show\Scrap_Steel_In_Field\photos\dangerous_det\detection_20260521_112606.jpg
2026-05-21 11:26:06 [INFO] 图像形状: (2160, 3840, 3)
2026-05-21 11:26:06 [INFO] 图像数据类型: uint8
2026-05-21 11:26:06 [INFO] 图像最大值: 255
2026-05-21 11:26:06 [INFO] 图像最小值: 0
2026-05-21 11:26:06 [INFO] 开始保存检测结果图像: 图像尺寸=(2160, 3840, 3), 类型=uint8, 路径=C:\code\show\Scrap_Steel_In_Field\photos\dangerous_det\detection_20260521_112606.jpg
2026-05-21 11:26:06 [INFO] 成功保存检测结果到: C:\code\show\Scrap_Steel_In_Field\photos\dangerous_det\detection_20260521_112606.jpg
2026-05-21 11:26:06 [INFO] 保存的检测结果文件大小: 2555103 字节
2026-05-21 11:26:06 [INFO] 引擎上下文已释放
2026-05-21 11:26:06 [INFO] TensorRT 引擎已释放
2026-05-21 11:26:06 [INFO] 全局 CUDA 资源已释放
2026-05-21 11:26:06 [INFO] 检测系统资源已释放
2026-05-21 11:26:11 [INFO] CUDA 初始化成功
2026-05-21 11:26:11 [INFO] 引擎加载成功: dangerous.engine
2026-05-21 11:26:11 [INFO] 检测系统初始化成功
2026-05-21 11:26:11 [INFO] 图像预处理完成，原始尺寸: (2160, 3840)
2026-05-21 11:26:11 [INFO] 开始执行目标检测...
2026-05-21 11:26:11 [INFO] 检测完成，找到 3 个物体
2026-05-21 11:26:11 [INFO] 物体 1: GasCyl1 (置信度: 0.92)
2026-05-21 11:26:11 [INFO] 物体 2: GasCyl1 (置信度: 0.82)
2026-05-21 11:26:11 [INFO] 物体 3: FireExt1 (置信度: 0.29)
2026-05-21 11:26:11 [INFO] 检测到车兜区域，将过滤区域外的目标
2026-05-21 11:26:11 [INFO] 车兜区域过滤: 3 -> 1 个目标
2026-05-21 11:26:11 [INFO] 准备保存检测结果到: C:\code\show\Scrap_Steel_In_Field\photos\dangerous_det\detection_20260521_112611.jpg
2026-05-21 11:26:11 [INFO] 图像形状: (2160, 3840, 3)
2026-05-21 11:26:11 [INFO] 图像数据类型: uint8
2026-05-21 11:26:11 [INFO] 图像最大值: 255
2026-05-21 11:26:11 [INFO] 图像最小值: 0
2026-05-21 11:26:11 [INFO] 开始保存检测结果图像: 图像尺寸=(2160, 3840, 3), 类型=uint8, 路径=C:\code\show\Scrap_Steel_In_Field\photos\dangerous_det\detection_20260521_112611.jpg
2026-05-21 11:26:11 [INFO] 成功保存检测结果到: C:\code\show\Scrap_Steel_In_Field\photos\dangerous_det\detection_20260521_112611.jpg
2026-05-21 11:26:11 [INFO] 保存的检测结果文件大小: 2554283 字节
2026-05-21 11:26:11 [INFO] 引擎上下文已释放
2026-05-21 11:26:11 [INFO] TensorRT 引擎已释放
2026-05-21 11:26:11 [INFO] 全局 CUDA 资源已释放
2026-05-21 11:26:11 [INFO] 检测系统资源已释放
2026-05-21 11:26:16 [INFO] CUDA 初始化成功
2026-05-21 11:26:16 [INFO] 引擎加载成功: dangerous.engine
2026-05-21 11:26:16 [INFO] 检测系统初始化成功
2026-05-21 11:26:16 [INFO] 图像预处理完成，原始尺寸: (2160, 3840)
2026-05-21 11:26:16 [INFO] 开始执行目标检测...
2026-05-21 11:26:16 [INFO] 检测完成，找到 4 个物体
2026-05-21 11:26:16 [INFO] 物体 1: GasCyl1 (置信度: 0.92)
2026-05-21 11:26:16 [INFO] 物体 2: GasCyl1 (置信度: 0.86)
2026-05-21 11:26:16 [INFO] 物体 3: FireExt1 (置信度: 0.33)
2026-05-21 11:26:16 [INFO] 物体 4: FireExt1 (置信度: 0.26)
2026-05-21 11:26:16 [INFO] 检测到车兜区域，将过滤区域外的目标
2026-05-21 11:26:16 [INFO] 车兜区域过滤: 4 -> 2 个目标
2026-05-21 11:26:16 [INFO] 准备保存检测结果到: C:\code\show\Scrap_Steel_In_Field\photos\dangerous_det\detection_20260521_112616.jpg
2026-05-21 11:26:16 [INFO] 图像形状: (2160, 3840, 3)
2026-05-21 11:26:16 [INFO] 图像数据类型: uint8
2026-05-21 11:26:16 [INFO] 图像最大值: 255
2026-05-21 11:26:16 [INFO] 图像最小值: 0
2026-05-21 11:26:16 [INFO] 开始保存检测结果图像: 图像尺寸=(2160, 3840, 3), 类型=uint8, 路径=C:\code\show\Scrap_Steel_In_Field\photos\dangerous_det\detection_20260521_112616.jpg
2026-05-21 11:26:16 [INFO] 成功保存检测结果到: C:\code\show\Scrap_Steel_In_Field\photos\dangerous_det\detection_20260521_112616.jpg
2026-05-21 11:26:16 [INFO] 保存的检测结果文件大小: 2555031 字节
2026-05-21 11:26:16 [INFO] 引擎上下文已释放
2026-05-21 11:26:16 [INFO] TensorRT 引擎已释放
2026-05-21 11:26:16 [INFO] 全局 CUDA 资源已释放
2026-05-21 11:26:16 [INFO] 检测系统资源已释放
2026-05-21 11:26:21 [INFO] CUDA 初始化成功
2026-05-21 11:26:21 [INFO] 引擎加载成功: dangerous.engine
2026-05-21 11:26:21 [INFO] 检测系统初始化成功
2026-05-21 11:26:21 [INFO] 图像预处理完成，原始尺寸: (2160, 3840)
2026-05-21 11:26:21 [INFO] 开始执行目标检测...
2026-05-21 11:26:21 [INFO] 检测完成，找到 2 个物体
2026-05-21 11:26:21 [INFO] 物体 1: GasCyl1 (置信度: 0.92)
2026-05-21 11:26:21 [INFO] 物体 2: GasCyl1 (置信度: 0.85)
2026-05-21 11:26:21 [INFO] 检测到车兜区域，将过滤区域外的目标
2026-05-21 11:26:21 [INFO] 车兜区域过滤: 2 -> 1 个目标
2026-05-21 11:26:21 [INFO] 准备保存检测结果到: C:\code\show\Scrap_Steel_In_Field\photos\dangerous_det\detection_20260521_112621.jpg
2026-05-21 11:26:21 [INFO] 图像形状: (2160, 3840, 3)
2026-05-21 11:26:21 [INFO] 图像数据类型: uint8
2026-05-21 11:26:21 [INFO] 图像最大值: 255
2026-05-21 11:26:21 [INFO] 图像最小值: 0
2026-05-21 11:26:21 [INFO] 开始保存检测结果图像: 图像尺寸=(2160, 3840, 3), 类型=uint8, 路径=C:\code\show\Scrap_Steel_In_Field\photos\dangerous_det\detection_20260521_112621.jpg
2026-05-21 11:26:21 [INFO] 成功保存检测结果到: C:\code\show\Scrap_Steel_In_Field\photos\dangerous_det\detection_20260521_112621.jpg
2026-05-21 11:26:21 [INFO] 保存的检测结果文件大小: 2557638 字节
2026-05-21 11:26:21 [INFO] 引擎上下文已释放
2026-05-21 11:26:21 [INFO] TensorRT 引擎已释放
2026-05-21 11:26:21 [INFO] 全局 CUDA 资源已释放
2026-05-21 11:26:21 [INFO] 检测系统资源已释放
2026-05-21 11:26:26 [INFO] CUDA 初始化成功
2026-05-21 11:26:26 [INFO] 引擎加载成功: dangerous.engine
2026-05-21 11:26:26 [INFO] 检测系统初始化成功
2026-05-21 11:26:26 [INFO] 图像预处理完成，原始尺寸: (2160, 3840)
2026-05-21 11:26:26 [INFO] 开始执行目标检测...
2026-05-21 11:26:26 [INFO] 检测完成，找到 2 个物体
2026-05-21 11:26:26 [INFO] 物体 1: GasCyl1 (置信度: 0.91)
2026-05-21 11:26:26 [INFO] 物体 2: GasCyl1 (置信度: 0.84)
2026-05-21 11:26:26 [INFO] 检测到车兜区域，将过滤区域外的目标
2026-05-21 11:26:26 [INFO] 车兜区域过滤: 2 -> 1 个目标
2026-05-21 11:26:26 [INFO] 准备保存检测结果到: C:\code\show\Scrap_Steel_In_Field\photos\dangerous_det\detection_20260521_112626.jpg
2026-05-21 11:26:26 [INFO] 图像形状: (2160, 3840, 3)
2026-05-21 11:26:26 [INFO] 图像数据类型: uint8
2026-05-21 11:26:26 [INFO] 图像最大值: 255
2026-05-21 11:26:26 [INFO] 图像最小值: 0
2026-05-21 11:26:26 [INFO] 开始保存检测结果图像: 图像尺寸=(2160, 3840, 3), 类型=uint8, 路径=C:\code\show\Scrap_Steel_In_Field\photos\dangerous_det\detection_20260521_112626.jpg
2026-05-21 11:26:26 [INFO] 成功保存检测结果到: C:\code\show\Scrap_Steel_In_Field\photos\dangerous_det\detection_20260521_112626.jpg
2026-05-21 11:26:26 [INFO] 保存的检测结果文件大小: 2551079 字节
2026-05-21 11:26:26 [INFO] 引擎上下文已释放
2026-05-21 11:26:26 [INFO] TensorRT 引擎已释放
2026-05-21 11:26:26 [INFO] 全局 CUDA 资源已释放
2026-05-21 11:26:26 [INFO] 检测系统资源已释放
2026-05-21 11:26:31 [INFO] CUDA 初始化成功
2026-05-21 11:26:31 [INFO] 引擎加载成功: dangerous.engine
2026-05-21 11:26:31 [INFO] 检测系统初始化成功
2026-05-21 11:26:31 [INFO] 图像预处理完成，原始尺寸: (2160, 3840)
2026-05-21 11:26:31 [INFO] 开始执行目标检测...
2026-05-21 11:26:31 [INFO] 检测完成，找到 2 个物体
2026-05-21 11:26:31 [INFO] 物体 1: GasCyl1 (置信度: 0.91)
2026-05-21 11:26:31 [INFO] 物体 2: GasCyl1 (置信度: 0.85)
2026-05-21 11:26:31 [INFO] 检测到车兜区域，将过滤区域外的目标
2026-05-21 11:26:31 [INFO] 车兜区域过滤: 2 -> 1 个目标
2026-05-21 11:26:31 [INFO] 准备保存检测结果到: C:\code\show\Scrap_Steel_In_Field\photos\dangerous_det\detection_20260521_112631.jpg
2026-05-21 11:26:31 [INFO] 图像形状: (2160, 3840, 3)
2026-05-21 11:26:31 [INFO] 图像数据类型: uint8
2026-05-21 11:26:31 [INFO] 图像最大值: 255
2026-05-21 11:26:31 [INFO] 图像最小值: 0
2026-05-21 11:26:31 [INFO] 开始保存检测结果图像: 图像尺寸=(2160, 3840, 3), 类型=uint8, 路径=C:\code\show\Scrap_Steel_In_Field\photos\dangerous_det\detection_20260521_112631.jpg
2026-05-21 11:26:31 [INFO] 成功保存检测结果到: C:\code\show\Scrap_Steel_In_Field\photos\dangerous_det\detection_20260521_112631.jpg
2026-05-21 11:26:31 [INFO] 保存的检测结果文件大小: 2562725 字节
2026-05-21 11:26:31 [INFO] 引擎上下文已释放
2026-05-21 11:26:31 [INFO] TensorRT 引擎已释放
2026-05-21 11:26:31 [INFO] 全局 CUDA 资源已释放
2026-05-21 11:26:31 [INFO] 检测系统资源已释放
2026-05-21 11:26:36 [INFO] CUDA 初始化成功
2026-05-21 11:26:36 [INFO] 引擎加载成功: dangerous.engine
2026-05-21 11:26:36 [INFO] 检测系统初始化成功
2026-05-21 11:26:36 [INFO] 图像预处理完成，原始尺寸: (2160, 3840)
2026-05-21 11:26:36 [INFO] 开始执行目标检测...
2026-05-21 11:26:36 [INFO] 检测完成，找到 2 个物体
2026-05-21 11:26:36 [INFO] 物体 1: GasCyl1 (置信度: 0.92)
2026-05-21 11:26:36 [INFO] 物体 2: GasCyl1 (置信度: 0.88)
2026-05-21 11:26:36 [INFO] 检测到车兜区域，将过滤区域外的目标
2026-05-21 11:26:36 [INFO] 车兜区域过滤: 2 -> 1 个目标
2026-05-21 11:26:36 [INFO] 准备保存检测结果到: C:\code\show\Scrap_Steel_In_Field\photos\dangerous_det\detection_20260521_112636.jpg
2026-05-21 11:26:36 [INFO] 图像形状: (2160, 3840, 3)
2026-05-21 11:26:36 [INFO] 图像数据类型: uint8
2026-05-21 11:26:37 [INFO] 图像最大值: 255
2026-05-21 11:26:37 [INFO] 图像最小值: 0
2026-05-21 11:26:37 [INFO] 开始保存检测结果图像: 图像尺寸=(2160, 3840, 3), 类型=uint8, 路径=C:\code\show\Scrap_Steel_In_Field\photos\dangerous_det\detection_20260521_112636.jpg
2026-05-21 11:26:37 [INFO] 成功保存检测结果到: C:\code\show\Scrap_Steel_In_Field\photos\dangerous_det\detection_20260521_112636.jpg
2026-05-21 11:26:37 [INFO] 保存的检测结果文件大小: 2538708 字节
2026-05-21 11:26:37 [INFO] 引擎上下文已释放
2026-05-21 11:26:37 [INFO] TensorRT 引擎已释放
2026-05-21 11:26:37 [INFO] 全局 CUDA 资源已释放
2026-05-21 11:26:37 [INFO] 检测系统资源已释放
2026-05-21 11:26:41 [INFO] CUDA 初始化成功
2026-05-21 11:26:41 [INFO] 引擎加载成功: dangerous.engine
2026-05-21 11:26:41 [INFO] 检测系统初始化成功
2026-05-21 11:26:42 [INFO] 图像预处理完成，原始尺寸: (2160, 3840)
2026-05-21 11:26:42 [INFO] 开始执行目标检测...
2026-05-21 11:26:42 [INFO] 检测完成，找到 2 个物体
2026-05-21 11:26:42 [INFO] 物体 1: GasCyl1 (置信度: 0.91)
2026-05-21 11:26:42 [INFO] 物体 2: FireExt1 (置信度: 0.33)
2026-05-21 11:26:42 [INFO] 检测到车兜区域，将过滤区域外的目标
2026-05-21 11:26:42 [INFO] 车兜区域过滤: 2 -> 1 个目标
2026-05-21 11:26:42 [INFO] 准备保存检测结果到: C:\code\show\Scrap_Steel_In_Field\photos\dangerous_det\detection_20260521_112642.jpg
2026-05-21 11:26:42 [INFO] 图像形状: (2160, 3840, 3)
2026-05-21 11:26:42 [INFO] 图像数据类型: uint8
2026-05-21 11:26:42 [INFO] 图像最大值: 255
2026-05-21 11:26:42 [INFO] 图像最小值: 0
2026-05-21 11:26:42 [INFO] 开始保存检测结果图像: 图像尺寸=(2160, 3840, 3), 类型=uint8, 路径=C:\code\show\Scrap_Steel_In_Field\photos\dangerous_det\detection_20260521_112642.jpg
2026-05-21 11:26:42 [INFO] 成功保存检测结果到: C:\code\show\Scrap_Steel_In_Field\photos\dangerous_det\detection_20260521_112642.jpg
2026-05-21 11:26:42 [INFO] 保存的检测结果文件大小: 2538357 字节
2026-05-21 11:26:42 [INFO] 引擎上下文已释放
2026-05-21 11:26:42 [INFO] TensorRT 引擎已释放
2026-05-21 11:26:42 [INFO] 全局 CUDA 资源已释放
2026-05-21 11:26:42 [INFO] 检测系统资源已释放
