2026-06-04 18:36:30 [INFO] CUDA 初始化成功
2026-06-04 18:36:30 [INFO] 引擎加载成功: dangerous.engine
2026-06-04 18:36:30 [INFO] 检测系统初始化成功
2026-06-04 18:36:33 [INFO] 引擎加载成功: dangerous.engine
2026-06-04 18:36:33 [INFO] 检测系统初始化成功
2026-06-04 18:36:33 [INFO] 图像预处理完成，原始尺寸: (2160, 3840)
2026-06-04 18:36:33 [INFO] 开始执行目标检测...
2026-06-04 18:36:33 [INFO] 检测完成，找到 0 个物体
2026-06-04 18:36:33 [INFO] 检测到车兜区域，将过滤区域外的目标
2026-06-04 18:36:33 [INFO] 引擎上下文已释放
2026-06-04 18:36:33 [INFO] TensorRT 引擎已释放
2026-06-04 18:36:33 [INFO] 全局 CUDA 资源已释放
2026-06-04 18:36:33 [INFO] 检测系统资源已释放
2026-06-04 18:36:38 [INFO] CUDA 初始化成功
2026-06-04 18:36:38 [INFO] 引擎加载成功: dangerous.engine
2026-06-04 18:36:38 [INFO] 检测系统初始化成功
2026-06-04 18:36:38 [INFO] 图像预处理完成，原始尺寸: (2160, 3840)
2026-06-04 18:36:38 [INFO] 开始执行目标检测...
2026-06-04 18:36:38 [INFO] 检测完成，找到 4 个物体
2026-06-04 18:36:38 [INFO] 物体 1: GasCyl1 (置信度: 0.90)
2026-06-04 18:36:38 [INFO] 物体 2: GasCyl1 (置信度: 0.82)
2026-06-04 18:36:38 [INFO] 物体 3: FireExt1 (置信度: 0.43)
2026-06-04 18:36:38 [INFO] 物体 4: GasCyl1 (置信度: 0.38)
2026-06-04 18:36:38 [INFO] 检测到车兜区域，将过滤区域外的目标
2026-06-04 18:36:38 [INFO] 准备保存检测结果到: C:\code\show\Scrap_Steel_In_Field\photos\dangerous_det\detection_20260604_183638.jpg
2026-06-04 18:36:38 [INFO] 图像形状: (2160, 3840, 3)
2026-06-04 18:36:38 [INFO] 图像数据类型: uint8
2026-06-04 18:36:38 [INFO] 图像最大值: 255
2026-06-04 18:36:38 [INFO] 图像最小值: 0
2026-06-04 18:36:38 [INFO] 开始保存检测结果图像: 图像尺寸=(2160, 3840, 3), 类型=uint8, 路径=C:\code\show\Scrap_Steel_In_Field\photos\dangerous_det\detection_20260604_183638.jpg
2026-06-04 18:36:38 [INFO] 成功保存检测结果到: C:\code\show\Scrap_Steel_In_Field\photos\dangerous_det\detection_20260604_183638.jpg
2026-06-04 18:36:38 [INFO] 保存的检测结果文件大小: 2129985 字节
2026-06-04 18:36:38 [INFO] 引擎上下文已释放
2026-06-04 18:36:38 [INFO] TensorRT 引擎已释放
2026-06-04 18:36:38 [INFO] 全局 CUDA 资源已释放
2026-06-04 18:36:38 [INFO] 检测系统资源已释放
2026-06-04 18:36:44 [INFO] CUDA 初始化成功
2026-06-04 18:36:44 [INFO] 引擎加载成功: dangerous.engine
2026-06-04 18:36:44 [INFO] 检测系统初始化成功
2026-06-04 18:36:44 [INFO] 图像预处理完成，原始尺寸: (2160, 3840)
2026-06-04 18:36:44 [INFO] 开始执行目标检测...
2026-06-04 18:36:44 [INFO] 检测完成，找到 3 个物体
2026-06-04 18:36:44 [INFO] 物体 1: GasCyl1 (置信度: 0.89)
2026-06-04 18:36:44 [INFO] 物体 2: GasCyl1 (置信度: 0.82)
2026-06-04 18:36:44 [INFO] 物体 3: FireExt1 (置信度: 0.42)
2026-06-04 18:36:44 [INFO] 检测到车兜区域，将过滤区域外的目标
2026-06-04 18:36:44 [INFO] 准备保存检测结果到: C:\code\show\Scrap_Steel_In_Field\photos\dangerous_det\detection_20260604_183644.jpg
2026-06-04 18:36:44 [INFO] 图像形状: (2160, 3840, 3)
2026-06-04 18:36:44 [INFO] 图像数据类型: uint8
2026-06-04 18:36:44 [INFO] 图像最大值: 255
2026-06-04 18:36:44 [INFO] 图像最小值: 0
2026-06-04 18:36:44 [INFO] 开始保存检测结果图像: 图像尺寸=(2160, 3840, 3), 类型=uint8, 路径=C:\code\show\Scrap_Steel_In_Field\photos\dangerous_det\detection_20260604_183644.jpg
2026-06-04 18:36:44 [INFO] 成功保存检测结果到: C:\code\show\Scrap_Steel_In_Field\photos\dangerous_det\detection_20260604_183644.jpg
2026-06-04 18:36:44 [INFO] 保存的检测结果文件大小: 2121853 字节
2026-06-04 18:36:44 [INFO] 引擎上下文已释放
2026-06-04 18:36:44 [INFO] TensorRT 引擎已释放
2026-06-04 18:36:44 [INFO] 全局 CUDA 资源已释放
2026-06-04 18:36:44 [INFO] 检测系统资源已释放
2026-06-04 18:36:49 [INFO] CUDA 初始化成功
2026-06-04 18:36:49 [INFO] 引擎加载成功: dangerous.engine
2026-06-04 18:36:49 [INFO] 检测系统初始化成功
2026-06-04 18:36:49 [INFO] 图像预处理完成，原始尺寸: (2160, 3840)
2026-06-04 18:36:49 [INFO] 开始执行目标检测...
2026-06-04 18:36:49 [INFO] 检测完成，找到 3 个物体
2026-06-04 18:36:49 [INFO] 物体 1: GasCyl1 (置信度: 0.90)
2026-06-04 18:36:49 [INFO] 物体 2: GasCyl1 (置信度: 0.84)
2026-06-04 18:36:49 [INFO] 物体 3: FireExt1 (置信度: 0.46)
2026-06-04 18:36:49 [INFO] 检测到车兜区域，将过滤区域外的目标
2026-06-04 18:36:49 [INFO] 准备保存检测结果到: C:\code\show\Scrap_Steel_In_Field\photos\dangerous_det\detection_20260604_183649.jpg
2026-06-04 18:36:49 [INFO] 图像形状: (2160, 3840, 3)
2026-06-04 18:36:49 [INFO] 图像数据类型: uint8
2026-06-04 18:36:49 [INFO] 图像最大值: 255
2026-06-04 18:36:49 [INFO] 图像最小值: 0
2026-06-04 18:36:49 [INFO] 开始保存检测结果图像: 图像尺寸=(2160, 3840, 3), 类型=uint8, 路径=C:\code\show\Scrap_Steel_In_Field\photos\dangerous_det\detection_20260604_183649.jpg
2026-06-04 18:36:49 [INFO] 成功保存检测结果到: C:\code\show\Scrap_Steel_In_Field\photos\dangerous_det\detection_20260604_183649.jpg
2026-06-04 18:36:49 [INFO] 保存的检测结果文件大小: 2128291 字节
2026-06-04 18:36:49 [INFO] 引擎上下文已释放
2026-06-04 18:36:49 [INFO] TensorRT 引擎已释放
2026-06-04 18:36:49 [INFO] 全局 CUDA 资源已释放
2026-06-04 18:36:49 [INFO] 检测系统资源已释放
2026-06-04 18:36:54 [INFO] CUDA 初始化成功
2026-06-04 18:36:54 [INFO] 引擎加载成功: dangerous.engine
2026-06-04 18:36:54 [INFO] 检测系统初始化成功
2026-06-04 18:36:54 [INFO] 图像预处理完成，原始尺寸: (2160, 3840)
2026-06-04 18:36:54 [INFO] 开始执行目标检测...
2026-06-04 18:36:54 [INFO] 检测完成，找到 3 个物体
2026-06-04 18:36:54 [INFO] 物体 1: GasCyl1 (置信度: 0.89)
2026-06-04 18:36:54 [INFO] 物体 2: GasCyl1 (置信度: 0.78)
2026-06-04 18:36:54 [INFO] 物体 3: FireExt1 (置信度: 0.45)
2026-06-04 18:36:54 [INFO] 检测到车兜区域，将过滤区域外的目标
2026-06-04 18:36:54 [INFO] 准备保存检测结果到: C:\code\show\Scrap_Steel_In_Field\photos\dangerous_det\detection_20260604_183654.jpg
2026-06-04 18:36:54 [INFO] 图像形状: (2160, 3840, 3)
2026-06-04 18:36:54 [INFO] 图像数据类型: uint8
2026-06-04 18:36:54 [INFO] 图像最大值: 255
2026-06-04 18:36:54 [INFO] 图像最小值: 0
2026-06-04 18:36:54 [INFO] 开始保存检测结果图像: 图像尺寸=(2160, 3840, 3), 类型=uint8, 路径=C:\code\show\Scrap_Steel_In_Field\photos\dangerous_det\detection_20260604_183654.jpg
2026-06-04 18:36:54 [INFO] 成功保存检测结果到: C:\code\show\Scrap_Steel_In_Field\photos\dangerous_det\detection_20260604_183654.jpg
2026-06-04 18:36:54 [INFO] 保存的检测结果文件大小: 2116851 字节
2026-06-04 18:36:54 [INFO] 引擎上下文已释放
2026-06-04 18:36:54 [INFO] TensorRT 引擎已释放
2026-06-04 18:36:54 [INFO] 全局 CUDA 资源已释放
2026-06-04 18:36:54 [INFO] 检测系统资源已释放
2026-06-04 18:37:00 [INFO] CUDA 初始化成功
2026-06-04 18:37:00 [INFO] 引擎加载成功: dangerous.engine
2026-06-04 18:37:00 [INFO] 检测系统初始化成功
2026-06-04 18:37:00 [INFO] 图像预处理完成，原始尺寸: (2160, 3840)
2026-06-04 18:37:00 [INFO] 开始执行目标检测...
2026-06-04 18:37:00 [INFO] 检测完成，找到 4 个物体
2026-06-04 18:37:00 [INFO] 物体 1: GasCyl1 (置信度: 0.89)
2026-06-04 18:37:00 [INFO] 物体 2: GasCyl1 (置信度: 0.76)
2026-06-04 18:37:00 [INFO] 物体 3: GasCyl1 (置信度: 0.69)
2026-06-04 18:37:00 [INFO] 物体 4: FireExt1 (置信度: 0.49)
2026-06-04 18:37:00 [INFO] 检测到车兜区域，将过滤区域外的目标
2026-06-04 18:37:00 [INFO] 准备保存检测结果到: C:\code\show\Scrap_Steel_In_Field\photos\dangerous_det\detection_20260604_183700.jpg
2026-06-04 18:37:00 [INFO] 图像形状: (2160, 3840, 3)
2026-06-04 18:37:00 [INFO] 图像数据类型: uint8
2026-06-04 18:37:00 [INFO] 图像最大值: 255
2026-06-04 18:37:00 [INFO] 图像最小值: 0
2026-06-04 18:37:00 [INFO] 开始保存检测结果图像: 图像尺寸=(2160, 3840, 3), 类型=uint8, 路径=C:\code\show\Scrap_Steel_In_Field\photos\dangerous_det\detection_20260604_183700.jpg
2026-06-04 18:37:00 [INFO] 成功保存检测结果到: C:\code\show\Scrap_Steel_In_Field\photos\dangerous_det\detection_20260604_183700.jpg
2026-06-04 18:37:00 [INFO] 保存的检测结果文件大小: 1993792 字节
2026-06-04 18:37:00 [INFO] 引擎上下文已释放
2026-06-04 18:37:00 [INFO] TensorRT 引擎已释放
2026-06-04 18:37:00 [INFO] 全局 CUDA 资源已释放
2026-06-04 18:37:00 [INFO] 检测系统资源已释放
2026-06-04 18:37:05 [INFO] CUDA 初始化成功
2026-06-04 18:37:05 [INFO] 引擎加载成功: dangerous.engine
2026-06-04 18:37:05 [INFO] 检测系统初始化成功
2026-06-04 18:37:05 [INFO] 图像预处理完成，原始尺寸: (2160, 3840)
2026-06-04 18:37:05 [INFO] 开始执行目标检测...
2026-06-04 18:37:05 [INFO] 检测完成，找到 3 个物体
2026-06-04 18:37:05 [INFO] 物体 1: GasCyl1 (置信度: 0.90)
2026-06-04 18:37:05 [INFO] 物体 2: GasCyl1 (置信度: 0.84)
2026-06-04 18:37:05 [INFO] 物体 3: FireExt1 (置信度: 0.46)
2026-06-04 18:37:05 [INFO] 检测到车兜区域，将过滤区域外的目标
2026-06-04 18:37:05 [INFO] 准备保存检测结果到: C:\code\show\Scrap_Steel_In_Field\photos\dangerous_det\detection_20260604_183705.jpg
2026-06-04 18:37:05 [INFO] 图像形状: (2160, 3840, 3)
2026-06-04 18:37:05 [INFO] 图像数据类型: uint8
2026-06-04 18:37:05 [INFO] 图像最大值: 255
2026-06-04 18:37:05 [INFO] 图像最小值: 0
2026-06-04 18:37:05 [INFO] 开始保存检测结果图像: 图像尺寸=(2160, 3840, 3), 类型=uint8, 路径=C:\code\show\Scrap_Steel_In_Field\photos\dangerous_det\detection_20260604_183705.jpg
2026-06-04 18:37:05 [INFO] 成功保存检测结果到: C:\code\show\Scrap_Steel_In_Field\photos\dangerous_det\detection_20260604_183705.jpg
2026-06-04 18:37:05 [INFO] 保存的检测结果文件大小: 2088085 字节
2026-06-04 18:37:05 [INFO] 引擎上下文已释放
2026-06-04 18:37:05 [INFO] TensorRT 引擎已释放
2026-06-04 18:37:05 [INFO] 全局 CUDA 资源已释放
2026-06-04 18:37:05 [INFO] 检测系统资源已释放
2026-06-04 18:37:10 [INFO] CUDA 初始化成功
2026-06-04 18:37:10 [INFO] 引擎加载成功: dangerous.engine
2026-06-04 18:37:10 [INFO] 检测系统初始化成功
2026-06-04 18:37:11 [INFO] 图像预处理完成，原始尺寸: (2160, 3840)
2026-06-04 18:37:11 [INFO] 开始执行目标检测...
2026-06-04 18:37:11 [INFO] 检测完成，找到 4 个物体
2026-06-04 18:37:11 [INFO] 物体 1: GasCyl1 (置信度: 0.90)
2026-06-04 18:37:11 [INFO] 物体 2: GasCyl1 (置信度: 0.83)
2026-06-04 18:37:11 [INFO] 物体 3: GasCyl1 (置信度: 0.55)
2026-06-04 18:37:11 [INFO] 物体 4: FireExt1 (置信度: 0.46)
2026-06-04 18:37:11 [INFO] 检测到车兜区域，将过滤区域外的目标
2026-06-04 18:37:11 [INFO] 准备保存检测结果到: C:\code\show\Scrap_Steel_In_Field\photos\dangerous_det\detection_20260604_183711.jpg
2026-06-04 18:37:11 [INFO] 图像形状: (2160, 3840, 3)
2026-06-04 18:37:11 [INFO] 图像数据类型: uint8
2026-06-04 18:37:11 [INFO] 图像最大值: 255
2026-06-04 18:37:11 [INFO] 图像最小值: 0
2026-06-04 18:37:11 [INFO] 开始保存检测结果图像: 图像尺寸=(2160, 3840, 3), 类型=uint8, 路径=C:\code\show\Scrap_Steel_In_Field\photos\dangerous_det\detection_20260604_183711.jpg
2026-06-04 18:37:11 [INFO] 成功保存检测结果到: C:\code\show\Scrap_Steel_In_Field\photos\dangerous_det\detection_20260604_183711.jpg
2026-06-04 18:37:11 [INFO] 保存的检测结果文件大小: 2115677 字节
2026-06-04 18:37:11 [INFO] 引擎上下文已释放
2026-06-04 18:37:11 [INFO] TensorRT 引擎已释放
2026-06-04 18:37:11 [INFO] 全局 CUDA 资源已释放
2026-06-04 18:37:11 [INFO] 检测系统资源已释放
2026-06-04 18:37:15 [INFO] CUDA 初始化成功
2026-06-04 18:37:15 [INFO] 引擎加载成功: dangerous.engine
2026-06-04 18:37:15 [INFO] 检测系统初始化成功
2026-06-04 18:37:15 [INFO] 图像预处理完成，原始尺寸: (2160, 3840)
2026-06-04 18:37:15 [INFO] 开始执行目标检测...
2026-06-04 18:37:16 [INFO] 检测完成，找到 4 个物体
2026-06-04 18:37:16 [INFO] 物体 1: GasCyl1 (置信度: 0.90)
2026-06-04 18:37:16 [INFO] 物体 2: GasCyl1 (置信度: 0.84)
2026-06-04 18:37:16 [INFO] 物体 3: FireExt1 (置信度: 0.46)
2026-06-04 18:37:16 [INFO] 物体 4: GasCyl1 (置信度: 0.42)
2026-06-04 18:37:16 [INFO] 检测到车兜区域，将过滤区域外的目标
2026-06-04 18:37:16 [INFO] 准备保存检测结果到: C:\code\show\Scrap_Steel_In_Field\photos\dangerous_det\detection_20260604_183716.jpg
2026-06-04 18:37:16 [INFO] 图像形状: (2160, 3840, 3)
2026-06-04 18:37:16 [INFO] 图像数据类型: uint8
2026-06-04 18:37:16 [INFO] 图像最大值: 255
2026-06-04 18:37:16 [INFO] 图像最小值: 0
2026-06-04 18:37:16 [INFO] 开始保存检测结果图像: 图像尺寸=(2160, 3840, 3), 类型=uint8, 路径=C:\code\show\Scrap_Steel_In_Field\photos\dangerous_det\detection_20260604_183716.jpg
2026-06-04 18:37:16 [INFO] 成功保存检测结果到: C:\code\show\Scrap_Steel_In_Field\photos\dangerous_det\detection_20260604_183716.jpg
2026-06-04 18:37:16 [INFO] 保存的检测结果文件大小: 2108445 字节
2026-06-04 18:37:16 [INFO] 引擎上下文已释放
2026-06-04 18:37:16 [INFO] TensorRT 引擎已释放
2026-06-04 18:37:16 [INFO] 全局 CUDA 资源已释放
2026-06-04 18:37:16 [INFO] 检测系统资源已释放
2026-06-04 18:37:21 [INFO] CUDA 初始化成功
2026-06-04 18:37:21 [INFO] 引擎加载成功: dangerous.engine
2026-06-04 18:37:21 [INFO] 检测系统初始化成功
2026-06-04 18:37:21 [INFO] 图像预处理完成，原始尺寸: (2160, 3840)
2026-06-04 18:37:21 [INFO] 开始执行目标检测...
2026-06-04 18:37:21 [INFO] 检测完成，找到 4 个物体
2026-06-04 18:37:21 [INFO] 物体 1: GasCyl1 (置信度: 0.89)
2026-06-04 18:37:21 [INFO] 物体 2: GasCyl1 (置信度: 0.73)
2026-06-04 18:37:21 [INFO] 物体 3: FireExt1 (置信度: 0.49)
2026-06-04 18:37:21 [INFO] 物体 4: GasCyl1 (置信度: 0.41)
2026-06-04 18:37:21 [INFO] 检测到车兜区域，将过滤区域外的目标
2026-06-04 18:37:21 [INFO] 车兜区域过滤: 4 -> 3 个目标
2026-06-04 18:37:21 [INFO] 准备保存检测结果到: C:\code\show\Scrap_Steel_In_Field\photos\dangerous_det\detection_20260604_183721.jpg
2026-06-04 18:37:21 [INFO] 图像形状: (2160, 3840, 3)
2026-06-04 18:37:21 [INFO] 图像数据类型: uint8
2026-06-04 18:37:21 [INFO] 图像最大值: 255
2026-06-04 18:37:21 [INFO] 图像最小值: 0
2026-06-04 18:37:21 [INFO] 开始保存检测结果图像: 图像尺寸=(2160, 3840, 3), 类型=uint8, 路径=C:\code\show\Scrap_Steel_In_Field\photos\dangerous_det\detection_20260604_183721.jpg
2026-06-04 18:37:21 [INFO] 成功保存检测结果到: C:\code\show\Scrap_Steel_In_Field\photos\dangerous_det\detection_20260604_183721.jpg
2026-06-04 18:37:21 [INFO] 保存的检测结果文件大小: 2045735 字节
2026-06-04 18:37:21 [INFO] 引擎上下文已释放
2026-06-04 18:37:21 [INFO] TensorRT 引擎已释放
2026-06-04 18:37:21 [INFO] 全局 CUDA 资源已释放
2026-06-04 18:37:21 [INFO] 检测系统资源已释放
2026-06-04 18:37:26 [INFO] CUDA 初始化成功
2026-06-04 18:37:26 [INFO] 引擎加载成功: dangerous.engine
2026-06-04 18:37:26 [INFO] 检测系统初始化成功
2026-06-04 18:37:26 [INFO] 图像预处理完成，原始尺寸: (2160, 3840)
2026-06-04 18:37:26 [INFO] 开始执行目标检测...
2026-06-04 18:37:26 [INFO] 检测完成，找到 3 个物体
2026-06-04 18:37:26 [INFO] 物体 1: GasCyl1 (置信度: 0.90)
2026-06-04 18:37:26 [INFO] 物体 2: GasCyl1 (置信度: 0.81)
2026-06-04 18:37:26 [INFO] 物体 3: FireExt1 (置信度: 0.42)
2026-06-04 18:37:26 [INFO] 检测到车兜区域，将过滤区域外的目标
2026-06-04 18:37:26 [INFO] 准备保存检测结果到: C:\code\show\Scrap_Steel_In_Field\photos\dangerous_det\detection_20260604_183726.jpg
2026-06-04 18:37:26 [INFO] 图像形状: (2160, 3840, 3)
2026-06-04 18:37:26 [INFO] 图像数据类型: uint8
2026-06-04 18:37:26 [INFO] 图像最大值: 255
2026-06-04 18:37:26 [INFO] 图像最小值: 0
2026-06-04 18:37:26 [INFO] 开始保存检测结果图像: 图像尺寸=(2160, 3840, 3), 类型=uint8, 路径=C:\code\show\Scrap_Steel_In_Field\photos\dangerous_det\detection_20260604_183726.jpg
2026-06-04 18:37:26 [INFO] 成功保存检测结果到: C:\code\show\Scrap_Steel_In_Field\photos\dangerous_det\detection_20260604_183726.jpg
2026-06-04 18:37:26 [INFO] 保存的检测结果文件大小: 2139104 字节
2026-06-04 18:37:26 [INFO] 引擎上下文已释放
2026-06-04 18:37:26 [INFO] TensorRT 引擎已释放
2026-06-04 18:37:26 [INFO] 全局 CUDA 资源已释放
2026-06-04 18:37:26 [INFO] 检测系统资源已释放
2026-06-04 18:37:31 [INFO] CUDA 初始化成功
2026-06-04 18:37:31 [INFO] 引擎加载成功: dangerous.engine
2026-06-04 18:37:31 [INFO] 检测系统初始化成功
2026-06-04 18:37:31 [INFO] 图像预处理完成，原始尺寸: (2160, 3840)
2026-06-04 18:37:31 [INFO] 开始执行目标检测...
2026-06-04 18:37:31 [INFO] 检测完成，找到 4 个物体
2026-06-04 18:37:31 [INFO] 物体 1: GasCyl1 (置信度: 0.90)
2026-06-04 18:37:31 [INFO] 物体 2: GasCyl1 (置信度: 0.80)
2026-06-04 18:37:31 [INFO] 物体 3: GasCyl1 (置信度: 0.50)
2026-06-04 18:37:31 [INFO] 物体 4: FireExt1 (置信度: 0.42)
2026-06-04 18:37:31 [INFO] 检测到车兜区域，将过滤区域外的目标
2026-06-04 18:37:31 [INFO] 准备保存检测结果到: C:\code\show\Scrap_Steel_In_Field\photos\dangerous_det\detection_20260604_183731.jpg
2026-06-04 18:37:31 [INFO] 图像形状: (2160, 3840, 3)
2026-06-04 18:37:31 [INFO] 图像数据类型: uint8
2026-06-04 18:37:31 [INFO] 图像最大值: 255
2026-06-04 18:37:31 [INFO] 图像最小值: 0
2026-06-04 18:37:31 [INFO] 开始保存检测结果图像: 图像尺寸=(2160, 3840, 3), 类型=uint8, 路径=C:\code\show\Scrap_Steel_In_Field\photos\dangerous_det\detection_20260604_183731.jpg
2026-06-04 18:37:31 [INFO] 成功保存检测结果到: C:\code\show\Scrap_Steel_In_Field\photos\dangerous_det\detection_20260604_183731.jpg
2026-06-04 18:37:31 [INFO] 保存的检测结果文件大小: 2139894 字节
2026-06-04 18:37:31 [INFO] 引擎上下文已释放
2026-06-04 18:37:31 [INFO] TensorRT 引擎已释放
2026-06-04 18:37:31 [INFO] 全局 CUDA 资源已释放
2026-06-04 18:37:31 [INFO] 检测系统资源已释放
2026-06-04 18:37:37 [INFO] CUDA 初始化成功
2026-06-04 18:37:37 [INFO] 引擎加载成功: dangerous.engine
2026-06-04 18:37:37 [INFO] 检测系统初始化成功
2026-06-04 18:37:37 [INFO] 图像预处理完成，原始尺寸: (2160, 3840)
2026-06-04 18:37:37 [INFO] 开始执行目标检测...
2026-06-04 18:37:37 [INFO] 检测完成，找到 3 个物体
2026-06-04 18:37:37 [INFO] 物体 1: GasCyl1 (置信度: 0.89)
2026-06-04 18:37:37 [INFO] 物体 2: GasCyl1 (置信度: 0.79)
2026-06-04 18:37:37 [INFO] 物体 3: FireExt1 (置信度: 0.43)
2026-06-04 18:37:37 [INFO] 检测到车兜区域，将过滤区域外的目标
2026-06-04 18:37:37 [INFO] 准备保存检测结果到: C:\code\show\Scrap_Steel_In_Field\photos\dangerous_det\detection_20260604_183737.jpg
2026-06-04 18:37:37 [INFO] 图像形状: (2160, 3840, 3)
2026-06-04 18:37:37 [INFO] 图像数据类型: uint8
2026-06-04 18:37:37 [INFO] 图像最大值: 255
2026-06-04 18:37:37 [INFO] 图像最小值: 0
2026-06-04 18:37:37 [INFO] 开始保存检测结果图像: 图像尺寸=(2160, 3840, 3), 类型=uint8, 路径=C:\code\show\Scrap_Steel_In_Field\photos\dangerous_det\detection_20260604_183737.jpg
2026-06-04 18:37:37 [INFO] 成功保存检测结果到: C:\code\show\Scrap_Steel_In_Field\photos\dangerous_det\detection_20260604_183737.jpg
2026-06-04 18:37:37 [INFO] 保存的检测结果文件大小: 2094333 字节
2026-06-04 18:37:37 [INFO] 引擎上下文已释放
2026-06-04 18:37:37 [INFO] TensorRT 引擎已释放
2026-06-04 18:37:37 [INFO] 全局 CUDA 资源已释放
2026-06-04 18:37:37 [INFO] 检测系统资源已释放
2026-06-04 18:37:42 [INFO] CUDA 初始化成功
2026-06-04 18:37:42 [INFO] 引擎加载成功: dangerous.engine
2026-06-04 18:37:42 [INFO] 检测系统初始化成功
2026-06-04 18:37:42 [INFO] 图像预处理完成，原始尺寸: (2160, 3840)
2026-06-04 18:37:42 [INFO] 开始执行目标检测...
2026-06-04 18:37:42 [INFO] 检测完成，找到 3 个物体
2026-06-04 18:37:42 [INFO] 物体 1: GasCyl1 (置信度: 0.90)
2026-06-04 18:37:42 [INFO] 物体 2: GasCyl1 (置信度: 0.82)
2026-06-04 18:37:42 [INFO] 物体 3: FireExt1 (置信度: 0.44)
2026-06-04 18:37:42 [INFO] 检测到车兜区域，将过滤区域外的目标
2026-06-04 18:37:42 [INFO] 准备保存检测结果到: C:\code\show\Scrap_Steel_In_Field\photos\dangerous_det\detection_20260604_183742.jpg
2026-06-04 18:37:42 [INFO] 图像形状: (2160, 3840, 3)
2026-06-04 18:37:42 [INFO] 图像数据类型: uint8
2026-06-04 18:37:42 [INFO] 图像最大值: 255
2026-06-04 18:37:42 [INFO] 图像最小值: 0
2026-06-04 18:37:42 [INFO] 开始保存检测结果图像: 图像尺寸=(2160, 3840, 3), 类型=uint8, 路径=C:\code\show\Scrap_Steel_In_Field\photos\dangerous_det\detection_20260604_183742.jpg
2026-06-04 18:37:42 [INFO] 成功保存检测结果到: C:\code\show\Scrap_Steel_In_Field\photos\dangerous_det\detection_20260604_183742.jpg
2026-06-04 18:37:42 [INFO] 保存的检测结果文件大小: 2125154 字节
2026-06-04 18:37:42 [INFO] 引擎上下文已释放
2026-06-04 18:37:42 [INFO] TensorRT 引擎已释放
2026-06-04 18:37:42 [INFO] 全局 CUDA 资源已释放
2026-06-04 18:37:42 [INFO] 检测系统资源已释放
2026-06-04 18:37:47 [INFO] CUDA 初始化成功
2026-06-04 18:37:47 [INFO] 引擎加载成功: dangerous.engine
2026-06-04 18:37:47 [INFO] 检测系统初始化成功
2026-06-04 18:37:47 [INFO] 图像预处理完成，原始尺寸: (2160, 3840)
2026-06-04 18:37:47 [INFO] 开始执行目标检测...
2026-06-04 18:37:47 [INFO] 检测完成，找到 3 个物体
2026-06-04 18:37:47 [INFO] 物体 1: GasCyl1 (置信度: 0.89)
2026-06-04 18:37:47 [INFO] 物体 2: GasCyl1 (置信度: 0.79)
2026-06-04 18:37:47 [INFO] 物体 3: FireExt1 (置信度: 0.44)
2026-06-04 18:37:47 [INFO] 检测到车兜区域，将过滤区域外的目标
2026-06-04 18:37:47 [INFO] 准备保存检测结果到: C:\code\show\Scrap_Steel_In_Field\photos\dangerous_det\detection_20260604_183747.jpg
2026-06-04 18:37:47 [INFO] 图像形状: (2160, 3840, 3)
2026-06-04 18:37:47 [INFO] 图像数据类型: uint8
2026-06-04 18:37:47 [INFO] 图像最大值: 255
2026-06-04 18:37:47 [INFO] 图像最小值: 0
2026-06-04 18:37:47 [INFO] 开始保存检测结果图像: 图像尺寸=(2160, 3840, 3), 类型=uint8, 路径=C:\code\show\Scrap_Steel_In_Field\photos\dangerous_det\detection_20260604_183747.jpg
2026-06-04 18:37:47 [INFO] 成功保存检测结果到: C:\code\show\Scrap_Steel_In_Field\photos\dangerous_det\detection_20260604_183747.jpg
2026-06-04 18:37:47 [INFO] 保存的检测结果文件大小: 2115269 字节
2026-06-04 18:37:47 [INFO] 引擎上下文已释放
2026-06-04 18:37:47 [INFO] TensorRT 引擎已释放
2026-06-04 18:37:47 [INFO] 全局 CUDA 资源已释放
2026-06-04 18:37:47 [INFO] 检测系统资源已释放
2026-06-04 18:37:53 [INFO] CUDA 初始化成功
2026-06-04 18:37:53 [INFO] 引擎加载成功: dangerous.engine
2026-06-04 18:37:53 [INFO] 检测系统初始化成功
2026-06-04 18:37:53 [INFO] 图像预处理完成，原始尺寸: (2160, 3840)
2026-06-04 18:37:53 [INFO] 开始执行目标检测...
2026-06-04 18:37:53 [INFO] 检测完成，找到 3 个物体
2026-06-04 18:37:53 [INFO] 物体 1: GasCyl1 (置信度: 0.89)
2026-06-04 18:37:53 [INFO] 物体 2: GasCyl1 (置信度: 0.84)
2026-06-04 18:37:53 [INFO] 物体 3: FireExt1 (置信度: 0.46)
2026-06-04 18:37:53 [INFO] 检测到车兜区域，将过滤区域外的目标
2026-06-04 18:37:53 [INFO] 准备保存检测结果到: C:\code\show\Scrap_Steel_In_Field\photos\dangerous_det\detection_20260604_183753.jpg
2026-06-04 18:37:53 [INFO] 图像形状: (2160, 3840, 3)
2026-06-04 18:37:53 [INFO] 图像数据类型: uint8
2026-06-04 18:37:53 [INFO] 图像最大值: 255
2026-06-04 18:37:53 [INFO] 图像最小值: 0
2026-06-04 18:37:53 [INFO] 开始保存检测结果图像: 图像尺寸=(2160, 3840, 3), 类型=uint8, 路径=C:\code\show\Scrap_Steel_In_Field\photos\dangerous_det\detection_20260604_183753.jpg
2026-06-04 18:37:53 [INFO] 成功保存检测结果到: C:\code\show\Scrap_Steel_In_Field\photos\dangerous_det\detection_20260604_183753.jpg
2026-06-04 18:37:53 [INFO] 保存的检测结果文件大小: 2118538 字节
2026-06-04 18:37:53 [INFO] 引擎上下文已释放
2026-06-04 18:37:53 [INFO] TensorRT 引擎已释放
2026-06-04 18:37:53 [INFO] 全局 CUDA 资源已释放
2026-06-04 18:37:53 [INFO] 检测系统资源已释放
2026-06-04 18:37:58 [INFO] CUDA 初始化成功
2026-06-04 18:37:58 [INFO] 引擎加载成功: dangerous.engine
2026-06-04 18:37:58 [INFO] 检测系统初始化成功
2026-06-04 18:37:58 [INFO] 图像预处理完成，原始尺寸: (2160, 3840)
2026-06-04 18:37:58 [INFO] 开始执行目标检测...
2026-06-04 18:37:58 [INFO] 检测完成，找到 4 个物体
2026-06-04 18:37:58 [INFO] 物体 1: GasCyl1 (置信度: 0.89)
2026-06-04 18:37:58 [INFO] 物体 2: GasCyl1 (置信度: 0.80)
2026-06-04 18:37:58 [INFO] 物体 3: GasCyl1 (置信度: 0.45)
2026-06-04 18:37:58 [INFO] 物体 4: FireExt1 (置信度: 0.40)
2026-06-04 18:37:58 [INFO] 准备保存检测结果到: C:\code\show\Scrap_Steel_In_Field\photos\dangerous_det\detection_20260604_183758.jpg
2026-06-04 18:37:58 [INFO] 图像形状: (2160, 3840, 3)
2026-06-04 18:37:58 [INFO] 图像数据类型: uint8
2026-06-04 18:37:58 [INFO] 图像最大值: 255
2026-06-04 18:37:58 [INFO] 图像最小值: 0
2026-06-04 18:37:58 [INFO] 开始保存检测结果图像: 图像尺寸=(2160, 3840, 3), 类型=uint8, 路径=C:\code\show\Scrap_Steel_In_Field\photos\dangerous_det\detection_20260604_183758.jpg
2026-06-04 18:37:58 [INFO] 成功保存检测结果到: C:\code\show\Scrap_Steel_In_Field\photos\dangerous_det\detection_20260604_183758.jpg
2026-06-04 18:37:58 [INFO] 保存的检测结果文件大小: 2094616 字节
2026-06-04 18:37:58 [INFO] 引擎上下文已释放
2026-06-04 18:37:58 [INFO] TensorRT 引擎已释放
2026-06-04 18:37:58 [INFO] 全局 CUDA 资源已释放
2026-06-04 18:37:58 [INFO] 检测系统资源已释放
2026-06-04 18:38:03 [INFO] CUDA 初始化成功
2026-06-04 18:38:03 [INFO] 引擎加载成功: dangerous.engine
2026-06-04 18:38:03 [INFO] 检测系统初始化成功
2026-06-04 18:38:03 [INFO] 图像预处理完成，原始尺寸: (2160, 3840)
2026-06-04 18:38:03 [INFO] 开始执行目标检测...
2026-06-04 18:38:03 [INFO] 检测完成，找到 3 个物体
2026-06-04 18:38:03 [INFO] 物体 1: GasCyl1 (置信度: 0.90)
2026-06-04 18:38:03 [INFO] 物体 2: GasCyl1 (置信度: 0.85)
2026-06-04 18:38:03 [INFO] 物体 3: FireExt1 (置信度: 0.42)
2026-06-04 18:38:03 [INFO] 准备保存检测结果到: C:\code\show\Scrap_Steel_In_Field\photos\dangerous_det\detection_20260604_183803.jpg
2026-06-04 18:38:03 [INFO] 图像形状: (2160, 3840, 3)
2026-06-04 18:38:03 [INFO] 图像数据类型: uint8
2026-06-04 18:38:03 [INFO] 图像最大值: 255
2026-06-04 18:38:03 [INFO] 图像最小值: 0
2026-06-04 18:38:03 [INFO] 开始保存检测结果图像: 图像尺寸=(2160, 3840, 3), 类型=uint8, 路径=C:\code\show\Scrap_Steel_In_Field\photos\dangerous_det\detection_20260604_183803.jpg
2026-06-04 18:38:03 [INFO] 成功保存检测结果到: C:\code\show\Scrap_Steel_In_Field\photos\dangerous_det\detection_20260604_183803.jpg
2026-06-04 18:38:03 [INFO] 保存的检测结果文件大小: 2091713 字节
2026-06-04 18:38:03 [INFO] 引擎上下文已释放
2026-06-04 18:38:03 [INFO] TensorRT 引擎已释放
2026-06-04 18:38:03 [INFO] 全局 CUDA 资源已释放
2026-06-04 18:38:03 [INFO] 检测系统资源已释放
2026-06-04 18:38:08 [INFO] CUDA 初始化成功
2026-06-04 18:38:08 [INFO] 引擎加载成功: dangerous.engine
2026-06-04 18:38:08 [INFO] 检测系统初始化成功
2026-06-04 18:38:08 [INFO] 图像预处理完成，原始尺寸: (2160, 3840)
2026-06-04 18:38:08 [INFO] 开始执行目标检测...
2026-06-04 18:38:08 [INFO] 检测完成，找到 3 个物体
2026-06-04 18:38:08 [INFO] 物体 1: GasCyl1 (置信度: 0.88)
2026-06-04 18:38:08 [INFO] 物体 2: GasCyl1 (置信度: 0.80)
2026-06-04 18:38:08 [INFO] 物体 3: FireExt1 (置信度: 0.39)
2026-06-04 18:38:08 [INFO] 准备保存检测结果到: C:\code\show\Scrap_Steel_In_Field\photos\dangerous_det\detection_20260604_183808.jpg
2026-06-04 18:38:08 [INFO] 图像形状: (2160, 3840, 3)
2026-06-04 18:38:08 [INFO] 图像数据类型: uint8
2026-06-04 18:38:08 [INFO] 图像最大值: 255
2026-06-04 18:38:08 [INFO] 图像最小值: 0
2026-06-04 18:38:08 [INFO] 开始保存检测结果图像: 图像尺寸=(2160, 3840, 3), 类型=uint8, 路径=C:\code\show\Scrap_Steel_In_Field\photos\dangerous_det\detection_20260604_183808.jpg
2026-06-04 18:38:08 [INFO] 成功保存检测结果到: C:\code\show\Scrap_Steel_In_Field\photos\dangerous_det\detection_20260604_183808.jpg
2026-06-04 18:38:08 [INFO] 保存的检测结果文件大小: 2091583 字节
2026-06-04 18:38:08 [INFO] 引擎上下文已释放
2026-06-04 18:38:08 [INFO] TensorRT 引擎已释放
2026-06-04 18:38:08 [INFO] 全局 CUDA 资源已释放
2026-06-04 18:38:08 [INFO] 检测系统资源已释放
2026-06-04 18:38:13 [INFO] CUDA 初始化成功
2026-06-04 18:38:13 [INFO] 引擎加载成功: dangerous.engine
2026-06-04 18:38:13 [INFO] 检测系统初始化成功
2026-06-04 18:38:13 [INFO] 图像预处理完成，原始尺寸: (2160, 3840)
2026-06-04 18:38:13 [INFO] 开始执行目标检测...
2026-06-04 18:38:13 [INFO] 检测完成，找到 4 个物体
2026-06-04 18:38:13 [INFO] 物体 1: GasCyl1 (置信度: 0.88)
2026-06-04 18:38:13 [INFO] 物体 2: GasCyl1 (置信度: 0.83)
2026-06-04 18:38:13 [INFO] 物体 3: GasCyl1 (置信度: 0.71)
2026-06-04 18:38:13 [INFO] 物体 4: FireExt1 (置信度: 0.47)
2026-06-04 18:38:13 [INFO] 准备保存检测结果到: C:\code\show\Scrap_Steel_In_Field\photos\dangerous_det\detection_20260604_183813.jpg
2026-06-04 18:38:13 [INFO] 图像形状: (2160, 3840, 3)
2026-06-04 18:38:13 [INFO] 图像数据类型: uint8
2026-06-04 18:38:13 [INFO] 图像最大值: 255
2026-06-04 18:38:13 [INFO] 图像最小值: 0
2026-06-04 18:38:13 [INFO] 开始保存检测结果图像: 图像尺寸=(2160, 3840, 3), 类型=uint8, 路径=C:\code\show\Scrap_Steel_In_Field\photos\dangerous_det\detection_20260604_183813.jpg
2026-06-04 18:38:13 [INFO] 成功保存检测结果到: C:\code\show\Scrap_Steel_In_Field\photos\dangerous_det\detection_20260604_183813.jpg
2026-06-04 18:38:13 [INFO] 保存的检测结果文件大小: 2061219 字节
2026-06-04 18:38:13 [INFO] 引擎上下文已释放
2026-06-04 18:38:13 [INFO] TensorRT 引擎已释放
2026-06-04 18:38:13 [INFO] 全局 CUDA 资源已释放
2026-06-04 18:38:13 [INFO] 检测系统资源已释放
2026-06-04 18:38:18 [INFO] CUDA 初始化成功
2026-06-04 18:38:18 [INFO] 引擎加载成功: dangerous.engine
2026-06-04 18:38:18 [INFO] 检测系统初始化成功
2026-06-04 18:38:19 [INFO] 图像预处理完成，原始尺寸: (2160, 3840)
2026-06-04 18:38:19 [INFO] 开始执行目标检测...
2026-06-04 18:38:19 [INFO] 检测完成，找到 4 个物体
2026-06-04 18:38:19 [INFO] 物体 1: GasCyl1 (置信度: 0.89)
2026-06-04 18:38:19 [INFO] 物体 2: GasCyl1 (置信度: 0.84)
2026-06-04 18:38:19 [INFO] 物体 3: GasCyl1 (置信度: 0.82)
2026-06-04 18:38:19 [INFO] 物体 4: FireExt1 (置信度: 0.45)
2026-06-04 18:38:19 [INFO] 准备保存检测结果到: C:\code\show\Scrap_Steel_In_Field\photos\dangerous_det\detection_20260604_183819.jpg
2026-06-04 18:38:19 [INFO] 图像形状: (2160, 3840, 3)
2026-06-04 18:38:19 [INFO] 图像数据类型: uint8
2026-06-04 18:38:19 [INFO] 图像最大值: 255
2026-06-04 18:38:19 [INFO] 图像最小值: 0
2026-06-04 18:38:19 [INFO] 开始保存检测结果图像: 图像尺寸=(2160, 3840, 3), 类型=uint8, 路径=C:\code\show\Scrap_Steel_In_Field\photos\dangerous_det\detection_20260604_183819.jpg
2026-06-04 18:38:19 [INFO] 成功保存检测结果到: C:\code\show\Scrap_Steel_In_Field\photos\dangerous_det\detection_20260604_183819.jpg
2026-06-04 18:38:19 [INFO] 保存的检测结果文件大小: 2038531 字节
2026-06-04 18:38:19 [INFO] 引擎上下文已释放
2026-06-04 18:38:19 [INFO] TensorRT 引擎已释放
2026-06-04 18:38:19 [INFO] 全局 CUDA 资源已释放
2026-06-04 18:38:19 [INFO] 检测系统资源已释放
2026-06-04 18:38:24 [INFO] CUDA 初始化成功
2026-06-04 18:38:24 [INFO] 引擎加载成功: dangerous.engine
2026-06-04 18:38:24 [INFO] 检测系统初始化成功
2026-06-04 18:38:24 [INFO] 图像预处理完成，原始尺寸: (2160, 3840)
2026-06-04 18:38:24 [INFO] 开始执行目标检测...
2026-06-04 18:38:24 [INFO] 检测完成，找到 4 个物体
2026-06-04 18:38:24 [INFO] 物体 1: GasCyl1 (置信度: 0.88)
2026-06-04 18:38:24 [INFO] 物体 2: GasCyl1 (置信度: 0.84)
2026-06-04 18:38:24 [INFO] 物体 3: GasCyl1 (置信度: 0.78)
2026-06-04 18:38:24 [INFO] 物体 4: FireExt1 (置信度: 0.46)
2026-06-04 18:38:24 [INFO] 准备保存检测结果到: C:\code\show\Scrap_Steel_In_Field\photos\dangerous_det\detection_20260604_183824.jpg
2026-06-04 18:38:24 [INFO] 图像形状: (2160, 3840, 3)
2026-06-04 18:38:24 [INFO] 图像数据类型: uint8
2026-06-04 18:38:24 [INFO] 图像最大值: 255
2026-06-04 18:38:24 [INFO] 图像最小值: 0
2026-06-04 18:38:24 [INFO] 开始保存检测结果图像: 图像尺寸=(2160, 3840, 3), 类型=uint8, 路径=C:\code\show\Scrap_Steel_In_Field\photos\dangerous_det\detection_20260604_183824.jpg
2026-06-04 18:38:24 [INFO] 成功保存检测结果到: C:\code\show\Scrap_Steel_In_Field\photos\dangerous_det\detection_20260604_183824.jpg
2026-06-04 18:38:24 [INFO] 保存的检测结果文件大小: 1926685 字节
2026-06-04 18:38:24 [INFO] 引擎上下文已释放
2026-06-04 18:38:24 [INFO] TensorRT 引擎已释放
2026-06-04 18:38:24 [INFO] 全局 CUDA 资源已释放
2026-06-04 18:38:24 [INFO] 检测系统资源已释放
2026-06-04 18:38:29 [INFO] CUDA 初始化成功
2026-06-04 18:38:29 [INFO] 引擎加载成功: dangerous.engine
2026-06-04 18:38:29 [INFO] 检测系统初始化成功
2026-06-04 18:38:29 [INFO] 图像预处理完成，原始尺寸: (2160, 3840)
2026-06-04 18:38:29 [INFO] 开始执行目标检测...
2026-06-04 18:38:29 [INFO] 检测完成，找到 3 个物体
2026-06-04 18:38:29 [INFO] 物体 1: GasCyl1 (置信度: 0.86)
2026-06-04 18:38:29 [INFO] 物体 2: GasCyl1 (置信度: 0.75)
2026-06-04 18:38:29 [INFO] 物体 3: GasCyl1 (置信度: 0.70)
2026-06-04 18:38:29 [INFO] 准备保存检测结果到: C:\code\show\Scrap_Steel_In_Field\photos\dangerous_det\detection_20260604_183829.jpg
2026-06-04 18:38:29 [INFO] 图像形状: (2160, 3840, 3)
2026-06-04 18:38:29 [INFO] 图像数据类型: uint8
2026-06-04 18:38:29 [INFO] 图像最大值: 255
2026-06-04 18:38:29 [INFO] 图像最小值: 0
2026-06-04 18:38:29 [INFO] 开始保存检测结果图像: 图像尺寸=(2160, 3840, 3), 类型=uint8, 路径=C:\code\show\Scrap_Steel_In_Field\photos\dangerous_det\detection_20260604_183829.jpg
2026-06-04 18:38:29 [INFO] 成功保存检测结果到: C:\code\show\Scrap_Steel_In_Field\photos\dangerous_det\detection_20260604_183829.jpg
2026-06-04 18:38:29 [INFO] 保存的检测结果文件大小: 1864783 字节
2026-06-04 18:38:29 [INFO] 引擎上下文已释放
2026-06-04 18:38:29 [INFO] TensorRT 引擎已释放
2026-06-04 18:38:29 [INFO] 全局 CUDA 资源已释放
2026-06-04 18:38:29 [INFO] 检测系统资源已释放
2026-06-04 18:38:34 [INFO] CUDA 初始化成功
2026-06-04 18:38:34 [INFO] 引擎加载成功: dangerous.engine
2026-06-04 18:38:34 [INFO] 检测系统初始化成功
2026-06-04 18:38:34 [INFO] 图像预处理完成，原始尺寸: (2160, 3840)
2026-06-04 18:38:34 [INFO] 开始执行目标检测...
2026-06-04 18:38:34 [INFO] 检测完成，找到 3 个物体
2026-06-04 18:38:34 [INFO] 物体 1: GasCyl1 (置信度: 0.85)
2026-06-04 18:38:34 [INFO] 物体 2: GasCyl1 (置信度: 0.80)
2026-06-04 18:38:34 [INFO] 物体 3: GasCyl1 (置信度: 0.79)
2026-06-04 18:38:34 [INFO] 准备保存检测结果到: C:\code\show\Scrap_Steel_In_Field\photos\dangerous_det\detection_20260604_183834.jpg
2026-06-04 18:38:34 [INFO] 图像形状: (2160, 3840, 3)
2026-06-04 18:38:34 [INFO] 图像数据类型: uint8
2026-06-04 18:38:34 [INFO] 图像最大值: 255
2026-06-04 18:38:34 [INFO] 图像最小值: 0
2026-06-04 18:38:34 [INFO] 开始保存检测结果图像: 图像尺寸=(2160, 3840, 3), 类型=uint8, 路径=C:\code\show\Scrap_Steel_In_Field\photos\dangerous_det\detection_20260604_183834.jpg
2026-06-04 18:38:34 [INFO] 成功保存检测结果到: C:\code\show\Scrap_Steel_In_Field\photos\dangerous_det\detection_20260604_183834.jpg
2026-06-04 18:38:34 [INFO] 保存的检测结果文件大小: 1838056 字节
2026-06-04 18:38:34 [INFO] 引擎上下文已释放
2026-06-04 18:38:34 [INFO] TensorRT 引擎已释放
2026-06-04 18:38:34 [INFO] 全局 CUDA 资源已释放
2026-06-04 18:38:34 [INFO] 检测系统资源已释放
2026-06-04 18:38:39 [INFO] CUDA 初始化成功
2026-06-04 18:38:39 [INFO] 引擎加载成功: dangerous.engine
2026-06-04 18:38:39 [INFO] 检测系统初始化成功
2026-06-04 18:38:39 [INFO] 图像预处理完成，原始尺寸: (2160, 3840)
2026-06-04 18:38:39 [INFO] 开始执行目标检测...
2026-06-04 18:38:39 [INFO] 检测完成，找到 4 个物体
2026-06-04 18:38:39 [INFO] 物体 1: GasCyl1 (置信度: 0.84)
2026-06-04 18:38:39 [INFO] 物体 2: GasCyl1 (置信度: 0.69)
2026-06-04 18:38:39 [INFO] 物体 3: GasCyl1 (置信度: 0.62)
2026-06-04 18:38:39 [INFO] 物体 4: FireExt1 (置信度: 0.36)
2026-06-04 18:38:39 [INFO] 准备保存检测结果到: C:\code\show\Scrap_Steel_In_Field\photos\dangerous_det\detection_20260604_183839.jpg
2026-06-04 18:38:39 [INFO] 图像形状: (2160, 3840, 3)
2026-06-04 18:38:39 [INFO] 图像数据类型: uint8
2026-06-04 18:38:39 [INFO] 图像最大值: 255
2026-06-04 18:38:39 [INFO] 图像最小值: 0
2026-06-04 18:38:39 [INFO] 开始保存检测结果图像: 图像尺寸=(2160, 3840, 3), 类型=uint8, 路径=C:\code\show\Scrap_Steel_In_Field\photos\dangerous_det\detection_20260604_183839.jpg
2026-06-04 18:38:39 [INFO] 成功保存检测结果到: C:\code\show\Scrap_Steel_In_Field\photos\dangerous_det\detection_20260604_183839.jpg
2026-06-04 18:38:39 [INFO] 保存的检测结果文件大小: 1847155 字节
2026-06-04 18:38:39 [INFO] 引擎上下文已释放
2026-06-04 18:38:39 [INFO] TensorRT 引擎已释放
2026-06-04 18:38:39 [INFO] 全局 CUDA 资源已释放
2026-06-04 18:38:39 [INFO] 检测系统资源已释放
2026-06-04 18:38:44 [INFO] CUDA 初始化成功
2026-06-04 18:38:44 [INFO] 引擎加载成功: dangerous.engine
2026-06-04 18:38:44 [INFO] 检测系统初始化成功
2026-06-04 18:38:44 [INFO] 图像预处理完成，原始尺寸: (2160, 3840)
2026-06-04 18:38:44 [INFO] 开始执行目标检测...
2026-06-04 18:38:45 [INFO] 检测完成，找到 3 个物体
2026-06-04 18:38:45 [INFO] 物体 1: GasCyl1 (置信度: 0.85)
2026-06-04 18:38:45 [INFO] 物体 2: GasCyl1 (置信度: 0.75)
2026-06-04 18:38:45 [INFO] 物体 3: GasCyl1 (置信度: 0.68)
2026-06-04 18:38:45 [INFO] 准备保存检测结果到: C:\code\show\Scrap_Steel_In_Field\photos\dangerous_det\detection_20260604_183845.jpg
2026-06-04 18:38:45 [INFO] 图像形状: (2160, 3840, 3)
2026-06-04 18:38:45 [INFO] 图像数据类型: uint8
2026-06-04 18:38:45 [INFO] 图像最大值: 255
2026-06-04 18:38:45 [INFO] 图像最小值: 0
2026-06-04 18:38:45 [INFO] 开始保存检测结果图像: 图像尺寸=(2160, 3840, 3), 类型=uint8, 路径=C:\code\show\Scrap_Steel_In_Field\photos\dangerous_det\detection_20260604_183845.jpg
2026-06-04 18:38:45 [INFO] 成功保存检测结果到: C:\code\show\Scrap_Steel_In_Field\photos\dangerous_det\detection_20260604_183845.jpg
2026-06-04 18:38:45 [INFO] 保存的检测结果文件大小: 1835864 字节
2026-06-04 18:38:45 [INFO] 引擎上下文已释放
2026-06-04 18:38:45 [INFO] TensorRT 引擎已释放
2026-06-04 18:38:45 [INFO] 全局 CUDA 资源已释放
2026-06-04 18:38:45 [INFO] 检测系统资源已释放
2026-06-04 18:38:50 [INFO] CUDA 初始化成功
2026-06-04 18:38:50 [INFO] 引擎加载成功: dangerous.engine
2026-06-04 18:38:50 [INFO] 检测系统初始化成功
2026-06-04 18:38:50 [INFO] 图像预处理完成，原始尺寸: (2160, 3840)
2026-06-04 18:38:50 [INFO] 开始执行目标检测...
2026-06-04 18:38:50 [INFO] 检测完成，找到 3 个物体
2026-06-04 18:38:50 [INFO] 物体 1: GasCyl1 (置信度: 0.82)
2026-06-04 18:38:50 [INFO] 物体 2: GasCyl1 (置信度: 0.76)
2026-06-04 18:38:50 [INFO] 物体 3: GasCyl1 (置信度: 0.74)
2026-06-04 18:38:50 [INFO] 准备保存检测结果到: C:\code\show\Scrap_Steel_In_Field\photos\dangerous_det\detection_20260604_183850.jpg
2026-06-04 18:38:50 [INFO] 图像形状: (2160, 3840, 3)
2026-06-04 18:38:50 [INFO] 图像数据类型: uint8
2026-06-04 18:38:50 [INFO] 图像最大值: 255
2026-06-04 18:38:50 [INFO] 图像最小值: 0
2026-06-04 18:38:50 [INFO] 开始保存检测结果图像: 图像尺寸=(2160, 3840, 3), 类型=uint8, 路径=C:\code\show\Scrap_Steel_In_Field\photos\dangerous_det\detection_20260604_183850.jpg
2026-06-04 18:38:50 [INFO] 成功保存检测结果到: C:\code\show\Scrap_Steel_In_Field\photos\dangerous_det\detection_20260604_183850.jpg
2026-06-04 18:38:50 [INFO] 保存的检测结果文件大小: 1849404 字节
2026-06-04 18:38:50 [INFO] 引擎上下文已释放
2026-06-04 18:38:50 [INFO] TensorRT 引擎已释放
2026-06-04 18:38:50 [INFO] 全局 CUDA 资源已释放
2026-06-04 18:38:50 [INFO] 检测系统资源已释放
2026-06-04 18:38:55 [INFO] CUDA 初始化成功
2026-06-04 18:38:55 [INFO] 引擎加载成功: dangerous.engine
2026-06-04 18:38:55 [INFO] 检测系统初始化成功
2026-06-04 18:38:55 [INFO] 图像预处理完成，原始尺寸: (2160, 3840)
2026-06-04 18:38:55 [INFO] 开始执行目标检测...
2026-06-04 18:38:55 [INFO] 检测完成，找到 3 个物体
2026-06-04 18:38:55 [INFO] 物体 1: GasCyl1 (置信度: 0.83)
2026-06-04 18:38:55 [INFO] 物体 2: GasCyl1 (置信度: 0.77)
2026-06-04 18:38:55 [INFO] 物体 3: GasCyl1 (置信度: 0.74)
2026-06-04 18:38:55 [INFO] 准备保存检测结果到: C:\code\show\Scrap_Steel_In_Field\photos\dangerous_det\detection_20260604_183855.jpg
2026-06-04 18:38:55 [INFO] 图像形状: (2160, 3840, 3)
2026-06-04 18:38:55 [INFO] 图像数据类型: uint8
2026-06-04 18:38:55 [INFO] 图像最大值: 255
2026-06-04 18:38:55 [INFO] 图像最小值: 0
2026-06-04 18:38:55 [INFO] 开始保存检测结果图像: 图像尺寸=(2160, 3840, 3), 类型=uint8, 路径=C:\code\show\Scrap_Steel_In_Field\photos\dangerous_det\detection_20260604_183855.jpg
2026-06-04 18:38:55 [INFO] 成功保存检测结果到: C:\code\show\Scrap_Steel_In_Field\photos\dangerous_det\detection_20260604_183855.jpg
2026-06-04 18:38:55 [INFO] 保存的检测结果文件大小: 1846399 字节
2026-06-04 18:38:55 [INFO] 引擎上下文已释放
2026-06-04 18:38:55 [INFO] TensorRT 引擎已释放
2026-06-04 18:38:55 [INFO] 全局 CUDA 资源已释放
2026-06-04 18:38:55 [INFO] 检测系统资源已释放
2026-06-04 18:39:00 [INFO] CUDA 初始化成功
2026-06-04 18:39:00 [INFO] 引擎加载成功: dangerous.engine
2026-06-04 18:39:00 [INFO] 检测系统初始化成功
2026-06-04 18:39:00 [INFO] 图像预处理完成，原始尺寸: (2160, 3840)
2026-06-04 18:39:00 [INFO] 开始执行目标检测...
2026-06-04 18:39:00 [INFO] 检测完成，找到 3 个物体
2026-06-04 18:39:00 [INFO] 物体 1: GasCyl1 (置信度: 0.82)
2026-06-04 18:39:00 [INFO] 物体 2: GasCyl1 (置信度: 0.75)
2026-06-04 18:39:00 [INFO] 物体 3: GasCyl1 (置信度: 0.66)
2026-06-04 18:39:00 [INFO] 准备保存检测结果到: C:\code\show\Scrap_Steel_In_Field\photos\dangerous_det\detection_20260604_183900.jpg
2026-06-04 18:39:00 [INFO] 图像形状: (2160, 3840, 3)
2026-06-04 18:39:00 [INFO] 图像数据类型: uint8
2026-06-04 18:39:00 [INFO] 图像最大值: 255
2026-06-04 18:39:00 [INFO] 图像最小值: 0
2026-06-04 18:39:00 [INFO] 开始保存检测结果图像: 图像尺寸=(2160, 3840, 3), 类型=uint8, 路径=C:\code\show\Scrap_Steel_In_Field\photos\dangerous_det\detection_20260604_183900.jpg
2026-06-04 18:39:00 [INFO] 成功保存检测结果到: C:\code\show\Scrap_Steel_In_Field\photos\dangerous_det\detection_20260604_183900.jpg
2026-06-04 18:39:00 [INFO] 保存的检测结果文件大小: 1865042 字节
2026-06-04 18:39:00 [INFO] 引擎上下文已释放
2026-06-04 18:39:00 [INFO] TensorRT 引擎已释放
2026-06-04 18:39:00 [INFO] 全局 CUDA 资源已释放
2026-06-04 18:39:00 [INFO] 检测系统资源已释放
2026-06-04 18:39:05 [INFO] CUDA 初始化成功
2026-06-04 18:39:05 [INFO] 引擎加载成功: dangerous.engine
2026-06-04 18:39:05 [INFO] 检测系统初始化成功
2026-06-04 18:39:05 [INFO] 图像预处理完成，原始尺寸: (2160, 3840)
2026-06-04 18:39:05 [INFO] 开始执行目标检测...
2026-06-04 18:39:05 [INFO] 检测完成，找到 3 个物体
2026-06-04 18:39:05 [INFO] 物体 1: GasCyl1 (置信度: 0.86)
2026-06-04 18:39:05 [INFO] 物体 2: GasCyl1 (置信度: 0.76)
2026-06-04 18:39:05 [INFO] 物体 3: GasCyl1 (置信度: 0.71)
2026-06-04 18:39:05 [INFO] 准备保存检测结果到: C:\code\show\Scrap_Steel_In_Field\photos\dangerous_det\detection_20260604_183905.jpg
2026-06-04 18:39:05 [INFO] 图像形状: (2160, 3840, 3)
2026-06-04 18:39:05 [INFO] 图像数据类型: uint8
2026-06-04 18:39:05 [INFO] 图像最大值: 255
2026-06-04 18:39:05 [INFO] 图像最小值: 0
2026-06-04 18:39:05 [INFO] 开始保存检测结果图像: 图像尺寸=(2160, 3840, 3), 类型=uint8, 路径=C:\code\show\Scrap_Steel_In_Field\photos\dangerous_det\detection_20260604_183905.jpg
2026-06-04 18:39:05 [INFO] 成功保存检测结果到: C:\code\show\Scrap_Steel_In_Field\photos\dangerous_det\detection_20260604_183905.jpg
2026-06-04 18:39:05 [INFO] 保存的检测结果文件大小: 1849363 字节
2026-06-04 18:39:05 [INFO] 引擎上下文已释放
2026-06-04 18:39:05 [INFO] TensorRT 引擎已释放
2026-06-04 18:39:05 [INFO] 全局 CUDA 资源已释放
2026-06-04 18:39:05 [INFO] 检测系统资源已释放
2026-06-04 18:39:10 [INFO] CUDA 初始化成功
2026-06-04 18:39:10 [INFO] 引擎加载成功: dangerous.engine
2026-06-04 18:39:10 [INFO] 检测系统初始化成功
2026-06-04 18:39:10 [INFO] 图像预处理完成，原始尺寸: (2160, 3840)
2026-06-04 18:39:10 [INFO] 开始执行目标检测...
2026-06-04 18:39:10 [INFO] 检测完成，找到 3 个物体
2026-06-04 18:39:10 [INFO] 物体 1: GasCyl1 (置信度: 0.81)
2026-06-04 18:39:10 [INFO] 物体 2: GasCyl1 (置信度: 0.80)
2026-06-04 18:39:10 [INFO] 物体 3: GasCyl1 (置信度: 0.72)
2026-06-04 18:39:10 [INFO] 准备保存检测结果到: C:\code\show\Scrap_Steel_In_Field\photos\dangerous_det\detection_20260604_183910.jpg
2026-06-04 18:39:10 [INFO] 图像形状: (2160, 3840, 3)
2026-06-04 18:39:10 [INFO] 图像数据类型: uint8
2026-06-04 18:39:10 [INFO] 图像最大值: 255
2026-06-04 18:39:10 [INFO] 图像最小值: 0
2026-06-04 18:39:10 [INFO] 开始保存检测结果图像: 图像尺寸=(2160, 3840, 3), 类型=uint8, 路径=C:\code\show\Scrap_Steel_In_Field\photos\dangerous_det\detection_20260604_183910.jpg
2026-06-04 18:39:10 [INFO] 成功保存检测结果到: C:\code\show\Scrap_Steel_In_Field\photos\dangerous_det\detection_20260604_183910.jpg
2026-06-04 18:39:10 [INFO] 保存的检测结果文件大小: 1864843 字节
2026-06-04 18:39:10 [INFO] 引擎上下文已释放
2026-06-04 18:39:10 [INFO] TensorRT 引擎已释放
2026-06-04 18:39:10 [INFO] 全局 CUDA 资源已释放
2026-06-04 18:39:10 [INFO] 检测系统资源已释放
2026-06-04 18:39:15 [INFO] CUDA 初始化成功
2026-06-04 18:39:15 [INFO] 引擎加载成功: dangerous.engine
2026-06-04 18:39:15 [INFO] 检测系统初始化成功
2026-06-04 18:39:15 [INFO] 图像预处理完成，原始尺寸: (2160, 3840)
2026-06-04 18:39:15 [INFO] 开始执行目标检测...
2026-06-04 18:39:16 [INFO] 检测完成，找到 3 个物体
2026-06-04 18:39:16 [INFO] 物体 1: GasCyl1 (置信度: 0.83)
2026-06-04 18:39:16 [INFO] 物体 2: GasCyl1 (置信度: 0.80)
2026-06-04 18:39:16 [INFO] 物体 3: GasCyl1 (置信度: 0.75)
2026-06-04 18:39:16 [INFO] 准备保存检测结果到: C:\code\show\Scrap_Steel_In_Field\photos\dangerous_det\detection_20260604_183916.jpg
2026-06-04 18:39:16 [INFO] 图像形状: (2160, 3840, 3)
2026-06-04 18:39:16 [INFO] 图像数据类型: uint8
2026-06-04 18:39:16 [INFO] 图像最大值: 255
2026-06-04 18:39:16 [INFO] 图像最小值: 0
2026-06-04 18:39:16 [INFO] 开始保存检测结果图像: 图像尺寸=(2160, 3840, 3), 类型=uint8, 路径=C:\code\show\Scrap_Steel_In_Field\photos\dangerous_det\detection_20260604_183916.jpg
2026-06-04 18:39:16 [INFO] 成功保存检测结果到: C:\code\show\Scrap_Steel_In_Field\photos\dangerous_det\detection_20260604_183916.jpg
2026-06-04 18:39:16 [INFO] 保存的检测结果文件大小: 1865128 字节
2026-06-04 18:39:16 [INFO] 引擎上下文已释放
2026-06-04 18:39:16 [INFO] TensorRT 引擎已释放
2026-06-04 18:39:16 [INFO] 全局 CUDA 资源已释放
2026-06-04 18:39:16 [INFO] 检测系统资源已释放
2026-06-04 18:39:21 [INFO] CUDA 初始化成功
2026-06-04 18:39:21 [INFO] 引擎加载成功: dangerous.engine
2026-06-04 18:39:21 [INFO] 检测系统初始化成功
2026-06-04 18:39:21 [INFO] 图像预处理完成，原始尺寸: (2160, 3840)
2026-06-04 18:39:21 [INFO] 开始执行目标检测...
2026-06-04 18:39:21 [INFO] 检测完成，找到 3 个物体
2026-06-04 18:39:21 [INFO] 物体 1: GasCyl1 (置信度: 0.80)
2026-06-04 18:39:21 [INFO] 物体 2: GasCyl1 (置信度: 0.77)
2026-06-04 18:39:21 [INFO] 物体 3: GasCyl1 (置信度: 0.73)
2026-06-04 18:39:21 [INFO] 准备保存检测结果到: C:\code\show\Scrap_Steel_In_Field\photos\dangerous_det\detection_20260604_183921.jpg
2026-06-04 18:39:21 [INFO] 图像形状: (2160, 3840, 3)
2026-06-04 18:39:21 [INFO] 图像数据类型: uint8
2026-06-04 18:39:21 [INFO] 图像最大值: 255
2026-06-04 18:39:21 [INFO] 图像最小值: 0
2026-06-04 18:39:21 [INFO] 开始保存检测结果图像: 图像尺寸=(2160, 3840, 3), 类型=uint8, 路径=C:\code\show\Scrap_Steel_In_Field\photos\dangerous_det\detection_20260604_183921.jpg
2026-06-04 18:39:21 [INFO] 成功保存检测结果到: C:\code\show\Scrap_Steel_In_Field\photos\dangerous_det\detection_20260604_183921.jpg
2026-06-04 18:39:21 [INFO] 保存的检测结果文件大小: 1861260 字节
2026-06-04 18:39:21 [INFO] 引擎上下文已释放
2026-06-04 18:39:21 [INFO] TensorRT 引擎已释放
2026-06-04 18:39:21 [INFO] 全局 CUDA 资源已释放
2026-06-04 18:39:21 [INFO] 检测系统资源已释放
2026-06-04 18:39:26 [INFO] CUDA 初始化成功
2026-06-04 18:39:26 [INFO] 引擎加载成功: dangerous.engine
2026-06-04 18:39:26 [INFO] 检测系统初始化成功
2026-06-04 18:39:26 [INFO] 图像预处理完成，原始尺寸: (2160, 3840)
2026-06-04 18:39:26 [INFO] 开始执行目标检测...
2026-06-04 18:39:26 [INFO] 检测完成，找到 3 个物体
2026-06-04 18:39:26 [INFO] 物体 1: GasCyl1 (置信度: 0.80)
2026-06-04 18:39:26 [INFO] 物体 2: GasCyl1 (置信度: 0.77)
2026-06-04 18:39:26 [INFO] 物体 3: GasCyl1 (置信度: 0.74)
2026-06-04 18:39:26 [INFO] 准备保存检测结果到: C:\code\show\Scrap_Steel_In_Field\photos\dangerous_det\detection_20260604_183926.jpg
2026-06-04 18:39:26 [INFO] 图像形状: (2160, 3840, 3)
2026-06-04 18:39:26 [INFO] 图像数据类型: uint8
2026-06-04 18:39:26 [INFO] 图像最大值: 255
2026-06-04 18:39:26 [INFO] 图像最小值: 0
2026-06-04 18:39:26 [INFO] 开始保存检测结果图像: 图像尺寸=(2160, 3840, 3), 类型=uint8, 路径=C:\code\show\Scrap_Steel_In_Field\photos\dangerous_det\detection_20260604_183926.jpg
2026-06-04 18:39:26 [INFO] 成功保存检测结果到: C:\code\show\Scrap_Steel_In_Field\photos\dangerous_det\detection_20260604_183926.jpg
2026-06-04 18:39:26 [INFO] 保存的检测结果文件大小: 1866606 字节
2026-06-04 18:39:26 [INFO] 引擎上下文已释放
2026-06-04 18:39:26 [INFO] TensorRT 引擎已释放
2026-06-04 18:39:26 [INFO] 全局 CUDA 资源已释放
2026-06-04 18:39:26 [INFO] 检测系统资源已释放
2026-06-04 18:39:31 [INFO] CUDA 初始化成功
2026-06-04 18:39:31 [INFO] 引擎加载成功: dangerous.engine
2026-06-04 18:39:31 [INFO] 检测系统初始化成功
2026-06-04 18:39:31 [INFO] 图像预处理完成，原始尺寸: (2160, 3840)
2026-06-04 18:39:31 [INFO] 开始执行目标检测...
2026-06-04 18:39:31 [INFO] 检测完成，找到 3 个物体
2026-06-04 18:39:31 [INFO] 物体 1: GasCyl1 (置信度: 0.85)
2026-06-04 18:39:31 [INFO] 物体 2: GasCyl1 (置信度: 0.77)
2026-06-04 18:39:31 [INFO] 物体 3: GasCyl1 (置信度: 0.70)
2026-06-04 18:39:31 [INFO] 准备保存检测结果到: C:\code\show\Scrap_Steel_In_Field\photos\dangerous_det\detection_20260604_183931.jpg
2026-06-04 18:39:31 [INFO] 图像形状: (2160, 3840, 3)
2026-06-04 18:39:31 [INFO] 图像数据类型: uint8
2026-06-04 18:39:31 [INFO] 图像最大值: 255
2026-06-04 18:39:31 [INFO] 图像最小值: 0
2026-06-04 18:39:31 [INFO] 开始保存检测结果图像: 图像尺寸=(2160, 3840, 3), 类型=uint8, 路径=C:\code\show\Scrap_Steel_In_Field\photos\dangerous_det\detection_20260604_183931.jpg
2026-06-04 18:39:31 [INFO] 成功保存检测结果到: C:\code\show\Scrap_Steel_In_Field\photos\dangerous_det\detection_20260604_183931.jpg
2026-06-04 18:39:31 [INFO] 保存的检测结果文件大小: 1864456 字节
2026-06-04 18:39:31 [INFO] 引擎上下文已释放
2026-06-04 18:39:31 [INFO] TensorRT 引擎已释放
2026-06-04 18:39:31 [INFO] 全局 CUDA 资源已释放
2026-06-04 18:39:31 [INFO] 检测系统资源已释放
2026-06-04 18:39:36 [INFO] CUDA 初始化成功
2026-06-04 18:39:36 [INFO] 引擎加载成功: dangerous.engine
2026-06-04 18:39:36 [INFO] 检测系统初始化成功
2026-06-04 18:39:36 [INFO] 图像预处理完成，原始尺寸: (2160, 3840)
2026-06-04 18:39:36 [INFO] 开始执行目标检测...
2026-06-04 18:39:36 [INFO] 检测完成，找到 3 个物体
2026-06-04 18:39:36 [INFO] 物体 1: GasCyl1 (置信度: 0.83)
2026-06-04 18:39:36 [INFO] 物体 2: GasCyl1 (置信度: 0.79)
2026-06-04 18:39:36 [INFO] 物体 3: GasCyl1 (置信度: 0.69)
2026-06-04 18:39:36 [INFO] 准备保存检测结果到: C:\code\show\Scrap_Steel_In_Field\photos\dangerous_det\detection_20260604_183936.jpg
2026-06-04 18:39:36 [INFO] 图像形状: (2160, 3840, 3)
2026-06-04 18:39:36 [INFO] 图像数据类型: uint8
2026-06-04 18:39:36 [INFO] 图像最大值: 255
2026-06-04 18:39:36 [INFO] 图像最小值: 0
2026-06-04 18:39:36 [INFO] 开始保存检测结果图像: 图像尺寸=(2160, 3840, 3), 类型=uint8, 路径=C:\code\show\Scrap_Steel_In_Field\photos\dangerous_det\detection_20260604_183936.jpg
2026-06-04 18:39:36 [INFO] 成功保存检测结果到: C:\code\show\Scrap_Steel_In_Field\photos\dangerous_det\detection_20260604_183936.jpg
2026-06-04 18:39:36 [INFO] 保存的检测结果文件大小: 1861107 字节
2026-06-04 18:39:36 [INFO] 引擎上下文已释放
2026-06-04 18:39:36 [INFO] TensorRT 引擎已释放
2026-06-04 18:39:36 [INFO] 全局 CUDA 资源已释放
2026-06-04 18:39:36 [INFO] 检测系统资源已释放
2026-06-04 18:39:41 [INFO] CUDA 初始化成功
2026-06-04 18:39:41 [INFO] 引擎加载成功: dangerous.engine
2026-06-04 18:39:41 [INFO] 检测系统初始化成功
2026-06-04 18:39:41 [INFO] 图像预处理完成，原始尺寸: (2160, 3840)
2026-06-04 18:39:41 [INFO] 开始执行目标检测...
2026-06-04 18:39:42 [INFO] 检测完成，找到 3 个物体
2026-06-04 18:39:42 [INFO] 物体 1: GasCyl1 (置信度: 0.83)
2026-06-04 18:39:42 [INFO] 物体 2: GasCyl1 (置信度: 0.74)
2026-06-04 18:39:42 [INFO] 物体 3: GasCyl1 (置信度: 0.66)
2026-06-04 18:39:42 [INFO] 准备保存检测结果到: C:\code\show\Scrap_Steel_In_Field\photos\dangerous_det\detection_20260604_183942.jpg
2026-06-04 18:39:42 [INFO] 图像形状: (2160, 3840, 3)
2026-06-04 18:39:42 [INFO] 图像数据类型: uint8
2026-06-04 18:39:42 [INFO] 图像最大值: 255
2026-06-04 18:39:42 [INFO] 图像最小值: 0
2026-06-04 18:39:42 [INFO] 开始保存检测结果图像: 图像尺寸=(2160, 3840, 3), 类型=uint8, 路径=C:\code\show\Scrap_Steel_In_Field\photos\dangerous_det\detection_20260604_183942.jpg
2026-06-04 18:39:42 [INFO] 成功保存检测结果到: C:\code\show\Scrap_Steel_In_Field\photos\dangerous_det\detection_20260604_183942.jpg
2026-06-04 18:39:42 [INFO] 保存的检测结果文件大小: 1864030 字节
2026-06-04 18:39:42 [INFO] 引擎上下文已释放
2026-06-04 18:39:42 [INFO] TensorRT 引擎已释放
2026-06-04 18:39:42 [INFO] 全局 CUDA 资源已释放
2026-06-04 18:39:42 [INFO] 检测系统资源已释放
2026-06-04 18:39:47 [INFO] CUDA 初始化成功
2026-06-04 18:39:47 [INFO] 引擎加载成功: dangerous.engine
2026-06-04 18:39:47 [INFO] 检测系统初始化成功
2026-06-04 18:39:47 [INFO] 图像预处理完成，原始尺寸: (2160, 3840)
2026-06-04 18:39:47 [INFO] 开始执行目标检测...
2026-06-04 18:39:47 [INFO] 检测完成，找到 4 个物体
2026-06-04 18:39:47 [INFO] 物体 1: GasCyl1 (置信度: 0.80)
2026-06-04 18:39:47 [INFO] 物体 2: GasCyl1 (置信度: 0.72)
2026-06-04 18:39:47 [INFO] 物体 3: GasCyl1 (置信度: 0.68)
2026-06-04 18:39:47 [INFO] 物体 4: FireExt1 (置信度: 0.35)
2026-06-04 18:39:47 [INFO] 准备保存检测结果到: C:\code\show\Scrap_Steel_In_Field\photos\dangerous_det\detection_20260604_183947.jpg
2026-06-04 18:39:47 [INFO] 图像形状: (2160, 3840, 3)
2026-06-04 18:39:47 [INFO] 图像数据类型: uint8
2026-06-04 18:39:47 [INFO] 图像最大值: 255
2026-06-04 18:39:47 [INFO] 图像最小值: 0
2026-06-04 18:39:47 [INFO] 开始保存检测结果图像: 图像尺寸=(2160, 3840, 3), 类型=uint8, 路径=C:\code\show\Scrap_Steel_In_Field\photos\dangerous_det\detection_20260604_183947.jpg
2026-06-04 18:39:47 [INFO] 成功保存检测结果到: C:\code\show\Scrap_Steel_In_Field\photos\dangerous_det\detection_20260604_183947.jpg
2026-06-04 18:39:47 [INFO] 保存的检测结果文件大小: 1868217 字节
2026-06-04 18:39:47 [INFO] 引擎上下文已释放
2026-06-04 18:39:47 [INFO] TensorRT 引擎已释放
2026-06-04 18:39:47 [INFO] 全局 CUDA 资源已释放
2026-06-04 18:39:47 [INFO] 检测系统资源已释放
2026-06-04 18:39:52 [INFO] CUDA 初始化成功
2026-06-04 18:39:52 [INFO] 引擎加载成功: dangerous.engine
2026-06-04 18:39:52 [INFO] 检测系统初始化成功
2026-06-04 18:39:52 [INFO] 图像预处理完成，原始尺寸: (2160, 3840)
2026-06-04 18:39:52 [INFO] 开始执行目标检测...
2026-06-04 18:39:52 [INFO] 检测完成，找到 3 个物体
2026-06-04 18:39:52 [INFO] 物体 1: GasCyl1 (置信度: 0.84)
2026-06-04 18:39:52 [INFO] 物体 2: GasCyl1 (置信度: 0.72)
2026-06-04 18:39:52 [INFO] 物体 3: GasCyl1 (置信度: 0.68)
2026-06-04 18:39:52 [INFO] 准备保存检测结果到: C:\code\show\Scrap_Steel_In_Field\photos\dangerous_det\detection_20260604_183952.jpg
2026-06-04 18:39:52 [INFO] 图像形状: (2160, 3840, 3)
2026-06-04 18:39:52 [INFO] 图像数据类型: uint8
2026-06-04 18:39:52 [INFO] 图像最大值: 255
2026-06-04 18:39:52 [INFO] 图像最小值: 0
2026-06-04 18:39:52 [INFO] 开始保存检测结果图像: 图像尺寸=(2160, 3840, 3), 类型=uint8, 路径=C:\code\show\Scrap_Steel_In_Field\photos\dangerous_det\detection_20260604_183952.jpg
2026-06-04 18:39:52 [INFO] 成功保存检测结果到: C:\code\show\Scrap_Steel_In_Field\photos\dangerous_det\detection_20260604_183952.jpg
2026-06-04 18:39:52 [INFO] 保存的检测结果文件大小: 1862042 字节
2026-06-04 18:39:52 [INFO] 引擎上下文已释放
2026-06-04 18:39:52 [INFO] TensorRT 引擎已释放
2026-06-04 18:39:52 [INFO] 全局 CUDA 资源已释放
2026-06-04 18:39:52 [INFO] 检测系统资源已释放
2026-06-04 18:39:57 [INFO] CUDA 初始化成功
2026-06-04 18:39:57 [INFO] 引擎加载成功: dangerous.engine
2026-06-04 18:39:57 [INFO] 检测系统初始化成功
2026-06-04 18:39:57 [INFO] 图像预处理完成，原始尺寸: (2160, 3840)
2026-06-04 18:39:57 [INFO] 开始执行目标检测...
2026-06-04 18:39:57 [INFO] 检测完成，找到 3 个物体
2026-06-04 18:39:57 [INFO] 物体 1: GasCyl1 (置信度: 0.83)
2026-06-04 18:39:57 [INFO] 物体 2: GasCyl1 (置信度: 0.75)
2026-06-04 18:39:57 [INFO] 物体 3: GasCyl1 (置信度: 0.75)
2026-06-04 18:39:57 [INFO] 准备保存检测结果到: C:\code\show\Scrap_Steel_In_Field\photos\dangerous_det\detection_20260604_183957.jpg
2026-06-04 18:39:57 [INFO] 图像形状: (2160, 3840, 3)
2026-06-04 18:39:57 [INFO] 图像数据类型: uint8
2026-06-04 18:39:57 [INFO] 图像最大值: 255
2026-06-04 18:39:57 [INFO] 图像最小值: 0
2026-06-04 18:39:57 [INFO] 开始保存检测结果图像: 图像尺寸=(2160, 3840, 3), 类型=uint8, 路径=C:\code\show\Scrap_Steel_In_Field\photos\dangerous_det\detection_20260604_183957.jpg
2026-06-04 18:39:57 [INFO] 成功保存检测结果到: C:\code\show\Scrap_Steel_In_Field\photos\dangerous_det\detection_20260604_183957.jpg
2026-06-04 18:39:57 [INFO] 保存的检测结果文件大小: 1863479 字节
2026-06-04 18:39:57 [INFO] 引擎上下文已释放
2026-06-04 18:39:57 [INFO] TensorRT 引擎已释放
2026-06-04 18:39:57 [INFO] 全局 CUDA 资源已释放
2026-06-04 18:39:57 [INFO] 检测系统资源已释放
2026-06-04 18:40:02 [INFO] CUDA 初始化成功
2026-06-04 18:40:02 [INFO] 引擎加载成功: dangerous.engine
2026-06-04 18:40:02 [INFO] 检测系统初始化成功
2026-06-04 18:40:02 [INFO] 图像预处理完成，原始尺寸: (2160, 3840)
2026-06-04 18:40:02 [INFO] 开始执行目标检测...
2026-06-04 18:40:02 [INFO] 检测完成，找到 3 个物体
2026-06-04 18:40:02 [INFO] 物体 1: GasCyl1 (置信度: 0.86)
2026-06-04 18:40:02 [INFO] 物体 2: GasCyl1 (置信度: 0.78)
2026-06-04 18:40:02 [INFO] 物体 3: GasCyl1 (置信度: 0.74)
2026-06-04 18:40:02 [INFO] 准备保存检测结果到: C:\code\show\Scrap_Steel_In_Field\photos\dangerous_det\detection_20260604_184002.jpg
2026-06-04 18:40:02 [INFO] 图像形状: (2160, 3840, 3)
2026-06-04 18:40:02 [INFO] 图像数据类型: uint8
2026-06-04 18:40:02 [INFO] 图像最大值: 255
2026-06-04 18:40:02 [INFO] 图像最小值: 0
2026-06-04 18:40:02 [INFO] 开始保存检测结果图像: 图像尺寸=(2160, 3840, 3), 类型=uint8, 路径=C:\code\show\Scrap_Steel_In_Field\photos\dangerous_det\detection_20260604_184002.jpg
2026-06-04 18:40:02 [INFO] 成功保存检测结果到: C:\code\show\Scrap_Steel_In_Field\photos\dangerous_det\detection_20260604_184002.jpg
2026-06-04 18:40:02 [INFO] 保存的检测结果文件大小: 1865416 字节
2026-06-04 18:40:02 [INFO] 引擎上下文已释放
2026-06-04 18:40:02 [INFO] TensorRT 引擎已释放
2026-06-04 18:40:02 [INFO] 全局 CUDA 资源已释放
2026-06-04 18:40:02 [INFO] 检测系统资源已释放
2026-06-04 18:40:07 [INFO] CUDA 初始化成功
2026-06-04 18:40:07 [INFO] 引擎加载成功: dangerous.engine
2026-06-04 18:40:07 [INFO] 检测系统初始化成功
2026-06-04 18:40:08 [INFO] 图像预处理完成，原始尺寸: (2160, 3840)
2026-06-04 18:40:08 [INFO] 开始执行目标检测...
2026-06-04 18:40:08 [INFO] 检测完成，找到 3 个物体
2026-06-04 18:40:08 [INFO] 物体 1: GasCyl1 (置信度: 0.88)
2026-06-04 18:40:08 [INFO] 物体 2: GasCyl1 (置信度: 0.61)
2026-06-04 18:40:08 [INFO] 物体 3: FireExt1 (置信度: 0.54)
2026-06-04 18:40:08 [INFO] 准备保存检测结果到: C:\code\show\Scrap_Steel_In_Field\photos\dangerous_det\detection_20260604_184008.jpg
2026-06-04 18:40:08 [INFO] 图像形状: (2160, 3840, 3)
2026-06-04 18:40:08 [INFO] 图像数据类型: uint8
2026-06-04 18:40:08 [INFO] 图像最大值: 255
2026-06-04 18:40:08 [INFO] 图像最小值: 0
2026-06-04 18:40:08 [INFO] 开始保存检测结果图像: 图像尺寸=(2160, 3840, 3), 类型=uint8, 路径=C:\code\show\Scrap_Steel_In_Field\photos\dangerous_det\detection_20260604_184008.jpg
2026-06-04 18:40:08 [INFO] 成功保存检测结果到: C:\code\show\Scrap_Steel_In_Field\photos\dangerous_det\detection_20260604_184008.jpg
2026-06-04 18:40:08 [INFO] 保存的检测结果文件大小: 1750431 字节
2026-06-04 18:40:08 [INFO] 引擎上下文已释放
2026-06-04 18:40:08 [INFO] TensorRT 引擎已释放
2026-06-04 18:40:08 [INFO] 全局 CUDA 资源已释放
2026-06-04 18:40:08 [INFO] 检测系统资源已释放
2026-06-04 18:40:13 [INFO] CUDA 初始化成功
2026-06-04 18:40:13 [INFO] 引擎加载成功: dangerous.engine
2026-06-04 18:40:13 [INFO] 检测系统初始化成功
2026-06-04 18:40:13 [INFO] 图像预处理完成，原始尺寸: (2160, 3840)
2026-06-04 18:40:13 [INFO] 开始执行目标检测...
2026-06-04 18:40:13 [INFO] 检测完成，找到 5 个物体
2026-06-04 18:40:13 [INFO] 物体 1: GasCyl1 (置信度: 0.89)
2026-06-04 18:40:13 [INFO] 物体 2: FireExt1 (置信度: 0.53)
2026-06-04 18:40:13 [INFO] 物体 3: GasCyl1 (置信度: 0.52)
2026-06-04 18:40:13 [INFO] 物体 4: FireExt1 (置信度: 0.41)
2026-06-04 18:40:13 [INFO] 物体 5: GasCyl1 (置信度: 0.40)
2026-06-04 18:40:13 [INFO] 准备保存检测结果到: C:\code\show\Scrap_Steel_In_Field\photos\dangerous_det\detection_20260604_184013.jpg
2026-06-04 18:40:13 [INFO] 图像形状: (2160, 3840, 3)
2026-06-04 18:40:13 [INFO] 图像数据类型: uint8
2026-06-04 18:40:13 [INFO] 图像最大值: 255
2026-06-04 18:40:13 [INFO] 图像最小值: 0
2026-06-04 18:40:13 [INFO] 开始保存检测结果图像: 图像尺寸=(2160, 3840, 3), 类型=uint8, 路径=C:\code\show\Scrap_Steel_In_Field\photos\dangerous_det\detection_20260604_184013.jpg
2026-06-04 18:40:13 [INFO] 成功保存检测结果到: C:\code\show\Scrap_Steel_In_Field\photos\dangerous_det\detection_20260604_184013.jpg
2026-06-04 18:40:13 [INFO] 保存的检测结果文件大小: 1850801 字节
2026-06-04 18:40:13 [INFO] 引擎上下文已释放
2026-06-04 18:40:13 [INFO] TensorRT 引擎已释放
2026-06-04 18:40:13 [INFO] 全局 CUDA 资源已释放
2026-06-04 18:40:13 [INFO] 检测系统资源已释放
2026-06-04 18:40:18 [INFO] CUDA 初始化成功
2026-06-04 18:40:18 [INFO] 引擎加载成功: dangerous.engine
2026-06-04 18:40:18 [INFO] 检测系统初始化成功
2026-06-04 18:40:18 [INFO] 图像预处理完成，原始尺寸: (2160, 3840)
2026-06-04 18:40:18 [INFO] 开始执行目标检测...
2026-06-04 18:40:18 [INFO] 检测完成，找到 4 个物体
2026-06-04 18:40:18 [INFO] 物体 1: GasCyl1 (置信度: 0.89)
2026-06-04 18:40:18 [INFO] 物体 2: GasCyl1 (置信度: 0.62)
2026-06-04 18:40:18 [INFO] 物体 3: GasCyl1 (置信度: 0.58)
2026-06-04 18:40:18 [INFO] 物体 4: FireExt1 (置信度: 0.47)
2026-06-04 18:40:18 [INFO] 准备保存检测结果到: C:\code\show\Scrap_Steel_In_Field\photos\dangerous_det\detection_20260604_184018.jpg
2026-06-04 18:40:18 [INFO] 图像形状: (2160, 3840, 3)
2026-06-04 18:40:18 [INFO] 图像数据类型: uint8
2026-06-04 18:40:18 [INFO] 图像最大值: 255
2026-06-04 18:40:18 [INFO] 图像最小值: 0
2026-06-04 18:40:18 [INFO] 开始保存检测结果图像: 图像尺寸=(2160, 3840, 3), 类型=uint8, 路径=C:\code\show\Scrap_Steel_In_Field\photos\dangerous_det\detection_20260604_184018.jpg
2026-06-04 18:40:18 [INFO] 成功保存检测结果到: C:\code\show\Scrap_Steel_In_Field\photos\dangerous_det\detection_20260604_184018.jpg
2026-06-04 18:40:18 [INFO] 保存的检测结果文件大小: 1843487 字节
2026-06-04 18:40:18 [INFO] 引擎上下文已释放
2026-06-04 18:40:18 [INFO] TensorRT 引擎已释放
2026-06-04 18:40:18 [INFO] 全局 CUDA 资源已释放
2026-06-04 18:40:18 [INFO] 检测系统资源已释放
2026-06-04 18:40:23 [INFO] CUDA 初始化成功
2026-06-04 18:40:23 [INFO] 引擎加载成功: dangerous.engine
2026-06-04 18:40:23 [INFO] 检测系统初始化成功
2026-06-04 18:40:23 [INFO] 图像预处理完成，原始尺寸: (2160, 3840)
2026-06-04 18:40:23 [INFO] 开始执行目标检测...
2026-06-04 18:40:23 [INFO] 检测完成，找到 4 个物体
2026-06-04 18:40:23 [INFO] 物体 1: GasCyl1 (置信度: 0.89)
2026-06-04 18:40:23 [INFO] 物体 2: GasCyl1 (置信度: 0.57)
2026-06-04 18:40:23 [INFO] 物体 3: GasCyl1 (置信度: 0.53)
2026-06-04 18:40:23 [INFO] 物体 4: GasCyl1 (置信度: 0.38)
2026-06-04 18:40:23 [INFO] 准备保存检测结果到: C:\code\show\Scrap_Steel_In_Field\photos\dangerous_det\detection_20260604_184023.jpg
2026-06-04 18:40:23 [INFO] 图像形状: (2160, 3840, 3)
2026-06-04 18:40:23 [INFO] 图像数据类型: uint8
2026-06-04 18:40:23 [INFO] 图像最大值: 255
2026-06-04 18:40:23 [INFO] 图像最小值: 0
2026-06-04 18:40:23 [INFO] 开始保存检测结果图像: 图像尺寸=(2160, 3840, 3), 类型=uint8, 路径=C:\code\show\Scrap_Steel_In_Field\photos\dangerous_det\detection_20260604_184023.jpg
2026-06-04 18:40:23 [INFO] 成功保存检测结果到: C:\code\show\Scrap_Steel_In_Field\photos\dangerous_det\detection_20260604_184023.jpg
2026-06-04 18:40:23 [INFO] 保存的检测结果文件大小: 1929931 字节
2026-06-04 18:40:23 [INFO] 引擎上下文已释放
2026-06-04 18:40:23 [INFO] TensorRT 引擎已释放
2026-06-04 18:40:23 [INFO] 全局 CUDA 资源已释放
2026-06-04 18:40:23 [INFO] 检测系统资源已释放
2026-06-04 18:40:28 [INFO] CUDA 初始化成功
2026-06-04 18:40:28 [INFO] 引擎加载成功: dangerous.engine
2026-06-04 18:40:28 [INFO] 检测系统初始化成功
2026-06-04 18:40:28 [INFO] 图像预处理完成，原始尺寸: (2160, 3840)
2026-06-04 18:40:28 [INFO] 开始执行目标检测...
2026-06-04 18:40:28 [INFO] 检测完成，找到 4 个物体
2026-06-04 18:40:28 [INFO] 物体 1: GasCyl1 (置信度: 0.89)
2026-06-04 18:40:28 [INFO] 物体 2: GasCyl1 (置信度: 0.76)
2026-06-04 18:40:28 [INFO] 物体 3: GasCyl1 (置信度: 0.65)
2026-06-04 18:40:28 [INFO] 物体 4: FireExt1 (置信度: 0.36)
2026-06-04 18:40:28 [INFO] 准备保存检测结果到: C:\code\show\Scrap_Steel_In_Field\photos\dangerous_det\detection_20260604_184028.jpg
2026-06-04 18:40:28 [INFO] 图像形状: (2160, 3840, 3)
2026-06-04 18:40:28 [INFO] 图像数据类型: uint8
2026-06-04 18:40:28 [INFO] 图像最大值: 255
2026-06-04 18:40:28 [INFO] 图像最小值: 0
2026-06-04 18:40:28 [INFO] 开始保存检测结果图像: 图像尺寸=(2160, 3840, 3), 类型=uint8, 路径=C:\code\show\Scrap_Steel_In_Field\photos\dangerous_det\detection_20260604_184028.jpg
2026-06-04 18:40:28 [INFO] 成功保存检测结果到: C:\code\show\Scrap_Steel_In_Field\photos\dangerous_det\detection_20260604_184028.jpg
2026-06-04 18:40:28 [INFO] 保存的检测结果文件大小: 1932330 字节
2026-06-04 18:40:28 [INFO] 引擎上下文已释放
2026-06-04 18:40:28 [INFO] TensorRT 引擎已释放
2026-06-04 18:40:28 [INFO] 全局 CUDA 资源已释放
2026-06-04 18:40:28 [INFO] 检测系统资源已释放
2026-06-04 18:40:33 [INFO] CUDA 初始化成功
2026-06-04 18:40:33 [INFO] 引擎加载成功: dangerous.engine
2026-06-04 18:40:33 [INFO] 检测系统初始化成功
2026-06-04 18:40:34 [INFO] 图像预处理完成，原始尺寸: (2160, 3840)
2026-06-04 18:40:34 [INFO] 开始执行目标检测...
2026-06-04 18:40:34 [INFO] 检测完成，找到 4 个物体
2026-06-04 18:40:34 [INFO] 物体 1: GasCyl1 (置信度: 0.87)
2026-06-04 18:40:34 [INFO] 物体 2: GasCyl1 (置信度: 0.78)
2026-06-04 18:40:34 [INFO] 物体 3: GasCyl1 (置信度: 0.76)
2026-06-04 18:40:34 [INFO] 物体 4: GasCyl1 (置信度: 0.50)
2026-06-04 18:40:34 [INFO] 准备保存检测结果到: C:\code\show\Scrap_Steel_In_Field\photos\dangerous_det\detection_20260604_184034.jpg
2026-06-04 18:40:34 [INFO] 图像形状: (2160, 3840, 3)
2026-06-04 18:40:34 [INFO] 图像数据类型: uint8
2026-06-04 18:40:34 [INFO] 图像最大值: 255
2026-06-04 18:40:34 [INFO] 图像最小值: 0
2026-06-04 18:40:34 [INFO] 开始保存检测结果图像: 图像尺寸=(2160, 3840, 3), 类型=uint8, 路径=C:\code\show\Scrap_Steel_In_Field\photos\dangerous_det\detection_20260604_184034.jpg
2026-06-04 18:40:34 [INFO] 成功保存检测结果到: C:\code\show\Scrap_Steel_In_Field\photos\dangerous_det\detection_20260604_184034.jpg
2026-06-04 18:40:34 [INFO] 保存的检测结果文件大小: 1947949 字节
2026-06-04 18:40:34 [INFO] 引擎上下文已释放
2026-06-04 18:40:34 [INFO] TensorRT 引擎已释放
2026-06-04 18:40:34 [INFO] 全局 CUDA 资源已释放
2026-06-04 18:40:34 [INFO] 检测系统资源已释放
2026-06-04 18:40:39 [INFO] CUDA 初始化成功
2026-06-04 18:40:39 [INFO] 引擎加载成功: dangerous.engine
2026-06-04 18:40:39 [INFO] 检测系统初始化成功
2026-06-04 18:40:39 [INFO] 图像预处理完成，原始尺寸: (2160, 3840)
2026-06-04 18:40:39 [INFO] 开始执行目标检测...
2026-06-04 18:40:39 [INFO] 检测完成，找到 4 个物体
2026-06-04 18:40:39 [INFO] 物体 1: GasCyl1 (置信度: 0.87)
2026-06-04 18:40:39 [INFO] 物体 2: GasCyl1 (置信度: 0.81)
2026-06-04 18:40:39 [INFO] 物体 3: GasCyl1 (置信度: 0.80)
2026-06-04 18:40:39 [INFO] 物体 4: FireExt1 (置信度: 0.47)
2026-06-04 18:40:39 [INFO] 准备保存检测结果到: C:\code\show\Scrap_Steel_In_Field\photos\dangerous_det\detection_20260604_184039.jpg
2026-06-04 18:40:39 [INFO] 图像形状: (2160, 3840, 3)
2026-06-04 18:40:39 [INFO] 图像数据类型: uint8
2026-06-04 18:40:39 [INFO] 图像最大值: 255
2026-06-04 18:40:39 [INFO] 图像最小值: 0
2026-06-04 18:40:39 [INFO] 开始保存检测结果图像: 图像尺寸=(2160, 3840, 3), 类型=uint8, 路径=C:\code\show\Scrap_Steel_In_Field\photos\dangerous_det\detection_20260604_184039.jpg
2026-06-04 18:40:39 [INFO] 成功保存检测结果到: C:\code\show\Scrap_Steel_In_Field\photos\dangerous_det\detection_20260604_184039.jpg
2026-06-04 18:40:39 [INFO] 保存的检测结果文件大小: 1992658 字节
2026-06-04 18:40:39 [INFO] 引擎上下文已释放
2026-06-04 18:40:39 [INFO] TensorRT 引擎已释放
2026-06-04 18:40:39 [INFO] 全局 CUDA 资源已释放
2026-06-04 18:40:39 [INFO] 检测系统资源已释放
