2026-07-25 16:13:17 [INFO] CUDA 初始化成功
2026-07-25 16:13:17 [INFO] 引擎加载成功: dangerous.engine
2026-07-25 16:13:17 [INFO] 检测系统初始化成功
2026-07-25 16:13:20 [INFO] 引擎加载成功: dangerous.engine
2026-07-25 16:13:20 [INFO] 检测系统初始化成功
2026-07-25 16:13:20 [INFO] 图像预处理完成，原始尺寸: (2160, 3840)
2026-07-25 16:13:20 [INFO] 开始执行目标检测...
2026-07-25 16:13:20 [INFO] 检测完成，找到 0 个物体
2026-07-25 16:13:20 [INFO] 检测到车兜区域，将过滤区域外的目标
2026-07-25 16:13:20 [INFO] 引擎上下文已释放
2026-07-25 16:13:20 [INFO] TensorRT 引擎已释放
2026-07-25 16:13:20 [INFO] 全局 CUDA 资源已释放
2026-07-25 16:13:20 [INFO] 检测系统资源已释放
2026-07-25 16:13:27 [INFO] CUDA 初始化成功
2026-07-25 16:13:27 [INFO] 引擎加载成功: dangerous.engine
2026-07-25 16:13:27 [INFO] 检测系统初始化成功
2026-07-25 16:13:27 [INFO] 图像预处理完成，原始尺寸: (2160, 3840)
2026-07-25 16:13:27 [INFO] 开始执行目标检测...
2026-07-25 16:13:27 [INFO] 检测完成，找到 4 个物体
2026-07-25 16:13:27 [INFO] 物体 1: GasCyl1 (置信度: 0.90)
2026-07-25 16:13:27 [INFO] 物体 2: GasCyl1 (置信度: 0.86)
2026-07-25 16:13:27 [INFO] 物体 3: GasCyl1 (置信度: 0.80)
2026-07-25 16:13:27 [INFO] 物体 4: FireExt1 (置信度: 0.39)
2026-07-25 16:13:27 [INFO] 检测到车兜区域，将过滤区域外的目标
2026-07-25 16:13:27 [INFO] 准备保存检测结果到: C:\code\show\Scrap_Steel_In_Field\photos\dangerous_det\detection_20260725_161327.jpg
2026-07-25 16:13:27 [INFO] 图像形状: (2160, 3840, 3)
2026-07-25 16:13:27 [INFO] 图像数据类型: uint8
2026-07-25 16:13:27 [INFO] 图像最大值: 255
2026-07-25 16:13:27 [INFO] 图像最小值: 0
2026-07-25 16:13:27 [INFO] 开始保存检测结果图像: 图像尺寸=(2160, 3840, 3), 类型=uint8, 路径=C:\code\show\Scrap_Steel_In_Field\photos\dangerous_det\detection_20260725_161327.jpg
2026-07-25 16:13:27 [INFO] 成功保存检测结果到: C:\code\show\Scrap_Steel_In_Field\photos\dangerous_det\detection_20260725_161327.jpg
2026-07-25 16:13:27 [INFO] 保存的检测结果文件大小: 2118694 字节
2026-07-25 16:13:27 [INFO] 引擎上下文已释放
2026-07-25 16:13:27 [INFO] TensorRT 引擎已释放
2026-07-25 16:13:27 [INFO] 全局 CUDA 资源已释放
2026-07-25 16:13:27 [INFO] 检测系统资源已释放
2026-07-25 16:13:32 [INFO] CUDA 初始化成功
2026-07-25 16:13:32 [INFO] 引擎加载成功: dangerous.engine
2026-07-25 16:13:32 [INFO] 检测系统初始化成功
2026-07-25 16:13:32 [INFO] 图像预处理完成，原始尺寸: (2160, 3840)
2026-07-25 16:13:32 [INFO] 开始执行目标检测...
2026-07-25 16:13:32 [INFO] 检测完成，找到 4 个物体
2026-07-25 16:13:32 [INFO] 物体 1: GasCyl1 (置信度: 0.89)
2026-07-25 16:13:32 [INFO] 物体 2: GasCyl1 (置信度: 0.85)
2026-07-25 16:13:32 [INFO] 物体 3: GasCyl1 (置信度: 0.71)
2026-07-25 16:13:32 [INFO] 物体 4: FireExt1 (置信度: 0.36)
2026-07-25 16:13:32 [INFO] 检测到车兜区域，将过滤区域外的目标
2026-07-25 16:13:32 [INFO] 准备保存检测结果到: C:\code\show\Scrap_Steel_In_Field\photos\dangerous_det\detection_20260725_161332.jpg
2026-07-25 16:13:32 [INFO] 图像形状: (2160, 3840, 3)
2026-07-25 16:13:32 [INFO] 图像数据类型: uint8
2026-07-25 16:13:32 [INFO] 图像最大值: 255
2026-07-25 16:13:32 [INFO] 图像最小值: 0
2026-07-25 16:13:32 [INFO] 开始保存检测结果图像: 图像尺寸=(2160, 3840, 3), 类型=uint8, 路径=C:\code\show\Scrap_Steel_In_Field\photos\dangerous_det\detection_20260725_161332.jpg
2026-07-25 16:13:32 [INFO] 成功保存检测结果到: C:\code\show\Scrap_Steel_In_Field\photos\dangerous_det\detection_20260725_161332.jpg
2026-07-25 16:13:32 [INFO] 保存的检测结果文件大小: 2117587 字节
2026-07-25 16:13:32 [INFO] 引擎上下文已释放
2026-07-25 16:13:32 [INFO] TensorRT 引擎已释放
2026-07-25 16:13:32 [INFO] 全局 CUDA 资源已释放
2026-07-25 16:13:32 [INFO] 检测系统资源已释放
2026-07-25 16:13:37 [INFO] CUDA 初始化成功
2026-07-25 16:13:37 [INFO] 引擎加载成功: dangerous.engine
2026-07-25 16:13:37 [INFO] 检测系统初始化成功
2026-07-25 16:13:37 [INFO] 图像预处理完成，原始尺寸: (2160, 3840)
2026-07-25 16:13:37 [INFO] 开始执行目标检测...
2026-07-25 16:13:37 [INFO] 检测完成，找到 4 个物体
2026-07-25 16:13:37 [INFO] 物体 1: GasCyl1 (置信度: 0.90)
2026-07-25 16:13:37 [INFO] 物体 2: GasCyl1 (置信度: 0.88)
2026-07-25 16:13:37 [INFO] 物体 3: GasCyl1 (置信度: 0.72)
2026-07-25 16:13:37 [INFO] 物体 4: FireExt1 (置信度: 0.37)
2026-07-25 16:13:37 [INFO] 检测到车兜区域，将过滤区域外的目标
2026-07-25 16:13:37 [INFO] 准备保存检测结果到: C:\code\show\Scrap_Steel_In_Field\photos\dangerous_det\detection_20260725_161337.jpg
2026-07-25 16:13:37 [INFO] 图像形状: (2160, 3840, 3)
2026-07-25 16:13:37 [INFO] 图像数据类型: uint8
2026-07-25 16:13:37 [INFO] 图像最大值: 255
2026-07-25 16:13:37 [INFO] 图像最小值: 0
2026-07-25 16:13:37 [INFO] 开始保存检测结果图像: 图像尺寸=(2160, 3840, 3), 类型=uint8, 路径=C:\code\show\Scrap_Steel_In_Field\photos\dangerous_det\detection_20260725_161337.jpg
2026-07-25 16:13:38 [INFO] 成功保存检测结果到: C:\code\show\Scrap_Steel_In_Field\photos\dangerous_det\detection_20260725_161337.jpg
2026-07-25 16:13:38 [INFO] 保存的检测结果文件大小: 2120749 字节
2026-07-25 16:13:38 [INFO] 引擎上下文已释放
2026-07-25 16:13:38 [INFO] TensorRT 引擎已释放
2026-07-25 16:13:38 [INFO] 全局 CUDA 资源已释放
2026-07-25 16:13:38 [INFO] 检测系统资源已释放
2026-07-25 16:13:43 [INFO] CUDA 初始化成功
2026-07-25 16:13:43 [INFO] 引擎加载成功: dangerous.engine
2026-07-25 16:13:43 [INFO] 检测系统初始化成功
2026-07-25 16:13:43 [INFO] 图像预处理完成，原始尺寸: (2160, 3840)
2026-07-25 16:13:43 [INFO] 开始执行目标检测...
2026-07-25 16:13:43 [INFO] 检测完成，找到 3 个物体
2026-07-25 16:13:43 [INFO] 物体 1: GasCyl1 (置信度: 0.89)
2026-07-25 16:13:43 [INFO] 物体 2: GasCyl1 (置信度: 0.82)
2026-07-25 16:13:43 [INFO] 物体 3: GasCyl1 (置信度: 0.65)
2026-07-25 16:13:43 [INFO] 检测到车兜区域，将过滤区域外的目标
2026-07-25 16:13:43 [INFO] 准备保存检测结果到: C:\code\show\Scrap_Steel_In_Field\photos\dangerous_det\detection_20260725_161343.jpg
2026-07-25 16:13:43 [INFO] 图像形状: (2160, 3840, 3)
2026-07-25 16:13:43 [INFO] 图像数据类型: uint8
2026-07-25 16:13:43 [INFO] 图像最大值: 255
2026-07-25 16:13:43 [INFO] 图像最小值: 0
2026-07-25 16:13:43 [INFO] 开始保存检测结果图像: 图像尺寸=(2160, 3840, 3), 类型=uint8, 路径=C:\code\show\Scrap_Steel_In_Field\photos\dangerous_det\detection_20260725_161343.jpg
2026-07-25 16:13:43 [INFO] 成功保存检测结果到: C:\code\show\Scrap_Steel_In_Field\photos\dangerous_det\detection_20260725_161343.jpg
2026-07-25 16:13:43 [INFO] 保存的检测结果文件大小: 2116578 字节
2026-07-25 16:13:43 [INFO] 引擎上下文已释放
2026-07-25 16:13:43 [INFO] TensorRT 引擎已释放
2026-07-25 16:13:43 [INFO] 全局 CUDA 资源已释放
2026-07-25 16:13:43 [INFO] 检测系统资源已释放
2026-07-25 16:13:48 [INFO] CUDA 初始化成功
2026-07-25 16:13:48 [INFO] 引擎加载成功: dangerous.engine
2026-07-25 16:13:48 [INFO] 检测系统初始化成功
2026-07-25 16:13:48 [INFO] 图像预处理完成，原始尺寸: (2160, 3840)
2026-07-25 16:13:48 [INFO] 开始执行目标检测...
2026-07-25 16:13:48 [INFO] 检测完成，找到 4 个物体
2026-07-25 16:13:48 [INFO] 物体 1: GasCyl1 (置信度: 0.90)
2026-07-25 16:13:48 [INFO] 物体 2: GasCyl1 (置信度: 0.78)
2026-07-25 16:13:48 [INFO] 物体 3: GasCyl1 (置信度: 0.74)
2026-07-25 16:13:48 [INFO] 物体 4: FireExt1 (置信度: 0.38)
2026-07-25 16:13:48 [INFO] 检测到车兜区域，将过滤区域外的目标
2026-07-25 16:13:48 [INFO] 准备保存检测结果到: C:\code\show\Scrap_Steel_In_Field\photos\dangerous_det\detection_20260725_161348.jpg
2026-07-25 16:13:48 [INFO] 图像形状: (2160, 3840, 3)
2026-07-25 16:13:48 [INFO] 图像数据类型: uint8
2026-07-25 16:13:48 [INFO] 图像最大值: 255
2026-07-25 16:13:48 [INFO] 图像最小值: 0
2026-07-25 16:13:48 [INFO] 开始保存检测结果图像: 图像尺寸=(2160, 3840, 3), 类型=uint8, 路径=C:\code\show\Scrap_Steel_In_Field\photos\dangerous_det\detection_20260725_161348.jpg
2026-07-25 16:13:48 [INFO] 成功保存检测结果到: C:\code\show\Scrap_Steel_In_Field\photos\dangerous_det\detection_20260725_161348.jpg
2026-07-25 16:13:48 [INFO] 保存的检测结果文件大小: 2124035 字节
2026-07-25 16:13:48 [INFO] 引擎上下文已释放
2026-07-25 16:13:48 [INFO] TensorRT 引擎已释放
2026-07-25 16:13:48 [INFO] 全局 CUDA 资源已释放
2026-07-25 16:13:48 [INFO] 检测系统资源已释放
2026-07-25 16:13:54 [INFO] CUDA 初始化成功
2026-07-25 16:13:54 [INFO] 引擎加载成功: dangerous.engine
2026-07-25 16:13:54 [INFO] 检测系统初始化成功
2026-07-25 16:13:54 [INFO] 图像预处理完成，原始尺寸: (2160, 3840)
2026-07-25 16:13:54 [INFO] 开始执行目标检测...
2026-07-25 16:13:54 [INFO] 检测完成，找到 3 个物体
2026-07-25 16:13:54 [INFO] 物体 1: GasCyl1 (置信度: 0.89)
2026-07-25 16:13:54 [INFO] 物体 2: GasCyl1 (置信度: 0.87)
2026-07-25 16:13:54 [INFO] 物体 3: GasCyl1 (置信度: 0.75)
2026-07-25 16:13:54 [INFO] 检测到车兜区域，将过滤区域外的目标
2026-07-25 16:13:54 [INFO] 准备保存检测结果到: C:\code\show\Scrap_Steel_In_Field\photos\dangerous_det\detection_20260725_161354.jpg
2026-07-25 16:13:54 [INFO] 图像形状: (2160, 3840, 3)
2026-07-25 16:13:54 [INFO] 图像数据类型: uint8
2026-07-25 16:13:54 [INFO] 图像最大值: 255
2026-07-25 16:13:54 [INFO] 图像最小值: 0
2026-07-25 16:13:54 [INFO] 开始保存检测结果图像: 图像尺寸=(2160, 3840, 3), 类型=uint8, 路径=C:\code\show\Scrap_Steel_In_Field\photos\dangerous_det\detection_20260725_161354.jpg
2026-07-25 16:13:54 [INFO] 成功保存检测结果到: C:\code\show\Scrap_Steel_In_Field\photos\dangerous_det\detection_20260725_161354.jpg
2026-07-25 16:13:54 [INFO] 保存的检测结果文件大小: 2113839 字节
2026-07-25 16:13:54 [INFO] 引擎上下文已释放
2026-07-25 16:13:54 [INFO] TensorRT 引擎已释放
2026-07-25 16:13:54 [INFO] 全局 CUDA 资源已释放
2026-07-25 16:13:54 [INFO] 检测系统资源已释放
2026-07-25 16:13:58 [INFO] CUDA 初始化成功
2026-07-25 16:13:58 [INFO] 引擎加载成功: dangerous.engine
2026-07-25 16:13:58 [INFO] 检测系统初始化成功
2026-07-25 16:13:58 [INFO] 图像预处理完成，原始尺寸: (2160, 3840)
2026-07-25 16:13:58 [INFO] 开始执行目标检测...
2026-07-25 16:13:58 [INFO] 检测完成，找到 3 个物体
2026-07-25 16:13:58 [INFO] 物体 1: GasCyl1 (置信度: 0.90)
2026-07-25 16:13:58 [INFO] 物体 2: GasCyl1 (置信度: 0.84)
2026-07-25 16:13:58 [INFO] 物体 3: GasCyl1 (置信度: 0.71)
2026-07-25 16:13:59 [INFO] 检测到车兜区域，将过滤区域外的目标
2026-07-25 16:13:59 [INFO] 准备保存检测结果到: C:\code\show\Scrap_Steel_In_Field\photos\dangerous_det\detection_20260725_161359.jpg
2026-07-25 16:13:59 [INFO] 图像形状: (2160, 3840, 3)
2026-07-25 16:13:59 [INFO] 图像数据类型: uint8
2026-07-25 16:13:59 [INFO] 图像最大值: 255
2026-07-25 16:13:59 [INFO] 图像最小值: 0
2026-07-25 16:13:59 [INFO] 开始保存检测结果图像: 图像尺寸=(2160, 3840, 3), 类型=uint8, 路径=C:\code\show\Scrap_Steel_In_Field\photos\dangerous_det\detection_20260725_161359.jpg
2026-07-25 16:13:59 [INFO] 成功保存检测结果到: C:\code\show\Scrap_Steel_In_Field\photos\dangerous_det\detection_20260725_161359.jpg
2026-07-25 16:13:59 [INFO] 保存的检测结果文件大小: 2106203 字节
2026-07-25 16:13:59 [INFO] 引擎上下文已释放
2026-07-25 16:13:59 [INFO] TensorRT 引擎已释放
2026-07-25 16:13:59 [INFO] 全局 CUDA 资源已释放
2026-07-25 16:13:59 [INFO] 检测系统资源已释放
2026-07-25 16:14:04 [INFO] CUDA 初始化成功
2026-07-25 16:14:04 [INFO] 引擎加载成功: dangerous.engine
2026-07-25 16:14:04 [INFO] 检测系统初始化成功
2026-07-25 16:14:04 [INFO] 图像预处理完成，原始尺寸: (2160, 3840)
2026-07-25 16:14:04 [INFO] 开始执行目标检测...
2026-07-25 16:14:04 [INFO] 检测完成，找到 3 个物体
2026-07-25 16:14:04 [INFO] 物体 1: GasCyl1 (置信度: 0.91)
2026-07-25 16:14:04 [INFO] 物体 2: GasCyl1 (置信度: 0.72)
2026-07-25 16:14:04 [INFO] 物体 3: FireExt1 (置信度: 0.37)
2026-07-25 16:14:04 [INFO] 准备保存检测结果到: C:\code\show\Scrap_Steel_In_Field\photos\dangerous_det\detection_20260725_161404.jpg
2026-07-25 16:14:04 [INFO] 图像形状: (2160, 3840, 3)
2026-07-25 16:14:04 [INFO] 图像数据类型: uint8
2026-07-25 16:14:04 [INFO] 图像最大值: 255
2026-07-25 16:14:04 [INFO] 图像最小值: 0
2026-07-25 16:14:04 [INFO] 开始保存检测结果图像: 图像尺寸=(2160, 3840, 3), 类型=uint8, 路径=C:\code\show\Scrap_Steel_In_Field\photos\dangerous_det\detection_20260725_161404.jpg
2026-07-25 16:14:04 [INFO] 成功保存检测结果到: C:\code\show\Scrap_Steel_In_Field\photos\dangerous_det\detection_20260725_161404.jpg
2026-07-25 16:14:04 [INFO] 保存的检测结果文件大小: 1752272 字节
2026-07-25 16:14:04 [INFO] 引擎上下文已释放
2026-07-25 16:14:04 [INFO] TensorRT 引擎已释放
2026-07-25 16:14:04 [INFO] 全局 CUDA 资源已释放
2026-07-25 16:14:04 [INFO] 检测系统资源已释放
2026-07-25 16:14:09 [INFO] CUDA 初始化成功
2026-07-25 16:14:09 [INFO] 引擎加载成功: dangerous.engine
2026-07-25 16:14:09 [INFO] 检测系统初始化成功
2026-07-25 16:14:09 [INFO] 图像预处理完成，原始尺寸: (2160, 3840)
2026-07-25 16:14:09 [INFO] 开始执行目标检测...
2026-07-25 16:14:09 [INFO] 检测完成，找到 2 个物体
2026-07-25 16:14:09 [INFO] 物体 1: GasCyl1 (置信度: 0.60)
2026-07-25 16:14:09 [INFO] 物体 2: GasCyl1 (置信度: 0.37)
2026-07-25 16:14:09 [INFO] 准备保存检测结果到: C:\code\show\Scrap_Steel_In_Field\photos\dangerous_det\detection_20260725_161409.jpg
2026-07-25 16:14:09 [INFO] 图像形状: (2160, 3840, 3)
2026-07-25 16:14:09 [INFO] 图像数据类型: uint8
2026-07-25 16:14:09 [INFO] 图像最大值: 255
2026-07-25 16:14:09 [INFO] 图像最小值: 0
2026-07-25 16:14:09 [INFO] 开始保存检测结果图像: 图像尺寸=(2160, 3840, 3), 类型=uint8, 路径=C:\code\show\Scrap_Steel_In_Field\photos\dangerous_det\detection_20260725_161409.jpg
2026-07-25 16:14:09 [INFO] 成功保存检测结果到: C:\code\show\Scrap_Steel_In_Field\photos\dangerous_det\detection_20260725_161409.jpg
2026-07-25 16:14:09 [INFO] 保存的检测结果文件大小: 1391193 字节
2026-07-25 16:14:09 [INFO] 引擎上下文已释放
2026-07-25 16:14:09 [INFO] TensorRT 引擎已释放
2026-07-25 16:14:09 [INFO] 全局 CUDA 资源已释放
2026-07-25 16:14:09 [INFO] 检测系统资源已释放
2026-07-25 16:14:14 [INFO] CUDA 初始化成功
2026-07-25 16:14:14 [INFO] 引擎加载成功: dangerous.engine
2026-07-25 16:14:14 [INFO] 检测系统初始化成功
2026-07-25 16:14:14 [INFO] 图像预处理完成，原始尺寸: (2160, 3840)
2026-07-25 16:14:14 [INFO] 开始执行目标检测...
2026-07-25 16:14:14 [INFO] 检测完成，找到 4 个物体
2026-07-25 16:14:14 [INFO] 物体 1: GasCyl1 (置信度: 0.91)
2026-07-25 16:14:14 [INFO] 物体 2: GasCyl1 (置信度: 0.87)
2026-07-25 16:14:14 [INFO] 物体 3: GasCyl1 (置信度: 0.66)
2026-07-25 16:14:14 [INFO] 物体 4: FireExt1 (置信度: 0.39)
2026-07-25 16:14:14 [INFO] 检测到车兜区域，将过滤区域外的目标
2026-07-25 16:14:14 [INFO] 准备保存检测结果到: C:\code\show\Scrap_Steel_In_Field\photos\dangerous_det\detection_20260725_161414.jpg
2026-07-25 16:14:14 [INFO] 图像形状: (2160, 3840, 3)
2026-07-25 16:14:14 [INFO] 图像数据类型: uint8
2026-07-25 16:14:14 [INFO] 图像最大值: 255
2026-07-25 16:14:14 [INFO] 图像最小值: 0
2026-07-25 16:14:14 [INFO] 开始保存检测结果图像: 图像尺寸=(2160, 3840, 3), 类型=uint8, 路径=C:\code\show\Scrap_Steel_In_Field\photos\dangerous_det\detection_20260725_161414.jpg
2026-07-25 16:14:15 [INFO] 成功保存检测结果到: C:\code\show\Scrap_Steel_In_Field\photos\dangerous_det\detection_20260725_161414.jpg
2026-07-25 16:14:15 [INFO] 保存的检测结果文件大小: 2015651 字节
2026-07-25 16:14:15 [INFO] 引擎上下文已释放
2026-07-25 16:14:15 [INFO] TensorRT 引擎已释放
2026-07-25 16:14:15 [INFO] 全局 CUDA 资源已释放
2026-07-25 16:14:15 [INFO] 检测系统资源已释放
2026-07-25 16:14:20 [INFO] CUDA 初始化成功
2026-07-25 16:14:20 [INFO] 引擎加载成功: dangerous.engine
2026-07-25 16:14:20 [INFO] 检测系统初始化成功
2026-07-25 16:14:20 [INFO] 图像预处理完成，原始尺寸: (2160, 3840)
2026-07-25 16:14:20 [INFO] 开始执行目标检测...
2026-07-25 16:14:20 [INFO] 检测完成，找到 6 个物体
2026-07-25 16:14:20 [INFO] 物体 1: GasCyl1 (置信度: 0.89)
2026-07-25 16:14:20 [INFO] 物体 2: GasCyl1 (置信度: 0.78)
2026-07-25 16:14:20 [INFO] 物体 3: GasCyl1 (置信度: 0.70)
2026-07-25 16:14:20 [INFO] 物体 4: GasCyl1 (置信度: 0.69)
2026-07-25 16:14:20 [INFO] 物体 5: GasCyl1 (置信度: 0.59)
2026-07-25 16:14:20 [INFO] 物体 6: FireExt1 (置信度: 0.40)
2026-07-25 16:14:20 [INFO] 检测到车兜区域，将过滤区域外的目标
2026-07-25 16:14:20 [INFO] 车兜区域过滤: 6 -> 5 个目标
2026-07-25 16:14:20 [INFO] 准备保存检测结果到: C:\code\show\Scrap_Steel_In_Field\photos\dangerous_det\detection_20260725_161420.jpg
2026-07-25 16:14:20 [INFO] 图像形状: (2160, 3840, 3)
2026-07-25 16:14:20 [INFO] 图像数据类型: uint8
2026-07-25 16:14:20 [INFO] 图像最大值: 255
2026-07-25 16:14:20 [INFO] 图像最小值: 0
2026-07-25 16:14:20 [INFO] 开始保存检测结果图像: 图像尺寸=(2160, 3840, 3), 类型=uint8, 路径=C:\code\show\Scrap_Steel_In_Field\photos\dangerous_det\detection_20260725_161420.jpg
2026-07-25 16:14:20 [INFO] 成功保存检测结果到: C:\code\show\Scrap_Steel_In_Field\photos\dangerous_det\detection_20260725_161420.jpg
2026-07-25 16:14:20 [INFO] 保存的检测结果文件大小: 2125570 字节
2026-07-25 16:14:20 [INFO] 引擎上下文已释放
2026-07-25 16:14:20 [INFO] TensorRT 引擎已释放
2026-07-25 16:14:20 [INFO] 全局 CUDA 资源已释放
2026-07-25 16:14:20 [INFO] 检测系统资源已释放
2026-07-25 16:14:25 [INFO] CUDA 初始化成功
2026-07-25 16:14:25 [INFO] 引擎加载成功: dangerous.engine
2026-07-25 16:14:25 [INFO] 检测系统初始化成功
2026-07-25 16:14:25 [INFO] 图像预处理完成，原始尺寸: (2160, 3840)
2026-07-25 16:14:25 [INFO] 开始执行目标检测...
2026-07-25 16:14:25 [INFO] 检测完成，找到 4 个物体
2026-07-25 16:14:25 [INFO] 物体 1: GasCyl1 (置信度: 0.81)
2026-07-25 16:14:25 [INFO] 物体 2: GasCyl1 (置信度: 0.58)
2026-07-25 16:14:25 [INFO] 物体 3: GasCyl1 (置信度: 0.47)
2026-07-25 16:14:25 [INFO] 物体 4: FireExt1 (置信度: 0.47)
2026-07-25 16:14:25 [INFO] 准备保存检测结果到: C:\code\show\Scrap_Steel_In_Field\photos\dangerous_det\detection_20260725_161425.jpg
2026-07-25 16:14:25 [INFO] 图像形状: (2160, 3840, 3)
2026-07-25 16:14:25 [INFO] 图像数据类型: uint8
2026-07-25 16:14:25 [INFO] 图像最大值: 255
2026-07-25 16:14:25 [INFO] 图像最小值: 0
2026-07-25 16:14:25 [INFO] 开始保存检测结果图像: 图像尺寸=(2160, 3840, 3), 类型=uint8, 路径=C:\code\show\Scrap_Steel_In_Field\photos\dangerous_det\detection_20260725_161425.jpg
2026-07-25 16:14:25 [INFO] 成功保存检测结果到: C:\code\show\Scrap_Steel_In_Field\photos\dangerous_det\detection_20260725_161425.jpg
2026-07-25 16:14:25 [INFO] 保存的检测结果文件大小: 1610071 字节
2026-07-25 16:14:25 [INFO] 引擎上下文已释放
2026-07-25 16:14:25 [INFO] TensorRT 引擎已释放
2026-07-25 16:14:25 [INFO] 全局 CUDA 资源已释放
2026-07-25 16:14:25 [INFO] 检测系统资源已释放
2026-07-25 16:14:30 [INFO] CUDA 初始化成功
2026-07-25 16:14:30 [INFO] 引擎加载成功: dangerous.engine
2026-07-25 16:14:30 [INFO] 检测系统初始化成功
2026-07-25 16:14:30 [INFO] 图像预处理完成，原始尺寸: (2160, 3840)
2026-07-25 16:14:30 [INFO] 开始执行目标检测...
2026-07-25 16:14:30 [INFO] 检测完成，找到 3 个物体
2026-07-25 16:14:30 [INFO] 物体 1: GasCyl1 (置信度: 0.56)
2026-07-25 16:14:30 [INFO] 物体 2: GasCyl1 (置信度: 0.54)
2026-07-25 16:14:30 [INFO] 物体 3: FireExt1 (置信度: 0.41)
2026-07-25 16:14:31 [INFO] 准备保存检测结果到: C:\code\show\Scrap_Steel_In_Field\photos\dangerous_det\detection_20260725_161431.jpg
2026-07-25 16:14:31 [INFO] 图像形状: (2160, 3840, 3)
2026-07-25 16:14:31 [INFO] 图像数据类型: uint8
2026-07-25 16:14:31 [INFO] 图像最大值: 255
2026-07-25 16:14:31 [INFO] 图像最小值: 0
2026-07-25 16:14:31 [INFO] 开始保存检测结果图像: 图像尺寸=(2160, 3840, 3), 类型=uint8, 路径=C:\code\show\Scrap_Steel_In_Field\photos\dangerous_det\detection_20260725_161431.jpg
2026-07-25 16:14:31 [INFO] 成功保存检测结果到: C:\code\show\Scrap_Steel_In_Field\photos\dangerous_det\detection_20260725_161431.jpg
2026-07-25 16:14:31 [INFO] 保存的检测结果文件大小: 1789074 字节
2026-07-25 16:14:31 [INFO] 引擎上下文已释放
2026-07-25 16:14:31 [INFO] TensorRT 引擎已释放
2026-07-25 16:14:31 [INFO] 全局 CUDA 资源已释放
2026-07-25 16:14:31 [INFO] 检测系统资源已释放
2026-07-25 16:14:35 [INFO] CUDA 初始化成功
2026-07-25 16:14:35 [INFO] 引擎加载成功: dangerous.engine
2026-07-25 16:14:35 [INFO] 检测系统初始化成功
2026-07-25 16:14:36 [INFO] 图像预处理完成，原始尺寸: (2160, 3840)
2026-07-25 16:14:36 [INFO] 开始执行目标检测...
2026-07-25 16:14:36 [INFO] 检测完成，找到 4 个物体
2026-07-25 16:14:36 [INFO] 物体 1: GasCyl1 (置信度: 0.74)
2026-07-25 16:14:36 [INFO] 物体 2: GasCyl1 (置信度: 0.62)
2026-07-25 16:14:36 [INFO] 物体 3: FireExt1 (置信度: 0.48)
2026-07-25 16:14:36 [INFO] 物体 4: FireExt1 (置信度: 0.43)
2026-07-25 16:14:36 [INFO] 检测到车兜区域，将过滤区域外的目标
2026-07-25 16:14:36 [INFO] 准备保存检测结果到: C:\code\show\Scrap_Steel_In_Field\photos\dangerous_det\detection_20260725_161436.jpg
2026-07-25 16:14:36 [INFO] 图像形状: (2160, 3840, 3)
2026-07-25 16:14:36 [INFO] 图像数据类型: uint8
2026-07-25 16:14:36 [INFO] 图像最大值: 255
2026-07-25 16:14:36 [INFO] 图像最小值: 0
2026-07-25 16:14:36 [INFO] 开始保存检测结果图像: 图像尺寸=(2160, 3840, 3), 类型=uint8, 路径=C:\code\show\Scrap_Steel_In_Field\photos\dangerous_det\detection_20260725_161436.jpg
2026-07-25 16:14:36 [INFO] 成功保存检测结果到: C:\code\show\Scrap_Steel_In_Field\photos\dangerous_det\detection_20260725_161436.jpg
2026-07-25 16:14:36 [INFO] 保存的检测结果文件大小: 2151134 字节
2026-07-25 16:14:36 [INFO] 引擎上下文已释放
2026-07-25 16:14:36 [INFO] TensorRT 引擎已释放
2026-07-25 16:14:36 [INFO] 全局 CUDA 资源已释放
2026-07-25 16:14:36 [INFO] 检测系统资源已释放
2026-07-25 16:14:41 [INFO] CUDA 初始化成功
2026-07-25 16:14:41 [INFO] 引擎加载成功: dangerous.engine
2026-07-25 16:14:41 [INFO] 检测系统初始化成功
2026-07-25 16:14:41 [INFO] 图像预处理完成，原始尺寸: (2160, 3840)
2026-07-25 16:14:41 [INFO] 开始执行目标检测...
2026-07-25 16:14:41 [INFO] 检测完成，找到 4 个物体
2026-07-25 16:14:41 [INFO] 物体 1: GasCyl1 (置信度: 0.81)
2026-07-25 16:14:41 [INFO] 物体 2: GasCyl1 (置信度: 0.59)
2026-07-25 16:14:41 [INFO] 物体 3: FireExt1 (置信度: 0.48)
2026-07-25 16:14:41 [INFO] 物体 4: FireExt1 (置信度: 0.47)
2026-07-25 16:14:41 [INFO] 检测到车兜区域，将过滤区域外的目标
2026-07-25 16:14:41 [INFO] 准备保存检测结果到: C:\code\show\Scrap_Steel_In_Field\photos\dangerous_det\detection_20260725_161441.jpg
2026-07-25 16:14:41 [INFO] 图像形状: (2160, 3840, 3)
2026-07-25 16:14:41 [INFO] 图像数据类型: uint8
2026-07-25 16:14:41 [INFO] 图像最大值: 255
2026-07-25 16:14:41 [INFO] 图像最小值: 0
2026-07-25 16:14:41 [INFO] 开始保存检测结果图像: 图像尺寸=(2160, 3840, 3), 类型=uint8, 路径=C:\code\show\Scrap_Steel_In_Field\photos\dangerous_det\detection_20260725_161441.jpg
2026-07-25 16:14:41 [INFO] 成功保存检测结果到: C:\code\show\Scrap_Steel_In_Field\photos\dangerous_det\detection_20260725_161441.jpg
2026-07-25 16:14:41 [INFO] 保存的检测结果文件大小: 2170342 字节
2026-07-25 16:14:41 [INFO] 引擎上下文已释放
2026-07-25 16:14:41 [INFO] TensorRT 引擎已释放
2026-07-25 16:14:41 [INFO] 全局 CUDA 资源已释放
2026-07-25 16:14:41 [INFO] 检测系统资源已释放
2026-07-25 16:14:46 [INFO] CUDA 初始化成功
2026-07-25 16:14:46 [INFO] 引擎加载成功: dangerous.engine
2026-07-25 16:14:46 [INFO] 检测系统初始化成功
2026-07-25 16:14:47 [INFO] 图像预处理完成，原始尺寸: (2160, 3840)
2026-07-25 16:14:47 [INFO] 开始执行目标检测...
2026-07-25 16:14:47 [INFO] 检测完成，找到 4 个物体
2026-07-25 16:14:47 [INFO] 物体 1: GasCyl1 (置信度: 0.77)
2026-07-25 16:14:47 [INFO] 物体 2: FireExt1 (置信度: 0.49)
2026-07-25 16:14:47 [INFO] 物体 3: FireExt1 (置信度: 0.43)
2026-07-25 16:14:47 [INFO] 物体 4: GasCyl1 (置信度: 0.39)
2026-07-25 16:14:47 [INFO] 检测到车兜区域，将过滤区域外的目标
2026-07-25 16:14:47 [INFO] 准备保存检测结果到: C:\code\show\Scrap_Steel_In_Field\photos\dangerous_det\detection_20260725_161447.jpg
2026-07-25 16:14:47 [INFO] 图像形状: (2160, 3840, 3)
2026-07-25 16:14:47 [INFO] 图像数据类型: uint8
2026-07-25 16:14:47 [INFO] 图像最大值: 255
2026-07-25 16:14:47 [INFO] 图像最小值: 0
2026-07-25 16:14:47 [INFO] 开始保存检测结果图像: 图像尺寸=(2160, 3840, 3), 类型=uint8, 路径=C:\code\show\Scrap_Steel_In_Field\photos\dangerous_det\detection_20260725_161447.jpg
2026-07-25 16:14:47 [INFO] 成功保存检测结果到: C:\code\show\Scrap_Steel_In_Field\photos\dangerous_det\detection_20260725_161447.jpg
2026-07-25 16:14:47 [INFO] 保存的检测结果文件大小: 2127703 字节
2026-07-25 16:14:47 [INFO] 引擎上下文已释放
2026-07-25 16:14:47 [INFO] TensorRT 引擎已释放
2026-07-25 16:14:47 [INFO] 全局 CUDA 资源已释放
2026-07-25 16:14:47 [INFO] 检测系统资源已释放
2026-07-25 16:14:52 [INFO] CUDA 初始化成功
2026-07-25 16:14:52 [INFO] 引擎加载成功: dangerous.engine
2026-07-25 16:14:52 [INFO] 检测系统初始化成功
2026-07-25 16:14:53 [INFO] 图像预处理完成，原始尺寸: (2160, 3840)
2026-07-25 16:14:53 [INFO] 开始执行目标检测...
2026-07-25 16:14:53 [INFO] 检测完成，找到 3 个物体
2026-07-25 16:14:53 [INFO] 物体 1: GasCyl1 (置信度: 0.73)
2026-07-25 16:14:53 [INFO] 物体 2: FireExt1 (置信度: 0.48)
2026-07-25 16:14:53 [INFO] 物体 3: FireExt1 (置信度: 0.42)
2026-07-25 16:14:53 [INFO] 检测到车兜区域，将过滤区域外的目标
2026-07-25 16:14:53 [INFO] 准备保存检测结果到: C:\code\show\Scrap_Steel_In_Field\photos\dangerous_det\detection_20260725_161453.jpg
2026-07-25 16:14:53 [INFO] 图像形状: (2160, 3840, 3)
2026-07-25 16:14:53 [INFO] 图像数据类型: uint8
2026-07-25 16:14:53 [INFO] 图像最大值: 255
2026-07-25 16:14:53 [INFO] 图像最小值: 0
2026-07-25 16:14:53 [INFO] 开始保存检测结果图像: 图像尺寸=(2160, 3840, 3), 类型=uint8, 路径=C:\code\show\Scrap_Steel_In_Field\photos\dangerous_det\detection_20260725_161453.jpg
2026-07-25 16:14:53 [INFO] 成功保存检测结果到: C:\code\show\Scrap_Steel_In_Field\photos\dangerous_det\detection_20260725_161453.jpg
2026-07-25 16:14:53 [INFO] 保存的检测结果文件大小: 2108592 字节
2026-07-25 16:14:53 [INFO] 引擎上下文已释放
2026-07-25 16:14:53 [INFO] TensorRT 引擎已释放
2026-07-25 16:14:53 [INFO] 全局 CUDA 资源已释放
2026-07-25 16:14:53 [INFO] 检测系统资源已释放
2026-07-25 16:14:58 [INFO] CUDA 初始化成功
2026-07-25 16:14:58 [INFO] 引擎加载成功: dangerous.engine
2026-07-25 16:14:58 [INFO] 检测系统初始化成功
2026-07-25 16:14:58 [INFO] 图像预处理完成，原始尺寸: (2160, 3840)
2026-07-25 16:14:58 [INFO] 开始执行目标检测...
2026-07-25 16:14:58 [INFO] 检测完成，找到 4 个物体
2026-07-25 16:14:58 [INFO] 物体 1: GasCyl1 (置信度: 0.76)
2026-07-25 16:14:58 [INFO] 物体 2: FireExt1 (置信度: 0.50)
2026-07-25 16:14:58 [INFO] 物体 3: FireExt1 (置信度: 0.46)
2026-07-25 16:14:58 [INFO] 物体 4: GasCyl1 (置信度: 0.36)
2026-07-25 16:14:58 [INFO] 检测到车兜区域，将过滤区域外的目标
2026-07-25 16:14:58 [INFO] 准备保存检测结果到: C:\code\show\Scrap_Steel_In_Field\photos\dangerous_det\detection_20260725_161458.jpg
2026-07-25 16:14:58 [INFO] 图像形状: (2160, 3840, 3)
2026-07-25 16:14:58 [INFO] 图像数据类型: uint8
2026-07-25 16:14:58 [INFO] 图像最大值: 255
2026-07-25 16:14:58 [INFO] 图像最小值: 0
2026-07-25 16:14:58 [INFO] 开始保存检测结果图像: 图像尺寸=(2160, 3840, 3), 类型=uint8, 路径=C:\code\show\Scrap_Steel_In_Field\photos\dangerous_det\detection_20260725_161458.jpg
2026-07-25 16:14:58 [INFO] 成功保存检测结果到: C:\code\show\Scrap_Steel_In_Field\photos\dangerous_det\detection_20260725_161458.jpg
2026-07-25 16:14:58 [INFO] 保存的检测结果文件大小: 2115653 字节
2026-07-25 16:14:58 [INFO] 引擎上下文已释放
2026-07-25 16:14:58 [INFO] TensorRT 引擎已释放
2026-07-25 16:14:58 [INFO] 全局 CUDA 资源已释放
2026-07-25 16:14:58 [INFO] 检测系统资源已释放
2026-07-25 16:15:03 [INFO] CUDA 初始化成功
2026-07-25 16:15:03 [INFO] 引擎加载成功: dangerous.engine
2026-07-25 16:15:03 [INFO] 检测系统初始化成功
2026-07-25 16:15:03 [INFO] 图像预处理完成，原始尺寸: (2160, 3840)
2026-07-25 16:15:03 [INFO] 开始执行目标检测...
2026-07-25 16:15:03 [INFO] 检测完成，找到 3 个物体
2026-07-25 16:15:03 [INFO] 物体 1: GasCyl1 (置信度: 0.88)
2026-07-25 16:15:03 [INFO] 物体 2: GasCyl1 (置信度: 0.53)
2026-07-25 16:15:03 [INFO] 物体 3: FireExt1 (置信度: 0.48)
2026-07-25 16:15:03 [INFO] 准备保存检测结果到: C:\code\show\Scrap_Steel_In_Field\photos\dangerous_det\detection_20260725_161503.jpg
2026-07-25 16:15:03 [INFO] 图像形状: (2160, 3840, 3)
2026-07-25 16:15:03 [INFO] 图像数据类型: uint8
2026-07-25 16:15:03 [INFO] 图像最大值: 255
2026-07-25 16:15:03 [INFO] 图像最小值: 0
2026-07-25 16:15:03 [INFO] 开始保存检测结果图像: 图像尺寸=(2160, 3840, 3), 类型=uint8, 路径=C:\code\show\Scrap_Steel_In_Field\photos\dangerous_det\detection_20260725_161503.jpg
2026-07-25 16:15:03 [INFO] 成功保存检测结果到: C:\code\show\Scrap_Steel_In_Field\photos\dangerous_det\detection_20260725_161503.jpg
2026-07-25 16:15:03 [INFO] 保存的检测结果文件大小: 1564466 字节
2026-07-25 16:15:03 [INFO] 引擎上下文已释放
2026-07-25 16:15:03 [INFO] TensorRT 引擎已释放
2026-07-25 16:15:03 [INFO] 全局 CUDA 资源已释放
2026-07-25 16:15:03 [INFO] 检测系统资源已释放
2026-07-25 16:15:08 [INFO] CUDA 初始化成功
2026-07-25 16:15:08 [INFO] 引擎加载成功: dangerous.engine
2026-07-25 16:15:08 [INFO] 检测系统初始化成功
2026-07-25 16:15:09 [INFO] 图像预处理完成，原始尺寸: (2160, 3840)
2026-07-25 16:15:09 [INFO] 开始执行目标检测...
2026-07-25 16:15:09 [INFO] 检测完成，找到 3 个物体
2026-07-25 16:15:09 [INFO] 物体 1: GasCyl1 (置信度: 0.83)
2026-07-25 16:15:09 [INFO] 物体 2: FireExt1 (置信度: 0.50)
2026-07-25 16:15:09 [INFO] 物体 3: GasCyl1 (置信度: 0.46)
2026-07-25 16:15:09 [INFO] 检测到车兜区域，将过滤区域外的目标
2026-07-25 16:15:09 [INFO] 准备保存检测结果到: C:\code\show\Scrap_Steel_In_Field\photos\dangerous_det\detection_20260725_161509.jpg
2026-07-25 16:15:09 [INFO] 图像形状: (2160, 3840, 3)
2026-07-25 16:15:09 [INFO] 图像数据类型: uint8
2026-07-25 16:15:09 [INFO] 图像最大值: 255
2026-07-25 16:15:09 [INFO] 图像最小值: 0
2026-07-25 16:15:09 [INFO] 开始保存检测结果图像: 图像尺寸=(2160, 3840, 3), 类型=uint8, 路径=C:\code\show\Scrap_Steel_In_Field\photos\dangerous_det\detection_20260725_161509.jpg
2026-07-25 16:15:09 [INFO] 成功保存检测结果到: C:\code\show\Scrap_Steel_In_Field\photos\dangerous_det\detection_20260725_161509.jpg
2026-07-25 16:15:09 [INFO] 保存的检测结果文件大小: 1747552 字节
2026-07-25 16:15:09 [INFO] 引擎上下文已释放
2026-07-25 16:15:09 [INFO] TensorRT 引擎已释放
2026-07-25 16:15:09 [INFO] 全局 CUDA 资源已释放
2026-07-25 16:15:09 [INFO] 检测系统资源已释放
2026-07-25 16:15:13 [INFO] CUDA 初始化成功
2026-07-25 16:15:13 [INFO] 引擎加载成功: dangerous.engine
2026-07-25 16:15:13 [INFO] 检测系统初始化成功
2026-07-25 16:15:13 [INFO] 图像预处理完成，原始尺寸: (2160, 3840)
2026-07-25 16:15:13 [INFO] 开始执行目标检测...
2026-07-25 16:15:13 [INFO] 检测完成，找到 3 个物体
2026-07-25 16:15:13 [INFO] 物体 1: GasCyl1 (置信度: 0.77)
2026-07-25 16:15:13 [INFO] 物体 2: FireExt1 (置信度: 0.48)
2026-07-25 16:15:13 [INFO] 物体 3: FireExt1 (置信度: 0.37)
2026-07-25 16:15:13 [INFO] 检测到车兜区域，将过滤区域外的目标
2026-07-25 16:15:13 [INFO] 准备保存检测结果到: C:\code\show\Scrap_Steel_In_Field\photos\dangerous_det\detection_20260725_161513.jpg
2026-07-25 16:15:13 [INFO] 图像形状: (2160, 3840, 3)
2026-07-25 16:15:13 [INFO] 图像数据类型: uint8
2026-07-25 16:15:13 [INFO] 图像最大值: 255
2026-07-25 16:15:13 [INFO] 图像最小值: 0
2026-07-25 16:15:13 [INFO] 开始保存检测结果图像: 图像尺寸=(2160, 3840, 3), 类型=uint8, 路径=C:\code\show\Scrap_Steel_In_Field\photos\dangerous_det\detection_20260725_161513.jpg
2026-07-25 16:15:14 [INFO] 成功保存检测结果到: C:\code\show\Scrap_Steel_In_Field\photos\dangerous_det\detection_20260725_161513.jpg
2026-07-25 16:15:14 [INFO] 保存的检测结果文件大小: 2114467 字节
2026-07-25 16:15:14 [INFO] 引擎上下文已释放
2026-07-25 16:15:14 [INFO] TensorRT 引擎已释放
2026-07-25 16:15:14 [INFO] 全局 CUDA 资源已释放
2026-07-25 16:15:14 [INFO] 检测系统资源已释放
2026-07-25 16:15:19 [INFO] CUDA 初始化成功
2026-07-25 16:15:19 [INFO] 引擎加载成功: dangerous.engine
2026-07-25 16:15:19 [INFO] 检测系统初始化成功
2026-07-25 16:15:19 [INFO] 图像预处理完成，原始尺寸: (2160, 3840)
2026-07-25 16:15:19 [INFO] 开始执行目标检测...
2026-07-25 16:15:19 [INFO] 检测完成，找到 3 个物体
2026-07-25 16:15:19 [INFO] 物体 1: GasCyl1 (置信度: 0.80)
2026-07-25 16:15:19 [INFO] 物体 2: FireExt1 (置信度: 0.48)
2026-07-25 16:15:19 [INFO] 物体 3: FireExt1 (置信度: 0.44)
2026-07-25 16:15:19 [INFO] 检测到车兜区域，将过滤区域外的目标
2026-07-25 16:15:19 [INFO] 准备保存检测结果到: C:\code\show\Scrap_Steel_In_Field\photos\dangerous_det\detection_20260725_161519.jpg
2026-07-25 16:15:19 [INFO] 图像形状: (2160, 3840, 3)
2026-07-25 16:15:19 [INFO] 图像数据类型: uint8
2026-07-25 16:15:19 [INFO] 图像最大值: 255
2026-07-25 16:15:19 [INFO] 图像最小值: 0
2026-07-25 16:15:19 [INFO] 开始保存检测结果图像: 图像尺寸=(2160, 3840, 3), 类型=uint8, 路径=C:\code\show\Scrap_Steel_In_Field\photos\dangerous_det\detection_20260725_161519.jpg
2026-07-25 16:15:19 [INFO] 成功保存检测结果到: C:\code\show\Scrap_Steel_In_Field\photos\dangerous_det\detection_20260725_161519.jpg
2026-07-25 16:15:19 [INFO] 保存的检测结果文件大小: 2119129 字节
2026-07-25 16:15:19 [INFO] 引擎上下文已释放
2026-07-25 16:15:19 [INFO] TensorRT 引擎已释放
2026-07-25 16:15:19 [INFO] 全局 CUDA 资源已释放
2026-07-25 16:15:19 [INFO] 检测系统资源已释放
2026-07-25 16:15:24 [INFO] CUDA 初始化成功
2026-07-25 16:15:24 [INFO] 引擎加载成功: dangerous.engine
2026-07-25 16:15:24 [INFO] 检测系统初始化成功
2026-07-25 16:15:24 [INFO] 图像预处理完成，原始尺寸: (2160, 3840)
2026-07-25 16:15:24 [INFO] 开始执行目标检测...
2026-07-25 16:15:24 [INFO] 检测完成，找到 3 个物体
2026-07-25 16:15:24 [INFO] 物体 1: GasCyl1 (置信度: 0.75)
2026-07-25 16:15:24 [INFO] 物体 2: FireExt1 (置信度: 0.47)
2026-07-25 16:15:24 [INFO] 物体 3: FireExt1 (置信度: 0.40)
2026-07-25 16:15:24 [INFO] 检测到车兜区域，将过滤区域外的目标
2026-07-25 16:15:24 [INFO] 准备保存检测结果到: C:\code\show\Scrap_Steel_In_Field\photos\dangerous_det\detection_20260725_161524.jpg
2026-07-25 16:15:24 [INFO] 图像形状: (2160, 3840, 3)
2026-07-25 16:15:24 [INFO] 图像数据类型: uint8
2026-07-25 16:15:24 [INFO] 图像最大值: 255
2026-07-25 16:15:24 [INFO] 图像最小值: 0
2026-07-25 16:15:24 [INFO] 开始保存检测结果图像: 图像尺寸=(2160, 3840, 3), 类型=uint8, 路径=C:\code\show\Scrap_Steel_In_Field\photos\dangerous_det\detection_20260725_161524.jpg
2026-07-25 16:15:24 [INFO] 成功保存检测结果到: C:\code\show\Scrap_Steel_In_Field\photos\dangerous_det\detection_20260725_161524.jpg
2026-07-25 16:15:24 [INFO] 保存的检测结果文件大小: 2118308 字节
2026-07-25 16:15:24 [INFO] 引擎上下文已释放
2026-07-25 16:15:24 [INFO] TensorRT 引擎已释放
2026-07-25 16:15:24 [INFO] 全局 CUDA 资源已释放
2026-07-25 16:15:24 [INFO] 检测系统资源已释放
2026-07-25 16:15:29 [INFO] CUDA 初始化成功
2026-07-25 16:15:29 [INFO] 引擎加载成功: dangerous.engine
2026-07-25 16:15:29 [INFO] 检测系统初始化成功
2026-07-25 16:15:29 [INFO] 图像预处理完成，原始尺寸: (2160, 3840)
2026-07-25 16:15:29 [INFO] 开始执行目标检测...
2026-07-25 16:15:29 [INFO] 检测完成，找到 3 个物体
2026-07-25 16:15:29 [INFO] 物体 1: GasCyl1 (置信度: 0.74)
2026-07-25 16:15:29 [INFO] 物体 2: FireExt1 (置信度: 0.49)
2026-07-25 16:15:29 [INFO] 物体 3: FireExt1 (置信度: 0.42)
2026-07-25 16:15:29 [INFO] 检测到车兜区域，将过滤区域外的目标
2026-07-25 16:15:29 [INFO] 准备保存检测结果到: C:\code\show\Scrap_Steel_In_Field\photos\dangerous_det\detection_20260725_161529.jpg
2026-07-25 16:15:29 [INFO] 图像形状: (2160, 3840, 3)
2026-07-25 16:15:29 [INFO] 图像数据类型: uint8
2026-07-25 16:15:29 [INFO] 图像最大值: 255
2026-07-25 16:15:29 [INFO] 图像最小值: 0
2026-07-25 16:15:29 [INFO] 开始保存检测结果图像: 图像尺寸=(2160, 3840, 3), 类型=uint8, 路径=C:\code\show\Scrap_Steel_In_Field\photos\dangerous_det\detection_20260725_161529.jpg
2026-07-25 16:15:29 [INFO] 成功保存检测结果到: C:\code\show\Scrap_Steel_In_Field\photos\dangerous_det\detection_20260725_161529.jpg
2026-07-25 16:15:29 [INFO] 保存的检测结果文件大小: 2117296 字节
2026-07-25 16:15:29 [INFO] 引擎上下文已释放
2026-07-25 16:15:29 [INFO] TensorRT 引擎已释放
2026-07-25 16:15:29 [INFO] 全局 CUDA 资源已释放
2026-07-25 16:15:29 [INFO] 检测系统资源已释放
2026-07-25 16:15:34 [INFO] CUDA 初始化成功
2026-07-25 16:15:34 [INFO] 引擎加载成功: dangerous.engine
2026-07-25 16:15:34 [INFO] 检测系统初始化成功
2026-07-25 16:15:35 [INFO] 图像预处理完成，原始尺寸: (2160, 3840)
2026-07-25 16:15:35 [INFO] 开始执行目标检测...
2026-07-25 16:15:35 [INFO] 检测完成，找到 4 个物体
2026-07-25 16:15:35 [INFO] 物体 1: GasCyl1 (置信度: 0.76)
2026-07-25 16:15:35 [INFO] 物体 2: GasCyl1 (置信度: 0.56)
2026-07-25 16:15:35 [INFO] 物体 3: FireExt1 (置信度: 0.48)
2026-07-25 16:15:35 [INFO] 物体 4: FireExt1 (置信度: 0.45)
2026-07-25 16:15:35 [INFO] 检测到车兜区域，将过滤区域外的目标
2026-07-25 16:15:35 [INFO] 准备保存检测结果到: C:\code\show\Scrap_Steel_In_Field\photos\dangerous_det\detection_20260725_161535.jpg
2026-07-25 16:15:35 [INFO] 图像形状: (2160, 3840, 3)
2026-07-25 16:15:35 [INFO] 图像数据类型: uint8
2026-07-25 16:15:35 [INFO] 图像最大值: 255
2026-07-25 16:15:35 [INFO] 图像最小值: 0
2026-07-25 16:15:35 [INFO] 开始保存检测结果图像: 图像尺寸=(2160, 3840, 3), 类型=uint8, 路径=C:\code\show\Scrap_Steel_In_Field\photos\dangerous_det\detection_20260725_161535.jpg
2026-07-25 16:15:35 [INFO] 成功保存检测结果到: C:\code\show\Scrap_Steel_In_Field\photos\dangerous_det\detection_20260725_161535.jpg
2026-07-25 16:15:35 [INFO] 保存的检测结果文件大小: 2121816 字节
2026-07-25 16:15:35 [INFO] 引擎上下文已释放
2026-07-25 16:15:35 [INFO] TensorRT 引擎已释放
2026-07-25 16:15:35 [INFO] 全局 CUDA 资源已释放
2026-07-25 16:15:35 [INFO] 检测系统资源已释放
2026-07-25 16:15:40 [INFO] CUDA 初始化成功
2026-07-25 16:15:40 [INFO] 引擎加载成功: dangerous.engine
2026-07-25 16:15:40 [INFO] 检测系统初始化成功
2026-07-25 16:15:40 [INFO] 图像预处理完成，原始尺寸: (2160, 3840)
2026-07-25 16:15:40 [INFO] 开始执行目标检测...
2026-07-25 16:15:40 [INFO] 检测完成，找到 3 个物体
2026-07-25 16:15:40 [INFO] 物体 1: GasCyl1 (置信度: 0.81)
2026-07-25 16:15:40 [INFO] 物体 2: FireExt1 (置信度: 0.49)
2026-07-25 16:15:40 [INFO] 物体 3: FireExt1 (置信度: 0.44)
2026-07-25 16:15:40 [INFO] 检测到车兜区域，将过滤区域外的目标
2026-07-25 16:15:40 [INFO] 准备保存检测结果到: C:\code\show\Scrap_Steel_In_Field\photos\dangerous_det\detection_20260725_161540.jpg
2026-07-25 16:15:40 [INFO] 图像形状: (2160, 3840, 3)
2026-07-25 16:15:40 [INFO] 图像数据类型: uint8
2026-07-25 16:15:40 [INFO] 图像最大值: 255
2026-07-25 16:15:40 [INFO] 图像最小值: 0
2026-07-25 16:15:40 [INFO] 开始保存检测结果图像: 图像尺寸=(2160, 3840, 3), 类型=uint8, 路径=C:\code\show\Scrap_Steel_In_Field\photos\dangerous_det\detection_20260725_161540.jpg
2026-07-25 16:15:40 [INFO] 成功保存检测结果到: C:\code\show\Scrap_Steel_In_Field\photos\dangerous_det\detection_20260725_161540.jpg
2026-07-25 16:15:40 [INFO] 保存的检测结果文件大小: 2078360 字节
2026-07-25 16:15:40 [INFO] 引擎上下文已释放
2026-07-25 16:15:40 [INFO] TensorRT 引擎已释放
2026-07-25 16:15:40 [INFO] 全局 CUDA 资源已释放
2026-07-25 16:15:40 [INFO] 检测系统资源已释放
2026-07-25 16:15:45 [INFO] CUDA 初始化成功
2026-07-25 16:15:45 [INFO] 引擎加载成功: dangerous.engine
2026-07-25 16:15:45 [INFO] 检测系统初始化成功
2026-07-25 16:15:45 [INFO] 图像预处理完成，原始尺寸: (2160, 3840)
2026-07-25 16:15:45 [INFO] 开始执行目标检测...
2026-07-25 16:15:45 [INFO] 检测完成，找到 3 个物体
2026-07-25 16:15:45 [INFO] 物体 1: GasCyl1 (置信度: 0.82)
2026-07-25 16:15:45 [INFO] 物体 2: GasCyl1 (置信度: 0.64)
2026-07-25 16:15:45 [INFO] 物体 3: FireExt1 (置信度: 0.46)
2026-07-25 16:15:46 [INFO] 检测到车兜区域，将过滤区域外的目标
2026-07-25 16:15:46 [INFO] 车兜区域过滤: 3 -> 0 个目标
2026-07-25 16:15:46 [INFO] 引擎上下文已释放
2026-07-25 16:15:46 [INFO] TensorRT 引擎已释放
2026-07-25 16:15:46 [INFO] 全局 CUDA 资源已释放
2026-07-25 16:15:46 [INFO] 检测系统资源已释放
2026-07-25 16:15:51 [INFO] CUDA 初始化成功
2026-07-25 16:15:51 [INFO] 引擎加载成功: dangerous.engine
2026-07-25 16:15:51 [INFO] 检测系统初始化成功
2026-07-25 16:15:51 [INFO] 图像预处理完成，原始尺寸: (2160, 3840)
2026-07-25 16:15:51 [INFO] 开始执行目标检测...
2026-07-25 16:15:51 [INFO] 检测完成，找到 2 个物体
2026-07-25 16:15:51 [INFO] 物体 1: GasCyl1 (置信度: 0.73)
2026-07-25 16:15:51 [INFO] 物体 2: FireExt1 (置信度: 0.45)
2026-07-25 16:15:51 [INFO] 准备保存检测结果到: C:\code\show\Scrap_Steel_In_Field\photos\dangerous_det\detection_20260725_161551.jpg
2026-07-25 16:15:51 [INFO] 图像形状: (2160, 3840, 3)
2026-07-25 16:15:51 [INFO] 图像数据类型: uint8
2026-07-25 16:15:51 [INFO] 图像最大值: 255
2026-07-25 16:15:51 [INFO] 图像最小值: 0
2026-07-25 16:15:51 [INFO] 开始保存检测结果图像: 图像尺寸=(2160, 3840, 3), 类型=uint8, 路径=C:\code\show\Scrap_Steel_In_Field\photos\dangerous_det\detection_20260725_161551.jpg
2026-07-25 16:15:51 [INFO] 成功保存检测结果到: C:\code\show\Scrap_Steel_In_Field\photos\dangerous_det\detection_20260725_161551.jpg
2026-07-25 16:15:51 [INFO] 保存的检测结果文件大小: 1426215 字节
2026-07-25 16:15:51 [INFO] 引擎上下文已释放
2026-07-25 16:15:51 [INFO] TensorRT 引擎已释放
2026-07-25 16:15:51 [INFO] 全局 CUDA 资源已释放
2026-07-25 16:15:51 [INFO] 检测系统资源已释放
2026-07-25 16:15:56 [INFO] CUDA 初始化成功
2026-07-25 16:15:56 [INFO] 引擎加载成功: dangerous.engine
2026-07-25 16:15:56 [INFO] 检测系统初始化成功
2026-07-25 16:15:56 [INFO] 图像预处理完成，原始尺寸: (2160, 3840)
2026-07-25 16:15:56 [INFO] 开始执行目标检测...
2026-07-25 16:15:56 [INFO] 检测完成，找到 3 个物体
2026-07-25 16:15:56 [INFO] 物体 1: GasCyl1 (置信度: 0.79)
2026-07-25 16:15:56 [INFO] 物体 2: FireExt1 (置信度: 0.55)
2026-07-25 16:15:56 [INFO] 物体 3: GasCyl1 (置信度: 0.50)
2026-07-25 16:15:56 [INFO] 准备保存检测结果到: C:\code\show\Scrap_Steel_In_Field\photos\dangerous_det\detection_20260725_161556.jpg
2026-07-25 16:15:56 [INFO] 图像形状: (2160, 3840, 3)
2026-07-25 16:15:56 [INFO] 图像数据类型: uint8
2026-07-25 16:15:56 [INFO] 图像最大值: 255
2026-07-25 16:15:56 [INFO] 图像最小值: 0
2026-07-25 16:15:56 [INFO] 开始保存检测结果图像: 图像尺寸=(2160, 3840, 3), 类型=uint8, 路径=C:\code\show\Scrap_Steel_In_Field\photos\dangerous_det\detection_20260725_161556.jpg
2026-07-25 16:15:56 [INFO] 成功保存检测结果到: C:\code\show\Scrap_Steel_In_Field\photos\dangerous_det\detection_20260725_161556.jpg
2026-07-25 16:15:56 [INFO] 保存的检测结果文件大小: 1500147 字节
2026-07-25 16:15:56 [INFO] 引擎上下文已释放
2026-07-25 16:15:56 [INFO] TensorRT 引擎已释放
2026-07-25 16:15:56 [INFO] 全局 CUDA 资源已释放
2026-07-25 16:15:56 [INFO] 检测系统资源已释放
