2026-06-20 16:17:53 [INFO] CUDA 初始化成功
2026-06-20 16:17:53 [INFO] 引擎加载成功: dangerous.engine
2026-06-20 16:17:53 [INFO] 检测系统初始化成功
2026-06-20 16:17:55 [INFO] 引擎加载成功: dangerous.engine
2026-06-20 16:17:55 [INFO] 检测系统初始化成功
2026-06-20 16:17:55 [INFO] 图像预处理完成，原始尺寸: (2160, 3840)
2026-06-20 16:17:55 [INFO] 开始执行目标检测...
2026-06-20 16:17:55 [INFO] 检测完成，找到 0 个物体
2026-06-20 16:17:55 [INFO] 检测到车兜区域，将过滤区域外的目标
2026-06-20 16:17:56 [INFO] 引擎上下文已释放
2026-06-20 16:17:56 [INFO] TensorRT 引擎已释放
2026-06-20 16:17:56 [INFO] 全局 CUDA 资源已释放
2026-06-20 16:17:56 [INFO] 检测系统资源已释放
2026-06-20 16:18:01 [INFO] CUDA 初始化成功
2026-06-20 16:18:01 [INFO] 引擎加载成功: dangerous.engine
2026-06-20 16:18:01 [INFO] 检测系统初始化成功
2026-06-20 16:18:01 [INFO] 图像预处理完成，原始尺寸: (2160, 3840)
2026-06-20 16:18:01 [INFO] 开始执行目标检测...
2026-06-20 16:18:01 [INFO] 检测完成，找到 3 个物体
2026-06-20 16:18:01 [INFO] 物体 1: GasCyl1 (置信度: 0.88)
2026-06-20 16:18:01 [INFO] 物体 2: FireExt1 (置信度: 0.53)
2026-06-20 16:18:01 [INFO] 物体 3: FireExt1 (置信度: 0.36)
2026-06-20 16:18:01 [INFO] 检测到车兜区域，将过滤区域外的目标
2026-06-20 16:18:01 [INFO] 车兜区域过滤: 3 -> 2 个目标
2026-06-20 16:18:01 [INFO] 准备保存检测结果到: C:\code\show\Scrap_Steel_In_Field\photos\dangerous_det\detection_20260620_161801.jpg
2026-06-20 16:18:01 [INFO] 图像形状: (2160, 3840, 3)
2026-06-20 16:18:01 [INFO] 图像数据类型: uint8
2026-06-20 16:18:01 [INFO] 图像最大值: 255
2026-06-20 16:18:01 [INFO] 图像最小值: 0
2026-06-20 16:18:01 [INFO] 开始保存检测结果图像: 图像尺寸=(2160, 3840, 3), 类型=uint8, 路径=C:\code\show\Scrap_Steel_In_Field\photos\dangerous_det\detection_20260620_161801.jpg
2026-06-20 16:18:01 [INFO] 成功保存检测结果到: C:\code\show\Scrap_Steel_In_Field\photos\dangerous_det\detection_20260620_161801.jpg
2026-06-20 16:18:01 [INFO] 保存的检测结果文件大小: 2242026 字节
2026-06-20 16:18:01 [INFO] 引擎上下文已释放
2026-06-20 16:18:01 [INFO] TensorRT 引擎已释放
2026-06-20 16:18:01 [INFO] 全局 CUDA 资源已释放
2026-06-20 16:18:01 [INFO] 检测系统资源已释放
2026-06-20 16:18:06 [INFO] CUDA 初始化成功
2026-06-20 16:18:06 [INFO] 引擎加载成功: dangerous.engine
2026-06-20 16:18:06 [INFO] 检测系统初始化成功
2026-06-20 16:18:06 [INFO] 图像预处理完成，原始尺寸: (2160, 3840)
2026-06-20 16:18:06 [INFO] 开始执行目标检测...
2026-06-20 16:18:06 [INFO] 检测完成，找到 3 个物体
2026-06-20 16:18:06 [INFO] 物体 1: GasCyl1 (置信度: 0.87)
2026-06-20 16:18:06 [INFO] 物体 2: FireExt1 (置信度: 0.53)
2026-06-20 16:18:06 [INFO] 物体 3: FireExt1 (置信度: 0.45)
2026-06-20 16:18:06 [INFO] 检测到车兜区域，将过滤区域外的目标
2026-06-20 16:18:06 [INFO] 车兜区域过滤: 3 -> 2 个目标
2026-06-20 16:18:06 [INFO] 准备保存检测结果到: C:\code\show\Scrap_Steel_In_Field\photos\dangerous_det\detection_20260620_161806.jpg
2026-06-20 16:18:06 [INFO] 图像形状: (2160, 3840, 3)
2026-06-20 16:18:06 [INFO] 图像数据类型: uint8
2026-06-20 16:18:06 [INFO] 图像最大值: 255
2026-06-20 16:18:06 [INFO] 图像最小值: 0
2026-06-20 16:18:06 [INFO] 开始保存检测结果图像: 图像尺寸=(2160, 3840, 3), 类型=uint8, 路径=C:\code\show\Scrap_Steel_In_Field\photos\dangerous_det\detection_20260620_161806.jpg
2026-06-20 16:18:06 [INFO] 成功保存检测结果到: C:\code\show\Scrap_Steel_In_Field\photos\dangerous_det\detection_20260620_161806.jpg
2026-06-20 16:18:06 [INFO] 保存的检测结果文件大小: 2236325 字节
2026-06-20 16:18:06 [INFO] 引擎上下文已释放
2026-06-20 16:18:06 [INFO] TensorRT 引擎已释放
2026-06-20 16:18:06 [INFO] 全局 CUDA 资源已释放
2026-06-20 16:18:06 [INFO] 检测系统资源已释放
2026-06-20 16:18:11 [INFO] CUDA 初始化成功
2026-06-20 16:18:11 [INFO] 引擎加载成功: dangerous.engine
2026-06-20 16:18:11 [INFO] 检测系统初始化成功
2026-06-20 16:18:11 [INFO] 图像预处理完成，原始尺寸: (2160, 3840)
2026-06-20 16:18:11 [INFO] 开始执行目标检测...
2026-06-20 16:18:11 [INFO] 检测完成，找到 2 个物体
2026-06-20 16:18:11 [INFO] 物体 1: GasCyl1 (置信度: 0.88)
2026-06-20 16:18:11 [INFO] 物体 2: FireExt1 (置信度: 0.52)
2026-06-20 16:18:11 [INFO] 检测到车兜区域，将过滤区域外的目标
2026-06-20 16:18:11 [INFO] 准备保存检测结果到: C:\code\show\Scrap_Steel_In_Field\photos\dangerous_det\detection_20260620_161811.jpg
2026-06-20 16:18:11 [INFO] 图像形状: (2160, 3840, 3)
2026-06-20 16:18:11 [INFO] 图像数据类型: uint8
2026-06-20 16:18:11 [INFO] 图像最大值: 255
2026-06-20 16:18:11 [INFO] 图像最小值: 0
2026-06-20 16:18:11 [INFO] 开始保存检测结果图像: 图像尺寸=(2160, 3840, 3), 类型=uint8, 路径=C:\code\show\Scrap_Steel_In_Field\photos\dangerous_det\detection_20260620_161811.jpg
2026-06-20 16:18:11 [INFO] 成功保存检测结果到: C:\code\show\Scrap_Steel_In_Field\photos\dangerous_det\detection_20260620_161811.jpg
2026-06-20 16:18:11 [INFO] 保存的检测结果文件大小: 2244709 字节
2026-06-20 16:18:11 [INFO] 引擎上下文已释放
2026-06-20 16:18:11 [INFO] TensorRT 引擎已释放
2026-06-20 16:18:11 [INFO] 全局 CUDA 资源已释放
2026-06-20 16:18:11 [INFO] 检测系统资源已释放
2026-06-20 16:18:16 [INFO] CUDA 初始化成功
2026-06-20 16:18:16 [INFO] 引擎加载成功: dangerous.engine
2026-06-20 16:18:16 [INFO] 检测系统初始化成功
2026-06-20 16:18:16 [INFO] 图像预处理完成，原始尺寸: (2160, 3840)
2026-06-20 16:18:16 [INFO] 开始执行目标检测...
2026-06-20 16:18:16 [INFO] 检测完成，找到 3 个物体
2026-06-20 16:18:16 [INFO] 物体 1: GasCyl1 (置信度: 0.89)
2026-06-20 16:18:16 [INFO] 物体 2: FireExt1 (置信度: 0.53)
2026-06-20 16:18:16 [INFO] 物体 3: FireExt1 (置信度: 0.46)
2026-06-20 16:18:16 [INFO] 检测到车兜区域，将过滤区域外的目标
2026-06-20 16:18:16 [INFO] 车兜区域过滤: 3 -> 2 个目标
2026-06-20 16:18:16 [INFO] 准备保存检测结果到: C:\code\show\Scrap_Steel_In_Field\photos\dangerous_det\detection_20260620_161816.jpg
2026-06-20 16:18:16 [INFO] 图像形状: (2160, 3840, 3)
2026-06-20 16:18:16 [INFO] 图像数据类型: uint8
2026-06-20 16:18:16 [INFO] 图像最大值: 255
2026-06-20 16:18:16 [INFO] 图像最小值: 0
2026-06-20 16:18:16 [INFO] 开始保存检测结果图像: 图像尺寸=(2160, 3840, 3), 类型=uint8, 路径=C:\code\show\Scrap_Steel_In_Field\photos\dangerous_det\detection_20260620_161816.jpg
2026-06-20 16:18:16 [INFO] 成功保存检测结果到: C:\code\show\Scrap_Steel_In_Field\photos\dangerous_det\detection_20260620_161816.jpg
2026-06-20 16:18:16 [INFO] 保存的检测结果文件大小: 2239986 字节
2026-06-20 16:18:16 [INFO] 引擎上下文已释放
2026-06-20 16:18:16 [INFO] TensorRT 引擎已释放
2026-06-20 16:18:16 [INFO] 全局 CUDA 资源已释放
2026-06-20 16:18:16 [INFO] 检测系统资源已释放
