2026-06-05 21:26:12 [INFO] CUDA 初始化成功
2026-06-05 21:26:12 [INFO] 引擎加载成功: dangerous.engine
2026-06-05 21:26:12 [INFO] 检测系统初始化成功
2026-06-05 21:26:14 [INFO] 引擎加载成功: dangerous.engine
2026-06-05 21:26:14 [INFO] 检测系统初始化成功
2026-06-05 21:26:14 [INFO] 图像预处理完成，原始尺寸: (2160, 3840)
2026-06-05 21:26:14 [INFO] 开始执行目标检测...
2026-06-05 21:26:14 [INFO] 检测完成，找到 0 个物体
2026-06-05 21:26:14 [INFO] 检测到车兜区域，将过滤区域外的目标
2026-06-05 21:26:14 [INFO] 引擎上下文已释放
2026-06-05 21:26:14 [INFO] TensorRT 引擎已释放
2026-06-05 21:26:14 [INFO] 全局 CUDA 资源已释放
2026-06-05 21:26:14 [INFO] 检测系统资源已释放
2026-06-05 21:26:20 [INFO] CUDA 初始化成功
2026-06-05 21:26:20 [INFO] 引擎加载成功: dangerous.engine
2026-06-05 21:26:20 [INFO] 检测系统初始化成功
2026-06-05 21:26:20 [INFO] 图像预处理完成，原始尺寸: (2160, 3840)
2026-06-05 21:26:20 [INFO] 开始执行目标检测...
2026-06-05 21:26:20 [INFO] 检测完成，找到 2 个物体
2026-06-05 21:26:20 [INFO] 物体 1: GasCyl1 (置信度: 0.81)
2026-06-05 21:26:20 [INFO] 物体 2: FireExt1 (置信度: 0.39)
2026-06-05 21:26:20 [INFO] 检测到车兜区域，将过滤区域外的目标
2026-06-05 21:26:20 [INFO] 准备保存检测结果到: C:\code\show\Scrap_Steel_In_Field\photos\dangerous_det\detection_20260605_212620.jpg
2026-06-05 21:26:20 [INFO] 图像形状: (2160, 3840, 3)
2026-06-05 21:26:20 [INFO] 图像数据类型: uint8
2026-06-05 21:26:20 [INFO] 图像最大值: 255
2026-06-05 21:26:20 [INFO] 图像最小值: 0
2026-06-05 21:26:20 [INFO] 开始保存检测结果图像: 图像尺寸=(2160, 3840, 3), 类型=uint8, 路径=C:\code\show\Scrap_Steel_In_Field\photos\dangerous_det\detection_20260605_212620.jpg
2026-06-05 21:26:20 [INFO] 成功保存检测结果到: C:\code\show\Scrap_Steel_In_Field\photos\dangerous_det\detection_20260605_212620.jpg
2026-06-05 21:26:20 [INFO] 保存的检测结果文件大小: 2126249 字节
2026-06-05 21:26:20 [INFO] 引擎上下文已释放
2026-06-05 21:26:20 [INFO] TensorRT 引擎已释放
2026-06-05 21:26:20 [INFO] 全局 CUDA 资源已释放
2026-06-05 21:26:20 [INFO] 检测系统资源已释放
2026-06-05 21:26:25 [INFO] CUDA 初始化成功
2026-06-05 21:26:25 [INFO] 引擎加载成功: dangerous.engine
2026-06-05 21:26:25 [INFO] 检测系统初始化成功
2026-06-05 21:26:25 [INFO] 图像预处理完成，原始尺寸: (2160, 3840)
2026-06-05 21:26:25 [INFO] 开始执行目标检测...
2026-06-05 21:26:25 [INFO] 检测完成，找到 2 个物体
2026-06-05 21:26:25 [INFO] 物体 1: GasCyl1 (置信度: 0.80)
2026-06-05 21:26:25 [INFO] 物体 2: FireExt1 (置信度: 0.41)
2026-06-05 21:26:25 [INFO] 检测到车兜区域，将过滤区域外的目标
2026-06-05 21:26:25 [INFO] 准备保存检测结果到: C:\code\show\Scrap_Steel_In_Field\photos\dangerous_det\detection_20260605_212625.jpg
2026-06-05 21:26:25 [INFO] 图像形状: (2160, 3840, 3)
2026-06-05 21:26:25 [INFO] 图像数据类型: uint8
2026-06-05 21:26:25 [INFO] 图像最大值: 255
2026-06-05 21:26:25 [INFO] 图像最小值: 0
2026-06-05 21:26:25 [INFO] 开始保存检测结果图像: 图像尺寸=(2160, 3840, 3), 类型=uint8, 路径=C:\code\show\Scrap_Steel_In_Field\photos\dangerous_det\detection_20260605_212625.jpg
2026-06-05 21:26:25 [INFO] 成功保存检测结果到: C:\code\show\Scrap_Steel_In_Field\photos\dangerous_det\detection_20260605_212625.jpg
2026-06-05 21:26:25 [INFO] 保存的检测结果文件大小: 2127379 字节
2026-06-05 21:26:25 [INFO] 引擎上下文已释放
2026-06-05 21:26:25 [INFO] TensorRT 引擎已释放
2026-06-05 21:26:25 [INFO] 全局 CUDA 资源已释放
2026-06-05 21:26:25 [INFO] 检测系统资源已释放
2026-06-05 21:26:30 [INFO] CUDA 初始化成功
2026-06-05 21:26:30 [INFO] 引擎加载成功: dangerous.engine
2026-06-05 21:26:30 [INFO] 检测系统初始化成功
2026-06-05 21:26:30 [INFO] 图像预处理完成，原始尺寸: (2160, 3840)
2026-06-05 21:26:30 [INFO] 开始执行目标检测...
2026-06-05 21:26:30 [INFO] 检测完成，找到 2 个物体
2026-06-05 21:26:30 [INFO] 物体 1: GasCyl1 (置信度: 0.84)
2026-06-05 21:26:30 [INFO] 物体 2: GasCyl1 (置信度: 0.36)
2026-06-05 21:26:30 [INFO] 检测到车兜区域，将过滤区域外的目标
2026-06-05 21:26:30 [INFO] 准备保存检测结果到: C:\code\show\Scrap_Steel_In_Field\photos\dangerous_det\detection_20260605_212630.jpg
2026-06-05 21:26:30 [INFO] 图像形状: (2160, 3840, 3)
2026-06-05 21:26:30 [INFO] 图像数据类型: uint8
2026-06-05 21:26:30 [INFO] 图像最大值: 255
2026-06-05 21:26:30 [INFO] 图像最小值: 0
2026-06-05 21:26:30 [INFO] 开始保存检测结果图像: 图像尺寸=(2160, 3840, 3), 类型=uint8, 路径=C:\code\show\Scrap_Steel_In_Field\photos\dangerous_det\detection_20260605_212630.jpg
2026-06-05 21:26:30 [INFO] 成功保存检测结果到: C:\code\show\Scrap_Steel_In_Field\photos\dangerous_det\detection_20260605_212630.jpg
2026-06-05 21:26:30 [INFO] 保存的检测结果文件大小: 2127197 字节
2026-06-05 21:26:30 [INFO] 引擎上下文已释放
2026-06-05 21:26:30 [INFO] TensorRT 引擎已释放
2026-06-05 21:26:30 [INFO] 全局 CUDA 资源已释放
2026-06-05 21:26:30 [INFO] 检测系统资源已释放
2026-06-05 21:26:36 [INFO] CUDA 初始化成功
2026-06-05 21:26:36 [INFO] 引擎加载成功: dangerous.engine
2026-06-05 21:26:36 [INFO] 检测系统初始化成功
2026-06-05 21:26:36 [INFO] 图像预处理完成，原始尺寸: (2160, 3840)
2026-06-05 21:26:36 [INFO] 开始执行目标检测...
2026-06-05 21:26:36 [INFO] 检测完成，找到 1 个物体
2026-06-05 21:26:36 [INFO] 物体 1: GasCyl1 (置信度: 0.83)
2026-06-05 21:26:36 [INFO] 检测到车兜区域，将过滤区域外的目标
2026-06-05 21:26:36 [INFO] 准备保存检测结果到: C:\code\show\Scrap_Steel_In_Field\photos\dangerous_det\detection_20260605_212636.jpg
2026-06-05 21:26:36 [INFO] 图像形状: (2160, 3840, 3)
2026-06-05 21:26:36 [INFO] 图像数据类型: uint8
2026-06-05 21:26:36 [INFO] 图像最大值: 255
2026-06-05 21:26:36 [INFO] 图像最小值: 0
2026-06-05 21:26:36 [INFO] 开始保存检测结果图像: 图像尺寸=(2160, 3840, 3), 类型=uint8, 路径=C:\code\show\Scrap_Steel_In_Field\photos\dangerous_det\detection_20260605_212636.jpg
2026-06-05 21:26:36 [INFO] 成功保存检测结果到: C:\code\show\Scrap_Steel_In_Field\photos\dangerous_det\detection_20260605_212636.jpg
2026-06-05 21:26:36 [INFO] 保存的检测结果文件大小: 2112437 字节
2026-06-05 21:26:36 [INFO] 引擎上下文已释放
2026-06-05 21:26:36 [INFO] TensorRT 引擎已释放
2026-06-05 21:26:37 [INFO] 全局 CUDA 资源已释放
2026-06-05 21:26:37 [INFO] 检测系统资源已释放
2026-06-05 21:26:41 [INFO] CUDA 初始化成功
2026-06-05 21:26:41 [INFO] 引擎加载成功: dangerous.engine
2026-06-05 21:26:41 [INFO] 检测系统初始化成功
2026-06-05 21:26:41 [INFO] 图像预处理完成，原始尺寸: (2160, 3840)
2026-06-05 21:26:41 [INFO] 开始执行目标检测...
2026-06-05 21:26:41 [INFO] 检测完成，找到 2 个物体
2026-06-05 21:26:41 [INFO] 物体 1: GasCyl1 (置信度: 0.77)
2026-06-05 21:26:41 [INFO] 物体 2: FireExt1 (置信度: 0.43)
2026-06-05 21:26:41 [INFO] 检测到车兜区域，将过滤区域外的目标
2026-06-05 21:26:41 [INFO] 准备保存检测结果到: C:\code\show\Scrap_Steel_In_Field\photos\dangerous_det\detection_20260605_212641.jpg
2026-06-05 21:26:41 [INFO] 图像形状: (2160, 3840, 3)
2026-06-05 21:26:41 [INFO] 图像数据类型: uint8
2026-06-05 21:26:41 [INFO] 图像最大值: 255
2026-06-05 21:26:41 [INFO] 图像最小值: 0
2026-06-05 21:26:41 [INFO] 开始保存检测结果图像: 图像尺寸=(2160, 3840, 3), 类型=uint8, 路径=C:\code\show\Scrap_Steel_In_Field\photos\dangerous_det\detection_20260605_212641.jpg
2026-06-05 21:26:41 [INFO] 成功保存检测结果到: C:\code\show\Scrap_Steel_In_Field\photos\dangerous_det\detection_20260605_212641.jpg
2026-06-05 21:26:41 [INFO] 保存的检测结果文件大小: 2133870 字节
2026-06-05 21:26:41 [INFO] 引擎上下文已释放
2026-06-05 21:26:41 [INFO] TensorRT 引擎已释放
2026-06-05 21:26:41 [INFO] 全局 CUDA 资源已释放
2026-06-05 21:26:41 [INFO] 检测系统资源已释放
2026-06-05 21:26:46 [INFO] CUDA 初始化成功
2026-06-05 21:26:46 [INFO] 引擎加载成功: dangerous.engine
2026-06-05 21:26:46 [INFO] 检测系统初始化成功
2026-06-05 21:26:46 [INFO] 图像预处理完成，原始尺寸: (2160, 3840)
2026-06-05 21:26:46 [INFO] 开始执行目标检测...
2026-06-05 21:26:46 [INFO] 检测完成，找到 2 个物体
2026-06-05 21:26:46 [INFO] 物体 1: GasCyl1 (置信度: 0.79)
2026-06-05 21:26:46 [INFO] 物体 2: FireExt1 (置信度: 0.40)
2026-06-05 21:26:46 [INFO] 检测到车兜区域，将过滤区域外的目标
2026-06-05 21:26:46 [INFO] 准备保存检测结果到: C:\code\show\Scrap_Steel_In_Field\photos\dangerous_det\detection_20260605_212646.jpg
2026-06-05 21:26:46 [INFO] 图像形状: (2160, 3840, 3)
2026-06-05 21:26:46 [INFO] 图像数据类型: uint8
2026-06-05 21:26:46 [INFO] 图像最大值: 255
2026-06-05 21:26:46 [INFO] 图像最小值: 0
2026-06-05 21:26:46 [INFO] 开始保存检测结果图像: 图像尺寸=(2160, 3840, 3), 类型=uint8, 路径=C:\code\show\Scrap_Steel_In_Field\photos\dangerous_det\detection_20260605_212646.jpg
2026-06-05 21:26:46 [INFO] 成功保存检测结果到: C:\code\show\Scrap_Steel_In_Field\photos\dangerous_det\detection_20260605_212646.jpg
2026-06-05 21:26:46 [INFO] 保存的检测结果文件大小: 2128879 字节
2026-06-05 21:26:46 [INFO] 引擎上下文已释放
2026-06-05 21:26:46 [INFO] TensorRT 引擎已释放
2026-06-05 21:26:46 [INFO] 全局 CUDA 资源已释放
2026-06-05 21:26:46 [INFO] 检测系统资源已释放
2026-06-05 21:26:51 [INFO] CUDA 初始化成功
2026-06-05 21:26:51 [INFO] 引擎加载成功: dangerous.engine
2026-06-05 21:26:51 [INFO] 检测系统初始化成功
2026-06-05 21:26:51 [INFO] 图像预处理完成，原始尺寸: (2160, 3840)
2026-06-05 21:26:51 [INFO] 开始执行目标检测...
2026-06-05 21:26:52 [INFO] 检测完成，找到 2 个物体
2026-06-05 21:26:52 [INFO] 物体 1: GasCyl1 (置信度: 0.81)
2026-06-05 21:26:52 [INFO] 物体 2: FireExt1 (置信度: 0.42)
2026-06-05 21:26:52 [INFO] 检测到车兜区域，将过滤区域外的目标
2026-06-05 21:26:52 [INFO] 准备保存检测结果到: C:\code\show\Scrap_Steel_In_Field\photos\dangerous_det\detection_20260605_212652.jpg
2026-06-05 21:26:52 [INFO] 图像形状: (2160, 3840, 3)
2026-06-05 21:26:52 [INFO] 图像数据类型: uint8
2026-06-05 21:26:52 [INFO] 图像最大值: 255
2026-06-05 21:26:52 [INFO] 图像最小值: 0
2026-06-05 21:26:52 [INFO] 开始保存检测结果图像: 图像尺寸=(2160, 3840, 3), 类型=uint8, 路径=C:\code\show\Scrap_Steel_In_Field\photos\dangerous_det\detection_20260605_212652.jpg
2026-06-05 21:26:52 [INFO] 成功保存检测结果到: C:\code\show\Scrap_Steel_In_Field\photos\dangerous_det\detection_20260605_212652.jpg
2026-06-05 21:26:52 [INFO] 保存的检测结果文件大小: 2118849 字节
2026-06-05 21:26:52 [INFO] 引擎上下文已释放
2026-06-05 21:26:52 [INFO] TensorRT 引擎已释放
2026-06-05 21:26:52 [INFO] 全局 CUDA 资源已释放
2026-06-05 21:26:52 [INFO] 检测系统资源已释放
2026-06-05 21:26:57 [INFO] CUDA 初始化成功
2026-06-05 21:26:57 [INFO] 引擎加载成功: dangerous.engine
2026-06-05 21:26:57 [INFO] 检测系统初始化成功
2026-06-05 21:26:57 [INFO] 图像预处理完成，原始尺寸: (2160, 3840)
2026-06-05 21:26:57 [INFO] 开始执行目标检测...
2026-06-05 21:26:57 [INFO] 检测完成，找到 2 个物体
2026-06-05 21:26:57 [INFO] 物体 1: GasCyl1 (置信度: 0.71)
2026-06-05 21:26:57 [INFO] 物体 2: FireExt1 (置信度: 0.39)
2026-06-05 21:26:57 [INFO] 检测到车兜区域，将过滤区域外的目标
2026-06-05 21:26:57 [INFO] 准备保存检测结果到: C:\code\show\Scrap_Steel_In_Field\photos\dangerous_det\detection_20260605_212657.jpg
2026-06-05 21:26:57 [INFO] 图像形状: (2160, 3840, 3)
2026-06-05 21:26:57 [INFO] 图像数据类型: uint8
2026-06-05 21:26:57 [INFO] 图像最大值: 255
2026-06-05 21:26:57 [INFO] 图像最小值: 0
2026-06-05 21:26:57 [INFO] 开始保存检测结果图像: 图像尺寸=(2160, 3840, 3), 类型=uint8, 路径=C:\code\show\Scrap_Steel_In_Field\photos\dangerous_det\detection_20260605_212657.jpg
2026-06-05 21:26:57 [INFO] 成功保存检测结果到: C:\code\show\Scrap_Steel_In_Field\photos\dangerous_det\detection_20260605_212657.jpg
2026-06-05 21:26:57 [INFO] 保存的检测结果文件大小: 2125368 字节
2026-06-05 21:26:57 [INFO] 引擎上下文已释放
2026-06-05 21:26:57 [INFO] TensorRT 引擎已释放
2026-06-05 21:26:57 [INFO] 全局 CUDA 资源已释放
2026-06-05 21:26:57 [INFO] 检测系统资源已释放
2026-06-05 21:27:02 [INFO] CUDA 初始化成功
2026-06-05 21:27:02 [INFO] 引擎加载成功: dangerous.engine
2026-06-05 21:27:02 [INFO] 检测系统初始化成功
2026-06-05 21:27:02 [INFO] 图像预处理完成，原始尺寸: (2160, 3840)
2026-06-05 21:27:02 [INFO] 开始执行目标检测...
2026-06-05 21:27:02 [INFO] 检测完成，找到 1 个物体
2026-06-05 21:27:02 [INFO] 物体 1: GasCyl1 (置信度: 0.73)
2026-06-05 21:27:02 [INFO] 准备保存检测结果到: C:\code\show\Scrap_Steel_In_Field\photos\dangerous_det\detection_20260605_212702.jpg
2026-06-05 21:27:02 [INFO] 图像形状: (2160, 3840, 3)
2026-06-05 21:27:02 [INFO] 图像数据类型: uint8
2026-06-05 21:27:02 [INFO] 图像最大值: 255
2026-06-05 21:27:02 [INFO] 图像最小值: 0
2026-06-05 21:27:02 [INFO] 开始保存检测结果图像: 图像尺寸=(2160, 3840, 3), 类型=uint8, 路径=C:\code\show\Scrap_Steel_In_Field\photos\dangerous_det\detection_20260605_212702.jpg
2026-06-05 21:27:02 [INFO] 成功保存检测结果到: C:\code\show\Scrap_Steel_In_Field\photos\dangerous_det\detection_20260605_212702.jpg
2026-06-05 21:27:02 [INFO] 保存的检测结果文件大小: 1242204 字节
2026-06-05 21:27:02 [INFO] 引擎上下文已释放
2026-06-05 21:27:02 [INFO] TensorRT 引擎已释放
2026-06-05 21:27:02 [INFO] 全局 CUDA 资源已释放
2026-06-05 21:27:02 [INFO] 检测系统资源已释放
2026-06-05 21:27:07 [INFO] CUDA 初始化成功
2026-06-05 21:27:07 [INFO] 引擎加载成功: dangerous.engine
2026-06-05 21:27:07 [INFO] 检测系统初始化成功
2026-06-05 21:27:07 [INFO] 图像预处理完成，原始尺寸: (2160, 3840)
2026-06-05 21:27:07 [INFO] 开始执行目标检测...
2026-06-05 21:27:07 [INFO] 检测完成，找到 1 个物体
2026-06-05 21:27:07 [INFO] 物体 1: GasCyl1 (置信度: 0.48)
2026-06-05 21:27:07 [INFO] 准备保存检测结果到: C:\code\show\Scrap_Steel_In_Field\photos\dangerous_det\detection_20260605_212707.jpg
2026-06-05 21:27:07 [INFO] 图像形状: (2160, 3840, 3)
2026-06-05 21:27:07 [INFO] 图像数据类型: uint8
2026-06-05 21:27:08 [INFO] 图像最大值: 255
2026-06-05 21:27:08 [INFO] 图像最小值: 0
2026-06-05 21:27:08 [INFO] 开始保存检测结果图像: 图像尺寸=(2160, 3840, 3), 类型=uint8, 路径=C:\code\show\Scrap_Steel_In_Field\photos\dangerous_det\detection_20260605_212707.jpg
2026-06-05 21:27:08 [INFO] 成功保存检测结果到: C:\code\show\Scrap_Steel_In_Field\photos\dangerous_det\detection_20260605_212707.jpg
2026-06-05 21:27:08 [INFO] 保存的检测结果文件大小: 1643179 字节
2026-06-05 21:27:08 [INFO] 引擎上下文已释放
2026-06-05 21:27:08 [INFO] TensorRT 引擎已释放
2026-06-05 21:27:08 [INFO] 全局 CUDA 资源已释放
2026-06-05 21:27:08 [INFO] 检测系统资源已释放
2026-06-05 21:27:12 [INFO] CUDA 初始化成功
2026-06-05 21:27:12 [INFO] 引擎加载成功: dangerous.engine
2026-06-05 21:27:12 [INFO] 检测系统初始化成功
2026-06-05 21:27:12 [INFO] 图像预处理完成，原始尺寸: (2160, 3840)
2026-06-05 21:27:12 [INFO] 开始执行目标检测...
2026-06-05 21:27:13 [INFO] 检测完成，找到 2 个物体
2026-06-05 21:27:13 [INFO] 物体 1: GasCyl1 (置信度: 0.81)
2026-06-05 21:27:13 [INFO] 物体 2: FireExt1 (置信度: 0.39)
2026-06-05 21:27:13 [INFO] 检测到车兜区域，将过滤区域外的目标
2026-06-05 21:27:13 [INFO] 准备保存检测结果到: C:\code\show\Scrap_Steel_In_Field\photos\dangerous_det\detection_20260605_212713.jpg
2026-06-05 21:27:13 [INFO] 图像形状: (2160, 3840, 3)
2026-06-05 21:27:13 [INFO] 图像数据类型: uint8
2026-06-05 21:27:13 [INFO] 图像最大值: 255
2026-06-05 21:27:13 [INFO] 图像最小值: 0
2026-06-05 21:27:13 [INFO] 开始保存检测结果图像: 图像尺寸=(2160, 3840, 3), 类型=uint8, 路径=C:\code\show\Scrap_Steel_In_Field\photos\dangerous_det\detection_20260605_212713.jpg
2026-06-05 21:27:13 [INFO] 成功保存检测结果到: C:\code\show\Scrap_Steel_In_Field\photos\dangerous_det\detection_20260605_212713.jpg
2026-06-05 21:27:13 [INFO] 保存的检测结果文件大小: 1967123 字节
2026-06-05 21:27:13 [INFO] 引擎上下文已释放
2026-06-05 21:27:13 [INFO] TensorRT 引擎已释放
2026-06-05 21:27:13 [INFO] 全局 CUDA 资源已释放
2026-06-05 21:27:13 [INFO] 检测系统资源已释放
2026-06-05 21:27:18 [INFO] CUDA 初始化成功
2026-06-05 21:27:18 [INFO] 引擎加载成功: dangerous.engine
2026-06-05 21:27:18 [INFO] 检测系统初始化成功
2026-06-05 21:27:18 [INFO] 图像预处理完成，原始尺寸: (2160, 3840)
2026-06-05 21:27:18 [INFO] 开始执行目标检测...
2026-06-05 21:27:18 [INFO] 检测完成，找到 2 个物体
2026-06-05 21:27:18 [INFO] 物体 1: GasCyl1 (置信度: 0.79)
2026-06-05 21:27:18 [INFO] 物体 2: FireExt1 (置信度: 0.40)
2026-06-05 21:27:18 [INFO] 检测到车兜区域，将过滤区域外的目标
2026-06-05 21:27:18 [INFO] 准备保存检测结果到: C:\code\show\Scrap_Steel_In_Field\photos\dangerous_det\detection_20260605_212718.jpg
2026-06-05 21:27:18 [INFO] 图像形状: (2160, 3840, 3)
2026-06-05 21:27:18 [INFO] 图像数据类型: uint8
2026-06-05 21:27:18 [INFO] 图像最大值: 255
2026-06-05 21:27:18 [INFO] 图像最小值: 0
2026-06-05 21:27:18 [INFO] 开始保存检测结果图像: 图像尺寸=(2160, 3840, 3), 类型=uint8, 路径=C:\code\show\Scrap_Steel_In_Field\photos\dangerous_det\detection_20260605_212718.jpg
2026-06-05 21:27:18 [INFO] 成功保存检测结果到: C:\code\show\Scrap_Steel_In_Field\photos\dangerous_det\detection_20260605_212718.jpg
2026-06-05 21:27:18 [INFO] 保存的检测结果文件大小: 2085299 字节
2026-06-05 21:27:18 [INFO] 引擎上下文已释放
2026-06-05 21:27:18 [INFO] TensorRT 引擎已释放
2026-06-05 21:27:18 [INFO] 全局 CUDA 资源已释放
2026-06-05 21:27:18 [INFO] 检测系统资源已释放
2026-06-05 21:27:23 [INFO] CUDA 初始化成功
2026-06-05 21:27:23 [INFO] 引擎加载成功: dangerous.engine
2026-06-05 21:27:23 [INFO] 检测系统初始化成功
2026-06-05 21:27:23 [INFO] 图像预处理完成，原始尺寸: (2160, 3840)
2026-06-05 21:27:23 [INFO] 开始执行目标检测...
2026-06-05 21:27:23 [INFO] 检测完成，找到 1 个物体
2026-06-05 21:27:23 [INFO] 物体 1: GasCyl1 (置信度: 0.80)
2026-06-05 21:27:23 [INFO] 准备保存检测结果到: C:\code\show\Scrap_Steel_In_Field\photos\dangerous_det\detection_20260605_212723.jpg
2026-06-05 21:27:23 [INFO] 图像形状: (2160, 3840, 3)
2026-06-05 21:27:23 [INFO] 图像数据类型: uint8
2026-06-05 21:27:23 [INFO] 图像最大值: 255
2026-06-05 21:27:23 [INFO] 图像最小值: 0
2026-06-05 21:27:23 [INFO] 开始保存检测结果图像: 图像尺寸=(2160, 3840, 3), 类型=uint8, 路径=C:\code\show\Scrap_Steel_In_Field\photos\dangerous_det\detection_20260605_212723.jpg
2026-06-05 21:27:23 [INFO] 成功保存检测结果到: C:\code\show\Scrap_Steel_In_Field\photos\dangerous_det\detection_20260605_212723.jpg
2026-06-05 21:27:23 [INFO] 保存的检测结果文件大小: 1671352 字节
2026-06-05 21:27:23 [INFO] 引擎上下文已释放
2026-06-05 21:27:23 [INFO] TensorRT 引擎已释放
2026-06-05 21:27:23 [INFO] 全局 CUDA 资源已释放
2026-06-05 21:27:23 [INFO] 检测系统资源已释放
2026-06-05 21:27:28 [INFO] CUDA 初始化成功
2026-06-05 21:27:28 [INFO] 引擎加载成功: dangerous.engine
2026-06-05 21:27:28 [INFO] 检测系统初始化成功
2026-06-05 21:27:28 [INFO] 图像预处理完成，原始尺寸: (2160, 3840)
2026-06-05 21:27:28 [INFO] 开始执行目标检测...
2026-06-05 21:27:28 [INFO] 检测完成，找到 2 个物体
2026-06-05 21:27:28 [INFO] 物体 1: GasCyl1 (置信度: 0.85)
2026-06-05 21:27:28 [INFO] 物体 2: FireExt1 (置信度: 0.39)
2026-06-05 21:27:28 [INFO] 检测到车兜区域，将过滤区域外的目标
2026-06-05 21:27:28 [INFO] 准备保存检测结果到: C:\code\show\Scrap_Steel_In_Field\photos\dangerous_det\detection_20260605_212728.jpg
2026-06-05 21:27:28 [INFO] 图像形状: (2160, 3840, 3)
2026-06-05 21:27:28 [INFO] 图像数据类型: uint8
2026-06-05 21:27:28 [INFO] 图像最大值: 255
2026-06-05 21:27:28 [INFO] 图像最小值: 0
2026-06-05 21:27:28 [INFO] 开始保存检测结果图像: 图像尺寸=(2160, 3840, 3), 类型=uint8, 路径=C:\code\show\Scrap_Steel_In_Field\photos\dangerous_det\detection_20260605_212728.jpg
2026-06-05 21:27:28 [INFO] 成功保存检测结果到: C:\code\show\Scrap_Steel_In_Field\photos\dangerous_det\detection_20260605_212728.jpg
2026-06-05 21:27:28 [INFO] 保存的检测结果文件大小: 1672348 字节
2026-06-05 21:27:28 [INFO] 引擎上下文已释放
2026-06-05 21:27:28 [INFO] TensorRT 引擎已释放
2026-06-05 21:27:28 [INFO] 全局 CUDA 资源已释放
2026-06-05 21:27:28 [INFO] 检测系统资源已释放
2026-06-05 21:27:33 [INFO] CUDA 初始化成功
2026-06-05 21:27:33 [INFO] 引擎加载成功: dangerous.engine
2026-06-05 21:27:33 [INFO] 检测系统初始化成功
2026-06-05 21:27:33 [INFO] 图像预处理完成，原始尺寸: (2160, 3840)
2026-06-05 21:27:33 [INFO] 开始执行目标检测...
2026-06-05 21:27:33 [INFO] 检测完成，找到 2 个物体
2026-06-05 21:27:33 [INFO] 物体 1: GasCyl1 (置信度: 0.83)
2026-06-05 21:27:33 [INFO] 物体 2: FireExt1 (置信度: 0.40)
2026-06-05 21:27:33 [INFO] 检测到车兜区域，将过滤区域外的目标
2026-06-05 21:27:33 [INFO] 准备保存检测结果到: C:\code\show\Scrap_Steel_In_Field\photos\dangerous_det\detection_20260605_212733.jpg
2026-06-05 21:27:33 [INFO] 图像形状: (2160, 3840, 3)
2026-06-05 21:27:33 [INFO] 图像数据类型: uint8
2026-06-05 21:27:33 [INFO] 图像最大值: 255
2026-06-05 21:27:33 [INFO] 图像最小值: 0
2026-06-05 21:27:33 [INFO] 开始保存检测结果图像: 图像尺寸=(2160, 3840, 3), 类型=uint8, 路径=C:\code\show\Scrap_Steel_In_Field\photos\dangerous_det\detection_20260605_212733.jpg
2026-06-05 21:27:33 [INFO] 成功保存检测结果到: C:\code\show\Scrap_Steel_In_Field\photos\dangerous_det\detection_20260605_212733.jpg
2026-06-05 21:27:33 [INFO] 保存的检测结果文件大小: 2119457 字节
2026-06-05 21:27:33 [INFO] 引擎上下文已释放
2026-06-05 21:27:33 [INFO] TensorRT 引擎已释放
2026-06-05 21:27:33 [INFO] 全局 CUDA 资源已释放
2026-06-05 21:27:33 [INFO] 检测系统资源已释放
2026-06-05 21:27:38 [INFO] CUDA 初始化成功
2026-06-05 21:27:38 [INFO] 引擎加载成功: dangerous.engine
2026-06-05 21:27:38 [INFO] 检测系统初始化成功
2026-06-05 21:27:39 [INFO] 图像预处理完成，原始尺寸: (2160, 3840)
2026-06-05 21:27:39 [INFO] 开始执行目标检测...
2026-06-05 21:27:39 [INFO] 检测完成，找到 2 个物体
2026-06-05 21:27:39 [INFO] 物体 1: GasCyl1 (置信度: 0.80)
2026-06-05 21:27:39 [INFO] 物体 2: FireExt1 (置信度: 0.37)
2026-06-05 21:27:39 [INFO] 检测到车兜区域，将过滤区域外的目标
2026-06-05 21:27:39 [INFO] 准备保存检测结果到: C:\code\show\Scrap_Steel_In_Field\photos\dangerous_det\detection_20260605_212739.jpg
2026-06-05 21:27:39 [INFO] 图像形状: (2160, 3840, 3)
2026-06-05 21:27:39 [INFO] 图像数据类型: uint8
2026-06-05 21:27:39 [INFO] 图像最大值: 255
2026-06-05 21:27:39 [INFO] 图像最小值: 0
2026-06-05 21:27:39 [INFO] 开始保存检测结果图像: 图像尺寸=(2160, 3840, 3), 类型=uint8, 路径=C:\code\show\Scrap_Steel_In_Field\photos\dangerous_det\detection_20260605_212739.jpg
2026-06-05 21:27:39 [INFO] 成功保存检测结果到: C:\code\show\Scrap_Steel_In_Field\photos\dangerous_det\detection_20260605_212739.jpg
2026-06-05 21:27:39 [INFO] 保存的检测结果文件大小: 2127375 字节
2026-06-05 21:27:39 [INFO] 引擎上下文已释放
2026-06-05 21:27:39 [INFO] TensorRT 引擎已释放
2026-06-05 21:27:39 [INFO] 全局 CUDA 资源已释放
2026-06-05 21:27:39 [INFO] 检测系统资源已释放
2026-06-05 21:27:44 [INFO] CUDA 初始化成功
2026-06-05 21:27:44 [INFO] 引擎加载成功: dangerous.engine
2026-06-05 21:27:44 [INFO] 检测系统初始化成功
2026-06-05 21:27:44 [INFO] 图像预处理完成，原始尺寸: (2160, 3840)
2026-06-05 21:27:44 [INFO] 开始执行目标检测...
2026-06-05 21:27:44 [INFO] 检测完成，找到 2 个物体
2026-06-05 21:27:44 [INFO] 物体 1: GasCyl1 (置信度: 0.80)
2026-06-05 21:27:44 [INFO] 物体 2: FireExt1 (置信度: 0.39)
2026-06-05 21:27:44 [INFO] 检测到车兜区域，将过滤区域外的目标
2026-06-05 21:27:44 [INFO] 准备保存检测结果到: C:\code\show\Scrap_Steel_In_Field\photos\dangerous_det\detection_20260605_212744.jpg
2026-06-05 21:27:44 [INFO] 图像形状: (2160, 3840, 3)
2026-06-05 21:27:44 [INFO] 图像数据类型: uint8
2026-06-05 21:27:44 [INFO] 图像最大值: 255
2026-06-05 21:27:44 [INFO] 图像最小值: 0
2026-06-05 21:27:44 [INFO] 开始保存检测结果图像: 图像尺寸=(2160, 3840, 3), 类型=uint8, 路径=C:\code\show\Scrap_Steel_In_Field\photos\dangerous_det\detection_20260605_212744.jpg
2026-06-05 21:27:44 [INFO] 成功保存检测结果到: C:\code\show\Scrap_Steel_In_Field\photos\dangerous_det\detection_20260605_212744.jpg
2026-06-05 21:27:44 [INFO] 保存的检测结果文件大小: 2119410 字节
2026-06-05 21:27:44 [INFO] 引擎上下文已释放
2026-06-05 21:27:44 [INFO] TensorRT 引擎已释放
2026-06-05 21:27:44 [INFO] 全局 CUDA 资源已释放
2026-06-05 21:27:44 [INFO] 检测系统资源已释放
2026-06-05 21:27:49 [INFO] CUDA 初始化成功
2026-06-05 21:27:49 [INFO] 引擎加载成功: dangerous.engine
2026-06-05 21:27:49 [INFO] 检测系统初始化成功
2026-06-05 21:27:49 [INFO] 图像预处理完成，原始尺寸: (2160, 3840)
2026-06-05 21:27:49 [INFO] 开始执行目标检测...
2026-06-05 21:27:49 [INFO] 检测完成，找到 1 个物体
2026-06-05 21:27:49 [INFO] 物体 1: FireExt1 (置信度: 0.39)
2026-06-05 21:27:49 [INFO] 准备保存检测结果到: C:\code\show\Scrap_Steel_In_Field\photos\dangerous_det\detection_20260605_212749.jpg
2026-06-05 21:27:49 [INFO] 图像形状: (2160, 3840, 3)
2026-06-05 21:27:49 [INFO] 图像数据类型: uint8
2026-06-05 21:27:49 [INFO] 图像最大值: 255
2026-06-05 21:27:49 [INFO] 图像最小值: 0
2026-06-05 21:27:49 [INFO] 开始保存检测结果图像: 图像尺寸=(2160, 3840, 3), 类型=uint8, 路径=C:\code\show\Scrap_Steel_In_Field\photos\dangerous_det\detection_20260605_212749.jpg
2026-06-05 21:27:49 [INFO] 成功保存检测结果到: C:\code\show\Scrap_Steel_In_Field\photos\dangerous_det\detection_20260605_212749.jpg
2026-06-05 21:27:49 [INFO] 保存的检测结果文件大小: 1457888 字节
2026-06-05 21:27:49 [INFO] 引擎上下文已释放
2026-06-05 21:27:49 [INFO] TensorRT 引擎已释放
2026-06-05 21:27:49 [INFO] 全局 CUDA 资源已释放
2026-06-05 21:27:49 [INFO] 检测系统资源已释放
2026-06-05 21:27:54 [INFO] CUDA 初始化成功
2026-06-05 21:27:54 [INFO] 引擎加载成功: dangerous.engine
2026-06-05 21:27:54 [INFO] 检测系统初始化成功
2026-06-05 21:27:54 [INFO] 图像预处理完成，原始尺寸: (2160, 3840)
2026-06-05 21:27:54 [INFO] 开始执行目标检测...
2026-06-05 21:27:54 [INFO] 检测完成，找到 3 个物体
2026-06-05 21:27:54 [INFO] 物体 1: GasCyl1 (置信度: 0.78)
2026-06-05 21:27:54 [INFO] 物体 2: FireExt1 (置信度: 0.41)
2026-06-05 21:27:54 [INFO] 物体 3: FireExt1 (置信度: 0.36)
2026-06-05 21:27:54 [INFO] 检测到车兜区域，将过滤区域外的目标
2026-06-05 21:27:54 [INFO] 准备保存检测结果到: C:\code\show\Scrap_Steel_In_Field\photos\dangerous_det\detection_20260605_212754.jpg
2026-06-05 21:27:54 [INFO] 图像形状: (2160, 3840, 3)
2026-06-05 21:27:54 [INFO] 图像数据类型: uint8
2026-06-05 21:27:54 [INFO] 图像最大值: 255
2026-06-05 21:27:54 [INFO] 图像最小值: 0
2026-06-05 21:27:54 [INFO] 开始保存检测结果图像: 图像尺寸=(2160, 3840, 3), 类型=uint8, 路径=C:\code\show\Scrap_Steel_In_Field\photos\dangerous_det\detection_20260605_212754.jpg
2026-06-05 21:27:54 [INFO] 成功保存检测结果到: C:\code\show\Scrap_Steel_In_Field\photos\dangerous_det\detection_20260605_212754.jpg
2026-06-05 21:27:54 [INFO] 保存的检测结果文件大小: 1547302 字节
2026-06-05 21:27:54 [INFO] 引擎上下文已释放
2026-06-05 21:27:54 [INFO] TensorRT 引擎已释放
2026-06-05 21:27:54 [INFO] 全局 CUDA 资源已释放
2026-06-05 21:27:54 [INFO] 检测系统资源已释放
2026-06-05 21:27:59 [INFO] CUDA 初始化成功
2026-06-05 21:27:59 [INFO] 引擎加载成功: dangerous.engine
2026-06-05 21:27:59 [INFO] 检测系统初始化成功
2026-06-05 21:27:59 [INFO] 图像预处理完成，原始尺寸: (2160, 3840)
2026-06-05 21:27:59 [INFO] 开始执行目标检测...
2026-06-05 21:27:59 [INFO] 检测完成，找到 2 个物体
2026-06-05 21:27:59 [INFO] 物体 1: GasCyl1 (置信度: 0.79)
2026-06-05 21:27:59 [INFO] 物体 2: FireExt1 (置信度: 0.35)
2026-06-05 21:27:59 [INFO] 检测到车兜区域，将过滤区域外的目标
2026-06-05 21:27:59 [INFO] 准备保存检测结果到: C:\code\show\Scrap_Steel_In_Field\photos\dangerous_det\detection_20260605_212759.jpg
2026-06-05 21:27:59 [INFO] 图像形状: (2160, 3840, 3)
2026-06-05 21:27:59 [INFO] 图像数据类型: uint8
2026-06-05 21:27:59 [INFO] 图像最大值: 255
2026-06-05 21:27:59 [INFO] 图像最小值: 0
2026-06-05 21:27:59 [INFO] 开始保存检测结果图像: 图像尺寸=(2160, 3840, 3), 类型=uint8, 路径=C:\code\show\Scrap_Steel_In_Field\photos\dangerous_det\detection_20260605_212759.jpg
2026-06-05 21:27:59 [INFO] 成功保存检测结果到: C:\code\show\Scrap_Steel_In_Field\photos\dangerous_det\detection_20260605_212759.jpg
2026-06-05 21:27:59 [INFO] 保存的检测结果文件大小: 2113747 字节
2026-06-05 21:27:59 [INFO] 引擎上下文已释放
2026-06-05 21:27:59 [INFO] TensorRT 引擎已释放
2026-06-05 21:27:59 [INFO] 全局 CUDA 资源已释放
2026-06-05 21:27:59 [INFO] 检测系统资源已释放
2026-06-05 21:28:05 [INFO] CUDA 初始化成功
2026-06-05 21:28:05 [INFO] 引擎加载成功: dangerous.engine
2026-06-05 21:28:05 [INFO] 检测系统初始化成功
2026-06-05 21:28:05 [INFO] 图像预处理完成，原始尺寸: (2160, 3840)
2026-06-05 21:28:05 [INFO] 开始执行目标检测...
2026-06-05 21:28:05 [INFO] 检测完成，找到 2 个物体
2026-06-05 21:28:05 [INFO] 物体 1: GasCyl1 (置信度: 0.76)
2026-06-05 21:28:05 [INFO] 物体 2: FireExt1 (置信度: 0.39)
2026-06-05 21:28:05 [INFO] 准备保存检测结果到: C:\code\show\Scrap_Steel_In_Field\photos\dangerous_det\detection_20260605_212805.jpg
2026-06-05 21:28:05 [INFO] 图像形状: (2160, 3840, 3)
2026-06-05 21:28:05 [INFO] 图像数据类型: uint8
2026-06-05 21:28:05 [INFO] 图像最大值: 255
2026-06-05 21:28:05 [INFO] 图像最小值: 0
2026-06-05 21:28:05 [INFO] 开始保存检测结果图像: 图像尺寸=(2160, 3840, 3), 类型=uint8, 路径=C:\code\show\Scrap_Steel_In_Field\photos\dangerous_det\detection_20260605_212805.jpg
2026-06-05 21:28:05 [INFO] 成功保存检测结果到: C:\code\show\Scrap_Steel_In_Field\photos\dangerous_det\detection_20260605_212805.jpg
2026-06-05 21:28:05 [INFO] 保存的检测结果文件大小: 1237335 字节
2026-06-05 21:28:05 [INFO] 引擎上下文已释放
2026-06-05 21:28:05 [INFO] TensorRT 引擎已释放
2026-06-05 21:28:05 [INFO] 全局 CUDA 资源已释放
2026-06-05 21:28:05 [INFO] 检测系统资源已释放
2026-06-05 21:28:10 [INFO] CUDA 初始化成功
2026-06-05 21:28:10 [INFO] 引擎加载成功: dangerous.engine
2026-06-05 21:28:10 [INFO] 检测系统初始化成功
2026-06-05 21:28:10 [INFO] 图像预处理完成，原始尺寸: (2160, 3840)
2026-06-05 21:28:10 [INFO] 开始执行目标检测...
2026-06-05 21:28:10 [INFO] 检测完成，找到 0 个物体
2026-06-05 21:28:10 [INFO] 引擎上下文已释放
2026-06-05 21:28:10 [INFO] TensorRT 引擎已释放
2026-06-05 21:28:10 [INFO] 全局 CUDA 资源已释放
2026-06-05 21:28:10 [INFO] 检测系统资源已释放
2026-06-05 21:28:15 [INFO] CUDA 初始化成功
2026-06-05 21:28:15 [INFO] 引擎加载成功: dangerous.engine
2026-06-05 21:28:15 [INFO] 检测系统初始化成功
2026-06-05 21:28:15 [INFO] 图像预处理完成，原始尺寸: (2160, 3840)
2026-06-05 21:28:15 [INFO] 开始执行目标检测...
2026-06-05 21:28:15 [INFO] 检测完成，找到 2 个物体
2026-06-05 21:28:15 [INFO] 物体 1: GasCyl1 (置信度: 0.83)
2026-06-05 21:28:15 [INFO] 物体 2: FireExt1 (置信度: 0.37)
2026-06-05 21:28:15 [INFO] 检测到车兜区域，将过滤区域外的目标
2026-06-05 21:28:15 [INFO] 准备保存检测结果到: C:\code\show\Scrap_Steel_In_Field\photos\dangerous_det\detection_20260605_212815.jpg
2026-06-05 21:28:15 [INFO] 图像形状: (2160, 3840, 3)
2026-06-05 21:28:15 [INFO] 图像数据类型: uint8
2026-06-05 21:28:15 [INFO] 图像最大值: 255
2026-06-05 21:28:15 [INFO] 图像最小值: 0
2026-06-05 21:28:15 [INFO] 开始保存检测结果图像: 图像尺寸=(2160, 3840, 3), 类型=uint8, 路径=C:\code\show\Scrap_Steel_In_Field\photos\dangerous_det\detection_20260605_212815.jpg
2026-06-05 21:28:15 [INFO] 成功保存检测结果到: C:\code\show\Scrap_Steel_In_Field\photos\dangerous_det\detection_20260605_212815.jpg
2026-06-05 21:28:15 [INFO] 保存的检测结果文件大小: 1957149 字节
2026-06-05 21:28:15 [INFO] 引擎上下文已释放
2026-06-05 21:28:15 [INFO] TensorRT 引擎已释放
2026-06-05 21:28:15 [INFO] 全局 CUDA 资源已释放
2026-06-05 21:28:15 [INFO] 检测系统资源已释放
2026-06-05 21:28:20 [INFO] CUDA 初始化成功
2026-06-05 21:28:20 [INFO] 引擎加载成功: dangerous.engine
2026-06-05 21:28:20 [INFO] 检测系统初始化成功
2026-06-05 21:28:20 [INFO] 图像预处理完成，原始尺寸: (2160, 3840)
2026-06-05 21:28:20 [INFO] 开始执行目标检测...
2026-06-05 21:28:20 [INFO] 检测完成，找到 2 个物体
2026-06-05 21:28:20 [INFO] 物体 1: GasCyl1 (置信度: 0.80)
2026-06-05 21:28:20 [INFO] 物体 2: FireExt1 (置信度: 0.45)
2026-06-05 21:28:20 [INFO] 检测到车兜区域，将过滤区域外的目标
2026-06-05 21:28:20 [INFO] 准备保存检测结果到: C:\code\show\Scrap_Steel_In_Field\photos\dangerous_det\detection_20260605_212820.jpg
2026-06-05 21:28:20 [INFO] 图像形状: (2160, 3840, 3)
2026-06-05 21:28:20 [INFO] 图像数据类型: uint8
2026-06-05 21:28:20 [INFO] 图像最大值: 255
2026-06-05 21:28:20 [INFO] 图像最小值: 0
2026-06-05 21:28:20 [INFO] 开始保存检测结果图像: 图像尺寸=(2160, 3840, 3), 类型=uint8, 路径=C:\code\show\Scrap_Steel_In_Field\photos\dangerous_det\detection_20260605_212820.jpg
2026-06-05 21:28:20 [INFO] 成功保存检测结果到: C:\code\show\Scrap_Steel_In_Field\photos\dangerous_det\detection_20260605_212820.jpg
2026-06-05 21:28:20 [INFO] 保存的检测结果文件大小: 2122265 字节
2026-06-05 21:28:20 [INFO] 引擎上下文已释放
2026-06-05 21:28:20 [INFO] TensorRT 引擎已释放
2026-06-05 21:28:21 [INFO] 全局 CUDA 资源已释放
2026-06-05 21:28:21 [INFO] 检测系统资源已释放
2026-06-05 21:28:25 [INFO] CUDA 初始化成功
2026-06-05 21:28:25 [INFO] 引擎加载成功: dangerous.engine
2026-06-05 21:28:25 [INFO] 检测系统初始化成功
2026-06-05 21:28:26 [INFO] 图像预处理完成，原始尺寸: (2160, 3840)
2026-06-05 21:28:26 [INFO] 开始执行目标检测...
2026-06-05 21:28:26 [INFO] 检测完成，找到 1 个物体
2026-06-05 21:28:26 [INFO] 物体 1: GasCyl1 (置信度: 0.85)
2026-06-05 21:28:26 [INFO] 准备保存检测结果到: C:\code\show\Scrap_Steel_In_Field\photos\dangerous_det\detection_20260605_212826.jpg
2026-06-05 21:28:26 [INFO] 图像形状: (2160, 3840, 3)
2026-06-05 21:28:26 [INFO] 图像数据类型: uint8
2026-06-05 21:28:26 [INFO] 图像最大值: 255
2026-06-05 21:28:26 [INFO] 图像最小值: 0
2026-06-05 21:28:26 [INFO] 开始保存检测结果图像: 图像尺寸=(2160, 3840, 3), 类型=uint8, 路径=C:\code\show\Scrap_Steel_In_Field\photos\dangerous_det\detection_20260605_212826.jpg
2026-06-05 21:28:26 [INFO] 成功保存检测结果到: C:\code\show\Scrap_Steel_In_Field\photos\dangerous_det\detection_20260605_212826.jpg
2026-06-05 21:28:26 [INFO] 保存的检测结果文件大小: 1697142 字节
2026-06-05 21:28:26 [INFO] 引擎上下文已释放
2026-06-05 21:28:26 [INFO] TensorRT 引擎已释放
2026-06-05 21:28:26 [INFO] 全局 CUDA 资源已释放
2026-06-05 21:28:26 [INFO] 检测系统资源已释放
2026-06-05 21:28:30 [INFO] CUDA 初始化成功
2026-06-05 21:28:30 [INFO] 引擎加载成功: dangerous.engine
2026-06-05 21:28:30 [INFO] 检测系统初始化成功
2026-06-05 21:28:31 [INFO] 图像预处理完成，原始尺寸: (2160, 3840)
2026-06-05 21:28:31 [INFO] 开始执行目标检测...
2026-06-05 21:28:31 [INFO] 检测完成，找到 2 个物体
2026-06-05 21:28:31 [INFO] 物体 1: GasCyl1 (置信度: 0.84)
2026-06-05 21:28:31 [INFO] 物体 2: FireExt1 (置信度: 0.42)
2026-06-05 21:28:31 [INFO] 检测到车兜区域，将过滤区域外的目标
2026-06-05 21:28:31 [INFO] 准备保存检测结果到: C:\code\show\Scrap_Steel_In_Field\photos\dangerous_det\detection_20260605_212831.jpg
2026-06-05 21:28:31 [INFO] 图像形状: (2160, 3840, 3)
2026-06-05 21:28:31 [INFO] 图像数据类型: uint8
2026-06-05 21:28:31 [INFO] 图像最大值: 255
2026-06-05 21:28:31 [INFO] 图像最小值: 0
2026-06-05 21:28:31 [INFO] 开始保存检测结果图像: 图像尺寸=(2160, 3840, 3), 类型=uint8, 路径=C:\code\show\Scrap_Steel_In_Field\photos\dangerous_det\detection_20260605_212831.jpg
2026-06-05 21:28:31 [INFO] 成功保存检测结果到: C:\code\show\Scrap_Steel_In_Field\photos\dangerous_det\detection_20260605_212831.jpg
2026-06-05 21:28:31 [INFO] 保存的检测结果文件大小: 1682230 字节
2026-06-05 21:28:31 [INFO] 引擎上下文已释放
2026-06-05 21:28:31 [INFO] TensorRT 引擎已释放
2026-06-05 21:28:31 [INFO] 全局 CUDA 资源已释放
2026-06-05 21:28:31 [INFO] 检测系统资源已释放
2026-06-05 21:28:36 [INFO] CUDA 初始化成功
2026-06-05 21:28:36 [INFO] 引擎加载成功: dangerous.engine
2026-06-05 21:28:36 [INFO] 检测系统初始化成功
2026-06-05 21:28:36 [INFO] 图像预处理完成，原始尺寸: (2160, 3840)
2026-06-05 21:28:36 [INFO] 开始执行目标检测...
2026-06-05 21:28:36 [INFO] 检测完成，找到 3 个物体
2026-06-05 21:28:36 [INFO] 物体 1: GasCyl1 (置信度: 0.81)
2026-06-05 21:28:36 [INFO] 物体 2: FireExt1 (置信度: 0.41)
2026-06-05 21:28:36 [INFO] 物体 3: GasCyl1 (置信度: 0.39)
2026-06-05 21:28:36 [INFO] 检测到车兜区域，将过滤区域外的目标
2026-06-05 21:28:36 [INFO] 准备保存检测结果到: C:\code\show\Scrap_Steel_In_Field\photos\dangerous_det\detection_20260605_212836.jpg
2026-06-05 21:28:36 [INFO] 图像形状: (2160, 3840, 3)
2026-06-05 21:28:36 [INFO] 图像数据类型: uint8
2026-06-05 21:28:36 [INFO] 图像最大值: 255
2026-06-05 21:28:36 [INFO] 图像最小值: 0
2026-06-05 21:28:36 [INFO] 开始保存检测结果图像: 图像尺寸=(2160, 3840, 3), 类型=uint8, 路径=C:\code\show\Scrap_Steel_In_Field\photos\dangerous_det\detection_20260605_212836.jpg
2026-06-05 21:28:36 [INFO] 成功保存检测结果到: C:\code\show\Scrap_Steel_In_Field\photos\dangerous_det\detection_20260605_212836.jpg
2026-06-05 21:28:36 [INFO] 保存的检测结果文件大小: 2134392 字节
2026-06-05 21:28:36 [INFO] 引擎上下文已释放
2026-06-05 21:28:36 [INFO] TensorRT 引擎已释放
2026-06-05 21:28:36 [INFO] 全局 CUDA 资源已释放
2026-06-05 21:28:36 [INFO] 检测系统资源已释放
2026-06-05 21:28:41 [INFO] CUDA 初始化成功
2026-06-05 21:28:41 [INFO] 引擎加载成功: dangerous.engine
2026-06-05 21:28:41 [INFO] 检测系统初始化成功
2026-06-05 21:28:41 [INFO] 图像预处理完成，原始尺寸: (2160, 3840)
2026-06-05 21:28:41 [INFO] 开始执行目标检测...
2026-06-05 21:28:41 [INFO] 检测完成，找到 2 个物体
2026-06-05 21:28:41 [INFO] 物体 1: GasCyl1 (置信度: 0.79)
2026-06-05 21:28:41 [INFO] 物体 2: FireExt1 (置信度: 0.38)
2026-06-05 21:28:41 [INFO] 检测到车兜区域，将过滤区域外的目标
2026-06-05 21:28:41 [INFO] 准备保存检测结果到: C:\code\show\Scrap_Steel_In_Field\photos\dangerous_det\detection_20260605_212841.jpg
2026-06-05 21:28:41 [INFO] 图像形状: (2160, 3840, 3)
2026-06-05 21:28:41 [INFO] 图像数据类型: uint8
2026-06-05 21:28:41 [INFO] 图像最大值: 255
2026-06-05 21:28:41 [INFO] 图像最小值: 0
2026-06-05 21:28:41 [INFO] 开始保存检测结果图像: 图像尺寸=(2160, 3840, 3), 类型=uint8, 路径=C:\code\show\Scrap_Steel_In_Field\photos\dangerous_det\detection_20260605_212841.jpg
2026-06-05 21:28:41 [INFO] 成功保存检测结果到: C:\code\show\Scrap_Steel_In_Field\photos\dangerous_det\detection_20260605_212841.jpg
2026-06-05 21:28:41 [INFO] 保存的检测结果文件大小: 2148020 字节
2026-06-05 21:28:41 [INFO] 引擎上下文已释放
2026-06-05 21:28:41 [INFO] TensorRT 引擎已释放
2026-06-05 21:28:41 [INFO] 全局 CUDA 资源已释放
2026-06-05 21:28:41 [INFO] 检测系统资源已释放
2026-06-05 21:28:46 [INFO] CUDA 初始化成功
2026-06-05 21:28:46 [INFO] 引擎加载成功: dangerous.engine
2026-06-05 21:28:46 [INFO] 检测系统初始化成功
2026-06-05 21:28:46 [INFO] 图像预处理完成，原始尺寸: (2160, 3840)
2026-06-05 21:28:46 [INFO] 开始执行目标检测...
2026-06-05 21:28:46 [INFO] 检测完成，找到 2 个物体
2026-06-05 21:28:46 [INFO] 物体 1: GasCyl1 (置信度: 0.80)
2026-06-05 21:28:46 [INFO] 物体 2: FireExt1 (置信度: 0.39)
2026-06-05 21:28:46 [INFO] 检测到车兜区域，将过滤区域外的目标
2026-06-05 21:28:46 [INFO] 准备保存检测结果到: C:\code\show\Scrap_Steel_In_Field\photos\dangerous_det\detection_20260605_212846.jpg
2026-06-05 21:28:46 [INFO] 图像形状: (2160, 3840, 3)
2026-06-05 21:28:46 [INFO] 图像数据类型: uint8
2026-06-05 21:28:46 [INFO] 图像最大值: 255
2026-06-05 21:28:46 [INFO] 图像最小值: 0
2026-06-05 21:28:46 [INFO] 开始保存检测结果图像: 图像尺寸=(2160, 3840, 3), 类型=uint8, 路径=C:\code\show\Scrap_Steel_In_Field\photos\dangerous_det\detection_20260605_212846.jpg
2026-06-05 21:28:46 [INFO] 成功保存检测结果到: C:\code\show\Scrap_Steel_In_Field\photos\dangerous_det\detection_20260605_212846.jpg
2026-06-05 21:28:46 [INFO] 保存的检测结果文件大小: 2151588 字节
2026-06-05 21:28:46 [INFO] 引擎上下文已释放
2026-06-05 21:28:46 [INFO] TensorRT 引擎已释放
2026-06-05 21:28:46 [INFO] 全局 CUDA 资源已释放
2026-06-05 21:28:46 [INFO] 检测系统资源已释放
2026-06-05 21:28:51 [INFO] CUDA 初始化成功
2026-06-05 21:28:51 [INFO] 引擎加载成功: dangerous.engine
2026-06-05 21:28:51 [INFO] 检测系统初始化成功
2026-06-05 21:28:51 [INFO] 图像预处理完成，原始尺寸: (2160, 3840)
2026-06-05 21:28:51 [INFO] 开始执行目标检测...
2026-06-05 21:28:51 [INFO] 检测完成，找到 2 个物体
2026-06-05 21:28:51 [INFO] 物体 1: GasCyl1 (置信度: 0.77)
2026-06-05 21:28:51 [INFO] 物体 2: FireExt1 (置信度: 0.41)
2026-06-05 21:28:51 [INFO] 检测到车兜区域，将过滤区域外的目标
2026-06-05 21:28:51 [INFO] 准备保存检测结果到: C:\code\show\Scrap_Steel_In_Field\photos\dangerous_det\detection_20260605_212851.jpg
2026-06-05 21:28:51 [INFO] 图像形状: (2160, 3840, 3)
2026-06-05 21:28:51 [INFO] 图像数据类型: uint8
2026-06-05 21:28:51 [INFO] 图像最大值: 255
2026-06-05 21:28:51 [INFO] 图像最小值: 0
2026-06-05 21:28:51 [INFO] 开始保存检测结果图像: 图像尺寸=(2160, 3840, 3), 类型=uint8, 路径=C:\code\show\Scrap_Steel_In_Field\photos\dangerous_det\detection_20260605_212851.jpg
2026-06-05 21:28:51 [INFO] 成功保存检测结果到: C:\code\show\Scrap_Steel_In_Field\photos\dangerous_det\detection_20260605_212851.jpg
2026-06-05 21:28:51 [INFO] 保存的检测结果文件大小: 2152193 字节
2026-06-05 21:28:51 [INFO] 引擎上下文已释放
2026-06-05 21:28:51 [INFO] TensorRT 引擎已释放
2026-06-05 21:28:51 [INFO] 全局 CUDA 资源已释放
2026-06-05 21:28:51 [INFO] 检测系统资源已释放
2026-06-05 21:28:56 [INFO] CUDA 初始化成功
2026-06-05 21:28:56 [INFO] 引擎加载成功: dangerous.engine
2026-06-05 21:28:56 [INFO] 检测系统初始化成功
2026-06-05 21:28:56 [INFO] 图像预处理完成，原始尺寸: (2160, 3840)
2026-06-05 21:28:56 [INFO] 开始执行目标检测...
2026-06-05 21:28:56 [INFO] 检测完成，找到 2 个物体
2026-06-05 21:28:56 [INFO] 物体 1: GasCyl1 (置信度: 0.82)
2026-06-05 21:28:56 [INFO] 物体 2: FireExt1 (置信度: 0.39)
2026-06-05 21:28:56 [INFO] 检测到车兜区域，将过滤区域外的目标
2026-06-05 21:28:56 [INFO] 准备保存检测结果到: C:\code\show\Scrap_Steel_In_Field\photos\dangerous_det\detection_20260605_212856.jpg
2026-06-05 21:28:56 [INFO] 图像形状: (2160, 3840, 3)
2026-06-05 21:28:56 [INFO] 图像数据类型: uint8
2026-06-05 21:28:56 [INFO] 图像最大值: 255
2026-06-05 21:28:56 [INFO] 图像最小值: 0
2026-06-05 21:28:56 [INFO] 开始保存检测结果图像: 图像尺寸=(2160, 3840, 3), 类型=uint8, 路径=C:\code\show\Scrap_Steel_In_Field\photos\dangerous_det\detection_20260605_212856.jpg
2026-06-05 21:28:56 [INFO] 成功保存检测结果到: C:\code\show\Scrap_Steel_In_Field\photos\dangerous_det\detection_20260605_212856.jpg
2026-06-05 21:28:56 [INFO] 保存的检测结果文件大小: 2150729 字节
2026-06-05 21:28:56 [INFO] 引擎上下文已释放
2026-06-05 21:28:56 [INFO] TensorRT 引擎已释放
2026-06-05 21:28:56 [INFO] 全局 CUDA 资源已释放
2026-06-05 21:28:56 [INFO] 检测系统资源已释放
2026-06-05 21:29:01 [INFO] CUDA 初始化成功
2026-06-05 21:29:01 [INFO] 引擎加载成功: dangerous.engine
2026-06-05 21:29:01 [INFO] 检测系统初始化成功
2026-06-05 21:29:01 [INFO] 图像预处理完成，原始尺寸: (2160, 3840)
2026-06-05 21:29:01 [INFO] 开始执行目标检测...
2026-06-05 21:29:02 [INFO] 检测完成，找到 3 个物体
2026-06-05 21:29:02 [INFO] 物体 1: GasCyl1 (置信度: 0.83)
2026-06-05 21:29:02 [INFO] 物体 2: FireExt1 (置信度: 0.46)
2026-06-05 21:29:02 [INFO] 物体 3: GasCyl1 (置信度: 0.39)
2026-06-05 21:29:02 [INFO] 检测到车兜区域，将过滤区域外的目标
2026-06-05 21:29:02 [INFO] 准备保存检测结果到: C:\code\show\Scrap_Steel_In_Field\photos\dangerous_det\detection_20260605_212902.jpg
2026-06-05 21:29:02 [INFO] 图像形状: (2160, 3840, 3)
2026-06-05 21:29:02 [INFO] 图像数据类型: uint8
2026-06-05 21:29:02 [INFO] 图像最大值: 255
2026-06-05 21:29:02 [INFO] 图像最小值: 0
2026-06-05 21:29:02 [INFO] 开始保存检测结果图像: 图像尺寸=(2160, 3840, 3), 类型=uint8, 路径=C:\code\show\Scrap_Steel_In_Field\photos\dangerous_det\detection_20260605_212902.jpg
2026-06-05 21:29:02 [INFO] 成功保存检测结果到: C:\code\show\Scrap_Steel_In_Field\photos\dangerous_det\detection_20260605_212902.jpg
2026-06-05 21:29:02 [INFO] 保存的检测结果文件大小: 2139983 字节
2026-06-05 21:29:02 [INFO] 引擎上下文已释放
2026-06-05 21:29:02 [INFO] TensorRT 引擎已释放
2026-06-05 21:29:02 [INFO] 全局 CUDA 资源已释放
2026-06-05 21:29:02 [INFO] 检测系统资源已释放
2026-06-05 21:29:07 [INFO] CUDA 初始化成功
2026-06-05 21:29:07 [INFO] 引擎加载成功: dangerous.engine
2026-06-05 21:29:07 [INFO] 检测系统初始化成功
2026-06-05 21:29:07 [INFO] 图像预处理完成，原始尺寸: (2160, 3840)
2026-06-05 21:29:07 [INFO] 开始执行目标检测...
2026-06-05 21:29:07 [INFO] 检测完成，找到 2 个物体
2026-06-05 21:29:07 [INFO] 物体 1: GasCyl1 (置信度: 0.81)
2026-06-05 21:29:07 [INFO] 物体 2: FireExt1 (置信度: 0.42)
2026-06-05 21:29:07 [INFO] 检测到车兜区域，将过滤区域外的目标
2026-06-05 21:29:07 [INFO] 准备保存检测结果到: C:\code\show\Scrap_Steel_In_Field\photos\dangerous_det\detection_20260605_212907.jpg
2026-06-05 21:29:07 [INFO] 图像形状: (2160, 3840, 3)
2026-06-05 21:29:07 [INFO] 图像数据类型: uint8
2026-06-05 21:29:07 [INFO] 图像最大值: 255
2026-06-05 21:29:07 [INFO] 图像最小值: 0
2026-06-05 21:29:07 [INFO] 开始保存检测结果图像: 图像尺寸=(2160, 3840, 3), 类型=uint8, 路径=C:\code\show\Scrap_Steel_In_Field\photos\dangerous_det\detection_20260605_212907.jpg
2026-06-05 21:29:07 [INFO] 成功保存检测结果到: C:\code\show\Scrap_Steel_In_Field\photos\dangerous_det\detection_20260605_212907.jpg
2026-06-05 21:29:07 [INFO] 保存的检测结果文件大小: 2141812 字节
2026-06-05 21:29:07 [INFO] 引擎上下文已释放
2026-06-05 21:29:07 [INFO] TensorRT 引擎已释放
2026-06-05 21:29:07 [INFO] 全局 CUDA 资源已释放
2026-06-05 21:29:07 [INFO] 检测系统资源已释放
2026-06-05 21:29:12 [INFO] CUDA 初始化成功
2026-06-05 21:29:12 [INFO] 引擎加载成功: dangerous.engine
2026-06-05 21:29:12 [INFO] 检测系统初始化成功
2026-06-05 21:29:12 [INFO] 图像预处理完成，原始尺寸: (2160, 3840)
2026-06-05 21:29:12 [INFO] 开始执行目标检测...
2026-06-05 21:29:12 [INFO] 检测完成，找到 3 个物体
2026-06-05 21:29:12 [INFO] 物体 1: GasCyl1 (置信度: 0.81)
2026-06-05 21:29:12 [INFO] 物体 2: FireExt1 (置信度: 0.44)
2026-06-05 21:29:12 [INFO] 物体 3: GasCyl1 (置信度: 0.36)
2026-06-05 21:29:12 [INFO] 检测到车兜区域，将过滤区域外的目标
2026-06-05 21:29:12 [INFO] 准备保存检测结果到: C:\code\show\Scrap_Steel_In_Field\photos\dangerous_det\detection_20260605_212912.jpg
2026-06-05 21:29:12 [INFO] 图像形状: (2160, 3840, 3)
2026-06-05 21:29:12 [INFO] 图像数据类型: uint8
2026-06-05 21:29:12 [INFO] 图像最大值: 255
2026-06-05 21:29:12 [INFO] 图像最小值: 0
2026-06-05 21:29:12 [INFO] 开始保存检测结果图像: 图像尺寸=(2160, 3840, 3), 类型=uint8, 路径=C:\code\show\Scrap_Steel_In_Field\photos\dangerous_det\detection_20260605_212912.jpg
2026-06-05 21:29:12 [INFO] 成功保存检测结果到: C:\code\show\Scrap_Steel_In_Field\photos\dangerous_det\detection_20260605_212912.jpg
2026-06-05 21:29:12 [INFO] 保存的检测结果文件大小: 2148807 字节
2026-06-05 21:29:12 [INFO] 引擎上下文已释放
2026-06-05 21:29:12 [INFO] TensorRT 引擎已释放
2026-06-05 21:29:12 [INFO] 全局 CUDA 资源已释放
2026-06-05 21:29:12 [INFO] 检测系统资源已释放
2026-06-05 21:29:17 [INFO] CUDA 初始化成功
2026-06-05 21:29:17 [INFO] 引擎加载成功: dangerous.engine
2026-06-05 21:29:17 [INFO] 检测系统初始化成功
2026-06-05 21:29:17 [INFO] 图像预处理完成，原始尺寸: (2160, 3840)
2026-06-05 21:29:17 [INFO] 开始执行目标检测...
2026-06-05 21:29:17 [INFO] 检测完成，找到 3 个物体
2026-06-05 21:29:17 [INFO] 物体 1: GasCyl1 (置信度: 0.80)
2026-06-05 21:29:17 [INFO] 物体 2: FireExt1 (置信度: 0.40)
2026-06-05 21:29:17 [INFO] 物体 3: FireExt1 (置信度: 0.38)
2026-06-05 21:29:17 [INFO] 检测到车兜区域，将过滤区域外的目标
2026-06-05 21:29:17 [INFO] 车兜区域过滤: 3 -> 2 个目标
2026-06-05 21:29:17 [INFO] 准备保存检测结果到: C:\code\show\Scrap_Steel_In_Field\photos\dangerous_det\detection_20260605_212917.jpg
2026-06-05 21:29:17 [INFO] 图像形状: (2160, 3840, 3)
2026-06-05 21:29:17 [INFO] 图像数据类型: uint8
2026-06-05 21:29:17 [INFO] 图像最大值: 255
2026-06-05 21:29:17 [INFO] 图像最小值: 0
2026-06-05 21:29:17 [INFO] 开始保存检测结果图像: 图像尺寸=(2160, 3840, 3), 类型=uint8, 路径=C:\code\show\Scrap_Steel_In_Field\photos\dangerous_det\detection_20260605_212917.jpg
2026-06-05 21:29:17 [INFO] 成功保存检测结果到: C:\code\show\Scrap_Steel_In_Field\photos\dangerous_det\detection_20260605_212917.jpg
2026-06-05 21:29:17 [INFO] 保存的检测结果文件大小: 2177523 字节
2026-06-05 21:29:17 [INFO] 引擎上下文已释放
2026-06-05 21:29:17 [INFO] TensorRT 引擎已释放
2026-06-05 21:29:17 [INFO] 全局 CUDA 资源已释放
2026-06-05 21:29:17 [INFO] 检测系统资源已释放
2026-06-05 21:29:22 [INFO] CUDA 初始化成功
2026-06-05 21:29:22 [INFO] 引擎加载成功: dangerous.engine
2026-06-05 21:29:22 [INFO] 检测系统初始化成功
2026-06-05 21:29:22 [INFO] 图像预处理完成，原始尺寸: (2160, 3840)
2026-06-05 21:29:22 [INFO] 开始执行目标检测...
2026-06-05 21:29:22 [INFO] 检测完成，找到 2 个物体
2026-06-05 21:29:22 [INFO] 物体 1: GasCyl1 (置信度: 0.81)
2026-06-05 21:29:22 [INFO] 物体 2: FireExt1 (置信度: 0.38)
2026-06-05 21:29:22 [INFO] 检测到车兜区域，将过滤区域外的目标
2026-06-05 21:29:22 [INFO] 准备保存检测结果到: C:\code\show\Scrap_Steel_In_Field\photos\dangerous_det\detection_20260605_212922.jpg
2026-06-05 21:29:22 [INFO] 图像形状: (2160, 3840, 3)
2026-06-05 21:29:22 [INFO] 图像数据类型: uint8
2026-06-05 21:29:22 [INFO] 图像最大值: 255
2026-06-05 21:29:22 [INFO] 图像最小值: 0
2026-06-05 21:29:22 [INFO] 开始保存检测结果图像: 图像尺寸=(2160, 3840, 3), 类型=uint8, 路径=C:\code\show\Scrap_Steel_In_Field\photos\dangerous_det\detection_20260605_212922.jpg
2026-06-05 21:29:22 [INFO] 成功保存检测结果到: C:\code\show\Scrap_Steel_In_Field\photos\dangerous_det\detection_20260605_212922.jpg
2026-06-05 21:29:22 [INFO] 保存的检测结果文件大小: 2210599 字节
2026-06-05 21:29:22 [INFO] 引擎上下文已释放
2026-06-05 21:29:22 [INFO] TensorRT 引擎已释放
2026-06-05 21:29:22 [INFO] 全局 CUDA 资源已释放
2026-06-05 21:29:22 [INFO] 检测系统资源已释放
2026-06-05 21:29:27 [INFO] CUDA 初始化成功
2026-06-05 21:29:27 [INFO] 引擎加载成功: dangerous.engine
2026-06-05 21:29:27 [INFO] 检测系统初始化成功
2026-06-05 21:29:27 [INFO] 图像预处理完成，原始尺寸: (2160, 3840)
2026-06-05 21:29:27 [INFO] 开始执行目标检测...
2026-06-05 21:29:27 [INFO] 检测完成，找到 2 个物体
2026-06-05 21:29:27 [INFO] 物体 1: GasCyl1 (置信度: 0.80)
2026-06-05 21:29:27 [INFO] 物体 2: FireExt1 (置信度: 0.42)
2026-06-05 21:29:27 [INFO] 检测到车兜区域，将过滤区域外的目标
2026-06-05 21:29:27 [INFO] 准备保存检测结果到: C:\code\show\Scrap_Steel_In_Field\photos\dangerous_det\detection_20260605_212927.jpg
2026-06-05 21:29:27 [INFO] 图像形状: (2160, 3840, 3)
2026-06-05 21:29:27 [INFO] 图像数据类型: uint8
2026-06-05 21:29:27 [INFO] 图像最大值: 255
2026-06-05 21:29:27 [INFO] 图像最小值: 0
2026-06-05 21:29:27 [INFO] 开始保存检测结果图像: 图像尺寸=(2160, 3840, 3), 类型=uint8, 路径=C:\code\show\Scrap_Steel_In_Field\photos\dangerous_det\detection_20260605_212927.jpg
2026-06-05 21:29:27 [INFO] 成功保存检测结果到: C:\code\show\Scrap_Steel_In_Field\photos\dangerous_det\detection_20260605_212927.jpg
2026-06-05 21:29:27 [INFO] 保存的检测结果文件大小: 2214680 字节
2026-06-05 21:29:27 [INFO] 引擎上下文已释放
2026-06-05 21:29:27 [INFO] TensorRT 引擎已释放
2026-06-05 21:29:27 [INFO] 全局 CUDA 资源已释放
2026-06-05 21:29:27 [INFO] 检测系统资源已释放
2026-06-05 21:29:32 [INFO] CUDA 初始化成功
2026-06-05 21:29:32 [INFO] 引擎加载成功: dangerous.engine
2026-06-05 21:29:32 [INFO] 检测系统初始化成功
2026-06-05 21:29:32 [INFO] 图像预处理完成，原始尺寸: (2160, 3840)
2026-06-05 21:29:32 [INFO] 开始执行目标检测...
2026-06-05 21:29:32 [INFO] 检测完成，找到 2 个物体
2026-06-05 21:29:32 [INFO] 物体 1: GasCyl1 (置信度: 0.81)
2026-06-05 21:29:32 [INFO] 物体 2: FireExt1 (置信度: 0.41)
2026-06-05 21:29:32 [INFO] 检测到车兜区域，将过滤区域外的目标
2026-06-05 21:29:32 [INFO] 准备保存检测结果到: C:\code\show\Scrap_Steel_In_Field\photos\dangerous_det\detection_20260605_212932.jpg
2026-06-05 21:29:32 [INFO] 图像形状: (2160, 3840, 3)
2026-06-05 21:29:32 [INFO] 图像数据类型: uint8
2026-06-05 21:29:32 [INFO] 图像最大值: 255
2026-06-05 21:29:32 [INFO] 图像最小值: 0
2026-06-05 21:29:32 [INFO] 开始保存检测结果图像: 图像尺寸=(2160, 3840, 3), 类型=uint8, 路径=C:\code\show\Scrap_Steel_In_Field\photos\dangerous_det\detection_20260605_212932.jpg
2026-06-05 21:29:32 [INFO] 成功保存检测结果到: C:\code\show\Scrap_Steel_In_Field\photos\dangerous_det\detection_20260605_212932.jpg
2026-06-05 21:29:32 [INFO] 保存的检测结果文件大小: 2214964 字节
2026-06-05 21:29:32 [INFO] 引擎上下文已释放
2026-06-05 21:29:32 [INFO] TensorRT 引擎已释放
2026-06-05 21:29:32 [INFO] 全局 CUDA 资源已释放
2026-06-05 21:29:32 [INFO] 检测系统资源已释放
2026-06-05 21:29:37 [INFO] CUDA 初始化成功
2026-06-05 21:29:37 [INFO] 引擎加载成功: dangerous.engine
2026-06-05 21:29:37 [INFO] 检测系统初始化成功
2026-06-05 21:29:37 [INFO] 图像预处理完成，原始尺寸: (2160, 3840)
2026-06-05 21:29:37 [INFO] 开始执行目标检测...
2026-06-05 21:29:38 [INFO] 检测完成，找到 2 个物体
2026-06-05 21:29:38 [INFO] 物体 1: GasCyl1 (置信度: 0.80)
2026-06-05 21:29:38 [INFO] 物体 2: FireExt1 (置信度: 0.42)
2026-06-05 21:29:38 [INFO] 检测到车兜区域，将过滤区域外的目标
2026-06-05 21:29:38 [INFO] 准备保存检测结果到: C:\code\show\Scrap_Steel_In_Field\photos\dangerous_det\detection_20260605_212938.jpg
2026-06-05 21:29:38 [INFO] 图像形状: (2160, 3840, 3)
2026-06-05 21:29:38 [INFO] 图像数据类型: uint8
2026-06-05 21:29:38 [INFO] 图像最大值: 255
2026-06-05 21:29:38 [INFO] 图像最小值: 0
2026-06-05 21:29:38 [INFO] 开始保存检测结果图像: 图像尺寸=(2160, 3840, 3), 类型=uint8, 路径=C:\code\show\Scrap_Steel_In_Field\photos\dangerous_det\detection_20260605_212938.jpg
2026-06-05 21:29:38 [INFO] 成功保存检测结果到: C:\code\show\Scrap_Steel_In_Field\photos\dangerous_det\detection_20260605_212938.jpg
2026-06-05 21:29:38 [INFO] 保存的检测结果文件大小: 2214516 字节
2026-06-05 21:29:38 [INFO] 引擎上下文已释放
2026-06-05 21:29:38 [INFO] TensorRT 引擎已释放
2026-06-05 21:29:38 [INFO] 全局 CUDA 资源已释放
2026-06-05 21:29:38 [INFO] 检测系统资源已释放
2026-06-05 21:29:43 [INFO] CUDA 初始化成功
2026-06-05 21:29:43 [INFO] 引擎加载成功: dangerous.engine
2026-06-05 21:29:43 [INFO] 检测系统初始化成功
2026-06-05 21:29:43 [INFO] 图像预处理完成，原始尺寸: (2160, 3840)
2026-06-05 21:29:43 [INFO] 开始执行目标检测...
2026-06-05 21:29:43 [INFO] 检测完成，找到 3 个物体
2026-06-05 21:29:43 [INFO] 物体 1: GasCyl1 (置信度: 0.75)
2026-06-05 21:29:43 [INFO] 物体 2: FireExt1 (置信度: 0.40)
2026-06-05 21:29:43 [INFO] 物体 3: FireExt1 (置信度: 0.38)
2026-06-05 21:29:43 [INFO] 检测到车兜区域，将过滤区域外的目标
2026-06-05 21:29:43 [INFO] 车兜区域过滤: 3 -> 2 个目标
2026-06-05 21:29:43 [INFO] 准备保存检测结果到: C:\code\show\Scrap_Steel_In_Field\photos\dangerous_det\detection_20260605_212943.jpg
2026-06-05 21:29:43 [INFO] 图像形状: (2160, 3840, 3)
2026-06-05 21:29:43 [INFO] 图像数据类型: uint8
2026-06-05 21:29:43 [INFO] 图像最大值: 255
2026-06-05 21:29:43 [INFO] 图像最小值: 0
2026-06-05 21:29:43 [INFO] 开始保存检测结果图像: 图像尺寸=(2160, 3840, 3), 类型=uint8, 路径=C:\code\show\Scrap_Steel_In_Field\photos\dangerous_det\detection_20260605_212943.jpg
2026-06-05 21:29:43 [INFO] 成功保存检测结果到: C:\code\show\Scrap_Steel_In_Field\photos\dangerous_det\detection_20260605_212943.jpg
2026-06-05 21:29:43 [INFO] 保存的检测结果文件大小: 2217647 字节
2026-06-05 21:29:43 [INFO] 引擎上下文已释放
2026-06-05 21:29:43 [INFO] TensorRT 引擎已释放
2026-06-05 21:29:43 [INFO] 全局 CUDA 资源已释放
2026-06-05 21:29:43 [INFO] 检测系统资源已释放
2026-06-05 21:29:48 [INFO] CUDA 初始化成功
2026-06-05 21:29:48 [INFO] 引擎加载成功: dangerous.engine
2026-06-05 21:29:48 [INFO] 检测系统初始化成功
2026-06-05 21:29:48 [INFO] 图像预处理完成，原始尺寸: (2160, 3840)
2026-06-05 21:29:48 [INFO] 开始执行目标检测...
2026-06-05 21:29:48 [INFO] 检测完成，找到 3 个物体
2026-06-05 21:29:48 [INFO] 物体 1: GasCyl1 (置信度: 0.78)
2026-06-05 21:29:48 [INFO] 物体 2: FireExt1 (置信度: 0.37)
2026-06-05 21:29:48 [INFO] 物体 3: FireExt1 (置信度: 0.37)
2026-06-05 21:29:48 [INFO] 检测到车兜区域，将过滤区域外的目标
2026-06-05 21:29:48 [INFO] 车兜区域过滤: 3 -> 2 个目标
2026-06-05 21:29:48 [INFO] 准备保存检测结果到: C:\code\show\Scrap_Steel_In_Field\photos\dangerous_det\detection_20260605_212948.jpg
2026-06-05 21:29:48 [INFO] 图像形状: (2160, 3840, 3)
2026-06-05 21:29:48 [INFO] 图像数据类型: uint8
2026-06-05 21:29:48 [INFO] 图像最大值: 255
2026-06-05 21:29:48 [INFO] 图像最小值: 0
2026-06-05 21:29:48 [INFO] 开始保存检测结果图像: 图像尺寸=(2160, 3840, 3), 类型=uint8, 路径=C:\code\show\Scrap_Steel_In_Field\photos\dangerous_det\detection_20260605_212948.jpg
2026-06-05 21:29:48 [INFO] 成功保存检测结果到: C:\code\show\Scrap_Steel_In_Field\photos\dangerous_det\detection_20260605_212948.jpg
2026-06-05 21:29:48 [INFO] 保存的检测结果文件大小: 2210311 字节
2026-06-05 21:29:48 [INFO] 引擎上下文已释放
2026-06-05 21:29:48 [INFO] TensorRT 引擎已释放
2026-06-05 21:29:48 [INFO] 全局 CUDA 资源已释放
2026-06-05 21:29:48 [INFO] 检测系统资源已释放
2026-06-05 21:29:53 [INFO] CUDA 初始化成功
2026-06-05 21:29:53 [INFO] 引擎加载成功: dangerous.engine
2026-06-05 21:29:53 [INFO] 检测系统初始化成功
2026-06-05 21:29:53 [INFO] 图像预处理完成，原始尺寸: (2160, 3840)
2026-06-05 21:29:53 [INFO] 开始执行目标检测...
2026-06-05 21:29:53 [INFO] 检测完成，找到 3 个物体
2026-06-05 21:29:53 [INFO] 物体 1: GasCyl1 (置信度: 0.78)
2026-06-05 21:29:53 [INFO] 物体 2: FireExt1 (置信度: 0.42)
2026-06-05 21:29:53 [INFO] 物体 3: FireExt1 (置信度: 0.38)
2026-06-05 21:29:53 [INFO] 检测到车兜区域，将过滤区域外的目标
2026-06-05 21:29:53 [INFO] 车兜区域过滤: 3 -> 2 个目标
2026-06-05 21:29:53 [INFO] 准备保存检测结果到: C:\code\show\Scrap_Steel_In_Field\photos\dangerous_det\detection_20260605_212953.jpg
2026-06-05 21:29:53 [INFO] 图像形状: (2160, 3840, 3)
2026-06-05 21:29:53 [INFO] 图像数据类型: uint8
2026-06-05 21:29:53 [INFO] 图像最大值: 255
2026-06-05 21:29:53 [INFO] 图像最小值: 0
2026-06-05 21:29:53 [INFO] 开始保存检测结果图像: 图像尺寸=(2160, 3840, 3), 类型=uint8, 路径=C:\code\show\Scrap_Steel_In_Field\photos\dangerous_det\detection_20260605_212953.jpg
2026-06-05 21:29:53 [INFO] 成功保存检测结果到: C:\code\show\Scrap_Steel_In_Field\photos\dangerous_det\detection_20260605_212953.jpg
2026-06-05 21:29:53 [INFO] 保存的检测结果文件大小: 2210167 字节
2026-06-05 21:29:53 [INFO] 引擎上下文已释放
2026-06-05 21:29:53 [INFO] TensorRT 引擎已释放
2026-06-05 21:29:53 [INFO] 全局 CUDA 资源已释放
2026-06-05 21:29:53 [INFO] 检测系统资源已释放
2026-06-05 21:29:58 [INFO] CUDA 初始化成功
2026-06-05 21:29:58 [INFO] 引擎加载成功: dangerous.engine
2026-06-05 21:29:58 [INFO] 检测系统初始化成功
2026-06-05 21:29:58 [INFO] 图像预处理完成，原始尺寸: (2160, 3840)
2026-06-05 21:29:58 [INFO] 开始执行目标检测...
2026-06-05 21:29:58 [INFO] 检测完成，找到 3 个物体
2026-06-05 21:29:58 [INFO] 物体 1: GasCyl1 (置信度: 0.74)
2026-06-05 21:29:58 [INFO] 物体 2: FireExt1 (置信度: 0.39)
2026-06-05 21:29:58 [INFO] 物体 3: FireExt1 (置信度: 0.36)
2026-06-05 21:29:58 [INFO] 检测到车兜区域，将过滤区域外的目标
2026-06-05 21:29:58 [INFO] 车兜区域过滤: 3 -> 2 个目标
2026-06-05 21:29:58 [INFO] 准备保存检测结果到: C:\code\show\Scrap_Steel_In_Field\photos\dangerous_det\detection_20260605_212958.jpg
2026-06-05 21:29:58 [INFO] 图像形状: (2160, 3840, 3)
2026-06-05 21:29:58 [INFO] 图像数据类型: uint8
2026-06-05 21:29:58 [INFO] 图像最大值: 255
2026-06-05 21:29:58 [INFO] 图像最小值: 0
2026-06-05 21:29:58 [INFO] 开始保存检测结果图像: 图像尺寸=(2160, 3840, 3), 类型=uint8, 路径=C:\code\show\Scrap_Steel_In_Field\photos\dangerous_det\detection_20260605_212958.jpg
2026-06-05 21:29:58 [INFO] 成功保存检测结果到: C:\code\show\Scrap_Steel_In_Field\photos\dangerous_det\detection_20260605_212958.jpg
2026-06-05 21:29:58 [INFO] 保存的检测结果文件大小: 2211189 字节
2026-06-05 21:29:58 [INFO] 引擎上下文已释放
2026-06-05 21:29:58 [INFO] TensorRT 引擎已释放
2026-06-05 21:29:58 [INFO] 全局 CUDA 资源已释放
2026-06-05 21:29:58 [INFO] 检测系统资源已释放
2026-06-05 21:30:03 [INFO] CUDA 初始化成功
2026-06-05 21:30:03 [INFO] 引擎加载成功: dangerous.engine
2026-06-05 21:30:03 [INFO] 检测系统初始化成功
2026-06-05 21:30:03 [INFO] 图像预处理完成，原始尺寸: (2160, 3840)
2026-06-05 21:30:03 [INFO] 开始执行目标检测...
2026-06-05 21:30:03 [INFO] 检测完成，找到 3 个物体
2026-06-05 21:30:03 [INFO] 物体 1: GasCyl1 (置信度: 0.76)
2026-06-05 21:30:03 [INFO] 物体 2: FireExt1 (置信度: 0.39)
2026-06-05 21:30:03 [INFO] 物体 3: FireExt1 (置信度: 0.38)
2026-06-05 21:30:03 [INFO] 检测到车兜区域，将过滤区域外的目标
2026-06-05 21:30:03 [INFO] 车兜区域过滤: 3 -> 2 个目标
2026-06-05 21:30:03 [INFO] 准备保存检测结果到: C:\code\show\Scrap_Steel_In_Field\photos\dangerous_det\detection_20260605_213003.jpg
2026-06-05 21:30:03 [INFO] 图像形状: (2160, 3840, 3)
2026-06-05 21:30:03 [INFO] 图像数据类型: uint8
2026-06-05 21:30:03 [INFO] 图像最大值: 255
2026-06-05 21:30:03 [INFO] 图像最小值: 0
2026-06-05 21:30:03 [INFO] 开始保存检测结果图像: 图像尺寸=(2160, 3840, 3), 类型=uint8, 路径=C:\code\show\Scrap_Steel_In_Field\photos\dangerous_det\detection_20260605_213003.jpg
2026-06-05 21:30:03 [INFO] 成功保存检测结果到: C:\code\show\Scrap_Steel_In_Field\photos\dangerous_det\detection_20260605_213003.jpg
2026-06-05 21:30:03 [INFO] 保存的检测结果文件大小: 2212433 字节
2026-06-05 21:30:03 [INFO] 引擎上下文已释放
2026-06-05 21:30:03 [INFO] TensorRT 引擎已释放
2026-06-05 21:30:04 [INFO] 全局 CUDA 资源已释放
2026-06-05 21:30:04 [INFO] 检测系统资源已释放
