2026-07-16 15:29:35 [INFO] CUDA 初始化成功
2026-07-16 15:29:35 [INFO] 引擎加载成功: dangerous.engine
2026-07-16 15:29:35 [INFO] 检测系统初始化成功
2026-07-16 15:29:37 [INFO] 引擎加载成功: dangerous.engine
2026-07-16 15:29:37 [INFO] 检测系统初始化成功
2026-07-16 15:29:37 [INFO] 图像预处理完成，原始尺寸: (2160, 3840)
2026-07-16 15:29:37 [INFO] 开始执行目标检测...
2026-07-16 15:29:37 [INFO] 检测完成，找到 0 个物体
2026-07-16 15:29:37 [INFO] 检测到车兜区域，将过滤区域外的目标
2026-07-16 15:29:37 [INFO] 引擎上下文已释放
2026-07-16 15:29:37 [INFO] TensorRT 引擎已释放
2026-07-16 15:29:37 [INFO] 全局 CUDA 资源已释放
2026-07-16 15:29:37 [INFO] 检测系统资源已释放
2026-07-16 15:29:42 [INFO] CUDA 初始化成功
2026-07-16 15:29:42 [INFO] 引擎加载成功: dangerous.engine
2026-07-16 15:29:42 [INFO] 检测系统初始化成功
2026-07-16 15:29:42 [INFO] 图像预处理完成，原始尺寸: (2160, 3840)
2026-07-16 15:29:42 [INFO] 开始执行目标检测...
2026-07-16 15:29:42 [INFO] 检测完成，找到 2 个物体
2026-07-16 15:29:42 [INFO] 物体 1: GasCyl1 (置信度: 0.90)
2026-07-16 15:29:42 [INFO] 物体 2: GasCyl1 (置信度: 0.45)
2026-07-16 15:29:42 [INFO] 检测到车兜区域，将过滤区域外的目标
2026-07-16 15:29:42 [INFO] 准备保存检测结果到: C:\code\show\Scrap_Steel_In_Field\photos\dangerous_det\detection_20260716_152942.jpg
2026-07-16 15:29:42 [INFO] 图像形状: (2160, 3840, 3)
2026-07-16 15:29:42 [INFO] 图像数据类型: uint8
2026-07-16 15:29:42 [INFO] 图像最大值: 255
2026-07-16 15:29:42 [INFO] 图像最小值: 0
2026-07-16 15:29:42 [INFO] 开始保存检测结果图像: 图像尺寸=(2160, 3840, 3), 类型=uint8, 路径=C:\code\show\Scrap_Steel_In_Field\photos\dangerous_det\detection_20260716_152942.jpg
2026-07-16 15:29:43 [INFO] 成功保存检测结果到: C:\code\show\Scrap_Steel_In_Field\photos\dangerous_det\detection_20260716_152942.jpg
2026-07-16 15:29:43 [INFO] 保存的检测结果文件大小: 2180522 字节
2026-07-16 15:29:43 [INFO] 引擎上下文已释放
2026-07-16 15:29:43 [INFO] TensorRT 引擎已释放
2026-07-16 15:29:43 [INFO] 全局 CUDA 资源已释放
2026-07-16 15:29:43 [INFO] 检测系统资源已释放
2026-07-16 15:29:50 [INFO] CUDA 初始化成功
2026-07-16 15:29:50 [INFO] 引擎加载成功: dangerous.engine
2026-07-16 15:29:50 [INFO] 检测系统初始化成功
2026-07-16 15:29:50 [INFO] 图像预处理完成，原始尺寸: (2160, 3840)
2026-07-16 15:29:50 [INFO] 开始执行目标检测...
2026-07-16 15:29:50 [INFO] 检测完成，找到 2 个物体
2026-07-16 15:29:50 [INFO] 物体 1: GasCyl1 (置信度: 0.90)
2026-07-16 15:29:50 [INFO] 物体 2: FireExt1 (置信度: 0.48)
2026-07-16 15:29:50 [INFO] 检测到车兜区域，将过滤区域外的目标
2026-07-16 15:29:50 [INFO] 准备保存检测结果到: C:\code\show\Scrap_Steel_In_Field\photos\dangerous_det\detection_20260716_152950.jpg
2026-07-16 15:29:50 [INFO] 图像形状: (2160, 3840, 3)
2026-07-16 15:29:50 [INFO] 图像数据类型: uint8
2026-07-16 15:29:50 [INFO] 图像最大值: 255
2026-07-16 15:29:50 [INFO] 图像最小值: 0
2026-07-16 15:29:50 [INFO] 开始保存检测结果图像: 图像尺寸=(2160, 3840, 3), 类型=uint8, 路径=C:\code\show\Scrap_Steel_In_Field\photos\dangerous_det\detection_20260716_152950.jpg
2026-07-16 15:29:50 [INFO] 成功保存检测结果到: C:\code\show\Scrap_Steel_In_Field\photos\dangerous_det\detection_20260716_152950.jpg
2026-07-16 15:29:50 [INFO] 保存的检测结果文件大小: 2177318 字节
2026-07-16 15:29:50 [INFO] 引擎上下文已释放
2026-07-16 15:29:50 [INFO] TensorRT 引擎已释放
2026-07-16 15:29:50 [INFO] 全局 CUDA 资源已释放
2026-07-16 15:29:50 [INFO] 检测系统资源已释放
2026-07-16 15:29:57 [INFO] CUDA 初始化成功
2026-07-16 15:29:57 [INFO] 引擎加载成功: dangerous.engine
2026-07-16 15:29:57 [INFO] 检测系统初始化成功
2026-07-16 15:29:57 [INFO] 图像预处理完成，原始尺寸: (2160, 3840)
2026-07-16 15:29:57 [INFO] 开始执行目标检测...
2026-07-16 15:29:57 [INFO] 检测完成，找到 2 个物体
2026-07-16 15:29:57 [INFO] 物体 1: GasCyl1 (置信度: 0.91)
2026-07-16 15:29:57 [INFO] 物体 2: GasCyl1 (置信度: 0.47)
2026-07-16 15:29:57 [INFO] 检测到车兜区域，将过滤区域外的目标
2026-07-16 15:29:57 [INFO] 准备保存检测结果到: C:\code\show\Scrap_Steel_In_Field\photos\dangerous_det\detection_20260716_152957.jpg
2026-07-16 15:29:57 [INFO] 图像形状: (2160, 3840, 3)
2026-07-16 15:29:57 [INFO] 图像数据类型: uint8
2026-07-16 15:29:57 [INFO] 图像最大值: 255
2026-07-16 15:29:57 [INFO] 图像最小值: 0
2026-07-16 15:29:57 [INFO] 开始保存检测结果图像: 图像尺寸=(2160, 3840, 3), 类型=uint8, 路径=C:\code\show\Scrap_Steel_In_Field\photos\dangerous_det\detection_20260716_152957.jpg
2026-07-16 15:29:57 [INFO] 成功保存检测结果到: C:\code\show\Scrap_Steel_In_Field\photos\dangerous_det\detection_20260716_152957.jpg
2026-07-16 15:29:57 [INFO] 保存的检测结果文件大小: 2177858 字节
2026-07-16 15:29:57 [INFO] 引擎上下文已释放
2026-07-16 15:29:57 [INFO] TensorRT 引擎已释放
2026-07-16 15:29:57 [INFO] 全局 CUDA 资源已释放
2026-07-16 15:29:57 [INFO] 检测系统资源已释放
2026-07-16 15:30:02 [INFO] CUDA 初始化成功
2026-07-16 15:30:02 [INFO] 引擎加载成功: dangerous.engine
2026-07-16 15:30:02 [INFO] 检测系统初始化成功
2026-07-16 15:30:02 [INFO] 图像预处理完成，原始尺寸: (2160, 3840)
2026-07-16 15:30:02 [INFO] 开始执行目标检测...
2026-07-16 15:30:02 [INFO] 检测完成，找到 2 个物体
2026-07-16 15:30:02 [INFO] 物体 1: GasCyl1 (置信度: 0.90)
2026-07-16 15:30:02 [INFO] 物体 2: FireExt1 (置信度: 0.44)
2026-07-16 15:30:02 [INFO] 检测到车兜区域，将过滤区域外的目标
2026-07-16 15:30:02 [INFO] 准备保存检测结果到: C:\code\show\Scrap_Steel_In_Field\photos\dangerous_det\detection_20260716_153002.jpg
2026-07-16 15:30:02 [INFO] 图像形状: (2160, 3840, 3)
2026-07-16 15:30:02 [INFO] 图像数据类型: uint8
2026-07-16 15:30:02 [INFO] 图像最大值: 255
2026-07-16 15:30:02 [INFO] 图像最小值: 0
2026-07-16 15:30:02 [INFO] 开始保存检测结果图像: 图像尺寸=(2160, 3840, 3), 类型=uint8, 路径=C:\code\show\Scrap_Steel_In_Field\photos\dangerous_det\detection_20260716_153002.jpg
2026-07-16 15:30:02 [INFO] 成功保存检测结果到: C:\code\show\Scrap_Steel_In_Field\photos\dangerous_det\detection_20260716_153002.jpg
2026-07-16 15:30:02 [INFO] 保存的检测结果文件大小: 2181116 字节
2026-07-16 15:30:02 [INFO] 引擎上下文已释放
2026-07-16 15:30:02 [INFO] TensorRT 引擎已释放
2026-07-16 15:30:02 [INFO] 全局 CUDA 资源已释放
2026-07-16 15:30:02 [INFO] 检测系统资源已释放
2026-07-16 15:30:07 [INFO] CUDA 初始化成功
2026-07-16 15:30:07 [INFO] 引擎加载成功: dangerous.engine
2026-07-16 15:30:07 [INFO] 检测系统初始化成功
2026-07-16 15:30:07 [INFO] 图像预处理完成，原始尺寸: (2160, 3840)
2026-07-16 15:30:07 [INFO] 开始执行目标检测...
2026-07-16 15:30:07 [INFO] 检测完成，找到 2 个物体
2026-07-16 15:30:07 [INFO] 物体 1: GasCyl1 (置信度: 0.90)
2026-07-16 15:30:07 [INFO] 物体 2: FireExt1 (置信度: 0.46)
2026-07-16 15:30:07 [INFO] 检测到车兜区域，将过滤区域外的目标
2026-07-16 15:30:07 [INFO] 准备保存检测结果到: C:\code\show\Scrap_Steel_In_Field\photos\dangerous_det\detection_20260716_153007.jpg
2026-07-16 15:30:07 [INFO] 图像形状: (2160, 3840, 3)
2026-07-16 15:30:07 [INFO] 图像数据类型: uint8
2026-07-16 15:30:07 [INFO] 图像最大值: 255
2026-07-16 15:30:07 [INFO] 图像最小值: 0
2026-07-16 15:30:07 [INFO] 开始保存检测结果图像: 图像尺寸=(2160, 3840, 3), 类型=uint8, 路径=C:\code\show\Scrap_Steel_In_Field\photos\dangerous_det\detection_20260716_153007.jpg
2026-07-16 15:30:07 [INFO] 成功保存检测结果到: C:\code\show\Scrap_Steel_In_Field\photos\dangerous_det\detection_20260716_153007.jpg
2026-07-16 15:30:07 [INFO] 保存的检测结果文件大小: 2180237 字节
2026-07-16 15:30:07 [INFO] 引擎上下文已释放
2026-07-16 15:30:07 [INFO] TensorRT 引擎已释放
2026-07-16 15:30:07 [INFO] 全局 CUDA 资源已释放
2026-07-16 15:30:07 [INFO] 检测系统资源已释放
2026-07-16 15:30:12 [INFO] CUDA 初始化成功
2026-07-16 15:30:12 [INFO] 引擎加载成功: dangerous.engine
2026-07-16 15:30:12 [INFO] 检测系统初始化成功
2026-07-16 15:30:12 [INFO] 图像预处理完成，原始尺寸: (2160, 3840)
2026-07-16 15:30:12 [INFO] 开始执行目标检测...
2026-07-16 15:30:13 [INFO] 检测完成，找到 2 个物体
2026-07-16 15:30:13 [INFO] 物体 1: GasCyl1 (置信度: 0.91)
2026-07-16 15:30:13 [INFO] 物体 2: FireExt1 (置信度: 0.45)
2026-07-16 15:30:13 [INFO] 检测到车兜区域，将过滤区域外的目标
2026-07-16 15:30:13 [INFO] 准备保存检测结果到: C:\code\show\Scrap_Steel_In_Field\photos\dangerous_det\detection_20260716_153013.jpg
2026-07-16 15:30:13 [INFO] 图像形状: (2160, 3840, 3)
2026-07-16 15:30:13 [INFO] 图像数据类型: uint8
2026-07-16 15:30:13 [INFO] 图像最大值: 255
2026-07-16 15:30:13 [INFO] 图像最小值: 0
2026-07-16 15:30:13 [INFO] 开始保存检测结果图像: 图像尺寸=(2160, 3840, 3), 类型=uint8, 路径=C:\code\show\Scrap_Steel_In_Field\photos\dangerous_det\detection_20260716_153013.jpg
2026-07-16 15:30:13 [INFO] 成功保存检测结果到: C:\code\show\Scrap_Steel_In_Field\photos\dangerous_det\detection_20260716_153013.jpg
2026-07-16 15:30:13 [INFO] 保存的检测结果文件大小: 2185682 字节
2026-07-16 15:30:13 [INFO] 引擎上下文已释放
2026-07-16 15:30:13 [INFO] TensorRT 引擎已释放
2026-07-16 15:30:13 [INFO] 全局 CUDA 资源已释放
2026-07-16 15:30:13 [INFO] 检测系统资源已释放
2026-07-16 15:30:18 [INFO] CUDA 初始化成功
2026-07-16 15:30:18 [INFO] 引擎加载成功: dangerous.engine
2026-07-16 15:30:18 [INFO] 检测系统初始化成功
2026-07-16 15:30:18 [INFO] 图像预处理完成，原始尺寸: (2160, 3840)
2026-07-16 15:30:18 [INFO] 开始执行目标检测...
2026-07-16 15:30:18 [INFO] 检测完成，找到 2 个物体
2026-07-16 15:30:18 [INFO] 物体 1: GasCyl1 (置信度: 0.90)
2026-07-16 15:30:18 [INFO] 物体 2: GasCyl1 (置信度: 0.48)
2026-07-16 15:30:18 [INFO] 检测到车兜区域，将过滤区域外的目标
2026-07-16 15:30:18 [INFO] 准备保存检测结果到: C:\code\show\Scrap_Steel_In_Field\photos\dangerous_det\detection_20260716_153018.jpg
2026-07-16 15:30:18 [INFO] 图像形状: (2160, 3840, 3)
2026-07-16 15:30:18 [INFO] 图像数据类型: uint8
2026-07-16 15:30:18 [INFO] 图像最大值: 255
2026-07-16 15:30:18 [INFO] 图像最小值: 0
2026-07-16 15:30:18 [INFO] 开始保存检测结果图像: 图像尺寸=(2160, 3840, 3), 类型=uint8, 路径=C:\code\show\Scrap_Steel_In_Field\photos\dangerous_det\detection_20260716_153018.jpg
2026-07-16 15:30:18 [INFO] 成功保存检测结果到: C:\code\show\Scrap_Steel_In_Field\photos\dangerous_det\detection_20260716_153018.jpg
2026-07-16 15:30:18 [INFO] 保存的检测结果文件大小: 2181346 字节
2026-07-16 15:30:18 [INFO] 引擎上下文已释放
2026-07-16 15:30:18 [INFO] TensorRT 引擎已释放
2026-07-16 15:30:18 [INFO] 全局 CUDA 资源已释放
2026-07-16 15:30:18 [INFO] 检测系统资源已释放
2026-07-16 15:30:23 [INFO] CUDA 初始化成功
2026-07-16 15:30:23 [INFO] 引擎加载成功: dangerous.engine
2026-07-16 15:30:23 [INFO] 检测系统初始化成功
2026-07-16 15:30:23 [INFO] 图像预处理完成，原始尺寸: (2160, 3840)
2026-07-16 15:30:23 [INFO] 开始执行目标检测...
2026-07-16 15:30:23 [INFO] 检测完成，找到 1 个物体
2026-07-16 15:30:23 [INFO] 物体 1: FireExt1 (置信度: 0.46)
2026-07-16 15:30:23 [INFO] 准备保存检测结果到: C:\code\show\Scrap_Steel_In_Field\photos\dangerous_det\detection_20260716_153023.jpg
2026-07-16 15:30:23 [INFO] 图像形状: (2160, 3840, 3)
2026-07-16 15:30:23 [INFO] 图像数据类型: uint8
2026-07-16 15:30:23 [INFO] 图像最大值: 255
2026-07-16 15:30:23 [INFO] 图像最小值: 0
2026-07-16 15:30:23 [INFO] 开始保存检测结果图像: 图像尺寸=(2160, 3840, 3), 类型=uint8, 路径=C:\code\show\Scrap_Steel_In_Field\photos\dangerous_det\detection_20260716_153023.jpg
2026-07-16 15:30:23 [INFO] 成功保存检测结果到: C:\code\show\Scrap_Steel_In_Field\photos\dangerous_det\detection_20260716_153023.jpg
2026-07-16 15:30:23 [INFO] 保存的检测结果文件大小: 1518709 字节
2026-07-16 15:30:23 [INFO] 引擎上下文已释放
2026-07-16 15:30:23 [INFO] TensorRT 引擎已释放
2026-07-16 15:30:23 [INFO] 全局 CUDA 资源已释放
2026-07-16 15:30:23 [INFO] 检测系统资源已释放
2026-07-16 15:30:28 [INFO] CUDA 初始化成功
2026-07-16 15:30:28 [INFO] 引擎加载成功: dangerous.engine
2026-07-16 15:30:28 [INFO] 检测系统初始化成功
2026-07-16 15:30:28 [INFO] 图像预处理完成，原始尺寸: (2160, 3840)
2026-07-16 15:30:28 [INFO] 开始执行目标检测...
2026-07-16 15:30:28 [INFO] 检测完成，找到 3 个物体
2026-07-16 15:30:28 [INFO] 物体 1: GasCyl1 (置信度: 0.50)
2026-07-16 15:30:28 [INFO] 物体 2: FireExt1 (置信度: 0.44)
2026-07-16 15:30:28 [INFO] 物体 3: FireExt1 (置信度: 0.40)
2026-07-16 15:30:28 [INFO] 检测到车兜区域，将过滤区域外的目标
2026-07-16 15:30:28 [INFO] 车兜区域过滤: 3 -> 2 个目标
2026-07-16 15:30:28 [INFO] 准备保存检测结果到: C:\code\show\Scrap_Steel_In_Field\photos\dangerous_det\detection_20260716_153028.jpg
2026-07-16 15:30:28 [INFO] 图像形状: (2160, 3840, 3)
2026-07-16 15:30:28 [INFO] 图像数据类型: uint8
2026-07-16 15:30:28 [INFO] 图像最大值: 255
2026-07-16 15:30:28 [INFO] 图像最小值: 0
2026-07-16 15:30:28 [INFO] 开始保存检测结果图像: 图像尺寸=(2160, 3840, 3), 类型=uint8, 路径=C:\code\show\Scrap_Steel_In_Field\photos\dangerous_det\detection_20260716_153028.jpg
2026-07-16 15:30:28 [INFO] 成功保存检测结果到: C:\code\show\Scrap_Steel_In_Field\photos\dangerous_det\detection_20260716_153028.jpg
2026-07-16 15:30:28 [INFO] 保存的检测结果文件大小: 1923338 字节
2026-07-16 15:30:28 [INFO] 引擎上下文已释放
2026-07-16 15:30:28 [INFO] TensorRT 引擎已释放
2026-07-16 15:30:28 [INFO] 全局 CUDA 资源已释放
2026-07-16 15:30:28 [INFO] 检测系统资源已释放
2026-07-16 15:30:33 [INFO] CUDA 初始化成功
2026-07-16 15:30:33 [INFO] 引擎加载成功: dangerous.engine
2026-07-16 15:30:33 [INFO] 检测系统初始化成功
2026-07-16 15:30:33 [INFO] 图像预处理完成，原始尺寸: (2160, 3840)
2026-07-16 15:30:33 [INFO] 开始执行目标检测...
2026-07-16 15:30:34 [INFO] 检测完成，找到 3 个物体
2026-07-16 15:30:34 [INFO] 物体 1: GasCyl1 (置信度: 0.70)
2026-07-16 15:30:34 [INFO] 物体 2: GasCyl1 (置信度: 0.52)
2026-07-16 15:30:34 [INFO] 物体 3: FireExt1 (置信度: 0.39)
2026-07-16 15:30:34 [INFO] 检测到车兜区域，将过滤区域外的目标
2026-07-16 15:30:34 [INFO] 车兜区域过滤: 3 -> 2 个目标
2026-07-16 15:30:34 [INFO] 准备保存检测结果到: C:\code\show\Scrap_Steel_In_Field\photos\dangerous_det\detection_20260716_153034.jpg
2026-07-16 15:30:34 [INFO] 图像形状: (2160, 3840, 3)
2026-07-16 15:30:34 [INFO] 图像数据类型: uint8
2026-07-16 15:30:34 [INFO] 图像最大值: 255
2026-07-16 15:30:34 [INFO] 图像最小值: 0
2026-07-16 15:30:34 [INFO] 开始保存检测结果图像: 图像尺寸=(2160, 3840, 3), 类型=uint8, 路径=C:\code\show\Scrap_Steel_In_Field\photos\dangerous_det\detection_20260716_153034.jpg
2026-07-16 15:30:34 [INFO] 成功保存检测结果到: C:\code\show\Scrap_Steel_In_Field\photos\dangerous_det\detection_20260716_153034.jpg
2026-07-16 15:30:34 [INFO] 保存的检测结果文件大小: 2179317 字节
2026-07-16 15:30:34 [INFO] 引擎上下文已释放
2026-07-16 15:30:34 [INFO] TensorRT 引擎已释放
2026-07-16 15:30:34 [INFO] 全局 CUDA 资源已释放
2026-07-16 15:30:34 [INFO] 检测系统资源已释放
2026-07-16 15:30:39 [INFO] CUDA 初始化成功
2026-07-16 15:30:39 [INFO] 引擎加载成功: dangerous.engine
2026-07-16 15:30:39 [INFO] 检测系统初始化成功
2026-07-16 15:30:39 [INFO] 图像预处理完成，原始尺寸: (2160, 3840)
2026-07-16 15:30:39 [INFO] 开始执行目标检测...
2026-07-16 15:30:39 [INFO] 检测完成，找到 3 个物体
2026-07-16 15:30:39 [INFO] 物体 1: GasCyl1 (置信度: 0.72)
2026-07-16 15:30:39 [INFO] 物体 2: GasCyl1 (置信度: 0.50)
2026-07-16 15:30:39 [INFO] 物体 3: FireExt1 (置信度: 0.39)
2026-07-16 15:30:39 [INFO] 检测到车兜区域，将过滤区域外的目标
2026-07-16 15:30:39 [INFO] 车兜区域过滤: 3 -> 2 个目标
2026-07-16 15:30:39 [INFO] 准备保存检测结果到: C:\code\show\Scrap_Steel_In_Field\photos\dangerous_det\detection_20260716_153039.jpg
2026-07-16 15:30:39 [INFO] 图像形状: (2160, 3840, 3)
2026-07-16 15:30:39 [INFO] 图像数据类型: uint8
2026-07-16 15:30:39 [INFO] 图像最大值: 255
2026-07-16 15:30:39 [INFO] 图像最小值: 0
2026-07-16 15:30:39 [INFO] 开始保存检测结果图像: 图像尺寸=(2160, 3840, 3), 类型=uint8, 路径=C:\code\show\Scrap_Steel_In_Field\photos\dangerous_det\detection_20260716_153039.jpg
2026-07-16 15:30:39 [INFO] 成功保存检测结果到: C:\code\show\Scrap_Steel_In_Field\photos\dangerous_det\detection_20260716_153039.jpg
2026-07-16 15:30:39 [INFO] 保存的检测结果文件大小: 2183657 字节
2026-07-16 15:30:39 [INFO] 引擎上下文已释放
2026-07-16 15:30:39 [INFO] TensorRT 引擎已释放
2026-07-16 15:30:39 [INFO] 全局 CUDA 资源已释放
2026-07-16 15:30:39 [INFO] 检测系统资源已释放
2026-07-16 15:30:44 [INFO] CUDA 初始化成功
2026-07-16 15:30:44 [INFO] 引擎加载成功: dangerous.engine
2026-07-16 15:30:44 [INFO] 检测系统初始化成功
2026-07-16 15:30:44 [INFO] 图像预处理完成，原始尺寸: (2160, 3840)
2026-07-16 15:30:44 [INFO] 开始执行目标检测...
2026-07-16 15:30:44 [INFO] 检测完成，找到 1 个物体
2026-07-16 15:30:44 [INFO] 物体 1: GasCyl1 (置信度: 0.73)
2026-07-16 15:30:44 [INFO] 检测到车兜区域，将过滤区域外的目标
2026-07-16 15:30:44 [INFO] 准备保存检测结果到: C:\code\show\Scrap_Steel_In_Field\photos\dangerous_det\detection_20260716_153044.jpg
2026-07-16 15:30:44 [INFO] 图像形状: (2160, 3840, 3)
2026-07-16 15:30:44 [INFO] 图像数据类型: uint8
2026-07-16 15:30:44 [INFO] 图像最大值: 255
2026-07-16 15:30:44 [INFO] 图像最小值: 0
2026-07-16 15:30:44 [INFO] 开始保存检测结果图像: 图像尺寸=(2160, 3840, 3), 类型=uint8, 路径=C:\code\show\Scrap_Steel_In_Field\photos\dangerous_det\detection_20260716_153044.jpg
2026-07-16 15:30:44 [INFO] 成功保存检测结果到: C:\code\show\Scrap_Steel_In_Field\photos\dangerous_det\detection_20260716_153044.jpg
2026-07-16 15:30:44 [INFO] 保存的检测结果文件大小: 2141685 字节
2026-07-16 15:30:44 [INFO] 引擎上下文已释放
2026-07-16 15:30:44 [INFO] TensorRT 引擎已释放
2026-07-16 15:30:44 [INFO] 全局 CUDA 资源已释放
2026-07-16 15:30:44 [INFO] 检测系统资源已释放
2026-07-16 15:30:49 [INFO] CUDA 初始化成功
2026-07-16 15:30:49 [INFO] 引擎加载成功: dangerous.engine
2026-07-16 15:30:49 [INFO] 检测系统初始化成功
2026-07-16 15:30:50 [INFO] 图像预处理完成，原始尺寸: (2160, 3840)
2026-07-16 15:30:50 [INFO] 开始执行目标检测...
2026-07-16 15:30:50 [INFO] 检测完成，找到 1 个物体
2026-07-16 15:30:50 [INFO] 物体 1: GasCyl1 (置信度: 0.43)
2026-07-16 15:30:50 [INFO] 准备保存检测结果到: C:\code\show\Scrap_Steel_In_Field\photos\dangerous_det\detection_20260716_153050.jpg
2026-07-16 15:30:50 [INFO] 图像形状: (2160, 3840, 3)
2026-07-16 15:30:50 [INFO] 图像数据类型: uint8
2026-07-16 15:30:50 [INFO] 图像最大值: 255
2026-07-16 15:30:50 [INFO] 图像最小值: 0
2026-07-16 15:30:50 [INFO] 开始保存检测结果图像: 图像尺寸=(2160, 3840, 3), 类型=uint8, 路径=C:\code\show\Scrap_Steel_In_Field\photos\dangerous_det\detection_20260716_153050.jpg
2026-07-16 15:30:50 [INFO] 成功保存检测结果到: C:\code\show\Scrap_Steel_In_Field\photos\dangerous_det\detection_20260716_153050.jpg
2026-07-16 15:30:50 [INFO] 保存的检测结果文件大小: 1665272 字节
2026-07-16 15:30:50 [INFO] 引擎上下文已释放
2026-07-16 15:30:50 [INFO] TensorRT 引擎已释放
2026-07-16 15:30:50 [INFO] 全局 CUDA 资源已释放
2026-07-16 15:30:50 [INFO] 检测系统资源已释放
2026-07-16 15:30:54 [INFO] CUDA 初始化成功
2026-07-16 15:30:55 [INFO] 引擎加载成功: dangerous.engine
2026-07-16 15:30:55 [INFO] 检测系统初始化成功
2026-07-16 15:30:55 [INFO] 图像预处理完成，原始尺寸: (2160, 3840)
2026-07-16 15:30:55 [INFO] 开始执行目标检测...
2026-07-16 15:30:55 [INFO] 检测完成，找到 2 个物体
2026-07-16 15:30:55 [INFO] 物体 1: FireExt1 (置信度: 0.54)
2026-07-16 15:30:55 [INFO] 物体 2: FireExt1 (置信度: 0.40)
2026-07-16 15:30:55 [INFO] 检测到车兜区域，将过滤区域外的目标
2026-07-16 15:30:55 [INFO] 准备保存检测结果到: C:\code\show\Scrap_Steel_In_Field\photos\dangerous_det\detection_20260716_153055.jpg
2026-07-16 15:30:55 [INFO] 图像形状: (2160, 3840, 3)
2026-07-16 15:30:55 [INFO] 图像数据类型: uint8
2026-07-16 15:30:55 [INFO] 图像最大值: 255
2026-07-16 15:30:55 [INFO] 图像最小值: 0
2026-07-16 15:30:55 [INFO] 开始保存检测结果图像: 图像尺寸=(2160, 3840, 3), 类型=uint8, 路径=C:\code\show\Scrap_Steel_In_Field\photos\dangerous_det\detection_20260716_153055.jpg
2026-07-16 15:30:55 [INFO] 成功保存检测结果到: C:\code\show\Scrap_Steel_In_Field\photos\dangerous_det\detection_20260716_153055.jpg
2026-07-16 15:30:55 [INFO] 保存的检测结果文件大小: 1417997 字节
2026-07-16 15:30:55 [INFO] 引擎上下文已释放
2026-07-16 15:30:55 [INFO] TensorRT 引擎已释放
2026-07-16 15:30:55 [INFO] 全局 CUDA 资源已释放
2026-07-16 15:30:55 [INFO] 检测系统资源已释放
2026-07-16 15:31:00 [INFO] CUDA 初始化成功
2026-07-16 15:31:00 [INFO] 引擎加载成功: dangerous.engine
2026-07-16 15:31:00 [INFO] 检测系统初始化成功
2026-07-16 15:31:00 [INFO] 图像预处理完成，原始尺寸: (2160, 3840)
2026-07-16 15:31:00 [INFO] 开始执行目标检测...
2026-07-16 15:31:00 [INFO] 检测完成，找到 2 个物体
2026-07-16 15:31:00 [INFO] 物体 1: GasCyl1 (置信度: 0.62)
2026-07-16 15:31:00 [INFO] 物体 2: FireExt1 (置信度: 0.36)
2026-07-16 15:31:00 [INFO] 检测到车兜区域，将过滤区域外的目标
2026-07-16 15:31:00 [INFO] 准备保存检测结果到: C:\code\show\Scrap_Steel_In_Field\photos\dangerous_det\detection_20260716_153100.jpg
2026-07-16 15:31:00 [INFO] 图像形状: (2160, 3840, 3)
2026-07-16 15:31:00 [INFO] 图像数据类型: uint8
2026-07-16 15:31:00 [INFO] 图像最大值: 255
2026-07-16 15:31:00 [INFO] 图像最小值: 0
2026-07-16 15:31:00 [INFO] 开始保存检测结果图像: 图像尺寸=(2160, 3840, 3), 类型=uint8, 路径=C:\code\show\Scrap_Steel_In_Field\photos\dangerous_det\detection_20260716_153100.jpg
2026-07-16 15:31:00 [INFO] 成功保存检测结果到: C:\code\show\Scrap_Steel_In_Field\photos\dangerous_det\detection_20260716_153100.jpg
2026-07-16 15:31:00 [INFO] 保存的检测结果文件大小: 2142251 字节
2026-07-16 15:31:00 [INFO] 引擎上下文已释放
2026-07-16 15:31:00 [INFO] TensorRT 引擎已释放
2026-07-16 15:31:00 [INFO] 全局 CUDA 资源已释放
2026-07-16 15:31:00 [INFO] 检测系统资源已释放
2026-07-16 15:31:05 [INFO] CUDA 初始化成功
2026-07-16 15:31:05 [INFO] 引擎加载成功: dangerous.engine
2026-07-16 15:31:05 [INFO] 检测系统初始化成功
2026-07-16 15:31:05 [INFO] 图像预处理完成，原始尺寸: (2160, 3840)
2026-07-16 15:31:05 [INFO] 开始执行目标检测...
2026-07-16 15:31:05 [INFO] 检测完成，找到 0 个物体
2026-07-16 15:31:05 [INFO] 引擎上下文已释放
2026-07-16 15:31:05 [INFO] TensorRT 引擎已释放
2026-07-16 15:31:05 [INFO] 全局 CUDA 资源已释放
2026-07-16 15:31:05 [INFO] 检测系统资源已释放
2026-07-16 15:31:10 [INFO] CUDA 初始化成功
2026-07-16 15:31:10 [INFO] 引擎加载成功: dangerous.engine
2026-07-16 15:31:10 [INFO] 检测系统初始化成功
2026-07-16 15:31:10 [INFO] 图像预处理完成，原始尺寸: (2160, 3840)
2026-07-16 15:31:10 [INFO] 开始执行目标检测...
2026-07-16 15:31:10 [INFO] 检测完成，找到 2 个物体
2026-07-16 15:31:10 [INFO] 物体 1: GasCyl1 (置信度: 0.65)
2026-07-16 15:31:10 [INFO] 物体 2: GasCyl1 (置信度: 0.41)
2026-07-16 15:31:10 [INFO] 准备保存检测结果到: C:\code\show\Scrap_Steel_In_Field\photos\dangerous_det\detection_20260716_153110.jpg
2026-07-16 15:31:10 [INFO] 图像形状: (2160, 3840, 3)
2026-07-16 15:31:10 [INFO] 图像数据类型: uint8
2026-07-16 15:31:10 [INFO] 图像最大值: 255
2026-07-16 15:31:10 [INFO] 图像最小值: 0
2026-07-16 15:31:10 [INFO] 开始保存检测结果图像: 图像尺寸=(2160, 3840, 3), 类型=uint8, 路径=C:\code\show\Scrap_Steel_In_Field\photos\dangerous_det\detection_20260716_153110.jpg
2026-07-16 15:31:10 [INFO] 成功保存检测结果到: C:\code\show\Scrap_Steel_In_Field\photos\dangerous_det\detection_20260716_153110.jpg
2026-07-16 15:31:10 [INFO] 保存的检测结果文件大小: 1424710 字节
2026-07-16 15:31:10 [INFO] 引擎上下文已释放
2026-07-16 15:31:10 [INFO] TensorRT 引擎已释放
2026-07-16 15:31:10 [INFO] 全局 CUDA 资源已释放
2026-07-16 15:31:10 [INFO] 检测系统资源已释放
2026-07-16 15:31:15 [INFO] CUDA 初始化成功
2026-07-16 15:31:15 [INFO] 引擎加载成功: dangerous.engine
2026-07-16 15:31:15 [INFO] 检测系统初始化成功
2026-07-16 15:31:15 [INFO] 图像预处理完成，原始尺寸: (2160, 3840)
2026-07-16 15:31:15 [INFO] 开始执行目标检测...
2026-07-16 15:31:16 [INFO] 检测完成，找到 1 个物体
2026-07-16 15:31:16 [INFO] 物体 1: FireExt1 (置信度: 0.55)
2026-07-16 15:31:16 [INFO] 检测到车兜区域，将过滤区域外的目标
2026-07-16 15:31:16 [INFO] 准备保存检测结果到: C:\code\show\Scrap_Steel_In_Field\photos\dangerous_det\detection_20260716_153116.jpg
2026-07-16 15:31:16 [INFO] 图像形状: (2160, 3840, 3)
2026-07-16 15:31:16 [INFO] 图像数据类型: uint8
2026-07-16 15:31:16 [INFO] 图像最大值: 255
2026-07-16 15:31:16 [INFO] 图像最小值: 0
2026-07-16 15:31:16 [INFO] 开始保存检测结果图像: 图像尺寸=(2160, 3840, 3), 类型=uint8, 路径=C:\code\show\Scrap_Steel_In_Field\photos\dangerous_det\detection_20260716_153116.jpg
2026-07-16 15:31:16 [INFO] 成功保存检测结果到: C:\code\show\Scrap_Steel_In_Field\photos\dangerous_det\detection_20260716_153116.jpg
2026-07-16 15:31:16 [INFO] 保存的检测结果文件大小: 2123735 字节
2026-07-16 15:31:16 [INFO] 引擎上下文已释放
2026-07-16 15:31:16 [INFO] TensorRT 引擎已释放
2026-07-16 15:31:16 [INFO] 全局 CUDA 资源已释放
2026-07-16 15:31:16 [INFO] 检测系统资源已释放
2026-07-16 15:31:20 [INFO] CUDA 初始化成功
2026-07-16 15:31:20 [INFO] 引擎加载成功: dangerous.engine
2026-07-16 15:31:20 [INFO] 检测系统初始化成功
2026-07-16 15:31:20 [INFO] 图像预处理完成，原始尺寸: (2160, 3840)
2026-07-16 15:31:20 [INFO] 开始执行目标检测...
2026-07-16 15:31:20 [INFO] 检测完成，找到 1 个物体
2026-07-16 15:31:20 [INFO] 物体 1: FireExt1 (置信度: 0.56)
2026-07-16 15:31:20 [INFO] 检测到车兜区域，将过滤区域外的目标
2026-07-16 15:31:20 [INFO] 准备保存检测结果到: C:\code\show\Scrap_Steel_In_Field\photos\dangerous_det\detection_20260716_153120.jpg
2026-07-16 15:31:20 [INFO] 图像形状: (2160, 3840, 3)
2026-07-16 15:31:20 [INFO] 图像数据类型: uint8
2026-07-16 15:31:20 [INFO] 图像最大值: 255
2026-07-16 15:31:20 [INFO] 图像最小值: 0
2026-07-16 15:31:20 [INFO] 开始保存检测结果图像: 图像尺寸=(2160, 3840, 3), 类型=uint8, 路径=C:\code\show\Scrap_Steel_In_Field\photos\dangerous_det\detection_20260716_153120.jpg
2026-07-16 15:31:20 [INFO] 成功保存检测结果到: C:\code\show\Scrap_Steel_In_Field\photos\dangerous_det\detection_20260716_153120.jpg
2026-07-16 15:31:20 [INFO] 保存的检测结果文件大小: 2179247 字节
2026-07-16 15:31:20 [INFO] 引擎上下文已释放
2026-07-16 15:31:20 [INFO] TensorRT 引擎已释放
2026-07-16 15:31:20 [INFO] 全局 CUDA 资源已释放
2026-07-16 15:31:20 [INFO] 检测系统资源已释放
2026-07-16 15:31:25 [INFO] CUDA 初始化成功
2026-07-16 15:31:25 [INFO] 引擎加载成功: dangerous.engine
2026-07-16 15:31:25 [INFO] 检测系统初始化成功
2026-07-16 15:31:25 [INFO] 图像预处理完成，原始尺寸: (2160, 3840)
2026-07-16 15:31:25 [INFO] 开始执行目标检测...
2026-07-16 15:31:25 [INFO] 检测完成，找到 1 个物体
2026-07-16 15:31:25 [INFO] 物体 1: FireExt1 (置信度: 0.56)
2026-07-16 15:31:25 [INFO] 检测到车兜区域，将过滤区域外的目标
2026-07-16 15:31:25 [INFO] 准备保存检测结果到: C:\code\show\Scrap_Steel_In_Field\photos\dangerous_det\detection_20260716_153125.jpg
2026-07-16 15:31:25 [INFO] 图像形状: (2160, 3840, 3)
2026-07-16 15:31:25 [INFO] 图像数据类型: uint8
2026-07-16 15:31:25 [INFO] 图像最大值: 255
2026-07-16 15:31:25 [INFO] 图像最小值: 0
2026-07-16 15:31:25 [INFO] 开始保存检测结果图像: 图像尺寸=(2160, 3840, 3), 类型=uint8, 路径=C:\code\show\Scrap_Steel_In_Field\photos\dangerous_det\detection_20260716_153125.jpg
2026-07-16 15:31:25 [INFO] 成功保存检测结果到: C:\code\show\Scrap_Steel_In_Field\photos\dangerous_det\detection_20260716_153125.jpg
2026-07-16 15:31:25 [INFO] 保存的检测结果文件大小: 2174696 字节
2026-07-16 15:31:25 [INFO] 引擎上下文已释放
2026-07-16 15:31:25 [INFO] TensorRT 引擎已释放
2026-07-16 15:31:25 [INFO] 全局 CUDA 资源已释放
2026-07-16 15:31:25 [INFO] 检测系统资源已释放
2026-07-16 15:31:30 [INFO] CUDA 初始化成功
2026-07-16 15:31:30 [INFO] 引擎加载成功: dangerous.engine
2026-07-16 15:31:30 [INFO] 检测系统初始化成功
2026-07-16 15:31:30 [INFO] 图像预处理完成，原始尺寸: (2160, 3840)
2026-07-16 15:31:30 [INFO] 开始执行目标检测...
2026-07-16 15:31:30 [INFO] 检测完成，找到 1 个物体
2026-07-16 15:31:30 [INFO] 物体 1: FireExt1 (置信度: 0.52)
2026-07-16 15:31:30 [INFO] 检测到车兜区域，将过滤区域外的目标
2026-07-16 15:31:30 [INFO] 准备保存检测结果到: C:\code\show\Scrap_Steel_In_Field\photos\dangerous_det\detection_20260716_153130.jpg
2026-07-16 15:31:30 [INFO] 图像形状: (2160, 3840, 3)
2026-07-16 15:31:30 [INFO] 图像数据类型: uint8
2026-07-16 15:31:30 [INFO] 图像最大值: 255
2026-07-16 15:31:30 [INFO] 图像最小值: 0
2026-07-16 15:31:31 [INFO] 开始保存检测结果图像: 图像尺寸=(2160, 3840, 3), 类型=uint8, 路径=C:\code\show\Scrap_Steel_In_Field\photos\dangerous_det\detection_20260716_153130.jpg
2026-07-16 15:31:31 [INFO] 成功保存检测结果到: C:\code\show\Scrap_Steel_In_Field\photos\dangerous_det\detection_20260716_153130.jpg
2026-07-16 15:31:31 [INFO] 保存的检测结果文件大小: 2179281 字节
2026-07-16 15:31:31 [INFO] 引擎上下文已释放
2026-07-16 15:31:31 [INFO] TensorRT 引擎已释放
2026-07-16 15:31:31 [INFO] 全局 CUDA 资源已释放
2026-07-16 15:31:31 [INFO] 检测系统资源已释放
2026-07-16 15:31:35 [INFO] CUDA 初始化成功
2026-07-16 15:31:36 [INFO] 引擎加载成功: dangerous.engine
2026-07-16 15:31:36 [INFO] 检测系统初始化成功
2026-07-16 15:31:36 [INFO] 图像预处理完成，原始尺寸: (2160, 3840)
2026-07-16 15:31:36 [INFO] 开始执行目标检测...
2026-07-16 15:31:36 [INFO] 检测完成，找到 1 个物体
2026-07-16 15:31:36 [INFO] 物体 1: FireExt1 (置信度: 0.55)
2026-07-16 15:31:36 [INFO] 检测到车兜区域，将过滤区域外的目标
2026-07-16 15:31:36 [INFO] 准备保存检测结果到: C:\code\show\Scrap_Steel_In_Field\photos\dangerous_det\detection_20260716_153136.jpg
2026-07-16 15:31:36 [INFO] 图像形状: (2160, 3840, 3)
2026-07-16 15:31:36 [INFO] 图像数据类型: uint8
2026-07-16 15:31:36 [INFO] 图像最大值: 255
2026-07-16 15:31:36 [INFO] 图像最小值: 0
2026-07-16 15:31:36 [INFO] 开始保存检测结果图像: 图像尺寸=(2160, 3840, 3), 类型=uint8, 路径=C:\code\show\Scrap_Steel_In_Field\photos\dangerous_det\detection_20260716_153136.jpg
2026-07-16 15:31:36 [INFO] 成功保存检测结果到: C:\code\show\Scrap_Steel_In_Field\photos\dangerous_det\detection_20260716_153136.jpg
2026-07-16 15:31:36 [INFO] 保存的检测结果文件大小: 2182373 字节
2026-07-16 15:31:36 [INFO] 引擎上下文已释放
2026-07-16 15:31:36 [INFO] TensorRT 引擎已释放
2026-07-16 15:31:36 [INFO] 全局 CUDA 资源已释放
2026-07-16 15:31:36 [INFO] 检测系统资源已释放
2026-07-16 15:31:41 [INFO] CUDA 初始化成功
2026-07-16 15:31:41 [INFO] 引擎加载成功: dangerous.engine
2026-07-16 15:31:41 [INFO] 检测系统初始化成功
2026-07-16 15:31:41 [INFO] 图像预处理完成，原始尺寸: (2160, 3840)
2026-07-16 15:31:41 [INFO] 开始执行目标检测...
2026-07-16 15:31:41 [INFO] 检测完成，找到 1 个物体
2026-07-16 15:31:41 [INFO] 物体 1: FireExt1 (置信度: 0.56)
2026-07-16 15:31:41 [INFO] 检测到车兜区域，将过滤区域外的目标
2026-07-16 15:31:41 [INFO] 准备保存检测结果到: C:\code\show\Scrap_Steel_In_Field\photos\dangerous_det\detection_20260716_153141.jpg
2026-07-16 15:31:41 [INFO] 图像形状: (2160, 3840, 3)
2026-07-16 15:31:41 [INFO] 图像数据类型: uint8
2026-07-16 15:31:41 [INFO] 图像最大值: 255
2026-07-16 15:31:41 [INFO] 图像最小值: 0
2026-07-16 15:31:41 [INFO] 开始保存检测结果图像: 图像尺寸=(2160, 3840, 3), 类型=uint8, 路径=C:\code\show\Scrap_Steel_In_Field\photos\dangerous_det\detection_20260716_153141.jpg
2026-07-16 15:31:41 [INFO] 成功保存检测结果到: C:\code\show\Scrap_Steel_In_Field\photos\dangerous_det\detection_20260716_153141.jpg
2026-07-16 15:31:41 [INFO] 保存的检测结果文件大小: 2183098 字节
2026-07-16 15:31:41 [INFO] 引擎上下文已释放
2026-07-16 15:31:41 [INFO] TensorRT 引擎已释放
2026-07-16 15:31:41 [INFO] 全局 CUDA 资源已释放
2026-07-16 15:31:41 [INFO] 检测系统资源已释放
