2026-06-20 10:56:03 [INFO] CUDA 初始化成功
2026-06-20 10:56:03 [INFO] 引擎加载成功: dangerous.engine
2026-06-20 10:56:03 [INFO] 检测系统初始化成功
2026-06-20 10:56:05 [INFO] 引擎加载成功: dangerous.engine
2026-06-20 10:56:05 [INFO] 检测系统初始化成功
2026-06-20 10:56:05 [INFO] 图像预处理完成，原始尺寸: (2160, 3840)
2026-06-20 10:56:05 [INFO] 开始执行目标检测...
2026-06-20 10:56:05 [INFO] 检测完成，找到 0 个物体
2026-06-20 10:56:05 [INFO] 检测到车兜区域，将过滤区域外的目标
2026-06-20 10:56:05 [INFO] 引擎上下文已释放
2026-06-20 10:56:05 [INFO] TensorRT 引擎已释放
2026-06-20 10:56:05 [INFO] 全局 CUDA 资源已释放
2026-06-20 10:56:05 [INFO] 检测系统资源已释放
2026-06-20 10:56:11 [INFO] CUDA 初始化成功
2026-06-20 10:56:11 [INFO] 引擎加载成功: dangerous.engine
2026-06-20 10:56:11 [INFO] 检测系统初始化成功
2026-06-20 10:56:11 [INFO] 图像预处理完成，原始尺寸: (2160, 3840)
2026-06-20 10:56:11 [INFO] 开始执行目标检测...
2026-06-20 10:56:11 [INFO] 检测完成，找到 2 个物体
2026-06-20 10:56:11 [INFO] 物体 1: GasCyl1 (置信度: 0.88)
2026-06-20 10:56:11 [INFO] 物体 2: FireExt1 (置信度: 0.50)
2026-06-20 10:56:11 [INFO] 检测到车兜区域，将过滤区域外的目标
2026-06-20 10:56:11 [INFO] 准备保存检测结果到: C:\code\show\Scrap_Steel_In_Field\photos\dangerous_det\detection_20260620_105611.jpg
2026-06-20 10:56:11 [INFO] 图像形状: (2160, 3840, 3)
2026-06-20 10:56:11 [INFO] 图像数据类型: uint8
2026-06-20 10:56:11 [INFO] 图像最大值: 255
2026-06-20 10:56:11 [INFO] 图像最小值: 0
2026-06-20 10:56:11 [INFO] 开始保存检测结果图像: 图像尺寸=(2160, 3840, 3), 类型=uint8, 路径=C:\code\show\Scrap_Steel_In_Field\photos\dangerous_det\detection_20260620_105611.jpg
2026-06-20 10:56:11 [INFO] 成功保存检测结果到: C:\code\show\Scrap_Steel_In_Field\photos\dangerous_det\detection_20260620_105611.jpg
2026-06-20 10:56:11 [INFO] 保存的检测结果文件大小: 2011045 字节
2026-06-20 10:56:11 [INFO] 引擎上下文已释放
2026-06-20 10:56:11 [INFO] TensorRT 引擎已释放
2026-06-20 10:56:11 [INFO] 全局 CUDA 资源已释放
2026-06-20 10:56:11 [INFO] 检测系统资源已释放
2026-06-20 10:56:16 [INFO] CUDA 初始化成功
2026-06-20 10:56:16 [INFO] 引擎加载成功: dangerous.engine
2026-06-20 10:56:16 [INFO] 检测系统初始化成功
2026-06-20 10:56:16 [INFO] 图像预处理完成，原始尺寸: (2160, 3840)
2026-06-20 10:56:16 [INFO] 开始执行目标检测...
2026-06-20 10:56:16 [INFO] 检测完成，找到 3 个物体
2026-06-20 10:56:16 [INFO] 物体 1: GasCyl1 (置信度: 0.87)
2026-06-20 10:56:16 [INFO] 物体 2: FireExt1 (置信度: 0.47)
2026-06-20 10:56:16 [INFO] 物体 3: FireExt1 (置信度: 0.36)
2026-06-20 10:56:16 [INFO] 检测到车兜区域，将过滤区域外的目标
2026-06-20 10:56:16 [INFO] 准备保存检测结果到: C:\code\show\Scrap_Steel_In_Field\photos\dangerous_det\detection_20260620_105616.jpg
2026-06-20 10:56:16 [INFO] 图像形状: (2160, 3840, 3)
2026-06-20 10:56:16 [INFO] 图像数据类型: uint8
2026-06-20 10:56:16 [INFO] 图像最大值: 255
2026-06-20 10:56:16 [INFO] 图像最小值: 0
2026-06-20 10:56:16 [INFO] 开始保存检测结果图像: 图像尺寸=(2160, 3840, 3), 类型=uint8, 路径=C:\code\show\Scrap_Steel_In_Field\photos\dangerous_det\detection_20260620_105616.jpg
2026-06-20 10:56:16 [INFO] 成功保存检测结果到: C:\code\show\Scrap_Steel_In_Field\photos\dangerous_det\detection_20260620_105616.jpg
2026-06-20 10:56:16 [INFO] 保存的检测结果文件大小: 1987639 字节
2026-06-20 10:56:16 [INFO] 引擎上下文已释放
2026-06-20 10:56:16 [INFO] TensorRT 引擎已释放
2026-06-20 10:56:16 [INFO] 全局 CUDA 资源已释放
2026-06-20 10:56:16 [INFO] 检测系统资源已释放
2026-06-20 10:56:22 [INFO] CUDA 初始化成功
2026-06-20 10:56:22 [INFO] 引擎加载成功: dangerous.engine
2026-06-20 10:56:22 [INFO] 检测系统初始化成功
2026-06-20 10:56:22 [INFO] 图像预处理完成，原始尺寸: (2160, 3840)
2026-06-20 10:56:22 [INFO] 开始执行目标检测...
2026-06-20 10:56:22 [INFO] 检测完成，找到 3 个物体
2026-06-20 10:56:22 [INFO] 物体 1: GasCyl1 (置信度: 0.88)
2026-06-20 10:56:22 [INFO] 物体 2: FireExt1 (置信度: 0.51)
2026-06-20 10:56:22 [INFO] 物体 3: FireExt1 (置信度: 0.38)
2026-06-20 10:56:22 [INFO] 检测到车兜区域，将过滤区域外的目标
2026-06-20 10:56:22 [INFO] 准备保存检测结果到: C:\code\show\Scrap_Steel_In_Field\photos\dangerous_det\detection_20260620_105622.jpg
2026-06-20 10:56:22 [INFO] 图像形状: (2160, 3840, 3)
2026-06-20 10:56:22 [INFO] 图像数据类型: uint8
2026-06-20 10:56:22 [INFO] 图像最大值: 255
2026-06-20 10:56:22 [INFO] 图像最小值: 0
2026-06-20 10:56:22 [INFO] 开始保存检测结果图像: 图像尺寸=(2160, 3840, 3), 类型=uint8, 路径=C:\code\show\Scrap_Steel_In_Field\photos\dangerous_det\detection_20260620_105622.jpg
2026-06-20 10:56:22 [INFO] 成功保存检测结果到: C:\code\show\Scrap_Steel_In_Field\photos\dangerous_det\detection_20260620_105622.jpg
2026-06-20 10:56:22 [INFO] 保存的检测结果文件大小: 2010722 字节
2026-06-20 10:56:22 [INFO] 引擎上下文已释放
2026-06-20 10:56:22 [INFO] TensorRT 引擎已释放
2026-06-20 10:56:22 [INFO] 全局 CUDA 资源已释放
2026-06-20 10:56:22 [INFO] 检测系统资源已释放
2026-06-20 10:56:27 [INFO] CUDA 初始化成功
2026-06-20 10:56:27 [INFO] 引擎加载成功: dangerous.engine
2026-06-20 10:56:27 [INFO] 检测系统初始化成功
2026-06-20 10:56:27 [INFO] 图像预处理完成，原始尺寸: (2160, 3840)
2026-06-20 10:56:27 [INFO] 开始执行目标检测...
2026-06-20 10:56:27 [INFO] 检测完成，找到 2 个物体
2026-06-20 10:56:27 [INFO] 物体 1: GasCyl1 (置信度: 0.89)
2026-06-20 10:56:27 [INFO] 物体 2: FireExt1 (置信度: 0.52)
2026-06-20 10:56:27 [INFO] 检测到车兜区域，将过滤区域外的目标
2026-06-20 10:56:27 [INFO] 准备保存检测结果到: C:\code\show\Scrap_Steel_In_Field\photos\dangerous_det\detection_20260620_105627.jpg
2026-06-20 10:56:27 [INFO] 图像形状: (2160, 3840, 3)
2026-06-20 10:56:27 [INFO] 图像数据类型: uint8
2026-06-20 10:56:27 [INFO] 图像最大值: 255
2026-06-20 10:56:27 [INFO] 图像最小值: 0
2026-06-20 10:56:27 [INFO] 开始保存检测结果图像: 图像尺寸=(2160, 3840, 3), 类型=uint8, 路径=C:\code\show\Scrap_Steel_In_Field\photos\dangerous_det\detection_20260620_105627.jpg
2026-06-20 10:56:27 [INFO] 成功保存检测结果到: C:\code\show\Scrap_Steel_In_Field\photos\dangerous_det\detection_20260620_105627.jpg
2026-06-20 10:56:27 [INFO] 保存的检测结果文件大小: 1996897 字节
2026-06-20 10:56:27 [INFO] 引擎上下文已释放
2026-06-20 10:56:27 [INFO] TensorRT 引擎已释放
2026-06-20 10:56:27 [INFO] 全局 CUDA 资源已释放
2026-06-20 10:56:27 [INFO] 检测系统资源已释放
2026-06-20 10:56:32 [INFO] CUDA 初始化成功
2026-06-20 10:56:32 [INFO] 引擎加载成功: dangerous.engine
2026-06-20 10:56:32 [INFO] 检测系统初始化成功
2026-06-20 10:56:32 [INFO] 图像预处理完成，原始尺寸: (2160, 3840)
2026-06-20 10:56:32 [INFO] 开始执行目标检测...
2026-06-20 10:56:32 [INFO] 检测完成，找到 3 个物体
2026-06-20 10:56:32 [INFO] 物体 1: GasCyl1 (置信度: 0.89)
2026-06-20 10:56:32 [INFO] 物体 2: FireExt1 (置信度: 0.53)
2026-06-20 10:56:32 [INFO] 物体 3: GasCyl1 (置信度: 0.36)
2026-06-20 10:56:32 [INFO] 检测到车兜区域，将过滤区域外的目标
2026-06-20 10:56:32 [INFO] 准备保存检测结果到: C:\code\show\Scrap_Steel_In_Field\photos\dangerous_det\detection_20260620_105632.jpg
2026-06-20 10:56:32 [INFO] 图像形状: (2160, 3840, 3)
2026-06-20 10:56:32 [INFO] 图像数据类型: uint8
2026-06-20 10:56:32 [INFO] 图像最大值: 255
2026-06-20 10:56:32 [INFO] 图像最小值: 0
2026-06-20 10:56:32 [INFO] 开始保存检测结果图像: 图像尺寸=(2160, 3840, 3), 类型=uint8, 路径=C:\code\show\Scrap_Steel_In_Field\photos\dangerous_det\detection_20260620_105632.jpg
2026-06-20 10:56:32 [INFO] 成功保存检测结果到: C:\code\show\Scrap_Steel_In_Field\photos\dangerous_det\detection_20260620_105632.jpg
2026-06-20 10:56:32 [INFO] 保存的检测结果文件大小: 2005783 字节
2026-06-20 10:56:32 [INFO] 引擎上下文已释放
2026-06-20 10:56:32 [INFO] TensorRT 引擎已释放
2026-06-20 10:56:32 [INFO] 全局 CUDA 资源已释放
2026-06-20 10:56:32 [INFO] 检测系统资源已释放
2026-06-20 10:56:37 [INFO] CUDA 初始化成功
2026-06-20 10:56:37 [INFO] 引擎加载成功: dangerous.engine
2026-06-20 10:56:37 [INFO] 检测系统初始化成功
2026-06-20 10:56:37 [INFO] 图像预处理完成，原始尺寸: (2160, 3840)
2026-06-20 10:56:37 [INFO] 开始执行目标检测...
2026-06-20 10:56:37 [INFO] 检测完成，找到 3 个物体
2026-06-20 10:56:37 [INFO] 物体 1: GasCyl1 (置信度: 0.89)
2026-06-20 10:56:37 [INFO] 物体 2: FireExt1 (置信度: 0.49)
2026-06-20 10:56:37 [INFO] 物体 3: FireExt1 (置信度: 0.37)
2026-06-20 10:56:37 [INFO] 检测到车兜区域，将过滤区域外的目标
2026-06-20 10:56:37 [INFO] 准备保存检测结果到: C:\code\show\Scrap_Steel_In_Field\photos\dangerous_det\detection_20260620_105637.jpg
2026-06-20 10:56:37 [INFO] 图像形状: (2160, 3840, 3)
2026-06-20 10:56:37 [INFO] 图像数据类型: uint8
2026-06-20 10:56:37 [INFO] 图像最大值: 255
2026-06-20 10:56:37 [INFO] 图像最小值: 0
2026-06-20 10:56:37 [INFO] 开始保存检测结果图像: 图像尺寸=(2160, 3840, 3), 类型=uint8, 路径=C:\code\show\Scrap_Steel_In_Field\photos\dangerous_det\detection_20260620_105637.jpg
2026-06-20 10:56:37 [INFO] 成功保存检测结果到: C:\code\show\Scrap_Steel_In_Field\photos\dangerous_det\detection_20260620_105637.jpg
2026-06-20 10:56:37 [INFO] 保存的检测结果文件大小: 1974829 字节
2026-06-20 10:56:37 [INFO] 引擎上下文已释放
2026-06-20 10:56:37 [INFO] TensorRT 引擎已释放
2026-06-20 10:56:37 [INFO] 全局 CUDA 资源已释放
2026-06-20 10:56:37 [INFO] 检测系统资源已释放
2026-06-20 10:56:42 [INFO] CUDA 初始化成功
2026-06-20 10:56:42 [INFO] 引擎加载成功: dangerous.engine
2026-06-20 10:56:42 [INFO] 检测系统初始化成功
2026-06-20 10:56:42 [INFO] 图像预处理完成，原始尺寸: (2160, 3840)
2026-06-20 10:56:42 [INFO] 开始执行目标检测...
2026-06-20 10:56:42 [INFO] 检测完成，找到 1 个物体
2026-06-20 10:56:42 [INFO] 物体 1: GasCyl1 (置信度: 0.60)
2026-06-20 10:56:42 [INFO] 准备保存检测结果到: C:\code\show\Scrap_Steel_In_Field\photos\dangerous_det\detection_20260620_105642.jpg
2026-06-20 10:56:42 [INFO] 图像形状: (2160, 3840, 3)
2026-06-20 10:56:42 [INFO] 图像数据类型: uint8
2026-06-20 10:56:42 [INFO] 图像最大值: 255
2026-06-20 10:56:42 [INFO] 图像最小值: 0
2026-06-20 10:56:42 [INFO] 开始保存检测结果图像: 图像尺寸=(2160, 3840, 3), 类型=uint8, 路径=C:\code\show\Scrap_Steel_In_Field\photos\dangerous_det\detection_20260620_105642.jpg
2026-06-20 10:56:43 [INFO] 成功保存检测结果到: C:\code\show\Scrap_Steel_In_Field\photos\dangerous_det\detection_20260620_105642.jpg
2026-06-20 10:56:43 [INFO] 保存的检测结果文件大小: 1010539 字节
2026-06-20 10:56:43 [INFO] 引擎上下文已释放
2026-06-20 10:56:43 [INFO] TensorRT 引擎已释放
2026-06-20 10:56:43 [INFO] 全局 CUDA 资源已释放
2026-06-20 10:56:43 [INFO] 检测系统资源已释放
2026-06-20 10:56:48 [INFO] CUDA 初始化成功
2026-06-20 10:56:48 [INFO] 引擎加载成功: dangerous.engine
2026-06-20 10:56:48 [INFO] 检测系统初始化成功
2026-06-20 10:56:48 [INFO] 图像预处理完成，原始尺寸: (2160, 3840)
2026-06-20 10:56:48 [INFO] 开始执行目标检测...
2026-06-20 10:56:48 [INFO] 检测完成，找到 2 个物体
2026-06-20 10:56:48 [INFO] 物体 1: GasCyl1 (置信度: 0.77)
2026-06-20 10:56:48 [INFO] 物体 2: FireExt1 (置信度: 0.58)
2026-06-20 10:56:48 [INFO] 准备保存检测结果到: C:\code\show\Scrap_Steel_In_Field\photos\dangerous_det\detection_20260620_105648.jpg
2026-06-20 10:56:48 [INFO] 图像形状: (2160, 3840, 3)
2026-06-20 10:56:48 [INFO] 图像数据类型: uint8
2026-06-20 10:56:48 [INFO] 图像最大值: 255
2026-06-20 10:56:48 [INFO] 图像最小值: 0
2026-06-20 10:56:48 [INFO] 开始保存检测结果图像: 图像尺寸=(2160, 3840, 3), 类型=uint8, 路径=C:\code\show\Scrap_Steel_In_Field\photos\dangerous_det\detection_20260620_105648.jpg
2026-06-20 10:56:48 [INFO] 成功保存检测结果到: C:\code\show\Scrap_Steel_In_Field\photos\dangerous_det\detection_20260620_105648.jpg
2026-06-20 10:56:48 [INFO] 保存的检测结果文件大小: 1459443 字节
2026-06-20 10:56:48 [INFO] 引擎上下文已释放
2026-06-20 10:56:48 [INFO] TensorRT 引擎已释放
2026-06-20 10:56:48 [INFO] 全局 CUDA 资源已释放
2026-06-20 10:56:48 [INFO] 检测系统资源已释放
2026-06-20 10:56:53 [INFO] CUDA 初始化成功
2026-06-20 10:56:53 [INFO] 引擎加载成功: dangerous.engine
2026-06-20 10:56:53 [INFO] 检测系统初始化成功
2026-06-20 10:56:53 [INFO] 图像预处理完成，原始尺寸: (2160, 3840)
2026-06-20 10:56:53 [INFO] 开始执行目标检测...
2026-06-20 10:56:53 [INFO] 检测完成，找到 3 个物体
2026-06-20 10:56:53 [INFO] 物体 1: GasCyl1 (置信度: 0.84)
2026-06-20 10:56:53 [INFO] 物体 2: FireExt1 (置信度: 0.56)
2026-06-20 10:56:53 [INFO] 物体 3: FireExt1 (置信度: 0.35)
2026-06-20 10:56:53 [INFO] 检测到车兜区域，将过滤区域外的目标
2026-06-20 10:56:53 [INFO] 准备保存检测结果到: C:\code\show\Scrap_Steel_In_Field\photos\dangerous_det\detection_20260620_105653.jpg
2026-06-20 10:56:53 [INFO] 图像形状: (2160, 3840, 3)
2026-06-20 10:56:53 [INFO] 图像数据类型: uint8
2026-06-20 10:56:53 [INFO] 图像最大值: 255
2026-06-20 10:56:53 [INFO] 图像最小值: 0
2026-06-20 10:56:53 [INFO] 开始保存检测结果图像: 图像尺寸=(2160, 3840, 3), 类型=uint8, 路径=C:\code\show\Scrap_Steel_In_Field\photos\dangerous_det\detection_20260620_105653.jpg
2026-06-20 10:56:53 [INFO] 成功保存检测结果到: C:\code\show\Scrap_Steel_In_Field\photos\dangerous_det\detection_20260620_105653.jpg
2026-06-20 10:56:53 [INFO] 保存的检测结果文件大小: 1952857 字节
2026-06-20 10:56:53 [INFO] 引擎上下文已释放
2026-06-20 10:56:53 [INFO] TensorRT 引擎已释放
2026-06-20 10:56:53 [INFO] 全局 CUDA 资源已释放
2026-06-20 10:56:53 [INFO] 检测系统资源已释放
2026-06-20 10:56:58 [INFO] CUDA 初始化成功
2026-06-20 10:56:58 [INFO] 引擎加载成功: dangerous.engine
2026-06-20 10:56:58 [INFO] 检测系统初始化成功
2026-06-20 10:56:58 [INFO] 图像预处理完成，原始尺寸: (2160, 3840)
2026-06-20 10:56:58 [INFO] 开始执行目标检测...
2026-06-20 10:56:58 [INFO] 检测完成，找到 2 个物体
2026-06-20 10:56:58 [INFO] 物体 1: GasCyl1 (置信度: 0.86)
2026-06-20 10:56:58 [INFO] 物体 2: FireExt1 (置信度: 0.54)
2026-06-20 10:56:58 [INFO] 检测到车兜区域，将过滤区域外的目标
2026-06-20 10:56:58 [INFO] 准备保存检测结果到: C:\code\show\Scrap_Steel_In_Field\photos\dangerous_det\detection_20260620_105658.jpg
2026-06-20 10:56:58 [INFO] 图像形状: (2160, 3840, 3)
2026-06-20 10:56:58 [INFO] 图像数据类型: uint8
2026-06-20 10:56:58 [INFO] 图像最大值: 255
2026-06-20 10:56:58 [INFO] 图像最小值: 0
2026-06-20 10:56:58 [INFO] 开始保存检测结果图像: 图像尺寸=(2160, 3840, 3), 类型=uint8, 路径=C:\code\show\Scrap_Steel_In_Field\photos\dangerous_det\detection_20260620_105658.jpg
2026-06-20 10:56:58 [INFO] 成功保存检测结果到: C:\code\show\Scrap_Steel_In_Field\photos\dangerous_det\detection_20260620_105658.jpg
2026-06-20 10:56:58 [INFO] 保存的检测结果文件大小: 1933147 字节
2026-06-20 10:56:58 [INFO] 引擎上下文已释放
2026-06-20 10:56:58 [INFO] TensorRT 引擎已释放
2026-06-20 10:56:58 [INFO] 全局 CUDA 资源已释放
2026-06-20 10:56:58 [INFO] 检测系统资源已释放
2026-06-20 10:57:03 [INFO] CUDA 初始化成功
2026-06-20 10:57:03 [INFO] 引擎加载成功: dangerous.engine
2026-06-20 10:57:03 [INFO] 检测系统初始化成功
2026-06-20 10:57:03 [INFO] 图像预处理完成，原始尺寸: (2160, 3840)
2026-06-20 10:57:03 [INFO] 开始执行目标检测...
2026-06-20 10:57:03 [INFO] 检测完成，找到 1 个物体
2026-06-20 10:57:03 [INFO] 物体 1: GasCyl1 (置信度: 0.84)
2026-06-20 10:57:03 [INFO] 准备保存检测结果到: C:\code\show\Scrap_Steel_In_Field\photos\dangerous_det\detection_20260620_105703.jpg
2026-06-20 10:57:03 [INFO] 图像形状: (2160, 3840, 3)
2026-06-20 10:57:03 [INFO] 图像数据类型: uint8
2026-06-20 10:57:03 [INFO] 图像最大值: 255
2026-06-20 10:57:03 [INFO] 图像最小值: 0
2026-06-20 10:57:03 [INFO] 开始保存检测结果图像: 图像尺寸=(2160, 3840, 3), 类型=uint8, 路径=C:\code\show\Scrap_Steel_In_Field\photos\dangerous_det\detection_20260620_105703.jpg
2026-06-20 10:57:03 [INFO] 成功保存检测结果到: C:\code\show\Scrap_Steel_In_Field\photos\dangerous_det\detection_20260620_105703.jpg
2026-06-20 10:57:03 [INFO] 保存的检测结果文件大小: 1449962 字节
2026-06-20 10:57:03 [INFO] 引擎上下文已释放
2026-06-20 10:57:03 [INFO] TensorRT 引擎已释放
2026-06-20 10:57:03 [INFO] 全局 CUDA 资源已释放
2026-06-20 10:57:03 [INFO] 检测系统资源已释放
2026-06-20 10:57:08 [INFO] CUDA 初始化成功
2026-06-20 10:57:08 [INFO] 引擎加载成功: dangerous.engine
2026-06-20 10:57:08 [INFO] 检测系统初始化成功
2026-06-20 10:57:08 [INFO] 图像预处理完成，原始尺寸: (2160, 3840)
2026-06-20 10:57:08 [INFO] 开始执行目标检测...
2026-06-20 10:57:08 [INFO] 检测完成，找到 3 个物体
2026-06-20 10:57:08 [INFO] 物体 1: GasCyl1 (置信度: 0.84)
2026-06-20 10:57:08 [INFO] 物体 2: FireExt1 (置信度: 0.53)
2026-06-20 10:57:08 [INFO] 物体 3: GasCyl1 (置信度: 0.37)
2026-06-20 10:57:08 [INFO] 检测到车兜区域，将过滤区域外的目标
2026-06-20 10:57:08 [INFO] 准备保存检测结果到: C:\code\show\Scrap_Steel_In_Field\photos\dangerous_det\detection_20260620_105708.jpg
2026-06-20 10:57:08 [INFO] 图像形状: (2160, 3840, 3)
2026-06-20 10:57:08 [INFO] 图像数据类型: uint8
2026-06-20 10:57:08 [INFO] 图像最大值: 255
2026-06-20 10:57:08 [INFO] 图像最小值: 0
2026-06-20 10:57:08 [INFO] 开始保存检测结果图像: 图像尺寸=(2160, 3840, 3), 类型=uint8, 路径=C:\code\show\Scrap_Steel_In_Field\photos\dangerous_det\detection_20260620_105708.jpg
2026-06-20 10:57:08 [INFO] 成功保存检测结果到: C:\code\show\Scrap_Steel_In_Field\photos\dangerous_det\detection_20260620_105708.jpg
2026-06-20 10:57:08 [INFO] 保存的检测结果文件大小: 1868555 字节
2026-06-20 10:57:08 [INFO] 引擎上下文已释放
2026-06-20 10:57:08 [INFO] TensorRT 引擎已释放
2026-06-20 10:57:08 [INFO] 全局 CUDA 资源已释放
2026-06-20 10:57:08 [INFO] 检测系统资源已释放
2026-06-20 10:57:13 [INFO] CUDA 初始化成功
2026-06-20 10:57:13 [INFO] 引擎加载成功: dangerous.engine
2026-06-20 10:57:13 [INFO] 检测系统初始化成功
2026-06-20 10:57:13 [INFO] 图像预处理完成，原始尺寸: (2160, 3840)
2026-06-20 10:57:13 [INFO] 开始执行目标检测...
2026-06-20 10:57:13 [INFO] 检测完成，找到 2 个物体
2026-06-20 10:57:13 [INFO] 物体 1: GasCyl1 (置信度: 0.86)
2026-06-20 10:57:13 [INFO] 物体 2: FireExt1 (置信度: 0.51)
2026-06-20 10:57:13 [INFO] 检测到车兜区域，将过滤区域外的目标
2026-06-20 10:57:13 [INFO] 准备保存检测结果到: C:\code\show\Scrap_Steel_In_Field\photos\dangerous_det\detection_20260620_105713.jpg
2026-06-20 10:57:13 [INFO] 图像形状: (2160, 3840, 3)
2026-06-20 10:57:13 [INFO] 图像数据类型: uint8
2026-06-20 10:57:13 [INFO] 图像最大值: 255
2026-06-20 10:57:13 [INFO] 图像最小值: 0
2026-06-20 10:57:13 [INFO] 开始保存检测结果图像: 图像尺寸=(2160, 3840, 3), 类型=uint8, 路径=C:\code\show\Scrap_Steel_In_Field\photos\dangerous_det\detection_20260620_105713.jpg
2026-06-20 10:57:13 [INFO] 成功保存检测结果到: C:\code\show\Scrap_Steel_In_Field\photos\dangerous_det\detection_20260620_105713.jpg
2026-06-20 10:57:13 [INFO] 保存的检测结果文件大小: 1984868 字节
2026-06-20 10:57:13 [INFO] 引擎上下文已释放
2026-06-20 10:57:13 [INFO] TensorRT 引擎已释放
2026-06-20 10:57:13 [INFO] 全局 CUDA 资源已释放
2026-06-20 10:57:13 [INFO] 检测系统资源已释放
2026-06-20 10:57:18 [INFO] CUDA 初始化成功
2026-06-20 10:57:18 [INFO] 引擎加载成功: dangerous.engine
2026-06-20 10:57:18 [INFO] 检测系统初始化成功
2026-06-20 10:57:18 [INFO] 图像预处理完成，原始尺寸: (2160, 3840)
2026-06-20 10:57:18 [INFO] 开始执行目标检测...
2026-06-20 10:57:18 [INFO] 检测完成，找到 3 个物体
2026-06-20 10:57:18 [INFO] 物体 1: GasCyl1 (置信度: 0.86)
2026-06-20 10:57:18 [INFO] 物体 2: FireExt1 (置信度: 0.54)
2026-06-20 10:57:18 [INFO] 物体 3: GasCyl1 (置信度: 0.42)
2026-06-20 10:57:18 [INFO] 检测到车兜区域，将过滤区域外的目标
2026-06-20 10:57:18 [INFO] 准备保存检测结果到: C:\code\show\Scrap_Steel_In_Field\photos\dangerous_det\detection_20260620_105718.jpg
2026-06-20 10:57:18 [INFO] 图像形状: (2160, 3840, 3)
2026-06-20 10:57:18 [INFO] 图像数据类型: uint8
2026-06-20 10:57:18 [INFO] 图像最大值: 255
2026-06-20 10:57:18 [INFO] 图像最小值: 0
2026-06-20 10:57:18 [INFO] 开始保存检测结果图像: 图像尺寸=(2160, 3840, 3), 类型=uint8, 路径=C:\code\show\Scrap_Steel_In_Field\photos\dangerous_det\detection_20260620_105718.jpg
2026-06-20 10:57:18 [INFO] 成功保存检测结果到: C:\code\show\Scrap_Steel_In_Field\photos\dangerous_det\detection_20260620_105718.jpg
2026-06-20 10:57:18 [INFO] 保存的检测结果文件大小: 1960453 字节
2026-06-20 10:57:18 [INFO] 引擎上下文已释放
2026-06-20 10:57:18 [INFO] TensorRT 引擎已释放
2026-06-20 10:57:18 [INFO] 全局 CUDA 资源已释放
2026-06-20 10:57:18 [INFO] 检测系统资源已释放
