2026-06-04 18:30:41 [INFO] CUDA 初始化成功
2026-06-04 18:30:41 [INFO] 引擎加载成功: dangerous.engine
2026-06-04 18:30:41 [INFO] 检测系统初始化成功
2026-06-04 18:30:43 [INFO] 引擎加载成功: dangerous.engine
2026-06-04 18:30:43 [INFO] 检测系统初始化成功
2026-06-04 18:30:44 [INFO] 图像预处理完成，原始尺寸: (2160, 3840)
2026-06-04 18:30:44 [INFO] 开始执行目标检测...
2026-06-04 18:30:44 [INFO] 检测完成，找到 0 个物体
2026-06-04 18:30:44 [INFO] 检测到车兜区域，将过滤区域外的目标
2026-06-04 18:30:44 [INFO] 引擎上下文已释放
2026-06-04 18:30:44 [INFO] TensorRT 引擎已释放
2026-06-04 18:30:44 [INFO] 全局 CUDA 资源已释放
2026-06-04 18:30:44 [INFO] 检测系统资源已释放
2026-06-04 18:30:51 [INFO] CUDA 初始化成功
2026-06-04 18:30:51 [INFO] 引擎加载成功: dangerous.engine
2026-06-04 18:30:51 [INFO] 检测系统初始化成功
2026-06-04 18:30:51 [INFO] 图像预处理完成，原始尺寸: (2160, 3840)
2026-06-04 18:30:51 [INFO] 开始执行目标检测...
2026-06-04 18:30:51 [INFO] 检测完成，找到 4 个物体
2026-06-04 18:30:51 [INFO] 物体 1: GasCyl1 (置信度: 0.90)
2026-06-04 18:30:51 [INFO] 物体 2: GasCyl1 (置信度: 0.83)
2026-06-04 18:30:51 [INFO] 物体 3: FireExt1 (置信度: 0.42)
2026-06-04 18:30:51 [INFO] 物体 4: GasCyl1 (置信度: 0.35)
2026-06-04 18:30:51 [INFO] 检测到车兜区域，将过滤区域外的目标
2026-06-04 18:30:51 [INFO] 准备保存检测结果到: C:\code\show\Scrap_Steel_In_Field\photos\dangerous_det\detection_20260604_183051.jpg
2026-06-04 18:30:51 [INFO] 图像形状: (2160, 3840, 3)
2026-06-04 18:30:51 [INFO] 图像数据类型: uint8
2026-06-04 18:30:51 [INFO] 图像最大值: 255
2026-06-04 18:30:51 [INFO] 图像最小值: 0
2026-06-04 18:30:51 [INFO] 开始保存检测结果图像: 图像尺寸=(2160, 3840, 3), 类型=uint8, 路径=C:\code\show\Scrap_Steel_In_Field\photos\dangerous_det\detection_20260604_183051.jpg
2026-06-04 18:30:51 [INFO] 成功保存检测结果到: C:\code\show\Scrap_Steel_In_Field\photos\dangerous_det\detection_20260604_183051.jpg
2026-06-04 18:30:51 [INFO] 保存的检测结果文件大小: 2123260 字节
2026-06-04 18:30:51 [INFO] 引擎上下文已释放
2026-06-04 18:30:51 [INFO] TensorRT 引擎已释放
2026-06-04 18:30:51 [INFO] 全局 CUDA 资源已释放
2026-06-04 18:30:51 [INFO] 检测系统资源已释放
2026-06-04 18:30:55 [INFO] CUDA 初始化成功
2026-06-04 18:30:56 [INFO] 引擎加载成功: dangerous.engine
2026-06-04 18:30:56 [INFO] 检测系统初始化成功
2026-06-04 18:30:56 [INFO] 图像预处理完成，原始尺寸: (2160, 3840)
2026-06-04 18:30:56 [INFO] 开始执行目标检测...
2026-06-04 18:30:56 [INFO] 检测完成，找到 4 个物体
2026-06-04 18:30:56 [INFO] 物体 1: GasCyl1 (置信度: 0.89)
2026-06-04 18:30:56 [INFO] 物体 2: GasCyl1 (置信度: 0.81)
2026-06-04 18:30:56 [INFO] 物体 3: GasCyl1 (置信度: 0.40)
2026-06-04 18:30:56 [INFO] 物体 4: FireExt1 (置信度: 0.39)
2026-06-04 18:30:56 [INFO] 检测到车兜区域，将过滤区域外的目标
2026-06-04 18:30:56 [INFO] 准备保存检测结果到: C:\code\show\Scrap_Steel_In_Field\photos\dangerous_det\detection_20260604_183056.jpg
2026-06-04 18:30:56 [INFO] 图像形状: (2160, 3840, 3)
2026-06-04 18:30:56 [INFO] 图像数据类型: uint8
2026-06-04 18:30:56 [INFO] 图像最大值: 255
2026-06-04 18:30:56 [INFO] 图像最小值: 0
2026-06-04 18:30:56 [INFO] 开始保存检测结果图像: 图像尺寸=(2160, 3840, 3), 类型=uint8, 路径=C:\code\show\Scrap_Steel_In_Field\photos\dangerous_det\detection_20260604_183056.jpg
2026-06-04 18:30:56 [INFO] 成功保存检测结果到: C:\code\show\Scrap_Steel_In_Field\photos\dangerous_det\detection_20260604_183056.jpg
2026-06-04 18:30:56 [INFO] 保存的检测结果文件大小: 2119322 字节
2026-06-04 18:30:56 [INFO] 引擎上下文已释放
2026-06-04 18:30:56 [INFO] TensorRT 引擎已释放
2026-06-04 18:30:56 [INFO] 全局 CUDA 资源已释放
2026-06-04 18:30:56 [INFO] 检测系统资源已释放
2026-06-04 18:31:01 [INFO] CUDA 初始化成功
2026-06-04 18:31:01 [INFO] 引擎加载成功: dangerous.engine
2026-06-04 18:31:01 [INFO] 检测系统初始化成功
2026-06-04 18:31:01 [INFO] 图像预处理完成，原始尺寸: (2160, 3840)
2026-06-04 18:31:01 [INFO] 开始执行目标检测...
2026-06-04 18:31:01 [INFO] 检测完成，找到 3 个物体
2026-06-04 18:31:01 [INFO] 物体 1: GasCyl1 (置信度: 0.90)
2026-06-04 18:31:01 [INFO] 物体 2: GasCyl1 (置信度: 0.79)
2026-06-04 18:31:01 [INFO] 物体 3: FireExt1 (置信度: 0.41)
2026-06-04 18:31:01 [INFO] 检测到车兜区域，将过滤区域外的目标
2026-06-04 18:31:01 [INFO] 准备保存检测结果到: C:\code\show\Scrap_Steel_In_Field\photos\dangerous_det\detection_20260604_183101.jpg
2026-06-04 18:31:01 [INFO] 图像形状: (2160, 3840, 3)
2026-06-04 18:31:01 [INFO] 图像数据类型: uint8
2026-06-04 18:31:01 [INFO] 图像最大值: 255
2026-06-04 18:31:01 [INFO] 图像最小值: 0
2026-06-04 18:31:01 [INFO] 开始保存检测结果图像: 图像尺寸=(2160, 3840, 3), 类型=uint8, 路径=C:\code\show\Scrap_Steel_In_Field\photos\dangerous_det\detection_20260604_183101.jpg
2026-06-04 18:31:01 [INFO] 成功保存检测结果到: C:\code\show\Scrap_Steel_In_Field\photos\dangerous_det\detection_20260604_183101.jpg
2026-06-04 18:31:01 [INFO] 保存的检测结果文件大小: 2121465 字节
2026-06-04 18:31:01 [INFO] 引擎上下文已释放
2026-06-04 18:31:01 [INFO] TensorRT 引擎已释放
2026-06-04 18:31:01 [INFO] 全局 CUDA 资源已释放
2026-06-04 18:31:01 [INFO] 检测系统资源已释放
2026-06-04 18:31:06 [INFO] CUDA 初始化成功
2026-06-04 18:31:06 [INFO] 引擎加载成功: dangerous.engine
2026-06-04 18:31:06 [INFO] 检测系统初始化成功
2026-06-04 18:31:06 [INFO] 图像预处理完成，原始尺寸: (2160, 3840)
2026-06-04 18:31:06 [INFO] 开始执行目标检测...
2026-06-04 18:31:06 [INFO] 检测完成，找到 4 个物体
2026-06-04 18:31:06 [INFO] 物体 1: GasCyl1 (置信度: 0.89)
2026-06-04 18:31:06 [INFO] 物体 2: GasCyl1 (置信度: 0.83)
2026-06-04 18:31:06 [INFO] 物体 3: GasCyl1 (置信度: 0.42)
2026-06-04 18:31:06 [INFO] 物体 4: FireExt1 (置信度: 0.37)
2026-06-04 18:31:06 [INFO] 检测到车兜区域，将过滤区域外的目标
2026-06-04 18:31:06 [INFO] 准备保存检测结果到: C:\code\show\Scrap_Steel_In_Field\photos\dangerous_det\detection_20260604_183106.jpg
2026-06-04 18:31:06 [INFO] 图像形状: (2160, 3840, 3)
2026-06-04 18:31:06 [INFO] 图像数据类型: uint8
2026-06-04 18:31:06 [INFO] 图像最大值: 255
2026-06-04 18:31:06 [INFO] 图像最小值: 0
2026-06-04 18:31:06 [INFO] 开始保存检测结果图像: 图像尺寸=(2160, 3840, 3), 类型=uint8, 路径=C:\code\show\Scrap_Steel_In_Field\photos\dangerous_det\detection_20260604_183106.jpg
2026-06-04 18:31:06 [INFO] 成功保存检测结果到: C:\code\show\Scrap_Steel_In_Field\photos\dangerous_det\detection_20260604_183106.jpg
2026-06-04 18:31:06 [INFO] 保存的检测结果文件大小: 2127904 字节
2026-06-04 18:31:06 [INFO] 引擎上下文已释放
2026-06-04 18:31:06 [INFO] TensorRT 引擎已释放
2026-06-04 18:31:06 [INFO] 全局 CUDA 资源已释放
2026-06-04 18:31:06 [INFO] 检测系统资源已释放
2026-06-04 18:31:14 [INFO] CUDA 初始化成功
2026-06-04 18:31:14 [INFO] 引擎加载成功: dangerous.engine
2026-06-04 18:31:14 [INFO] 检测系统初始化成功
2026-06-04 18:31:14 [INFO] 图像预处理完成，原始尺寸: (2160, 3840)
2026-06-04 18:31:14 [INFO] 开始执行目标检测...
2026-06-04 18:31:14 [INFO] 检测完成，找到 4 个物体
2026-06-04 18:31:14 [INFO] 物体 1: GasCyl1 (置信度: 0.90)
2026-06-04 18:31:14 [INFO] 物体 2: GasCyl1 (置信度: 0.81)
2026-06-04 18:31:14 [INFO] 物体 3: GasCyl1 (置信度: 0.40)
2026-06-04 18:31:14 [INFO] 物体 4: FireExt1 (置信度: 0.36)
2026-06-04 18:31:14 [INFO] 检测到车兜区域，将过滤区域外的目标
2026-06-04 18:31:14 [INFO] 准备保存检测结果到: C:\code\show\Scrap_Steel_In_Field\photos\dangerous_det\detection_20260604_183114.jpg
2026-06-04 18:31:14 [INFO] 图像形状: (2160, 3840, 3)
2026-06-04 18:31:14 [INFO] 图像数据类型: uint8
2026-06-04 18:31:14 [INFO] 图像最大值: 255
2026-06-04 18:31:14 [INFO] 图像最小值: 0
2026-06-04 18:31:14 [INFO] 开始保存检测结果图像: 图像尺寸=(2160, 3840, 3), 类型=uint8, 路径=C:\code\show\Scrap_Steel_In_Field\photos\dangerous_det\detection_20260604_183114.jpg
2026-06-04 18:31:14 [INFO] 成功保存检测结果到: C:\code\show\Scrap_Steel_In_Field\photos\dangerous_det\detection_20260604_183114.jpg
2026-06-04 18:31:14 [INFO] 保存的检测结果文件大小: 2127730 字节
2026-06-04 18:31:14 [INFO] 引擎上下文已释放
2026-06-04 18:31:14 [INFO] TensorRT 引擎已释放
2026-06-04 18:31:14 [INFO] 全局 CUDA 资源已释放
2026-06-04 18:31:14 [INFO] 检测系统资源已释放
2026-06-04 18:31:18 [INFO] CUDA 初始化成功
2026-06-04 18:31:19 [INFO] 引擎加载成功: dangerous.engine
2026-06-04 18:31:19 [INFO] 检测系统初始化成功
2026-06-04 18:31:19 [INFO] 图像预处理完成，原始尺寸: (2160, 3840)
2026-06-04 18:31:19 [INFO] 开始执行目标检测...
2026-06-04 18:31:19 [INFO] 检测完成，找到 3 个物体
2026-06-04 18:31:19 [INFO] 物体 1: GasCyl1 (置信度: 0.90)
2026-06-04 18:31:19 [INFO] 物体 2: GasCyl1 (置信度: 0.82)
2026-06-04 18:31:19 [INFO] 物体 3: FireExt1 (置信度: 0.40)
2026-06-04 18:31:19 [INFO] 检测到车兜区域，将过滤区域外的目标
2026-06-04 18:31:19 [INFO] 准备保存检测结果到: C:\code\show\Scrap_Steel_In_Field\photos\dangerous_det\detection_20260604_183119.jpg
2026-06-04 18:31:19 [INFO] 图像形状: (2160, 3840, 3)
2026-06-04 18:31:19 [INFO] 图像数据类型: uint8
2026-06-04 18:31:19 [INFO] 图像最大值: 255
2026-06-04 18:31:19 [INFO] 图像最小值: 0
2026-06-04 18:31:19 [INFO] 开始保存检测结果图像: 图像尺寸=(2160, 3840, 3), 类型=uint8, 路径=C:\code\show\Scrap_Steel_In_Field\photos\dangerous_det\detection_20260604_183119.jpg
2026-06-04 18:31:19 [INFO] 成功保存检测结果到: C:\code\show\Scrap_Steel_In_Field\photos\dangerous_det\detection_20260604_183119.jpg
2026-06-04 18:31:19 [INFO] 保存的检测结果文件大小: 2125083 字节
2026-06-04 18:31:19 [INFO] 引擎上下文已释放
2026-06-04 18:31:19 [INFO] TensorRT 引擎已释放
2026-06-04 18:31:19 [INFO] 全局 CUDA 资源已释放
2026-06-04 18:31:19 [INFO] 检测系统资源已释放
2026-06-04 18:31:24 [INFO] CUDA 初始化成功
2026-06-04 18:31:24 [INFO] 引擎加载成功: dangerous.engine
2026-06-04 18:31:24 [INFO] 检测系统初始化成功
2026-06-04 18:31:24 [INFO] 图像预处理完成，原始尺寸: (2160, 3840)
2026-06-04 18:31:24 [INFO] 开始执行目标检测...
2026-06-04 18:31:24 [INFO] 检测完成，找到 2 个物体
2026-06-04 18:31:24 [INFO] 物体 1: GasCyl1 (置信度: 0.90)
2026-06-04 18:31:24 [INFO] 物体 2: GasCyl1 (置信度: 0.80)
2026-06-04 18:31:24 [INFO] 检测到车兜区域，将过滤区域外的目标
2026-06-04 18:31:24 [INFO] 准备保存检测结果到: C:\code\show\Scrap_Steel_In_Field\photos\dangerous_det\detection_20260604_183124.jpg
2026-06-04 18:31:24 [INFO] 图像形状: (2160, 3840, 3)
2026-06-04 18:31:24 [INFO] 图像数据类型: uint8
2026-06-04 18:31:24 [INFO] 图像最大值: 255
2026-06-04 18:31:24 [INFO] 图像最小值: 0
2026-06-04 18:31:24 [INFO] 开始保存检测结果图像: 图像尺寸=(2160, 3840, 3), 类型=uint8, 路径=C:\code\show\Scrap_Steel_In_Field\photos\dangerous_det\detection_20260604_183124.jpg
2026-06-04 18:31:24 [INFO] 成功保存检测结果到: C:\code\show\Scrap_Steel_In_Field\photos\dangerous_det\detection_20260604_183124.jpg
2026-06-04 18:31:24 [INFO] 保存的检测结果文件大小: 2106300 字节
2026-06-04 18:31:24 [INFO] 引擎上下文已释放
2026-06-04 18:31:24 [INFO] TensorRT 引擎已释放
2026-06-04 18:31:24 [INFO] 全局 CUDA 资源已释放
2026-06-04 18:31:24 [INFO] 检测系统资源已释放
2026-06-04 18:31:29 [INFO] CUDA 初始化成功
2026-06-04 18:31:29 [INFO] 引擎加载成功: dangerous.engine
2026-06-04 18:31:29 [INFO] 检测系统初始化成功
2026-06-04 18:31:29 [INFO] 图像预处理完成，原始尺寸: (2160, 3840)
2026-06-04 18:31:29 [INFO] 开始执行目标检测...
2026-06-04 18:31:29 [INFO] 检测完成，找到 3 个物体
2026-06-04 18:31:29 [INFO] 物体 1: GasCyl1 (置信度: 0.75)
2026-06-04 18:31:29 [INFO] 物体 2: GasCyl1 (置信度: 0.73)
2026-06-04 18:31:29 [INFO] 物体 3: FireExt1 (置信度: 0.35)
2026-06-04 18:31:29 [INFO] 准备保存检测结果到: C:\code\show\Scrap_Steel_In_Field\photos\dangerous_det\detection_20260604_183129.jpg
2026-06-04 18:31:29 [INFO] 图像形状: (2160, 3840, 3)
2026-06-04 18:31:29 [INFO] 图像数据类型: uint8
2026-06-04 18:31:29 [INFO] 图像最大值: 255
2026-06-04 18:31:29 [INFO] 图像最小值: 0
2026-06-04 18:31:29 [INFO] 开始保存检测结果图像: 图像尺寸=(2160, 3840, 3), 类型=uint8, 路径=C:\code\show\Scrap_Steel_In_Field\photos\dangerous_det\detection_20260604_183129.jpg
2026-06-04 18:31:29 [INFO] 成功保存检测结果到: C:\code\show\Scrap_Steel_In_Field\photos\dangerous_det\detection_20260604_183129.jpg
2026-06-04 18:31:29 [INFO] 保存的检测结果文件大小: 1413633 字节
2026-06-04 18:31:29 [INFO] 引擎上下文已释放
2026-06-04 18:31:29 [INFO] TensorRT 引擎已释放
2026-06-04 18:31:29 [INFO] 全局 CUDA 资源已释放
2026-06-04 18:31:29 [INFO] 检测系统资源已释放
2026-06-04 18:31:34 [INFO] CUDA 初始化成功
2026-06-04 18:31:34 [INFO] 引擎加载成功: dangerous.engine
2026-06-04 18:31:34 [INFO] 检测系统初始化成功
2026-06-04 18:31:34 [INFO] 图像预处理完成，原始尺寸: (2160, 3840)
2026-06-04 18:31:34 [INFO] 开始执行目标检测...
2026-06-04 18:31:34 [INFO] 检测完成，找到 2 个物体
2026-06-04 18:31:34 [INFO] 物体 1: GasCyl1 (置信度: 0.86)
2026-06-04 18:31:34 [INFO] 物体 2: GasCyl1 (置信度: 0.56)
2026-06-04 18:31:35 [INFO] 准备保存检测结果到: C:\code\show\Scrap_Steel_In_Field\photos\dangerous_det\detection_20260604_183135.jpg
2026-06-04 18:31:35 [INFO] 图像形状: (2160, 3840, 3)
2026-06-04 18:31:35 [INFO] 图像数据类型: uint8
2026-06-04 18:31:35 [INFO] 图像最大值: 255
2026-06-04 18:31:35 [INFO] 图像最小值: 0
2026-06-04 18:31:35 [INFO] 开始保存检测结果图像: 图像尺寸=(2160, 3840, 3), 类型=uint8, 路径=C:\code\show\Scrap_Steel_In_Field\photos\dangerous_det\detection_20260604_183135.jpg
2026-06-04 18:31:35 [INFO] 成功保存检测结果到: C:\code\show\Scrap_Steel_In_Field\photos\dangerous_det\detection_20260604_183135.jpg
2026-06-04 18:31:35 [INFO] 保存的检测结果文件大小: 1551478 字节
2026-06-04 18:31:35 [INFO] 引擎上下文已释放
2026-06-04 18:31:35 [INFO] TensorRT 引擎已释放
2026-06-04 18:31:35 [INFO] 全局 CUDA 资源已释放
2026-06-04 18:31:35 [INFO] 检测系统资源已释放
2026-06-04 18:31:39 [INFO] CUDA 初始化成功
2026-06-04 18:31:39 [INFO] 引擎加载成功: dangerous.engine
2026-06-04 18:31:39 [INFO] 检测系统初始化成功
2026-06-04 18:31:39 [INFO] 图像预处理完成，原始尺寸: (2160, 3840)
2026-06-04 18:31:39 [INFO] 开始执行目标检测...
2026-06-04 18:31:40 [INFO] 检测完成，找到 4 个物体
2026-06-04 18:31:40 [INFO] 物体 1: GasCyl1 (置信度: 0.88)
2026-06-04 18:31:40 [INFO] 物体 2: GasCyl1 (置信度: 0.81)
2026-06-04 18:31:40 [INFO] 物体 3: FireExt1 (置信度: 0.45)
2026-06-04 18:31:40 [INFO] 物体 4: GasCyl1 (置信度: 0.39)
2026-06-04 18:31:40 [INFO] 检测到车兜区域，将过滤区域外的目标
2026-06-04 18:31:40 [INFO] 准备保存检测结果到: C:\code\show\Scrap_Steel_In_Field\photos\dangerous_det\detection_20260604_183140.jpg
2026-06-04 18:31:40 [INFO] 图像形状: (2160, 3840, 3)
2026-06-04 18:31:40 [INFO] 图像数据类型: uint8
2026-06-04 18:31:40 [INFO] 图像最大值: 255
2026-06-04 18:31:40 [INFO] 图像最小值: 0
2026-06-04 18:31:40 [INFO] 开始保存检测结果图像: 图像尺寸=(2160, 3840, 3), 类型=uint8, 路径=C:\code\show\Scrap_Steel_In_Field\photos\dangerous_det\detection_20260604_183140.jpg
2026-06-04 18:31:40 [INFO] 成功保存检测结果到: C:\code\show\Scrap_Steel_In_Field\photos\dangerous_det\detection_20260604_183140.jpg
2026-06-04 18:31:40 [INFO] 保存的检测结果文件大小: 2081042 字节
2026-06-04 18:31:40 [INFO] 引擎上下文已释放
2026-06-04 18:31:40 [INFO] TensorRT 引擎已释放
2026-06-04 18:31:40 [INFO] 全局 CUDA 资源已释放
2026-06-04 18:31:40 [INFO] 检测系统资源已释放
2026-06-04 18:31:45 [INFO] CUDA 初始化成功
2026-06-04 18:31:45 [INFO] 引擎加载成功: dangerous.engine
2026-06-04 18:31:45 [INFO] 检测系统初始化成功
2026-06-04 18:31:45 [INFO] 图像预处理完成，原始尺寸: (2160, 3840)
2026-06-04 18:31:45 [INFO] 开始执行目标检测...
2026-06-04 18:31:45 [INFO] 检测完成，找到 3 个物体
2026-06-04 18:31:45 [INFO] 物体 1: GasCyl1 (置信度: 0.91)
2026-06-04 18:31:45 [INFO] 物体 2: GasCyl1 (置信度: 0.83)
2026-06-04 18:31:45 [INFO] 物体 3: FireExt1 (置信度: 0.37)
2026-06-04 18:31:45 [INFO] 准备保存检测结果到: C:\code\show\Scrap_Steel_In_Field\photos\dangerous_det\detection_20260604_183145.jpg
2026-06-04 18:31:45 [INFO] 图像形状: (2160, 3840, 3)
2026-06-04 18:31:45 [INFO] 图像数据类型: uint8
2026-06-04 18:31:45 [INFO] 图像最大值: 255
2026-06-04 18:31:45 [INFO] 图像最小值: 0
2026-06-04 18:31:45 [INFO] 开始保存检测结果图像: 图像尺寸=(2160, 3840, 3), 类型=uint8, 路径=C:\code\show\Scrap_Steel_In_Field\photos\dangerous_det\detection_20260604_183145.jpg
2026-06-04 18:31:45 [INFO] 成功保存检测结果到: C:\code\show\Scrap_Steel_In_Field\photos\dangerous_det\detection_20260604_183145.jpg
2026-06-04 18:31:45 [INFO] 保存的检测结果文件大小: 2065607 字节
2026-06-04 18:31:45 [INFO] 引擎上下文已释放
2026-06-04 18:31:45 [INFO] TensorRT 引擎已释放
2026-06-04 18:31:45 [INFO] 全局 CUDA 资源已释放
2026-06-04 18:31:45 [INFO] 检测系统资源已释放
2026-06-04 18:31:50 [INFO] CUDA 初始化成功
2026-06-04 18:31:50 [INFO] 引擎加载成功: dangerous.engine
2026-06-04 18:31:50 [INFO] 检测系统初始化成功
2026-06-04 18:31:50 [INFO] 图像预处理完成，原始尺寸: (2160, 3840)
2026-06-04 18:31:50 [INFO] 开始执行目标检测...
2026-06-04 18:31:50 [INFO] 检测完成，找到 2 个物体
2026-06-04 18:31:50 [INFO] 物体 1: GasCyl1 (置信度: 0.90)
2026-06-04 18:31:50 [INFO] 物体 2: GasCyl1 (置信度: 0.55)
2026-06-04 18:31:50 [INFO] 准备保存检测结果到: C:\code\show\Scrap_Steel_In_Field\photos\dangerous_det\detection_20260604_183150.jpg
2026-06-04 18:31:50 [INFO] 图像形状: (2160, 3840, 3)
2026-06-04 18:31:50 [INFO] 图像数据类型: uint8
2026-06-04 18:31:50 [INFO] 图像最大值: 255
2026-06-04 18:31:50 [INFO] 图像最小值: 0
2026-06-04 18:31:50 [INFO] 开始保存检测结果图像: 图像尺寸=(2160, 3840, 3), 类型=uint8, 路径=C:\code\show\Scrap_Steel_In_Field\photos\dangerous_det\detection_20260604_183150.jpg
2026-06-04 18:31:50 [INFO] 成功保存检测结果到: C:\code\show\Scrap_Steel_In_Field\photos\dangerous_det\detection_20260604_183150.jpg
2026-06-04 18:31:50 [INFO] 保存的检测结果文件大小: 1670255 字节
2026-06-04 18:31:50 [INFO] 引擎上下文已释放
2026-06-04 18:31:50 [INFO] TensorRT 引擎已释放
2026-06-04 18:31:50 [INFO] 全局 CUDA 资源已释放
2026-06-04 18:31:50 [INFO] 检测系统资源已释放
2026-06-04 18:31:55 [INFO] CUDA 初始化成功
2026-06-04 18:31:55 [INFO] 引擎加载成功: dangerous.engine
2026-06-04 18:31:55 [INFO] 检测系统初始化成功
2026-06-04 18:31:55 [INFO] 图像预处理完成，原始尺寸: (2160, 3840)
2026-06-04 18:31:55 [INFO] 开始执行目标检测...
2026-06-04 18:31:55 [INFO] 检测完成，找到 4 个物体
2026-06-04 18:31:55 [INFO] 物体 1: GasCyl1 (置信度: 0.89)
2026-06-04 18:31:55 [INFO] 物体 2: GasCyl1 (置信度: 0.82)
2026-06-04 18:31:55 [INFO] 物体 3: GasCyl1 (置信度: 0.59)
2026-06-04 18:31:55 [INFO] 物体 4: FireExt1 (置信度: 0.45)
2026-06-04 18:31:55 [INFO] 检测到车兜区域，将过滤区域外的目标
2026-06-04 18:31:55 [INFO] 准备保存检测结果到: C:\code\show\Scrap_Steel_In_Field\photos\dangerous_det\detection_20260604_183155.jpg
2026-06-04 18:31:55 [INFO] 图像形状: (2160, 3840, 3)
2026-06-04 18:31:55 [INFO] 图像数据类型: uint8
2026-06-04 18:31:55 [INFO] 图像最大值: 255
2026-06-04 18:31:55 [INFO] 图像最小值: 0
2026-06-04 18:31:55 [INFO] 开始保存检测结果图像: 图像尺寸=(2160, 3840, 3), 类型=uint8, 路径=C:\code\show\Scrap_Steel_In_Field\photos\dangerous_det\detection_20260604_183155.jpg
2026-06-04 18:31:55 [INFO] 成功保存检测结果到: C:\code\show\Scrap_Steel_In_Field\photos\dangerous_det\detection_20260604_183155.jpg
2026-06-04 18:31:55 [INFO] 保存的检测结果文件大小: 1939689 字节
2026-06-04 18:31:55 [INFO] 引擎上下文已释放
2026-06-04 18:31:55 [INFO] TensorRT 引擎已释放
2026-06-04 18:31:55 [INFO] 全局 CUDA 资源已释放
2026-06-04 18:31:55 [INFO] 检测系统资源已释放
2026-06-04 18:32:00 [INFO] CUDA 初始化成功
2026-06-04 18:32:00 [INFO] 引擎加载成功: dangerous.engine
2026-06-04 18:32:00 [INFO] 检测系统初始化成功
2026-06-04 18:32:00 [INFO] 图像预处理完成，原始尺寸: (2160, 3840)
2026-06-04 18:32:00 [INFO] 开始执行目标检测...
2026-06-04 18:32:00 [INFO] 检测完成，找到 4 个物体
2026-06-04 18:32:00 [INFO] 物体 1: GasCyl1 (置信度: 0.90)
2026-06-04 18:32:00 [INFO] 物体 2: GasCyl1 (置信度: 0.84)
2026-06-04 18:32:00 [INFO] 物体 3: FireExt1 (置信度: 0.41)
2026-06-04 18:32:00 [INFO] 物体 4: GasCyl1 (置信度: 0.39)
2026-06-04 18:32:00 [INFO] 检测到车兜区域，将过滤区域外的目标
2026-06-04 18:32:00 [INFO] 准备保存检测结果到: C:\code\show\Scrap_Steel_In_Field\photos\dangerous_det\detection_20260604_183200.jpg
2026-06-04 18:32:00 [INFO] 图像形状: (2160, 3840, 3)
2026-06-04 18:32:00 [INFO] 图像数据类型: uint8
2026-06-04 18:32:00 [INFO] 图像最大值: 255
2026-06-04 18:32:00 [INFO] 图像最小值: 0
2026-06-04 18:32:00 [INFO] 开始保存检测结果图像: 图像尺寸=(2160, 3840, 3), 类型=uint8, 路径=C:\code\show\Scrap_Steel_In_Field\photos\dangerous_det\detection_20260604_183200.jpg
2026-06-04 18:32:00 [INFO] 成功保存检测结果到: C:\code\show\Scrap_Steel_In_Field\photos\dangerous_det\detection_20260604_183200.jpg
2026-06-04 18:32:00 [INFO] 保存的检测结果文件大小: 2121494 字节
2026-06-04 18:32:00 [INFO] 引擎上下文已释放
2026-06-04 18:32:00 [INFO] TensorRT 引擎已释放
2026-06-04 18:32:00 [INFO] 全局 CUDA 资源已释放
2026-06-04 18:32:00 [INFO] 检测系统资源已释放
2026-06-04 18:32:05 [INFO] CUDA 初始化成功
2026-06-04 18:32:05 [INFO] 引擎加载成功: dangerous.engine
2026-06-04 18:32:05 [INFO] 检测系统初始化成功
2026-06-04 18:32:05 [INFO] 图像预处理完成，原始尺寸: (2160, 3840)
2026-06-04 18:32:05 [INFO] 开始执行目标检测...
2026-06-04 18:32:05 [INFO] 检测完成，找到 4 个物体
2026-06-04 18:32:05 [INFO] 物体 1: GasCyl1 (置信度: 0.89)
2026-06-04 18:32:05 [INFO] 物体 2: GasCyl1 (置信度: 0.78)
2026-06-04 18:32:05 [INFO] 物体 3: GasCyl1 (置信度: 0.51)
2026-06-04 18:32:05 [INFO] 物体 4: FireExt1 (置信度: 0.39)
2026-06-04 18:32:05 [INFO] 检测到车兜区域，将过滤区域外的目标
2026-06-04 18:32:05 [INFO] 准备保存检测结果到: C:\code\show\Scrap_Steel_In_Field\photos\dangerous_det\detection_20260604_183205.jpg
2026-06-04 18:32:05 [INFO] 图像形状: (2160, 3840, 3)
2026-06-04 18:32:05 [INFO] 图像数据类型: uint8
2026-06-04 18:32:05 [INFO] 图像最大值: 255
2026-06-04 18:32:05 [INFO] 图像最小值: 0
2026-06-04 18:32:05 [INFO] 开始保存检测结果图像: 图像尺寸=(2160, 3840, 3), 类型=uint8, 路径=C:\code\show\Scrap_Steel_In_Field\photos\dangerous_det\detection_20260604_183205.jpg
2026-06-04 18:32:06 [INFO] 成功保存检测结果到: C:\code\show\Scrap_Steel_In_Field\photos\dangerous_det\detection_20260604_183205.jpg
2026-06-04 18:32:06 [INFO] 保存的检测结果文件大小: 2124093 字节
2026-06-04 18:32:06 [INFO] 引擎上下文已释放
2026-06-04 18:32:06 [INFO] TensorRT 引擎已释放
2026-06-04 18:32:06 [INFO] 全局 CUDA 资源已释放
2026-06-04 18:32:06 [INFO] 检测系统资源已释放
2026-06-04 18:32:10 [INFO] CUDA 初始化成功
2026-06-04 18:32:10 [INFO] 引擎加载成功: dangerous.engine
2026-06-04 18:32:10 [INFO] 检测系统初始化成功
2026-06-04 18:32:10 [INFO] 图像预处理完成，原始尺寸: (2160, 3840)
2026-06-04 18:32:10 [INFO] 开始执行目标检测...
2026-06-04 18:32:11 [INFO] 检测完成，找到 4 个物体
2026-06-04 18:32:11 [INFO] 物体 1: GasCyl1 (置信度: 0.90)
2026-06-04 18:32:11 [INFO] 物体 2: GasCyl1 (置信度: 0.84)
2026-06-04 18:32:11 [INFO] 物体 3: FireExt1 (置信度: 0.43)
2026-06-04 18:32:11 [INFO] 物体 4: GasCyl1 (置信度: 0.38)
2026-06-04 18:32:11 [INFO] 检测到车兜区域，将过滤区域外的目标
2026-06-04 18:32:11 [INFO] 准备保存检测结果到: C:\code\show\Scrap_Steel_In_Field\photos\dangerous_det\detection_20260604_183211.jpg
2026-06-04 18:32:11 [INFO] 图像形状: (2160, 3840, 3)
2026-06-04 18:32:11 [INFO] 图像数据类型: uint8
2026-06-04 18:32:11 [INFO] 图像最大值: 255
2026-06-04 18:32:11 [INFO] 图像最小值: 0
2026-06-04 18:32:11 [INFO] 开始保存检测结果图像: 图像尺寸=(2160, 3840, 3), 类型=uint8, 路径=C:\code\show\Scrap_Steel_In_Field\photos\dangerous_det\detection_20260604_183211.jpg
2026-06-04 18:32:11 [INFO] 成功保存检测结果到: C:\code\show\Scrap_Steel_In_Field\photos\dangerous_det\detection_20260604_183211.jpg
2026-06-04 18:32:11 [INFO] 保存的检测结果文件大小: 2123485 字节
2026-06-04 18:32:11 [INFO] 引擎上下文已释放
2026-06-04 18:32:11 [INFO] TensorRT 引擎已释放
2026-06-04 18:32:11 [INFO] 全局 CUDA 资源已释放
2026-06-04 18:32:11 [INFO] 检测系统资源已释放
2026-06-04 18:32:15 [INFO] CUDA 初始化成功
2026-06-04 18:32:16 [INFO] 引擎加载成功: dangerous.engine
2026-06-04 18:32:16 [INFO] 检测系统初始化成功
2026-06-04 18:32:16 [INFO] 图像预处理完成，原始尺寸: (2160, 3840)
2026-06-04 18:32:16 [INFO] 开始执行目标检测...
2026-06-04 18:32:16 [INFO] 检测完成，找到 3 个物体
2026-06-04 18:32:16 [INFO] 物体 1: GasCyl1 (置信度: 0.89)
2026-06-04 18:32:16 [INFO] 物体 2: GasCyl1 (置信度: 0.82)
2026-06-04 18:32:16 [INFO] 物体 3: FireExt1 (置信度: 0.41)
2026-06-04 18:32:16 [INFO] 检测到车兜区域，将过滤区域外的目标
2026-06-04 18:32:16 [INFO] 准备保存检测结果到: C:\code\show\Scrap_Steel_In_Field\photos\dangerous_det\detection_20260604_183216.jpg
2026-06-04 18:32:16 [INFO] 图像形状: (2160, 3840, 3)
2026-06-04 18:32:16 [INFO] 图像数据类型: uint8
2026-06-04 18:32:16 [INFO] 图像最大值: 255
2026-06-04 18:32:16 [INFO] 图像最小值: 0
2026-06-04 18:32:16 [INFO] 开始保存检测结果图像: 图像尺寸=(2160, 3840, 3), 类型=uint8, 路径=C:\code\show\Scrap_Steel_In_Field\photos\dangerous_det\detection_20260604_183216.jpg
2026-06-04 18:32:16 [INFO] 成功保存检测结果到: C:\code\show\Scrap_Steel_In_Field\photos\dangerous_det\detection_20260604_183216.jpg
2026-06-04 18:32:16 [INFO] 保存的检测结果文件大小: 2123254 字节
2026-06-04 18:32:16 [INFO] 引擎上下文已释放
2026-06-04 18:32:16 [INFO] TensorRT 引擎已释放
2026-06-04 18:32:16 [INFO] 全局 CUDA 资源已释放
2026-06-04 18:32:16 [INFO] 检测系统资源已释放
2026-06-04 18:32:21 [INFO] CUDA 初始化成功
2026-06-04 18:32:21 [INFO] 引擎加载成功: dangerous.engine
2026-06-04 18:32:21 [INFO] 检测系统初始化成功
2026-06-04 18:32:21 [INFO] 图像预处理完成，原始尺寸: (2160, 3840)
2026-06-04 18:32:21 [INFO] 开始执行目标检测...
2026-06-04 18:32:21 [INFO] 检测完成，找到 4 个物体
2026-06-04 18:32:21 [INFO] 物体 1: GasCyl1 (置信度: 0.88)
2026-06-04 18:32:21 [INFO] 物体 2: GasCyl1 (置信度: 0.83)
2026-06-04 18:32:21 [INFO] 物体 3: GasCyl1 (置信度: 0.45)
2026-06-04 18:32:21 [INFO] 物体 4: FireExt1 (置信度: 0.44)
2026-06-04 18:32:21 [INFO] 检测到车兜区域，将过滤区域外的目标
2026-06-04 18:32:21 [INFO] 准备保存检测结果到: C:\code\show\Scrap_Steel_In_Field\photos\dangerous_det\detection_20260604_183221.jpg
2026-06-04 18:32:21 [INFO] 图像形状: (2160, 3840, 3)
2026-06-04 18:32:21 [INFO] 图像数据类型: uint8
2026-06-04 18:32:21 [INFO] 图像最大值: 255
2026-06-04 18:32:21 [INFO] 图像最小值: 0
2026-06-04 18:32:21 [INFO] 开始保存检测结果图像: 图像尺寸=(2160, 3840, 3), 类型=uint8, 路径=C:\code\show\Scrap_Steel_In_Field\photos\dangerous_det\detection_20260604_183221.jpg
2026-06-04 18:32:21 [INFO] 成功保存检测结果到: C:\code\show\Scrap_Steel_In_Field\photos\dangerous_det\detection_20260604_183221.jpg
2026-06-04 18:32:21 [INFO] 保存的检测结果文件大小: 2122697 字节
2026-06-04 18:32:21 [INFO] 引擎上下文已释放
2026-06-04 18:32:21 [INFO] TensorRT 引擎已释放
2026-06-04 18:32:21 [INFO] 全局 CUDA 资源已释放
2026-06-04 18:32:21 [INFO] 检测系统资源已释放
2026-06-04 18:32:26 [INFO] CUDA 初始化成功
2026-06-04 18:32:26 [INFO] 引擎加载成功: dangerous.engine
2026-06-04 18:32:26 [INFO] 检测系统初始化成功
2026-06-04 18:32:26 [INFO] 图像预处理完成，原始尺寸: (2160, 3840)
2026-06-04 18:32:26 [INFO] 开始执行目标检测...
2026-06-04 18:32:26 [INFO] 检测完成，找到 4 个物体
2026-06-04 18:32:26 [INFO] 物体 1: GasCyl1 (置信度: 0.90)
2026-06-04 18:32:26 [INFO] 物体 2: GasCyl1 (置信度: 0.81)
2026-06-04 18:32:26 [INFO] 物体 3: GasCyl1 (置信度: 0.45)
2026-06-04 18:32:26 [INFO] 物体 4: FireExt1 (置信度: 0.39)
2026-06-04 18:32:26 [INFO] 检测到车兜区域，将过滤区域外的目标
2026-06-04 18:32:26 [INFO] 准备保存检测结果到: C:\code\show\Scrap_Steel_In_Field\photos\dangerous_det\detection_20260604_183226.jpg
2026-06-04 18:32:26 [INFO] 图像形状: (2160, 3840, 3)
2026-06-04 18:32:26 [INFO] 图像数据类型: uint8
2026-06-04 18:32:26 [INFO] 图像最大值: 255
2026-06-04 18:32:26 [INFO] 图像最小值: 0
2026-06-04 18:32:26 [INFO] 开始保存检测结果图像: 图像尺寸=(2160, 3840, 3), 类型=uint8, 路径=C:\code\show\Scrap_Steel_In_Field\photos\dangerous_det\detection_20260604_183226.jpg
2026-06-04 18:32:26 [INFO] 成功保存检测结果到: C:\code\show\Scrap_Steel_In_Field\photos\dangerous_det\detection_20260604_183226.jpg
2026-06-04 18:32:26 [INFO] 保存的检测结果文件大小: 2096411 字节
2026-06-04 18:32:26 [INFO] 引擎上下文已释放
2026-06-04 18:32:26 [INFO] TensorRT 引擎已释放
2026-06-04 18:32:26 [INFO] 全局 CUDA 资源已释放
2026-06-04 18:32:26 [INFO] 检测系统资源已释放
2026-06-04 18:32:31 [INFO] CUDA 初始化成功
2026-06-04 18:32:31 [INFO] 引擎加载成功: dangerous.engine
2026-06-04 18:32:31 [INFO] 检测系统初始化成功
2026-06-04 18:32:31 [INFO] 图像预处理完成，原始尺寸: (2160, 3840)
2026-06-04 18:32:31 [INFO] 开始执行目标检测...
2026-06-04 18:32:31 [INFO] 检测完成，找到 3 个物体
2026-06-04 18:32:31 [INFO] 物体 1: GasCyl1 (置信度: 0.89)
2026-06-04 18:32:31 [INFO] 物体 2: GasCyl1 (置信度: 0.81)
2026-06-04 18:32:31 [INFO] 物体 3: FireExt1 (置信度: 0.43)
2026-06-04 18:32:31 [INFO] 检测到车兜区域，将过滤区域外的目标
2026-06-04 18:32:31 [INFO] 准备保存检测结果到: C:\code\show\Scrap_Steel_In_Field\photos\dangerous_det\detection_20260604_183231.jpg
2026-06-04 18:32:31 [INFO] 图像形状: (2160, 3840, 3)
2026-06-04 18:32:31 [INFO] 图像数据类型: uint8
2026-06-04 18:32:31 [INFO] 图像最大值: 255
2026-06-04 18:32:31 [INFO] 图像最小值: 0
2026-06-04 18:32:31 [INFO] 开始保存检测结果图像: 图像尺寸=(2160, 3840, 3), 类型=uint8, 路径=C:\code\show\Scrap_Steel_In_Field\photos\dangerous_det\detection_20260604_183231.jpg
2026-06-04 18:32:31 [INFO] 成功保存检测结果到: C:\code\show\Scrap_Steel_In_Field\photos\dangerous_det\detection_20260604_183231.jpg
2026-06-04 18:32:31 [INFO] 保存的检测结果文件大小: 2118454 字节
2026-06-04 18:32:31 [INFO] 引擎上下文已释放
2026-06-04 18:32:31 [INFO] TensorRT 引擎已释放
2026-06-04 18:32:31 [INFO] 全局 CUDA 资源已释放
2026-06-04 18:32:31 [INFO] 检测系统资源已释放
2026-06-04 18:32:36 [INFO] CUDA 初始化成功
2026-06-04 18:32:36 [INFO] 引擎加载成功: dangerous.engine
2026-06-04 18:32:36 [INFO] 检测系统初始化成功
2026-06-04 18:32:36 [INFO] 图像预处理完成，原始尺寸: (2160, 3840)
2026-06-04 18:32:36 [INFO] 开始执行目标检测...
2026-06-04 18:32:36 [INFO] 检测完成，找到 4 个物体
2026-06-04 18:32:36 [INFO] 物体 1: GasCyl1 (置信度: 0.89)
2026-06-04 18:32:36 [INFO] 物体 2: GasCyl1 (置信度: 0.81)
2026-06-04 18:32:36 [INFO] 物体 3: FireExt1 (置信度: 0.44)
2026-06-04 18:32:36 [INFO] 物体 4: GasCyl1 (置信度: 0.38)
2026-06-04 18:32:37 [INFO] 检测到车兜区域，将过滤区域外的目标
2026-06-04 18:32:37 [INFO] 准备保存检测结果到: C:\code\show\Scrap_Steel_In_Field\photos\dangerous_det\detection_20260604_183237.jpg
2026-06-04 18:32:37 [INFO] 图像形状: (2160, 3840, 3)
2026-06-04 18:32:37 [INFO] 图像数据类型: uint8
2026-06-04 18:32:37 [INFO] 图像最大值: 255
2026-06-04 18:32:37 [INFO] 图像最小值: 0
2026-06-04 18:32:37 [INFO] 开始保存检测结果图像: 图像尺寸=(2160, 3840, 3), 类型=uint8, 路径=C:\code\show\Scrap_Steel_In_Field\photos\dangerous_det\detection_20260604_183237.jpg
2026-06-04 18:32:37 [INFO] 成功保存检测结果到: C:\code\show\Scrap_Steel_In_Field\photos\dangerous_det\detection_20260604_183237.jpg
2026-06-04 18:32:37 [INFO] 保存的检测结果文件大小: 2117298 字节
2026-06-04 18:32:37 [INFO] 引擎上下文已释放
2026-06-04 18:32:37 [INFO] TensorRT 引擎已释放
2026-06-04 18:32:37 [INFO] 全局 CUDA 资源已释放
2026-06-04 18:32:37 [INFO] 检测系统资源已释放
2026-06-04 18:32:41 [INFO] CUDA 初始化成功
2026-06-04 18:32:42 [INFO] 引擎加载成功: dangerous.engine
2026-06-04 18:32:42 [INFO] 检测系统初始化成功
2026-06-04 18:32:42 [INFO] 图像预处理完成，原始尺寸: (2160, 3840)
2026-06-04 18:32:42 [INFO] 开始执行目标检测...
2026-06-04 18:32:42 [INFO] 检测完成，找到 4 个物体
2026-06-04 18:32:42 [INFO] 物体 1: GasCyl1 (置信度: 0.89)
2026-06-04 18:32:42 [INFO] 物体 2: GasCyl1 (置信度: 0.82)
2026-06-04 18:32:42 [INFO] 物体 3: GasCyl1 (置信度: 0.54)
2026-06-04 18:32:42 [INFO] 物体 4: FireExt1 (置信度: 0.42)
2026-06-04 18:32:42 [INFO] 检测到车兜区域，将过滤区域外的目标
2026-06-04 18:32:42 [INFO] 准备保存检测结果到: C:\code\show\Scrap_Steel_In_Field\photos\dangerous_det\detection_20260604_183242.jpg
2026-06-04 18:32:42 [INFO] 图像形状: (2160, 3840, 3)
2026-06-04 18:32:42 [INFO] 图像数据类型: uint8
2026-06-04 18:32:42 [INFO] 图像最大值: 255
2026-06-04 18:32:42 [INFO] 图像最小值: 0
2026-06-04 18:32:42 [INFO] 开始保存检测结果图像: 图像尺寸=(2160, 3840, 3), 类型=uint8, 路径=C:\code\show\Scrap_Steel_In_Field\photos\dangerous_det\detection_20260604_183242.jpg
2026-06-04 18:32:42 [INFO] 成功保存检测结果到: C:\code\show\Scrap_Steel_In_Field\photos\dangerous_det\detection_20260604_183242.jpg
2026-06-04 18:32:42 [INFO] 保存的检测结果文件大小: 2109330 字节
2026-06-04 18:32:42 [INFO] 引擎上下文已释放
2026-06-04 18:32:42 [INFO] TensorRT 引擎已释放
2026-06-04 18:32:42 [INFO] 全局 CUDA 资源已释放
2026-06-04 18:32:42 [INFO] 检测系统资源已释放
2026-06-04 18:32:47 [INFO] CUDA 初始化成功
2026-06-04 18:32:47 [INFO] 引擎加载成功: dangerous.engine
2026-06-04 18:32:47 [INFO] 检测系统初始化成功
2026-06-04 18:32:47 [INFO] 图像预处理完成，原始尺寸: (2160, 3840)
2026-06-04 18:32:47 [INFO] 开始执行目标检测...
2026-06-04 18:32:47 [INFO] 检测完成，找到 4 个物体
2026-06-04 18:32:47 [INFO] 物体 1: GasCyl1 (置信度: 0.88)
2026-06-04 18:32:47 [INFO] 物体 2: GasCyl1 (置信度: 0.81)
2026-06-04 18:32:47 [INFO] 物体 3: FireExt1 (置信度: 0.45)
2026-06-04 18:32:47 [INFO] 物体 4: GasCyl1 (置信度: 0.35)
2026-06-04 18:32:47 [INFO] 检测到车兜区域，将过滤区域外的目标
2026-06-04 18:32:47 [INFO] 准备保存检测结果到: C:\code\show\Scrap_Steel_In_Field\photos\dangerous_det\detection_20260604_183247.jpg
2026-06-04 18:32:47 [INFO] 图像形状: (2160, 3840, 3)
2026-06-04 18:32:47 [INFO] 图像数据类型: uint8
2026-06-04 18:32:47 [INFO] 图像最大值: 255
2026-06-04 18:32:47 [INFO] 图像最小值: 0
2026-06-04 18:32:47 [INFO] 开始保存检测结果图像: 图像尺寸=(2160, 3840, 3), 类型=uint8, 路径=C:\code\show\Scrap_Steel_In_Field\photos\dangerous_det\detection_20260604_183247.jpg
2026-06-04 18:32:47 [INFO] 成功保存检测结果到: C:\code\show\Scrap_Steel_In_Field\photos\dangerous_det\detection_20260604_183247.jpg
2026-06-04 18:32:47 [INFO] 保存的检测结果文件大小: 2122001 字节
2026-06-04 18:32:47 [INFO] 引擎上下文已释放
2026-06-04 18:32:47 [INFO] TensorRT 引擎已释放
2026-06-04 18:32:47 [INFO] 全局 CUDA 资源已释放
2026-06-04 18:32:47 [INFO] 检测系统资源已释放
2026-06-04 18:32:52 [INFO] CUDA 初始化成功
2026-06-04 18:32:52 [INFO] 引擎加载成功: dangerous.engine
2026-06-04 18:32:52 [INFO] 检测系统初始化成功
2026-06-04 18:32:52 [INFO] 图像预处理完成，原始尺寸: (2160, 3840)
2026-06-04 18:32:52 [INFO] 开始执行目标检测...
2026-06-04 18:32:52 [INFO] 检测完成，找到 4 个物体
2026-06-04 18:32:52 [INFO] 物体 1: GasCyl1 (置信度: 0.90)
2026-06-04 18:32:52 [INFO] 物体 2: GasCyl1 (置信度: 0.81)
2026-06-04 18:32:52 [INFO] 物体 3: GasCyl1 (置信度: 0.43)
2026-06-04 18:32:52 [INFO] 物体 4: FireExt1 (置信度: 0.42)
2026-06-04 18:32:52 [INFO] 检测到车兜区域，将过滤区域外的目标
2026-06-04 18:32:52 [INFO] 准备保存检测结果到: C:\code\show\Scrap_Steel_In_Field\photos\dangerous_det\detection_20260604_183252.jpg
2026-06-04 18:32:52 [INFO] 图像形状: (2160, 3840, 3)
2026-06-04 18:32:52 [INFO] 图像数据类型: uint8
2026-06-04 18:32:52 [INFO] 图像最大值: 255
2026-06-04 18:32:52 [INFO] 图像最小值: 0
2026-06-04 18:32:52 [INFO] 开始保存检测结果图像: 图像尺寸=(2160, 3840, 3), 类型=uint8, 路径=C:\code\show\Scrap_Steel_In_Field\photos\dangerous_det\detection_20260604_183252.jpg
2026-06-04 18:32:52 [INFO] 成功保存检测结果到: C:\code\show\Scrap_Steel_In_Field\photos\dangerous_det\detection_20260604_183252.jpg
2026-06-04 18:32:52 [INFO] 保存的检测结果文件大小: 2123678 字节
2026-06-04 18:32:52 [INFO] 引擎上下文已释放
2026-06-04 18:32:52 [INFO] TensorRT 引擎已释放
2026-06-04 18:32:52 [INFO] 全局 CUDA 资源已释放
2026-06-04 18:32:52 [INFO] 检测系统资源已释放
2026-06-04 18:32:57 [INFO] CUDA 初始化成功
2026-06-04 18:32:57 [INFO] 引擎加载成功: dangerous.engine
2026-06-04 18:32:57 [INFO] 检测系统初始化成功
2026-06-04 18:32:57 [INFO] 图像预处理完成，原始尺寸: (2160, 3840)
2026-06-04 18:32:57 [INFO] 开始执行目标检测...
2026-06-04 18:32:57 [INFO] 检测完成，找到 4 个物体
2026-06-04 18:32:57 [INFO] 物体 1: GasCyl1 (置信度: 0.88)
2026-06-04 18:32:57 [INFO] 物体 2: GasCyl1 (置信度: 0.82)
2026-06-04 18:32:57 [INFO] 物体 3: GasCyl1 (置信度: 0.59)
2026-06-04 18:32:57 [INFO] 物体 4: FireExt1 (置信度: 0.40)
2026-06-04 18:32:57 [INFO] 检测到车兜区域，将过滤区域外的目标
2026-06-04 18:32:57 [INFO] 准备保存检测结果到: C:\code\show\Scrap_Steel_In_Field\photos\dangerous_det\detection_20260604_183257.jpg
2026-06-04 18:32:57 [INFO] 图像形状: (2160, 3840, 3)
2026-06-04 18:32:57 [INFO] 图像数据类型: uint8
2026-06-04 18:32:57 [INFO] 图像最大值: 255
2026-06-04 18:32:57 [INFO] 图像最小值: 0
2026-06-04 18:32:57 [INFO] 开始保存检测结果图像: 图像尺寸=(2160, 3840, 3), 类型=uint8, 路径=C:\code\show\Scrap_Steel_In_Field\photos\dangerous_det\detection_20260604_183257.jpg
2026-06-04 18:32:57 [INFO] 成功保存检测结果到: C:\code\show\Scrap_Steel_In_Field\photos\dangerous_det\detection_20260604_183257.jpg
2026-06-04 18:32:57 [INFO] 保存的检测结果文件大小: 2099907 字节
2026-06-04 18:32:57 [INFO] 引擎上下文已释放
2026-06-04 18:32:57 [INFO] TensorRT 引擎已释放
2026-06-04 18:32:57 [INFO] 全局 CUDA 资源已释放
2026-06-04 18:32:57 [INFO] 检测系统资源已释放
2026-06-04 18:33:02 [INFO] CUDA 初始化成功
2026-06-04 18:33:02 [INFO] 引擎加载成功: dangerous.engine
2026-06-04 18:33:02 [INFO] 检测系统初始化成功
2026-06-04 18:33:02 [INFO] 图像预处理完成，原始尺寸: (2160, 3840)
2026-06-04 18:33:02 [INFO] 开始执行目标检测...
2026-06-04 18:33:02 [INFO] 检测完成，找到 4 个物体
2026-06-04 18:33:02 [INFO] 物体 1: GasCyl1 (置信度: 0.90)
2026-06-04 18:33:02 [INFO] 物体 2: GasCyl1 (置信度: 0.82)
2026-06-04 18:33:02 [INFO] 物体 3: FireExt1 (置信度: 0.43)
2026-06-04 18:33:02 [INFO] 物体 4: GasCyl1 (置信度: 0.39)
2026-06-04 18:33:02 [INFO] 检测到车兜区域，将过滤区域外的目标
2026-06-04 18:33:02 [INFO] 准备保存检测结果到: C:\code\show\Scrap_Steel_In_Field\photos\dangerous_det\detection_20260604_183302.jpg
2026-06-04 18:33:02 [INFO] 图像形状: (2160, 3840, 3)
2026-06-04 18:33:02 [INFO] 图像数据类型: uint8
2026-06-04 18:33:02 [INFO] 图像最大值: 255
2026-06-04 18:33:02 [INFO] 图像最小值: 0
2026-06-04 18:33:02 [INFO] 开始保存检测结果图像: 图像尺寸=(2160, 3840, 3), 类型=uint8, 路径=C:\code\show\Scrap_Steel_In_Field\photos\dangerous_det\detection_20260604_183302.jpg
2026-06-04 18:33:02 [INFO] 成功保存检测结果到: C:\code\show\Scrap_Steel_In_Field\photos\dangerous_det\detection_20260604_183302.jpg
2026-06-04 18:33:02 [INFO] 保存的检测结果文件大小: 2119509 字节
2026-06-04 18:33:02 [INFO] 引擎上下文已释放
2026-06-04 18:33:02 [INFO] TensorRT 引擎已释放
2026-06-04 18:33:02 [INFO] 全局 CUDA 资源已释放
2026-06-04 18:33:02 [INFO] 检测系统资源已释放
2026-06-04 18:33:07 [INFO] CUDA 初始化成功
2026-06-04 18:33:07 [INFO] 引擎加载成功: dangerous.engine
2026-06-04 18:33:07 [INFO] 检测系统初始化成功
2026-06-04 18:33:07 [INFO] 图像预处理完成，原始尺寸: (2160, 3840)
2026-06-04 18:33:07 [INFO] 开始执行目标检测...
2026-06-04 18:33:07 [INFO] 检测完成，找到 4 个物体
2026-06-04 18:33:07 [INFO] 物体 1: GasCyl1 (置信度: 0.89)
2026-06-04 18:33:07 [INFO] 物体 2: GasCyl1 (置信度: 0.82)
2026-06-04 18:33:07 [INFO] 物体 3: GasCyl1 (置信度: 0.73)
2026-06-04 18:33:07 [INFO] 物体 4: FireExt1 (置信度: 0.42)
2026-06-04 18:33:07 [INFO] 检测到车兜区域，将过滤区域外的目标
2026-06-04 18:33:07 [INFO] 准备保存检测结果到: C:\code\show\Scrap_Steel_In_Field\photos\dangerous_det\detection_20260604_183307.jpg
2026-06-04 18:33:07 [INFO] 图像形状: (2160, 3840, 3)
2026-06-04 18:33:07 [INFO] 图像数据类型: uint8
2026-06-04 18:33:07 [INFO] 图像最大值: 255
2026-06-04 18:33:07 [INFO] 图像最小值: 0
2026-06-04 18:33:07 [INFO] 开始保存检测结果图像: 图像尺寸=(2160, 3840, 3), 类型=uint8, 路径=C:\code\show\Scrap_Steel_In_Field\photos\dangerous_det\detection_20260604_183307.jpg
2026-06-04 18:33:08 [INFO] 成功保存检测结果到: C:\code\show\Scrap_Steel_In_Field\photos\dangerous_det\detection_20260604_183307.jpg
2026-06-04 18:33:08 [INFO] 保存的检测结果文件大小: 1896782 字节
2026-06-04 18:33:08 [INFO] 引擎上下文已释放
2026-06-04 18:33:08 [INFO] TensorRT 引擎已释放
2026-06-04 18:33:08 [INFO] 全局 CUDA 资源已释放
2026-06-04 18:33:08 [INFO] 检测系统资源已释放
2026-06-04 18:33:12 [INFO] CUDA 初始化成功
2026-06-04 18:33:12 [INFO] 引擎加载成功: dangerous.engine
2026-06-04 18:33:12 [INFO] 检测系统初始化成功
2026-06-04 18:33:12 [INFO] 图像预处理完成，原始尺寸: (2160, 3840)
2026-06-04 18:33:12 [INFO] 开始执行目标检测...
2026-06-04 18:33:13 [INFO] 检测完成，找到 4 个物体
2026-06-04 18:33:13 [INFO] 物体 1: GasCyl1 (置信度: 0.90)
2026-06-04 18:33:13 [INFO] 物体 2: GasCyl1 (置信度: 0.86)
2026-06-04 18:33:13 [INFO] 物体 3: FireExt1 (置信度: 0.42)
2026-06-04 18:33:13 [INFO] 物体 4: GasCyl1 (置信度: 0.38)
2026-06-04 18:33:13 [INFO] 检测到车兜区域，将过滤区域外的目标
2026-06-04 18:33:13 [INFO] 准备保存检测结果到: C:\code\show\Scrap_Steel_In_Field\photos\dangerous_det\detection_20260604_183313.jpg
2026-06-04 18:33:13 [INFO] 图像形状: (2160, 3840, 3)
2026-06-04 18:33:13 [INFO] 图像数据类型: uint8
2026-06-04 18:33:13 [INFO] 图像最大值: 255
2026-06-04 18:33:13 [INFO] 图像最小值: 0
2026-06-04 18:33:13 [INFO] 开始保存检测结果图像: 图像尺寸=(2160, 3840, 3), 类型=uint8, 路径=C:\code\show\Scrap_Steel_In_Field\photos\dangerous_det\detection_20260604_183313.jpg
2026-06-04 18:33:13 [INFO] 成功保存检测结果到: C:\code\show\Scrap_Steel_In_Field\photos\dangerous_det\detection_20260604_183313.jpg
2026-06-04 18:33:13 [INFO] 保存的检测结果文件大小: 2120406 字节
2026-06-04 18:33:13 [INFO] 引擎上下文已释放
2026-06-04 18:33:13 [INFO] TensorRT 引擎已释放
2026-06-04 18:33:13 [INFO] 全局 CUDA 资源已释放
2026-06-04 18:33:13 [INFO] 检测系统资源已释放
2026-06-04 18:33:17 [INFO] CUDA 初始化成功
2026-06-04 18:33:18 [INFO] 引擎加载成功: dangerous.engine
2026-06-04 18:33:18 [INFO] 检测系统初始化成功
2026-06-04 18:33:18 [INFO] 图像预处理完成，原始尺寸: (2160, 3840)
2026-06-04 18:33:18 [INFO] 开始执行目标检测...
2026-06-04 18:33:18 [INFO] 检测完成，找到 4 个物体
2026-06-04 18:33:18 [INFO] 物体 1: GasCyl1 (置信度: 0.89)
2026-06-04 18:33:18 [INFO] 物体 2: GasCyl1 (置信度: 0.83)
2026-06-04 18:33:18 [INFO] 物体 3: FireExt1 (置信度: 0.42)
2026-06-04 18:33:18 [INFO] 物体 4: GasCyl1 (置信度: 0.40)
2026-06-04 18:33:18 [INFO] 检测到车兜区域，将过滤区域外的目标
2026-06-04 18:33:18 [INFO] 准备保存检测结果到: C:\code\show\Scrap_Steel_In_Field\photos\dangerous_det\detection_20260604_183318.jpg
2026-06-04 18:33:18 [INFO] 图像形状: (2160, 3840, 3)
2026-06-04 18:33:18 [INFO] 图像数据类型: uint8
2026-06-04 18:33:18 [INFO] 图像最大值: 255
2026-06-04 18:33:18 [INFO] 图像最小值: 0
2026-06-04 18:33:18 [INFO] 开始保存检测结果图像: 图像尺寸=(2160, 3840, 3), 类型=uint8, 路径=C:\code\show\Scrap_Steel_In_Field\photos\dangerous_det\detection_20260604_183318.jpg
2026-06-04 18:33:18 [INFO] 成功保存检测结果到: C:\code\show\Scrap_Steel_In_Field\photos\dangerous_det\detection_20260604_183318.jpg
2026-06-04 18:33:18 [INFO] 保存的检测结果文件大小: 2124983 字节
2026-06-04 18:33:18 [INFO] 引擎上下文已释放
2026-06-04 18:33:18 [INFO] TensorRT 引擎已释放
2026-06-04 18:33:18 [INFO] 全局 CUDA 资源已释放
2026-06-04 18:33:18 [INFO] 检测系统资源已释放
2026-06-04 18:33:23 [INFO] CUDA 初始化成功
2026-06-04 18:33:23 [INFO] 引擎加载成功: dangerous.engine
2026-06-04 18:33:23 [INFO] 检测系统初始化成功
2026-06-04 18:33:23 [INFO] 图像预处理完成，原始尺寸: (2160, 3840)
2026-06-04 18:33:23 [INFO] 开始执行目标检测...
2026-06-04 18:33:23 [INFO] 检测完成，找到 4 个物体
2026-06-04 18:33:23 [INFO] 物体 1: GasCyl1 (置信度: 0.90)
2026-06-04 18:33:23 [INFO] 物体 2: GasCyl1 (置信度: 0.84)
2026-06-04 18:33:23 [INFO] 物体 3: GasCyl1 (置信度: 0.60)
2026-06-04 18:33:23 [INFO] 物体 4: FireExt1 (置信度: 0.44)
2026-06-04 18:33:23 [INFO] 检测到车兜区域，将过滤区域外的目标
2026-06-04 18:33:23 [INFO] 准备保存检测结果到: C:\code\show\Scrap_Steel_In_Field\photos\dangerous_det\detection_20260604_183323.jpg
2026-06-04 18:33:23 [INFO] 图像形状: (2160, 3840, 3)
2026-06-04 18:33:23 [INFO] 图像数据类型: uint8
2026-06-04 18:33:23 [INFO] 图像最大值: 255
2026-06-04 18:33:23 [INFO] 图像最小值: 0
2026-06-04 18:33:23 [INFO] 开始保存检测结果图像: 图像尺寸=(2160, 3840, 3), 类型=uint8, 路径=C:\code\show\Scrap_Steel_In_Field\photos\dangerous_det\detection_20260604_183323.jpg
2026-06-04 18:33:23 [INFO] 成功保存检测结果到: C:\code\show\Scrap_Steel_In_Field\photos\dangerous_det\detection_20260604_183323.jpg
2026-06-04 18:33:23 [INFO] 保存的检测结果文件大小: 2142503 字节
2026-06-04 18:33:23 [INFO] 引擎上下文已释放
2026-06-04 18:33:23 [INFO] TensorRT 引擎已释放
2026-06-04 18:33:23 [INFO] 全局 CUDA 资源已释放
2026-06-04 18:33:23 [INFO] 检测系统资源已释放
2026-06-04 18:33:28 [INFO] CUDA 初始化成功
2026-06-04 18:33:28 [INFO] 引擎加载成功: dangerous.engine
2026-06-04 18:33:28 [INFO] 检测系统初始化成功
2026-06-04 18:33:28 [INFO] 图像预处理完成，原始尺寸: (2160, 3840)
2026-06-04 18:33:28 [INFO] 开始执行目标检测...
2026-06-04 18:33:28 [INFO] 检测完成，找到 4 个物体
2026-06-04 18:33:28 [INFO] 物体 1: GasCyl1 (置信度: 0.89)
2026-06-04 18:33:28 [INFO] 物体 2: GasCyl1 (置信度: 0.83)
2026-06-04 18:33:28 [INFO] 物体 3: GasCyl1 (置信度: 0.51)
2026-06-04 18:33:28 [INFO] 物体 4: FireExt1 (置信度: 0.40)
2026-06-04 18:33:28 [INFO] 检测到车兜区域，将过滤区域外的目标
2026-06-04 18:33:28 [INFO] 准备保存检测结果到: C:\code\show\Scrap_Steel_In_Field\photos\dangerous_det\detection_20260604_183328.jpg
2026-06-04 18:33:28 [INFO] 图像形状: (2160, 3840, 3)
2026-06-04 18:33:28 [INFO] 图像数据类型: uint8
2026-06-04 18:33:28 [INFO] 图像最大值: 255
2026-06-04 18:33:28 [INFO] 图像最小值: 0
2026-06-04 18:33:28 [INFO] 开始保存检测结果图像: 图像尺寸=(2160, 3840, 3), 类型=uint8, 路径=C:\code\show\Scrap_Steel_In_Field\photos\dangerous_det\detection_20260604_183328.jpg
2026-06-04 18:33:28 [INFO] 成功保存检测结果到: C:\code\show\Scrap_Steel_In_Field\photos\dangerous_det\detection_20260604_183328.jpg
2026-06-04 18:33:28 [INFO] 保存的检测结果文件大小: 2115874 字节
2026-06-04 18:33:28 [INFO] 引擎上下文已释放
2026-06-04 18:33:28 [INFO] TensorRT 引擎已释放
2026-06-04 18:33:28 [INFO] 全局 CUDA 资源已释放
2026-06-04 18:33:28 [INFO] 检测系统资源已释放
2026-06-04 18:33:33 [INFO] CUDA 初始化成功
2026-06-04 18:33:33 [INFO] 引擎加载成功: dangerous.engine
2026-06-04 18:33:33 [INFO] 检测系统初始化成功
2026-06-04 18:33:33 [INFO] 图像预处理完成，原始尺寸: (2160, 3840)
2026-06-04 18:33:33 [INFO] 开始执行目标检测...
2026-06-04 18:33:33 [INFO] 检测完成，找到 4 个物体
2026-06-04 18:33:33 [INFO] 物体 1: GasCyl1 (置信度: 0.88)
2026-06-04 18:33:33 [INFO] 物体 2: GasCyl1 (置信度: 0.81)
2026-06-04 18:33:33 [INFO] 物体 3: GasCyl1 (置信度: 0.54)
2026-06-04 18:33:33 [INFO] 物体 4: FireExt1 (置信度: 0.42)
2026-06-04 18:33:33 [INFO] 检测到车兜区域，将过滤区域外的目标
2026-06-04 18:33:33 [INFO] 准备保存检测结果到: C:\code\show\Scrap_Steel_In_Field\photos\dangerous_det\detection_20260604_183333.jpg
2026-06-04 18:33:33 [INFO] 图像形状: (2160, 3840, 3)
2026-06-04 18:33:33 [INFO] 图像数据类型: uint8
2026-06-04 18:33:33 [INFO] 图像最大值: 255
2026-06-04 18:33:33 [INFO] 图像最小值: 0
2026-06-04 18:33:33 [INFO] 开始保存检测结果图像: 图像尺寸=(2160, 3840, 3), 类型=uint8, 路径=C:\code\show\Scrap_Steel_In_Field\photos\dangerous_det\detection_20260604_183333.jpg
2026-06-04 18:33:33 [INFO] 成功保存检测结果到: C:\code\show\Scrap_Steel_In_Field\photos\dangerous_det\detection_20260604_183333.jpg
2026-06-04 18:33:33 [INFO] 保存的检测结果文件大小: 2030131 字节
2026-06-04 18:33:33 [INFO] 引擎上下文已释放
2026-06-04 18:33:33 [INFO] TensorRT 引擎已释放
2026-06-04 18:33:33 [INFO] 全局 CUDA 资源已释放
2026-06-04 18:33:33 [INFO] 检测系统资源已释放
2026-06-04 18:33:38 [INFO] CUDA 初始化成功
2026-06-04 18:33:38 [INFO] 引擎加载成功: dangerous.engine
2026-06-04 18:33:38 [INFO] 检测系统初始化成功
2026-06-04 18:33:38 [INFO] 图像预处理完成，原始尺寸: (2160, 3840)
2026-06-04 18:33:38 [INFO] 开始执行目标检测...
2026-06-04 18:33:38 [INFO] 检测完成，找到 4 个物体
2026-06-04 18:33:38 [INFO] 物体 1: GasCyl1 (置信度: 0.90)
2026-06-04 18:33:38 [INFO] 物体 2: GasCyl1 (置信度: 0.79)
2026-06-04 18:33:38 [INFO] 物体 3: GasCyl1 (置信度: 0.49)
2026-06-04 18:33:38 [INFO] 物体 4: FireExt1 (置信度: 0.43)
2026-06-04 18:33:38 [INFO] 检测到车兜区域，将过滤区域外的目标
2026-06-04 18:33:38 [INFO] 准备保存检测结果到: C:\code\show\Scrap_Steel_In_Field\photos\dangerous_det\detection_20260604_183338.jpg
2026-06-04 18:33:38 [INFO] 图像形状: (2160, 3840, 3)
2026-06-04 18:33:38 [INFO] 图像数据类型: uint8
2026-06-04 18:33:38 [INFO] 图像最大值: 255
2026-06-04 18:33:38 [INFO] 图像最小值: 0
2026-06-04 18:33:38 [INFO] 开始保存检测结果图像: 图像尺寸=(2160, 3840, 3), 类型=uint8, 路径=C:\code\show\Scrap_Steel_In_Field\photos\dangerous_det\detection_20260604_183338.jpg
2026-06-04 18:33:38 [INFO] 成功保存检测结果到: C:\code\show\Scrap_Steel_In_Field\photos\dangerous_det\detection_20260604_183338.jpg
2026-06-04 18:33:38 [INFO] 保存的检测结果文件大小: 2074614 字节
2026-06-04 18:33:38 [INFO] 引擎上下文已释放
2026-06-04 18:33:38 [INFO] TensorRT 引擎已释放
2026-06-04 18:33:38 [INFO] 全局 CUDA 资源已释放
2026-06-04 18:33:38 [INFO] 检测系统资源已释放
2026-06-04 18:33:43 [INFO] CUDA 初始化成功
2026-06-04 18:33:43 [INFO] 引擎加载成功: dangerous.engine
2026-06-04 18:33:43 [INFO] 检测系统初始化成功
2026-06-04 18:33:43 [INFO] 图像预处理完成，原始尺寸: (2160, 3840)
2026-06-04 18:33:43 [INFO] 开始执行目标检测...
2026-06-04 18:33:43 [INFO] 检测完成，找到 3 个物体
2026-06-04 18:33:43 [INFO] 物体 1: GasCyl1 (置信度: 0.90)
2026-06-04 18:33:43 [INFO] 物体 2: GasCyl1 (置信度: 0.78)
2026-06-04 18:33:43 [INFO] 物体 3: FireExt1 (置信度: 0.43)
2026-06-04 18:33:43 [INFO] 检测到车兜区域，将过滤区域外的目标
2026-06-04 18:33:43 [INFO] 准备保存检测结果到: C:\code\show\Scrap_Steel_In_Field\photos\dangerous_det\detection_20260604_183343.jpg
2026-06-04 18:33:43 [INFO] 图像形状: (2160, 3840, 3)
2026-06-04 18:33:43 [INFO] 图像数据类型: uint8
2026-06-04 18:33:43 [INFO] 图像最大值: 255
2026-06-04 18:33:43 [INFO] 图像最小值: 0
2026-06-04 18:33:43 [INFO] 开始保存检测结果图像: 图像尺寸=(2160, 3840, 3), 类型=uint8, 路径=C:\code\show\Scrap_Steel_In_Field\photos\dangerous_det\detection_20260604_183343.jpg
2026-06-04 18:33:43 [INFO] 成功保存检测结果到: C:\code\show\Scrap_Steel_In_Field\photos\dangerous_det\detection_20260604_183343.jpg
2026-06-04 18:33:43 [INFO] 保存的检测结果文件大小: 2134283 字节
2026-06-04 18:33:43 [INFO] 引擎上下文已释放
2026-06-04 18:33:43 [INFO] TensorRT 引擎已释放
2026-06-04 18:33:43 [INFO] 全局 CUDA 资源已释放
2026-06-04 18:33:43 [INFO] 检测系统资源已释放
2026-06-04 18:33:48 [INFO] CUDA 初始化成功
2026-06-04 18:33:48 [INFO] 引擎加载成功: dangerous.engine
2026-06-04 18:33:48 [INFO] 检测系统初始化成功
2026-06-04 18:33:48 [INFO] 图像预处理完成，原始尺寸: (2160, 3840)
2026-06-04 18:33:48 [INFO] 开始执行目标检测...
2026-06-04 18:33:48 [INFO] 检测完成，找到 3 个物体
2026-06-04 18:33:48 [INFO] 物体 1: GasCyl1 (置信度: 0.90)
2026-06-04 18:33:48 [INFO] 物体 2: GasCyl1 (置信度: 0.80)
2026-06-04 18:33:48 [INFO] 物体 3: FireExt1 (置信度: 0.45)
2026-06-04 18:33:48 [INFO] 检测到车兜区域，将过滤区域外的目标
2026-06-04 18:33:48 [INFO] 准备保存检测结果到: C:\code\show\Scrap_Steel_In_Field\photos\dangerous_det\detection_20260604_183348.jpg
2026-06-04 18:33:48 [INFO] 图像形状: (2160, 3840, 3)
2026-06-04 18:33:48 [INFO] 图像数据类型: uint8
2026-06-04 18:33:48 [INFO] 图像最大值: 255
2026-06-04 18:33:48 [INFO] 图像最小值: 0
2026-06-04 18:33:48 [INFO] 开始保存检测结果图像: 图像尺寸=(2160, 3840, 3), 类型=uint8, 路径=C:\code\show\Scrap_Steel_In_Field\photos\dangerous_det\detection_20260604_183348.jpg
2026-06-04 18:33:48 [INFO] 成功保存检测结果到: C:\code\show\Scrap_Steel_In_Field\photos\dangerous_det\detection_20260604_183348.jpg
2026-06-04 18:33:48 [INFO] 保存的检测结果文件大小: 2130890 字节
2026-06-04 18:33:48 [INFO] 引擎上下文已释放
2026-06-04 18:33:48 [INFO] TensorRT 引擎已释放
2026-06-04 18:33:48 [INFO] 全局 CUDA 资源已释放
2026-06-04 18:33:48 [INFO] 检测系统资源已释放
2026-06-04 18:33:53 [INFO] CUDA 初始化成功
2026-06-04 18:33:53 [INFO] 引擎加载成功: dangerous.engine
2026-06-04 18:33:53 [INFO] 检测系统初始化成功
2026-06-04 18:33:53 [INFO] 图像预处理完成，原始尺寸: (2160, 3840)
2026-06-04 18:33:53 [INFO] 开始执行目标检测...
2026-06-04 18:33:53 [INFO] 检测完成，找到 3 个物体
2026-06-04 18:33:53 [INFO] 物体 1: GasCyl1 (置信度: 0.89)
2026-06-04 18:33:53 [INFO] 物体 2: GasCyl1 (置信度: 0.79)
2026-06-04 18:33:53 [INFO] 物体 3: FireExt1 (置信度: 0.41)
2026-06-04 18:33:53 [INFO] 检测到车兜区域，将过滤区域外的目标
2026-06-04 18:33:53 [INFO] 准备保存检测结果到: C:\code\show\Scrap_Steel_In_Field\photos\dangerous_det\detection_20260604_183353.jpg
2026-06-04 18:33:53 [INFO] 图像形状: (2160, 3840, 3)
2026-06-04 18:33:53 [INFO] 图像数据类型: uint8
2026-06-04 18:33:53 [INFO] 图像最大值: 255
2026-06-04 18:33:53 [INFO] 图像最小值: 0
2026-06-04 18:33:53 [INFO] 开始保存检测结果图像: 图像尺寸=(2160, 3840, 3), 类型=uint8, 路径=C:\code\show\Scrap_Steel_In_Field\photos\dangerous_det\detection_20260604_183353.jpg
2026-06-04 18:33:53 [INFO] 成功保存检测结果到: C:\code\show\Scrap_Steel_In_Field\photos\dangerous_det\detection_20260604_183353.jpg
2026-06-04 18:33:53 [INFO] 保存的检测结果文件大小: 2127400 字节
2026-06-04 18:33:53 [INFO] 引擎上下文已释放
2026-06-04 18:33:53 [INFO] TensorRT 引擎已释放
2026-06-04 18:33:53 [INFO] 全局 CUDA 资源已释放
2026-06-04 18:33:53 [INFO] 检测系统资源已释放
2026-06-04 18:33:58 [INFO] CUDA 初始化成功
2026-06-04 18:33:58 [INFO] 引擎加载成功: dangerous.engine
2026-06-04 18:33:58 [INFO] 检测系统初始化成功
2026-06-04 18:33:58 [INFO] 图像预处理完成，原始尺寸: (2160, 3840)
2026-06-04 18:33:58 [INFO] 开始执行目标检测...
2026-06-04 18:33:58 [INFO] 检测完成，找到 4 个物体
2026-06-04 18:33:58 [INFO] 物体 1: GasCyl1 (置信度: 0.89)
2026-06-04 18:33:58 [INFO] 物体 2: GasCyl1 (置信度: 0.82)
2026-06-04 18:33:58 [INFO] 物体 3: FireExt1 (置信度: 0.44)
2026-06-04 18:33:58 [INFO] 物体 4: GasCyl1 (置信度: 0.36)
2026-06-04 18:33:58 [INFO] 检测到车兜区域，将过滤区域外的目标
2026-06-04 18:33:58 [INFO] 准备保存检测结果到: C:\code\show\Scrap_Steel_In_Field\photos\dangerous_det\detection_20260604_183358.jpg
2026-06-04 18:33:58 [INFO] 图像形状: (2160, 3840, 3)
2026-06-04 18:33:58 [INFO] 图像数据类型: uint8
2026-06-04 18:33:58 [INFO] 图像最大值: 255
2026-06-04 18:33:58 [INFO] 图像最小值: 0
2026-06-04 18:33:58 [INFO] 开始保存检测结果图像: 图像尺寸=(2160, 3840, 3), 类型=uint8, 路径=C:\code\show\Scrap_Steel_In_Field\photos\dangerous_det\detection_20260604_183358.jpg
2026-06-04 18:33:59 [INFO] 成功保存检测结果到: C:\code\show\Scrap_Steel_In_Field\photos\dangerous_det\detection_20260604_183358.jpg
2026-06-04 18:33:59 [INFO] 保存的检测结果文件大小: 2144093 字节
2026-06-04 18:33:59 [INFO] 引擎上下文已释放
2026-06-04 18:33:59 [INFO] TensorRT 引擎已释放
2026-06-04 18:33:59 [INFO] 全局 CUDA 资源已释放
2026-06-04 18:33:59 [INFO] 检测系统资源已释放
2026-06-04 18:34:03 [INFO] CUDA 初始化成功
2026-06-04 18:34:03 [INFO] 引擎加载成功: dangerous.engine
2026-06-04 18:34:03 [INFO] 检测系统初始化成功
2026-06-04 18:34:03 [INFO] 图像预处理完成，原始尺寸: (2160, 3840)
2026-06-04 18:34:03 [INFO] 开始执行目标检测...
2026-06-04 18:34:03 [INFO] 检测完成，找到 3 个物体
2026-06-04 18:34:03 [INFO] 物体 1: GasCyl1 (置信度: 0.90)
2026-06-04 18:34:03 [INFO] 物体 2: GasCyl1 (置信度: 0.74)
2026-06-04 18:34:03 [INFO] 物体 3: FireExt1 (置信度: 0.45)
2026-06-04 18:34:04 [INFO] 检测到车兜区域，将过滤区域外的目标
2026-06-04 18:34:04 [INFO] 准备保存检测结果到: C:\code\show\Scrap_Steel_In_Field\photos\dangerous_det\detection_20260604_183404.jpg
2026-06-04 18:34:04 [INFO] 图像形状: (2160, 3840, 3)
2026-06-04 18:34:04 [INFO] 图像数据类型: uint8
2026-06-04 18:34:04 [INFO] 图像最大值: 255
2026-06-04 18:34:04 [INFO] 图像最小值: 0
2026-06-04 18:34:04 [INFO] 开始保存检测结果图像: 图像尺寸=(2160, 3840, 3), 类型=uint8, 路径=C:\code\show\Scrap_Steel_In_Field\photos\dangerous_det\detection_20260604_183404.jpg
2026-06-04 18:34:04 [INFO] 成功保存检测结果到: C:\code\show\Scrap_Steel_In_Field\photos\dangerous_det\detection_20260604_183404.jpg
2026-06-04 18:34:04 [INFO] 保存的检测结果文件大小: 2117559 字节
2026-06-04 18:34:04 [INFO] 引擎上下文已释放
2026-06-04 18:34:04 [INFO] TensorRT 引擎已释放
2026-06-04 18:34:04 [INFO] 全局 CUDA 资源已释放
2026-06-04 18:34:04 [INFO] 检测系统资源已释放
2026-06-04 18:34:08 [INFO] CUDA 初始化成功
2026-06-04 18:34:08 [INFO] 引擎加载成功: dangerous.engine
2026-06-04 18:34:08 [INFO] 检测系统初始化成功
2026-06-04 18:34:08 [INFO] 图像预处理完成，原始尺寸: (2160, 3840)
2026-06-04 18:34:08 [INFO] 开始执行目标检测...
2026-06-04 18:34:09 [INFO] 检测完成，找到 4 个物体
2026-06-04 18:34:09 [INFO] 物体 1: GasCyl1 (置信度: 0.91)
2026-06-04 18:34:09 [INFO] 物体 2: GasCyl1 (置信度: 0.81)
2026-06-04 18:34:09 [INFO] 物体 3: GasCyl1 (置信度: 0.65)
2026-06-04 18:34:09 [INFO] 物体 4: FireExt1 (置信度: 0.48)
2026-06-04 18:34:09 [INFO] 准备保存检测结果到: C:\code\show\Scrap_Steel_In_Field\photos\dangerous_det\detection_20260604_183409.jpg
2026-06-04 18:34:09 [INFO] 图像形状: (2160, 3840, 3)
2026-06-04 18:34:09 [INFO] 图像数据类型: uint8
2026-06-04 18:34:09 [INFO] 图像最大值: 255
2026-06-04 18:34:09 [INFO] 图像最小值: 0
2026-06-04 18:34:09 [INFO] 开始保存检测结果图像: 图像尺寸=(2160, 3840, 3), 类型=uint8, 路径=C:\code\show\Scrap_Steel_In_Field\photos\dangerous_det\detection_20260604_183409.jpg
2026-06-04 18:34:09 [INFO] 成功保存检测结果到: C:\code\show\Scrap_Steel_In_Field\photos\dangerous_det\detection_20260604_183409.jpg
2026-06-04 18:34:09 [INFO] 保存的检测结果文件大小: 1938134 字节
2026-06-04 18:34:09 [INFO] 引擎上下文已释放
2026-06-04 18:34:09 [INFO] TensorRT 引擎已释放
2026-06-04 18:34:09 [INFO] 全局 CUDA 资源已释放
2026-06-04 18:34:09 [INFO] 检测系统资源已释放
2026-06-04 18:34:13 [INFO] CUDA 初始化成功
2026-06-04 18:34:13 [INFO] 引擎加载成功: dangerous.engine
2026-06-04 18:34:13 [INFO] 检测系统初始化成功
2026-06-04 18:34:13 [INFO] 图像预处理完成，原始尺寸: (2160, 3840)
2026-06-04 18:34:13 [INFO] 开始执行目标检测...
2026-06-04 18:34:14 [INFO] 检测完成，找到 4 个物体
2026-06-04 18:34:14 [INFO] 物体 1: GasCyl1 (置信度: 0.90)
2026-06-04 18:34:14 [INFO] 物体 2: GasCyl1 (置信度: 0.83)
2026-06-04 18:34:14 [INFO] 物体 3: FireExt1 (置信度: 0.41)
2026-06-04 18:34:14 [INFO] 物体 4: GasCyl1 (置信度: 0.39)
2026-06-04 18:34:14 [INFO] 检测到车兜区域，将过滤区域外的目标
2026-06-04 18:34:14 [INFO] 准备保存检测结果到: C:\code\show\Scrap_Steel_In_Field\photos\dangerous_det\detection_20260604_183414.jpg
2026-06-04 18:34:14 [INFO] 图像形状: (2160, 3840, 3)
2026-06-04 18:34:14 [INFO] 图像数据类型: uint8
2026-06-04 18:34:14 [INFO] 图像最大值: 255
2026-06-04 18:34:14 [INFO] 图像最小值: 0
2026-06-04 18:34:14 [INFO] 开始保存检测结果图像: 图像尺寸=(2160, 3840, 3), 类型=uint8, 路径=C:\code\show\Scrap_Steel_In_Field\photos\dangerous_det\detection_20260604_183414.jpg
2026-06-04 18:34:14 [INFO] 成功保存检测结果到: C:\code\show\Scrap_Steel_In_Field\photos\dangerous_det\detection_20260604_183414.jpg
2026-06-04 18:34:14 [INFO] 保存的检测结果文件大小: 2127446 字节
2026-06-04 18:34:14 [INFO] 引擎上下文已释放
2026-06-04 18:34:14 [INFO] TensorRT 引擎已释放
2026-06-04 18:34:14 [INFO] 全局 CUDA 资源已释放
2026-06-04 18:34:14 [INFO] 检测系统资源已释放
2026-06-04 18:34:18 [INFO] CUDA 初始化成功
2026-06-04 18:34:18 [INFO] 引擎加载成功: dangerous.engine
2026-06-04 18:34:18 [INFO] 检测系统初始化成功
2026-06-04 18:34:18 [INFO] 图像预处理完成，原始尺寸: (2160, 3840)
2026-06-04 18:34:18 [INFO] 开始执行目标检测...
2026-06-04 18:34:19 [INFO] 检测完成，找到 4 个物体
2026-06-04 18:34:19 [INFO] 物体 1: GasCyl1 (置信度: 0.89)
2026-06-04 18:34:19 [INFO] 物体 2: GasCyl1 (置信度: 0.83)
2026-06-04 18:34:19 [INFO] 物体 3: FireExt1 (置信度: 0.45)
2026-06-04 18:34:19 [INFO] 物体 4: GasCyl1 (置信度: 0.36)
2026-06-04 18:34:19 [INFO] 检测到车兜区域，将过滤区域外的目标
2026-06-04 18:34:19 [INFO] 准备保存检测结果到: C:\code\show\Scrap_Steel_In_Field\photos\dangerous_det\detection_20260604_183419.jpg
2026-06-04 18:34:19 [INFO] 图像形状: (2160, 3840, 3)
2026-06-04 18:34:19 [INFO] 图像数据类型: uint8
2026-06-04 18:34:19 [INFO] 图像最大值: 255
2026-06-04 18:34:19 [INFO] 图像最小值: 0
2026-06-04 18:34:19 [INFO] 开始保存检测结果图像: 图像尺寸=(2160, 3840, 3), 类型=uint8, 路径=C:\code\show\Scrap_Steel_In_Field\photos\dangerous_det\detection_20260604_183419.jpg
2026-06-04 18:34:19 [INFO] 成功保存检测结果到: C:\code\show\Scrap_Steel_In_Field\photos\dangerous_det\detection_20260604_183419.jpg
2026-06-04 18:34:19 [INFO] 保存的检测结果文件大小: 2126799 字节
2026-06-04 18:34:19 [INFO] 引擎上下文已释放
2026-06-04 18:34:19 [INFO] TensorRT 引擎已释放
2026-06-04 18:34:19 [INFO] 全局 CUDA 资源已释放
2026-06-04 18:34:19 [INFO] 检测系统资源已释放
2026-06-04 18:34:23 [INFO] CUDA 初始化成功
2026-06-04 18:34:23 [INFO] 引擎加载成功: dangerous.engine
2026-06-04 18:34:23 [INFO] 检测系统初始化成功
2026-06-04 18:34:23 [INFO] 图像预处理完成，原始尺寸: (2160, 3840)
2026-06-04 18:34:23 [INFO] 开始执行目标检测...
2026-06-04 18:34:23 [INFO] 检测完成，找到 3 个物体
2026-06-04 18:34:23 [INFO] 物体 1: GasCyl1 (置信度: 0.89)
2026-06-04 18:34:23 [INFO] 物体 2: GasCyl1 (置信度: 0.84)
2026-06-04 18:34:23 [INFO] 物体 3: FireExt1 (置信度: 0.40)
2026-06-04 18:34:23 [INFO] 检测到车兜区域，将过滤区域外的目标
2026-06-04 18:34:23 [INFO] 准备保存检测结果到: C:\code\show\Scrap_Steel_In_Field\photos\dangerous_det\detection_20260604_183423.jpg
2026-06-04 18:34:23 [INFO] 图像形状: (2160, 3840, 3)
2026-06-04 18:34:23 [INFO] 图像数据类型: uint8
2026-06-04 18:34:23 [INFO] 图像最大值: 255
2026-06-04 18:34:23 [INFO] 图像最小值: 0
2026-06-04 18:34:23 [INFO] 开始保存检测结果图像: 图像尺寸=(2160, 3840, 3), 类型=uint8, 路径=C:\code\show\Scrap_Steel_In_Field\photos\dangerous_det\detection_20260604_183423.jpg
2026-06-04 18:34:23 [INFO] 成功保存检测结果到: C:\code\show\Scrap_Steel_In_Field\photos\dangerous_det\detection_20260604_183423.jpg
2026-06-04 18:34:23 [INFO] 保存的检测结果文件大小: 2119071 字节
2026-06-04 18:34:23 [INFO] 引擎上下文已释放
2026-06-04 18:34:23 [INFO] TensorRT 引擎已释放
2026-06-04 18:34:23 [INFO] 全局 CUDA 资源已释放
2026-06-04 18:34:23 [INFO] 检测系统资源已释放
