2026-05-22 11:04:30 [INFO] CUDA 初始化成功
2026-05-22 11:04:30 [INFO] 引擎加载成功: dangerous.engine
2026-05-22 11:04:30 [INFO] 检测系统初始化成功
2026-05-22 11:04:33 [INFO] 引擎加载成功: dangerous.engine
2026-05-22 11:04:33 [INFO] 检测系统初始化成功
2026-05-22 11:04:33 [INFO] 图像预处理完成，原始尺寸: (2160, 3840)
2026-05-22 11:04:33 [INFO] 开始执行目标检测...
2026-05-22 11:04:33 [INFO] 检测完成，找到 0 个物体
2026-05-22 11:04:33 [INFO] 检测到车兜区域，将过滤区域外的目标
2026-05-22 11:04:33 [INFO] 引擎上下文已释放
2026-05-22 11:04:33 [INFO] TensorRT 引擎已释放
2026-05-22 11:04:33 [INFO] 全局 CUDA 资源已释放
2026-05-22 11:04:33 [INFO] 检测系统资源已释放
2026-05-22 11:04:38 [INFO] CUDA 初始化成功
2026-05-22 11:04:38 [INFO] 引擎加载成功: dangerous.engine
2026-05-22 11:04:38 [INFO] 检测系统初始化成功
2026-05-22 11:04:38 [INFO] 图像预处理完成，原始尺寸: (2160, 3840)
2026-05-22 11:04:38 [INFO] 开始执行目标检测...
2026-05-22 11:04:38 [INFO] 检测完成，找到 3 个物体
2026-05-22 11:04:38 [INFO] 物体 1: GasCyl1 (置信度: 0.80)
2026-05-22 11:04:38 [INFO] 物体 2: FireExt1 (置信度: 0.50)
2026-05-22 11:04:38 [INFO] 物体 3: GasCyl1 (置信度: 0.30)
2026-05-22 11:04:39 [INFO] 检测到车兜区域，将过滤区域外的目标
2026-05-22 11:04:39 [INFO] 准备保存检测结果到: C:\code\show\Scrap_Steel_In_Field\photos\dangerous_det\detection_20260522_110439.jpg
2026-05-22 11:04:39 [INFO] 图像形状: (2160, 3840, 3)
2026-05-22 11:04:39 [INFO] 图像数据类型: uint8
2026-05-22 11:04:39 [INFO] 图像最大值: 255
2026-05-22 11:04:39 [INFO] 图像最小值: 0
2026-05-22 11:04:39 [INFO] 开始保存检测结果图像: 图像尺寸=(2160, 3840, 3), 类型=uint8, 路径=C:\code\show\Scrap_Steel_In_Field\photos\dangerous_det\detection_20260522_110439.jpg
2026-05-22 11:04:39 [INFO] 成功保存检测结果到: C:\code\show\Scrap_Steel_In_Field\photos\dangerous_det\detection_20260522_110439.jpg
2026-05-22 11:04:39 [INFO] 保存的检测结果文件大小: 2340766 字节
2026-05-22 11:04:39 [INFO] 引擎上下文已释放
2026-05-22 11:04:39 [INFO] TensorRT 引擎已释放
2026-05-22 11:04:39 [INFO] 全局 CUDA 资源已释放
2026-05-22 11:04:39 [INFO] 检测系统资源已释放
2026-05-22 11:04:44 [INFO] CUDA 初始化成功
2026-05-22 11:04:44 [INFO] 引擎加载成功: dangerous.engine
2026-05-22 11:04:44 [INFO] 检测系统初始化成功
2026-05-22 11:04:44 [INFO] 图像预处理完成，原始尺寸: (2160, 3840)
2026-05-22 11:04:44 [INFO] 开始执行目标检测...
2026-05-22 11:04:44 [INFO] 检测完成，找到 3 个物体
2026-05-22 11:04:44 [INFO] 物体 1: GasCyl1 (置信度: 0.85)
2026-05-22 11:04:44 [INFO] 物体 2: FireExt1 (置信度: 0.47)
2026-05-22 11:04:44 [INFO] 物体 3: GasCyl1 (置信度: 0.41)
2026-05-22 11:04:44 [INFO] 检测到车兜区域，将过滤区域外的目标
2026-05-22 11:04:44 [INFO] 准备保存检测结果到: C:\code\show\Scrap_Steel_In_Field\photos\dangerous_det\detection_20260522_110444.jpg
2026-05-22 11:04:44 [INFO] 图像形状: (2160, 3840, 3)
2026-05-22 11:04:44 [INFO] 图像数据类型: uint8
2026-05-22 11:04:44 [INFO] 图像最大值: 255
2026-05-22 11:04:44 [INFO] 图像最小值: 0
2026-05-22 11:04:44 [INFO] 开始保存检测结果图像: 图像尺寸=(2160, 3840, 3), 类型=uint8, 路径=C:\code\show\Scrap_Steel_In_Field\photos\dangerous_det\detection_20260522_110444.jpg
2026-05-22 11:04:44 [INFO] 成功保存检测结果到: C:\code\show\Scrap_Steel_In_Field\photos\dangerous_det\detection_20260522_110444.jpg
2026-05-22 11:04:44 [INFO] 保存的检测结果文件大小: 2241224 字节
2026-05-22 11:04:44 [INFO] 引擎上下文已释放
2026-05-22 11:04:44 [INFO] TensorRT 引擎已释放
2026-05-22 11:04:44 [INFO] 全局 CUDA 资源已释放
2026-05-22 11:04:44 [INFO] 检测系统资源已释放
2026-05-22 11:04:49 [INFO] CUDA 初始化成功
2026-05-22 11:04:49 [INFO] 引擎加载成功: dangerous.engine
2026-05-22 11:04:49 [INFO] 检测系统初始化成功
2026-05-22 11:04:49 [INFO] 图像预处理完成，原始尺寸: (2160, 3840)
2026-05-22 11:04:49 [INFO] 开始执行目标检测...
2026-05-22 11:04:49 [INFO] 检测完成，找到 3 个物体
2026-05-22 11:04:49 [INFO] 物体 1: GasCyl1 (置信度: 0.85)
2026-05-22 11:04:49 [INFO] 物体 2: FireExt1 (置信度: 0.48)
2026-05-22 11:04:49 [INFO] 物体 3: GasCyl1 (置信度: 0.41)
2026-05-22 11:04:49 [INFO] 检测到车兜区域，将过滤区域外的目标
2026-05-22 11:04:49 [INFO] 准备保存检测结果到: C:\code\show\Scrap_Steel_In_Field\photos\dangerous_det\detection_20260522_110449.jpg
2026-05-22 11:04:49 [INFO] 图像形状: (2160, 3840, 3)
2026-05-22 11:04:49 [INFO] 图像数据类型: uint8
2026-05-22 11:04:49 [INFO] 图像最大值: 255
2026-05-22 11:04:49 [INFO] 图像最小值: 0
2026-05-22 11:04:49 [INFO] 开始保存检测结果图像: 图像尺寸=(2160, 3840, 3), 类型=uint8, 路径=C:\code\show\Scrap_Steel_In_Field\photos\dangerous_det\detection_20260522_110449.jpg
2026-05-22 11:04:49 [INFO] 成功保存检测结果到: C:\code\show\Scrap_Steel_In_Field\photos\dangerous_det\detection_20260522_110449.jpg
2026-05-22 11:04:49 [INFO] 保存的检测结果文件大小: 2256779 字节
2026-05-22 11:04:49 [INFO] 引擎上下文已释放
2026-05-22 11:04:49 [INFO] TensorRT 引擎已释放
2026-05-22 11:04:49 [INFO] 全局 CUDA 资源已释放
2026-05-22 11:04:49 [INFO] 检测系统资源已释放
2026-05-22 11:04:54 [INFO] CUDA 初始化成功
2026-05-22 11:04:54 [INFO] 引擎加载成功: dangerous.engine
2026-05-22 11:04:54 [INFO] 检测系统初始化成功
2026-05-22 11:04:54 [INFO] 图像预处理完成，原始尺寸: (2160, 3840)
2026-05-22 11:04:54 [INFO] 开始执行目标检测...
2026-05-22 11:04:55 [INFO] 检测完成，找到 3 个物体
2026-05-22 11:04:55 [INFO] 物体 1: GasCyl1 (置信度: 0.83)
2026-05-22 11:04:55 [INFO] 物体 2: FireExt1 (置信度: 0.48)
2026-05-22 11:04:55 [INFO] 物体 3: GasCyl1 (置信度: 0.30)
2026-05-22 11:04:55 [INFO] 准备保存检测结果到: C:\code\show\Scrap_Steel_In_Field\photos\dangerous_det\detection_20260522_110455.jpg
2026-05-22 11:04:55 [INFO] 图像形状: (2160, 3840, 3)
2026-05-22 11:04:55 [INFO] 图像数据类型: uint8
2026-05-22 11:04:55 [INFO] 图像最大值: 255
2026-05-22 11:04:55 [INFO] 图像最小值: 0
2026-05-22 11:04:55 [INFO] 开始保存检测结果图像: 图像尺寸=(2160, 3840, 3), 类型=uint8, 路径=C:\code\show\Scrap_Steel_In_Field\photos\dangerous_det\detection_20260522_110455.jpg
2026-05-22 11:04:55 [INFO] 成功保存检测结果到: C:\code\show\Scrap_Steel_In_Field\photos\dangerous_det\detection_20260522_110455.jpg
2026-05-22 11:04:55 [INFO] 保存的检测结果文件大小: 2242814 字节
2026-05-22 11:04:55 [INFO] 引擎上下文已释放
2026-05-22 11:04:55 [INFO] TensorRT 引擎已释放
2026-05-22 11:04:55 [INFO] 全局 CUDA 资源已释放
2026-05-22 11:04:55 [INFO] 检测系统资源已释放
2026-05-22 11:05:00 [INFO] CUDA 初始化成功
2026-05-22 11:05:00 [INFO] 引擎加载成功: dangerous.engine
2026-05-22 11:05:00 [INFO] 检测系统初始化成功
2026-05-22 11:05:00 [INFO] 图像预处理完成，原始尺寸: (2160, 3840)
2026-05-22 11:05:00 [INFO] 开始执行目标检测...
2026-05-22 11:05:00 [INFO] 检测完成，找到 3 个物体
2026-05-22 11:05:00 [INFO] 物体 1: GasCyl1 (置信度: 0.85)
2026-05-22 11:05:00 [INFO] 物体 2: FireExt1 (置信度: 0.48)
2026-05-22 11:05:00 [INFO] 物体 3: GasCyl1 (置信度: 0.32)
2026-05-22 11:05:00 [INFO] 检测到车兜区域，将过滤区域外的目标
2026-05-22 11:05:00 [INFO] 准备保存检测结果到: C:\code\show\Scrap_Steel_In_Field\photos\dangerous_det\detection_20260522_110500.jpg
2026-05-22 11:05:00 [INFO] 图像形状: (2160, 3840, 3)
2026-05-22 11:05:00 [INFO] 图像数据类型: uint8
2026-05-22 11:05:00 [INFO] 图像最大值: 255
2026-05-22 11:05:00 [INFO] 图像最小值: 0
2026-05-22 11:05:00 [INFO] 开始保存检测结果图像: 图像尺寸=(2160, 3840, 3), 类型=uint8, 路径=C:\code\show\Scrap_Steel_In_Field\photos\dangerous_det\detection_20260522_110500.jpg
2026-05-22 11:05:00 [INFO] 成功保存检测结果到: C:\code\show\Scrap_Steel_In_Field\photos\dangerous_det\detection_20260522_110500.jpg
2026-05-22 11:05:00 [INFO] 保存的检测结果文件大小: 2257489 字节
2026-05-22 11:05:00 [INFO] 引擎上下文已释放
2026-05-22 11:05:00 [INFO] TensorRT 引擎已释放
2026-05-22 11:05:00 [INFO] 全局 CUDA 资源已释放
2026-05-22 11:05:00 [INFO] 检测系统资源已释放
2026-05-22 11:05:05 [INFO] CUDA 初始化成功
2026-05-22 11:05:05 [INFO] 引擎加载成功: dangerous.engine
2026-05-22 11:05:05 [INFO] 检测系统初始化成功
2026-05-22 11:05:05 [INFO] 图像预处理完成，原始尺寸: (2160, 3840)
2026-05-22 11:05:05 [INFO] 开始执行目标检测...
2026-05-22 11:05:05 [INFO] 检测完成，找到 3 个物体
2026-05-22 11:05:05 [INFO] 物体 1: GasCyl1 (置信度: 0.85)
2026-05-22 11:05:05 [INFO] 物体 2: FireExt1 (置信度: 0.50)
2026-05-22 11:05:05 [INFO] 物体 3: GasCyl1 (置信度: 0.29)
2026-05-22 11:05:05 [INFO] 检测到车兜区域，将过滤区域外的目标
2026-05-22 11:05:05 [INFO] 准备保存检测结果到: C:\code\show\Scrap_Steel_In_Field\photos\dangerous_det\detection_20260522_110505.jpg
2026-05-22 11:05:05 [INFO] 图像形状: (2160, 3840, 3)
2026-05-22 11:05:05 [INFO] 图像数据类型: uint8
2026-05-22 11:05:05 [INFO] 图像最大值: 255
2026-05-22 11:05:05 [INFO] 图像最小值: 0
2026-05-22 11:05:05 [INFO] 开始保存检测结果图像: 图像尺寸=(2160, 3840, 3), 类型=uint8, 路径=C:\code\show\Scrap_Steel_In_Field\photos\dangerous_det\detection_20260522_110505.jpg
2026-05-22 11:05:05 [INFO] 成功保存检测结果到: C:\code\show\Scrap_Steel_In_Field\photos\dangerous_det\detection_20260522_110505.jpg
2026-05-22 11:05:05 [INFO] 保存的检测结果文件大小: 2257264 字节
2026-05-22 11:05:05 [INFO] 引擎上下文已释放
2026-05-22 11:05:05 [INFO] TensorRT 引擎已释放
2026-05-22 11:05:05 [INFO] 全局 CUDA 资源已释放
2026-05-22 11:05:05 [INFO] 检测系统资源已释放
2026-05-22 11:05:10 [INFO] CUDA 初始化成功
2026-05-22 11:05:10 [INFO] 引擎加载成功: dangerous.engine
2026-05-22 11:05:10 [INFO] 检测系统初始化成功
2026-05-22 11:05:10 [INFO] 图像预处理完成，原始尺寸: (2160, 3840)
2026-05-22 11:05:10 [INFO] 开始执行目标检测...
2026-05-22 11:05:10 [INFO] 检测完成，找到 3 个物体
2026-05-22 11:05:10 [INFO] 物体 1: GasCyl1 (置信度: 0.85)
2026-05-22 11:05:10 [INFO] 物体 2: FireExt1 (置信度: 0.50)
2026-05-22 11:05:10 [INFO] 物体 3: GasCyl1 (置信度: 0.36)
2026-05-22 11:05:11 [INFO] 检测到车兜区域，将过滤区域外的目标
2026-05-22 11:05:11 [INFO] 准备保存检测结果到: C:\code\show\Scrap_Steel_In_Field\photos\dangerous_det\detection_20260522_110511.jpg
2026-05-22 11:05:11 [INFO] 图像形状: (2160, 3840, 3)
2026-05-22 11:05:11 [INFO] 图像数据类型: uint8
2026-05-22 11:05:11 [INFO] 图像最大值: 255
2026-05-22 11:05:11 [INFO] 图像最小值: 0
2026-05-22 11:05:11 [INFO] 开始保存检测结果图像: 图像尺寸=(2160, 3840, 3), 类型=uint8, 路径=C:\code\show\Scrap_Steel_In_Field\photos\dangerous_det\detection_20260522_110511.jpg
2026-05-22 11:05:11 [INFO] 成功保存检测结果到: C:\code\show\Scrap_Steel_In_Field\photos\dangerous_det\detection_20260522_110511.jpg
2026-05-22 11:05:11 [INFO] 保存的检测结果文件大小: 2248378 字节
2026-05-22 11:05:11 [INFO] 引擎上下文已释放
2026-05-22 11:05:11 [INFO] TensorRT 引擎已释放
2026-05-22 11:05:11 [INFO] 全局 CUDA 资源已释放
2026-05-22 11:05:11 [INFO] 检测系统资源已释放
2026-05-22 11:05:16 [INFO] CUDA 初始化成功
2026-05-22 11:05:16 [INFO] 引擎加载成功: dangerous.engine
2026-05-22 11:05:16 [INFO] 检测系统初始化成功
2026-05-22 11:05:16 [INFO] 图像预处理完成，原始尺寸: (2160, 3840)
2026-05-22 11:05:16 [INFO] 开始执行目标检测...
2026-05-22 11:05:16 [INFO] 检测完成，找到 3 个物体
2026-05-22 11:05:16 [INFO] 物体 1: GasCyl1 (置信度: 0.86)
2026-05-22 11:05:16 [INFO] 物体 2: FireExt1 (置信度: 0.49)
2026-05-22 11:05:16 [INFO] 物体 3: GasCyl1 (置信度: 0.32)
2026-05-22 11:05:16 [INFO] 检测到车兜区域，将过滤区域外的目标
2026-05-22 11:05:16 [INFO] 准备保存检测结果到: C:\code\show\Scrap_Steel_In_Field\photos\dangerous_det\detection_20260522_110516.jpg
2026-05-22 11:05:16 [INFO] 图像形状: (2160, 3840, 3)
2026-05-22 11:05:16 [INFO] 图像数据类型: uint8
2026-05-22 11:05:16 [INFO] 图像最大值: 255
2026-05-22 11:05:16 [INFO] 图像最小值: 0
2026-05-22 11:05:16 [INFO] 开始保存检测结果图像: 图像尺寸=(2160, 3840, 3), 类型=uint8, 路径=C:\code\show\Scrap_Steel_In_Field\photos\dangerous_det\detection_20260522_110516.jpg
2026-05-22 11:05:16 [INFO] 成功保存检测结果到: C:\code\show\Scrap_Steel_In_Field\photos\dangerous_det\detection_20260522_110516.jpg
2026-05-22 11:05:16 [INFO] 保存的检测结果文件大小: 2258436 字节
2026-05-22 11:05:16 [INFO] 引擎上下文已释放
2026-05-22 11:05:16 [INFO] TensorRT 引擎已释放
2026-05-22 11:05:17 [INFO] 全局 CUDA 资源已释放
2026-05-22 11:05:17 [INFO] 检测系统资源已释放
2026-05-22 11:05:21 [INFO] CUDA 初始化成功
2026-05-22 11:05:21 [INFO] 引擎加载成功: dangerous.engine
2026-05-22 11:05:21 [INFO] 检测系统初始化成功
2026-05-22 11:05:21 [INFO] 图像预处理完成，原始尺寸: (2160, 3840)
2026-05-22 11:05:21 [INFO] 开始执行目标检测...
2026-05-22 11:05:22 [INFO] 检测完成，找到 3 个物体
2026-05-22 11:05:22 [INFO] 物体 1: GasCyl1 (置信度: 0.84)
2026-05-22 11:05:22 [INFO] 物体 2: FireExt1 (置信度: 0.47)
2026-05-22 11:05:22 [INFO] 物体 3: GasCyl1 (置信度: 0.32)
2026-05-22 11:05:22 [INFO] 检测到车兜区域，将过滤区域外的目标
2026-05-22 11:05:22 [INFO] 准备保存检测结果到: C:\code\show\Scrap_Steel_In_Field\photos\dangerous_det\detection_20260522_110522.jpg
2026-05-22 11:05:22 [INFO] 图像形状: (2160, 3840, 3)
2026-05-22 11:05:22 [INFO] 图像数据类型: uint8
2026-05-22 11:05:22 [INFO] 图像最大值: 255
2026-05-22 11:05:22 [INFO] 图像最小值: 0
2026-05-22 11:05:22 [INFO] 开始保存检测结果图像: 图像尺寸=(2160, 3840, 3), 类型=uint8, 路径=C:\code\show\Scrap_Steel_In_Field\photos\dangerous_det\detection_20260522_110522.jpg
2026-05-22 11:05:22 [INFO] 成功保存检测结果到: C:\code\show\Scrap_Steel_In_Field\photos\dangerous_det\detection_20260522_110522.jpg
2026-05-22 11:05:22 [INFO] 保存的检测结果文件大小: 2258622 字节
2026-05-22 11:05:22 [INFO] 引擎上下文已释放
2026-05-22 11:05:22 [INFO] TensorRT 引擎已释放
2026-05-22 11:05:22 [INFO] 全局 CUDA 资源已释放
2026-05-22 11:05:22 [INFO] 检测系统资源已释放
2026-05-22 11:05:26 [INFO] CUDA 初始化成功
2026-05-22 11:05:27 [INFO] 引擎加载成功: dangerous.engine
2026-05-22 11:05:27 [INFO] 检测系统初始化成功
2026-05-22 11:05:27 [INFO] 图像预处理完成，原始尺寸: (2160, 3840)
2026-05-22 11:05:27 [INFO] 开始执行目标检测...
2026-05-22 11:05:27 [INFO] 检测完成，找到 3 个物体
2026-05-22 11:05:27 [INFO] 物体 1: GasCyl1 (置信度: 0.83)
2026-05-22 11:05:27 [INFO] 物体 2: FireExt1 (置信度: 0.50)
2026-05-22 11:05:27 [INFO] 物体 3: GasCyl1 (置信度: 0.37)
2026-05-22 11:05:27 [INFO] 检测到车兜区域，将过滤区域外的目标
2026-05-22 11:05:27 [INFO] 准备保存检测结果到: C:\code\show\Scrap_Steel_In_Field\photos\dangerous_det\detection_20260522_110527.jpg
2026-05-22 11:05:27 [INFO] 图像形状: (2160, 3840, 3)
2026-05-22 11:05:27 [INFO] 图像数据类型: uint8
2026-05-22 11:05:27 [INFO] 图像最大值: 255
2026-05-22 11:05:27 [INFO] 图像最小值: 0
2026-05-22 11:05:27 [INFO] 开始保存检测结果图像: 图像尺寸=(2160, 3840, 3), 类型=uint8, 路径=C:\code\show\Scrap_Steel_In_Field\photos\dangerous_det\detection_20260522_110527.jpg
2026-05-22 11:05:27 [INFO] 成功保存检测结果到: C:\code\show\Scrap_Steel_In_Field\photos\dangerous_det\detection_20260522_110527.jpg
2026-05-22 11:05:27 [INFO] 保存的检测结果文件大小: 2247809 字节
2026-05-22 11:05:27 [INFO] 引擎上下文已释放
2026-05-22 11:05:27 [INFO] TensorRT 引擎已释放
2026-05-22 11:05:27 [INFO] 全局 CUDA 资源已释放
2026-05-22 11:05:27 [INFO] 检测系统资源已释放
2026-05-22 11:05:32 [INFO] CUDA 初始化成功
2026-05-22 11:05:32 [INFO] 引擎加载成功: dangerous.engine
2026-05-22 11:05:32 [INFO] 检测系统初始化成功
2026-05-22 11:05:32 [INFO] 图像预处理完成，原始尺寸: (2160, 3840)
2026-05-22 11:05:32 [INFO] 开始执行目标检测...
2026-05-22 11:05:32 [INFO] 检测完成，找到 3 个物体
2026-05-22 11:05:32 [INFO] 物体 1: GasCyl1 (置信度: 0.84)
2026-05-22 11:05:32 [INFO] 物体 2: FireExt1 (置信度: 0.49)
2026-05-22 11:05:32 [INFO] 物体 3: GasCyl1 (置信度: 0.34)
2026-05-22 11:05:32 [INFO] 检测到车兜区域，将过滤区域外的目标
2026-05-22 11:05:32 [INFO] 准备保存检测结果到: C:\code\show\Scrap_Steel_In_Field\photos\dangerous_det\detection_20260522_110532.jpg
2026-05-22 11:05:32 [INFO] 图像形状: (2160, 3840, 3)
2026-05-22 11:05:32 [INFO] 图像数据类型: uint8
2026-05-22 11:05:32 [INFO] 图像最大值: 255
2026-05-22 11:05:32 [INFO] 图像最小值: 0
2026-05-22 11:05:32 [INFO] 开始保存检测结果图像: 图像尺寸=(2160, 3840, 3), 类型=uint8, 路径=C:\code\show\Scrap_Steel_In_Field\photos\dangerous_det\detection_20260522_110532.jpg
2026-05-22 11:05:32 [INFO] 成功保存检测结果到: C:\code\show\Scrap_Steel_In_Field\photos\dangerous_det\detection_20260522_110532.jpg
2026-05-22 11:05:32 [INFO] 保存的检测结果文件大小: 2253082 字节
2026-05-22 11:05:32 [INFO] 引擎上下文已释放
2026-05-22 11:05:32 [INFO] TensorRT 引擎已释放
2026-05-22 11:05:32 [INFO] 全局 CUDA 资源已释放
2026-05-22 11:05:32 [INFO] 检测系统资源已释放
2026-05-22 11:05:36 [INFO] CUDA 初始化成功
2026-05-22 11:05:37 [INFO] 引擎加载成功: dangerous.engine
2026-05-22 11:05:37 [INFO] 检测系统初始化成功
2026-05-22 11:05:37 [INFO] 图像预处理完成，原始尺寸: (2160, 3840)
2026-05-22 11:05:37 [INFO] 开始执行目标检测...
2026-05-22 11:05:37 [INFO] 检测完成，找到 3 个物体
2026-05-22 11:05:37 [INFO] 物体 1: GasCyl1 (置信度: 0.84)
2026-05-22 11:05:37 [INFO] 物体 2: FireExt1 (置信度: 0.51)
2026-05-22 11:05:37 [INFO] 物体 3: GasCyl1 (置信度: 0.40)
2026-05-22 11:05:37 [INFO] 检测到车兜区域，将过滤区域外的目标
2026-05-22 11:05:37 [INFO] 准备保存检测结果到: C:\code\show\Scrap_Steel_In_Field\photos\dangerous_det\detection_20260522_110537.jpg
2026-05-22 11:05:37 [INFO] 图像形状: (2160, 3840, 3)
2026-05-22 11:05:37 [INFO] 图像数据类型: uint8
2026-05-22 11:05:37 [INFO] 图像最大值: 255
2026-05-22 11:05:37 [INFO] 图像最小值: 0
2026-05-22 11:05:37 [INFO] 开始保存检测结果图像: 图像尺寸=(2160, 3840, 3), 类型=uint8, 路径=C:\code\show\Scrap_Steel_In_Field\photos\dangerous_det\detection_20260522_110537.jpg
2026-05-22 11:05:37 [INFO] 成功保存检测结果到: C:\code\show\Scrap_Steel_In_Field\photos\dangerous_det\detection_20260522_110537.jpg
2026-05-22 11:05:37 [INFO] 保存的检测结果文件大小: 2253842 字节
2026-05-22 11:05:37 [INFO] 引擎上下文已释放
2026-05-22 11:05:37 [INFO] TensorRT 引擎已释放
2026-05-22 11:05:37 [INFO] 全局 CUDA 资源已释放
2026-05-22 11:05:37 [INFO] 检测系统资源已释放
2026-05-22 11:05:41 [INFO] CUDA 初始化成功
2026-05-22 11:05:42 [INFO] 引擎加载成功: dangerous.engine
2026-05-22 11:05:42 [INFO] 检测系统初始化成功
2026-05-22 11:05:42 [INFO] 图像预处理完成，原始尺寸: (2160, 3840)
2026-05-22 11:05:42 [INFO] 开始执行目标检测...
2026-05-22 11:05:42 [INFO] 检测完成，找到 2 个物体
2026-05-22 11:05:42 [INFO] 物体 1: GasCyl1 (置信度: 0.83)
2026-05-22 11:05:42 [INFO] 物体 2: FireExt1 (置信度: 0.49)
2026-05-22 11:05:42 [INFO] 准备保存检测结果到: C:\code\show\Scrap_Steel_In_Field\photos\dangerous_det\detection_20260522_110542.jpg
2026-05-22 11:05:42 [INFO] 图像形状: (2160, 3840, 3)
2026-05-22 11:05:42 [INFO] 图像数据类型: uint8
2026-05-22 11:05:42 [INFO] 图像最大值: 255
2026-05-22 11:05:42 [INFO] 图像最小值: 0
2026-05-22 11:05:42 [INFO] 开始保存检测结果图像: 图像尺寸=(2160, 3840, 3), 类型=uint8, 路径=C:\code\show\Scrap_Steel_In_Field\photos\dangerous_det\detection_20260522_110542.jpg
2026-05-22 11:05:42 [INFO] 成功保存检测结果到: C:\code\show\Scrap_Steel_In_Field\photos\dangerous_det\detection_20260522_110542.jpg
2026-05-22 11:05:42 [INFO] 保存的检测结果文件大小: 2236232 字节
2026-05-22 11:05:42 [INFO] 引擎上下文已释放
2026-05-22 11:05:42 [INFO] TensorRT 引擎已释放
2026-05-22 11:05:42 [INFO] 全局 CUDA 资源已释放
2026-05-22 11:05:42 [INFO] 检测系统资源已释放
2026-05-22 11:05:47 [INFO] CUDA 初始化成功
2026-05-22 11:05:47 [INFO] 引擎加载成功: dangerous.engine
2026-05-22 11:05:47 [INFO] 检测系统初始化成功
2026-05-22 11:05:47 [INFO] 图像预处理完成，原始尺寸: (2160, 3840)
2026-05-22 11:05:47 [INFO] 开始执行目标检测...
2026-05-22 11:05:47 [INFO] 检测完成，找到 3 个物体
2026-05-22 11:05:47 [INFO] 物体 1: GasCyl1 (置信度: 0.85)
2026-05-22 11:05:47 [INFO] 物体 2: FireExt1 (置信度: 0.48)
2026-05-22 11:05:47 [INFO] 物体 3: GasCyl1 (置信度: 0.27)
2026-05-22 11:05:47 [INFO] 检测到车兜区域，将过滤区域外的目标
2026-05-22 11:05:47 [INFO] 准备保存检测结果到: C:\code\show\Scrap_Steel_In_Field\photos\dangerous_det\detection_20260522_110547.jpg
2026-05-22 11:05:47 [INFO] 图像形状: (2160, 3840, 3)
2026-05-22 11:05:47 [INFO] 图像数据类型: uint8
2026-05-22 11:05:47 [INFO] 图像最大值: 255
2026-05-22 11:05:47 [INFO] 图像最小值: 0
2026-05-22 11:05:47 [INFO] 开始保存检测结果图像: 图像尺寸=(2160, 3840, 3), 类型=uint8, 路径=C:\code\show\Scrap_Steel_In_Field\photos\dangerous_det\detection_20260522_110547.jpg
2026-05-22 11:05:47 [INFO] 成功保存检测结果到: C:\code\show\Scrap_Steel_In_Field\photos\dangerous_det\detection_20260522_110547.jpg
2026-05-22 11:05:47 [INFO] 保存的检测结果文件大小: 2258627 字节
2026-05-22 11:05:47 [INFO] 引擎上下文已释放
2026-05-22 11:05:47 [INFO] TensorRT 引擎已释放
2026-05-22 11:05:47 [INFO] 全局 CUDA 资源已释放
2026-05-22 11:05:47 [INFO] 检测系统资源已释放
2026-05-22 11:05:52 [INFO] CUDA 初始化成功
2026-05-22 11:05:52 [INFO] 引擎加载成功: dangerous.engine
2026-05-22 11:05:52 [INFO] 检测系统初始化成功
2026-05-22 11:05:52 [INFO] 图像预处理完成，原始尺寸: (2160, 3840)
2026-05-22 11:05:52 [INFO] 开始执行目标检测...
2026-05-22 11:05:52 [INFO] 检测完成，找到 3 个物体
2026-05-22 11:05:52 [INFO] 物体 1: GasCyl1 (置信度: 0.83)
2026-05-22 11:05:52 [INFO] 物体 2: FireExt1 (置信度: 0.50)
2026-05-22 11:05:52 [INFO] 物体 3: GasCyl1 (置信度: 0.41)
2026-05-22 11:05:52 [INFO] 检测到车兜区域，将过滤区域外的目标
2026-05-22 11:05:52 [INFO] 准备保存检测结果到: C:\code\show\Scrap_Steel_In_Field\photos\dangerous_det\detection_20260522_110552.jpg
2026-05-22 11:05:52 [INFO] 图像形状: (2160, 3840, 3)
2026-05-22 11:05:52 [INFO] 图像数据类型: uint8
2026-05-22 11:05:52 [INFO] 图像最大值: 255
2026-05-22 11:05:52 [INFO] 图像最小值: 0
2026-05-22 11:05:52 [INFO] 开始保存检测结果图像: 图像尺寸=(2160, 3840, 3), 类型=uint8, 路径=C:\code\show\Scrap_Steel_In_Field\photos\dangerous_det\detection_20260522_110552.jpg
2026-05-22 11:05:52 [INFO] 成功保存检测结果到: C:\code\show\Scrap_Steel_In_Field\photos\dangerous_det\detection_20260522_110552.jpg
2026-05-22 11:05:52 [INFO] 保存的检测结果文件大小: 2256602 字节
2026-05-22 11:05:52 [INFO] 引擎上下文已释放
2026-05-22 11:05:52 [INFO] TensorRT 引擎已释放
2026-05-22 11:05:52 [INFO] 全局 CUDA 资源已释放
2026-05-22 11:05:52 [INFO] 检测系统资源已释放
2026-05-22 11:05:57 [INFO] CUDA 初始化成功
2026-05-22 11:05:57 [INFO] 引擎加载成功: dangerous.engine
2026-05-22 11:05:57 [INFO] 检测系统初始化成功
2026-05-22 11:05:57 [INFO] 图像预处理完成，原始尺寸: (2160, 3840)
2026-05-22 11:05:57 [INFO] 开始执行目标检测...
2026-05-22 11:05:57 [INFO] 检测完成，找到 3 个物体
2026-05-22 11:05:57 [INFO] 物体 1: GasCyl1 (置信度: 0.84)
2026-05-22 11:05:57 [INFO] 物体 2: FireExt1 (置信度: 0.48)
2026-05-22 11:05:57 [INFO] 物体 3: GasCyl1 (置信度: 0.36)
2026-05-22 11:05:57 [INFO] 检测到车兜区域，将过滤区域外的目标
2026-05-22 11:05:57 [INFO] 准备保存检测结果到: C:\code\show\Scrap_Steel_In_Field\photos\dangerous_det\detection_20260522_110557.jpg
2026-05-22 11:05:57 [INFO] 图像形状: (2160, 3840, 3)
2026-05-22 11:05:57 [INFO] 图像数据类型: uint8
2026-05-22 11:05:57 [INFO] 图像最大值: 255
2026-05-22 11:05:57 [INFO] 图像最小值: 0
2026-05-22 11:05:57 [INFO] 开始保存检测结果图像: 图像尺寸=(2160, 3840, 3), 类型=uint8, 路径=C:\code\show\Scrap_Steel_In_Field\photos\dangerous_det\detection_20260522_110557.jpg
2026-05-22 11:05:57 [INFO] 成功保存检测结果到: C:\code\show\Scrap_Steel_In_Field\photos\dangerous_det\detection_20260522_110557.jpg
2026-05-22 11:05:57 [INFO] 保存的检测结果文件大小: 2252323 字节
2026-05-22 11:05:57 [INFO] 引擎上下文已释放
2026-05-22 11:05:57 [INFO] TensorRT 引擎已释放
2026-05-22 11:05:57 [INFO] 全局 CUDA 资源已释放
2026-05-22 11:05:57 [INFO] 检测系统资源已释放
2026-05-22 11:06:03 [INFO] CUDA 初始化成功
2026-05-22 11:06:03 [INFO] 引擎加载成功: dangerous.engine
2026-05-22 11:06:03 [INFO] 检测系统初始化成功
2026-05-22 11:06:03 [INFO] 图像预处理完成，原始尺寸: (2160, 3840)
2026-05-22 11:06:03 [INFO] 开始执行目标检测...
2026-05-22 11:06:03 [INFO] 检测完成，找到 3 个物体
2026-05-22 11:06:03 [INFO] 物体 1: GasCyl1 (置信度: 0.83)
2026-05-22 11:06:03 [INFO] 物体 2: FireExt1 (置信度: 0.45)
2026-05-22 11:06:03 [INFO] 物体 3: GasCyl1 (置信度: 0.28)
2026-05-22 11:06:03 [INFO] 检测到车兜区域，将过滤区域外的目标
2026-05-22 11:06:03 [INFO] 准备保存检测结果到: C:\code\show\Scrap_Steel_In_Field\photos\dangerous_det\detection_20260522_110603.jpg
2026-05-22 11:06:03 [INFO] 图像形状: (2160, 3840, 3)
2026-05-22 11:06:03 [INFO] 图像数据类型: uint8
2026-05-22 11:06:03 [INFO] 图像最大值: 255
2026-05-22 11:06:03 [INFO] 图像最小值: 0
2026-05-22 11:06:03 [INFO] 开始保存检测结果图像: 图像尺寸=(2160, 3840, 3), 类型=uint8, 路径=C:\code\show\Scrap_Steel_In_Field\photos\dangerous_det\detection_20260522_110603.jpg
2026-05-22 11:06:03 [INFO] 成功保存检测结果到: C:\code\show\Scrap_Steel_In_Field\photos\dangerous_det\detection_20260522_110603.jpg
2026-05-22 11:06:03 [INFO] 保存的检测结果文件大小: 2259141 字节
2026-05-22 11:06:03 [INFO] 引擎上下文已释放
2026-05-22 11:06:03 [INFO] TensorRT 引擎已释放
2026-05-22 11:06:03 [INFO] 全局 CUDA 资源已释放
2026-05-22 11:06:03 [INFO] 检测系统资源已释放
2026-05-22 11:06:09 [INFO] CUDA 初始化成功
2026-05-22 11:06:09 [INFO] 引擎加载成功: dangerous.engine
2026-05-22 11:06:09 [INFO] 检测系统初始化成功
2026-05-22 11:06:09 [INFO] 图像预处理完成，原始尺寸: (2160, 3840)
2026-05-22 11:06:09 [INFO] 开始执行目标检测...
2026-05-22 11:06:09 [INFO] 检测完成，找到 2 个物体
2026-05-22 11:06:09 [INFO] 物体 1: GasCyl1 (置信度: 0.85)
2026-05-22 11:06:09 [INFO] 物体 2: FireExt1 (置信度: 0.48)
2026-05-22 11:06:09 [INFO] 检测到车兜区域，将过滤区域外的目标
2026-05-22 11:06:09 [INFO] 准备保存检测结果到: C:\code\show\Scrap_Steel_In_Field\photos\dangerous_det\detection_20260522_110609.jpg
2026-05-22 11:06:09 [INFO] 图像形状: (2160, 3840, 3)
2026-05-22 11:06:09 [INFO] 图像数据类型: uint8
2026-05-22 11:06:09 [INFO] 图像最大值: 255
2026-05-22 11:06:09 [INFO] 图像最小值: 0
2026-05-22 11:06:09 [INFO] 开始保存检测结果图像: 图像尺寸=(2160, 3840, 3), 类型=uint8, 路径=C:\code\show\Scrap_Steel_In_Field\photos\dangerous_det\detection_20260522_110609.jpg
2026-05-22 11:06:09 [INFO] 成功保存检测结果到: C:\code\show\Scrap_Steel_In_Field\photos\dangerous_det\detection_20260522_110609.jpg
2026-05-22 11:06:09 [INFO] 保存的检测结果文件大小: 2252496 字节
2026-05-22 11:06:09 [INFO] 引擎上下文已释放
2026-05-22 11:06:09 [INFO] TensorRT 引擎已释放
2026-05-22 11:06:09 [INFO] 全局 CUDA 资源已释放
2026-05-22 11:06:09 [INFO] 检测系统资源已释放
2026-05-22 11:06:14 [INFO] CUDA 初始化成功
2026-05-22 11:06:14 [INFO] 引擎加载成功: dangerous.engine
2026-05-22 11:06:14 [INFO] 检测系统初始化成功
2026-05-22 11:06:14 [INFO] 图像预处理完成，原始尺寸: (2160, 3840)
2026-05-22 11:06:14 [INFO] 开始执行目标检测...
2026-05-22 11:06:14 [INFO] 检测完成，找到 3 个物体
2026-05-22 11:06:14 [INFO] 物体 1: GasCyl1 (置信度: 0.84)
2026-05-22 11:06:14 [INFO] 物体 2: FireExt1 (置信度: 0.48)
2026-05-22 11:06:14 [INFO] 物体 3: GasCyl1 (置信度: 0.27)
2026-05-22 11:06:14 [INFO] 检测到车兜区域，将过滤区域外的目标
2026-05-22 11:06:14 [INFO] 准备保存检测结果到: C:\code\show\Scrap_Steel_In_Field\photos\dangerous_det\detection_20260522_110614.jpg
2026-05-22 11:06:14 [INFO] 图像形状: (2160, 3840, 3)
2026-05-22 11:06:14 [INFO] 图像数据类型: uint8
2026-05-22 11:06:14 [INFO] 图像最大值: 255
2026-05-22 11:06:14 [INFO] 图像最小值: 0
2026-05-22 11:06:14 [INFO] 开始保存检测结果图像: 图像尺寸=(2160, 3840, 3), 类型=uint8, 路径=C:\code\show\Scrap_Steel_In_Field\photos\dangerous_det\detection_20260522_110614.jpg
2026-05-22 11:06:14 [INFO] 成功保存检测结果到: C:\code\show\Scrap_Steel_In_Field\photos\dangerous_det\detection_20260522_110614.jpg
2026-05-22 11:06:14 [INFO] 保存的检测结果文件大小: 2258745 字节
2026-05-22 11:06:14 [INFO] 引擎上下文已释放
2026-05-22 11:06:14 [INFO] TensorRT 引擎已释放
2026-05-22 11:06:14 [INFO] 全局 CUDA 资源已释放
2026-05-22 11:06:14 [INFO] 检测系统资源已释放
2026-05-22 11:06:19 [INFO] CUDA 初始化成功
2026-05-22 11:06:19 [INFO] 引擎加载成功: dangerous.engine
2026-05-22 11:06:19 [INFO] 检测系统初始化成功
2026-05-22 11:06:19 [INFO] 图像预处理完成，原始尺寸: (2160, 3840)
2026-05-22 11:06:19 [INFO] 开始执行目标检测...
2026-05-22 11:06:19 [INFO] 检测完成，找到 3 个物体
2026-05-22 11:06:19 [INFO] 物体 1: GasCyl1 (置信度: 0.82)
2026-05-22 11:06:19 [INFO] 物体 2: FireExt1 (置信度: 0.47)
2026-05-22 11:06:19 [INFO] 物体 3: GasCyl1 (置信度: 0.44)
2026-05-22 11:06:19 [INFO] 检测到车兜区域，将过滤区域外的目标
2026-05-22 11:06:19 [INFO] 准备保存检测结果到: C:\code\show\Scrap_Steel_In_Field\photos\dangerous_det\detection_20260522_110619.jpg
2026-05-22 11:06:19 [INFO] 图像形状: (2160, 3840, 3)
2026-05-22 11:06:19 [INFO] 图像数据类型: uint8
2026-05-22 11:06:19 [INFO] 图像最大值: 255
2026-05-22 11:06:19 [INFO] 图像最小值: 0
2026-05-22 11:06:19 [INFO] 开始保存检测结果图像: 图像尺寸=(2160, 3840, 3), 类型=uint8, 路径=C:\code\show\Scrap_Steel_In_Field\photos\dangerous_det\detection_20260522_110619.jpg
2026-05-22 11:06:19 [INFO] 成功保存检测结果到: C:\code\show\Scrap_Steel_In_Field\photos\dangerous_det\detection_20260522_110619.jpg
2026-05-22 11:06:19 [INFO] 保存的检测结果文件大小: 2258600 字节
2026-05-22 11:06:19 [INFO] 引擎上下文已释放
2026-05-22 11:06:19 [INFO] TensorRT 引擎已释放
2026-05-22 11:06:19 [INFO] 全局 CUDA 资源已释放
2026-05-22 11:06:19 [INFO] 检测系统资源已释放
2026-05-22 11:06:24 [INFO] CUDA 初始化成功
2026-05-22 11:06:24 [INFO] 引擎加载成功: dangerous.engine
2026-05-22 11:06:24 [INFO] 检测系统初始化成功
2026-05-22 11:06:24 [INFO] 图像预处理完成，原始尺寸: (2160, 3840)
2026-05-22 11:06:24 [INFO] 开始执行目标检测...
2026-05-22 11:06:24 [INFO] 检测完成，找到 3 个物体
2026-05-22 11:06:24 [INFO] 物体 1: GasCyl1 (置信度: 0.84)
2026-05-22 11:06:24 [INFO] 物体 2: FireExt1 (置信度: 0.48)
2026-05-22 11:06:24 [INFO] 物体 3: GasCyl1 (置信度: 0.33)
2026-05-22 11:06:24 [INFO] 检测到车兜区域，将过滤区域外的目标
2026-05-22 11:06:24 [INFO] 准备保存检测结果到: C:\code\show\Scrap_Steel_In_Field\photos\dangerous_det\detection_20260522_110624.jpg
2026-05-22 11:06:24 [INFO] 图像形状: (2160, 3840, 3)
2026-05-22 11:06:24 [INFO] 图像数据类型: uint8
2026-05-22 11:06:24 [INFO] 图像最大值: 255
2026-05-22 11:06:24 [INFO] 图像最小值: 0
2026-05-22 11:06:24 [INFO] 开始保存检测结果图像: 图像尺寸=(2160, 3840, 3), 类型=uint8, 路径=C:\code\show\Scrap_Steel_In_Field\photos\dangerous_det\detection_20260522_110624.jpg
2026-05-22 11:06:25 [INFO] 成功保存检测结果到: C:\code\show\Scrap_Steel_In_Field\photos\dangerous_det\detection_20260522_110624.jpg
2026-05-22 11:06:25 [INFO] 保存的检测结果文件大小: 2257745 字节
2026-05-22 11:06:25 [INFO] 引擎上下文已释放
2026-05-22 11:06:25 [INFO] TensorRT 引擎已释放
2026-05-22 11:06:25 [INFO] 全局 CUDA 资源已释放
2026-05-22 11:06:25 [INFO] 检测系统资源已释放
2026-05-22 11:06:30 [INFO] CUDA 初始化成功
2026-05-22 11:06:30 [INFO] 引擎加载成功: dangerous.engine
2026-05-22 11:06:30 [INFO] 检测系统初始化成功
2026-05-22 11:06:30 [INFO] 图像预处理完成，原始尺寸: (2160, 3840)
2026-05-22 11:06:30 [INFO] 开始执行目标检测...
2026-05-22 11:06:30 [INFO] 检测完成，找到 3 个物体
2026-05-22 11:06:30 [INFO] 物体 1: GasCyl1 (置信度: 0.85)
2026-05-22 11:06:30 [INFO] 物体 2: FireExt1 (置信度: 0.51)
2026-05-22 11:06:30 [INFO] 物体 3: GasCyl1 (置信度: 0.45)
2026-05-22 11:06:30 [INFO] 检测到车兜区域，将过滤区域外的目标
2026-05-22 11:06:30 [INFO] 准备保存检测结果到: C:\code\show\Scrap_Steel_In_Field\photos\dangerous_det\detection_20260522_110630.jpg
2026-05-22 11:06:30 [INFO] 图像形状: (2160, 3840, 3)
2026-05-22 11:06:30 [INFO] 图像数据类型: uint8
2026-05-22 11:06:30 [INFO] 图像最大值: 255
2026-05-22 11:06:30 [INFO] 图像最小值: 0
2026-05-22 11:06:30 [INFO] 开始保存检测结果图像: 图像尺寸=(2160, 3840, 3), 类型=uint8, 路径=C:\code\show\Scrap_Steel_In_Field\photos\dangerous_det\detection_20260522_110630.jpg
2026-05-22 11:06:30 [INFO] 成功保存检测结果到: C:\code\show\Scrap_Steel_In_Field\photos\dangerous_det\detection_20260522_110630.jpg
2026-05-22 11:06:30 [INFO] 保存的检测结果文件大小: 2256240 字节
2026-05-22 11:06:30 [INFO] 引擎上下文已释放
2026-05-22 11:06:30 [INFO] TensorRT 引擎已释放
2026-05-22 11:06:30 [INFO] 全局 CUDA 资源已释放
2026-05-22 11:06:30 [INFO] 检测系统资源已释放
2026-05-22 11:06:35 [INFO] CUDA 初始化成功
2026-05-22 11:06:35 [INFO] 引擎加载成功: dangerous.engine
2026-05-22 11:06:35 [INFO] 检测系统初始化成功
2026-05-22 11:06:35 [INFO] 图像预处理完成，原始尺寸: (2160, 3840)
2026-05-22 11:06:35 [INFO] 开始执行目标检测...
2026-05-22 11:06:35 [INFO] 检测完成，找到 3 个物体
2026-05-22 11:06:35 [INFO] 物体 1: GasCyl1 (置信度: 0.83)
2026-05-22 11:06:35 [INFO] 物体 2: FireExt1 (置信度: 0.49)
2026-05-22 11:06:35 [INFO] 物体 3: GasCyl1 (置信度: 0.35)
2026-05-22 11:06:35 [INFO] 检测到车兜区域，将过滤区域外的目标
2026-05-22 11:06:35 [INFO] 准备保存检测结果到: C:\code\show\Scrap_Steel_In_Field\photos\dangerous_det\detection_20260522_110635.jpg
2026-05-22 11:06:35 [INFO] 图像形状: (2160, 3840, 3)
2026-05-22 11:06:35 [INFO] 图像数据类型: uint8
2026-05-22 11:06:35 [INFO] 图像最大值: 255
2026-05-22 11:06:35 [INFO] 图像最小值: 0
2026-05-22 11:06:35 [INFO] 开始保存检测结果图像: 图像尺寸=(2160, 3840, 3), 类型=uint8, 路径=C:\code\show\Scrap_Steel_In_Field\photos\dangerous_det\detection_20260522_110635.jpg
2026-05-22 11:06:35 [INFO] 成功保存检测结果到: C:\code\show\Scrap_Steel_In_Field\photos\dangerous_det\detection_20260522_110635.jpg
2026-05-22 11:06:35 [INFO] 保存的检测结果文件大小: 2259501 字节
2026-05-22 11:06:35 [INFO] 引擎上下文已释放
2026-05-22 11:06:35 [INFO] TensorRT 引擎已释放
2026-05-22 11:06:35 [INFO] 全局 CUDA 资源已释放
2026-05-22 11:06:35 [INFO] 检测系统资源已释放
2026-05-22 11:06:40 [INFO] CUDA 初始化成功
2026-05-22 11:06:40 [INFO] 引擎加载成功: dangerous.engine
2026-05-22 11:06:40 [INFO] 检测系统初始化成功
2026-05-22 11:06:40 [INFO] 图像预处理完成，原始尺寸: (2160, 3840)
2026-05-22 11:06:40 [INFO] 开始执行目标检测...
2026-05-22 11:06:40 [INFO] 检测完成，找到 3 个物体
2026-05-22 11:06:40 [INFO] 物体 1: GasCyl1 (置信度: 0.84)
2026-05-22 11:06:40 [INFO] 物体 2: FireExt1 (置信度: 0.51)
2026-05-22 11:06:40 [INFO] 物体 3: GasCyl1 (置信度: 0.32)
2026-05-22 11:06:40 [INFO] 检测到车兜区域，将过滤区域外的目标
2026-05-22 11:06:40 [INFO] 准备保存检测结果到: C:\code\show\Scrap_Steel_In_Field\photos\dangerous_det\detection_20260522_110640.jpg
2026-05-22 11:06:40 [INFO] 图像形状: (2160, 3840, 3)
2026-05-22 11:06:40 [INFO] 图像数据类型: uint8
2026-05-22 11:06:40 [INFO] 图像最大值: 255
2026-05-22 11:06:40 [INFO] 图像最小值: 0
2026-05-22 11:06:40 [INFO] 开始保存检测结果图像: 图像尺寸=(2160, 3840, 3), 类型=uint8, 路径=C:\code\show\Scrap_Steel_In_Field\photos\dangerous_det\detection_20260522_110640.jpg
2026-05-22 11:06:40 [INFO] 成功保存检测结果到: C:\code\show\Scrap_Steel_In_Field\photos\dangerous_det\detection_20260522_110640.jpg
2026-05-22 11:06:40 [INFO] 保存的检测结果文件大小: 2259981 字节
2026-05-22 11:06:40 [INFO] 引擎上下文已释放
2026-05-22 11:06:40 [INFO] TensorRT 引擎已释放
2026-05-22 11:06:40 [INFO] 全局 CUDA 资源已释放
2026-05-22 11:06:40 [INFO] 检测系统资源已释放
2026-05-22 11:06:45 [INFO] CUDA 初始化成功
2026-05-22 11:06:45 [INFO] 引擎加载成功: dangerous.engine
2026-05-22 11:06:45 [INFO] 检测系统初始化成功
2026-05-22 11:06:45 [INFO] 图像预处理完成，原始尺寸: (2160, 3840)
2026-05-22 11:06:45 [INFO] 开始执行目标检测...
2026-05-22 11:06:45 [INFO] 检测完成，找到 3 个物体
2026-05-22 11:06:45 [INFO] 物体 1: GasCyl1 (置信度: 0.83)
2026-05-22 11:06:45 [INFO] 物体 2: FireExt1 (置信度: 0.50)
2026-05-22 11:06:45 [INFO] 物体 3: GasCyl1 (置信度: 0.30)
2026-05-22 11:06:45 [INFO] 检测到车兜区域，将过滤区域外的目标
2026-05-22 11:06:45 [INFO] 准备保存检测结果到: C:\code\show\Scrap_Steel_In_Field\photos\dangerous_det\detection_20260522_110645.jpg
2026-05-22 11:06:45 [INFO] 图像形状: (2160, 3840, 3)
2026-05-22 11:06:45 [INFO] 图像数据类型: uint8
2026-05-22 11:06:45 [INFO] 图像最大值: 255
2026-05-22 11:06:45 [INFO] 图像最小值: 0
2026-05-22 11:06:45 [INFO] 开始保存检测结果图像: 图像尺寸=(2160, 3840, 3), 类型=uint8, 路径=C:\code\show\Scrap_Steel_In_Field\photos\dangerous_det\detection_20260522_110645.jpg
2026-05-22 11:06:45 [INFO] 成功保存检测结果到: C:\code\show\Scrap_Steel_In_Field\photos\dangerous_det\detection_20260522_110645.jpg
2026-05-22 11:06:45 [INFO] 保存的检测结果文件大小: 2260310 字节
2026-05-22 11:06:45 [INFO] 引擎上下文已释放
2026-05-22 11:06:45 [INFO] TensorRT 引擎已释放
2026-05-22 11:06:45 [INFO] 全局 CUDA 资源已释放
2026-05-22 11:06:45 [INFO] 检测系统资源已释放
2026-05-22 11:06:50 [INFO] CUDA 初始化成功
2026-05-22 11:06:50 [INFO] 引擎加载成功: dangerous.engine
2026-05-22 11:06:50 [INFO] 检测系统初始化成功
2026-05-22 11:06:50 [INFO] 图像预处理完成，原始尺寸: (2160, 3840)
2026-05-22 11:06:50 [INFO] 开始执行目标检测...
2026-05-22 11:06:50 [INFO] 检测完成，找到 3 个物体
2026-05-22 11:06:50 [INFO] 物体 1: GasCyl1 (置信度: 0.84)
2026-05-22 11:06:50 [INFO] 物体 2: FireExt1 (置信度: 0.50)
2026-05-22 11:06:50 [INFO] 物体 3: GasCyl1 (置信度: 0.30)
2026-05-22 11:06:50 [INFO] 检测到车兜区域，将过滤区域外的目标
2026-05-22 11:06:50 [INFO] 准备保存检测结果到: C:\code\show\Scrap_Steel_In_Field\photos\dangerous_det\detection_20260522_110650.jpg
2026-05-22 11:06:50 [INFO] 图像形状: (2160, 3840, 3)
2026-05-22 11:06:50 [INFO] 图像数据类型: uint8
2026-05-22 11:06:50 [INFO] 图像最大值: 255
2026-05-22 11:06:50 [INFO] 图像最小值: 0
2026-05-22 11:06:50 [INFO] 开始保存检测结果图像: 图像尺寸=(2160, 3840, 3), 类型=uint8, 路径=C:\code\show\Scrap_Steel_In_Field\photos\dangerous_det\detection_20260522_110650.jpg
2026-05-22 11:06:50 [INFO] 成功保存检测结果到: C:\code\show\Scrap_Steel_In_Field\photos\dangerous_det\detection_20260522_110650.jpg
2026-05-22 11:06:50 [INFO] 保存的检测结果文件大小: 2258981 字节
2026-05-22 11:06:50 [INFO] 引擎上下文已释放
2026-05-22 11:06:50 [INFO] TensorRT 引擎已释放
2026-05-22 11:06:50 [INFO] 全局 CUDA 资源已释放
2026-05-22 11:06:50 [INFO] 检测系统资源已释放
2026-05-22 11:06:55 [INFO] CUDA 初始化成功
2026-05-22 11:06:55 [INFO] 引擎加载成功: dangerous.engine
2026-05-22 11:06:55 [INFO] 检测系统初始化成功
2026-05-22 11:06:55 [INFO] 图像预处理完成，原始尺寸: (2160, 3840)
2026-05-22 11:06:55 [INFO] 开始执行目标检测...
2026-05-22 11:06:56 [INFO] 检测完成，找到 3 个物体
2026-05-22 11:06:56 [INFO] 物体 1: GasCyl1 (置信度: 0.83)
2026-05-22 11:06:56 [INFO] 物体 2: FireExt1 (置信度: 0.50)
2026-05-22 11:06:56 [INFO] 物体 3: GasCyl1 (置信度: 0.28)
2026-05-22 11:06:56 [INFO] 检测到车兜区域，将过滤区域外的目标
2026-05-22 11:06:56 [INFO] 准备保存检测结果到: C:\code\show\Scrap_Steel_In_Field\photos\dangerous_det\detection_20260522_110656.jpg
2026-05-22 11:06:56 [INFO] 图像形状: (2160, 3840, 3)
2026-05-22 11:06:56 [INFO] 图像数据类型: uint8
2026-05-22 11:06:56 [INFO] 图像最大值: 255
2026-05-22 11:06:56 [INFO] 图像最小值: 0
2026-05-22 11:06:56 [INFO] 开始保存检测结果图像: 图像尺寸=(2160, 3840, 3), 类型=uint8, 路径=C:\code\show\Scrap_Steel_In_Field\photos\dangerous_det\detection_20260522_110656.jpg
2026-05-22 11:06:56 [INFO] 成功保存检测结果到: C:\code\show\Scrap_Steel_In_Field\photos\dangerous_det\detection_20260522_110656.jpg
2026-05-22 11:06:56 [INFO] 保存的检测结果文件大小: 2260136 字节
2026-05-22 11:06:56 [INFO] 引擎上下文已释放
2026-05-22 11:06:56 [INFO] TensorRT 引擎已释放
2026-05-22 11:06:56 [INFO] 全局 CUDA 资源已释放
2026-05-22 11:06:56 [INFO] 检测系统资源已释放
2026-05-22 11:07:00 [INFO] CUDA 初始化成功
2026-05-22 11:07:01 [INFO] 引擎加载成功: dangerous.engine
2026-05-22 11:07:01 [INFO] 检测系统初始化成功
2026-05-22 11:07:01 [INFO] 图像预处理完成，原始尺寸: (2160, 3840)
2026-05-22 11:07:01 [INFO] 开始执行目标检测...
2026-05-22 11:07:01 [INFO] 检测完成，找到 2 个物体
2026-05-22 11:07:01 [INFO] 物体 1: GasCyl1 (置信度: 0.81)
2026-05-22 11:07:01 [INFO] 物体 2: FireExt1 (置信度: 0.48)
2026-05-22 11:07:01 [INFO] 检测到车兜区域，将过滤区域外的目标
2026-05-22 11:07:01 [INFO] 准备保存检测结果到: C:\code\show\Scrap_Steel_In_Field\photos\dangerous_det\detection_20260522_110701.jpg
2026-05-22 11:07:01 [INFO] 图像形状: (2160, 3840, 3)
2026-05-22 11:07:01 [INFO] 图像数据类型: uint8
2026-05-22 11:07:01 [INFO] 图像最大值: 255
2026-05-22 11:07:01 [INFO] 图像最小值: 0
2026-05-22 11:07:01 [INFO] 开始保存检测结果图像: 图像尺寸=(2160, 3840, 3), 类型=uint8, 路径=C:\code\show\Scrap_Steel_In_Field\photos\dangerous_det\detection_20260522_110701.jpg
2026-05-22 11:07:01 [INFO] 成功保存检测结果到: C:\code\show\Scrap_Steel_In_Field\photos\dangerous_det\detection_20260522_110701.jpg
2026-05-22 11:07:01 [INFO] 保存的检测结果文件大小: 2256173 字节
2026-05-22 11:07:01 [INFO] 引擎上下文已释放
2026-05-22 11:07:01 [INFO] TensorRT 引擎已释放
2026-05-22 11:07:01 [INFO] 全局 CUDA 资源已释放
2026-05-22 11:07:01 [INFO] 检测系统资源已释放
2026-05-22 11:07:06 [INFO] CUDA 初始化成功
2026-05-22 11:07:06 [INFO] 引擎加载成功: dangerous.engine
2026-05-22 11:07:06 [INFO] 检测系统初始化成功
2026-05-22 11:07:06 [INFO] 图像预处理完成，原始尺寸: (2160, 3840)
2026-05-22 11:07:06 [INFO] 开始执行目标检测...
2026-05-22 11:07:06 [INFO] 检测完成，找到 3 个物体
2026-05-22 11:07:06 [INFO] 物体 1: GasCyl1 (置信度: 0.83)
2026-05-22 11:07:06 [INFO] 物体 2: FireExt1 (置信度: 0.49)
2026-05-22 11:07:06 [INFO] 物体 3: GasCyl1 (置信度: 0.40)
2026-05-22 11:07:06 [INFO] 检测到车兜区域，将过滤区域外的目标
2026-05-22 11:07:06 [INFO] 准备保存检测结果到: C:\code\show\Scrap_Steel_In_Field\photos\dangerous_det\detection_20260522_110706.jpg
2026-05-22 11:07:06 [INFO] 图像形状: (2160, 3840, 3)
2026-05-22 11:07:06 [INFO] 图像数据类型: uint8
2026-05-22 11:07:06 [INFO] 图像最大值: 255
2026-05-22 11:07:06 [INFO] 图像最小值: 0
2026-05-22 11:07:06 [INFO] 开始保存检测结果图像: 图像尺寸=(2160, 3840, 3), 类型=uint8, 路径=C:\code\show\Scrap_Steel_In_Field\photos\dangerous_det\detection_20260522_110706.jpg
2026-05-22 11:07:06 [INFO] 成功保存检测结果到: C:\code\show\Scrap_Steel_In_Field\photos\dangerous_det\detection_20260522_110706.jpg
2026-05-22 11:07:06 [INFO] 保存的检测结果文件大小: 2256675 字节
2026-05-22 11:07:06 [INFO] 引擎上下文已释放
2026-05-22 11:07:06 [INFO] TensorRT 引擎已释放
2026-05-22 11:07:06 [INFO] 全局 CUDA 资源已释放
2026-05-22 11:07:06 [INFO] 检测系统资源已释放
2026-05-22 11:07:11 [INFO] CUDA 初始化成功
2026-05-22 11:07:11 [INFO] 引擎加载成功: dangerous.engine
2026-05-22 11:07:11 [INFO] 检测系统初始化成功
2026-05-22 11:07:11 [INFO] 图像预处理完成，原始尺寸: (2160, 3840)
2026-05-22 11:07:11 [INFO] 开始执行目标检测...
2026-05-22 11:07:11 [INFO] 检测完成，找到 3 个物体
2026-05-22 11:07:11 [INFO] 物体 1: GasCyl1 (置信度: 0.82)
2026-05-22 11:07:11 [INFO] 物体 2: FireExt1 (置信度: 0.46)
2026-05-22 11:07:11 [INFO] 物体 3: GasCyl1 (置信度: 0.30)
2026-05-22 11:07:11 [INFO] 检测到车兜区域，将过滤区域外的目标
2026-05-22 11:07:11 [INFO] 准备保存检测结果到: C:\code\show\Scrap_Steel_In_Field\photos\dangerous_det\detection_20260522_110711.jpg
2026-05-22 11:07:11 [INFO] 图像形状: (2160, 3840, 3)
2026-05-22 11:07:11 [INFO] 图像数据类型: uint8
2026-05-22 11:07:11 [INFO] 图像最大值: 255
2026-05-22 11:07:11 [INFO] 图像最小值: 0
2026-05-22 11:07:11 [INFO] 开始保存检测结果图像: 图像尺寸=(2160, 3840, 3), 类型=uint8, 路径=C:\code\show\Scrap_Steel_In_Field\photos\dangerous_det\detection_20260522_110711.jpg
2026-05-22 11:07:11 [INFO] 成功保存检测结果到: C:\code\show\Scrap_Steel_In_Field\photos\dangerous_det\detection_20260522_110711.jpg
2026-05-22 11:07:11 [INFO] 保存的检测结果文件大小: 2255437 字节
2026-05-22 11:07:11 [INFO] 引擎上下文已释放
2026-05-22 11:07:11 [INFO] TensorRT 引擎已释放
2026-05-22 11:07:11 [INFO] 全局 CUDA 资源已释放
2026-05-22 11:07:11 [INFO] 检测系统资源已释放
2026-05-22 11:07:16 [INFO] CUDA 初始化成功
2026-05-22 11:07:16 [INFO] 引擎加载成功: dangerous.engine
2026-05-22 11:07:16 [INFO] 检测系统初始化成功
2026-05-22 11:07:16 [INFO] 图像预处理完成，原始尺寸: (2160, 3840)
2026-05-22 11:07:16 [INFO] 开始执行目标检测...
2026-05-22 11:07:16 [INFO] 检测完成，找到 3 个物体
2026-05-22 11:07:16 [INFO] 物体 1: GasCyl1 (置信度: 0.81)
2026-05-22 11:07:16 [INFO] 物体 2: FireExt1 (置信度: 0.49)
2026-05-22 11:07:16 [INFO] 物体 3: GasCyl1 (置信度: 0.38)
2026-05-22 11:07:16 [INFO] 检测到车兜区域，将过滤区域外的目标
2026-05-22 11:07:16 [INFO] 准备保存检测结果到: C:\code\show\Scrap_Steel_In_Field\photos\dangerous_det\detection_20260522_110716.jpg
2026-05-22 11:07:16 [INFO] 图像形状: (2160, 3840, 3)
2026-05-22 11:07:16 [INFO] 图像数据类型: uint8
2026-05-22 11:07:16 [INFO] 图像最大值: 255
2026-05-22 11:07:16 [INFO] 图像最小值: 0
2026-05-22 11:07:16 [INFO] 开始保存检测结果图像: 图像尺寸=(2160, 3840, 3), 类型=uint8, 路径=C:\code\show\Scrap_Steel_In_Field\photos\dangerous_det\detection_20260522_110716.jpg
2026-05-22 11:07:16 [INFO] 成功保存检测结果到: C:\code\show\Scrap_Steel_In_Field\photos\dangerous_det\detection_20260522_110716.jpg
2026-05-22 11:07:16 [INFO] 保存的检测结果文件大小: 2259684 字节
2026-05-22 11:07:16 [INFO] 引擎上下文已释放
2026-05-22 11:07:16 [INFO] TensorRT 引擎已释放
2026-05-22 11:07:16 [INFO] 全局 CUDA 资源已释放
2026-05-22 11:07:16 [INFO] 检测系统资源已释放
2026-05-22 11:07:21 [INFO] CUDA 初始化成功
2026-05-22 11:07:21 [INFO] 引擎加载成功: dangerous.engine
2026-05-22 11:07:21 [INFO] 检测系统初始化成功
2026-05-22 11:07:21 [INFO] 图像预处理完成，原始尺寸: (2160, 3840)
2026-05-22 11:07:21 [INFO] 开始执行目标检测...
2026-05-22 11:07:21 [INFO] 检测完成，找到 3 个物体
2026-05-22 11:07:21 [INFO] 物体 1: GasCyl1 (置信度: 0.84)
2026-05-22 11:07:21 [INFO] 物体 2: FireExt1 (置信度: 0.47)
2026-05-22 11:07:21 [INFO] 物体 3: GasCyl1 (置信度: 0.28)
2026-05-22 11:07:21 [INFO] 检测到车兜区域，将过滤区域外的目标
2026-05-22 11:07:21 [INFO] 准备保存检测结果到: C:\code\show\Scrap_Steel_In_Field\photos\dangerous_det\detection_20260522_110721.jpg
2026-05-22 11:07:21 [INFO] 图像形状: (2160, 3840, 3)
2026-05-22 11:07:21 [INFO] 图像数据类型: uint8
2026-05-22 11:07:21 [INFO] 图像最大值: 255
2026-05-22 11:07:21 [INFO] 图像最小值: 0
2026-05-22 11:07:21 [INFO] 开始保存检测结果图像: 图像尺寸=(2160, 3840, 3), 类型=uint8, 路径=C:\code\show\Scrap_Steel_In_Field\photos\dangerous_det\detection_20260522_110721.jpg
2026-05-22 11:07:21 [INFO] 成功保存检测结果到: C:\code\show\Scrap_Steel_In_Field\photos\dangerous_det\detection_20260522_110721.jpg
2026-05-22 11:07:21 [INFO] 保存的检测结果文件大小: 2257817 字节
2026-05-22 11:07:21 [INFO] 引擎上下文已释放
2026-05-22 11:07:21 [INFO] TensorRT 引擎已释放
2026-05-22 11:07:21 [INFO] 全局 CUDA 资源已释放
2026-05-22 11:07:21 [INFO] 检测系统资源已释放
2026-05-22 11:07:26 [INFO] CUDA 初始化成功
2026-05-22 11:07:26 [INFO] 引擎加载成功: dangerous.engine
2026-05-22 11:07:26 [INFO] 检测系统初始化成功
2026-05-22 11:07:26 [INFO] 图像预处理完成，原始尺寸: (2160, 3840)
2026-05-22 11:07:26 [INFO] 开始执行目标检测...
2026-05-22 11:07:26 [INFO] 检测完成，找到 3 个物体
2026-05-22 11:07:26 [INFO] 物体 1: GasCyl1 (置信度: 0.80)
2026-05-22 11:07:26 [INFO] 物体 2: FireExt1 (置信度: 0.50)
2026-05-22 11:07:26 [INFO] 物体 3: GasCyl1 (置信度: 0.26)
2026-05-22 11:07:26 [INFO] 检测到车兜区域，将过滤区域外的目标
2026-05-22 11:07:26 [INFO] 准备保存检测结果到: C:\code\show\Scrap_Steel_In_Field\photos\dangerous_det\detection_20260522_110726.jpg
2026-05-22 11:07:26 [INFO] 图像形状: (2160, 3840, 3)
2026-05-22 11:07:26 [INFO] 图像数据类型: uint8
2026-05-22 11:07:26 [INFO] 图像最大值: 255
2026-05-22 11:07:26 [INFO] 图像最小值: 0
2026-05-22 11:07:26 [INFO] 开始保存检测结果图像: 图像尺寸=(2160, 3840, 3), 类型=uint8, 路径=C:\code\show\Scrap_Steel_In_Field\photos\dangerous_det\detection_20260522_110726.jpg
2026-05-22 11:07:27 [INFO] 成功保存检测结果到: C:\code\show\Scrap_Steel_In_Field\photos\dangerous_det\detection_20260522_110726.jpg
2026-05-22 11:07:27 [INFO] 保存的检测结果文件大小: 2258689 字节
2026-05-22 11:07:27 [INFO] 引擎上下文已释放
2026-05-22 11:07:27 [INFO] TensorRT 引擎已释放
2026-05-22 11:07:27 [INFO] 全局 CUDA 资源已释放
2026-05-22 11:07:27 [INFO] 检测系统资源已释放
2026-05-22 11:07:31 [INFO] CUDA 初始化成功
2026-05-22 11:07:31 [INFO] 引擎加载成功: dangerous.engine
2026-05-22 11:07:31 [INFO] 检测系统初始化成功
2026-05-22 11:07:31 [INFO] 图像预处理完成，原始尺寸: (2160, 3840)
2026-05-22 11:07:31 [INFO] 开始执行目标检测...
2026-05-22 11:07:32 [INFO] 检测完成，找到 3 个物体
2026-05-22 11:07:32 [INFO] 物体 1: GasCyl1 (置信度: 0.84)
2026-05-22 11:07:32 [INFO] 物体 2: FireExt1 (置信度: 0.49)
2026-05-22 11:07:32 [INFO] 物体 3: GasCyl1 (置信度: 0.42)
2026-05-22 11:07:32 [INFO] 检测到车兜区域，将过滤区域外的目标
2026-05-22 11:07:32 [INFO] 准备保存检测结果到: C:\code\show\Scrap_Steel_In_Field\photos\dangerous_det\detection_20260522_110732.jpg
2026-05-22 11:07:32 [INFO] 图像形状: (2160, 3840, 3)
2026-05-22 11:07:32 [INFO] 图像数据类型: uint8
2026-05-22 11:07:32 [INFO] 图像最大值: 255
2026-05-22 11:07:32 [INFO] 图像最小值: 0
2026-05-22 11:07:32 [INFO] 开始保存检测结果图像: 图像尺寸=(2160, 3840, 3), 类型=uint8, 路径=C:\code\show\Scrap_Steel_In_Field\photos\dangerous_det\detection_20260522_110732.jpg
2026-05-22 11:07:32 [INFO] 成功保存检测结果到: C:\code\show\Scrap_Steel_In_Field\photos\dangerous_det\detection_20260522_110732.jpg
2026-05-22 11:07:32 [INFO] 保存的检测结果文件大小: 2256090 字节
2026-05-22 11:07:32 [INFO] 引擎上下文已释放
2026-05-22 11:07:32 [INFO] TensorRT 引擎已释放
2026-05-22 11:07:32 [INFO] 全局 CUDA 资源已释放
2026-05-22 11:07:32 [INFO] 检测系统资源已释放
2026-05-22 11:07:37 [INFO] CUDA 初始化成功
2026-05-22 11:07:37 [INFO] 引擎加载成功: dangerous.engine
2026-05-22 11:07:37 [INFO] 检测系统初始化成功
2026-05-22 11:07:37 [INFO] 图像预处理完成，原始尺寸: (2160, 3840)
2026-05-22 11:07:37 [INFO] 开始执行目标检测...
2026-05-22 11:07:37 [INFO] 检测完成，找到 3 个物体
2026-05-22 11:07:37 [INFO] 物体 1: GasCyl1 (置信度: 0.85)
2026-05-22 11:07:37 [INFO] 物体 2: FireExt1 (置信度: 0.49)
2026-05-22 11:07:37 [INFO] 物体 3: GasCyl1 (置信度: 0.36)
2026-05-22 11:07:37 [INFO] 检测到车兜区域，将过滤区域外的目标
2026-05-22 11:07:37 [INFO] 准备保存检测结果到: C:\code\show\Scrap_Steel_In_Field\photos\dangerous_det\detection_20260522_110737.jpg
2026-05-22 11:07:37 [INFO] 图像形状: (2160, 3840, 3)
2026-05-22 11:07:37 [INFO] 图像数据类型: uint8
2026-05-22 11:07:37 [INFO] 图像最大值: 255
2026-05-22 11:07:37 [INFO] 图像最小值: 0
2026-05-22 11:07:37 [INFO] 开始保存检测结果图像: 图像尺寸=(2160, 3840, 3), 类型=uint8, 路径=C:\code\show\Scrap_Steel_In_Field\photos\dangerous_det\detection_20260522_110737.jpg
2026-05-22 11:07:37 [INFO] 成功保存检测结果到: C:\code\show\Scrap_Steel_In_Field\photos\dangerous_det\detection_20260522_110737.jpg
2026-05-22 11:07:37 [INFO] 保存的检测结果文件大小: 2248293 字节
2026-05-22 11:07:37 [INFO] 引擎上下文已释放
2026-05-22 11:07:37 [INFO] TensorRT 引擎已释放
2026-05-22 11:07:37 [INFO] 全局 CUDA 资源已释放
2026-05-22 11:07:37 [INFO] 检测系统资源已释放
2026-05-22 11:07:42 [INFO] CUDA 初始化成功
2026-05-22 11:07:42 [INFO] 引擎加载成功: dangerous.engine
2026-05-22 11:07:42 [INFO] 检测系统初始化成功
2026-05-22 11:07:42 [INFO] 图像预处理完成，原始尺寸: (2160, 3840)
2026-05-22 11:07:42 [INFO] 开始执行目标检测...
2026-05-22 11:07:42 [INFO] 检测完成，找到 3 个物体
2026-05-22 11:07:42 [INFO] 物体 1: GasCyl1 (置信度: 0.84)
2026-05-22 11:07:42 [INFO] 物体 2: FireExt1 (置信度: 0.46)
2026-05-22 11:07:42 [INFO] 物体 3: GasCyl1 (置信度: 0.26)
2026-05-22 11:07:42 [INFO] 检测到车兜区域，将过滤区域外的目标
2026-05-22 11:07:42 [INFO] 准备保存检测结果到: C:\code\show\Scrap_Steel_In_Field\photos\dangerous_det\detection_20260522_110742.jpg
2026-05-22 11:07:42 [INFO] 图像形状: (2160, 3840, 3)
2026-05-22 11:07:42 [INFO] 图像数据类型: uint8
2026-05-22 11:07:42 [INFO] 图像最大值: 255
2026-05-22 11:07:42 [INFO] 图像最小值: 0
2026-05-22 11:07:42 [INFO] 开始保存检测结果图像: 图像尺寸=(2160, 3840, 3), 类型=uint8, 路径=C:\code\show\Scrap_Steel_In_Field\photos\dangerous_det\detection_20260522_110742.jpg
2026-05-22 11:07:42 [INFO] 成功保存检测结果到: C:\code\show\Scrap_Steel_In_Field\photos\dangerous_det\detection_20260522_110742.jpg
2026-05-22 11:07:42 [INFO] 保存的检测结果文件大小: 2201695 字节
2026-05-22 11:07:42 [INFO] 引擎上下文已释放
2026-05-22 11:07:42 [INFO] TensorRT 引擎已释放
2026-05-22 11:07:42 [INFO] 全局 CUDA 资源已释放
2026-05-22 11:07:42 [INFO] 检测系统资源已释放
2026-05-22 11:07:47 [INFO] CUDA 初始化成功
2026-05-22 11:07:47 [INFO] 引擎加载成功: dangerous.engine
2026-05-22 11:07:47 [INFO] 检测系统初始化成功
2026-05-22 11:07:47 [INFO] 图像预处理完成，原始尺寸: (2160, 3840)
2026-05-22 11:07:47 [INFO] 开始执行目标检测...
2026-05-22 11:07:47 [INFO] 检测完成，找到 3 个物体
2026-05-22 11:07:47 [INFO] 物体 1: GasCyl1 (置信度: 0.86)
2026-05-22 11:07:47 [INFO] 物体 2: FireExt1 (置信度: 0.52)
2026-05-22 11:07:47 [INFO] 物体 3: GasCyl1 (置信度: 0.33)
