2025-08-19 14:39:46 [INFO] CUDA 初始化成功
2025-08-19 14:39:46 [INFO] 引擎加载成功: dangerous.engine
2025-08-19 14:39:46 [INFO] 检测系统初始化成功
2025-08-19 14:39:46 [INFO] 图像预处理完成，原始尺寸: (2160, 3840)
2025-08-19 14:39:46 [INFO] 开始执行目标检测...
2025-08-19 14:39:46 [INFO] 检测完成，找到 4 个物体
2025-08-19 14:39:46 [INFO] 物体 1: GasCyl1 (置信度: 0.74)
2025-08-19 14:39:46 [INFO] 物体 2: GasCyl1 (置信度: 0.70)
2025-08-19 14:39:46 [INFO] 物体 3: GasCyl1 (置信度: 0.48)
2025-08-19 14:39:46 [INFO] 物体 4: FireExt1 (置信度: 0.43)
2025-08-19 14:39:46 [INFO] 准备保存检测结果到: C:\Users\diaoqingguang\Scrap_steel_system\Scrap_Steel_In_Field\photos\dangerous_det\detection_20250819_143946.jpg
2025-08-19 14:39:46 [INFO] 图像形状: (2160, 3840, 3)
2025-08-19 14:39:46 [INFO] 图像数据类型: uint8
2025-08-19 14:39:46 [INFO] 图像最大值: 255
2025-08-19 14:39:46 [INFO] 图像最小值: 0
2025-08-19 14:39:46 [INFO] 开始保存检测结果图像: 图像尺寸=(2160, 3840, 3), 类型=uint8, 路径=C:\Users\diaoqingguang\Scrap_steel_system\Scrap_Steel_In_Field\photos\dangerous_det\detection_20250819_143946.jpg
2025-08-19 14:39:46 [INFO] 成功保存检测结果到: C:\Users\diaoqingguang\Scrap_steel_system\Scrap_Steel_In_Field\photos\dangerous_det\detection_20250819_143946.jpg
2025-08-19 14:39:46 [INFO] 保存的检测结果文件大小: 2042796 字节
2025-08-19 14:39:46 [INFO] 引擎上下文已释放
2025-08-19 14:39:46 [INFO] TensorRT 引擎已释放
2025-08-19 14:39:46 [INFO] 全局 CUDA 资源已释放
2025-08-19 14:39:46 [INFO] 检测系统资源已释放
2025-08-19 14:43:47 [INFO] CUDA 初始化成功
2025-08-19 14:43:47 [INFO] 引擎加载成功: dangerous.engine
2025-08-19 14:43:47 [INFO] 检测系统初始化成功
2025-08-19 14:43:48 [INFO] 图像预处理完成，原始尺寸: (2160, 3840)
2025-08-19 14:43:48 [INFO] 开始执行目标检测...
2025-08-19 14:43:48 [INFO] 检测完成，找到 5 个物体
2025-08-19 14:43:48 [INFO] 物体 1: GasCyl1 (置信度: 0.75)
2025-08-19 14:43:48 [INFO] 物体 2: GasCyl1 (置信度: 0.59)
2025-08-19 14:43:48 [INFO] 物体 3: GasCyl1 (置信度: 0.53)
2025-08-19 14:43:48 [INFO] 物体 4: FireExt1 (置信度: 0.52)
2025-08-19 14:43:48 [INFO] 物体 5: FireExt2 (置信度: 0.28)
2025-08-19 14:43:48 [INFO] 准备保存检测结果到: C:\Users\diaoqingguang\Scrap_steel_system\Scrap_Steel_In_Field\photos\dangerous_det\detection_20250819_144348.jpg
2025-08-19 14:43:48 [INFO] 图像形状: (2160, 3840, 3)
2025-08-19 14:43:48 [INFO] 图像数据类型: uint8
2025-08-19 14:43:48 [INFO] 图像最大值: 255
2025-08-19 14:43:48 [INFO] 图像最小值: 0
2025-08-19 14:43:48 [INFO] 开始保存检测结果图像: 图像尺寸=(2160, 3840, 3), 类型=uint8, 路径=C:\Users\diaoqingguang\Scrap_steel_system\Scrap_Steel_In_Field\photos\dangerous_det\detection_20250819_144348.jpg
2025-08-19 14:43:48 [INFO] 成功保存检测结果到: C:\Users\diaoqingguang\Scrap_steel_system\Scrap_Steel_In_Field\photos\dangerous_det\detection_20250819_144348.jpg
2025-08-19 14:43:48 [INFO] 保存的检测结果文件大小: 2140929 字节
2025-08-19 14:43:48 [INFO] 引擎上下文已释放
2025-08-19 14:43:48 [INFO] TensorRT 引擎已释放
2025-08-19 14:43:48 [INFO] 全局 CUDA 资源已释放
2025-08-19 14:43:48 [INFO] 检测系统资源已释放
2025-08-19 14:46:09 [INFO] CUDA 初始化成功
2025-08-19 14:46:09 [INFO] 引擎加载成功: dangerous.engine
2025-08-19 14:46:09 [INFO] 检测系统初始化成功
2025-08-19 14:46:09 [INFO] 图像预处理完成，原始尺寸: (2160, 3840)
2025-08-19 14:46:09 [INFO] 开始执行目标检测...
2025-08-19 14:46:09 [INFO] 检测完成，找到 4 个物体
2025-08-19 14:46:09 [INFO] 物体 1: GasCyl1 (置信度: 0.78)
2025-08-19 14:46:09 [INFO] 物体 2: GasCyl1 (置信度: 0.76)
2025-08-19 14:46:09 [INFO] 物体 3: FireExt1 (置信度: 0.48)
2025-08-19 14:46:09 [INFO] 物体 4: GasCyl1 (置信度: 0.47)
2025-08-19 14:46:09 [INFO] 准备保存检测结果到: C:\Users\diaoqingguang\Scrap_steel_system\Scrap_Steel_In_Field\photos\dangerous_det\detection_20250819_144609.jpg
2025-08-19 14:46:09 [INFO] 图像形状: (2160, 3840, 3)
2025-08-19 14:46:09 [INFO] 图像数据类型: uint8
2025-08-19 14:46:09 [INFO] 图像最大值: 255
2025-08-19 14:46:09 [INFO] 图像最小值: 0
2025-08-19 14:46:09 [INFO] 开始保存检测结果图像: 图像尺寸=(2160, 3840, 3), 类型=uint8, 路径=C:\Users\diaoqingguang\Scrap_steel_system\Scrap_Steel_In_Field\photos\dangerous_det\detection_20250819_144609.jpg
2025-08-19 14:46:09 [INFO] 成功保存检测结果到: C:\Users\diaoqingguang\Scrap_steel_system\Scrap_Steel_In_Field\photos\dangerous_det\detection_20250819_144609.jpg
2025-08-19 14:46:09 [INFO] 保存的检测结果文件大小: 2083913 字节
2025-08-19 14:46:09 [INFO] 引擎上下文已释放
2025-08-19 14:46:09 [INFO] TensorRT 引擎已释放
2025-08-19 14:46:09 [INFO] 全局 CUDA 资源已释放
2025-08-19 14:46:09 [INFO] 检测系统资源已释放
