2026-06-04 18:26:39 [INFO] CUDA 初始化成功
2026-06-04 18:26:39 [INFO] 引擎加载成功: dangerous.engine
2026-06-04 18:26:39 [INFO] 检测系统初始化成功
2026-06-04 18:26:42 [INFO] 引擎加载成功: dangerous.engine
2026-06-04 18:26:42 [INFO] 检测系统初始化成功
2026-06-04 18:26:42 [INFO] 图像预处理完成，原始尺寸: (2160, 3840)
2026-06-04 18:26:42 [INFO] 开始执行目标检测...
2026-06-04 18:26:42 [INFO] 检测完成，找到 0 个物体
2026-06-04 18:26:42 [INFO] 引擎上下文已释放
2026-06-04 18:26:42 [INFO] TensorRT 引擎已释放
2026-06-04 18:26:42 [INFO] 全局 CUDA 资源已释放
2026-06-04 18:26:42 [INFO] 检测系统资源已释放
2026-06-04 18:26:47 [INFO] CUDA 初始化成功
2026-06-04 18:26:47 [INFO] 引擎加载成功: dangerous.engine
2026-06-04 18:26:47 [INFO] 检测系统初始化成功
2026-06-04 18:26:47 [INFO] 图像预处理完成，原始尺寸: (2160, 3840)
2026-06-04 18:26:47 [INFO] 开始执行目标检测...
2026-06-04 18:26:47 [INFO] 检测完成，找到 2 个物体
2026-06-04 18:26:47 [INFO] 物体 1: GasCyl1 (置信度: 0.89)
2026-06-04 18:26:47 [INFO] 物体 2: GasCyl1 (置信度: 0.81)
2026-06-04 18:26:47 [INFO] 准备保存检测结果到: C:\code\show\Scrap_Steel_In_Field\photos\dangerous_det\detection_20260604_182647.jpg
2026-06-04 18:26:47 [INFO] 图像形状: (2160, 3840, 3)
2026-06-04 18:26:47 [INFO] 图像数据类型: uint8
2026-06-04 18:26:47 [INFO] 图像最大值: 255
2026-06-04 18:26:47 [INFO] 图像最小值: 0
2026-06-04 18:26:47 [INFO] 开始保存检测结果图像: 图像尺寸=(2160, 3840, 3), 类型=uint8, 路径=C:\code\show\Scrap_Steel_In_Field\photos\dangerous_det\detection_20260604_182647.jpg
2026-06-04 18:26:47 [INFO] 成功保存检测结果到: C:\code\show\Scrap_Steel_In_Field\photos\dangerous_det\detection_20260604_182647.jpg
2026-06-04 18:26:47 [INFO] 保存的检测结果文件大小: 1919654 字节
2026-06-04 18:26:47 [INFO] 引擎上下文已释放
2026-06-04 18:26:47 [INFO] TensorRT 引擎已释放
2026-06-04 18:26:47 [INFO] 全局 CUDA 资源已释放
2026-06-04 18:26:47 [INFO] 检测系统资源已释放
2026-06-04 18:26:52 [INFO] CUDA 初始化成功
2026-06-04 18:26:52 [INFO] 引擎加载成功: dangerous.engine
2026-06-04 18:26:52 [INFO] 检测系统初始化成功
2026-06-04 18:26:52 [INFO] 图像预处理完成，原始尺寸: (2160, 3840)
2026-06-04 18:26:52 [INFO] 开始执行目标检测...
2026-06-04 18:26:52 [INFO] 检测完成，找到 2 个物体
2026-06-04 18:26:52 [INFO] 物体 1: GasCyl1 (置信度: 0.90)
2026-06-04 18:26:52 [INFO] 物体 2: GasCyl1 (置信度: 0.77)
2026-06-04 18:26:52 [INFO] 准备保存检测结果到: C:\code\show\Scrap_Steel_In_Field\photos\dangerous_det\detection_20260604_182652.jpg
2026-06-04 18:26:52 [INFO] 图像形状: (2160, 3840, 3)
2026-06-04 18:26:52 [INFO] 图像数据类型: uint8
2026-06-04 18:26:52 [INFO] 图像最大值: 255
2026-06-04 18:26:52 [INFO] 图像最小值: 0
2026-06-04 18:26:52 [INFO] 开始保存检测结果图像: 图像尺寸=(2160, 3840, 3), 类型=uint8, 路径=C:\code\show\Scrap_Steel_In_Field\photos\dangerous_det\detection_20260604_182652.jpg
2026-06-04 18:26:52 [INFO] 成功保存检测结果到: C:\code\show\Scrap_Steel_In_Field\photos\dangerous_det\detection_20260604_182652.jpg
2026-06-04 18:26:52 [INFO] 保存的检测结果文件大小: 1926817 字节
2026-06-04 18:26:52 [INFO] 引擎上下文已释放
2026-06-04 18:26:52 [INFO] TensorRT 引擎已释放
2026-06-04 18:26:52 [INFO] 全局 CUDA 资源已释放
2026-06-04 18:26:52 [INFO] 检测系统资源已释放
2026-06-04 18:27:00 [INFO] CUDA 初始化成功
2026-06-04 18:27:00 [INFO] 引擎加载成功: dangerous.engine
2026-06-04 18:27:00 [INFO] 检测系统初始化成功
2026-06-04 18:27:00 [INFO] 图像预处理完成，原始尺寸: (2160, 3840)
2026-06-04 18:27:00 [INFO] 开始执行目标检测...
2026-06-04 18:27:00 [INFO] 检测完成，找到 2 个物体
2026-06-04 18:27:00 [INFO] 物体 1: GasCyl1 (置信度: 0.89)
2026-06-04 18:27:00 [INFO] 物体 2: GasCyl1 (置信度: 0.72)
2026-06-04 18:27:00 [INFO] 准备保存检测结果到: C:\code\show\Scrap_Steel_In_Field\photos\dangerous_det\detection_20260604_182700.jpg
2026-06-04 18:27:00 [INFO] 图像形状: (2160, 3840, 3)
2026-06-04 18:27:00 [INFO] 图像数据类型: uint8
2026-06-04 18:27:00 [INFO] 图像最大值: 255
2026-06-04 18:27:00 [INFO] 图像最小值: 0
2026-06-04 18:27:00 [INFO] 开始保存检测结果图像: 图像尺寸=(2160, 3840, 3), 类型=uint8, 路径=C:\code\show\Scrap_Steel_In_Field\photos\dangerous_det\detection_20260604_182700.jpg
2026-06-04 18:27:00 [INFO] 成功保存检测结果到: C:\code\show\Scrap_Steel_In_Field\photos\dangerous_det\detection_20260604_182700.jpg
2026-06-04 18:27:00 [INFO] 保存的检测结果文件大小: 1921771 字节
2026-06-04 18:27:00 [INFO] 引擎上下文已释放
2026-06-04 18:27:00 [INFO] TensorRT 引擎已释放
2026-06-04 18:27:00 [INFO] 全局 CUDA 资源已释放
2026-06-04 18:27:00 [INFO] 检测系统资源已释放
2026-06-04 18:27:04 [INFO] CUDA 初始化成功
2026-06-04 18:27:04 [INFO] 引擎加载成功: dangerous.engine
2026-06-04 18:27:04 [INFO] 检测系统初始化成功
2026-06-04 18:27:04 [INFO] 图像预处理完成，原始尺寸: (2160, 3840)
2026-06-04 18:27:04 [INFO] 开始执行目标检测...
2026-06-04 18:27:04 [INFO] 检测完成，找到 2 个物体
2026-06-04 18:27:04 [INFO] 物体 1: GasCyl1 (置信度: 0.90)
2026-06-04 18:27:04 [INFO] 物体 2: GasCyl1 (置信度: 0.75)
2026-06-04 18:27:04 [INFO] 准备保存检测结果到: C:\code\show\Scrap_Steel_In_Field\photos\dangerous_det\detection_20260604_182704.jpg
2026-06-04 18:27:04 [INFO] 图像形状: (2160, 3840, 3)
2026-06-04 18:27:04 [INFO] 图像数据类型: uint8
2026-06-04 18:27:04 [INFO] 图像最大值: 255
2026-06-04 18:27:04 [INFO] 图像最小值: 0
2026-06-04 18:27:04 [INFO] 开始保存检测结果图像: 图像尺寸=(2160, 3840, 3), 类型=uint8, 路径=C:\code\show\Scrap_Steel_In_Field\photos\dangerous_det\detection_20260604_182704.jpg
2026-06-04 18:27:04 [INFO] 成功保存检测结果到: C:\code\show\Scrap_Steel_In_Field\photos\dangerous_det\detection_20260604_182704.jpg
2026-06-04 18:27:04 [INFO] 保存的检测结果文件大小: 1940139 字节
2026-06-04 18:27:04 [INFO] 引擎上下文已释放
2026-06-04 18:27:04 [INFO] TensorRT 引擎已释放
2026-06-04 18:27:04 [INFO] 全局 CUDA 资源已释放
2026-06-04 18:27:04 [INFO] 检测系统资源已释放
2026-06-04 18:27:09 [INFO] CUDA 初始化成功
2026-06-04 18:27:09 [INFO] 引擎加载成功: dangerous.engine
2026-06-04 18:27:09 [INFO] 检测系统初始化成功
2026-06-04 18:27:09 [INFO] 图像预处理完成，原始尺寸: (2160, 3840)
2026-06-04 18:27:09 [INFO] 开始执行目标检测...
2026-06-04 18:27:09 [INFO] 检测完成，找到 2 个物体
2026-06-04 18:27:09 [INFO] 物体 1: GasCyl1 (置信度: 0.90)
2026-06-04 18:27:09 [INFO] 物体 2: GasCyl1 (置信度: 0.77)
2026-06-04 18:27:09 [INFO] 准备保存检测结果到: C:\code\show\Scrap_Steel_In_Field\photos\dangerous_det\detection_20260604_182709.jpg
2026-06-04 18:27:09 [INFO] 图像形状: (2160, 3840, 3)
2026-06-04 18:27:09 [INFO] 图像数据类型: uint8
2026-06-04 18:27:09 [INFO] 图像最大值: 255
2026-06-04 18:27:09 [INFO] 图像最小值: 0
2026-06-04 18:27:09 [INFO] 开始保存检测结果图像: 图像尺寸=(2160, 3840, 3), 类型=uint8, 路径=C:\code\show\Scrap_Steel_In_Field\photos\dangerous_det\detection_20260604_182709.jpg
2026-06-04 18:27:09 [INFO] 成功保存检测结果到: C:\code\show\Scrap_Steel_In_Field\photos\dangerous_det\detection_20260604_182709.jpg
2026-06-04 18:27:09 [INFO] 保存的检测结果文件大小: 1938250 字节
2026-06-04 18:27:09 [INFO] 引擎上下文已释放
2026-06-04 18:27:09 [INFO] TensorRT 引擎已释放
2026-06-04 18:27:09 [INFO] 全局 CUDA 资源已释放
2026-06-04 18:27:09 [INFO] 检测系统资源已释放
2026-06-04 18:27:14 [INFO] CUDA 初始化成功
2026-06-04 18:27:14 [INFO] 引擎加载成功: dangerous.engine
2026-06-04 18:27:14 [INFO] 检测系统初始化成功
2026-06-04 18:27:14 [INFO] 图像预处理完成，原始尺寸: (2160, 3840)
2026-06-04 18:27:14 [INFO] 开始执行目标检测...
2026-06-04 18:27:14 [INFO] 检测完成，找到 2 个物体
2026-06-04 18:27:14 [INFO] 物体 1: GasCyl1 (置信度: 0.90)
2026-06-04 18:27:14 [INFO] 物体 2: GasCyl1 (置信度: 0.80)
2026-06-04 18:27:14 [INFO] 准备保存检测结果到: C:\code\show\Scrap_Steel_In_Field\photos\dangerous_det\detection_20260604_182714.jpg
2026-06-04 18:27:14 [INFO] 图像形状: (2160, 3840, 3)
2026-06-04 18:27:14 [INFO] 图像数据类型: uint8
2026-06-04 18:27:14 [INFO] 图像最大值: 255
2026-06-04 18:27:14 [INFO] 图像最小值: 0
2026-06-04 18:27:14 [INFO] 开始保存检测结果图像: 图像尺寸=(2160, 3840, 3), 类型=uint8, 路径=C:\code\show\Scrap_Steel_In_Field\photos\dangerous_det\detection_20260604_182714.jpg
2026-06-04 18:27:14 [INFO] 成功保存检测结果到: C:\code\show\Scrap_Steel_In_Field\photos\dangerous_det\detection_20260604_182714.jpg
2026-06-04 18:27:14 [INFO] 保存的检测结果文件大小: 1942504 字节
2026-06-04 18:27:14 [INFO] 引擎上下文已释放
2026-06-04 18:27:14 [INFO] TensorRT 引擎已释放
2026-06-04 18:27:14 [INFO] 全局 CUDA 资源已释放
2026-06-04 18:27:14 [INFO] 检测系统资源已释放
2026-06-04 18:27:19 [INFO] CUDA 初始化成功
2026-06-04 18:27:19 [INFO] 引擎加载成功: dangerous.engine
2026-06-04 18:27:19 [INFO] 检测系统初始化成功
2026-06-04 18:27:19 [INFO] 图像预处理完成，原始尺寸: (2160, 3840)
2026-06-04 18:27:19 [INFO] 开始执行目标检测...
2026-06-04 18:27:19 [INFO] 检测完成，找到 2 个物体
2026-06-04 18:27:19 [INFO] 物体 1: GasCyl1 (置信度: 0.89)
2026-06-04 18:27:19 [INFO] 物体 2: GasCyl1 (置信度: 0.74)
2026-06-04 18:27:19 [INFO] 准备保存检测结果到: C:\code\show\Scrap_Steel_In_Field\photos\dangerous_det\detection_20260604_182719.jpg
2026-06-04 18:27:19 [INFO] 图像形状: (2160, 3840, 3)
2026-06-04 18:27:19 [INFO] 图像数据类型: uint8
2026-06-04 18:27:19 [INFO] 图像最大值: 255
2026-06-04 18:27:19 [INFO] 图像最小值: 0
2026-06-04 18:27:19 [INFO] 开始保存检测结果图像: 图像尺寸=(2160, 3840, 3), 类型=uint8, 路径=C:\code\show\Scrap_Steel_In_Field\photos\dangerous_det\detection_20260604_182719.jpg
2026-06-04 18:27:19 [INFO] 成功保存检测结果到: C:\code\show\Scrap_Steel_In_Field\photos\dangerous_det\detection_20260604_182719.jpg
2026-06-04 18:27:19 [INFO] 保存的检测结果文件大小: 1942500 字节
2026-06-04 18:27:19 [INFO] 引擎上下文已释放
2026-06-04 18:27:19 [INFO] TensorRT 引擎已释放
2026-06-04 18:27:19 [INFO] 全局 CUDA 资源已释放
2026-06-04 18:27:19 [INFO] 检测系统资源已释放
2026-06-04 18:27:24 [INFO] CUDA 初始化成功
2026-06-04 18:27:24 [INFO] 引擎加载成功: dangerous.engine
2026-06-04 18:27:24 [INFO] 检测系统初始化成功
2026-06-04 18:27:24 [INFO] 图像预处理完成，原始尺寸: (2160, 3840)
2026-06-04 18:27:24 [INFO] 开始执行目标检测...
2026-06-04 18:27:24 [INFO] 检测完成，找到 2 个物体
2026-06-04 18:27:24 [INFO] 物体 1: GasCyl1 (置信度: 0.89)
2026-06-04 18:27:24 [INFO] 物体 2: GasCyl1 (置信度: 0.74)
2026-06-04 18:27:24 [INFO] 准备保存检测结果到: C:\code\show\Scrap_Steel_In_Field\photos\dangerous_det\detection_20260604_182724.jpg
2026-06-04 18:27:24 [INFO] 图像形状: (2160, 3840, 3)
2026-06-04 18:27:24 [INFO] 图像数据类型: uint8
2026-06-04 18:27:24 [INFO] 图像最大值: 255
2026-06-04 18:27:24 [INFO] 图像最小值: 0
2026-06-04 18:27:24 [INFO] 开始保存检测结果图像: 图像尺寸=(2160, 3840, 3), 类型=uint8, 路径=C:\code\show\Scrap_Steel_In_Field\photos\dangerous_det\detection_20260604_182724.jpg
2026-06-04 18:27:25 [INFO] 成功保存检测结果到: C:\code\show\Scrap_Steel_In_Field\photos\dangerous_det\detection_20260604_182724.jpg
2026-06-04 18:27:25 [INFO] 保存的检测结果文件大小: 1941774 字节
2026-06-04 18:27:25 [INFO] 引擎上下文已释放
2026-06-04 18:27:25 [INFO] TensorRT 引擎已释放
2026-06-04 18:27:25 [INFO] 全局 CUDA 资源已释放
2026-06-04 18:27:25 [INFO] 检测系统资源已释放
2026-06-04 18:27:29 [INFO] CUDA 初始化成功
2026-06-04 18:27:29 [INFO] 引擎加载成功: dangerous.engine
2026-06-04 18:27:29 [INFO] 检测系统初始化成功
2026-06-04 18:27:29 [INFO] 图像预处理完成，原始尺寸: (2160, 3840)
2026-06-04 18:27:29 [INFO] 开始执行目标检测...
2026-06-04 18:27:30 [INFO] 检测完成，找到 2 个物体
2026-06-04 18:27:30 [INFO] 物体 1: GasCyl1 (置信度: 0.90)
2026-06-04 18:27:30 [INFO] 物体 2: GasCyl1 (置信度: 0.76)
2026-06-04 18:27:30 [INFO] 准备保存检测结果到: C:\code\show\Scrap_Steel_In_Field\photos\dangerous_det\detection_20260604_182730.jpg
2026-06-04 18:27:30 [INFO] 图像形状: (2160, 3840, 3)
2026-06-04 18:27:30 [INFO] 图像数据类型: uint8
2026-06-04 18:27:30 [INFO] 图像最大值: 255
2026-06-04 18:27:30 [INFO] 图像最小值: 0
2026-06-04 18:27:30 [INFO] 开始保存检测结果图像: 图像尺寸=(2160, 3840, 3), 类型=uint8, 路径=C:\code\show\Scrap_Steel_In_Field\photos\dangerous_det\detection_20260604_182730.jpg
2026-06-04 18:27:30 [INFO] 成功保存检测结果到: C:\code\show\Scrap_Steel_In_Field\photos\dangerous_det\detection_20260604_182730.jpg
2026-06-04 18:27:30 [INFO] 保存的检测结果文件大小: 1942053 字节
2026-06-04 18:27:30 [INFO] 引擎上下文已释放
2026-06-04 18:27:30 [INFO] TensorRT 引擎已释放
2026-06-04 18:27:30 [INFO] 全局 CUDA 资源已释放
2026-06-04 18:27:30 [INFO] 检测系统资源已释放
2026-06-04 18:27:34 [INFO] CUDA 初始化成功
2026-06-04 18:27:35 [INFO] 引擎加载成功: dangerous.engine
2026-06-04 18:27:35 [INFO] 检测系统初始化成功
2026-06-04 18:27:35 [INFO] 图像预处理完成，原始尺寸: (2160, 3840)
2026-06-04 18:27:35 [INFO] 开始执行目标检测...
2026-06-04 18:27:35 [INFO] 检测完成，找到 3 个物体
2026-06-04 18:27:35 [INFO] 物体 1: GasCyl1 (置信度: 0.90)
2026-06-04 18:27:35 [INFO] 物体 2: GasCyl1 (置信度: 0.76)
2026-06-04 18:27:35 [INFO] 物体 3: GasCyl1 (置信度: 0.38)
2026-06-04 18:27:35 [INFO] 准备保存检测结果到: C:\code\show\Scrap_Steel_In_Field\photos\dangerous_det\detection_20260604_182735.jpg
2026-06-04 18:27:35 [INFO] 图像形状: (2160, 3840, 3)
2026-06-04 18:27:35 [INFO] 图像数据类型: uint8
2026-06-04 18:27:35 [INFO] 图像最大值: 255
2026-06-04 18:27:35 [INFO] 图像最小值: 0
2026-06-04 18:27:35 [INFO] 开始保存检测结果图像: 图像尺寸=(2160, 3840, 3), 类型=uint8, 路径=C:\code\show\Scrap_Steel_In_Field\photos\dangerous_det\detection_20260604_182735.jpg
2026-06-04 18:27:35 [INFO] 成功保存检测结果到: C:\code\show\Scrap_Steel_In_Field\photos\dangerous_det\detection_20260604_182735.jpg
2026-06-04 18:27:35 [INFO] 保存的检测结果文件大小: 1944501 字节
2026-06-04 18:27:35 [INFO] 引擎上下文已释放
2026-06-04 18:27:35 [INFO] TensorRT 引擎已释放
2026-06-04 18:27:35 [INFO] 全局 CUDA 资源已释放
2026-06-04 18:27:35 [INFO] 检测系统资源已释放
2026-06-04 18:27:40 [INFO] CUDA 初始化成功
2026-06-04 18:27:40 [INFO] 引擎加载成功: dangerous.engine
2026-06-04 18:27:40 [INFO] 检测系统初始化成功
2026-06-04 18:27:40 [INFO] 图像预处理完成，原始尺寸: (2160, 3840)
2026-06-04 18:27:40 [INFO] 开始执行目标检测...
2026-06-04 18:27:40 [INFO] 检测完成，找到 3 个物体
2026-06-04 18:27:40 [INFO] 物体 1: GasCyl1 (置信度: 0.90)
2026-06-04 18:27:40 [INFO] 物体 2: GasCyl1 (置信度: 0.75)
2026-06-04 18:27:40 [INFO] 物体 3: GasCyl1 (置信度: 0.37)
2026-06-04 18:27:40 [INFO] 准备保存检测结果到: C:\code\show\Scrap_Steel_In_Field\photos\dangerous_det\detection_20260604_182740.jpg
2026-06-04 18:27:40 [INFO] 图像形状: (2160, 3840, 3)
2026-06-04 18:27:40 [INFO] 图像数据类型: uint8
2026-06-04 18:27:40 [INFO] 图像最大值: 255
2026-06-04 18:27:40 [INFO] 图像最小值: 0
2026-06-04 18:27:40 [INFO] 开始保存检测结果图像: 图像尺寸=(2160, 3840, 3), 类型=uint8, 路径=C:\code\show\Scrap_Steel_In_Field\photos\dangerous_det\detection_20260604_182740.jpg
2026-06-04 18:27:40 [INFO] 成功保存检测结果到: C:\code\show\Scrap_Steel_In_Field\photos\dangerous_det\detection_20260604_182740.jpg
2026-06-04 18:27:40 [INFO] 保存的检测结果文件大小: 1945855 字节
2026-06-04 18:27:40 [INFO] 引擎上下文已释放
2026-06-04 18:27:40 [INFO] TensorRT 引擎已释放
2026-06-04 18:27:40 [INFO] 全局 CUDA 资源已释放
2026-06-04 18:27:40 [INFO] 检测系统资源已释放
2026-06-04 18:27:45 [INFO] CUDA 初始化成功
2026-06-04 18:27:45 [INFO] 引擎加载成功: dangerous.engine
2026-06-04 18:27:45 [INFO] 检测系统初始化成功
2026-06-04 18:27:45 [INFO] 图像预处理完成，原始尺寸: (2160, 3840)
2026-06-04 18:27:45 [INFO] 开始执行目标检测...
2026-06-04 18:27:45 [INFO] 检测完成，找到 2 个物体
2026-06-04 18:27:45 [INFO] 物体 1: GasCyl1 (置信度: 0.89)
2026-06-04 18:27:45 [INFO] 物体 2: GasCyl1 (置信度: 0.78)
2026-06-04 18:27:45 [INFO] 准备保存检测结果到: C:\code\show\Scrap_Steel_In_Field\photos\dangerous_det\detection_20260604_182745.jpg
2026-06-04 18:27:45 [INFO] 图像形状: (2160, 3840, 3)
2026-06-04 18:27:45 [INFO] 图像数据类型: uint8
2026-06-04 18:27:45 [INFO] 图像最大值: 255
2026-06-04 18:27:45 [INFO] 图像最小值: 0
2026-06-04 18:27:45 [INFO] 开始保存检测结果图像: 图像尺寸=(2160, 3840, 3), 类型=uint8, 路径=C:\code\show\Scrap_Steel_In_Field\photos\dangerous_det\detection_20260604_182745.jpg
2026-06-04 18:27:45 [INFO] 成功保存检测结果到: C:\code\show\Scrap_Steel_In_Field\photos\dangerous_det\detection_20260604_182745.jpg
2026-06-04 18:27:45 [INFO] 保存的检测结果文件大小: 1941006 字节
2026-06-04 18:27:45 [INFO] 引擎上下文已释放
2026-06-04 18:27:45 [INFO] TensorRT 引擎已释放
2026-06-04 18:27:45 [INFO] 全局 CUDA 资源已释放
2026-06-04 18:27:45 [INFO] 检测系统资源已释放
2026-06-04 18:27:50 [INFO] CUDA 初始化成功
2026-06-04 18:27:50 [INFO] 引擎加载成功: dangerous.engine
2026-06-04 18:27:50 [INFO] 检测系统初始化成功
2026-06-04 18:27:50 [INFO] 图像预处理完成，原始尺寸: (2160, 3840)
2026-06-04 18:27:50 [INFO] 开始执行目标检测...
2026-06-04 18:27:50 [INFO] 检测完成，找到 3 个物体
2026-06-04 18:27:50 [INFO] 物体 1: GasCyl1 (置信度: 0.90)
2026-06-04 18:27:50 [INFO] 物体 2: GasCyl1 (置信度: 0.81)
2026-06-04 18:27:50 [INFO] 物体 3: GasCyl1 (置信度: 0.39)
2026-06-04 18:27:50 [INFO] 准备保存检测结果到: C:\code\show\Scrap_Steel_In_Field\photos\dangerous_det\detection_20260604_182750.jpg
2026-06-04 18:27:50 [INFO] 图像形状: (2160, 3840, 3)
2026-06-04 18:27:50 [INFO] 图像数据类型: uint8
2026-06-04 18:27:50 [INFO] 图像最大值: 255
2026-06-04 18:27:50 [INFO] 图像最小值: 0
2026-06-04 18:27:50 [INFO] 开始保存检测结果图像: 图像尺寸=(2160, 3840, 3), 类型=uint8, 路径=C:\code\show\Scrap_Steel_In_Field\photos\dangerous_det\detection_20260604_182750.jpg
2026-06-04 18:27:50 [INFO] 成功保存检测结果到: C:\code\show\Scrap_Steel_In_Field\photos\dangerous_det\detection_20260604_182750.jpg
2026-06-04 18:27:50 [INFO] 保存的检测结果文件大小: 1937139 字节
2026-06-04 18:27:50 [INFO] 引擎上下文已释放
2026-06-04 18:27:50 [INFO] TensorRT 引擎已释放
2026-06-04 18:27:50 [INFO] 全局 CUDA 资源已释放
2026-06-04 18:27:50 [INFO] 检测系统资源已释放
