2026-06-05 10:35:55 [INFO] CUDA 初始化成功
2026-06-05 10:35:55 [INFO] 引擎加载成功: dangerous.engine
2026-06-05 10:35:55 [INFO] 检测系统初始化成功
2026-06-05 10:35:58 [INFO] 引擎加载成功: dangerous.engine
2026-06-05 10:35:58 [INFO] 检测系统初始化成功
2026-06-05 10:35:58 [INFO] 图像预处理完成，原始尺寸: (2160, 3840)
2026-06-05 10:35:58 [INFO] 开始执行目标检测...
2026-06-05 10:35:58 [INFO] 检测完成，找到 0 个物体
2026-06-05 10:35:58 [INFO] 检测到车兜区域，将过滤区域外的目标
2026-06-05 10:35:58 [INFO] 引擎上下文已释放
2026-06-05 10:35:58 [INFO] TensorRT 引擎已释放
2026-06-05 10:35:58 [INFO] 全局 CUDA 资源已释放
2026-06-05 10:35:58 [INFO] 检测系统资源已释放
2026-06-05 10:36:03 [INFO] CUDA 初始化成功
2026-06-05 10:36:03 [INFO] 引擎加载成功: dangerous.engine
2026-06-05 10:36:03 [INFO] 检测系统初始化成功
2026-06-05 10:36:03 [INFO] 图像预处理完成，原始尺寸: (2160, 3840)
2026-06-05 10:36:03 [INFO] 开始执行目标检测...
2026-06-05 10:36:03 [INFO] 检测完成，找到 3 个物体
2026-06-05 10:36:03 [INFO] 物体 1: GasCyl1 (置信度: 0.90)
2026-06-05 10:36:03 [INFO] 物体 2: GasCyl1 (置信度: 0.77)
2026-06-05 10:36:03 [INFO] 物体 3: GasCyl1 (置信度: 0.65)
2026-06-05 10:36:03 [INFO] 检测到车兜区域，将过滤区域外的目标
2026-06-05 10:36:03 [INFO] 准备保存检测结果到: C:\code\show\Scrap_Steel_In_Field\photos\dangerous_det\detection_20260605_103603.jpg
2026-06-05 10:36:03 [INFO] 图像形状: (2160, 3840, 3)
2026-06-05 10:36:03 [INFO] 图像数据类型: uint8
2026-06-05 10:36:03 [INFO] 图像最大值: 255
2026-06-05 10:36:03 [INFO] 图像最小值: 0
2026-06-05 10:36:03 [INFO] 开始保存检测结果图像: 图像尺寸=(2160, 3840, 3), 类型=uint8, 路径=C:\code\show\Scrap_Steel_In_Field\photos\dangerous_det\detection_20260605_103603.jpg
2026-06-05 10:36:03 [INFO] 成功保存检测结果到: C:\code\show\Scrap_Steel_In_Field\photos\dangerous_det\detection_20260605_103603.jpg
2026-06-05 10:36:03 [INFO] 保存的检测结果文件大小: 1988399 字节
2026-06-05 10:36:03 [INFO] 引擎上下文已释放
2026-06-05 10:36:03 [INFO] TensorRT 引擎已释放
2026-06-05 10:36:03 [INFO] 全局 CUDA 资源已释放
2026-06-05 10:36:03 [INFO] 检测系统资源已释放
2026-06-05 10:36:10 [INFO] CUDA 初始化成功
2026-06-05 10:36:10 [INFO] 引擎加载成功: dangerous.engine
2026-06-05 10:36:10 [INFO] 检测系统初始化成功
2026-06-05 10:36:10 [INFO] 图像预处理完成，原始尺寸: (2160, 3840)
2026-06-05 10:36:10 [INFO] 开始执行目标检测...
2026-06-05 10:36:10 [INFO] 检测完成，找到 3 个物体
2026-06-05 10:36:10 [INFO] 物体 1: GasCyl1 (置信度: 0.89)
2026-06-05 10:36:10 [INFO] 物体 2: GasCyl1 (置信度: 0.76)
2026-06-05 10:36:10 [INFO] 物体 3: GasCyl1 (置信度: 0.60)
2026-06-05 10:36:10 [INFO] 检测到车兜区域，将过滤区域外的目标
2026-06-05 10:36:10 [INFO] 准备保存检测结果到: C:\code\show\Scrap_Steel_In_Field\photos\dangerous_det\detection_20260605_103610.jpg
2026-06-05 10:36:10 [INFO] 图像形状: (2160, 3840, 3)
2026-06-05 10:36:10 [INFO] 图像数据类型: uint8
2026-06-05 10:36:10 [INFO] 图像最大值: 255
2026-06-05 10:36:10 [INFO] 图像最小值: 0
2026-06-05 10:36:10 [INFO] 开始保存检测结果图像: 图像尺寸=(2160, 3840, 3), 类型=uint8, 路径=C:\code\show\Scrap_Steel_In_Field\photos\dangerous_det\detection_20260605_103610.jpg
2026-06-05 10:36:10 [INFO] 成功保存检测结果到: C:\code\show\Scrap_Steel_In_Field\photos\dangerous_det\detection_20260605_103610.jpg
2026-06-05 10:36:10 [INFO] 保存的检测结果文件大小: 1979961 字节
2026-06-05 10:36:10 [INFO] 引擎上下文已释放
2026-06-05 10:36:10 [INFO] TensorRT 引擎已释放
2026-06-05 10:36:10 [INFO] 全局 CUDA 资源已释放
2026-06-05 10:36:10 [INFO] 检测系统资源已释放
2026-06-05 10:36:17 [INFO] CUDA 初始化成功
2026-06-05 10:36:17 [INFO] 引擎加载成功: dangerous.engine
2026-06-05 10:36:17 [INFO] 检测系统初始化成功
2026-06-05 10:36:17 [INFO] 图像预处理完成，原始尺寸: (2160, 3840)
2026-06-05 10:36:17 [INFO] 开始执行目标检测...
2026-06-05 10:36:17 [INFO] 检测完成，找到 3 个物体
2026-06-05 10:36:17 [INFO] 物体 1: GasCyl1 (置信度: 0.90)
2026-06-05 10:36:17 [INFO] 物体 2: GasCyl1 (置信度: 0.78)
2026-06-05 10:36:17 [INFO] 物体 3: GasCyl1 (置信度: 0.54)
2026-06-05 10:36:17 [INFO] 检测到车兜区域，将过滤区域外的目标
2026-06-05 10:36:17 [INFO] 准备保存检测结果到: C:\code\show\Scrap_Steel_In_Field\photos\dangerous_det\detection_20260605_103617.jpg
2026-06-05 10:36:17 [INFO] 图像形状: (2160, 3840, 3)
2026-06-05 10:36:17 [INFO] 图像数据类型: uint8
2026-06-05 10:36:17 [INFO] 图像最大值: 255
2026-06-05 10:36:17 [INFO] 图像最小值: 0
2026-06-05 10:36:17 [INFO] 开始保存检测结果图像: 图像尺寸=(2160, 3840, 3), 类型=uint8, 路径=C:\code\show\Scrap_Steel_In_Field\photos\dangerous_det\detection_20260605_103617.jpg
2026-06-05 10:36:17 [INFO] 成功保存检测结果到: C:\code\show\Scrap_Steel_In_Field\photos\dangerous_det\detection_20260605_103617.jpg
2026-06-05 10:36:17 [INFO] 保存的检测结果文件大小: 1982842 字节
2026-06-05 10:36:17 [INFO] 引擎上下文已释放
2026-06-05 10:36:17 [INFO] TensorRT 引擎已释放
2026-06-05 10:36:17 [INFO] 全局 CUDA 资源已释放
2026-06-05 10:36:17 [INFO] 检测系统资源已释放
2026-06-05 10:36:21 [INFO] CUDA 初始化成功
2026-06-05 10:36:21 [INFO] 引擎加载成功: dangerous.engine
2026-06-05 10:36:21 [INFO] 检测系统初始化成功
2026-06-05 10:36:21 [INFO] 图像预处理完成，原始尺寸: (2160, 3840)
2026-06-05 10:36:21 [INFO] 开始执行目标检测...
2026-06-05 10:36:22 [INFO] 检测完成，找到 3 个物体
2026-06-05 10:36:22 [INFO] 物体 1: GasCyl1 (置信度: 0.89)
2026-06-05 10:36:22 [INFO] 物体 2: GasCyl1 (置信度: 0.79)
2026-06-05 10:36:22 [INFO] 物体 3: GasCyl1 (置信度: 0.65)
2026-06-05 10:36:22 [INFO] 检测到车兜区域，将过滤区域外的目标
2026-06-05 10:36:22 [INFO] 准备保存检测结果到: C:\code\show\Scrap_Steel_In_Field\photos\dangerous_det\detection_20260605_103622.jpg
2026-06-05 10:36:22 [INFO] 图像形状: (2160, 3840, 3)
2026-06-05 10:36:22 [INFO] 图像数据类型: uint8
2026-06-05 10:36:22 [INFO] 图像最大值: 255
2026-06-05 10:36:22 [INFO] 图像最小值: 0
2026-06-05 10:36:22 [INFO] 开始保存检测结果图像: 图像尺寸=(2160, 3840, 3), 类型=uint8, 路径=C:\code\show\Scrap_Steel_In_Field\photos\dangerous_det\detection_20260605_103622.jpg
2026-06-05 10:36:22 [INFO] 成功保存检测结果到: C:\code\show\Scrap_Steel_In_Field\photos\dangerous_det\detection_20260605_103622.jpg
2026-06-05 10:36:22 [INFO] 保存的检测结果文件大小: 1991949 字节
2026-06-05 10:36:22 [INFO] 引擎上下文已释放
2026-06-05 10:36:22 [INFO] TensorRT 引擎已释放
2026-06-05 10:36:22 [INFO] 全局 CUDA 资源已释放
2026-06-05 10:36:22 [INFO] 检测系统资源已释放
2026-06-05 10:36:27 [INFO] CUDA 初始化成功
2026-06-05 10:36:27 [INFO] 引擎加载成功: dangerous.engine
2026-06-05 10:36:27 [INFO] 检测系统初始化成功
2026-06-05 10:36:27 [INFO] 图像预处理完成，原始尺寸: (2160, 3840)
2026-06-05 10:36:27 [INFO] 开始执行目标检测...
2026-06-05 10:36:27 [INFO] 检测完成，找到 3 个物体
2026-06-05 10:36:27 [INFO] 物体 1: GasCyl1 (置信度: 0.89)
2026-06-05 10:36:27 [INFO] 物体 2: GasCyl1 (置信度: 0.76)
2026-06-05 10:36:27 [INFO] 物体 3: GasCyl1 (置信度: 0.56)
2026-06-05 10:36:27 [INFO] 检测到车兜区域，将过滤区域外的目标
2026-06-05 10:36:27 [INFO] 准备保存检测结果到: C:\code\show\Scrap_Steel_In_Field\photos\dangerous_det\detection_20260605_103627.jpg
2026-06-05 10:36:27 [INFO] 图像形状: (2160, 3840, 3)
2026-06-05 10:36:27 [INFO] 图像数据类型: uint8
2026-06-05 10:36:27 [INFO] 图像最大值: 255
2026-06-05 10:36:27 [INFO] 图像最小值: 0
2026-06-05 10:36:27 [INFO] 开始保存检测结果图像: 图像尺寸=(2160, 3840, 3), 类型=uint8, 路径=C:\code\show\Scrap_Steel_In_Field\photos\dangerous_det\detection_20260605_103627.jpg
2026-06-05 10:36:27 [INFO] 成功保存检测结果到: C:\code\show\Scrap_Steel_In_Field\photos\dangerous_det\detection_20260605_103627.jpg
2026-06-05 10:36:27 [INFO] 保存的检测结果文件大小: 1987462 字节
2026-06-05 10:36:27 [INFO] 引擎上下文已释放
2026-06-05 10:36:27 [INFO] TensorRT 引擎已释放
2026-06-05 10:36:27 [INFO] 全局 CUDA 资源已释放
2026-06-05 10:36:27 [INFO] 检测系统资源已释放
2026-06-05 10:36:32 [INFO] CUDA 初始化成功
2026-06-05 10:36:32 [INFO] 引擎加载成功: dangerous.engine
2026-06-05 10:36:32 [INFO] 检测系统初始化成功
2026-06-05 10:36:32 [INFO] 图像预处理完成，原始尺寸: (2160, 3840)
2026-06-05 10:36:32 [INFO] 开始执行目标检测...
2026-06-05 10:36:32 [INFO] 检测完成，找到 1 个物体
2026-06-05 10:36:32 [INFO] 物体 1: GasCyl1 (置信度: 0.89)
2026-06-05 10:36:32 [INFO] 准备保存检测结果到: C:\code\show\Scrap_Steel_In_Field\photos\dangerous_det\detection_20260605_103632.jpg
2026-06-05 10:36:32 [INFO] 图像形状: (2160, 3840, 3)
2026-06-05 10:36:32 [INFO] 图像数据类型: uint8
2026-06-05 10:36:32 [INFO] 图像最大值: 255
2026-06-05 10:36:32 [INFO] 图像最小值: 0
2026-06-05 10:36:32 [INFO] 开始保存检测结果图像: 图像尺寸=(2160, 3840, 3), 类型=uint8, 路径=C:\code\show\Scrap_Steel_In_Field\photos\dangerous_det\detection_20260605_103632.jpg
2026-06-05 10:36:32 [INFO] 成功保存检测结果到: C:\code\show\Scrap_Steel_In_Field\photos\dangerous_det\detection_20260605_103632.jpg
2026-06-05 10:36:32 [INFO] 保存的检测结果文件大小: 1082389 字节
2026-06-05 10:36:32 [INFO] 引擎上下文已释放
2026-06-05 10:36:32 [INFO] TensorRT 引擎已释放
2026-06-05 10:36:32 [INFO] 全局 CUDA 资源已释放
2026-06-05 10:36:32 [INFO] 检测系统资源已释放
2026-06-05 10:36:37 [INFO] CUDA 初始化成功
2026-06-05 10:36:37 [INFO] 引擎加载成功: dangerous.engine
2026-06-05 10:36:37 [INFO] 检测系统初始化成功
2026-06-05 10:36:37 [INFO] 图像预处理完成，原始尺寸: (2160, 3840)
2026-06-05 10:36:37 [INFO] 开始执行目标检测...
2026-06-05 10:36:37 [INFO] 检测完成，找到 2 个物体
2026-06-05 10:36:37 [INFO] 物体 1: GasCyl1 (置信度: 0.76)
2026-06-05 10:36:37 [INFO] 物体 2: GasCyl1 (置信度: 0.49)
2026-06-05 10:36:37 [INFO] 准备保存检测结果到: C:\code\show\Scrap_Steel_In_Field\photos\dangerous_det\detection_20260605_103637.jpg
2026-06-05 10:36:37 [INFO] 图像形状: (2160, 3840, 3)
2026-06-05 10:36:37 [INFO] 图像数据类型: uint8
2026-06-05 10:36:37 [INFO] 图像最大值: 255
2026-06-05 10:36:37 [INFO] 图像最小值: 0
2026-06-05 10:36:37 [INFO] 开始保存检测结果图像: 图像尺寸=(2160, 3840, 3), 类型=uint8, 路径=C:\code\show\Scrap_Steel_In_Field\photos\dangerous_det\detection_20260605_103637.jpg
2026-06-05 10:36:37 [INFO] 成功保存检测结果到: C:\code\show\Scrap_Steel_In_Field\photos\dangerous_det\detection_20260605_103637.jpg
2026-06-05 10:36:37 [INFO] 保存的检测结果文件大小: 1452241 字节
2026-06-05 10:36:37 [INFO] 引擎上下文已释放
2026-06-05 10:36:37 [INFO] TensorRT 引擎已释放
2026-06-05 10:36:37 [INFO] 全局 CUDA 资源已释放
2026-06-05 10:36:37 [INFO] 检测系统资源已释放
2026-06-05 10:36:42 [INFO] CUDA 初始化成功
2026-06-05 10:36:42 [INFO] 引擎加载成功: dangerous.engine
2026-06-05 10:36:42 [INFO] 检测系统初始化成功
2026-06-05 10:36:42 [INFO] 图像预处理完成，原始尺寸: (2160, 3840)
2026-06-05 10:36:42 [INFO] 开始执行目标检测...
2026-06-05 10:36:42 [INFO] 检测完成，找到 3 个物体
2026-06-05 10:36:42 [INFO] 物体 1: GasCyl1 (置信度: 0.90)
2026-06-05 10:36:42 [INFO] 物体 2: GasCyl1 (置信度: 0.80)
2026-06-05 10:36:42 [INFO] 物体 3: GasCyl1 (置信度: 0.45)
2026-06-05 10:36:42 [INFO] 检测到车兜区域，将过滤区域外的目标
2026-06-05 10:36:42 [INFO] 准备保存检测结果到: C:\code\show\Scrap_Steel_In_Field\photos\dangerous_det\detection_20260605_103642.jpg
2026-06-05 10:36:42 [INFO] 图像形状: (2160, 3840, 3)
2026-06-05 10:36:42 [INFO] 图像数据类型: uint8
2026-06-05 10:36:42 [INFO] 图像最大值: 255
2026-06-05 10:36:42 [INFO] 图像最小值: 0
2026-06-05 10:36:42 [INFO] 开始保存检测结果图像: 图像尺寸=(2160, 3840, 3), 类型=uint8, 路径=C:\code\show\Scrap_Steel_In_Field\photos\dangerous_det\detection_20260605_103642.jpg
2026-06-05 10:36:42 [INFO] 成功保存检测结果到: C:\code\show\Scrap_Steel_In_Field\photos\dangerous_det\detection_20260605_103642.jpg
2026-06-05 10:36:42 [INFO] 保存的检测结果文件大小: 1954993 字节
2026-06-05 10:36:42 [INFO] 引擎上下文已释放
2026-06-05 10:36:42 [INFO] TensorRT 引擎已释放
2026-06-05 10:36:42 [INFO] 全局 CUDA 资源已释放
2026-06-05 10:36:42 [INFO] 检测系统资源已释放
2026-06-05 10:36:47 [INFO] CUDA 初始化成功
2026-06-05 10:36:47 [INFO] 引擎加载成功: dangerous.engine
2026-06-05 10:36:47 [INFO] 检测系统初始化成功
2026-06-05 10:36:47 [INFO] 图像预处理完成，原始尺寸: (2160, 3840)
2026-06-05 10:36:47 [INFO] 开始执行目标检测...
2026-06-05 10:36:47 [INFO] 检测完成，找到 3 个物体
2026-06-05 10:36:47 [INFO] 物体 1: GasCyl1 (置信度: 0.89)
2026-06-05 10:36:47 [INFO] 物体 2: GasCyl1 (置信度: 0.79)
2026-06-05 10:36:47 [INFO] 物体 3: FireExt1 (置信度: 0.48)
2026-06-05 10:36:47 [INFO] 准备保存检测结果到: C:\code\show\Scrap_Steel_In_Field\photos\dangerous_det\detection_20260605_103647.jpg
2026-06-05 10:36:47 [INFO] 图像形状: (2160, 3840, 3)
2026-06-05 10:36:47 [INFO] 图像数据类型: uint8
2026-06-05 10:36:47 [INFO] 图像最大值: 255
2026-06-05 10:36:47 [INFO] 图像最小值: 0
2026-06-05 10:36:47 [INFO] 开始保存检测结果图像: 图像尺寸=(2160, 3840, 3), 类型=uint8, 路径=C:\code\show\Scrap_Steel_In_Field\photos\dangerous_det\detection_20260605_103647.jpg
2026-06-05 10:36:47 [INFO] 成功保存检测结果到: C:\code\show\Scrap_Steel_In_Field\photos\dangerous_det\detection_20260605_103647.jpg
2026-06-05 10:36:47 [INFO] 保存的检测结果文件大小: 1812104 字节
2026-06-05 10:36:47 [INFO] 引擎上下文已释放
2026-06-05 10:36:47 [INFO] TensorRT 引擎已释放
2026-06-05 10:36:47 [INFO] 全局 CUDA 资源已释放
2026-06-05 10:36:47 [INFO] 检测系统资源已释放
2026-06-05 10:36:52 [INFO] CUDA 初始化成功
2026-06-05 10:36:52 [INFO] 引擎加载成功: dangerous.engine
2026-06-05 10:36:52 [INFO] 检测系统初始化成功
2026-06-05 10:36:52 [INFO] 图像预处理完成，原始尺寸: (2160, 3840)
2026-06-05 10:36:52 [INFO] 开始执行目标检测...
2026-06-05 10:36:53 [INFO] 检测完成，找到 2 个物体
2026-06-05 10:36:53 [INFO] 物体 1: GasCyl1 (置信度: 0.75)
2026-06-05 10:36:53 [INFO] 物体 2: GasCyl1 (置信度: 0.42)
2026-06-05 10:36:53 [INFO] 准备保存检测结果到: C:\code\show\Scrap_Steel_In_Field\photos\dangerous_det\detection_20260605_103653.jpg
2026-06-05 10:36:53 [INFO] 图像形状: (2160, 3840, 3)
2026-06-05 10:36:53 [INFO] 图像数据类型: uint8
2026-06-05 10:36:53 [INFO] 图像最大值: 255
2026-06-05 10:36:53 [INFO] 图像最小值: 0
2026-06-05 10:36:53 [INFO] 开始保存检测结果图像: 图像尺寸=(2160, 3840, 3), 类型=uint8, 路径=C:\code\show\Scrap_Steel_In_Field\photos\dangerous_det\detection_20260605_103653.jpg
2026-06-05 10:36:53 [INFO] 成功保存检测结果到: C:\code\show\Scrap_Steel_In_Field\photos\dangerous_det\detection_20260605_103653.jpg
2026-06-05 10:36:53 [INFO] 保存的检测结果文件大小: 1454173 字节
2026-06-05 10:36:53 [INFO] 引擎上下文已释放
2026-06-05 10:36:53 [INFO] TensorRT 引擎已释放
2026-06-05 10:36:53 [INFO] 全局 CUDA 资源已释放
2026-06-05 10:36:53 [INFO] 检测系统资源已释放
2026-06-05 10:36:58 [INFO] CUDA 初始化成功
2026-06-05 10:36:58 [INFO] 引擎加载成功: dangerous.engine
2026-06-05 10:36:58 [INFO] 检测系统初始化成功
2026-06-05 10:36:58 [INFO] 图像预处理完成，原始尺寸: (2160, 3840)
2026-06-05 10:36:58 [INFO] 开始执行目标检测...
2026-06-05 10:36:58 [INFO] 检测完成，找到 3 个物体
2026-06-05 10:36:58 [INFO] 物体 1: GasCyl1 (置信度: 0.90)
2026-06-05 10:36:58 [INFO] 物体 2: GasCyl1 (置信度: 0.79)
2026-06-05 10:36:58 [INFO] 物体 3: GasCyl1 (置信度: 0.48)
2026-06-05 10:36:58 [INFO] 检测到车兜区域，将过滤区域外的目标
2026-06-05 10:36:58 [INFO] 准备保存检测结果到: C:\code\show\Scrap_Steel_In_Field\photos\dangerous_det\detection_20260605_103658.jpg
2026-06-05 10:36:58 [INFO] 图像形状: (2160, 3840, 3)
2026-06-05 10:36:58 [INFO] 图像数据类型: uint8
2026-06-05 10:36:58 [INFO] 图像最大值: 255
2026-06-05 10:36:58 [INFO] 图像最小值: 0
2026-06-05 10:36:58 [INFO] 开始保存检测结果图像: 图像尺寸=(2160, 3840, 3), 类型=uint8, 路径=C:\code\show\Scrap_Steel_In_Field\photos\dangerous_det\detection_20260605_103658.jpg
2026-06-05 10:36:58 [INFO] 成功保存检测结果到: C:\code\show\Scrap_Steel_In_Field\photos\dangerous_det\detection_20260605_103658.jpg
2026-06-05 10:36:58 [INFO] 保存的检测结果文件大小: 1925510 字节
2026-06-05 10:36:58 [INFO] 引擎上下文已释放
2026-06-05 10:36:58 [INFO] TensorRT 引擎已释放
2026-06-05 10:36:58 [INFO] 全局 CUDA 资源已释放
2026-06-05 10:36:58 [INFO] 检测系统资源已释放
2026-06-05 10:37:03 [INFO] CUDA 初始化成功
2026-06-05 10:37:03 [INFO] 引擎加载成功: dangerous.engine
2026-06-05 10:37:03 [INFO] 检测系统初始化成功
2026-06-05 10:37:03 [INFO] 图像预处理完成，原始尺寸: (2160, 3840)
2026-06-05 10:37:03 [INFO] 开始执行目标检测...
2026-06-05 10:37:03 [INFO] 检测完成，找到 3 个物体
2026-06-05 10:37:03 [INFO] 物体 1: GasCyl1 (置信度: 0.89)
2026-06-05 10:37:03 [INFO] 物体 2: GasCyl1 (置信度: 0.78)
2026-06-05 10:37:03 [INFO] 物体 3: GasCyl1 (置信度: 0.53)
2026-06-05 10:37:03 [INFO] 检测到车兜区域，将过滤区域外的目标
2026-06-05 10:37:03 [INFO] 准备保存检测结果到: C:\code\show\Scrap_Steel_In_Field\photos\dangerous_det\detection_20260605_103703.jpg
2026-06-05 10:37:03 [INFO] 图像形状: (2160, 3840, 3)
2026-06-05 10:37:03 [INFO] 图像数据类型: uint8
2026-06-05 10:37:03 [INFO] 图像最大值: 255
2026-06-05 10:37:03 [INFO] 图像最小值: 0
2026-06-05 10:37:03 [INFO] 开始保存检测结果图像: 图像尺寸=(2160, 3840, 3), 类型=uint8, 路径=C:\code\show\Scrap_Steel_In_Field\photos\dangerous_det\detection_20260605_103703.jpg
2026-06-05 10:37:03 [INFO] 成功保存检测结果到: C:\code\show\Scrap_Steel_In_Field\photos\dangerous_det\detection_20260605_103703.jpg
2026-06-05 10:37:03 [INFO] 保存的检测结果文件大小: 1992893 字节
2026-06-05 10:37:03 [INFO] 引擎上下文已释放
2026-06-05 10:37:03 [INFO] TensorRT 引擎已释放
2026-06-05 10:37:03 [INFO] 全局 CUDA 资源已释放
2026-06-05 10:37:03 [INFO] 检测系统资源已释放
2026-06-05 10:37:08 [INFO] CUDA 初始化成功
2026-06-05 10:37:08 [INFO] 引擎加载成功: dangerous.engine
2026-06-05 10:37:08 [INFO] 检测系统初始化成功
2026-06-05 10:37:08 [INFO] 图像预处理完成，原始尺寸: (2160, 3840)
2026-06-05 10:37:08 [INFO] 开始执行目标检测...
2026-06-05 10:37:08 [INFO] 检测完成，找到 3 个物体
2026-06-05 10:37:08 [INFO] 物体 1: GasCyl1 (置信度: 0.90)
2026-06-05 10:37:08 [INFO] 物体 2: GasCyl1 (置信度: 0.73)
2026-06-05 10:37:08 [INFO] 物体 3: GasCyl1 (置信度: 0.58)
2026-06-05 10:37:08 [INFO] 检测到车兜区域，将过滤区域外的目标
2026-06-05 10:37:08 [INFO] 准备保存检测结果到: C:\code\show\Scrap_Steel_In_Field\photos\dangerous_det\detection_20260605_103708.jpg
2026-06-05 10:37:08 [INFO] 图像形状: (2160, 3840, 3)
2026-06-05 10:37:08 [INFO] 图像数据类型: uint8
2026-06-05 10:37:08 [INFO] 图像最大值: 255
2026-06-05 10:37:08 [INFO] 图像最小值: 0
2026-06-05 10:37:08 [INFO] 开始保存检测结果图像: 图像尺寸=(2160, 3840, 3), 类型=uint8, 路径=C:\code\show\Scrap_Steel_In_Field\photos\dangerous_det\detection_20260605_103708.jpg
2026-06-05 10:37:08 [INFO] 成功保存检测结果到: C:\code\show\Scrap_Steel_In_Field\photos\dangerous_det\detection_20260605_103708.jpg
2026-06-05 10:37:08 [INFO] 保存的检测结果文件大小: 1982322 字节
2026-06-05 10:37:08 [INFO] 引擎上下文已释放
2026-06-05 10:37:08 [INFO] TensorRT 引擎已释放
2026-06-05 10:37:08 [INFO] 全局 CUDA 资源已释放
2026-06-05 10:37:08 [INFO] 检测系统资源已释放
2026-06-05 10:37:13 [INFO] CUDA 初始化成功
2026-06-05 10:37:13 [INFO] 引擎加载成功: dangerous.engine
2026-06-05 10:37:13 [INFO] 检测系统初始化成功
2026-06-05 10:37:13 [INFO] 图像预处理完成，原始尺寸: (2160, 3840)
2026-06-05 10:37:13 [INFO] 开始执行目标检测...
2026-06-05 10:37:13 [INFO] 检测完成，找到 3 个物体
2026-06-05 10:37:13 [INFO] 物体 1: GasCyl1 (置信度: 0.90)
2026-06-05 10:37:13 [INFO] 物体 2: GasCyl1 (置信度: 0.73)
2026-06-05 10:37:13 [INFO] 物体 3: GasCyl1 (置信度: 0.55)
2026-06-05 10:37:13 [INFO] 检测到车兜区域，将过滤区域外的目标
2026-06-05 10:37:13 [INFO] 准备保存检测结果到: C:\code\show\Scrap_Steel_In_Field\photos\dangerous_det\detection_20260605_103713.jpg
2026-06-05 10:37:13 [INFO] 图像形状: (2160, 3840, 3)
2026-06-05 10:37:13 [INFO] 图像数据类型: uint8
2026-06-05 10:37:14 [INFO] 图像最大值: 255
2026-06-05 10:37:14 [INFO] 图像最小值: 0
2026-06-05 10:37:14 [INFO] 开始保存检测结果图像: 图像尺寸=(2160, 3840, 3), 类型=uint8, 路径=C:\code\show\Scrap_Steel_In_Field\photos\dangerous_det\detection_20260605_103713.jpg
2026-06-05 10:37:14 [INFO] 成功保存检测结果到: C:\code\show\Scrap_Steel_In_Field\photos\dangerous_det\detection_20260605_103713.jpg
2026-06-05 10:37:14 [INFO] 保存的检测结果文件大小: 1967052 字节
2026-06-05 10:37:14 [INFO] 引擎上下文已释放
2026-06-05 10:37:14 [INFO] TensorRT 引擎已释放
2026-06-05 10:37:14 [INFO] 全局 CUDA 资源已释放
2026-06-05 10:37:14 [INFO] 检测系统资源已释放
2026-06-05 10:37:19 [INFO] CUDA 初始化成功
2026-06-05 10:37:19 [INFO] 引擎加载成功: dangerous.engine
2026-06-05 10:37:19 [INFO] 检测系统初始化成功
2026-06-05 10:37:19 [INFO] 图像预处理完成，原始尺寸: (2160, 3840)
2026-06-05 10:37:19 [INFO] 开始执行目标检测...
2026-06-05 10:37:19 [INFO] 检测完成，找到 3 个物体
2026-06-05 10:37:19 [INFO] 物体 1: GasCyl1 (置信度: 0.90)
2026-06-05 10:37:19 [INFO] 物体 2: GasCyl1 (置信度: 0.74)
2026-06-05 10:37:19 [INFO] 物体 3: GasCyl1 (置信度: 0.62)
2026-06-05 10:37:19 [INFO] 检测到车兜区域，将过滤区域外的目标
2026-06-05 10:37:19 [INFO] 准备保存检测结果到: C:\code\show\Scrap_Steel_In_Field\photos\dangerous_det\detection_20260605_103719.jpg
2026-06-05 10:37:19 [INFO] 图像形状: (2160, 3840, 3)
2026-06-05 10:37:19 [INFO] 图像数据类型: uint8
2026-06-05 10:37:19 [INFO] 图像最大值: 255
2026-06-05 10:37:19 [INFO] 图像最小值: 0
2026-06-05 10:37:19 [INFO] 开始保存检测结果图像: 图像尺寸=(2160, 3840, 3), 类型=uint8, 路径=C:\code\show\Scrap_Steel_In_Field\photos\dangerous_det\detection_20260605_103719.jpg
2026-06-05 10:37:19 [INFO] 成功保存检测结果到: C:\code\show\Scrap_Steel_In_Field\photos\dangerous_det\detection_20260605_103719.jpg
2026-06-05 10:37:19 [INFO] 保存的检测结果文件大小: 1979400 字节
2026-06-05 10:37:19 [INFO] 引擎上下文已释放
2026-06-05 10:37:19 [INFO] TensorRT 引擎已释放
2026-06-05 10:37:19 [INFO] 全局 CUDA 资源已释放
2026-06-05 10:37:19 [INFO] 检测系统资源已释放
2026-06-05 10:37:24 [INFO] CUDA 初始化成功
2026-06-05 10:37:24 [INFO] 引擎加载成功: dangerous.engine
2026-06-05 10:37:24 [INFO] 检测系统初始化成功
2026-06-05 10:37:24 [INFO] 图像预处理完成，原始尺寸: (2160, 3840)
2026-06-05 10:37:24 [INFO] 开始执行目标检测...
2026-06-05 10:37:24 [INFO] 检测完成，找到 3 个物体
2026-06-05 10:37:24 [INFO] 物体 1: GasCyl1 (置信度: 0.89)
2026-06-05 10:37:24 [INFO] 物体 2: GasCyl1 (置信度: 0.81)
2026-06-05 10:37:24 [INFO] 物体 3: GasCyl1 (置信度: 0.63)
2026-06-05 10:37:24 [INFO] 检测到车兜区域，将过滤区域外的目标
2026-06-05 10:37:24 [INFO] 准备保存检测结果到: C:\code\show\Scrap_Steel_In_Field\photos\dangerous_det\detection_20260605_103724.jpg
2026-06-05 10:37:24 [INFO] 图像形状: (2160, 3840, 3)
2026-06-05 10:37:24 [INFO] 图像数据类型: uint8
2026-06-05 10:37:24 [INFO] 图像最大值: 255
2026-06-05 10:37:24 [INFO] 图像最小值: 0
2026-06-05 10:37:24 [INFO] 开始保存检测结果图像: 图像尺寸=(2160, 3840, 3), 类型=uint8, 路径=C:\code\show\Scrap_Steel_In_Field\photos\dangerous_det\detection_20260605_103724.jpg
2026-06-05 10:37:24 [INFO] 成功保存检测结果到: C:\code\show\Scrap_Steel_In_Field\photos\dangerous_det\detection_20260605_103724.jpg
2026-06-05 10:37:24 [INFO] 保存的检测结果文件大小: 1972262 字节
2026-06-05 10:37:24 [INFO] 引擎上下文已释放
2026-06-05 10:37:24 [INFO] TensorRT 引擎已释放
2026-06-05 10:37:24 [INFO] 全局 CUDA 资源已释放
2026-06-05 10:37:24 [INFO] 检测系统资源已释放
2026-06-05 10:37:29 [INFO] CUDA 初始化成功
2026-06-05 10:37:29 [INFO] 引擎加载成功: dangerous.engine
2026-06-05 10:37:29 [INFO] 检测系统初始化成功
2026-06-05 10:37:29 [INFO] 图像预处理完成，原始尺寸: (2160, 3840)
2026-06-05 10:37:29 [INFO] 开始执行目标检测...
2026-06-05 10:37:29 [INFO] 检测完成，找到 3 个物体
2026-06-05 10:37:29 [INFO] 物体 1: GasCyl1 (置信度: 0.90)
2026-06-05 10:37:29 [INFO] 物体 2: GasCyl1 (置信度: 0.79)
2026-06-05 10:37:29 [INFO] 物体 3: GasCyl1 (置信度: 0.67)
2026-06-05 10:37:29 [INFO] 检测到车兜区域，将过滤区域外的目标
2026-06-05 10:37:29 [INFO] 准备保存检测结果到: C:\code\show\Scrap_Steel_In_Field\photos\dangerous_det\detection_20260605_103729.jpg
2026-06-05 10:37:29 [INFO] 图像形状: (2160, 3840, 3)
2026-06-05 10:37:29 [INFO] 图像数据类型: uint8
2026-06-05 10:37:29 [INFO] 图像最大值: 255
2026-06-05 10:37:29 [INFO] 图像最小值: 0
2026-06-05 10:37:29 [INFO] 开始保存检测结果图像: 图像尺寸=(2160, 3840, 3), 类型=uint8, 路径=C:\code\show\Scrap_Steel_In_Field\photos\dangerous_det\detection_20260605_103729.jpg
2026-06-05 10:37:29 [INFO] 成功保存检测结果到: C:\code\show\Scrap_Steel_In_Field\photos\dangerous_det\detection_20260605_103729.jpg
2026-06-05 10:37:29 [INFO] 保存的检测结果文件大小: 1989948 字节
2026-06-05 10:37:29 [INFO] 引擎上下文已释放
2026-06-05 10:37:29 [INFO] TensorRT 引擎已释放
2026-06-05 10:37:29 [INFO] 全局 CUDA 资源已释放
2026-06-05 10:37:29 [INFO] 检测系统资源已释放
2026-06-05 10:37:34 [INFO] CUDA 初始化成功
2026-06-05 10:37:34 [INFO] 引擎加载成功: dangerous.engine
2026-06-05 10:37:34 [INFO] 检测系统初始化成功
2026-06-05 10:37:34 [INFO] 图像预处理完成，原始尺寸: (2160, 3840)
2026-06-05 10:37:34 [INFO] 开始执行目标检测...
2026-06-05 10:37:34 [INFO] 检测完成，找到 3 个物体
2026-06-05 10:37:34 [INFO] 物体 1: GasCyl1 (置信度: 0.90)
2026-06-05 10:37:34 [INFO] 物体 2: GasCyl1 (置信度: 0.74)
2026-06-05 10:37:34 [INFO] 物体 3: GasCyl1 (置信度: 0.65)
2026-06-05 10:37:35 [INFO] 检测到车兜区域，将过滤区域外的目标
2026-06-05 10:37:35 [INFO] 准备保存检测结果到: C:\code\show\Scrap_Steel_In_Field\photos\dangerous_det\detection_20260605_103735.jpg
2026-06-05 10:37:35 [INFO] 图像形状: (2160, 3840, 3)
2026-06-05 10:37:35 [INFO] 图像数据类型: uint8
2026-06-05 10:37:35 [INFO] 图像最大值: 255
2026-06-05 10:37:35 [INFO] 图像最小值: 0
2026-06-05 10:37:35 [INFO] 开始保存检测结果图像: 图像尺寸=(2160, 3840, 3), 类型=uint8, 路径=C:\code\show\Scrap_Steel_In_Field\photos\dangerous_det\detection_20260605_103735.jpg
2026-06-05 10:37:35 [INFO] 成功保存检测结果到: C:\code\show\Scrap_Steel_In_Field\photos\dangerous_det\detection_20260605_103735.jpg
2026-06-05 10:37:35 [INFO] 保存的检测结果文件大小: 1987430 字节
2026-06-05 10:37:35 [INFO] 引擎上下文已释放
2026-06-05 10:37:35 [INFO] TensorRT 引擎已释放
2026-06-05 10:37:35 [INFO] 全局 CUDA 资源已释放
2026-06-05 10:37:35 [INFO] 检测系统资源已释放
2026-06-05 10:37:40 [INFO] CUDA 初始化成功
2026-06-05 10:37:40 [INFO] 引擎加载成功: dangerous.engine
2026-06-05 10:37:40 [INFO] 检测系统初始化成功
2026-06-05 10:37:40 [INFO] 图像预处理完成，原始尺寸: (2160, 3840)
2026-06-05 10:37:40 [INFO] 开始执行目标检测...
2026-06-05 10:37:40 [INFO] 检测完成，找到 4 个物体
2026-06-05 10:37:40 [INFO] 物体 1: GasCyl1 (置信度: 0.89)
2026-06-05 10:37:40 [INFO] 物体 2: GasCyl1 (置信度: 0.79)
2026-06-05 10:37:40 [INFO] 物体 3: GasCyl1 (置信度: 0.78)
2026-06-05 10:37:40 [INFO] 物体 4: GasCyl1 (置信度: 0.48)
2026-06-05 10:37:40 [INFO] 检测到车兜区域，将过滤区域外的目标
2026-06-05 10:37:40 [INFO] 车兜区域过滤: 4 -> 3 个目标
2026-06-05 10:37:40 [INFO] 准备保存检测结果到: C:\code\show\Scrap_Steel_In_Field\photos\dangerous_det\detection_20260605_103740.jpg
2026-06-05 10:37:40 [INFO] 图像形状: (2160, 3840, 3)
2026-06-05 10:37:40 [INFO] 图像数据类型: uint8
2026-06-05 10:37:40 [INFO] 图像最大值: 255
2026-06-05 10:37:40 [INFO] 图像最小值: 0
2026-06-05 10:37:40 [INFO] 开始保存检测结果图像: 图像尺寸=(2160, 3840, 3), 类型=uint8, 路径=C:\code\show\Scrap_Steel_In_Field\photos\dangerous_det\detection_20260605_103740.jpg
2026-06-05 10:37:40 [INFO] 成功保存检测结果到: C:\code\show\Scrap_Steel_In_Field\photos\dangerous_det\detection_20260605_103740.jpg
2026-06-05 10:37:40 [INFO] 保存的检测结果文件大小: 1996019 字节
2026-06-05 10:37:40 [INFO] 引擎上下文已释放
2026-06-05 10:37:40 [INFO] TensorRT 引擎已释放
2026-06-05 10:37:40 [INFO] 全局 CUDA 资源已释放
2026-06-05 10:37:40 [INFO] 检测系统资源已释放
2026-06-05 10:37:45 [INFO] CUDA 初始化成功
2026-06-05 10:37:45 [INFO] 引擎加载成功: dangerous.engine
2026-06-05 10:37:45 [INFO] 检测系统初始化成功
2026-06-05 10:37:45 [INFO] 图像预处理完成，原始尺寸: (2160, 3840)
2026-06-05 10:37:45 [INFO] 开始执行目标检测...
2026-06-05 10:37:45 [INFO] 检测完成，找到 3 个物体
2026-06-05 10:37:45 [INFO] 物体 1: GasCyl1 (置信度: 0.90)
2026-06-05 10:37:45 [INFO] 物体 2: GasCyl1 (置信度: 0.80)
2026-06-05 10:37:45 [INFO] 物体 3: GasCyl1 (置信度: 0.76)
2026-06-05 10:37:45 [INFO] 检测到车兜区域，将过滤区域外的目标
2026-06-05 10:37:45 [INFO] 准备保存检测结果到: C:\code\show\Scrap_Steel_In_Field\photos\dangerous_det\detection_20260605_103745.jpg
2026-06-05 10:37:45 [INFO] 图像形状: (2160, 3840, 3)
2026-06-05 10:37:45 [INFO] 图像数据类型: uint8
2026-06-05 10:37:45 [INFO] 图像最大值: 255
2026-06-05 10:37:45 [INFO] 图像最小值: 0
2026-06-05 10:37:45 [INFO] 开始保存检测结果图像: 图像尺寸=(2160, 3840, 3), 类型=uint8, 路径=C:\code\show\Scrap_Steel_In_Field\photos\dangerous_det\detection_20260605_103745.jpg
2026-06-05 10:37:45 [INFO] 成功保存检测结果到: C:\code\show\Scrap_Steel_In_Field\photos\dangerous_det\detection_20260605_103745.jpg
2026-06-05 10:37:45 [INFO] 保存的检测结果文件大小: 2060699 字节
2026-06-05 10:37:45 [INFO] 引擎上下文已释放
2026-06-05 10:37:45 [INFO] TensorRT 引擎已释放
2026-06-05 10:37:45 [INFO] 全局 CUDA 资源已释放
2026-06-05 10:37:45 [INFO] 检测系统资源已释放
