2025-07-31 15:16:47 [INFO] 正在获取图像，尝试 1/3 (已耗时: 0.0秒)
2025-07-31 15:16:50 [INFO] 图像质量: 清晰 拉普拉斯变异度正常 (255.87) | Sobel梯度均值正常 (20.22) | 边缘检测点正常 (1.36%) | 高频能量正常 (166.48)
2025-07-31 15:16:50 [INFO] 图像清晰度良好，可以进行检测
2025-07-31 15:16:55 [INFO] 正在获取图像，尝试 1/3 (已耗时: 0.0秒)
2025-07-31 15:16:57 [INFO] 图像质量: 模糊 拉普拉斯变异度正常 (225.93) | Sobel梯度均值低 (19.06 < 20) | 边缘检测点正常 (1.26%) | 高频能量正常 (166.17)
2025-07-31 15:16:57 [WARNING] 图像模糊，尝试重新获取 (第1次尝试)
2025-07-31 15:16:58 [INFO] 正在获取图像，尝试 2/3 (已耗时: 3.5秒)
2025-07-31 15:17:01 [INFO] 图像质量: 模糊 拉普拉斯变异度正常 (231.16) | Sobel梯度均值低 (19.10 < 20) | 边缘检测点正常 (1.25%) | 高频能量正常 (166.58)
2025-07-31 15:17:01 [WARNING] 图像模糊，尝试重新获取 (第2次尝试)
2025-07-31 15:17:02 [ERROR] 获取清晰图像超时 (6秒)
2025-07-31 15:17:02 [WARNING] 返回超时前的最后一帧图像
2025-07-31 15:17:07 [INFO] 正在获取图像，尝试 1/3 (已耗时: 0.0秒)
2025-07-31 15:17:09 [INFO] 图像质量: 清晰 拉普拉斯变异度正常 (240.31) | Sobel梯度均值正常 (21.28) | 边缘检测点正常 (1.42%) | 高频能量正常 (166.48)
2025-07-31 15:17:09 [INFO] 图像清晰度良好，可以进行检测
2025-07-31 15:17:14 [INFO] 正在获取图像，尝试 1/3 (已耗时: 0.0秒)
2025-07-31 15:17:17 [INFO] 图像质量: 清晰 拉普拉斯变异度正常 (241.65) | Sobel梯度均值正常 (21.43) | 边缘检测点正常 (1.44%) | 高频能量正常 (166.66)
2025-07-31 15:17:17 [INFO] 图像清晰度良好，可以进行检测
2025-07-31 15:17:22 [INFO] 正在获取图像，尝试 1/3 (已耗时: 0.0秒)
2025-07-31 15:17:24 [INFO] 图像质量: 清晰 拉普拉斯变异度正常 (243.19) | Sobel梯度均值正常 (20.99) | 边缘检测点正常 (1.47%) | 高频能量正常 (166.86)
2025-07-31 15:17:24 [INFO] 图像清晰度良好，可以进行检测
2025-07-31 15:17:29 [INFO] 正在获取图像，尝试 1/3 (已耗时: 0.0秒)
2025-07-31 15:17:32 [INFO] 图像质量: 清晰 拉普拉斯变异度正常 (236.19) | Sobel梯度均值正常 (21.10) | 边缘检测点正常 (1.41%) | 高频能量正常 (166.33)
2025-07-31 15:17:32 [INFO] 图像清晰度良好，可以进行检测
2025-07-31 15:17:37 [INFO] 正在获取图像，尝试 1/3 (已耗时: 0.0秒)
2025-07-31 15:17:39 [INFO] 图像质量: 清晰 拉普拉斯变异度正常 (261.57) | Sobel梯度均值正常 (22.08) | 边缘检测点正常 (1.51%) | 高频能量正常 (166.90)
2025-07-31 15:17:39 [INFO] 图像清晰度良好，可以进行检测
2025-07-31 15:17:44 [INFO] 正在获取图像，尝试 1/3 (已耗时: 0.0秒)
2025-07-31 15:17:47 [INFO] 图像质量: 模糊 拉普拉斯变异度正常 (223.47) | Sobel梯度均值低 (18.95 < 20) | 边缘检测点正常 (1.25%) | 高频能量正常 (166.25)
2025-07-31 15:17:47 [WARNING] 图像模糊，尝试重新获取 (第1次尝试)
2025-07-31 15:17:48 [INFO] 正在获取图像，尝试 2/3 (已耗时: 3.4秒)
