2025-06-09 10:19:00 [INFO] CUDA 初始化成功
2025-06-09 10:19:00 [INFO] 引擎加载成功: scrap_steel.engine
2025-06-09 10:19:00 [INFO] 分割系统初始化成功
2025-06-09 10:19:00 [INFO] 图像预处理完成，原始尺寸: (2160, 3840)
2025-06-09 10:19:00 [INFO] 开始执行分割...
2025-06-09 10:19:00 [DEBUG] 处理后的检测结果形状: (1, 8400, 6)
2025-06-09 10:19:00 [DEBUG] 示例检测结果: [[-3.88878250e+00 -3.18353033e+00  3.91466751e+01  1.50930958e+01
   4.10490770e-08  5.00000000e+00]
 [-5.96160507e+00 -2.86937809e+00  4.47613029e+01  2.98868561e+01
   9.20847487e-09  9.00000000e+00]
 [-3.43188858e+00 -3.37633228e+00  4.59415970e+01  3.08121529e+01
   4.13557188e-09  9.00000000e+00]]
2025-06-09 10:19:00 [DEBUG] 处理后检测输出形状: (0, 52)
2025-06-09 10:19:00 [DEBUG] 有效检测数量: 0
2025-06-09 10:19:00 [DEBUG] 检测输出为空
2025-06-09 10:19:00 [INFO] 掩码中检测到的类别: [0, 1, 2, 3, 4, 5, 6, 7, 8, 9, 10, 11, 12, 13, 15]
2025-06-09 10:19:00 [INFO] 分割完成，检测到 0 个物体
2025-06-09 10:19:00 [INFO] 从分割掩码中提取检测结果
2025-06-09 10:19:00 [INFO] 从掩码中提取了 608 个检测框
2025-06-09 10:19:00 [INFO] 保存分割和检测结果到: C:\Users\diaoqingguang\Scrap_steel_system\Scrap_Steel_In_Field\photos\segmentation\segment_20250609_101900.jpg
2025-06-09 10:19:00 [INFO] JSON结果保存到: C:\Users\diaoqingguang\Scrap_steel_system\Scrap_Steel_In_Field\photos\segmentation_result.json
2025-06-09 10:19:00 [INFO] 类别统计：{0: 18, 1: 97, 2: 29, 3: 8, 4: 44, 5: 30, 6: 33, 7: 34, 8: 58, 9: 67, 10: 33, 11: 10, 12: 14, 13: 107, 14: 0, 15: 26}
2025-06-09 10:19:00 [INFO] 面积统计：{0: 3754296.0, 1: 574272.0, 2: 66996.0, 3: 307872.0, 4: 258084.0, 5: 86832.0, 6: 704052.0, 7: 67644.0, 8: 755604.0, 9: 206928.0, 10: 171000.0, 11: 219924.0, 12: 60300.0, 13: 777960.0, 15: 73548.0}
2025-06-09 10:19:00 [INFO] 分割成功
2025-06-09 10:19:00 [INFO] 引擎上下文已释放
2025-06-09 10:19:00 [INFO] TensorRT 引擎已释放
2025-06-09 10:19:00 [INFO] 全局 CUDA 资源已释放
2025-06-09 10:19:00 [INFO] 分割系统资源已释放
2025-06-09 10:20:06 [INFO] CUDA 初始化成功
2025-06-09 10:20:06 [INFO] 引擎加载成功: scrap_steel.engine
2025-06-09 10:20:06 [INFO] 分割系统初始化成功
2025-06-09 10:20:06 [INFO] 图像预处理完成，原始尺寸: (2160, 3840)
2025-06-09 10:20:06 [INFO] 开始执行分割...
2025-06-09 10:20:06 [DEBUG] 处理后的检测结果形状: (1, 8400, 6)
2025-06-09 10:20:06 [DEBUG] 示例检测结果: [[-3.86975098e+00 -3.18191147e+00  3.92653046e+01  1.50869274e+01
   4.18728199e-08  5.00000000e+00]
 [-5.96073914e+00 -2.85453796e+00  4.48187866e+01  2.99331322e+01
   9.33450650e-09  9.00000000e+00]
 [-3.44175339e+00 -3.37557030e+00  4.59773903e+01  3.08682346e+01
   4.21340118e-09  9.00000000e+00]]
2025-06-09 10:20:06 [DEBUG] 处理后检测输出形状: (0, 52)
2025-06-09 10:20:06 [DEBUG] 有效检测数量: 0
2025-06-09 10:20:06 [DEBUG] 检测输出为空
2025-06-09 10:20:06 [INFO] 掩码中检测到的类别: [0, 1, 2, 3, 4, 5, 6, 7, 8, 9, 10, 11, 12, 13, 15]
2025-06-09 10:20:06 [INFO] 分割完成，检测到 0 个物体
2025-06-09 10:20:06 [INFO] 从分割掩码中提取检测结果
2025-06-09 10:20:06 [INFO] 从掩码中提取了 607 个检测框
2025-06-09 10:20:06 [INFO] 保存分割和检测结果到: C:\Users\diaoqingguang\Scrap_steel_system\Scrap_Steel_In_Field\photos\segmentation\segment_20250609_102006.jpg
2025-06-09 10:20:06 [INFO] JSON结果保存到: C:\Users\diaoqingguang\Scrap_steel_system\Scrap_Steel_In_Field\photos\segmentation_result.json
2025-06-09 10:20:06 [INFO] 类别统计：{0: 12, 1: 90, 2: 31, 3: 10, 4: 45, 5: 30, 6: 36, 7: 39, 8: 60, 9: 65, 10: 44, 11: 12, 12: 14, 13: 93, 14: 0, 15: 26}
2025-06-09 10:20:06 [INFO] 面积统计：{0: 3622428.0, 1: 609192.0, 2: 64440.0, 3: 307548.0, 4: 238860.0, 5: 87804.0, 6: 685296.0, 7: 64692.0, 8: 753588.0, 9: 204660.0, 10: 158472.0, 11: 215244.0, 12: 60336.0, 13: 841896.0, 15: 73512.0}
2025-06-09 10:20:06 [INFO] 分割成功
2025-06-09 10:20:06 [INFO] 引擎上下文已释放
2025-06-09 10:20:06 [INFO] TensorRT 引擎已释放
2025-06-09 10:20:06 [INFO] 全局 CUDA 资源已释放
2025-06-09 10:20:06 [INFO] 分割系统资源已释放
2025-06-09 10:21:09 [INFO] CUDA 初始化成功
2025-06-09 10:21:09 [INFO] 引擎加载成功: scrap_steel.engine
2025-06-09 10:21:09 [INFO] 分割系统初始化成功
2025-06-09 10:21:09 [INFO] 图像预处理完成，原始尺寸: (2160, 3840)
2025-06-09 10:21:09 [INFO] 开始执行分割...
2025-06-09 10:21:09 [DEBUG] 处理后的检测结果形状: (1, 8400, 6)
2025-06-09 10:21:09 [DEBUG] 示例检测结果: [[-3.86843109e+00 -3.19285774e+00  3.92718925e+01  1.52465477e+01
   4.21985966e-08  5.00000000e+00]
 [-5.94192123e+00 -2.84869003e+00  4.48083153e+01  3.00465355e+01
   9.37099287e-09  9.00000000e+00]
 [-3.40682602e+00 -3.36290073e+00  4.59696198e+01  3.09731445e+01
   4.19849577e-09  9.00000000e+00]]
2025-06-09 10:21:09 [DEBUG] 处理后检测输出形状: (0, 52)
2025-06-09 10:21:09 [DEBUG] 有效检测数量: 0
2025-06-09 10:21:09 [DEBUG] 检测输出为空
2025-06-09 10:21:09 [INFO] 掩码中检测到的类别: [0, 1, 2, 3, 4, 5, 6, 7, 8, 9, 10, 11, 12, 13, 15]
2025-06-09 10:21:09 [INFO] 分割完成，检测到 0 个物体
2025-06-09 10:21:09 [INFO] 从分割掩码中提取检测结果
2025-06-09 10:21:09 [INFO] 从掩码中提取了 592 个检测框
2025-06-09 10:21:09 [INFO] 保存分割和检测结果到: C:\Users\diaoqingguang\Scrap_steel_system\Scrap_Steel_In_Field\photos\segmentation\segment_20250609_102109.jpg
2025-06-09 10:21:09 [INFO] JSON结果保存到: C:\Users\diaoqingguang\Scrap_steel_system\Scrap_Steel_In_Field\photos\segmentation_result.json
2025-06-09 10:21:09 [INFO] 类别统计：{0: 16, 1: 100, 2: 34, 3: 8, 4: 36, 5: 34, 6: 39, 7: 38, 8: 53, 9: 57, 10: 32, 11: 10, 12: 12, 13: 96, 14: 0, 15: 27}
2025-06-09 10:21:09 [INFO] 面积统计：{0: 3652200.0, 1: 605988.0, 2: 69768.0, 3: 293940.0, 4: 230688.0, 5: 82116.0, 6: 706644.0, 7: 69264.0, 8: 790704.0, 9: 215244.0, 10: 157860.0, 11: 216432.0, 12: 62064.0, 13: 809208.0, 15: 71136.0}
2025-06-09 10:21:09 [INFO] 分割成功
2025-06-09 10:21:09 [INFO] 引擎上下文已释放
2025-06-09 10:21:09 [INFO] TensorRT 引擎已释放
2025-06-09 10:21:09 [INFO] 全局 CUDA 资源已释放
2025-06-09 10:21:09 [INFO] 分割系统资源已释放
2025-06-09 10:22:55 [INFO] CUDA 初始化成功
2025-06-09 10:22:55 [INFO] 引擎加载成功: scrap_steel.engine
2025-06-09 10:22:55 [INFO] 分割系统初始化成功
2025-06-09 10:22:55 [INFO] 图像预处理完成，原始尺寸: (2160, 3840)
2025-06-09 10:22:55 [INFO] 开始执行分割...
2025-06-09 10:22:55 [DEBUG] 处理后的检测结果形状: (1, 8400, 6)
2025-06-09 10:22:55 [DEBUG] 示例检测结果: [[-3.86669922e+00 -3.17669439e+00  3.92405472e+01  1.51389332e+01
   4.27178293e-08  5.00000000e+00]
 [-5.93965912e+00 -2.83030033e+00  4.48009491e+01  2.99565430e+01
   9.55220969e-09  9.00000000e+00]
 [-3.42607880e+00 -3.34588623e+00  4.59707489e+01  3.09252205e+01
   4.24484448e-09  9.00000000e+00]]
2025-06-09 10:22:55 [DEBUG] 处理后检测输出形状: (0, 52)
2025-06-09 10:22:55 [DEBUG] 有效检测数量: 0
2025-06-09 10:22:55 [DEBUG] 检测输出为空
2025-06-09 10:22:55 [INFO] 掩码中检测到的类别: [0, 1, 2, 3, 4, 5, 6, 7, 8, 9, 10, 11, 12, 13, 15]
2025-06-09 10:22:55 [INFO] 分割完成，检测到 0 个物体
2025-06-09 10:22:55 [INFO] 从分割掩码中提取检测结果
2025-06-09 10:22:55 [INFO] 从掩码中提取了 601 个检测框
2025-06-09 10:22:55 [INFO] 保存分割和检测结果到: C:\Users\diaoqingguang\Scrap_steel_system\Scrap_Steel_In_Field\photos\segmentation\segment_20250609_102255.jpg
2025-06-09 10:22:55 [INFO] JSON结果保存到: C:\Users\diaoqingguang\Scrap_steel_system\Scrap_Steel_In_Field\photos\segmentation_result.json
2025-06-09 10:22:55 [INFO] 类别统计：{0: 22, 1: 95, 2: 30, 3: 10, 4: 47, 5: 29, 6: 41, 7: 32, 8: 56, 9: 58, 10: 38, 11: 10, 12: 12, 13: 94, 14: 0, 15: 27}
2025-06-09 10:22:55 [INFO] 面积统计：{0: 3603168.0, 1: 620784.0, 2: 71136.0, 3: 306720.0, 4: 245412.0, 5: 80100.0, 6: 702180.0, 7: 65124.0, 8: 762840.0, 9: 215352.0, 10: 166752.0, 11: 212436.0, 12: 63108.0, 13: 821340.0, 15: 79164.0}
2025-06-09 10:22:55 [INFO] 分割成功
2025-06-09 10:22:55 [INFO] 引擎上下文已释放
2025-06-09 10:22:55 [INFO] TensorRT 引擎已释放
2025-06-09 10:22:55 [INFO] 全局 CUDA 资源已释放
2025-06-09 10:22:55 [INFO] 分割系统资源已释放
