2026-05-21 10:21:57 [INFO] CUDA 初始化成功
2026-05-21 10:21:57 [INFO] 引擎加载成功: scrap_steel.engine
2026-05-21 10:21:57 [INFO] 分割系统初始化成功
2026-05-21 10:22:00 [INFO] 引擎加载成功: scrap_steel.engine
2026-05-21 10:22:00 [INFO] 分割系统初始化成功
2026-05-21 10:22:00 [INFO] 图像预处理完成，原始尺寸: (2160, 3840)
2026-05-21 10:22:00 [INFO] 开始执行分割...
2026-05-21 10:22:00 [ERROR] 推理过程发生异常: explicit_context_dependent failed: invalid device context - no currently active context?
2026-05-21 10:22:00 [INFO] 分割完成，检测到 0 个物体
2026-05-21 10:22:00 [ERROR] 分割失败: 未能生成有效的分割掩码
2026-05-21 10:22:00 [INFO] 引擎上下文已释放
2026-05-21 10:22:00 [INFO] TensorRT 引擎已释放
2026-05-21 10:22:00 [INFO] 全局 CUDA 资源已释放
2026-05-21 10:22:00 [INFO] 分割系统资源已释放
2026-05-21 10:22:06 [INFO] CUDA 初始化成功
2026-05-21 10:22:06 [INFO] 引擎加载成功: scrap_steel.engine
2026-05-21 10:22:06 [INFO] 分割系统初始化成功
2026-05-21 10:22:07 [INFO] 图像预处理完成，原始尺寸: (2160, 3840)
2026-05-21 10:22:07 [INFO] 开始执行分割...
2026-05-21 10:22:07 [DEBUG] 处理后的检测结果形状: (1, 8400, 6)
2026-05-21 10:22:07 [DEBUG] 示例检测结果: [[-3.93024826e+00 -3.25245905e+00  3.95890617e+01  1.56916866e+01
   3.65192996e-08  5.00000000e+00]
 [-6.12586594e+00 -2.90720367e+00  4.47811317e+01  2.99329796e+01
   9.53872981e-09  9.00000000e+00]
 [-3.43623352e+00 -3.24782753e+00  4.59436340e+01  3.03532887e+01
   4.31426095e-09  9.00000000e+00]]
2026-05-21 10:22:07 [DEBUG] 处理后检测输出形状: (0, 52)
2026-05-21 10:22:07 [DEBUG] 有效检测数量: 0
2026-05-21 10:22:07 [DEBUG] 检测输出为空
2026-05-21 10:22:07 [INFO] 掩码中检测到的类别: [0, 1, 2, 3, 4, 5, 6, 7, 8, 9, 10, 11, 12, 13, 15]
2026-05-21 10:22:07 [INFO] 分割完成，检测到 0 个物体
2026-05-21 10:22:07 [INFO] 从分割掩码中提取检测结果
2026-05-21 10:22:07 [INFO] 从掩码中提取了 598 个检测框
2026-05-21 10:22:07 [INFO] 检测到车兜区域，将过滤区域外的目标
2026-05-21 10:22:07 [INFO] 车兜区域过滤: 598 -> 111 个目标
2026-05-21 10:22:08 [INFO] 保存分割和检测结果到: C:\code\show\Scrap_Steel_In_Field\photos\segmentation\segment_20260521_102207.jpg
2026-05-21 10:22:08 [INFO] JSON结果保存到: C:\code\show\Scrap_Steel_In_Field\photos\segmentation_result.json
2026-05-21 10:22:08 [INFO] 类别统计：{1: 78555, 2: 32724, 3: 7200, 4: 11916, 5: 45634, 6: 2196, 7: 21259, 8: 14290, 9: 41976, 10: 2412, 11: 6984, 12: 38065, 13: 6765, 15: 8172}
2026-05-21 10:22:08 [INFO] 面积统计：{1: np.float64(78555.0), 2: np.float64(32724.0), 3: np.float64(7200.0), 4: np.float64(11916.0), 5: np.float64(45634.0), 6: np.float64(2196.0), 7: np.float64(21259.0), 8: np.float64(14290.0), 9: np.float64(41976.0), 10: np.float64(2412.0), 11: np.float64(6984.0), 12: np.float64(38065.0), 13: np.float64(6765.0), 15: np.float64(8172.0)}
2026-05-21 10:22:08 [INFO] 分割成功
2026-05-21 10:22:08 [INFO] 引擎上下文已释放
2026-05-21 10:22:08 [INFO] TensorRT 引擎已释放
2026-05-21 10:22:08 [INFO] 全局 CUDA 资源已释放
2026-05-21 10:22:08 [INFO] 分割系统资源已释放
2026-05-21 10:22:12 [INFO] CUDA 初始化成功
2026-05-21 10:22:12 [INFO] 引擎加载成功: scrap_steel.engine
2026-05-21 10:22:12 [INFO] 分割系统初始化成功
2026-05-21 10:22:12 [INFO] 图像预处理完成，原始尺寸: (2160, 3840)
2026-05-21 10:22:12 [INFO] 开始执行分割...
2026-05-21 10:22:12 [DEBUG] 处理后的检测结果形状: (1, 8400, 6)
2026-05-21 10:22:12 [DEBUG] 示例检测结果: [[-4.01712799e+00 -3.29477406e+00  3.96523628e+01  1.59299574e+01
   3.70950488e-08  5.00000000e+00]
 [-6.17258835e+00 -2.93996239e+00  4.47055931e+01  3.01467876e+01
   9.35404554e-09  9.00000000e+00]
 [-3.41779709e+00 -3.27320671e+00  4.59112816e+01  3.04153576e+01
   4.24763691e-09  9.00000000e+00]]
2026-05-21 10:22:12 [DEBUG] 处理后检测输出形状: (0, 52)
2026-05-21 10:22:12 [DEBUG] 有效检测数量: 0
2026-05-21 10:22:12 [DEBUG] 检测输出为空
2026-05-21 10:22:12 [INFO] 掩码中检测到的类别: [0, 1, 2, 3, 4, 5, 6, 7, 8, 9, 10, 11, 12, 13, 15]
2026-05-21 10:22:12 [INFO] 分割完成，检测到 0 个物体
2026-05-21 10:22:12 [INFO] 从分割掩码中提取检测结果
2026-05-21 10:22:12 [INFO] 从掩码中提取了 598 个检测框
2026-05-21 10:22:12 [INFO] 检测到车兜区域，将过滤区域外的目标
2026-05-21 10:22:12 [INFO] 车兜区域过滤: 598 -> 120 个目标
2026-05-21 10:22:13 [INFO] 保存分割和检测结果到: C:\code\show\Scrap_Steel_In_Field\photos\segmentation\segment_20260521_102212.jpg
2026-05-21 10:22:13 [INFO] JSON结果保存到: C:\code\show\Scrap_Steel_In_Field\photos\segmentation_result.json
2026-05-21 10:22:13 [INFO] 类别统计：{1: 77706, 2: 24876, 3: 7236, 4: 12204, 5: 57605, 6: 5796, 7: 23737, 8: 23460, 9: 41184, 10: 3420, 11: 4860, 12: 31144, 13: 6812, 15: 7805}
2026-05-21 10:22:13 [INFO] 面积统计：{1: np.float64(77706.0), 2: np.float64(24876.0), 3: np.float64(7236.0), 4: np.float64(12204.0), 5: np.float64(57605.0), 6: np.float64(5796.0), 7: np.float64(23737.0), 8: np.float64(23460.0), 9: np.float64(41184.0), 10: np.float64(3420.0), 11: np.float64(4860.0), 12: np.float64(31144.0), 13: np.float64(6812.0), 15: np.float64(7805.0)}
2026-05-21 10:22:13 [INFO] 分割成功
2026-05-21 10:22:13 [INFO] 引擎上下文已释放
2026-05-21 10:22:13 [INFO] TensorRT 引擎已释放
2026-05-21 10:22:13 [INFO] 全局 CUDA 资源已释放
2026-05-21 10:22:13 [INFO] 分割系统资源已释放
2026-05-21 10:22:17 [INFO] CUDA 初始化成功
2026-05-21 10:22:17 [INFO] 引擎加载成功: scrap_steel.engine
2026-05-21 10:22:17 [INFO] 分割系统初始化成功
2026-05-21 10:22:17 [INFO] 图像预处理完成，原始尺寸: (2160, 3840)
2026-05-21 10:22:17 [INFO] 开始执行分割...
2026-05-21 10:22:17 [DEBUG] 处理后的检测结果形状: (1, 8400, 6)
2026-05-21 10:22:17 [DEBUG] 示例检测结果: [[-3.95701981e+00 -3.30010033e+00  3.96000900e+01  1.59142990e+01
   3.68061457e-08  5.00000000e+00]
 [-6.10789871e+00 -2.95302486e+00  4.47961960e+01  3.01184425e+01
   9.35319822e-09  9.00000000e+00]
 [-3.41231918e+00 -3.28958416e+00  4.59351768e+01  3.04021568e+01
   4.29900737e-09  9.00000000e+00]]
2026-05-21 10:22:17 [DEBUG] 处理后检测输出形状: (0, 52)
2026-05-21 10:22:17 [DEBUG] 有效检测数量: 0
2026-05-21 10:22:17 [DEBUG] 检测输出为空
2026-05-21 10:22:17 [INFO] 掩码中检测到的类别: [0, 1, 2, 3, 4, 5, 6, 7, 8, 9, 10, 11, 12, 13, 15]
2026-05-21 10:22:17 [INFO] 分割完成，检测到 0 个物体
2026-05-21 10:22:17 [INFO] 从分割掩码中提取检测结果
2026-05-21 10:22:17 [INFO] 从掩码中提取了 640 个检测框
2026-05-21 10:22:17 [INFO] 检测到车兜区域，将过滤区域外的目标
2026-05-21 10:22:17 [INFO] 车兜区域过滤: 640 -> 124 个目标
2026-05-21 10:22:17 [INFO] 保存分割和检测结果到: C:\code\show\Scrap_Steel_In_Field\photos\segmentation\segment_20260521_102217.jpg
2026-05-21 10:22:17 [INFO] JSON结果保存到: C:\code\show\Scrap_Steel_In_Field\photos\segmentation_result.json
2026-05-21 10:22:17 [INFO] 类别统计：{1: 82837, 2: 21024, 3: 7200, 4: 12060, 5: 47886, 6: 2808, 7: 26204, 8: 19577, 9: 42912, 10: 1656, 11: 5472, 12: 32702, 13: 6261, 15: 7590}
2026-05-21 10:22:17 [INFO] 面积统计：{1: np.float64(82837.0), 2: np.float64(21024.0), 3: np.float64(7200.0), 4: np.float64(12060.0), 5: np.float64(47886.0), 6: np.float64(2808.0), 7: np.float64(26204.0), 8: np.float64(19577.0), 9: np.float64(42912.0), 10: np.float64(1656.0), 11: np.float64(5472.0), 12: np.float64(32702.0), 13: np.float64(6261.0), 15: np.float64(7590.0)}
2026-05-21 10:22:17 [INFO] 分割成功
2026-05-21 10:22:17 [INFO] 引擎上下文已释放
2026-05-21 10:22:17 [INFO] TensorRT 引擎已释放
2026-05-21 10:22:17 [INFO] 全局 CUDA 资源已释放
2026-05-21 10:22:17 [INFO] 分割系统资源已释放
2026-05-21 10:22:22 [INFO] CUDA 初始化成功
2026-05-21 10:22:22 [INFO] 引擎加载成功: scrap_steel.engine
2026-05-21 10:22:22 [INFO] 分割系统初始化成功
2026-05-21 10:22:22 [INFO] 图像预处理完成，原始尺寸: (2160, 3840)
2026-05-21 10:22:22 [INFO] 开始执行分割...
2026-05-21 10:22:22 [DEBUG] 处理后的检测结果形状: (1, 8400, 6)
2026-05-21 10:22:22 [DEBUG] 示例检测结果: [[-3.98707581e+00 -3.29946327e+00  3.96330643e+01  1.58837605e+01
   3.68061457e-08  5.00000000e+00]
 [-6.15542603e+00 -2.95578575e+00  4.47737350e+01  3.01025372e+01
   9.20787446e-09  9.00000000e+00]
 [-3.42258835e+00 -3.28809071e+00  4.59534798e+01  3.04265251e+01
   4.23266755e-09  9.00000000e+00]]
2026-05-21 10:22:22 [DEBUG] 处理后检测输出形状: (0, 52)
2026-05-21 10:22:22 [DEBUG] 有效检测数量: 0
2026-05-21 10:22:22 [DEBUG] 检测输出为空
2026-05-21 10:22:22 [INFO] 掩码中检测到的类别: [0, 1, 2, 3, 4, 5, 6, 7, 8, 9, 10, 11, 12, 13, 15]
2026-05-21 10:22:22 [INFO] 分割完成，检测到 0 个物体
2026-05-21 10:22:22 [INFO] 从分割掩码中提取检测结果
2026-05-21 10:22:22 [INFO] 从掩码中提取了 639 个检测框
2026-05-21 10:22:22 [INFO] 检测到车兜区域，将过滤区域外的目标
2026-05-21 10:22:22 [INFO] 车兜区域过滤: 639 -> 118 个目标
2026-05-21 10:22:23 [INFO] 保存分割和检测结果到: C:\code\show\Scrap_Steel_In_Field\photos\segmentation\segment_20260521_102222.jpg
2026-05-21 10:22:23 [INFO] JSON结果保存到: C:\code\show\Scrap_Steel_In_Field\photos\segmentation_result.json
2026-05-21 10:22:23 [INFO] 类别统计：{1: 77873, 2: 22104, 3: 5436, 4: 11952, 5: 50805, 6: 2376, 7: 24831, 8: 15851, 9: 44820, 10: 2412, 11: 6192, 12: 42185, 13: 6359, 15: 7770}
2026-05-21 10:22:23 [INFO] 面积统计：{1: np.float64(77873.0), 2: np.float64(22104.0), 3: np.float64(5436.0), 4: np.float64(11952.0), 5: np.float64(50805.0), 6: np.float64(2376.0), 7: np.float64(24831.0), 8: np.float64(15851.0), 9: np.float64(44820.0), 10: np.float64(2412.0), 11: np.float64(6192.0), 12: np.float64(42185.0), 13: np.float64(6359.0), 15: np.float64(7770.0)}
2026-05-21 10:22:23 [INFO] 分割成功
2026-05-21 10:22:23 [INFO] 引擎上下文已释放
2026-05-21 10:22:23 [INFO] TensorRT 引擎已释放
2026-05-21 10:22:23 [INFO] 全局 CUDA 资源已释放
2026-05-21 10:22:23 [INFO] 分割系统资源已释放
2026-05-21 10:22:27 [INFO] CUDA 初始化成功
2026-05-21 10:22:27 [INFO] 引擎加载成功: scrap_steel.engine
2026-05-21 10:22:27 [INFO] 分割系统初始化成功
2026-05-21 10:22:27 [INFO] 图像预处理完成，原始尺寸: (2160, 3840)
2026-05-21 10:22:27 [INFO] 开始执行分割...
2026-05-21 10:22:27 [DEBUG] 处理后的检测结果形状: (1, 8400, 6)
2026-05-21 10:22:27 [DEBUG] 示例检测结果: [[-3.98612213e+00 -3.27382517e+00  3.96206741e+01  1.58643551e+01
   3.68061457e-08  5.00000000e+00]
 [-6.14932632e+00 -2.93913078e+00  4.48015137e+01  3.01132145e+01
   9.28053634e-09  9.00000000e+00]
 [-3.42364120e+00 -3.27250290e+00  4.59613113e+01  3.04361649e+01
   4.31426095e-09  9.00000000e+00]]
2026-05-21 10:22:27 [DEBUG] 处理后检测输出形状: (0, 52)
2026-05-21 10:22:27 [DEBUG] 有效检测数量: 0
2026-05-21 10:22:27 [DEBUG] 检测输出为空
2026-05-21 10:22:27 [INFO] 掩码中检测到的类别: [0, 1, 2, 3, 4, 5, 6, 7, 8, 9, 10, 11, 12, 13, 15]
2026-05-21 10:22:27 [INFO] 分割完成，检测到 0 个物体
2026-05-21 10:22:27 [INFO] 从分割掩码中提取检测结果
2026-05-21 10:22:27 [INFO] 从掩码中提取了 562 个检测框
2026-05-21 10:22:27 [INFO] 检测到车兜区域，将过滤区域外的目标
2026-05-21 10:22:27 [INFO] 车兜区域过滤: 562 -> 114 个目标
2026-05-21 10:22:28 [INFO] 保存分割和检测结果到: C:\code\show\Scrap_Steel_In_Field\photos\segmentation\segment_20260521_102227.jpg
2026-05-21 10:22:28 [INFO] JSON结果保存到: C:\code\show\Scrap_Steel_In_Field\photos\segmentation_result.json
2026-05-21 10:22:28 [INFO] 类别统计：{1: 73832, 2: 23904, 3: 7272, 4: 12168, 5: 48807, 6: 1944, 7: 22573, 8: 14982, 9: 45864, 10: 2808, 11: 5796, 12: 36671, 13: 5949, 15: 6725}
2026-05-21 10:22:28 [INFO] 面积统计：{1: np.float64(73832.0), 2: np.float64(23904.0), 3: np.float64(7272.0), 4: np.float64(12168.0), 5: np.float64(48807.0), 6: np.float64(1944.0), 7: np.float64(22573.0), 8: np.float64(14982.0), 9: np.float64(45864.0), 10: np.float64(2808.0), 11: np.float64(5796.0), 12: np.float64(36671.0), 13: np.float64(5949.0), 15: np.float64(6725.0)}
2026-05-21 10:22:28 [INFO] 分割成功
2026-05-21 10:22:28 [INFO] 引擎上下文已释放
2026-05-21 10:22:28 [INFO] TensorRT 引擎已释放
2026-05-21 10:22:28 [INFO] 全局 CUDA 资源已释放
2026-05-21 10:22:28 [INFO] 分割系统资源已释放
2026-05-21 10:22:32 [INFO] CUDA 初始化成功
2026-05-21 10:22:32 [INFO] 引擎加载成功: scrap_steel.engine
2026-05-21 10:22:32 [INFO] 分割系统初始化成功
2026-05-21 10:22:32 [INFO] 图像预处理完成，原始尺寸: (2160, 3840)
2026-05-21 10:22:32 [INFO] 开始执行分割...
2026-05-21 10:22:32 [DEBUG] 处理后的检测结果形状: (1, 8400, 6)
2026-05-21 10:22:32 [DEBUG] 示例检测结果: [[-4.00420761e+00 -3.28629446e+00  3.96901894e+01  1.58412495e+01
   3.70950488e-08  5.00000000e+00]
 [-6.16604233e+00 -2.94197941e+00  4.48874626e+01  3.00218811e+01
   9.50136769e-09  9.00000000e+00]
 [-3.43809891e+00 -3.27529526e+00  4.59333763e+01  3.03248901e+01
   4.34669900e-09  9.00000000e+00]]
2026-05-21 10:22:32 [DEBUG] 处理后检测输出形状: (0, 52)
2026-05-21 10:22:32 [DEBUG] 有效检测数量: 0
2026-05-21 10:22:32 [DEBUG] 检测输出为空
2026-05-21 10:22:32 [INFO] 掩码中检测到的类别: [0, 1, 2, 3, 4, 5, 6, 7, 8, 9, 10, 11, 12, 13, 15]
2026-05-21 10:22:32 [INFO] 分割完成，检测到 0 个物体
2026-05-21 10:22:32 [INFO] 从分割掩码中提取检测结果
2026-05-21 10:22:33 [INFO] 从掩码中提取了 606 个检测框
2026-05-21 10:22:33 [INFO] 检测到车兜区域，将过滤区域外的目标
2026-05-21 10:22:33 [INFO] 车兜区域过滤: 606 -> 124 个目标
2026-05-21 10:22:33 [INFO] 保存分割和检测结果到: C:\code\show\Scrap_Steel_In_Field\photos\segmentation\segment_20260521_102233.jpg
2026-05-21 10:22:33 [INFO] JSON结果保存到: C:\code\show\Scrap_Steel_In_Field\photos\segmentation_result.json
2026-05-21 10:22:33 [INFO] 类别统计：{1: 79037, 2: 40068, 3: 6192, 4: 13212, 5: 43651, 6: 3204, 7: 23143, 8: 22365, 9: 42372, 10: 5400, 11: 5940, 12: 34178, 13: 6903, 15: 6798}
2026-05-21 10:22:33 [INFO] 面积统计：{1: np.float64(79037.0), 2: np.float64(40068.0), 3: np.float64(6192.0), 4: np.float64(13212.0), 5: np.float64(43651.0), 6: np.float64(3204.0), 7: np.float64(23143.0), 8: np.float64(22365.0), 9: np.float64(42372.0), 10: np.float64(5400.0), 11: np.float64(5940.0), 12: np.float64(34178.0), 13: np.float64(6903.0), 15: np.float64(6798.0)}
2026-05-21 10:22:33 [INFO] 分割成功
2026-05-21 10:22:33 [INFO] 引擎上下文已释放
2026-05-21 10:22:33 [INFO] TensorRT 引擎已释放
2026-05-21 10:22:33 [INFO] 全局 CUDA 资源已释放
2026-05-21 10:22:33 [INFO] 分割系统资源已释放
2026-05-21 10:22:37 [INFO] CUDA 初始化成功
2026-05-21 10:22:37 [INFO] 引擎加载成功: scrap_steel.engine
2026-05-21 10:22:37 [INFO] 分割系统初始化成功
2026-05-21 10:22:37 [INFO] 图像预处理完成，原始尺寸: (2160, 3840)
2026-05-21 10:22:37 [INFO] 开始执行分割...
2026-05-21 10:22:37 [DEBUG] 处理后的检测结果形状: (1, 8400, 6)
2026-05-21 10:22:37 [DEBUG] 示例检测结果: [[-3.99251175e+00 -3.28684616e+00  3.96659279e+01  1.57499886e+01
   3.73839484e-08  5.00000000e+00]
 [-6.17356110e+00 -2.93890858e+00  4.48342171e+01  3.00444527e+01
   9.55693125e-09  9.00000000e+00]
 [-3.44561386e+00 -3.27404499e+00  4.59642944e+01  3.03978043e+01
   4.34669900e-09  9.00000000e+00]]
2026-05-21 10:22:37 [DEBUG] 处理后检测输出形状: (0, 52)
2026-05-21 10:22:37 [DEBUG] 有效检测数量: 0
2026-05-21 10:22:37 [DEBUG] 检测输出为空
2026-05-21 10:22:37 [INFO] 掩码中检测到的类别: [0, 1, 2, 3, 4, 5, 6, 7, 8, 9, 10, 11, 12, 13, 15]
2026-05-21 10:22:37 [INFO] 分割完成，检测到 0 个物体
2026-05-21 10:22:37 [INFO] 从分割掩码中提取检测结果
2026-05-21 10:22:38 [INFO] 从掩码中提取了 607 个检测框
2026-05-21 10:22:38 [INFO] 检测到车兜区域，将过滤区域外的目标
2026-05-21 10:22:38 [INFO] 车兜区域过滤: 607 -> 120 个目标
2026-05-21 10:22:38 [INFO] 保存分割和检测结果到: C:\code\show\Scrap_Steel_In_Field\photos\segmentation\segment_20260521_102238.jpg
2026-05-21 10:22:38 [INFO] JSON结果保存到: C:\code\show\Scrap_Steel_In_Field\photos\segmentation_result.json
2026-05-21 10:22:38 [INFO] 类别统计：{1: 76241, 2: 28044, 3: 6948, 4: 12924, 5: 44285, 6: 828, 7: 22327, 8: 12402, 9: 47484, 10: 1872, 11: 5544, 12: 42911, 13: 6783, 15: 7661}
2026-05-21 10:22:38 [INFO] 面积统计：{1: np.float64(76241.0), 2: np.float64(28044.0), 3: np.float64(6948.0), 4: np.float64(12924.0), 5: np.float64(44285.0), 6: np.float64(828.0), 7: np.float64(22327.0), 8: np.float64(12402.0), 9: np.float64(47484.0), 10: np.float64(1872.0), 11: np.float64(5544.0), 12: np.float64(42911.0), 13: np.float64(6783.0), 15: np.float64(7661.0)}
2026-05-21 10:22:38 [INFO] 分割成功
2026-05-21 10:22:38 [INFO] 引擎上下文已释放
2026-05-21 10:22:38 [INFO] TensorRT 引擎已释放
2026-05-21 10:22:38 [INFO] 全局 CUDA 资源已释放
2026-05-21 10:22:38 [INFO] 分割系统资源已释放
