2026-05-21 09:36:30 [INFO] CUDA 初始化成功
2026-05-21 09:36:30 [INFO] 引擎加载成功: scrap_steel.engine
2026-05-21 09:36:30 [INFO] 分割系统初始化成功
2026-05-21 09:36:33 [INFO] 引擎加载成功: scrap_steel.engine
2026-05-21 09:36:33 [INFO] 分割系统初始化成功
2026-05-21 09:36:33 [INFO] 图像预处理完成，原始尺寸: (2160, 3840)
2026-05-21 09:36:33 [INFO] 开始执行分割...
2026-05-21 09:36:33 [ERROR] 推理过程发生异常: explicit_context_dependent failed: invalid device context - no currently active context?
2026-05-21 09:36:33 [INFO] 分割完成，检测到 0 个物体
2026-05-21 09:36:33 [ERROR] 分割失败: 未能生成有效的分割掩码
2026-05-21 09:36:33 [INFO] 引擎上下文已释放
2026-05-21 09:36:33 [INFO] TensorRT 引擎已释放
2026-05-21 09:36:33 [INFO] 全局 CUDA 资源已释放
2026-05-21 09:36:33 [INFO] 分割系统资源已释放
2026-05-21 09:36:38 [INFO] CUDA 初始化成功
2026-05-21 09:36:38 [INFO] 引擎加载成功: scrap_steel.engine
2026-05-21 09:36:38 [INFO] 分割系统初始化成功
2026-05-21 09:36:38 [INFO] 图像预处理完成，原始尺寸: (2160, 3840)
2026-05-21 09:36:38 [INFO] 开始执行分割...
2026-05-21 09:36:38 [DEBUG] 处理后的检测结果形状: (1, 8400, 6)
2026-05-21 09:36:38 [DEBUG] 示例检测结果: [[-3.95902634e+00 -3.25664330e+00  3.96625252e+01  1.56577644e+01
   3.62341517e-08  5.00000000e+00]
 [-6.15485382e+00 -2.91816902e+00  4.47851677e+01  2.98940868e+01
   9.31742683e-09  9.00000000e+00]
 [-3.43133163e+00 -3.24860764e+00  4.59342804e+01  3.02653084e+01
   4.34669900e-09  9.00000000e+00]]
2026-05-21 09:36:38 [DEBUG] 处理后检测输出形状: (0, 52)
2026-05-21 09:36:38 [DEBUG] 有效检测数量: 0
2026-05-21 09:36:38 [DEBUG] 检测输出为空
2026-05-21 09:36:39 [INFO] 掩码中检测到的类别: [0, 1, 2, 3, 4, 5, 6, 7, 8, 9, 10, 11, 12, 13, 15]
2026-05-21 09:36:39 [INFO] 分割完成，检测到 0 个物体
2026-05-21 09:36:39 [INFO] 从分割掩码中提取检测结果
2026-05-21 09:36:39 [INFO] 从掩码中提取了 577 个检测框
2026-05-21 09:36:39 [INFO] 检测到车兜区域，将过滤区域外的目标
2026-05-21 09:36:39 [INFO] 车兜区域过滤: 577 -> 109 个目标
2026-05-21 09:36:39 [INFO] 保存分割和检测结果到: C:\code\show\Scrap_Steel_In_Field\photos\segmentation\segment_20260521_093639.jpg
2026-05-21 09:36:39 [INFO] JSON结果保存到: C:\code\show\Scrap_Steel_In_Field\photos\segmentation_result.json
2026-05-21 09:36:39 [INFO] 类别统计：{1: 76676, 2: 25956, 3: 8136, 4: 12672, 5: 53628, 6: 1944, 7: 22202, 8: 15672, 9: 46476, 10: 2916, 11: 6048, 12: 36717, 13: 5480, 15: 7180}
2026-05-21 09:36:39 [INFO] 面积统计：{1: np.float64(76676.0), 2: np.float64(25956.0), 3: np.float64(8136.0), 4: np.float64(12672.0), 5: np.float64(53628.0), 6: np.float64(1944.0), 7: np.float64(22202.0), 8: np.float64(15672.0), 9: np.float64(46476.0), 10: np.float64(2916.0), 11: np.float64(6048.0), 12: np.float64(36717.0), 13: np.float64(5480.0), 15: np.float64(7180.0)}
2026-05-21 09:36:39 [INFO] 分割成功
2026-05-21 09:36:39 [INFO] 引擎上下文已释放
2026-05-21 09:36:39 [INFO] TensorRT 引擎已释放
2026-05-21 09:36:39 [INFO] 全局 CUDA 资源已释放
2026-05-21 09:36:39 [INFO] 分割系统资源已释放
2026-05-21 09:36:44 [INFO] CUDA 初始化成功
2026-05-21 09:36:44 [INFO] 引擎加载成功: scrap_steel.engine
2026-05-21 09:36:44 [INFO] 分割系统初始化成功
2026-05-21 09:36:44 [INFO] 图像预处理完成，原始尺寸: (2160, 3840)
2026-05-21 09:36:44 [INFO] 开始执行分割...
2026-05-21 09:36:44 [DEBUG] 处理后的检测结果形状: (1, 8400, 6)
2026-05-21 09:36:44 [DEBUG] 示例检测结果: [[-4.00333786e+00 -3.30122662e+00  3.96038628e+01  1.59248857e+01
   3.65192996e-08  5.00000000e+00]
 [-6.14897537e+00 -2.96455097e+00  4.47534103e+01  3.00872612e+01
   9.20787446e-09  9.00000000e+00]
 [-3.42773056e+00 -3.29837608e+00  4.59021645e+01  3.03942623e+01
   4.19973123e-09  9.00000000e+00]]
2026-05-21 09:36:44 [DEBUG] 处理后检测输出形状: (0, 52)
2026-05-21 09:36:44 [DEBUG] 有效检测数量: 0
2026-05-21 09:36:44 [DEBUG] 检测输出为空
2026-05-21 09:36:44 [INFO] 掩码中检测到的类别: [0, 1, 2, 3, 4, 5, 6, 7, 8, 9, 10, 11, 12, 13, 15]
2026-05-21 09:36:44 [INFO] 分割完成，检测到 0 个物体
2026-05-21 09:36:44 [INFO] 从分割掩码中提取检测结果
2026-05-21 09:36:44 [INFO] 从掩码中提取了 581 个检测框
2026-05-21 09:36:44 [INFO] 检测到车兜区域，将过滤区域外的目标
2026-05-21 09:36:44 [INFO] 车兜区域过滤: 581 -> 119 个目标
2026-05-21 09:36:44 [INFO] 保存分割和检测结果到: C:\code\show\Scrap_Steel_In_Field\photos\segmentation\segment_20260521_093644.jpg
2026-05-21 09:36:44 [INFO] JSON结果保存到: C:\code\show\Scrap_Steel_In_Field\photos\segmentation_result.json
2026-05-21 09:36:44 [INFO] 类别统计：{1: 77998, 2: 21564, 3: 7380, 4: 10476, 5: 54517, 6: 1800, 7: 20695, 8: 14555, 9: 45180, 10: 1728, 11: 5940, 12: 36805, 13: 5707, 15: 7518}
2026-05-21 09:36:44 [INFO] 面积统计：{1: np.float64(77998.0), 2: np.float64(21564.0), 3: np.float64(7380.0), 4: np.float64(10476.0), 5: np.float64(54517.0), 6: np.float64(1800.0), 7: np.float64(20695.0), 8: np.float64(14555.0), 9: np.float64(45180.0), 10: np.float64(1728.0), 11: np.float64(5940.0), 12: np.float64(36805.0), 13: np.float64(5707.0), 15: np.float64(7518.0)}
2026-05-21 09:36:44 [INFO] 分割成功
2026-05-21 09:36:44 [INFO] 引擎上下文已释放
2026-05-21 09:36:44 [INFO] TensorRT 引擎已释放
2026-05-21 09:36:45 [INFO] 全局 CUDA 资源已释放
2026-05-21 09:36:45 [INFO] 分割系统资源已释放
2026-05-21 09:36:49 [INFO] CUDA 初始化成功
2026-05-21 09:36:49 [INFO] 引擎加载成功: scrap_steel.engine
2026-05-21 09:36:49 [INFO] 分割系统初始化成功
2026-05-21 09:36:49 [INFO] 图像预处理完成，原始尺寸: (2160, 3840)
2026-05-21 09:36:49 [INFO] 开始执行分割...
2026-05-21 09:36:49 [DEBUG] 处理后的检测结果形状: (1, 8400, 6)
2026-05-21 09:36:49 [DEBUG] 示例检测结果: [[-3.95922852e+00 -3.29734802e+00  3.94662437e+01  1.57425041e+01
   3.61102295e-08  5.00000000e+00]
 [-6.10633850e+00 -2.94055271e+00  4.47168427e+01  2.99448738e+01
   9.13351794e-09  9.00000000e+00]
 [-3.42955017e+00 -3.30072975e+00  4.59136887e+01  3.02974987e+01
   4.29900737e-09  9.00000000e+00]]
2026-05-21 09:36:49 [DEBUG] 处理后检测输出形状: (0, 52)
2026-05-21 09:36:49 [DEBUG] 有效检测数量: 0
2026-05-21 09:36:49 [DEBUG] 检测输出为空
2026-05-21 09:36:49 [INFO] 掩码中检测到的类别: [0, 1, 2, 3, 4, 5, 6, 7, 8, 9, 10, 11, 12, 13, 15]
2026-05-21 09:36:49 [INFO] 分割完成，检测到 0 个物体
2026-05-21 09:36:49 [INFO] 从分割掩码中提取检测结果
2026-05-21 09:36:50 [INFO] 从掩码中提取了 587 个检测框
2026-05-21 09:36:50 [INFO] 检测到车兜区域，将过滤区域外的目标
2026-05-21 09:36:50 [INFO] 车兜区域过滤: 587 -> 120 个目标
2026-05-21 09:36:50 [INFO] 保存分割和检测结果到: C:\code\show\Scrap_Steel_In_Field\photos\segmentation\segment_20260521_093650.jpg
2026-05-21 09:36:50 [INFO] JSON结果保存到: C:\code\show\Scrap_Steel_In_Field\photos\segmentation_result.json
2026-05-21 09:36:50 [INFO] 类别统计：{1: 80550, 2: 21672, 3: 8604, 4: 9576, 5: 55415, 6: 3636, 7: 24184, 8: 21728, 9: 46260, 10: 3420, 11: 5688, 12: 30506, 13: 5100, 15: 7235}
2026-05-21 09:36:50 [INFO] 面积统计：{1: np.float64(80550.0), 2: np.float64(21672.0), 3: np.float64(8604.0), 4: np.float64(9576.0), 5: np.float64(55415.0), 6: np.float64(3636.0), 7: np.float64(24184.0), 8: np.float64(21728.0), 9: np.float64(46260.0), 10: np.float64(3420.0), 11: np.float64(5688.0), 12: np.float64(30506.0), 13: np.float64(5100.0), 15: np.float64(7235.0)}
2026-05-21 09:36:50 [INFO] 分割成功
2026-05-21 09:36:50 [INFO] 引擎上下文已释放
2026-05-21 09:36:50 [INFO] TensorRT 引擎已释放
2026-05-21 09:36:50 [INFO] 全局 CUDA 资源已释放
2026-05-21 09:36:50 [INFO] 分割系统资源已释放
2026-05-21 09:36:54 [INFO] CUDA 初始化成功
2026-05-21 09:36:54 [INFO] 引擎加载成功: scrap_steel.engine
2026-05-21 09:36:54 [INFO] 分割系统初始化成功
2026-05-21 09:36:54 [INFO] 图像预处理完成，原始尺寸: (2160, 3840)
2026-05-21 09:36:54 [INFO] 开始执行分割...
2026-05-21 09:36:54 [DEBUG] 处理后的检测结果形状: (1, 8400, 6)
2026-05-21 09:36:54 [DEBUG] 示例检测结果: [[-3.98923111e+00 -3.29800129e+00  3.96476860e+01  1.58661280e+01
   3.65192996e-08  5.00000000e+00]
 [-6.15614700e+00 -2.94934845e+00  4.48221855e+01  3.00963287e+01
   9.13704579e-09  9.00000000e+00]
 [-3.43360138e+00 -3.31284237e+00  4.59669571e+01  3.04428711e+01
   4.21479740e-09  9.00000000e+00]]
2026-05-21 09:36:54 [DEBUG] 处理后检测输出形状: (0, 52)
2026-05-21 09:36:54 [DEBUG] 有效检测数量: 0
2026-05-21 09:36:54 [DEBUG] 检测输出为空
2026-05-21 09:36:54 [INFO] 掩码中检测到的类别: [0, 1, 2, 3, 4, 5, 6, 7, 8, 9, 10, 11, 12, 13, 15]
2026-05-21 09:36:54 [INFO] 分割完成，检测到 0 个物体
2026-05-21 09:36:54 [INFO] 从分割掩码中提取检测结果
2026-05-21 09:36:55 [INFO] 从掩码中提取了 598 个检测框
2026-05-21 09:36:55 [INFO] 检测到车兜区域，将过滤区域外的目标
2026-05-21 09:36:55 [INFO] 车兜区域过滤: 598 -> 116 个目标
2026-05-21 09:36:55 [INFO] 保存分割和检测结果到: C:\code\show\Scrap_Steel_In_Field\photos\segmentation\segment_20260521_093655.jpg
2026-05-21 09:36:55 [INFO] JSON结果保存到: C:\code\show\Scrap_Steel_In_Field\photos\segmentation_result.json
2026-05-21 09:36:55 [INFO] 类别统计：{1: 71151, 2: 22284, 3: 6804, 4: 10836, 5: 51424, 6: 1728, 7: 22290, 8: 13776, 9: 45972, 10: 2412, 11: 5436, 12: 36922, 13: 6721, 15: 8273}
2026-05-21 09:36:55 [INFO] 面积统计：{1: np.float64(71151.0), 2: np.float64(22284.0), 3: np.float64(6804.0), 4: np.float64(10836.0), 5: np.float64(51424.0), 6: np.float64(1728.0), 7: np.float64(22290.0), 8: np.float64(13776.0), 9: np.float64(45972.0), 10: np.float64(2412.0), 11: np.float64(5436.0), 12: np.float64(36922.0), 13: np.float64(6721.0), 15: np.float64(8273.0)}
2026-05-21 09:36:55 [INFO] 分割成功
2026-05-21 09:36:55 [INFO] 引擎上下文已释放
2026-05-21 09:36:55 [INFO] TensorRT 引擎已释放
2026-05-21 09:36:55 [INFO] 全局 CUDA 资源已释放
2026-05-21 09:36:55 [INFO] 分割系统资源已释放
2026-05-21 09:37:00 [INFO] CUDA 初始化成功
2026-05-21 09:37:00 [INFO] 引擎加载成功: scrap_steel.engine
2026-05-21 09:37:00 [INFO] 分割系统初始化成功
2026-05-21 09:37:00 [INFO] 图像预处理完成，原始尺寸: (2160, 3840)
2026-05-21 09:37:00 [INFO] 开始执行分割...
2026-05-21 09:37:00 [DEBUG] 处理后的检测结果形状: (1, 8400, 6)
2026-05-21 09:37:00 [DEBUG] 示例检测结果: [[-3.98962402e+00 -3.27772903e+00  3.95995369e+01  1.58123569e+01
   3.70950488e-08  5.00000000e+00]
 [-6.17919159e+00 -2.94054127e+00  4.47320862e+01  3.00867500e+01
   9.35374178e-09  9.00000000e+00]
 [-3.44247437e+00 -3.28213882e+00  4.59143600e+01  3.04280128e+01
   4.29647429e-09  9.00000000e+00]]
2026-05-21 09:37:00 [DEBUG] 处理后检测输出形状: (0, 52)
2026-05-21 09:37:00 [DEBUG] 有效检测数量: 0
2026-05-21 09:37:00 [DEBUG] 检测输出为空
2026-05-21 09:37:00 [INFO] 掩码中检测到的类别: [0, 1, 2, 3, 4, 5, 6, 7, 8, 9, 10, 11, 12, 13, 15]
2026-05-21 09:37:00 [INFO] 分割完成，检测到 0 个物体
2026-05-21 09:37:00 [INFO] 从分割掩码中提取检测结果
2026-05-21 09:37:00 [INFO] 从掩码中提取了 580 个检测框
2026-05-21 09:37:00 [INFO] 检测到车兜区域，将过滤区域外的目标
2026-05-21 09:37:00 [INFO] 车兜区域过滤: 580 -> 109 个目标
