2026-05-21 13:58:24 [INFO] CUDA 初始化成功
2026-05-21 13:58:24 [INFO] 引擎加载成功: scrap_steel.engine
2026-05-21 13:58:24 [INFO] 分割系统初始化成功
2026-05-21 13:58:27 [INFO] 引擎加载成功: scrap_steel.engine
2026-05-21 13:58:27 [INFO] 分割系统初始化成功
2026-05-21 13:58:27 [INFO] 图像预处理完成，原始尺寸: (2160, 3840)
2026-05-21 13:58:27 [INFO] 开始执行分割...
2026-05-21 13:58:27 [ERROR] 推理过程发生异常: explicit_context_dependent failed: invalid device context - no currently active context?
2026-05-21 13:58:27 [INFO] 分割完成，检测到 0 个物体
2026-05-21 13:58:27 [ERROR] 分割失败: 未能生成有效的分割掩码
2026-05-21 13:58:27 [INFO] 引擎上下文已释放
2026-05-21 13:58:27 [INFO] TensorRT 引擎已释放
2026-05-21 13:58:27 [INFO] 全局 CUDA 资源已释放
2026-05-21 13:58:27 [INFO] 分割系统资源已释放
2026-05-21 13:58:32 [INFO] CUDA 初始化成功
2026-05-21 13:58:32 [INFO] 引擎加载成功: scrap_steel.engine
2026-05-21 13:58:32 [INFO] 分割系统初始化成功
2026-05-21 13:58:32 [INFO] 图像预处理完成，原始尺寸: (2160, 3840)
2026-05-21 13:58:32 [INFO] 开始执行分割...
2026-05-21 13:58:32 [DEBUG] 处理后的检测结果形状: (1, 8400, 6)
2026-05-21 13:58:32 [DEBUG] 示例检测结果: [[-4.14252090e+00 -3.32449532e+00  3.90448456e+01  1.56820469e+01
   4.10676293e-08  5.00000000e+00]
 [-6.46649933e+00 -3.07062626e+00  4.40841675e+01  2.98518906e+01
   9.57522062e-09  9.00000000e+00]
 [-3.66225052e+00 -3.65485954e+00  4.56838036e+01  3.04362621e+01
   4.11920098e-09  9.00000000e+00]]
2026-05-21 13:58:32 [DEBUG] 处理后检测输出形状: (0, 52)
2026-05-21 13:58:32 [DEBUG] 有效检测数量: 0
2026-05-21 13:58:32 [DEBUG] 检测输出为空
2026-05-21 13:58:32 [INFO] 掩码中检测到的类别: [0, 1, 2, 3, 4, 5, 6, 7, 8, 9, 10, 11, 12, 13, 15]
2026-05-21 13:58:32 [INFO] 分割完成，检测到 0 个物体
2026-05-21 13:58:32 [INFO] 从分割掩码中提取检测结果
2026-05-21 13:58:33 [INFO] 从掩码中提取了 539 个检测框
2026-05-21 13:58:33 [INFO] 检测到车兜区域，将过滤区域外的目标
2026-05-21 13:58:33 [INFO] 车兜区域过滤: 539 -> 197 个目标
2026-05-21 13:58:33 [INFO] 保存分割和检测结果到: C:\code\show\Scrap_Steel_In_Field\photos\segmentation\segment_20260521_135833.jpg
2026-05-21 13:58:33 [INFO] JSON结果保存到: C:\code\show\Scrap_Steel_In_Field\photos\segmentation_result.json
2026-05-21 13:58:33 [INFO] 类别统计：{1: 371523, 2: 30528, 3: 504, 4: 12024, 5: 57924, 6: 47988, 7: 27396, 8: 20052, 9: 37180, 10: 93312, 11: 828, 12: 101376, 13: 10263, 15: 12960}
2026-05-21 13:58:33 [INFO] 面积统计：{1: np.float64(371523.0), 2: np.float64(30528.0), 3: np.float64(504.0), 4: np.float64(12024.0), 5: np.float64(57924.0), 6: np.float64(47988.0), 7: np.float64(27396.0), 8: np.float64(20052.0), 9: np.float64(37180.0), 10: np.float64(93312.0), 11: np.float64(828.0), 12: np.float64(101376.0), 13: np.float64(10263.0), 15: np.float64(12960.0)}
2026-05-21 13:58:33 [INFO] 分割成功
2026-05-21 13:58:33 [INFO] 引擎上下文已释放
2026-05-21 13:58:33 [INFO] TensorRT 引擎已释放
2026-05-21 13:58:33 [INFO] 全局 CUDA 资源已释放
2026-05-21 13:58:33 [INFO] 分割系统资源已释放
2026-05-21 13:58:37 [INFO] CUDA 初始化成功
2026-05-21 13:58:37 [INFO] 引擎加载成功: scrap_steel.engine
2026-05-21 13:58:37 [INFO] 分割系统初始化成功
2026-05-21 13:58:37 [INFO] 图像预处理完成，原始尺寸: (2160, 3840)
2026-05-21 13:58:37 [INFO] 开始执行分割...
2026-05-21 13:58:37 [DEBUG] 处理后的检测结果形状: (1, 8400, 6)
2026-05-21 13:58:37 [DEBUG] 示例检测结果: [[-4.17149353e+00 -3.30574226e+00  3.91304550e+01  1.56526718e+01
   3.97944220e-08  5.00000000e+00]
 [-6.50423813e+00 -3.07346916e+00  4.41395302e+01  2.97276363e+01
   9.36392297e-09  9.00000000e+00]
 [-3.65491486e+00 -3.61082935e+00  4.56178360e+01  3.03113785e+01
   4.02112477e-09  9.00000000e+00]]
2026-05-21 13:58:37 [DEBUG] 处理后检测输出形状: (0, 52)
2026-05-21 13:58:37 [DEBUG] 有效检测数量: 0
2026-05-21 13:58:37 [DEBUG] 检测输出为空
2026-05-21 13:58:37 [INFO] 掩码中检测到的类别: [0, 1, 2, 3, 4, 5, 6, 7, 8, 9, 10, 11, 12, 13, 15]
2026-05-21 13:58:37 [INFO] 分割完成，检测到 0 个物体
2026-05-21 13:58:37 [INFO] 从分割掩码中提取检测结果
2026-05-21 13:58:37 [INFO] 从掩码中提取了 550 个检测框
2026-05-21 13:58:37 [INFO] 检测到车兜区域，将过滤区域外的目标
2026-05-21 13:58:37 [INFO] 车兜区域过滤: 550 -> 196 个目标
2026-05-21 13:58:38 [INFO] 保存分割和检测结果到: C:\code\show\Scrap_Steel_In_Field\photos\segmentation\segment_20260521_135837.jpg
2026-05-21 13:58:38 [INFO] JSON结果保存到: C:\code\show\Scrap_Steel_In_Field\photos\segmentation_result.json
2026-05-21 13:58:38 [INFO] 类别统计：{1: 383503, 2: 31176, 3: 1584, 4: 10908, 5: 58860, 6: 51696, 7: 29340, 8: 20520, 9: 40203, 10: 86220, 11: 432, 12: 106740, 13: 9940, 15: 13752}
2026-05-21 13:58:38 [INFO] 面积统计：{1: np.float64(383503.0), 2: np.float64(31176.0), 3: np.float64(1584.0), 4: np.float64(10908.0), 5: np.float64(58860.0), 6: np.float64(51696.0), 7: np.float64(29340.0), 8: np.float64(20520.0), 9: np.float64(40203.0), 10: np.float64(86220.0), 11: np.float64(432.0), 12: np.float64(106740.0), 13: np.float64(9940.0), 15: np.float64(13752.0)}
2026-05-21 13:58:38 [INFO] 分割成功
2026-05-21 13:58:38 [INFO] 引擎上下文已释放
2026-05-21 13:58:38 [INFO] TensorRT 引擎已释放
2026-05-21 13:58:38 [INFO] 全局 CUDA 资源已释放
2026-05-21 13:58:38 [INFO] 分割系统资源已释放
2026-05-21 13:58:42 [INFO] CUDA 初始化成功
2026-05-21 13:58:42 [INFO] 引擎加载成功: scrap_steel.engine
2026-05-21 13:58:42 [INFO] 分割系统初始化成功
2026-05-21 13:58:42 [INFO] 图像预处理完成，原始尺寸: (2160, 3840)
2026-05-21 13:58:42 [INFO] 开始执行分割...
2026-05-21 13:58:43 [DEBUG] 处理后的检测结果形状: (1, 8400, 6)
2026-05-21 13:58:43 [DEBUG] 示例检测结果: [[-4.17327881e+00 -3.32051611e+00  3.90252953e+01  1.57772198e+01
   4.10618810e-08  5.00000000e+00]
 [-6.47286224e+00 -3.08439445e+00  4.40903702e+01  2.99425716e+01
   9.42675715e-09  9.00000000e+00]
 [-3.66362762e+00 -3.65281296e+00  4.56424332e+01  3.04730148e+01
   4.05563583e-09  9.00000000e+00]]
2026-05-21 13:58:43 [DEBUG] 处理后检测输出形状: (0, 52)
2026-05-21 13:58:43 [DEBUG] 有效检测数量: 0
2026-05-21 13:58:43 [DEBUG] 检测输出为空
2026-05-21 13:58:43 [INFO] 掩码中检测到的类别: [0, 1, 2, 3, 4, 5, 6, 7, 8, 9, 10, 11, 12, 13, 15]
2026-05-21 13:58:43 [INFO] 分割完成，检测到 0 个物体
2026-05-21 13:58:43 [INFO] 从分割掩码中提取检测结果
2026-05-21 13:58:43 [INFO] 从掩码中提取了 560 个检测框
2026-05-21 13:58:43 [INFO] 检测到车兜区域，将过滤区域外的目标
2026-05-21 13:58:43 [INFO] 车兜区域过滤: 560 -> 200 个目标
2026-05-21 13:58:43 [INFO] 保存分割和检测结果到: C:\code\show\Scrap_Steel_In_Field\photos\segmentation\segment_20260521_135843.jpg
2026-05-21 13:58:43 [INFO] JSON结果保存到: C:\code\show\Scrap_Steel_In_Field\photos\segmentation_result.json
2026-05-21 13:58:43 [INFO] 类别统计：{1: 377307, 2: 30888, 3: 1476, 4: 8280, 5: 60336, 6: 44928, 7: 25344, 8: 21888, 9: 42169, 10: 94680, 11: 684, 12: 108181, 13: 9930, 15: 15228}
2026-05-21 13:58:43 [INFO] 面积统计：{1: np.float64(377307.0), 2: np.float64(30888.0), 3: np.float64(1476.0), 4: np.float64(8280.0), 5: np.float64(60336.0), 6: np.float64(44928.0), 7: np.float64(25344.0), 8: np.float64(21888.0), 9: np.float64(42169.0), 10: np.float64(94680.0), 11: np.float64(684.0), 12: np.float64(108181.0), 13: np.float64(9930.0), 15: np.float64(15228.0)}
2026-05-21 13:58:43 [INFO] 分割成功
2026-05-21 13:58:43 [INFO] 引擎上下文已释放
2026-05-21 13:58:43 [INFO] TensorRT 引擎已释放
2026-05-21 13:58:43 [INFO] 全局 CUDA 资源已释放
2026-05-21 13:58:43 [INFO] 分割系统资源已释放
2026-05-21 13:58:48 [INFO] CUDA 初始化成功
2026-05-21 13:58:48 [INFO] 引擎加载成功: scrap_steel.engine
2026-05-21 13:58:48 [INFO] 分割系统初始化成功
2026-05-21 13:58:48 [INFO] 图像预处理完成，原始尺寸: (2160, 3840)
2026-05-21 13:58:48 [INFO] 开始执行分割...
2026-05-21 13:58:48 [DEBUG] 处理后的检测结果形状: (1, 8400, 6)
2026-05-21 13:58:48 [DEBUG] 示例检测结果: [[-4.11077881e+00 -3.29753733e+00  3.89879723e+01  1.56238079e+01
   4.12230179e-08  5.00000000e+00]
 [-6.44321823e+00 -3.05887318e+00  4.40730095e+01  2.98451691e+01
   9.42551104e-09  9.00000000e+00]
 [-3.65119934e+00 -3.62353420e+00  4.56366653e+01  3.03876266e+01
   4.07152712e-09  9.00000000e+00]]
2026-05-21 13:58:48 [DEBUG] 处理后检测输出形状: (0, 52)
2026-05-21 13:58:48 [DEBUG] 有效检测数量: 0
2026-05-21 13:58:48 [DEBUG] 检测输出为空
2026-05-21 13:58:48 [INFO] 掩码中检测到的类别: [0, 1, 2, 3, 4, 5, 6, 7, 8, 9, 10, 11, 12, 13, 15]
2026-05-21 13:58:48 [INFO] 分割完成，检测到 0 个物体
2026-05-21 13:58:48 [INFO] 从分割掩码中提取检测结果
2026-05-21 13:58:48 [INFO] 从掩码中提取了 545 个检测框
2026-05-21 13:58:48 [INFO] 检测到车兜区域，将过滤区域外的目标
2026-05-21 13:58:48 [INFO] 车兜区域过滤: 545 -> 183 个目标
2026-05-21 13:58:49 [INFO] 保存分割和检测结果到: C:\code\show\Scrap_Steel_In_Field\photos\segmentation\segment_20260521_135848.jpg
2026-05-21 13:58:49 [INFO] JSON结果保存到: C:\code\show\Scrap_Steel_In_Field\photos\segmentation_result.json
2026-05-21 13:58:49 [INFO] 类别统计：{1: 386349, 2: 33948, 3: 756, 4: 8964, 5: 52596, 6: 54036, 7: 25308, 8: 21168, 9: 49866, 10: 88668, 11: 468, 12: 111420, 13: 10912, 15: 11016}
2026-05-21 13:58:49 [INFO] 面积统计：{1: np.float64(386349.0), 2: np.float64(33948.0), 3: np.float64(756.0), 4: np.float64(8964.0), 5: np.float64(52596.0), 6: np.float64(54036.0), 7: np.float64(25308.0), 8: np.float64(21168.0), 9: np.float64(49866.0), 10: np.float64(88668.0), 11: np.float64(468.0), 12: np.float64(111420.0), 13: np.float64(10912.0), 15: np.float64(11016.0)}
2026-05-21 13:58:49 [INFO] 分割成功
2026-05-21 13:58:49 [INFO] 引擎上下文已释放
2026-05-21 13:58:49 [INFO] TensorRT 引擎已释放
2026-05-21 13:58:49 [INFO] 全局 CUDA 资源已释放
2026-05-21 13:58:49 [INFO] 分割系统资源已释放
2026-05-21 13:58:53 [INFO] CUDA 初始化成功
2026-05-21 13:58:53 [INFO] 引擎加载成功: scrap_steel.engine
2026-05-21 13:58:53 [INFO] 分割系统初始化成功
2026-05-21 13:58:53 [INFO] 图像预处理完成，原始尺寸: (2160, 3840)
2026-05-21 13:58:53 [INFO] 开始执行分割...
2026-05-21 13:58:54 [DEBUG] 处理后的检测结果形状: (1, 8400, 6)
2026-05-21 13:58:54 [DEBUG] 示例检测结果: [[-4.12565994e+00 -3.29085684e+00  3.89542046e+01  1.55611935e+01
   4.04163849e-08  5.00000000e+00]
 [-6.43515015e+00 -3.04627705e+00  4.40296516e+01  2.98054314e+01
   9.35025746e-09  9.00000000e+00]
 [-3.66243744e+00 -3.60776138e+00  4.56152954e+01  3.03983307e+01
   4.10330969e-09  9.00000000e+00]]
2026-05-21 13:58:54 [DEBUG] 处理后检测输出形状: (0, 52)
2026-05-21 13:58:54 [DEBUG] 有效检测数量: 0
2026-05-21 13:58:54 [DEBUG] 检测输出为空
2026-05-21 13:58:54 [INFO] 掩码中检测到的类别: [0, 1, 2, 3, 4, 5, 6, 7, 8, 9, 10, 11, 12, 13, 15]
2026-05-21 13:58:54 [INFO] 分割完成，检测到 0 个物体
2026-05-21 13:58:54 [INFO] 从分割掩码中提取检测结果
2026-05-21 13:58:54 [INFO] 从掩码中提取了 545 个检测框
2026-05-21 13:58:54 [INFO] 检测到车兜区域，将过滤区域外的目标
2026-05-21 13:58:54 [INFO] 车兜区域过滤: 545 -> 186 个目标
2026-05-21 13:58:54 [INFO] 保存分割和检测结果到: C:\code\show\Scrap_Steel_In_Field\photos\segmentation\segment_20260521_135854.jpg
2026-05-21 13:58:54 [INFO] JSON结果保存到: C:\code\show\Scrap_Steel_In_Field\photos\segmentation_result.json
2026-05-21 13:58:54 [INFO] 类别统计：{1: 393661, 2: 31716, 3: 1044, 4: 9864, 5: 55368, 6: 42408, 7: 25992, 8: 19188, 9: 45379, 10: 92808, 11: 504, 12: 104940, 13: 9553, 15: 12888}
2026-05-21 13:58:54 [INFO] 面积统计：{1: np.float64(393661.0), 2: np.float64(31716.0), 3: np.float64(1044.0), 4: np.float64(9864.0), 5: np.float64(55368.0), 6: np.float64(42408.0), 7: np.float64(25992.0), 8: np.float64(19188.0), 9: np.float64(45379.0), 10: np.float64(92808.0), 11: np.float64(504.0), 12: np.float64(104940.0), 13: np.float64(9553.0), 15: np.float64(12888.0)}
2026-05-21 13:58:54 [INFO] 分割成功
2026-05-21 13:58:54 [INFO] 引擎上下文已释放
2026-05-21 13:58:54 [INFO] TensorRT 引擎已释放
2026-05-21 13:58:54 [INFO] 全局 CUDA 资源已释放
2026-05-21 13:58:54 [INFO] 分割系统资源已释放
2026-05-21 13:58:58 [INFO] CUDA 初始化成功
2026-05-21 13:58:58 [INFO] 引擎加载成功: scrap_steel.engine
2026-05-21 13:58:58 [INFO] 分割系统初始化成功
2026-05-21 13:58:59 [INFO] 图像预处理完成，原始尺寸: (2160, 3840)
2026-05-21 13:58:59 [INFO] 开始执行分割...
2026-05-21 13:58:59 [DEBUG] 处理后的检测结果形状: (1, 8400, 6)
2026-05-21 13:58:59 [DEBUG] 示例检测结果: [[-4.11015701e+00 -3.28929996e+00  3.90442963e+01  1.55310106e+01
   4.09024956e-08  5.00000000e+00]
 [-6.48206711e+00 -3.05893803e+00  4.41414337e+01  2.97736092e+01
   9.57601820e-09  9.00000000e+00]
 [-3.66584778e+00 -3.60898399e+00  4.56583786e+01  3.03688526e+01
   4.13585166e-09  9.00000000e+00]]
2026-05-21 13:58:59 [DEBUG] 处理后检测输出形状: (0, 52)
2026-05-21 13:58:59 [DEBUG] 有效检测数量: 0
2026-05-21 13:58:59 [DEBUG] 检测输出为空
2026-05-21 13:58:59 [INFO] 掩码中检测到的类别: [0, 1, 2, 3, 4, 5, 6, 7, 8, 9, 10, 11, 12, 13, 15]
2026-05-21 13:58:59 [INFO] 分割完成，检测到 0 个物体
2026-05-21 13:58:59 [INFO] 从分割掩码中提取检测结果
2026-05-21 13:58:59 [INFO] 从掩码中提取了 566 个检测框
2026-05-21 13:58:59 [INFO] 检测到车兜区域，将过滤区域外的目标
2026-05-21 13:58:59 [INFO] 车兜区域过滤: 566 -> 187 个目标
2026-05-21 13:58:59 [INFO] 保存分割和检测结果到: C:\code\show\Scrap_Steel_In_Field\photos\segmentation\segment_20260521_135859.jpg
2026-05-21 13:58:59 [INFO] JSON结果保存到: C:\code\show\Scrap_Steel_In_Field\photos\segmentation_result.json
2026-05-21 13:58:59 [INFO] 类别统计：{1: 423294, 2: 31104, 3: 1332, 4: 5724, 5: 56232, 6: 48456, 7: 27864, 8: 21456, 9: 45159, 10: 90684, 11: 360, 12: 99826, 13: 9407, 15: 14256}
2026-05-21 13:58:59 [INFO] 面积统计：{1: np.float64(423294.0), 2: np.float64(31104.0), 3: np.float64(1332.0), 4: np.float64(5724.0), 5: np.float64(56232.0), 6: np.float64(48456.0), 7: np.float64(27864.0), 8: np.float64(21456.0), 9: np.float64(45159.0), 10: np.float64(90684.0), 11: np.float64(360.0), 12: np.float64(99826.0), 13: np.float64(9407.0), 15: np.float64(14256.0)}
2026-05-21 13:58:59 [INFO] 分割成功
2026-05-21 13:58:59 [INFO] 引擎上下文已释放
2026-05-21 13:58:59 [INFO] TensorRT 引擎已释放
2026-05-21 13:58:59 [INFO] 全局 CUDA 资源已释放
2026-05-21 13:58:59 [INFO] 分割系统资源已释放
2026-05-21 13:59:04 [INFO] CUDA 初始化成功
2026-05-21 13:59:04 [INFO] 引擎加载成功: scrap_steel.engine
2026-05-21 13:59:04 [INFO] 分割系统初始化成功
2026-05-21 13:59:04 [INFO] 图像预处理完成，原始尺寸: (2160, 3840)
2026-05-21 13:59:04 [INFO] 开始执行分割...
2026-05-21 13:59:04 [DEBUG] 处理后的检测结果形状: (1, 8400, 6)
2026-05-21 13:59:04 [DEBUG] 示例检测结果: [[-4.16811371e+00 -3.31660414e+00  3.90363159e+01  1.57432976e+01
   4.17181631e-08  5.00000000e+00]
 [-6.48215866e+00 -3.07916069e+00  4.41878929e+01  2.99922657e+01
   9.57609192e-09  9.00000000e+00]
 [-3.66123962e+00 -3.63516617e+00  4.56992569e+01  3.05072289e+01
   4.10391721e-09  9.00000000e+00]]
2026-05-21 13:59:04 [DEBUG] 处理后检测输出形状: (0, 52)
2026-05-21 13:59:04 [DEBUG] 有效检测数量: 0
2026-05-21 13:59:04 [DEBUG] 检测输出为空
2026-05-21 13:59:04 [INFO] 掩码中检测到的类别: [0, 1, 2, 3, 4, 5, 6, 7, 8, 9, 10, 11, 12, 13, 15]
2026-05-21 13:59:04 [INFO] 分割完成，检测到 0 个物体
2026-05-21 13:59:04 [INFO] 从分割掩码中提取检测结果
2026-05-21 13:59:04 [INFO] 从掩码中提取了 570 个检测框
2026-05-21 13:59:04 [INFO] 检测到车兜区域，将过滤区域外的目标
2026-05-21 13:59:04 [INFO] 车兜区域过滤: 570 -> 195 个目标
2026-05-21 13:59:05 [INFO] 保存分割和检测结果到: C:\code\show\Scrap_Steel_In_Field\photos\segmentation\segment_20260521_135904.jpg
2026-05-21 13:59:05 [INFO] JSON结果保存到: C:\code\show\Scrap_Steel_In_Field\photos\segmentation_result.json
2026-05-21 13:59:05 [INFO] 类别统计：{1: 387292, 2: 28800, 3: 1800, 4: 8352, 5: 55080, 6: 47880, 7: 25920, 8: 19440, 9: 41379, 10: 95976, 11: 324, 12: 116857, 13: 10470, 15: 15228}
2026-05-21 13:59:05 [INFO] 面积统计：{1: np.float64(387292.0), 2: np.float64(28800.0), 3: np.float64(1800.0), 4: np.float64(8352.0), 5: np.float64(55080.0), 6: np.float64(47880.0), 7: np.float64(25920.0), 8: np.float64(19440.0), 9: np.float64(41379.0), 10: np.float64(95976.0), 11: np.float64(324.0), 12: np.float64(116857.0), 13: np.float64(10470.0), 15: np.float64(15228.0)}
2026-05-21 13:59:05 [INFO] 分割成功
2026-05-21 13:59:05 [INFO] 引擎上下文已释放
2026-05-21 13:59:05 [INFO] TensorRT 引擎已释放
2026-05-21 13:59:05 [INFO] 全局 CUDA 资源已释放
2026-05-21 13:59:05 [INFO] 分割系统资源已释放
2026-05-21 13:59:09 [INFO] CUDA 初始化成功
2026-05-21 13:59:09 [INFO] 引擎加载成功: scrap_steel.engine
2026-05-21 13:59:09 [INFO] 分割系统初始化成功
2026-05-21 13:59:09 [INFO] 图像预处理完成，原始尺寸: (2160, 3840)
2026-05-21 13:59:09 [INFO] 开始执行分割...
2026-05-21 13:59:09 [DEBUG] 处理后的检测结果形状: (1, 8400, 6)
2026-05-21 13:59:09 [DEBUG] 示例检测结果: [[-4.15512848e+00 -3.31456470e+00  3.91896095e+01  1.57655821e+01
   4.10676293e-08  5.00000000e+00]
 [-6.47586823e+00 -3.05007172e+00  4.41351089e+01  2.98848038e+01
   9.49937728e-09  9.00000000e+00]
 [-3.63818359e+00 -3.62736130e+00  4.57016907e+01  3.03966980e+01
   4.11920098e-09  9.00000000e+00]]
2026-05-21 13:59:09 [DEBUG] 处理后检测输出形状: (0, 52)
2026-05-21 13:59:09 [DEBUG] 有效检测数量: 0
2026-05-21 13:59:09 [DEBUG] 检测输出为空
2026-05-21 13:59:09 [INFO] 掩码中检测到的类别: [0, 1, 2, 3, 4, 5, 6, 7, 8, 9, 10, 11, 12, 13, 15]
2026-05-21 13:59:09 [INFO] 分割完成，检测到 0 个物体
2026-05-21 13:59:09 [INFO] 从分割掩码中提取检测结果
2026-05-21 13:59:09 [INFO] 从掩码中提取了 572 个检测框
2026-05-21 13:59:09 [INFO] 检测到车兜区域，将过滤区域外的目标
2026-05-21 13:59:09 [INFO] 车兜区域过滤: 572 -> 197 个目标
2026-05-21 13:59:10 [INFO] 保存分割和检测结果到: C:\code\show\Scrap_Steel_In_Field\photos\segmentation\segment_20260521_135909.jpg
2026-05-21 13:59:10 [INFO] JSON结果保存到: C:\code\show\Scrap_Steel_In_Field\photos\segmentation_result.json
2026-05-21 13:59:10 [INFO] 类别统计：{1: 400730, 2: 30492, 3: 1980, 4: 9756, 5: 57312, 6: 46332, 7: 31176, 8: 20088, 9: 43813, 10: 90576, 11: 792, 12: 97164, 13: 10648, 15: 14544}
2026-05-21 13:59:10 [INFO] 面积统计：{1: np.float64(400730.0), 2: np.float64(30492.0), 3: np.float64(1980.0), 4: np.float64(9756.0), 5: np.float64(57312.0), 6: np.float64(46332.0), 7: np.float64(31176.0), 8: np.float64(20088.0), 9: np.float64(43813.0), 10: np.float64(90576.0), 11: np.float64(792.0), 12: np.float64(97164.0), 13: np.float64(10648.0), 15: np.float64(14544.0)}
2026-05-21 13:59:10 [INFO] 分割成功
2026-05-21 13:59:10 [INFO] 引擎上下文已释放
2026-05-21 13:59:10 [INFO] TensorRT 引擎已释放
2026-05-21 13:59:10 [INFO] 全局 CUDA 资源已释放
2026-05-21 13:59:10 [INFO] 分割系统资源已释放
2026-05-21 13:59:14 [INFO] CUDA 初始化成功
2026-05-21 13:59:14 [INFO] 引擎加载成功: scrap_steel.engine
2026-05-21 13:59:14 [INFO] 分割系统初始化成功
2026-05-21 13:59:14 [INFO] 图像预处理完成，原始尺寸: (2160, 3840)
2026-05-21 13:59:14 [INFO] 开始执行分割...
2026-05-21 13:59:14 [DEBUG] 处理后的检测结果形状: (1, 8400, 6)
2026-05-21 13:59:14 [DEBUG] 示例检测结果: [[-4.13951874e+00 -3.30882359e+00  3.91070709e+01  1.57056360e+01
   4.07495442e-08  5.00000000e+00]
 [-6.47327042e+00 -3.06947327e+00  4.42059784e+01  2.99587173e+01
   9.42675715e-09  9.00000000e+00]
 [-3.67373657e+00 -3.62332535e+00  4.57246017e+01  3.04982872e+01
   4.07172962e-09  9.00000000e+00]]
2026-05-21 13:59:14 [DEBUG] 处理后检测输出形状: (0, 52)
2026-05-21 13:59:14 [DEBUG] 有效检测数量: 0
2026-05-21 13:59:14 [DEBUG] 检测输出为空
2026-05-21 13:59:14 [INFO] 掩码中检测到的类别: [0, 1, 2, 3, 4, 5, 6, 7, 8, 9, 10, 11, 12, 13, 15]
2026-05-21 13:59:14 [INFO] 分割完成，检测到 0 个物体
2026-05-21 13:59:14 [INFO] 从分割掩码中提取检测结果
2026-05-21 13:59:14 [INFO] 从掩码中提取了 557 个检测框
2026-05-21 13:59:14 [INFO] 检测到车兜区域，将过滤区域外的目标
2026-05-21 13:59:14 [INFO] 车兜区域过滤: 557 -> 188 个目标
2026-05-21 13:59:15 [INFO] 保存分割和检测结果到: C:\code\show\Scrap_Steel_In_Field\photos\segmentation\segment_20260521_135914.jpg
2026-05-21 13:59:15 [INFO] JSON结果保存到: C:\code\show\Scrap_Steel_In_Field\photos\segmentation_result.json
2026-05-21 13:59:15 [INFO] 类别统计：{1: 399143, 2: 33012, 3: 1692, 4: 9540, 5: 50364, 6: 53532, 7: 24696, 8: 21600, 9: 42025, 10: 88380, 11: 432, 12: 96408, 13: 11426, 15: 13176}
2026-05-21 13:59:15 [INFO] 面积统计：{1: np.float64(399143.0), 2: np.float64(33012.0), 3: np.float64(1692.0), 4: np.float64(9540.0), 5: np.float64(50364.0), 6: np.float64(53532.0), 7: np.float64(24696.0), 8: np.float64(21600.0), 9: np.float64(42025.0), 10: np.float64(88380.0), 11: np.float64(432.0), 12: np.float64(96408.0), 13: np.float64(11426.0), 15: np.float64(13176.0)}
2026-05-21 13:59:15 [INFO] 分割成功
2026-05-21 13:59:15 [INFO] 引擎上下文已释放
2026-05-21 13:59:15 [INFO] TensorRT 引擎已释放
2026-05-21 13:59:15 [INFO] 全局 CUDA 资源已释放
2026-05-21 13:59:15 [INFO] 分割系统资源已释放
2026-05-21 13:59:19 [INFO] CUDA 初始化成功
2026-05-21 13:59:19 [INFO] 引擎加载成功: scrap_steel.engine
2026-05-21 13:59:19 [INFO] 分割系统初始化成功
2026-05-21 13:59:20 [INFO] 图像预处理完成，原始尺寸: (2160, 3840)
2026-05-21 13:59:20 [INFO] 开始执行分割...
2026-05-21 13:59:20 [DEBUG] 处理后的检测结果形状: (1, 8400, 6)
2026-05-21 13:59:20 [DEBUG] 示例检测结果: [[-4.14343643e+00 -3.29599333e+00  3.89724808e+01  1.55699692e+01
   4.10618810e-08  5.00000000e+00]
 [-6.47684097e+00 -3.05737305e+00  4.40802422e+01  2.97842407e+01
   9.50076462e-09  9.00000000e+00]
 [-3.63423538e+00 -3.59650135e+00  4.56514587e+01  3.04028511e+01
   4.11999768e-09  9.00000000e+00]]
2026-05-21 13:59:20 [DEBUG] 处理后检测输出形状: (0, 52)
2026-05-21 13:59:20 [DEBUG] 有效检测数量: 0
2026-05-21 13:59:20 [DEBUG] 检测输出为空
2026-05-21 13:59:20 [INFO] 掩码中检测到的类别: [0, 1, 2, 3, 4, 5, 6, 7, 8, 9, 10, 11, 12, 13, 15]
2026-05-21 13:59:20 [INFO] 分割完成，检测到 0 个物体
2026-05-21 13:59:20 [INFO] 从分割掩码中提取检测结果
2026-05-21 13:59:20 [INFO] 从掩码中提取了 541 个检测框
2026-05-21 13:59:20 [INFO] 检测到车兜区域，将过滤区域外的目标
2026-05-21 13:59:20 [INFO] 车兜区域过滤: 541 -> 184 个目标
2026-05-21 13:59:20 [INFO] 保存分割和检测结果到: C:\code\show\Scrap_Steel_In_Field\photos\segmentation\segment_20260521_135920.jpg
2026-05-21 13:59:20 [INFO] JSON结果保存到: C:\code\show\Scrap_Steel_In_Field\photos\segmentation_result.json
2026-05-21 13:59:20 [INFO] 类别统计：{1: 363821, 2: 27900, 3: 1260, 4: 11016, 5: 55908, 6: 48816, 7: 29268, 8: 17604, 9: 39631, 10: 84384, 11: 612, 12: 107536, 13: 11565, 15: 13680}
2026-05-21 13:59:20 [INFO] 面积统计：{1: np.float64(363821.0), 2: np.float64(27900.0), 3: np.float64(1260.0), 4: np.float64(11016.0), 5: np.float64(55908.0), 6: np.float64(48816.0), 7: np.float64(29268.0), 8: np.float64(17604.0), 9: np.float64(39631.0), 10: np.float64(84384.0), 11: np.float64(612.0), 12: np.float64(107536.0), 13: np.float64(11565.0), 15: np.float64(13680.0)}
2026-05-21 13:59:20 [INFO] 分割成功
2026-05-21 13:59:20 [INFO] 引擎上下文已释放
2026-05-21 13:59:20 [INFO] TensorRT 引擎已释放
2026-05-21 13:59:20 [INFO] 全局 CUDA 资源已释放
2026-05-21 13:59:20 [INFO] 分割系统资源已释放
2026-05-21 13:59:25 [INFO] CUDA 初始化成功
2026-05-21 13:59:25 [INFO] 引擎加载成功: scrap_steel.engine
2026-05-21 13:59:25 [INFO] 分割系统初始化成功
2026-05-21 13:59:25 [INFO] 图像预处理完成，原始尺寸: (2160, 3840)
2026-05-21 13:59:25 [INFO] 开始执行分割...
2026-05-21 13:59:25 [DEBUG] 处理后的检测结果形状: (1, 8400, 6)
2026-05-21 13:59:25 [DEBUG] 示例检测结果: [[-4.14039230e+00 -3.32896566e+00  3.90022316e+01  1.57244015e+01
   4.17046770e-08  5.00000000e+00]
 [-6.44680405e+00 -3.08042622e+00  4.40841599e+01  2.99099159e+01
   9.35319822e-09  9.00000000e+00]
 [-3.62686539e+00 -3.60673523e+00  4.56143951e+01  3.03604355e+01
   4.00881106e-09  9.00000000e+00]]
2026-05-21 13:59:25 [DEBUG] 处理后检测输出形状: (0, 52)
2026-05-21 13:59:25 [DEBUG] 有效检测数量: 0
2026-05-21 13:59:25 [DEBUG] 检测输出为空
2026-05-21 13:59:25 [INFO] 掩码中检测到的类别: [0, 1, 2, 3, 4, 5, 6, 7, 8, 9, 10, 11, 12, 13, 15]
2026-05-21 13:59:25 [INFO] 分割完成，检测到 0 个物体
2026-05-21 13:59:25 [INFO] 从分割掩码中提取检测结果
2026-05-21 13:59:25 [INFO] 从掩码中提取了 569 个检测框
2026-05-21 13:59:25 [INFO] 检测到车兜区域，将过滤区域外的目标
2026-05-21 13:59:25 [INFO] 车兜区域过滤: 569 -> 198 个目标
2026-05-21 13:59:26 [INFO] 保存分割和检测结果到: C:\code\show\Scrap_Steel_In_Field\photos\segmentation\segment_20260521_135925.jpg
2026-05-21 13:59:26 [INFO] JSON结果保存到: C:\code\show\Scrap_Steel_In_Field\photos\segmentation_result.json
2026-05-21 13:59:26 [INFO] 类别统计：{1: 375162, 2: 28260, 3: 1836, 4: 8820, 5: 58788, 6: 50832, 7: 30096, 8: 20412, 9: 45210, 10: 98460, 11: 612, 12: 110178, 13: 10680, 15: 13824}
2026-05-21 13:59:26 [INFO] 面积统计：{1: np.float64(375162.0), 2: np.float64(28260.0), 3: np.float64(1836.0), 4: np.float64(8820.0), 5: np.float64(58788.0), 6: np.float64(50832.0), 7: np.float64(30096.0), 8: np.float64(20412.0), 9: np.float64(45210.0), 10: np.float64(98460.0), 11: np.float64(612.0), 12: np.float64(110178.0), 13: np.float64(10680.0), 15: np.float64(13824.0)}
2026-05-21 13:59:26 [INFO] 分割成功
2026-05-21 13:59:26 [INFO] 引擎上下文已释放
2026-05-21 13:59:26 [INFO] TensorRT 引擎已释放
2026-05-21 13:59:26 [INFO] 全局 CUDA 资源已释放
2026-05-21 13:59:26 [INFO] 分割系统资源已释放
2026-05-21 13:59:30 [INFO] CUDA 初始化成功
2026-05-21 13:59:30 [INFO] 引擎加载成功: scrap_steel.engine
2026-05-21 13:59:30 [INFO] 分割系统初始化成功
2026-05-21 13:59:30 [INFO] 图像预处理完成，原始尺寸: (2160, 3840)
2026-05-21 13:59:30 [INFO] 开始执行分割...
2026-05-21 13:59:30 [DEBUG] 处理后的检测结果形状: (1, 8400, 6)
2026-05-21 13:59:30 [DEBUG] 示例检测结果: [[-4.17165375e+00 -3.31509399e+00  3.90959091e+01  1.57113056e+01
   4.04163849e-08  5.00000000e+00]
 [-6.50773239e+00 -3.05951691e+00  4.40344849e+01  2.97917442e+01
   9.21856369e-09  9.00000000e+00]
 [-3.66732788e+00 -3.61239433e+00  4.56183701e+01  3.03389111e+01
   3.99126066e-09  9.00000000e+00]]
2026-05-21 13:59:30 [DEBUG] 处理后检测输出形状: (0, 52)
2026-05-21 13:59:30 [DEBUG] 有效检测数量: 0
2026-05-21 13:59:30 [DEBUG] 检测输出为空
2026-05-21 13:59:30 [INFO] 掩码中检测到的类别: [0, 1, 2, 3, 4, 5, 6, 7, 8, 9, 10, 11, 12, 13, 15]
2026-05-21 13:59:30 [INFO] 分割完成，检测到 0 个物体
2026-05-21 13:59:30 [INFO] 从分割掩码中提取检测结果
2026-05-21 13:59:31 [INFO] 从掩码中提取了 545 个检测框
2026-05-21 13:59:31 [INFO] 检测到车兜区域，将过滤区域外的目标
2026-05-21 13:59:31 [INFO] 车兜区域过滤: 545 -> 187 个目标
2026-05-21 13:59:31 [INFO] 保存分割和检测结果到: C:\code\show\Scrap_Steel_In_Field\photos\segmentation\segment_20260521_135931.jpg
2026-05-21 13:59:31 [INFO] JSON结果保存到: C:\code\show\Scrap_Steel_In_Field\photos\segmentation_result.json
2026-05-21 13:59:31 [INFO] 类别统计：{1: 382276, 2: 33012, 3: 1800, 4: 9360, 5: 54144, 6: 46548, 7: 26280, 8: 22176, 9: 46850, 10: 95148, 11: 756, 12: 98544, 13: 9769, 15: 13032}
2026-05-21 13:59:31 [INFO] 面积统计：{1: np.float64(382276.0), 2: np.float64(33012.0), 3: np.float64(1800.0), 4: np.float64(9360.0), 5: np.float64(54144.0), 6: np.float64(46548.0), 7: np.float64(26280.0), 8: np.float64(22176.0), 9: np.float64(46850.0), 10: np.float64(95148.0), 11: np.float64(756.0), 12: np.float64(98544.0), 13: np.float64(9769.0), 15: np.float64(13032.0)}
2026-05-21 13:59:31 [INFO] 分割成功
2026-05-21 13:59:31 [INFO] 引擎上下文已释放
2026-05-21 13:59:31 [INFO] TensorRT 引擎已释放
2026-05-21 13:59:31 [INFO] 全局 CUDA 资源已释放
2026-05-21 13:59:31 [INFO] 分割系统资源已释放
2026-05-21 13:59:36 [INFO] CUDA 初始化成功
2026-05-21 13:59:36 [INFO] 引擎加载成功: scrap_steel.engine
2026-05-21 13:59:36 [INFO] 分割系统初始化成功
2026-05-21 13:59:36 [INFO] 图像预处理完成，原始尺寸: (2160, 3840)
2026-05-21 13:59:36 [INFO] 开始执行分割...
2026-05-21 13:59:36 [DEBUG] 处理后的检测结果形状: (1, 8400, 6)
2026-05-21 13:59:36 [DEBUG] 示例检测结果: [[-4.15206909e+00 -3.32048750e+00  3.90125275e+01  1.56538811e+01
   4.07495442e-08  5.00000000e+00]
 [-6.45454025e+00 -3.06879616e+00  4.41012917e+01  2.98268719e+01
   9.35208977e-09  9.00000000e+00]
 [-3.67709732e+00 -3.62526894e+00  4.56858597e+01  3.04057064e+01
   4.05563583e-09  9.00000000e+00]]
2026-05-21 13:59:36 [DEBUG] 处理后检测输出形状: (0, 52)
2026-05-21 13:59:36 [DEBUG] 有效检测数量: 0
2026-05-21 13:59:36 [DEBUG] 检测输出为空
2026-05-21 13:59:36 [INFO] 掩码中检测到的类别: [0, 1, 2, 3, 4, 5, 6, 7, 8, 9, 10, 11, 12, 13, 15]
2026-05-21 13:59:36 [INFO] 分割完成，检测到 0 个物体
2026-05-21 13:59:36 [INFO] 从分割掩码中提取检测结果
2026-05-21 13:59:36 [INFO] 从掩码中提取了 554 个检测框
2026-05-21 13:59:36 [INFO] 检测到车兜区域，将过滤区域外的目标
2026-05-21 13:59:36 [INFO] 车兜区域过滤: 554 -> 195 个目标
2026-05-21 13:59:37 [INFO] 保存分割和检测结果到: C:\code\show\Scrap_Steel_In_Field\photos\segmentation\segment_20260521_135936.jpg
2026-05-21 13:59:37 [INFO] JSON结果保存到: C:\code\show\Scrap_Steel_In_Field\photos\segmentation_result.json
2026-05-21 13:59:37 [INFO] 类别统计：{1: 387268, 2: 31464, 3: 1296, 4: 3924, 5: 55872, 6: 46368, 7: 31644, 8: 20628, 9: 42930, 10: 90576, 11: 684, 12: 106980, 13: 12356, 15: 13356}
2026-05-21 13:59:37 [INFO] 面积统计：{1: np.float64(387268.0), 2: np.float64(31464.0), 3: np.float64(1296.0), 4: np.float64(3924.0), 5: np.float64(55872.0), 6: np.float64(46368.0), 7: np.float64(31644.0), 8: np.float64(20628.0), 9: np.float64(42930.0), 10: np.float64(90576.0), 11: np.float64(684.0), 12: np.float64(106980.0), 13: np.float64(12356.0), 15: np.float64(13356.0)}
2026-05-21 13:59:37 [INFO] 分割成功
2026-05-21 13:59:37 [INFO] 引擎上下文已释放
2026-05-21 13:59:37 [INFO] TensorRT 引擎已释放
2026-05-21 13:59:37 [INFO] 全局 CUDA 资源已释放
2026-05-21 13:59:37 [INFO] 分割系统资源已释放
2026-05-21 13:59:41 [INFO] CUDA 初始化成功
2026-05-21 13:59:41 [INFO] 引擎加载成功: scrap_steel.engine
2026-05-21 13:59:41 [INFO] 分割系统初始化成功
2026-05-21 13:59:41 [INFO] 图像预处理完成，原始尺寸: (2160, 3840)
2026-05-21 13:59:41 [INFO] 开始执行分割...
2026-05-21 13:59:41 [DEBUG] 处理后的检测结果形状: (1, 8400, 6)
2026-05-21 13:59:41 [DEBUG] 示例检测结果: [[-4.16962051e+00 -3.33200979e+00  3.90443153e+01  1.57418423e+01
   4.05749887e-08  5.00000000e+00]
 [-6.48093033e+00 -3.09608650e+00  4.41003761e+01  2.98666782e+01
   9.38857792e-09  9.00000000e+00]
 [-3.66308212e+00 -3.65165329e+00  4.56407814e+01  3.04063644e+01
   4.05563583e-09  9.00000000e+00]]
2026-05-21 13:59:41 [DEBUG] 处理后检测输出形状: (0, 52)
2026-05-21 13:59:41 [DEBUG] 有效检测数量: 0
2026-05-21 13:59:41 [DEBUG] 检测输出为空
2026-05-21 13:59:41 [INFO] 掩码中检测到的类别: [0, 1, 2, 3, 4, 5, 6, 7, 8, 9, 10, 11, 12, 13, 15]
2026-05-21 13:59:41 [INFO] 分割完成，检测到 0 个物体
2026-05-21 13:59:41 [INFO] 从分割掩码中提取检测结果
2026-05-21 13:59:41 [INFO] 从掩码中提取了 556 个检测框
2026-05-21 13:59:41 [INFO] 检测到车兜区域，将过滤区域外的目标
2026-05-21 13:59:41 [INFO] 车兜区域过滤: 556 -> 187 个目标
2026-05-21 13:59:42 [INFO] 保存分割和检测结果到: C:\code\show\Scrap_Steel_In_Field\photos\segmentation\segment_20260521_135941.jpg
2026-05-21 13:59:42 [INFO] JSON结果保存到: C:\code\show\Scrap_Steel_In_Field\photos\segmentation_result.json
2026-05-21 13:59:42 [INFO] 类别统计：{1: 397940, 2: 32580, 3: 1224, 4: 7884, 5: 51984, 6: 50760, 7: 27432, 8: 21240, 9: 43776, 10: 91548, 11: 900, 12: 101171, 13: 10300, 15: 14832}
2026-05-21 13:59:42 [INFO] 面积统计：{1: np.float64(397940.0), 2: np.float64(32580.0), 3: np.float64(1224.0), 4: np.float64(7884.0), 5: np.float64(51984.0), 6: np.float64(50760.0), 7: np.float64(27432.0), 8: np.float64(21240.0), 9: np.float64(43776.0), 10: np.float64(91548.0), 11: np.float64(900.0), 12: np.float64(101171.0), 13: np.float64(10300.0), 15: np.float64(14832.0)}
2026-05-21 13:59:42 [INFO] 分割成功
2026-05-21 13:59:42 [INFO] 引擎上下文已释放
2026-05-21 13:59:42 [INFO] TensorRT 引擎已释放
2026-05-21 13:59:42 [INFO] 全局 CUDA 资源已释放
2026-05-21 13:59:42 [INFO] 分割系统资源已释放
2026-05-21 13:59:46 [INFO] CUDA 初始化成功
2026-05-21 13:59:46 [INFO] 引擎加载成功: scrap_steel.engine
2026-05-21 13:59:46 [INFO] 分割系统初始化成功
2026-05-21 13:59:46 [INFO] 图像预处理完成，原始尺寸: (2160, 3840)
2026-05-21 13:59:46 [INFO] 开始执行分割...
2026-05-21 13:59:47 [DEBUG] 处理后的检测结果形状: (1, 8400, 6)
2026-05-21 13:59:47 [DEBUG] 示例检测结果: [[-4.12724304e+00 -3.29980183e+00  3.89618149e+01  1.55644159e+01
   4.07318694e-08  5.00000000e+00]
 [-6.49611282e+00 -3.04582024e+00  4.41095581e+01  2.97797451e+01
   9.35025746e-09  9.00000000e+00]
 [-3.66485977e+00 -3.62364864e+00  4.56799583e+01  3.03654442e+01
   4.15120738e-09  9.00000000e+00]]
2026-05-21 13:59:47 [DEBUG] 处理后检测输出形状: (0, 52)
2026-05-21 13:59:47 [DEBUG] 有效检测数量: 0
2026-05-21 13:59:47 [DEBUG] 检测输出为空
2026-05-21 13:59:47 [INFO] 掩码中检测到的类别: [0, 1, 2, 3, 4, 5, 6, 7, 8, 9, 10, 11, 12, 13, 15]
2026-05-21 13:59:47 [INFO] 分割完成，检测到 0 个物体
2026-05-21 13:59:47 [INFO] 从分割掩码中提取检测结果
2026-05-21 13:59:47 [INFO] 从掩码中提取了 557 个检测框
2026-05-21 13:59:47 [INFO] 检测到车兜区域，将过滤区域外的目标
2026-05-21 13:59:47 [INFO] 车兜区域过滤: 557 -> 183 个目标
2026-05-21 13:59:47 [INFO] 保存分割和检测结果到: C:\code\show\Scrap_Steel_In_Field\photos\segmentation\segment_20260521_135947.jpg
2026-05-21 13:59:47 [INFO] JSON结果保存到: C:\code\show\Scrap_Steel_In_Field\photos\segmentation_result.json
2026-05-21 13:59:47 [INFO] 类别统计：{1: 396186, 2: 34776, 3: 864, 4: 5328, 5: 59292, 6: 41112, 7: 27828, 8: 18936, 9: 42370, 10: 99216, 11: 144, 12: 105787, 13: 10049, 15: 13428}
2026-05-21 13:59:47 [INFO] 面积统计：{1: np.float64(396186.0), 2: np.float64(34776.0), 3: np.float64(864.0), 4: np.float64(5328.0), 5: np.float64(59292.0), 6: np.float64(41112.0), 7: np.float64(27828.0), 8: np.float64(18936.0), 9: np.float64(42370.0), 10: np.float64(99216.0), 11: np.float64(144.0), 12: np.float64(105787.0), 13: np.float64(10049.0), 15: np.float64(13428.0)}
2026-05-21 13:59:47 [INFO] 分割成功
2026-05-21 13:59:47 [INFO] 引擎上下文已释放
2026-05-21 13:59:47 [INFO] TensorRT 引擎已释放
2026-05-21 13:59:47 [INFO] 全局 CUDA 资源已释放
2026-05-21 13:59:47 [INFO] 分割系统资源已释放
2026-05-21 13:59:52 [INFO] CUDA 初始化成功
2026-05-21 13:59:52 [INFO] 引擎加载成功: scrap_steel.engine
2026-05-21 13:59:52 [INFO] 分割系统初始化成功
2026-05-21 13:59:52 [INFO] 图像预处理完成，原始尺寸: (2160, 3840)
2026-05-21 13:59:52 [INFO] 开始执行分割...
2026-05-21 13:59:52 [DEBUG] 处理后的检测结果形状: (1, 8400, 6)
2026-05-21 13:59:52 [DEBUG] 示例检测结果: [[-4.13918304e+00 -3.31176472e+00  3.89617577e+01  1.55974073e+01
   4.07495442e-08  5.00000000e+00]
 [-6.43212891e+00 -3.05929756e+00  4.40758362e+01  2.97360516e+01
   9.27742239e-09  9.00000000e+00]
 [-3.64907074e+00 -3.62614155e+00  4.56358032e+01  3.03347244e+01
   4.05563583e-09  9.00000000e+00]]
2026-05-21 13:59:52 [DEBUG] 处理后检测输出形状: (0, 52)
2026-05-21 13:59:52 [DEBUG] 有效检测数量: 0
2026-05-21 13:59:52 [DEBUG] 检测输出为空
2026-05-21 13:59:52 [INFO] 掩码中检测到的类别: [0, 1, 2, 3, 4, 5, 6, 7, 8, 9, 10, 11, 12, 13, 15]
2026-05-21 13:59:52 [INFO] 分割完成，检测到 0 个物体
2026-05-21 13:59:52 [INFO] 从分割掩码中提取检测结果
2026-05-21 13:59:52 [INFO] 从掩码中提取了 573 个检测框
2026-05-21 13:59:52 [INFO] 检测到车兜区域，将过滤区域外的目标
2026-05-21 13:59:52 [INFO] 车兜区域过滤: 573 -> 197 个目标
2026-05-21 13:59:53 [INFO] 保存分割和检测结果到: C:\code\show\Scrap_Steel_In_Field\photos\segmentation\segment_20260521_135952.jpg
2026-05-21 13:59:53 [INFO] JSON结果保存到: C:\code\show\Scrap_Steel_In_Field\photos\segmentation_result.json
2026-05-21 13:59:53 [INFO] 类别统计：{1: 397036, 2: 32580, 3: 216, 4: 8352, 5: 53028, 6: 44676, 7: 30096, 8: 19080, 9: 46761, 10: 90828, 11: 360, 12: 102727, 13: 11660, 15: 12816}
2026-05-21 13:59:53 [INFO] 面积统计：{1: np.float64(397036.0), 2: np.float64(32580.0), 3: np.float64(216.0), 4: np.float64(8352.0), 5: np.float64(53028.0), 6: np.float64(44676.0), 7: np.float64(30096.0), 8: np.float64(19080.0), 9: np.float64(46761.0), 10: np.float64(90828.0), 11: np.float64(360.0), 12: np.float64(102727.0), 13: np.float64(11660.0), 15: np.float64(12816.0)}
2026-05-21 13:59:53 [INFO] 分割成功
2026-05-21 13:59:53 [INFO] 引擎上下文已释放
2026-05-21 13:59:53 [INFO] TensorRT 引擎已释放
2026-05-21 13:59:53 [INFO] 全局 CUDA 资源已释放
2026-05-21 13:59:53 [INFO] 分割系统资源已释放
2026-05-21 13:59:57 [INFO] CUDA 初始化成功
2026-05-21 13:59:57 [INFO] 引擎加载成功: scrap_steel.engine
2026-05-21 13:59:57 [INFO] 分割系统初始化成功
2026-05-21 13:59:57 [INFO] 图像预处理完成，原始尺寸: (2160, 3840)
2026-05-21 13:59:57 [INFO] 开始执行分割...
2026-05-21 13:59:57 [DEBUG] 处理后的检测结果形状: (1, 8400, 6)
2026-05-21 13:59:57 [DEBUG] 示例检测结果: [[-4.16753769e+00 -3.32073212e+00  3.90658150e+01  1.57230072e+01
   4.07495442e-08  5.00000000e+00]
 [-6.43693542e+00 -3.06996155e+00  4.40932159e+01  2.98834305e+01
   9.42353395e-09  9.00000000e+00]
 [-3.65302277e+00 -3.62639236e+00  4.56680565e+01  3.04189072e+01
   4.11920098e-09  9.00000000e+00]]
2026-05-21 13:59:57 [DEBUG] 处理后检测输出形状: (0, 52)
2026-05-21 13:59:57 [DEBUG] 有效检测数量: 0
2026-05-21 13:59:57 [DEBUG] 检测输出为空
2026-05-21 13:59:57 [INFO] 掩码中检测到的类别: [0, 1, 2, 3, 4, 5, 6, 7, 8, 9, 10, 11, 12, 13, 15]
2026-05-21 13:59:57 [INFO] 分割完成，检测到 0 个物体
2026-05-21 13:59:57 [INFO] 从分割掩码中提取检测结果
2026-05-21 13:59:58 [INFO] 从掩码中提取了 534 个检测框
2026-05-21 13:59:58 [INFO] 检测到车兜区域，将过滤区域外的目标
2026-05-21 13:59:58 [INFO] 车兜区域过滤: 534 -> 183 个目标
2026-05-21 13:59:58 [INFO] 保存分割和检测结果到: C:\code\show\Scrap_Steel_In_Field\photos\segmentation\segment_20260521_135958.jpg
2026-05-21 13:59:58 [INFO] JSON结果保存到: C:\code\show\Scrap_Steel_In_Field\photos\segmentation_result.json
2026-05-21 13:59:58 [INFO] 类别统计：{1: 384808, 2: 30636, 3: 1224, 4: 6912, 5: 52380, 6: 45612, 7: 27504, 8: 19332, 9: 35557, 10: 98280, 11: 648, 12: 97668, 13: 9755, 15: 15084}
2026-05-21 13:59:58 [INFO] 面积统计：{1: np.float64(384808.0), 2: np.float64(30636.0), 3: np.float64(1224.0), 4: np.float64(6912.0), 5: np.float64(52380.0), 6: np.float64(45612.0), 7: np.float64(27504.0), 8: np.float64(19332.0), 9: np.float64(35557.0), 10: np.float64(98280.0), 11: np.float64(648.0), 12: np.float64(97668.0), 13: np.float64(9755.0), 15: np.float64(15084.0)}
2026-05-21 13:59:58 [INFO] 分割成功
2026-05-21 13:59:58 [INFO] 引擎上下文已释放
2026-05-21 13:59:58 [INFO] TensorRT 引擎已释放
2026-05-21 13:59:58 [INFO] 全局 CUDA 资源已释放
2026-05-21 13:59:58 [INFO] 分割系统资源已释放
2026-05-21 14:00:03 [INFO] CUDA 初始化成功
2026-05-21 14:00:03 [INFO] 引擎加载成功: scrap_steel.engine
2026-05-21 14:00:03 [INFO] 分割系统初始化成功
2026-05-21 14:00:03 [INFO] 图像预处理完成，原始尺寸: (2160, 3840)
2026-05-21 14:00:03 [INFO] 开始执行分割...
2026-05-21 14:00:03 [DEBUG] 处理后的检测结果形状: (1, 8400, 6)
2026-05-21 14:00:03 [DEBUG] 示例检测结果: [[-4.14230728e+00 -3.34445763e+00  3.89473801e+01  1.57978401e+01
   4.13824033e-08  5.00000000e+00]
 [-6.42980957e+00 -3.09521866e+00  4.40542145e+01  2.99444466e+01
   9.28053634e-09  9.00000000e+00]
 [-3.63095474e+00 -3.63568020e+00  4.56136246e+01  3.04344711e+01
   3.99296596e-09  9.00000000e+00]]
2026-05-21 14:00:03 [DEBUG] 处理后检测输出形状: (0, 52)
2026-05-21 14:00:03 [DEBUG] 有效检测数量: 0
2026-05-21 14:00:03 [DEBUG] 检测输出为空
2026-05-21 14:00:03 [INFO] 掩码中检测到的类别: [0, 1, 2, 3, 4, 5, 6, 7, 8, 9, 10, 11, 12, 13, 15]
2026-05-21 14:00:03 [INFO] 分割完成，检测到 0 个物体
2026-05-21 14:00:03 [INFO] 从分割掩码中提取检测结果
2026-05-21 14:00:03 [INFO] 从掩码中提取了 547 个检测框
2026-05-21 14:00:03 [INFO] 检测到车兜区域，将过滤区域外的目标
2026-05-21 14:00:03 [INFO] 车兜区域过滤: 547 -> 179 个目标
2026-05-21 14:00:04 [INFO] 保存分割和检测结果到: C:\code\show\Scrap_Steel_In_Field\photos\segmentation\segment_20260521_140003.jpg
2026-05-21 14:00:04 [INFO] JSON结果保存到: C:\code\show\Scrap_Steel_In_Field\photos\segmentation_result.json
2026-05-21 14:00:04 [INFO] 类别统计：{1: 366550, 2: 30924, 3: 1656, 4: 11520, 5: 51588, 6: 52812, 7: 27252, 8: 21852, 9: 41333, 10: 88524, 11: 792, 12: 118606, 13: 10286, 15: 14076}
2026-05-21 14:00:04 [INFO] 面积统计：{1: np.float64(366550.0), 2: np.float64(30924.0), 3: np.float64(1656.0), 4: np.float64(11520.0), 5: np.float64(51588.0), 6: np.float64(52812.0), 7: np.float64(27252.0), 8: np.float64(21852.0), 9: np.float64(41333.0), 10: np.float64(88524.0), 11: np.float64(792.0), 12: np.float64(118606.0), 13: np.float64(10286.0), 15: np.float64(14076.0)}
2026-05-21 14:00:04 [INFO] 分割成功
2026-05-21 14:00:04 [INFO] 引擎上下文已释放
2026-05-21 14:00:04 [INFO] TensorRT 引擎已释放
2026-05-21 14:00:04 [INFO] 全局 CUDA 资源已释放
2026-05-21 14:00:04 [INFO] 分割系统资源已释放
2026-05-21 14:00:08 [INFO] CUDA 初始化成功
2026-05-21 14:00:08 [INFO] 引擎加载成功: scrap_steel.engine
2026-05-21 14:00:08 [INFO] 分割系统初始化成功
2026-05-21 14:00:08 [INFO] 图像预处理完成，原始尺寸: (2160, 3840)
2026-05-21 14:00:08 [INFO] 开始执行分割...
2026-05-21 14:00:08 [DEBUG] 处理后的检测结果形状: (1, 8400, 6)
2026-05-21 14:00:08 [DEBUG] 示例检测结果: [[-4.14037704e+00 -3.31142998e+00  3.89676743e+01  1.56007957e+01
   4.01040481e-08  5.00000000e+00]
 [-6.41047668e+00 -3.04862022e+00  4.41110306e+01  2.98172169e+01
   9.38447187e-09  9.00000000e+00]
 [-3.64694214e+00 -3.59980965e+00  4.56791763e+01  3.04101620e+01
   4.05381684e-09  9.00000000e+00]]
2026-05-21 14:00:08 [DEBUG] 处理后检测输出形状: (0, 52)
2026-05-21 14:00:08 [DEBUG] 有效检测数量: 0
2026-05-21 14:00:08 [DEBUG] 检测输出为空
2026-05-21 14:00:08 [INFO] 掩码中检测到的类别: [0, 1, 2, 3, 4, 5, 6, 7, 8, 9, 10, 11, 12, 13, 15]
2026-05-21 14:00:08 [INFO] 分割完成，检测到 0 个物体
2026-05-21 14:00:08 [INFO] 从分割掩码中提取检测结果
2026-05-21 14:00:08 [INFO] 从掩码中提取了 563 个检测框
2026-05-21 14:00:08 [INFO] 检测到车兜区域，将过滤区域外的目标
2026-05-21 14:00:08 [INFO] 车兜区域过滤: 563 -> 205 个目标
2026-05-21 14:00:09 [INFO] 保存分割和检测结果到: C:\code\show\Scrap_Steel_In_Field\photos\segmentation\segment_20260521_140008.jpg
2026-05-21 14:00:09 [INFO] JSON结果保存到: C:\code\show\Scrap_Steel_In_Field\photos\segmentation_result.json
2026-05-21 14:00:09 [INFO] 类别统计：{1: 391774, 2: 33120, 3: 1476, 4: 8856, 5: 53280, 6: 40932, 7: 28044, 8: 20556, 9: 45646, 10: 95076, 11: 396, 12: 112227, 13: 9428, 15: 15732}
2026-05-21 14:00:09 [INFO] 面积统计：{1: np.float64(391774.0), 2: np.float64(33120.0), 3: np.float64(1476.0), 4: np.float64(8856.0), 5: np.float64(53280.0), 6: np.float64(40932.0), 7: np.float64(28044.0), 8: np.float64(20556.0), 9: np.float64(45646.0), 10: np.float64(95076.0), 11: np.float64(396.0), 12: np.float64(112227.0), 13: np.float64(9428.0), 15: np.float64(15732.0)}
2026-05-21 14:00:09 [INFO] 分割成功
2026-05-21 14:00:09 [INFO] 引擎上下文已释放
2026-05-21 14:00:09 [INFO] TensorRT 引擎已释放
2026-05-21 14:00:09 [INFO] 全局 CUDA 资源已释放
2026-05-21 14:00:09 [INFO] 分割系统资源已释放
2026-05-21 14:00:13 [INFO] CUDA 初始化成功
2026-05-21 14:00:13 [INFO] 引擎加载成功: scrap_steel.engine
2026-05-21 14:00:13 [INFO] 分割系统初始化成功
2026-05-21 14:00:13 [INFO] 图像预处理完成，原始尺寸: (2160, 3840)
2026-05-21 14:00:13 [INFO] 开始执行分割...
2026-05-21 14:00:13 [DEBUG] 处理后的检测结果形状: (1, 8400, 6)
2026-05-21 14:00:13 [DEBUG] 示例检测结果: [[-4.16970062e+00 -3.33307743e+00  3.90127106e+01  1.58091288e+01
   4.07318694e-08  5.00000000e+00]
 [-6.46138000e+00 -3.08103180e+00  4.39938889e+01  2.98931427e+01
   9.31361921e-09  9.00000000e+00]
 [-3.64067841e+00 -3.63721943e+00  4.55897293e+01  3.04271812e+01
   4.00689970e-09  9.00000000e+00]]
2026-05-21 14:00:13 [DEBUG] 处理后检测输出形状: (0, 52)
2026-05-21 14:00:13 [DEBUG] 有效检测数量: 0
2026-05-21 14:00:13 [DEBUG] 检测输出为空
2026-05-21 14:00:13 [INFO] 掩码中检测到的类别: [0, 1, 2, 3, 4, 5, 6, 7, 8, 9, 10, 11, 12, 13, 15]
2026-05-21 14:00:13 [INFO] 分割完成，检测到 0 个物体
2026-05-21 14:00:13 [INFO] 从分割掩码中提取检测结果
2026-05-21 14:00:14 [INFO] 从掩码中提取了 574 个检测框
2026-05-21 14:00:14 [INFO] 检测到车兜区域，将过滤区域外的目标
2026-05-21 14:00:14 [INFO] 车兜区域过滤: 574 -> 202 个目标
2026-05-21 14:00:14 [INFO] 保存分割和检测结果到: C:\code\show\Scrap_Steel_In_Field\photos\segmentation\segment_20260521_140014.jpg
2026-05-21 14:00:14 [INFO] JSON结果保存到: C:\code\show\Scrap_Steel_In_Field\photos\segmentation_result.json
2026-05-21 14:00:14 [INFO] 类别统计：{1: 410580, 2: 32544, 3: 1476, 4: 4464, 5: 56016, 6: 42876, 7: 26316, 8: 20016, 9: 45214, 10: 88812, 11: 252, 12: 98712, 13: 10702, 15: 12564}
2026-05-21 14:00:14 [INFO] 面积统计：{1: np.float64(410580.0), 2: np.float64(32544.0), 3: np.float64(1476.0), 4: np.float64(4464.0), 5: np.float64(56016.0), 6: np.float64(42876.0), 7: np.float64(26316.0), 8: np.float64(20016.0), 9: np.float64(45214.0), 10: np.float64(88812.0), 11: np.float64(252.0), 12: np.float64(98712.0), 13: np.float64(10702.0), 15: np.float64(12564.0)}
2026-05-21 14:00:14 [INFO] 分割成功
2026-05-21 14:00:14 [INFO] 引擎上下文已释放
2026-05-21 14:00:14 [INFO] TensorRT 引擎已释放
2026-05-21 14:00:14 [INFO] 全局 CUDA 资源已释放
2026-05-21 14:00:14 [INFO] 分割系统资源已释放
2026-05-21 14:00:19 [INFO] CUDA 初始化成功
2026-05-21 14:00:19 [INFO] 引擎加载成功: scrap_steel.engine
2026-05-21 14:00:19 [INFO] 分割系统初始化成功
2026-05-21 14:00:19 [INFO] 图像预处理完成，原始尺寸: (2160, 3840)
2026-05-21 14:00:19 [INFO] 开始执行分割...
2026-05-21 14:00:19 [DEBUG] 处理后的检测结果形状: (1, 8400, 6)
2026-05-21 14:00:19 [DEBUG] 示例检测结果: [[-4.19306183e+00 -3.35729408e+00  3.89751549e+01  1.58378506e+01
   4.04163849e-08  5.00000000e+00]
 [-6.53455353e+00 -3.11903000e+00  4.39873123e+01  2.98789444e+01
   9.13351794e-09  9.00000000e+00]
 [-3.66156387e+00 -3.66526031e+00  4.55810890e+01  3.03448143e+01
   3.99296596e-09  9.00000000e+00]]
2026-05-21 14:00:19 [DEBUG] 处理后检测输出形状: (0, 52)
2026-05-21 14:00:19 [DEBUG] 有效检测数量: 0
2026-05-21 14:00:19 [DEBUG] 检测输出为空
2026-05-21 14:00:19 [INFO] 掩码中检测到的类别: [0, 1, 2, 3, 4, 5, 6, 7, 8, 9, 10, 11, 12, 13, 15]
2026-05-21 14:00:19 [INFO] 分割完成，检测到 0 个物体
2026-05-21 14:00:19 [INFO] 从分割掩码中提取检测结果
2026-05-21 14:00:19 [INFO] 从掩码中提取了 563 个检测框
2026-05-21 14:00:19 [INFO] 检测到车兜区域，将过滤区域外的目标
2026-05-21 14:00:19 [INFO] 车兜区域过滤: 563 -> 187 个目标
2026-05-21 14:00:20 [INFO] 保存分割和检测结果到: C:\code\show\Scrap_Steel_In_Field\photos\segmentation\segment_20260521_140019.jpg
2026-05-21 14:00:20 [INFO] JSON结果保存到: C:\code\show\Scrap_Steel_In_Field\photos\segmentation_result.json
2026-05-21 14:00:20 [INFO] 类别统计：{1: 398960, 2: 32004, 3: 1548, 4: 4428, 5: 55764, 6: 52560, 7: 27180, 8: 20556, 9: 42964, 10: 89244, 11: 324, 12: 109946, 13: 10393, 15: 13284}
2026-05-21 14:00:20 [INFO] 面积统计：{1: np.float64(398960.0), 2: np.float64(32004.0), 3: np.float64(1548.0), 4: np.float64(4428.0), 5: np.float64(55764.0), 6: np.float64(52560.0), 7: np.float64(27180.0), 8: np.float64(20556.0), 9: np.float64(42964.0), 10: np.float64(89244.0), 11: np.float64(324.0), 12: np.float64(109946.0), 13: np.float64(10393.0), 15: np.float64(13284.0)}
2026-05-21 14:00:20 [INFO] 分割成功
2026-05-21 14:00:20 [INFO] 引擎上下文已释放
2026-05-21 14:00:20 [INFO] TensorRT 引擎已释放
2026-05-21 14:00:20 [INFO] 全局 CUDA 资源已释放
2026-05-21 14:00:20 [INFO] 分割系统资源已释放
2026-05-21 14:00:24 [INFO] CUDA 初始化成功
2026-05-21 14:00:24 [INFO] 引擎加载成功: scrap_steel.engine
2026-05-21 14:00:24 [INFO] 分割系统初始化成功
2026-05-21 14:00:24 [INFO] 图像预处理完成，原始尺寸: (2160, 3840)
2026-05-21 14:00:24 [INFO] 开始执行分割...
2026-05-21 14:00:24 [DEBUG] 处理后的检测结果形状: (1, 8400, 6)
2026-05-21 14:00:24 [DEBUG] 示例检测结果: [[-4.17094803e+00 -3.34198093e+00  3.88992081e+01  1.58268194e+01
   4.07318694e-08  5.00000000e+00]
 [-6.48161697e+00 -3.09728909e+00  4.40276451e+01  2.99477234e+01
   9.16684950e-09  9.00000000e+00]
 [-3.64951324e+00 -3.66774368e+00  4.55983658e+01  3.04328194e+01
   4.00790512e-09  9.00000000e+00]]
2026-05-21 14:00:24 [DEBUG] 处理后检测输出形状: (0, 52)
2026-05-21 14:00:24 [DEBUG] 有效检测数量: 0
2026-05-21 14:00:24 [DEBUG] 检测输出为空
2026-05-21 14:00:24 [INFO] 掩码中检测到的类别: [0, 1, 2, 3, 4, 5, 6, 7, 8, 9, 10, 11, 12, 13, 15]
2026-05-21 14:00:24 [INFO] 分割完成，检测到 0 个物体
2026-05-21 14:00:24 [INFO] 从分割掩码中提取检测结果
2026-05-21 14:00:24 [INFO] 从掩码中提取了 532 个检测框
2026-05-21 14:00:24 [INFO] 检测到车兜区域，将过滤区域外的目标
2026-05-21 14:00:24 [INFO] 车兜区域过滤: 532 -> 188 个目标
2026-05-21 14:00:25 [INFO] 保存分割和检测结果到: C:\code\show\Scrap_Steel_In_Field\photos\segmentation\segment_20260521_140024.jpg
2026-05-21 14:00:25 [INFO] JSON结果保存到: C:\code\show\Scrap_Steel_In_Field\photos\segmentation_result.json
2026-05-21 14:00:25 [INFO] 类别统计：{1: 382052, 2: 30456, 3: 1224, 4: 5616, 5: 55044, 6: 46476, 7: 28872, 8: 22248, 9: 48754, 10: 89244, 11: 504, 12: 109872, 13: 11168, 15: 11088}
2026-05-21 14:00:25 [INFO] 面积统计：{1: np.float64(382052.0), 2: np.float64(30456.0), 3: np.float64(1224.0), 4: np.float64(5616.0), 5: np.float64(55044.0), 6: np.float64(46476.0), 7: np.float64(28872.0), 8: np.float64(22248.0), 9: np.float64(48754.0), 10: np.float64(89244.0), 11: np.float64(504.0), 12: np.float64(109872.0), 13: np.float64(11168.0), 15: np.float64(11088.0)}
2026-05-21 14:00:25 [INFO] 分割成功
2026-05-21 14:00:25 [INFO] 引擎上下文已释放
2026-05-21 14:00:25 [INFO] TensorRT 引擎已释放
2026-05-21 14:00:25 [INFO] 全局 CUDA 资源已释放
2026-05-21 14:00:25 [INFO] 分割系统资源已释放
2026-05-21 14:00:29 [INFO] CUDA 初始化成功
2026-05-21 14:00:29 [INFO] 引擎加载成功: scrap_steel.engine
2026-05-21 14:00:29 [INFO] 分割系统初始化成功
2026-05-21 14:00:29 [INFO] 图像预处理完成，原始尺寸: (2160, 3840)
2026-05-21 14:00:29 [INFO] 开始执行分割...
2026-05-21 14:00:29 [DEBUG] 处理后的检测结果形状: (1, 8400, 6)
2026-05-21 14:00:29 [DEBUG] 示例检测结果: [[-4.20291138e+00 -3.36568737e+00  3.90913086e+01  1.58845797e+01
   4.02595042e-08  5.00000000e+00]
 [-6.52564621e+00 -3.11973953e+00  4.40542717e+01  2.99504356e+01
   9.27911348e-09  9.00000000e+00]
 [-3.68164444e+00 -3.68270683e+00  4.56460152e+01  3.04606991e+01
   3.96127575e-09  9.00000000e+00]]
2026-05-21 14:00:29 [DEBUG] 处理后检测输出形状: (0, 52)
2026-05-21 14:00:29 [DEBUG] 有效检测数量: 0
2026-05-21 14:00:29 [DEBUG] 检测输出为空
2026-05-21 14:00:29 [INFO] 掩码中检测到的类别: [0, 1, 2, 3, 4, 5, 6, 7, 8, 9, 10, 11, 12, 13, 15]
2026-05-21 14:00:29 [INFO] 分割完成，检测到 0 个物体
2026-05-21 14:00:29 [INFO] 从分割掩码中提取检测结果
2026-05-21 14:00:30 [INFO] 从掩码中提取了 559 个检测框
2026-05-21 14:00:30 [INFO] 检测到车兜区域，将过滤区域外的目标
2026-05-21 14:00:30 [INFO] 车兜区域过滤: 559 -> 193 个目标
2026-05-21 14:00:30 [INFO] 保存分割和检测结果到: C:\code\show\Scrap_Steel_In_Field\photos\segmentation\segment_20260521_140030.jpg
2026-05-21 14:00:30 [INFO] JSON结果保存到: C:\code\show\Scrap_Steel_In_Field\photos\segmentation_result.json
2026-05-21 14:00:30 [INFO] 类别统计：{1: 388857, 2: 30312, 3: 900, 4: 6660, 5: 55404, 6: 51372, 7: 27648, 8: 21204, 9: 42663, 10: 93420, 11: 180, 12: 108548, 13: 10634, 15: 14616}
2026-05-21 14:00:30 [INFO] 面积统计：{1: np.float64(388857.0), 2: np.float64(30312.0), 3: np.float64(900.0), 4: np.float64(6660.0), 5: np.float64(55404.0), 6: np.float64(51372.0), 7: np.float64(27648.0), 8: np.float64(21204.0), 9: np.float64(42663.0), 10: np.float64(93420.0), 11: np.float64(180.0), 12: np.float64(108548.0), 13: np.float64(10634.0), 15: np.float64(14616.0)}
2026-05-21 14:00:30 [INFO] 分割成功
2026-05-21 14:00:30 [INFO] 引擎上下文已释放
2026-05-21 14:00:30 [INFO] TensorRT 引擎已释放
2026-05-21 14:00:30 [INFO] 全局 CUDA 资源已释放
2026-05-21 14:00:30 [INFO] 分割系统资源已释放
2026-05-21 14:00:35 [INFO] CUDA 初始化成功
2026-05-21 14:00:35 [INFO] 引擎加载成功: scrap_steel.engine
2026-05-21 14:00:35 [INFO] 分割系统初始化成功
2026-05-21 14:00:35 [INFO] 图像预处理完成，原始尺寸: (2160, 3840)
2026-05-21 14:00:35 [INFO] 开始执行分割...
2026-05-21 14:00:35 [DEBUG] 处理后的检测结果形状: (1, 8400, 6)
2026-05-21 14:00:35 [DEBUG] 示例检测结果: [[-4.18998337e+00 -3.34574604e+00  3.90118027e+01  1.57844400e+01
   4.10676293e-08  5.00000000e+00]
 [-6.47437286e+00 -3.09944153e+00  4.40297623e+01  2.98606758e+01
   9.27742239e-09  9.00000000e+00]
 [-3.64374924e+00 -3.68095398e+00  4.55925369e+01  3.03778267e+01
   4.03921341e-09  9.00000000e+00]]
2026-05-21 14:00:35 [DEBUG] 处理后检测输出形状: (0, 52)
2026-05-21 14:00:35 [DEBUG] 有效检测数量: 0
2026-05-21 14:00:35 [DEBUG] 检测输出为空
2026-05-21 14:00:35 [INFO] 掩码中检测到的类别: [0, 1, 2, 3, 4, 5, 6, 7, 8, 9, 10, 11, 12, 13, 15]
2026-05-21 14:00:35 [INFO] 分割完成，检测到 0 个物体
2026-05-21 14:00:35 [INFO] 从分割掩码中提取检测结果
2026-05-21 14:00:35 [INFO] 从掩码中提取了 542 个检测框
2026-05-21 14:00:35 [INFO] 检测到车兜区域，将过滤区域外的目标
2026-05-21 14:00:35 [INFO] 车兜区域过滤: 542 -> 192 个目标
2026-05-21 14:00:36 [INFO] 保存分割和检测结果到: C:\code\show\Scrap_Steel_In_Field\photos\segmentation\segment_20260521_140035.jpg
2026-05-21 14:00:36 [INFO] JSON结果保存到: C:\code\show\Scrap_Steel_In_Field\photos\segmentation_result.json
2026-05-21 14:00:36 [INFO] 类别统计：{1: 394105, 2: 33120, 3: 1728, 4: 4536, 5: 55188, 6: 42264, 7: 30132, 8: 18792, 9: 46759, 10: 95076, 11: 108, 12: 110969, 13: 11026, 15: 11880}
2026-05-21 14:00:36 [INFO] 面积统计：{1: np.float64(394105.0), 2: np.float64(33120.0), 3: np.float64(1728.0), 4: np.float64(4536.0), 5: np.float64(55188.0), 6: np.float64(42264.0), 7: np.float64(30132.0), 8: np.float64(18792.0), 9: np.float64(46759.0), 10: np.float64(95076.0), 11: np.float64(108.0), 12: np.float64(110969.0), 13: np.float64(11026.0), 15: np.float64(11880.0)}
2026-05-21 14:00:36 [INFO] 分割成功
2026-05-21 14:00:36 [INFO] 引擎上下文已释放
2026-05-21 14:00:36 [INFO] TensorRT 引擎已释放
2026-05-21 14:00:36 [INFO] 全局 CUDA 资源已释放
2026-05-21 14:00:36 [INFO] 分割系统资源已释放
2026-05-21 14:00:40 [INFO] CUDA 初始化成功
2026-05-21 14:00:40 [INFO] 引擎加载成功: scrap_steel.engine
2026-05-21 14:00:40 [INFO] 分割系统初始化成功
2026-05-21 14:00:40 [INFO] 图像预处理完成，原始尺寸: (2160, 3840)
2026-05-21 14:00:40 [INFO] 开始执行分割...
2026-05-21 14:00:40 [DEBUG] 处理后的检测结果形状: (1, 8400, 6)
2026-05-21 14:00:40 [DEBUG] 示例检测结果: [[-4.23392487e+00 -3.38030815e+00  3.91103859e+01  1.59599590e+01
   4.07495442e-08  5.00000000e+00]
 [-6.54016113e+00 -3.13312435e+00  4.40476990e+01  3.00196877e+01
   9.20702714e-09  9.00000000e+00]
 [-3.66023254e+00 -3.69344330e+00  4.56518555e+01  3.04798660e+01
   4.02407707e-09  9.00000000e+00]]
2026-05-21 14:00:40 [DEBUG] 处理后检测输出形状: (0, 52)
2026-05-21 14:00:40 [DEBUG] 有效检测数量: 0
2026-05-21 14:00:40 [DEBUG] 检测输出为空
2026-05-21 14:00:40 [INFO] 掩码中检测到的类别: [0, 1, 2, 3, 4, 5, 6, 7, 8, 9, 10, 11, 12, 13, 15]
2026-05-21 14:00:40 [INFO] 分割完成，检测到 0 个物体
2026-05-21 14:00:40 [INFO] 从分割掩码中提取检测结果
2026-05-21 14:00:40 [INFO] 从掩码中提取了 544 个检测框
2026-05-21 14:00:40 [INFO] 检测到车兜区域，将过滤区域外的目标
2026-05-21 14:00:40 [INFO] 车兜区域过滤: 544 -> 192 个目标
2026-05-21 14:00:41 [INFO] 保存分割和检测结果到: C:\code\show\Scrap_Steel_In_Field\photos\segmentation\segment_20260521_140040.jpg
2026-05-21 14:00:41 [INFO] JSON结果保存到: C:\code\show\Scrap_Steel_In_Field\photos\segmentation_result.json
2026-05-21 14:00:41 [INFO] 类别统计：{1: 383010, 2: 30168, 3: 1332, 4: 5220, 5: 53388, 6: 43092, 7: 26028, 8: 22752, 9: 46469, 10: 93168, 11: 288, 12: 109728, 13: 11771, 15: 12924}
2026-05-21 14:00:41 [INFO] 面积统计：{1: np.float64(383010.0), 2: np.float64(30168.0), 3: np.float64(1332.0), 4: np.float64(5220.0), 5: np.float64(53388.0), 6: np.float64(43092.0), 7: np.float64(26028.0), 8: np.float64(22752.0), 9: np.float64(46469.0), 10: np.float64(93168.0), 11: np.float64(288.0), 12: np.float64(109728.0), 13: np.float64(11771.0), 15: np.float64(12924.0)}
2026-05-21 14:00:41 [INFO] 分割成功
2026-05-21 14:00:41 [INFO] 引擎上下文已释放
2026-05-21 14:00:41 [INFO] TensorRT 引擎已释放
2026-05-21 14:00:41 [INFO] 全局 CUDA 资源已释放
2026-05-21 14:00:41 [INFO] 分割系统资源已释放
2026-05-21 14:00:45 [INFO] CUDA 初始化成功
2026-05-21 14:00:45 [INFO] 引擎加载成功: scrap_steel.engine
2026-05-21 14:00:45 [INFO] 分割系统初始化成功
2026-05-21 14:00:45 [INFO] 图像预处理完成，原始尺寸: (2160, 3840)
2026-05-21 14:00:45 [INFO] 开始执行分割...
2026-05-21 14:00:45 [DEBUG] 处理后的检测结果形状: (1, 8400, 6)
2026-05-21 14:00:45 [DEBUG] 示例检测结果: [[-4.16972351e+00 -3.33514690e+00  3.90289154e+01  1.58322344e+01
   4.04170919e-08  5.00000000e+00]
 [-6.45520401e+00 -3.08724976e+00  4.40995979e+01  2.99589119e+01
   9.42353395e-09  9.00000000e+00]
 [-3.63032532e+00 -3.62474060e+00  4.56580429e+01  3.04793549e+01
   4.08650891e-09  9.00000000e+00]]
2026-05-21 14:00:45 [DEBUG] 处理后检测输出形状: (0, 52)
2026-05-21 14:00:45 [DEBUG] 有效检测数量: 0
2026-05-21 14:00:45 [DEBUG] 检测输出为空
2026-05-21 14:00:45 [INFO] 掩码中检测到的类别: [0, 1, 2, 3, 4, 5, 6, 7, 8, 9, 10, 11, 12, 13, 15]
2026-05-21 14:00:45 [INFO] 分割完成，检测到 0 个物体
2026-05-21 14:00:45 [INFO] 从分割掩码中提取检测结果
2026-05-21 14:00:46 [INFO] 从掩码中提取了 546 个检测框
2026-05-21 14:00:46 [INFO] 检测到车兜区域，将过滤区域外的目标
2026-05-21 14:00:46 [INFO] 车兜区域过滤: 546 -> 177 个目标
2026-05-21 14:00:46 [INFO] 保存分割和检测结果到: C:\code\show\Scrap_Steel_In_Field\photos\segmentation\segment_20260521_140046.jpg
2026-05-21 14:00:46 [INFO] JSON结果保存到: C:\code\show\Scrap_Steel_In_Field\photos\segmentation_result.json
2026-05-21 14:00:46 [INFO] 类别统计：{1: 401153, 2: 28440, 3: 1548, 4: 9720, 5: 56592, 6: 44100, 7: 28548, 8: 18576, 9: 48446, 10: 95004, 11: 252, 12: 100236, 13: 8850, 15: 13896}
2026-05-21 14:00:46 [INFO] 面积统计：{1: np.float64(401153.0), 2: np.float64(28440.0), 3: np.float64(1548.0), 4: np.float64(9720.0), 5: np.float64(56592.0), 6: np.float64(44100.0), 7: np.float64(28548.0), 8: np.float64(18576.0), 9: np.float64(48446.0), 10: np.float64(95004.0), 11: np.float64(252.0), 12: np.float64(100236.0), 13: np.float64(8850.0), 15: np.float64(13896.0)}
2026-05-21 14:00:46 [INFO] 分割成功
2026-05-21 14:00:46 [INFO] 引擎上下文已释放
2026-05-21 14:00:46 [INFO] TensorRT 引擎已释放
2026-05-21 14:00:46 [INFO] 全局 CUDA 资源已释放
2026-05-21 14:00:46 [INFO] 分割系统资源已释放
2026-05-21 14:00:50 [INFO] CUDA 初始化成功
2026-05-21 14:00:50 [INFO] 引擎加载成功: scrap_steel.engine
2026-05-21 14:00:50 [INFO] 分割系统初始化成功
2026-05-21 14:00:50 [INFO] 图像预处理完成，原始尺寸: (2160, 3840)
2026-05-21 14:00:50 [INFO] 开始执行分割...
2026-05-21 14:00:50 [DEBUG] 处理后的检测结果形状: (1, 8400, 6)
2026-05-21 14:00:50 [DEBUG] 示例检测结果: [[-4.16958618e+00 -3.34419823e+00  3.89519997e+01  1.58359222e+01
   4.04163849e-08  5.00000000e+00]
 [-6.46095657e+00 -3.08232307e+00  4.40072594e+01  2.98994656e+01
   9.38857792e-09  9.00000000e+00]
 [-3.64119339e+00 -3.65208530e+00  4.55963707e+01  3.04152718e+01
   4.05563583e-09  9.00000000e+00]]
2026-05-21 14:00:50 [DEBUG] 处理后检测输出形状: (0, 52)
2026-05-21 14:00:50 [DEBUG] 有效检测数量: 0
2026-05-21 14:00:50 [DEBUG] 检测输出为空
2026-05-21 14:00:50 [INFO] 掩码中检测到的类别: [0, 1, 2, 3, 4, 5, 6, 7, 8, 9, 10, 11, 12, 13, 15]
2026-05-21 14:00:50 [INFO] 分割完成，检测到 0 个物体
2026-05-21 14:00:50 [INFO] 从分割掩码中提取检测结果
2026-05-21 14:00:50 [INFO] 从掩码中提取了 536 个检测框
2026-05-21 14:00:50 [INFO] 检测到车兜区域，将过滤区域外的目标
2026-05-21 14:00:50 [INFO] 车兜区域过滤: 536 -> 180 个目标
2026-05-21 14:00:51 [INFO] 保存分割和检测结果到: C:\code\show\Scrap_Steel_In_Field\photos\segmentation\segment_20260521_140051.jpg
2026-05-21 14:00:51 [INFO] JSON结果保存到: C:\code\show\Scrap_Steel_In_Field\photos\segmentation_result.json
2026-05-21 14:00:51 [INFO] 类别统计：{1: 376830, 2: 30816, 3: 1980, 4: 7416, 5: 53316, 6: 56556, 7: 25812, 8: 22500, 9: 41662, 10: 88056, 11: 540, 12: 112716, 13: 10822, 15: 12420}
2026-05-21 14:00:51 [INFO] 面积统计：{1: np.float64(376830.0), 2: np.float64(30816.0), 3: np.float64(1980.0), 4: np.float64(7416.0), 5: np.float64(53316.0), 6: np.float64(56556.0), 7: np.float64(25812.0), 8: np.float64(22500.0), 9: np.float64(41662.0), 10: np.float64(88056.0), 11: np.float64(540.0), 12: np.float64(112716.0), 13: np.float64(10822.0), 15: np.float64(12420.0)}
2026-05-21 14:00:51 [INFO] 分割成功
2026-05-21 14:00:51 [INFO] 引擎上下文已释放
2026-05-21 14:00:51 [INFO] TensorRT 引擎已释放
2026-05-21 14:00:51 [INFO] 全局 CUDA 资源已释放
2026-05-21 14:00:51 [INFO] 分割系统资源已释放
