2026-05-22 15:21:56 [INFO] CUDA 初始化成功
2026-05-22 15:21:56 [INFO] 引擎加载成功: scrap_steel.engine
2026-05-22 15:21:56 [INFO] 分割系统初始化成功
2026-05-22 15:21:59 [INFO] 引擎加载成功: scrap_steel.engine
2026-05-22 15:21:59 [INFO] 分割系统初始化成功
2026-05-22 15:21:59 [INFO] 图像预处理完成，原始尺寸: (2160, 3840)
2026-05-22 15:21:59 [INFO] 开始执行分割...
2026-05-22 15:21:59 [ERROR] 推理过程发生异常: explicit_context_dependent failed: invalid device context - no currently active context?
2026-05-22 15:21:59 [INFO] 分割完成，检测到 0 个物体
2026-05-22 15:21:59 [ERROR] 分割失败: 未能生成有效的分割掩码
2026-05-22 15:21:59 [INFO] 引擎上下文已释放
2026-05-22 15:21:59 [INFO] TensorRT 引擎已释放
2026-05-22 15:21:59 [INFO] 全局 CUDA 资源已释放
2026-05-22 15:21:59 [INFO] 分割系统资源已释放
2026-05-22 15:22:06 [INFO] CUDA 初始化成功
2026-05-22 15:22:06 [INFO] 引擎加载成功: scrap_steel.engine
2026-05-22 15:22:06 [INFO] 分割系统初始化成功
2026-05-22 15:22:06 [INFO] 图像预处理完成，原始尺寸: (2160, 3840)
2026-05-22 15:22:06 [INFO] 开始执行分割...
2026-05-22 15:22:06 [DEBUG] 处理后的检测结果形状: (1, 8400, 6)
2026-05-22 15:22:06 [DEBUG] 示例检测结果: [[-4.10675049e+00 -3.32334995e+00  3.86997643e+01  1.58295603e+01
   4.33786340e-08  5.00000000e+00]
 [-6.40935516e+00 -3.10948086e+00  4.39152756e+01  2.99491501e+01
   9.47984446e-09  9.00000000e+00]
 [-3.64844513e+00 -3.64332104e+00  4.55488358e+01  3.04215965e+01
   4.11604617e-09  9.00000000e+00]]
2026-05-22 15:22:06 [DEBUG] 处理后检测输出形状: (4, 52)
2026-05-22 15:22:06 [DEBUG] 有效检测数量: 4
2026-05-22 15:22:06 [DEBUG] 最大置信度: 0.0957, 平均置信度: 0.0845
2026-05-22 15:22:06 [INFO] 掩码中检测到的类别: [0, 1, 2, 3, 4, 5, 6, 7, 8, 9, 10, 11, 12, 13, 15]
2026-05-22 15:22:06 [INFO] 分割完成，检测到 1 个物体
2026-05-22 15:22:06 [INFO] 检测到车兜区域，将过滤区域外的目标
2026-05-22 15:22:06 [ERROR] 发生异常: 'numpy.ndarray' object has no attribute 'get'
2026-05-22 15:22:06 [INFO] 引擎上下文已释放
2026-05-22 15:22:06 [INFO] TensorRT 引擎已释放
2026-05-22 15:22:06 [INFO] 全局 CUDA 资源已释放
2026-05-22 15:22:06 [INFO] 分割系统资源已释放
2026-05-22 15:22:11 [INFO] CUDA 初始化成功
2026-05-22 15:22:11 [INFO] 引擎加载成功: scrap_steel.engine
2026-05-22 15:22:11 [INFO] 分割系统初始化成功
2026-05-22 15:22:11 [INFO] 图像预处理完成，原始尺寸: (2160, 3840)
2026-05-22 15:22:11 [INFO] 开始执行分割...
2026-05-22 15:22:11 [DEBUG] 处理后的检测结果形状: (1, 8400, 6)
2026-05-22 15:22:11 [DEBUG] 示例检测结果: [[-4.11230850e+00 -3.33619404e+00  3.87037697e+01  1.57754889e+01
   4.33786340e-08  5.00000000e+00]
 [-6.39759064e+00 -3.09911728e+00  4.39285393e+01  2.99281540e+01
   9.47811429e-09  9.00000000e+00]
 [-3.64688110e+00 -3.62794113e+00  4.55263367e+01  3.04080353e+01
   4.17913704e-09  9.00000000e+00]]
2026-05-22 15:22:11 [DEBUG] 处理后检测输出形状: (4, 52)
2026-05-22 15:22:11 [DEBUG] 有效检测数量: 4
2026-05-22 15:22:11 [DEBUG] 最大置信度: 0.0857, 平均置信度: 0.0675
2026-05-22 15:22:11 [INFO] 掩码中检测到的类别: [0, 1, 2, 3, 4, 5, 6, 7, 8, 9, 10, 11, 12, 13, 15]
2026-05-22 15:22:11 [INFO] 分割完成，检测到 1 个物体
2026-05-22 15:22:11 [INFO] 检测到车兜区域，将过滤区域外的目标
2026-05-22 15:22:11 [ERROR] 发生异常: 'numpy.ndarray' object has no attribute 'get'
2026-05-22 15:22:11 [INFO] 引擎上下文已释放
2026-05-22 15:22:11 [INFO] TensorRT 引擎已释放
2026-05-22 15:22:11 [INFO] 全局 CUDA 资源已释放
2026-05-22 15:22:11 [INFO] 分割系统资源已释放
2026-05-22 15:22:16 [INFO] CUDA 初始化成功
2026-05-22 15:22:16 [INFO] 引擎加载成功: scrap_steel.engine
2026-05-22 15:22:16 [INFO] 分割系统初始化成功
2026-05-22 15:22:16 [INFO] 图像预处理完成，原始尺寸: (2160, 3840)
2026-05-22 15:22:16 [INFO] 开始执行分割...
2026-05-22 15:22:16 [DEBUG] 处理后的检测结果形状: (1, 8400, 6)
2026-05-22 15:22:16 [DEBUG] 示例检测结果: [[-4.08210373e+00 -3.31700230e+00  3.87532158e+01  1.56588545e+01
   4.40818262e-08  5.00000000e+00]
 [-6.39383316e+00 -3.09060669e+00  4.39080162e+01  2.97922478e+01
   9.55220969e-09  9.00000000e+00]
 [-3.66991043e+00 -3.63049316e+00  4.55353889e+01  3.03713531e+01
   4.18079082e-09  9.00000000e+00]]
2026-05-22 15:22:16 [DEBUG] 处理后检测输出形状: (4, 52)
2026-05-22 15:22:16 [DEBUG] 有效检测数量: 4
2026-05-22 15:22:16 [DEBUG] 最大置信度: 0.0711, 平均置信度: 0.0646
2026-05-22 15:22:16 [INFO] 掩码中检测到的类别: [0, 1, 2, 3, 4, 5, 6, 7, 8, 9, 10, 11, 12, 13, 15]
2026-05-22 15:22:16 [INFO] 分割完成，检测到 1 个物体
2026-05-22 15:22:16 [INFO] 检测到车兜区域，将过滤区域外的目标
2026-05-22 15:22:16 [ERROR] 发生异常: 'numpy.ndarray' object has no attribute 'get'
2026-05-22 15:22:16 [INFO] 引擎上下文已释放
2026-05-22 15:22:16 [INFO] TensorRT 引擎已释放
2026-05-22 15:22:16 [INFO] 全局 CUDA 资源已释放
2026-05-22 15:22:16 [INFO] 分割系统资源已释放
2026-05-22 15:22:20 [INFO] CUDA 初始化成功
2026-05-22 15:22:20 [INFO] 引擎加载成功: scrap_steel.engine
2026-05-22 15:22:20 [INFO] 分割系统初始化成功
2026-05-22 15:22:20 [INFO] 图像预处理完成，原始尺寸: (2160, 3840)
2026-05-22 15:22:20 [INFO] 开始执行分割...
2026-05-22 15:22:20 [DEBUG] 处理后的检测结果形状: (1, 8400, 6)
2026-05-22 15:22:20 [DEBUG] 示例检测结果: [[-4.10938644e+00 -3.33937693e+00  3.87799797e+01  1.58425007e+01
   4.30375735e-08  5.00000000e+00]
 [-6.38495636e+00 -3.10340977e+00  4.39257584e+01  2.99515114e+01
   9.40747924e-09  9.00000000e+00]
 [-3.66227722e+00 -3.66087151e+00  4.55325623e+01  3.03708668e+01
   4.10115852e-09  9.00000000e+00]]
2026-05-22 15:22:20 [DEBUG] 处理后检测输出形状: (4, 52)
2026-05-22 15:22:20 [DEBUG] 有效检测数量: 4
2026-05-22 15:22:20 [DEBUG] 最大置信度: 0.0873, 平均置信度: 0.0798
2026-05-22 15:22:20 [INFO] 掩码中检测到的类别: [0, 1, 2, 3, 4, 5, 6, 7, 8, 9, 10, 11, 12, 13, 15]
2026-05-22 15:22:21 [INFO] 分割完成，检测到 1 个物体
2026-05-22 15:22:21 [INFO] 检测到车兜区域，将过滤区域外的目标
2026-05-22 15:22:21 [ERROR] 发生异常: 'numpy.ndarray' object has no attribute 'get'
2026-05-22 15:22:21 [INFO] 引擎上下文已释放
2026-05-22 15:22:21 [INFO] TensorRT 引擎已释放
2026-05-22 15:22:21 [INFO] 全局 CUDA 资源已释放
2026-05-22 15:22:21 [INFO] 分割系统资源已释放
2026-05-22 15:22:25 [INFO] CUDA 初始化成功
2026-05-22 15:22:25 [INFO] 引擎加载成功: scrap_steel.engine
2026-05-22 15:22:26 [INFO] 分割系统初始化成功
2026-05-22 15:22:26 [INFO] 图像预处理完成，原始尺寸: (2160, 3840)
2026-05-22 15:22:26 [INFO] 开始执行分割...
2026-05-22 15:22:26 [DEBUG] 处理后的检测结果形状: (1, 8400, 6)
2026-05-22 15:22:26 [DEBUG] 示例检测结果: [[-4.08067703e+00 -3.33757305e+00  3.86587105e+01  1.58275156e+01
   4.32043450e-08  5.00000000e+00]
 [-6.40338898e+00 -3.11482143e+00  4.38406906e+01  2.98870926e+01
   9.31729094e-09  9.00000000e+00]
 [-3.64490509e+00 -3.64689541e+00  4.54653320e+01  3.03276100e+01
   4.07159106e-09  9.00000000e+00]]
2026-05-22 15:22:26 [DEBUG] 处理后检测输出形状: (2, 52)
2026-05-22 15:22:26 [DEBUG] 有效检测数量: 2
2026-05-22 15:22:26 [DEBUG] 最大置信度: 0.0564, 平均置信度: 0.0560
2026-05-22 15:22:26 [INFO] 掩码中检测到的类别: [0, 1, 2, 3, 4, 5, 6, 7, 8, 9, 10, 11, 12, 13, 15]
2026-05-22 15:22:26 [INFO] 分割完成，检测到 1 个物体
2026-05-22 15:22:26 [INFO] 检测到车兜区域，将过滤区域外的目标
2026-05-22 15:22:26 [ERROR] 发生异常: 'numpy.ndarray' object has no attribute 'get'
2026-05-22 15:22:26 [INFO] 引擎上下文已释放
2026-05-22 15:22:26 [INFO] TensorRT 引擎已释放
2026-05-22 15:22:26 [INFO] 全局 CUDA 资源已释放
2026-05-22 15:22:26 [INFO] 分割系统资源已释放
2026-05-22 15:22:31 [INFO] CUDA 初始化成功
2026-05-22 15:22:31 [INFO] 引擎加载成功: scrap_steel.engine
2026-05-22 15:22:31 [INFO] 分割系统初始化成功
2026-05-22 15:22:31 [INFO] 图像预处理完成，原始尺寸: (2160, 3840)
2026-05-22 15:22:31 [INFO] 开始执行分割...
2026-05-22 15:22:31 [DEBUG] 处理后的检测结果形状: (1, 8400, 6)
2026-05-22 15:22:31 [DEBUG] 示例检测结果: [[-4.12648392e+00 -3.32907200e+00  3.87496490e+01  1.57140532e+01
   4.30370264e-08  5.00000000e+00]
 [-6.44650650e+00 -3.10356903e+00  4.39735031e+01  2.98661766e+01
   9.47984446e-09  9.00000000e+00]
 [-3.67707062e+00 -3.64685822e+00  4.55642281e+01  3.03814621e+01
   4.18079082e-09  9.00000000e+00]]
2026-05-22 15:22:31 [DEBUG] 处理后检测输出形状: (4, 52)
2026-05-22 15:22:31 [DEBUG] 有效检测数量: 4
2026-05-22 15:22:31 [DEBUG] 最大置信度: 0.0824, 平均置信度: 0.0676
2026-05-22 15:22:31 [INFO] 掩码中检测到的类别: [0, 1, 2, 3, 4, 5, 6, 7, 8, 9, 10, 11, 12, 13, 15]
2026-05-22 15:22:31 [INFO] 分割完成，检测到 1 个物体
2026-05-22 15:22:31 [INFO] 检测到车兜区域，将过滤区域外的目标
2026-05-22 15:22:31 [ERROR] 发生异常: 'numpy.ndarray' object has no attribute 'get'
2026-05-22 15:22:31 [INFO] 引擎上下文已释放
2026-05-22 15:22:31 [INFO] TensorRT 引擎已释放
2026-05-22 15:22:31 [INFO] 全局 CUDA 资源已释放
2026-05-22 15:22:31 [INFO] 分割系统资源已释放
2026-05-22 15:22:36 [INFO] CUDA 初始化成功
2026-05-22 15:22:36 [INFO] 引擎加载成功: scrap_steel.engine
2026-05-22 15:22:36 [INFO] 分割系统初始化成功
2026-05-22 15:22:36 [INFO] 图像预处理完成，原始尺寸: (2160, 3840)
2026-05-22 15:22:36 [INFO] 开始执行分割...
2026-05-22 15:22:36 [DEBUG] 处理后的检测结果形状: (1, 8400, 6)
2026-05-22 15:22:36 [DEBUG] 示例检测结果: [[-4.14139938e+00 -3.33760643e+00  3.87983131e+01  1.57709961e+01
   4.47726904e-08  5.00000000e+00]
 [-6.48820877e+00 -3.11287880e+00  4.39303398e+01  2.99393940e+01
   9.47811429e-09  9.00000000e+00]
 [-3.68931961e+00 -3.67528343e+00  4.55633316e+01  3.03866940e+01
   4.17913704e-09  9.00000000e+00]]
2026-05-22 15:22:36 [DEBUG] 处理后检测输出形状: (4, 52)
2026-05-22 15:22:36 [DEBUG] 有效检测数量: 4
2026-05-22 15:22:36 [DEBUG] 最大置信度: 0.1002, 平均置信度: 0.0849
2026-05-22 15:22:36 [INFO] 掩码中检测到的类别: [0, 1, 2, 3, 4, 5, 6, 7, 8, 9, 10, 11, 12, 13, 14, 15]
2026-05-22 15:22:36 [INFO] 分割完成，检测到 1 个物体
2026-05-22 15:22:36 [INFO] 检测到车兜区域，将过滤区域外的目标
2026-05-22 15:22:36 [ERROR] 发生异常: 'numpy.ndarray' object has no attribute 'get'
2026-05-22 15:22:36 [INFO] 引擎上下文已释放
2026-05-22 15:22:36 [INFO] TensorRT 引擎已释放
2026-05-22 15:22:36 [INFO] 全局 CUDA 资源已释放
2026-05-22 15:22:36 [INFO] 分割系统资源已释放
