2026-06-04 21:13:40 [INFO] CUDA 初始化成功
2026-06-04 21:13:40 [INFO] 引擎加载成功: scrap_steel.engine
2026-06-04 21:13:40 [INFO] 分割系统初始化成功
2026-06-04 21:13:43 [INFO] 引擎加载成功: scrap_steel.engine
2026-06-04 21:13:43 [INFO] 分割系统初始化成功
2026-06-04 21:13:43 [INFO] 图像预处理完成，原始尺寸: (2160, 3840)
2026-06-04 21:13:43 [INFO] 开始执行分割...
2026-06-04 21:13:43 [ERROR] 推理过程发生异常: explicit_context_dependent failed: invalid device context - no currently active context?
2026-06-04 21:13:43 [INFO] 分割完成，检测到 0 个物体
2026-06-04 21:13:43 [INFO] 计算出的车框矩形边界: (1028, 619) to (3178, 1510)
2026-06-04 21:13:43 [INFO] 原始检测数: 0, 过滤后检测数: 0
2026-06-04 21:13:43 [ERROR] 保存结果失败: 'NoneType' object has no attribute 'shape'
2026-06-04 21:13:43 [ERROR] 分割失败: 未能生成有效的分割掩码
2026-06-04 21:13:43 [INFO] 引擎上下文已释放
2026-06-04 21:13:43 [INFO] TensorRT 引擎已释放
2026-06-04 21:13:43 [INFO] 全局 CUDA 资源已释放
2026-06-04 21:13:43 [INFO] 分割系统资源已释放
2026-06-04 21:13:48 [INFO] CUDA 初始化成功
2026-06-04 21:13:48 [INFO] 引擎加载成功: scrap_steel.engine
2026-06-04 21:13:48 [INFO] 分割系统初始化成功
2026-06-04 21:13:48 [INFO] 图像预处理完成，原始尺寸: (2160, 3840)
2026-06-04 21:13:48 [INFO] 开始执行分割...
2026-06-04 21:13:48 [DEBUG] 处理后的检测结果形状: (1, 8400, 6)
2026-06-04 21:13:48 [DEBUG] 示例检测结果: [[-4.09224319e+00 -3.24418831e+00  3.91823387e+01  1.52961578e+01
   4.10754488e-08  5.00000000e+00]
 [-6.54768753e+00 -3.03822422e+00  4.47592430e+01  2.97701187e+01
   9.85821913e-09  9.00000000e+00]
 [-3.56963348e+00 -3.45188046e+00  4.59791260e+01  3.04762650e+01
   4.56715377e-09  9.00000000e+00]]
2026-06-04 21:13:48 [DEBUG] 处理后检测输出形状: (0, 52)
2026-06-04 21:13:48 [DEBUG] 有效检测数量: 0
2026-06-04 21:13:48 [DEBUG] 检测输出为空
2026-06-04 21:13:48 [INFO] 掩码中检测到的类别: [0, 1, 2, 3, 4, 5, 6, 7, 8, 9, 10, 11, 12, 13, 14, 15]
2026-06-04 21:13:48 [INFO] 分割完成，检测到 0 个物体
2026-06-04 21:13:48 [INFO] 从分割掩码中提取检测结果
2026-06-04 21:13:49 [INFO] 从掩码中提取了 439 个检测框
2026-06-04 21:13:49 [INFO] 计算出的车框矩形边界: (1029, 617) to (3178, 1510)
2026-06-04 21:13:49 [INFO] 原始检测数: 439, 过滤后检测数: 200
2026-06-04 21:13:49 [INFO] 保存分割和检测结果到: C:\code\show\Scrap_Steel_In_Field\photos\segmentation\segment_20260604_211349.jpg
2026-06-04 21:13:49 [INFO] JSON结果保存到: C:\code\show\Scrap_Steel_In_Field\photos\segmentation_result.json
2026-06-04 21:13:49 [INFO] 类别统计：{0: 11, 1: 63, 2: 23, 3: 2, 4: 30, 5: 28, 6: 14, 7: 26, 8: 41, 9: 60, 10: 24, 11: 17, 12: 17, 13: 63, 14: 0, 15: 20}
2026-06-04 21:13:49 [INFO] 面积统计：{0: 3767076.0, 1: 607644.0, 2: 34776.0, 3: 134604.0, 4: 174492.0, 5: 48276.0, 6: 529020.0, 7: 38376.0, 8: 936720.0, 9: 174276.0, 10: 186948.0, 11: 336600.0, 12: 104112.0, 13: 753048.0, 14: 36.0, 15: 38988.0}
2026-06-04 21:13:49 [INFO] 分割成功
2026-06-04 21:13:49 [INFO] 引擎上下文已释放
2026-06-04 21:13:49 [INFO] TensorRT 引擎已释放
2026-06-04 21:13:49 [INFO] 全局 CUDA 资源已释放
2026-06-04 21:13:49 [INFO] 分割系统资源已释放
2026-06-04 21:13:53 [INFO] CUDA 初始化成功
2026-06-04 21:13:53 [INFO] 引擎加载成功: scrap_steel.engine
2026-06-04 21:13:53 [INFO] 分割系统初始化成功
2026-06-04 21:13:53 [INFO] 图像预处理完成，原始尺寸: (2160, 3840)
2026-06-04 21:13:53 [INFO] 开始执行分割...
2026-06-04 21:13:53 [DEBUG] 处理后的检测结果形状: (1, 8400, 6)
2026-06-04 21:13:53 [DEBUG] 示例检测结果: [[-4.15070724e+00 -3.25902367e+00  3.92129745e+01  1.53017273e+01
   4.04278424e-08  5.00000000e+00]
 [-6.60035706e+00 -3.04836655e+00  4.47723999e+01  2.97599449e+01
   9.93547644e-09  9.00000000e+00]
 [-3.60060120e+00 -3.46674538e+00  4.59681625e+01  3.03678379e+01
   4.58696547e-09  9.00000000e+00]]
2026-06-04 21:13:53 [DEBUG] 处理后检测输出形状: (0, 52)
2026-06-04 21:13:53 [DEBUG] 有效检测数量: 0
2026-06-04 21:13:53 [DEBUG] 检测输出为空
2026-06-04 21:13:53 [INFO] 掩码中检测到的类别: [0, 1, 2, 3, 4, 5, 6, 7, 8, 9, 10, 11, 12, 13, 14, 15]
2026-06-04 21:13:53 [INFO] 分割完成，检测到 0 个物体
2026-06-04 21:13:53 [INFO] 从分割掩码中提取检测结果
2026-06-04 21:13:54 [INFO] 从掩码中提取了 459 个检测框
2026-06-04 21:13:54 [INFO] 计算出的车框矩形边界: (1029, 617) to (3175, 1519)
2026-06-04 21:13:54 [INFO] 原始检测数: 459, 过滤后检测数: 213
2026-06-04 21:13:54 [INFO] 保存分割和检测结果到: C:\code\show\Scrap_Steel_In_Field\photos\segmentation\segment_20260604_211354.jpg
2026-06-04 21:13:54 [INFO] JSON结果保存到: C:\code\show\Scrap_Steel_In_Field\photos\segmentation_result.json
2026-06-04 21:13:54 [INFO] 类别统计：{0: 39, 1: 53, 2: 22, 3: 1, 4: 26, 5: 26, 6: 19, 7: 26, 8: 42, 9: 54, 10: 26, 11: 15, 12: 21, 13: 70, 14: 0, 15: 19}
2026-06-04 21:13:54 [INFO] 面积统计：{0: 3818736.0, 1: 615960.0, 2: 33660.0, 3: 129816.0, 4: 163260.0, 5: 44208.0, 6: 499032.0, 7: 47232.0, 8: 922968.0, 9: 220644.0, 10: 190440.0, 11: 334044.0, 12: 94284.0, 13: 733068.0, 14: 72.0, 15: 37800.0}
2026-06-04 21:13:54 [INFO] 分割成功
2026-06-04 21:13:54 [INFO] 引擎上下文已释放
2026-06-04 21:13:54 [INFO] TensorRT 引擎已释放
2026-06-04 21:13:54 [INFO] 全局 CUDA 资源已释放
2026-06-04 21:13:54 [INFO] 分割系统资源已释放
2026-06-04 21:13:59 [INFO] CUDA 初始化成功
2026-06-04 21:13:59 [INFO] 引擎加载成功: scrap_steel.engine
2026-06-04 21:13:59 [INFO] 分割系统初始化成功
2026-06-04 21:13:59 [INFO] 图像预处理完成，原始尺寸: (2160, 3840)
2026-06-04 21:13:59 [INFO] 开始执行分割...
2026-06-04 21:13:59 [DEBUG] 处理后的检测结果形状: (1, 8400, 6)
2026-06-04 21:13:59 [DEBUG] 示例检测结果: [[-4.11747360e+00 -3.24472666e+00  3.91541252e+01  1.52079983e+01
   4.07558574e-08  5.00000000e+00]
 [-6.52498245e+00 -3.02513313e+00  4.47588882e+01  2.96921520e+01
   9.85821913e-09  9.00000000e+00]
 [-3.56341553e+00 -3.44055271e+00  4.59966812e+01  3.04047394e+01
   4.62069316e-09  9.00000000e+00]]
2026-06-04 21:13:59 [DEBUG] 处理后检测输出形状: (0, 52)
2026-06-04 21:13:59 [DEBUG] 有效检测数量: 0
2026-06-04 21:13:59 [DEBUG] 检测输出为空
2026-06-04 21:13:59 [INFO] 掩码中检测到的类别: [0, 1, 2, 3, 4, 5, 6, 7, 8, 9, 10, 11, 12, 13, 14, 15]
2026-06-04 21:13:59 [INFO] 分割完成，检测到 0 个物体
2026-06-04 21:13:59 [INFO] 从分割掩码中提取检测结果
2026-06-04 21:13:59 [INFO] 从掩码中提取了 435 个检测框
2026-06-04 21:13:59 [INFO] 计算出的车框矩形边界: (1028, 618) to (3178, 1510)
2026-06-04 21:13:59 [INFO] 原始检测数: 435, 过滤后检测数: 200
2026-06-04 21:14:00 [INFO] 保存分割和检测结果到: C:\code\show\Scrap_Steel_In_Field\photos\segmentation\segment_20260604_211359.jpg
2026-06-04 21:14:00 [INFO] JSON结果保存到: C:\code\show\Scrap_Steel_In_Field\photos\segmentation_result.json
2026-06-04 21:14:00 [INFO] 类别统计：{0: 17, 1: 57, 2: 21, 3: 2, 4: 25, 5: 26, 6: 15, 7: 29, 8: 42, 9: 48, 10: 25, 11: 15, 12: 21, 13: 78, 14: 0, 15: 14}
2026-06-04 21:14:00 [INFO] 面积统计：{0: 3623076.0, 1: 601920.0, 2: 38520.0, 3: 132948.0, 4: 157608.0, 5: 49104.0, 6: 518076.0, 7: 45360.0, 8: 910620.0, 9: 184896.0, 10: 189612.0, 11: 334008.0, 12: 97200.0, 13: 776376.0, 14: 72.0, 15: 38052.0}
2026-06-04 21:14:00 [INFO] 分割成功
2026-06-04 21:14:00 [INFO] 引擎上下文已释放
2026-06-04 21:14:00 [INFO] TensorRT 引擎已释放
2026-06-04 21:14:00 [INFO] 全局 CUDA 资源已释放
2026-06-04 21:14:00 [INFO] 分割系统资源已释放
2026-06-04 21:14:04 [INFO] CUDA 初始化成功
2026-06-04 21:14:04 [INFO] 引擎加载成功: scrap_steel.engine
2026-06-04 21:14:04 [INFO] 分割系统初始化成功
2026-06-04 21:14:04 [INFO] 图像预处理完成，原始尺寸: (2160, 3840)
2026-06-04 21:14:04 [INFO] 开始执行分割...
2026-06-04 21:14:04 [DEBUG] 处理后的检测结果形状: (1, 8400, 6)
2026-06-04 21:14:04 [DEBUG] 示例检测结果: [[-4.12089539e+00 -3.24486446e+00  3.89905205e+01  1.52954397e+01
   4.10754488e-08  5.00000000e+00]
 [-6.57221222e+00 -3.04883194e+00  4.46236877e+01  2.97884407e+01
   9.82129933e-09  9.00000000e+00]
 [-3.56572342e+00 -3.45424175e+00  4.59303436e+01  3.03933945e+01
   4.56908822e-09  9.00000000e+00]]
2026-06-04 21:14:04 [DEBUG] 处理后检测输出形状: (0, 52)
2026-06-04 21:14:04 [DEBUG] 有效检测数量: 0
2026-06-04 21:14:04 [DEBUG] 检测输出为空
2026-06-04 21:14:04 [INFO] 掩码中检测到的类别: [0, 1, 2, 3, 4, 5, 6, 7, 8, 9, 10, 11, 12, 13, 14, 15]
2026-06-04 21:14:04 [INFO] 分割完成，检测到 0 个物体
2026-06-04 21:14:04 [INFO] 从分割掩码中提取检测结果
2026-06-04 21:14:04 [INFO] 从掩码中提取了 445 个检测框
2026-06-04 21:14:04 [INFO] 计算出的车框矩形边界: (1028, 617) to (3178, 1510)
2026-06-04 21:14:04 [INFO] 原始检测数: 445, 过滤后检测数: 210
2026-06-04 21:14:05 [INFO] 保存分割和检测结果到: C:\code\show\Scrap_Steel_In_Field\photos\segmentation\segment_20260604_211404.jpg
2026-06-04 21:14:05 [INFO] JSON结果保存到: C:\code\show\Scrap_Steel_In_Field\photos\segmentation_result.json
2026-06-04 21:14:05 [INFO] 类别统计：{0: 27, 1: 52, 2: 22, 3: 1, 4: 26, 5: 29, 6: 17, 7: 29, 8: 44, 9: 53, 10: 24, 11: 15, 12: 21, 13: 69, 14: 0, 15: 16}
2026-06-04 21:14:05 [INFO] 面积统计：{0: 3801132.0, 1: 642708.0, 2: 33372.0, 3: 135072.0, 4: 168912.0, 5: 41472.0, 6: 540792.0, 7: 43128.0, 8: 934884.0, 9: 194112.0, 10: 194184.0, 11: 345420.0, 12: 97488.0, 13: 742248.0, 14: 72.0, 15: 36288.0}
2026-06-04 21:14:05 [INFO] 分割成功
2026-06-04 21:14:05 [INFO] 引擎上下文已释放
2026-06-04 21:14:05 [INFO] TensorRT 引擎已释放
2026-06-04 21:14:05 [INFO] 全局 CUDA 资源已释放
2026-06-04 21:14:05 [INFO] 分割系统资源已释放
2026-06-04 21:14:09 [INFO] CUDA 初始化成功
2026-06-04 21:14:09 [INFO] 引擎加载成功: scrap_steel.engine
2026-06-04 21:14:09 [INFO] 分割系统初始化成功
2026-06-04 21:14:10 [INFO] 图像预处理完成，原始尺寸: (2160, 3840)
2026-06-04 21:14:10 [INFO] 开始执行分割...
2026-06-04 21:14:10 [DEBUG] 处理后的检测结果形状: (1, 8400, 6)
2026-06-04 21:14:10 [DEBUG] 示例检测结果: [[-4.09002304e+00 -3.24060440e+00  3.91257019e+01  1.52342930e+01
   3.98091977e-08  5.00000000e+00]
 [-6.53237534e+00 -3.04045582e+00  4.47272873e+01  2.97600288e+01
   9.76518066e-09  9.00000000e+00]
 [-3.57255554e+00 -3.46914577e+00  4.59578857e+01  3.04106750e+01
   4.65895766e-09  9.00000000e+00]]
2026-06-04 21:14:10 [DEBUG] 处理后检测输出形状: (0, 52)
2026-06-04 21:14:10 [DEBUG] 有效检测数量: 0
2026-06-04 21:14:10 [DEBUG] 检测输出为空
2026-06-04 21:14:10 [INFO] 掩码中检测到的类别: [0, 1, 2, 3, 4, 5, 6, 7, 8, 9, 10, 11, 12, 13, 14, 15]
2026-06-04 21:14:10 [INFO] 分割完成，检测到 0 个物体
2026-06-04 21:14:10 [INFO] 从分割掩码中提取检测结果
2026-06-04 21:14:10 [INFO] 从掩码中提取了 431 个检测框
2026-06-04 21:14:10 [INFO] 计算出的车框矩形边界: (1029, 618) to (3175, 1519)
2026-06-04 21:14:10 [INFO] 原始检测数: 431, 过滤后检测数: 194
2026-06-04 21:14:10 [INFO] 保存分割和检测结果到: C:\code\show\Scrap_Steel_In_Field\photos\segmentation\segment_20260604_211410.jpg
2026-06-04 21:14:10 [INFO] JSON结果保存到: C:\code\show\Scrap_Steel_In_Field\photos\segmentation_result.json
2026-06-04 21:14:10 [INFO] 类别统计：{0: 15, 1: 53, 2: 21, 3: 4, 4: 21, 5: 28, 6: 15, 7: 33, 8: 40, 9: 46, 10: 29, 11: 19, 12: 23, 13: 70, 14: 0, 15: 14}
2026-06-04 21:14:10 [INFO] 面积统计：{0: 3675816.0, 1: 600552.0, 2: 37260.0, 3: 137808.0, 4: 180432.0, 5: 45612.0, 6: 529416.0, 7: 49608.0, 8: 940716.0, 9: 184752.0, 10: 187488.0, 11: 346140.0, 12: 102096.0, 13: 754632.0, 14: 36.0, 15: 32436.0}
2026-06-04 21:14:10 [INFO] 分割成功
2026-06-04 21:14:10 [INFO] 引擎上下文已释放
2026-06-04 21:14:10 [INFO] TensorRT 引擎已释放
2026-06-04 21:14:10 [INFO] 全局 CUDA 资源已释放
2026-06-04 21:14:10 [INFO] 分割系统资源已释放
2026-06-04 21:14:14 [INFO] CUDA 初始化成功
2026-06-04 21:14:15 [INFO] 引擎加载成功: scrap_steel.engine
2026-06-04 21:14:15 [INFO] 分割系统初始化成功
2026-06-04 21:14:15 [INFO] 图像预处理完成，原始尺寸: (2160, 3840)
2026-06-04 21:14:15 [INFO] 开始执行分割...
2026-06-04 21:14:15 [DEBUG] 处理后的检测结果形状: (1, 8400, 6)
2026-06-04 21:14:15 [DEBUG] 示例检测结果: [[-4.12284088e+00 -3.21041679e+00  3.91259956e+01  1.51346111e+01
   3.88741057e-08  5.00000000e+00]
 [-6.55972290e+00 -3.00068951e+00  4.46188202e+01  2.95746880e+01
   9.65057367e-09  9.00000000e+00]
 [-3.56291580e+00 -3.38834572e+00  4.59405365e+01  3.02238026e+01
   4.59044358e-09  9.00000000e+00]]
2026-06-04 21:14:15 [DEBUG] 处理后检测输出形状: (0, 52)
2026-06-04 21:14:15 [DEBUG] 有效检测数量: 0
2026-06-04 21:14:15 [DEBUG] 检测输出为空
2026-06-04 21:14:15 [INFO] 掩码中检测到的类别: [0, 1, 2, 3, 4, 5, 6, 7, 8, 9, 10, 11, 12, 13, 14, 15]
2026-06-04 21:14:15 [INFO] 分割完成，检测到 0 个物体
2026-06-04 21:14:15 [INFO] 从分割掩码中提取检测结果
2026-06-04 21:14:15 [INFO] 从掩码中提取了 436 个检测框
2026-06-04 21:14:15 [INFO] 计算出的车框矩形边界: (1027, 619) to (3178, 1510)
2026-06-04 21:14:15 [INFO] 原始检测数: 436, 过滤后检测数: 190
2026-06-04 21:14:15 [INFO] 保存分割和检测结果到: C:\code\show\Scrap_Steel_In_Field\photos\segmentation\segment_20260604_211415.jpg
2026-06-04 21:14:15 [INFO] JSON结果保存到: C:\code\show\Scrap_Steel_In_Field\photos\segmentation_result.json
2026-06-04 21:14:15 [INFO] 类别统计：{0: 12, 1: 61, 2: 22, 3: 2, 4: 23, 5: 26, 6: 15, 7: 26, 8: 47, 9: 57, 10: 23, 11: 20, 12: 18, 13: 69, 14: 0, 15: 15}
2026-06-04 21:14:15 [INFO] 面积统计：{0: 3636648.0, 1: 648180.0, 2: 34200.0, 3: 137628.0, 4: 157104.0, 5: 45288.0, 6: 546228.0, 7: 49464.0, 8: 964548.0, 9: 181116.0, 10: 185436.0, 11: 349884.0, 12: 89928.0, 13: 710532.0, 14: 72.0, 15: 37980.0}
2026-06-04 21:14:15 [INFO] 分割成功
2026-06-04 21:14:15 [INFO] 引擎上下文已释放
2026-06-04 21:14:15 [INFO] TensorRT 引擎已释放
2026-06-04 21:14:15 [INFO] 全局 CUDA 资源已释放
2026-06-04 21:14:15 [INFO] 分割系统资源已释放
2026-06-04 21:14:22 [INFO] CUDA 初始化成功
2026-06-04 21:14:22 [INFO] 引擎加载成功: scrap_steel.engine
2026-06-04 21:14:22 [INFO] 分割系统初始化成功
2026-06-04 21:14:22 [INFO] 图像预处理完成，原始尺寸: (2160, 3840)
2026-06-04 21:14:22 [INFO] 开始执行分割...
2026-06-04 21:14:23 [DEBUG] 处理后的检测结果形状: (1, 8400, 6)
2026-06-04 21:14:23 [DEBUG] 示例检测结果: [[-4.13351822e+00 -3.26067734e+00  3.92751732e+01  1.52906361e+01
   3.98091977e-08  5.00000000e+00]
 [-6.56105423e+00 -3.03760052e+00  4.47123795e+01  2.97733955e+01
   9.61345403e-09  9.00000000e+00]
 [-3.56124496e+00 -3.45517445e+00  4.59779243e+01  3.04393463e+01
   4.44976678e-09  9.00000000e+00]]
2026-06-04 21:14:23 [DEBUG] 处理后检测输出形状: (0, 52)
2026-06-04 21:14:23 [DEBUG] 有效检测数量: 0
2026-06-04 21:14:23 [DEBUG] 检测输出为空
2026-06-04 21:14:23 [INFO] 掩码中检测到的类别: [0, 1, 2, 3, 4, 5, 6, 7, 8, 9, 10, 11, 12, 13, 14, 15]
2026-06-04 21:14:23 [INFO] 分割完成，检测到 0 个物体
2026-06-04 21:14:23 [INFO] 从分割掩码中提取检测结果
2026-06-04 21:14:23 [INFO] 从掩码中提取了 440 个检测框
2026-06-04 21:14:23 [INFO] 计算出的车框矩形边界: (1028, 618) to (3178, 1510)
2026-06-04 21:14:23 [INFO] 原始检测数: 440, 过滤后检测数: 191
2026-06-04 21:14:23 [INFO] 保存分割和检测结果到: C:\code\show\Scrap_Steel_In_Field\photos\segmentation\segment_20260604_211423.jpg
2026-06-04 21:14:23 [INFO] JSON结果保存到: C:\code\show\Scrap_Steel_In_Field\photos\segmentation_result.json
2026-06-04 21:14:23 [INFO] 类别统计：{0: 16, 1: 56, 2: 22, 3: 2, 4: 26, 5: 27, 6: 15, 7: 29, 8: 46, 9: 54, 10: 26, 11: 15, 12: 21, 13: 63, 14: 0, 15: 22}
2026-06-04 21:14:23 [INFO] 面积统计：{0: 3670560.0, 1: 632664.0, 2: 33192.0, 3: 133416.0, 4: 170712.0, 5: 46152.0, 6: 522216.0, 7: 41256.0, 8: 951480.0, 9: 185868.0, 10: 193428.0, 11: 342180.0, 12: 94140.0, 13: 747396.0, 14: 72.0, 15: 42876.0}
2026-06-04 21:14:23 [INFO] 分割成功
2026-06-04 21:14:23 [INFO] 引擎上下文已释放
2026-06-04 21:14:23 [INFO] TensorRT 引擎已释放
2026-06-04 21:14:24 [INFO] 全局 CUDA 资源已释放
2026-06-04 21:14:24 [INFO] 分割系统资源已释放
2026-06-04 21:14:27 [INFO] CUDA 初始化成功
2026-06-04 21:14:27 [INFO] 引擎加载成功: scrap_steel.engine
2026-06-04 21:14:27 [INFO] 分割系统初始化成功
2026-06-04 21:14:27 [INFO] 图像预处理完成，原始尺寸: (2160, 3840)
2026-06-04 21:14:27 [INFO] 开始执行分割...
2026-06-04 21:14:27 [DEBUG] 处理后的检测结果形状: (1, 8400, 6)
2026-06-04 21:14:27 [DEBUG] 示例检测结果: [[-4.15078354e+00 -3.26373291e+00  3.91161652e+01  1.52950916e+01
   3.91785946e-08  5.00000000e+00]
 [-6.60090256e+00 -3.08929539e+00  4.47176018e+01  2.98041191e+01
   9.65106395e-09  9.00000000e+00]
 [-3.57941055e+00 -3.48240089e+00  4.59600906e+01  3.03685436e+01
   4.53712445e-09  9.00000000e+00]]
2026-06-04 21:14:27 [DEBUG] 处理后检测输出形状: (0, 52)
2026-06-04 21:14:27 [DEBUG] 有效检测数量: 0
2026-06-04 21:14:27 [DEBUG] 检测输出为空
2026-06-04 21:14:27 [INFO] 掩码中检测到的类别: [0, 1, 2, 3, 4, 5, 6, 7, 8, 9, 10, 11, 12, 13, 14, 15]
2026-06-04 21:14:27 [INFO] 分割完成，检测到 0 个物体
2026-06-04 21:14:27 [INFO] 从分割掩码中提取检测结果
2026-06-04 21:14:28 [INFO] 从掩码中提取了 435 个检测框
2026-06-04 21:14:28 [INFO] 计算出的车框矩形边界: (1027, 618) to (3178, 1510)
2026-06-04 21:14:28 [INFO] 原始检测数: 435, 过滤后检测数: 188
2026-06-04 21:14:28 [INFO] 保存分割和检测结果到: C:\code\show\Scrap_Steel_In_Field\photos\segmentation\segment_20260604_211428.jpg
2026-06-04 21:14:28 [INFO] JSON结果保存到: C:\code\show\Scrap_Steel_In_Field\photos\segmentation_result.json
2026-06-04 21:14:28 [INFO] 类别统计：{0: 16, 1: 53, 2: 22, 3: 2, 4: 22, 5: 25, 6: 18, 7: 23, 8: 43, 9: 56, 10: 26, 11: 17, 12: 19, 13: 76, 14: 0, 15: 17}
2026-06-04 21:14:28 [INFO] 面积统计：{0: 3772116.0, 1: 608364.0, 2: 34020.0, 3: 132588.0, 4: 183492.0, 5: 45972.0, 6: 506088.0, 7: 46476.0, 8: 910152.0, 9: 190332.0, 10: 182016.0, 11: 337464.0, 12: 89964.0, 13: 731664.0, 14: 72.0, 15: 35460.0}
2026-06-04 21:14:28 [INFO] 分割成功
2026-06-04 21:14:28 [INFO] 引擎上下文已释放
2026-06-04 21:14:28 [INFO] TensorRT 引擎已释放
2026-06-04 21:14:28 [INFO] 全局 CUDA 资源已释放
2026-06-04 21:14:28 [INFO] 分割系统资源已释放
2026-06-04 21:14:33 [INFO] CUDA 初始化成功
2026-06-04 21:14:33 [INFO] 引擎加载成功: scrap_steel.engine
2026-06-04 21:14:33 [INFO] 分割系统初始化成功
2026-06-04 21:14:33 [INFO] 图像预处理完成，原始尺寸: (2160, 3840)
2026-06-04 21:14:33 [INFO] 开始执行分割...
2026-06-04 21:14:33 [DEBUG] 处理后的检测结果形状: (1, 8400, 6)
2026-06-04 21:14:33 [DEBUG] 示例检测结果: [[-4.13330841e+00 -3.26524353e+00  3.92840233e+01  1.52897987e+01
   3.98091977e-08  5.00000000e+00]
 [-6.57144547e+00 -3.04291725e+00  4.47541656e+01  2.97741222e+01
   9.70771197e-09  9.00000000e+00]
 [-3.57447815e+00 -3.45372868e+00  4.60042877e+01  3.04398575e+01
   4.48451942e-09  9.00000000e+00]]
2026-06-04 21:14:33 [DEBUG] 处理后检测输出形状: (0, 52)
2026-06-04 21:14:33 [DEBUG] 有效检测数量: 0
2026-06-04 21:14:33 [DEBUG] 检测输出为空
2026-06-04 21:14:33 [INFO] 掩码中检测到的类别: [0, 1, 2, 3, 4, 5, 6, 7, 8, 9, 10, 11, 12, 13, 14, 15]
2026-06-04 21:14:33 [INFO] 分割完成，检测到 0 个物体
2026-06-04 21:14:33 [INFO] 从分割掩码中提取检测结果
2026-06-04 21:14:33 [INFO] 从掩码中提取了 425 个检测框
2026-06-04 21:14:33 [INFO] 计算出的车框矩形边界: (1027, 619) to (3178, 1510)
2026-06-04 21:14:33 [INFO] 原始检测数: 425, 过滤后检测数: 192
2026-06-04 21:14:34 [INFO] 保存分割和检测结果到: C:\code\show\Scrap_Steel_In_Field\photos\segmentation\segment_20260604_211433.jpg
2026-06-04 21:14:34 [INFO] JSON结果保存到: C:\code\show\Scrap_Steel_In_Field\photos\segmentation_result.json
2026-06-04 21:14:34 [INFO] 类别统计：{0: 16, 1: 54, 2: 22, 3: 3, 4: 21, 5: 28, 6: 16, 7: 26, 8: 46, 9: 52, 10: 23, 11: 16, 12: 20, 13: 62, 14: 0, 15: 20}
2026-06-04 21:14:34 [INFO] 面积统计：{0: 3759804.0, 1: 596880.0, 2: 32868.0, 3: 141804.0, 4: 173052.0, 5: 47808.0, 6: 518652.0, 7: 45684.0, 8: 931680.0, 9: 162432.0, 10: 183708.0, 11: 353556.0, 12: 97884.0, 13: 727164.0, 14: 36.0, 15: 41508.0}
2026-06-04 21:14:34 [INFO] 分割成功
2026-06-04 21:14:34 [INFO] 引擎上下文已释放
2026-06-04 21:14:34 [INFO] TensorRT 引擎已释放
2026-06-04 21:14:34 [INFO] 全局 CUDA 资源已释放
2026-06-04 21:14:34 [INFO] 分割系统资源已释放
2026-06-04 21:14:38 [INFO] CUDA 初始化成功
2026-06-04 21:14:38 [INFO] 引擎加载成功: scrap_steel.engine
2026-06-04 21:14:38 [INFO] 分割系统初始化成功
2026-06-04 21:14:38 [INFO] 图像预处理完成，原始尺寸: (2160, 3840)
2026-06-04 21:14:38 [INFO] 开始执行分割...
2026-06-04 21:14:38 [DEBUG] 处理后的检测结果形状: (1, 8400, 6)
2026-06-04 21:14:38 [DEBUG] 示例检测结果: [[-4.08725739e+00 -3.22014713e+00  3.91346207e+01  1.50618868e+01
   3.94837265e-08  5.00000000e+00]
 [-6.57268906e+00 -3.01438522e+00  4.47195702e+01  2.95650826e+01
   9.72690728e-09  9.00000000e+00]
 [-3.56995392e+00 -3.41428757e+00  4.59597321e+01  3.02535095e+01
   4.51951010e-09  9.00000000e+00]]
2026-06-04 21:14:38 [DEBUG] 处理后检测输出形状: (0, 52)
2026-06-04 21:14:38 [DEBUG] 有效检测数量: 0
2026-06-04 21:14:38 [DEBUG] 检测输出为空
2026-06-04 21:14:38 [INFO] 掩码中检测到的类别: [0, 1, 2, 3, 4, 5, 6, 7, 8, 9, 10, 11, 12, 13, 14, 15]
2026-06-04 21:14:38 [INFO] 分割完成，检测到 0 个物体
2026-06-04 21:14:38 [INFO] 从分割掩码中提取检测结果
2026-06-04 21:14:38 [INFO] 从掩码中提取了 457 个检测框
2026-06-04 21:14:38 [INFO] 计算出的车框矩形边界: (1028, 617) to (3178, 1510)
2026-06-04 21:14:38 [INFO] 原始检测数: 457, 过滤后检测数: 195
2026-06-04 21:14:39 [INFO] 保存分割和检测结果到: C:\code\show\Scrap_Steel_In_Field\photos\segmentation\segment_20260604_211438.jpg
2026-06-04 21:14:39 [INFO] JSON结果保存到: C:\code\show\Scrap_Steel_In_Field\photos\segmentation_result.json
2026-06-04 21:14:39 [INFO] 类别统计：{0: 26, 1: 62, 2: 21, 3: 4, 4: 30, 5: 27, 6: 17, 7: 24, 8: 48, 9: 50, 10: 28, 11: 17, 12: 20, 13: 64, 14: 0, 15: 19}
2026-06-04 21:14:39 [INFO] 面积统计：{0: 3630168.0, 1: 618588.0, 2: 31932.0, 3: 139608.0, 4: 182484.0, 5: 47916.0, 6: 528660.0, 7: 51840.0, 8: 924516.0, 9: 174528.0, 10: 185220.0, 11: 353880.0, 12: 93564.0, 13: 749952.0, 14: 36.0, 15: 45432.0}
2026-06-04 21:14:39 [INFO] 分割成功
2026-06-04 21:14:39 [INFO] 引擎上下文已释放
2026-06-04 21:14:39 [INFO] TensorRT 引擎已释放
2026-06-04 21:14:39 [INFO] 全局 CUDA 资源已释放
2026-06-04 21:14:39 [INFO] 分割系统资源已释放
2026-06-04 21:14:43 [INFO] CUDA 初始化成功
2026-06-04 21:14:43 [INFO] 引擎加载成功: scrap_steel.engine
2026-06-04 21:14:43 [INFO] 分割系统初始化成功
2026-06-04 21:14:43 [INFO] 图像预处理完成，原始尺寸: (2160, 3840)
2026-06-04 21:14:43 [INFO] 开始执行分割...
2026-06-04 21:14:43 [DEBUG] 处理后的检测结果形状: (1, 8400, 6)
2026-06-04 21:14:43 [DEBUG] 示例检测结果: [[-4.10893631e+00 -3.24121857e+00  3.91582413e+01  1.52202797e+01
   3.91768609e-08  5.00000000e+00]
 [-6.57055283e+00 -3.01374817e+00  4.46156883e+01  2.96084175e+01
   9.80345405e-09  9.00000000e+00]
 [-3.56807327e+00 -3.41532803e+00  4.59614372e+01  3.02965088e+01
   4.55497684e-09  9.00000000e+00]]
2026-06-04 21:14:43 [DEBUG] 处理后检测输出形状: (0, 52)
2026-06-04 21:14:43 [DEBUG] 有效检测数量: 0
2026-06-04 21:14:43 [DEBUG] 检测输出为空
2026-06-04 21:14:43 [INFO] 掩码中检测到的类别: [0, 1, 2, 3, 4, 5, 6, 7, 8, 9, 10, 11, 12, 13, 14, 15]
2026-06-04 21:14:43 [INFO] 分割完成，检测到 0 个物体
2026-06-04 21:14:43 [INFO] 从分割掩码中提取检测结果
2026-06-04 21:14:44 [INFO] 从掩码中提取了 437 个检测框
2026-06-04 21:14:44 [INFO] 计算出的车框矩形边界: (1029, 618) to (3178, 1510)
2026-06-04 21:14:44 [INFO] 原始检测数: 437, 过滤后检测数: 184
2026-06-04 21:14:44 [INFO] 保存分割和检测结果到: C:\code\show\Scrap_Steel_In_Field\photos\segmentation\segment_20260604_211444.jpg
2026-06-04 21:14:44 [INFO] JSON结果保存到: C:\code\show\Scrap_Steel_In_Field\photos\segmentation_result.json
2026-06-04 21:14:44 [INFO] 类别统计：{0: 17, 1: 50, 2: 23, 3: 2, 4: 22, 5: 24, 6: 15, 7: 22, 8: 52, 9: 51, 10: 26, 11: 18, 12: 19, 13: 70, 14: 0, 15: 26}
2026-06-04 21:14:44 [INFO] 面积统计：{0: 3785832.0, 1: 637092.0, 2: 35424.0, 3: 138168.0, 4: 160704.0, 5: 45864.0, 6: 512460.0, 7: 44568.0, 8: 943092.0, 9: 180972.0, 10: 191484.0, 11: 357840.0, 12: 92916.0, 13: 715212.0, 14: 36.0, 15: 41580.0}
2026-06-04 21:14:44 [INFO] 分割成功
2026-06-04 21:14:44 [INFO] 引擎上下文已释放
2026-06-04 21:14:44 [INFO] TensorRT 引擎已释放
2026-06-04 21:14:44 [INFO] 全局 CUDA 资源已释放
2026-06-04 21:14:44 [INFO] 分割系统资源已释放
2026-06-04 21:14:48 [INFO] CUDA 初始化成功
2026-06-04 21:14:49 [INFO] 引擎加载成功: scrap_steel.engine
2026-06-04 21:14:49 [INFO] 分割系统初始化成功
2026-06-04 21:14:49 [INFO] 图像预处理完成，原始尺寸: (2160, 3840)
2026-06-04 21:14:49 [INFO] 开始执行分割...
2026-06-04 21:14:49 [DEBUG] 处理后的检测结果形状: (1, 8400, 6)
2026-06-04 21:14:49 [DEBUG] 示例检测结果: [[-4.08869171e+00 -3.22029686e+00  3.91501923e+01  1.51237106e+01
   3.94998025e-08  5.00000000e+00]
 [-6.55788422e+00 -3.01436806e+00  4.46606674e+01  2.95749683e+01
   9.84172743e-09  9.00000000e+00]
 [-3.56085968e+00 -3.40380001e+00  4.59186478e+01  3.02562561e+01
   4.62638639e-09  9.00000000e+00]]
2026-06-04 21:14:49 [DEBUG] 处理后检测输出形状: (0, 52)
2026-06-04 21:14:49 [DEBUG] 有效检测数量: 0
2026-06-04 21:14:49 [DEBUG] 检测输出为空
2026-06-04 21:14:49 [INFO] 掩码中检测到的类别: [0, 1, 2, 3, 4, 5, 6, 7, 8, 9, 10, 11, 12, 13, 14, 15]
2026-06-04 21:14:49 [INFO] 分割完成，检测到 0 个物体
2026-06-04 21:14:49 [INFO] 从分割掩码中提取检测结果
2026-06-04 21:14:49 [INFO] 从掩码中提取了 437 个检测框
2026-06-04 21:14:49 [INFO] 计算出的车框矩形边界: (1029, 618) to (3178, 1510)
2026-06-04 21:14:49 [INFO] 原始检测数: 437, 过滤后检测数: 194
2026-06-04 21:14:50 [INFO] 保存分割和检测结果到: C:\code\show\Scrap_Steel_In_Field\photos\segmentation\segment_20260604_211449.jpg
2026-06-04 21:14:50 [INFO] JSON结果保存到: C:\code\show\Scrap_Steel_In_Field\photos\segmentation_result.json
2026-06-04 21:14:50 [INFO] 类别统计：{0: 27, 1: 53, 2: 20, 3: 2, 4: 27, 5: 26, 6: 14, 7: 28, 8: 41, 9: 49, 10: 25, 11: 17, 12: 20, 13: 69, 14: 0, 15: 19}
2026-06-04 21:14:50 [INFO] 面积统计：{0: 3775356.0, 1: 613332.0, 2: 33156.0, 3: 136476.0, 4: 148068.0, 5: 44820.0, 6: 540972.0, 7: 45576.0, 8: 964620.0, 9: 187524.0, 10: 186660.0, 11: 354888.0, 12: 103608.0, 13: 745488.0, 14: 72.0, 15: 38340.0}
2026-06-04 21:14:50 [INFO] 分割成功
2026-06-04 21:14:50 [INFO] 引擎上下文已释放
2026-06-04 21:14:50 [INFO] TensorRT 引擎已释放
2026-06-04 21:14:50 [INFO] 全局 CUDA 资源已释放
2026-06-04 21:14:50 [INFO] 分割系统资源已释放
2026-06-04 21:14:53 [INFO] CUDA 初始化成功
2026-06-04 21:14:53 [INFO] 引擎加载成功: scrap_steel.engine
2026-06-04 21:14:53 [INFO] 分割系统初始化成功
2026-06-04 21:14:53 [INFO] 图像预处理完成，原始尺寸: (2160, 3840)
2026-06-04 21:14:53 [INFO] 开始执行分割...
2026-06-04 21:14:53 [DEBUG] 处理后的检测结果形状: (1, 8400, 6)
2026-06-04 21:14:53 [DEBUG] 示例检测结果: [[-4.11583710e+00 -3.24213505e+00  3.92360611e+01  1.51970243e+01
   3.99584437e-08  5.00000000e+00]
 [-6.59000397e+00 -3.02910423e+00  4.48291206e+01  2.97394466e+01
   9.78296555e-09  9.00000000e+00]
 [-3.57803726e+00 -3.41616631e+00  4.60205536e+01  3.03863888e+01
   4.58696547e-09  9.00000000e+00]]
2026-06-04 21:14:53 [DEBUG] 处理后检测输出形状: (0, 52)
2026-06-04 21:14:53 [DEBUG] 有效检测数量: 0
2026-06-04 21:14:53 [DEBUG] 检测输出为空
2026-06-04 21:14:53 [INFO] 掩码中检测到的类别: [0, 1, 2, 3, 4, 5, 6, 7, 8, 9, 10, 11, 12, 13, 14, 15]
2026-06-04 21:14:53 [INFO] 分割完成，检测到 0 个物体
2026-06-04 21:14:53 [INFO] 从分割掩码中提取检测结果
2026-06-04 21:14:54 [INFO] 从掩码中提取了 444 个检测框
2026-06-04 21:14:54 [INFO] 计算出的车框矩形边界: (1029, 618) to (3178, 1510)
2026-06-04 21:14:54 [INFO] 原始检测数: 444, 过滤后检测数: 192
2026-06-04 21:14:54 [INFO] 保存分割和检测结果到: C:\code\show\Scrap_Steel_In_Field\photos\segmentation\segment_20260604_211454.jpg
2026-06-04 21:14:54 [INFO] JSON结果保存到: C:\code\show\Scrap_Steel_In_Field\photos\segmentation_result.json
2026-06-04 21:14:54 [INFO] 类别统计：{0: 17, 1: 54, 2: 21, 3: 4, 4: 24, 5: 34, 6: 14, 7: 28, 8: 47, 9: 56, 10: 25, 11: 18, 12: 22, 13: 62, 14: 0, 15: 18}
2026-06-04 21:14:54 [INFO] 面积统计：{0: 3629772.0, 1: 620640.0, 2: 39384.0, 3: 135144.0, 4: 181152.0, 5: 54180.0, 6: 500472.0, 7: 46980.0, 8: 931608.0, 9: 194256.0, 10: 184176.0, 11: 365976.0, 12: 102456.0, 13: 745092.0, 14: 36.0, 15: 28800.0}
2026-06-04 21:14:54 [INFO] 分割成功
2026-06-04 21:14:54 [INFO] 引擎上下文已释放
2026-06-04 21:14:54 [INFO] TensorRT 引擎已释放
2026-06-04 21:14:54 [INFO] 全局 CUDA 资源已释放
2026-06-04 21:14:54 [INFO] 分割系统资源已释放
2026-06-04 21:14:58 [INFO] CUDA 初始化成功
2026-06-04 21:14:58 [INFO] 引擎加载成功: scrap_steel.engine
2026-06-04 21:14:58 [INFO] 分割系统初始化成功
2026-06-04 21:14:58 [INFO] 图像预处理完成，原始尺寸: (2160, 3840)
2026-06-04 21:14:58 [INFO] 开始执行分割...
2026-06-04 21:14:58 [DEBUG] 处理后的检测结果形状: (1, 8400, 6)
2026-06-04 21:14:58 [DEBUG] 示例检测结果: [[-3.93029404e+00 -3.08349419e+00  3.87399673e+01  1.49251652e+01
   3.58689789e-08  5.00000000e+00]
 [-6.05283737e+00 -2.82290936e+00  4.45712318e+01  2.94004211e+01
   9.00676866e-09  9.00000000e+00]
 [-3.41600418e+00 -3.20658588e+00  4.56999092e+01  2.99950447e+01
   4.27839808e-09  9.00000000e+00]]
2026-06-04 21:14:58 [DEBUG] 处理后检测输出形状: (0, 52)
2026-06-04 21:14:58 [DEBUG] 有效检测数量: 0
2026-06-04 21:14:58 [DEBUG] 检测输出为空
2026-06-04 21:14:58 [INFO] 掩码中检测到的类别: [0, 1, 2, 3, 4, 5, 6, 7, 8, 9, 10, 11, 12, 13, 14, 15]
2026-06-04 21:14:58 [INFO] 分割完成，检测到 0 个物体
2026-06-04 21:14:58 [INFO] 从分割掩码中提取检测结果
2026-06-04 21:14:59 [INFO] 从掩码中提取了 443 个检测框
2026-06-04 21:14:59 [INFO] 计算出的车框矩形边界: (1028, 618) to (3175, 1519)
2026-06-04 21:14:59 [INFO] 原始检测数: 443, 过滤后检测数: 202
2026-06-04 21:14:59 [INFO] 保存分割和检测结果到: C:\code\show\Scrap_Steel_In_Field\photos\segmentation\segment_20260604_211459.jpg
2026-06-04 21:14:59 [INFO] JSON结果保存到: C:\code\show\Scrap_Steel_In_Field\photos\segmentation_result.json
2026-06-04 21:14:59 [INFO] 类别统计：{0: 20, 1: 56, 2: 26, 3: 5, 4: 23, 5: 34, 6: 16, 7: 28, 8: 41, 9: 53, 10: 27, 11: 11, 12: 18, 13: 67, 14: 0, 15: 18}
2026-06-04 21:14:59 [INFO] 面积统计：{0: 3540312.0, 1: 555948.0, 2: 54036.0, 3: 154872.0, 4: 153504.0, 5: 57744.0, 6: 528912.0, 7: 58824.0, 8: 827820.0, 9: 170244.0, 10: 163728.0, 11: 253260.0, 12: 111816.0, 13: 800280.0, 14: 72.0, 15: 44100.0}
2026-06-04 21:14:59 [INFO] 分割成功
2026-06-04 21:14:59 [INFO] 引擎上下文已释放
2026-06-04 21:14:59 [INFO] TensorRT 引擎已释放
2026-06-04 21:14:59 [INFO] 全局 CUDA 资源已释放
2026-06-04 21:14:59 [INFO] 分割系统资源已释放
2026-06-04 21:15:04 [INFO] CUDA 初始化成功
2026-06-04 21:15:04 [INFO] 引擎加载成功: scrap_steel.engine
2026-06-04 21:15:04 [INFO] 分割系统初始化成功
2026-06-04 21:15:04 [INFO] 图像预处理完成，原始尺寸: (2160, 3840)
2026-06-04 21:15:04 [INFO] 开始执行分割...
2026-06-04 21:15:04 [DEBUG] 处理后的检测结果形状: (1, 8400, 6)
2026-06-04 21:15:04 [DEBUG] 示例检测结果: [[-4.00662613e+00 -3.18776703e+00  4.09389038e+01  1.54641953e+01
   3.85852950e-08  5.00000000e+00]
 [-6.02391815e+00 -2.78610039e+00  4.56572189e+01  3.01919079e+01
   8.94814889e-09  9.00000000e+00]
 [-3.20262146e+00 -2.98544693e+00  4.60208397e+01  3.07129974e+01
   4.44295978e-09  9.00000000e+00]]
2026-06-04 21:15:04 [DEBUG] 处理后检测输出形状: (0, 52)
2026-06-04 21:15:04 [DEBUG] 有效检测数量: 0
2026-06-04 21:15:04 [DEBUG] 检测输出为空
2026-06-04 21:15:04 [INFO] 掩码中检测到的类别: [0, 1, 2, 3, 4, 5, 6, 7, 8, 9, 10, 11, 12, 13, 15]
2026-06-04 21:15:04 [INFO] 分割完成，检测到 0 个物体
2026-06-04 21:15:04 [INFO] 从分割掩码中提取检测结果
2026-06-04 21:15:04 [INFO] 从掩码中提取了 499 个检测框
2026-06-04 21:15:04 [ERROR] 保存结果失败: 'NoneType' object has no attribute 'astype'
2026-06-04 21:15:04 [INFO] 分割成功
2026-06-04 21:15:04 [INFO] 引擎上下文已释放
2026-06-04 21:15:04 [INFO] TensorRT 引擎已释放
2026-06-04 21:15:04 [INFO] 全局 CUDA 资源已释放
2026-06-04 21:15:04 [INFO] 分割系统资源已释放
2026-06-04 21:15:09 [INFO] CUDA 初始化成功
2026-06-04 21:15:09 [INFO] 引擎加载成功: scrap_steel.engine
2026-06-04 21:15:09 [INFO] 分割系统初始化成功
2026-06-04 21:15:09 [INFO] 图像预处理完成，原始尺寸: (2160, 3840)
2026-06-04 21:15:09 [INFO] 开始执行分割...
2026-06-04 21:15:09 [DEBUG] 处理后的检测结果形状: (1, 8400, 6)
2026-06-04 21:15:09 [DEBUG] 示例检测结果: [[-3.99248123e+00 -3.16622257e+00  4.10161743e+01  1.54034071e+01
   3.71063500e-08  5.00000000e+00]
 [-6.08457184e+00 -2.74069214e+00  4.58845482e+01  3.02201996e+01
   8.89953355e-09  9.00000000e+00]
 [-3.28852844e+00 -2.99638557e+00  4.62804222e+01  3.08712673e+01
   4.45393056e-09  9.00000000e+00]]
2026-06-04 21:15:09 [DEBUG] 处理后检测输出形状: (0, 52)
2026-06-04 21:15:09 [DEBUG] 有效检测数量: 0
2026-06-04 21:15:09 [DEBUG] 检测输出为空
2026-06-04 21:15:09 [INFO] 掩码中检测到的类别: [0, 1, 2, 3, 4, 5, 6, 7, 8, 9, 10, 11, 12, 13, 15]
2026-06-04 21:15:09 [INFO] 分割完成，检测到 0 个物体
2026-06-04 21:15:09 [INFO] 从分割掩码中提取检测结果
2026-06-04 21:15:09 [INFO] 从掩码中提取了 522 个检测框
2026-06-04 21:15:09 [ERROR] 保存结果失败: 'NoneType' object has no attribute 'astype'
2026-06-04 21:15:09 [INFO] 分割成功
2026-06-04 21:15:09 [INFO] 引擎上下文已释放
2026-06-04 21:15:09 [INFO] TensorRT 引擎已释放
2026-06-04 21:15:09 [INFO] 全局 CUDA 资源已释放
2026-06-04 21:15:09 [INFO] 分割系统资源已释放
2026-06-04 21:15:14 [INFO] CUDA 初始化成功
2026-06-04 21:15:14 [INFO] 引擎加载成功: scrap_steel.engine
2026-06-04 21:15:14 [INFO] 分割系统初始化成功
2026-06-04 21:15:14 [INFO] 图像预处理完成，原始尺寸: (2160, 3840)
2026-06-04 21:15:14 [INFO] 开始执行分割...
2026-06-04 21:15:14 [DEBUG] 处理后的检测结果形状: (1, 8400, 6)
2026-06-04 21:15:14 [DEBUG] 示例检测结果: [[-3.97170258e+00 -3.20198631e+00  4.04769402e+01  1.54114304e+01
   4.03018738e-08  5.00000000e+00]
 [-6.06480026e+00 -2.80114079e+00  4.53717079e+01  3.02422104e+01
   9.16519127e-09  9.00000000e+00]
 [-3.27460861e+00 -3.07643127e+00  4.59422340e+01  3.08320885e+01
   4.38064873e-09  9.00000000e+00]]
2026-06-04 21:15:14 [DEBUG] 处理后检测输出形状: (0, 52)
2026-06-04 21:15:14 [DEBUG] 有效检测数量: 0
2026-06-04 21:15:14 [DEBUG] 检测输出为空
2026-06-04 21:15:14 [INFO] 掩码中检测到的类别: [0, 1, 2, 3, 4, 5, 6, 7, 8, 9, 10, 11, 12, 13, 15]
2026-06-04 21:15:14 [INFO] 分割完成，检测到 0 个物体
2026-06-04 21:15:14 [INFO] 从分割掩码中提取检测结果
2026-06-04 21:15:14 [INFO] 从掩码中提取了 530 个检测框
2026-06-04 21:15:14 [ERROR] 保存结果失败: 'NoneType' object has no attribute 'astype'
2026-06-04 21:15:14 [INFO] 分割成功
2026-06-04 21:15:14 [INFO] 引擎上下文已释放
2026-06-04 21:15:14 [INFO] TensorRT 引擎已释放
2026-06-04 21:15:14 [INFO] 全局 CUDA 资源已释放
2026-06-04 21:15:14 [INFO] 分割系统资源已释放
2026-06-04 21:15:19 [INFO] CUDA 初始化成功
2026-06-04 21:15:19 [INFO] 引擎加载成功: scrap_steel.engine
2026-06-04 21:15:19 [INFO] 分割系统初始化成功
2026-06-04 21:15:19 [INFO] 图像预处理完成，原始尺寸: (2160, 3840)
2026-06-04 21:15:19 [INFO] 开始执行分割...
2026-06-04 21:15:19 [DEBUG] 处理后的检测结果形状: (1, 8400, 6)
2026-06-04 21:15:19 [DEBUG] 示例检测结果: [[-4.09299088e+00 -3.22954082e+00  3.91072121e+01  1.51372480e+01
   3.88879684e-08  5.00000000e+00]
 [-6.50466919e+00 -3.04875183e+00  4.46092644e+01  2.95997467e+01
   9.88045645e-09  9.00000000e+00]
 [-3.59957504e+00 -3.47271729e+00  4.59198036e+01  3.02786369e+01
   4.59186111e-09  9.00000000e+00]]
2026-06-04 21:15:19 [DEBUG] 处理后检测输出形状: (0, 52)
2026-06-04 21:15:19 [DEBUG] 有效检测数量: 0
2026-06-04 21:15:19 [DEBUG] 检测输出为空
2026-06-04 21:15:19 [INFO] 掩码中检测到的类别: [0, 1, 2, 3, 4, 5, 6, 7, 8, 9, 10, 11, 12, 13, 15]
2026-06-04 21:15:19 [INFO] 分割完成，检测到 0 个物体
2026-06-04 21:15:19 [INFO] 从分割掩码中提取检测结果
2026-06-04 21:15:19 [INFO] 从掩码中提取了 400 个检测框
2026-06-04 21:15:19 [ERROR] 保存结果失败: 'NoneType' object has no attribute 'astype'
2026-06-04 21:15:19 [INFO] 分割成功
2026-06-04 21:15:19 [INFO] 引擎上下文已释放
2026-06-04 21:15:19 [INFO] TensorRT 引擎已释放
2026-06-04 21:15:19 [INFO] 全局 CUDA 资源已释放
2026-06-04 21:15:19 [INFO] 分割系统资源已释放
2026-06-04 21:15:24 [INFO] CUDA 初始化成功
2026-06-04 21:15:24 [INFO] 引擎加载成功: scrap_steel.engine
2026-06-04 21:15:24 [INFO] 分割系统初始化成功
2026-06-04 21:15:24 [INFO] 图像预处理完成，原始尺寸: (2160, 3840)
2026-06-04 21:15:24 [INFO] 开始执行分割...
2026-06-04 21:15:24 [DEBUG] 处理后的检测结果形状: (1, 8400, 6)
2026-06-04 21:15:24 [DEBUG] 示例检测结果: [[-4.14834976e+00 -3.25396633e+00  3.93770180e+01  1.53662081e+01
   3.91860375e-08  5.00000000e+00]
 [-6.54193878e+00 -3.05894852e+00  4.47629089e+01  2.97545013e+01
   9.86078419e-09  9.00000000e+00]
 [-3.61503601e+00 -3.48271370e+00  4.59481812e+01  3.03268299e+01
   4.60671501e-09  9.00000000e+00]]
2026-06-04 21:15:24 [DEBUG] 处理后检测输出形状: (0, 52)
2026-06-04 21:15:24 [DEBUG] 有效检测数量: 0
2026-06-04 21:15:24 [DEBUG] 检测输出为空
2026-06-04 21:15:24 [INFO] 掩码中检测到的类别: [0, 1, 2, 3, 4, 5, 6, 7, 8, 9, 10, 11, 12, 13, 15]
2026-06-04 21:15:24 [INFO] 分割完成，检测到 0 个物体
2026-06-04 21:15:24 [INFO] 从分割掩码中提取检测结果
2026-06-04 21:15:24 [INFO] 从掩码中提取了 466 个检测框
2026-06-04 21:15:24 [ERROR] 保存结果失败: 'NoneType' object has no attribute 'astype'
2026-06-04 21:15:24 [INFO] 分割成功
2026-06-04 21:15:24 [INFO] 引擎上下文已释放
2026-06-04 21:15:24 [INFO] TensorRT 引擎已释放
2026-06-04 21:15:24 [INFO] 全局 CUDA 资源已释放
2026-06-04 21:15:24 [INFO] 分割系统资源已释放
2026-06-04 21:15:29 [INFO] CUDA 初始化成功
2026-06-04 21:15:29 [INFO] 引擎加载成功: scrap_steel.engine
2026-06-04 21:15:29 [INFO] 分割系统初始化成功
2026-06-04 21:15:29 [INFO] 图像预处理完成，原始尺寸: (2160, 3840)
2026-06-04 21:15:29 [INFO] 开始执行分割...
2026-06-04 21:15:29 [DEBUG] 处理后的检测结果形状: (1, 8400, 6)
2026-06-04 21:15:29 [DEBUG] 示例检测结果: [[-4.17256165e+00 -3.25705624e+00  3.94626617e+01  1.52560854e+01
   3.73839484e-08  5.00000000e+00]
 [-6.57198334e+00 -3.06539917e+00  4.50016479e+01  2.98783569e+01
   9.78378978e-09  9.00000000e+00]
 [-3.57663727e+00 -3.43187904e+00  4.60494461e+01  3.03979893e+01
   4.60484273e-09  9.00000000e+00]]
2026-06-04 21:15:29 [DEBUG] 处理后检测输出形状: (0, 52)
2026-06-04 21:15:29 [DEBUG] 有效检测数量: 0
2026-06-04 21:15:29 [DEBUG] 检测输出为空
2026-06-04 21:15:29 [INFO] 掩码中检测到的类别: [0, 1, 2, 3, 4, 5, 6, 7, 8, 9, 10, 11, 12, 13, 15]
2026-06-04 21:15:29 [INFO] 分割完成，检测到 0 个物体
2026-06-04 21:15:29 [INFO] 从分割掩码中提取检测结果
2026-06-04 21:15:30 [INFO] 从掩码中提取了 452 个检测框
2026-06-04 21:15:30 [ERROR] 保存结果失败: 'NoneType' object has no attribute 'astype'
2026-06-04 21:15:30 [INFO] 分割成功
2026-06-04 21:15:30 [INFO] 引擎上下文已释放
2026-06-04 21:15:30 [INFO] TensorRT 引擎已释放
2026-06-04 21:15:30 [INFO] 全局 CUDA 资源已释放
2026-06-04 21:15:30 [INFO] 分割系统资源已释放
2026-06-04 21:15:34 [INFO] CUDA 初始化成功
2026-06-04 21:15:34 [INFO] 引擎加载成功: scrap_steel.engine
2026-06-04 21:15:34 [INFO] 分割系统初始化成功
2026-06-04 21:15:34 [INFO] 图像预处理完成，原始尺寸: (2160, 3840)
2026-06-04 21:15:34 [INFO] 开始执行分割...
2026-06-04 21:15:34 [DEBUG] 处理后的检测结果形状: (1, 8400, 6)
2026-06-04 21:15:34 [DEBUG] 示例检测结果: [[-4.23695374e+00 -3.29825783e+00  3.95996284e+01  1.55614147e+01
   3.69496433e-08  5.00000000e+00]
 [-6.61952209e+00 -3.12932205e+00  4.49884491e+01  3.00440559e+01
   9.65057367e-09  9.00000000e+00]
 [-3.55518341e+00 -3.45466137e+00  4.60947952e+01  3.04808693e+01
   4.50480098e-09  9.00000000e+00]]
2026-06-04 21:15:34 [DEBUG] 处理后检测输出形状: (0, 52)
2026-06-04 21:15:34 [DEBUG] 有效检测数量: 0
2026-06-04 21:15:34 [DEBUG] 检测输出为空
2026-06-04 21:15:34 [INFO] 掩码中检测到的类别: [0, 1, 2, 3, 4, 5, 6, 7, 8, 9, 10, 11, 12, 13, 15]
2026-06-04 21:15:34 [INFO] 分割完成，检测到 0 个物体
2026-06-04 21:15:34 [INFO] 从分割掩码中提取检测结果
2026-06-04 21:15:35 [INFO] 从掩码中提取了 475 个检测框
2026-06-04 21:15:35 [ERROR] 保存结果失败: 'NoneType' object has no attribute 'astype'
2026-06-04 21:15:35 [INFO] 分割成功
2026-06-04 21:15:35 [INFO] 引擎上下文已释放
2026-06-04 21:15:35 [INFO] TensorRT 引擎已释放
2026-06-04 21:15:35 [INFO] 全局 CUDA 资源已释放
2026-06-04 21:15:35 [INFO] 分割系统资源已释放
2026-06-04 21:15:39 [INFO] CUDA 初始化成功
2026-06-04 21:15:39 [INFO] 引擎加载成功: scrap_steel.engine
2026-06-04 21:15:39 [INFO] 分割系统初始化成功
2026-06-04 21:15:39 [INFO] 图像预处理完成，原始尺寸: (2160, 3840)
2026-06-04 21:15:39 [INFO] 开始执行分割...
2026-06-04 21:15:39 [DEBUG] 处理后的检测结果形状: (1, 8400, 6)
2026-06-04 21:15:39 [DEBUG] 示例检测结果: [[-4.09624481e+00 -3.22196817e+00  3.91333580e+01  1.52029858e+01
   3.94942994e-08  5.00000000e+00]
 [-6.51899338e+00 -3.03859997e+00  4.46909676e+01  2.96492882e+01
   9.95791449e-09  9.00000000e+00]
 [-3.63415527e+00 -3.48404217e+00  4.59252319e+01  3.02791100e+01
   4.59044358e-09  9.00000000e+00]]
2026-06-04 21:15:39 [DEBUG] 处理后检测输出形状: (0, 52)
2026-06-04 21:15:39 [DEBUG] 有效检测数量: 0
2026-06-04 21:15:39 [DEBUG] 检测输出为空
2026-06-04 21:15:39 [INFO] 掩码中检测到的类别: [0, 1, 2, 3, 4, 5, 6, 7, 8, 9, 10, 11, 12, 13, 15]
2026-06-04 21:15:39 [INFO] 分割完成，检测到 0 个物体
2026-06-04 21:15:39 [INFO] 从分割掩码中提取检测结果
2026-06-04 21:15:40 [INFO] 从掩码中提取了 448 个检测框
2026-06-04 21:15:40 [ERROR] 保存结果失败: 'NoneType' object has no attribute 'astype'
2026-06-04 21:15:40 [INFO] 分割成功
2026-06-04 21:15:40 [INFO] 引擎上下文已释放
2026-06-04 21:15:40 [INFO] TensorRT 引擎已释放
2026-06-04 21:15:40 [INFO] 全局 CUDA 资源已释放
2026-06-04 21:15:40 [INFO] 分割系统资源已释放
2026-06-04 21:15:44 [INFO] CUDA 初始化成功
2026-06-04 21:15:44 [INFO] 引擎加载成功: scrap_steel.engine
2026-06-04 21:15:44 [INFO] 分割系统初始化成功
2026-06-04 21:15:44 [INFO] 图像预处理完成，原始尺寸: (2160, 3840)
2026-06-04 21:15:44 [INFO] 开始执行分割...
2026-06-04 21:15:44 [DEBUG] 处理后的检测结果形状: (1, 8400, 6)
2026-06-04 21:15:44 [DEBUG] 示例检测结果: [[-4.16304779e+00 -3.28236103e+00  3.99599724e+01  1.56765337e+01
   3.73839484e-08  5.00000000e+00]
 [-6.43328857e+00 -3.06003094e+00  4.49923897e+01  3.03686066e+01
   9.63209246e-09  9.00000000e+00]
 [-3.47232056e+00 -3.37742710e+00  4.59495850e+01  3.06536903e+01
   4.44612169e-09  9.00000000e+00]]
2026-06-04 21:15:44 [DEBUG] 处理后检测输出形状: (1, 52)
2026-06-04 21:15:44 [DEBUG] 有效检测数量: 1
2026-06-04 21:15:44 [DEBUG] 最大置信度: 0.0592, 平均置信度: 0.0592
2026-06-04 21:15:45 [INFO] 掩码中检测到的类别: [0, 1, 2, 3, 4, 5, 6, 7, 8, 9, 10, 11, 12, 13, 15]
2026-06-04 21:15:45 [INFO] 分割完成，检测到 0 个物体
2026-06-04 21:15:45 [INFO] 从分割掩码中提取检测结果
2026-06-04 21:15:45 [INFO] 从掩码中提取了 426 个检测框
2026-06-04 21:15:45 [ERROR] 保存结果失败: 'NoneType' object has no attribute 'astype'
2026-06-04 21:15:45 [INFO] 分割成功
2026-06-04 21:15:45 [INFO] 引擎上下文已释放
2026-06-04 21:15:45 [INFO] TensorRT 引擎已释放
2026-06-04 21:15:45 [INFO] 全局 CUDA 资源已释放
2026-06-04 21:15:45 [INFO] 分割系统资源已释放
2026-06-04 21:15:49 [INFO] CUDA 初始化成功
2026-06-04 21:15:49 [INFO] 引擎加载成功: scrap_steel.engine
2026-06-04 21:15:49 [INFO] 分割系统初始化成功
2026-06-04 21:15:50 [INFO] 图像预处理完成，原始尺寸: (2160, 3840)
2026-06-04 21:15:50 [INFO] 开始执行分割...
2026-06-04 21:15:50 [DEBUG] 处理后的检测结果形状: (1, 8400, 6)
2026-06-04 21:15:50 [DEBUG] 示例检测结果: [[-3.91924286e+00 -3.05880642e+00  3.89059677e+01  1.46049032e+01
   3.31717231e-08  5.00000000e+00]
 [-6.17357254e+00 -2.82300186e+00  4.48462715e+01  2.89393044e+01
   8.67297523e-09  9.00000000e+00]
 [-3.36486816e+00 -3.10390186e+00  4.57683563e+01  2.94505730e+01
   4.24787316e-09  9.00000000e+00]]
2026-06-04 21:15:50 [DEBUG] 处理后检测输出形状: (0, 52)
2026-06-04 21:15:50 [DEBUG] 有效检测数量: 0
2026-06-04 21:15:50 [DEBUG] 检测输出为空
2026-06-04 21:15:50 [INFO] 掩码中检测到的类别: [0, 1, 2, 3, 4, 5, 6, 7, 8, 9, 10, 11, 12, 13, 14, 15]
2026-06-04 21:15:50 [INFO] 分割完成，检测到 0 个物体
2026-06-04 21:15:50 [INFO] 从分割掩码中提取检测结果
2026-06-04 21:15:50 [INFO] 从掩码中提取了 418 个检测框
2026-06-04 21:15:50 [INFO] 计算出的车框矩形边界: (1028, 619) to (3182, 1515)
2026-06-04 21:15:50 [INFO] 原始检测数: 418, 过滤后检测数: 191
2026-06-04 21:15:51 [INFO] 保存分割和检测结果到: C:\code\show\Scrap_Steel_In_Field\photos\segmentation\segment_20260604_211550.jpg
2026-06-04 21:15:51 [INFO] JSON结果保存到: C:\code\show\Scrap_Steel_In_Field\photos\segmentation_result.json
2026-06-04 21:15:51 [INFO] 类别统计：{0: 25, 1: 55, 2: 24, 3: 8, 4: 25, 5: 27, 6: 15, 7: 28, 8: 42, 9: 54, 10: 21, 11: 8, 12: 25, 13: 45, 14: 0, 15: 16}
2026-06-04 21:15:51 [INFO] 面积统计：{0: 3467196.0, 1: 538596.0, 2: 50832.0, 3: 119916.0, 4: 167256.0, 5: 40680.0, 6: 583092.0, 7: 41508.0, 8: 820260.0, 9: 231372.0, 10: 165924.0, 11: 249228.0, 12: 119988.0, 13: 868392.0, 14: 36.0, 15: 21096.0}
2026-06-04 21:15:51 [INFO] 分割成功
2026-06-04 21:15:51 [INFO] 引擎上下文已释放
2026-06-04 21:15:51 [INFO] TensorRT 引擎已释放
2026-06-04 21:15:51 [INFO] 全局 CUDA 资源已释放
2026-06-04 21:15:51 [INFO] 分割系统资源已释放
2026-06-04 21:15:55 [INFO] CUDA 初始化成功
2026-06-04 21:15:55 [INFO] 引擎加载成功: scrap_steel.engine
2026-06-04 21:15:55 [INFO] 分割系统初始化成功
2026-06-04 21:15:55 [INFO] 图像预处理完成，原始尺寸: (2160, 3840)
2026-06-04 21:15:55 [INFO] 开始执行分割...
2026-06-04 21:15:55 [DEBUG] 处理后的检测结果形状: (1, 8400, 6)
2026-06-04 21:15:55 [DEBUG] 示例检测结果: [[-4.18821335e+00 -3.29869270e+00  3.91670647e+01  1.53078442e+01
   3.94998025e-08  5.00000000e+00]
 [-6.61410904e+00 -3.09967995e+00  4.46166687e+01  2.96812077e+01
   9.55693125e-09  9.00000000e+00]
 [-3.62699890e+00 -3.52113914e+00  4.58763809e+01  3.02866459e+01
   4.38073755e-09  9.00000000e+00]]
2026-06-04 21:15:55 [DEBUG] 处理后检测输出形状: (0, 52)
2026-06-04 21:15:55 [DEBUG] 有效检测数量: 0
2026-06-04 21:15:55 [DEBUG] 检测输出为空
2026-06-04 21:15:55 [INFO] 掩码中检测到的类别: [0, 1, 2, 3, 4, 5, 6, 7, 8, 9, 10, 11, 12, 13, 14, 15]
2026-06-04 21:15:55 [INFO] 分割完成，检测到 0 个物体
2026-06-04 21:15:55 [INFO] 从分割掩码中提取检测结果
2026-06-04 21:15:55 [INFO] 从掩码中提取了 421 个检测框
2026-06-04 21:15:55 [INFO] 计算出的车框矩形边界: (1029, 617) to (3178, 1510)
2026-06-04 21:15:55 [INFO] 原始检测数: 421, 过滤后检测数: 203
2026-06-04 21:15:56 [INFO] 保存分割和检测结果到: C:\code\show\Scrap_Steel_In_Field\photos\segmentation\segment_20260604_211555.jpg
2026-06-04 21:15:56 [INFO] JSON结果保存到: C:\code\show\Scrap_Steel_In_Field\photos\segmentation_result.json
2026-06-04 21:15:56 [INFO] 类别统计：{0: 12, 1: 55, 2: 22, 3: 2, 4: 26, 5: 29, 6: 16, 7: 30, 8: 36, 9: 50, 10: 23, 11: 17, 12: 17, 13: 67, 14: 0, 15: 19}
2026-06-04 21:15:56 [INFO] 面积统计：{0: 3558276.0, 1: 587700.0, 2: 41256.0, 3: 131688.0, 4: 160200.0, 5: 50724.0, 6: 518868.0, 7: 50076.0, 8: 879804.0, 9: 195300.0, 10: 161028.0, 11: 350856.0, 12: 89676.0, 13: 795384.0, 14: 36.0, 15: 41040.0}
2026-06-04 21:15:56 [INFO] 分割成功
2026-06-04 21:15:56 [INFO] 引擎上下文已释放
2026-06-04 21:15:56 [INFO] TensorRT 引擎已释放
2026-06-04 21:15:56 [INFO] 全局 CUDA 资源已释放
2026-06-04 21:15:56 [INFO] 分割系统资源已释放
2026-06-04 21:16:00 [INFO] CUDA 初始化成功
2026-06-04 21:16:00 [INFO] 引擎加载成功: scrap_steel.engine
2026-06-04 21:16:00 [INFO] 分割系统初始化成功
2026-06-04 21:16:00 [INFO] 图像预处理完成，原始尺寸: (2160, 3840)
2026-06-04 21:16:00 [INFO] 开始执行分割...
2026-06-04 21:16:00 [DEBUG] 处理后的检测结果形状: (1, 8400, 6)
2026-06-04 21:16:00 [DEBUG] 示例检测结果: [[-4.12793350e+00 -3.22735023e+00  3.96097183e+01  1.54587250e+01
   3.96545019e-08  5.00000000e+00]
 [-6.51014709e+00 -3.00070477e+00  4.46935616e+01  2.99369507e+01
   9.70321423e-09  9.00000000e+00]
 [-3.51592636e+00 -3.35385609e+00  4.59160995e+01  3.04072838e+01
   4.54938842e-09  9.00000000e+00]]
2026-06-04 21:16:00 [DEBUG] 处理后检测输出形状: (0, 52)
2026-06-04 21:16:00 [DEBUG] 有效检测数量: 0
2026-06-04 21:16:00 [DEBUG] 检测输出为空
2026-06-04 21:16:00 [INFO] 掩码中检测到的类别: [0, 1, 2, 3, 4, 5, 6, 7, 8, 9, 10, 11, 12, 13, 14, 15]
2026-06-04 21:16:00 [INFO] 分割完成，检测到 0 个物体
2026-06-04 21:16:00 [INFO] 从分割掩码中提取检测结果
2026-06-04 21:16:00 [INFO] 从掩码中提取了 486 个检测框
2026-06-04 21:16:00 [INFO] 计算出的车框矩形边界: (1029, 617) to (3175, 1519)
2026-06-04 21:16:00 [INFO] 原始检测数: 486, 过滤后检测数: 214
2026-06-04 21:16:01 [INFO] 保存分割和检测结果到: C:\code\show\Scrap_Steel_In_Field\photos\segmentation\segment_20260604_211600.jpg
2026-06-04 21:16:01 [INFO] JSON结果保存到: C:\code\show\Scrap_Steel_In_Field\photos\segmentation_result.json
2026-06-04 21:16:01 [INFO] 类别统计：{0: 37, 1: 54, 2: 28, 3: 2, 4: 29, 5: 34, 6: 11, 7: 31, 8: 47, 9: 61, 10: 34, 11: 21, 12: 22, 13: 54, 14: 0, 15: 21}
2026-06-04 21:16:01 [INFO] 面积统计：{0: 3409740.0, 1: 677556.0, 2: 37620.0, 3: 140688.0, 4: 203724.0, 5: 54144.0, 6: 522540.0, 7: 36360.0, 8: 972144.0, 9: 195804.0, 10: 245052.0, 11: 379368.0, 12: 86256.0, 13: 632520.0, 14: 72.0, 15: 75960.0}
2026-06-04 21:16:01 [INFO] 分割成功
2026-06-04 21:16:01 [INFO] 引擎上下文已释放
2026-06-04 21:16:01 [INFO] TensorRT 引擎已释放
2026-06-04 21:16:01 [INFO] 全局 CUDA 资源已释放
2026-06-04 21:16:01 [INFO] 分割系统资源已释放
2026-06-04 21:16:05 [INFO] CUDA 初始化成功
2026-06-04 21:16:05 [INFO] 引擎加载成功: scrap_steel.engine
2026-06-04 21:16:05 [INFO] 分割系统初始化成功
2026-06-04 21:16:05 [INFO] 图像预处理完成，原始尺寸: (2160, 3840)
2026-06-04 21:16:05 [INFO] 开始执行分割...
2026-06-04 21:16:05 [DEBUG] 处理后的检测结果形状: (1, 8400, 6)
2026-06-04 21:16:05 [DEBUG] 示例检测结果: [[-4.09141541e+00 -3.22801781e+00  3.92569313e+01  1.53138409e+01
   4.13950403e-08  5.00000000e+00]
 [-6.53414917e+00 -3.02895737e+00  4.48895874e+01  2.99189720e+01
   1.00923181e-08  9.00000000e+00]
 [-3.58170319e+00 -3.42837906e+00  4.60785294e+01  3.05626831e+01
   4.72996220e-09  9.00000000e+00]]
2026-06-04 21:16:05 [DEBUG] 处理后检测输出形状: (0, 52)
2026-06-04 21:16:05 [DEBUG] 有效检测数量: 0
2026-06-04 21:16:05 [DEBUG] 检测输出为空
2026-06-04 21:16:05 [INFO] 掩码中检测到的类别: [0, 1, 2, 3, 4, 5, 6, 7, 8, 9, 10, 11, 12, 13, 14, 15]
2026-06-04 21:16:05 [INFO] 分割完成，检测到 0 个物体
2026-06-04 21:16:05 [INFO] 从分割掩码中提取检测结果
2026-06-04 21:16:05 [INFO] 从掩码中提取了 456 个检测框
2026-06-04 21:16:05 [INFO] 计算出的车框矩形边界: (1028, 618) to (3175, 1519)
2026-06-04 21:16:05 [INFO] 原始检测数: 456, 过滤后检测数: 198
2026-06-04 21:16:06 [INFO] 保存分割和检测结果到: C:\code\show\Scrap_Steel_In_Field\photos\segmentation\segment_20260604_211605.jpg
2026-06-04 21:16:06 [INFO] JSON结果保存到: C:\code\show\Scrap_Steel_In_Field\photos\segmentation_result.json
2026-06-04 21:16:06 [INFO] 类别统计：{0: 13, 1: 56, 2: 22, 3: 0, 4: 27, 5: 28, 6: 14, 7: 34, 8: 54, 9: 62, 10: 31, 11: 13, 12: 22, 13: 59, 14: 0, 15: 21}
2026-06-04 21:16:06 [INFO] 面积统计：{0: 3536208.0, 1: 616896.0, 2: 33012.0, 3: 131004.0, 4: 173376.0, 5: 47736.0, 6: 497376.0, 7: 41544.0, 8: 903348.0, 9: 195948.0, 10: 191052.0, 11: 330372.0, 12: 118260.0, 13: 701964.0, 14: 72.0, 15: 125532.0}
2026-06-04 21:16:06 [INFO] 分割成功
2026-06-04 21:16:06 [INFO] 引擎上下文已释放
2026-06-04 21:16:06 [INFO] TensorRT 引擎已释放
2026-06-04 21:16:06 [INFO] 全局 CUDA 资源已释放
2026-06-04 21:16:06 [INFO] 分割系统资源已释放
2026-06-04 21:16:10 [INFO] CUDA 初始化成功
2026-06-04 21:16:10 [INFO] 引擎加载成功: scrap_steel.engine
2026-06-04 21:16:10 [INFO] 分割系统初始化成功
2026-06-04 21:16:10 [INFO] 图像预处理完成，原始尺寸: (2160, 3840)
2026-06-04 21:16:10 [INFO] 开始执行分割...
2026-06-04 21:16:10 [DEBUG] 处理后的检测结果形状: (1, 8400, 6)
2026-06-04 21:16:10 [DEBUG] 示例检测结果: [[-4.11928940e+00 -3.21958160e+00  3.93585281e+01  1.52390823e+01
   4.02767633e-08  5.00000000e+00]
 [-6.51063919e+00 -3.00649643e+00  4.48652458e+01  2.97888832e+01
   9.93722438e-09  9.00000000e+00]
 [-3.54435730e+00 -3.39995956e+00  4.60454788e+01  3.04892769e+01
   4.64292604e-09  9.00000000e+00]]
2026-06-04 21:16:10 [DEBUG] 处理后检测输出形状: (0, 52)
2026-06-04 21:16:10 [DEBUG] 有效检测数量: 0
2026-06-04 21:16:10 [DEBUG] 检测输出为空
2026-06-04 21:16:10 [INFO] 掩码中检测到的类别: [0, 1, 2, 3, 4, 5, 6, 7, 8, 9, 10, 11, 12, 13, 14, 15]
2026-06-04 21:16:10 [INFO] 分割完成，检测到 0 个物体
2026-06-04 21:16:10 [INFO] 从分割掩码中提取检测结果
2026-06-04 21:16:11 [INFO] 从掩码中提取了 406 个检测框
2026-06-04 21:16:11 [INFO] 计算出的车框矩形边界: (1028, 619) to (3178, 1513)
2026-06-04 21:16:11 [INFO] 原始检测数: 406, 过滤后检测数: 196
2026-06-04 21:16:11 [INFO] 保存分割和检测结果到: C:\code\show\Scrap_Steel_In_Field\photos\segmentation\segment_20260604_211611.jpg
2026-06-04 21:16:11 [INFO] JSON结果保存到: C:\code\show\Scrap_Steel_In_Field\photos\segmentation_result.json
2026-06-04 21:16:11 [INFO] 类别统计：{0: 15, 1: 50, 2: 23, 3: 1, 4: 24, 5: 23, 6: 14, 7: 25, 8: 48, 9: 49, 10: 26, 11: 15, 12: 21, 13: 51, 14: 0, 15: 21}
2026-06-04 21:16:11 [INFO] 面积统计：{0: 3702312.0, 1: 628380.0, 2: 34308.0, 3: 143640.0, 4: 174384.0, 5: 42552.0, 6: 488700.0, 7: 32112.0, 8: 899244.0, 9: 168336.0, 10: 179748.0, 11: 337248.0, 12: 98892.0, 13: 681084.0, 14: 72.0, 15: 124740.0}
2026-06-04 21:16:11 [INFO] 分割成功
2026-06-04 21:16:11 [INFO] 引擎上下文已释放
2026-06-04 21:16:11 [INFO] TensorRT 引擎已释放
2026-06-04 21:16:11 [INFO] 全局 CUDA 资源已释放
2026-06-04 21:16:11 [INFO] 分割系统资源已释放
2026-06-04 21:16:15 [INFO] CUDA 初始化成功
2026-06-04 21:16:15 [INFO] 引擎加载成功: scrap_steel.engine
2026-06-04 21:16:15 [INFO] 分割系统初始化成功
2026-06-04 21:16:15 [INFO] 图像预处理完成，原始尺寸: (2160, 3840)
2026-06-04 21:16:15 [INFO] 开始执行分割...
2026-06-04 21:16:15 [DEBUG] 处理后的检测结果形状: (1, 8400, 6)
2026-06-04 21:16:15 [DEBUG] 示例检测结果: [[-4.18276596e+00 -3.28285122e+00  3.92193985e+01  1.54136419e+01
   3.87235701e-08  5.00000000e+00]
 [-6.54746628e+00 -3.11428452e+00  4.46532631e+01  2.99563408e+01
   9.57601820e-09  9.00000000e+00]
 [-3.54191589e+00 -3.51587391e+00  4.59605942e+01  3.04706688e+01
   4.43380621e-09  9.00000000e+00]]
2026-06-04 21:16:15 [DEBUG] 处理后检测输出形状: (0, 52)
2026-06-04 21:16:15 [DEBUG] 有效检测数量: 0
2026-06-04 21:16:15 [DEBUG] 检测输出为空
2026-06-04 21:16:15 [INFO] 掩码中检测到的类别: [0, 1, 2, 3, 4, 5, 6, 7, 8, 9, 10, 11, 12, 13, 14, 15]
2026-06-04 21:16:15 [INFO] 分割完成，检测到 0 个物体
2026-06-04 21:16:15 [INFO] 从分割掩码中提取检测结果
2026-06-04 21:16:16 [INFO] 从掩码中提取了 430 个检测框
2026-06-04 21:16:16 [INFO] 计算出的车框矩形边界: (1027, 619) to (3178, 1510)
2026-06-04 21:16:16 [INFO] 原始检测数: 430, 过滤后检测数: 218
2026-06-04 21:16:16 [INFO] 保存分割和检测结果到: C:\code\show\Scrap_Steel_In_Field\photos\segmentation\segment_20260604_211616.jpg
2026-06-04 21:16:16 [INFO] JSON结果保存到: C:\code\show\Scrap_Steel_In_Field\photos\segmentation_result.json
2026-06-04 21:16:16 [INFO] 类别统计：{0: 39, 1: 48, 2: 25, 3: 1, 4: 23, 5: 21, 6: 18, 7: 22, 8: 50, 9: 47, 10: 26, 11: 16, 12: 18, 13: 60, 14: 0, 15: 16}
2026-06-04 21:16:16 [INFO] 面积统计：{0: 3815748.0, 1: 634536.0, 2: 38592.0, 3: 158076.0, 4: 171324.0, 5: 43380.0, 6: 527940.0, 7: 34164.0, 8: 1002744.0, 9: 120960.0, 10: 178452.0, 11: 347328.0, 12: 85932.0, 13: 655272.0, 14: 72.0, 15: 100332.0}
2026-06-04 21:16:16 [INFO] 分割成功
2026-06-04 21:16:16 [INFO] 引擎上下文已释放
2026-06-04 21:16:16 [INFO] TensorRT 引擎已释放
2026-06-04 21:16:16 [INFO] 全局 CUDA 资源已释放
2026-06-04 21:16:16 [INFO] 分割系统资源已释放
2026-06-04 21:16:21 [INFO] CUDA 初始化成功
2026-06-04 21:16:21 [INFO] 引擎加载成功: scrap_steel.engine
2026-06-04 21:16:21 [INFO] 分割系统初始化成功
2026-06-04 21:16:21 [INFO] 图像预处理完成，原始尺寸: (2160, 3840)
2026-06-04 21:16:21 [INFO] 开始执行分割...
2026-06-04 21:16:21 [DEBUG] 处理后的检测结果形状: (1, 8400, 6)
2026-06-04 21:16:21 [DEBUG] 示例检测结果: [[-4.09072495e+00 -3.18910456e+00  3.93002090e+01  1.51206989e+01
   3.90245276e-08  5.00000000e+00]
 [-6.51877213e+00 -2.98519897e+00  4.48524857e+01  2.97201805e+01
   9.72498082e-09  9.00000000e+00]
 [-3.57903671e+00 -3.41736126e+00  4.60347366e+01  3.04747124e+01
   4.57648319e-09  9.00000000e+00]]
2026-06-04 21:16:21 [DEBUG] 处理后检测输出形状: (0, 52)
2026-06-04 21:16:21 [DEBUG] 有效检测数量: 0
2026-06-04 21:16:21 [DEBUG] 检测输出为空
2026-06-04 21:16:21 [INFO] 掩码中检测到的类别: [0, 1, 2, 3, 4, 5, 6, 7, 8, 9, 10, 11, 12, 13, 14, 15]
2026-06-04 21:16:21 [INFO] 分割完成，检测到 0 个物体
2026-06-04 21:16:21 [INFO] 从分割掩码中提取检测结果
