2026-07-24 15:29:24 [INFO] CUDA 初始化成功
2026-07-24 15:29:24 [INFO] 引擎加载成功: scrap_steel.engine
2026-07-24 15:29:24 [INFO] 分割系统初始化成功
2026-07-24 15:29:27 [INFO] 引擎加载成功: scrap_steel.engine
2026-07-24 15:29:27 [INFO] 分割系统初始化成功
2026-07-24 15:29:27 [INFO] 图像预处理完成，原始尺寸: (2160, 3840)
2026-07-24 15:29:27 [INFO] 开始执行分割...
2026-07-24 15:29:27 [ERROR] 推理过程发生异常: explicit_context_dependent failed: invalid device context - no currently active context?
2026-07-24 15:29:27 [INFO] 分割完成，检测到 0 个物体
2026-07-24 15:29:27 [INFO] 计算出的车框矩形边界: (895, 687) to (3117, 1644)
2026-07-24 15:29:27 [INFO] 原始检测数: 0, 过滤后检测数: 0
2026-07-24 15:29:27 [ERROR] 保存结果失败: 'NoneType' object has no attribute 'shape'
2026-07-24 15:29:27 [ERROR] 分割失败: 未能生成有效的分割掩码
2026-07-24 15:29:27 [INFO] 引擎上下文已释放
2026-07-24 15:29:27 [INFO] TensorRT 引擎已释放
2026-07-24 15:29:27 [INFO] 全局 CUDA 资源已释放
2026-07-24 15:29:27 [INFO] 分割系统资源已释放
2026-07-24 15:29:34 [INFO] CUDA 初始化成功
2026-07-24 15:29:34 [INFO] 引擎加载成功: scrap_steel.engine
2026-07-24 15:29:34 [INFO] 分割系统初始化成功
2026-07-24 15:29:35 [INFO] 图像预处理完成，原始尺寸: (2160, 3840)
2026-07-24 15:29:35 [INFO] 开始执行分割...
2026-07-24 15:29:35 [DEBUG] 处理后的检测结果形状: (1, 8400, 6)
2026-07-24 15:29:35 [DEBUG] 示例检测结果: [[-3.93008423e+00 -3.25809288e+00  3.91223564e+01  1.55218925e+01
   4.44639667e-08  5.00000000e+00]
 [-6.09582138e+00 -2.96810532e+00  4.45732651e+01  3.00940742e+01
   1.03315756e-08  9.00000000e+00]
 [-3.51473618e+00 -3.53967285e+00  4.57619133e+01  3.06955147e+01
   4.43188242e-09  9.00000000e+00]]
2026-07-24 15:29:35 [DEBUG] 处理后检测输出形状: (0, 52)
2026-07-24 15:29:35 [DEBUG] 有效检测数量: 0
2026-07-24 15:29:35 [DEBUG] 检测输出为空
2026-07-24 15:29:35 [INFO] 掩码中检测到的类别: [0, 1, 2, 3, 4, 5, 6, 7, 8, 9, 10, 11, 12, 13, 15]
2026-07-24 15:29:35 [INFO] 分割完成，检测到 0 个物体
2026-07-24 15:29:35 [INFO] 从分割掩码中提取检测结果
2026-07-24 15:29:35 [INFO] 从掩码中提取了 374 个检测框
2026-07-24 15:29:35 [INFO] 计算出的车框矩形边界: (895, 688) to (3116, 1644)
2026-07-24 15:29:35 [INFO] 原始检测数: 374, 过滤后检测数: 180
2026-07-24 15:29:36 [INFO] 保存分割和检测结果到: C:\code\show\Scrap_Steel_In_Field\photos\segmentation\segment_20260724_152935.jpg
2026-07-24 15:29:36 [INFO] JSON结果保存到: C:\code\show\Scrap_Steel_In_Field\photos\segmentation_result.json
2026-07-24 15:29:36 [INFO] 类别统计：{0: 13, 1: 46, 2: 14, 3: 5, 4: 19, 5: 24, 6: 24, 7: 15, 8: 52, 9: 35, 10: 20, 11: 9, 12: 13, 13: 65, 14: 0, 15: 20}
2026-07-24 15:29:36 [INFO] 面积统计：{0: 3300984.0, 1: 447156.0, 2: 34668.0, 3: 171756.0, 4: 93924.0, 5: 67212.0, 6: 547200.0, 7: 28260.0, 8: 1040904.0, 9: 93888.0, 10: 135792.0, 11: 225756.0, 12: 42804.0, 13: 792216.0, 15: 77760.0}
2026-07-24 15:29:36 [INFO] 分割成功
2026-07-24 15:29:36 [INFO] 引擎上下文已释放
2026-07-24 15:29:36 [INFO] TensorRT 引擎已释放
2026-07-24 15:29:36 [INFO] 全局 CUDA 资源已释放
2026-07-24 15:29:36 [INFO] 分割系统资源已释放
2026-07-24 15:29:39 [INFO] CUDA 初始化成功
2026-07-24 15:29:39 [INFO] 引擎加载成功: scrap_steel.engine
2026-07-24 15:29:39 [INFO] 分割系统初始化成功
2026-07-24 15:29:39 [INFO] 图像预处理完成，原始尺寸: (2160, 3840)
2026-07-24 15:29:39 [INFO] 开始执行分割...
2026-07-24 15:29:39 [DEBUG] 处理后的检测结果形状: (1, 8400, 6)
2026-07-24 15:29:39 [DEBUG] 示例检测结果: [[-3.97616577e+00 -3.28070927e+00  3.92142715e+01  1.55876970e+01
   4.34209788e-08  5.00000000e+00]
 [-6.14185333e+00 -2.97807407e+00  4.45715256e+01  3.01674843e+01
   1.01895203e-08  9.00000000e+00]
 [-3.52391052e+00 -3.52849579e+00  4.57930603e+01  3.07290306e+01
   4.45247395e-09  9.00000000e+00]]
2026-07-24 15:29:39 [DEBUG] 处理后检测输出形状: (0, 52)
2026-07-24 15:29:39 [DEBUG] 有效检测数量: 0
2026-07-24 15:29:39 [DEBUG] 检测输出为空
2026-07-24 15:29:39 [INFO] 掩码中检测到的类别: [0, 1, 2, 3, 4, 5, 6, 7, 8, 9, 10, 11, 12, 13, 15]
2026-07-24 15:29:39 [INFO] 分割完成，检测到 0 个物体
2026-07-24 15:29:39 [INFO] 从分割掩码中提取检测结果
2026-07-24 15:29:40 [INFO] 从掩码中提取了 367 个检测框
2026-07-24 15:29:40 [INFO] 计算出的车框矩形边界: (895, 688) to (3116, 1645)
2026-07-24 15:29:40 [INFO] 原始检测数: 367, 过滤后检测数: 180
2026-07-24 15:29:40 [INFO] 保存分割和检测结果到: C:\code\show\Scrap_Steel_In_Field\photos\segmentation\segment_20260724_152940.jpg
2026-07-24 15:29:40 [INFO] JSON结果保存到: C:\code\show\Scrap_Steel_In_Field\photos\segmentation_result.json
2026-07-24 15:29:40 [INFO] 类别统计：{0: 5, 1: 50, 2: 12, 3: 4, 4: 25, 5: 23, 6: 23, 7: 15, 8: 48, 9: 36, 10: 22, 11: 9, 12: 17, 13: 63, 14: 0, 15: 15}
2026-07-24 15:29:40 [INFO] 面积统计：{0: 3262212.0, 1: 444384.0, 2: 37332.0, 3: 174276.0, 4: 102528.0, 5: 75168.0, 6: 543672.0, 7: 27432.0, 8: 1049580.0, 9: 94032.0, 10: 137196.0, 11: 228276.0, 12: 46044.0, 13: 781452.0, 15: 89640.0}
2026-07-24 15:29:40 [INFO] 分割成功
2026-07-24 15:29:40 [INFO] 引擎上下文已释放
2026-07-24 15:29:40 [INFO] TensorRT 引擎已释放
2026-07-24 15:29:40 [INFO] 全局 CUDA 资源已释放
2026-07-24 15:29:40 [INFO] 分割系统资源已释放
2026-07-24 15:29:45 [INFO] CUDA 初始化成功
2026-07-24 15:29:45 [INFO] 引擎加载成功: scrap_steel.engine
2026-07-24 15:29:45 [INFO] 分割系统初始化成功
2026-07-24 15:29:45 [INFO] 图像预处理完成，原始尺寸: (2160, 3840)
2026-07-24 15:29:45 [INFO] 开始执行分割...
2026-07-24 15:29:45 [DEBUG] 处理后的检测结果形状: (1, 8400, 6)
2026-07-24 15:29:45 [DEBUG] 示例检测结果: [[-3.97375870e+00 -3.25015450e+00  3.91526337e+01  1.54703674e+01
   4.41127170e-08  5.00000000e+00]
 [-6.15090561e+00 -2.96572304e+00  4.44285851e+01  3.00513783e+01
   1.03040989e-08  9.00000000e+00]
 [-3.48672485e+00 -3.50129223e+00  4.57340508e+01  3.06554680e+01
   4.57238958e-09  9.00000000e+00]]
2026-07-24 15:29:45 [DEBUG] 处理后检测输出形状: (0, 52)
2026-07-24 15:29:45 [DEBUG] 有效检测数量: 0
2026-07-24 15:29:45 [DEBUG] 检测输出为空
2026-07-24 15:29:45 [INFO] 掩码中检测到的类别: [0, 1, 2, 3, 4, 5, 6, 7, 8, 9, 10, 11, 12, 13, 15]
2026-07-24 15:29:45 [INFO] 分割完成，检测到 0 个物体
2026-07-24 15:29:45 [INFO] 从分割掩码中提取检测结果
2026-07-24 15:29:45 [INFO] 从掩码中提取了 353 个检测框
2026-07-24 15:29:45 [INFO] 计算出的车框矩形边界: (895, 686) to (3116, 1644)
2026-07-24 15:29:45 [INFO] 原始检测数: 353, 过滤后检测数: 169
2026-07-24 15:29:46 [INFO] 保存分割和检测结果到: C:\code\show\Scrap_Steel_In_Field\photos\segmentation\segment_20260724_152945.jpg
2026-07-24 15:29:46 [INFO] JSON结果保存到: C:\code\show\Scrap_Steel_In_Field\photos\segmentation_result.json
2026-07-24 15:29:46 [INFO] 类别统计：{0: 8, 1: 49, 2: 12, 3: 4, 4: 18, 5: 20, 6: 23, 7: 20, 8: 46, 9: 37, 10: 18, 11: 7, 12: 11, 13: 62, 14: 0, 15: 18}
2026-07-24 15:29:46 [INFO] 面积统计：{0: 3329712.0, 1: 454572.0, 2: 32508.0, 3: 173880.0, 4: 100728.0, 5: 71676.0, 6: 547812.0, 7: 28476.0, 8: 1031940.0, 9: 86400.0, 10: 134784.0, 11: 228204.0, 12: 39420.0, 13: 815616.0, 15: 92952.0}
2026-07-24 15:29:46 [INFO] 分割成功
2026-07-24 15:29:46 [INFO] 引擎上下文已释放
2026-07-24 15:29:46 [INFO] TensorRT 引擎已释放
2026-07-24 15:29:46 [INFO] 全局 CUDA 资源已释放
2026-07-24 15:29:46 [INFO] 分割系统资源已释放
2026-07-24 15:29:50 [INFO] CUDA 初始化成功
2026-07-24 15:29:50 [INFO] 引擎加载成功: scrap_steel.engine
2026-07-24 15:29:50 [INFO] 分割系统初始化成功
2026-07-24 15:29:50 [INFO] 图像预处理完成，原始尺寸: (2160, 3840)
2026-07-24 15:29:50 [INFO] 开始执行分割...
2026-07-24 15:29:50 [DEBUG] 处理后的检测结果形状: (1, 8400, 6)
2026-07-24 15:29:50 [DEBUG] 示例检测结果: [[-3.95873260e+00 -3.26294231e+00  3.91367836e+01  1.55108480e+01
   4.41127170e-08  5.00000000e+00]
 [-6.10914993e+00 -2.96697521e+00  4.44222450e+01  2.99128685e+01
   1.01839817e-08  9.00000000e+00]
 [-3.49077225e+00 -3.48856544e+00  4.57048416e+01  3.05210323e+01
   4.48716531e-09  9.00000000e+00]]
2026-07-24 15:29:50 [DEBUG] 处理后检测输出形状: (0, 52)
2026-07-24 15:29:50 [DEBUG] 有效检测数量: 0
2026-07-24 15:29:50 [DEBUG] 检测输出为空
2026-07-24 15:29:50 [INFO] 掩码中检测到的类别: [0, 1, 2, 3, 4, 5, 6, 7, 8, 9, 10, 11, 12, 13, 15]
2026-07-24 15:29:50 [INFO] 分割完成，检测到 0 个物体
2026-07-24 15:29:50 [INFO] 从分割掩码中提取检测结果
2026-07-24 15:29:50 [INFO] 从掩码中提取了 372 个检测框
2026-07-24 15:29:50 [INFO] 计算出的车框矩形边界: (895, 687) to (3117, 1644)
2026-07-24 15:29:50 [INFO] 原始检测数: 372, 过滤后检测数: 184
2026-07-24 15:29:51 [INFO] 保存分割和检测结果到: C:\code\show\Scrap_Steel_In_Field\photos\segmentation\segment_20260724_152950.jpg
2026-07-24 15:29:51 [INFO] JSON结果保存到: C:\code\show\Scrap_Steel_In_Field\photos\segmentation_result.json
2026-07-24 15:29:51 [INFO] 类别统计：{0: 9, 1: 49, 2: 13, 3: 4, 4: 22, 5: 22, 6: 24, 7: 17, 8: 47, 9: 35, 10: 23, 11: 12, 12: 16, 13: 62, 14: 0, 15: 17}
2026-07-24 15:29:51 [INFO] 面积统计：{0: 3368124.0, 1: 472716.0, 2: 36144.0, 3: 168624.0, 4: 94572.0, 5: 76608.0, 6: 546912.0, 7: 25956.0, 8: 1049076.0, 9: 96804.0, 10: 135288.0, 11: 228204.0, 12: 48564.0, 13: 781560.0, 15: 88092.0}
2026-07-24 15:29:51 [INFO] 分割成功
2026-07-24 15:29:51 [INFO] 引擎上下文已释放
2026-07-24 15:29:51 [INFO] TensorRT 引擎已释放
2026-07-24 15:29:51 [INFO] 全局 CUDA 资源已释放
2026-07-24 15:29:51 [INFO] 分割系统资源已释放
2026-07-24 15:29:55 [INFO] CUDA 初始化成功
2026-07-24 15:29:55 [INFO] 引擎加载成功: scrap_steel.engine
2026-07-24 15:29:55 [INFO] 分割系统初始化成功
2026-07-24 15:29:55 [INFO] 图像预处理完成，原始尺寸: (2160, 3840)
2026-07-24 15:29:55 [INFO] 开始执行分割...
2026-07-24 15:29:55 [DEBUG] 处理后的检测结果形状: (1, 8400, 6)
2026-07-24 15:29:55 [DEBUG] 示例检测结果: [[-3.99034882e+00 -3.30464125e+00  3.90992584e+01  1.57546883e+01
   4.41127170e-08  5.00000000e+00]
 [-6.11103439e+00 -3.02943420e+00  4.44779243e+01  3.01840744e+01
   1.01496092e-08  9.00000000e+00]
 [-3.50038910e+00 -3.54289341e+00  4.57454453e+01  3.06356735e+01
   4.48716531e-09  9.00000000e+00]]
2026-07-24 15:29:55 [DEBUG] 处理后检测输出形状: (0, 52)
2026-07-24 15:29:55 [DEBUG] 有效检测数量: 0
2026-07-24 15:29:55 [DEBUG] 检测输出为空
2026-07-24 15:29:55 [INFO] 掩码中检测到的类别: [0, 1, 2, 3, 4, 5, 6, 7, 8, 9, 10, 11, 12, 13, 15]
2026-07-24 15:29:55 [INFO] 分割完成，检测到 0 个物体
2026-07-24 15:29:55 [INFO] 从分割掩码中提取检测结果
2026-07-24 15:29:56 [INFO] 从掩码中提取了 350 个检测框
2026-07-24 15:29:56 [INFO] 计算出的车框矩形边界: (895, 687) to (3116, 1644)
2026-07-24 15:29:56 [INFO] 原始检测数: 350, 过滤后检测数: 183
2026-07-24 15:29:56 [INFO] 保存分割和检测结果到: C:\code\show\Scrap_Steel_In_Field\photos\segmentation\segment_20260724_152956.jpg
2026-07-24 15:29:56 [INFO] JSON结果保存到: C:\code\show\Scrap_Steel_In_Field\photos\segmentation_result.json
2026-07-24 15:29:56 [INFO] 类别统计：{0: 3, 1: 48, 2: 14, 3: 5, 4: 21, 5: 23, 6: 23, 7: 19, 8: 39, 9: 35, 10: 17, 11: 8, 12: 13, 13: 64, 14: 0, 15: 18}
2026-07-24 15:29:56 [INFO] 面积统计：{0: 3415896.0, 1: 445608.0, 2: 40032.0, 3: 166536.0, 4: 99900.0, 5: 70812.0, 6: 528120.0, 7: 27828.0, 8: 1061064.0, 9: 86148.0, 10: 142740.0, 11: 229140.0, 12: 41688.0, 13: 786168.0, 15: 80208.0}
2026-07-24 15:29:56 [INFO] 分割成功
2026-07-24 15:29:56 [INFO] 引擎上下文已释放
2026-07-24 15:29:56 [INFO] TensorRT 引擎已释放
2026-07-24 15:29:56 [INFO] 全局 CUDA 资源已释放
2026-07-24 15:29:56 [INFO] 分割系统资源已释放
2026-07-24 15:30:00 [INFO] CUDA 初始化成功
2026-07-24 15:30:01 [INFO] 引擎加载成功: scrap_steel.engine
2026-07-24 15:30:01 [INFO] 分割系统初始化成功
2026-07-24 15:30:01 [INFO] 图像预处理完成，原始尺寸: (2160, 3840)
2026-07-24 15:30:01 [INFO] 开始执行分割...
2026-07-24 15:30:01 [DEBUG] 处理后的检测结果形状: (1, 8400, 6)
2026-07-24 15:30:01 [DEBUG] 示例检测结果: [[-4.12621689e+00 -3.32596636e+00  3.92667274e+01  1.54543762e+01
   4.52045583e-08  5.00000000e+00]
 [-6.47920227e+00 -3.09236336e+00  4.46522064e+01  3.00410252e+01
   1.04192255e-08  9.00000000e+00]
 [-3.61826706e+00 -3.59659958e+00  4.59554367e+01  3.06203156e+01
   4.66894789e-09  9.00000000e+00]]
2026-07-24 15:30:01 [DEBUG] 处理后检测输出形状: (0, 52)
2026-07-24 15:30:01 [DEBUG] 有效检测数量: 0
2026-07-24 15:30:01 [DEBUG] 检测输出为空
2026-07-24 15:30:01 [INFO] 掩码中检测到的类别: [0, 1, 2, 3, 4, 5, 6, 7, 8, 9, 10, 11, 12, 13, 15]
2026-07-24 15:30:01 [INFO] 分割完成，检测到 0 个物体
2026-07-24 15:30:01 [INFO] 从分割掩码中提取检测结果
2026-07-24 15:30:01 [INFO] 从掩码中提取了 328 个检测框
2026-07-24 15:30:01 [ERROR] 保存结果失败: 'NoneType' object has no attribute 'astype'
2026-07-24 15:30:01 [INFO] 分割成功
2026-07-24 15:30:01 [INFO] 引擎上下文已释放
2026-07-24 15:30:01 [INFO] TensorRT 引擎已释放
2026-07-24 15:30:01 [INFO] 全局 CUDA 资源已释放
2026-07-24 15:30:01 [INFO] 分割系统资源已释放
2026-07-24 15:30:06 [INFO] CUDA 初始化成功
2026-07-24 15:30:06 [INFO] 引擎加载成功: scrap_steel.engine
2026-07-24 15:30:06 [INFO] 分割系统初始化成功
2026-07-24 15:30:06 [INFO] 图像预处理完成，原始尺寸: (2160, 3840)
2026-07-24 15:30:06 [INFO] 开始执行分割...
2026-07-24 15:30:06 [DEBUG] 处理后的检测结果形状: (1, 8400, 6)
2026-07-24 15:30:06 [DEBUG] 示例检测结果: [[-4.42041016e+00 -3.48693609e+00  3.95116577e+01  1.62985401e+01
   4.12568859e-08  5.00000000e+00]
 [-6.59524918e+00 -3.31487274e+00  4.43222389e+01  3.05963364e+01
   9.55220969e-09  9.00000000e+00]
 [-3.55416870e+00 -3.72182083e+00  4.57135620e+01  3.04881363e+01
   4.25759872e-09  9.00000000e+00]]
2026-07-24 15:30:06 [DEBUG] 处理后检测输出形状: (0, 52)
2026-07-24 15:30:06 [DEBUG] 有效检测数量: 0
2026-07-24 15:30:06 [DEBUG] 检测输出为空
2026-07-24 15:30:06 [INFO] 掩码中检测到的类别: [0, 1, 2, 3, 4, 5, 6, 7, 8, 9, 10, 11, 12, 13, 15]
2026-07-24 15:30:06 [INFO] 分割完成，检测到 0 个物体
2026-07-24 15:30:06 [INFO] 从分割掩码中提取检测结果
2026-07-24 15:30:06 [INFO] 从掩码中提取了 308 个检测框
2026-07-24 15:30:06 [ERROR] 保存结果失败: 'NoneType' object has no attribute 'astype'
2026-07-24 15:30:06 [INFO] 分割成功
2026-07-24 15:30:06 [INFO] 引擎上下文已释放
2026-07-24 15:30:06 [INFO] TensorRT 引擎已释放
2026-07-24 15:30:06 [INFO] 全局 CUDA 资源已释放
2026-07-24 15:30:06 [INFO] 分割系统资源已释放
2026-07-24 15:30:11 [INFO] CUDA 初始化成功
2026-07-24 15:30:11 [INFO] 引擎加载成功: scrap_steel.engine
2026-07-24 15:30:11 [INFO] 分割系统初始化成功
2026-07-24 15:30:11 [INFO] 图像预处理完成，原始尺寸: (2160, 3840)
2026-07-24 15:30:11 [INFO] 开始执行分割...
2026-07-24 15:30:11 [DEBUG] 处理后的检测结果形状: (1, 8400, 6)
2026-07-24 15:30:11 [DEBUG] 示例检测结果: [[-4.03519058e+00 -3.27311230e+00  3.91326256e+01  1.54564486e+01
   4.41127170e-08  5.00000000e+00]
 [-6.24806595e+00 -3.01612473e+00  4.45224724e+01  2.99851265e+01
   1.01839817e-08  9.00000000e+00]
 [-3.54104614e+00 -3.52964306e+00  4.57594910e+01  3.05364418e+01
   4.55454341e-09  9.00000000e+00]]
2026-07-24 15:30:11 [DEBUG] 处理后检测输出形状: (0, 52)
2026-07-24 15:30:11 [DEBUG] 有效检测数量: 0
2026-07-24 15:30:11 [DEBUG] 检测输出为空
2026-07-24 15:30:11 [INFO] 掩码中检测到的类别: [0, 1, 2, 3, 4, 5, 6, 7, 8, 9, 10, 11, 12, 13, 15]
2026-07-24 15:30:11 [INFO] 分割完成，检测到 0 个物体
2026-07-24 15:30:11 [INFO] 从分割掩码中提取检测结果
2026-07-24 15:30:11 [INFO] 从掩码中提取了 371 个检测框
2026-07-24 15:30:11 [INFO] 计算出的车框矩形边界: (895, 687) to (3116, 1644)
2026-07-24 15:30:11 [INFO] 原始检测数: 371, 过滤后检测数: 191
2026-07-24 15:30:12 [INFO] 保存分割和检测结果到: C:\code\show\Scrap_Steel_In_Field\photos\segmentation\segment_20260724_153011.jpg
2026-07-24 15:30:12 [INFO] JSON结果保存到: C:\code\show\Scrap_Steel_In_Field\photos\segmentation_result.json
2026-07-24 15:30:12 [INFO] 类别统计：{0: 7, 1: 49, 2: 12, 3: 5, 4: 17, 5: 23, 6: 22, 7: 17, 8: 51, 9: 43, 10: 20, 11: 11, 12: 12, 13: 65, 14: 0, 15: 17}
2026-07-24 15:30:12 [INFO] 面积统计：{0: 3363912.0, 1: 429696.0, 2: 36360.0, 3: 173916.0, 4: 85356.0, 5: 72936.0, 6: 531036.0, 7: 29952.0, 8: 1034064.0, 9: 101448.0, 10: 135072.0, 11: 254808.0, 12: 44784.0, 13: 787500.0, 15: 88164.0}
2026-07-24 15:30:12 [INFO] 分割成功
2026-07-24 15:30:12 [INFO] 引擎上下文已释放
2026-07-24 15:30:12 [INFO] TensorRT 引擎已释放
2026-07-24 15:30:12 [INFO] 全局 CUDA 资源已释放
2026-07-24 15:30:12 [INFO] 分割系统资源已释放
2026-07-24 15:30:16 [INFO] CUDA 初始化成功
2026-07-24 15:30:16 [INFO] 引擎加载成功: scrap_steel.engine
2026-07-24 15:30:16 [INFO] 分割系统初始化成功
2026-07-24 15:30:16 [INFO] 图像预处理完成，原始尺寸: (2160, 3840)
2026-07-24 15:30:16 [INFO] 开始执行分割...
2026-07-24 15:30:17 [DEBUG] 处理后的检测结果形状: (1, 8400, 6)
2026-07-24 15:30:17 [DEBUG] 示例检测结果: [[-3.93426514e+00 -3.14254856e+00  3.99605370e+01  1.47812510e+01
   3.90754948e-08  5.00000000e+00]
 [-6.04438400e+00 -2.80902576e+00  4.52515907e+01  2.97109375e+01
   9.43084899e-09  9.00000000e+00]
 [-3.36386108e+00 -3.13417339e+00  4.60412903e+01  3.05133896e+01
   4.55433025e-09  9.00000000e+00]]
2026-07-24 15:30:17 [DEBUG] 处理后检测输出形状: (0, 52)
2026-07-24 15:30:17 [DEBUG] 有效检测数量: 0
2026-07-24 15:30:17 [DEBUG] 检测输出为空
2026-07-24 15:30:17 [INFO] 掩码中检测到的类别: [0, 1, 2, 3, 4, 5, 6, 7, 8, 9, 10, 11, 12, 13, 15]
2026-07-24 15:30:17 [INFO] 分割完成，检测到 0 个物体
2026-07-24 15:30:17 [INFO] 从分割掩码中提取检测结果
2026-07-24 15:30:17 [INFO] 从掩码中提取了 379 个检测框
2026-07-24 15:30:17 [ERROR] 保存结果失败: 'NoneType' object has no attribute 'astype'
2026-07-24 15:30:17 [INFO] 分割成功
2026-07-24 15:30:17 [INFO] 引擎上下文已释放
2026-07-24 15:30:17 [INFO] TensorRT 引擎已释放
2026-07-24 15:30:17 [INFO] 全局 CUDA 资源已释放
2026-07-24 15:30:17 [INFO] 分割系统资源已释放
2026-07-24 15:30:21 [INFO] CUDA 初始化成功
2026-07-24 15:30:22 [INFO] 引擎加载成功: scrap_steel.engine
2026-07-24 15:30:22 [INFO] 分割系统初始化成功
2026-07-24 15:30:22 [INFO] 图像预处理完成，原始尺寸: (2160, 3840)
2026-07-24 15:30:22 [INFO] 开始执行分割...
2026-07-24 15:30:22 [DEBUG] 处理后的检测结果形状: (1, 8400, 6)
2026-07-24 15:30:22 [DEBUG] 示例检测结果: [[-4.17521667e+00 -3.35865498e+00  3.92300949e+01  1.55168066e+01
   4.27384386e-08  5.00000000e+00]
 [-6.39813995e+00 -3.11620903e+00  4.44836502e+01  2.99621105e+01
   9.73141567e-09  9.00000000e+00]
 [-3.54724884e+00 -3.62306023e+00  4.58098831e+01  3.05362225e+01
   4.30559055e-09  9.00000000e+00]]
2026-07-24 15:30:22 [DEBUG] 处理后检测输出形状: (0, 52)
2026-07-24 15:30:22 [DEBUG] 有效检测数量: 0
2026-07-24 15:30:22 [DEBUG] 检测输出为空
2026-07-24 15:30:22 [INFO] 掩码中检测到的类别: [0, 1, 2, 3, 4, 5, 6, 7, 8, 9, 10, 11, 12, 13, 15]
2026-07-24 15:30:22 [INFO] 分割完成，检测到 0 个物体
2026-07-24 15:30:22 [INFO] 从分割掩码中提取检测结果
2026-07-24 15:30:22 [INFO] 从掩码中提取了 273 个检测框
2026-07-24 15:30:22 [ERROR] 保存结果失败: 'NoneType' object has no attribute 'astype'
2026-07-24 15:30:22 [INFO] 分割成功
2026-07-24 15:30:22 [INFO] 引擎上下文已释放
2026-07-24 15:30:22 [INFO] TensorRT 引擎已释放
2026-07-24 15:30:22 [INFO] 全局 CUDA 资源已释放
2026-07-24 15:30:22 [INFO] 分割系统资源已释放
2026-07-24 15:30:26 [INFO] CUDA 初始化成功
2026-07-24 15:30:27 [INFO] 引擎加载成功: scrap_steel.engine
2026-07-24 15:30:27 [INFO] 分割系统初始化成功
2026-07-24 15:30:27 [INFO] 图像预处理完成，原始尺寸: (2160, 3840)
2026-07-24 15:30:27 [INFO] 开始执行分割...
2026-07-24 15:30:27 [DEBUG] 处理后的检测结果形状: (1, 8400, 6)
2026-07-24 15:30:27 [DEBUG] 示例检测结果: [[-3.99948502e+00 -3.27264643e+00  3.92761650e+01  1.56009769e+01
   4.51871252e-08  5.00000000e+00]
 [-6.20255280e+00 -3.00538826e+00  4.45310898e+01  3.01139011e+01
   1.03565796e-08  9.00000000e+00]
 [-3.52378845e+00 -3.53038216e+00  4.58079834e+01  3.06326656e+01
   4.59507987e-09  9.00000000e+00]]
2026-07-24 15:30:27 [DEBUG] 处理后检测输出形状: (0, 52)
2026-07-24 15:30:27 [DEBUG] 有效检测数量: 0
2026-07-24 15:30:27 [DEBUG] 检测输出为空
2026-07-24 15:30:27 [INFO] 掩码中检测到的类别: [0, 1, 2, 3, 4, 5, 6, 7, 8, 9, 10, 11, 12, 13, 15]
2026-07-24 15:30:27 [INFO] 分割完成，检测到 0 个物体
2026-07-24 15:30:27 [INFO] 从分割掩码中提取检测结果
2026-07-24 15:30:27 [INFO] 从掩码中提取了 346 个检测框
2026-07-24 15:30:27 [INFO] 计算出的车框矩形边界: (895, 686) to (3117, 1644)
2026-07-24 15:30:27 [INFO] 原始检测数: 346, 过滤后检测数: 172
2026-07-24 15:30:28 [INFO] 保存分割和检测结果到: C:\code\show\Scrap_Steel_In_Field\photos\segmentation\segment_20260724_153027.jpg
2026-07-24 15:30:28 [INFO] JSON结果保存到: C:\code\show\Scrap_Steel_In_Field\photos\segmentation_result.json
2026-07-24 15:30:28 [INFO] 类别统计：{0: 5, 1: 43, 2: 12, 3: 6, 4: 19, 5: 20, 6: 24, 7: 18, 8: 46, 9: 41, 10: 14, 11: 11, 12: 15, 13: 55, 14: 0, 15: 17}
2026-07-24 15:30:28 [INFO] 面积统计：{0: 3347604.0, 1: 450864.0, 2: 35676.0, 3: 172368.0, 4: 89640.0, 5: 60948.0, 6: 538884.0, 7: 27720.0, 8: 1061856.0, 9: 102960.0, 10: 140760.0, 11: 251892.0, 12: 53568.0, 13: 789948.0, 15: 87084.0}
2026-07-24 15:30:28 [INFO] 分割成功
2026-07-24 15:30:28 [INFO] 引擎上下文已释放
2026-07-24 15:30:28 [INFO] TensorRT 引擎已释放
2026-07-24 15:30:28 [INFO] 全局 CUDA 资源已释放
2026-07-24 15:30:28 [INFO] 分割系统资源已释放
2026-07-24 15:30:32 [INFO] CUDA 初始化成功
2026-07-24 15:30:32 [INFO] 引擎加载成功: scrap_steel.engine
2026-07-24 15:30:32 [INFO] 分割系统初始化成功
2026-07-24 15:30:32 [INFO] 图像预处理完成，原始尺寸: (2160, 3840)
2026-07-24 15:30:32 [INFO] 开始执行分割...
2026-07-24 15:30:32 [DEBUG] 处理后的检测结果形状: (1, 8400, 6)
2026-07-24 15:30:32 [DEBUG] 示例检测结果: [[-4.00317001e+00 -3.27634716e+00  3.92181053e+01  1.54934664e+01
   4.44559412e-08  5.00000000e+00]
 [-6.22916794e+00 -2.99047947e+00  4.45353432e+01  2.99486504e+01
   1.02977786e-08  9.00000000e+00]
 [-3.52676773e+00 -3.48733616e+00  4.57871628e+01  3.05264778e+01
   4.56901184e-09  9.00000000e+00]]
2026-07-24 15:30:32 [DEBUG] 处理后检测输出形状: (0, 52)
2026-07-24 15:30:32 [DEBUG] 有效检测数量: 0
2026-07-24 15:30:32 [DEBUG] 检测输出为空
2026-07-24 15:30:32 [INFO] 掩码中检测到的类别: [0, 1, 2, 3, 4, 5, 6, 7, 8, 9, 10, 11, 12, 13, 14, 15]
2026-07-24 15:30:32 [INFO] 分割完成，检测到 0 个物体
2026-07-24 15:30:32 [INFO] 从分割掩码中提取检测结果
2026-07-24 15:30:33 [INFO] 从掩码中提取了 361 个检测框
2026-07-24 15:30:33 [INFO] 计算出的车框矩形边界: (895, 687) to (3117, 1645)
2026-07-24 15:30:33 [INFO] 原始检测数: 361, 过滤后检测数: 172
2026-07-24 15:30:33 [INFO] 保存分割和检测结果到: C:\code\show\Scrap_Steel_In_Field\photos\segmentation\segment_20260724_153033.jpg
2026-07-24 15:30:33 [INFO] JSON结果保存到: C:\code\show\Scrap_Steel_In_Field\photos\segmentation_result.json
2026-07-24 15:30:33 [INFO] 类别统计：{0: 11, 1: 47, 2: 9, 3: 5, 4: 18, 5: 22, 6: 23, 7: 21, 8: 45, 9: 33, 10: 20, 11: 10, 12: 17, 13: 65, 14: 0, 15: 15}
2026-07-24 15:30:33 [INFO] 面积统计：{0: 3430584.0, 1: 437076.0, 2: 35316.0, 3: 173448.0, 4: 82080.0, 5: 73980.0, 6: 535572.0, 7: 28404.0, 8: 1017180.0, 9: 97092.0, 10: 139680.0, 11: 252324.0, 12: 42264.0, 13: 813276.0, 14: 72.0, 15: 79560.0}
2026-07-24 15:30:33 [INFO] 分割成功
2026-07-24 15:30:33 [INFO] 引擎上下文已释放
2026-07-24 15:30:33 [INFO] TensorRT 引擎已释放
2026-07-24 15:30:33 [INFO] 全局 CUDA 资源已释放
2026-07-24 15:30:33 [INFO] 分割系统资源已释放
2026-07-24 15:30:37 [INFO] CUDA 初始化成功
2026-07-24 15:30:37 [INFO] 引擎加载成功: scrap_steel.engine
2026-07-24 15:30:37 [INFO] 分割系统初始化成功
2026-07-24 15:30:38 [INFO] 图像预处理完成，原始尺寸: (2160, 3840)
2026-07-24 15:30:38 [INFO] 开始执行分割...
2026-07-24 15:30:38 [DEBUG] 处理后的检测结果形状: (1, 8400, 6)
2026-07-24 15:30:38 [DEBUG] 示例检测结果: [[-3.97647095e+00 -3.27352238e+00  3.91291885e+01  1.55108671e+01
   4.48099229e-08  5.00000000e+00]
 [-6.18761826e+00 -3.00654984e+00  4.45553322e+01  2.99919205e+01
   1.02977786e-08  9.00000000e+00]
 [-3.51280594e+00 -3.53290653e+00  4.57841530e+01  3.05445404e+01
   4.56901184e-09  9.00000000e+00]]
2026-07-24 15:30:38 [DEBUG] 处理后检测输出形状: (0, 52)
2026-07-24 15:30:38 [DEBUG] 有效检测数量: 0
2026-07-24 15:30:38 [DEBUG] 检测输出为空
2026-07-24 15:30:38 [INFO] 掩码中检测到的类别: [0, 1, 2, 3, 4, 5, 6, 7, 8, 9, 10, 11, 12, 13, 14, 15]
2026-07-24 15:30:38 [INFO] 分割完成，检测到 0 个物体
2026-07-24 15:30:38 [INFO] 从分割掩码中提取检测结果
2026-07-24 15:30:38 [INFO] 从掩码中提取了 375 个检测框
2026-07-24 15:30:38 [INFO] 计算出的车框矩形边界: (895, 687) to (3116, 1643)
2026-07-24 15:30:38 [INFO] 原始检测数: 375, 过滤后检测数: 176
2026-07-24 15:30:39 [INFO] 保存分割和检测结果到: C:\code\show\Scrap_Steel_In_Field\photos\segmentation\segment_20260724_153038.jpg
2026-07-24 15:30:39 [INFO] JSON结果保存到: C:\code\show\Scrap_Steel_In_Field\photos\segmentation_result.json
2026-07-24 15:30:39 [INFO] 类别统计：{0: 9, 1: 49, 2: 14, 3: 6, 4: 18, 5: 25, 6: 23, 7: 15, 8: 44, 9: 42, 10: 17, 11: 10, 12: 17, 13: 65, 14: 0, 15: 21}
2026-07-24 15:30:39 [INFO] 面积统计：{0: 3258036.0, 1: 455004.0, 2: 32508.0, 3: 176472.0, 4: 79596.0, 5: 73008.0, 6: 554904.0, 7: 26532.0, 8: 1049868.0, 9: 102672.0, 10: 144684.0, 11: 259776.0, 12: 51048.0, 13: 800928.0, 14: 72.0, 15: 85104.0}
2026-07-24 15:30:39 [INFO] 分割成功
2026-07-24 15:30:39 [INFO] 引擎上下文已释放
2026-07-24 15:30:39 [INFO] TensorRT 引擎已释放
2026-07-24 15:30:39 [INFO] 全局 CUDA 资源已释放
2026-07-24 15:30:39 [INFO] 分割系统资源已释放
2026-07-24 15:30:43 [INFO] CUDA 初始化成功
2026-07-24 15:30:43 [INFO] 引擎加载成功: scrap_steel.engine
2026-07-24 15:30:43 [INFO] 分割系统初始化成功
2026-07-24 15:30:43 [INFO] 图像预处理完成，原始尺寸: (2160, 3840)
2026-07-24 15:30:43 [INFO] 开始执行分割...
2026-07-24 15:30:43 [DEBUG] 处理后的检测结果形状: (1, 8400, 6)
2026-07-24 15:30:43 [DEBUG] 示例检测结果: [[-3.99922180e+00 -3.26221657e+00  3.91685905e+01  1.54982033e+01
   4.44559412e-08  5.00000000e+00]
 [-6.21391678e+00 -2.98015404e+00  4.44913063e+01  2.99129620e+01
   1.02236939e-08  9.00000000e+00]
 [-3.51802826e+00 -3.47245884e+00  4.57848206e+01  3.05172997e+01
   4.51910243e-09  9.00000000e+00]]
2026-07-24 15:30:43 [DEBUG] 处理后检测输出形状: (0, 52)
2026-07-24 15:30:43 [DEBUG] 有效检测数量: 0
2026-07-24 15:30:43 [DEBUG] 检测输出为空
2026-07-24 15:30:43 [INFO] 掩码中检测到的类别: [0, 1, 2, 3, 4, 5, 6, 7, 8, 9, 10, 11, 12, 13, 15]
2026-07-24 15:30:43 [INFO] 分割完成，检测到 0 个物体
2026-07-24 15:30:43 [INFO] 从分割掩码中提取检测结果
2026-07-24 15:30:43 [INFO] 从掩码中提取了 368 个检测框
2026-07-24 15:30:43 [INFO] 计算出的车框矩形边界: (895, 687) to (3117, 1644)
2026-07-24 15:30:43 [INFO] 原始检测数: 368, 过滤后检测数: 184
2026-07-24 15:30:45 [INFO] 保存分割和检测结果到: C:\code\show\Scrap_Steel_In_Field\photos\segmentation\segment_20260724_153043.jpg
2026-07-24 15:30:45 [INFO] JSON结果保存到: C:\code\show\Scrap_Steel_In_Field\photos\segmentation_result.json
2026-07-24 15:30:45 [INFO] 类别统计：{0: 7, 1: 51, 2: 10, 3: 5, 4: 19, 5: 23, 6: 21, 7: 17, 8: 48, 9: 38, 10: 21, 11: 8, 12: 16, 13: 67, 14: 0, 15: 17}
2026-07-24 15:30:45 [INFO] 面积统计：{0: 3283164.0, 1: 442656.0, 2: 36000.0, 3: 179856.0, 4: 88596.0, 5: 76500.0, 6: 534240.0, 7: 25020.0, 8: 1025208.0, 9: 99828.0, 10: 132804.0, 11: 254268.0, 12: 45216.0, 13: 796104.0, 15: 80820.0}
2026-07-24 15:30:45 [INFO] 分割成功
2026-07-24 15:30:45 [INFO] 引擎上下文已释放
2026-07-24 15:30:45 [INFO] TensorRT 引擎已释放
2026-07-24 15:30:45 [INFO] 全局 CUDA 资源已释放
2026-07-24 15:30:45 [INFO] 分割系统资源已释放
2026-07-24 15:30:48 [INFO] CUDA 初始化成功
2026-07-24 15:30:49 [INFO] 引擎加载成功: scrap_steel.engine
2026-07-24 15:30:49 [INFO] 分割系统初始化成功
2026-07-24 15:30:49 [INFO] 图像预处理完成，原始尺寸: (2160, 3840)
2026-07-24 15:30:49 [INFO] 开始执行分割...
2026-07-24 15:30:49 [DEBUG] 处理后的检测结果形状: (1, 8400, 6)
2026-07-24 15:30:49 [DEBUG] 示例检测结果: [[-3.97119141e+00 -3.24683380e+00  3.90862312e+01  1.53315868e+01
   4.48099229e-08  5.00000000e+00]
 [-6.16661072e+00 -2.95587254e+00  4.45284042e+01  2.99163284e+01
   1.02236939e-08  9.00000000e+00]
 [-3.51054382e+00 -3.47379589e+00  4.57830811e+01  3.05842667e+01
   4.56901184e-09  9.00000000e+00]]
2026-07-24 15:30:49 [DEBUG] 处理后检测输出形状: (0, 52)
2026-07-24 15:30:49 [DEBUG] 有效检测数量: 0
2026-07-24 15:30:49 [DEBUG] 检测输出为空
2026-07-24 15:30:49 [INFO] 掩码中检测到的类别: [0, 1, 2, 3, 4, 5, 6, 7, 8, 9, 10, 11, 12, 13, 14, 15]
2026-07-24 15:30:49 [INFO] 分割完成，检测到 0 个物体
2026-07-24 15:30:49 [INFO] 从分割掩码中提取检测结果
2026-07-24 15:30:49 [INFO] 从掩码中提取了 361 个检测框
2026-07-24 15:30:49 [INFO] 计算出的车框矩形边界: (895, 687) to (3117, 1645)
2026-07-24 15:30:49 [INFO] 原始检测数: 361, 过滤后检测数: 181
