2026-05-21 11:37:19 [INFO] CUDA 初始化成功
2026-05-21 11:37:19 [INFO] 引擎加载成功: scrap_steel.engine
2026-05-21 11:37:19 [INFO] 分割系统初始化成功
2026-05-21 11:37:22 [INFO] 引擎加载成功: scrap_steel.engine
2026-05-21 11:37:22 [INFO] 分割系统初始化成功
2026-05-21 11:37:22 [INFO] 图像预处理完成，原始尺寸: (2160, 3840)
2026-05-21 11:37:22 [INFO] 开始执行分割...
2026-05-21 11:37:22 [ERROR] 推理过程发生异常: explicit_context_dependent failed: invalid device context - no currently active context?
2026-05-21 11:37:22 [INFO] 分割完成，检测到 0 个物体
2026-05-21 11:37:22 [ERROR] 分割失败: 未能生成有效的分割掩码
2026-05-21 11:37:22 [INFO] 引擎上下文已释放
2026-05-21 11:37:22 [INFO] TensorRT 引擎已释放
2026-05-21 11:37:22 [INFO] 全局 CUDA 资源已释放
2026-05-21 11:37:22 [INFO] 分割系统资源已释放
2026-05-21 11:37:27 [INFO] CUDA 初始化成功
2026-05-21 11:37:27 [INFO] 引擎加载成功: scrap_steel.engine
2026-05-21 11:37:27 [INFO] 分割系统初始化成功
2026-05-21 11:37:27 [INFO] 图像预处理完成，原始尺寸: (2160, 3840)
2026-05-21 11:37:27 [INFO] 开始执行分割...
2026-05-21 11:37:27 [DEBUG] 处理后的检测结果形状: (1, 8400, 6)
2026-05-21 11:37:27 [DEBUG] 示例检测结果: [[-4.19873428e+00 -3.35657692e+00  3.91845207e+01  1.58574524e+01
   4.10490770e-08  5.00000000e+00]
 [-6.50094986e+00 -3.11081314e+00  4.41403160e+01  2.99331818e+01
   9.42551104e-09  9.00000000e+00]
 [-3.65328217e+00 -3.66843891e+00  4.56779137e+01  3.04628334e+01
   4.11920098e-09  9.00000000e+00]]
2026-05-21 11:37:27 [DEBUG] 处理后检测输出形状: (0, 52)
2026-05-21 11:37:27 [DEBUG] 有效检测数量: 0
2026-05-21 11:37:27 [DEBUG] 检测输出为空
2026-05-21 11:37:27 [INFO] 掩码中检测到的类别: [0, 1, 2, 3, 4, 5, 6, 7, 8, 9, 10, 11, 12, 13, 14, 15]
2026-05-21 11:37:27 [INFO] 分割完成，检测到 0 个物体
2026-05-21 11:37:27 [INFO] 从分割掩码中提取检测结果
2026-05-21 11:37:28 [INFO] 从掩码中提取了 578 个检测框
2026-05-21 11:37:28 [INFO] 检测到车兜区域，将过滤区域外的目标
2026-05-21 11:37:28 [INFO] 车兜区域过滤: 578 -> 188 个目标
2026-05-21 11:37:28 [INFO] 保存分割和检测结果到: C:\code\show\Scrap_Steel_In_Field\photos\segmentation\segment_20260521_113728.jpg
2026-05-21 11:37:28 [INFO] JSON结果保存到: C:\code\show\Scrap_Steel_In_Field\photos\segmentation_result.json
2026-05-21 11:37:28 [INFO] 类别统计：{1: 360106, 2: 36396, 3: 1620, 4: 6084, 5: 52992, 6: 51876, 7: 28080, 8: 19296, 9: 43471, 10: 89640, 11: 1188, 12: 105930, 13: 9702, 14: 36, 15: 14868}
2026-05-21 11:37:28 [INFO] 面积统计：{1: np.float64(360106.0), 2: np.float64(36396.0), 3: np.float64(1620.0), 4: np.float64(6084.0), 5: np.float64(52992.0), 6: np.float64(51876.0), 7: np.float64(28080.0), 8: np.float64(19296.0), 9: np.float64(43471.0), 10: np.float64(89640.0), 11: np.float64(1188.0), 12: np.float64(105930.0), 13: np.float64(9702.0), 14: np.float64(36.0), 15: np.float64(14868.0)}
2026-05-21 11:37:28 [INFO] 分割成功
2026-05-21 11:37:28 [INFO] 引擎上下文已释放
2026-05-21 11:37:28 [INFO] TensorRT 引擎已释放
2026-05-21 11:37:28 [INFO] 全局 CUDA 资源已释放
2026-05-21 11:37:28 [INFO] 分割系统资源已释放
2026-05-21 11:37:32 [INFO] CUDA 初始化成功
2026-05-21 11:37:32 [INFO] 引擎加载成功: scrap_steel.engine
2026-05-21 11:37:32 [INFO] 分割系统初始化成功
2026-05-21 11:37:32 [INFO] 图像预处理完成，原始尺寸: (2160, 3840)
2026-05-21 11:37:32 [INFO] 开始执行分割...
2026-05-21 11:37:32 [DEBUG] 处理后的检测结果形状: (1, 8400, 6)
2026-05-21 11:37:32 [DEBUG] 示例检测结果: [[-4.13954163e+00 -3.30860710e+00  3.89903870e+01  1.57188854e+01
   4.10490770e-08  5.00000000e+00]
 [-6.44796371e+00 -3.07219887e+00  4.40266609e+01  2.98835163e+01
   9.35025746e-09  9.00000000e+00]
 [-3.64535904e+00 -3.63799286e+00  4.56270599e+01  3.04745674e+01
   4.11920098e-09  9.00000000e+00]]
2026-05-21 11:37:32 [DEBUG] 处理后检测输出形状: (0, 52)
2026-05-21 11:37:32 [DEBUG] 有效检测数量: 0
2026-05-21 11:37:32 [DEBUG] 检测输出为空
2026-05-21 11:37:32 [INFO] 掩码中检测到的类别: [0, 1, 2, 3, 4, 5, 6, 7, 8, 9, 10, 11, 12, 13, 15]
2026-05-21 11:37:32 [INFO] 分割完成，检测到 0 个物体
2026-05-21 11:37:32 [INFO] 从分割掩码中提取检测结果
2026-05-21 11:37:33 [INFO] 从掩码中提取了 531 个检测框
2026-05-21 11:37:33 [INFO] 检测到车兜区域，将过滤区域外的目标
2026-05-21 11:37:33 [INFO] 车兜区域过滤: 531 -> 173 个目标
2026-05-21 11:37:33 [INFO] 保存分割和检测结果到: C:\code\show\Scrap_Steel_In_Field\photos\segmentation\segment_20260521_113733.jpg
2026-05-21 11:37:33 [INFO] JSON结果保存到: C:\code\show\Scrap_Steel_In_Field\photos\segmentation_result.json
2026-05-21 11:37:33 [INFO] 类别统计：{1: 372303, 2: 36288, 3: 1332, 4: 6228, 5: 55260, 6: 53388, 7: 26496, 8: 18864, 9: 44723, 10: 86904, 11: 1008, 12: 106959, 13: 9821, 15: 13428}
2026-05-21 11:37:33 [INFO] 面积统计：{1: np.float64(372303.0), 2: np.float64(36288.0), 3: np.float64(1332.0), 4: np.float64(6228.0), 5: np.float64(55260.0), 6: np.float64(53388.0), 7: np.float64(26496.0), 8: np.float64(18864.0), 9: np.float64(44723.0), 10: np.float64(86904.0), 11: np.float64(1008.0), 12: np.float64(106959.0), 13: np.float64(9821.0), 15: np.float64(13428.0)}
2026-05-21 11:37:33 [INFO] 分割成功
2026-05-21 11:37:33 [INFO] 引擎上下文已释放
2026-05-21 11:37:33 [INFO] TensorRT 引擎已释放
2026-05-21 11:37:33 [INFO] 全局 CUDA 资源已释放
2026-05-21 11:37:33 [INFO] 分割系统资源已释放
2026-05-21 11:37:37 [INFO] CUDA 初始化成功
2026-05-21 11:37:37 [INFO] 引擎加载成功: scrap_steel.engine
2026-05-21 11:37:37 [INFO] 分割系统初始化成功
2026-05-21 11:37:38 [INFO] 图像预处理完成，原始尺寸: (2160, 3840)
2026-05-21 11:37:38 [INFO] 开始执行分割...
2026-05-21 11:37:38 [DEBUG] 处理后的检测结果形状: (1, 8400, 6)
2026-05-21 11:37:38 [DEBUG] 示例检测结果: [[-4.16991043e+00 -3.31055260e+00  3.90055199e+01  1.57173843e+01
   4.07318694e-08  5.00000000e+00]
 [-6.44566345e+00 -3.08337498e+00  4.40310364e+01  2.98343201e+01
   9.46061363e-09  9.00000000e+00]
 [-3.64652252e+00 -3.63924408e+00  4.56193771e+01  3.03857918e+01
   4.15120738e-09  9.00000000e+00]]
2026-05-21 11:37:38 [DEBUG] 处理后检测输出形状: (0, 52)
2026-05-21 11:37:38 [DEBUG] 有效检测数量: 0
2026-05-21 11:37:38 [DEBUG] 检测输出为空
2026-05-21 11:37:38 [INFO] 掩码中检测到的类别: [0, 1, 2, 3, 4, 5, 6, 7, 8, 9, 10, 11, 12, 13, 15]
2026-05-21 11:37:38 [INFO] 分割完成，检测到 0 个物体
2026-05-21 11:37:38 [INFO] 从分割掩码中提取检测结果
2026-05-21 11:37:38 [INFO] 从掩码中提取了 565 个检测框
2026-05-21 11:37:38 [INFO] 检测到车兜区域，将过滤区域外的目标
2026-05-21 11:37:38 [INFO] 车兜区域过滤: 565 -> 179 个目标
2026-05-21 11:37:39 [INFO] 保存分割和检测结果到: C:\code\show\Scrap_Steel_In_Field\photos\segmentation\segment_20260521_113738.jpg
2026-05-21 11:37:39 [INFO] JSON结果保存到: C:\code\show\Scrap_Steel_In_Field\photos\segmentation_result.json
2026-05-21 11:37:39 [INFO] 类别统计：{1: 377940, 2: 32832, 3: 1152, 4: 5796, 5: 52776, 6: 48744, 7: 26424, 8: 18720, 9: 47524, 10: 91692, 11: 432, 12: 113828, 13: 11584, 15: 11556}
2026-05-21 11:37:39 [INFO] 面积统计：{1: np.float64(377940.0), 2: np.float64(32832.0), 3: np.float64(1152.0), 4: np.float64(5796.0), 5: np.float64(52776.0), 6: np.float64(48744.0), 7: np.float64(26424.0), 8: np.float64(18720.0), 9: np.float64(47524.0), 10: np.float64(91692.0), 11: np.float64(432.0), 12: np.float64(113828.0), 13: np.float64(11584.0), 15: np.float64(11556.0)}
2026-05-21 11:37:39 [INFO] 分割成功
2026-05-21 11:37:39 [INFO] 引擎上下文已释放
2026-05-21 11:37:39 [INFO] TensorRT 引擎已释放
2026-05-21 11:37:39 [INFO] 全局 CUDA 资源已释放
2026-05-21 11:37:39 [INFO] 分割系统资源已释放
2026-05-21 11:37:42 [INFO] CUDA 初始化成功
2026-05-21 11:37:42 [INFO] 引擎加载成功: scrap_steel.engine
2026-05-21 11:37:42 [INFO] 分割系统初始化成功
2026-05-21 11:37:43 [INFO] 图像预处理完成，原始尺寸: (2160, 3840)
2026-05-21 11:37:43 [INFO] 开始执行分割...
2026-05-21 11:37:43 [DEBUG] 处理后的检测结果形状: (1, 8400, 6)
2026-05-21 11:37:43 [DEBUG] 示例检测结果: [[-4.20246506e+00 -3.36040497e+00  3.91091080e+01  1.59320126e+01
   4.05749887e-08  5.00000000e+00]
 [-6.49660110e+00 -3.13599396e+00  4.39734116e+01  3.00069962e+01
   9.35025746e-09  9.00000000e+00]
 [-3.65206146e+00 -3.66813278e+00  4.56099434e+01  3.04532700e+01
   4.02344824e-09  9.00000000e+00]]
2026-05-21 11:37:43 [DEBUG] 处理后检测输出形状: (0, 52)
2026-05-21 11:37:43 [DEBUG] 有效检测数量: 0
2026-05-21 11:37:43 [DEBUG] 检测输出为空
2026-05-21 11:37:43 [INFO] 掩码中检测到的类别: [0, 1, 2, 3, 4, 5, 6, 7, 8, 9, 10, 11, 12, 13, 15]
2026-05-21 11:37:43 [INFO] 分割完成，检测到 0 个物体
2026-05-21 11:37:43 [INFO] 从分割掩码中提取检测结果
2026-05-21 11:37:43 [INFO] 从掩码中提取了 577 个检测框
2026-05-21 11:37:43 [INFO] 检测到车兜区域，将过滤区域外的目标
2026-05-21 11:37:43 [INFO] 车兜区域过滤: 577 -> 193 个目标
2026-05-21 11:37:44 [INFO] 保存分割和检测结果到: C:\code\show\Scrap_Steel_In_Field\photos\segmentation\segment_20260521_113743.jpg
2026-05-21 11:37:44 [INFO] JSON结果保存到: C:\code\show\Scrap_Steel_In_Field\photos\segmentation_result.json
2026-05-21 11:37:44 [INFO] 类别统计：{1: 369922, 2: 35460, 3: 1692, 4: 6228, 5: 53280, 6: 56952, 7: 25668, 8: 21924, 9: 43480, 10: 86760, 11: 900, 12: 109109, 13: 9899, 15: 14364}
2026-05-21 11:37:44 [INFO] 面积统计：{1: np.float64(369922.0), 2: np.float64(35460.0), 3: np.float64(1692.0), 4: np.float64(6228.0), 5: np.float64(53280.0), 6: np.float64(56952.0), 7: np.float64(25668.0), 8: np.float64(21924.0), 9: np.float64(43480.0), 10: np.float64(86760.0), 11: np.float64(900.0), 12: np.float64(109109.0), 13: np.float64(9899.0), 15: np.float64(14364.0)}
2026-05-21 11:37:44 [INFO] 分割成功
2026-05-21 11:37:44 [INFO] 引擎上下文已释放
2026-05-21 11:37:44 [INFO] TensorRT 引擎已释放
2026-05-21 11:37:44 [INFO] 全局 CUDA 资源已释放
2026-05-21 11:37:44 [INFO] 分割系统资源已释放
2026-05-21 11:37:47 [INFO] CUDA 初始化成功
2026-05-21 11:37:47 [INFO] 引擎加载成功: scrap_steel.engine
2026-05-21 11:37:47 [INFO] 分割系统初始化成功
2026-05-21 11:37:48 [INFO] 图像预处理完成，原始尺寸: (2160, 3840)
2026-05-21 11:37:48 [INFO] 开始执行分割...
2026-05-21 11:37:48 [DEBUG] 处理后的检测结果形状: (1, 8400, 6)
2026-05-21 11:37:48 [DEBUG] 示例检测结果: [[-4.20544434e+00 -3.33108902e+00  3.90777931e+01  1.58315392e+01
   4.12275405e-08  5.00000000e+00]
 [-6.52796555e+00 -3.09595776e+00  4.40878792e+01  2.99184189e+01
   9.42551104e-09  9.00000000e+00]
 [-3.65969849e+00 -3.62137032e+00  4.56564178e+01  3.04376545e+01
   4.08719458e-09  9.00000000e+00]]
2026-05-21 11:37:48 [DEBUG] 处理后检测输出形状: (0, 52)
2026-05-21 11:37:48 [DEBUG] 有效检测数量: 0
2026-05-21 11:37:48 [DEBUG] 检测输出为空
2026-05-21 11:37:48 [INFO] 掩码中检测到的类别: [0, 1, 2, 3, 4, 5, 6, 7, 8, 9, 10, 11, 12, 13, 15]
2026-05-21 11:37:48 [INFO] 分割完成，检测到 0 个物体
2026-05-21 11:37:48 [INFO] 从分割掩码中提取检测结果
2026-05-21 11:37:48 [INFO] 从掩码中提取了 550 个检测框
2026-05-21 11:37:48 [INFO] 检测到车兜区域，将过滤区域外的目标
2026-05-21 11:37:48 [INFO] 车兜区域过滤: 550 -> 185 个目标
2026-05-21 11:37:49 [INFO] 保存分割和检测结果到: C:\code\show\Scrap_Steel_In_Field\photos\segmentation\segment_20260521_113748.jpg
2026-05-21 11:37:49 [INFO] JSON结果保存到: C:\code\show\Scrap_Steel_In_Field\photos\segmentation_result.json
2026-05-21 11:37:49 [INFO] 类别统计：{1: 362003, 2: 36072, 3: 1800, 4: 4356, 5: 51624, 6: 43596, 7: 25740, 8: 19692, 9: 45916, 10: 98172, 11: 864, 12: 111208, 13: 12535, 15: 13176}
2026-05-21 11:37:49 [INFO] 面积统计：{1: np.float64(362003.0), 2: np.float64(36072.0), 3: np.float64(1800.0), 4: np.float64(4356.0), 5: np.float64(51624.0), 6: np.float64(43596.0), 7: np.float64(25740.0), 8: np.float64(19692.0), 9: np.float64(45916.0), 10: np.float64(98172.0), 11: np.float64(864.0), 12: np.float64(111208.0), 13: np.float64(12535.0), 15: np.float64(13176.0)}
2026-05-21 11:37:49 [INFO] 分割成功
2026-05-21 11:37:49 [INFO] 引擎上下文已释放
2026-05-21 11:37:49 [INFO] TensorRT 引擎已释放
2026-05-21 11:37:49 [INFO] 全局 CUDA 资源已释放
2026-05-21 11:37:49 [INFO] 分割系统资源已释放
2026-05-21 11:37:53 [INFO] CUDA 初始化成功
2026-05-21 11:37:53 [INFO] 引擎加载成功: scrap_steel.engine
2026-05-21 11:37:53 [INFO] 分割系统初始化成功
2026-05-21 11:37:53 [INFO] 图像预处理完成，原始尺寸: (2160, 3840)
2026-05-21 11:37:53 [INFO] 开始执行分割...
2026-05-21 11:37:53 [DEBUG] 处理后的检测结果形状: (1, 8400, 6)
2026-05-21 11:37:53 [DEBUG] 示例检测结果: [[-4.15395355e+00 -3.31333208e+00  3.90525970e+01  1.57148819e+01
   3.95001969e-08  5.00000000e+00]
 [-6.43643570e+00 -3.06267929e+00  4.40737495e+01  2.98626213e+01
   9.36392297e-09  9.00000000e+00]
 [-3.63822174e+00 -3.64243412e+00  4.56784821e+01  3.04313850e+01
   4.06967615e-09  9.00000000e+00]]
2026-05-21 11:37:53 [DEBUG] 处理后检测输出形状: (0, 52)
2026-05-21 11:37:53 [DEBUG] 有效检测数量: 0
2026-05-21 11:37:53 [DEBUG] 检测输出为空
2026-05-21 11:37:53 [INFO] 掩码中检测到的类别: [0, 1, 2, 3, 4, 5, 6, 7, 8, 9, 10, 11, 12, 13, 15]
2026-05-21 11:37:53 [INFO] 分割完成，检测到 0 个物体
2026-05-21 11:37:53 [INFO] 从分割掩码中提取检测结果
2026-05-21 11:37:53 [INFO] 从掩码中提取了 575 个检测框
2026-05-21 11:37:53 [INFO] 检测到车兜区域，将过滤区域外的目标
2026-05-21 11:37:54 [INFO] 车兜区域过滤: 575 -> 192 个目标
2026-05-21 11:37:54 [INFO] 保存分割和检测结果到: C:\code\show\Scrap_Steel_In_Field\photos\segmentation\segment_20260521_113754.jpg
2026-05-21 11:37:54 [INFO] JSON结果保存到: C:\code\show\Scrap_Steel_In_Field\photos\segmentation_result.json
2026-05-21 11:37:54 [INFO] 类别统计：{1: 384853, 2: 32940, 3: 1332, 4: 9504, 5: 52488, 6: 39924, 7: 30384, 8: 18000, 9: 45895, 10: 89856, 11: 1224, 12: 106016, 13: 11461, 15: 13824}
2026-05-21 11:37:54 [INFO] 面积统计：{1: np.float64(384853.0), 2: np.float64(32940.0), 3: np.float64(1332.0), 4: np.float64(9504.0), 5: np.float64(52488.0), 6: np.float64(39924.0), 7: np.float64(30384.0), 8: np.float64(18000.0), 9: np.float64(45895.0), 10: np.float64(89856.0), 11: np.float64(1224.0), 12: np.float64(106016.0), 13: np.float64(11461.0), 15: np.float64(13824.0)}
2026-05-21 11:37:54 [INFO] 分割成功
2026-05-21 11:37:54 [INFO] 引擎上下文已释放
2026-05-21 11:37:54 [INFO] TensorRT 引擎已释放
2026-05-21 11:37:54 [INFO] 全局 CUDA 资源已释放
2026-05-21 11:37:54 [INFO] 分割系统资源已释放
2026-05-21 11:37:58 [INFO] CUDA 初始化成功
2026-05-21 11:37:58 [INFO] 引擎加载成功: scrap_steel.engine
2026-05-21 11:37:58 [INFO] 分割系统初始化成功
2026-05-21 11:37:59 [INFO] 图像预处理完成，原始尺寸: (2160, 3840)
2026-05-21 11:37:59 [INFO] 开始执行分割...
2026-05-21 11:37:59 [DEBUG] 处理后的检测结果形状: (1, 8400, 6)
2026-05-21 11:37:59 [DEBUG] 示例检测结果: [[-4.14020920e+00 -3.29975700e+00  3.89794235e+01  1.55987244e+01
   4.04170919e-08  5.00000000e+00]
 [-6.46533585e+00 -3.05864429e+00  4.40019302e+01  2.97724113e+01
   9.42353395e-09  9.00000000e+00]
 [-3.66468048e+00 -3.61081982e+00  4.56224937e+01  3.03783913e+01
   4.15120738e-09  9.00000000e+00]]
2026-05-21 11:37:59 [DEBUG] 处理后检测输出形状: (0, 52)
2026-05-21 11:37:59 [DEBUG] 有效检测数量: 0
2026-05-21 11:37:59 [DEBUG] 检测输出为空
2026-05-21 11:37:59 [INFO] 掩码中检测到的类别: [0, 1, 2, 3, 4, 5, 6, 7, 8, 9, 10, 11, 12, 13, 15]
2026-05-21 11:37:59 [INFO] 分割完成，检测到 0 个物体
2026-05-21 11:37:59 [INFO] 从分割掩码中提取检测结果
2026-05-21 11:37:59 [INFO] 从掩码中提取了 556 个检测框
2026-05-21 11:37:59 [INFO] 检测到车兜区域，将过滤区域外的目标
2026-05-21 11:37:59 [INFO] 车兜区域过滤: 556 -> 178 个目标
2026-05-21 11:38:00 [INFO] 保存分割和检测结果到: C:\code\show\Scrap_Steel_In_Field\photos\segmentation\segment_20260521_113759.jpg
2026-05-21 11:38:00 [INFO] JSON结果保存到: C:\code\show\Scrap_Steel_In_Field\photos\segmentation_result.json
2026-05-21 11:38:00 [INFO] 类别统计：{1: 379557, 2: 33948, 3: 1512, 4: 7524, 5: 54576, 6: 48600, 7: 25956, 8: 21888, 9: 44428, 10: 89640, 11: 1116, 12: 95292, 13: 10179, 15: 15624}
2026-05-21 11:38:00 [INFO] 面积统计：{1: np.float64(379557.0), 2: np.float64(33948.0), 3: np.float64(1512.0), 4: np.float64(7524.0), 5: np.float64(54576.0), 6: np.float64(48600.0), 7: np.float64(25956.0), 8: np.float64(21888.0), 9: np.float64(44428.0), 10: np.float64(89640.0), 11: np.float64(1116.0), 12: np.float64(95292.0), 13: np.float64(10179.0), 15: np.float64(15624.0)}
2026-05-21 11:38:00 [INFO] 分割成功
2026-05-21 11:38:00 [INFO] 引擎上下文已释放
2026-05-21 11:38:00 [INFO] TensorRT 引擎已释放
2026-05-21 11:38:00 [INFO] 全局 CUDA 资源已释放
2026-05-21 11:38:00 [INFO] 分割系统资源已释放
2026-05-21 11:38:03 [INFO] CUDA 初始化成功
2026-05-21 11:38:04 [INFO] 引擎加载成功: scrap_steel.engine
2026-05-21 11:38:04 [INFO] 分割系统初始化成功
2026-05-21 11:38:04 [INFO] 图像预处理完成，原始尺寸: (2160, 3840)
2026-05-21 11:38:04 [INFO] 开始执行分割...
2026-05-21 11:38:04 [DEBUG] 处理后的检测结果形状: (1, 8400, 6)
2026-05-21 11:38:04 [DEBUG] 示例检测结果: [[-4.13934326e+00 -3.30178070e+00  3.90381470e+01  1.56281395e+01
   4.01023179e-08  5.00000000e+00]
 [-6.45194626e+00 -3.05974007e+00  4.40595856e+01  2.97522831e+01
   9.36392297e-09  9.00000000e+00]
 [-3.66540909e+00 -3.62511826e+00  4.56181107e+01  3.03599167e+01
   4.11769463e-09  9.00000000e+00]]
2026-05-21 11:38:04 [DEBUG] 处理后检测输出形状: (0, 52)
2026-05-21 11:38:04 [DEBUG] 有效检测数量: 0
2026-05-21 11:38:04 [DEBUG] 检测输出为空
2026-05-21 11:38:04 [INFO] 掩码中检测到的类别: [0, 1, 2, 3, 4, 5, 6, 7, 8, 9, 10, 11, 12, 13, 15]
2026-05-21 11:38:04 [INFO] 分割完成，检测到 0 个物体
2026-05-21 11:38:04 [INFO] 从分割掩码中提取检测结果
2026-05-21 11:38:04 [INFO] 从掩码中提取了 544 个检测框
2026-05-21 11:38:04 [INFO] 检测到车兜区域，将过滤区域外的目标
2026-05-21 11:38:04 [INFO] 车兜区域过滤: 544 -> 183 个目标
2026-05-21 11:38:05 [INFO] 保存分割和检测结果到: C:\code\show\Scrap_Steel_In_Field\photos\segmentation\segment_20260521_113804.jpg
2026-05-21 11:38:05 [INFO] JSON结果保存到: C:\code\show\Scrap_Steel_In_Field\photos\segmentation_result.json
2026-05-21 11:38:05 [INFO] 类别统计：{1: 362763, 2: 32796, 3: 1548, 4: 7452, 5: 52416, 6: 48132, 7: 27684, 8: 19764, 9: 53066, 10: 91080, 11: 1188, 12: 116356, 13: 10236, 15: 12024}
2026-05-21 11:38:05 [INFO] 面积统计：{1: np.float64(362763.0), 2: np.float64(32796.0), 3: np.float64(1548.0), 4: np.float64(7452.0), 5: np.float64(52416.0), 6: np.float64(48132.0), 7: np.float64(27684.0), 8: np.float64(19764.0), 9: np.float64(53066.0), 10: np.float64(91080.0), 11: np.float64(1188.0), 12: np.float64(116356.0), 13: np.float64(10236.0), 15: np.float64(12024.0)}
2026-05-21 11:38:05 [INFO] 分割成功
2026-05-21 11:38:05 [INFO] 引擎上下文已释放
2026-05-21 11:38:05 [INFO] TensorRT 引擎已释放
2026-05-21 11:38:05 [INFO] 全局 CUDA 资源已释放
2026-05-21 11:38:05 [INFO] 分割系统资源已释放
2026-05-21 11:38:09 [INFO] CUDA 初始化成功
2026-05-21 11:38:09 [INFO] 引擎加载成功: scrap_steel.engine
2026-05-21 11:38:09 [INFO] 分割系统初始化成功
2026-05-21 11:38:09 [INFO] 图像预处理完成，原始尺寸: (2160, 3840)
2026-05-21 11:38:09 [INFO] 开始执行分割...
2026-05-21 11:38:09 [DEBUG] 处理后的检测结果形状: (1, 8400, 6)
2026-05-21 11:38:09 [DEBUG] 示例检测结果: [[-4.17011642e+00 -3.32313299e+00  3.90819511e+01  1.58292751e+01
   4.04170919e-08  5.00000000e+00]
 [-6.49925613e+00 -3.08393764e+00  4.40641632e+01  2.99398003e+01
   9.38447187e-09  9.00000000e+00]
 [-3.65492249e+00 -3.62561035e+00  4.56652908e+01  3.04502640e+01
   4.11826129e-09  9.00000000e+00]]
2026-05-21 11:38:09 [DEBUG] 处理后检测输出形状: (0, 52)
2026-05-21 11:38:09 [DEBUG] 有效检测数量: 0
2026-05-21 11:38:09 [DEBUG] 检测输出为空
2026-05-21 11:38:09 [INFO] 掩码中检测到的类别: [0, 1, 2, 3, 4, 5, 6, 7, 8, 9, 10, 11, 12, 13, 15]
2026-05-21 11:38:09 [INFO] 分割完成，检测到 0 个物体
2026-05-21 11:38:09 [INFO] 从分割掩码中提取检测结果
2026-05-21 11:38:09 [INFO] 从掩码中提取了 560 个检测框
2026-05-21 11:38:09 [INFO] 检测到车兜区域，将过滤区域外的目标
2026-05-21 11:38:09 [INFO] 车兜区域过滤: 560 -> 192 个目标
2026-05-21 11:38:10 [INFO] 保存分割和检测结果到: C:\code\show\Scrap_Steel_In_Field\photos\segmentation\segment_20260521_113809.jpg
2026-05-21 11:38:10 [INFO] JSON结果保存到: C:\code\show\Scrap_Steel_In_Field\photos\segmentation_result.json
2026-05-21 11:38:10 [INFO] 类别统计：{1: 358768, 2: 30312, 3: 1404, 4: 10944, 5: 47952, 6: 50004, 7: 27900, 8: 18540, 9: 47830, 10: 93672, 11: 1116, 12: 114350, 13: 10756, 15: 11844}
2026-05-21 11:38:10 [INFO] 面积统计：{1: np.float64(358768.0), 2: np.float64(30312.0), 3: np.float64(1404.0), 4: np.float64(10944.0), 5: np.float64(47952.0), 6: np.float64(50004.0), 7: np.float64(27900.0), 8: np.float64(18540.0), 9: np.float64(47830.0), 10: np.float64(93672.0), 11: np.float64(1116.0), 12: np.float64(114350.0), 13: np.float64(10756.0), 15: np.float64(11844.0)}
2026-05-21 11:38:10 [INFO] 分割成功
2026-05-21 11:38:10 [INFO] 引擎上下文已释放
2026-05-21 11:38:10 [INFO] TensorRT 引擎已释放
2026-05-21 11:38:10 [INFO] 全局 CUDA 资源已释放
2026-05-21 11:38:10 [INFO] 分割系统资源已释放
2026-05-21 11:38:14 [INFO] CUDA 初始化成功
2026-05-21 11:38:14 [INFO] 引擎加载成功: scrap_steel.engine
2026-05-21 11:38:14 [INFO] 分割系统初始化成功
2026-05-21 11:38:14 [INFO] 图像预处理完成，原始尺寸: (2160, 3840)
2026-05-21 11:38:14 [INFO] 开始执行分割...
2026-05-21 11:38:14 [DEBUG] 处理后的检测结果形状: (1, 8400, 6)
2026-05-21 11:38:14 [DEBUG] 示例检测结果: [[-4.17010117e+00 -3.33059216e+00  3.90059624e+01  1.57781076e+01
   4.10676293e-08  5.00000000e+00]
 [-6.44861984e+00 -3.08324146e+00  4.40889854e+01  2.99441681e+01
   9.38997768e-09  9.00000000e+00]
 [-3.64546967e+00 -3.63885880e+00  4.56736755e+01  3.05025368e+01
   4.07172962e-09  9.00000000e+00]]
2026-05-21 11:38:14 [DEBUG] 处理后检测输出形状: (0, 52)
2026-05-21 11:38:14 [DEBUG] 有效检测数量: 0
2026-05-21 11:38:14 [DEBUG] 检测输出为空
2026-05-21 11:38:14 [INFO] 掩码中检测到的类别: [0, 1, 2, 3, 4, 5, 6, 7, 8, 9, 10, 11, 12, 13, 15]
2026-05-21 11:38:14 [INFO] 分割完成，检测到 0 个物体
2026-05-21 11:38:14 [INFO] 从分割掩码中提取检测结果
2026-05-21 11:38:14 [INFO] 从掩码中提取了 582 个检测框
2026-05-21 11:38:14 [INFO] 检测到车兜区域，将过滤区域外的目标
2026-05-21 11:38:14 [INFO] 车兜区域过滤: 582 -> 195 个目标
2026-05-21 11:38:15 [INFO] 保存分割和检测结果到: C:\code\show\Scrap_Steel_In_Field\photos\segmentation\segment_20260521_113814.jpg
2026-05-21 11:38:15 [INFO] JSON结果保存到: C:\code\show\Scrap_Steel_In_Field\photos\segmentation_result.json
2026-05-21 11:38:15 [INFO] 类别统计：{1: 381902, 2: 28476, 3: 864, 4: 9648, 5: 59148, 6: 44568, 7: 28656, 8: 19044, 9: 45961, 10: 89712, 11: 648, 12: 109124, 13: 10872, 15: 12780}
2026-05-21 11:38:15 [INFO] 面积统计：{1: np.float64(381902.0), 2: np.float64(28476.0), 3: np.float64(864.0), 4: np.float64(9648.0), 5: np.float64(59148.0), 6: np.float64(44568.0), 7: np.float64(28656.0), 8: np.float64(19044.0), 9: np.float64(45961.0), 10: np.float64(89712.0), 11: np.float64(648.0), 12: np.float64(109124.0), 13: np.float64(10872.0), 15: np.float64(12780.0)}
2026-05-21 11:38:15 [INFO] 分割成功
2026-05-21 11:38:15 [INFO] 引擎上下文已释放
2026-05-21 11:38:15 [INFO] TensorRT 引擎已释放
2026-05-21 11:38:15 [INFO] 全局 CUDA 资源已释放
2026-05-21 11:38:15 [INFO] 分割系统资源已释放
2026-05-21 11:38:19 [INFO] CUDA 初始化成功
2026-05-21 11:38:19 [INFO] 引擎加载成功: scrap_steel.engine
2026-05-21 11:38:19 [INFO] 分割系统初始化成功
2026-05-21 11:38:19 [INFO] 图像预处理完成，原始尺寸: (2160, 3840)
2026-05-21 11:38:19 [INFO] 开始执行分割...
2026-05-21 11:38:19 [DEBUG] 处理后的检测结果形状: (1, 8400, 6)
2026-05-21 11:38:19 [DEBUG] 示例检测结果: [[-4.13987350e+00 -3.31174278e+00  3.89996376e+01  1.56281643e+01
   4.07318694e-08  5.00000000e+00]
 [-6.47078705e+00 -3.08512783e+00  4.41298523e+01  2.98445854e+01
   9.35025746e-09  9.00000000e+00]
 [-3.64482498e+00 -3.63658619e+00  4.56386566e+01  3.03949127e+01
   4.10330969e-09  9.00000000e+00]]
2026-05-21 11:38:19 [DEBUG] 处理后检测输出形状: (0, 52)
2026-05-21 11:38:19 [DEBUG] 有效检测数量: 0
2026-05-21 11:38:19 [DEBUG] 检测输出为空
2026-05-21 11:38:19 [INFO] 掩码中检测到的类别: [0, 1, 2, 3, 4, 5, 6, 7, 8, 9, 10, 11, 12, 13, 15]
2026-05-21 11:38:19 [INFO] 分割完成，检测到 0 个物体
2026-05-21 11:38:19 [INFO] 从分割掩码中提取检测结果
2026-05-21 11:38:19 [INFO] 从掩码中提取了 561 个检测框
2026-05-21 11:38:19 [INFO] 检测到车兜区域，将过滤区域外的目标
2026-05-21 11:38:19 [INFO] 车兜区域过滤: 561 -> 183 个目标
2026-05-21 11:38:20 [INFO] 保存分割和检测结果到: C:\code\show\Scrap_Steel_In_Field\photos\segmentation\segment_20260521_113819.jpg
2026-05-21 11:38:20 [INFO] JSON结果保存到: C:\code\show\Scrap_Steel_In_Field\photos\segmentation_result.json
2026-05-21 11:38:20 [INFO] 类别统计：{1: 394985, 2: 31968, 3: 576, 4: 7452, 5: 54756, 6: 52776, 7: 26496, 8: 21024, 9: 42708, 10: 84636, 11: 1764, 12: 101056, 13: 11055, 15: 14688}
2026-05-21 11:38:20 [INFO] 面积统计：{1: np.float64(394985.0), 2: np.float64(31968.0), 3: np.float64(576.0), 4: np.float64(7452.0), 5: np.float64(54756.0), 6: np.float64(52776.0), 7: np.float64(26496.0), 8: np.float64(21024.0), 9: np.float64(42708.0), 10: np.float64(84636.0), 11: np.float64(1764.0), 12: np.float64(101056.0), 13: np.float64(11055.0), 15: np.float64(14688.0)}
2026-05-21 11:38:20 [INFO] 分割成功
2026-05-21 11:38:20 [INFO] 引擎上下文已释放
2026-05-21 11:38:20 [INFO] TensorRT 引擎已释放
2026-05-21 11:38:20 [INFO] 全局 CUDA 资源已释放
2026-05-21 11:38:20 [INFO] 分割系统资源已释放
2026-05-21 11:38:24 [INFO] CUDA 初始化成功
2026-05-21 11:38:24 [INFO] 引擎加载成功: scrap_steel.engine
2026-05-21 11:38:24 [INFO] 分割系统初始化成功
2026-05-21 11:38:24 [INFO] 图像预处理完成，原始尺寸: (2160, 3840)
2026-05-21 11:38:24 [INFO] 开始执行分割...
2026-05-21 11:38:24 [DEBUG] 处理后的检测结果形状: (1, 8400, 6)
2026-05-21 11:38:24 [DEBUG] 示例检测结果: [[-4.12268448e+00 -3.29284525e+00  3.90176239e+01  1.55948925e+01
   3.97917113e-08  5.00000000e+00]
 [-6.40886688e+00 -3.04928017e+00  4.40482254e+01  2.97972240e+01
   9.36392297e-09  9.00000000e+00]
 [-3.64050293e+00 -3.62769318e+00  4.56458969e+01  3.04437447e+01
   4.15090184e-09  9.00000000e+00]]
2026-05-21 11:38:24 [DEBUG] 处理后检测输出形状: (0, 52)
2026-05-21 11:38:24 [DEBUG] 有效检测数量: 0
2026-05-21 11:38:24 [DEBUG] 检测输出为空
2026-05-21 11:38:24 [INFO] 掩码中检测到的类别: [0, 1, 2, 3, 4, 5, 6, 7, 8, 9, 10, 11, 12, 13, 15]
2026-05-21 11:38:24 [INFO] 分割完成，检测到 0 个物体
2026-05-21 11:38:24 [INFO] 从分割掩码中提取检测结果
2026-05-21 11:38:24 [INFO] 从掩码中提取了 556 个检测框
2026-05-21 11:38:24 [INFO] 检测到车兜区域，将过滤区域外的目标
2026-05-21 11:38:24 [INFO] 车兜区域过滤: 556 -> 176 个目标
2026-05-21 11:38:25 [INFO] 保存分割和检测结果到: C:\code\show\Scrap_Steel_In_Field\photos\segmentation\segment_20260521_113824.jpg
2026-05-21 11:38:25 [INFO] JSON结果保存到: C:\code\show\Scrap_Steel_In_Field\photos\segmentation_result.json
2026-05-21 11:38:25 [INFO] 类别统计：{1: 385831, 2: 30744, 3: 1476, 4: 4896, 5: 53316, 6: 49608, 7: 25020, 8: 19584, 9: 42608, 10: 90000, 11: 900, 12: 100657, 13: 10358, 15: 12708}
2026-05-21 11:38:25 [INFO] 面积统计：{1: np.float64(385831.0), 2: np.float64(30744.0), 3: np.float64(1476.0), 4: np.float64(4896.0), 5: np.float64(53316.0), 6: np.float64(49608.0), 7: np.float64(25020.0), 8: np.float64(19584.0), 9: np.float64(42608.0), 10: np.float64(90000.0), 11: np.float64(900.0), 12: np.float64(100657.0), 13: np.float64(10358.0), 15: np.float64(12708.0)}
2026-05-21 11:38:25 [INFO] 分割成功
2026-05-21 11:38:25 [INFO] 引擎上下文已释放
2026-05-21 11:38:25 [INFO] TensorRT 引擎已释放
2026-05-21 11:38:25 [INFO] 全局 CUDA 资源已释放
2026-05-21 11:38:25 [INFO] 分割系统资源已释放
2026-05-21 11:38:29 [INFO] CUDA 初始化成功
2026-05-21 11:38:29 [INFO] 引擎加载成功: scrap_steel.engine
2026-05-21 11:38:29 [INFO] 分割系统初始化成功
2026-05-21 11:38:29 [INFO] 图像预处理完成，原始尺寸: (2160, 3840)
2026-05-21 11:38:29 [INFO] 开始执行分割...
2026-05-21 11:38:29 [DEBUG] 处理后的检测结果形状: (1, 8400, 6)
2026-05-21 11:38:29 [DEBUG] 示例检测结果: [[-4.13881683e+00 -3.32233906e+00  3.89828835e+01  1.56796141e+01
   3.97917113e-08  5.00000000e+00]
 [-6.41263962e+00 -3.06185341e+00  4.40342216e+01  2.97476368e+01
   9.29080812e-09  9.00000000e+00]
 [-3.65810013e+00 -3.63791466e+00  4.56109695e+01  3.03695202e+01
   4.08531520e-09  9.00000000e+00]]
2026-05-21 11:38:29 [DEBUG] 处理后检测输出形状: (0, 52)
2026-05-21 11:38:29 [DEBUG] 有效检测数量: 0
2026-05-21 11:38:29 [DEBUG] 检测输出为空
2026-05-21 11:38:30 [INFO] 掩码中检测到的类别: [0, 1, 2, 3, 4, 5, 6, 7, 8, 9, 10, 11, 12, 13, 15]
2026-05-21 11:38:30 [INFO] 分割完成，检测到 0 个物体
2026-05-21 11:38:30 [INFO] 从分割掩码中提取检测结果
2026-05-21 11:38:30 [INFO] 从掩码中提取了 566 个检测框
2026-05-21 11:38:30 [INFO] 检测到车兜区域，将过滤区域外的目标
2026-05-21 11:38:30 [INFO] 车兜区域过滤: 566 -> 178 个目标
2026-05-21 11:38:31 [INFO] 保存分割和检测结果到: C:\code\show\Scrap_Steel_In_Field\photos\segmentation\segment_20260521_113830.jpg
2026-05-21 11:38:31 [INFO] JSON结果保存到: C:\code\show\Scrap_Steel_In_Field\photos\segmentation_result.json
2026-05-21 11:38:31 [INFO] 类别统计：{1: 369001, 2: 35964, 3: 1512, 4: 7452, 5: 51084, 6: 55872, 7: 25092, 8: 20448, 9: 44051, 10: 85716, 11: 612, 12: 110110, 13: 10116, 15: 14976}
2026-05-21 11:38:31 [INFO] 面积统计：{1: np.float64(369001.0), 2: np.float64(35964.0), 3: np.float64(1512.0), 4: np.float64(7452.0), 5: np.float64(51084.0), 6: np.float64(55872.0), 7: np.float64(25092.0), 8: np.float64(20448.0), 9: np.float64(44051.0), 10: np.float64(85716.0), 11: np.float64(612.0), 12: np.float64(110110.0), 13: np.float64(10116.0), 15: np.float64(14976.0)}
2026-05-21 11:38:31 [INFO] 分割成功
2026-05-21 11:38:31 [INFO] 引擎上下文已释放
2026-05-21 11:38:31 [INFO] TensorRT 引擎已释放
2026-05-21 11:38:31 [INFO] 全局 CUDA 资源已释放
2026-05-21 11:38:31 [INFO] 分割系统资源已释放
2026-05-21 11:38:34 [INFO] CUDA 初始化成功
2026-05-21 11:38:34 [INFO] 引擎加载成功: scrap_steel.engine
2026-05-21 11:38:34 [INFO] 分割系统初始化成功
2026-05-21 11:38:34 [INFO] 图像预处理完成，原始尺寸: (2160, 3840)
2026-05-21 11:38:34 [INFO] 开始执行分割...
2026-05-21 11:38:35 [DEBUG] 处理后的检测结果形状: (1, 8400, 6)
2026-05-21 11:38:35 [DEBUG] 示例检测结果: [[-4.11568832e+00 -3.28937531e+00  3.89622002e+01  1.56005840e+01
   4.01023179e-08  5.00000000e+00]
 [-6.43637085e+00 -3.05114460e+00  4.39949036e+01  2.96983948e+01
   9.36392297e-09  9.00000000e+00]
 [-3.66216278e+00 -3.62683678e+00  4.56091843e+01  3.03437366e+01
   4.13491463e-09  9.00000000e+00]]
2026-05-21 11:38:35 [DEBUG] 处理后检测输出形状: (0, 52)
2026-05-21 11:38:35 [DEBUG] 有效检测数量: 0
2026-05-21 11:38:35 [DEBUG] 检测输出为空
2026-05-21 11:38:35 [INFO] 掩码中检测到的类别: [0, 1, 2, 3, 4, 5, 6, 7, 8, 9, 10, 11, 12, 13, 15]
2026-05-21 11:38:35 [INFO] 分割完成，检测到 0 个物体
2026-05-21 11:38:35 [INFO] 从分割掩码中提取检测结果
2026-05-21 11:38:35 [INFO] 从掩码中提取了 548 个检测框
2026-05-21 11:38:35 [INFO] 检测到车兜区域，将过滤区域外的目标
2026-05-21 11:38:35 [INFO] 车兜区域过滤: 548 -> 186 个目标
2026-05-21 11:38:36 [INFO] 保存分割和检测结果到: C:\code\show\Scrap_Steel_In_Field\photos\segmentation\segment_20260521_113835.jpg
2026-05-21 11:38:36 [INFO] JSON结果保存到: C:\code\show\Scrap_Steel_In_Field\photos\segmentation_result.json
2026-05-21 11:38:36 [INFO] 类别统计：{1: 359677, 2: 35208, 3: 1728, 4: 6264, 5: 48852, 6: 49788, 7: 27036, 8: 18828, 9: 44647, 10: 93924, 11: 1800, 12: 111208, 13: 10440, 15: 15768}
2026-05-21 11:38:36 [INFO] 面积统计：{1: np.float64(359677.0), 2: np.float64(35208.0), 3: np.float64(1728.0), 4: np.float64(6264.0), 5: np.float64(48852.0), 6: np.float64(49788.0), 7: np.float64(27036.0), 8: np.float64(18828.0), 9: np.float64(44647.0), 10: np.float64(93924.0), 11: np.float64(1800.0), 12: np.float64(111208.0), 13: np.float64(10440.0), 15: np.float64(15768.0)}
2026-05-21 11:38:36 [INFO] 分割成功
2026-05-21 11:38:36 [INFO] 引擎上下文已释放
2026-05-21 11:38:36 [INFO] TensorRT 引擎已释放
2026-05-21 11:38:36 [INFO] 全局 CUDA 资源已释放
2026-05-21 11:38:36 [INFO] 分割系统资源已释放
2026-05-21 11:38:39 [INFO] CUDA 初始化成功
2026-05-21 11:38:39 [INFO] 引擎加载成功: scrap_steel.engine
2026-05-21 11:38:39 [INFO] 分割系统初始化成功
2026-05-21 11:38:40 [INFO] 图像预处理完成，原始尺寸: (2160, 3840)
2026-05-21 11:38:40 [INFO] 开始执行分割...
2026-05-21 11:38:40 [DEBUG] 处理后的检测结果形状: (1, 8400, 6)
2026-05-21 11:38:40 [DEBUG] 示例检测结果: [[-4.10538483e+00 -3.31047153e+00  3.90028152e+01  1.57003813e+01
   4.07318694e-08  5.00000000e+00]
 [-6.45077515e+00 -3.06942940e+00  4.41718979e+01  2.99754887e+01
   9.35025746e-09  9.00000000e+00]
 [-3.62684631e+00 -3.59589386e+00  4.56530228e+01  3.04788017e+01
   4.10330969e-09  9.00000000e+00]]
2026-05-21 11:38:40 [DEBUG] 处理后检测输出形状: (0, 52)
2026-05-21 11:38:40 [DEBUG] 有效检测数量: 0
2026-05-21 11:38:40 [DEBUG] 检测输出为空
2026-05-21 11:38:40 [INFO] 掩码中检测到的类别: [0, 1, 2, 3, 4, 5, 6, 7, 8, 9, 10, 11, 12, 13, 15]
2026-05-21 11:38:40 [INFO] 分割完成，检测到 0 个物体
2026-05-21 11:38:40 [INFO] 从分割掩码中提取检测结果
2026-05-21 11:38:40 [INFO] 从掩码中提取了 537 个检测框
2026-05-21 11:38:40 [INFO] 检测到车兜区域，将过滤区域外的目标
2026-05-21 11:38:40 [INFO] 车兜区域过滤: 537 -> 177 个目标
2026-05-21 11:38:41 [INFO] 保存分割和检测结果到: C:\code\show\Scrap_Steel_In_Field\photos\segmentation\segment_20260521_113840.jpg
2026-05-21 11:38:41 [INFO] JSON结果保存到: C:\code\show\Scrap_Steel_In_Field\photos\segmentation_result.json
2026-05-21 11:38:41 [INFO] 类别统计：{1: 356610, 2: 30744, 3: 1404, 4: 8712, 5: 52452, 6: 48060, 7: 24732, 8: 17892, 9: 47873, 10: 93096, 11: 576, 12: 108110, 13: 10569, 15: 13536}
2026-05-21 11:38:41 [INFO] 面积统计：{1: np.float64(356610.0), 2: np.float64(30744.0), 3: np.float64(1404.0), 4: np.float64(8712.0), 5: np.float64(52452.0), 6: np.float64(48060.0), 7: np.float64(24732.0), 8: np.float64(17892.0), 9: np.float64(47873.0), 10: np.float64(93096.0), 11: np.float64(576.0), 12: np.float64(108110.0), 13: np.float64(10569.0), 15: np.float64(13536.0)}
2026-05-21 11:38:41 [INFO] 分割成功
2026-05-21 11:38:41 [INFO] 引擎上下文已释放
2026-05-21 11:38:41 [INFO] TensorRT 引擎已释放
2026-05-21 11:38:41 [INFO] 全局 CUDA 资源已释放
2026-05-21 11:38:41 [INFO] 分割系统资源已释放
2026-05-21 11:38:44 [INFO] CUDA 初始化成功
2026-05-21 11:38:45 [INFO] 引擎加载成功: scrap_steel.engine
2026-05-21 11:38:45 [INFO] 分割系统初始化成功
2026-05-21 11:38:45 [INFO] 图像预处理完成，原始尺寸: (2160, 3840)
2026-05-21 11:38:45 [INFO] 开始执行分割...
2026-05-21 11:38:45 [DEBUG] 处理后的检测结果形状: (1, 8400, 6)
2026-05-21 11:38:45 [DEBUG] 示例检测结果: [[-4.13929367e+00 -3.32111406e+00  3.91482048e+01  1.57075500e+01
   4.08904732e-08  5.00000000e+00]
 [-6.47634125e+00 -3.07031727e+00  4.41138535e+01  2.99149208e+01
   9.42551104e-09  9.00000000e+00]
 [-3.64780426e+00 -3.62322044e+00  4.56682968e+01  3.04468060e+01
   4.11920098e-09  9.00000000e+00]]
2026-05-21 11:38:45 [DEBUG] 处理后检测输出形状: (0, 52)
2026-05-21 11:38:45 [DEBUG] 有效检测数量: 0
2026-05-21 11:38:45 [DEBUG] 检测输出为空
2026-05-21 11:38:45 [INFO] 掩码中检测到的类别: [0, 1, 2, 3, 4, 5, 6, 7, 8, 9, 10, 11, 12, 13, 15]
2026-05-21 11:38:45 [INFO] 分割完成，检测到 0 个物体
2026-05-21 11:38:45 [INFO] 从分割掩码中提取检测结果
2026-05-21 11:38:45 [INFO] 从掩码中提取了 570 个检测框
2026-05-21 11:38:45 [INFO] 检测到车兜区域，将过滤区域外的目标
2026-05-21 11:38:45 [INFO] 车兜区域过滤: 570 -> 196 个目标
2026-05-21 11:38:46 [INFO] 保存分割和检测结果到: C:\code\show\Scrap_Steel_In_Field\photos\segmentation\segment_20260521_113845.jpg
2026-05-21 11:38:46 [INFO] JSON结果保存到: C:\code\show\Scrap_Steel_In_Field\photos\segmentation_result.json
2026-05-21 11:38:46 [INFO] 类别统计：{1: 390025, 2: 33264, 3: 432, 4: 6876, 5: 58248, 6: 53424, 7: 25776, 8: 20736, 9: 45633, 10: 85752, 11: 468, 12: 108337, 13: 10122, 15: 11304}
2026-05-21 11:38:46 [INFO] 面积统计：{1: np.float64(390025.0), 2: np.float64(33264.0), 3: np.float64(432.0), 4: np.float64(6876.0), 5: np.float64(58248.0), 6: np.float64(53424.0), 7: np.float64(25776.0), 8: np.float64(20736.0), 9: np.float64(45633.0), 10: np.float64(85752.0), 11: np.float64(468.0), 12: np.float64(108337.0), 13: np.float64(10122.0), 15: np.float64(11304.0)}
2026-05-21 11:38:46 [INFO] 分割成功
2026-05-21 11:38:46 [INFO] 引擎上下文已释放
2026-05-21 11:38:46 [INFO] TensorRT 引擎已释放
2026-05-21 11:38:46 [INFO] 全局 CUDA 资源已释放
2026-05-21 11:38:46 [INFO] 分割系统资源已释放
2026-05-21 11:38:50 [INFO] CUDA 初始化成功
2026-05-21 11:38:50 [INFO] 引擎加载成功: scrap_steel.engine
2026-05-21 11:38:50 [INFO] 分割系统初始化成功
2026-05-21 11:38:50 [INFO] 图像预处理完成，原始尺寸: (2160, 3840)
2026-05-21 11:38:50 [INFO] 开始执行分割...
2026-05-21 11:38:50 [DEBUG] 处理后的检测结果形状: (1, 8400, 6)
2026-05-21 11:38:50 [DEBUG] 示例检测结果: [[-4.14144897e+00 -3.31196547e+00  3.90748024e+01  1.56529922e+01
   4.01040481e-08  5.00000000e+00]
 [-6.48562241e+00 -3.06137085e+00  4.40377769e+01  2.97816086e+01
   9.31134725e-09  9.00000000e+00]
 [-3.65801239e+00 -3.63990211e+00  4.56471863e+01  3.04401302e+01
   4.08650891e-09  9.00000000e+00]]
2026-05-21 11:38:50 [DEBUG] 处理后检测输出形状: (0, 52)
2026-05-21 11:38:50 [DEBUG] 有效检测数量: 0
2026-05-21 11:38:50 [DEBUG] 检测输出为空
2026-05-21 11:38:50 [INFO] 掩码中检测到的类别: [0, 1, 2, 3, 4, 5, 6, 7, 8, 9, 10, 11, 12, 13, 15]
2026-05-21 11:38:50 [INFO] 分割完成，检测到 0 个物体
2026-05-21 11:38:50 [INFO] 从分割掩码中提取检测结果
2026-05-21 11:38:50 [INFO] 从掩码中提取了 563 个检测框
2026-05-21 11:38:50 [INFO] 检测到车兜区域，将过滤区域外的目标
2026-05-21 11:38:50 [INFO] 车兜区域过滤: 563 -> 179 个目标
2026-05-21 11:38:51 [INFO] 保存分割和检测结果到: C:\code\show\Scrap_Steel_In_Field\photos\segmentation\segment_20260521_113850.jpg
2026-05-21 11:38:51 [INFO] JSON结果保存到: C:\code\show\Scrap_Steel_In_Field\photos\segmentation_result.json
2026-05-21 11:38:51 [INFO] 类别统计：{1: 369318, 2: 36540, 3: 1404, 4: 6372, 5: 57636, 6: 55512, 7: 27108, 8: 19296, 9: 46030, 10: 91152, 11: 828, 12: 109086, 13: 11634, 15: 11700}
2026-05-21 11:38:51 [INFO] 面积统计：{1: np.float64(369318.0), 2: np.float64(36540.0), 3: np.float64(1404.0), 4: np.float64(6372.0), 5: np.float64(57636.0), 6: np.float64(55512.0), 7: np.float64(27108.0), 8: np.float64(19296.0), 9: np.float64(46030.0), 10: np.float64(91152.0), 11: np.float64(828.0), 12: np.float64(109086.0), 13: np.float64(11634.0), 15: np.float64(11700.0)}
2026-05-21 11:38:51 [INFO] 分割成功
2026-05-21 11:38:51 [INFO] 引擎上下文已释放
2026-05-21 11:38:51 [INFO] TensorRT 引擎已释放
2026-05-21 11:38:51 [INFO] 全局 CUDA 资源已释放
2026-05-21 11:38:51 [INFO] 分割系统资源已释放
2026-05-21 11:38:55 [INFO] CUDA 初始化成功
2026-05-21 11:38:55 [INFO] 引擎加载成功: scrap_steel.engine
2026-05-21 11:38:55 [INFO] 分割系统初始化成功
2026-05-21 11:38:55 [INFO] 图像预处理完成，原始尺寸: (2160, 3840)
2026-05-21 11:38:55 [INFO] 开始执行分割...
2026-05-21 11:38:55 [DEBUG] 处理后的检测结果形状: (1, 8400, 6)
2026-05-21 11:38:55 [DEBUG] 示例检测结果: [[-4.12597275e+00 -3.30392933e+00  3.90431633e+01  1.57165575e+01
   4.04170919e-08  5.00000000e+00]
 [-6.42965317e+00 -3.05966473e+00  4.40789757e+01  2.98774033e+01
   9.49769330e-09  9.00000000e+00]
 [-3.65344238e+00 -3.61378670e+00  4.56818619e+01  3.04398899e+01
   4.18410906e-09  9.00000000e+00]]
2026-05-21 11:38:55 [DEBUG] 处理后检测输出形状: (0, 52)
2026-05-21 11:38:55 [DEBUG] 有效检测数量: 0
2026-05-21 11:38:55 [DEBUG] 检测输出为空
2026-05-21 11:38:55 [INFO] 掩码中检测到的类别: [0, 1, 2, 3, 4, 5, 6, 7, 8, 9, 10, 11, 12, 13, 15]
2026-05-21 11:38:55 [INFO] 分割完成，检测到 0 个物体
2026-05-21 11:38:55 [INFO] 从分割掩码中提取检测结果
2026-05-21 11:38:55 [INFO] 从掩码中提取了 546 个检测框
2026-05-21 11:38:55 [INFO] 检测到车兜区域，将过滤区域外的目标
2026-05-21 11:38:55 [INFO] 车兜区域过滤: 546 -> 187 个目标
2026-05-21 11:38:56 [INFO] 保存分割和检测结果到: C:\code\show\Scrap_Steel_In_Field\photos\segmentation\segment_20260521_113855.jpg
2026-05-21 11:38:56 [INFO] JSON结果保存到: C:\code\show\Scrap_Steel_In_Field\photos\segmentation_result.json
2026-05-21 11:38:56 [INFO] 类别统计：{1: 372242, 2: 34092, 3: 1584, 4: 5688, 5: 53136, 6: 48060, 7: 27252, 8: 19224, 9: 47112, 10: 99432, 11: 864, 12: 114105, 13: 11134, 15: 13320}
2026-05-21 11:38:56 [INFO] 面积统计：{1: np.float64(372242.0), 2: np.float64(34092.0), 3: np.float64(1584.0), 4: np.float64(5688.0), 5: np.float64(53136.0), 6: np.float64(48060.0), 7: np.float64(27252.0), 8: np.float64(19224.0), 9: np.float64(47112.0), 10: np.float64(99432.0), 11: np.float64(864.0), 12: np.float64(114105.0), 13: np.float64(11134.0), 15: np.float64(13320.0)}
2026-05-21 11:38:56 [INFO] 分割成功
2026-05-21 11:38:56 [INFO] 引擎上下文已释放
2026-05-21 11:38:56 [INFO] TensorRT 引擎已释放
2026-05-21 11:38:56 [INFO] 全局 CUDA 资源已释放
2026-05-21 11:38:56 [INFO] 分割系统资源已释放
2026-05-21 11:39:00 [INFO] CUDA 初始化成功
2026-05-21 11:39:00 [INFO] 引擎加载成功: scrap_steel.engine
2026-05-21 11:39:00 [INFO] 分割系统初始化成功
2026-05-21 11:39:00 [INFO] 图像预处理完成，原始尺寸: (2160, 3840)
2026-05-21 11:39:00 [INFO] 开始执行分割...
2026-05-21 11:39:00 [DEBUG] 处理后的检测结果形状: (1, 8400, 6)
2026-05-21 11:39:00 [DEBUG] 示例检测结果: [[-4.14044571e+00 -3.28992271e+00  3.91073570e+01  1.55936279e+01
   4.01040481e-08  5.00000000e+00]
 [-6.47558975e+00 -3.05977440e+00  4.41608849e+01  2.98600750e+01
   9.42125311e-09  9.00000000e+00]
 [-3.67028809e+00 -3.61148834e+00  4.56562691e+01  3.03634224e+01
   4.15090184e-09  9.00000000e+00]]
2026-05-21 11:39:00 [DEBUG] 处理后检测输出形状: (0, 52)
2026-05-21 11:39:00 [DEBUG] 有效检测数量: 0
2026-05-21 11:39:00 [DEBUG] 检测输出为空
2026-05-21 11:39:00 [INFO] 掩码中检测到的类别: [0, 1, 2, 3, 4, 5, 6, 7, 8, 9, 10, 11, 12, 13, 15]
2026-05-21 11:39:00 [INFO] 分割完成，检测到 0 个物体
2026-05-21 11:39:00 [INFO] 从分割掩码中提取检测结果
2026-05-21 11:39:00 [INFO] 从掩码中提取了 568 个检测框
2026-05-21 11:39:00 [INFO] 检测到车兜区域，将过滤区域外的目标
2026-05-21 11:39:00 [INFO] 车兜区域过滤: 568 -> 194 个目标
2026-05-21 11:39:01 [INFO] 保存分割和检测结果到: C:\code\show\Scrap_Steel_In_Field\photos\segmentation\segment_20260521_113900.jpg
2026-05-21 11:39:01 [INFO] JSON结果保存到: C:\code\show\Scrap_Steel_In_Field\photos\segmentation_result.json
2026-05-21 11:39:01 [INFO] 类别统计：{1: 373309, 2: 38124, 3: 1404, 4: 6192, 5: 61380, 6: 45396, 7: 27000, 8: 19548, 9: 45808, 10: 94824, 11: 972, 12: 120144, 13: 9913, 15: 12276}
2026-05-21 11:39:01 [INFO] 面积统计：{1: np.float64(373309.0), 2: np.float64(38124.0), 3: np.float64(1404.0), 4: np.float64(6192.0), 5: np.float64(61380.0), 6: np.float64(45396.0), 7: np.float64(27000.0), 8: np.float64(19548.0), 9: np.float64(45808.0), 10: np.float64(94824.0), 11: np.float64(972.0), 12: np.float64(120144.0), 13: np.float64(9913.0), 15: np.float64(12276.0)}
2026-05-21 11:39:01 [INFO] 分割成功
2026-05-21 11:39:01 [INFO] 引擎上下文已释放
2026-05-21 11:39:01 [INFO] TensorRT 引擎已释放
2026-05-21 11:39:01 [INFO] 全局 CUDA 资源已释放
2026-05-21 11:39:01 [INFO] 分割系统资源已释放
2026-05-21 11:39:05 [INFO] CUDA 初始化成功
2026-05-21 11:39:05 [INFO] 引擎加载成功: scrap_steel.engine
2026-05-21 11:39:05 [INFO] 分割系统初始化成功
2026-05-21 11:39:05 [INFO] 图像预处理完成，原始尺寸: (2160, 3840)
2026-05-21 11:39:05 [INFO] 开始执行分割...
2026-05-21 11:39:05 [DEBUG] 处理后的检测结果形状: (1, 8400, 6)
2026-05-21 11:39:05 [DEBUG] 示例检测结果: [[-4.13690567e+00 -3.31116438e+00  3.91361160e+01  1.56816139e+01
   4.10676293e-08  5.00000000e+00]
 [-6.48046875e+00 -3.05889416e+00  4.41248970e+01  2.98529396e+01
   9.49937728e-09  9.00000000e+00]
 [-3.65998077e+00 -3.60966873e+00  4.56320648e+01  3.04021950e+01
   4.16768042e-09  9.00000000e+00]]
2026-05-21 11:39:05 [DEBUG] 处理后检测输出形状: (0, 52)
2026-05-21 11:39:05 [DEBUG] 有效检测数量: 0
2026-05-21 11:39:05 [DEBUG] 检测输出为空
2026-05-21 11:39:05 [INFO] 掩码中检测到的类别: [0, 1, 2, 3, 4, 5, 6, 7, 8, 9, 10, 11, 12, 13, 15]
2026-05-21 11:39:05 [INFO] 分割完成，检测到 0 个物体
2026-05-21 11:39:05 [INFO] 从分割掩码中提取检测结果
2026-05-21 11:39:05 [INFO] 从掩码中提取了 544 个检测框
2026-05-21 11:39:05 [INFO] 检测到车兜区域，将过滤区域外的目标
2026-05-21 11:39:05 [INFO] 车兜区域过滤: 544 -> 172 个目标
2026-05-21 11:39:06 [INFO] 保存分割和检测结果到: C:\code\show\Scrap_Steel_In_Field\photos\segmentation\segment_20260521_113905.jpg
2026-05-21 11:39:06 [INFO] JSON结果保存到: C:\code\show\Scrap_Steel_In_Field\photos\segmentation_result.json
2026-05-21 11:39:06 [INFO] 类别统计：{1: 384067, 2: 32796, 3: 1764, 4: 7128, 5: 53676, 6: 48060, 7: 26388, 8: 19476, 9: 42615, 10: 88128, 11: 936, 12: 103286, 13: 11535, 15: 14076}
2026-05-21 11:39:06 [INFO] 面积统计：{1: np.float64(384067.0), 2: np.float64(32796.0), 3: np.float64(1764.0), 4: np.float64(7128.0), 5: np.float64(53676.0), 6: np.float64(48060.0), 7: np.float64(26388.0), 8: np.float64(19476.0), 9: np.float64(42615.0), 10: np.float64(88128.0), 11: np.float64(936.0), 12: np.float64(103286.0), 13: np.float64(11535.0), 15: np.float64(14076.0)}
2026-05-21 11:39:06 [INFO] 分割成功
2026-05-21 11:39:06 [INFO] 引擎上下文已释放
2026-05-21 11:39:06 [INFO] TensorRT 引擎已释放
2026-05-21 11:39:06 [INFO] 全局 CUDA 资源已释放
2026-05-21 11:39:06 [INFO] 分割系统资源已释放
2026-05-21 11:39:10 [INFO] CUDA 初始化成功
2026-05-21 11:39:10 [INFO] 引擎加载成功: scrap_steel.engine
2026-05-21 11:39:10 [INFO] 分割系统初始化成功
2026-05-21 11:39:10 [INFO] 图像预处理完成，原始尺寸: (2160, 3840)
2026-05-21 11:39:10 [INFO] 开始执行分割...
2026-05-21 11:39:10 [DEBUG] 处理后的检测结果形状: (1, 8400, 6)
2026-05-21 11:39:10 [DEBUG] 示例检测结果: [[-4.16967392e+00 -3.32281351e+00  3.90245590e+01  1.57174702e+01
   4.02614262e-08  5.00000000e+00]
 [-6.49284363e+00 -3.08263016e+00  4.40023918e+01  2.98352852e+01
   9.21856369e-09  9.00000000e+00]
 [-3.68497467e+00 -3.66408825e+00  4.56149712e+01  3.04535141e+01
   4.07074374e-09  9.00000000e+00]]
2026-05-21 11:39:10 [DEBUG] 处理后检测输出形状: (0, 52)
2026-05-21 11:39:10 [DEBUG] 有效检测数量: 0
2026-05-21 11:39:10 [DEBUG] 检测输出为空
2026-05-21 11:39:10 [INFO] 掩码中检测到的类别: [0, 1, 2, 3, 4, 5, 6, 7, 8, 9, 10, 11, 12, 13, 15]
2026-05-21 11:39:10 [INFO] 分割完成，检测到 0 个物体
2026-05-21 11:39:10 [INFO] 从分割掩码中提取检测结果
2026-05-21 11:39:10 [INFO] 从掩码中提取了 545 个检测框
2026-05-21 11:39:10 [INFO] 检测到车兜区域，将过滤区域外的目标
2026-05-21 11:39:10 [INFO] 车兜区域过滤: 545 -> 184 个目标
2026-05-21 11:39:11 [INFO] 保存分割和检测结果到: C:\code\show\Scrap_Steel_In_Field\photos\segmentation\segment_20260521_113910.jpg
2026-05-21 11:39:11 [INFO] JSON结果保存到: C:\code\show\Scrap_Steel_In_Field\photos\segmentation_result.json
2026-05-21 11:39:11 [INFO] 类别统计：{1: 371226, 2: 32508, 3: 1080, 4: 6120, 5: 53964, 6: 53748, 7: 26388, 8: 18972, 9: 47176, 10: 91404, 11: 468, 12: 112339, 13: 9976, 15: 11880}
2026-05-21 11:39:11 [INFO] 面积统计：{1: np.float64(371226.0), 2: np.float64(32508.0), 3: np.float64(1080.0), 4: np.float64(6120.0), 5: np.float64(53964.0), 6: np.float64(53748.0), 7: np.float64(26388.0), 8: np.float64(18972.0), 9: np.float64(47176.0), 10: np.float64(91404.0), 11: np.float64(468.0), 12: np.float64(112339.0), 13: np.float64(9976.0), 15: np.float64(11880.0)}
2026-05-21 11:39:11 [INFO] 分割成功
2026-05-21 11:39:11 [INFO] 引擎上下文已释放
2026-05-21 11:39:11 [INFO] TensorRT 引擎已释放
2026-05-21 11:39:11 [INFO] 全局 CUDA 资源已释放
2026-05-21 11:39:11 [INFO] 分割系统资源已释放
2026-05-21 11:39:15 [INFO] CUDA 初始化成功
2026-05-21 11:39:15 [INFO] 引擎加载成功: scrap_steel.engine
2026-05-21 11:39:15 [INFO] 分割系统初始化成功
2026-05-21 11:39:15 [INFO] 图像预处理完成，原始尺寸: (2160, 3840)
2026-05-21 11:39:15 [INFO] 开始执行分割...
2026-05-21 11:39:15 [DEBUG] 处理后的检测结果形状: (1, 8400, 6)
2026-05-21 11:39:15 [DEBUG] 示例检测结果: [[-4.16774750e+00 -3.32372141e+00  3.90881042e+01  1.57773762e+01
   3.97917113e-08  5.00000000e+00]
 [-6.45762253e+00 -3.08405018e+00  4.40084496e+01  2.98409004e+01
   9.34769062e-09  9.00000000e+00]
 [-3.62197876e+00 -3.62688637e+00  4.55811996e+01  3.03641987e+01
   4.05381684e-09  9.00000000e+00]]
2026-05-21 11:39:15 [DEBUG] 处理后检测输出形状: (0, 52)
2026-05-21 11:39:15 [DEBUG] 有效检测数量: 0
2026-05-21 11:39:15 [DEBUG] 检测输出为空
2026-05-21 11:39:15 [INFO] 掩码中检测到的类别: [0, 1, 2, 3, 4, 5, 6, 7, 8, 9, 10, 11, 12, 13, 15]
2026-05-21 11:39:15 [INFO] 分割完成，检测到 0 个物体
2026-05-21 11:39:15 [INFO] 从分割掩码中提取检测结果
2026-05-21 11:39:15 [INFO] 从掩码中提取了 574 个检测框
2026-05-21 11:39:15 [INFO] 检测到车兜区域，将过滤区域外的目标
2026-05-21 11:39:15 [INFO] 车兜区域过滤: 574 -> 182 个目标
2026-05-21 11:39:16 [INFO] 保存分割和检测结果到: C:\code\show\Scrap_Steel_In_Field\photos\segmentation\segment_20260521_113915.jpg
2026-05-21 11:39:16 [INFO] JSON结果保存到: C:\code\show\Scrap_Steel_In_Field\photos\segmentation_result.json
2026-05-21 11:39:16 [INFO] 类别统计：{1: 404323, 2: 29916, 3: 1260, 4: 5256, 5: 52344, 6: 48420, 7: 28296, 8: 16992, 9: 47012, 10: 83556, 11: 504, 12: 101797, 13: 11823, 15: 14112}
2026-05-21 11:39:16 [INFO] 面积统计：{1: np.float64(404323.0), 2: np.float64(29916.0), 3: np.float64(1260.0), 4: np.float64(5256.0), 5: np.float64(52344.0), 6: np.float64(48420.0), 7: np.float64(28296.0), 8: np.float64(16992.0), 9: np.float64(47012.0), 10: np.float64(83556.0), 11: np.float64(504.0), 12: np.float64(101797.0), 13: np.float64(11823.0), 15: np.float64(14112.0)}
2026-05-21 11:39:16 [INFO] 分割成功
2026-05-21 11:39:16 [INFO] 引擎上下文已释放
2026-05-21 11:39:16 [INFO] TensorRT 引擎已释放
2026-05-21 11:39:16 [INFO] 全局 CUDA 资源已释放
2026-05-21 11:39:16 [INFO] 分割系统资源已释放
2026-05-21 11:39:20 [INFO] CUDA 初始化成功
2026-05-21 11:39:20 [INFO] 引擎加载成功: scrap_steel.engine
2026-05-21 11:39:20 [INFO] 分割系统初始化成功
2026-05-21 11:39:20 [INFO] 图像预处理完成，原始尺寸: (2160, 3840)
2026-05-21 11:39:20 [INFO] 开始执行分割...
2026-05-21 11:39:20 [DEBUG] 处理后的检测结果形状: (1, 8400, 6)
2026-05-21 11:39:20 [DEBUG] 示例检测结果: [[-4.13814926e+00 -3.30161095e+00  3.90373497e+01  1.55938148e+01
   4.07318694e-08  5.00000000e+00]
 [-6.47541428e+00 -3.06106949e+00  4.40635185e+01  2.97629395e+01
   9.53675539e-09  9.00000000e+00]
 [-3.65437317e+00 -3.61046314e+00  4.56278152e+01  3.03417511e+01
   4.15120738e-09  9.00000000e+00]]
2026-05-21 11:39:20 [DEBUG] 处理后检测输出形状: (0, 52)
2026-05-21 11:39:20 [DEBUG] 有效检测数量: 0
2026-05-21 11:39:20 [DEBUG] 检测输出为空
2026-05-21 11:39:20 [INFO] 掩码中检测到的类别: [0, 1, 2, 3, 4, 5, 6, 7, 8, 9, 10, 11, 12, 13, 15]
2026-05-21 11:39:20 [INFO] 分割完成，检测到 0 个物体
2026-05-21 11:39:20 [INFO] 从分割掩码中提取检测结果
2026-05-21 11:39:20 [INFO] 从掩码中提取了 565 个检测框
2026-05-21 11:39:20 [INFO] 检测到车兜区域，将过滤区域外的目标
2026-05-21 11:39:20 [INFO] 车兜区域过滤: 565 -> 189 个目标
2026-05-21 11:39:21 [INFO] 保存分割和检测结果到: C:\code\show\Scrap_Steel_In_Field\photos\segmentation\segment_20260521_113920.jpg
2026-05-21 11:39:21 [INFO] JSON结果保存到: C:\code\show\Scrap_Steel_In_Field\photos\segmentation_result.json
2026-05-21 11:39:21 [INFO] 类别统计：{1: 364386, 2: 34632, 3: 900, 4: 5256, 5: 55836, 6: 47124, 7: 31752, 8: 17424, 9: 42938, 10: 94140, 11: 540, 12: 100052, 13: 10590, 15: 14616}
2026-05-21 11:39:21 [INFO] 面积统计：{1: np.float64(364386.0), 2: np.float64(34632.0), 3: np.float64(900.0), 4: np.float64(5256.0), 5: np.float64(55836.0), 6: np.float64(47124.0), 7: np.float64(31752.0), 8: np.float64(17424.0), 9: np.float64(42938.0), 10: np.float64(94140.0), 11: np.float64(540.0), 12: np.float64(100052.0), 13: np.float64(10590.0), 15: np.float64(14616.0)}
2026-05-21 11:39:21 [INFO] 分割成功
2026-05-21 11:39:21 [INFO] 引擎上下文已释放
2026-05-21 11:39:21 [INFO] TensorRT 引擎已释放
2026-05-21 11:39:21 [INFO] 全局 CUDA 资源已释放
2026-05-21 11:39:21 [INFO] 分割系统资源已释放
2026-05-21 11:39:25 [INFO] CUDA 初始化成功
2026-05-21 11:39:25 [INFO] 引擎加载成功: scrap_steel.engine
2026-05-21 11:39:25 [INFO] 分割系统初始化成功
2026-05-21 11:39:25 [INFO] 图像预处理完成，原始尺寸: (2160, 3840)
2026-05-21 11:39:25 [INFO] 开始执行分割...
2026-05-21 11:39:25 [DEBUG] 处理后的检测结果形状: (1, 8400, 6)
2026-05-21 11:39:25 [DEBUG] 示例检测结果: [[-4.16916656e+00 -3.31910419e+00  3.91221161e+01  1.58067255e+01
   4.07318694e-08  5.00000000e+00]
 [-6.43444824e+00 -3.07153606e+00  4.40796661e+01  2.98993073e+01
   9.35025746e-09  9.00000000e+00]
 [-3.63205719e+00 -3.61089230e+00  4.55969200e+01  3.03894768e+01
   4.05475653e-09  9.00000000e+00]]
2026-05-21 11:39:25 [DEBUG] 处理后检测输出形状: (0, 52)
2026-05-21 11:39:25 [DEBUG] 有效检测数量: 0
2026-05-21 11:39:25 [DEBUG] 检测输出为空
2026-05-21 11:39:25 [INFO] 掩码中检测到的类别: [0, 1, 2, 3, 4, 5, 6, 7, 8, 9, 10, 11, 12, 13, 15]
2026-05-21 11:39:25 [INFO] 分割完成，检测到 0 个物体
2026-05-21 11:39:25 [INFO] 从分割掩码中提取检测结果
2026-05-21 11:39:26 [INFO] 从掩码中提取了 541 个检测框
2026-05-21 11:39:26 [INFO] 检测到车兜区域，将过滤区域外的目标
2026-05-21 11:39:26 [INFO] 车兜区域过滤: 541 -> 185 个目标
2026-05-21 11:39:26 [INFO] 保存分割和检测结果到: C:\code\show\Scrap_Steel_In_Field\photos\segmentation\segment_20260521_113926.jpg
2026-05-21 11:39:26 [INFO] JSON结果保存到: C:\code\show\Scrap_Steel_In_Field\photos\segmentation_result.json
2026-05-21 11:39:26 [INFO] 类别统计：{1: 365681, 2: 32508, 3: 1152, 4: 4824, 5: 54900, 6: 52308, 7: 25380, 8: 20376, 9: 45262, 10: 96012, 11: 1008, 12: 104547, 13: 10500, 15: 14112}
2026-05-21 11:39:26 [INFO] 面积统计：{1: np.float64(365681.0), 2: np.float64(32508.0), 3: np.float64(1152.0), 4: np.float64(4824.0), 5: np.float64(54900.0), 6: np.float64(52308.0), 7: np.float64(25380.0), 8: np.float64(20376.0), 9: np.float64(45262.0), 10: np.float64(96012.0), 11: np.float64(1008.0), 12: np.float64(104547.0), 13: np.float64(10500.0), 15: np.float64(14112.0)}
2026-05-21 11:39:26 [INFO] 分割成功
2026-05-21 11:39:26 [INFO] 引擎上下文已释放
2026-05-21 11:39:26 [INFO] TensorRT 引擎已释放
2026-05-21 11:39:26 [INFO] 全局 CUDA 资源已释放
2026-05-21 11:39:26 [INFO] 分割系统资源已释放
2026-05-21 11:39:30 [INFO] CUDA 初始化成功
2026-05-21 11:39:30 [INFO] 引擎加载成功: scrap_steel.engine
2026-05-21 11:39:30 [INFO] 分割系统初始化成功
2026-05-21 11:39:30 [INFO] 图像预处理完成，原始尺寸: (2160, 3840)
2026-05-21 11:39:30 [INFO] 开始执行分割...
2026-05-21 11:39:30 [DEBUG] 处理后的检测结果形状: (1, 8400, 6)
2026-05-21 11:39:30 [DEBUG] 示例检测结果: [[-4.16583252e+00 -3.32471180e+00  3.90890350e+01  1.57161875e+01
   3.99478637e-08  5.00000000e+00]
 [-6.45431519e+00 -3.06984806e+00  4.40603905e+01  2.99465942e+01
   9.35025746e-09  9.00000000e+00]
 [-3.63479996e+00 -3.62465096e+00  4.56326942e+01  3.04791431e+01
   4.08650891e-09  9.00000000e+00]]
2026-05-21 11:39:30 [DEBUG] 处理后检测输出形状: (0, 52)
2026-05-21 11:39:30 [DEBUG] 有效检测数量: 0
2026-05-21 11:39:30 [DEBUG] 检测输出为空
2026-05-21 11:39:30 [INFO] 掩码中检测到的类别: [0, 1, 2, 3, 4, 5, 6, 7, 8, 9, 10, 11, 12, 13, 15]
2026-05-21 11:39:30 [INFO] 分割完成，检测到 0 个物体
2026-05-21 11:39:30 [INFO] 从分割掩码中提取检测结果
2026-05-21 11:39:31 [INFO] 从掩码中提取了 549 个检测框
2026-05-21 11:39:31 [INFO] 检测到车兜区域，将过滤区域外的目标
2026-05-21 11:39:31 [INFO] 车兜区域过滤: 549 -> 184 个目标
2026-05-21 11:39:31 [INFO] 保存分割和检测结果到: C:\code\show\Scrap_Steel_In_Field\photos\segmentation\segment_20260521_113931.jpg
2026-05-21 11:39:31 [INFO] JSON结果保存到: C:\code\show\Scrap_Steel_In_Field\photos\segmentation_result.json
2026-05-21 11:39:31 [INFO] 类别统计：{1: 402832, 2: 36540, 3: 324, 4: 6948, 5: 57708, 6: 48564, 7: 30168, 8: 17892, 9: 46880, 10: 85932, 11: 1404, 12: 100257, 13: 10559, 15: 14184}
2026-05-21 11:39:31 [INFO] 面积统计：{1: np.float64(402832.0), 2: np.float64(36540.0), 3: np.float64(324.0), 4: np.float64(6948.0), 5: np.float64(57708.0), 6: np.float64(48564.0), 7: np.float64(30168.0), 8: np.float64(17892.0), 9: np.float64(46880.0), 10: np.float64(85932.0), 11: np.float64(1404.0), 12: np.float64(100257.0), 13: np.float64(10559.0), 15: np.float64(14184.0)}
2026-05-21 11:39:31 [INFO] 分割成功
2026-05-21 11:39:31 [INFO] 引擎上下文已释放
2026-05-21 11:39:31 [INFO] TensorRT 引擎已释放
2026-05-21 11:39:31 [INFO] 全局 CUDA 资源已释放
2026-05-21 11:39:31 [INFO] 分割系统资源已释放
2026-05-21 11:39:36 [INFO] CUDA 初始化成功
2026-05-21 11:39:36 [INFO] 引擎加载成功: scrap_steel.engine
2026-05-21 11:39:36 [INFO] 分割系统初始化成功
2026-05-21 11:39:36 [INFO] 图像预处理完成，原始尺寸: (2160, 3840)
2026-05-21 11:39:36 [INFO] 开始执行分割...
2026-05-21 11:39:36 [DEBUG] 处理后的检测结果形状: (1, 8400, 6)
2026-05-21 11:39:36 [DEBUG] 示例检测结果: [[-4.15634537e+00 -3.30999947e+00  3.90140076e+01  1.56518650e+01
   3.97917113e-08  5.00000000e+00]
 [-6.48540878e+00 -3.06968307e+00  4.40253868e+01  2.97795677e+01
   9.32736555e-09  9.00000000e+00]
 [-3.65462494e+00 -3.62658405e+00  4.56182404e+01  3.03481865e+01
   4.11769463e-09  9.00000000e+00]]
2026-05-21 11:39:36 [DEBUG] 处理后检测输出形状: (0, 52)
2026-05-21 11:39:36 [DEBUG] 有效检测数量: 0
2026-05-21 11:39:36 [DEBUG] 检测输出为空
2026-05-21 11:39:36 [INFO] 掩码中检测到的类别: [0, 1, 2, 3, 4, 5, 6, 7, 8, 9, 10, 11, 12, 13, 15]
2026-05-21 11:39:36 [INFO] 分割完成，检测到 0 个物体
2026-05-21 11:39:36 [INFO] 从分割掩码中提取检测结果
2026-05-21 11:39:36 [INFO] 从掩码中提取了 572 个检测框
2026-05-21 11:39:36 [INFO] 检测到车兜区域，将过滤区域外的目标
2026-05-21 11:39:36 [INFO] 车兜区域过滤: 572 -> 183 个目标
2026-05-21 11:39:37 [INFO] 保存分割和检测结果到: C:\code\show\Scrap_Steel_In_Field\photos\segmentation\segment_20260521_113936.jpg
2026-05-21 11:39:37 [INFO] JSON结果保存到: C:\code\show\Scrap_Steel_In_Field\photos\segmentation_result.json
2026-05-21 11:39:37 [INFO] 类别统计：{1: 359516, 2: 31284, 3: 504, 4: 6084, 5: 55152, 6: 55728, 7: 28800, 8: 21816, 9: 43975, 10: 84240, 11: 720, 12: 105103, 13: 10730, 15: 12852}
2026-05-21 11:39:37 [INFO] 面积统计：{1: np.float64(359516.0), 2: np.float64(31284.0), 3: np.float64(504.0), 4: np.float64(6084.0), 5: np.float64(55152.0), 6: np.float64(55728.0), 7: np.float64(28800.0), 8: np.float64(21816.0), 9: np.float64(43975.0), 10: np.float64(84240.0), 11: np.float64(720.0), 12: np.float64(105103.0), 13: np.float64(10730.0), 15: np.float64(12852.0)}
2026-05-21 11:39:37 [INFO] 分割成功
2026-05-21 11:39:37 [INFO] 引擎上下文已释放
2026-05-21 11:39:37 [INFO] TensorRT 引擎已释放
2026-05-21 11:39:37 [INFO] 全局 CUDA 资源已释放
2026-05-21 11:39:37 [INFO] 分割系统资源已释放
2026-05-21 11:39:41 [INFO] CUDA 初始化成功
2026-05-21 11:39:41 [INFO] 引擎加载成功: scrap_steel.engine
2026-05-21 11:39:41 [INFO] 分割系统初始化成功
2026-05-21 11:39:41 [INFO] 图像预处理完成，原始尺寸: (2160, 3840)
2026-05-21 11:39:41 [INFO] 开始执行分割...
2026-05-21 11:39:41 [DEBUG] 处理后的检测结果形状: (1, 8400, 6)
2026-05-21 11:39:41 [DEBUG] 示例检测结果: [[-4.16090012e+00 -3.32622242e+00  3.89518776e+01  1.56408930e+01
   4.01023179e-08  5.00000000e+00]
 [-6.42177963e+00 -3.08612633e+00  4.40003052e+01  2.97985935e+01
   8.99741970e-09  9.00000000e+00]
 [-3.63489151e+00 -3.65820694e+00  4.55927048e+01  3.03681297e+01
   3.97458599e-09  9.00000000e+00]]
2026-05-21 11:39:41 [DEBUG] 处理后检测输出形状: (0, 52)
2026-05-21 11:39:41 [DEBUG] 有效检测数量: 0
2026-05-21 11:39:41 [DEBUG] 检测输出为空
2026-05-21 11:39:41 [INFO] 掩码中检测到的类别: [0, 1, 2, 3, 4, 5, 6, 7, 8, 9, 10, 11, 12, 13, 15]
2026-05-21 11:39:41 [INFO] 分割完成，检测到 0 个物体
2026-05-21 11:39:41 [INFO] 从分割掩码中提取检测结果
2026-05-21 11:39:42 [INFO] 从掩码中提取了 555 个检测框
2026-05-21 11:39:42 [INFO] 检测到车兜区域，将过滤区域外的目标
2026-05-21 11:39:42 [INFO] 车兜区域过滤: 555 -> 193 个目标
2026-05-21 11:39:42 [INFO] 保存分割和检测结果到: C:\code\show\Scrap_Steel_In_Field\photos\segmentation\segment_20260521_113942.jpg
2026-05-21 11:39:42 [INFO] JSON结果保存到: C:\code\show\Scrap_Steel_In_Field\photos\segmentation_result.json
2026-05-21 11:39:42 [INFO] 类别统计：{1: 390196, 2: 32976, 3: 612, 4: 8424, 5: 52992, 6: 47844, 7: 27000, 8: 17532, 9: 49558, 10: 91692, 11: 756, 12: 106658, 13: 9252, 15: 13104}
2026-05-21 11:39:42 [INFO] 面积统计：{1: np.float64(390196.0), 2: np.float64(32976.0), 3: np.float64(612.0), 4: np.float64(8424.0), 5: np.float64(52992.0), 6: np.float64(47844.0), 7: np.float64(27000.0), 8: np.float64(17532.0), 9: np.float64(49558.0), 10: np.float64(91692.0), 11: np.float64(756.0), 12: np.float64(106658.0), 13: np.float64(9252.0), 15: np.float64(13104.0)}
2026-05-21 11:39:42 [INFO] 分割成功
2026-05-21 11:39:42 [INFO] 引擎上下文已释放
2026-05-21 11:39:42 [INFO] TensorRT 引擎已释放
2026-05-21 11:39:42 [INFO] 全局 CUDA 资源已释放
2026-05-21 11:39:42 [INFO] 分割系统资源已释放
2026-05-21 11:39:46 [INFO] CUDA 初始化成功
2026-05-21 11:39:46 [INFO] 引擎加载成功: scrap_steel.engine
2026-05-21 11:39:46 [INFO] 分割系统初始化成功
2026-05-21 11:39:46 [INFO] 图像预处理完成，原始尺寸: (2160, 3840)
2026-05-21 11:39:46 [INFO] 开始执行分割...
2026-05-21 11:39:46 [DEBUG] 处理后的检测结果形状: (1, 8400, 6)
2026-05-21 11:39:46 [DEBUG] 示例检测结果: [[-4.17377853e+00 -3.33688402e+00  3.91312141e+01  1.57978249e+01
   4.01023179e-08  5.00000000e+00]
 [-6.47892761e+00 -3.10165024e+00  4.40488091e+01  2.98567314e+01
   9.29080812e-09  9.00000000e+00]
 [-3.63379669e+00 -3.67267418e+00  4.56316910e+01  3.03645267e+01
   4.05381684e-09  9.00000000e+00]]
2026-05-21 11:39:46 [DEBUG] 处理后检测输出形状: (0, 52)
2026-05-21 11:39:46 [DEBUG] 有效检测数量: 0
2026-05-21 11:39:46 [DEBUG] 检测输出为空
2026-05-21 11:39:46 [INFO] 掩码中检测到的类别: [0, 1, 2, 3, 4, 5, 6, 7, 8, 9, 10, 11, 12, 13, 15]
2026-05-21 11:39:46 [INFO] 分割完成，检测到 0 个物体
2026-05-21 11:39:46 [INFO] 从分割掩码中提取检测结果
2026-05-21 11:39:47 [INFO] 从掩码中提取了 557 个检测框
2026-05-21 11:39:47 [INFO] 检测到车兜区域，将过滤区域外的目标
2026-05-21 11:39:47 [INFO] 车兜区域过滤: 557 -> 183 个目标
2026-05-21 11:39:47 [INFO] 保存分割和检测结果到: C:\code\show\Scrap_Steel_In_Field\photos\segmentation\segment_20260521_113947.jpg
2026-05-21 11:39:47 [INFO] JSON结果保存到: C:\code\show\Scrap_Steel_In_Field\photos\segmentation_result.json
2026-05-21 11:39:47 [INFO] 类别统计：{1: 379288, 2: 30852, 3: 1728, 4: 6624, 5: 57348, 6: 50688, 7: 28944, 8: 17244, 9: 42899, 10: 84852, 11: 648, 12: 89610, 13: 9739, 15: 13320}
2026-05-21 11:39:47 [INFO] 面积统计：{1: np.float64(379288.0), 2: np.float64(30852.0), 3: np.float64(1728.0), 4: np.float64(6624.0), 5: np.float64(57348.0), 6: np.float64(50688.0), 7: np.float64(28944.0), 8: np.float64(17244.0), 9: np.float64(42899.0), 10: np.float64(84852.0), 11: np.float64(648.0), 12: np.float64(89610.0), 13: np.float64(9739.0), 15: np.float64(13320.0)}
2026-05-21 11:39:47 [INFO] 分割成功
2026-05-21 11:39:47 [INFO] 引擎上下文已释放
2026-05-21 11:39:47 [INFO] TensorRT 引擎已释放
2026-05-21 11:39:47 [INFO] 全局 CUDA 资源已释放
2026-05-21 11:39:47 [INFO] 分割系统资源已释放
2026-05-21 11:39:51 [INFO] CUDA 初始化成功
2026-05-21 11:39:51 [INFO] 引擎加载成功: scrap_steel.engine
2026-05-21 11:39:51 [INFO] 分割系统初始化成功
2026-05-21 11:39:51 [INFO] 图像预处理完成，原始尺寸: (2160, 3840)
2026-05-21 11:39:51 [INFO] 开始执行分割...
2026-05-21 11:39:52 [DEBUG] 处理后的检测结果形状: (1, 8400, 6)
2026-05-21 11:39:52 [DEBUG] 示例检测结果: [[-4.14301300e+00 -3.29802465e+00  3.89279404e+01  1.56352558e+01
   4.04170919e-08  5.00000000e+00]
 [-6.43978500e+00 -3.07220840e+00  4.39480896e+01  2.97328339e+01
   9.21856369e-09  9.00000000e+00]
 [-3.65759659e+00 -3.63954258e+00  4.56131020e+01  3.03513374e+01
   4.05381684e-09  9.00000000e+00]]
2026-05-21 11:39:52 [DEBUG] 处理后检测输出形状: (0, 52)
2026-05-21 11:39:52 [DEBUG] 有效检测数量: 0
2026-05-21 11:39:52 [DEBUG] 检测输出为空
2026-05-21 11:39:52 [INFO] 掩码中检测到的类别: [0, 1, 2, 3, 4, 5, 6, 7, 8, 9, 10, 11, 12, 13, 15]
2026-05-21 11:39:52 [INFO] 分割完成，检测到 0 个物体
2026-05-21 11:39:52 [INFO] 从分割掩码中提取检测结果
2026-05-21 11:39:52 [INFO] 从掩码中提取了 559 个检测框
2026-05-21 11:39:52 [INFO] 检测到车兜区域，将过滤区域外的目标
2026-05-21 11:39:52 [INFO] 车兜区域过滤: 559 -> 183 个目标
2026-05-21 11:39:52 [INFO] 保存分割和检测结果到: C:\code\show\Scrap_Steel_In_Field\photos\segmentation\segment_20260521_113952.jpg
2026-05-21 11:39:52 [INFO] JSON结果保存到: C:\code\show\Scrap_Steel_In_Field\photos\segmentation_result.json
2026-05-21 11:39:52 [INFO] 类别统计：{1: 377585, 2: 29484, 3: 864, 4: 4320, 5: 56772, 6: 54504, 7: 26280, 8: 19872, 9: 50847, 10: 96732, 11: 360, 12: 112146, 13: 11256, 15: 10512}
2026-05-21 11:39:52 [INFO] 面积统计：{1: np.float64(377585.0), 2: np.float64(29484.0), 3: np.float64(864.0), 4: np.float64(4320.0), 5: np.float64(56772.0), 6: np.float64(54504.0), 7: np.float64(26280.0), 8: np.float64(19872.0), 9: np.float64(50847.0), 10: np.float64(96732.0), 11: np.float64(360.0), 12: np.float64(112146.0), 13: np.float64(11256.0), 15: np.float64(10512.0)}
2026-05-21 11:39:52 [INFO] 分割成功
2026-05-21 11:39:52 [INFO] 引擎上下文已释放
2026-05-21 11:39:52 [INFO] TensorRT 引擎已释放
2026-05-21 11:39:52 [INFO] 全局 CUDA 资源已释放
2026-05-21 11:39:52 [INFO] 分割系统资源已释放
2026-05-21 11:39:56 [INFO] CUDA 初始化成功
2026-05-21 11:39:56 [INFO] 引擎加载成功: scrap_steel.engine
2026-05-21 11:39:56 [INFO] 分割系统初始化成功
2026-05-21 11:39:56 [INFO] 图像预处理完成，原始尺寸: (2160, 3840)
2026-05-21 11:39:56 [INFO] 开始执行分割...
2026-05-21 11:39:57 [DEBUG] 处理后的检测结果形状: (1, 8400, 6)
2026-05-21 11:39:57 [DEBUG] 示例检测结果: [[-4.10960770e+00 -3.28708029e+00  3.90145187e+01  1.56012974e+01
   4.01023179e-08  5.00000000e+00]
 [-6.42786789e+00 -3.04590702e+00  4.40298958e+01  2.98121376e+01
   9.29080812e-09  9.00000000e+00]
 [-3.63254547e+00 -3.62657833e+00  4.56430435e+01  3.04422531e+01
   4.10183532e-09  9.00000000e+00]]
2026-05-21 11:39:57 [DEBUG] 处理后检测输出形状: (0, 52)
2026-05-21 11:39:57 [DEBUG] 有效检测数量: 0
2026-05-21 11:39:57 [DEBUG] 检测输出为空
2026-05-21 11:39:57 [INFO] 掩码中检测到的类别: [0, 1, 2, 3, 4, 5, 6, 7, 8, 9, 10, 11, 12, 13, 15]
2026-05-21 11:39:57 [INFO] 分割完成，检测到 0 个物体
2026-05-21 11:39:57 [INFO] 从分割掩码中提取检测结果
2026-05-21 11:39:57 [INFO] 从掩码中提取了 560 个检测框
2026-05-21 11:39:57 [INFO] 检测到车兜区域，将过滤区域外的目标
2026-05-21 11:39:57 [INFO] 车兜区域过滤: 560 -> 177 个目标
2026-05-21 11:39:57 [INFO] 保存分割和检测结果到: C:\code\show\Scrap_Steel_In_Field\photos\segmentation\segment_20260521_113957.jpg
2026-05-21 11:39:57 [INFO] JSON结果保存到: C:\code\show\Scrap_Steel_In_Field\photos\segmentation_result.json
2026-05-21 11:39:57 [INFO] 类别统计：{1: 384635, 2: 34776, 3: 1512, 4: 8820, 5: 50688, 6: 48600, 7: 25668, 8: 19440, 9: 50012, 10: 102024, 11: 576, 12: 107676, 13: 9822, 15: 13716}
2026-05-21 11:39:57 [INFO] 面积统计：{1: np.float64(384635.0), 2: np.float64(34776.0), 3: np.float64(1512.0), 4: np.float64(8820.0), 5: np.float64(50688.0), 6: np.float64(48600.0), 7: np.float64(25668.0), 8: np.float64(19440.0), 9: np.float64(50012.0), 10: np.float64(102024.0), 11: np.float64(576.0), 12: np.float64(107676.0), 13: np.float64(9822.0), 15: np.float64(13716.0)}
2026-05-21 11:39:57 [INFO] 分割成功
2026-05-21 11:39:57 [INFO] 引擎上下文已释放
2026-05-21 11:39:57 [INFO] TensorRT 引擎已释放
2026-05-21 11:39:57 [INFO] 全局 CUDA 资源已释放
2026-05-21 11:39:57 [INFO] 分割系统资源已释放
