2026-06-04 18:03:45 [INFO] CUDA 初始化成功
2026-06-04 18:03:45 [INFO] 引擎加载成功: scrap_steel.engine
2026-06-04 18:03:45 [INFO] 分割系统初始化成功
2026-06-04 18:03:48 [INFO] 引擎加载成功: scrap_steel.engine
2026-06-04 18:03:48 [INFO] 分割系统初始化成功
2026-06-04 18:03:48 [INFO] 图像预处理完成，原始尺寸: (2160, 3840)
2026-06-04 18:03:48 [INFO] 开始执行分割...
2026-06-04 18:03:48 [ERROR] 推理过程发生异常: explicit_context_dependent failed: invalid device context - no currently active context?
2026-06-04 18:03:48 [INFO] 分割完成，检测到 0 个物体
2026-06-04 18:03:48 [INFO] 计算出的车框矩形边界: (1025, 621) to (3173, 1518)
2026-06-04 18:03:48 [INFO] 原始检测数: 0, 过滤后检测数: 0
2026-06-04 18:03:48 [ERROR] 保存结果失败: 'NoneType' object has no attribute 'shape'
2026-06-04 18:03:48 [ERROR] 分割失败: 未能生成有效的分割掩码
2026-06-04 18:03:48 [INFO] 引擎上下文已释放
2026-06-04 18:03:48 [INFO] TensorRT 引擎已释放
2026-06-04 18:03:48 [INFO] 全局 CUDA 资源已释放
2026-06-04 18:03:48 [INFO] 分割系统资源已释放
2026-06-04 18:03:53 [INFO] CUDA 初始化成功
2026-06-04 18:03:53 [INFO] 引擎加载成功: scrap_steel.engine
2026-06-04 18:03:53 [INFO] 分割系统初始化成功
2026-06-04 18:03:53 [INFO] 图像预处理完成，原始尺寸: (2160, 3840)
2026-06-04 18:03:53 [INFO] 开始执行分割...
2026-06-04 18:03:53 [DEBUG] 处理后的检测结果形状: (1, 8400, 6)
2026-06-04 18:03:53 [DEBUG] 示例检测结果: [[-4.11007690e+00 -3.26395321e+00  3.93798141e+01  1.53789625e+01
   4.51847271e-08  5.00000000e+00]
 [-6.53242111e+00 -3.02401829e+00  4.46106682e+01  2.98330917e+01
   1.05853246e-08  9.00000000e+00]
 [-3.58422089e+00 -3.48026943e+00  4.59032364e+01  3.04472656e+01
   4.88746466e-09  9.00000000e+00]]
2026-06-04 18:03:53 [DEBUG] 处理后检测输出形状: (0, 52)
2026-06-04 18:03:53 [DEBUG] 有效检测数量: 0
2026-06-04 18:03:53 [DEBUG] 检测输出为空
2026-06-04 18:03:53 [INFO] 掩码中检测到的类别: [0, 1, 2, 3, 4, 5, 6, 7, 8, 9, 10, 11, 12, 13, 15]
2026-06-04 18:03:53 [INFO] 分割完成，检测到 0 个物体
2026-06-04 18:03:53 [INFO] 从分割掩码中提取检测结果
2026-06-04 18:03:53 [INFO] 从掩码中提取了 423 个检测框
2026-06-04 18:03:53 [INFO] 计算出的车框矩形边界: (1025, 621) to (3173, 1518)
2026-06-04 18:03:53 [INFO] 原始检测数: 423, 过滤后检测数: 204
2026-06-04 18:03:54 [INFO] 保存分割和检测结果到: C:\code\show\Scrap_Steel_In_Field\photos\segmentation\segment_20260604_180353.jpg
2026-06-04 18:03:54 [INFO] JSON结果保存到: C:\code\show\Scrap_Steel_In_Field\photos\segmentation_result.json
2026-06-04 18:03:54 [INFO] 类别统计：{0: 13, 1: 38, 2: 21, 3: 3, 4: 25, 5: 31, 6: 23, 7: 26, 8: 41, 9: 53, 10: 22, 11: 15, 12: 22, 13: 75, 14: 0, 15: 15}
2026-06-04 18:03:54 [INFO] 面积统计：{0: 3959100.0, 1: 567432.0, 2: 43596.0, 3: 135360.0, 4: 165852.0, 5: 55116.0, 6: 498600.0, 7: 32004.0, 8: 887148.0, 9: 163440.0, 10: 194436.0, 11: 333828.0, 12: 88848.0, 13: 790020.0, 15: 36252.0}
2026-06-04 18:03:54 [INFO] 分割成功
2026-06-04 18:03:54 [INFO] 引擎上下文已释放
2026-06-04 18:03:54 [INFO] TensorRT 引擎已释放
2026-06-04 18:03:54 [INFO] 全局 CUDA 资源已释放
2026-06-04 18:03:54 [INFO] 分割系统资源已释放
2026-06-04 18:03:58 [INFO] CUDA 初始化成功
2026-06-04 18:03:58 [INFO] 引擎加载成功: scrap_steel.engine
2026-06-04 18:03:58 [INFO] 分割系统初始化成功
2026-06-04 18:03:58 [INFO] 图像预处理完成，原始尺寸: (2160, 3840)
2026-06-04 18:03:58 [INFO] 开始执行分割...
2026-06-04 18:03:58 [DEBUG] 处理后的检测结果形状: (1, 8400, 6)
2026-06-04 18:03:58 [DEBUG] 示例检测结果: [[-4.11087036e+00 -3.28400707e+00  3.94888191e+01  1.55198183e+01
   4.50093367e-08  5.00000000e+00]
 [-6.48001099e+00 -3.01474667e+00  4.46250305e+01  2.98941193e+01
   1.04295133e-08  9.00000000e+00]
 [-3.56060791e+00 -3.49469471e+00  4.59329033e+01  3.05461311e+01
   4.85477258e-09  9.00000000e+00]]
2026-06-04 18:03:58 [DEBUG] 处理后检测输出形状: (0, 52)
2026-06-04 18:03:58 [DEBUG] 有效检测数量: 0
2026-06-04 18:03:58 [DEBUG] 检测输出为空
2026-06-04 18:03:58 [INFO] 掩码中检测到的类别: [0, 1, 2, 3, 4, 5, 6, 7, 8, 9, 10, 11, 12, 13, 14, 15]
2026-06-04 18:03:58 [INFO] 分割完成，检测到 0 个物体
2026-06-04 18:03:58 [INFO] 从分割掩码中提取检测结果
2026-06-04 18:03:58 [INFO] 从掩码中提取了 428 个检测框
2026-06-04 18:03:58 [INFO] 计算出的车框矩形边界: (1025, 621) to (3173, 1518)
2026-06-04 18:03:58 [INFO] 原始检测数: 428, 过滤后检测数: 210
2026-06-04 18:03:59 [INFO] 保存分割和检测结果到: C:\code\show\Scrap_Steel_In_Field\photos\segmentation\segment_20260604_180358.jpg
2026-06-04 18:03:59 [INFO] JSON结果保存到: C:\code\show\Scrap_Steel_In_Field\photos\segmentation_result.json
2026-06-04 18:03:59 [INFO] 类别统计：{0: 15, 1: 42, 2: 25, 3: 7, 4: 27, 5: 33, 6: 25, 7: 22, 8: 40, 9: 52, 10: 24, 11: 18, 12: 23, 13: 58, 14: 0, 15: 17}
2026-06-04 18:03:59 [INFO] 面积统计：{0: 3964320.0, 1: 604044.0, 2: 38664.0, 3: 143352.0, 4: 161244.0, 5: 57240.0, 6: 500904.0, 7: 23220.0, 8: 897480.0, 9: 190332.0, 10: 199332.0, 11: 328968.0, 12: 86580.0, 13: 767340.0, 14: 36.0, 15: 35856.0}
2026-06-04 18:03:59 [INFO] 分割成功
2026-06-04 18:03:59 [INFO] 引擎上下文已释放
2026-06-04 18:03:59 [INFO] TensorRT 引擎已释放
2026-06-04 18:03:59 [INFO] 全局 CUDA 资源已释放
2026-06-04 18:03:59 [INFO] 分割系统资源已释放
2026-06-04 18:04:03 [INFO] CUDA 初始化成功
2026-06-04 18:04:03 [INFO] 引擎加载成功: scrap_steel.engine
2026-06-04 18:04:03 [INFO] 分割系统初始化成功
2026-06-04 18:04:03 [INFO] 图像预处理完成，原始尺寸: (2160, 3840)
2026-06-04 18:04:03 [INFO] 开始执行分割...
2026-06-04 18:04:03 [DEBUG] 处理后的检测结果形状: (1, 8400, 6)
2026-06-04 18:04:03 [DEBUG] 示例检测结果: [[-4.15903473e+00 -3.29690838e+00  3.95032539e+01  1.54945326e+01
   4.53620430e-08  5.00000000e+00]
 [-6.55680084e+00 -3.05126095e+00  4.45334244e+01  2.99035492e+01
   1.06774358e-08  9.00000000e+00]
 [-3.59629440e+00 -3.53799820e+00  4.59157448e+01  3.04908371e+01
   4.81012918e-09  9.00000000e+00]]
2026-06-04 18:04:03 [DEBUG] 处理后检测输出形状: (0, 52)
2026-06-04 18:04:03 [DEBUG] 有效检测数量: 0
2026-06-04 18:04:03 [DEBUG] 检测输出为空
2026-06-04 18:04:03 [INFO] 掩码中检测到的类别: [0, 1, 2, 3, 4, 5, 6, 7, 8, 9, 10, 11, 12, 13, 14, 15]
2026-06-04 18:04:03 [INFO] 分割完成，检测到 0 个物体
2026-06-04 18:04:03 [INFO] 从分割掩码中提取检测结果
2026-06-04 18:04:03 [INFO] 从掩码中提取了 415 个检测框
2026-06-04 18:04:03 [INFO] 计算出的车框矩形边界: (1026, 620) to (3173, 1518)
2026-06-04 18:04:03 [INFO] 原始检测数: 415, 过滤后检测数: 202
2026-06-04 18:04:04 [INFO] 保存分割和检测结果到: C:\code\show\Scrap_Steel_In_Field\photos\segmentation\segment_20260604_180403.jpg
2026-06-04 18:04:04 [INFO] JSON结果保存到: C:\code\show\Scrap_Steel_In_Field\photos\segmentation_result.json
2026-06-04 18:04:04 [INFO] 类别统计：{0: 16, 1: 44, 2: 23, 3: 3, 4: 21, 5: 29, 6: 22, 7: 22, 8: 45, 9: 52, 10: 23, 11: 15, 12: 24, 13: 63, 14: 0, 15: 13}
2026-06-04 18:04:04 [INFO] 面积统计：{0: 3948840.0, 1: 608328.0, 2: 41544.0, 3: 142272.0, 4: 158256.0, 5: 58356.0, 6: 467064.0, 7: 25776.0, 8: 936648.0, 9: 177444.0, 10: 191196.0, 11: 339264.0, 12: 83232.0, 13: 781740.0, 14: 36.0, 15: 37260.0}
2026-06-04 18:04:04 [INFO] 分割成功
2026-06-04 18:04:04 [INFO] 引擎上下文已释放
2026-06-04 18:04:04 [INFO] TensorRT 引擎已释放
2026-06-04 18:04:04 [INFO] 全局 CUDA 资源已释放
2026-06-04 18:04:04 [INFO] 分割系统资源已释放
2026-06-04 18:04:08 [INFO] CUDA 初始化成功
2026-06-04 18:04:08 [INFO] 引擎加载成功: scrap_steel.engine
2026-06-04 18:04:08 [INFO] 分割系统初始化成功
2026-06-04 18:04:08 [INFO] 图像预处理完成，原始尺寸: (2160, 3840)
2026-06-04 18:04:08 [INFO] 开始执行分割...
2026-06-04 18:04:08 [DEBUG] 处理后的检测结果形状: (1, 8400, 6)
2026-06-04 18:04:08 [DEBUG] 示例检测结果: [[-4.15660858e+00 -3.32974815e+00  3.95129013e+01  1.57291031e+01
   4.51597018e-08  5.00000000e+00]
 [-6.49648285e+00 -3.06289673e+00  4.45884438e+01  3.01120300e+01
   1.04383062e-08  9.00000000e+00]
 [-3.54561615e+00 -3.53717804e+00  4.58951721e+01  3.06222000e+01
   4.80573448e-09  9.00000000e+00]]
2026-06-04 18:04:08 [DEBUG] 处理后检测输出形状: (0, 52)
2026-06-04 18:04:08 [DEBUG] 有效检测数量: 0
2026-06-04 18:04:08 [DEBUG] 检测输出为空
2026-06-04 18:04:08 [INFO] 掩码中检测到的类别: [0, 1, 2, 3, 4, 5, 6, 7, 8, 9, 10, 11, 12, 13, 14, 15]
2026-06-04 18:04:08 [INFO] 分割完成，检测到 0 个物体
2026-06-04 18:04:08 [INFO] 从分割掩码中提取检测结果
2026-06-04 18:04:08 [INFO] 从掩码中提取了 423 个检测框
2026-06-04 18:04:08 [INFO] 计算出的车框矩形边界: (1025, 620) to (3174, 1518)
2026-06-04 18:04:08 [INFO] 原始检测数: 423, 过滤后检测数: 199
2026-06-04 18:04:09 [INFO] 保存分割和检测结果到: C:\code\show\Scrap_Steel_In_Field\photos\segmentation\segment_20260604_180408.jpg
2026-06-04 18:04:09 [INFO] JSON结果保存到: C:\code\show\Scrap_Steel_In_Field\photos\segmentation_result.json
2026-06-04 18:04:09 [INFO] 类别统计：{0: 13, 1: 47, 2: 21, 3: 4, 4: 28, 5: 32, 6: 22, 7: 19, 8: 41, 9: 49, 10: 25, 11: 21, 12: 18, 13: 68, 14: 0, 15: 15}
2026-06-04 18:04:09 [INFO] 面积统计：{0: 3979836.0, 1: 599724.0, 2: 42156.0, 3: 144792.0, 4: 165276.0, 5: 54792.0, 6: 495144.0, 7: 22680.0, 8: 917568.0, 9: 183132.0, 10: 187308.0, 11: 326160.0, 12: 80244.0, 13: 775800.0, 14: 36.0, 15: 31248.0}
2026-06-04 18:04:09 [INFO] 分割成功
2026-06-04 18:04:09 [INFO] 引擎上下文已释放
2026-06-04 18:04:09 [INFO] TensorRT 引擎已释放
2026-06-04 18:04:09 [INFO] 全局 CUDA 资源已释放
2026-06-04 18:04:09 [INFO] 分割系统资源已释放
2026-06-04 18:04:14 [INFO] CUDA 初始化成功
2026-06-04 18:04:14 [INFO] 引擎加载成功: scrap_steel.engine
2026-06-04 18:04:14 [INFO] 分割系统初始化成功
2026-06-04 18:04:14 [INFO] 图像预处理完成，原始尺寸: (2160, 3840)
2026-06-04 18:04:14 [INFO] 开始执行分割...
2026-06-04 18:04:14 [DEBUG] 处理后的检测结果形状: (1, 8400, 6)
2026-06-04 18:04:14 [DEBUG] 示例检测结果: [[-4.09339142e+00 -3.26083374e+00  3.94587784e+01  1.54343147e+01
   4.46359891e-08  5.00000000e+00]
 [-6.42282486e+00 -2.99991322e+00  4.46538963e+01  2.99336205e+01
   1.03565796e-08  9.00000000e+00]
 [-3.53475952e+00 -3.47924423e+00  4.59299545e+01  3.06129417e+01
   4.88746466e-09  9.00000000e+00]]
2026-06-04 18:04:14 [DEBUG] 处理后检测输出形状: (0, 52)
2026-06-04 18:04:14 [DEBUG] 有效检测数量: 0
2026-06-04 18:04:14 [DEBUG] 检测输出为空
2026-06-04 18:04:14 [INFO] 掩码中检测到的类别: [0, 1, 2, 3, 4, 5, 6, 7, 8, 9, 10, 11, 12, 13, 14, 15]
2026-06-04 18:04:14 [INFO] 分割完成，检测到 0 个物体
2026-06-04 18:04:14 [INFO] 从分割掩码中提取检测结果
2026-06-04 18:04:14 [INFO] 从掩码中提取了 406 个检测框
2026-06-04 18:04:14 [INFO] 计算出的车框矩形边界: (1025, 620) to (3173, 1518)
2026-06-04 18:04:14 [INFO] 原始检测数: 406, 过滤后检测数: 196
2026-06-04 18:04:14 [INFO] 保存分割和检测结果到: C:\code\show\Scrap_Steel_In_Field\photos\segmentation\segment_20260604_180414.jpg
2026-06-04 18:04:14 [INFO] JSON结果保存到: C:\code\show\Scrap_Steel_In_Field\photos\segmentation_result.json
2026-06-04 18:04:14 [INFO] 类别统计：{0: 13, 1: 46, 2: 21, 3: 3, 4: 24, 5: 28, 6: 22, 7: 22, 8: 43, 9: 45, 10: 23, 11: 17, 12: 21, 13: 64, 14: 0, 15: 14}
2026-06-04 18:04:14 [INFO] 面积统计：{0: 3885192.0, 1: 604224.0, 2: 43056.0, 3: 141912.0, 4: 161676.0, 5: 53064.0, 6: 482688.0, 7: 24336.0, 8: 894960.0, 9: 157752.0, 10: 196920.0, 11: 334440.0, 12: 84672.0, 13: 789552.0, 14: 36.0, 15: 35784.0}
2026-06-04 18:04:14 [INFO] 分割成功
2026-06-04 18:04:14 [INFO] 引擎上下文已释放
2026-06-04 18:04:14 [INFO] TensorRT 引擎已释放
2026-06-04 18:04:14 [INFO] 全局 CUDA 资源已释放
2026-06-04 18:04:14 [INFO] 分割系统资源已释放
2026-06-04 18:04:19 [INFO] CUDA 初始化成功
2026-06-04 18:04:19 [INFO] 引擎加载成功: scrap_steel.engine
2026-06-04 18:04:19 [INFO] 分割系统初始化成功
2026-06-04 18:04:19 [INFO] 图像预处理完成，原始尺寸: (2160, 3840)
2026-06-04 18:04:19 [INFO] 开始执行分割...
2026-06-04 18:04:19 [DEBUG] 处理后的检测结果形状: (1, 8400, 6)
2026-06-04 18:04:19 [DEBUG] 示例检测结果: [[-4.12607193e+00 -3.27315474e+00  3.95984917e+01  1.55738525e+01
   4.34209788e-08  5.00000000e+00]
 [-6.48185349e+00 -3.00306034e+00  4.46543617e+01  2.99121628e+01
   1.04192601e-08  9.00000000e+00]
 [-3.53314209e+00 -3.48403549e+00  4.59443283e+01  3.05211182e+01
   4.80245177e-09  9.00000000e+00]]
2026-06-04 18:04:19 [DEBUG] 处理后检测输出形状: (0, 52)
2026-06-04 18:04:19 [DEBUG] 有效检测数量: 0
2026-06-04 18:04:19 [DEBUG] 检测输出为空
2026-06-04 18:04:19 [INFO] 掩码中检测到的类别: [0, 1, 2, 3, 4, 5, 6, 7, 8, 9, 10, 11, 12, 13, 14, 15]
2026-06-04 18:04:19 [INFO] 分割完成，检测到 0 个物体
2026-06-04 18:04:19 [INFO] 从分割掩码中提取检测结果
2026-06-04 18:04:19 [INFO] 从掩码中提取了 420 个检测框
2026-06-04 18:04:19 [INFO] 计算出的车框矩形边界: (1026, 618) to (3173, 1518)
2026-06-04 18:04:19 [INFO] 原始检测数: 420, 过滤后检测数: 196
2026-06-04 18:04:20 [INFO] 保存分割和检测结果到: C:\code\show\Scrap_Steel_In_Field\photos\segmentation\segment_20260604_180419.jpg
2026-06-04 18:04:20 [INFO] JSON结果保存到: C:\code\show\Scrap_Steel_In_Field\photos\segmentation_result.json
2026-06-04 18:04:20 [INFO] 类别统计：{0: 12, 1: 42, 2: 17, 3: 4, 4: 29, 5: 28, 6: 27, 7: 23, 8: 46, 9: 54, 10: 23, 11: 18, 12: 21, 13: 61, 14: 0, 15: 15}
2026-06-04 18:04:20 [INFO] 面积统计：{0: 3873276.0, 1: 600084.0, 2: 41436.0, 3: 146844.0, 4: 162216.0, 5: 53172.0, 6: 486684.0, 7: 26928.0, 8: 903528.0, 9: 172368.0, 10: 193716.0, 11: 326916.0, 12: 91116.0, 13: 784980.0, 14: 36.0, 15: 36288.0}
2026-06-04 18:04:20 [INFO] 分割成功
2026-06-04 18:04:20 [INFO] 引擎上下文已释放
2026-06-04 18:04:20 [INFO] TensorRT 引擎已释放
2026-06-04 18:04:20 [INFO] 全局 CUDA 资源已释放
2026-06-04 18:04:20 [INFO] 分割系统资源已释放
2026-06-04 18:04:24 [INFO] CUDA 初始化成功
2026-06-04 18:04:24 [INFO] 引擎加载成功: scrap_steel.engine
2026-06-04 18:04:24 [INFO] 分割系统初始化成功
2026-06-04 18:04:24 [INFO] 图像预处理完成，原始尺寸: (2160, 3840)
2026-06-04 18:04:24 [INFO] 开始执行分割...
2026-06-04 18:04:24 [DEBUG] 处理后的检测结果形状: (1, 8400, 6)
2026-06-04 18:04:24 [DEBUG] 示例检测结果: [[-4.06841278e+00 -3.26180792e+00  3.95123749e+01  1.53776455e+01
   4.48358790e-08  5.00000000e+00]
 [-6.46346283e+00 -2.99017525e+00  4.46383667e+01  2.98503170e+01
   1.05941176e-08  9.00000000e+00]
 [-3.56169510e+00 -3.50600243e+00  4.59114647e+01  3.05693455e+01
   4.78719464e-09  9.00000000e+00]]
2026-06-04 18:04:24 [DEBUG] 处理后检测输出形状: (0, 52)
2026-06-04 18:04:24 [DEBUG] 有效检测数量: 0
2026-06-04 18:04:24 [DEBUG] 检测输出为空
2026-06-04 18:04:24 [INFO] 掩码中检测到的类别: [0, 1, 2, 3, 4, 5, 6, 7, 8, 9, 10, 11, 12, 13, 14, 15]
2026-06-04 18:04:24 [INFO] 分割完成，检测到 0 个物体
2026-06-04 18:04:24 [INFO] 从分割掩码中提取检测结果
2026-06-04 18:04:25 [INFO] 从掩码中提取了 410 个检测框
2026-06-04 18:04:25 [INFO] 计算出的车框矩形边界: (1025, 621) to (3173, 1518)
2026-06-04 18:04:25 [INFO] 原始检测数: 410, 过滤后检测数: 210
2026-06-04 18:04:25 [INFO] 保存分割和检测结果到: C:\code\show\Scrap_Steel_In_Field\photos\segmentation\segment_20260604_180425.jpg
2026-06-04 18:04:25 [INFO] JSON结果保存到: C:\code\show\Scrap_Steel_In_Field\photos\segmentation_result.json
2026-06-04 18:04:25 [INFO] 类别统计：{0: 14, 1: 51, 2: 21, 3: 6, 4: 21, 5: 31, 6: 24, 7: 22, 8: 39, 9: 43, 10: 23, 11: 18, 12: 20, 13: 61, 14: 0, 15: 16}
2026-06-04 18:04:25 [INFO] 面积统计：{0: 3967344.0, 1: 602928.0, 2: 42228.0, 3: 141480.0, 4: 164592.0, 5: 51696.0, 6: 488664.0, 7: 30528.0, 8: 908028.0, 9: 174276.0, 10: 194976.0, 11: 328608.0, 12: 85428.0, 13: 793008.0, 14: 36.0, 15: 45540.0}
2026-06-04 18:04:25 [INFO] 分割成功
2026-06-04 18:04:25 [INFO] 引擎上下文已释放
2026-06-04 18:04:25 [INFO] TensorRT 引擎已释放
2026-06-04 18:04:25 [INFO] 全局 CUDA 资源已释放
2026-06-04 18:04:25 [INFO] 分割系统资源已释放
2026-06-04 18:04:29 [INFO] CUDA 初始化成功
2026-06-04 18:04:29 [INFO] 引擎加载成功: scrap_steel.engine
2026-06-04 18:04:29 [INFO] 分割系统初始化成功
2026-06-04 18:04:30 [INFO] 图像预处理完成，原始尺寸: (2160, 3840)
2026-06-04 18:04:30 [INFO] 开始执行分割...
2026-06-04 18:04:30 [DEBUG] 处理后的检测结果形状: (1, 8400, 6)
2026-06-04 18:04:30 [DEBUG] 示例检测结果: [[-4.09794235e+00 -3.25722408e+00  3.94851875e+01  1.53110228e+01
   4.37479777e-08  5.00000000e+00]
 [-6.49325943e+00 -2.99220848e+00  4.45794411e+01  2.97103939e+01
   1.06598463e-08  9.00000000e+00]
 [-3.55412292e+00 -3.45711136e+00  4.59106369e+01  3.04401436e+01
   4.96288521e-09  9.00000000e+00]]
2026-06-04 18:04:30 [DEBUG] 处理后检测输出形状: (0, 52)
2026-06-04 18:04:30 [DEBUG] 有效检测数量: 0
2026-06-04 18:04:30 [DEBUG] 检测输出为空
2026-06-04 18:04:30 [INFO] 掩码中检测到的类别: [0, 1, 2, 3, 4, 5, 6, 7, 8, 9, 10, 11, 12, 13, 14, 15]
2026-06-04 18:04:30 [INFO] 分割完成，检测到 0 个物体
2026-06-04 18:04:30 [INFO] 从分割掩码中提取检测结果
2026-06-04 18:04:30 [INFO] 从掩码中提取了 435 个检测框
2026-06-04 18:04:30 [INFO] 计算出的车框矩形边界: (1025, 619) to (3174, 1518)
2026-06-04 18:04:30 [INFO] 原始检测数: 435, 过滤后检测数: 205
2026-06-04 18:04:30 [INFO] 保存分割和检测结果到: C:\code\show\Scrap_Steel_In_Field\photos\segmentation\segment_20260604_180430.jpg
2026-06-04 18:04:30 [INFO] JSON结果保存到: C:\code\show\Scrap_Steel_In_Field\photos\segmentation_result.json
2026-06-04 18:04:30 [INFO] 类别统计：{0: 17, 1: 43, 2: 22, 3: 3, 4: 26, 5: 35, 6: 22, 7: 23, 8: 44, 9: 56, 10: 24, 11: 17, 12: 21, 13: 66, 14: 0, 15: 16}
2026-06-04 18:04:30 [INFO] 面积统计：{0: 3975624.0, 1: 606996.0, 2: 41292.0, 3: 140004.0, 4: 167112.0, 5: 58968.0, 6: 480888.0, 7: 26784.0, 8: 934992.0, 9: 182772.0, 10: 186408.0, 11: 327528.0, 12: 82044.0, 13: 781344.0, 14: 36.0, 15: 38232.0}
2026-06-04 18:04:30 [INFO] 分割成功
2026-06-04 18:04:30 [INFO] 引擎上下文已释放
2026-06-04 18:04:31 [INFO] TensorRT 引擎已释放
2026-06-04 18:04:31 [INFO] 全局 CUDA 资源已释放
2026-06-04 18:04:31 [INFO] 分割系统资源已释放
2026-06-04 18:04:34 [INFO] CUDA 初始化成功
2026-06-04 18:04:35 [INFO] 引擎加载成功: scrap_steel.engine
2026-06-04 18:04:35 [INFO] 分割系统初始化成功
2026-06-04 18:04:35 [INFO] 图像预处理完成，原始尺寸: (2160, 3840)
2026-06-04 18:04:35 [INFO] 开始执行分割...
2026-06-04 18:04:35 [DEBUG] 处理后的检测结果形状: (1, 8400, 6)
2026-06-04 18:04:35 [DEBUG] 示例检测结果: [[-4.11041260e+00 -3.25210571e+00  3.95410385e+01  1.53754158e+01
   4.48099229e-08  5.00000000e+00]
 [-6.45066452e+00 -2.97938347e+00  4.46798058e+01  2.98536320e+01
   1.05200328e-08  9.00000000e+00]
 [-3.55429459e+00 -3.46516323e+00  4.59571190e+01  3.06088753e+01
   4.93127139e-09  9.00000000e+00]]
2026-06-04 18:04:35 [DEBUG] 处理后检测输出形状: (0, 52)
2026-06-04 18:04:35 [DEBUG] 有效检测数量: 0
2026-06-04 18:04:35 [DEBUG] 检测输出为空
2026-06-04 18:04:35 [INFO] 掩码中检测到的类别: [0, 1, 2, 3, 4, 5, 6, 7, 8, 9, 10, 11, 12, 13, 14, 15]
2026-06-04 18:04:35 [INFO] 分割完成，检测到 0 个物体
2026-06-04 18:04:35 [INFO] 从分割掩码中提取检测结果
2026-06-04 18:04:35 [INFO] 从掩码中提取了 409 个检测框
2026-06-04 18:04:35 [INFO] 计算出的车框矩形边界: (1025, 622) to (3174, 1518)
2026-06-04 18:04:35 [INFO] 原始检测数: 409, 过滤后检测数: 195
2026-06-04 18:04:36 [INFO] 保存分割和检测结果到: C:\code\show\Scrap_Steel_In_Field\photos\segmentation\segment_20260604_180435.jpg
2026-06-04 18:04:36 [INFO] JSON结果保存到: C:\code\show\Scrap_Steel_In_Field\photos\segmentation_result.json
2026-06-04 18:04:36 [INFO] 类别统计：{0: 15, 1: 45, 2: 24, 3: 4, 4: 24, 5: 25, 6: 24, 7: 20, 8: 46, 9: 46, 10: 19, 11: 17, 12: 20, 13: 63, 14: 0, 15: 17}
2026-06-04 18:04:36 [INFO] 面积统计：{0: 3953412.0, 1: 590976.0, 2: 39204.0, 3: 147096.0, 4: 179496.0, 5: 56340.0, 6: 475992.0, 7: 26532.0, 8: 896328.0, 9: 169380.0, 10: 197604.0, 11: 345672.0, 12: 93852.0, 13: 771300.0, 14: 36.0, 15: 34920.0}
2026-06-04 18:04:36 [INFO] 分割成功
2026-06-04 18:04:36 [INFO] 引擎上下文已释放
2026-06-04 18:04:36 [INFO] TensorRT 引擎已释放
2026-06-04 18:04:36 [INFO] 全局 CUDA 资源已释放
2026-06-04 18:04:36 [INFO] 分割系统资源已释放
2026-06-04 18:04:40 [INFO] CUDA 初始化成功
2026-06-04 18:04:40 [INFO] 引擎加载成功: scrap_steel.engine
2026-06-04 18:04:40 [INFO] 分割系统初始化成功
2026-06-04 18:04:40 [INFO] 图像预处理完成，原始尺寸: (2160, 3840)
2026-06-04 18:04:40 [INFO] 开始执行分割...
2026-06-04 18:04:40 [DEBUG] 处理后的检测结果形状: (1, 8400, 6)
2026-06-04 18:04:40 [DEBUG] 示例检测结果: [[-4.07926178e+00 -3.26134396e+00  3.94244194e+01  1.53716497e+01
   4.50093367e-08  5.00000000e+00]
 [-6.44347382e+00 -3.00124836e+00  4.46034927e+01  2.98545227e+01
   1.04706643e-08  9.00000000e+00]
 [-3.53289032e+00 -3.47873211e+00  4.59277077e+01  3.05254211e+01
   4.83604357e-09  9.00000000e+00]]
2026-06-04 18:04:40 [DEBUG] 处理后检测输出形状: (0, 52)
2026-06-04 18:04:40 [DEBUG] 有效检测数量: 0
2026-06-04 18:04:40 [DEBUG] 检测输出为空
2026-06-04 18:04:40 [INFO] 掩码中检测到的类别: [0, 1, 2, 3, 4, 5, 6, 7, 8, 9, 10, 11, 12, 13, 14, 15]
2026-06-04 18:04:40 [INFO] 分割完成，检测到 0 个物体
2026-06-04 18:04:40 [INFO] 从分割掩码中提取检测结果
2026-06-04 18:04:41 [INFO] 从掩码中提取了 449 个检测框
2026-06-04 18:04:41 [INFO] 计算出的车框矩形边界: (1025, 621) to (3173, 1518)
2026-06-04 18:04:41 [INFO] 原始检测数: 449, 过滤后检测数: 224
2026-06-04 18:04:41 [INFO] 保存分割和检测结果到: C:\code\show\Scrap_Steel_In_Field\photos\segmentation\segment_20260604_180441.jpg
2026-06-04 18:04:41 [INFO] JSON结果保存到: C:\code\show\Scrap_Steel_In_Field\photos\segmentation_result.json
2026-06-04 18:04:41 [INFO] 类别统计：{0: 24, 1: 48, 2: 24, 3: 4, 4: 23, 5: 33, 6: 27, 7: 22, 8: 44, 9: 52, 10: 27, 11: 16, 12: 23, 13: 66, 14: 0, 15: 16}
2026-06-04 18:04:41 [INFO] 面积统计：{0: 3881772.0, 1: 590724.0, 2: 41544.0, 3: 141192.0, 4: 179892.0, 5: 60156.0, 6: 493848.0, 7: 28224.0, 8: 913608.0, 9: 170820.0, 10: 180756.0, 11: 335124.0, 12: 92736.0, 13: 758988.0, 14: 36.0, 15: 37584.0}
2026-06-04 18:04:41 [INFO] 分割成功
2026-06-04 18:04:41 [INFO] 引擎上下文已释放
2026-06-04 18:04:41 [INFO] TensorRT 引擎已释放
2026-06-04 18:04:41 [INFO] 全局 CUDA 资源已释放
2026-06-04 18:04:41 [INFO] 分割系统资源已释放
2026-06-04 18:04:45 [INFO] CUDA 初始化成功
2026-06-04 18:04:45 [INFO] 引擎加载成功: scrap_steel.engine
2026-06-04 18:04:45 [INFO] 分割系统初始化成功
2026-06-04 18:04:45 [INFO] 图像预处理完成，原始尺寸: (2160, 3840)
2026-06-04 18:04:45 [INFO] 开始执行分割...
2026-06-04 18:04:45 [DEBUG] 处理后的检测结果形状: (1, 8400, 6)
2026-06-04 18:04:45 [DEBUG] 示例检测结果: [[-4.12336731e+00 -3.29313850e+00  3.94934883e+01  1.55527935e+01
   4.46359891e-08  5.00000000e+00]
 [-6.43726349e+00 -3.01309586e+00  4.45931625e+01  2.99257393e+01
   1.02758619e-08  9.00000000e+00]
 [-3.53922653e+00 -3.50714397e+00  4.59254341e+01  3.05493126e+01
   4.69938755e-09  9.00000000e+00]]
2026-06-04 18:04:45 [DEBUG] 处理后检测输出形状: (0, 52)
2026-06-04 18:04:45 [DEBUG] 有效检测数量: 0
2026-06-04 18:04:45 [DEBUG] 检测输出为空
2026-06-04 18:04:45 [INFO] 掩码中检测到的类别: [0, 1, 2, 3, 4, 5, 6, 7, 8, 9, 10, 11, 12, 13, 14, 15]
2026-06-04 18:04:45 [INFO] 分割完成，检测到 0 个物体
2026-06-04 18:04:45 [INFO] 从分割掩码中提取检测结果
2026-06-04 18:04:45 [INFO] 从掩码中提取了 409 个检测框
2026-06-04 18:04:45 [INFO] 计算出的车框矩形边界: (1026, 621) to (3173, 1518)
2026-06-04 18:04:45 [INFO] 原始检测数: 409, 过滤后检测数: 208
2026-06-04 18:04:46 [INFO] 保存分割和检测结果到: C:\code\show\Scrap_Steel_In_Field\photos\segmentation\segment_20260604_180445.jpg
2026-06-04 18:04:46 [INFO] JSON结果保存到: C:\code\show\Scrap_Steel_In_Field\photos\segmentation_result.json
2026-06-04 18:04:46 [INFO] 类别统计：{0: 9, 1: 44, 2: 25, 3: 5, 4: 30, 5: 31, 6: 25, 7: 21, 8: 41, 9: 45, 10: 24, 11: 19, 12: 20, 13: 53, 14: 0, 15: 17}
2026-06-04 18:04:46 [INFO] 面积统计：{0: 3904236.0, 1: 602100.0, 2: 45324.0, 3: 147096.0, 4: 180180.0, 5: 63360.0, 6: 477540.0, 7: 25884.0, 8: 931248.0, 9: 164016.0, 10: 191232.0, 11: 339156.0, 12: 91116.0, 13: 759168.0, 14: 36.0, 15: 38484.0}
2026-06-04 18:04:46 [INFO] 分割成功
2026-06-04 18:04:46 [INFO] 引擎上下文已释放
2026-06-04 18:04:46 [INFO] TensorRT 引擎已释放
2026-06-04 18:04:46 [INFO] 全局 CUDA 资源已释放
2026-06-04 18:04:46 [INFO] 分割系统资源已释放
2026-06-04 18:04:50 [INFO] CUDA 初始化成功
2026-06-04 18:04:50 [INFO] 引擎加载成功: scrap_steel.engine
2026-06-04 18:04:50 [INFO] 分割系统初始化成功
2026-06-04 18:04:50 [INFO] 图像预处理完成，原始尺寸: (2160, 3840)
2026-06-04 18:04:50 [INFO] 开始执行分割...
2026-06-04 18:04:50 [DEBUG] 处理后的检测结果形状: (1, 8400, 6)
2026-06-04 18:04:50 [DEBUG] 示例检测结果: [[-4.10702896e+00 -3.28117466e+00  3.95443268e+01  1.54326811e+01
   4.70273669e-08  5.00000000e+00]
 [-6.49843979e+00 -3.02525806e+00  4.46990318e+01  2.99653816e+01
   1.05617106e-08  9.00000000e+00]
 [-3.56450653e+00 -3.48919201e+00  4.59163437e+01  3.05978241e+01
   4.87719998e-09  9.00000000e+00]]
2026-06-04 18:04:50 [DEBUG] 处理后检测输出形状: (0, 52)
2026-06-04 18:04:50 [DEBUG] 有效检测数量: 0
2026-06-04 18:04:50 [DEBUG] 检测输出为空
2026-06-04 18:04:50 [INFO] 掩码中检测到的类别: [0, 1, 2, 3, 4, 5, 6, 7, 8, 9, 10, 11, 12, 13, 14, 15]
2026-06-04 18:04:50 [INFO] 分割完成，检测到 0 个物体
2026-06-04 18:04:50 [INFO] 从分割掩码中提取检测结果
2026-06-04 18:04:51 [INFO] 从掩码中提取了 422 个检测框
2026-06-04 18:04:51 [INFO] 计算出的车框矩形边界: (1025, 621) to (3173, 1518)
2026-06-04 18:04:51 [INFO] 原始检测数: 422, 过滤后检测数: 210
2026-06-04 18:04:51 [INFO] 保存分割和检测结果到: C:\code\show\Scrap_Steel_In_Field\photos\segmentation\segment_20260604_180451.jpg
2026-06-04 18:04:51 [INFO] JSON结果保存到: C:\code\show\Scrap_Steel_In_Field\photos\segmentation_result.json
2026-06-04 18:04:51 [INFO] 类别统计：{0: 13, 1: 49, 2: 19, 3: 6, 4: 26, 5: 30, 6: 23, 7: 21, 8: 39, 9: 54, 10: 29, 11: 17, 12: 21, 13: 61, 14: 0, 15: 14}
2026-06-04 18:04:51 [INFO] 面积统计：{0: 3924108.0, 1: 580896.0, 2: 37908.0, 3: 137880.0, 4: 174636.0, 5: 62352.0, 6: 473040.0, 7: 31392.0, 8: 902448.0, 9: 178668.0, 10: 195948.0, 11: 332892.0, 12: 88632.0, 13: 820692.0, 14: 36.0, 15: 45576.0}
2026-06-04 18:04:51 [INFO] 分割成功
2026-06-04 18:04:51 [INFO] 引擎上下文已释放
2026-06-04 18:04:51 [INFO] TensorRT 引擎已释放
2026-06-04 18:04:51 [INFO] 全局 CUDA 资源已释放
2026-06-04 18:04:51 [INFO] 分割系统资源已释放
2026-06-04 18:04:55 [INFO] CUDA 初始化成功
2026-06-04 18:04:55 [INFO] 引擎加载成功: scrap_steel.engine
2026-06-04 18:04:55 [INFO] 分割系统初始化成功
2026-06-04 18:04:55 [INFO] 图像预处理完成，原始尺寸: (2160, 3840)
2026-06-04 18:04:55 [INFO] 开始执行分割...
2026-06-04 18:04:55 [DEBUG] 处理后的检测结果形状: (1, 8400, 6)
2026-06-04 18:04:55 [DEBUG] 示例检测结果: [[-4.10861206e+00 -3.26301765e+00  3.93981476e+01  1.54421215e+01
   4.51847271e-08  5.00000000e+00]
 [-6.49002075e+00 -3.00143719e+00  4.45869522e+01  2.98687057e+01
   1.06267635e-08  9.00000000e+00]
 [-3.53192520e+00 -3.47930336e+00  4.59055786e+01  3.05395336e+01
   4.89249441e-09  9.00000000e+00]]
2026-06-04 18:04:55 [DEBUG] 处理后检测输出形状: (0, 52)
2026-06-04 18:04:55 [DEBUG] 有效检测数量: 0
2026-06-04 18:04:55 [DEBUG] 检测输出为空
2026-06-04 18:04:56 [INFO] 掩码中检测到的类别: [0, 1, 2, 3, 4, 5, 6, 7, 8, 9, 10, 11, 12, 13, 14, 15]
2026-06-04 18:04:56 [INFO] 分割完成，检测到 0 个物体
2026-06-04 18:04:56 [INFO] 从分割掩码中提取检测结果
2026-06-04 18:04:56 [INFO] 从掩码中提取了 424 个检测框
2026-06-04 18:04:56 [INFO] 计算出的车框矩形边界: (1025, 622) to (3173, 1518)
2026-06-04 18:04:56 [INFO] 原始检测数: 424, 过滤后检测数: 200
2026-06-04 18:04:56 [INFO] 保存分割和检测结果到: C:\code\show\Scrap_Steel_In_Field\photos\segmentation\segment_20260604_180456.jpg
2026-06-04 18:04:56 [INFO] JSON结果保存到: C:\code\show\Scrap_Steel_In_Field\photos\segmentation_result.json
2026-06-04 18:04:56 [INFO] 类别统计：{0: 14, 1: 43, 2: 22, 3: 4, 4: 26, 5: 27, 6: 20, 7: 22, 8: 48, 9: 46, 10: 28, 11: 18, 12: 22, 13: 65, 14: 0, 15: 19}
2026-06-04 18:04:56 [INFO] 面积统计：{0: 3935340.0, 1: 614232.0, 2: 43992.0, 3: 140364.0, 4: 168948.0, 5: 54720.0, 6: 502236.0, 7: 26136.0, 8: 923220.0, 9: 166752.0, 10: 199296.0, 11: 329436.0, 12: 84132.0, 13: 767664.0, 14: 36.0, 15: 38592.0}
2026-06-04 18:04:56 [INFO] 分割成功
2026-06-04 18:04:56 [INFO] 引擎上下文已释放
2026-06-04 18:04:56 [INFO] TensorRT 引擎已释放
2026-06-04 18:04:56 [INFO] 全局 CUDA 资源已释放
2026-06-04 18:04:56 [INFO] 分割系统资源已释放
2026-06-04 18:05:00 [INFO] CUDA 初始化成功
2026-06-04 18:05:00 [INFO] 引擎加载成功: scrap_steel.engine
2026-06-04 18:05:00 [INFO] 分割系统初始化成功
2026-06-04 18:05:01 [INFO] 图像预处理完成，原始尺寸: (2160, 3840)
2026-06-04 18:05:01 [INFO] 开始执行分割...
2026-06-04 18:05:01 [DEBUG] 处理后的检测结果形状: (1, 8400, 6)
2026-06-04 18:05:01 [DEBUG] 示例检测结果: [[-4.11049652e+00 -3.26917267e+00  3.93510818e+01  1.54273834e+01
   4.48099229e-08  5.00000000e+00]
 [-6.47712326e+00 -3.03499603e+00  4.45543137e+01  2.98921318e+01
   1.03565796e-08  9.00000000e+00]
 [-3.55649567e+00 -3.48913860e+00  4.58673058e+01  3.05124207e+01
   4.76839368e-09  9.00000000e+00]]
2026-06-04 18:05:01 [DEBUG] 处理后检测输出形状: (0, 52)
2026-06-04 18:05:01 [DEBUG] 有效检测数量: 0
2026-06-04 18:05:01 [DEBUG] 检测输出为空
2026-06-04 18:05:01 [INFO] 掩码中检测到的类别: [0, 1, 2, 3, 4, 5, 6, 7, 8, 9, 10, 11, 12, 13, 14, 15]
2026-06-04 18:05:01 [INFO] 分割完成，检测到 0 个物体
2026-06-04 18:05:01 [INFO] 从分割掩码中提取检测结果
2026-06-04 18:05:01 [INFO] 从掩码中提取了 440 个检测框
2026-06-04 18:05:01 [INFO] 计算出的车框矩形边界: (1025, 621) to (3173, 1518)
2026-06-04 18:05:01 [INFO] 原始检测数: 440, 过滤后检测数: 210
2026-06-04 18:05:01 [INFO] 保存分割和检测结果到: C:\code\show\Scrap_Steel_In_Field\photos\segmentation\segment_20260604_180501.jpg
2026-06-04 18:05:01 [INFO] JSON结果保存到: C:\code\show\Scrap_Steel_In_Field\photos\segmentation_result.json
2026-06-04 18:05:01 [INFO] 类别统计：{0: 12, 1: 47, 2: 23, 3: 3, 4: 23, 5: 30, 6: 24, 7: 23, 8: 43, 9: 49, 10: 31, 11: 20, 12: 22, 13: 76, 14: 0, 15: 14}
2026-06-04 18:05:01 [INFO] 面积统计：{0: 3893076.0, 1: 584352.0, 2: 41256.0, 3: 142056.0, 4: 167256.0, 5: 62352.0, 6: 505152.0, 7: 26532.0, 8: 937584.0, 9: 153936.0, 10: 189396.0, 11: 331848.0, 12: 89424.0, 13: 792036.0, 14: 36.0, 15: 34092.0}
2026-06-04 18:05:01 [INFO] 分割成功
2026-06-04 18:05:01 [INFO] 引擎上下文已释放
2026-06-04 18:05:02 [INFO] TensorRT 引擎已释放
2026-06-04 18:05:02 [INFO] 全局 CUDA 资源已释放
2026-06-04 18:05:02 [INFO] 分割系统资源已释放
2026-06-04 18:05:06 [INFO] CUDA 初始化成功
2026-06-04 18:05:06 [INFO] 引擎加载成功: scrap_steel.engine
2026-06-04 18:05:06 [INFO] 分割系统初始化成功
2026-06-04 18:05:06 [INFO] 图像预处理完成，原始尺寸: (2160, 3840)
2026-06-04 18:05:06 [INFO] 开始执行分割...
2026-06-04 18:05:06 [DEBUG] 处理后的检测结果形状: (1, 8400, 6)
2026-06-04 18:05:06 [DEBUG] 示例检测结果: [[-4.12413406e+00 -3.25223064e+00  3.94317703e+01  1.53677778e+01
   4.42833823e-08  5.00000000e+00]
 [-6.52247238e+00 -3.00117683e+00  4.46068840e+01  2.97775974e+01
   1.05281011e-08  9.00000000e+00]
 [-3.55136490e+00 -3.45281219e+00  4.59143867e+01  3.04524384e+01
   4.84825335e-09  9.00000000e+00]]
2026-06-04 18:05:06 [DEBUG] 处理后检测输出形状: (0, 52)
2026-06-04 18:05:06 [DEBUG] 有效检测数量: 0
2026-06-04 18:05:06 [DEBUG] 检测输出为空
2026-06-04 18:05:06 [INFO] 掩码中检测到的类别: [0, 1, 2, 3, 4, 5, 6, 7, 8, 9, 10, 11, 12, 13, 14, 15]
2026-06-04 18:05:06 [INFO] 分割完成，检测到 0 个物体
2026-06-04 18:05:06 [INFO] 从分割掩码中提取检测结果
2026-06-04 18:05:06 [INFO] 从掩码中提取了 406 个检测框
2026-06-04 18:05:06 [INFO] 计算出的车框矩形边界: (1025, 621) to (3180, 1506)
2026-06-04 18:05:06 [INFO] 原始检测数: 406, 过滤后检测数: 191
2026-06-04 18:05:07 [INFO] 保存分割和检测结果到: C:\code\show\Scrap_Steel_In_Field\photos\segmentation\segment_20260604_180506.jpg
2026-06-04 18:05:07 [INFO] JSON结果保存到: C:\code\show\Scrap_Steel_In_Field\photos\segmentation_result.json
2026-06-04 18:05:07 [INFO] 类别统计：{0: 19, 1: 43, 2: 19, 3: 3, 4: 23, 5: 28, 6: 23, 7: 21, 8: 46, 9: 49, 10: 25, 11: 17, 12: 21, 13: 52, 14: 0, 15: 17}
2026-06-04 18:05:07 [INFO] 面积统计：{0: 3876408.0, 1: 604728.0, 2: 42768.0, 3: 138240.0, 4: 155016.0, 5: 51552.0, 6: 475344.0, 7: 28116.0, 8: 922428.0, 9: 183132.0, 10: 196524.0, 11: 334656.0, 12: 90540.0, 13: 767196.0, 14: 36.0, 15: 36972.0}
2026-06-04 18:05:07 [INFO] 分割成功
2026-06-04 18:05:07 [INFO] 引擎上下文已释放
2026-06-04 18:05:07 [INFO] TensorRT 引擎已释放
2026-06-04 18:05:07 [INFO] 全局 CUDA 资源已释放
2026-06-04 18:05:07 [INFO] 分割系统资源已释放
2026-06-04 18:05:11 [INFO] CUDA 初始化成功
2026-06-04 18:05:11 [INFO] 引擎加载成功: scrap_steel.engine
2026-06-04 18:05:11 [INFO] 分割系统初始化成功
2026-06-04 18:05:11 [INFO] 图像预处理完成，原始尺寸: (2160, 3840)
2026-06-04 18:05:11 [INFO] 开始执行分割...
2026-06-04 18:05:11 [DEBUG] 处理后的检测结果形状: (1, 8400, 6)
2026-06-04 18:05:11 [DEBUG] 示例检测结果: [[-4.12655258e+00 -3.27539778e+00  3.96332321e+01  1.55409431e+01
   4.44639667e-08  5.00000000e+00]
 [-6.48704147e+00 -3.00380898e+00  4.46573677e+01  2.99061871e+01
   1.04383062e-08  9.00000000e+00]
 [-3.54140472e+00 -3.48220062e+00  4.59321747e+01  3.05143509e+01
   4.73595563e-09  9.00000000e+00]]
2026-06-04 18:05:11 [DEBUG] 处理后检测输出形状: (0, 52)
2026-06-04 18:05:11 [DEBUG] 有效检测数量: 0
2026-06-04 18:05:11 [DEBUG] 检测输出为空
2026-06-04 18:05:11 [INFO] 掩码中检测到的类别: [0, 1, 2, 3, 4, 5, 6, 7, 8, 9, 10, 11, 12, 13, 14, 15]
2026-06-04 18:05:11 [INFO] 分割完成，检测到 0 个物体
2026-06-04 18:05:11 [INFO] 从分割掩码中提取检测结果
2026-06-04 18:05:11 [INFO] 从掩码中提取了 511 个检测框
2026-06-04 18:05:11 [INFO] 计算出的车框矩形边界: (1026, 620) to (3173, 1518)
2026-06-04 18:05:11 [INFO] 原始检测数: 511, 过滤后检测数: 217
2026-06-04 18:05:12 [INFO] 保存分割和检测结果到: C:\code\show\Scrap_Steel_In_Field\photos\segmentation\segment_20260604_180511.jpg
2026-06-04 18:05:12 [INFO] JSON结果保存到: C:\code\show\Scrap_Steel_In_Field\photos\segmentation_result.json
2026-06-04 18:05:12 [INFO] 类别统计：{0: 49, 1: 49, 2: 28, 3: 6, 4: 28, 5: 38, 6: 21, 7: 28, 8: 48, 9: 53, 10: 30, 11: 30, 12: 22, 13: 62, 14: 0, 15: 19}
2026-06-04 18:05:12 [INFO] 面积统计：{0: 3372804.0, 1: 935820.0, 2: 72648.0, 3: 135180.0, 4: 155736.0, 5: 104760.0, 6: 508644.0, 7: 37368.0, 8: 938880.0, 9: 172152.0, 10: 196416.0, 11: 350712.0, 12: 86364.0, 13: 769932.0, 14: 36.0, 15: 50724.0}
2026-06-04 18:05:12 [INFO] 分割成功
2026-06-04 18:05:12 [INFO] 引擎上下文已释放
2026-06-04 18:05:12 [INFO] TensorRT 引擎已释放
2026-06-04 18:05:12 [INFO] 全局 CUDA 资源已释放
2026-06-04 18:05:12 [INFO] 分割系统资源已释放
2026-06-04 18:05:16 [INFO] CUDA 初始化成功
2026-06-04 18:05:16 [INFO] 引擎加载成功: scrap_steel.engine
2026-06-04 18:05:16 [INFO] 分割系统初始化成功
2026-06-04 18:05:16 [INFO] 图像预处理完成，原始尺寸: (2160, 3840)
2026-06-04 18:05:16 [INFO] 开始执行分割...
2026-06-04 18:05:16 [DEBUG] 处理后的检测结果形状: (1, 8400, 6)
2026-06-04 18:05:16 [DEBUG] 示例检测结果: [[-4.15435410e+00 -3.32139349e+00  3.95958176e+01  1.57279072e+01
   4.57174139e-08  5.00000000e+00]
 [-6.51184464e+00 -3.05185890e+00  4.46635551e+01  3.00632000e+01
   1.03397610e-08  9.00000000e+00]
 [-3.56420135e+00 -3.50913620e+00  4.59261017e+01  3.05897598e+01
   4.70599559e-09  9.00000000e+00]]
2026-06-04 18:05:16 [DEBUG] 处理后检测输出形状: (0, 52)
2026-06-04 18:05:16 [DEBUG] 有效检测数量: 0
2026-06-04 18:05:16 [DEBUG] 检测输出为空
2026-06-04 18:05:16 [INFO] 掩码中检测到的类别: [0, 1, 2, 3, 4, 5, 6, 7, 8, 9, 10, 11, 12, 13, 14, 15]
2026-06-04 18:05:16 [INFO] 分割完成，检测到 0 个物体
2026-06-04 18:05:16 [INFO] 从分割掩码中提取检测结果
2026-06-04 18:05:17 [INFO] 从掩码中提取了 531 个检测框
2026-06-04 18:05:17 [INFO] 计算出的车框矩形边界: (1025, 622) to (3174, 1518)
2026-06-04 18:05:17 [INFO] 原始检测数: 531, 过滤后检测数: 226
2026-06-04 18:05:17 [INFO] 保存分割和检测结果到: C:\code\show\Scrap_Steel_In_Field\photos\segmentation\segment_20260604_180517.jpg
2026-06-04 18:05:17 [INFO] JSON结果保存到: C:\code\show\Scrap_Steel_In_Field\photos\segmentation_result.json
2026-06-04 18:05:17 [INFO] 类别统计：{0: 53, 1: 50, 2: 29, 3: 10, 4: 27, 5: 39, 6: 24, 7: 30, 8: 54, 9: 60, 10: 29, 11: 19, 12: 18, 13: 68, 14: 0, 15: 21}
2026-06-04 18:05:17 [INFO] 面积统计：{0: 3295440.0, 1: 948204.0, 2: 80028.0, 3: 142308.0, 4: 171180.0, 5: 118836.0, 6: 523692.0, 7: 42948.0, 8: 949680.0, 9: 167868.0, 10: 197676.0, 11: 358920.0, 12: 78912.0, 13: 784476.0, 14: 36.0, 15: 49032.0}
2026-06-04 18:05:17 [INFO] 分割成功
2026-06-04 18:05:17 [INFO] 引擎上下文已释放
2026-06-04 18:05:17 [INFO] TensorRT 引擎已释放
2026-06-04 18:05:17 [INFO] 全局 CUDA 资源已释放
2026-06-04 18:05:17 [INFO] 分割系统资源已释放
2026-06-04 18:05:21 [INFO] CUDA 初始化成功
2026-06-04 18:05:21 [INFO] 引擎加载成功: scrap_steel.engine
2026-06-04 18:05:21 [INFO] 分割系统初始化成功
2026-06-04 18:05:21 [INFO] 图像预处理完成，原始尺寸: (2160, 3840)
2026-06-04 18:05:21 [INFO] 开始执行分割...
2026-06-04 18:05:21 [DEBUG] 处理后的检测结果形状: (1, 8400, 6)
2026-06-04 18:05:21 [DEBUG] 示例检测结果: [[-4.09569168e+00 -3.27103567e+00  3.94441147e+01  1.55448704e+01
   4.62719072e-08  5.00000000e+00]
 [-6.43482590e+00 -3.00205612e+00  4.45987129e+01  3.00355568e+01
   1.05523315e-08  9.00000000e+00]
 [-3.53990936e+00 -3.46255779e+00  4.59212875e+01  3.06371689e+01
   4.79345452e-09  9.00000000e+00]]
2026-06-04 18:05:21 [DEBUG] 处理后检测输出形状: (0, 52)
2026-06-04 18:05:21 [DEBUG] 有效检测数量: 0
2026-06-04 18:05:21 [DEBUG] 检测输出为空
2026-06-04 18:05:21 [INFO] 掩码中检测到的类别: [0, 1, 2, 3, 4, 5, 6, 7, 8, 9, 10, 11, 12, 13, 14, 15]
2026-06-04 18:05:21 [INFO] 分割完成，检测到 0 个物体
2026-06-04 18:05:21 [INFO] 从分割掩码中提取检测结果
2026-06-04 18:05:22 [INFO] 从掩码中提取了 499 个检测框
2026-06-04 18:05:22 [INFO] 计算出的车框矩形边界: (1025, 620) to (3174, 1518)
2026-06-04 18:05:22 [INFO] 原始检测数: 499, 过滤后检测数: 211
2026-06-04 18:05:22 [INFO] 保存分割和检测结果到: C:\code\show\Scrap_Steel_In_Field\photos\segmentation\segment_20260604_180522.jpg
2026-06-04 18:05:22 [INFO] JSON结果保存到: C:\code\show\Scrap_Steel_In_Field\photos\segmentation_result.json
2026-06-04 18:05:22 [INFO] 类别统计：{0: 31, 1: 43, 2: 28, 3: 6, 4: 28, 5: 39, 6: 18, 7: 27, 8: 52, 9: 58, 10: 23, 11: 23, 12: 25, 13: 72, 14: 0, 15: 26}
2026-06-04 18:05:22 [INFO] 面积统计：{0: 3045420.0, 1: 876924.0, 2: 72972.0, 3: 132840.0, 4: 167292.0, 5: 103176.0, 6: 530136.0, 7: 37512.0, 8: 923148.0, 9: 135000.0, 10: 206028.0, 11: 356256.0, 12: 84816.0, 13: 810072.0, 14: 36.0, 15: 55800.0}
2026-06-04 18:05:22 [INFO] 分割成功
2026-06-04 18:05:22 [INFO] 引擎上下文已释放
2026-06-04 18:05:22 [INFO] TensorRT 引擎已释放
2026-06-04 18:05:22 [INFO] 全局 CUDA 资源已释放
2026-06-04 18:05:22 [INFO] 分割系统资源已释放
2026-06-04 18:05:26 [INFO] CUDA 初始化成功
2026-06-04 18:05:26 [INFO] 引擎加载成功: scrap_steel.engine
2026-06-04 18:05:26 [INFO] 分割系统初始化成功
2026-06-04 18:05:27 [INFO] 图像预处理完成，原始尺寸: (2160, 3840)
2026-06-04 18:05:27 [INFO] 开始执行分割...
2026-06-04 18:05:27 [DEBUG] 处理后的检测结果形状: (1, 8400, 6)
2026-06-04 18:05:27 [DEBUG] 示例检测结果: [[-4.12630081e+00 -3.30923271e+00  3.96413536e+01  1.57086048e+01
   4.51847271e-08  5.00000000e+00]
 [-6.47670746e+00 -3.02842808e+00  4.46317368e+01  3.00715027e+01
   1.04706643e-08  9.00000000e+00]
 [-3.52737427e+00 -3.49365616e+00  4.59119148e+01  3.06325111e+01
   4.81705076e-09  9.00000000e+00]]
2026-06-04 18:05:27 [DEBUG] 处理后检测输出形状: (0, 52)
2026-06-04 18:05:27 [DEBUG] 有效检测数量: 0
2026-06-04 18:05:27 [DEBUG] 检测输出为空
2026-06-04 18:05:27 [INFO] 掩码中检测到的类别: [0, 1, 2, 3, 4, 5, 6, 7, 8, 9, 10, 11, 12, 13, 14, 15]
2026-06-04 18:05:27 [INFO] 分割完成，检测到 0 个物体
2026-06-04 18:05:27 [INFO] 从分割掩码中提取检测结果
2026-06-04 18:05:27 [INFO] 从掩码中提取了 515 个检测框
2026-06-04 18:05:27 [INFO] 计算出的车框矩形边界: (1025, 620) to (3174, 1518)
2026-06-04 18:05:27 [INFO] 原始检测数: 515, 过滤后检测数: 226
2026-06-04 18:05:28 [INFO] 保存分割和检测结果到: C:\code\show\Scrap_Steel_In_Field\photos\segmentation\segment_20260604_180527.jpg
2026-06-04 18:05:28 [INFO] JSON结果保存到: C:\code\show\Scrap_Steel_In_Field\photos\segmentation_result.json
2026-06-04 18:05:28 [INFO] 类别统计：{0: 33, 1: 54, 2: 30, 3: 9, 4: 24, 5: 37, 6: 21, 7: 34, 8: 47, 9: 56, 10: 29, 11: 22, 12: 23, 13: 71, 14: 0, 15: 25}
2026-06-04 18:05:28 [INFO] 面积统计：{0: 3055284.0, 1: 888336.0, 2: 72936.0, 3: 151164.0, 4: 176112.0, 5: 97308.0, 6: 510660.0, 7: 50076.0, 8: 943704.0, 9: 155304.0, 10: 198648.0, 11: 349956.0, 12: 106632.0, 13: 761004.0, 14: 36.0, 15: 47448.0}
2026-06-04 18:05:28 [INFO] 分割成功
2026-06-04 18:05:28 [INFO] 引擎上下文已释放
2026-06-04 18:05:28 [INFO] TensorRT 引擎已释放
2026-06-04 18:05:28 [INFO] 全局 CUDA 资源已释放
2026-06-04 18:05:28 [INFO] 分割系统资源已释放
2026-06-04 18:05:32 [INFO] CUDA 初始化成功
2026-06-04 18:05:32 [INFO] 引擎加载成功: scrap_steel.engine
2026-06-04 18:05:32 [INFO] 分割系统初始化成功
2026-06-04 18:05:32 [INFO] 图像预处理完成，原始尺寸: (2160, 3840)
2026-06-04 18:05:32 [INFO] 开始执行分割...
2026-06-04 18:05:32 [DEBUG] 处理后的检测结果形状: (1, 8400, 6)
2026-06-04 18:05:32 [DEBUG] 示例检测结果: [[-4.12413406e+00 -3.27735806e+00  3.95372543e+01  1.55428400e+01
   4.44559412e-08  5.00000000e+00]
 [-6.50988007e+00 -3.01720047e+00  4.46620712e+01  2.99954376e+01
   1.05200328e-08  9.00000000e+00]
 [-3.54711533e+00 -3.46936989e+00  4.59531937e+01  3.05445156e+01
   4.82453544e-09  9.00000000e+00]]
2026-06-04 18:05:32 [DEBUG] 处理后检测输出形状: (0, 52)
2026-06-04 18:05:32 [DEBUG] 有效检测数量: 0
2026-06-04 18:05:32 [DEBUG] 检测输出为空
2026-06-04 18:05:32 [INFO] 掩码中检测到的类别: [0, 1, 2, 3, 4, 5, 6, 7, 8, 9, 10, 11, 12, 13, 14, 15]
2026-06-04 18:05:32 [INFO] 分割完成，检测到 0 个物体
2026-06-04 18:05:32 [INFO] 从分割掩码中提取检测结果
2026-06-04 18:05:32 [INFO] 从掩码中提取了 518 个检测框
2026-06-04 18:05:32 [INFO] 计算出的车框矩形边界: (1024, 621) to (3173, 1518)
2026-06-04 18:05:32 [INFO] 原始检测数: 518, 过滤后检测数: 217
2026-06-04 18:05:33 [INFO] 保存分割和检测结果到: C:\code\show\Scrap_Steel_In_Field\photos\segmentation\segment_20260604_180532.jpg
2026-06-04 18:05:33 [INFO] JSON结果保存到: C:\code\show\Scrap_Steel_In_Field\photos\segmentation_result.json
2026-06-04 18:05:33 [INFO] 类别统计：{0: 34, 1: 51, 2: 27, 3: 6, 4: 27, 5: 47, 6: 22, 7: 34, 8: 51, 9: 62, 10: 24, 11: 22, 12: 22, 13: 65, 14: 0, 15: 24}
2026-06-04 18:05:33 [INFO] 面积统计：{0: 3091968.0, 1: 894996.0, 2: 74520.0, 3: 148500.0, 4: 164448.0, 5: 94500.0, 6: 537156.0, 7: 46368.0, 8: 933660.0, 9: 155124.0, 10: 203544.0, 11: 366120.0, 12: 96768.0, 13: 760680.0, 14: 36.0, 15: 58320.0}
2026-06-04 18:05:33 [INFO] 分割成功
2026-06-04 18:05:33 [INFO] 引擎上下文已释放
2026-06-04 18:05:33 [INFO] TensorRT 引擎已释放
2026-06-04 18:05:33 [INFO] 全局 CUDA 资源已释放
2026-06-04 18:05:33 [INFO] 分割系统资源已释放
2026-06-04 18:05:37 [INFO] CUDA 初始化成功
2026-06-04 18:05:37 [INFO] 引擎加载成功: scrap_steel.engine
2026-06-04 18:05:37 [INFO] 分割系统初始化成功
2026-06-04 18:05:37 [INFO] 图像预处理完成，原始尺寸: (2160, 3840)
2026-06-04 18:05:37 [INFO] 开始执行分割...
2026-06-04 18:05:37 [DEBUG] 处理后的检测结果形状: (1, 8400, 6)
2026-06-04 18:05:37 [DEBUG] 示例检测结果: [[-4.12782288e+00 -3.29789543e+00  3.95428009e+01  1.56064873e+01
   4.48099229e-08  5.00000000e+00]
 [-6.47935104e+00 -3.02666855e+00  4.45319633e+01  2.99678040e+01
   1.04459481e-08  9.00000000e+00]
 [-3.52555084e+00 -3.47147465e+00  4.59041519e+01  3.05218124e+01
   4.81012918e-09  9.00000000e+00]]
2026-06-04 18:05:37 [DEBUG] 处理后检测输出形状: (0, 52)
2026-06-04 18:05:37 [DEBUG] 有效检测数量: 0
2026-06-04 18:05:37 [DEBUG] 检测输出为空
2026-06-04 18:05:37 [INFO] 掩码中检测到的类别: [0, 1, 2, 3, 4, 5, 6, 7, 8, 9, 10, 11, 12, 13, 14, 15]
2026-06-04 18:05:37 [INFO] 分割完成，检测到 0 个物体
2026-06-04 18:05:37 [INFO] 从分割掩码中提取检测结果
2026-06-04 18:05:37 [INFO] 从掩码中提取了 534 个检测框
2026-06-04 18:05:37 [INFO] 计算出的车框矩形边界: (1026, 621) to (3173, 1518)
2026-06-04 18:05:37 [INFO] 原始检测数: 534, 过滤后检测数: 218
2026-06-04 18:05:38 [INFO] 保存分割和检测结果到: C:\code\show\Scrap_Steel_In_Field\photos\segmentation\segment_20260604_180537.jpg
2026-06-04 18:05:38 [INFO] JSON结果保存到: C:\code\show\Scrap_Steel_In_Field\photos\segmentation_result.json
2026-06-04 18:05:38 [INFO] 类别统计：{0: 52, 1: 55, 2: 29, 3: 11, 4: 31, 5: 40, 6: 20, 7: 36, 8: 47, 9: 52, 10: 29, 11: 22, 12: 21, 13: 66, 14: 0, 15: 23}
2026-06-04 18:05:38 [INFO] 面积统计：{0: 3129624.0, 1: 841896.0, 2: 66240.0, 3: 146772.0, 4: 161604.0, 5: 100260.0, 6: 524592.0, 7: 39924.0, 8: 935136.0, 9: 162036.0, 10: 201024.0, 11: 368676.0, 12: 94320.0, 13: 797832.0, 14: 36.0, 15: 50724.0}
2026-06-04 18:05:38 [INFO] 分割成功
2026-06-04 18:05:38 [INFO] 引擎上下文已释放
2026-06-04 18:05:38 [INFO] TensorRT 引擎已释放
2026-06-04 18:05:38 [INFO] 全局 CUDA 资源已释放
2026-06-04 18:05:38 [INFO] 分割系统资源已释放
2026-06-04 18:05:42 [INFO] CUDA 初始化成功
2026-06-04 18:05:42 [INFO] 引擎加载成功: scrap_steel.engine
2026-06-04 18:05:42 [INFO] 分割系统初始化成功
2026-06-04 18:05:42 [INFO] 图像预处理完成，原始尺寸: (2160, 3840)
2026-06-04 18:05:42 [INFO] 开始执行分割...
2026-06-04 18:05:42 [DEBUG] 处理后的检测结果形状: (1, 8400, 6)
2026-06-04 18:05:42 [DEBUG] 示例检测结果: [[-4.15615082e+00 -3.31115627e+00  3.96128845e+01  1.57359343e+01
   4.51847271e-08  5.00000000e+00]
 [-6.53220367e+00 -3.03921700e+00  4.45970879e+01  3.00427456e+01
   1.05438858e-08  9.00000000e+00]
 [-3.55495834e+00 -3.49632359e+00  4.59280701e+01  3.05799065e+01
   4.77985651e-09  9.00000000e+00]]
2026-06-04 18:05:42 [DEBUG] 处理后检测输出形状: (0, 52)
2026-06-04 18:05:42 [DEBUG] 有效检测数量: 0
2026-06-04 18:05:42 [DEBUG] 检测输出为空
2026-06-04 18:05:42 [INFO] 掩码中检测到的类别: [0, 1, 2, 3, 4, 5, 6, 7, 8, 9, 10, 11, 12, 13, 15]
2026-06-04 18:05:42 [INFO] 分割完成，检测到 0 个物体
2026-06-04 18:05:42 [INFO] 从分割掩码中提取检测结果
2026-06-04 18:05:42 [INFO] 从掩码中提取了 519 个检测框
2026-06-04 18:05:42 [INFO] 计算出的车框矩形边界: (1024, 620) to (3174, 1518)
2026-06-04 18:05:42 [INFO] 原始检测数: 519, 过滤后检测数: 213
2026-06-04 18:05:43 [INFO] 保存分割和检测结果到: C:\code\show\Scrap_Steel_In_Field\photos\segmentation\segment_20260604_180542.jpg
2026-06-04 18:05:43 [INFO] JSON结果保存到: C:\code\show\Scrap_Steel_In_Field\photos\segmentation_result.json
2026-06-04 18:05:43 [INFO] 类别统计：{0: 37, 1: 54, 2: 29, 3: 10, 4: 33, 5: 44, 6: 19, 7: 31, 8: 42, 9: 56, 10: 27, 11: 28, 12: 22, 13: 66, 14: 0, 15: 21}
2026-06-04 18:05:43 [INFO] 面积统计：{0: 3134016.0, 1: 829548.0, 2: 62280.0, 3: 142380.0, 4: 163980.0, 5: 93888.0, 6: 542916.0, 7: 45720.0, 8: 936792.0, 9: 162792.0, 10: 203652.0, 11: 366660.0, 12: 98496.0, 13: 815724.0, 15: 47808.0}
2026-06-04 18:05:43 [INFO] 分割成功
2026-06-04 18:05:43 [INFO] 引擎上下文已释放
2026-06-04 18:05:43 [INFO] TensorRT 引擎已释放
2026-06-04 18:05:43 [INFO] 全局 CUDA 资源已释放
2026-06-04 18:05:43 [INFO] 分割系统资源已释放
2026-06-04 18:05:47 [INFO] CUDA 初始化成功
2026-06-04 18:05:47 [INFO] 引擎加载成功: scrap_steel.engine
2026-06-04 18:05:47 [INFO] 分割系统初始化成功
2026-06-04 18:05:47 [INFO] 图像预处理完成，原始尺寸: (2160, 3840)
2026-06-04 18:05:47 [INFO] 开始执行分割...
2026-06-04 18:05:47 [DEBUG] 处理后的检测结果形状: (1, 8400, 6)
2026-06-04 18:05:47 [DEBUG] 示例检测结果: [[-4.12787247e+00 -3.26199150e+00  3.95440903e+01  1.54711838e+01
   4.59135130e-08  5.00000000e+00]
 [-6.48020172e+00 -2.99814987e+00  4.45779533e+01  2.99549980e+01
   1.04205924e-08  9.00000000e+00]
 [-3.56490707e+00 -3.47880363e+00  4.59274139e+01  3.05548992e+01
   4.79345452e-09  9.00000000e+00]]
2026-06-04 18:05:47 [DEBUG] 处理后检测输出形状: (0, 52)
2026-06-04 18:05:47 [DEBUG] 有效检测数量: 0
2026-06-04 18:05:47 [DEBUG] 检测输出为空
2026-06-04 18:05:47 [INFO] 掩码中检测到的类别: [0, 1, 2, 3, 4, 5, 6, 7, 8, 9, 10, 11, 12, 13, 14, 15]
2026-06-04 18:05:47 [INFO] 分割完成，检测到 0 个物体
2026-06-04 18:05:47 [INFO] 从分割掩码中提取检测结果
2026-06-04 18:05:48 [INFO] 从掩码中提取了 539 个检测框
2026-06-04 18:05:48 [INFO] 计算出的车框矩形边界: (1025, 620) to (3173, 1518)
2026-06-04 18:05:48 [INFO] 原始检测数: 539, 过滤后检测数: 223
2026-06-04 18:05:48 [INFO] 保存分割和检测结果到: C:\code\show\Scrap_Steel_In_Field\photos\segmentation\segment_20260604_180548.jpg
2026-06-04 18:05:48 [INFO] JSON结果保存到: C:\code\show\Scrap_Steel_In_Field\photos\segmentation_result.json
2026-06-04 18:05:48 [INFO] 类别统计：{0: 42, 1: 54, 2: 28, 3: 11, 4: 29, 5: 38, 6: 19, 7: 32, 8: 49, 9: 58, 10: 29, 11: 22, 12: 26, 13: 80, 14: 0, 15: 22}
2026-06-04 18:05:48 [INFO] 面积统计：{0: 3019500.0, 1: 879444.0, 2: 60300.0, 3: 135108.0, 4: 165960.0, 5: 95220.0, 6: 543672.0, 7: 35388.0, 8: 919728.0, 9: 143892.0, 10: 207792.0, 11: 351972.0, 12: 102204.0, 13: 784872.0, 14: 36.0, 15: 64224.0}
2026-06-04 18:05:48 [INFO] 分割成功
2026-06-04 18:05:48 [INFO] 引擎上下文已释放
2026-06-04 18:05:48 [INFO] TensorRT 引擎已释放
2026-06-04 18:05:48 [INFO] 全局 CUDA 资源已释放
2026-06-04 18:05:48 [INFO] 分割系统资源已释放
2026-06-04 18:05:52 [INFO] CUDA 初始化成功
2026-06-04 18:05:52 [INFO] 引擎加载成功: scrap_steel.engine
2026-06-04 18:05:52 [INFO] 分割系统初始化成功
2026-06-04 18:05:52 [INFO] 图像预处理完成，原始尺寸: (2160, 3840)
2026-06-04 18:05:52 [INFO] 开始执行分割...
2026-06-04 18:05:52 [DEBUG] 处理后的检测结果形状: (1, 8400, 6)
2026-06-04 18:05:52 [DEBUG] 示例检测结果: [[-4.11149597e+00 -3.28228092e+00  3.94451866e+01  1.54834146e+01
   4.48099229e-08  5.00000000e+00]
 [-6.45323563e+00 -3.02606201e+00  4.46275978e+01  2.98673630e+01
   1.03647970e-08  9.00000000e+00]
 [-3.53884888e+00 -3.50881195e+00  4.59491272e+01  3.06014481e+01
   4.71780126e-09  9.00000000e+00]]
2026-06-04 18:05:52 [DEBUG] 处理后检测输出形状: (0, 52)
2026-06-04 18:05:52 [DEBUG] 有效检测数量: 0
2026-06-04 18:05:52 [DEBUG] 检测输出为空
2026-06-04 18:05:52 [INFO] 掩码中检测到的类别: [0, 1, 2, 3, 4, 5, 6, 7, 8, 9, 10, 11, 12, 13, 15]
2026-06-04 18:05:52 [INFO] 分割完成，检测到 0 个物体
2026-06-04 18:05:52 [INFO] 从分割掩码中提取检测结果
2026-06-04 18:05:53 [INFO] 从掩码中提取了 521 个检测框
2026-06-04 18:05:53 [INFO] 计算出的车框矩形边界: (1026, 618) to (3173, 1518)
2026-06-04 18:05:53 [INFO] 原始检测数: 521, 过滤后检测数: 208
2026-06-04 18:05:53 [INFO] 保存分割和检测结果到: C:\code\show\Scrap_Steel_In_Field\photos\segmentation\segment_20260604_180553.jpg
2026-06-04 18:05:53 [INFO] JSON结果保存到: C:\code\show\Scrap_Steel_In_Field\photos\segmentation_result.json
2026-06-04 18:05:53 [INFO] 类别统计：{0: 15, 1: 55, 2: 30, 3: 12, 4: 30, 5: 45, 6: 21, 7: 34, 8: 54, 9: 55, 10: 29, 11: 23, 12: 24, 13: 74, 14: 0, 15: 20}
2026-06-04 18:05:53 [INFO] 面积统计：{0: 3079656.0, 1: 818388.0, 2: 69840.0, 3: 136872.0, 4: 172224.0, 5: 93528.0, 6: 541980.0, 7: 51876.0, 8: 943956.0, 9: 157032.0, 10: 197424.0, 11: 363672.0, 12: 99180.0, 13: 760500.0, 15: 56592.0}
2026-06-04 18:05:53 [INFO] 分割成功
2026-06-04 18:05:53 [INFO] 引擎上下文已释放
2026-06-04 18:05:53 [INFO] TensorRT 引擎已释放
2026-06-04 18:05:53 [INFO] 全局 CUDA 资源已释放
2026-06-04 18:05:53 [INFO] 分割系统资源已释放
2026-06-04 18:05:57 [INFO] CUDA 初始化成功
2026-06-04 18:05:57 [INFO] 引擎加载成功: scrap_steel.engine
2026-06-04 18:05:57 [INFO] 分割系统初始化成功
2026-06-04 18:05:58 [INFO] 图像预处理完成，原始尺寸: (2160, 3840)
2026-06-04 18:05:58 [INFO] 开始执行分割...
2026-06-04 18:05:58 [DEBUG] 处理后的检测结果形状: (1, 8400, 6)
2026-06-04 18:05:58 [DEBUG] 示例检测结果: [[-4.14271927e+00 -3.30696154e+00  3.95202370e+01  1.56615334e+01
   4.53620430e-08  5.00000000e+00]
 [-6.50680542e+00 -3.04741573e+00  4.46155853e+01  3.00634117e+01
   1.05941176e-08  9.00000000e+00]
 [-3.54944229e+00 -3.53577709e+00  4.59227409e+01  3.05892754e+01
   4.69938755e-09  9.00000000e+00]]
2026-06-04 18:05:58 [DEBUG] 处理后检测输出形状: (0, 52)
2026-06-04 18:05:58 [DEBUG] 有效检测数量: 0
2026-06-04 18:05:58 [DEBUG] 检测输出为空
2026-06-04 18:05:58 [INFO] 掩码中检测到的类别: [0, 1, 2, 3, 4, 5, 6, 7, 8, 9, 10, 11, 12, 13, 14, 15]
2026-06-04 18:05:58 [INFO] 分割完成，检测到 0 个物体
2026-06-04 18:05:58 [INFO] 从分割掩码中提取检测结果
2026-06-04 18:05:58 [INFO] 从掩码中提取了 521 个检测框
2026-06-04 18:05:58 [INFO] 计算出的车框矩形边界: (1025, 620) to (3173, 1518)
2026-06-04 18:05:58 [INFO] 原始检测数: 521, 过滤后检测数: 219
2026-06-04 18:05:59 [INFO] 保存分割和检测结果到: C:\code\show\Scrap_Steel_In_Field\photos\segmentation\segment_20260604_180558.jpg
2026-06-04 18:05:59 [INFO] JSON结果保存到: C:\code\show\Scrap_Steel_In_Field\photos\segmentation_result.json
2026-06-04 18:05:59 [INFO] 类别统计：{0: 33, 1: 46, 2: 30, 3: 11, 4: 30, 5: 38, 6: 19, 7: 33, 8: 43, 9: 71, 10: 31, 11: 24, 12: 22, 13: 69, 14: 0, 15: 21}
2026-06-04 18:05:59 [INFO] 面积统计：{0: 3203316.0, 1: 857736.0, 2: 67032.0, 3: 140436.0, 4: 170244.0, 5: 90504.0, 6: 555660.0, 7: 51156.0, 8: 936108.0, 9: 139536.0, 10: 205596.0, 11: 349164.0, 12: 95148.0, 13: 769716.0, 14: 36.0, 15: 52272.0}
2026-06-04 18:05:59 [INFO] 分割成功
2026-06-04 18:05:59 [INFO] 引擎上下文已释放
2026-06-04 18:05:59 [INFO] TensorRT 引擎已释放
2026-06-04 18:05:59 [INFO] 全局 CUDA 资源已释放
2026-06-04 18:05:59 [INFO] 分割系统资源已释放
2026-06-04 18:06:03 [INFO] CUDA 初始化成功
2026-06-04 18:06:03 [INFO] 引擎加载成功: scrap_steel.engine
2026-06-04 18:06:03 [INFO] 分割系统初始化成功
2026-06-04 18:06:03 [INFO] 图像预处理完成，原始尺寸: (2160, 3840)
2026-06-04 18:06:03 [INFO] 开始执行分割...
2026-06-04 18:06:03 [DEBUG] 处理后的检测结果形状: (1, 8400, 6)
2026-06-04 18:06:03 [DEBUG] 示例检测结果: [[-4.12873840e+00 -3.28491545e+00  3.94012833e+01  1.54937019e+01
   4.55387088e-08  5.00000000e+00]
 [-6.53105545e+00 -3.02603722e+00  4.46411018e+01  2.99132938e+01
   1.05853246e-08  9.00000000e+00]
 [-3.56146240e+00 -3.49453640e+00  4.59512177e+01  3.05557175e+01
   4.84948881e-09  9.00000000e+00]]
2026-06-04 18:06:03 [DEBUG] 处理后检测输出形状: (0, 52)
2026-06-04 18:06:03 [DEBUG] 有效检测数量: 0
2026-06-04 18:06:03 [DEBUG] 检测输出为空
2026-06-04 18:06:03 [INFO] 掩码中检测到的类别: [0, 1, 2, 3, 4, 5, 6, 7, 8, 9, 10, 11, 12, 13, 14, 15]
2026-06-04 18:06:03 [INFO] 分割完成，检测到 0 个物体
2026-06-04 18:06:03 [INFO] 从分割掩码中提取检测结果
2026-06-04 18:06:03 [INFO] 从掩码中提取了 501 个检测框
2026-06-04 18:06:03 [INFO] 计算出的车框矩形边界: (1026, 620) to (3173, 1518)
2026-06-04 18:06:03 [INFO] 原始检测数: 501, 过滤后检测数: 199
2026-06-04 18:06:04 [INFO] 保存分割和检测结果到: C:\code\show\Scrap_Steel_In_Field\photos\segmentation\segment_20260604_180603.jpg
2026-06-04 18:06:04 [INFO] JSON结果保存到: C:\code\show\Scrap_Steel_In_Field\photos\segmentation_result.json
2026-06-04 18:06:04 [INFO] 类别统计：{0: 21, 1: 52, 2: 30, 3: 8, 4: 25, 5: 39, 6: 19, 7: 27, 8: 59, 9: 56, 10: 29, 11: 21, 12: 25, 13: 63, 14: 0, 15: 27}
2026-06-04 18:06:04 [INFO] 面积统计：{0: 3039876.0, 1: 882324.0, 2: 73080.0, 3: 141840.0, 4: 171864.0, 5: 108216.0, 6: 502236.0, 7: 53748.0, 8: 953856.0, 9: 159804.0, 10: 203688.0, 11: 359748.0, 12: 104076.0, 13: 736632.0, 14: 36.0, 15: 42768.0}
2026-06-04 18:06:04 [INFO] 分割成功
2026-06-04 18:06:04 [INFO] 引擎上下文已释放
2026-06-04 18:06:04 [INFO] TensorRT 引擎已释放
2026-06-04 18:06:04 [INFO] 全局 CUDA 资源已释放
2026-06-04 18:06:04 [INFO] 分割系统资源已释放
2026-06-04 18:06:08 [INFO] CUDA 初始化成功
2026-06-04 18:06:08 [INFO] 引擎加载成功: scrap_steel.engine
2026-06-04 18:06:08 [INFO] 分割系统初始化成功
2026-06-04 18:06:08 [INFO] 图像预处理完成，原始尺寸: (2160, 3840)
2026-06-04 18:06:08 [INFO] 开始执行分割...
2026-06-04 18:06:08 [DEBUG] 处理后的检测结果形状: (1, 8400, 6)
2026-06-04 18:06:08 [DEBUG] 示例检测结果: [[-4.12702179e+00 -3.29898643e+00  3.94601860e+01  1.56340103e+01
   4.48099229e-08  5.00000000e+00]
 [-6.50180054e+00 -3.03032112e+00  4.46826782e+01  3.00632954e+01
   1.03565796e-08  9.00000000e+00]
 [-3.53765106e+00 -3.48509979e+00  4.59764023e+01  3.06295319e+01
   4.81705076e-09  9.00000000e+00]]
2026-06-04 18:06:08 [DEBUG] 处理后检测输出形状: (0, 52)
2026-06-04 18:06:08 [DEBUG] 有效检测数量: 0
2026-06-04 18:06:08 [DEBUG] 检测输出为空
2026-06-04 18:06:08 [INFO] 掩码中检测到的类别: [0, 1, 2, 3, 4, 5, 6, 7, 8, 9, 10, 11, 12, 13, 15]
2026-06-04 18:06:08 [INFO] 分割完成，检测到 0 个物体
2026-06-04 18:06:08 [INFO] 从分割掩码中提取检测结果
2026-06-04 18:06:08 [INFO] 从掩码中提取了 538 个检测框
2026-06-04 18:06:08 [INFO] 计算出的车框矩形边界: (1025, 620) to (3173, 1518)
2026-06-04 18:06:08 [INFO] 原始检测数: 538, 过滤后检测数: 234
2026-06-04 18:06:09 [INFO] 保存分割和检测结果到: C:\code\show\Scrap_Steel_In_Field\photos\segmentation\segment_20260604_180608.jpg
2026-06-04 18:06:09 [INFO] JSON结果保存到: C:\code\show\Scrap_Steel_In_Field\photos\segmentation_result.json
2026-06-04 18:06:09 [INFO] 类别统计：{0: 39, 1: 52, 2: 30, 3: 6, 4: 31, 5: 44, 6: 21, 7: 30, 8: 49, 9: 70, 10: 25, 11: 16, 12: 27, 13: 72, 14: 0, 15: 26}
2026-06-04 18:06:09 [INFO] 面积统计：{0: 3121092.0, 1: 901044.0, 2: 73152.0, 3: 134280.0, 4: 164880.0, 5: 100800.0, 6: 546480.0, 7: 48708.0, 8: 943884.0, 9: 177876.0, 10: 204516.0, 11: 363420.0, 12: 98460.0, 13: 755604.0, 15: 44100.0}
2026-06-04 18:06:09 [INFO] 分割成功
2026-06-04 18:06:09 [INFO] 引擎上下文已释放
2026-06-04 18:06:09 [INFO] TensorRT 引擎已释放
2026-06-04 18:06:09 [INFO] 全局 CUDA 资源已释放
2026-06-04 18:06:09 [INFO] 分割系统资源已释放
2026-06-04 18:06:13 [INFO] CUDA 初始化成功
2026-06-04 18:06:13 [INFO] 引擎加载成功: scrap_steel.engine
2026-06-04 18:06:13 [INFO] 分割系统初始化成功
2026-06-04 18:06:13 [INFO] 图像预处理完成，原始尺寸: (2160, 3840)
2026-06-04 18:06:13 [INFO] 开始执行分割...
2026-06-04 18:06:13 [DEBUG] 处理后的检测结果形状: (1, 8400, 6)
2026-06-04 18:06:13 [DEBUG] 示例检测结果: [[-4.12442398e+00 -3.30954123e+00  3.96023293e+01  1.56816540e+01
   4.55387088e-08  5.00000000e+00]
 [-6.50892258e+00 -3.04121113e+00  4.47124062e+01  2.99802094e+01
   1.04205924e-08  9.00000000e+00]
 [-3.54907608e+00 -3.47986794e+00  4.59805222e+01  3.05606365e+01
   4.70599559e-09  9.00000000e+00]]
2026-06-04 18:06:13 [DEBUG] 处理后检测输出形状: (0, 52)
2026-06-04 18:06:13 [DEBUG] 有效检测数量: 0
2026-06-04 18:06:13 [DEBUG] 检测输出为空
2026-06-04 18:06:13 [INFO] 掩码中检测到的类别: [0, 1, 2, 3, 4, 5, 6, 7, 8, 9, 10, 11, 12, 13, 15]
2026-06-04 18:06:13 [INFO] 分割完成，检测到 0 个物体
2026-06-04 18:06:13 [INFO] 从分割掩码中提取检测结果
2026-06-04 18:06:13 [INFO] 从掩码中提取了 519 个检测框
2026-06-04 18:06:13 [INFO] 计算出的车框矩形边界: (1025, 620) to (3173, 1518)
2026-06-04 18:06:13 [INFO] 原始检测数: 519, 过滤后检测数: 231
2026-06-04 18:06:14 [INFO] 保存分割和检测结果到: C:\code\show\Scrap_Steel_In_Field\photos\segmentation\segment_20260604_180613.jpg
2026-06-04 18:06:14 [INFO] JSON结果保存到: C:\code\show\Scrap_Steel_In_Field\photos\segmentation_result.json
2026-06-04 18:06:14 [INFO] 类别统计：{0: 37, 1: 46, 2: 28, 3: 5, 4: 25, 5: 43, 6: 22, 7: 32, 8: 47, 9: 63, 10: 27, 11: 22, 12: 25, 13: 73, 14: 0, 15: 24}
2026-06-04 18:06:14 [INFO] 面积统计：{0: 3033504.0, 1: 946944.0, 2: 71928.0, 3: 141372.0, 4: 156456.0, 5: 97020.0, 6: 488880.0, 7: 55080.0, 8: 930096.0, 9: 169128.0, 10: 211788.0, 11: 359388.0, 12: 105300.0, 13: 733032.0, 15: 52416.0}
2026-06-04 18:06:14 [INFO] 分割成功
2026-06-04 18:06:14 [INFO] 引擎上下文已释放
2026-06-04 18:06:14 [INFO] TensorRT 引擎已释放
2026-06-04 18:06:14 [INFO] 全局 CUDA 资源已释放
2026-06-04 18:06:14 [INFO] 分割系统资源已释放
2026-06-04 18:06:18 [INFO] CUDA 初始化成功
2026-06-04 18:06:18 [INFO] 引擎加载成功: scrap_steel.engine
2026-06-04 18:06:18 [INFO] 分割系统初始化成功
2026-06-04 18:06:18 [INFO] 图像预处理完成，原始尺寸: (2160, 3840)
2026-06-04 18:06:18 [INFO] 开始执行分割...
2026-06-04 18:06:18 [DEBUG] 处理后的检测结果形状: (1, 8400, 6)
2026-06-04 18:06:18 [DEBUG] 示例检测结果: [[-4.06487656e+00 -3.25031662e+00  3.94687538e+01  1.54935932e+01
   4.62719072e-08  5.00000000e+00]
 [-6.42831421e+00 -3.00193310e+00  4.46382828e+01  2.99398308e+01
   1.05936140e-08  9.00000000e+00]
 [-3.52595901e+00 -3.46427250e+00  4.59330330e+01  3.05988274e+01
   4.79345452e-09  9.00000000e+00]]
2026-06-04 18:06:18 [DEBUG] 处理后检测输出形状: (0, 52)
2026-06-04 18:06:18 [DEBUG] 有效检测数量: 0
2026-06-04 18:06:18 [DEBUG] 检测输出为空
2026-06-04 18:06:18 [INFO] 掩码中检测到的类别: [0, 1, 2, 3, 4, 5, 6, 7, 8, 9, 10, 11, 12, 13, 14, 15]
2026-06-04 18:06:18 [INFO] 分割完成，检测到 0 个物体
2026-06-04 18:06:18 [INFO] 从分割掩码中提取检测结果
2026-06-04 18:06:18 [INFO] 从掩码中提取了 507 个检测框
2026-06-04 18:06:18 [INFO] 计算出的车框矩形边界: (1025, 620) to (3174, 1518)
2026-06-04 18:06:18 [INFO] 原始检测数: 507, 过滤后检测数: 201
2026-06-04 18:06:19 [INFO] 保存分割和检测结果到: C:\code\show\Scrap_Steel_In_Field\photos\segmentation\segment_20260604_180618.jpg
2026-06-04 18:06:19 [INFO] JSON结果保存到: C:\code\show\Scrap_Steel_In_Field\photos\segmentation_result.json
2026-06-04 18:06:19 [INFO] 类别统计：{0: 20, 1: 54, 2: 27, 3: 5, 4: 31, 5: 42, 6: 19, 7: 28, 8: 51, 9: 67, 10: 27, 11: 19, 12: 25, 13: 68, 14: 0, 15: 24}
2026-06-04 18:06:19 [INFO] 面积统计：{0: 3093516.0, 1: 860004.0, 2: 72504.0, 3: 134316.0, 4: 167976.0, 5: 98640.0, 6: 506232.0, 7: 48384.0, 8: 943812.0, 9: 164484.0, 10: 199764.0, 11: 354924.0, 12: 116928.0, 13: 722556.0, 14: 36.0, 15: 47628.0}
2026-06-04 18:06:19 [INFO] 分割成功
2026-06-04 18:06:19 [INFO] 引擎上下文已释放
2026-06-04 18:06:19 [INFO] TensorRT 引擎已释放
2026-06-04 18:06:19 [INFO] 全局 CUDA 资源已释放
2026-06-04 18:06:19 [INFO] 分割系统资源已释放
2026-06-04 18:06:23 [INFO] CUDA 初始化成功
2026-06-04 18:06:23 [INFO] 引擎加载成功: scrap_steel.engine
2026-06-04 18:06:23 [INFO] 分割系统初始化成功
2026-06-04 18:06:23 [INFO] 图像预处理完成，原始尺寸: (2160, 3840)
2026-06-04 18:06:23 [INFO] 开始执行分割...
2026-06-04 18:06:23 [DEBUG] 处理后的检测结果形状: (1, 8400, 6)
2026-06-04 18:06:23 [DEBUG] 示例检测结果: [[-4.12433624e+00 -3.29933357e+00  3.95828400e+01  1.56447678e+01
   4.62719072e-08  5.00000000e+00]
 [-6.46567917e+00 -3.01943302e+00  4.47208481e+01  3.00340958e+01
   1.06665476e-08  9.00000000e+00]
 [-3.54084778e+00 -3.48073673e+00  4.59901505e+01  3.06660843e+01
   4.87936980e-09  9.00000000e+00]]
2026-06-04 18:06:23 [DEBUG] 处理后检测输出形状: (0, 52)
2026-06-04 18:06:23 [DEBUG] 有效检测数量: 0
2026-06-04 18:06:23 [DEBUG] 检测输出为空
2026-06-04 18:06:23 [INFO] 掩码中检测到的类别: [0, 1, 2, 3, 4, 5, 6, 7, 8, 9, 10, 11, 12, 13, 14, 15]
2026-06-04 18:06:23 [INFO] 分割完成，检测到 0 个物体
2026-06-04 18:06:23 [INFO] 从分割掩码中提取检测结果
2026-06-04 18:06:24 [INFO] 从掩码中提取了 490 个检测框
2026-06-04 18:06:24 [INFO] 计算出的车框矩形边界: (1025, 621) to (3173, 1518)
2026-06-04 18:06:24 [INFO] 原始检测数: 490, 过滤后检测数: 203
2026-06-04 18:06:24 [INFO] 保存分割和检测结果到: C:\code\show\Scrap_Steel_In_Field\photos\segmentation\segment_20260604_180624.jpg
2026-06-04 18:06:24 [INFO] JSON结果保存到: C:\code\show\Scrap_Steel_In_Field\photos\segmentation_result.json
2026-06-04 18:06:24 [INFO] 类别统计：{0: 18, 1: 53, 2: 25, 3: 8, 4: 24, 5: 40, 6: 21, 7: 29, 8: 53, 9: 53, 10: 27, 11: 18, 12: 28, 13: 74, 14: 0, 15: 19}
2026-06-04 18:06:24 [INFO] 面积统计：{0: 3072924.0, 1: 843912.0, 2: 73440.0, 3: 142236.0, 4: 162504.0, 5: 97776.0, 6: 505512.0, 7: 44604.0, 8: 901548.0, 9: 179892.0, 10: 201924.0, 11: 351072.0, 12: 104976.0, 13: 737388.0, 14: 36.0, 15: 50220.0}
2026-06-04 18:06:24 [INFO] 分割成功
2026-06-04 18:06:24 [INFO] 引擎上下文已释放
2026-06-04 18:06:24 [INFO] TensorRT 引擎已释放
2026-06-04 18:06:24 [INFO] 全局 CUDA 资源已释放
2026-06-04 18:06:24 [INFO] 分割系统资源已释放
2026-06-04 18:06:28 [INFO] CUDA 初始化成功
2026-06-04 18:06:28 [INFO] 引擎加载成功: scrap_steel.engine
2026-06-04 18:06:28 [INFO] 分割系统初始化成功
2026-06-04 18:06:28 [INFO] 图像预处理完成，原始尺寸: (2160, 3840)
2026-06-04 18:06:28 [INFO] 开始执行分割...
2026-06-04 18:06:28 [DEBUG] 处理后的检测结果形状: (1, 8400, 6)
2026-06-04 18:06:28 [DEBUG] 示例检测结果: [[-4.13038635e+00 -3.28858089e+00  3.97155228e+01  1.56021833e+01
   4.44462103e-08  5.00000000e+00]
 [-6.54076004e+00 -3.01835060e+00  4.46076546e+01  2.98762341e+01
   1.04534337e-08  9.00000000e+00]
 [-3.55532837e+00 -3.51093483e+00  4.59667053e+01  3.05630436e+01
   4.79650097e-09  9.00000000e+00]]
2026-06-04 18:06:28 [DEBUG] 处理后检测输出形状: (0, 52)
2026-06-04 18:06:28 [DEBUG] 有效检测数量: 0
2026-06-04 18:06:28 [DEBUG] 检测输出为空
2026-06-04 18:06:28 [INFO] 掩码中检测到的类别: [0, 1, 2, 3, 4, 5, 6, 7, 8, 9, 10, 11, 12, 13, 14, 15]
2026-06-04 18:06:28 [INFO] 分割完成，检测到 0 个物体
2026-06-04 18:06:28 [INFO] 从分割掩码中提取检测结果
2026-06-04 18:06:29 [INFO] 从掩码中提取了 523 个检测框
2026-06-04 18:06:29 [INFO] 计算出的车框矩形边界: (1025, 624) to (3179, 1506)
2026-06-04 18:06:29 [INFO] 原始检测数: 523, 过滤后检测数: 224
2026-06-04 18:06:29 [INFO] 保存分割和检测结果到: C:\code\show\Scrap_Steel_In_Field\photos\segmentation\segment_20260604_180629.jpg
2026-06-04 18:06:29 [INFO] JSON结果保存到: C:\code\show\Scrap_Steel_In_Field\photos\segmentation_result.json
2026-06-04 18:06:29 [INFO] 类别统计：{0: 38, 1: 53, 2: 29, 3: 6, 4: 26, 5: 40, 6: 24, 7: 30, 8: 55, 9: 63, 10: 20, 11: 24, 12: 22, 13: 68, 14: 0, 15: 25}
2026-06-04 18:06:29 [INFO] 面积统计：{0: 3372732.0, 1: 811944.0, 2: 52524.0, 3: 144396.0, 4: 164988.0, 5: 85788.0, 6: 489096.0, 7: 45612.0, 8: 954828.0, 9: 200988.0, 10: 205740.0, 11: 315756.0, 12: 82908.0, 13: 675792.0, 14: 36.0, 15: 47988.0}
2026-06-04 18:06:29 [INFO] 分割成功
2026-06-04 18:06:29 [INFO] 引擎上下文已释放
2026-06-04 18:06:29 [INFO] TensorRT 引擎已释放
2026-06-04 18:06:29 [INFO] 全局 CUDA 资源已释放
2026-06-04 18:06:29 [INFO] 分割系统资源已释放
2026-06-04 18:06:34 [INFO] CUDA 初始化成功
2026-06-04 18:06:34 [INFO] 引擎加载成功: scrap_steel.engine
2026-06-04 18:06:34 [INFO] 分割系统初始化成功
2026-06-04 18:06:34 [INFO] 图像预处理完成，原始尺寸: (2160, 3840)
2026-06-04 18:06:34 [INFO] 开始执行分割...
2026-06-04 18:06:34 [DEBUG] 处理后的检测结果形状: (1, 8400, 6)
2026-06-04 18:06:34 [DEBUG] 示例检测结果: [[-4.10906601e+00 -3.25702286e+00  3.94761581e+01  1.53780708e+01
   4.55387088e-08  5.00000000e+00]
 [-6.45903015e+00 -2.99899960e+00  4.46167946e+01  2.98604736e+01
   1.04205924e-08  9.00000000e+00]
 [-3.52503586e+00 -3.47473526e+00  4.58666077e+01  3.05280380e+01
   4.81204410e-09  9.00000000e+00]]
2026-06-04 18:06:34 [DEBUG] 处理后检测输出形状: (0, 52)
2026-06-04 18:06:34 [DEBUG] 有效检测数量: 0
2026-06-04 18:06:34 [DEBUG] 检测输出为空
2026-06-04 18:06:34 [INFO] 掩码中检测到的类别: [0, 1, 2, 3, 4, 5, 6, 7, 8, 9, 10, 11, 12, 13, 14, 15]
2026-06-04 18:06:34 [INFO] 分割完成，检测到 0 个物体
2026-06-04 18:06:34 [INFO] 从分割掩码中提取检测结果
2026-06-04 18:06:34 [INFO] 从掩码中提取了 505 个检测框
2026-06-04 18:06:34 [INFO] 计算出的车框矩形边界: (1025, 620) to (3174, 1518)
2026-06-04 18:06:34 [INFO] 原始检测数: 505, 过滤后检测数: 217
2026-06-04 18:06:35 [INFO] 保存分割和检测结果到: C:\code\show\Scrap_Steel_In_Field\photos\segmentation\segment_20260604_180634.jpg
2026-06-04 18:06:35 [INFO] JSON结果保存到: C:\code\show\Scrap_Steel_In_Field\photos\segmentation_result.json
2026-06-04 18:06:35 [INFO] 类别统计：{0: 12, 1: 58, 2: 28, 3: 6, 4: 25, 5: 48, 6: 23, 7: 30, 8: 50, 9: 64, 10: 23, 11: 22, 12: 25, 13: 66, 14: 0, 15: 25}
2026-06-04 18:06:35 [INFO] 面积统计：{0: 3410352.0, 1: 797436.0, 2: 55152.0, 3: 141048.0, 4: 189036.0, 5: 82080.0, 6: 482508.0, 7: 43128.0, 8: 935856.0, 9: 169452.0, 10: 197748.0, 11: 311976.0, 12: 79092.0, 13: 726156.0, 14: 36.0, 15: 51840.0}
2026-06-04 18:06:35 [INFO] 分割成功
2026-06-04 18:06:35 [INFO] 引擎上下文已释放
2026-06-04 18:06:35 [INFO] TensorRT 引擎已释放
2026-06-04 18:06:35 [INFO] 全局 CUDA 资源已释放
2026-06-04 18:06:35 [INFO] 分割系统资源已释放
2026-06-04 18:06:39 [INFO] CUDA 初始化成功
2026-06-04 18:06:39 [INFO] 引擎加载成功: scrap_steel.engine
2026-06-04 18:06:39 [INFO] 分割系统初始化成功
2026-06-04 18:06:39 [INFO] 图像预处理完成，原始尺寸: (2160, 3840)
2026-06-04 18:06:39 [INFO] 开始执行分割...
2026-06-04 18:06:39 [DEBUG] 处理后的检测结果形状: (1, 8400, 6)
2026-06-04 18:06:39 [DEBUG] 示例检测结果: [[-4.12759399e+00 -3.28761435e+00  3.95401535e+01  1.54914188e+01
   4.35902834e-08  5.00000000e+00]
 [-6.46940994e+00 -3.01595497e+00  4.45635681e+01  2.98784199e+01
   1.04459481e-08  9.00000000e+00]
 [-3.52894592e+00 -3.48239326e+00  4.58811722e+01  3.05130939e+01
   4.79650097e-09  9.00000000e+00]]
2026-06-04 18:06:39 [DEBUG] 处理后检测输出形状: (0, 52)
2026-06-04 18:06:39 [DEBUG] 有效检测数量: 0
2026-06-04 18:06:39 [DEBUG] 检测输出为空
2026-06-04 18:06:39 [INFO] 掩码中检测到的类别: [0, 1, 2, 3, 4, 5, 6, 7, 8, 9, 10, 11, 12, 13, 14, 15]
2026-06-04 18:06:39 [INFO] 分割完成，检测到 0 个物体
2026-06-04 18:06:39 [INFO] 从分割掩码中提取检测结果
2026-06-04 18:06:40 [INFO] 从掩码中提取了 501 个检测框
2026-06-04 18:06:40 [INFO] 计算出的车框矩形边界: (1025, 621) to (3174, 1518)
2026-06-04 18:06:40 [INFO] 原始检测数: 501, 过滤后检测数: 211
2026-06-04 18:06:41 [INFO] 保存分割和检测结果到: C:\code\show\Scrap_Steel_In_Field\photos\segmentation\segment_20260604_180640.jpg
2026-06-04 18:06:41 [INFO] JSON结果保存到: C:\code\show\Scrap_Steel_In_Field\photos\segmentation_result.json
2026-06-04 18:06:41 [INFO] 类别统计：{0: 7, 1: 60, 2: 30, 3: 5, 4: 30, 5: 41, 6: 24, 7: 31, 8: 47, 9: 65, 10: 28, 11: 26, 12: 21, 13: 62, 14: 0, 15: 24}
2026-06-04 18:06:41 [INFO] 面积统计：{0: 3332448.0, 1: 805932.0, 2: 57564.0, 3: 151488.0, 4: 190044.0, 5: 85320.0, 6: 471852.0, 7: 47412.0, 8: 908532.0, 9: 166860.0, 10: 203328.0, 11: 311796.0, 12: 85680.0, 13: 728568.0, 14: 36.0, 15: 49788.0}
2026-06-04 18:06:41 [INFO] 分割成功
2026-06-04 18:06:41 [INFO] 引擎上下文已释放
2026-06-04 18:06:41 [INFO] TensorRT 引擎已释放
2026-06-04 18:06:41 [INFO] 全局 CUDA 资源已释放
2026-06-04 18:06:41 [INFO] 分割系统资源已释放
2026-06-04 18:06:44 [INFO] CUDA 初始化成功
2026-06-04 18:06:44 [INFO] 引擎加载成功: scrap_steel.engine
2026-06-04 18:06:44 [INFO] 分割系统初始化成功
2026-06-04 18:06:44 [INFO] 图像预处理完成，原始尺寸: (2160, 3840)
2026-06-04 18:06:44 [INFO] 开始执行分割...
2026-06-04 18:06:44 [DEBUG] 处理后的检测结果形状: (1, 8400, 6)
2026-06-04 18:06:44 [DEBUG] 示例检测结果: [[-4.13751221e+00 -3.28650284e+00  3.95440407e+01  1.54644489e+01
   4.51847271e-08  5.00000000e+00]
 [-6.48783875e+00 -3.03846169e+00  4.45850677e+01  2.98996563e+01
   1.05024469e-08  9.00000000e+00]
 [-3.56781006e+00 -3.50970078e+00  4.59235382e+01  3.04776917e+01
   4.81705076e-09  9.00000000e+00]]
2026-06-04 18:06:44 [DEBUG] 处理后检测输出形状: (0, 52)
2026-06-04 18:06:44 [DEBUG] 有效检测数量: 0
2026-06-04 18:06:44 [DEBUG] 检测输出为空
2026-06-04 18:06:44 [INFO] 掩码中检测到的类别: [0, 1, 2, 3, 4, 5, 6, 7, 8, 9, 10, 11, 12, 13, 14, 15]
2026-06-04 18:06:44 [INFO] 分割完成，检测到 0 个物体
2026-06-04 18:06:44 [INFO] 从分割掩码中提取检测结果
2026-06-04 18:06:45 [INFO] 从掩码中提取了 499 个检测框
2026-06-04 18:06:45 [INFO] 计算出的车框矩形边界: (1025, 618) to (3173, 1518)
2026-06-04 18:06:45 [INFO] 原始检测数: 499, 过滤后检测数: 206
2026-06-04 18:06:45 [INFO] 保存分割和检测结果到: C:\code\show\Scrap_Steel_In_Field\photos\segmentation\segment_20260604_180645.jpg
2026-06-04 18:06:45 [INFO] JSON结果保存到: C:\code\show\Scrap_Steel_In_Field\photos\segmentation_result.json
2026-06-04 18:06:45 [INFO] 类别统计：{0: 14, 1: 56, 2: 29, 3: 5, 4: 34, 5: 38, 6: 21, 7: 27, 8: 43, 9: 62, 10: 24, 11: 26, 12: 20, 13: 73, 14: 0, 15: 27}
2026-06-04 18:06:45 [INFO] 面积统计：{0: 3396024.0, 1: 774180.0, 2: 57528.0, 3: 146880.0, 4: 186084.0, 5: 73728.0, 6: 458964.0, 7: 44820.0, 8: 941148.0, 9: 160956.0, 10: 194724.0, 11: 311328.0, 12: 85788.0, 13: 716436.0, 14: 36.0, 15: 73836.0}
2026-06-04 18:06:45 [INFO] 分割成功
2026-06-04 18:06:45 [INFO] 引擎上下文已释放
2026-06-04 18:06:45 [INFO] TensorRT 引擎已释放
2026-06-04 18:06:45 [INFO] 全局 CUDA 资源已释放
2026-06-04 18:06:45 [INFO] 分割系统资源已释放
2026-06-04 18:06:49 [INFO] CUDA 初始化成功
2026-06-04 18:06:49 [INFO] 引擎加载成功: scrap_steel.engine
2026-06-04 18:06:49 [INFO] 分割系统初始化成功
2026-06-04 18:06:49 [INFO] 图像预处理完成，原始尺寸: (2160, 3840)
2026-06-04 18:06:49 [INFO] 开始执行分割...
2026-06-04 18:06:49 [DEBUG] 处理后的检测结果形状: (1, 8400, 6)
2026-06-04 18:06:49 [DEBUG] 示例检测结果: [[-4.12652969e+00 -3.31636000e+00  3.93581581e+01  1.55619736e+01
   4.53620430e-08  5.00000000e+00]
 [-6.51427078e+00 -3.07157993e+00  4.44886665e+01  2.99729309e+01
   1.03565796e-08  9.00000000e+00]
 [-3.59301758e+00 -3.57732010e+00  4.58823700e+01  3.05251312e+01
   4.71329642e-09  9.00000000e+00]]
2026-06-04 18:06:49 [DEBUG] 处理后检测输出形状: (0, 52)
2026-06-04 18:06:49 [DEBUG] 有效检测数量: 0
2026-06-04 18:06:49 [DEBUG] 检测输出为空
2026-06-04 18:06:49 [INFO] 掩码中检测到的类别: [0, 1, 2, 3, 4, 5, 6, 7, 8, 9, 10, 11, 12, 13, 14, 15]
2026-06-04 18:06:49 [INFO] 分割完成，检测到 0 个物体
2026-06-04 18:06:49 [INFO] 从分割掩码中提取检测结果
2026-06-04 18:06:50 [INFO] 从掩码中提取了 525 个检测框
2026-06-04 18:06:50 [INFO] 计算出的车框矩形边界: (1025, 620) to (3174, 1518)
2026-06-04 18:06:50 [INFO] 原始检测数: 525, 过滤后检测数: 208
2026-06-04 18:06:50 [INFO] 保存分割和检测结果到: C:\code\show\Scrap_Steel_In_Field\photos\segmentation\segment_20260604_180650.jpg
2026-06-04 18:06:50 [INFO] JSON结果保存到: C:\code\show\Scrap_Steel_In_Field\photos\segmentation_result.json
2026-06-04 18:06:50 [INFO] 类别统计：{0: 18, 1: 57, 2: 29, 3: 4, 4: 30, 5: 39, 6: 24, 7: 27, 8: 48, 9: 66, 10: 33, 11: 27, 12: 20, 13: 83, 14: 0, 15: 20}
2026-06-04 18:06:50 [INFO] 面积统计：{0: 3371112.0, 1: 773136.0, 2: 52776.0, 3: 134784.0, 4: 185976.0, 5: 74520.0, 6: 478800.0, 7: 40284.0, 8: 977940.0, 9: 168624.0, 10: 208332.0, 11: 301968.0, 12: 84168.0, 13: 755640.0, 14: 36.0, 15: 68364.0}
2026-06-04 18:06:50 [INFO] 分割成功
2026-06-04 18:06:50 [INFO] 引擎上下文已释放
2026-06-04 18:06:50 [INFO] TensorRT 引擎已释放
2026-06-04 18:06:50 [INFO] 全局 CUDA 资源已释放
2026-06-04 18:06:50 [INFO] 分割系统资源已释放
2026-06-04 18:06:55 [INFO] CUDA 初始化成功
2026-06-04 18:06:55 [INFO] 引擎加载成功: scrap_steel.engine
2026-06-04 18:06:55 [INFO] 分割系统初始化成功
2026-06-04 18:06:55 [INFO] 图像预处理完成，原始尺寸: (2160, 3840)
2026-06-04 18:06:55 [INFO] 开始执行分割...
2026-06-04 18:06:55 [DEBUG] 处理后的检测结果形状: (1, 8400, 6)
2026-06-04 18:06:55 [DEBUG] 示例检测结果: [[-4.14233017e+00 -3.28360415e+00  3.94146957e+01  1.54677963e+01
   4.48099229e-08  5.00000000e+00]
 [-6.48437119e+00 -3.02720070e+00  4.45698586e+01  2.98666210e+01
   1.02836459e-08  9.00000000e+00]
 [-3.54655457e+00 -3.49193764e+00  4.58878937e+01  3.05070362e+01
   4.76839368e-09  9.00000000e+00]]
2026-06-04 18:06:55 [DEBUG] 处理后检测输出形状: (0, 52)
2026-06-04 18:06:55 [DEBUG] 有效检测数量: 0
2026-06-04 18:06:55 [DEBUG] 检测输出为空
2026-06-04 18:06:55 [INFO] 掩码中检测到的类别: [0, 1, 2, 3, 4, 5, 6, 7, 8, 9, 10, 11, 12, 13, 15]
2026-06-04 18:06:55 [INFO] 分割完成，检测到 0 个物体
2026-06-04 18:06:55 [INFO] 从分割掩码中提取检测结果
2026-06-04 18:06:55 [INFO] 从掩码中提取了 534 个检测框
2026-06-04 18:06:55 [INFO] 计算出的车框矩形边界: (1024, 620) to (3174, 1518)
2026-06-04 18:06:55 [INFO] 原始检测数: 534, 过滤后检测数: 232
2026-06-04 18:06:56 [INFO] 保存分割和检测结果到: C:\code\show\Scrap_Steel_In_Field\photos\segmentation\segment_20260604_180655.jpg
2026-06-04 18:06:56 [INFO] JSON结果保存到: C:\code\show\Scrap_Steel_In_Field\photos\segmentation_result.json
2026-06-04 18:06:56 [INFO] 类别统计：{0: 35, 1: 54, 2: 27, 3: 8, 4: 28, 5: 39, 6: 22, 7: 31, 8: 54, 9: 62, 10: 30, 11: 22, 12: 21, 13: 75, 14: 0, 15: 26}
2026-06-04 18:06:56 [INFO] 面积统计：{0: 3373848.0, 1: 846828.0, 2: 51228.0, 3: 143028.0, 4: 173844.0, 5: 78768.0, 6: 538056.0, 7: 40968.0, 8: 966780.0, 9: 170244.0, 10: 193932.0, 11: 286344.0, 12: 71028.0, 13: 739836.0, 15: 80244.0}
2026-06-04 18:06:56 [INFO] 分割成功
2026-06-04 18:06:56 [INFO] 引擎上下文已释放
2026-06-04 18:06:56 [INFO] TensorRT 引擎已释放
2026-06-04 18:06:56 [INFO] 全局 CUDA 资源已释放
2026-06-04 18:06:56 [INFO] 分割系统资源已释放
2026-06-04 18:06:59 [INFO] CUDA 初始化成功
2026-06-04 18:06:59 [INFO] 引擎加载成功: scrap_steel.engine
2026-06-04 18:06:59 [INFO] 分割系统初始化成功
2026-06-04 18:07:00 [INFO] 图像预处理完成，原始尺寸: (2160, 3840)
2026-06-04 18:07:00 [INFO] 开始执行分割...
2026-06-04 18:07:00 [DEBUG] 处理后的检测结果形状: (1, 8400, 6)
2026-06-04 18:07:00 [DEBUG] 示例检测结果: [[-4.09705353e+00 -3.29434013e+00  3.93693008e+01  1.55490437e+01
   4.55387088e-08  5.00000000e+00]
 [-6.46366501e+00 -3.02592182e+00  4.45645180e+01  2.99332237e+01
   1.02679572e-08  9.00000000e+00]
 [-3.52987671e+00 -3.48105621e+00  4.58933868e+01  3.05686722e+01
   4.70599559e-09  9.00000000e+00]]
2026-06-04 18:07:00 [DEBUG] 处理后检测输出形状: (0, 52)
2026-06-04 18:07:00 [DEBUG] 有效检测数量: 0
2026-06-04 18:07:00 [DEBUG] 检测输出为空
2026-06-04 18:07:00 [INFO] 掩码中检测到的类别: [0, 1, 2, 3, 4, 5, 6, 7, 8, 9, 10, 11, 12, 13, 14, 15]
2026-06-04 18:07:00 [INFO] 分割完成，检测到 0 个物体
2026-06-04 18:07:00 [INFO] 从分割掩码中提取检测结果
2026-06-04 18:07:00 [INFO] 从掩码中提取了 489 个检测框
2026-06-04 18:07:00 [INFO] 计算出的车框矩形边界: (1025, 620) to (3173, 1518)
2026-06-04 18:07:00 [INFO] 原始检测数: 489, 过滤后检测数: 201
2026-06-04 18:07:00 [INFO] 保存分割和检测结果到: C:\code\show\Scrap_Steel_In_Field\photos\segmentation\segment_20260604_180700.jpg
2026-06-04 18:07:00 [INFO] JSON结果保存到: C:\code\show\Scrap_Steel_In_Field\photos\segmentation_result.json
2026-06-04 18:07:00 [INFO] 类别统计：{0: 19, 1: 59, 2: 28, 3: 7, 4: 25, 5: 36, 6: 19, 7: 31, 8: 48, 9: 58, 10: 28, 11: 24, 12: 21, 13: 63, 14: 0, 15: 23}
2026-06-04 18:07:00 [INFO] 面积统计：{0: 3414744.0, 1: 803988.0, 2: 51948.0, 3: 136980.0, 4: 162360.0, 5: 78372.0, 6: 552168.0, 7: 34416.0, 8: 968904.0, 9: 200592.0, 10: 202896.0, 11: 334692.0, 12: 92664.0, 13: 689220.0, 14: 36.0, 15: 73800.0}
2026-06-04 18:07:00 [INFO] 分割成功
2026-06-04 18:07:00 [INFO] 引擎上下文已释放
2026-06-04 18:07:00 [INFO] TensorRT 引擎已释放
2026-06-04 18:07:01 [INFO] 全局 CUDA 资源已释放
2026-06-04 18:07:01 [INFO] 分割系统资源已释放
2026-06-04 18:07:04 [INFO] CUDA 初始化成功
2026-06-04 18:07:05 [INFO] 引擎加载成功: scrap_steel.engine
2026-06-04 18:07:05 [INFO] 分割系统初始化成功
2026-06-04 18:07:05 [INFO] 图像预处理完成，原始尺寸: (2160, 3840)
2026-06-04 18:07:05 [INFO] 开始执行分割...
2026-06-04 18:07:05 [DEBUG] 处理后的检测结果形状: (1, 8400, 6)
2026-06-04 18:07:05 [DEBUG] 示例检测结果: [[-4.14023590e+00 -3.28631115e+00  3.95812378e+01  1.55961618e+01
   4.44559412e-08  5.00000000e+00]
 [-6.51883316e+00 -3.02525616e+00  4.46196785e+01  2.99499779e+01
   1.05200328e-08  9.00000000e+00]
 [-3.54656219e+00 -3.47816658e+00  4.59181290e+01  3.05310001e+01
   4.84307527e-09  9.00000000e+00]]
2026-06-04 18:07:05 [DEBUG] 处理后检测输出形状: (0, 52)
2026-06-04 18:07:05 [DEBUG] 有效检测数量: 0
2026-06-04 18:07:05 [DEBUG] 检测输出为空
2026-06-04 18:07:05 [INFO] 掩码中检测到的类别: [0, 1, 2, 3, 4, 5, 6, 7, 8, 9, 10, 11, 12, 13, 14, 15]
2026-06-04 18:07:05 [INFO] 分割完成，检测到 0 个物体
2026-06-04 18:07:05 [INFO] 从分割掩码中提取检测结果
2026-06-04 18:07:05 [INFO] 从掩码中提取了 499 个检测框
2026-06-04 18:07:05 [INFO] 计算出的车框矩形边界: (1025, 621) to (3173, 1518)
2026-06-04 18:07:05 [INFO] 原始检测数: 499, 过滤后检测数: 197
2026-06-04 18:07:06 [INFO] 保存分割和检测结果到: C:\code\show\Scrap_Steel_In_Field\photos\segmentation\segment_20260604_180705.jpg
2026-06-04 18:07:06 [INFO] JSON结果保存到: C:\code\show\Scrap_Steel_In_Field\photos\segmentation_result.json
2026-06-04 18:07:06 [INFO] 类别统计：{0: 19, 1: 50, 2: 28, 3: 3, 4: 25, 5: 35, 6: 23, 7: 41, 8: 47, 9: 62, 10: 22, 11: 23, 12: 21, 13: 75, 14: 0, 15: 25}
2026-06-04 18:07:06 [INFO] 面积统计：{0: 3393108.0, 1: 782460.0, 2: 49500.0, 3: 139860.0, 4: 165960.0, 5: 80460.0, 6: 564804.0, 7: 49104.0, 8: 977652.0, 9: 206100.0, 10: 211860.0, 11: 332856.0, 12: 82332.0, 13: 707760.0, 14: 36.0, 15: 67032.0}
2026-06-04 18:07:06 [INFO] 分割成功
2026-06-04 18:07:06 [INFO] 引擎上下文已释放
2026-06-04 18:07:06 [INFO] TensorRT 引擎已释放
2026-06-04 18:07:06 [INFO] 全局 CUDA 资源已释放
2026-06-04 18:07:06 [INFO] 分割系统资源已释放
2026-06-04 18:07:10 [INFO] CUDA 初始化成功
2026-06-04 18:07:10 [INFO] 引擎加载成功: scrap_steel.engine
2026-06-04 18:07:10 [INFO] 分割系统初始化成功
2026-06-04 18:07:10 [INFO] 图像预处理完成，原始尺寸: (2160, 3840)
2026-06-04 18:07:10 [INFO] 开始执行分割...
2026-06-04 18:07:10 [DEBUG] 处理后的检测结果形状: (1, 8400, 6)
2026-06-04 18:07:10 [DEBUG] 示例检测结果: [[-4.09231567e+00 -3.26399660e+00  3.94531898e+01  1.54625397e+01
   4.48099229e-08  5.00000000e+00]
 [-6.44900894e+00 -3.01100063e+00  4.45213623e+01  2.98798828e+01
   1.04383062e-08  9.00000000e+00]
 [-3.55065536e+00 -3.49449921e+00  4.59087982e+01  3.05466194e+01
   4.76839368e-09  9.00000000e+00]]
2026-06-04 18:07:10 [DEBUG] 处理后检测输出形状: (0, 52)
2026-06-04 18:07:10 [DEBUG] 有效检测数量: 0
2026-06-04 18:07:10 [DEBUG] 检测输出为空
2026-06-04 18:07:10 [INFO] 掩码中检测到的类别: [0, 1, 2, 3, 4, 5, 6, 7, 8, 9, 10, 11, 12, 13, 14, 15]
2026-06-04 18:07:10 [INFO] 分割完成，检测到 0 个物体
2026-06-04 18:07:10 [INFO] 从分割掩码中提取检测结果
2026-06-04 18:07:11 [INFO] 从掩码中提取了 505 个检测框
2026-06-04 18:07:11 [INFO] 计算出的车框矩形边界: (1024, 620) to (3173, 1518)
2026-06-04 18:07:11 [INFO] 原始检测数: 505, 过滤后检测数: 210
2026-06-04 18:07:11 [INFO] 保存分割和检测结果到: C:\code\show\Scrap_Steel_In_Field\photos\segmentation\segment_20260604_180711.jpg
2026-06-04 18:07:11 [INFO] JSON结果保存到: C:\code\show\Scrap_Steel_In_Field\photos\segmentation_result.json
2026-06-04 18:07:11 [INFO] 类别统计：{0: 43, 1: 51, 2: 24, 3: 4, 4: 26, 5: 38, 6: 22, 7: 32, 8: 47, 9: 66, 10: 21, 11: 19, 12: 22, 13: 68, 14: 0, 15: 22}
2026-06-04 18:07:11 [INFO] 面积统计：{0: 3365712.0, 1: 859536.0, 2: 54828.0, 3: 147780.0, 4: 151776.0, 5: 72540.0, 6: 555516.0, 7: 44964.0, 8: 976356.0, 9: 179136.0, 10: 204660.0, 11: 322092.0, 12: 87336.0, 13: 733536.0, 14: 36.0, 15: 81108.0}
2026-06-04 18:07:11 [INFO] 分割成功
2026-06-04 18:07:11 [INFO] 引擎上下文已释放
2026-06-04 18:07:11 [INFO] TensorRT 引擎已释放
2026-06-04 18:07:11 [INFO] 全局 CUDA 资源已释放
2026-06-04 18:07:11 [INFO] 分割系统资源已释放
2026-06-04 18:07:15 [INFO] CUDA 初始化成功
2026-06-04 18:07:15 [INFO] 引擎加载成功: scrap_steel.engine
2026-06-04 18:07:15 [INFO] 分割系统初始化成功
2026-06-04 18:07:15 [INFO] 图像预处理完成，原始尺寸: (2160, 3840)
2026-06-04 18:07:15 [INFO] 开始执行分割...
2026-06-04 18:07:15 [DEBUG] 处理后的检测结果形状: (1, 8400, 6)
2026-06-04 18:07:15 [DEBUG] 示例检测结果: [[-4.20883179e+00 -3.35484409e+00  3.94724884e+01  1.58508310e+01
   4.46303972e-08  5.00000000e+00]
 [-6.55014420e+00 -3.10198212e+00  4.44308052e+01  2.99721947e+01
   1.01377786e-08  9.00000000e+00]
 [-3.55828857e+00 -3.55144215e+00  4.58449783e+01  3.04681129e+01
   4.54754456e-09  9.00000000e+00]]
2026-06-04 18:07:15 [DEBUG] 处理后检测输出形状: (0, 52)
2026-06-04 18:07:15 [DEBUG] 有效检测数量: 0
2026-06-04 18:07:15 [DEBUG] 检测输出为空
2026-06-04 18:07:15 [INFO] 掩码中检测到的类别: [0, 1, 2, 3, 4, 5, 6, 7, 8, 9, 10, 11, 12, 13, 14, 15]
2026-06-04 18:07:15 [INFO] 分割完成，检测到 0 个物体
2026-06-04 18:07:15 [INFO] 从分割掩码中提取检测结果
2026-06-04 18:07:15 [INFO] 从掩码中提取了 485 个检测框
2026-06-04 18:07:15 [INFO] 计算出的车框矩形边界: (1025, 619) to (3176, 1511)
2026-06-04 18:07:15 [INFO] 原始检测数: 485, 过滤后检测数: 211
2026-06-04 18:07:16 [INFO] 保存分割和检测结果到: C:\code\show\Scrap_Steel_In_Field\photos\segmentation\segment_20260604_180715.jpg
2026-06-04 18:07:16 [INFO] JSON结果保存到: C:\code\show\Scrap_Steel_In_Field\photos\segmentation_result.json
2026-06-04 18:07:16 [INFO] 类别统计：{0: 15, 1: 54, 2: 22, 3: 5, 4: 30, 5: 34, 6: 20, 7: 32, 8: 65, 9: 53, 10: 23, 11: 24, 12: 19, 13: 59, 14: 0, 15: 30}
2026-06-04 18:07:16 [INFO] 面积统计：{0: 3718332.0, 1: 689292.0, 2: 40716.0, 3: 132300.0, 4: 160272.0, 5: 73296.0, 6: 546408.0, 7: 35388.0, 8: 938628.0, 9: 192492.0, 10: 202392.0, 11: 333252.0, 12: 80028.0, 13: 783504.0, 14: 36.0, 15: 77076.0}
2026-06-04 18:07:16 [INFO] 分割成功
2026-06-04 18:07:16 [INFO] 引擎上下文已释放
2026-06-04 18:07:16 [INFO] TensorRT 引擎已释放
2026-06-04 18:07:16 [INFO] 全局 CUDA 资源已释放
2026-06-04 18:07:16 [INFO] 分割系统资源已释放
2026-06-04 18:07:20 [INFO] CUDA 初始化成功
2026-06-04 18:07:20 [INFO] 引擎加载成功: scrap_steel.engine
2026-06-04 18:07:20 [INFO] 分割系统初始化成功
2026-06-04 18:07:20 [INFO] 图像预处理完成，原始尺寸: (2160, 3840)
2026-06-04 18:07:20 [INFO] 开始执行分割...
2026-06-04 18:07:20 [DEBUG] 处理后的检测结果形状: (1, 8400, 6)
2026-06-04 18:07:20 [DEBUG] 示例检测结果: [[-4.11619568e+00 -3.34161568e+00  3.94295311e+01  1.57460461e+01
   4.57174139e-08  5.00000000e+00]
 [-6.41855621e+00 -3.07382202e+00  4.44866791e+01  3.01199341e+01
   1.03397610e-08  9.00000000e+00]
 [-3.54420853e+00 -3.57368946e+00  4.58573074e+01  3.06051445e+01
   4.62216398e-09  9.00000000e+00]]
2026-06-04 18:07:20 [DEBUG] 处理后检测输出形状: (0, 52)
2026-06-04 18:07:20 [DEBUG] 有效检测数量: 0
2026-06-04 18:07:20 [DEBUG] 检测输出为空
2026-06-04 18:07:20 [INFO] 掩码中检测到的类别: [0, 1, 2, 3, 4, 5, 6, 7, 8, 9, 10, 11, 12, 13, 14, 15]
2026-06-04 18:07:20 [INFO] 分割完成，检测到 0 个物体
2026-06-04 18:07:20 [INFO] 从分割掩码中提取检测结果
2026-06-04 18:07:20 [INFO] 从掩码中提取了 524 个检测框
2026-06-04 18:07:20 [INFO] 计算出的车框矩形边界: (1024, 620) to (3174, 1518)
2026-06-04 18:07:20 [INFO] 原始检测数: 524, 过滤后检测数: 216
2026-06-04 18:07:21 [INFO] 保存分割和检测结果到: C:\code\show\Scrap_Steel_In_Field\photos\segmentation\segment_20260604_180720.jpg
2026-06-04 18:07:21 [INFO] JSON结果保存到: C:\code\show\Scrap_Steel_In_Field\photos\segmentation_result.json
2026-06-04 18:07:21 [INFO] 类别统计：{0: 35, 1: 49, 2: 22, 3: 6, 4: 28, 5: 36, 6: 19, 7: 39, 8: 53, 9: 60, 10: 29, 11: 29, 12: 22, 13: 73, 14: 0, 15: 24}
2026-06-04 18:07:21 [INFO] 面积统计：{0: 3432816.0, 1: 871344.0, 2: 41940.0, 3: 154512.0, 4: 163476.0, 5: 71640.0, 6: 612468.0, 7: 43812.0, 8: 975096.0, 9: 200736.0, 10: 211860.0, 11: 279576.0, 12: 83124.0, 13: 687672.0, 14: 36.0, 15: 65160.0}
2026-06-04 18:07:21 [INFO] 分割成功
2026-06-04 18:07:21 [INFO] 引擎上下文已释放
2026-06-04 18:07:21 [INFO] TensorRT 引擎已释放
2026-06-04 18:07:21 [INFO] 全局 CUDA 资源已释放
2026-06-04 18:07:21 [INFO] 分割系统资源已释放
2026-06-04 18:07:25 [INFO] CUDA 初始化成功
2026-06-04 18:07:25 [INFO] 引擎加载成功: scrap_steel.engine
2026-06-04 18:07:25 [INFO] 分割系统初始化成功
2026-06-04 18:07:25 [INFO] 图像预处理完成，原始尺寸: (2160, 3840)
2026-06-04 18:07:25 [INFO] 开始执行分割...
2026-06-04 18:07:25 [DEBUG] 处理后的检测结果形状: (1, 8400, 6)
2026-06-04 18:07:25 [DEBUG] 示例检测结果: [[-4.16044998e+00 -3.33575153e+00  3.95027122e+01  1.58325129e+01
   4.39307755e-08  5.00000000e+00]
 [-6.46216965e+00 -3.06090736e+00  4.43822823e+01  3.01317272e+01
   1.00982724e-08  9.00000000e+00]
 [-3.53530884e+00 -3.55295181e+00  4.58283272e+01  3.06087074e+01
   4.61891858e-09  9.00000000e+00]]
2026-06-04 18:07:25 [DEBUG] 处理后检测输出形状: (0, 52)
2026-06-04 18:07:25 [DEBUG] 有效检测数量: 0
2026-06-04 18:07:25 [DEBUG] 检测输出为空
2026-06-04 18:07:26 [INFO] 掩码中检测到的类别: [0, 1, 2, 3, 4, 5, 6, 7, 8, 9, 10, 11, 12, 13, 14, 15]
2026-06-04 18:07:26 [INFO] 分割完成，检测到 0 个物体
2026-06-04 18:07:26 [INFO] 从分割掩码中提取检测结果
2026-06-04 18:07:26 [INFO] 从掩码中提取了 528 个检测框
2026-06-04 18:07:26 [INFO] 计算出的车框矩形边界: (1026, 620) to (3174, 1518)
2026-06-04 18:07:26 [INFO] 原始检测数: 528, 过滤后检测数: 231
2026-06-04 18:07:26 [INFO] 保存分割和检测结果到: C:\code\show\Scrap_Steel_In_Field\photos\segmentation\segment_20260604_180726.jpg
2026-06-04 18:07:26 [INFO] JSON结果保存到: C:\code\show\Scrap_Steel_In_Field\photos\segmentation_result.json
2026-06-04 18:07:26 [INFO] 类别统计：{0: 47, 1: 52, 2: 24, 3: 6, 4: 24, 5: 39, 6: 24, 7: 29, 8: 55, 9: 59, 10: 23, 11: 21, 12: 24, 13: 76, 14: 0, 15: 25}
2026-06-04 18:07:26 [INFO] 面积统计：{0: 3299580.0, 1: 855252.0, 2: 48312.0, 3: 145692.0, 4: 162684.0, 5: 75888.0, 6: 604008.0, 7: 42768.0, 8: 964980.0, 9: 221076.0, 10: 203436.0, 11: 238032.0, 12: 79092.0, 13: 751572.0, 14: 36.0, 15: 72720.0}
2026-06-04 18:07:26 [INFO] 分割成功
2026-06-04 18:07:26 [INFO] 引擎上下文已释放
2026-06-04 18:07:26 [INFO] TensorRT 引擎已释放
2026-06-04 18:07:26 [INFO] 全局 CUDA 资源已释放
2026-06-04 18:07:26 [INFO] 分割系统资源已释放
2026-06-04 18:07:30 [INFO] CUDA 初始化成功
2026-06-04 18:07:30 [INFO] 引擎加载成功: scrap_steel.engine
2026-06-04 18:07:30 [INFO] 分割系统初始化成功
2026-06-04 18:07:31 [INFO] 图像预处理完成，原始尺寸: (2160, 3840)
2026-06-04 18:07:31 [INFO] 开始执行分割...
2026-06-04 18:07:31 [DEBUG] 处理后的检测结果形状: (1, 8400, 6)
2026-06-04 18:07:31 [DEBUG] 示例检测结果: [[-4.13292313e+00 -3.35427427e+00  3.94502602e+01  1.58553925e+01
   4.46303972e-08  5.00000000e+00]
 [-6.44529343e+00 -3.08212566e+00  4.43926811e+01  3.01410332e+01
   1.01311315e-08  9.00000000e+00]
 [-3.56643677e+00 -3.60323334e+00  4.58635254e+01  3.06840096e+01
   4.51585436e-09  9.00000000e+00]]
2026-06-04 18:07:31 [DEBUG] 处理后检测输出形状: (0, 52)
2026-06-04 18:07:31 [DEBUG] 有效检测数量: 0
2026-06-04 18:07:31 [DEBUG] 检测输出为空
2026-06-04 18:07:31 [INFO] 掩码中检测到的类别: [0, 1, 2, 3, 4, 5, 6, 7, 8, 9, 10, 11, 12, 13, 15]
2026-06-04 18:07:31 [INFO] 分割完成，检测到 0 个物体
2026-06-04 18:07:31 [INFO] 从分割掩码中提取检测结果
2026-06-04 18:07:31 [INFO] 从掩码中提取了 519 个检测框
2026-06-04 18:07:31 [INFO] 计算出的车框矩形边界: (1025, 620) to (3174, 1518)
2026-06-04 18:07:31 [INFO] 原始检测数: 519, 过滤后检测数: 221
2026-06-04 18:07:31 [INFO] 保存分割和检测结果到: C:\code\show\Scrap_Steel_In_Field\photos\segmentation\segment_20260604_180731.jpg
2026-06-04 18:07:31 [INFO] JSON结果保存到: C:\code\show\Scrap_Steel_In_Field\photos\segmentation_result.json
2026-06-04 18:07:31 [INFO] 类别统计：{0: 38, 1: 54, 2: 23, 3: 6, 4: 22, 5: 38, 6: 28, 7: 29, 8: 57, 9: 59, 10: 26, 11: 24, 12: 22, 13: 69, 14: 0, 15: 24}
2026-06-04 18:07:31 [INFO] 面积统计：{0: 3352248.0, 1: 792144.0, 2: 45360.0, 3: 160632.0, 4: 157356.0, 5: 68508.0, 6: 606276.0, 7: 50796.0, 8: 994320.0, 9: 215208.0, 10: 193428.0, 11: 235764.0, 12: 82728.0, 13: 717840.0, 15: 79884.0}
2026-06-04 18:07:31 [INFO] 分割成功
2026-06-04 18:07:31 [INFO] 引擎上下文已释放
2026-06-04 18:07:31 [INFO] TensorRT 引擎已释放
2026-06-04 18:07:32 [INFO] 全局 CUDA 资源已释放
2026-06-04 18:07:32 [INFO] 分割系统资源已释放
2026-06-04 18:07:35 [INFO] CUDA 初始化成功
2026-06-04 18:07:36 [INFO] 引擎加载成功: scrap_steel.engine
2026-06-04 18:07:36 [INFO] 分割系统初始化成功
2026-06-04 18:07:36 [INFO] 图像预处理完成，原始尺寸: (2160, 3840)
2026-06-04 18:07:36 [INFO] 开始执行分割...
2026-06-04 18:07:36 [DEBUG] 处理后的检测结果形状: (1, 8400, 6)
2026-06-04 18:07:36 [DEBUG] 示例检测结果: [[-4.12748718e+00 -3.32574654e+00  3.94959373e+01  1.58017845e+01
   4.46359891e-08  5.00000000e+00]
 [-6.37908173e+00 -3.04709339e+00  4.44664383e+01  3.01613083e+01
   1.01639230e-08  9.00000000e+00]
 [-3.52173996e+00 -3.54525948e+00  4.58162003e+01  3.06610546e+01
   4.63088234e-09  9.00000000e+00]]
2026-06-04 18:07:36 [DEBUG] 处理后检测输出形状: (0, 52)
2026-06-04 18:07:36 [DEBUG] 有效检测数量: 0
2026-06-04 18:07:36 [DEBUG] 检测输出为空
2026-06-04 18:07:36 [INFO] 掩码中检测到的类别: [0, 1, 2, 3, 4, 5, 6, 7, 8, 9, 10, 11, 12, 13, 15]
2026-06-04 18:07:36 [INFO] 分割完成，检测到 0 个物体
2026-06-04 18:07:36 [INFO] 从分割掩码中提取检测结果
2026-06-04 18:07:36 [INFO] 从掩码中提取了 519 个检测框
2026-06-04 18:07:36 [INFO] 计算出的车框矩形边界: (1025, 620) to (3174, 1518)
2026-06-04 18:07:36 [INFO] 原始检测数: 519, 过滤后检测数: 205
2026-06-04 18:07:37 [INFO] 保存分割和检测结果到: C:\code\show\Scrap_Steel_In_Field\photos\segmentation\segment_20260604_180736.jpg
2026-06-04 18:07:37 [INFO] JSON结果保存到: C:\code\show\Scrap_Steel_In_Field\photos\segmentation_result.json
2026-06-04 18:07:37 [INFO] 类别统计：{0: 25, 1: 55, 2: 29, 3: 8, 4: 27, 5: 43, 6: 24, 7: 33, 8: 47, 9: 61, 10: 25, 11: 21, 12: 23, 13: 71, 14: 0, 15: 27}
2026-06-04 18:07:37 [INFO] 面积统计：{0: 3287988.0, 1: 924588.0, 2: 78804.0, 3: 138276.0, 4: 158472.0, 5: 92124.0, 6: 509544.0, 7: 53676.0, 8: 949248.0, 9: 184392.0, 10: 213696.0, 11: 265824.0, 12: 79164.0, 13: 686304.0, 15: 49032.0}
2026-06-04 18:07:37 [INFO] 分割成功
2026-06-04 18:07:37 [INFO] 引擎上下文已释放
2026-06-04 18:07:37 [INFO] TensorRT 引擎已释放
2026-06-04 18:07:37 [INFO] 全局 CUDA 资源已释放
2026-06-04 18:07:37 [INFO] 分割系统资源已释放
2026-06-04 18:07:41 [INFO] CUDA 初始化成功
2026-06-04 18:07:41 [INFO] 引擎加载成功: scrap_steel.engine
2026-06-04 18:07:41 [INFO] 分割系统初始化成功
2026-06-04 18:07:41 [INFO] 图像预处理完成，原始尺寸: (2160, 3840)
2026-06-04 18:07:41 [INFO] 开始执行分割...
2026-06-04 18:07:41 [DEBUG] 处理后的检测结果形状: (1, 8400, 6)
2026-06-04 18:07:41 [DEBUG] 示例检测结果: [[-4.13426971e+00 -3.36027336e+00  3.93475266e+01  1.58799515e+01
   4.51597018e-08  5.00000000e+00]
 [-6.46982956e+00 -3.10631943e+00  4.43729591e+01  3.01500359e+01
   1.02107123e-08  9.00000000e+00]
 [-3.57663727e+00 -3.61514664e+00  4.57767830e+01  3.05990715e+01
   4.54754456e-09  9.00000000e+00]]
2026-06-04 18:07:41 [DEBUG] 处理后检测输出形状: (0, 52)
2026-06-04 18:07:41 [DEBUG] 有效检测数量: 0
2026-06-04 18:07:41 [DEBUG] 检测输出为空
2026-06-04 18:07:41 [INFO] 掩码中检测到的类别: [0, 1, 2, 3, 4, 5, 6, 7, 8, 9, 10, 11, 12, 13, 14, 15]
2026-06-04 18:07:41 [INFO] 分割完成，检测到 0 个物体
2026-06-04 18:07:41 [INFO] 从分割掩码中提取检测结果
2026-06-04 18:07:41 [INFO] 从掩码中提取了 529 个检测框
2026-06-04 18:07:41 [INFO] 计算出的车框矩形边界: (1024, 621) to (3176, 1518)
2026-06-04 18:07:41 [INFO] 原始检测数: 529, 过滤后检测数: 205
2026-06-04 18:07:42 [INFO] 保存分割和检测结果到: C:\code\show\Scrap_Steel_In_Field\photos\segmentation\segment_20260604_180741.jpg
2026-06-04 18:07:42 [INFO] JSON结果保存到: C:\code\show\Scrap_Steel_In_Field\photos\segmentation_result.json
2026-06-04 18:07:42 [INFO] 类别统计：{0: 20, 1: 60, 2: 27, 3: 5, 4: 33, 5: 38, 6: 23, 7: 35, 8: 50, 9: 61, 10: 28, 11: 21, 12: 23, 13: 78, 14: 0, 15: 27}
2026-06-04 18:07:42 [INFO] 面积统计：{0: 3385836.0, 1: 797472.0, 2: 71640.0, 3: 150696.0, 4: 174168.0, 5: 96228.0, 6: 516816.0, 7: 53172.0, 8: 980676.0, 9: 177084.0, 10: 198324.0, 11: 252072.0, 12: 83556.0, 13: 776412.0, 14: 36.0, 15: 56664.0}
2026-06-04 18:07:42 [INFO] 分割成功
2026-06-04 18:07:42 [INFO] 引擎上下文已释放
2026-06-04 18:07:42 [INFO] TensorRT 引擎已释放
2026-06-04 18:07:42 [INFO] 全局 CUDA 资源已释放
2026-06-04 18:07:42 [INFO] 分割系统资源已释放
2026-06-04 18:07:46 [INFO] CUDA 初始化成功
2026-06-04 18:07:46 [INFO] 引擎加载成功: scrap_steel.engine
2026-06-04 18:07:46 [INFO] 分割系统初始化成功
2026-06-04 18:07:46 [INFO] 图像预处理完成，原始尺寸: (2160, 3840)
2026-06-04 18:07:46 [INFO] 开始执行分割...
2026-06-04 18:07:46 [DEBUG] 处理后的检测结果形状: (1, 8400, 6)
2026-06-04 18:07:46 [DEBUG] 示例检测结果: [[-4.13092041e+00 -3.34870720e+00  3.94043808e+01  1.58111038e+01
   4.62719072e-08  5.00000000e+00]
 [-6.41353989e+00 -3.08331966e+00  4.44960976e+01  3.01857796e+01
   1.03397610e-08  9.00000000e+00]
 [-3.54623032e+00 -3.59907818e+00  4.58379517e+01  3.06765289e+01
   4.58638993e-09  9.00000000e+00]]
2026-06-04 18:07:46 [DEBUG] 处理后检测输出形状: (0, 52)
2026-06-04 18:07:46 [DEBUG] 有效检测数量: 0
2026-06-04 18:07:46 [DEBUG] 检测输出为空
2026-06-04 18:07:46 [INFO] 掩码中检测到的类别: [0, 1, 2, 3, 4, 5, 6, 7, 8, 9, 10, 11, 12, 13, 15]
2026-06-04 18:07:46 [INFO] 分割完成，检测到 0 个物体
2026-06-04 18:07:46 [INFO] 从分割掩码中提取检测结果
2026-06-04 18:07:46 [INFO] 从掩码中提取了 530 个检测框
2026-06-04 18:07:46 [INFO] 计算出的车框矩形边界: (1024, 620) to (3174, 1518)
2026-06-04 18:07:46 [INFO] 原始检测数: 530, 过滤后检测数: 221
2026-06-04 18:07:47 [INFO] 保存分割和检测结果到: C:\code\show\Scrap_Steel_In_Field\photos\segmentation\segment_20260604_180746.jpg
2026-06-04 18:07:47 [INFO] JSON结果保存到: C:\code\show\Scrap_Steel_In_Field\photos\segmentation_result.json
2026-06-04 18:07:47 [INFO] 类别统计：{0: 32, 1: 59, 2: 29, 3: 7, 4: 28, 5: 40, 6: 24, 7: 26, 8: 63, 9: 55, 10: 28, 11: 25, 12: 22, 13: 65, 14: 0, 15: 27}
2026-06-04 18:07:47 [INFO] 面积统计：{0: 3240360.0, 1: 815328.0, 2: 68976.0, 3: 148032.0, 4: 166716.0, 5: 88668.0, 6: 510444.0, 7: 44892.0, 8: 996552.0, 9: 186804.0, 10: 210924.0, 11: 266832.0, 12: 101484.0, 13: 703980.0, 15: 73152.0}
2026-06-04 18:07:47 [INFO] 分割成功
2026-06-04 18:07:47 [INFO] 引擎上下文已释放
2026-06-04 18:07:47 [INFO] TensorRT 引擎已释放
2026-06-04 18:07:47 [INFO] 全局 CUDA 资源已释放
2026-06-04 18:07:47 [INFO] 分割系统资源已释放
2026-06-04 18:07:51 [INFO] CUDA 初始化成功
2026-06-04 18:07:51 [INFO] 引擎加载成功: scrap_steel.engine
2026-06-04 18:07:51 [INFO] 分割系统初始化成功
2026-06-04 18:07:51 [INFO] 图像预处理完成，原始尺寸: (2160, 3840)
2026-06-04 18:07:51 [INFO] 开始执行分割...
2026-06-04 18:07:51 [DEBUG] 处理后的检测结果形状: (1, 8400, 6)
2026-06-04 18:07:51 [DEBUG] 示例检测结果: [[-4.11667252e+00 -3.32929516e+00  3.93129616e+01  1.57434168e+01
   4.49857680e-08  5.00000000e+00]
 [-6.42029953e+00 -3.05814552e+00  4.44632759e+01  3.01494694e+01
   1.04383062e-08  9.00000000e+00]
 [-3.56472397e+00 -3.57492542e+00  4.58330498e+01  3.06382523e+01
   4.69938755e-09  9.00000000e+00]]
2026-06-04 18:07:51 [DEBUG] 处理后检测输出形状: (0, 52)
2026-06-04 18:07:51 [DEBUG] 有效检测数量: 0
2026-06-04 18:07:51 [DEBUG] 检测输出为空
2026-06-04 18:07:51 [INFO] 掩码中检测到的类别: [0, 1, 2, 3, 4, 5, 6, 7, 8, 9, 10, 11, 12, 13, 14, 15]
2026-06-04 18:07:51 [INFO] 分割完成，检测到 0 个物体
2026-06-04 18:07:51 [INFO] 从分割掩码中提取检测结果
2026-06-04 18:07:51 [INFO] 从掩码中提取了 538 个检测框
2026-06-04 18:07:51 [INFO] 计算出的车框矩形边界: (1025, 621) to (3174, 1518)
2026-06-04 18:07:51 [INFO] 原始检测数: 538, 过滤后检测数: 210
