2026-05-22 17:39:12 [INFO] CUDA 初始化成功
2026-05-22 17:39:12 [INFO] 引擎加载成功: scrap_steel.engine
2026-05-22 17:39:12 [INFO] 分割系统初始化成功
2026-05-22 17:39:15 [INFO] 引擎加载成功: scrap_steel.engine
2026-05-22 17:39:15 [INFO] 分割系统初始化成功
2026-05-22 17:39:15 [INFO] 图像预处理完成，原始尺寸: (2160, 3840)
2026-05-22 17:39:15 [INFO] 开始执行分割...
2026-05-22 17:39:15 [ERROR] 推理过程发生异常: explicit_context_dependent failed: invalid device context - no currently active context?
2026-05-22 17:39:15 [INFO] 分割完成，检测到 0 个物体
2026-05-22 17:39:15 [INFO] 保存分割和检测结果到: C:\code\show\Scrap_Steel_In_Field\photos\segmentation\segment_20260522_173915.jpg
2026-05-22 17:39:15 [INFO] JSON结果保存到: C:\code\show\Scrap_Steel_In_Field\photos\segmentation_result.json
2026-05-22 17:39:15 [INFO] 类别统计：{}
2026-05-22 17:39:15 [INFO] 面积统计：{}
2026-05-22 17:39:15 [ERROR] 分割失败: 未能生成有效的分割掩码
2026-05-22 17:39:15 [INFO] 引擎上下文已释放
2026-05-22 17:39:15 [INFO] TensorRT 引擎已释放
2026-05-22 17:39:15 [INFO] 全局 CUDA 资源已释放
2026-05-22 17:39:15 [INFO] 分割系统资源已释放
2026-05-22 17:39:22 [INFO] CUDA 初始化成功
2026-05-22 17:39:22 [INFO] 引擎加载成功: scrap_steel.engine
2026-05-22 17:39:22 [INFO] 分割系统初始化成功
2026-05-22 17:39:22 [INFO] 图像预处理完成，原始尺寸: (2160, 3840)
2026-05-22 17:39:22 [INFO] 开始执行分割...
2026-05-22 17:39:22 [DEBUG] 处理后的检测结果形状: (1, 8400, 6)
2026-05-22 17:39:22 [DEBUG] 示例检测结果: [[-4.14115143e+00 -3.35138750e+00  3.88609848e+01  1.59017487e+01
   4.37166250e-08  5.00000000e+00]
 [-6.46585846e+00 -3.12721062e+00  4.39667435e+01  3.00176907e+01
   9.40631040e-09  9.00000000e+00]
 [-3.68286514e+00 -3.65769672e+00  4.55447464e+01  3.04026184e+01
   4.11604617e-09  9.00000000e+00]]
2026-05-22 17:39:22 [DEBUG] 处理后检测输出形状: (0, 52)
2026-05-22 17:39:22 [DEBUG] 有效检测数量: 0
2026-05-22 17:39:22 [DEBUG] 检测输出为空
2026-05-22 17:39:22 [INFO] 掩码中检测到的类别: [0, 1, 2, 3, 4, 5, 6, 7, 8, 9, 10, 11, 12, 13, 15]
2026-05-22 17:39:22 [INFO] 分割完成，检测到 0 个物体
2026-05-22 17:39:22 [INFO] 从分割掩码中提取检测结果
2026-05-22 17:39:22 [INFO] 从掩码中提取了 0 个检测框
2026-05-22 17:39:23 [INFO] 保存分割和检测结果到: C:\code\show\Scrap_Steel_In_Field\photos\segmentation\segment_20260522_173922.jpg
2026-05-22 17:39:23 [INFO] JSON结果保存到: C:\code\show\Scrap_Steel_In_Field\photos\segmentation_result.json
2026-05-22 17:39:23 [INFO] 类别统计：{0: 0, 1: 0, 2: 0, 3: 0, 4: 0, 5: 0, 6: 0, 7: 0, 8: 0, 9: 0, 10: 0, 11: 0, 12: 0, 13: 0, 14: 0, 15: 0}
2026-05-22 17:39:23 [INFO] 面积统计：{0: 409.9464, 1: 75.5352, 2: 4.7916, 3: 15.299999999999999, 4: 11.286, 5: 8.424, 6: 49.510799999999996, 7: 4.3128, 8: 96.9804, 9: 17.8092, 10: 13.392, 11: 24.6096, 12: 5.9112, 13: 60.5556, 15: 19.368}
2026-05-22 17:39:23 [INFO] 分割成功, 但没有检测到物体
2026-05-22 17:39:23 [INFO] 引擎上下文已释放
2026-05-22 17:39:23 [INFO] TensorRT 引擎已释放
2026-05-22 17:39:23 [INFO] 全局 CUDA 资源已释放
2026-05-22 17:39:23 [INFO] 分割系统资源已释放
2026-05-22 17:39:27 [INFO] CUDA 初始化成功
2026-05-22 17:39:27 [INFO] 引擎加载成功: scrap_steel.engine
2026-05-22 17:39:27 [INFO] 分割系统初始化成功
2026-05-22 17:39:27 [INFO] 图像预处理完成，原始尺寸: (2160, 3840)
2026-05-22 17:39:27 [INFO] 开始执行分割...
2026-05-22 17:39:27 [DEBUG] 处理后的检测结果形状: (1, 8400, 6)
2026-05-22 17:39:27 [DEBUG] 示例检测结果: [[-4.11317825e+00 -3.35490036e+00  3.87046204e+01  1.59530354e+01
   4.40818262e-08  5.00000000e+00]
 [-6.46656799e+00 -3.12203026e+00  4.38978500e+01  3.00345478e+01
   9.33277633e-09  9.00000000e+00]
 [-3.68958282e+00 -3.66971779e+00  4.55494308e+01  3.04771824e+01
   4.08532941e-09  9.00000000e+00]]
2026-05-22 17:39:27 [DEBUG] 处理后检测输出形状: (0, 52)
2026-05-22 17:39:27 [DEBUG] 有效检测数量: 0
2026-05-22 17:39:27 [DEBUG] 检测输出为空
2026-05-22 17:39:27 [INFO] 掩码中检测到的类别: [0, 1, 2, 3, 4, 5, 6, 7, 8, 9, 10, 11, 12, 13, 15]
2026-05-22 17:39:27 [INFO] 分割完成，检测到 0 个物体
2026-05-22 17:39:27 [INFO] 从分割掩码中提取检测结果
2026-05-22 17:39:27 [INFO] 从掩码中提取了 0 个检测框
2026-05-22 17:39:28 [INFO] 保存分割和检测结果到: C:\code\show\Scrap_Steel_In_Field\photos\segmentation\segment_20260522_173927.jpg
2026-05-22 17:39:28 [INFO] JSON结果保存到: C:\code\show\Scrap_Steel_In_Field\photos\segmentation_result.json
2026-05-22 17:39:28 [INFO] 类别统计：{0: 0, 1: 0, 2: 0, 3: 0, 4: 0, 5: 0, 6: 0, 7: 0, 8: 0, 9: 0, 10: 0, 11: 0, 12: 0, 13: 0, 14: 0, 15: 0}
2026-05-22 17:39:28 [INFO] 面积统计：{0: 424.908, 1: 77.0868, 2: 3.7476, 3: 15.5556, 4: 11.1708, 5: 8.6832, 6: 48.974399999999996, 7: 4.824, 8: 99.27, 9: 19.220399999999998, 10: 12.9492, 11: 24.865199999999998, 12: 6.8616, 13: 58.4388, 15: 18.828}
2026-05-22 17:39:28 [INFO] 分割成功, 但没有检测到物体
2026-05-22 17:39:28 [INFO] 引擎上下文已释放
2026-05-22 17:39:28 [INFO] TensorRT 引擎已释放
2026-05-22 17:39:28 [INFO] 全局 CUDA 资源已释放
2026-05-22 17:39:28 [INFO] 分割系统资源已释放
2026-05-22 17:39:33 [INFO] CUDA 初始化成功
2026-05-22 17:39:33 [INFO] 引擎加载成功: scrap_steel.engine
2026-05-22 17:39:33 [INFO] 分割系统初始化成功
2026-05-22 17:39:33 [INFO] 图像预处理完成，原始尺寸: (2160, 3840)
2026-05-22 17:39:33 [INFO] 开始执行分割...
2026-05-22 17:39:33 [DEBUG] 处理后的检测结果形状: (1, 8400, 6)
2026-05-22 17:39:33 [DEBUG] 示例检测结果: [[-4.14472198e+00 -3.34921074e+00  3.88471031e+01  1.59226341e+01
   4.38883347e-08  5.00000000e+00]
 [-6.51434326e+00 -3.12488651e+00  4.39793854e+01  3.00437698e+01
   9.40401890e-09  9.00000000e+00]
 [-3.69351578e+00 -3.68649673e+00  4.55870781e+01  3.04747505e+01
   4.11604617e-09  9.00000000e+00]]
2026-05-22 17:39:33 [DEBUG] 处理后检测输出形状: (0, 52)
2026-05-22 17:39:33 [DEBUG] 有效检测数量: 0
2026-05-22 17:39:33 [DEBUG] 检测输出为空
2026-05-22 17:39:33 [INFO] 掩码中检测到的类别: [0, 1, 2, 3, 4, 5, 6, 7, 8, 9, 10, 11, 12, 13, 15]
2026-05-22 17:39:33 [INFO] 分割完成，检测到 0 个物体
2026-05-22 17:39:33 [INFO] 从分割掩码中提取检测结果
2026-05-22 17:39:33 [INFO] 从掩码中提取了 0 个检测框
