2026-05-22 18:05:08 [INFO] CUDA 初始化成功
2026-05-22 18:05:08 [INFO] 引擎加载成功: scrap_steel.engine
2026-05-22 18:05:08 [INFO] 分割系统初始化成功
2026-05-22 18:05:11 [INFO] 引擎加载成功: scrap_steel.engine
2026-05-22 18:05:11 [INFO] 分割系统初始化成功
2026-05-22 18:05:11 [INFO] 图像预处理完成，原始尺寸: (2160, 3840)
2026-05-22 18:05:11 [INFO] 开始执行分割...
2026-05-22 18:05:11 [ERROR] 推理过程发生异常: explicit_context_dependent failed: invalid device context - no currently active context?
2026-05-22 18:05:11 [INFO] 分割完成，检测到 0 个物体
2026-05-22 18:05:11 [INFO] 计算出的车框矩形边界: (955, 692) to (3205, 1707)
2026-05-22 18:05:11 [INFO] 原始检测数: 0, 过滤后检测数: 0
2026-05-22 18:05:11 [ERROR] 保存结果失败: 'NoneType' object has no attribute 'shape'
2026-05-22 18:05:11 [ERROR] 分割失败: 未能生成有效的分割掩码
2026-05-22 18:05:11 [INFO] 引擎上下文已释放
2026-05-22 18:05:11 [INFO] TensorRT 引擎已释放
2026-05-22 18:05:11 [INFO] 全局 CUDA 资源已释放
2026-05-22 18:05:11 [INFO] 分割系统资源已释放
2026-05-22 18:05:18 [INFO] CUDA 初始化成功
2026-05-22 18:05:18 [INFO] 引擎加载成功: scrap_steel.engine
2026-05-22 18:05:18 [INFO] 分割系统初始化成功
2026-05-22 18:05:18 [INFO] 图像预处理完成，原始尺寸: (2160, 3840)
2026-05-22 18:05:18 [INFO] 开始执行分割...
2026-05-22 18:05:18 [DEBUG] 处理后的检测结果形状: (1, 8400, 6)
2026-05-22 18:05:18 [DEBUG] 示例检测结果: [[-4.14378357e+00 -3.36009312e+00  3.87322922e+01  1.58916044e+01
   4.35467271e-08  5.00000000e+00]
 [-6.50870514e+00 -3.13688087e+00  4.39602203e+01  3.00560436e+01
   9.47811429e-09  9.00000000e+00]
 [-3.71088028e+00 -3.70185661e+00  4.56540375e+01  3.04750919e+01
   4.14676293e-09  9.00000000e+00]]
2026-05-22 18:05:18 [DEBUG] 处理后检测输出形状: (0, 52)
2026-05-22 18:05:18 [DEBUG] 有效检测数量: 0
2026-05-22 18:05:18 [DEBUG] 检测输出为空
2026-05-22 18:05:18 [INFO] 掩码中检测到的类别: [0, 1, 2, 3, 4, 5, 6, 7, 8, 9, 10, 11, 12, 13, 15]
2026-05-22 18:05:18 [INFO] 分割完成，检测到 0 个物体
2026-05-22 18:05:18 [INFO] 从分割掩码中提取检测结果
2026-05-22 18:05:19 [INFO] 从掩码中提取了 419 个检测框
2026-05-22 18:05:19 [INFO] 计算出的车框矩形边界: (954, 695) to (3209, 1707)
2026-05-22 18:05:19 [INFO] 原始检测数: 419, 过滤后检测数: 213
2026-05-22 18:05:19 [INFO] 保存分割和检测结果到: C:\code\show\Scrap_Steel_In_Field\photos\segmentation\segment_20260522_180519.jpg
2026-05-22 18:05:19 [INFO] JSON结果保存到: C:\code\show\Scrap_Steel_In_Field\photos\segmentation_result.json
2026-05-22 18:05:19 [INFO] 类别统计：{0: 12, 1: 46, 2: 33, 3: 4, 4: 14, 5: 38, 6: 21, 7: 28, 8: 57, 9: 44, 10: 24, 11: 15, 12: 18, 13: 48, 14: 0, 15: 17}
2026-05-22 18:05:19 [INFO] 面积统计：{0: 4317696.0, 1: 743436.0, 2: 42048.0, 3: 154440.0, 4: 121608.0, 5: 85752.0, 6: 483840.0, 7: 43128.0, 8: 944280.0, 9: 175608.0, 10: 130788.0, 11: 252828.0, 12: 68688.0, 13: 588024.0, 15: 197424.0}
2026-05-22 18:05:19 [INFO] 分割成功
2026-05-22 18:05:19 [INFO] 引擎上下文已释放
2026-05-22 18:05:19 [INFO] TensorRT 引擎已释放
2026-05-22 18:05:19 [INFO] 全局 CUDA 资源已释放
2026-05-22 18:05:19 [INFO] 分割系统资源已释放
2026-05-22 18:05:23 [INFO] CUDA 初始化成功
2026-05-22 18:05:23 [INFO] 引擎加载成功: scrap_steel.engine
2026-05-22 18:05:23 [INFO] 分割系统初始化成功
2026-05-22 18:05:23 [INFO] 图像预处理完成，原始尺寸: (2160, 3840)
2026-05-22 18:05:23 [INFO] 开始执行分割...
2026-05-22 18:05:23 [DEBUG] 处理后的检测结果形状: (1, 8400, 6)
2026-05-22 18:05:23 [DEBUG] 示例检测结果: [[-4.12572479e+00 -3.37609243e+00  3.87592773e+01  1.60085239e+01
   4.47907453e-08  5.00000000e+00]
 [-6.44482803e+00 -3.13700676e+00  4.39376755e+01  3.01753407e+01
   9.76532988e-09  9.00000000e+00]
 [-3.69679642e+00 -3.69609165e+00  4.55875397e+01  3.05839119e+01
   4.20581969e-09  9.00000000e+00]]
2026-05-22 18:05:23 [DEBUG] 处理后检测输出形状: (0, 52)
2026-05-22 18:05:23 [DEBUG] 有效检测数量: 0
2026-05-22 18:05:23 [DEBUG] 检测输出为空
2026-05-22 18:05:23 [INFO] 掩码中检测到的类别: [0, 1, 2, 3, 4, 5, 6, 7, 8, 9, 10, 11, 12, 13, 15]
2026-05-22 18:05:23 [INFO] 分割完成，检测到 0 个物体
2026-05-22 18:05:23 [INFO] 从分割掩码中提取检测结果
2026-05-22 18:05:24 [INFO] 从掩码中提取了 401 个检测框
2026-05-22 18:05:24 [INFO] 计算出的车框矩形边界: (954, 696) to (3206, 1707)
2026-05-22 18:05:24 [INFO] 原始检测数: 401, 过滤后检测数: 214
2026-05-22 18:05:24 [INFO] 保存分割和检测结果到: C:\code\show\Scrap_Steel_In_Field\photos\segmentation\segment_20260522_180524.jpg
2026-05-22 18:05:24 [INFO] JSON结果保存到: C:\code\show\Scrap_Steel_In_Field\photos\segmentation_result.json
2026-05-22 18:05:24 [INFO] 类别统计：{0: 11, 1: 36, 2: 27, 3: 1, 4: 12, 5: 35, 6: 21, 7: 29, 8: 57, 9: 51, 10: 22, 11: 17, 12: 20, 13: 47, 14: 0, 15: 15}
2026-05-22 18:05:24 [INFO] 面积统计：{0: 4141836.0, 1: 813060.0, 2: 37620.0, 3: 152208.0, 4: 117252.0, 5: 82008.0, 6: 481176.0, 7: 45216.0, 8: 963576.0, 9: 209700.0, 10: 130212.0, 11: 257508.0, 12: 63360.0, 13: 579708.0, 15: 190332.0}
2026-05-22 18:05:24 [INFO] 分割成功
2026-05-22 18:05:24 [INFO] 引擎上下文已释放
2026-05-22 18:05:24 [INFO] TensorRT 引擎已释放
2026-05-22 18:05:24 [INFO] 全局 CUDA 资源已释放
2026-05-22 18:05:24 [INFO] 分割系统资源已释放
2026-05-22 18:05:29 [INFO] CUDA 初始化成功
2026-05-22 18:05:29 [INFO] 引擎加载成功: scrap_steel.engine
2026-05-22 18:05:29 [INFO] 分割系统初始化成功
2026-05-22 18:05:29 [INFO] 图像预处理完成，原始尺寸: (2160, 3840)
2026-05-22 18:05:29 [INFO] 开始执行分割...
2026-05-22 18:05:29 [DEBUG] 处理后的检测结果形状: (1, 8400, 6)
2026-05-22 18:05:29 [DEBUG] 示例检测结果: [[-4.10875320e+00 -3.34870243e+00  3.87551651e+01  1.58582830e+01
   4.40818262e-08  5.00000000e+00]
 [-6.44402313e+00 -3.12667370e+00  4.39242554e+01  3.00049171e+01
   9.62457491e-09  9.00000000e+00]
 [-3.66578674e+00 -3.67477417e+00  4.55701866e+01  3.04324341e+01
   4.17913704e-09  9.00000000e+00]]
2026-05-22 18:05:29 [DEBUG] 处理后检测输出形状: (0, 52)
2026-05-22 18:05:29 [DEBUG] 有效检测数量: 0
2026-05-22 18:05:29 [DEBUG] 检测输出为空
2026-05-22 18:05:29 [INFO] 掩码中检测到的类别: [0, 1, 2, 3, 4, 5, 6, 7, 8, 9, 10, 11, 12, 13, 15]
2026-05-22 18:05:29 [INFO] 分割完成，检测到 0 个物体
2026-05-22 18:05:29 [INFO] 从分割掩码中提取检测结果
2026-05-22 18:05:29 [INFO] 从掩码中提取了 404 个检测框
2026-05-22 18:05:29 [INFO] 计算出的车框矩形边界: (954, 695) to (3205, 1707)
2026-05-22 18:05:29 [INFO] 原始检测数: 404, 过滤后检测数: 203
2026-05-22 18:05:30 [INFO] 保存分割和检测结果到: C:\code\show\Scrap_Steel_In_Field\photos\segmentation\segment_20260522_180529.jpg
2026-05-22 18:05:30 [INFO] JSON结果保存到: C:\code\show\Scrap_Steel_In_Field\photos\segmentation_result.json
2026-05-22 18:05:30 [INFO] 类别统计：{0: 11, 1: 50, 2: 27, 3: 1, 4: 14, 5: 37, 6: 20, 7: 25, 8: 64, 9: 44, 10: 23, 11: 14, 12: 15, 13: 43, 14: 0, 15: 16}
2026-05-22 18:05:30 [INFO] 面积统计：{0: 4218804.0, 1: 818064.0, 2: 38700.0, 3: 153036.0, 4: 113796.0, 5: 84276.0, 6: 472176.0, 7: 43236.0, 8: 972216.0, 9: 175104.0, 10: 138744.0, 11: 255600.0, 12: 57132.0, 13: 588456.0, 15: 168804.0}
2026-05-22 18:05:30 [INFO] 分割成功
2026-05-22 18:05:30 [INFO] 引擎上下文已释放
2026-05-22 18:05:30 [INFO] TensorRT 引擎已释放
2026-05-22 18:05:30 [INFO] 全局 CUDA 资源已释放
2026-05-22 18:05:30 [INFO] 分割系统资源已释放
2026-05-22 18:05:33 [INFO] CUDA 初始化成功
2026-05-22 18:05:34 [INFO] 引擎加载成功: scrap_steel.engine
2026-05-22 18:05:34 [INFO] 分割系统初始化成功
2026-05-22 18:05:34 [INFO] 图像预处理完成，原始尺寸: (2160, 3840)
2026-05-22 18:05:34 [INFO] 开始执行分割...
2026-05-22 18:05:34 [DEBUG] 处理后的检测结果形状: (1, 8400, 6)
2026-05-22 18:05:34 [DEBUG] 示例检测结果: [[-4.14031219e+00 -3.35983086e+00  3.87962761e+01  1.59492626e+01
   4.33786340e-08  5.00000000e+00]
 [-6.45054245e+00 -3.11229420e+00  4.39020958e+01  2.99862709e+01
   9.44307743e-09  9.00000000e+00]
 [-3.67454529e+00 -3.67325592e+00  4.55507126e+01  3.04253883e+01
   4.08532941e-09  9.00000000e+00]]
2026-05-22 18:05:34 [DEBUG] 处理后检测输出形状: (0, 52)
2026-05-22 18:05:34 [DEBUG] 有效检测数量: 0
2026-05-22 18:05:34 [DEBUG] 检测输出为空
2026-05-22 18:05:34 [INFO] 掩码中检测到的类别: [0, 1, 2, 3, 4, 5, 6, 7, 8, 9, 10, 11, 12, 13, 15]
2026-05-22 18:05:34 [INFO] 分割完成，检测到 0 个物体
2026-05-22 18:05:34 [INFO] 从分割掩码中提取检测结果
2026-05-22 18:05:34 [INFO] 从掩码中提取了 391 个检测框
2026-05-22 18:05:34 [INFO] 计算出的车框矩形边界: (955, 695) to (3205, 1707)
2026-05-22 18:05:34 [INFO] 原始检测数: 391, 过滤后检测数: 194
2026-05-22 18:05:35 [INFO] 保存分割和检测结果到: C:\code\show\Scrap_Steel_In_Field\photos\segmentation\segment_20260522_180534.jpg
2026-05-22 18:05:35 [INFO] JSON结果保存到: C:\code\show\Scrap_Steel_In_Field\photos\segmentation_result.json
2026-05-22 18:05:35 [INFO] 类别统计：{0: 10, 1: 50, 2: 29, 3: 1, 4: 13, 5: 35, 6: 14, 7: 28, 8: 58, 9: 44, 10: 21, 11: 12, 12: 15, 13: 43, 14: 0, 15: 18}
2026-05-22 18:05:35 [INFO] 面积统计：{0: 4149828.0, 1: 798336.0, 2: 37152.0, 3: 149940.0, 4: 117360.0, 5: 79848.0, 6: 496836.0, 7: 42228.0, 8: 980784.0, 9: 159264.0, 10: 131076.0, 11: 250056.0, 12: 60840.0, 13: 581868.0, 15: 188928.0}
2026-05-22 18:05:35 [INFO] 分割成功
2026-05-22 18:05:35 [INFO] 引擎上下文已释放
2026-05-22 18:05:35 [INFO] TensorRT 引擎已释放
2026-05-22 18:05:35 [INFO] 全局 CUDA 资源已释放
2026-05-22 18:05:35 [INFO] 分割系统资源已释放
2026-05-22 18:05:39 [INFO] CUDA 初始化成功
2026-05-22 18:05:39 [INFO] 引擎加载成功: scrap_steel.engine
2026-05-22 18:05:39 [INFO] 分割系统初始化成功
2026-05-22 18:05:39 [INFO] 图像预处理完成，原始尺寸: (2160, 3840)
2026-05-22 18:05:39 [INFO] 开始执行分割...
2026-05-22 18:05:39 [DEBUG] 处理后的检测结果形状: (1, 8400, 6)
2026-05-22 18:05:39 [DEBUG] 示例检测结果: [[-4.11328125e+00 -3.36955261e+00  3.87644730e+01  1.60087624e+01
   4.47726904e-08  5.00000000e+00]
 [-6.46537399e+00 -3.12599850e+00  4.38836784e+01  3.00906448e+01
   9.61774660e-09  9.00000000e+00]
 [-3.69370270e+00 -3.66974545e+00  4.55325165e+01  3.04838791e+01
   4.15903756e-09  9.00000000e+00]]
2026-05-22 18:05:39 [DEBUG] 处理后检测输出形状: (0, 52)
2026-05-22 18:05:39 [DEBUG] 有效检测数量: 0
2026-05-22 18:05:39 [DEBUG] 检测输出为空
2026-05-22 18:05:39 [INFO] 掩码中检测到的类别: [0, 1, 2, 3, 4, 5, 6, 7, 8, 9, 10, 11, 12, 13, 15]
2026-05-22 18:05:39 [INFO] 分割完成，检测到 0 个物体
2026-05-22 18:05:39 [INFO] 从分割掩码中提取检测结果
2026-05-22 18:05:39 [INFO] 从掩码中提取了 394 个检测框
2026-05-22 18:05:39 [INFO] 计算出的车框矩形边界: (954, 696) to (3205, 1707)
2026-05-22 18:05:39 [INFO] 原始检测数: 394, 过滤后检测数: 204
2026-05-22 18:05:40 [INFO] 保存分割和检测结果到: C:\code\show\Scrap_Steel_In_Field\photos\segmentation\segment_20260522_180539.jpg
2026-05-22 18:05:40 [INFO] JSON结果保存到: C:\code\show\Scrap_Steel_In_Field\photos\segmentation_result.json
2026-05-22 18:05:40 [INFO] 类别统计：{0: 7, 1: 44, 2: 29, 3: 0, 4: 18, 5: 41, 6: 19, 7: 26, 8: 51, 9: 48, 10: 22, 11: 15, 12: 19, 13: 40, 14: 0, 15: 15}
2026-05-22 18:05:40 [INFO] 面积统计：{0: 4220460.0, 1: 743220.0, 2: 42732.0, 3: 152460.0, 4: 111600.0, 5: 83664.0, 6: 474552.0, 7: 47376.0, 8: 989892.0, 9: 185652.0, 10: 131184.0, 11: 249948.0, 12: 87660.0, 13: 577152.0, 15: 190152.0}
2026-05-22 18:05:40 [INFO] 分割成功
2026-05-22 18:05:40 [INFO] 引擎上下文已释放
2026-05-22 18:05:40 [INFO] TensorRT 引擎已释放
2026-05-22 18:05:40 [INFO] 全局 CUDA 资源已释放
2026-05-22 18:05:40 [INFO] 分割系统资源已释放
2026-05-22 18:05:44 [INFO] CUDA 初始化成功
2026-05-22 18:05:44 [INFO] 引擎加载成功: scrap_steel.engine
2026-05-22 18:05:44 [INFO] 分割系统初始化成功
