2026-07-20 10:54:16 [INFO] CUDA 初始化成功
2026-07-20 10:54:16 [INFO] 引擎加载成功: scrap_steel.engine
2026-07-20 10:54:16 [INFO] 分割系统初始化成功
2026-07-20 10:54:19 [INFO] 引擎加载成功: scrap_steel.engine
2026-07-20 10:54:19 [INFO] 分割系统初始化成功
2026-07-20 10:54:19 [INFO] 图像预处理完成，原始尺寸: (2160, 3840)
2026-07-20 10:54:19 [INFO] 开始执行分割...
2026-07-20 10:54:19 [ERROR] 推理过程发生异常: explicit_context_dependent failed: invalid device context - no currently active context?
2026-07-20 10:54:19 [INFO] 分割完成，检测到 0 个物体
2026-07-20 10:54:19 [INFO] 计算出的车框矩形边界: (1039, 702) to (3248, 1645)
2026-07-20 10:54:19 [INFO] 原始检测数: 0, 过滤后检测数: 0
2026-07-20 10:54:19 [ERROR] 保存结果失败: 'NoneType' object has no attribute 'shape'
2026-07-20 10:54:19 [ERROR] 分割失败: 未能生成有效的分割掩码
2026-07-20 10:54:19 [INFO] 引擎上下文已释放
2026-07-20 10:54:19 [INFO] TensorRT 引擎已释放
2026-07-20 10:54:19 [INFO] 全局 CUDA 资源已释放
2026-07-20 10:54:19 [INFO] 分割系统资源已释放
2026-07-20 10:54:26 [INFO] CUDA 初始化成功
2026-07-20 10:54:26 [INFO] 引擎加载成功: scrap_steel.engine
2026-07-20 10:54:26 [INFO] 分割系统初始化成功
2026-07-20 10:54:27 [INFO] 图像预处理完成，原始尺寸: (2160, 3840)
2026-07-20 10:54:27 [INFO] 开始执行分割...
2026-07-20 10:54:27 [DEBUG] 处理后的检测结果形状: (1, 8400, 6)
2026-07-20 10:54:27 [DEBUG] 示例检测结果: [[-4.06103516e+00 -3.21530151e+00  3.90370674e+01  1.53876801e+01
   3.88853110e-08  5.00000000e+00]
 [-6.28313446e+00 -2.98370171e+00  4.44875145e+01  2.98244114e+01
   9.07538045e-09  9.00000000e+00]
 [-3.52903748e+00 -3.46633625e+00  4.57005234e+01  3.03156090e+01
   4.03817779e-09  9.00000000e+00]]
2026-07-20 10:54:27 [DEBUG] 处理后检测输出形状: (0, 52)
2026-07-20 10:54:27 [DEBUG] 有效检测数量: 0
2026-07-20 10:54:27 [DEBUG] 检测输出为空
2026-07-20 10:54:27 [INFO] 掩码中检测到的类别: [0, 1, 2, 3, 4, 5, 6, 7, 8, 9, 10, 11, 12, 13, 15]
2026-07-20 10:54:27 [INFO] 分割完成，检测到 0 个物体
2026-07-20 10:54:27 [INFO] 从分割掩码中提取检测结果
2026-07-20 10:54:27 [INFO] 从掩码中提取了 455 个检测框
2026-07-20 10:54:27 [INFO] 计算出的车框矩形边界: (1040, 701) to (3249, 1645)
2026-07-20 10:54:27 [INFO] 原始检测数: 455, 过滤后检测数: 215
2026-07-20 10:54:28 [INFO] 保存分割和检测结果到: C:\code\show\Scrap_Steel_In_Field\photos\segmentation\segment_20260720_105427.jpg
2026-07-20 10:54:28 [INFO] JSON结果保存到: C:\code\show\Scrap_Steel_In_Field\photos\segmentation_result.json
2026-07-20 10:54:28 [INFO] 类别统计：{0: 11, 1: 61, 2: 25, 3: 1, 4: 29, 5: 33, 6: 21, 7: 35, 8: 50, 9: 51, 10: 24, 11: 25, 12: 10, 13: 58, 14: 0, 15: 21}
2026-07-20 10:54:28 [INFO] 面积统计：{0: 4281264.0, 1: 643968.0, 2: 72324.0, 3: 184212.0, 4: 226512.0, 5: 85356.0, 6: 480132.0, 7: 46296.0, 8: 762984.0, 9: 130716.0, 10: 153828.0, 11: 319392.0, 12: 67392.0, 13: 734148.0, 15: 85176.0}
2026-07-20 10:54:28 [INFO] 分割成功
2026-07-20 10:54:28 [INFO] 引擎上下文已释放
2026-07-20 10:54:28 [INFO] TensorRT 引擎已释放
2026-07-20 10:54:28 [INFO] 全局 CUDA 资源已释放
2026-07-20 10:54:28 [INFO] 分割系统资源已释放
2026-07-20 10:54:31 [INFO] CUDA 初始化成功
2026-07-20 10:54:31 [INFO] 引擎加载成功: scrap_steel.engine
2026-07-20 10:54:31 [INFO] 分割系统初始化成功
2026-07-20 10:54:31 [INFO] 图像预处理完成，原始尺寸: (2160, 3840)
2026-07-20 10:54:31 [INFO] 开始执行分割...
2026-07-20 10:54:31 [DEBUG] 处理后的检测结果形状: (1, 8400, 6)
2026-07-20 10:54:31 [DEBUG] 示例检测结果: [[-4.04721832e+00 -3.22805882e+00  3.91100922e+01  1.53804960e+01
   3.91772872e-08  5.00000000e+00]
 [-6.23549271e+00 -2.97320080e+00  4.44667358e+01  2.97631493e+01
   9.35025746e-09  9.00000000e+00]
 [-3.52925491e+00 -3.48055172e+00  4.57334404e+01  3.04040947e+01
   4.21678692e-09  9.00000000e+00]]
2026-07-20 10:54:31 [DEBUG] 处理后检测输出形状: (0, 52)
2026-07-20 10:54:31 [DEBUG] 有效检测数量: 0
2026-07-20 10:54:31 [DEBUG] 检测输出为空
2026-07-20 10:54:31 [INFO] 掩码中检测到的类别: [0, 1, 2, 3, 4, 5, 6, 7, 8, 9, 10, 11, 12, 13, 15]
2026-07-20 10:54:31 [INFO] 分割完成，检测到 0 个物体
2026-07-20 10:54:31 [INFO] 从分割掩码中提取检测结果
2026-07-20 10:54:32 [INFO] 从掩码中提取了 471 个检测框
2026-07-20 10:54:32 [INFO] 计算出的车框矩形边界: (1040, 701) to (3248, 1645)
2026-07-20 10:54:32 [INFO] 原始检测数: 471, 过滤后检测数: 191
2026-07-20 10:54:32 [INFO] 保存分割和检测结果到: C:\code\show\Scrap_Steel_In_Field\photos\segmentation\segment_20260720_105432.jpg
2026-07-20 10:54:32 [INFO] JSON结果保存到: C:\code\show\Scrap_Steel_In_Field\photos\segmentation_result.json
2026-07-20 10:54:32 [INFO] 类别统计：{0: 20, 1: 64, 2: 24, 3: 1, 4: 26, 5: 36, 6: 18, 7: 38, 8: 54, 9: 42, 10: 18, 11: 23, 12: 8, 13: 71, 14: 0, 15: 28}
2026-07-20 10:54:32 [INFO] 面积统计：{0: 4221036.0, 1: 646920.0, 2: 75024.0, 3: 183024.0, 4: 231048.0, 5: 86436.0, 6: 483300.0, 7: 49032.0, 8: 774036.0, 9: 127008.0, 10: 167976.0, 11: 317160.0, 12: 65916.0, 13: 750672.0, 15: 92340.0}
2026-07-20 10:54:33 [INFO] 分割成功
2026-07-20 10:54:33 [INFO] 引擎上下文已释放
2026-07-20 10:54:33 [INFO] TensorRT 引擎已释放
2026-07-20 10:54:33 [INFO] 全局 CUDA 资源已释放
2026-07-20 10:54:33 [INFO] 分割系统资源已释放
2026-07-20 10:54:38 [INFO] CUDA 初始化成功
2026-07-20 10:54:38 [INFO] 引擎加载成功: scrap_steel.engine
2026-07-20 10:54:38 [INFO] 分割系统初始化成功
2026-07-20 10:54:38 [INFO] 图像预处理完成，原始尺寸: (2160, 3840)
2026-07-20 10:54:38 [INFO] 开始执行分割...
2026-07-20 10:54:38 [DEBUG] 处理后的检测结果形状: (1, 8400, 6)
2026-07-20 10:54:38 [DEBUG] 示例检测结果: [[-4.07777786e+00 -3.24806118e+00  3.90345497e+01  1.54445353e+01
   3.97944220e-08  5.00000000e+00]
 [-6.25877380e+00 -3.00736332e+00  4.43722763e+01  2.98186760e+01
   9.31560162e-09  9.00000000e+00]
 [-3.55855560e+00 -3.54870033e+00  4.56689110e+01  3.03946133e+01
   4.15215862e-09  9.00000000e+00]]
2026-07-20 10:54:38 [DEBUG] 处理后检测输出形状: (0, 52)
2026-07-20 10:54:38 [DEBUG] 有效检测数量: 0
2026-07-20 10:54:38 [DEBUG] 检测输出为空
2026-07-20 10:54:38 [INFO] 掩码中检测到的类别: [0, 1, 2, 3, 4, 5, 6, 7, 8, 9, 10, 11, 12, 13, 15]
2026-07-20 10:54:38 [INFO] 分割完成，检测到 0 个物体
2026-07-20 10:54:38 [INFO] 从分割掩码中提取检测结果
2026-07-20 10:54:39 [INFO] 从掩码中提取了 469 个检测框
2026-07-20 10:54:39 [INFO] 计算出的车框矩形边界: (1040, 701) to (3248, 1646)
2026-07-20 10:54:39 [INFO] 原始检测数: 469, 过滤后检测数: 217
2026-07-20 10:54:39 [INFO] 保存分割和检测结果到: C:\code\show\Scrap_Steel_In_Field\photos\segmentation\segment_20260720_105439.jpg
2026-07-20 10:54:39 [INFO] JSON结果保存到: C:\code\show\Scrap_Steel_In_Field\photos\segmentation_result.json
2026-07-20 10:54:39 [INFO] 类别统计：{0: 11, 1: 56, 2: 26, 3: 1, 4: 33, 5: 35, 6: 24, 7: 36, 8: 57, 9: 49, 10: 23, 11: 26, 12: 10, 13: 60, 14: 0, 15: 22}
2026-07-20 10:54:39 [INFO] 面积统计：{0: 4184532.0, 1: 649584.0, 2: 73404.0, 3: 180612.0, 4: 208188.0, 5: 84024.0, 6: 486936.0, 7: 52164.0, 8: 780012.0, 9: 137160.0, 10: 162108.0, 11: 331344.0, 12: 70452.0, 13: 732240.0, 15: 100584.0}
2026-07-20 10:54:39 [INFO] 分割成功
2026-07-20 10:54:39 [INFO] 引擎上下文已释放
2026-07-20 10:54:39 [INFO] TensorRT 引擎已释放
2026-07-20 10:54:39 [INFO] 全局 CUDA 资源已释放
2026-07-20 10:54:39 [INFO] 分割系统资源已释放
2026-07-20 10:54:43 [INFO] CUDA 初始化成功
2026-07-20 10:54:43 [INFO] 引擎加载成功: scrap_steel.engine
2026-07-20 10:54:43 [INFO] 分割系统初始化成功
2026-07-20 10:54:43 [INFO] 图像预处理完成，原始尺寸: (2160, 3840)
2026-07-20 10:54:43 [INFO] 开始执行分割...
2026-07-20 10:54:43 [DEBUG] 处理后的检测结果形状: (1, 8400, 6)
2026-07-20 10:54:43 [DEBUG] 示例检测结果: [[-4.09568405e+00 -3.24550056e+00  3.91335106e+01  1.55289078e+01
   3.96387563e-08  5.00000000e+00]
 [-6.32653427e+00 -3.01743698e+00  4.44442024e+01  2.98438301e+01
   9.35208977e-09  9.00000000e+00]
 [-3.55985260e+00 -3.49233246e+00  4.57111588e+01  3.03536148e+01
   4.15172607e-09  9.00000000e+00]]
2026-07-20 10:54:43 [DEBUG] 处理后检测输出形状: (0, 52)
2026-07-20 10:54:43 [DEBUG] 有效检测数量: 0
2026-07-20 10:54:43 [DEBUG] 检测输出为空
2026-07-20 10:54:43 [INFO] 掩码中检测到的类别: [0, 1, 2, 3, 4, 5, 6, 7, 8, 9, 10, 11, 12, 13, 15]
2026-07-20 10:54:43 [INFO] 分割完成，检测到 0 个物体
2026-07-20 10:54:43 [INFO] 从分割掩码中提取检测结果
2026-07-20 10:54:43 [INFO] 从掩码中提取了 460 个检测框
2026-07-20 10:54:43 [INFO] 计算出的车框矩形边界: (1041, 706) to (3247, 1645)
2026-07-20 10:54:43 [INFO] 原始检测数: 460, 过滤后检测数: 216
2026-07-20 10:54:44 [INFO] 保存分割和检测结果到: C:\code\show\Scrap_Steel_In_Field\photos\segmentation\segment_20260720_105443.jpg
2026-07-20 10:54:44 [INFO] JSON结果保存到: C:\code\show\Scrap_Steel_In_Field\photos\segmentation_result.json
2026-07-20 10:54:44 [INFO] 类别统计：{0: 10, 1: 61, 2: 29, 3: 1, 4: 31, 5: 32, 6: 25, 7: 38, 8: 45, 9: 47, 10: 27, 11: 25, 12: 11, 13: 56, 14: 0, 15: 22}
2026-07-20 10:54:44 [INFO] 面积统计：{0: 4287672.0, 1: 639108.0, 2: 76824.0, 3: 177444.0, 4: 214920.0, 5: 79992.0, 6: 485856.0, 7: 42876.0, 8: 774072.0, 9: 120204.0, 10: 157104.0, 11: 326772.0, 12: 64332.0, 13: 723456.0, 15: 87912.0}
2026-07-20 10:54:44 [INFO] 分割成功
2026-07-20 10:54:44 [INFO] 引擎上下文已释放
2026-07-20 10:54:44 [INFO] TensorRT 引擎已释放
2026-07-20 10:54:44 [INFO] 全局 CUDA 资源已释放
2026-07-20 10:54:44 [INFO] 分割系统资源已释放
2026-07-20 10:54:48 [INFO] CUDA 初始化成功
2026-07-20 10:54:48 [INFO] 引擎加载成功: scrap_steel.engine
2026-07-20 10:54:48 [INFO] 分割系统初始化成功
2026-07-20 10:54:48 [INFO] 图像预处理完成，原始尺寸: (2160, 3840)
2026-07-20 10:54:48 [INFO] 开始执行分割...
2026-07-20 10:54:48 [DEBUG] 处理后的检测结果形状: (1, 8400, 6)
2026-07-20 10:54:48 [DEBUG] 示例检测结果: [[-4.06172180e+00 -3.26499844e+00  3.91535034e+01  1.55669699e+01
   4.13913881e-08  5.00000000e+00]
 [-6.30015945e+00 -3.01487350e+00  4.45676765e+01  3.00984459e+01
   9.85609461e-09  9.00000000e+00]
 [-3.57826233e+00 -3.53372955e+00  4.57954178e+01  3.06429367e+01
   4.48297399e-09  9.00000000e+00]]
2026-07-20 10:54:48 [DEBUG] 处理后检测输出形状: (0, 52)
2026-07-20 10:54:48 [DEBUG] 有效检测数量: 0
2026-07-20 10:54:48 [DEBUG] 检测输出为空
2026-07-20 10:54:48 [INFO] 掩码中检测到的类别: [0, 1, 2, 3, 4, 5, 6, 7, 8, 9, 10, 11, 12, 13, 15]
2026-07-20 10:54:49 [INFO] 分割完成，检测到 0 个物体
2026-07-20 10:54:49 [INFO] 从分割掩码中提取检测结果
2026-07-20 10:54:49 [INFO] 从掩码中提取了 412 个检测框
2026-07-20 10:54:49 [INFO] 计算出的车框矩形边界: (1039, 699) to (3247, 1645)
2026-07-20 10:54:49 [INFO] 原始检测数: 412, 过滤后检测数: 199
2026-07-20 10:54:50 [INFO] 保存分割和检测结果到: C:\code\show\Scrap_Steel_In_Field\photos\segmentation\segment_20260720_105449.jpg
2026-07-20 10:54:50 [INFO] JSON结果保存到: C:\code\show\Scrap_Steel_In_Field\photos\segmentation_result.json
2026-07-20 10:54:50 [INFO] 类别统计：{0: 3, 1: 58, 2: 27, 3: 2, 4: 25, 5: 27, 6: 21, 7: 25, 8: 48, 9: 43, 10: 21, 11: 19, 12: 10, 13: 59, 14: 0, 15: 24}
2026-07-20 10:54:50 [INFO] 面积统计：{0: 3954528.0, 1: 616968.0, 2: 75384.0, 3: 172476.0, 4: 219348.0, 5: 74592.0, 6: 511776.0, 7: 23652.0, 8: 884196.0, 9: 105588.0, 10: 160992.0, 11: 323640.0, 12: 52416.0, 13: 733068.0, 15: 124560.0}
2026-07-20 10:54:50 [INFO] 分割成功
2026-07-20 10:54:50 [INFO] 引擎上下文已释放
2026-07-20 10:54:50 [INFO] TensorRT 引擎已释放
2026-07-20 10:54:50 [INFO] 全局 CUDA 资源已释放
2026-07-20 10:54:50 [INFO] 分割系统资源已释放
2026-07-20 10:54:53 [INFO] CUDA 初始化成功
2026-07-20 10:54:53 [INFO] 引擎加载成功: scrap_steel.engine
2026-07-20 10:54:54 [INFO] 分割系统初始化成功
2026-07-20 10:54:54 [INFO] 图像预处理完成，原始尺寸: (2160, 3840)
2026-07-20 10:54:54 [INFO] 开始执行分割...
2026-07-20 10:54:54 [DEBUG] 处理后的检测结果形状: (1, 8400, 6)
2026-07-20 10:54:54 [DEBUG] 示例检测结果: [[-4.08923721e+00 -3.22876549e+00  3.90926781e+01  1.54463501e+01
   3.91772872e-08  5.00000000e+00]
 [-6.30648804e+00 -2.99581242e+00  4.43785553e+01  2.98612213e+01
   9.20502874e-09  9.00000000e+00]
 [-3.54312897e+00 -3.48067951e+00  4.56920013e+01  3.03679848e+01
   4.15120738e-09  9.00000000e+00]]
2026-07-20 10:54:54 [DEBUG] 处理后检测输出形状: (0, 52)
2026-07-20 10:54:54 [DEBUG] 有效检测数量: 0
2026-07-20 10:54:54 [DEBUG] 检测输出为空
2026-07-20 10:54:54 [INFO] 掩码中检测到的类别: [0, 1, 2, 3, 4, 5, 6, 7, 8, 9, 10, 11, 12, 13, 15]
2026-07-20 10:54:54 [INFO] 分割完成，检测到 0 个物体
2026-07-20 10:54:54 [INFO] 从分割掩码中提取检测结果
2026-07-20 10:54:54 [INFO] 从掩码中提取了 431 个检测框
2026-07-20 10:54:54 [INFO] 计算出的车框矩形边界: (1040, 700) to (3251, 1645)
2026-07-20 10:54:54 [INFO] 原始检测数: 431, 过滤后检测数: 202
2026-07-20 10:54:55 [INFO] 保存分割和检测结果到: C:\code\show\Scrap_Steel_In_Field\photos\segmentation\segment_20260720_105454.jpg
2026-07-20 10:54:55 [INFO] JSON结果保存到: C:\code\show\Scrap_Steel_In_Field\photos\segmentation_result.json
2026-07-20 10:54:55 [INFO] 类别统计：{0: 9, 1: 58, 2: 24, 3: 1, 4: 30, 5: 33, 6: 20, 7: 34, 8: 45, 9: 43, 10: 21, 11: 21, 12: 11, 13: 58, 14: 0, 15: 23}
2026-07-20 10:54:55 [INFO] 面积统计：{0: 4237812.0, 1: 638820.0, 2: 69984.0, 3: 180432.0, 4: 232848.0, 5: 78012.0, 6: 484740.0, 7: 43776.0, 8: 780444.0, 9: 142596.0, 10: 162468.0, 11: 323784.0, 12: 67644.0, 13: 729000.0, 15: 85392.0}
2026-07-20 10:54:55 [INFO] 分割成功
2026-07-20 10:54:55 [INFO] 引擎上下文已释放
2026-07-20 10:54:55 [INFO] TensorRT 引擎已释放
2026-07-20 10:54:55 [INFO] 全局 CUDA 资源已释放
2026-07-20 10:54:55 [INFO] 分割系统资源已释放
2026-07-20 10:54:58 [INFO] CUDA 初始化成功
2026-07-20 10:54:58 [INFO] 引擎加载成功: scrap_steel.engine
2026-07-20 10:54:58 [INFO] 分割系统初始化成功
2026-07-20 10:54:58 [INFO] 图像预处理完成，原始尺寸: (2160, 3840)
2026-07-20 10:54:58 [INFO] 开始执行分割...
2026-07-20 10:54:59 [DEBUG] 处理后的检测结果形状: (1, 8400, 6)
2026-07-20 10:54:59 [DEBUG] 示例检测结果: [[-4.03396988e+00 -3.19102621e+00  3.89086304e+01  1.52076511e+01
   4.01043501e-08  5.00000000e+00]
 [-6.24118042e+00 -2.96936417e+00  4.43834114e+01  2.97304878e+01
   9.50076462e-09  9.00000000e+00]
 [-3.53889847e+00 -3.47878647e+00  4.56793976e+01  3.03200798e+01
   4.21761293e-09  9.00000000e+00]]
2026-07-20 10:54:59 [DEBUG] 处理后检测输出形状: (0, 52)
2026-07-20 10:54:59 [DEBUG] 有效检测数量: 0
2026-07-20 10:54:59 [DEBUG] 检测输出为空
2026-07-20 10:54:59 [INFO] 掩码中检测到的类别: [0, 1, 2, 3, 4, 5, 6, 7, 8, 9, 10, 11, 12, 13, 15]
2026-07-20 10:54:59 [INFO] 分割完成，检测到 0 个物体
2026-07-20 10:54:59 [INFO] 从分割掩码中提取检测结果
2026-07-20 10:54:59 [INFO] 从掩码中提取了 462 个检测框
2026-07-20 10:54:59 [INFO] 计算出的车框矩形边界: (1040, 704) to (3249, 1645)
2026-07-20 10:54:59 [INFO] 原始检测数: 462, 过滤后检测数: 209
2026-07-20 10:55:00 [INFO] 保存分割和检测结果到: C:\code\show\Scrap_Steel_In_Field\photos\segmentation\segment_20260720_105459.jpg
2026-07-20 10:55:00 [INFO] JSON结果保存到: C:\code\show\Scrap_Steel_In_Field\photos\segmentation_result.json
2026-07-20 10:55:00 [INFO] 类别统计：{0: 8, 1: 60, 2: 29, 3: 1, 4: 30, 5: 32, 6: 16, 7: 38, 8: 55, 9: 39, 10: 22, 11: 26, 12: 12, 13: 62, 14: 0, 15: 32}
2026-07-20 10:55:00 [INFO] 面积统计：{0: 4222404.0, 1: 639900.0, 2: 72144.0, 3: 185580.0, 4: 217548.0, 5: 83952.0, 6: 479340.0, 7: 47484.0, 8: 769356.0, 9: 122400.0, 10: 160092.0, 11: 332064.0, 12: 67320.0, 13: 724248.0, 15: 96984.0}
2026-07-20 10:55:00 [INFO] 分割成功
2026-07-20 10:55:00 [INFO] 引擎上下文已释放
2026-07-20 10:55:00 [INFO] TensorRT 引擎已释放
2026-07-20 10:55:00 [INFO] 全局 CUDA 资源已释放
2026-07-20 10:55:00 [INFO] 分割系统资源已释放
2026-07-20 10:55:04 [INFO] CUDA 初始化成功
2026-07-20 10:55:04 [INFO] 引擎加载成功: scrap_steel.engine
2026-07-20 10:55:04 [INFO] 分割系统初始化成功
2026-07-20 10:55:04 [INFO] 图像预处理完成，原始尺寸: (2160, 3840)
2026-07-20 10:55:04 [INFO] 开始执行分割...
2026-07-20 10:55:04 [DEBUG] 处理后的检测结果形状: (1, 8400, 6)
2026-07-20 10:55:04 [DEBUG] 示例检测结果: [[-4.09421158e+00 -3.27005482e+00  3.90508995e+01  1.55662603e+01
   3.97944220e-08  5.00000000e+00]
 [-6.27289581e+00 -3.03324604e+00  4.44342155e+01  2.98771095e+01
   9.31560162e-09  9.00000000e+00]
 [-3.54891205e+00 -3.53779602e+00  4.57322845e+01  3.04193687e+01
   4.16823909e-09  9.00000000e+00]]
2026-07-20 10:55:04 [DEBUG] 处理后检测输出形状: (0, 52)
2026-07-20 10:55:04 [DEBUG] 有效检测数量: 0
2026-07-20 10:55:04 [DEBUG] 检测输出为空
2026-07-20 10:55:04 [INFO] 掩码中检测到的类别: [0, 1, 2, 3, 4, 5, 6, 7, 8, 9, 10, 11, 12, 13, 15]
2026-07-20 10:55:04 [INFO] 分割完成，检测到 0 个物体
2026-07-20 10:55:04 [INFO] 从分割掩码中提取检测结果
2026-07-20 10:55:04 [INFO] 从掩码中提取了 515 个检测框
2026-07-20 10:55:04 [INFO] 计算出的车框矩形边界: (1040, 701) to (3249, 1646)
2026-07-20 10:55:04 [INFO] 原始检测数: 515, 过滤后检测数: 224
2026-07-20 10:55:05 [INFO] 保存分割和检测结果到: C:\code\show\Scrap_Steel_In_Field\photos\segmentation\segment_20260720_105504.jpg
2026-07-20 10:55:05 [INFO] JSON结果保存到: C:\code\show\Scrap_Steel_In_Field\photos\segmentation_result.json
2026-07-20 10:55:05 [INFO] 类别统计：{0: 27, 1: 68, 2: 30, 3: 5, 4: 37, 5: 38, 6: 22, 7: 40, 8: 48, 9: 50, 10: 23, 11: 23, 12: 11, 13: 60, 14: 0, 15: 33}
2026-07-20 10:55:05 [INFO] 面积统计：{0: 4082436.0, 1: 907524.0, 2: 72288.0, 3: 181224.0, 4: 190404.0, 5: 97092.0, 6: 437076.0, 7: 55008.0, 8: 791676.0, 9: 215928.0, 10: 148284.0, 11: 348768.0, 12: 54864.0, 13: 758628.0, 15: 111528.0}
2026-07-20 10:55:05 [INFO] 分割成功
2026-07-20 10:55:05 [INFO] 引擎上下文已释放
2026-07-20 10:55:05 [INFO] TensorRT 引擎已释放
2026-07-20 10:55:05 [INFO] 全局 CUDA 资源已释放
2026-07-20 10:55:05 [INFO] 分割系统资源已释放
2026-07-20 10:55:09 [INFO] CUDA 初始化成功
2026-07-20 10:55:09 [INFO] 引擎加载成功: scrap_steel.engine
2026-07-20 10:55:09 [INFO] 分割系统初始化成功
2026-07-20 10:55:09 [INFO] 图像预处理完成，原始尺寸: (2160, 3840)
2026-07-20 10:55:09 [INFO] 开始执行分割...
2026-07-20 10:55:09 [DEBUG] 处理后的检测结果形状: (1, 8400, 6)
2026-07-20 10:55:09 [DEBUG] 示例检测结果: [[-4.04744720e+00 -3.21030855e+00  3.89978981e+01  1.54216042e+01
   3.97944220e-08  5.00000000e+00]
 [-6.28020096e+00 -2.96765041e+00  4.44002266e+01  2.97345963e+01
   9.27742239e-09  9.00000000e+00]
 [-3.53971481e+00 -3.47582340e+00  4.56862221e+01  3.03262787e+01
   4.13531609e-09  9.00000000e+00]]
2026-07-20 10:55:09 [DEBUG] 处理后检测输出形状: (0, 52)
2026-07-20 10:55:09 [DEBUG] 有效检测数量: 0
2026-07-20 10:55:09 [DEBUG] 检测输出为空
2026-07-20 10:55:09 [INFO] 掩码中检测到的类别: [0, 1, 2, 3, 4, 5, 6, 7, 8, 9, 10, 11, 12, 13, 15]
2026-07-20 10:55:09 [INFO] 分割完成，检测到 0 个物体
2026-07-20 10:55:09 [INFO] 从分割掩码中提取检测结果
2026-07-20 10:55:10 [INFO] 从掩码中提取了 540 个检测框
2026-07-20 10:55:10 [INFO] 计算出的车框矩形边界: (1040, 701) to (3249, 1645)
2026-07-20 10:55:10 [INFO] 原始检测数: 540, 过滤后检测数: 234
2026-07-20 10:55:10 [INFO] 保存分割和检测结果到: C:\code\show\Scrap_Steel_In_Field\photos\segmentation\segment_20260720_105510.jpg
2026-07-20 10:55:10 [INFO] JSON结果保存到: C:\code\show\Scrap_Steel_In_Field\photos\segmentation_result.json
2026-07-20 10:55:10 [INFO] 类别统计：{0: 33, 1: 64, 2: 26, 3: 5, 4: 41, 5: 38, 6: 23, 7: 46, 8: 55, 9: 55, 10: 26, 11: 28, 12: 12, 13: 60, 14: 0, 15: 28}
2026-07-20 10:55:10 [INFO] 面积统计：{0: 4022676.0, 1: 879264.0, 2: 80784.0, 3: 190944.0, 4: 186768.0, 5: 104724.0, 6: 433620.0, 7: 53316.0, 8: 780264.0, 9: 218232.0, 10: 150768.0, 11: 346680.0, 12: 52920.0, 13: 748152.0, 15: 100260.0}
2026-07-20 10:55:10 [INFO] 分割成功
2026-07-20 10:55:10 [INFO] 引擎上下文已释放
2026-07-20 10:55:10 [INFO] TensorRT 引擎已释放
2026-07-20 10:55:10 [INFO] 全局 CUDA 资源已释放
2026-07-20 10:55:10 [INFO] 分割系统资源已释放
2026-07-20 10:55:14 [INFO] CUDA 初始化成功
2026-07-20 10:55:14 [INFO] 引擎加载成功: scrap_steel.engine
2026-07-20 10:55:14 [INFO] 分割系统初始化成功
2026-07-20 10:55:14 [INFO] 图像预处理完成，原始尺寸: (2160, 3840)
2026-07-20 10:55:14 [INFO] 开始执行分割...
2026-07-20 10:55:15 [DEBUG] 处理后的检测结果形状: (1, 8400, 6)
2026-07-20 10:55:15 [DEBUG] 示例检测结果: [[-4.03301620e+00 -3.27685165e+00  3.90270004e+01  1.55644665e+01
   4.17281996e-08  5.00000000e+00]
 [-6.23449707e+00 -3.02898026e+00  4.44515419e+01  3.00642281e+01
   9.63209246e-09  9.00000000e+00]
 [-3.57785797e+00 -3.55709457e+00  4.57063370e+01  3.05938721e+01
   4.29900737e-09  9.00000000e+00]]
2026-07-20 10:55:15 [DEBUG] 处理后检测输出形状: (0, 52)
2026-07-20 10:55:15 [DEBUG] 有效检测数量: 0
2026-07-20 10:55:15 [DEBUG] 检测输出为空
2026-07-20 10:55:15 [INFO] 掩码中检测到的类别: [0, 1, 2, 3, 4, 5, 6, 7, 8, 9, 10, 11, 12, 13, 15]
2026-07-20 10:55:15 [INFO] 分割完成，检测到 0 个物体
2026-07-20 10:55:15 [INFO] 从分割掩码中提取检测结果
2026-07-20 10:55:15 [INFO] 从掩码中提取了 454 个检测框
2026-07-20 10:55:15 [ERROR] 保存结果失败: 'NoneType' object has no attribute 'astype'
2026-07-20 10:55:15 [INFO] 分割成功
2026-07-20 10:55:15 [INFO] 引擎上下文已释放
2026-07-20 10:55:15 [INFO] TensorRT 引擎已释放
2026-07-20 10:55:15 [INFO] 全局 CUDA 资源已释放
2026-07-20 10:55:15 [INFO] 分割系统资源已释放
2026-07-20 10:55:19 [INFO] CUDA 初始化成功
2026-07-20 10:55:20 [INFO] 引擎加载成功: scrap_steel.engine
2026-07-20 10:55:20 [INFO] 分割系统初始化成功
2026-07-20 10:55:20 [INFO] 图像预处理完成，原始尺寸: (2160, 3840)
2026-07-20 10:55:20 [INFO] 开始执行分割...
2026-07-20 10:55:20 [DEBUG] 处理后的检测结果形状: (1, 8400, 6)
2026-07-20 10:55:20 [DEBUG] 示例检测结果: [[-4.01972580e+00 -3.24009895e+00  3.90571899e+01  1.53675938e+01
   4.01203266e-08  5.00000000e+00]
 [-6.20995712e+00 -2.98391819e+00  4.43945885e+01  2.97695122e+01
   9.50076462e-09  9.00000000e+00]
 [-3.57214355e+00 -3.52035332e+00  4.56592407e+01  3.03565083e+01
   4.26651869e-09  9.00000000e+00]]
2026-07-20 10:55:20 [DEBUG] 处理后检测输出形状: (0, 52)
2026-07-20 10:55:20 [DEBUG] 有效检测数量: 0
2026-07-20 10:55:20 [DEBUG] 检测输出为空
2026-07-20 10:55:20 [INFO] 掩码中检测到的类别: [0, 1, 2, 3, 4, 5, 6, 7, 8, 9, 10, 11, 12, 13, 15]
2026-07-20 10:55:20 [INFO] 分割完成，检测到 0 个物体
2026-07-20 10:55:20 [INFO] 从分割掩码中提取检测结果
2026-07-20 10:55:20 [INFO] 从掩码中提取了 497 个检测框
2026-07-20 10:55:20 [INFO] 计算出的车框矩形边界: (1019, 704) to (3231, 1653)
2026-07-20 10:55:20 [INFO] 原始检测数: 497, 过滤后检测数: 186
2026-07-20 10:55:22 [INFO] 保存分割和检测结果到: C:\code\show\Scrap_Steel_In_Field\photos\segmentation\segment_20260720_105520.jpg
2026-07-20 10:55:22 [INFO] JSON结果保存到: C:\code\show\Scrap_Steel_In_Field\photos\segmentation_result.json
2026-07-20 10:55:22 [INFO] 类别统计：{0: 7, 1: 58, 2: 31, 3: 18, 4: 38, 5: 44, 6: 13, 7: 35, 8: 55, 9: 46, 10: 19, 11: 35, 12: 9, 13: 65, 14: 0, 15: 24}
2026-07-20 10:55:22 [INFO] 面积统计：{0: 3774456.0, 1: 741744.0, 2: 69768.0, 3: 195516.0, 4: 200304.0, 5: 78156.0, 6: 454320.0, 7: 39096.0, 8: 767736.0, 9: 290700.0, 10: 142560.0, 11: 330912.0, 12: 44964.0, 13: 669024.0, 15: 88488.0}
2026-07-20 10:55:22 [INFO] 分割成功
2026-07-20 10:55:22 [INFO] 引擎上下文已释放
2026-07-20 10:55:22 [INFO] TensorRT 引擎已释放
2026-07-20 10:55:22 [INFO] 全局 CUDA 资源已释放
2026-07-20 10:55:22 [INFO] 分割系统资源已释放
2026-07-20 10:55:25 [INFO] CUDA 初始化成功
2026-07-20 10:55:25 [INFO] 引擎加载成功: scrap_steel.engine
2026-07-20 10:55:25 [INFO] 分割系统初始化成功
2026-07-20 10:55:25 [INFO] 图像预处理完成，原始尺寸: (2160, 3840)
2026-07-20 10:55:25 [INFO] 开始执行分割...
2026-07-20 10:55:25 [DEBUG] 处理后的检测结果形状: (1, 8400, 6)
2026-07-20 10:55:25 [DEBUG] 示例检测结果: [[-4.00493622e+00 -3.22443962e+00  3.90478592e+01  1.53539448e+01
   4.01043501e-08  5.00000000e+00]
 [-6.21115494e+00 -2.95759869e+00  4.43774719e+01  2.97397346e+01
   9.72637526e-09  9.00000000e+00]
 [-3.56946182e+00 -3.47776222e+00  4.56619911e+01  3.03804607e+01
   4.28352021e-09  9.00000000e+00]]
2026-07-20 10:55:25 [DEBUG] 处理后检测输出形状: (0, 52)
2026-07-20 10:55:25 [DEBUG] 有效检测数量: 0
2026-07-20 10:55:25 [DEBUG] 检测输出为空
2026-07-20 10:55:25 [INFO] 掩码中检测到的类别: [0, 1, 2, 3, 4, 5, 6, 7, 8, 9, 10, 11, 12, 13, 15]
2026-07-20 10:55:25 [INFO] 分割完成，检测到 0 个物体
2026-07-20 10:55:25 [INFO] 从分割掩码中提取检测结果
2026-07-20 10:55:26 [INFO] 从掩码中提取了 480 个检测框
2026-07-20 10:55:26 [INFO] 计算出的车框矩形边界: (1027, 705) to (3232, 1648)
2026-07-20 10:55:26 [INFO] 原始检测数: 480, 过滤后检测数: 196
2026-07-20 10:55:27 [INFO] 保存分割和检测结果到: C:\code\show\Scrap_Steel_In_Field\photos\segmentation\segment_20260720_105526.jpg
2026-07-20 10:55:27 [INFO] JSON结果保存到: C:\code\show\Scrap_Steel_In_Field\photos\segmentation_result.json
2026-07-20 10:55:27 [INFO] 类别统计：{0: 18, 1: 66, 2: 24, 3: 8, 4: 33, 5: 39, 6: 15, 7: 31, 8: 45, 9: 59, 10: 23, 11: 30, 12: 7, 13: 63, 14: 0, 15: 19}
2026-07-20 10:55:27 [INFO] 面积统计：{0: 4464324.0, 1: 707652.0, 2: 66456.0, 3: 175140.0, 4: 150156.0, 5: 78912.0, 6: 401076.0, 7: 43200.0, 8: 788940.0, 9: 243684.0, 10: 142092.0, 11: 314748.0, 12: 46728.0, 13: 743760.0, 15: 123264.0}
2026-07-20 10:55:27 [INFO] 分割成功
2026-07-20 10:55:27 [INFO] 引擎上下文已释放
2026-07-20 10:55:27 [INFO] TensorRT 引擎已释放
2026-07-20 10:55:27 [INFO] 全局 CUDA 资源已释放
2026-07-20 10:55:27 [INFO] 分割系统资源已释放
2026-07-20 10:55:31 [INFO] CUDA 初始化成功
2026-07-20 10:55:31 [INFO] 引擎加载成功: scrap_steel.engine
2026-07-20 10:55:31 [INFO] 分割系统初始化成功
2026-07-20 10:55:31 [INFO] 图像预处理完成，原始尺寸: (2160, 3840)
2026-07-20 10:55:31 [INFO] 开始执行分割...
2026-07-20 10:55:31 [DEBUG] 处理后的检测结果形状: (1, 8400, 6)
2026-07-20 10:55:31 [DEBUG] 示例检测结果: [[-4.03480530e+00 -3.21309853e+00  3.89633446e+01  1.54522076e+01
   4.07495442e-08  5.00000000e+00]
 [-6.20352936e+00 -2.96936226e+00  4.42944565e+01  2.97836361e+01
   9.50076462e-09  9.00000000e+00]
 [-3.52067566e+00 -3.49351692e+00  4.55864639e+01  3.02692623e+01
   4.20062651e-09  9.00000000e+00]]
2026-07-20 10:55:31 [DEBUG] 处理后检测输出形状: (0, 52)
2026-07-20 10:55:31 [DEBUG] 有效检测数量: 0
2026-07-20 10:55:31 [DEBUG] 检测输出为空
2026-07-20 10:55:31 [INFO] 掩码中检测到的类别: [0, 1, 2, 3, 4, 5, 6, 7, 8, 9, 10, 11, 12, 13, 15]
2026-07-20 10:55:31 [INFO] 分割完成，检测到 0 个物体
2026-07-20 10:55:31 [INFO] 从分割掩码中提取检测结果
2026-07-20 10:55:31 [INFO] 从掩码中提取了 495 个检测框
2026-07-20 10:55:31 [INFO] 计算出的车框矩形边界: (1023, 701) to (3234, 1646)
2026-07-20 10:55:31 [INFO] 原始检测数: 495, 过滤后检测数: 198
2026-07-20 10:55:32 [INFO] 保存分割和检测结果到: C:\code\show\Scrap_Steel_In_Field\photos\segmentation\segment_20260720_105531.jpg
2026-07-20 10:55:32 [INFO] JSON结果保存到: C:\code\show\Scrap_Steel_In_Field\photos\segmentation_result.json
2026-07-20 10:55:32 [INFO] 类别统计：{0: 26, 1: 62, 2: 24, 3: 8, 4: 36, 5: 42, 6: 15, 7: 38, 8: 52, 9: 42, 10: 24, 11: 32, 12: 12, 13: 56, 14: 0, 15: 26}
2026-07-20 10:55:32 [INFO] 面积统计：{0: 4375440.0, 1: 756108.0, 2: 67248.0, 3: 173124.0, 4: 145944.0, 5: 83808.0, 6: 389340.0, 7: 41436.0, 8: 781344.0, 9: 190368.0, 10: 135900.0, 11: 336924.0, 12: 67320.0, 13: 701604.0, 15: 114372.0}
2026-07-20 10:55:32 [INFO] 分割成功
2026-07-20 10:55:32 [INFO] 引擎上下文已释放
2026-07-20 10:55:32 [INFO] TensorRT 引擎已释放
2026-07-20 10:55:32 [INFO] 全局 CUDA 资源已释放
2026-07-20 10:55:32 [INFO] 分割系统资源已释放
2026-07-20 10:55:36 [INFO] CUDA 初始化成功
2026-07-20 10:55:37 [INFO] 引擎加载成功: scrap_steel.engine
2026-07-20 10:55:37 [INFO] 分割系统初始化成功
2026-07-20 10:55:37 [INFO] 图像预处理完成，原始尺寸: (2160, 3840)
2026-07-20 10:55:37 [INFO] 开始执行分割...
2026-07-20 10:55:37 [DEBUG] 处理后的检测结果形状: (1, 8400, 6)
2026-07-20 10:55:37 [DEBUG] 示例检测结果: [[-4.03392410e+00 -3.18994856e+00  3.89600792e+01  1.53389778e+01
   3.97944220e-08  5.00000000e+00]
 [-6.22585297e+00 -2.94532013e+00  4.43058052e+01  2.96264420e+01
   9.31361921e-09  9.00000000e+00]
 [-3.53976822e+00 -3.46356392e+00  4.55878105e+01  3.03059368e+01
   4.16768042e-09  9.00000000e+00]]
2026-07-20 10:55:37 [DEBUG] 处理后检测输出形状: (0, 52)
2026-07-20 10:55:37 [DEBUG] 有效检测数量: 0
2026-07-20 10:55:37 [DEBUG] 检测输出为空
2026-07-20 10:55:37 [INFO] 掩码中检测到的类别: [0, 1, 2, 3, 4, 5, 6, 7, 8, 9, 10, 11, 12, 13, 15]
2026-07-20 10:55:37 [INFO] 分割完成，检测到 0 个物体
2026-07-20 10:55:37 [INFO] 从分割掩码中提取检测结果
2026-07-20 10:55:37 [INFO] 从掩码中提取了 482 个检测框
2026-07-20 10:55:37 [INFO] 计算出的车框矩形边界: (1023, 704) to (3234, 1645)
2026-07-20 10:55:37 [INFO] 原始检测数: 482, 过滤后检测数: 180
2026-07-20 10:55:38 [INFO] 保存分割和检测结果到: C:\code\show\Scrap_Steel_In_Field\photos\segmentation\segment_20260720_105537.jpg
2026-07-20 10:55:38 [INFO] JSON结果保存到: C:\code\show\Scrap_Steel_In_Field\photos\segmentation_result.json
2026-07-20 10:55:38 [INFO] 类别统计：{0: 9, 1: 67, 2: 25, 3: 6, 4: 33, 5: 42, 6: 17, 7: 35, 8: 53, 9: 51, 10: 24, 11: 34, 12: 9, 13: 44, 14: 0, 15: 33}
2026-07-20 10:55:38 [INFO] 面积统计：{0: 4397760.0, 1: 762624.0, 2: 67068.0, 3: 172800.0, 4: 142452.0, 5: 81756.0, 6: 394308.0, 7: 43020.0, 8: 787104.0, 9: 193140.0, 10: 141300.0, 11: 335304.0, 12: 62640.0, 13: 700056.0, 15: 109548.0}
2026-07-20 10:55:38 [INFO] 分割成功
2026-07-20 10:55:38 [INFO] 引擎上下文已释放
2026-07-20 10:55:38 [INFO] TensorRT 引擎已释放
2026-07-20 10:55:38 [INFO] 全局 CUDA 资源已释放
2026-07-20 10:55:38 [INFO] 分割系统资源已释放
2026-07-20 10:55:42 [INFO] CUDA 初始化成功
2026-07-20 10:55:42 [INFO] 引擎加载成功: scrap_steel.engine
2026-07-20 10:55:42 [INFO] 分割系统初始化成功
2026-07-20 10:55:42 [INFO] 图像预处理完成，原始尺寸: (2160, 3840)
2026-07-20 10:55:42 [INFO] 开始执行分割...
2026-07-20 10:55:42 [DEBUG] 处理后的检测结果形状: (1, 8400, 6)
2026-07-20 10:55:42 [DEBUG] 示例检测结果: [[-4.06343460e+00 -3.22103691e+00  3.89859581e+01  1.54874859e+01
   4.05913703e-08  5.00000000e+00]
 [-6.23464584e+00 -2.95876694e+00  4.44009018e+01  2.97805672e+01
   9.46244416e-09  9.00000000e+00]
 [-3.54077148e+00 -3.44904423e+00  4.56240158e+01  3.03139915e+01
   4.23391988e-09  9.00000000e+00]]
2026-07-20 10:55:42 [DEBUG] 处理后检测输出形状: (0, 52)
2026-07-20 10:55:42 [DEBUG] 有效检测数量: 0
2026-07-20 10:55:42 [DEBUG] 检测输出为空
2026-07-20 10:55:42 [INFO] 掩码中检测到的类别: [0, 1, 2, 3, 4, 5, 6, 7, 8, 9, 10, 11, 12, 13, 15]
2026-07-20 10:55:42 [INFO] 分割完成，检测到 0 个物体
2026-07-20 10:55:42 [INFO] 从分割掩码中提取检测结果
2026-07-20 10:55:42 [INFO] 从掩码中提取了 413 个检测框
2026-07-20 10:55:42 [INFO] 计算出的车框矩形边界: (1023, 704) to (3233, 1646)
2026-07-20 10:55:42 [INFO] 原始检测数: 413, 过滤后检测数: 183
2026-07-20 10:55:43 [INFO] 保存分割和检测结果到: C:\code\show\Scrap_Steel_In_Field\photos\segmentation\segment_20260720_105542.jpg
2026-07-20 10:55:43 [INFO] JSON结果保存到: C:\code\show\Scrap_Steel_In_Field\photos\segmentation_result.json
2026-07-20 10:55:43 [INFO] 类别统计：{0: 6, 1: 57, 2: 23, 3: 3, 4: 22, 5: 34, 6: 19, 7: 30, 8: 46, 9: 36, 10: 24, 11: 30, 12: 10, 13: 50, 14: 0, 15: 23}
2026-07-20 10:55:43 [INFO] 面积统计：{0: 4524804.0, 1: 523188.0, 2: 62244.0, 3: 169884.0, 4: 207792.0, 5: 57996.0, 6: 460764.0, 7: 33516.0, 8: 788400.0, 9: 113940.0, 10: 165852.0, 11: 313488.0, 12: 63612.0, 13: 674820.0, 15: 98388.0}
2026-07-20 10:55:43 [INFO] 分割成功
2026-07-20 10:55:43 [INFO] 引擎上下文已释放
2026-07-20 10:55:43 [INFO] TensorRT 引擎已释放
2026-07-20 10:55:43 [INFO] 全局 CUDA 资源已释放
2026-07-20 10:55:43 [INFO] 分割系统资源已释放
2026-07-20 10:55:47 [INFO] CUDA 初始化成功
2026-07-20 10:55:47 [INFO] 引擎加载成功: scrap_steel.engine
2026-07-20 10:55:47 [INFO] 分割系统初始化成功
2026-07-20 10:55:47 [INFO] 图像预处理完成，原始尺寸: (2160, 3840)
2026-07-20 10:55:47 [INFO] 开始执行分割...
2026-07-20 10:55:47 [DEBUG] 处理后的检测结果形状: (1, 8400, 6)
2026-07-20 10:55:47 [DEBUG] 示例检测结果: [[-4.04982758e+00 -3.12012482e+00  3.89431534e+01  1.48779049e+01
   3.68192730e-08  5.00000000e+00]
 [-6.34071732e+00 -2.90943050e+00  4.48202553e+01  2.95977821e+01
   9.38447187e-09  9.00000000e+00]
 [-3.48503494e+00 -3.26664352e+00  4.58226662e+01  3.01199532e+01
   4.59501326e-09  9.00000000e+00]]
2026-07-20 10:55:47 [DEBUG] 处理后检测输出形状: (0, 52)
2026-07-20 10:55:47 [DEBUG] 有效检测数量: 0
2026-07-20 10:55:47 [DEBUG] 检测输出为空
2026-07-20 10:55:47 [INFO] 掩码中检测到的类别: [0, 1, 2, 3, 4, 5, 6, 7, 8, 9, 10, 11, 12, 13, 15]
2026-07-20 10:55:47 [INFO] 分割完成，检测到 0 个物体
2026-07-20 10:55:47 [INFO] 从分割掩码中提取检测结果
2026-07-20 10:55:48 [INFO] 从掩码中提取了 428 个检测框
2026-07-20 10:55:48 [INFO] 计算出的车框矩形边界: (1023, 705) to (3234, 1646)
2026-07-20 10:55:48 [INFO] 原始检测数: 428, 过滤后检测数: 188
2026-07-20 10:55:48 [INFO] 保存分割和检测结果到: C:\code\show\Scrap_Steel_In_Field\photos\segmentation\segment_20260720_105548.jpg
2026-07-20 10:55:48 [INFO] JSON结果保存到: C:\code\show\Scrap_Steel_In_Field\photos\segmentation_result.json
2026-07-20 10:55:48 [INFO] 类别统计：{0: 16, 1: 65, 2: 20, 3: 6, 4: 28, 5: 27, 6: 18, 7: 32, 8: 40, 9: 39, 10: 26, 11: 22, 12: 12, 13: 52, 14: 0, 15: 25}
2026-07-20 10:55:48 [INFO] 面积统计：{0: 4202928.0, 1: 411480.0, 2: 69948.0, 3: 150372.0, 4: 173232.0, 5: 79848.0, 6: 480528.0, 7: 35244.0, 8: 825840.0, 9: 163908.0, 10: 188028.0, 11: 324864.0, 12: 194148.0, 13: 728640.0, 15: 78984.0}
2026-07-20 10:55:48 [INFO] 分割成功
2026-07-20 10:55:48 [INFO] 引擎上下文已释放
2026-07-20 10:55:48 [INFO] TensorRT 引擎已释放
2026-07-20 10:55:49 [INFO] 全局 CUDA 资源已释放
2026-07-20 10:55:49 [INFO] 分割系统资源已释放
2026-07-20 10:55:53 [INFO] CUDA 初始化成功
2026-07-20 10:55:53 [INFO] 引擎加载成功: scrap_steel.engine
2026-07-20 10:55:53 [INFO] 分割系统初始化成功
2026-07-20 10:55:53 [INFO] 图像预处理完成，原始尺寸: (2160, 3840)
2026-07-20 10:55:53 [INFO] 开始执行分割...
2026-07-20 10:55:53 [DEBUG] 处理后的检测结果形状: (1, 8400, 6)
2026-07-20 10:55:53 [DEBUG] 示例检测结果: [[-4.03300476e+00 -3.19769478e+00  3.88973618e+01  1.52618599e+01
   4.01043501e-08  5.00000000e+00]
 [-6.31955719e+00 -2.97911549e+00  4.44772797e+01  2.97616005e+01
   9.38997768e-09  9.00000000e+00]
 [-3.57062912e+00 -3.48951721e+00  4.57603836e+01  3.03504219e+01
   4.15215862e-09  9.00000000e+00]]
2026-07-20 10:55:53 [DEBUG] 处理后检测输出形状: (0, 52)
2026-07-20 10:55:53 [DEBUG] 有效检测数量: 0
2026-07-20 10:55:53 [DEBUG] 检测输出为空
2026-07-20 10:55:53 [INFO] 掩码中检测到的类别: [0, 1, 2, 3, 4, 5, 6, 7, 8, 9, 10, 11, 12, 13, 15]
2026-07-20 10:55:53 [INFO] 分割完成，检测到 0 个物体
2026-07-20 10:55:53 [INFO] 从分割掩码中提取检测结果
2026-07-20 10:55:53 [INFO] 从掩码中提取了 407 个检测框
2026-07-20 10:55:54 [ERROR] 保存结果失败: 'NoneType' object has no attribute 'astype'
2026-07-20 10:55:54 [INFO] 分割成功
2026-07-20 10:55:54 [INFO] 引擎上下文已释放
2026-07-20 10:55:54 [INFO] TensorRT 引擎已释放
2026-07-20 10:55:54 [INFO] 全局 CUDA 资源已释放
2026-07-20 10:55:54 [INFO] 分割系统资源已释放
2026-07-20 10:55:58 [INFO] CUDA 初始化成功
2026-07-20 10:55:58 [INFO] 引擎加载成功: scrap_steel.engine
2026-07-20 10:55:58 [INFO] 分割系统初始化成功
2026-07-20 10:55:58 [INFO] 图像预处理完成，原始尺寸: (2160, 3840)
2026-07-20 10:55:58 [INFO] 开始执行分割...
2026-07-20 10:55:58 [DEBUG] 处理后的检测结果形状: (1, 8400, 6)
2026-07-20 10:55:58 [DEBUG] 示例检测结果: [[-4.06024551e+00 -3.21871758e+00  3.89971199e+01  1.53239975e+01
   4.10754488e-08  5.00000000e+00]
 [-6.28046799e+00 -2.97648621e+00  4.44806633e+01  2.98184586e+01
   9.63101598e-09  9.00000000e+00]
 [-3.55693054e+00 -3.47674370e+00  4.56818237e+01  3.04052143e+01
   4.20047996e-09  9.00000000e+00]]
2026-07-20 10:55:58 [DEBUG] 处理后检测输出形状: (0, 52)
2026-07-20 10:55:58 [DEBUG] 有效检测数量: 0
2026-07-20 10:55:58 [DEBUG] 检测输出为空
2026-07-20 10:55:58 [INFO] 掩码中检测到的类别: [0, 1, 2, 3, 4, 5, 6, 7, 8, 9, 10, 11, 12, 13, 15]
2026-07-20 10:55:58 [INFO] 分割完成，检测到 0 个物体
2026-07-20 10:55:58 [INFO] 从分割掩码中提取检测结果
2026-07-20 10:55:58 [INFO] 从掩码中提取了 396 个检测框
2026-07-20 10:55:58 [INFO] 计算出的车框矩形边界: (1028, 704) to (3232, 1646)
2026-07-20 10:55:58 [INFO] 原始检测数: 396, 过滤后检测数: 182
2026-07-20 10:55:59 [INFO] 保存分割和检测结果到: C:\code\show\Scrap_Steel_In_Field\photos\segmentation\segment_20260720_105558.jpg
2026-07-20 10:55:59 [INFO] JSON结果保存到: C:\code\show\Scrap_Steel_In_Field\photos\segmentation_result.json
2026-07-20 10:55:59 [INFO] 类别统计：{0: 16, 1: 53, 2: 18, 3: 4, 4: 24, 5: 28, 6: 16, 7: 20, 8: 42, 9: 42, 10: 25, 11: 29, 12: 11, 13: 51, 14: 0, 15: 17}
2026-07-20 10:55:59 [INFO] 面积统计：{0: 4326840.0, 1: 574740.0, 2: 60300.0, 3: 165780.0, 4: 171936.0, 5: 71640.0, 6: 460908.0, 7: 30744.0, 8: 780732.0, 9: 100116.0, 10: 162000.0, 11: 308376.0, 12: 44532.0, 13: 711324.0, 15: 95400.0}
2026-07-20 10:55:59 [INFO] 分割成功
2026-07-20 10:55:59 [INFO] 引擎上下文已释放
2026-07-20 10:55:59 [INFO] TensorRT 引擎已释放
2026-07-20 10:55:59 [INFO] 全局 CUDA 资源已释放
2026-07-20 10:55:59 [INFO] 分割系统资源已释放
2026-07-20 10:56:03 [INFO] CUDA 初始化成功
2026-07-20 10:56:03 [INFO] 引擎加载成功: scrap_steel.engine
2026-07-20 10:56:03 [INFO] 分割系统初始化成功
2026-07-20 10:56:03 [INFO] 图像预处理完成，原始尺寸: (2160, 3840)
2026-07-20 10:56:03 [INFO] 开始执行分割...
2026-07-20 10:56:03 [DEBUG] 处理后的检测结果形状: (1, 8400, 6)
2026-07-20 10:56:03 [DEBUG] 示例检测结果: [[-4.06608582e+00 -3.21130657e+00  3.90618095e+01  1.53022394e+01
   3.94847994e-08  5.00000000e+00]
 [-6.31929016e+00 -2.98367023e+00  4.44953995e+01  2.96737289e+01
   9.46353662e-09  9.00000000e+00]
 [-3.57445145e+00 -3.47834110e+00  4.57139664e+01  3.03105545e+01
   4.20062651e-09  9.00000000e+00]]
2026-07-20 10:56:03 [DEBUG] 处理后检测输出形状: (0, 52)
2026-07-20 10:56:03 [DEBUG] 有效检测数量: 0
2026-07-20 10:56:03 [DEBUG] 检测输出为空
2026-07-20 10:56:03 [INFO] 掩码中检测到的类别: [0, 1, 2, 3, 4, 5, 6, 7, 8, 9, 10, 11, 12, 13, 15]
2026-07-20 10:56:03 [INFO] 分割完成，检测到 0 个物体
2026-07-20 10:56:03 [INFO] 从分割掩码中提取检测结果
2026-07-20 10:56:03 [INFO] 从掩码中提取了 406 个检测框
2026-07-20 10:56:04 [INFO] 计算出的车框矩形边界: (1023, 702) to (3232, 1646)
2026-07-20 10:56:04 [INFO] 原始检测数: 406, 过滤后检测数: 182
2026-07-20 10:56:04 [INFO] 保存分割和检测结果到: C:\code\show\Scrap_Steel_In_Field\photos\segmentation\segment_20260720_105603.jpg
2026-07-20 10:56:04 [INFO] JSON结果保存到: C:\code\show\Scrap_Steel_In_Field\photos\segmentation_result.json
2026-07-20 10:56:04 [INFO] 类别统计：{0: 11, 1: 62, 2: 20, 3: 2, 4: 22, 5: 32, 6: 18, 7: 31, 8: 40, 9: 36, 10: 20, 11: 32, 12: 8, 13: 48, 14: 0, 15: 24}
2026-07-20 10:56:04 [INFO] 面积统计：{0: 4587264.0, 1: 574344.0, 2: 72252.0, 3: 170712.0, 4: 183456.0, 5: 77148.0, 6: 443664.0, 7: 45540.0, 8: 716328.0, 9: 121716.0, 10: 137232.0, 11: 336348.0, 12: 44460.0, 13: 736128.0, 15: 86652.0}
2026-07-20 10:56:04 [INFO] 分割成功
2026-07-20 10:56:04 [INFO] 引擎上下文已释放
2026-07-20 10:56:04 [INFO] TensorRT 引擎已释放
2026-07-20 10:56:04 [INFO] 全局 CUDA 资源已释放
2026-07-20 10:56:04 [INFO] 分割系统资源已释放
2026-07-20 10:56:08 [INFO] CUDA 初始化成功
2026-07-20 10:56:08 [INFO] 引擎加载成功: scrap_steel.engine
2026-07-20 10:56:08 [INFO] 分割系统初始化成功
2026-07-20 10:56:08 [INFO] 图像预处理完成，原始尺寸: (2160, 3840)
2026-07-20 10:56:08 [INFO] 开始执行分割...
2026-07-20 10:56:09 [DEBUG] 处理后的检测结果形状: (1, 8400, 6)
2026-07-20 10:56:09 [DEBUG] 示例检测结果: [[-4.06334305e+00 -3.24522400e+00  3.90190239e+01  1.53824234e+01
   4.02595042e-08  5.00000000e+00]
 [-6.31902313e+00 -2.99525452e+00  4.44678307e+01  2.98525238e+01
   9.13494080e-09  9.00000000e+00]
 [-3.53630829e+00 -3.48981762e+00  4.57172318e+01  3.04071693e+01
   4.00881106e-09  9.00000000e+00]]
2026-07-20 10:56:09 [DEBUG] 处理后检测输出形状: (0, 52)
2026-07-20 10:56:09 [DEBUG] 有效检测数量: 0
2026-07-20 10:56:09 [DEBUG] 检测输出为空
2026-07-20 10:56:09 [INFO] 掩码中检测到的类别: [0, 1, 2, 3, 4, 5, 6, 7, 8, 9, 10, 11, 12, 13, 15]
2026-07-20 10:56:09 [INFO] 分割完成，检测到 0 个物体
2026-07-20 10:56:09 [INFO] 从分割掩码中提取检测结果
2026-07-20 10:56:09 [INFO] 从掩码中提取了 507 个检测框
2026-07-20 10:56:09 [ERROR] 保存结果失败: 'NoneType' object has no attribute 'astype'
2026-07-20 10:56:09 [INFO] 分割成功
2026-07-20 10:56:09 [INFO] 引擎上下文已释放
2026-07-20 10:56:09 [INFO] TensorRT 引擎已释放
2026-07-20 10:56:09 [INFO] 全局 CUDA 资源已释放
2026-07-20 10:56:09 [INFO] 分割系统资源已释放
2026-07-20 10:56:13 [INFO] CUDA 初始化成功
2026-07-20 10:56:13 [INFO] 引擎加载成功: scrap_steel.engine
2026-07-20 10:56:13 [INFO] 分割系统初始化成功
2026-07-20 10:56:14 [INFO] 图像预处理完成，原始尺寸: (2160, 3840)
2026-07-20 10:56:14 [INFO] 开始执行分割...
2026-07-20 10:56:14 [DEBUG] 处理后的检测结果形状: (1, 8400, 6)
2026-07-20 10:56:14 [DEBUG] 示例检测结果: [[-4.08853531e+00 -3.25838566e+00  3.91545486e+01  1.55557852e+01
   4.20465476e-08  5.00000000e+00]
 [-6.38449097e+00 -3.02165318e+00  4.46435928e+01  3.01172256e+01
   9.77672343e-09  9.00000000e+00]
 [-3.60231781e+00 -3.52655697e+00  4.57857513e+01  3.06649017e+01
   4.40969927e-09  9.00000000e+00]]
2026-07-20 10:56:14 [DEBUG] 处理后检测输出形状: (0, 52)
2026-07-20 10:56:14 [DEBUG] 有效检测数量: 0
2026-07-20 10:56:14 [DEBUG] 检测输出为空
2026-07-20 10:56:14 [INFO] 掩码中检测到的类别: [0, 1, 2, 3, 4, 5, 6, 7, 8, 9, 10, 11, 12, 13, 15]
2026-07-20 10:56:14 [INFO] 分割完成，检测到 0 个物体
2026-07-20 10:56:14 [INFO] 从分割掩码中提取检测结果
2026-07-20 10:56:14 [INFO] 从掩码中提取了 386 个检测框
2026-07-20 10:56:14 [INFO] 计算出的车框矩形边界: (1026, 704) to (3232, 1646)
2026-07-20 10:56:14 [INFO] 原始检测数: 386, 过滤后检测数: 178
2026-07-20 10:56:15 [INFO] 保存分割和检测结果到: C:\code\show\Scrap_Steel_In_Field\photos\segmentation\segment_20260720_105614.jpg
2026-07-20 10:56:15 [INFO] JSON结果保存到: C:\code\show\Scrap_Steel_In_Field\photos\segmentation_result.json
2026-07-20 10:56:15 [INFO] 类别统计：{0: 14, 1: 51, 2: 16, 3: 3, 4: 19, 5: 33, 6: 17, 7: 18, 8: 53, 9: 40, 10: 22, 11: 23, 12: 12, 13: 49, 14: 0, 15: 16}
2026-07-20 10:56:15 [INFO] 面积统计：{0: 4098564.0, 1: 525024.0, 2: 58320.0, 3: 161964.0, 4: 205956.0, 5: 72648.0, 6: 480456.0, 7: 28332.0, 8: 884844.0, 9: 101232.0, 10: 169308.0, 11: 316692.0, 12: 36468.0, 13: 711576.0, 15: 107460.0}
2026-07-20 10:56:15 [INFO] 分割成功
2026-07-20 10:56:15 [INFO] 引擎上下文已释放
2026-07-20 10:56:15 [INFO] TensorRT 引擎已释放
2026-07-20 10:56:15 [INFO] 全局 CUDA 资源已释放
2026-07-20 10:56:15 [INFO] 分割系统资源已释放
2026-07-20 10:56:19 [INFO] CUDA 初始化成功
2026-07-20 10:56:19 [INFO] 引擎加载成功: scrap_steel.engine
2026-07-20 10:56:19 [INFO] 分割系统初始化成功
2026-07-20 10:56:19 [INFO] 图像预处理完成，原始尺寸: (2160, 3840)
2026-07-20 10:56:19 [INFO] 开始执行分割...
2026-07-20 10:56:19 [DEBUG] 处理后的检测结果形状: (1, 8400, 6)
2026-07-20 10:56:19 [DEBUG] 示例检测结果: [[-4.09455872e+00 -3.24138308e+00  3.90337219e+01  1.55052528e+01
   4.07495442e-08  5.00000000e+00]
 [-6.29752731e+00 -3.00340271e+00  4.44300957e+01  2.99028091e+01
   9.46435375e-09  9.00000000e+00]
 [-3.58007050e+00 -3.53000641e+00  4.56731110e+01  3.04356880e+01
   4.13585166e-09  9.00000000e+00]]
2026-07-20 10:56:19 [DEBUG] 处理后检测输出形状: (0, 52)
2026-07-20 10:56:19 [DEBUG] 有效检测数量: 0
2026-07-20 10:56:19 [DEBUG] 检测输出为空
2026-07-20 10:56:19 [INFO] 掩码中检测到的类别: [0, 1, 2, 3, 4, 5, 6, 7, 8, 9, 10, 11, 12, 13, 15]
2026-07-20 10:56:19 [INFO] 分割完成，检测到 0 个物体
2026-07-20 10:56:19 [INFO] 从分割掩码中提取检测结果
2026-07-20 10:56:19 [INFO] 从掩码中提取了 418 个检测框
2026-07-20 10:56:19 [INFO] 计算出的车框矩形边界: (1023, 703) to (3233, 1645)
2026-07-20 10:56:19 [INFO] 原始检测数: 418, 过滤后检测数: 180
2026-07-20 10:56:20 [INFO] 保存分割和检测结果到: C:\code\show\Scrap_Steel_In_Field\photos\segmentation\segment_20260720_105619.jpg
2026-07-20 10:56:20 [INFO] JSON结果保存到: C:\code\show\Scrap_Steel_In_Field\photos\segmentation_result.json
2026-07-20 10:56:20 [INFO] 类别统计：{0: 10, 1: 50, 2: 22, 3: 3, 4: 23, 5: 31, 6: 17, 7: 31, 8: 52, 9: 45, 10: 22, 11: 29, 12: 11, 13: 49, 14: 0, 15: 23}
2026-07-20 10:56:20 [INFO] 面积统计：{0: 4592340.0, 1: 521856.0, 2: 61020.0, 3: 174096.0, 4: 195300.0, 5: 70380.0, 6: 457236.0, 7: 42300.0, 8: 742248.0, 9: 118512.0, 10: 155448.0, 11: 318816.0, 12: 52956.0, 13: 704808.0, 15: 96768.0}
2026-07-20 10:56:20 [INFO] 分割成功
2026-07-20 10:56:20 [INFO] 引擎上下文已释放
2026-07-20 10:56:20 [INFO] TensorRT 引擎已释放
2026-07-20 10:56:20 [INFO] 全局 CUDA 资源已释放
2026-07-20 10:56:20 [INFO] 分割系统资源已释放
2026-07-20 10:56:24 [INFO] CUDA 初始化成功
2026-07-20 10:56:24 [INFO] 引擎加载成功: scrap_steel.engine
2026-07-20 10:56:24 [INFO] 分割系统初始化成功
2026-07-20 10:56:24 [INFO] 图像预处理完成，原始尺寸: (2160, 3840)
2026-07-20 10:56:24 [INFO] 开始执行分割...
2026-07-20 10:56:24 [DEBUG] 处理后的检测结果形状: (1, 8400, 6)
2026-07-20 10:56:24 [DEBUG] 示例检测结果: [[-4.06410217e+00 -3.22512245e+00  3.90572319e+01  1.53923035e+01
   4.01040481e-08  5.00000000e+00]
 [-6.23965073e+00 -2.99644375e+00  4.44053688e+01  2.97884941e+01
   9.20275500e-09  9.00000000e+00]
 [-3.52230072e+00 -3.49580956e+00  4.56889572e+01  3.03453503e+01
   4.11826129e-09  9.00000000e+00]]
2026-07-20 10:56:24 [DEBUG] 处理后检测输出形状: (0, 52)
2026-07-20 10:56:24 [DEBUG] 有效检测数量: 0
2026-07-20 10:56:24 [DEBUG] 检测输出为空
2026-07-20 10:56:24 [INFO] 掩码中检测到的类别: [0, 1, 2, 3, 4, 5, 6, 7, 8, 9, 10, 11, 12, 13, 15]
2026-07-20 10:56:24 [INFO] 分割完成，检测到 0 个物体
2026-07-20 10:56:24 [INFO] 从分割掩码中提取检测结果
2026-07-20 10:56:25 [INFO] 从掩码中提取了 428 个检测框
2026-07-20 10:56:25 [INFO] 计算出的车框矩形边界: (1023, 702) to (3232, 1645)
2026-07-20 10:56:25 [INFO] 原始检测数: 428, 过滤后检测数: 193
2026-07-20 10:56:25 [INFO] 保存分割和检测结果到: C:\code\show\Scrap_Steel_In_Field\photos\segmentation\segment_20260720_105625.jpg
2026-07-20 10:56:25 [INFO] JSON结果保存到: C:\code\show\Scrap_Steel_In_Field\photos\segmentation_result.json
2026-07-20 10:56:25 [INFO] 类别统计：{0: 11, 1: 56, 2: 22, 3: 2, 4: 23, 5: 30, 6: 17, 7: 33, 8: 53, 9: 39, 10: 20, 11: 33, 12: 10, 13: 56, 14: 0, 15: 23}
2026-07-20 10:56:25 [INFO] 面积统计：{0: 4503708.0, 1: 551412.0, 2: 60660.0, 3: 168588.0, 4: 203832.0, 5: 73728.0, 6: 452880.0, 7: 35604.0, 8: 769284.0, 9: 109080.0, 10: 156024.0, 11: 319320.0, 12: 59760.0, 13: 706860.0, 15: 93024.0}
2026-07-20 10:56:25 [INFO] 分割成功
2026-07-20 10:56:25 [INFO] 引擎上下文已释放
2026-07-20 10:56:26 [INFO] TensorRT 引擎已释放
2026-07-20 10:56:26 [INFO] 全局 CUDA 资源已释放
2026-07-20 10:56:26 [INFO] 分割系统资源已释放
2026-07-20 10:56:30 [INFO] CUDA 初始化成功
2026-07-20 10:56:30 [INFO] 引擎加载成功: scrap_steel.engine
2026-07-20 10:56:30 [INFO] 分割系统初始化成功
2026-07-20 10:56:30 [INFO] 图像预处理完成，原始尺寸: (2160, 3840)
2026-07-20 10:56:30 [INFO] 开始执行分割...
2026-07-20 10:56:30 [DEBUG] 处理后的检测结果形状: (1, 8400, 6)
2026-07-20 10:56:30 [DEBUG] 示例检测结果: [[-4.06171799e+00 -3.21269226e+00  3.90729904e+01  1.54459324e+01
   3.97944220e-08  5.00000000e+00]
 [-6.25403214e+00 -2.98519135e+00  4.44509315e+01  2.98245277e+01
   9.35208977e-09  9.00000000e+00]
 [-3.55237198e+00 -3.49111176e+00  4.56660919e+01  3.03869209e+01
   4.16768042e-09  9.00000000e+00]]
2026-07-20 10:56:30 [DEBUG] 处理后检测输出形状: (0, 52)
2026-07-20 10:56:30 [DEBUG] 有效检测数量: 0
2026-07-20 10:56:30 [DEBUG] 检测输出为空
2026-07-20 10:56:30 [INFO] 掩码中检测到的类别: [0, 1, 2, 3, 4, 5, 6, 7, 8, 9, 10, 11, 12, 13, 15]
2026-07-20 10:56:30 [INFO] 分割完成，检测到 0 个物体
2026-07-20 10:56:30 [INFO] 从分割掩码中提取检测结果
2026-07-20 10:56:30 [INFO] 从掩码中提取了 452 个检测框
2026-07-20 10:56:30 [INFO] 计算出的车框矩形边界: (1024, 705) to (3232, 1645)
2026-07-20 10:56:30 [INFO] 原始检测数: 452, 过滤后检测数: 189
2026-07-20 10:56:31 [INFO] 保存分割和检测结果到: C:\code\show\Scrap_Steel_In_Field\photos\segmentation\segment_20260720_105630.jpg
2026-07-20 10:56:31 [INFO] JSON结果保存到: C:\code\show\Scrap_Steel_In_Field\photos\segmentation_result.json
2026-07-20 10:56:31 [INFO] 类别统计：{0: 18, 1: 58, 2: 22, 3: 2, 4: 23, 5: 33, 6: 21, 7: 41, 8: 52, 9: 44, 10: 23, 11: 30, 12: 8, 13: 53, 14: 0, 15: 24}
2026-07-20 10:56:31 [INFO] 面积统计：{0: 4548492.0, 1: 539964.0, 2: 61740.0, 3: 173844.0, 4: 200232.0, 5: 69012.0, 6: 455472.0, 7: 49788.0, 8: 763128.0, 9: 114228.0, 10: 153864.0, 11: 318204.0, 12: 46800.0, 13: 701136.0, 15: 81828.0}
2026-07-20 10:56:31 [INFO] 分割成功
2026-07-20 10:56:31 [INFO] 引擎上下文已释放
2026-07-20 10:56:31 [INFO] TensorRT 引擎已释放
2026-07-20 10:56:31 [INFO] 全局 CUDA 资源已释放
2026-07-20 10:56:31 [INFO] 分割系统资源已释放
2026-07-20 10:56:35 [INFO] CUDA 初始化成功
2026-07-20 10:56:35 [INFO] 引擎加载成功: scrap_steel.engine
2026-07-20 10:56:35 [INFO] 分割系统初始化成功
2026-07-20 10:56:35 [INFO] 图像预处理完成，原始尺寸: (2160, 3840)
2026-07-20 10:56:35 [INFO] 开始执行分割...
2026-07-20 10:56:35 [DEBUG] 处理后的检测结果形状: (1, 8400, 6)
2026-07-20 10:56:35 [DEBUG] 示例检测结果: [[-4.06328964e+00 -3.24362516e+00  3.90624466e+01  1.54435997e+01
   3.99483824e-08  5.00000000e+00]
 [-6.29644394e+00 -3.00624084e+00  4.43901367e+01  2.97611580e+01
   9.20275500e-09  9.00000000e+00]
 [-3.57312393e+00 -3.49029541e+00  4.56734428e+01  3.02835579e+01
   4.08719458e-09  9.00000000e+00]]
2026-07-20 10:56:35 [DEBUG] 处理后检测输出形状: (0, 52)
2026-07-20 10:56:35 [DEBUG] 有效检测数量: 0
2026-07-20 10:56:35 [DEBUG] 检测输出为空
2026-07-20 10:56:35 [INFO] 掩码中检测到的类别: [0, 1, 2, 3, 4, 5, 6, 7, 8, 9, 10, 11, 12, 13, 15]
2026-07-20 10:56:35 [INFO] 分割完成，检测到 0 个物体
2026-07-20 10:56:35 [INFO] 从分割掩码中提取检测结果
2026-07-20 10:56:35 [INFO] 从掩码中提取了 439 个检测框
2026-07-20 10:56:35 [INFO] 计算出的车框矩形边界: (1023, 701) to (3230, 1645)
2026-07-20 10:56:35 [INFO] 原始检测数: 439, 过滤后检测数: 193
2026-07-20 10:56:36 [INFO] 保存分割和检测结果到: C:\code\show\Scrap_Steel_In_Field\photos\segmentation\segment_20260720_105635.jpg
2026-07-20 10:56:36 [INFO] JSON结果保存到: C:\code\show\Scrap_Steel_In_Field\photos\segmentation_result.json
2026-07-20 10:56:36 [INFO] 类别统计：{0: 11, 1: 58, 2: 21, 3: 2, 4: 24, 5: 39, 6: 17, 7: 30, 8: 52, 9: 40, 10: 24, 11: 32, 12: 10, 13: 58, 14: 0, 15: 21}
2026-07-20 10:56:36 [INFO] 面积统计：{0: 4610736.0, 1: 572688.0, 2: 59328.0, 3: 171252.0, 4: 183168.0, 5: 69480.0, 6: 457560.0, 7: 39816.0, 8: 786708.0, 9: 118656.0, 10: 152856.0, 11: 315540.0, 12: 32508.0, 13: 699516.0, 15: 98028.0}
2026-07-20 10:56:36 [INFO] 分割成功
2026-07-20 10:56:36 [INFO] 引擎上下文已释放
2026-07-20 10:56:36 [INFO] TensorRT 引擎已释放
2026-07-20 10:56:36 [INFO] 全局 CUDA 资源已释放
2026-07-20 10:56:36 [INFO] 分割系统资源已释放
2026-07-20 10:56:40 [INFO] CUDA 初始化成功
2026-07-20 10:56:40 [INFO] 引擎加载成功: scrap_steel.engine
2026-07-20 10:56:40 [INFO] 分割系统初始化成功
2026-07-20 10:56:40 [INFO] 图像预处理完成，原始尺寸: (2160, 3840)
2026-07-20 10:56:40 [INFO] 开始执行分割...
2026-07-20 10:56:40 [DEBUG] 处理后的检测结果形状: (1, 8400, 6)
2026-07-20 10:56:40 [DEBUG] 示例检测结果: [[-4.09782791e+00 -3.22697258e+00  3.90844193e+01  1.54975071e+01
   3.90357471e-08  5.00000000e+00]
 [-6.28936768e+00 -2.98664570e+00  4.44194489e+01  2.98353310e+01
   9.14331011e-09  9.00000000e+00]
 [-3.53717041e+00 -3.48220444e+00  4.56990318e+01  3.03686638e+01
   4.10183532e-09  9.00000000e+00]]
2026-07-20 10:56:40 [DEBUG] 处理后检测输出形状: (0, 52)
2026-07-20 10:56:40 [DEBUG] 有效检测数量: 0
2026-07-20 10:56:40 [DEBUG] 检测输出为空
2026-07-20 10:56:40 [INFO] 掩码中检测到的类别: [0, 1, 2, 3, 4, 5, 6, 7, 8, 9, 10, 11, 12, 13, 15]
2026-07-20 10:56:40 [INFO] 分割完成，检测到 0 个物体
2026-07-20 10:56:40 [INFO] 从分割掩码中提取检测结果
2026-07-20 10:56:41 [INFO] 从掩码中提取了 436 个检测框
2026-07-20 10:56:41 [INFO] 计算出的车框矩形边界: (1023, 705) to (3232, 1645)
2026-07-20 10:56:41 [INFO] 原始检测数: 436, 过滤后检测数: 185
2026-07-20 10:56:41 [INFO] 保存分割和检测结果到: C:\code\show\Scrap_Steel_In_Field\photos\segmentation\segment_20260720_105641.jpg
2026-07-20 10:56:41 [INFO] JSON结果保存到: C:\code\show\Scrap_Steel_In_Field\photos\segmentation_result.json
2026-07-20 10:56:41 [INFO] 类别统计：{0: 19, 1: 53, 2: 19, 3: 2, 4: 23, 5: 33, 6: 18, 7: 31, 8: 52, 9: 40, 10: 26, 11: 31, 12: 8, 13: 50, 14: 0, 15: 31}
2026-07-20 10:56:41 [INFO] 面积统计：{0: 4517244.0, 1: 548424.0, 2: 67608.0, 3: 169308.0, 4: 206532.0, 5: 74700.0, 6: 446580.0, 7: 50040.0, 8: 745344.0, 9: 112320.0, 10: 160632.0, 11: 328140.0, 12: 49284.0, 13: 695232.0, 15: 88560.0}
2026-07-20 10:56:42 [INFO] 分割成功
2026-07-20 10:56:42 [INFO] 引擎上下文已释放
2026-07-20 10:56:42 [INFO] TensorRT 引擎已释放
2026-07-20 10:56:42 [INFO] 全局 CUDA 资源已释放
2026-07-20 10:56:42 [INFO] 分割系统资源已释放
2026-07-20 10:56:46 [INFO] CUDA 初始化成功
2026-07-20 10:56:46 [INFO] 引擎加载成功: scrap_steel.engine
2026-07-20 10:56:46 [INFO] 分割系统初始化成功
2026-07-20 10:56:46 [INFO] 图像预处理完成，原始尺寸: (2160, 3840)
2026-07-20 10:56:46 [INFO] 开始执行分割...
2026-07-20 10:56:46 [DEBUG] 处理后的检测结果形状: (1, 8400, 6)
2026-07-20 10:56:46 [DEBUG] 示例检测结果: [[-4.06454086e+00 -3.24294567e+00  3.90572548e+01  1.54126577e+01
   4.01043501e-08  5.00000000e+00]
 [-6.29184723e+00 -3.00751877e+00  4.44775772e+01  2.98361588e+01
   9.35208977e-09  9.00000000e+00]
 [-3.55706406e+00 -3.50688839e+00  4.57111931e+01  3.03789253e+01
   4.16768042e-09  9.00000000e+00]]
2026-07-20 10:56:46 [DEBUG] 处理后检测输出形状: (0, 52)
2026-07-20 10:56:46 [DEBUG] 有效检测数量: 0
2026-07-20 10:56:46 [DEBUG] 检测输出为空
2026-07-20 10:56:46 [INFO] 掩码中检测到的类别: [0, 1, 2, 3, 4, 5, 6, 7, 8, 9, 10, 11, 12, 13, 15]
2026-07-20 10:56:46 [INFO] 分割完成，检测到 0 个物体
2026-07-20 10:56:46 [INFO] 从分割掩码中提取检测结果
2026-07-20 10:56:46 [INFO] 从掩码中提取了 434 个检测框
2026-07-20 10:56:46 [INFO] 计算出的车框矩形边界: (1023, 703) to (3232, 1646)
2026-07-20 10:56:46 [INFO] 原始检测数: 434, 过滤后检测数: 189
2026-07-20 10:56:47 [INFO] 保存分割和检测结果到: C:\code\show\Scrap_Steel_In_Field\photos\segmentation\segment_20260720_105646.jpg
2026-07-20 10:56:47 [INFO] JSON结果保存到: C:\code\show\Scrap_Steel_In_Field\photos\segmentation_result.json
2026-07-20 10:56:47 [INFO] 类别统计：{0: 12, 1: 52, 2: 23, 3: 3, 4: 26, 5: 32, 6: 17, 7: 34, 8: 42, 9: 41, 10: 27, 11: 27, 12: 7, 13: 66, 14: 0, 15: 25}
2026-07-20 10:56:47 [INFO] 面积统计：{0: 4547988.0, 1: 536328.0, 2: 63684.0, 3: 165312.0, 4: 197568.0, 5: 76716.0, 6: 444816.0, 7: 44028.0, 8: 744552.0, 9: 116712.0, 10: 154224.0, 11: 316476.0, 12: 44712.0, 13: 696204.0, 15: 92952.0}
2026-07-20 10:56:47 [INFO] 分割成功
2026-07-20 10:56:47 [INFO] 引擎上下文已释放
2026-07-20 10:56:47 [INFO] TensorRT 引擎已释放
2026-07-20 10:56:47 [INFO] 全局 CUDA 资源已释放
2026-07-20 10:56:47 [INFO] 分割系统资源已释放
2026-07-20 10:56:51 [INFO] CUDA 初始化成功
2026-07-20 10:56:51 [INFO] 引擎加载成功: scrap_steel.engine
2026-07-20 10:56:51 [INFO] 分割系统初始化成功
2026-07-20 10:56:51 [INFO] 图像预处理完成，原始尺寸: (2160, 3840)
2026-07-20 10:56:51 [INFO] 开始执行分割...
2026-07-20 10:56:51 [DEBUG] 处理后的检测结果形状: (1, 8400, 6)
2026-07-20 10:56:51 [DEBUG] 示例检测结果: [[-4.04827499e+00 -3.21851063e+00  3.89771919e+01  1.53660898e+01
   4.01043501e-08  5.00000000e+00]
 [-6.27069092e+00 -2.97967815e+00  4.44204826e+01  2.97971611e+01
   9.53849533e-09  9.00000000e+00]
 [-3.56895828e+00 -3.50320625e+00  4.57312546e+01  3.03997784e+01
   4.21761293e-09  9.00000000e+00]]
2026-07-20 10:56:51 [DEBUG] 处理后检测输出形状: (0, 52)
2026-07-20 10:56:51 [DEBUG] 有效检测数量: 0
2026-07-20 10:56:51 [DEBUG] 检测输出为空
2026-07-20 10:56:51 [INFO] 掩码中检测到的类别: [0, 1, 2, 3, 4, 5, 6, 7, 8, 9, 10, 11, 12, 13, 15]
2026-07-20 10:56:51 [INFO] 分割完成，检测到 0 个物体
2026-07-20 10:56:51 [INFO] 从分割掩码中提取检测结果
2026-07-20 10:56:52 [INFO] 从掩码中提取了 422 个检测框
2026-07-20 10:56:52 [INFO] 计算出的车框矩形边界: (1023, 705) to (3232, 1646)
2026-07-20 10:56:52 [INFO] 原始检测数: 422, 过滤后检测数: 179
2026-07-20 10:56:52 [INFO] 保存分割和检测结果到: C:\code\show\Scrap_Steel_In_Field\photos\segmentation\segment_20260720_105652.jpg
2026-07-20 10:56:52 [INFO] JSON结果保存到: C:\code\show\Scrap_Steel_In_Field\photos\segmentation_result.json
2026-07-20 10:56:52 [INFO] 类别统计：{0: 13, 1: 55, 2: 18, 3: 2, 4: 18, 5: 32, 6: 18, 7: 34, 8: 55, 9: 40, 10: 22, 11: 29, 12: 7, 13: 54, 14: 0, 15: 25}
2026-07-20 10:56:52 [INFO] 面积统计：{0: 4438008.0, 1: 560016.0, 2: 64980.0, 3: 166716.0, 4: 228168.0, 5: 75744.0, 6: 448596.0, 7: 42120.0, 8: 775656.0, 9: 99900.0, 10: 156240.0, 11: 317016.0, 12: 35100.0, 13: 701892.0, 15: 87408.0}
2026-07-20 10:56:52 [INFO] 分割成功
2026-07-20 10:56:52 [INFO] 引擎上下文已释放
2026-07-20 10:56:52 [INFO] TensorRT 引擎已释放
2026-07-20 10:56:52 [INFO] 全局 CUDA 资源已释放
2026-07-20 10:56:52 [INFO] 分割系统资源已释放
2026-07-20 10:56:57 [INFO] CUDA 初始化成功
2026-07-20 10:56:57 [INFO] 引擎加载成功: scrap_steel.engine
2026-07-20 10:56:57 [INFO] 分割系统初始化成功
2026-07-20 10:56:57 [INFO] 图像预处理完成，原始尺寸: (2160, 3840)
2026-07-20 10:56:57 [INFO] 开始执行分割...
2026-07-20 10:56:57 [DEBUG] 处理后的检测结果形状: (1, 8400, 6)
2026-07-20 10:56:57 [DEBUG] 示例检测结果: [[-4.06353378e+00 -3.21050549e+00  3.90400352e+01  1.53550043e+01
   4.01043501e-08  5.00000000e+00]
 [-6.31520081e+00 -2.98033524e+00  4.44606400e+01  2.97499237e+01
   9.35208977e-09  9.00000000e+00]
 [-3.57894897e+00 -3.47619438e+00  4.57027206e+01  3.03540134e+01
   4.15172607e-09  9.00000000e+00]]
2026-07-20 10:56:57 [DEBUG] 处理后检测输出形状: (0, 52)
2026-07-20 10:56:57 [DEBUG] 有效检测数量: 0
2026-07-20 10:56:57 [DEBUG] 检测输出为空
2026-07-20 10:56:57 [INFO] 掩码中检测到的类别: [0, 1, 2, 3, 4, 5, 6, 7, 8, 9, 10, 11, 12, 13, 15]
2026-07-20 10:56:57 [INFO] 分割完成，检测到 0 个物体
2026-07-20 10:56:57 [INFO] 从分割掩码中提取检测结果
2026-07-20 10:56:57 [INFO] 从掩码中提取了 409 个检测框
2026-07-20 10:56:57 [INFO] 计算出的车框矩形边界: (1023, 704) to (3230, 1646)
2026-07-20 10:56:57 [INFO] 原始检测数: 409, 过滤后检测数: 190
2026-07-20 10:56:58 [INFO] 保存分割和检测结果到: C:\code\show\Scrap_Steel_In_Field\photos\segmentation\segment_20260720_105657.jpg
2026-07-20 10:56:58 [INFO] JSON结果保存到: C:\code\show\Scrap_Steel_In_Field\photos\segmentation_result.json
2026-07-20 10:56:58 [INFO] 类别统计：{0: 10, 1: 52, 2: 22, 3: 2, 4: 25, 5: 28, 6: 15, 7: 33, 8: 39, 9: 43, 10: 22, 11: 33, 12: 8, 13: 52, 14: 0, 15: 25}
2026-07-20 10:56:58 [INFO] 面积统计：{0: 4591440.0, 1: 516708.0, 2: 61704.0, 3: 169272.0, 4: 186300.0, 5: 74916.0, 6: 457164.0, 7: 38772.0, 8: 748152.0, 9: 99936.0, 10: 161964.0, 11: 325080.0, 12: 34344.0, 13: 709992.0, 15: 91080.0}
2026-07-20 10:56:58 [INFO] 分割成功
2026-07-20 10:56:58 [INFO] 引擎上下文已释放
2026-07-20 10:56:58 [INFO] TensorRT 引擎已释放
2026-07-20 10:56:58 [INFO] 全局 CUDA 资源已释放
2026-07-20 10:56:58 [INFO] 分割系统资源已释放
2026-07-20 10:57:01 [INFO] CUDA 初始化成功
2026-07-20 10:57:01 [INFO] 引擎加载成功: scrap_steel.engine
2026-07-20 10:57:01 [INFO] 分割系统初始化成功
2026-07-20 10:57:02 [INFO] 图像预处理完成，原始尺寸: (2160, 3840)
2026-07-20 10:57:02 [INFO] 开始执行分割...
2026-07-20 10:57:02 [DEBUG] 处理后的检测结果形状: (1, 8400, 6)
2026-07-20 10:57:02 [DEBUG] 示例检测结果: [[-4.03546906e+00 -3.21235466e+00  3.90067902e+01  1.53357315e+01
   3.96387563e-08  5.00000000e+00]
 [-6.24937057e+00 -2.97113895e+00  4.44640846e+01  2.97585526e+01
   9.38689571e-09  9.00000000e+00]
 [-3.55252075e+00 -3.47728920e+00  4.57040787e+01  3.03621769e+01
   4.20071267e-09  9.00000000e+00]]
2026-07-20 10:57:02 [DEBUG] 处理后检测输出形状: (0, 52)
2026-07-20 10:57:02 [DEBUG] 有效检测数量: 0
2026-07-20 10:57:02 [DEBUG] 检测输出为空
2026-07-20 10:57:02 [INFO] 掩码中检测到的类别: [0, 1, 2, 3, 4, 5, 6, 7, 8, 9, 10, 11, 12, 13, 15]
2026-07-20 10:57:02 [INFO] 分割完成，检测到 0 个物体
2026-07-20 10:57:02 [INFO] 从分割掩码中提取检测结果
2026-07-20 10:57:02 [INFO] 从掩码中提取了 421 个检测框
2026-07-20 10:57:02 [INFO] 计算出的车框矩形边界: (1023, 703) to (3232, 1646)
2026-07-20 10:57:02 [INFO] 原始检测数: 421, 过滤后检测数: 186
2026-07-20 10:57:03 [INFO] 保存分割和检测结果到: C:\code\show\Scrap_Steel_In_Field\photos\segmentation\segment_20260720_105702.jpg
2026-07-20 10:57:03 [INFO] JSON结果保存到: C:\code\show\Scrap_Steel_In_Field\photos\segmentation_result.json
2026-07-20 10:57:03 [INFO] 类别统计：{0: 17, 1: 56, 2: 22, 3: 2, 4: 20, 5: 31, 6: 17, 7: 31, 8: 50, 9: 42, 10: 19, 11: 26, 12: 7, 13: 53, 14: 0, 15: 28}
2026-07-20 10:57:03 [INFO] 面积统计：{0: 4610412.0, 1: 539352.0, 2: 59184.0, 3: 171576.0, 4: 213372.0, 5: 71424.0, 6: 447984.0, 7: 43380.0, 8: 734688.0, 9: 106200.0, 10: 152208.0, 11: 321228.0, 12: 37008.0, 13: 706536.0, 15: 96660.0}
2026-07-20 10:57:03 [INFO] 分割成功
2026-07-20 10:57:03 [INFO] 引擎上下文已释放
2026-07-20 10:57:03 [INFO] TensorRT 引擎已释放
2026-07-20 10:57:03 [INFO] 全局 CUDA 资源已释放
2026-07-20 10:57:03 [INFO] 分割系统资源已释放
2026-07-20 10:57:07 [INFO] CUDA 初始化成功
2026-07-20 10:57:07 [INFO] 引擎加载成功: scrap_steel.engine
2026-07-20 10:57:07 [INFO] 分割系统初始化成功
2026-07-20 10:57:07 [INFO] 图像预处理完成，原始尺寸: (2160, 3840)
2026-07-20 10:57:07 [INFO] 开始执行分割...
2026-07-20 10:57:07 [DEBUG] 处理后的检测结果形状: (1, 8400, 6)
2026-07-20 10:57:07 [DEBUG] 示例检测结果: [[-4.06018448e+00 -3.24376583e+00  3.90671654e+01  1.54951143e+01
   3.96372570e-08  5.00000000e+00]
 [-6.23872757e+00 -2.97209930e+00  4.44579659e+01  2.98097954e+01
   9.20502874e-09  9.00000000e+00]
 [-3.52861023e+00 -3.47782516e+00  4.57160721e+01  3.04061852e+01
   4.15172607e-09  9.00000000e+00]]
2026-07-20 10:57:07 [DEBUG] 处理后检测输出形状: (0, 52)
2026-07-20 10:57:07 [DEBUG] 有效检测数量: 0
2026-07-20 10:57:07 [DEBUG] 检测输出为空
2026-07-20 10:57:07 [INFO] 掩码中检测到的类别: [0, 1, 2, 3, 4, 5, 6, 7, 8, 9, 10, 11, 12, 13, 15]
2026-07-20 10:57:07 [INFO] 分割完成，检测到 0 个物体
2026-07-20 10:57:07 [INFO] 从分割掩码中提取检测结果
2026-07-20 10:57:07 [INFO] 从掩码中提取了 427 个检测框
2026-07-20 10:57:07 [INFO] 计算出的车框矩形边界: (1023, 702) to (3231, 1645)
2026-07-20 10:57:07 [INFO] 原始检测数: 427, 过滤后检测数: 187
2026-07-20 10:57:08 [INFO] 保存分割和检测结果到: C:\code\show\Scrap_Steel_In_Field\photos\segmentation\segment_20260720_105707.jpg
2026-07-20 10:57:08 [INFO] JSON结果保存到: C:\code\show\Scrap_Steel_In_Field\photos\segmentation_result.json
2026-07-20 10:57:08 [INFO] 类别统计：{0: 9, 1: 56, 2: 24, 3: 2, 4: 25, 5: 33, 6: 16, 7: 31, 8: 48, 9: 41, 10: 20, 11: 32, 12: 9, 13: 57, 14: 0, 15: 24}
2026-07-20 10:57:08 [INFO] 面积统计：{0: 4563360.0, 1: 549756.0, 2: 62388.0, 3: 168048.0, 4: 203976.0, 5: 75852.0, 6: 458280.0, 7: 48924.0, 8: 723636.0, 9: 107136.0, 10: 154656.0, 11: 321408.0, 12: 49464.0, 13: 697968.0, 15: 91512.0}
2026-07-20 10:57:08 [INFO] 分割成功
2026-07-20 10:57:08 [INFO] 引擎上下文已释放
2026-07-20 10:57:08 [INFO] TensorRT 引擎已释放
2026-07-20 10:57:08 [INFO] 全局 CUDA 资源已释放
2026-07-20 10:57:08 [INFO] 分割系统资源已释放
2026-07-20 10:57:12 [INFO] CUDA 初始化成功
2026-07-20 10:57:12 [INFO] 引擎加载成功: scrap_steel.engine
2026-07-20 10:57:12 [INFO] 分割系统初始化成功
2026-07-20 10:57:12 [INFO] 图像预处理完成，原始尺寸: (2160, 3840)
2026-07-20 10:57:12 [INFO] 开始执行分割...
2026-07-20 10:57:12 [DEBUG] 处理后的检测结果形状: (1, 8400, 6)
2026-07-20 10:57:12 [DEBUG] 示例检测结果: [[-4.06377792e+00 -3.24737740e+00  3.89610138e+01  1.54773388e+01
   4.04163849e-08  5.00000000e+00]
 [-6.27320099e+00 -3.00836372e+00  4.43758011e+01  2.98571033e+01
   9.28053634e-09  9.00000000e+00]
 [-3.56490326e+00 -3.53459740e+00  4.57028351e+01  3.04111919e+01
   4.13585166e-09  9.00000000e+00]]
2026-07-20 10:57:12 [DEBUG] 处理后检测输出形状: (0, 52)
2026-07-20 10:57:12 [DEBUG] 有效检测数量: 0
2026-07-20 10:57:12 [DEBUG] 检测输出为空
2026-07-20 10:57:12 [INFO] 掩码中检测到的类别: [0, 1, 2, 3, 4, 5, 6, 7, 8, 9, 10, 11, 12, 13, 15]
2026-07-20 10:57:12 [INFO] 分割完成，检测到 0 个物体
2026-07-20 10:57:12 [INFO] 从分割掩码中提取检测结果
2026-07-20 10:57:13 [INFO] 从掩码中提取了 426 个检测框
2026-07-20 10:57:13 [INFO] 计算出的车框矩形边界: (1023, 705) to (3232, 1646)
2026-07-20 10:57:13 [INFO] 原始检测数: 426, 过滤后检测数: 184
2026-07-20 10:57:13 [INFO] 保存分割和检测结果到: C:\code\show\Scrap_Steel_In_Field\photos\segmentation\segment_20260720_105713.jpg
2026-07-20 10:57:13 [INFO] JSON结果保存到: C:\code\show\Scrap_Steel_In_Field\photos\segmentation_result.json
2026-07-20 10:57:13 [INFO] 类别统计：{0: 12, 1: 53, 2: 23, 3: 2, 4: 30, 5: 36, 6: 17, 7: 27, 8: 52, 9: 47, 10: 19, 11: 27, 12: 9, 13: 51, 14: 0, 15: 21}
2026-07-20 10:57:13 [INFO] 面积统计：{0: 4574556.0, 1: 511848.0, 2: 61488.0, 3: 168948.0, 4: 184104.0, 5: 72972.0, 6: 451620.0, 7: 40788.0, 8: 754128.0, 9: 101916.0, 10: 155448.0, 11: 311292.0, 12: 37044.0, 13: 704736.0, 15: 101736.0}
2026-07-20 10:57:13 [INFO] 分割成功
2026-07-20 10:57:13 [INFO] 引擎上下文已释放
2026-07-20 10:57:13 [INFO] TensorRT 引擎已释放
2026-07-20 10:57:13 [INFO] 全局 CUDA 资源已释放
2026-07-20 10:57:13 [INFO] 分割系统资源已释放
