2026-05-22 15:19:25 [INFO] CUDA 初始化成功
2026-05-22 15:19:25 [INFO] 引擎加载成功: scrap_steel.engine
2026-05-22 15:19:25 [INFO] 分割系统初始化成功
2026-05-22 15:19:28 [INFO] 引擎加载成功: scrap_steel.engine
2026-05-22 15:19:28 [INFO] 分割系统初始化成功
2026-05-22 15:19:28 [INFO] 图像预处理完成，原始尺寸: (2160, 3840)
2026-05-22 15:19:28 [INFO] 开始执行分割...
2026-05-22 15:19:28 [ERROR] 推理过程发生异常: explicit_context_dependent failed: invalid device context - no currently active context?
2026-05-22 15:19:28 [INFO] 分割完成，检测到 0 个物体
2026-05-22 15:19:28 [ERROR] 分割失败: 未能生成有效的分割掩码
2026-05-22 15:19:28 [INFO] 引擎上下文已释放
2026-05-22 15:19:28 [INFO] TensorRT 引擎已释放
2026-05-22 15:19:28 [INFO] 全局 CUDA 资源已释放
2026-05-22 15:19:28 [INFO] 分割系统资源已释放
2026-05-22 15:19:35 [INFO] CUDA 初始化成功
2026-05-22 15:19:35 [INFO] 引擎加载成功: scrap_steel.engine
2026-05-22 15:19:35 [INFO] 分割系统初始化成功
2026-05-22 15:19:35 [INFO] 图像预处理完成，原始尺寸: (2160, 3840)
2026-05-22 15:19:35 [INFO] 开始执行分割...
2026-05-22 15:19:35 [DEBUG] 处理后的检测结果形状: (1, 8400, 6)
2026-05-22 15:19:35 [DEBUG] 示例检测结果: [[-4.09636307e+00 -3.30856037e+00  3.88936653e+01  1.56545210e+01
   4.37166250e-08  5.00000000e+00]
 [-6.44363403e+00 -3.05636883e+00  4.40795517e+01  2.98303528e+01
   9.51516199e-09  9.00000000e+00]
 [-3.68072510e+00 -3.62083721e+00  4.56614075e+01  3.03839111e+01
   4.14959089e-09  9.00000000e+00]]
2026-05-22 15:19:35 [DEBUG] 处理后检测输出形状: (4, 52)
2026-05-22 15:19:35 [DEBUG] 有效检测数量: 4
2026-05-22 15:19:35 [DEBUG] 最大置信度: 0.0860, 平均置信度: 0.0741
2026-05-22 15:19:35 [INFO] 掩码中检测到的类别: [0, 1, 2, 3, 4, 5, 6, 7, 8, 9, 10, 11, 12, 13, 15]
2026-05-22 15:19:35 [INFO] 分割完成，检测到 1 个物体
2026-05-22 15:19:35 [INFO] 检测到车兜区域，将过滤区域外的目标
2026-05-22 15:19:35 [ERROR] 发生异常: 'numpy.ndarray' object has no attribute 'get'
2026-05-22 15:19:35 [INFO] 引擎上下文已释放
2026-05-22 15:19:35 [INFO] TensorRT 引擎已释放
2026-05-22 15:19:35 [INFO] 全局 CUDA 资源已释放
2026-05-22 15:19:35 [INFO] 分割系统资源已释放
2026-05-22 15:19:39 [INFO] CUDA 初始化成功
2026-05-22 15:19:40 [INFO] 引擎加载成功: scrap_steel.engine
2026-05-22 15:19:40 [INFO] 分割系统初始化成功
2026-05-22 15:19:40 [INFO] 图像预处理完成，原始尺寸: (2160, 3840)
2026-05-22 15:19:40 [INFO] 开始执行分割...
2026-05-22 15:19:40 [DEBUG] 处理后的检测结果形状: (1, 8400, 6)
2026-05-22 15:19:40 [DEBUG] 示例检测结果: [[-4.08271408e+00 -3.33934927e+00  3.87771645e+01  1.58321934e+01
   4.37410108e-08  5.00000000e+00]
 [-6.43142319e+00 -3.10635948e+00  4.40055466e+01  2.99873905e+01
   9.47811429e-09  9.00000000e+00]
 [-3.65802002e+00 -3.64712334e+00  4.55766144e+01  3.04077549e+01
   4.17913704e-09  9.00000000e+00]]
2026-05-22 15:19:40 [DEBUG] 处理后检测输出形状: (4, 52)
2026-05-22 15:19:40 [DEBUG] 有效检测数量: 4
2026-05-22 15:19:40 [DEBUG] 最大置信度: 0.0759, 平均置信度: 0.0716
2026-05-22 15:19:40 [INFO] 掩码中检测到的类别: [0, 1, 2, 3, 4, 5, 6, 7, 8, 9, 10, 11, 12, 13, 15]
2026-05-22 15:19:40 [INFO] 分割完成，检测到 1 个物体
2026-05-22 15:19:40 [INFO] 检测到车兜区域，将过滤区域外的目标
2026-05-22 15:19:40 [ERROR] 发生异常: 'numpy.ndarray' object has no attribute 'get'
2026-05-22 15:19:40 [INFO] 引擎上下文已释放
2026-05-22 15:19:40 [INFO] TensorRT 引擎已释放
2026-05-22 15:19:40 [INFO] 全局 CUDA 资源已释放
2026-05-22 15:19:40 [INFO] 分割系统资源已释放
2026-05-22 15:19:44 [INFO] CUDA 初始化成功
2026-05-22 15:19:44 [INFO] 引擎加载成功: scrap_steel.engine
2026-05-22 15:19:44 [INFO] 分割系统初始化成功
2026-05-22 15:19:44 [INFO] 图像预处理完成，原始尺寸: (2160, 3840)
2026-05-22 15:19:44 [INFO] 开始执行分割...
2026-05-22 15:19:44 [DEBUG] 处理后的检测结果形状: (1, 8400, 6)
2026-05-22 15:19:44 [DEBUG] 示例检测结果: [[-4.11294556e+00 -3.31608391e+00  3.87938576e+01  1.57239933e+01
   4.37410108e-08  5.00000000e+00]
 [-6.43128204e+00 -3.07668018e+00  4.39529228e+01  2.98933754e+01
   9.66522862e-09  9.00000000e+00]
 [-3.65917206e+00 -3.63402271e+00  4.55484009e+01  3.03773155e+01
   4.18195789e-09  9.00000000e+00]]
2026-05-22 15:19:44 [DEBUG] 处理后检测输出形状: (4, 52)
2026-05-22 15:19:44 [DEBUG] 有效检测数量: 4
2026-05-22 15:19:44 [DEBUG] 最大置信度: 0.1048, 平均置信度: 0.0890
2026-05-22 15:19:44 [INFO] 掩码中检测到的类别: [0, 1, 2, 3, 4, 5, 6, 7, 8, 9, 10, 11, 12, 13, 14, 15]
2026-05-22 15:19:44 [INFO] 分割完成，检测到 1 个物体
2026-05-22 15:19:44 [INFO] 检测到车兜区域，将过滤区域外的目标
2026-05-22 15:19:44 [ERROR] 发生异常: 'numpy.ndarray' object has no attribute 'get'
2026-05-22 15:19:44 [INFO] 引擎上下文已释放
2026-05-22 15:19:44 [INFO] TensorRT 引擎已释放
2026-05-22 15:19:44 [INFO] 全局 CUDA 资源已释放
2026-05-22 15:19:44 [INFO] 分割系统资源已释放
2026-05-22 15:19:49 [INFO] CUDA 初始化成功
2026-05-22 15:19:49 [INFO] 引擎加载成功: scrap_steel.engine
2026-05-22 15:19:49 [INFO] 分割系统初始化成功
2026-05-22 15:19:49 [INFO] 图像预处理完成，原始尺寸: (2160, 3840)
2026-05-22 15:19:49 [INFO] 开始执行分割...
2026-05-22 15:19:49 [DEBUG] 处理后的检测结果形状: (1, 8400, 6)
2026-05-22 15:19:49 [DEBUG] 示例检测结果: [[-4.07637787e+00 -3.32318783e+00  3.87549934e+01  1.57955427e+01
   4.33965504e-08  5.00000000e+00]
 [-6.39950943e+00 -3.07928753e+00  4.40422707e+01  3.00031967e+01
   9.62457491e-09  9.00000000e+00]
 [-3.64987183e+00 -3.58911514e+00  4.56085892e+01  3.04722977e+01
   4.19366586e-09  9.00000000e+00]]
2026-05-22 15:19:49 [DEBUG] 处理后检测输出形状: (4, 52)
2026-05-22 15:19:49 [DEBUG] 有效检测数量: 4
2026-05-22 15:19:49 [DEBUG] 最大置信度: 0.1082, 平均置信度: 0.0953
2026-05-22 15:19:50 [INFO] 掩码中检测到的类别: [0, 1, 2, 3, 4, 5, 6, 7, 8, 9, 10, 11, 12, 13, 15]
2026-05-22 15:19:50 [INFO] 分割完成，检测到 1 个物体
2026-05-22 15:19:50 [INFO] 检测到车兜区域，将过滤区域外的目标
2026-05-22 15:19:50 [ERROR] 发生异常: 'numpy.ndarray' object has no attribute 'get'
2026-05-22 15:19:50 [INFO] 引擎上下文已释放
2026-05-22 15:19:50 [INFO] TensorRT 引擎已释放
2026-05-22 15:19:50 [INFO] 全局 CUDA 资源已释放
2026-05-22 15:19:50 [INFO] 分割系统资源已释放
2026-05-22 15:19:55 [INFO] CUDA 初始化成功
2026-05-22 15:19:55 [INFO] 引擎加载成功: scrap_steel.engine
2026-05-22 15:19:55 [INFO] 分割系统初始化成功
2026-05-22 15:19:55 [INFO] 图像预处理完成，原始尺寸: (2160, 3840)
2026-05-22 15:19:55 [INFO] 开始执行分割...
2026-05-22 15:19:55 [DEBUG] 处理后的检测结果形状: (1, 8400, 6)
2026-05-22 15:19:55 [DEBUG] 示例检测结果: [[-4.05958176e+00 -3.31585836e+00  3.88197708e+01  1.56431217e+01
   4.37410108e-08  5.00000000e+00]
 [-6.45587158e+00 -3.09175110e+00  4.41440735e+01  2.99658890e+01
   9.54991819e-09  9.00000000e+00]
 [-3.68071747e+00 -3.64669800e+00  4.56142044e+01  3.04760628e+01
   4.14676293e-09  9.00000000e+00]]
2026-05-22 15:19:55 [DEBUG] 处理后检测输出形状: (4, 52)
2026-05-22 15:19:55 [DEBUG] 有效检测数量: 4
2026-05-22 15:19:55 [DEBUG] 最大置信度: 0.0571, 平均置信度: 0.0559
2026-05-22 15:19:55 [INFO] 掩码中检测到的类别: [0, 1, 2, 3, 4, 5, 6, 7, 8, 9, 10, 11, 12, 13, 15]
2026-05-22 15:19:55 [INFO] 分割完成，检测到 1 个物体
2026-05-22 15:19:55 [INFO] 检测到车兜区域，将过滤区域外的目标
2026-05-22 15:19:55 [ERROR] 发生异常: 'numpy.ndarray' object has no attribute 'get'
2026-05-22 15:19:55 [INFO] 引擎上下文已释放
2026-05-22 15:19:55 [INFO] TensorRT 引擎已释放
2026-05-22 15:19:55 [INFO] 全局 CUDA 资源已释放
2026-05-22 15:19:55 [INFO] 分割系统资源已释放
2026-05-22 15:20:00 [INFO] CUDA 初始化成功
2026-05-22 15:20:00 [INFO] 引擎加载成功: scrap_steel.engine
2026-05-22 15:20:00 [INFO] 分割系统初始化成功
2026-05-22 15:20:00 [INFO] 图像预处理完成，原始尺寸: (2160, 3840)
2026-05-22 15:20:00 [INFO] 开始执行分割...
2026-05-22 15:20:00 [DEBUG] 处理后的检测结果形状: (1, 8400, 6)
2026-05-22 15:20:00 [DEBUG] 示例检测结果: [[-4.10733032e+00 -3.33725071e+00  3.87367249e+01  1.58587122e+01
   4.30375735e-08  5.00000000e+00]
 [-6.44826889e+00 -3.11669254e+00  4.39824867e+01  3.00279922e+01
   9.47984446e-09  9.00000000e+00]
 [-3.66771317e+00 -3.66073036e+00  4.55899277e+01  3.04528866e+01
   4.07078904e-09  9.00000000e+00]]
2026-05-22 15:20:00 [DEBUG] 处理后检测输出形状: (4, 52)
2026-05-22 15:20:00 [DEBUG] 有效检测数量: 4
2026-05-22 15:20:00 [DEBUG] 最大置信度: 0.0984, 平均置信度: 0.0775
2026-05-22 15:20:00 [INFO] 掩码中检测到的类别: [0, 1, 2, 3, 4, 5, 6, 7, 8, 9, 10, 11, 12, 13, 15]
2026-05-22 15:20:00 [INFO] 分割完成，检测到 1 个物体
2026-05-22 15:20:00 [INFO] 检测到车兜区域，将过滤区域外的目标
2026-05-22 15:20:00 [ERROR] 发生异常: 'numpy.ndarray' object has no attribute 'get'
2026-05-22 15:20:00 [INFO] 引擎上下文已释放
2026-05-22 15:20:00 [INFO] TensorRT 引擎已释放
2026-05-22 15:20:00 [INFO] 全局 CUDA 资源已释放
2026-05-22 15:20:00 [INFO] 分割系统资源已释放
2026-05-22 15:20:06 [INFO] CUDA 初始化成功
2026-05-22 15:20:06 [INFO] 引擎加载成功: scrap_steel.engine
2026-05-22 15:20:06 [INFO] 分割系统初始化成功
2026-05-22 15:20:06 [INFO] 图像预处理完成，原始尺寸: (2160, 3840)
2026-05-22 15:20:06 [INFO] 开始执行分割...
2026-05-22 15:20:06 [DEBUG] 处理后的检测结果形状: (1, 8400, 6)
2026-05-22 15:20:06 [DEBUG] 示例检测结果: [[-4.14479446e+00 -3.34238911e+00  3.88227386e+01  1.57751322e+01
   4.39105072e-08  5.00000000e+00]
 [-6.47306061e+00 -3.12890816e+00  4.39302902e+01  2.99061909e+01
   9.51516199e-09  9.00000000e+00]
 [-3.71467972e+00 -3.68957043e+00  4.55657806e+01  3.04006386e+01
   4.11604617e-09  9.00000000e+00]]
2026-05-22 15:20:06 [DEBUG] 处理后检测输出形状: (4, 52)
2026-05-22 15:20:06 [DEBUG] 有效检测数量: 4
2026-05-22 15:20:06 [DEBUG] 最大置信度: 0.0940, 平均置信度: 0.0797
2026-05-22 15:20:06 [INFO] 掩码中检测到的类别: [0, 1, 2, 3, 4, 5, 6, 7, 8, 9, 10, 11, 12, 13, 15]
2026-05-22 15:20:06 [INFO] 分割完成，检测到 1 个物体
2026-05-22 15:20:06 [INFO] 检测到车兜区域，将过滤区域外的目标
2026-05-22 15:20:06 [ERROR] 发生异常: 'numpy.ndarray' object has no attribute 'get'
2026-05-22 15:20:06 [INFO] 引擎上下文已释放
2026-05-22 15:20:06 [INFO] TensorRT 引擎已释放
2026-05-22 15:20:06 [INFO] 全局 CUDA 资源已释放
2026-05-22 15:20:06 [INFO] 分割系统资源已释放
2026-05-22 15:20:11 [INFO] CUDA 初始化成功
2026-05-22 15:20:11 [INFO] 引擎加载成功: scrap_steel.engine
2026-05-22 15:20:11 [INFO] 分割系统初始化成功
2026-05-22 15:20:11 [INFO] 图像预处理完成，原始尺寸: (2160, 3840)
2026-05-22 15:20:11 [INFO] 开始执行分割...
2026-05-22 15:20:11 [DEBUG] 处理后的检测结果形状: (1, 8400, 6)
2026-05-22 15:20:11 [DEBUG] 示例检测结果: [[-4.12915421e+00 -3.33638620e+00  3.87097969e+01  1.58272533e+01
   4.30375735e-08  5.00000000e+00]
 [-6.42807770e+00 -3.08783245e+00  4.39425430e+01  2.99207382e+01
   9.37099287e-09  9.00000000e+00]
 [-3.66442108e+00 -3.64619350e+00  4.55592041e+01  3.04090576e+01
   4.11722390e-09  9.00000000e+00]]
2026-05-22 15:20:11 [DEBUG] 处理后检测输出形状: (4, 52)
2026-05-22 15:20:11 [DEBUG] 有效检测数量: 4
2026-05-22 15:20:11 [DEBUG] 最大置信度: 0.0756, 平均置信度: 0.0650
2026-05-22 15:20:11 [INFO] 掩码中检测到的类别: [0, 1, 2, 3, 4, 5, 6, 7, 8, 9, 10, 11, 12, 13, 14, 15]
2026-05-22 15:20:11 [INFO] 分割完成，检测到 1 个物体
2026-05-22 15:20:11 [INFO] 检测到车兜区域，将过滤区域外的目标
2026-05-22 15:20:11 [ERROR] 发生异常: 'numpy.ndarray' object has no attribute 'get'
2026-05-22 15:20:11 [INFO] 引擎上下文已释放
2026-05-22 15:20:11 [INFO] TensorRT 引擎已释放
2026-05-22 15:20:11 [INFO] 全局 CUDA 资源已释放
2026-05-22 15:20:11 [INFO] 分割系统资源已释放
2026-05-22 15:20:16 [INFO] CUDA 初始化成功
2026-05-22 15:20:16 [INFO] 引擎加载成功: scrap_steel.engine
2026-05-22 15:20:16 [INFO] 分割系统初始化成功
2026-05-22 15:20:16 [INFO] 图像预处理完成，原始尺寸: (2160, 3840)
2026-05-22 15:20:16 [INFO] 开始执行分割...
2026-05-22 15:20:17 [DEBUG] 处理后的检测结果形状: (1, 8400, 6)
2026-05-22 15:20:17 [DEBUG] 示例检测结果: [[-4.08069229e+00 -3.36004066e+00  3.87417068e+01  1.58921871e+01
   4.33786340e-08  5.00000000e+00]
 [-6.40135193e+00 -3.12760544e+00  4.39829636e+01  3.00035706e+01
   9.44307743e-09  9.00000000e+00]
 [-3.67341614e+00 -3.66213608e+00  4.55883331e+01  3.04923897e+01
   4.14818047e-09  9.00000000e+00]]
2026-05-22 15:20:17 [DEBUG] 处理后检测输出形状: (4, 52)
2026-05-22 15:20:17 [DEBUG] 有效检测数量: 4
2026-05-22 15:20:17 [DEBUG] 最大置信度: 0.1067, 平均置信度: 0.0924
2026-05-22 15:20:17 [INFO] 掩码中检测到的类别: [0, 1, 2, 3, 4, 5, 6, 7, 8, 9, 10, 11, 12, 13, 14, 15]
2026-05-22 15:20:17 [INFO] 分割完成，检测到 1 个物体
2026-05-22 15:20:17 [INFO] 检测到车兜区域，将过滤区域外的目标
2026-05-22 15:20:17 [ERROR] 发生异常: 'numpy.ndarray' object has no attribute 'get'
2026-05-22 15:20:17 [INFO] 引擎上下文已释放
2026-05-22 15:20:17 [INFO] TensorRT 引擎已释放
2026-05-22 15:20:17 [INFO] 全局 CUDA 资源已释放
2026-05-22 15:20:17 [INFO] 分割系统资源已释放
2026-05-22 15:20:22 [INFO] CUDA 初始化成功
2026-05-22 15:20:22 [INFO] 引擎加载成功: scrap_steel.engine
2026-05-22 15:20:22 [INFO] 分割系统初始化成功
2026-05-22 15:20:22 [INFO] 图像预处理完成，原始尺寸: (2160, 3840)
2026-05-22 15:20:22 [INFO] 开始执行分割...
2026-05-22 15:20:22 [DEBUG] 处理后的检测结果形状: (1, 8400, 6)
2026-05-22 15:20:22 [DEBUG] 示例检测结果: [[-4.11029053e+00 -3.33828163e+00  3.87964630e+01  1.58359909e+01
   4.37410108e-08  5.00000000e+00]
 [-6.39933777e+00 -3.10202980e+00  4.39316940e+01  2.99219379e+01
   9.40631040e-09  9.00000000e+00]
 [-3.67494202e+00 -3.67309380e+00  4.55741615e+01  3.04421558e+01
   4.06926404e-09  9.00000000e+00]]
2026-05-22 15:20:22 [DEBUG] 处理后检测输出形状: (4, 52)
2026-05-22 15:20:22 [DEBUG] 有效检测数量: 4
2026-05-22 15:20:22 [DEBUG] 最大置信度: 0.0658, 平均置信度: 0.0577
2026-05-22 15:20:22 [INFO] 掩码中检测到的类别: [0, 1, 2, 3, 4, 5, 6, 7, 8, 9, 10, 11, 12, 13, 15]
2026-05-22 15:20:22 [INFO] 分割完成，检测到 1 个物体
2026-05-22 15:20:22 [INFO] 检测到车兜区域，将过滤区域外的目标
2026-05-22 15:20:22 [ERROR] 发生异常: 'numpy.ndarray' object has no attribute 'get'
2026-05-22 15:20:22 [INFO] 引擎上下文已释放
2026-05-22 15:20:22 [INFO] TensorRT 引擎已释放
2026-05-22 15:20:22 [INFO] 全局 CUDA 资源已释放
2026-05-22 15:20:22 [INFO] 分割系统资源已释放
2026-05-22 15:20:28 [INFO] CUDA 初始化成功
2026-05-22 15:20:28 [INFO] 引擎加载成功: scrap_steel.engine
2026-05-22 15:20:28 [INFO] 分割系统初始化成功
2026-05-22 15:20:28 [INFO] 图像预处理完成，原始尺寸: (2160, 3840)
2026-05-22 15:20:28 [INFO] 开始执行分割...
2026-05-22 15:20:28 [DEBUG] 处理后的检测结果形状: (1, 8400, 6)
2026-05-22 15:20:28 [DEBUG] 示例检测结果: [[-4.11226654e+00 -3.30752563e+00  3.87374191e+01  1.56358833e+01
   4.27178293e-08  5.00000000e+00]
 [-6.43211746e+00 -3.09191513e+00  4.39353065e+01  2.97989044e+01
   9.48268664e-09  9.00000000e+00]
 [-3.63834381e+00 -3.60604286e+00  4.55468864e+01  3.03758526e+01
   4.15114432e-09  9.00000000e+00]]
2026-05-22 15:20:28 [DEBUG] 处理后检测输出形状: (4, 52)
2026-05-22 15:20:28 [DEBUG] 有效检测数量: 4
2026-05-22 15:20:28 [DEBUG] 最大置信度: 0.1176, 平均置信度: 0.1044
2026-05-22 15:20:28 [INFO] 掩码中检测到的类别: [0, 1, 2, 3, 4, 5, 6, 7, 8, 9, 10, 11, 12, 13, 15]
2026-05-22 15:20:28 [INFO] 分割完成，检测到 1 个物体
2026-05-22 15:20:28 [INFO] 检测到车兜区域，将过滤区域外的目标
2026-05-22 15:20:28 [ERROR] 发生异常: 'numpy.ndarray' object has no attribute 'get'
2026-05-22 15:20:28 [INFO] 引擎上下文已释放
2026-05-22 15:20:28 [INFO] TensorRT 引擎已释放
2026-05-22 15:20:29 [INFO] 全局 CUDA 资源已释放
2026-05-22 15:20:29 [INFO] 分割系统资源已释放
2026-05-22 15:20:33 [INFO] CUDA 初始化成功
2026-05-22 15:20:33 [INFO] 引擎加载成功: scrap_steel.engine
2026-05-22 15:20:33 [INFO] 分割系统初始化成功
2026-05-22 15:20:33 [INFO] 图像预处理完成，原始尺寸: (2160, 3840)
2026-05-22 15:20:33 [INFO] 开始执行分割...
2026-05-22 15:20:33 [DEBUG] 处理后的检测结果形状: (1, 8400, 6)
2026-05-22 15:20:33 [DEBUG] 示例检测结果: [[-4.12805557e+00 -3.34797764e+00  3.87733574e+01  1.57979555e+01
   4.30375735e-08  5.00000000e+00]
 [-6.44642258e+00 -3.10187149e+00  4.39536438e+01  2.99174271e+01
   9.18948473e-09  9.00000000e+00]
 [-3.66248322e+00 -3.64694500e+00  4.55698395e+01  3.04213638e+01
   3.99206890e-09  9.00000000e+00]]
2026-05-22 15:20:33 [DEBUG] 处理后检测输出形状: (4, 52)
2026-05-22 15:20:33 [DEBUG] 有效检测数量: 4
2026-05-22 15:20:33 [DEBUG] 最大置信度: 0.0759, 平均置信度: 0.0667
2026-05-22 15:20:33 [INFO] 掩码中检测到的类别: [0, 1, 2, 3, 4, 5, 6, 7, 8, 9, 10, 11, 12, 13, 14, 15]
2026-05-22 15:20:33 [INFO] 分割完成，检测到 1 个物体
2026-05-22 15:20:33 [INFO] 检测到车兜区域，将过滤区域外的目标
2026-05-22 15:20:33 [ERROR] 发生异常: 'numpy.ndarray' object has no attribute 'get'
2026-05-22 15:20:33 [INFO] 引擎上下文已释放
2026-05-22 15:20:33 [INFO] TensorRT 引擎已释放
2026-05-22 15:20:33 [INFO] 全局 CUDA 资源已释放
2026-05-22 15:20:33 [INFO] 分割系统资源已释放
2026-05-22 15:20:38 [INFO] CUDA 初始化成功
2026-05-22 15:20:38 [INFO] 引擎加载成功: scrap_steel.engine
2026-05-22 15:20:38 [INFO] 分割系统初始化成功
2026-05-22 15:20:38 [INFO] 图像预处理完成，原始尺寸: (2160, 3840)
2026-05-22 15:20:38 [INFO] 开始执行分割...
2026-05-22 15:20:38 [DEBUG] 处理后的检测结果形状: (1, 8400, 6)
2026-05-22 15:20:38 [DEBUG] 示例检测结果: [[-4.14456558e+00 -3.34652042e+00  3.87428665e+01  1.58693609e+01
   4.30375735e-08  5.00000000e+00]
 [-6.45332336e+00 -3.12656975e+00  4.39410400e+01  2.99448490e+01
   9.29890831e-09  9.00000000e+00]
 [-3.68069458e+00 -3.68834496e+00  4.55800171e+01  3.03844318e+01
   4.10279100e-09  9.00000000e+00]]
2026-05-22 15:20:38 [DEBUG] 处理后检测输出形状: (4, 52)
2026-05-22 15:20:38 [DEBUG] 有效检测数量: 4
2026-05-22 15:20:38 [DEBUG] 最大置信度: 0.0891, 平均置信度: 0.0748
2026-05-22 15:20:38 [INFO] 掩码中检测到的类别: [0, 1, 2, 3, 4, 5, 6, 7, 8, 9, 10, 11, 12, 13, 15]
2026-05-22 15:20:38 [INFO] 分割完成，检测到 1 个物体
2026-05-22 15:20:38 [INFO] 检测到车兜区域，将过滤区域外的目标
2026-05-22 15:20:38 [ERROR] 发生异常: 'numpy.ndarray' object has no attribute 'get'
2026-05-22 15:20:38 [INFO] 引擎上下文已释放
2026-05-22 15:20:38 [INFO] TensorRT 引擎已释放
2026-05-22 15:20:38 [INFO] 全局 CUDA 资源已释放
2026-05-22 15:20:38 [INFO] 分割系统资源已释放
2026-05-22 15:20:44 [INFO] CUDA 初始化成功
2026-05-22 15:20:44 [INFO] 引擎加载成功: scrap_steel.engine
2026-05-22 15:20:44 [INFO] 分割系统初始化成功
2026-05-22 15:20:44 [INFO] 图像预处理完成，原始尺寸: (2160, 3840)
2026-05-22 15:20:44 [INFO] 开始执行分割...
2026-05-22 15:20:44 [DEBUG] 处理后的检测结果形状: (1, 8400, 6)
2026-05-22 15:20:44 [DEBUG] 示例检测结果: [[-4.11470795e+00 -3.33778763e+00  3.87481766e+01  1.58041477e+01
   4.42549677e-08  5.00000000e+00]
 [-6.43921661e+00 -3.11529541e+00  4.39244804e+01  2.99241142e+01
   9.55220969e-09  9.00000000e+00]
 [-3.66598892e+00 -3.63139915e+00  4.55227051e+01  3.03050098e+01
   4.19544399e-09  9.00000000e+00]]
2026-05-22 15:20:44 [DEBUG] 处理后检测输出形状: (4, 52)
2026-05-22 15:20:44 [DEBUG] 有效检测数量: 4
2026-05-22 15:20:44 [DEBUG] 最大置信度: 0.0663, 平均置信度: 0.0590
2026-05-22 15:20:44 [INFO] 掩码中检测到的类别: [0, 1, 2, 3, 4, 5, 6, 7, 8, 9, 10, 11, 12, 13, 15]
2026-05-22 15:20:44 [INFO] 分割完成，检测到 1 个物体
2026-05-22 15:20:44 [INFO] 检测到车兜区域，将过滤区域外的目标
2026-05-22 15:20:44 [ERROR] 发生异常: 'numpy.ndarray' object has no attribute 'get'
2026-05-22 15:20:44 [INFO] 引擎上下文已释放
2026-05-22 15:20:44 [INFO] TensorRT 引擎已释放
2026-05-22 15:20:44 [INFO] 全局 CUDA 资源已释放
2026-05-22 15:20:44 [INFO] 分割系统资源已释放
2026-05-22 15:20:49 [INFO] CUDA 初始化成功
2026-05-22 15:20:49 [INFO] 引擎加载成功: scrap_steel.engine
2026-05-22 15:20:49 [INFO] 分割系统初始化成功
2026-05-22 15:20:49 [INFO] 图像预处理完成，原始尺寸: (2160, 3840)
2026-05-22 15:20:49 [INFO] 开始执行分割...
2026-05-22 15:20:49 [DEBUG] 处理后的检测结果形状: (1, 8400, 6)
2026-05-22 15:20:49 [DEBUG] 示例检测结果: [[-4.10936737e+00 -3.32452393e+00  3.87372131e+01  1.58317757e+01
   4.32105409e-08  5.00000000e+00]
 [-6.40859985e+00 -3.08792496e+00  4.39798584e+01  2.99753571e+01
   9.40631040e-09  9.00000000e+00]
 [-3.65983200e+00 -3.62762928e+00  4.55512428e+01  3.04110413e+01
   4.11604617e-09  9.00000000e+00]]
2026-05-22 15:20:49 [DEBUG] 处理后检测输出形状: (4, 52)
2026-05-22 15:20:49 [DEBUG] 有效检测数量: 4
2026-05-22 15:20:49 [DEBUG] 最大置信度: 0.0778, 平均置信度: 0.0653
2026-05-22 15:20:49 [INFO] 掩码中检测到的类别: [0, 1, 2, 3, 4, 5, 6, 7, 8, 9, 10, 11, 12, 13, 15]
2026-05-22 15:20:49 [INFO] 分割完成，检测到 1 个物体
2026-05-22 15:20:49 [INFO] 检测到车兜区域，将过滤区域外的目标
2026-05-22 15:20:49 [ERROR] 发生异常: 'numpy.ndarray' object has no attribute 'get'
2026-05-22 15:20:49 [INFO] 引擎上下文已释放
2026-05-22 15:20:49 [INFO] TensorRT 引擎已释放
2026-05-22 15:20:49 [INFO] 全局 CUDA 资源已释放
2026-05-22 15:20:49 [INFO] 分割系统资源已释放
2026-05-22 15:20:54 [INFO] CUDA 初始化成功
2026-05-22 15:20:54 [INFO] 引擎加载成功: scrap_steel.engine
2026-05-22 15:20:54 [INFO] 分割系统初始化成功
2026-05-22 15:20:54 [INFO] 图像预处理完成，原始尺寸: (2160, 3840)
2026-05-22 15:20:54 [INFO] 开始执行分割...
2026-05-22 15:20:54 [DEBUG] 处理后的检测结果形状: (1, 8400, 6)
2026-05-22 15:20:54 [DEBUG] 示例检测结果: [[-4.08036804e+00 -3.30202770e+00  3.87612762e+01  1.57272558e+01
   4.35467271e-08  5.00000000e+00]
 [-6.36642456e+00 -3.06528187e+00  4.39272156e+01  2.98256798e+01
   9.55430934e-09  9.00000000e+00]
 [-3.65775681e+00 -3.63105965e+00  4.55420380e+01  3.03509922e+01
   4.11722390e-09  9.00000000e+00]]
2026-05-22 15:20:54 [DEBUG] 处理后检测输出形状: (3, 52)
2026-05-22 15:20:54 [DEBUG] 有效检测数量: 3
2026-05-22 15:20:54 [DEBUG] 最大置信度: 0.0562, 平均置信度: 0.0544
2026-05-22 15:20:54 [INFO] 掩码中检测到的类别: [0, 1, 2, 3, 4, 5, 6, 7, 8, 9, 10, 11, 12, 13, 15]
2026-05-22 15:20:54 [INFO] 分割完成，检测到 1 个物体
2026-05-22 15:20:54 [INFO] 检测到车兜区域，将过滤区域外的目标
2026-05-22 15:20:54 [ERROR] 发生异常: 'numpy.ndarray' object has no attribute 'get'
2026-05-22 15:20:54 [INFO] 引擎上下文已释放
2026-05-22 15:20:54 [INFO] TensorRT 引擎已释放
2026-05-22 15:20:54 [INFO] 全局 CUDA 资源已释放
2026-05-22 15:20:54 [INFO] 分割系统资源已释放
2026-05-22 15:20:59 [INFO] CUDA 初始化成功
2026-05-22 15:21:00 [INFO] 引擎加载成功: scrap_steel.engine
2026-05-22 15:21:00 [INFO] 分割系统初始化成功
2026-05-22 15:21:00 [INFO] 图像预处理完成，原始尺寸: (2160, 3840)
2026-05-22 15:21:00 [INFO] 开始执行分割...
2026-05-22 15:21:00 [DEBUG] 处理后的检测结果形状: (1, 8400, 6)
2026-05-22 15:21:00 [DEBUG] 示例检测结果: [[-4.11277771e+00 -3.31678772e+00  3.87825699e+01  1.58370323e+01
   4.30375735e-08  5.00000000e+00]
 [-6.40764618e+00 -3.08019543e+00  4.39800720e+01  2.99514313e+01
   9.33511402e-09  9.00000000e+00]
 [-3.65063858e+00 -3.61669350e+00  4.55706749e+01  3.04198971e+01
   4.05490486e-09  9.00000000e+00]]
2026-05-22 15:21:00 [DEBUG] 处理后检测输出形状: (4, 52)
2026-05-22 15:21:00 [DEBUG] 有效检测数量: 4
2026-05-22 15:21:00 [DEBUG] 最大置信度: 0.0821, 平均置信度: 0.0755
2026-05-22 15:21:00 [INFO] 掩码中检测到的类别: [0, 1, 2, 3, 4, 5, 6, 7, 8, 9, 10, 11, 12, 13, 15]
2026-05-22 15:21:00 [INFO] 分割完成，检测到 1 个物体
2026-05-22 15:21:00 [INFO] 检测到车兜区域，将过滤区域外的目标
2026-05-22 15:21:00 [ERROR] 发生异常: 'numpy.ndarray' object has no attribute 'get'
2026-05-22 15:21:00 [INFO] 引擎上下文已释放
2026-05-22 15:21:00 [INFO] TensorRT 引擎已释放
2026-05-22 15:21:00 [INFO] 全局 CUDA 资源已释放
2026-05-22 15:21:00 [INFO] 分割系统资源已释放
2026-05-22 15:21:05 [INFO] CUDA 初始化成功
2026-05-22 15:21:05 [INFO] 引擎加载成功: scrap_steel.engine
2026-05-22 15:21:05 [INFO] 分割系统初始化成功
2026-05-22 15:21:05 [INFO] 图像预处理完成，原始尺寸: (2160, 3840)
2026-05-22 15:21:05 [INFO] 开始执行分割...
2026-05-22 15:21:05 [DEBUG] 处理后的检测结果形状: (1, 8400, 6)
2026-05-22 15:21:05 [DEBUG] 示例检测结果: [[-4.13859940e+00 -3.34740639e+00  3.88353539e+01  1.59890480e+01
   4.40818262e-08  5.00000000e+00]
 [-6.40139389e+00 -3.10293007e+00  4.39138641e+01  3.00690365e+01
   9.47811429e-09  9.00000000e+00]
 [-3.65668869e+00 -3.62970352e+00  4.55253601e+01  3.04253654e+01
   4.14676293e-09  9.00000000e+00]]
2026-05-22 15:21:05 [DEBUG] 处理后检测输出形状: (4, 52)
2026-05-22 15:21:05 [DEBUG] 有效检测数量: 4
2026-05-22 15:21:05 [DEBUG] 最大置信度: 0.0642, 平均置信度: 0.0605
2026-05-22 15:21:05 [INFO] 掩码中检测到的类别: [0, 1, 2, 3, 4, 5, 6, 7, 8, 9, 10, 11, 12, 13, 15]
2026-05-22 15:21:05 [INFO] 分割完成，检测到 1 个物体
2026-05-22 15:21:05 [INFO] 检测到车兜区域，将过滤区域外的目标
2026-05-22 15:21:05 [ERROR] 发生异常: 'numpy.ndarray' object has no attribute 'get'
2026-05-22 15:21:05 [INFO] 引擎上下文已释放
2026-05-22 15:21:05 [INFO] TensorRT 引擎已释放
2026-05-22 15:21:05 [INFO] 全局 CUDA 资源已释放
2026-05-22 15:21:05 [INFO] 分割系统资源已释放
2026-05-22 15:21:10 [INFO] CUDA 初始化成功
2026-05-22 15:21:10 [INFO] 引擎加载成功: scrap_steel.engine
2026-05-22 15:21:10 [INFO] 分割系统初始化成功
2026-05-22 15:21:10 [INFO] 图像预处理完成，原始尺寸: (2160, 3840)
2026-05-22 15:21:10 [INFO] 开始执行分割...
2026-05-22 15:21:10 [DEBUG] 处理后的检测结果形状: (1, 8400, 6)
2026-05-22 15:21:10 [DEBUG] 示例检测结果: [[-4.13862991e+00 -3.34755135e+00  3.87175980e+01  1.58578243e+01
   4.30375735e-08  5.00000000e+00]
 [-6.39941406e+00 -3.11476517e+00  4.39078255e+01  2.99411736e+01
   9.17285448e-09  9.00000000e+00]
 [-3.65230179e+00 -3.65970039e+00  4.55195236e+01  3.03827572e+01
   4.05490486e-09  9.00000000e+00]]
2026-05-22 15:21:10 [DEBUG] 处理后检测输出形状: (4, 52)
2026-05-22 15:21:10 [DEBUG] 有效检测数量: 4
2026-05-22 15:21:10 [DEBUG] 最大置信度: 0.0608, 平均置信度: 0.0571
2026-05-22 15:21:11 [INFO] 掩码中检测到的类别: [0, 1, 2, 3, 4, 5, 6, 7, 8, 9, 10, 11, 12, 13, 15]
2026-05-22 15:21:11 [INFO] 分割完成，检测到 1 个物体
2026-05-22 15:21:11 [INFO] 检测到车兜区域，将过滤区域外的目标
2026-05-22 15:21:11 [ERROR] 发生异常: 'numpy.ndarray' object has no attribute 'get'
2026-05-22 15:21:11 [INFO] 引擎上下文已释放
2026-05-22 15:21:11 [INFO] TensorRT 引擎已释放
2026-05-22 15:21:11 [INFO] 全局 CUDA 资源已释放
2026-05-22 15:21:11 [INFO] 分割系统资源已释放
2026-05-22 15:21:16 [INFO] CUDA 初始化成功
2026-05-22 15:21:16 [INFO] 引擎加载成功: scrap_steel.engine
2026-05-22 15:21:16 [INFO] 分割系统初始化成功
2026-05-22 15:21:16 [INFO] 图像预处理完成，原始尺寸: (2160, 3840)
2026-05-22 15:21:16 [INFO] 开始执行分割...
2026-05-22 15:21:16 [DEBUG] 处理后的检测结果形状: (1, 8400, 6)
2026-05-22 15:21:16 [DEBUG] 示例检测结果: [[-4.10581970e+00 -3.34599113e+00  3.88431129e+01  1.58825703e+01
   4.33786340e-08  5.00000000e+00]
 [-6.40575409e+00 -3.08714008e+00  4.40083237e+01  2.99987297e+01
   9.40631040e-09  9.00000000e+00]
 [-3.66367340e+00 -3.63048172e+00  4.56110001e+01  3.04746590e+01
   4.11604617e-09  9.00000000e+00]]
2026-05-22 15:21:16 [DEBUG] 处理后检测输出形状: (4, 52)
2026-05-22 15:21:16 [DEBUG] 有效检测数量: 4
2026-05-22 15:21:16 [DEBUG] 最大置信度: 0.0632, 平均置信度: 0.0588
2026-05-22 15:21:16 [INFO] 掩码中检测到的类别: [0, 1, 2, 3, 4, 5, 6, 7, 8, 9, 10, 11, 12, 13, 15]
2026-05-22 15:21:16 [INFO] 分割完成，检测到 1 个物体
2026-05-22 15:21:16 [INFO] 检测到车兜区域，将过滤区域外的目标
2026-05-22 15:21:16 [ERROR] 发生异常: 'numpy.ndarray' object has no attribute 'get'
2026-05-22 15:21:16 [INFO] 引擎上下文已释放
2026-05-22 15:21:16 [INFO] TensorRT 引擎已释放
2026-05-22 15:21:16 [INFO] 全局 CUDA 资源已释放
2026-05-22 15:21:16 [INFO] 分割系统资源已释放
2026-05-22 15:21:21 [INFO] CUDA 初始化成功
2026-05-22 15:21:21 [INFO] 引擎加载成功: scrap_steel.engine
2026-05-22 15:21:21 [INFO] 分割系统初始化成功
2026-05-22 15:21:21 [INFO] 图像预处理完成，原始尺寸: (2160, 3840)
2026-05-22 15:21:21 [INFO] 开始执行分割...
2026-05-22 15:21:21 [DEBUG] 处理后的检测结果形状: (1, 8400, 6)
2026-05-22 15:21:21 [DEBUG] 示例检测结果: [[-4.09274673e+00 -3.30617285e+00  3.87945023e+01  1.56619549e+01
   4.30375735e-08  5.00000000e+00]
 [-6.42524338e+00 -3.07640076e+00  4.39245491e+01  2.97916336e+01
   9.29890831e-09  9.00000000e+00]
 [-3.67327499e+00 -3.60613346e+00  4.55315971e+01  3.02682419e+01
   4.05490486e-09  9.00000000e+00]]
2026-05-22 15:21:21 [DEBUG] 处理后检测输出形状: (3, 52)
2026-05-22 15:21:21 [DEBUG] 有效检测数量: 3
2026-05-22 15:21:21 [DEBUG] 最大置信度: 0.0548, 平均置信度: 0.0543
2026-05-22 15:21:21 [INFO] 掩码中检测到的类别: [0, 1, 2, 3, 4, 5, 6, 7, 8, 9, 10, 11, 12, 13, 15]
2026-05-22 15:21:21 [INFO] 分割完成，检测到 1 个物体
2026-05-22 15:21:21 [INFO] 检测到车兜区域，将过滤区域外的目标
2026-05-22 15:21:21 [ERROR] 发生异常: 'numpy.ndarray' object has no attribute 'get'
2026-05-22 15:21:21 [INFO] 引擎上下文已释放
2026-05-22 15:21:21 [INFO] TensorRT 引擎已释放
2026-05-22 15:21:21 [INFO] 全局 CUDA 资源已释放
2026-05-22 15:21:21 [INFO] 分割系统资源已释放
2026-05-22 15:21:26 [INFO] CUDA 初始化成功
2026-05-22 15:21:27 [INFO] 引擎加载成功: scrap_steel.engine
2026-05-22 15:21:27 [INFO] 分割系统初始化成功
2026-05-22 15:21:27 [INFO] 图像预处理完成，原始尺寸: (2160, 3840)
2026-05-22 15:21:27 [INFO] 开始执行分割...
2026-05-22 15:21:27 [DEBUG] 处理后的检测结果形状: (1, 8400, 6)
2026-05-22 15:21:27 [DEBUG] 示例检测结果: [[-4.10822678e+00 -3.32657671e+00  3.87761803e+01  1.57681847e+01
   4.35467271e-08  5.00000000e+00]
 [-6.41087723e+00 -3.09139824e+00  4.40220985e+01  2.99260197e+01
   9.55220969e-09  9.00000000e+00]
 [-3.65395737e+00 -3.63403130e+00  4.55665398e+01  3.04174023e+01
   4.14818047e-09  9.00000000e+00]]
2026-05-22 15:21:27 [DEBUG] 处理后检测输出形状: (4, 52)
2026-05-22 15:21:27 [DEBUG] 有效检测数量: 4
2026-05-22 15:21:27 [DEBUG] 最大置信度: 0.0658, 平均置信度: 0.0628
2026-05-22 15:21:27 [INFO] 掩码中检测到的类别: [0, 1, 2, 3, 4, 5, 6, 7, 8, 9, 10, 11, 12, 13, 15]
2026-05-22 15:21:27 [INFO] 分割完成，检测到 1 个物体
2026-05-22 15:21:27 [INFO] 检测到车兜区域，将过滤区域外的目标
2026-05-22 15:21:27 [ERROR] 发生异常: 'numpy.ndarray' object has no attribute 'get'
2026-05-22 15:21:27 [INFO] 引擎上下文已释放
2026-05-22 15:21:27 [INFO] TensorRT 引擎已释放
2026-05-22 15:21:27 [INFO] 全局 CUDA 资源已释放
2026-05-22 15:21:27 [INFO] 分割系统资源已释放
2026-05-22 15:21:32 [INFO] CUDA 初始化成功
2026-05-22 15:21:32 [INFO] 引擎加载成功: scrap_steel.engine
2026-05-22 15:21:32 [INFO] 分割系统初始化成功
2026-05-22 15:21:32 [INFO] 图像预处理完成，原始尺寸: (2160, 3840)
2026-05-22 15:21:32 [INFO] 开始执行分割...
2026-05-22 15:21:32 [DEBUG] 处理后的检测结果形状: (1, 8400, 6)
2026-05-22 15:21:32 [DEBUG] 示例检测结果: [[-4.11211777e+00 -3.32573557e+00  3.87270393e+01  1.57707806e+01
   4.23814264e-08  5.00000000e+00]
 [-6.41813278e+00 -3.11402988e+00  4.39341621e+01  2.99207458e+01
   9.20884968e-09  9.00000000e+00]
 [-3.65581131e+00 -3.66177177e+00  4.55360527e+01  3.04002590e+01
   4.07078904e-09  9.00000000e+00]]
2026-05-22 15:21:32 [DEBUG] 处理后检测输出形状: (4, 52)
2026-05-22 15:21:32 [DEBUG] 有效检测数量: 4
2026-05-22 15:21:32 [DEBUG] 最大置信度: 0.0933, 平均置信度: 0.0802
2026-05-22 15:21:32 [INFO] 掩码中检测到的类别: [0, 1, 2, 3, 4, 5, 6, 7, 8, 9, 10, 11, 12, 13, 15]
2026-05-22 15:21:32 [INFO] 分割完成，检测到 1 个物体
2026-05-22 15:21:32 [INFO] 检测到车兜区域，将过滤区域外的目标
2026-05-22 15:21:32 [ERROR] 发生异常: 'numpy.ndarray' object has no attribute 'get'
2026-05-22 15:21:32 [INFO] 引擎上下文已释放
2026-05-22 15:21:32 [INFO] TensorRT 引擎已释放
2026-05-22 15:21:32 [INFO] 全局 CUDA 资源已释放
2026-05-22 15:21:32 [INFO] 分割系统资源已释放
