2025-05-29 11:32:06 [INFO] CUDA 初始化成功
2025-05-29 11:32:07 [INFO] 引擎加载成功: scrap_steel.engine
2025-05-29 11:32:07 [INFO] 分割系统初始化成功
2025-05-29 11:32:07 [INFO] 图像预处理完成，原始尺寸: (2160, 3840)
2025-05-29 11:32:07 [INFO] 开始执行分割...
2025-05-29 11:32:07 [DEBUG] 处理后的检测结果形状: (1, 8400, 6)
2025-05-29 11:32:07 [DEBUG] 示例检测结果: [[-3.83493042e+00 -3.12291193e+00  3.92782288e+01  1.48925724e+01
   4.13824033e-08  5.00000000e+00]
 [-5.97110367e+00 -2.79932594e+00  4.49299355e+01  2.97388172e+01
   9.44556433e-09  9.00000000e+00]
 [-3.41839981e+00 -3.26886463e+00  4.60261497e+01  3.07396545e+01
   4.34669900e-09  9.00000000e+00]]
2025-05-29 11:32:07 [DEBUG] 处理后检测输出形状: (0, 52)
2025-05-29 11:32:07 [DEBUG] 有效检测数量: 0
2025-05-29 11:32:07 [DEBUG] 检测输出为空
2025-05-29 11:32:07 [INFO] 掩码中检测到的类别: [0, 1, 2, 3, 4, 5, 6, 7, 8, 9, 10, 11, 12, 13, 15]
2025-05-29 11:32:07 [INFO] 分割完成，检测到 0 个物体
2025-05-29 11:32:07 [INFO] 从分割掩码中提取检测结果
2025-05-29 11:32:07 [INFO] 从掩码中提取了 451 个检测框
2025-05-29 11:32:07 [INFO] 保存分割和检测结果到: C:\Users\diaoqingguang\Scrap_steel_system\Scrap_Steel_In_Field\photos\segmentation\segment_20250529_113207.jpg
2025-05-29 11:32:07 [INFO] JSON结果保存到: C:\Users\diaoqingguang\Scrap_steel_system\Scrap_Steel_In_Field\photos\segmentation_result.json
2025-05-29 11:32:07 [INFO] 类别统计：{0: 15, 1: 63, 2: 9, 3: 15, 4: 26, 5: 10, 6: 16, 7: 25, 8: 32, 9: 70, 10: 18, 11: 14, 12: 17, 13: 83, 14: 0, 15: 38}
2025-05-29 11:32:07 [INFO] 面积统计：{0: 2900772.0, 1: 450108.0, 2: 16488.0, 3: 307548.0, 4: 273672.0, 5: 14076.0, 6: 634500.0, 7: 37728.0, 8: 713448.0, 9: 297288.0, 10: 97200.0, 11: 200376.0, 12: 112284.0, 13: 787788.0, 15: 67572.0}
2025-05-29 11:32:07 [INFO] 分割成功
2025-05-29 11:32:07 [INFO] 引擎上下文已释放
2025-05-29 11:32:07 [INFO] TensorRT 引擎已释放
2025-05-29 11:32:07 [INFO] 全局 CUDA 资源已释放
2025-05-29 11:32:07 [INFO] 分割系统资源已释放
