2025-11-21 15:13:55 [INFO] CUDA 初始化成功
2025-11-21 15:13:55 [INFO] 引擎加载成功: scrap_steel.engine
2025-11-21 15:13:55 [INFO] 分割系统初始化成功
2025-11-21 15:13:55 [INFO] 图像预处理完成，原始尺寸: (2160, 3840)
2025-11-21 15:13:55 [INFO] 开始执行分割...
2025-11-21 15:13:55 [DEBUG] 处理后的检测结果形状: (1, 8400, 6)
2025-11-21 15:13:55 [DEBUG] 示例检测结果: [[-3.85842133e+00 -3.17981052e+00  3.96753159e+01  1.52368040e+01
   4.33965504e-08  5.00000000e+00]
 [-5.94726944e+00 -2.79806232e+00  4.50420647e+01  3.01414604e+01
   9.83713377e-09  9.00000000e+00]
 [-3.40174103e+00 -3.28005600e+00  4.61093025e+01  3.10988464e+01
   4.41778258e-09  9.00000000e+00]]
2025-11-21 15:13:55 [DEBUG] 处理后检测输出形状: (0, 52)
2025-11-21 15:13:55 [DEBUG] 有效检测数量: 0
2025-11-21 15:13:55 [DEBUG] 检测输出为空
2025-11-21 15:13:55 [INFO] 掩码中检测到的类别: [0, 1, 2, 3, 4, 5, 6, 7, 8, 9, 10, 11, 12, 13, 15]
2025-11-21 15:13:55 [INFO] 分割完成，检测到 0 个物体
2025-11-21 15:13:55 [INFO] 从分割掩码中提取检测结果
2025-11-21 15:13:55 [INFO] 从掩码中提取了 492 个检测框
2025-11-21 15:13:56 [INFO] 保存分割和检测结果到: C:\Users\diaoqingguang\Scrap_steel_system\Scrap_Steel_In_Field\photos\segmentation\segment_20251121_151355.jpg
2025-11-21 15:13:56 [INFO] JSON结果保存到: C:\Users\diaoqingguang\Scrap_steel_system\Scrap_Steel_In_Field\photos\segmentation_result.json
2025-11-21 15:13:56 [INFO] 类别统计：{0: 10, 1: 41, 2: 26, 3: 2, 4: 47, 5: 30, 6: 38, 7: 37, 8: 48, 9: 46, 10: 29, 11: 5, 12: 19, 13: 86, 14: 0, 15: 28}
2025-11-21 15:13:56 [INFO] 面积统计：{0: 2431728.0, 1: 272340.0, 2: 67140.0, 3: 253476.0, 4: 155736.0, 5: 85356.0, 6: 799740.0, 7: 72360.0, 8: 1232028.0, 9: 142596.0, 10: 189468.0, 11: 143172.0, 12: 106560.0, 13: 1116720.0, 15: 71424.0}
2025-11-21 15:13:56 [INFO] 分割成功
2025-11-21 15:13:56 [INFO] 引擎上下文已释放
2025-11-21 15:13:56 [INFO] TensorRT 引擎已释放
2025-11-21 15:13:56 [INFO] 全局 CUDA 资源已释放
2025-11-21 15:13:56 [INFO] 分割系统资源已释放
2025-11-21 15:18:08 [INFO] CUDA 初始化成功
2025-11-21 15:18:08 [INFO] 引擎加载成功: scrap_steel.engine
2025-11-21 15:18:08 [INFO] 分割系统初始化成功
2025-11-21 15:18:08 [INFO] 图像预处理完成，原始尺寸: (2160, 3840)
2025-11-21 15:18:08 [INFO] 开始执行分割...
2025-11-21 15:18:08 [DEBUG] 处理后的检测结果形状: (1, 8400, 6)
2025-11-21 15:18:08 [DEBUG] 示例检测结果: [[-3.83052444e+00 -3.17984390e+00  3.96303978e+01  1.51866894e+01
   4.33965504e-08  5.00000000e+00]
 [-5.90821838e+00 -2.77519798e+00  4.50256500e+01  3.00535450e+01
   9.68898917e-09  9.00000000e+00]
 [-3.40941620e+00 -3.26920319e+00  4.61025696e+01  3.10062637e+01
   4.40056169e-09  9.00000000e+00]]
2025-11-21 15:18:08 [DEBUG] 处理后检测输出形状: (0, 52)
2025-11-21 15:18:08 [DEBUG] 有效检测数量: 0
2025-11-21 15:18:08 [DEBUG] 检测输出为空
2025-11-21 15:18:08 [INFO] 掩码中检测到的类别: [0, 1, 2, 3, 4, 5, 6, 7, 8, 9, 10, 11, 12, 13, 15]
2025-11-21 15:18:08 [INFO] 分割完成，检测到 0 个物体
2025-11-21 15:18:08 [INFO] 从分割掩码中提取检测结果
2025-11-21 15:18:08 [INFO] 从掩码中提取了 496 个检测框
2025-11-21 15:18:09 [INFO] 保存分割和检测结果到: C:\Users\diaoqingguang\Scrap_steel_system\Scrap_Steel_In_Field\photos\segmentation\segment_20251121_151808.jpg
2025-11-21 15:18:09 [INFO] JSON结果保存到: C:\Users\diaoqingguang\Scrap_steel_system\Scrap_Steel_In_Field\photos\segmentation_result.json
2025-11-21 15:18:09 [INFO] 类别统计：{0: 19, 1: 49, 2: 26, 3: 0, 4: 49, 5: 32, 6: 32, 7: 33, 8: 38, 9: 48, 10: 26, 11: 6, 12: 17, 13: 93, 14: 0, 15: 28}
2025-11-21 15:18:09 [INFO] 面积统计：{0: 2896488.0, 1: 266148.0, 2: 49608.0, 3: 283788.0, 4: 160920.0, 5: 70524.0, 6: 845676.0, 7: 62460.0, 8: 963432.0, 9: 154548.0, 10: 188208.0, 11: 133740.0, 12: 101988.0, 13: 923148.0, 15: 57924.0}
2025-11-21 15:18:09 [INFO] 分割成功
2025-11-21 15:18:09 [INFO] 引擎上下文已释放
2025-11-21 15:18:09 [INFO] TensorRT 引擎已释放
2025-11-21 15:18:09 [INFO] 全局 CUDA 资源已释放
2025-11-21 15:18:09 [INFO] 分割系统资源已释放
