2026-06-20 16:14:16 [INFO] CUDA 初始化成功
2026-06-20 16:14:16 [INFO] 引擎加载成功: scrap_steel.engine
2026-06-20 16:14:16 [INFO] 分割系统初始化成功
2026-06-20 16:14:19 [INFO] 引擎加载成功: scrap_steel.engine
2026-06-20 16:14:19 [INFO] 分割系统初始化成功
2026-06-20 16:14:19 [INFO] 图像预处理完成，原始尺寸: (2160, 3840)
2026-06-20 16:14:19 [INFO] 开始执行分割...
2026-06-20 16:14:19 [ERROR] 推理过程发生异常: explicit_context_dependent failed: invalid device context - no currently active context?
2026-06-20 16:14:19 [INFO] 分割完成，检测到 0 个物体
2026-06-20 16:14:19 [INFO] 计算出的车框矩形边界: (1032, 778) to (3218, 1669)
2026-06-20 16:14:19 [INFO] 原始检测数: 0, 过滤后检测数: 0
2026-06-20 16:14:19 [ERROR] 保存结果失败: 'NoneType' object has no attribute 'shape'
2026-06-20 16:14:19 [ERROR] 分割失败: 未能生成有效的分割掩码
2026-06-20 16:14:19 [INFO] 引擎上下文已释放
2026-06-20 16:14:19 [INFO] TensorRT 引擎已释放
2026-06-20 16:14:19 [INFO] 全局 CUDA 资源已释放
2026-06-20 16:14:19 [INFO] 分割系统资源已释放
2026-06-20 16:14:24 [INFO] CUDA 初始化成功
2026-06-20 16:14:24 [INFO] 引擎加载成功: scrap_steel.engine
2026-06-20 16:14:24 [INFO] 分割系统初始化成功
2026-06-20 16:14:24 [INFO] 图像预处理完成，原始尺寸: (2160, 3840)
2026-06-20 16:14:24 [INFO] 开始执行分割...
2026-06-20 16:14:24 [DEBUG] 处理后的检测结果形状: (1, 8400, 6)
2026-06-20 16:14:24 [DEBUG] 示例检测结果: [[-4.04044342e+00 -3.10085011e+00  3.86839943e+01  1.43650656e+01
   3.48801308e-08  5.00000000e+00]
 [-6.67709732e+00 -2.94047356e+00  4.46791039e+01  2.83860035e+01
   8.36180902e-09  9.00000000e+00]
 [-3.65884399e+00 -3.26911926e+00  4.58442841e+01  2.92834930e+01
   3.95744237e-09  9.00000000e+00]]
2026-06-20 16:14:24 [DEBUG] 处理后检测输出形状: (0, 52)
2026-06-20 16:14:24 [DEBUG] 有效检测数量: 0
2026-06-20 16:14:24 [DEBUG] 检测输出为空
2026-06-20 16:14:25 [INFO] 掩码中检测到的类别: [0, 1, 2, 3, 4, 5, 6, 7, 8, 9, 10, 11, 12, 13, 14, 15]
2026-06-20 16:14:25 [INFO] 分割完成，检测到 0 个物体
2026-06-20 16:14:25 [INFO] 从分割掩码中提取检测结果
2026-06-20 16:14:25 [INFO] 从掩码中提取了 566 个检测框
2026-06-20 16:14:25 [INFO] 计算出的车框矩形边界: (1032, 778) to (3218, 1669)
2026-06-20 16:14:25 [INFO] 原始检测数: 566, 过滤后检测数: 206
2026-06-20 16:14:25 [INFO] 保存分割和检测结果到: C:\code\show\Scrap_Steel_In_Field\photos\segmentation\segment_20260620_161425.jpg
2026-06-20 16:14:25 [INFO] JSON结果保存到: C:\code\show\Scrap_Steel_In_Field\photos\segmentation_result.json
2026-06-20 16:14:25 [INFO] 类别统计：{0: 61, 1: 64, 2: 25, 3: 6, 4: 38, 5: 38, 6: 42, 7: 42, 8: 62, 9: 67, 10: 21, 11: 23, 12: 14, 13: 45, 14: 0, 15: 18}
2026-06-20 16:14:25 [INFO] 面积统计：{0: 3402936.0, 1: 1119528.0, 2: 43776.0, 3: 118548.0, 4: 140112.0, 5: 122760.0, 6: 461124.0, 7: 65520.0, 8: 997236.0, 9: 403272.0, 10: 167220.0, 11: 386460.0, 12: 136548.0, 13: 687384.0, 14: 72.0, 15: 63756.0}
2026-06-20 16:14:25 [INFO] 分割成功
2026-06-20 16:14:25 [INFO] 引擎上下文已释放
2026-06-20 16:14:25 [INFO] TensorRT 引擎已释放
2026-06-20 16:14:25 [INFO] 全局 CUDA 资源已释放
2026-06-20 16:14:25 [INFO] 分割系统资源已释放
2026-06-20 16:14:32 [INFO] CUDA 初始化成功
2026-06-20 16:14:32 [INFO] 引擎加载成功: scrap_steel.engine
2026-06-20 16:14:32 [INFO] 分割系统初始化成功
2026-06-20 16:14:32 [INFO] 图像预处理完成，原始尺寸: (2160, 3840)
2026-06-20 16:14:32 [INFO] 开始执行分割...
2026-06-20 16:14:32 [DEBUG] 处理后的检测结果形状: (1, 8400, 6)
2026-06-20 16:14:32 [DEBUG] 示例检测结果: [[-4.05836105e+00 -3.10335350e+00  3.87810211e+01  1.43805637e+01
   3.50119933e-08  5.00000000e+00]
 [-6.68443680e+00 -2.95346451e+00  4.46843224e+01  2.84085674e+01
   8.33538039e-09  9.00000000e+00]
 [-3.65139008e+00 -3.29675388e+00  4.58357620e+01  2.93072128e+01
   3.92688548e-09  9.00000000e+00]]
2026-06-20 16:14:32 [DEBUG] 处理后检测输出形状: (0, 52)
2026-06-20 16:14:32 [DEBUG] 有效检测数量: 0
2026-06-20 16:14:32 [DEBUG] 检测输出为空
2026-06-20 16:14:32 [INFO] 掩码中检测到的类别: [0, 1, 2, 3, 4, 5, 6, 7, 8, 9, 10, 11, 12, 13, 15]
2026-06-20 16:14:32 [INFO] 分割完成，检测到 0 个物体
2026-06-20 16:14:32 [INFO] 从分割掩码中提取检测结果
2026-06-20 16:14:32 [INFO] 从掩码中提取了 566 个检测框
2026-06-20 16:14:32 [INFO] 计算出的车框矩形边界: (1032, 777) to (3215, 1675)
2026-06-20 16:14:32 [INFO] 原始检测数: 566, 过滤后检测数: 200
2026-06-20 16:14:33 [WARNING] 读取现有JSON文件失败: D:\a\1\s\Objects\dictobject.c:1514: bad argument to internal function，将创建新文件
2026-06-20 16:14:33 [INFO] 保存分割和检测结果到: C:\code\show\Scrap_Steel_In_Field\photos\segmentation\segment_20260620_161432.jpg
2026-06-20 16:14:33 [INFO] JSON结果保存到: C:\code\show\Scrap_Steel_In_Field\photos\segmentation_result.json
2026-06-20 16:14:33 [INFO] 类别统计：{0: 55, 1: 67, 2: 25, 3: 8, 4: 35, 5: 39, 6: 39, 7: 42, 8: 62, 9: 64, 10: 24, 11: 20, 12: 11, 13: 49, 14: 0, 15: 26}
2026-06-20 16:14:33 [INFO] 面积统计：{0: 3352716.0, 1: 1088064.0, 2: 44928.0, 3: 120528.0, 4: 153252.0, 5: 125424.0, 6: 457992.0, 7: 68004.0, 8: 991260.0, 9: 388152.0, 10: 164916.0, 11: 386532.0, 12: 136476.0, 13: 680148.0, 15: 63576.0}
2026-06-20 16:14:33 [INFO] 分割成功
2026-06-20 16:14:33 [INFO] 引擎上下文已释放
2026-06-20 16:14:33 [INFO] TensorRT 引擎已释放
2026-06-20 16:14:33 [INFO] 全局 CUDA 资源已释放
2026-06-20 16:14:33 [INFO] 分割系统资源已释放
2026-06-20 16:14:37 [INFO] CUDA 初始化成功
2026-06-20 16:14:37 [INFO] 引擎加载成功: scrap_steel.engine
2026-06-20 16:14:37 [INFO] 分割系统初始化成功
2026-06-20 16:14:37 [INFO] 图像预处理完成，原始尺寸: (2160, 3840)
2026-06-20 16:14:37 [INFO] 开始执行分割...
2026-06-20 16:14:37 [DEBUG] 处理后的检测结果形状: (1, 8400, 6)
2026-06-20 16:14:37 [DEBUG] 示例检测结果: [[-4.02709961e+00 -3.10006475e+00  3.86782570e+01  1.43380451e+01
   3.55582515e-08  5.00000000e+00]
 [-6.64226532e+00 -2.94011688e+00  4.46869583e+01  2.84700737e+01
   8.52100523e-09  9.00000000e+00]
 [-3.65508270e+00 -3.28345203e+00  4.58747101e+01  2.94121132e+01
   4.08650891e-09  9.00000000e+00]]
2026-06-20 16:14:37 [DEBUG] 处理后检测输出形状: (0, 52)
2026-06-20 16:14:37 [DEBUG] 有效检测数量: 0
2026-06-20 16:14:37 [DEBUG] 检测输出为空
2026-06-20 16:14:37 [INFO] 掩码中检测到的类别: [0, 1, 2, 3, 4, 5, 6, 7, 8, 9, 10, 11, 12, 13, 15]
2026-06-20 16:14:37 [INFO] 分割完成，检测到 0 个物体
2026-06-20 16:14:37 [INFO] 从分割掩码中提取检测结果
2026-06-20 16:14:37 [INFO] 从掩码中提取了 589 个检测框
2026-06-20 16:14:37 [INFO] 计算出的车框矩形边界: (1032, 779) to (3217, 1669)
2026-06-20 16:14:37 [INFO] 原始检测数: 589, 过滤后检测数: 223
2026-06-20 16:14:37 [INFO] 保存分割和检测结果到: C:\code\show\Scrap_Steel_In_Field\photos\segmentation\segment_20260620_161437.jpg
2026-06-20 16:14:37 [INFO] JSON结果保存到: C:\code\show\Scrap_Steel_In_Field\photos\segmentation_result.json
2026-06-20 16:14:37 [INFO] 类别统计：{0: 65, 1: 71, 2: 23, 3: 7, 4: 41, 5: 43, 6: 40, 7: 42, 8: 58, 9: 74, 10: 22, 11: 21, 12: 11, 13: 49, 14: 0, 15: 22}
2026-06-20 16:14:37 [INFO] 面积统计：{0: 3386196.0, 1: 1081908.0, 2: 46332.0, 3: 118476.0, 4: 165096.0, 5: 127188.0, 6: 451080.0, 7: 64296.0, 8: 1010664.0, 9: 405684.0, 10: 174132.0, 11: 395424.0, 12: 135432.0, 13: 692424.0, 15: 55332.0}
2026-06-20 16:14:37 [INFO] 分割成功
2026-06-20 16:14:37 [INFO] 引擎上下文已释放
2026-06-20 16:14:37 [INFO] TensorRT 引擎已释放
2026-06-20 16:14:37 [INFO] 全局 CUDA 资源已释放
2026-06-20 16:14:37 [INFO] 分割系统资源已释放
2026-06-20 16:14:41 [INFO] CUDA 初始化成功
2026-06-20 16:14:41 [INFO] 引擎加载成功: scrap_steel.engine
2026-06-20 16:14:41 [INFO] 分割系统初始化成功
2026-06-20 16:14:41 [INFO] 图像预处理完成，原始尺寸: (2160, 3840)
2026-06-20 16:14:41 [INFO] 开始执行分割...
2026-06-20 16:14:41 [DEBUG] 处理后的检测结果形状: (1, 8400, 6)
2026-06-20 16:14:41 [DEBUG] 示例检测结果: [[-4.08705902e+00 -3.13119221e+00  3.87657013e+01  1.44980001e+01
   3.62519188e-08  5.00000000e+00]
 [-6.72651672e+00 -2.96047592e+00  4.46376801e+01  2.84900665e+01
   8.52671267e-09  9.00000000e+00]
 [-3.67490387e+00 -3.33257484e+00  4.58334045e+01  2.94233761e+01
   4.08719458e-09  9.00000000e+00]]
2026-06-20 16:14:41 [DEBUG] 处理后检测输出形状: (0, 52)
2026-06-20 16:14:41 [DEBUG] 有效检测数量: 0
2026-06-20 16:14:41 [DEBUG] 检测输出为空
2026-06-20 16:14:41 [INFO] 掩码中检测到的类别: [0, 1, 2, 3, 4, 5, 6, 7, 8, 9, 10, 11, 12, 13, 15]
2026-06-20 16:14:41 [INFO] 分割完成，检测到 0 个物体
2026-06-20 16:14:41 [INFO] 从分割掩码中提取检测结果
2026-06-20 16:14:41 [INFO] 从掩码中提取了 594 个检测框
2026-06-20 16:14:41 [INFO] 计算出的车框矩形边界: (1032, 777) to (3218, 1669)
2026-06-20 16:14:41 [INFO] 原始检测数: 594, 过滤后检测数: 214
2026-06-20 16:14:42 [INFO] 保存分割和检测结果到: C:\code\show\Scrap_Steel_In_Field\photos\segmentation\segment_20260620_161441.jpg
2026-06-20 16:14:42 [INFO] JSON结果保存到: C:\code\show\Scrap_Steel_In_Field\photos\segmentation_result.json
2026-06-20 16:14:42 [INFO] 类别统计：{0: 72, 1: 67, 2: 25, 3: 9, 4: 44, 5: 43, 6: 39, 7: 34, 8: 53, 9: 75, 10: 28, 11: 23, 12: 11, 13: 49, 14: 0, 15: 22}
2026-06-20 16:14:42 [INFO] 面积统计：{0: 3403836.0, 1: 1085364.0, 2: 42192.0, 3: 116244.0, 4: 143604.0, 5: 120960.0, 6: 456660.0, 7: 64944.0, 8: 1016496.0, 9: 399060.0, 10: 161784.0, 11: 398160.0, 12: 133992.0, 13: 689076.0, 15: 58968.0}
2026-06-20 16:14:42 [INFO] 分割成功
2026-06-20 16:14:42 [INFO] 引擎上下文已释放
2026-06-20 16:14:42 [INFO] TensorRT 引擎已释放
2026-06-20 16:14:42 [INFO] 全局 CUDA 资源已释放
2026-06-20 16:14:42 [INFO] 分割系统资源已释放
2026-06-20 16:14:46 [INFO] CUDA 初始化成功
2026-06-20 16:14:46 [INFO] 引擎加载成功: scrap_steel.engine
2026-06-20 16:14:46 [INFO] 分割系统初始化成功
2026-06-20 16:14:46 [INFO] 图像预处理完成，原始尺寸: (2160, 3840)
2026-06-20 16:14:46 [INFO] 开始执行分割...
2026-06-20 16:14:46 [DEBUG] 处理后的检测结果形状: (1, 8400, 6)
2026-06-20 16:14:46 [DEBUG] 示例检测结果: [[-4.05881119e+00 -3.11436176e+00  3.88631516e+01  1.44417048e+01
   3.59688421e-08  5.00000000e+00]
 [-6.71616364e+00 -2.96311569e+00  4.46994934e+01  2.85730476e+01
   8.52671267e-09  9.00000000e+00]
 [-3.67636108e+00 -3.29650021e+00  4.58673096e+01  2.94152412e+01
   4.05563583e-09  9.00000000e+00]]
2026-06-20 16:14:46 [DEBUG] 处理后检测输出形状: (0, 52)
2026-06-20 16:14:46 [DEBUG] 有效检测数量: 0
2026-06-20 16:14:46 [DEBUG] 检测输出为空
2026-06-20 16:14:46 [INFO] 掩码中检测到的类别: [0, 1, 2, 3, 4, 5, 6, 7, 8, 9, 10, 11, 12, 13, 14, 15]
2026-06-20 16:14:46 [INFO] 分割完成，检测到 0 个物体
2026-06-20 16:14:46 [INFO] 从分割掩码中提取检测结果
2026-06-20 16:14:47 [INFO] 从掩码中提取了 559 个检测框
2026-06-20 16:14:47 [INFO] 计算出的车框矩形边界: (1031, 779) to (3218, 1669)
2026-06-20 16:14:47 [INFO] 原始检测数: 559, 过滤后检测数: 202
2026-06-20 16:14:47 [INFO] 保存分割和检测结果到: C:\code\show\Scrap_Steel_In_Field\photos\segmentation\segment_20260620_161447.jpg
2026-06-20 16:14:47 [INFO] JSON结果保存到: C:\code\show\Scrap_Steel_In_Field\photos\segmentation_result.json
2026-06-20 16:14:47 [INFO] 类别统计：{0: 56, 1: 66, 2: 24, 3: 9, 4: 35, 5: 38, 6: 38, 7: 39, 8: 49, 9: 62, 10: 24, 11: 25, 12: 14, 13: 54, 14: 0, 15: 26}
2026-06-20 16:14:47 [INFO] 面积统计：{0: 3522528.0, 1: 1056132.0, 2: 45756.0, 3: 120816.0, 4: 164160.0, 5: 73332.0, 6: 463212.0, 7: 71784.0, 8: 1010340.0, 9: 387072.0, 10: 156564.0, 11: 390636.0, 12: 56196.0, 13: 700272.0, 14: 36.0, 15: 60948.0}
2026-06-20 16:14:47 [INFO] 分割成功
2026-06-20 16:14:47 [INFO] 引擎上下文已释放
2026-06-20 16:14:47 [INFO] TensorRT 引擎已释放
2026-06-20 16:14:47 [INFO] 全局 CUDA 资源已释放
2026-06-20 16:14:47 [INFO] 分割系统资源已释放
2026-06-20 16:14:51 [INFO] CUDA 初始化成功
2026-06-20 16:14:51 [INFO] 引擎加载成功: scrap_steel.engine
2026-06-20 16:14:51 [INFO] 分割系统初始化成功
2026-06-20 16:14:51 [INFO] 图像预处理完成，原始尺寸: (2160, 3840)
2026-06-20 16:14:51 [INFO] 开始执行分割...
2026-06-20 16:14:51 [DEBUG] 处理后的检测结果形状: (1, 8400, 6)
2026-06-20 16:14:51 [DEBUG] 示例检测结果: [[-4.05553436e+00 -3.10815716e+00  3.87851143e+01  1.44353838e+01
   3.56970844e-08  5.00000000e+00]
 [-6.66675186e+00 -2.93965530e+00  4.47032509e+01  2.84490128e+01
   8.62712124e-09  9.00000000e+00]
 [-3.66748428e+00 -3.29276657e+00  4.58875771e+01  2.94339828e+01
   4.05475653e-09  9.00000000e+00]]
2026-06-20 16:14:51 [DEBUG] 处理后检测输出形状: (0, 52)
2026-06-20 16:14:51 [DEBUG] 有效检测数量: 0
2026-06-20 16:14:51 [DEBUG] 检测输出为空
2026-06-20 16:14:51 [INFO] 掩码中检测到的类别: [0, 1, 2, 3, 4, 5, 6, 7, 8, 9, 10, 11, 12, 13, 15]
2026-06-20 16:14:51 [INFO] 分割完成，检测到 0 个物体
2026-06-20 16:14:51 [INFO] 从分割掩码中提取检测结果
2026-06-20 16:14:52 [INFO] 从掩码中提取了 551 个检测框
2026-06-20 16:14:52 [INFO] 计算出的车框矩形边界: (1032, 780) to (3218, 1669)
2026-06-20 16:14:52 [INFO] 原始检测数: 551, 过滤后检测数: 202
2026-06-20 16:14:52 [INFO] 保存分割和检测结果到: C:\code\show\Scrap_Steel_In_Field\photos\segmentation\segment_20260620_161452.jpg
2026-06-20 16:14:52 [INFO] JSON结果保存到: C:\code\show\Scrap_Steel_In_Field\photos\segmentation_result.json
2026-06-20 16:14:52 [INFO] 类别统计：{0: 42, 1: 59, 2: 26, 3: 8, 4: 37, 5: 37, 6: 36, 7: 41, 8: 54, 9: 74, 10: 23, 11: 24, 12: 17, 13: 48, 14: 0, 15: 25}
2026-06-20 16:14:52 [INFO] 面积统计：{0: 3547368.0, 1: 1032516.0, 2: 42480.0, 3: 118332.0, 4: 161676.0, 5: 78948.0, 6: 462636.0, 7: 70776.0, 8: 1014984.0, 9: 377784.0, 10: 161352.0, 11: 377100.0, 12: 59544.0, 13: 698184.0, 15: 59292.0}
2026-06-20 16:14:52 [INFO] 分割成功
2026-06-20 16:14:52 [INFO] 引擎上下文已释放
2026-06-20 16:14:52 [INFO] TensorRT 引擎已释放
2026-06-20 16:14:52 [INFO] 全局 CUDA 资源已释放
2026-06-20 16:14:52 [INFO] 分割系统资源已释放
2026-06-20 16:14:57 [INFO] CUDA 初始化成功
2026-06-20 16:14:57 [INFO] 引擎加载成功: scrap_steel.engine
2026-06-20 16:14:57 [INFO] 分割系统初始化成功
2026-06-20 16:14:57 [INFO] 图像预处理完成，原始尺寸: (2160, 3840)
2026-06-20 16:14:57 [INFO] 开始执行分割...
2026-06-20 16:14:57 [DEBUG] 处理后的检测结果形状: (1, 8400, 6)
2026-06-20 16:14:57 [DEBUG] 示例检测结果: [[-4.05749130e+00 -3.11055994e+00  3.87866135e+01  1.43909740e+01
   3.51497711e-08  5.00000000e+00]
 [-6.75203323e+00 -2.97476768e+00  4.47437401e+01  2.84456882e+01
   8.33538039e-09  9.00000000e+00]
 [-3.69084549e+00 -3.29545593e+00  4.58772392e+01  2.93141747e+01
   3.95907307e-09  9.00000000e+00]]
2026-06-20 16:14:57 [DEBUG] 处理后检测输出形状: (0, 52)
2026-06-20 16:14:57 [DEBUG] 有效检测数量: 0
2026-06-20 16:14:57 [DEBUG] 检测输出为空
2026-06-20 16:14:57 [INFO] 掩码中检测到的类别: [0, 1, 2, 3, 4, 5, 6, 7, 8, 9, 10, 11, 12, 13, 14, 15]
2026-06-20 16:14:57 [INFO] 分割完成，检测到 0 个物体
2026-06-20 16:14:57 [INFO] 从分割掩码中提取检测结果
2026-06-20 16:14:57 [INFO] 从掩码中提取了 562 个检测框
2026-06-20 16:14:57 [INFO] 计算出的车框矩形边界: (1032, 780) to (3218, 1669)
2026-06-20 16:14:57 [INFO] 原始检测数: 562, 过滤后检测数: 206
2026-06-20 16:14:57 [INFO] 保存分割和检测结果到: C:\code\show\Scrap_Steel_In_Field\photos\segmentation\segment_20260620_161457.jpg
2026-06-20 16:14:57 [INFO] JSON结果保存到: C:\code\show\Scrap_Steel_In_Field\photos\segmentation_result.json
2026-06-20 16:14:57 [INFO] 类别统计：{0: 62, 1: 59, 2: 23, 3: 10, 4: 38, 5: 39, 6: 41, 7: 36, 8: 56, 9: 71, 10: 25, 11: 22, 12: 12, 13: 46, 14: 0, 15: 22}
2026-06-20 16:14:57 [INFO] 面积统计：{0: 3412296.0, 1: 1080000.0, 2: 50292.0, 3: 119556.0, 4: 159588.0, 5: 105588.0, 6: 472680.0, 7: 64332.0, 8: 1009980.0, 9: 397944.0, 10: 160560.0, 11: 389520.0, 12: 122832.0, 13: 708120.0, 14: 36.0, 15: 60768.0}
2026-06-20 16:14:57 [INFO] 分割成功
2026-06-20 16:14:57 [INFO] 引擎上下文已释放
2026-06-20 16:14:57 [INFO] TensorRT 引擎已释放
2026-06-20 16:14:57 [INFO] 全局 CUDA 资源已释放
2026-06-20 16:14:57 [INFO] 分割系统资源已释放
2026-06-20 16:15:02 [INFO] CUDA 初始化成功
2026-06-20 16:15:02 [INFO] 引擎加载成功: scrap_steel.engine
2026-06-20 16:15:02 [INFO] 分割系统初始化成功
2026-06-20 16:15:02 [INFO] 图像预处理完成，原始尺寸: (2160, 3840)
2026-06-20 16:15:02 [INFO] 开始执行分割...
2026-06-20 16:15:02 [DEBUG] 处理后的检测结果形状: (1, 8400, 6)
2026-06-20 16:15:02 [DEBUG] 示例检测结果: [[-4.08347702e+00 -3.13704729e+00  3.88546410e+01  1.45411491e+01
   3.64026924e-08  5.00000000e+00]
 [-6.74351501e+00 -2.95803642e+00  4.47968826e+01  2.86180248e+01
   8.46005488e-09  9.00000000e+00]
 [-3.67469788e+00 -3.30449009e+00  4.59015274e+01  2.94989128e+01
   3.99213995e-09  9.00000000e+00]]
2026-06-20 16:15:02 [DEBUG] 处理后检测输出形状: (0, 52)
2026-06-20 16:15:02 [DEBUG] 有效检测数量: 0
2026-06-20 16:15:02 [DEBUG] 检测输出为空
2026-06-20 16:15:02 [INFO] 掩码中检测到的类别: [0, 1, 2, 3, 4, 5, 6, 7, 8, 9, 10, 11, 12, 13, 15]
2026-06-20 16:15:02 [INFO] 分割完成，检测到 0 个物体
2026-06-20 16:15:02 [INFO] 从分割掩码中提取检测结果
2026-06-20 16:15:02 [INFO] 从掩码中提取了 581 个检测框
2026-06-20 16:15:02 [INFO] 计算出的车框矩形边界: (1032, 779) to (3218, 1669)
2026-06-20 16:15:02 [INFO] 原始检测数: 581, 过滤后检测数: 207
2026-06-20 16:15:02 [INFO] 保存分割和检测结果到: C:\code\show\Scrap_Steel_In_Field\photos\segmentation\segment_20260620_161502.jpg
2026-06-20 16:15:02 [INFO] JSON结果保存到: C:\code\show\Scrap_Steel_In_Field\photos\segmentation_result.json
2026-06-20 16:15:02 [INFO] 类别统计：{0: 67, 1: 59, 2: 23, 3: 13, 4: 39, 5: 42, 6: 40, 7: 38, 8: 62, 9: 63, 10: 26, 11: 23, 12: 13, 13: 49, 14: 0, 15: 24}
2026-06-20 16:15:02 [INFO] 面积统计：{0: 3410280.0, 1: 1071576.0, 2: 48996.0, 3: 119124.0, 4: 162396.0, 5: 103140.0, 6: 458964.0, 7: 57852.0, 8: 1013436.0, 9: 413028.0, 10: 153144.0, 11: 385128.0, 12: 133056.0, 13: 705204.0, 15: 58176.0}
2026-06-20 16:15:02 [INFO] 分割成功
2026-06-20 16:15:02 [INFO] 引擎上下文已释放
2026-06-20 16:15:02 [INFO] TensorRT 引擎已释放
2026-06-20 16:15:02 [INFO] 全局 CUDA 资源已释放
2026-06-20 16:15:02 [INFO] 分割系统资源已释放
2026-06-20 16:15:07 [INFO] CUDA 初始化成功
2026-06-20 16:15:07 [INFO] 引擎加载成功: scrap_steel.engine
2026-06-20 16:15:07 [INFO] 分割系统初始化成功
2026-06-20 16:15:07 [INFO] 图像预处理完成，原始尺寸: (2160, 3840)
2026-06-20 16:15:07 [INFO] 开始执行分割...
2026-06-20 16:15:07 [DEBUG] 处理后的检测结果形状: (1, 8400, 6)
2026-06-20 16:15:07 [DEBUG] 示例检测结果: [[-4.05909729e+00 -3.12160110e+00  3.87609444e+01  1.43924637e+01
   3.54194150e-08  5.00000000e+00]
 [-6.73176956e+00 -2.97427750e+00  4.47087822e+01  2.85155144e+01
   8.52100523e-09  9.00000000e+00]
 [-3.70591354e+00 -3.31799603e+00  4.58632736e+01  2.94204216e+01
   3.99126066e-09  9.00000000e+00]]
2026-06-20 16:15:07 [DEBUG] 处理后检测输出形状: (0, 52)
2026-06-20 16:15:07 [DEBUG] 有效检测数量: 0
2026-06-20 16:15:07 [DEBUG] 检测输出为空
2026-06-20 16:15:07 [INFO] 掩码中检测到的类别: [0, 1, 2, 3, 4, 5, 6, 7, 8, 9, 10, 11, 12, 13, 14, 15]
2026-06-20 16:15:07 [INFO] 分割完成，检测到 0 个物体
2026-06-20 16:15:07 [INFO] 从分割掩码中提取检测结果
2026-06-20 16:15:08 [INFO] 从掩码中提取了 551 个检测框
2026-06-20 16:15:08 [INFO] 计算出的车框矩形边界: (1032, 776) to (3218, 1669)
2026-06-20 16:15:08 [INFO] 原始检测数: 551, 过滤后检测数: 198
2026-06-20 16:15:08 [INFO] 保存分割和检测结果到: C:\code\show\Scrap_Steel_In_Field\photos\segmentation\segment_20260620_161508.jpg
2026-06-20 16:15:08 [INFO] JSON结果保存到: C:\code\show\Scrap_Steel_In_Field\photos\segmentation_result.json
2026-06-20 16:15:08 [INFO] 类别统计：{0: 61, 1: 52, 2: 23, 3: 8, 4: 34, 5: 40, 6: 41, 7: 33, 8: 58, 9: 65, 10: 23, 11: 24, 12: 12, 13: 49, 14: 0, 15: 28}
2026-06-20 16:15:08 [INFO] 面积统计：{0: 3449844.0, 1: 1104048.0, 2: 43236.0, 3: 116928.0, 4: 171792.0, 5: 95868.0, 6: 465696.0, 7: 66996.0, 8: 974844.0, 9: 354960.0, 10: 157464.0, 11: 371988.0, 12: 108216.0, 13: 689400.0, 14: 36.0, 15: 69696.0}
2026-06-20 16:15:08 [INFO] 分割成功
2026-06-20 16:15:08 [INFO] 引擎上下文已释放
2026-06-20 16:15:08 [INFO] TensorRT 引擎已释放
2026-06-20 16:15:08 [INFO] 全局 CUDA 资源已释放
2026-06-20 16:15:08 [INFO] 分割系统资源已释放
2026-06-20 16:15:12 [INFO] CUDA 初始化成功
2026-06-20 16:15:12 [INFO] 引擎加载成功: scrap_steel.engine
2026-06-20 16:15:12 [INFO] 分割系统初始化成功
2026-06-20 16:15:12 [INFO] 图像预处理完成，原始尺寸: (2160, 3840)
2026-06-20 16:15:12 [INFO] 开始执行分割...
2026-06-20 16:15:12 [DEBUG] 处理后的检测结果形状: (1, 8400, 6)
2026-06-20 16:15:12 [DEBUG] 示例检测结果: [[-4.08639145e+00 -3.13137436e+00  3.88758507e+01  1.44405174e+01
   3.55582515e-08  5.00000000e+00]
 [-6.72743225e+00 -2.97403908e+00  4.47308464e+01  2.84300365e+01
   8.42186054e-09  9.00000000e+00]
 [-3.71066284e+00 -3.32248688e+00  4.58945694e+01  2.93777008e+01
   3.99126066e-09  9.00000000e+00]]
2026-06-20 16:15:12 [DEBUG] 处理后检测输出形状: (0, 52)
2026-06-20 16:15:12 [DEBUG] 有效检测数量: 0
2026-06-20 16:15:12 [DEBUG] 检测输出为空
2026-06-20 16:15:12 [INFO] 掩码中检测到的类别: [0, 1, 2, 3, 4, 5, 6, 7, 8, 9, 10, 11, 12, 13, 15]
2026-06-20 16:15:12 [INFO] 分割完成，检测到 0 个物体
2026-06-20 16:15:12 [INFO] 从分割掩码中提取检测结果
2026-06-20 16:15:12 [INFO] 从掩码中提取了 568 个检测框
2026-06-20 16:15:12 [INFO] 计算出的车框矩形边界: (1032, 777) to (3218, 1669)
2026-06-20 16:15:12 [INFO] 原始检测数: 568, 过滤后检测数: 200
2026-06-20 16:15:13 [INFO] 保存分割和检测结果到: C:\code\show\Scrap_Steel_In_Field\photos\segmentation\segment_20260620_161512.jpg
2026-06-20 16:15:13 [INFO] JSON结果保存到: C:\code\show\Scrap_Steel_In_Field\photos\segmentation_result.json
2026-06-20 16:15:13 [INFO] 类别统计：{0: 61, 1: 64, 2: 22, 3: 11, 4: 36, 5: 35, 6: 36, 7: 36, 8: 60, 9: 68, 10: 23, 11: 25, 12: 12, 13: 57, 14: 0, 15: 22}
2026-06-20 16:15:13 [INFO] 面积统计：{0: 3456828.0, 1: 1074924.0, 2: 48564.0, 3: 118872.0, 4: 165420.0, 5: 102276.0, 6: 448848.0, 7: 62604.0, 8: 1005660.0, 9: 410976.0, 10: 153072.0, 11: 380916.0, 12: 117360.0, 13: 708732.0, 15: 51336.0}
2026-06-20 16:15:13 [INFO] 分割成功
2026-06-20 16:15:13 [INFO] 引擎上下文已释放
2026-06-20 16:15:13 [INFO] TensorRT 引擎已释放
2026-06-20 16:15:13 [INFO] 全局 CUDA 资源已释放
2026-06-20 16:15:13 [INFO] 分割系统资源已释放
2026-06-20 16:15:17 [INFO] CUDA 初始化成功
2026-06-20 16:15:17 [INFO] 引擎加载成功: scrap_steel.engine
2026-06-20 16:15:17 [INFO] 分割系统初始化成功
2026-06-20 16:15:17 [INFO] 图像预处理完成，原始尺寸: (2160, 3840)
2026-06-20 16:15:17 [INFO] 开始执行分割...
2026-06-20 16:15:17 [DEBUG] 处理后的检测结果形状: (1, 8400, 6)
2026-06-20 16:15:17 [DEBUG] 示例检测结果: [[-4.07424927e+00 -3.15284872e+00  4.03252220e+01  1.48452015e+01
   3.55437386e-08  5.00000000e+00]
 [-6.34712982e+00 -2.93706799e+00  4.55246506e+01  2.95797768e+01
   9.26270260e-09  9.00000000e+00]
 [-3.40798950e+00 -3.20434761e+00  4.61451721e+01  3.03717289e+01
   4.47645121e-09  9.00000000e+00]]
2026-06-20 16:15:17 [DEBUG] 处理后检测输出形状: (0, 52)
2026-06-20 16:15:17 [DEBUG] 有效检测数量: 0
2026-06-20 16:15:17 [DEBUG] 检测输出为空
2026-06-20 16:15:17 [INFO] 掩码中检测到的类别: [0, 1, 2, 3, 4, 5, 6, 7, 8, 9, 10, 11, 12, 13, 15]
2026-06-20 16:15:17 [INFO] 分割完成，检测到 0 个物体
2026-06-20 16:15:17 [INFO] 从分割掩码中提取检测结果
2026-06-20 16:15:17 [INFO] 从掩码中提取了 450 个检测框
2026-06-20 16:15:17 [ERROR] 保存结果失败: 'NoneType' object has no attribute 'astype'
2026-06-20 16:15:17 [INFO] 分割成功
2026-06-20 16:15:17 [INFO] 引擎上下文已释放
2026-06-20 16:15:17 [INFO] TensorRT 引擎已释放
2026-06-20 16:15:18 [INFO] 全局 CUDA 资源已释放
2026-06-20 16:15:18 [INFO] 分割系统资源已释放
2026-06-20 16:15:23 [INFO] CUDA 初始化成功
2026-06-20 16:15:23 [INFO] 引擎加载成功: scrap_steel.engine
2026-06-20 16:15:23 [INFO] 分割系统初始化成功
2026-06-20 16:15:23 [INFO] 图像预处理完成，原始尺寸: (2160, 3840)
2026-06-20 16:15:23 [INFO] 开始执行分割...
2026-06-20 16:15:23 [DEBUG] 处理后的检测结果形状: (1, 8400, 6)
2026-06-20 16:15:23 [DEBUG] 示例检测结果: [[-4.07236862e+00 -3.12917757e+00  3.90316582e+01  1.45671387e+01
   3.70946864e-08  5.00000000e+00]
 [-6.65215302e+00 -2.93767929e+00  4.45857964e+01  2.84509869e+01
   9.13094400e-09  9.00000000e+00]
 [-3.68387985e+00 -3.37729073e+00  4.58354034e+01  2.94594402e+01
   4.13554702e-09  9.00000000e+00]]
2026-06-20 16:15:23 [DEBUG] 处理后检测输出形状: (0, 52)
2026-06-20 16:15:23 [DEBUG] 有效检测数量: 0
2026-06-20 16:15:23 [DEBUG] 检测输出为空
2026-06-20 16:15:23 [INFO] 掩码中检测到的类别: [0, 1, 2, 3, 4, 5, 6, 7, 8, 9, 10, 11, 12, 13, 15]
2026-06-20 16:15:23 [INFO] 分割完成，检测到 0 个物体
2026-06-20 16:15:23 [INFO] 从分割掩码中提取检测结果
2026-06-20 16:15:23 [INFO] 从掩码中提取了 541 个检测框
2026-06-20 16:15:23 [ERROR] 保存结果失败: 'NoneType' object has no attribute 'astype'
2026-06-20 16:15:23 [INFO] 分割成功
2026-06-20 16:15:23 [INFO] 引擎上下文已释放
2026-06-20 16:15:23 [INFO] TensorRT 引擎已释放
2026-06-20 16:15:23 [INFO] 全局 CUDA 资源已释放
2026-06-20 16:15:23 [INFO] 分割系统资源已释放
2026-06-20 16:15:27 [INFO] CUDA 初始化成功
2026-06-20 16:15:27 [INFO] 引擎加载成功: scrap_steel.engine
2026-06-20 16:15:27 [INFO] 分割系统初始化成功
2026-06-20 16:15:28 [INFO] 图像预处理完成，原始尺寸: (2160, 3840)
2026-06-20 16:15:28 [INFO] 开始执行分割...
2026-06-20 16:15:28 [DEBUG] 处理后的检测结果形状: (1, 8400, 6)
2026-06-20 16:15:28 [DEBUG] 示例检测结果: [[-4.04283905e+00 -3.13627243e+00  3.93120651e+01  1.45862331e+01
   3.56890126e-08  5.00000000e+00]
 [-6.68995667e+00 -2.96932602e+00  4.51116028e+01  2.86928940e+01
   8.71233841e-09  9.00000000e+00]
 [-3.64562225e+00 -3.25983047e+00  4.60646439e+01  2.97805557e+01
   4.13557188e-09  9.00000000e+00]]
2026-06-20 16:15:28 [DEBUG] 处理后检测输出形状: (0, 52)
2026-06-20 16:15:28 [DEBUG] 有效检测数量: 0
2026-06-20 16:15:28 [DEBUG] 检测输出为空
2026-06-20 16:15:28 [INFO] 掩码中检测到的类别: [0, 1, 2, 3, 4, 5, 6, 7, 8, 9, 10, 11, 12, 13, 14, 15]
2026-06-20 16:15:28 [INFO] 分割完成，检测到 0 个物体
2026-06-20 16:15:28 [INFO] 从分割掩码中提取检测结果
2026-06-20 16:15:28 [INFO] 从掩码中提取了 545 个检测框
2026-06-20 16:15:28 [INFO] 计算出的车框矩形边界: (1031, 771) to (3219, 1675)
2026-06-20 16:15:28 [INFO] 原始检测数: 545, 过滤后检测数: 219
2026-06-20 16:15:28 [INFO] 保存分割和检测结果到: C:\code\show\Scrap_Steel_In_Field\photos\segmentation\segment_20260620_161528.jpg
2026-06-20 16:15:28 [INFO] JSON结果保存到: C:\code\show\Scrap_Steel_In_Field\photos\segmentation_result.json
2026-06-20 16:15:28 [INFO] 类别统计：{0: 50, 1: 67, 2: 22, 3: 8, 4: 40, 5: 25, 6: 37, 7: 34, 8: 49, 9: 75, 10: 27, 11: 17, 12: 10, 13: 59, 14: 0, 15: 25}
2026-06-20 16:15:28 [INFO] 面积统计：{0: 3215484.0, 1: 995076.0, 2: 34560.0, 3: 160488.0, 4: 189072.0, 5: 62784.0, 6: 530244.0, 7: 55296.0, 8: 1195632.0, 9: 425556.0, 10: 162864.0, 11: 363960.0, 12: 27072.0, 13: 807156.0, 14: 72.0, 15: 110196.0}
2026-06-20 16:15:28 [INFO] 分割成功
2026-06-20 16:15:28 [INFO] 引擎上下文已释放
2026-06-20 16:15:28 [INFO] TensorRT 引擎已释放
2026-06-20 16:15:28 [INFO] 全局 CUDA 资源已释放
2026-06-20 16:15:28 [INFO] 分割系统资源已释放
2026-06-20 16:15:32 [INFO] CUDA 初始化成功
2026-06-20 16:15:32 [INFO] 引擎加载成功: scrap_steel.engine
2026-06-20 16:15:32 [INFO] 分割系统初始化成功
2026-06-20 16:15:33 [INFO] 图像预处理完成，原始尺寸: (2160, 3840)
2026-06-20 16:15:33 [INFO] 开始执行分割...
2026-06-20 16:15:33 [DEBUG] 处理后的检测结果形状: (1, 8400, 6)
2026-06-20 16:15:33 [DEBUG] 示例检测结果: [[-4.05809402e+00 -3.11631107e+00  3.88509178e+01  1.44438219e+01
   3.56890553e-08  5.00000000e+00]
 [-6.68841171e+00 -2.96291924e+00  4.46625710e+01  2.85084934e+01
   8.46005488e-09  9.00000000e+00]
 [-3.65054703e+00 -3.28421402e+00  4.58385391e+01  2.93570862e+01
   4.03921341e-09  9.00000000e+00]]
2026-06-20 16:15:33 [DEBUG] 处理后检测输出形状: (0, 52)
2026-06-20 16:15:33 [DEBUG] 有效检测数量: 0
2026-06-20 16:15:33 [DEBUG] 检测输出为空
2026-06-20 16:15:33 [INFO] 掩码中检测到的类别: [0, 1, 2, 3, 4, 5, 6, 7, 8, 9, 10, 11, 12, 13, 15]
2026-06-20 16:15:33 [INFO] 分割完成，检测到 0 个物体
2026-06-20 16:15:33 [INFO] 从分割掩码中提取检测结果
2026-06-20 16:15:33 [INFO] 从掩码中提取了 548 个检测框
2026-06-20 16:15:33 [INFO] 计算出的车框矩形边界: (1032, 777) to (3218, 1669)
2026-06-20 16:15:33 [INFO] 原始检测数: 548, 过滤后检测数: 217
2026-06-20 16:15:33 [INFO] 保存分割和检测结果到: C:\code\show\Scrap_Steel_In_Field\photos\segmentation\segment_20260620_161533.jpg
2026-06-20 16:15:33 [INFO] JSON结果保存到: C:\code\show\Scrap_Steel_In_Field\photos\segmentation_result.json
2026-06-20 16:15:33 [INFO] 类别统计：{0: 59, 1: 51, 2: 21, 3: 10, 4: 34, 5: 37, 6: 42, 7: 39, 8: 58, 9: 64, 10: 22, 11: 20, 12: 15, 13: 46, 14: 0, 15: 30}
2026-06-20 16:15:33 [INFO] 面积统计：{0: 3518820.0, 1: 1093896.0, 2: 31968.0, 3: 136908.0, 4: 160056.0, 5: 72756.0, 6: 466668.0, 7: 66024.0, 8: 1012500.0, 9: 374328.0, 10: 158580.0, 11: 367704.0, 12: 50652.0, 13: 727632.0, 15: 106560.0}
2026-06-20 16:15:33 [INFO] 分割成功
2026-06-20 16:15:33 [INFO] 引擎上下文已释放
2026-06-20 16:15:33 [INFO] TensorRT 引擎已释放
2026-06-20 16:15:33 [INFO] 全局 CUDA 资源已释放
2026-06-20 16:15:33 [INFO] 分割系统资源已释放
2026-06-20 16:15:38 [INFO] CUDA 初始化成功
2026-06-20 16:15:38 [INFO] 引擎加载成功: scrap_steel.engine
2026-06-20 16:15:38 [INFO] 分割系统初始化成功
2026-06-20 16:15:38 [INFO] 图像预处理完成，原始尺寸: (2160, 3840)
2026-06-20 16:15:38 [INFO] 开始执行分割...
2026-06-20 16:15:38 [DEBUG] 处理后的检测结果形状: (1, 8400, 6)
2026-06-20 16:15:38 [DEBUG] 示例检测结果: [[-4.08565521e+00 -3.17934704e+00  3.91517944e+01  1.46958132e+01
   3.73839484e-08  5.00000000e+00]
 [-6.70569611e+00 -2.98487473e+00  4.47483826e+01  2.87149658e+01
   9.13351794e-09  9.00000000e+00]
 [-3.71690369e+00 -3.43030071e+00  4.59100952e+01  2.97441521e+01
   4.18462509e-09  9.00000000e+00]]
2026-06-20 16:15:38 [DEBUG] 处理后检测输出形状: (0, 52)
2026-06-20 16:15:38 [DEBUG] 有效检测数量: 0
2026-06-20 16:15:38 [DEBUG] 检测输出为空
2026-06-20 16:15:38 [INFO] 掩码中检测到的类别: [0, 1, 2, 3, 4, 5, 6, 7, 8, 9, 10, 11, 12, 13, 15]
2026-06-20 16:15:38 [INFO] 分割完成，检测到 0 个物体
2026-06-20 16:15:38 [INFO] 从分割掩码中提取检测结果
2026-06-20 16:15:39 [INFO] 从掩码中提取了 572 个检测框
2026-06-20 16:15:39 [ERROR] 保存结果失败: 'NoneType' object has no attribute 'astype'
2026-06-20 16:15:39 [INFO] 分割成功
2026-06-20 16:15:39 [INFO] 引擎上下文已释放
2026-06-20 16:15:39 [INFO] TensorRT 引擎已释放
2026-06-20 16:15:39 [INFO] 全局 CUDA 资源已释放
2026-06-20 16:15:39 [INFO] 分割系统资源已释放
2026-06-20 16:15:43 [INFO] CUDA 初始化成功
2026-06-20 16:15:43 [INFO] 引擎加载成功: scrap_steel.engine
2026-06-20 16:15:43 [INFO] 分割系统初始化成功
2026-06-20 16:15:44 [INFO] 图像预处理完成，原始尺寸: (2160, 3840)
2026-06-20 16:15:44 [INFO] 开始执行分割...
2026-06-20 16:15:44 [DEBUG] 处理后的检测结果形状: (1, 8400, 6)
2026-06-20 16:15:44 [DEBUG] 示例检测结果: [[-4.09201431e+00 -3.17618752e+00  3.94183846e+01  1.47131214e+01
   3.73907625e-08  5.00000000e+00]
 [-6.72145462e+00 -3.03949356e+00  4.50512848e+01  2.91020737e+01
   9.13685927e-09  9.00000000e+00]
 [-3.67008972e+00 -3.40407944e+00  4.60586395e+01  3.01189117e+01
   4.31151115e-09  9.00000000e+00]]
2026-06-20 16:15:44 [DEBUG] 处理后检测输出形状: (0, 52)
2026-06-20 16:15:44 [DEBUG] 有效检测数量: 0
2026-06-20 16:15:44 [DEBUG] 检测输出为空
2026-06-20 16:15:44 [INFO] 掩码中检测到的类别: [0, 1, 2, 3, 4, 5, 6, 7, 8, 9, 10, 11, 12, 13, 14, 15]
2026-06-20 16:15:44 [INFO] 分割完成，检测到 0 个物体
2026-06-20 16:15:44 [INFO] 从分割掩码中提取检测结果
2026-06-20 16:15:44 [INFO] 从掩码中提取了 548 个检测框
2026-06-20 16:15:44 [INFO] 计算出的车框矩形边界: (1032, 774) to (3218, 1675)
2026-06-20 16:15:44 [INFO] 原始检测数: 548, 过滤后检测数: 208
2026-06-20 16:15:44 [INFO] 保存分割和检测结果到: C:\code\show\Scrap_Steel_In_Field\photos\segmentation\segment_20260620_161544.jpg
2026-06-20 16:15:44 [INFO] JSON结果保存到: C:\code\show\Scrap_Steel_In_Field\photos\segmentation_result.json
2026-06-20 16:15:44 [INFO] 类别统计：{0: 57, 1: 57, 2: 19, 3: 14, 4: 40, 5: 32, 6: 40, 7: 29, 8: 55, 9: 68, 10: 27, 11: 10, 12: 12, 13: 58, 14: 0, 15: 30}
2026-06-20 16:15:44 [INFO] 面积统计：{0: 3188988.0, 1: 1027368.0, 2: 29376.0, 3: 173124.0, 4: 211536.0, 5: 65412.0, 6: 497916.0, 7: 49464.0, 8: 1156392.0, 9: 432396.0, 10: 125208.0, 11: 328680.0, 12: 29664.0, 13: 815400.0, 14: 72.0, 15: 98316.0}
2026-06-20 16:15:44 [INFO] 分割成功
2026-06-20 16:15:44 [INFO] 引擎上下文已释放
2026-06-20 16:15:44 [INFO] TensorRT 引擎已释放
2026-06-20 16:15:44 [INFO] 全局 CUDA 资源已释放
2026-06-20 16:15:44 [INFO] 分割系统资源已释放
2026-06-20 16:15:50 [INFO] CUDA 初始化成功
2026-06-20 16:15:50 [INFO] 引擎加载成功: scrap_steel.engine
2026-06-20 16:15:50 [INFO] 分割系统初始化成功
2026-06-20 16:15:50 [INFO] 图像预处理完成，原始尺寸: (2160, 3840)
2026-06-20 16:15:50 [INFO] 开始执行分割...
2026-06-20 16:15:50 [DEBUG] 处理后的检测结果形状: (1, 8400, 6)
2026-06-20 16:15:50 [DEBUG] 示例检测结果: [[-4.05829239e+00 -3.10369015e+00  3.87281914e+01  1.44822645e+01
   3.48801308e-08  5.00000000e+00]
 [-6.69705200e+00 -2.94237328e+00  4.46339798e+01  2.83003540e+01
   8.39436609e-09  9.00000000e+00]
 [-3.65717697e+00 -3.27235603e+00  4.57725143e+01  2.91839542e+01
   3.95574062e-09  9.00000000e+00]]
2026-06-20 16:15:50 [DEBUG] 处理后检测输出形状: (0, 52)
2026-06-20 16:15:50 [DEBUG] 有效检测数量: 0
2026-06-20 16:15:50 [DEBUG] 检测输出为空
2026-06-20 16:15:50 [INFO] 掩码中检测到的类别: [0, 1, 2, 3, 4, 5, 6, 7, 8, 9, 10, 11, 12, 13, 15]
2026-06-20 16:15:50 [INFO] 分割完成，检测到 0 个物体
2026-06-20 16:15:50 [INFO] 从分割掩码中提取检测结果
2026-06-20 16:15:50 [INFO] 从掩码中提取了 554 个检测框
2026-06-20 16:15:50 [INFO] 计算出的车框矩形边界: (1032, 778) to (3218, 1669)
2026-06-20 16:15:50 [INFO] 原始检测数: 554, 过滤后检测数: 209
2026-06-20 16:15:51 [INFO] 保存分割和检测结果到: C:\code\show\Scrap_Steel_In_Field\photos\segmentation\segment_20260620_161550.jpg
2026-06-20 16:15:51 [INFO] JSON结果保存到: C:\code\show\Scrap_Steel_In_Field\photos\segmentation_result.json
2026-06-20 16:15:51 [INFO] 类别统计：{0: 64, 1: 56, 2: 18, 3: 7, 4: 39, 5: 37, 6: 45, 7: 36, 8: 58, 9: 64, 10: 27, 11: 18, 12: 18, 13: 41, 14: 0, 15: 26}
2026-06-20 16:15:51 [INFO] 面积统计：{0: 3366108.0, 1: 1169388.0, 2: 35604.0, 3: 144864.0, 4: 152064.0, 5: 85572.0, 6: 461088.0, 7: 64440.0, 8: 1007136.0, 9: 409716.0, 10: 141480.0, 11: 380124.0, 12: 35820.0, 13: 697860.0, 15: 92808.0}
2026-06-20 16:15:51 [INFO] 分割成功
2026-06-20 16:15:51 [INFO] 引擎上下文已释放
2026-06-20 16:15:51 [INFO] TensorRT 引擎已释放
2026-06-20 16:15:51 [INFO] 全局 CUDA 资源已释放
2026-06-20 16:15:51 [INFO] 分割系统资源已释放
2026-06-20 16:15:54 [INFO] CUDA 初始化成功
2026-06-20 16:15:54 [INFO] 引擎加载成功: scrap_steel.engine
2026-06-20 16:15:54 [INFO] 分割系统初始化成功
2026-06-20 16:15:54 [INFO] 图像预处理完成，原始尺寸: (2160, 3840)
2026-06-20 16:15:54 [INFO] 开始执行分割...
2026-06-20 16:15:54 [DEBUG] 处理后的检测结果形状: (1, 8400, 6)
2026-06-20 16:15:54 [DEBUG] 示例检测结果: [[-4.05738831e+00 -3.12741661e+00  3.88643799e+01  1.46504250e+01
   3.59688421e-08  5.00000000e+00]
 [-6.68621063e+00 -2.96605110e+00  4.46147690e+01  2.85728569e+01
   8.59337046e-09  9.00000000e+00]
 [-3.65420532e+00 -3.27183628e+00  4.58241806e+01  2.93857117e+01
   4.05381684e-09  9.00000000e+00]]
2026-06-20 16:15:54 [DEBUG] 处理后检测输出形状: (0, 52)
2026-06-20 16:15:54 [DEBUG] 有效检测数量: 0
2026-06-20 16:15:54 [DEBUG] 检测输出为空
2026-06-20 16:15:54 [INFO] 掩码中检测到的类别: [0, 1, 2, 3, 4, 5, 6, 7, 8, 9, 10, 11, 12, 13, 15]
2026-06-20 16:15:54 [INFO] 分割完成，检测到 0 个物体
2026-06-20 16:15:54 [INFO] 从分割掩码中提取检测结果
2026-06-20 16:15:54 [INFO] 从掩码中提取了 552 个检测框
2026-06-20 16:15:54 [INFO] 计算出的车框矩形边界: (1032, 777) to (3218, 1669)
2026-06-20 16:15:54 [INFO] 原始检测数: 552, 过滤后检测数: 203
2026-06-20 16:15:55 [INFO] 保存分割和检测结果到: C:\code\show\Scrap_Steel_In_Field\photos\segmentation\segment_20260620_161554.jpg
2026-06-20 16:15:55 [INFO] JSON结果保存到: C:\code\show\Scrap_Steel_In_Field\photos\segmentation_result.json
2026-06-20 16:15:55 [INFO] 类别统计：{0: 51, 1: 52, 2: 21, 3: 10, 4: 36, 5: 35, 6: 41, 7: 39, 8: 50, 9: 75, 10: 26, 11: 21, 12: 16, 13: 53, 14: 0, 15: 26}
2026-06-20 16:15:55 [INFO] 面积统计：{0: 3525120.0, 1: 1132992.0, 2: 37296.0, 3: 137520.0, 4: 163260.0, 5: 71064.0, 6: 448596.0, 7: 69552.0, 8: 1010448.0, 9: 397692.0, 10: 143712.0, 11: 394524.0, 12: 53388.0, 13: 705348.0, 15: 109800.0}
2026-06-20 16:15:55 [INFO] 分割成功
2026-06-20 16:15:55 [INFO] 引擎上下文已释放
2026-06-20 16:15:55 [INFO] TensorRT 引擎已释放
2026-06-20 16:15:55 [INFO] 全局 CUDA 资源已释放
2026-06-20 16:15:55 [INFO] 分割系统资源已释放
2026-06-20 16:15:59 [INFO] CUDA 初始化成功
2026-06-20 16:15:59 [INFO] 引擎加载成功: scrap_steel.engine
2026-06-20 16:15:59 [INFO] 分割系统初始化成功
2026-06-20 16:16:00 [INFO] 图像预处理完成，原始尺寸: (2160, 3840)
2026-06-20 16:16:00 [INFO] 开始执行分割...
2026-06-20 16:16:00 [DEBUG] 处理后的检测结果形状: (1, 8400, 6)
2026-06-20 16:16:00 [DEBUG] 示例检测结果: [[-4.05590057e+00 -3.12657547e+00  3.88792953e+01  1.45587177e+01
   3.54253302e-08  5.00000000e+00]
 [-6.66771317e+00 -2.95497513e+00  4.45933342e+01  2.83514500e+01
   8.39436609e-09  9.00000000e+00]
 [-3.66764069e+00 -3.28868675e+00  4.58343163e+01  2.92775593e+01
   3.97304589e-09  9.00000000e+00]]
2026-06-20 16:16:00 [DEBUG] 处理后检测输出形状: (0, 52)
2026-06-20 16:16:00 [DEBUG] 有效检测数量: 0
2026-06-20 16:16:00 [DEBUG] 检测输出为空
2026-06-20 16:16:00 [INFO] 掩码中检测到的类别: [0, 1, 2, 3, 4, 5, 6, 7, 8, 9, 10, 11, 12, 13, 15]
2026-06-20 16:16:00 [INFO] 分割完成，检测到 0 个物体
2026-06-20 16:16:00 [INFO] 从分割掩码中提取检测结果
2026-06-20 16:16:00 [INFO] 从掩码中提取了 560 个检测框
2026-06-20 16:16:00 [INFO] 计算出的车框矩形边界: (1032, 778) to (3218, 1669)
2026-06-20 16:16:00 [INFO] 原始检测数: 560, 过滤后检测数: 197
2026-06-20 16:16:00 [INFO] 保存分割和检测结果到: C:\code\show\Scrap_Steel_In_Field\photos\segmentation\segment_20260620_161600.jpg
2026-06-20 16:16:00 [INFO] JSON结果保存到: C:\code\show\Scrap_Steel_In_Field\photos\segmentation_result.json
2026-06-20 16:16:00 [INFO] 类别统计：{0: 71, 1: 56, 2: 18, 3: 9, 4: 42, 5: 36, 6: 40, 7: 37, 8: 63, 9: 63, 10: 17, 11: 18, 12: 16, 13: 47, 14: 0, 15: 27}
2026-06-20 16:16:00 [INFO] 面积统计：{0: 3470328.0, 1: 1126584.0, 2: 31968.0, 3: 145836.0, 4: 165384.0, 5: 81252.0, 6: 455832.0, 7: 61308.0, 8: 980352.0, 9: 393372.0, 10: 167436.0, 11: 375192.0, 12: 42696.0, 13: 711072.0, 15: 102060.0}
2026-06-20 16:16:00 [INFO] 分割成功
2026-06-20 16:16:00 [INFO] 引擎上下文已释放
2026-06-20 16:16:00 [INFO] TensorRT 引擎已释放
2026-06-20 16:16:00 [INFO] 全局 CUDA 资源已释放
2026-06-20 16:16:00 [INFO] 分割系统资源已释放
2026-06-20 16:16:04 [INFO] CUDA 初始化成功
2026-06-20 16:16:04 [INFO] 引擎加载成功: scrap_steel.engine
2026-06-20 16:16:04 [INFO] 分割系统初始化成功
2026-06-20 16:16:05 [INFO] 图像预处理完成，原始尺寸: (2160, 3840)
2026-06-20 16:16:05 [INFO] 开始执行分割...
2026-06-20 16:16:05 [DEBUG] 处理后的检测结果形状: (1, 8400, 6)
2026-06-20 16:16:05 [DEBUG] 示例检测结果: [[-4.04018021e+00 -3.10724974e+00  3.89213905e+01  1.43821030e+01
   3.52805785e-08  5.00000000e+00]
 [-6.67111969e+00 -2.93168831e+00  4.46889305e+01  2.83423824e+01
   8.33538039e-09  9.00000000e+00]
 [-3.65571594e+00 -3.27138519e+00  4.58690948e+01  2.93221169e+01
   3.98988043e-09  9.00000000e+00]]
2026-06-20 16:16:05 [DEBUG] 处理后检测输出形状: (1, 52)
2026-06-20 16:16:05 [DEBUG] 有效检测数量: 1
2026-06-20 16:16:05 [DEBUG] 最大置信度: 0.0509, 平均置信度: 0.0509
2026-06-20 16:16:05 [INFO] 掩码中检测到的类别: [0, 1, 2, 3, 4, 5, 6, 7, 8, 9, 10, 11, 12, 13, 14, 15]
2026-06-20 16:16:05 [INFO] 分割完成，检测到 0 个物体
2026-06-20 16:16:05 [INFO] 从分割掩码中提取检测结果
2026-06-20 16:16:05 [INFO] 从掩码中提取了 546 个检测框
2026-06-20 16:16:05 [INFO] 计算出的车框矩形边界: (1031, 778) to (3218, 1669)
2026-06-20 16:16:05 [INFO] 原始检测数: 546, 过滤后检测数: 201
2026-06-20 16:16:05 [INFO] 保存分割和检测结果到: C:\code\show\Scrap_Steel_In_Field\photos\segmentation\segment_20260620_161605.jpg
2026-06-20 16:16:05 [INFO] JSON结果保存到: C:\code\show\Scrap_Steel_In_Field\photos\segmentation_result.json
2026-06-20 16:16:05 [INFO] 类别统计：{0: 64, 1: 53, 2: 22, 3: 8, 4: 41, 5: 33, 6: 40, 7: 38, 8: 50, 9: 73, 10: 22, 11: 21, 12: 13, 13: 40, 14: 0, 15: 28}
2026-06-20 16:16:05 [INFO] 面积统计：{0: 3562596.0, 1: 1078308.0, 2: 40032.0, 3: 140292.0, 4: 184320.0, 5: 78732.0, 6: 442836.0, 7: 69588.0, 8: 1003896.0, 9: 430308.0, 10: 136008.0, 11: 378612.0, 12: 52992.0, 13: 711900.0, 14: 36.0, 15: 91944.0}
2026-06-20 16:16:05 [INFO] 分割成功
2026-06-20 16:16:05 [INFO] 引擎上下文已释放
2026-06-20 16:16:05 [INFO] TensorRT 引擎已释放
2026-06-20 16:16:05 [INFO] 全局 CUDA 资源已释放
2026-06-20 16:16:05 [INFO] 分割系统资源已释放
2026-06-20 16:16:10 [INFO] CUDA 初始化成功
2026-06-20 16:16:10 [INFO] 引擎加载成功: scrap_steel.engine
2026-06-20 16:16:10 [INFO] 分割系统初始化成功
2026-06-20 16:16:10 [INFO] 图像预处理完成，原始尺寸: (2160, 3840)
2026-06-20 16:16:10 [INFO] 开始执行分割...
2026-06-20 16:16:10 [DEBUG] 处理后的检测结果形状: (1, 8400, 6)
2026-06-20 16:16:10 [DEBUG] 示例检测结果: [[-4.05730820e+00 -3.12243748e+00  3.88933601e+01  1.45122366e+01
   3.59779584e-08  5.00000000e+00]
 [-6.69685745e+00 -2.94197083e+00  4.47619438e+01  2.84257870e+01
   8.46005488e-09  9.00000000e+00]
 [-3.67011642e+00 -3.28235722e+00  4.58903999e+01  2.93771591e+01
   3.99126066e-09  9.00000000e+00]]
2026-06-20 16:16:10 [DEBUG] 处理后检测输出形状: (0, 52)
2026-06-20 16:16:10 [DEBUG] 有效检测数量: 0
2026-06-20 16:16:10 [DEBUG] 检测输出为空
2026-06-20 16:16:10 [INFO] 掩码中检测到的类别: [0, 1, 2, 3, 4, 5, 6, 7, 8, 9, 10, 11, 12, 13, 15]
2026-06-20 16:16:10 [INFO] 分割完成，检测到 0 个物体
2026-06-20 16:16:10 [INFO] 从分割掩码中提取检测结果
2026-06-20 16:16:10 [INFO] 从掩码中提取了 571 个检测框
2026-06-20 16:16:10 [INFO] 计算出的车框矩形边界: (1033, 777) to (3215, 1675)
2026-06-20 16:16:10 [INFO] 原始检测数: 571, 过滤后检测数: 212
2026-06-20 16:16:10 [INFO] 保存分割和检测结果到: C:\code\show\Scrap_Steel_In_Field\photos\segmentation\segment_20260620_161610.jpg
2026-06-20 16:16:10 [INFO] JSON结果保存到: C:\code\show\Scrap_Steel_In_Field\photos\segmentation_result.json
2026-06-20 16:16:10 [INFO] 类别统计：{0: 56, 1: 53, 2: 21, 3: 11, 4: 37, 5: 38, 6: 43, 7: 42, 8: 58, 9: 66, 10: 22, 11: 22, 12: 19, 13: 56, 14: 0, 15: 27}
2026-06-20 16:16:10 [INFO] 面积统计：{0: 3567060.0, 1: 1127952.0, 2: 38088.0, 3: 137736.0, 4: 159804.0, 5: 70344.0, 6: 450972.0, 7: 67248.0, 8: 983520.0, 9: 384696.0, 10: 138816.0, 11: 393156.0, 12: 53208.0, 13: 689472.0, 15: 84924.0}
2026-06-20 16:16:10 [INFO] 分割成功
2026-06-20 16:16:10 [INFO] 引擎上下文已释放
2026-06-20 16:16:10 [INFO] TensorRT 引擎已释放
2026-06-20 16:16:10 [INFO] 全局 CUDA 资源已释放
2026-06-20 16:16:10 [INFO] 分割系统资源已释放
2026-06-20 16:16:15 [INFO] CUDA 初始化成功
2026-06-20 16:16:15 [INFO] 引擎加载成功: scrap_steel.engine
2026-06-20 16:16:15 [INFO] 分割系统初始化成功
2026-06-20 16:16:15 [INFO] 图像预处理完成，原始尺寸: (2160, 3840)
2026-06-20 16:16:15 [INFO] 开始执行分割...
2026-06-20 16:16:15 [DEBUG] 处理后的检测结果形状: (1, 8400, 6)
2026-06-20 16:16:15 [DEBUG] 示例检测结果: [[-4.05566406e+00 -3.10421753e+00  3.88194199e+01  1.44428692e+01
   3.58375551e-08  5.00000000e+00]
 [-6.69419098e+00 -2.93927002e+00  4.45864906e+01  2.83603401e+01
   8.43389358e-09  9.00000000e+00]
 [-3.66012573e+00 -3.28591728e+00  4.58129959e+01  2.92878857e+01
   3.98988043e-09  9.00000000e+00]]
2026-06-20 16:16:15 [DEBUG] 处理后检测输出形状: (0, 52)
2026-06-20 16:16:15 [DEBUG] 有效检测数量: 0
2026-06-20 16:16:15 [DEBUG] 检测输出为空
2026-06-20 16:16:15 [INFO] 掩码中检测到的类别: [0, 1, 2, 3, 4, 5, 6, 7, 8, 9, 10, 11, 12, 13, 15]
2026-06-20 16:16:15 [INFO] 分割完成，检测到 0 个物体
2026-06-20 16:16:15 [INFO] 从分割掩码中提取检测结果
2026-06-20 16:16:15 [INFO] 从掩码中提取了 539 个检测框
2026-06-20 16:16:15 [INFO] 计算出的车框矩形边界: (1032, 777) to (3218, 1669)
2026-06-20 16:16:15 [INFO] 原始检测数: 539, 过滤后检测数: 201
2026-06-20 16:16:16 [INFO] 保存分割和检测结果到: C:\code\show\Scrap_Steel_In_Field\photos\segmentation\segment_20260620_161615.jpg
2026-06-20 16:16:16 [INFO] JSON结果保存到: C:\code\show\Scrap_Steel_In_Field\photos\segmentation_result.json
2026-06-20 16:16:16 [INFO] 类别统计：{0: 59, 1: 59, 2: 19, 3: 9, 4: 40, 5: 33, 6: 37, 7: 33, 8: 57, 9: 68, 10: 19, 11: 20, 12: 17, 13: 43, 14: 0, 15: 26}
2026-06-20 16:16:16 [INFO] 面积统计：{0: 3553596.0, 1: 1123524.0, 2: 34812.0, 3: 139464.0, 4: 156636.0, 5: 73260.0, 6: 449856.0, 7: 65628.0, 8: 979416.0, 9: 373932.0, 10: 137520.0, 11: 380268.0, 12: 54216.0, 13: 707364.0, 15: 91080.0}
2026-06-20 16:16:16 [INFO] 分割成功
2026-06-20 16:16:16 [INFO] 引擎上下文已释放
2026-06-20 16:16:16 [INFO] TensorRT 引擎已释放
2026-06-20 16:16:16 [INFO] 全局 CUDA 资源已释放
2026-06-20 16:16:16 [INFO] 分割系统资源已释放
2026-06-20 16:16:20 [INFO] CUDA 初始化成功
2026-06-20 16:16:20 [INFO] 引擎加载成功: scrap_steel.engine
2026-06-20 16:16:20 [INFO] 分割系统初始化成功
2026-06-20 16:16:20 [INFO] 图像预处理完成，原始尺寸: (2160, 3840)
2026-06-20 16:16:20 [INFO] 开始执行分割...
2026-06-20 16:16:20 [DEBUG] 处理后的检测结果形状: (1, 8400, 6)
2026-06-20 16:16:20 [DEBUG] 示例检测结果: [[-4.05270767e+00 -3.12613344e+00  3.89446831e+01  1.45873184e+01
   3.56970844e-08  5.00000000e+00]
 [-6.67220306e+00 -2.96593094e+00  4.47380600e+01  2.85773659e+01
   8.52671267e-09  9.00000000e+00]
 [-3.66683197e+00 -3.28523159e+00  4.58897095e+01  2.94304810e+01
   4.05381684e-09  9.00000000e+00]]
2026-06-20 16:16:20 [DEBUG] 处理后检测输出形状: (0, 52)
2026-06-20 16:16:20 [DEBUG] 有效检测数量: 0
2026-06-20 16:16:20 [DEBUG] 检测输出为空
2026-06-20 16:16:20 [INFO] 掩码中检测到的类别: [0, 1, 2, 3, 4, 5, 6, 7, 8, 9, 10, 11, 12, 13, 15]
2026-06-20 16:16:20 [INFO] 分割完成，检测到 0 个物体
2026-06-20 16:16:20 [INFO] 从分割掩码中提取检测结果
2026-06-20 16:16:20 [INFO] 从掩码中提取了 545 个检测框
2026-06-20 16:16:20 [INFO] 计算出的车框矩形边界: (1032, 777) to (3218, 1669)
2026-06-20 16:16:20 [INFO] 原始检测数: 545, 过滤后检测数: 209
2026-06-20 16:16:21 [INFO] 保存分割和检测结果到: C:\code\show\Scrap_Steel_In_Field\photos\segmentation\segment_20260620_161620.jpg
2026-06-20 16:16:21 [INFO] JSON结果保存到: C:\code\show\Scrap_Steel_In_Field\photos\segmentation_result.json
2026-06-20 16:16:21 [INFO] 类别统计：{0: 46, 1: 50, 2: 21, 3: 8, 4: 37, 5: 35, 6: 43, 7: 34, 8: 58, 9: 68, 10: 23, 11: 21, 12: 18, 13: 50, 14: 0, 15: 33}
2026-06-20 16:16:21 [INFO] 面积统计：{0: 3506400.0, 1: 1129752.0, 2: 33948.0, 3: 145080.0, 4: 171576.0, 5: 70812.0, 6: 446940.0, 7: 64836.0, 8: 1008072.0, 9: 388764.0, 10: 137988.0, 11: 391392.0, 12: 51912.0, 13: 688500.0, 15: 102240.0}
2026-06-20 16:16:21 [INFO] 分割成功
2026-06-20 16:16:21 [INFO] 引擎上下文已释放
2026-06-20 16:16:21 [INFO] TensorRT 引擎已释放
2026-06-20 16:16:21 [INFO] 全局 CUDA 资源已释放
2026-06-20 16:16:21 [INFO] 分割系统资源已释放
2026-06-20 16:16:25 [INFO] CUDA 初始化成功
2026-06-20 16:16:25 [INFO] 引擎加载成功: scrap_steel.engine
2026-06-20 16:16:25 [INFO] 分割系统初始化成功
2026-06-20 16:16:25 [INFO] 图像预处理完成，原始尺寸: (2160, 3840)
2026-06-20 16:16:25 [INFO] 开始执行分割...
2026-06-20 16:16:25 [DEBUG] 处理后的检测结果形状: (1, 8400, 6)
2026-06-20 16:16:25 [DEBUG] 示例检测结果: [[-4.07320786e+00 -3.11285353e+00  3.87249756e+01  1.44497986e+01
   3.52875489e-08  5.00000000e+00]
 [-6.72555542e+00 -2.96369362e+00  4.46072922e+01  2.84352360e+01
   8.42733527e-09  9.00000000e+00]
 [-3.66594696e+00 -3.29788971e+00  4.57888107e+01  2.93351059e+01
   3.92500432e-09  9.00000000e+00]]
2026-06-20 16:16:25 [DEBUG] 处理后检测输出形状: (0, 52)
2026-06-20 16:16:25 [DEBUG] 有效检测数量: 0
2026-06-20 16:16:25 [DEBUG] 检测输出为空
2026-06-20 16:16:25 [INFO] 掩码中检测到的类别: [0, 1, 2, 3, 4, 5, 6, 7, 8, 9, 10, 11, 12, 13, 15]
2026-06-20 16:16:25 [INFO] 分割完成，检测到 0 个物体
2026-06-20 16:16:25 [INFO] 从分割掩码中提取检测结果
2026-06-20 16:16:25 [INFO] 从掩码中提取了 559 个检测框
2026-06-20 16:16:25 [INFO] 计算出的车框矩形边界: (1031, 778) to (3218, 1669)
2026-06-20 16:16:25 [INFO] 原始检测数: 559, 过滤后检测数: 207
2026-06-20 16:16:26 [INFO] 保存分割和检测结果到: C:\code\show\Scrap_Steel_In_Field\photos\segmentation\segment_20260620_161625.jpg
2026-06-20 16:16:26 [INFO] JSON结果保存到: C:\code\show\Scrap_Steel_In_Field\photos\segmentation_result.json
2026-06-20 16:16:26 [INFO] 类别统计：{0: 45, 1: 55, 2: 23, 3: 8, 4: 43, 5: 37, 6: 42, 7: 40, 8: 57, 9: 68, 10: 22, 11: 19, 12: 21, 13: 52, 14: 0, 15: 27}
2026-06-20 16:16:26 [INFO] 面积统计：{0: 3571776.0, 1: 1161828.0, 2: 37440.0, 3: 138564.0, 4: 164016.0, 5: 81468.0, 6: 459648.0, 7: 71496.0, 8: 968976.0, 9: 374184.0, 10: 141084.0, 11: 379188.0, 12: 57456.0, 13: 688968.0, 15: 79452.0}
2026-06-20 16:16:26 [INFO] 分割成功
2026-06-20 16:16:26 [INFO] 引擎上下文已释放
2026-06-20 16:16:26 [INFO] TensorRT 引擎已释放
2026-06-20 16:16:26 [INFO] 全局 CUDA 资源已释放
2026-06-20 16:16:26 [INFO] 分割系统资源已释放
