2026-07-25 16:13:17 [INFO] CUDA 初始化成功
2026-07-25 16:13:17 [INFO] 引擎加载成功: scrap_steel.engine
2026-07-25 16:13:17 [INFO] 分割系统初始化成功
2026-07-25 16:13:20 [INFO] 引擎加载成功: scrap_steel.engine
2026-07-25 16:13:20 [INFO] 分割系统初始化成功
2026-07-25 16:13:20 [INFO] 图像预处理完成，原始尺寸: (2160, 3840)
2026-07-25 16:13:20 [INFO] 开始执行分割...
2026-07-25 16:13:20 [ERROR] 推理过程发生异常: explicit_context_dependent failed: invalid device context - no currently active context?
2026-07-25 16:13:20 [INFO] 分割完成，检测到 0 个物体
2026-07-25 16:13:20 [INFO] 计算出的车框矩形边界: (863, 638) to (3101, 1624)
2026-07-25 16:13:20 [INFO] 原始检测数: 0, 过滤后检测数: 0
2026-07-25 16:13:20 [ERROR] 保存结果失败: 'NoneType' object has no attribute 'shape'
2026-07-25 16:13:20 [ERROR] 分割失败: 未能生成有效的分割掩码
2026-07-25 16:13:20 [INFO] 引擎上下文已释放
2026-07-25 16:13:20 [INFO] TensorRT 引擎已释放
2026-07-25 16:13:20 [INFO] 全局 CUDA 资源已释放
2026-07-25 16:13:20 [INFO] 分割系统资源已释放
2026-07-25 16:13:27 [INFO] CUDA 初始化成功
2026-07-25 16:13:27 [INFO] 引擎加载成功: scrap_steel.engine
2026-07-25 16:13:28 [INFO] 分割系统初始化成功
2026-07-25 16:13:28 [INFO] 图像预处理完成，原始尺寸: (2160, 3840)
2026-07-25 16:13:28 [INFO] 开始执行分割...
2026-07-25 16:13:28 [DEBUG] 处理后的检测结果形状: (1, 8400, 6)
2026-07-25 16:13:28 [DEBUG] 示例检测结果: [[-3.95453262e+00 -3.21290112e+00  3.85297508e+01  1.50555353e+01
   4.18806074e-08  5.00000000e+00]
 [-6.14651489e+00 -2.97372055e+00  4.41023026e+01  2.93022881e+01
   9.50136769e-09  9.00000000e+00]
 [-3.52388000e+00 -3.52183819e+00  4.56021729e+01  3.01380424e+01
   4.20072777e-09  9.00000000e+00]]
2026-07-25 16:13:28 [DEBUG] 处理后检测输出形状: (0, 52)
2026-07-25 16:13:28 [DEBUG] 有效检测数量: 0
2026-07-25 16:13:28 [DEBUG] 检测输出为空
2026-07-25 16:13:28 [INFO] 掩码中检测到的类别: [0, 1, 2, 3, 4, 5, 6, 7, 8, 9, 10, 11, 12, 13, 15]
2026-07-25 16:13:28 [INFO] 分割完成，检测到 0 个物体
2026-07-25 16:13:28 [INFO] 从分割掩码中提取检测结果
2026-07-25 16:13:28 [INFO] 从掩码中提取了 409 个检测框
2026-07-25 16:13:28 [INFO] 计算出的车框矩形边界: (865, 637) to (3102, 1624)
2026-07-25 16:13:28 [INFO] 原始检测数: 409, 过滤后检测数: 207
2026-07-25 16:13:29 [INFO] 保存分割和检测结果到: C:\code\show\Scrap_Steel_In_Field\photos\segmentation\segment_20260725_161328.jpg
2026-07-25 16:13:29 [INFO] JSON结果保存到: C:\code\show\Scrap_Steel_In_Field\photos\segmentation_result.json
2026-07-25 16:13:29 [INFO] 类别统计：{0: 23, 1: 53, 2: 21, 3: 3, 4: 27, 5: 21, 6: 24, 7: 17, 8: 57, 9: 47, 10: 28, 11: 12, 12: 16, 13: 49, 14: 0, 15: 11}
2026-07-25 16:13:29 [INFO] 面积统计：{0: 3662532.0, 1: 600264.0, 2: 56952.0, 3: 182628.0, 4: 149256.0, 5: 27828.0, 6: 534708.0, 7: 35568.0, 8: 838548.0, 9: 128448.0, 10: 168336.0, 11: 273816.0, 12: 78912.0, 13: 788328.0, 15: 66132.0}
2026-07-25 16:13:29 [INFO] 分割成功
2026-07-25 16:13:29 [INFO] 引擎上下文已释放
2026-07-25 16:13:29 [INFO] TensorRT 引擎已释放
2026-07-25 16:13:29 [INFO] 全局 CUDA 资源已释放
2026-07-25 16:13:29 [INFO] 分割系统资源已释放
2026-07-25 16:13:32 [INFO] CUDA 初始化成功
2026-07-25 16:13:32 [INFO] 引擎加载成功: scrap_steel.engine
2026-07-25 16:13:32 [INFO] 分割系统初始化成功
2026-07-25 16:13:32 [INFO] 图像预处理完成，原始尺寸: (2160, 3840)
2026-07-25 16:13:32 [INFO] 开始执行分割...
2026-07-25 16:13:32 [DEBUG] 处理后的检测结果形状: (1, 8400, 6)
2026-07-25 16:13:32 [DEBUG] 示例检测结果: [[-3.92148972e+00 -3.17066669e+00  3.86101189e+01  1.49786882e+01
   4.25522977e-08  5.00000000e+00]
 [-6.15048981e+00 -2.96096420e+00  4.41761169e+01  2.92839622e+01
   9.63209246e-09  9.00000000e+00]
 [-3.54143524e+00 -3.52038956e+00  4.56137238e+01  3.01935272e+01
   4.23362323e-09  9.00000000e+00]]
2026-07-25 16:13:32 [DEBUG] 处理后检测输出形状: (0, 52)
2026-07-25 16:13:32 [DEBUG] 有效检测数量: 0
2026-07-25 16:13:32 [DEBUG] 检测输出为空
2026-07-25 16:13:32 [INFO] 掩码中检测到的类别: [0, 1, 2, 3, 4, 5, 6, 7, 8, 9, 10, 11, 12, 13, 15]
2026-07-25 16:13:32 [INFO] 分割完成，检测到 0 个物体
2026-07-25 16:13:32 [INFO] 从分割掩码中提取检测结果
2026-07-25 16:13:33 [INFO] 从掩码中提取了 371 个检测框
2026-07-25 16:13:33 [INFO] 计算出的车框矩形边界: (863, 637) to (3102, 1624)
2026-07-25 16:13:33 [INFO] 原始检测数: 371, 过滤后检测数: 191
2026-07-25 16:13:34 [INFO] 保存分割和检测结果到: C:\code\show\Scrap_Steel_In_Field\photos\segmentation\segment_20260725_161333.jpg
2026-07-25 16:13:34 [INFO] JSON结果保存到: C:\code\show\Scrap_Steel_In_Field\photos\segmentation_result.json
2026-07-25 16:13:34 [INFO] 类别统计：{0: 14, 1: 43, 2: 21, 3: 3, 4: 25, 5: 23, 6: 21, 7: 17, 8: 45, 9: 46, 10: 27, 11: 11, 12: 13, 13: 52, 14: 0, 15: 10}
2026-07-25 16:13:34 [INFO] 面积统计：{0: 3690720.0, 1: 594468.0, 2: 56196.0, 3: 180720.0, 4: 132732.0, 5: 26388.0, 6: 549756.0, 7: 37332.0, 8: 884088.0, 9: 105084.0, 10: 162936.0, 11: 268092.0, 12: 66636.0, 13: 778212.0, 15: 66996.0}
2026-07-25 16:13:34 [INFO] 分割成功
2026-07-25 16:13:34 [INFO] 引擎上下文已释放
2026-07-25 16:13:34 [INFO] TensorRT 引擎已释放
2026-07-25 16:13:34 [INFO] 全局 CUDA 资源已释放
2026-07-25 16:13:34 [INFO] 分割系统资源已释放
2026-07-25 16:13:38 [INFO] CUDA 初始化成功
2026-07-25 16:13:38 [INFO] 引擎加载成功: scrap_steel.engine
2026-07-25 16:13:38 [INFO] 分割系统初始化成功
2026-07-25 16:13:38 [INFO] 图像预处理完成，原始尺寸: (2160, 3840)
2026-07-25 16:13:38 [INFO] 开始执行分割...
2026-07-25 16:13:38 [DEBUG] 处理后的检测结果形状: (1, 8400, 6)
2026-07-25 16:13:38 [DEBUG] 示例检测结果: [[-3.92475891e+00 -3.17545128e+00  3.86091690e+01  1.50185413e+01
   4.10676293e-08  5.00000000e+00]
 [-6.09448624e+00 -2.96579075e+00  4.41522865e+01  2.92692490e+01
   9.42551104e-09  9.00000000e+00]
 [-3.52269363e+00 -3.51367855e+00  4.56379814e+01  3.01275024e+01
   4.15120738e-09  9.00000000e+00]]
2026-07-25 16:13:38 [DEBUG] 处理后检测输出形状: (0, 52)
2026-07-25 16:13:38 [DEBUG] 有效检测数量: 0
2026-07-25 16:13:38 [DEBUG] 检测输出为空
2026-07-25 16:13:38 [INFO] 掩码中检测到的类别: [0, 1, 2, 3, 4, 5, 6, 7, 8, 9, 10, 11, 12, 13, 15]
2026-07-25 16:13:38 [INFO] 分割完成，检测到 0 个物体
2026-07-25 16:13:38 [INFO] 从分割掩码中提取检测结果
2026-07-25 16:13:38 [INFO] 从掩码中提取了 392 个检测框
2026-07-25 16:13:38 [INFO] 计算出的车框矩形边界: (865, 636) to (3101, 1625)
2026-07-25 16:13:38 [INFO] 原始检测数: 392, 过滤后检测数: 202
2026-07-25 16:13:39 [INFO] 保存分割和检测结果到: C:\code\show\Scrap_Steel_In_Field\photos\segmentation\segment_20260725_161338.jpg
2026-07-25 16:13:39 [INFO] JSON结果保存到: C:\code\show\Scrap_Steel_In_Field\photos\segmentation_result.json
2026-07-25 16:13:39 [INFO] 类别统计：{0: 12, 1: 43, 2: 20, 3: 5, 4: 27, 5: 22, 6: 28, 7: 22, 8: 45, 9: 46, 10: 27, 11: 15, 12: 13, 13: 56, 14: 0, 15: 11}
2026-07-25 16:13:39 [INFO] 面积统计：{0: 3573396.0, 1: 622044.0, 2: 56196.0, 3: 188028.0, 4: 145800.0, 5: 31392.0, 6: 557892.0, 7: 40068.0, 8: 892620.0, 9: 121752.0, 10: 169164.0, 11: 264636.0, 12: 76968.0, 13: 768852.0, 15: 71748.0}
2026-07-25 16:13:39 [INFO] 分割成功
2026-07-25 16:13:39 [INFO] 引擎上下文已释放
2026-07-25 16:13:39 [INFO] TensorRT 引擎已释放
2026-07-25 16:13:39 [INFO] 全局 CUDA 资源已释放
2026-07-25 16:13:39 [INFO] 分割系统资源已释放
2026-07-25 16:13:43 [INFO] CUDA 初始化成功
2026-07-25 16:13:43 [INFO] 引擎加载成功: scrap_steel.engine
2026-07-25 16:13:43 [INFO] 分割系统初始化成功
2026-07-25 16:13:43 [INFO] 图像预处理完成，原始尺寸: (2160, 3840)
2026-07-25 16:13:43 [INFO] 开始执行分割...
2026-07-25 16:13:43 [DEBUG] 处理后的检测结果形状: (1, 8400, 6)
2026-07-25 16:13:43 [DEBUG] 示例检测结果: [[-3.91749191e+00 -3.16881752e+00  3.86878662e+01  1.49295387e+01
   4.26986517e-08  5.00000000e+00]
 [-6.05421829e+00 -2.90270329e+00  4.42942924e+01  2.92892494e+01
   9.74463177e-09  9.00000000e+00]
 [-3.49100113e+00 -3.43899822e+00  4.56963615e+01  3.02062836e+01
   4.38183001e-09  9.00000000e+00]]
2026-07-25 16:13:43 [DEBUG] 处理后检测输出形状: (0, 52)
2026-07-25 16:13:43 [DEBUG] 有效检测数量: 0
2026-07-25 16:13:43 [DEBUG] 检测输出为空
2026-07-25 16:13:43 [INFO] 掩码中检测到的类别: [0, 1, 2, 3, 4, 5, 6, 7, 8, 9, 10, 11, 12, 13, 15]
2026-07-25 16:13:43 [INFO] 分割完成，检测到 0 个物体
2026-07-25 16:13:43 [INFO] 从分割掩码中提取检测结果
2026-07-25 16:13:43 [INFO] 从掩码中提取了 421 个检测框
2026-07-25 16:13:43 [INFO] 计算出的车框矩形边界: (863, 637) to (3102, 1624)
2026-07-25 16:13:43 [INFO] 原始检测数: 421, 过滤后检测数: 221
2026-07-25 16:13:44 [INFO] 保存分割和检测结果到: C:\code\show\Scrap_Steel_In_Field\photos\segmentation\segment_20260725_161343.jpg
2026-07-25 16:13:44 [INFO] JSON结果保存到: C:\code\show\Scrap_Steel_In_Field\photos\segmentation_result.json
2026-07-25 16:13:44 [INFO] 类别统计：{0: 17, 1: 50, 2: 25, 3: 3, 4: 27, 5: 26, 6: 27, 7: 21, 8: 45, 9: 55, 10: 36, 11: 10, 12: 13, 13: 53, 14: 0, 15: 13}
2026-07-25 16:13:44 [INFO] 面积统计：{0: 3642624.0, 1: 576324.0, 2: 60048.0, 3: 182376.0, 4: 145332.0, 5: 29556.0, 6: 523800.0, 7: 44244.0, 8: 833616.0, 9: 129816.0, 10: 155232.0, 11: 263052.0, 12: 102204.0, 13: 789912.0, 15: 74448.0}
2026-07-25 16:13:44 [INFO] 分割成功
2026-07-25 16:13:44 [INFO] 引擎上下文已释放
2026-07-25 16:13:44 [INFO] TensorRT 引擎已释放
2026-07-25 16:13:44 [INFO] 全局 CUDA 资源已释放
2026-07-25 16:13:44 [INFO] 分割系统资源已释放
2026-07-25 16:13:48 [INFO] CUDA 初始化成功
2026-07-25 16:13:48 [INFO] 引擎加载成功: scrap_steel.engine
2026-07-25 16:13:48 [INFO] 分割系统初始化成功
2026-07-25 16:13:48 [INFO] 图像预处理完成，原始尺寸: (2160, 3840)
2026-07-25 16:13:48 [INFO] 开始执行分割...
2026-07-25 16:13:48 [DEBUG] 处理后的检测结果形状: (1, 8400, 6)
2026-07-25 16:13:48 [DEBUG] 示例检测结果: [[-3.91591263e+00 -3.18963146e+00  3.87888336e+01  1.50977182e+01
   4.33965504e-08  5.00000000e+00]
 [-6.10932541e+00 -2.92524719e+00  4.43348808e+01  2.94269638e+01
   9.81764003e-09  9.00000000e+00]
 [-3.51472855e+00 -3.46391678e+00  4.57019196e+01  3.02897186e+01
   4.34804548e-09  9.00000000e+00]]
2026-07-25 16:13:48 [DEBUG] 处理后检测输出形状: (0, 52)
2026-07-25 16:13:48 [DEBUG] 有效检测数量: 0
2026-07-25 16:13:48 [DEBUG] 检测输出为空
2026-07-25 16:13:48 [INFO] 掩码中检测到的类别: [0, 1, 2, 3, 4, 5, 6, 7, 8, 9, 10, 11, 12, 13, 15]
2026-07-25 16:13:48 [INFO] 分割完成，检测到 0 个物体
2026-07-25 16:13:48 [INFO] 从分割掩码中提取检测结果
2026-07-25 16:13:49 [INFO] 从掩码中提取了 415 个检测框
2026-07-25 16:13:49 [INFO] 计算出的车框矩形边界: (865, 637) to (3102, 1624)
2026-07-25 16:13:49 [INFO] 原始检测数: 415, 过滤后检测数: 211
2026-07-25 16:13:50 [INFO] 保存分割和检测结果到: C:\code\show\Scrap_Steel_In_Field\photos\segmentation\segment_20260725_161349.jpg
2026-07-25 16:13:50 [INFO] JSON结果保存到: C:\code\show\Scrap_Steel_In_Field\photos\segmentation_result.json
2026-07-25 16:13:50 [INFO] 类别统计：{0: 21, 1: 51, 2: 22, 3: 3, 4: 32, 5: 26, 6: 21, 7: 22, 8: 49, 9: 49, 10: 32, 11: 15, 12: 13, 13: 49, 14: 0, 15: 10}
2026-07-25 16:13:50 [INFO] 面积统计：{0: 3708288.0, 1: 603684.0, 2: 54720.0, 3: 182700.0, 4: 128988.0, 5: 30600.0, 6: 524520.0, 7: 49608.0, 8: 851760.0, 9: 115776.0, 10: 160596.0, 11: 264348.0, 12: 77580.0, 13: 786276.0, 15: 69876.0}
2026-07-25 16:13:50 [INFO] 分割成功
2026-07-25 16:13:50 [INFO] 引擎上下文已释放
2026-07-25 16:13:50 [INFO] TensorRT 引擎已释放
2026-07-25 16:13:50 [INFO] 全局 CUDA 资源已释放
2026-07-25 16:13:50 [INFO] 分割系统资源已释放
2026-07-25 16:13:54 [INFO] CUDA 初始化成功
2026-07-25 16:13:54 [INFO] 引擎加载成功: scrap_steel.engine
2026-07-25 16:13:54 [INFO] 分割系统初始化成功
2026-07-25 16:13:54 [INFO] 图像预处理完成，原始尺寸: (2160, 3840)
2026-07-25 16:13:54 [INFO] 开始执行分割...
2026-07-25 16:13:54 [DEBUG] 处理后的检测结果形状: (1, 8400, 6)
2026-07-25 16:13:54 [DEBUG] 示例检测结果: [[-3.92098618e+00 -3.14590025e+00  3.86751823e+01  1.49386749e+01
   4.33786340e-08  5.00000000e+00]
 [-6.09496307e+00 -2.90297985e+00  4.42883301e+01  2.92655640e+01
   9.85821913e-09  9.00000000e+00]
 [-3.52435684e+00 -3.43921471e+00  4.56778755e+01  3.02273045e+01
   4.41655956e-09  9.00000000e+00]]
2026-07-25 16:13:54 [DEBUG] 处理后检测输出形状: (0, 52)
2026-07-25 16:13:54 [DEBUG] 有效检测数量: 0
2026-07-25 16:13:54 [DEBUG] 检测输出为空
2026-07-25 16:13:54 [INFO] 掩码中检测到的类别: [0, 1, 2, 3, 4, 5, 6, 7, 8, 9, 10, 11, 12, 13, 15]
2026-07-25 16:13:54 [INFO] 分割完成，检测到 0 个物体
2026-07-25 16:13:54 [INFO] 从分割掩码中提取检测结果
2026-07-25 16:13:54 [INFO] 从掩码中提取了 394 个检测框
2026-07-25 16:13:54 [INFO] 计算出的车框矩形边界: (865, 637) to (3102, 1624)
2026-07-25 16:13:54 [INFO] 原始检测数: 394, 过滤后检测数: 203
2026-07-25 16:13:55 [INFO] 保存分割和检测结果到: C:\code\show\Scrap_Steel_In_Field\photos\segmentation\segment_20260725_161354.jpg
2026-07-25 16:13:55 [INFO] JSON结果保存到: C:\code\show\Scrap_Steel_In_Field\photos\segmentation_result.json
2026-07-25 16:13:55 [INFO] 类别统计：{0: 8, 1: 43, 2: 21, 3: 3, 4: 26, 5: 23, 6: 24, 7: 19, 8: 53, 9: 52, 10: 26, 11: 13, 12: 16, 13: 56, 14: 0, 15: 11}
2026-07-25 16:13:55 [INFO] 面积统计：{0: 3804660.0, 1: 585540.0, 2: 56916.0, 3: 187272.0, 4: 132444.0, 5: 32544.0, 6: 517284.0, 7: 46080.0, 8: 830772.0, 9: 113544.0, 10: 155916.0, 11: 263952.0, 12: 74448.0, 13: 778356.0, 15: 67572.0}
2026-07-25 16:13:55 [INFO] 分割成功
2026-07-25 16:13:55 [INFO] 引擎上下文已释放
2026-07-25 16:13:55 [INFO] TensorRT 引擎已释放
2026-07-25 16:13:55 [INFO] 全局 CUDA 资源已释放
2026-07-25 16:13:55 [INFO] 分割系统资源已释放
2026-07-25 16:13:59 [INFO] CUDA 初始化成功
2026-07-25 16:13:59 [INFO] 引擎加载成功: scrap_steel.engine
2026-07-25 16:13:59 [INFO] 分割系统初始化成功
2026-07-25 16:13:59 [INFO] 图像预处理完成，原始尺寸: (2160, 3840)
2026-07-25 16:13:59 [INFO] 开始执行分割...
2026-07-25 16:13:59 [DEBUG] 处理后的检测结果形状: (1, 8400, 6)
2026-07-25 16:13:59 [DEBUG] 示例检测结果: [[-3.94473648e+00 -3.18987179e+00  3.87557220e+01  1.50479937e+01
   4.40820713e-08  5.00000000e+00]
 [-6.10794830e+00 -2.92819405e+00  4.43785019e+01  2.93876858e+01
   1.00444666e-08  9.00000000e+00]
 [-3.48272324e+00 -3.43865681e+00  4.56838913e+01  3.02748146e+01
   4.38073755e-09  9.00000000e+00]]
2026-07-25 16:13:59 [DEBUG] 处理后检测输出形状: (0, 52)
2026-07-25 16:13:59 [DEBUG] 有效检测数量: 0
2026-07-25 16:13:59 [DEBUG] 检测输出为空
2026-07-25 16:13:59 [INFO] 掩码中检测到的类别: [0, 1, 2, 3, 4, 5, 6, 7, 8, 9, 10, 11, 12, 13, 15]
2026-07-25 16:13:59 [INFO] 分割完成，检测到 0 个物体
2026-07-25 16:13:59 [INFO] 从分割掩码中提取检测结果
2026-07-25 16:13:59 [INFO] 从掩码中提取了 398 个检测框
2026-07-25 16:13:59 [INFO] 计算出的车框矩形边界: (865, 636) to (3101, 1624)
2026-07-25 16:13:59 [INFO] 原始检测数: 398, 过滤后检测数: 203
2026-07-25 16:14:00 [INFO] 保存分割和检测结果到: C:\code\show\Scrap_Steel_In_Field\photos\segmentation\segment_20260725_161359.jpg
2026-07-25 16:14:00 [INFO] JSON结果保存到: C:\code\show\Scrap_Steel_In_Field\photos\segmentation_result.json
2026-07-25 16:14:00 [INFO] 类别统计：{0: 19, 1: 47, 2: 22, 3: 3, 4: 30, 5: 22, 6: 25, 7: 20, 8: 45, 9: 47, 10: 25, 11: 12, 12: 17, 13: 52, 14: 0, 15: 12}
2026-07-25 16:14:00 [INFO] 面积统计：{0: 3612996.0, 1: 589860.0, 2: 58392.0, 3: 182664.0, 4: 151560.0, 5: 27612.0, 6: 530388.0, 7: 48564.0, 8: 879120.0, 9: 114696.0, 10: 155232.0, 11: 282888.0, 12: 72504.0, 13: 792396.0, 15: 73188.0}
2026-07-25 16:14:00 [INFO] 分割成功
2026-07-25 16:14:00 [INFO] 引擎上下文已释放
2026-07-25 16:14:00 [INFO] TensorRT 引擎已释放
2026-07-25 16:14:00 [INFO] 全局 CUDA 资源已释放
2026-07-25 16:14:00 [INFO] 分割系统资源已释放
2026-07-25 16:14:04 [INFO] CUDA 初始化成功
2026-07-25 16:14:04 [INFO] 引擎加载成功: scrap_steel.engine
2026-07-25 16:14:04 [INFO] 分割系统初始化成功
2026-07-25 16:14:04 [INFO] 图像预处理完成，原始尺寸: (2160, 3840)
2026-07-25 16:14:04 [INFO] 开始执行分割...
2026-07-25 16:14:04 [DEBUG] 处理后的检测结果形状: (1, 8400, 6)
2026-07-25 16:14:04 [DEBUG] 示例检测结果: [[-4.19423676e+00 -3.35334349e+00  4.06207962e+01  1.58037567e+01
   4.63437146e-08  5.00000000e+00]
 [-6.33514404e+00 -3.01802635e+00  4.51076279e+01  3.07438412e+01
   9.67392833e-09  9.00000000e+00]
 [-3.37351990e+00 -3.41112232e+00  4.59640121e+01  3.10287552e+01
   4.56250504e-09  9.00000000e+00]]
2026-07-25 16:14:04 [DEBUG] 处理后检测输出形状: (0, 52)
2026-07-25 16:14:04 [DEBUG] 有效检测数量: 0
2026-07-25 16:14:04 [DEBUG] 检测输出为空
2026-07-25 16:14:04 [INFO] 掩码中检测到的类别: [0, 1, 2, 3, 4, 5, 6, 7, 8, 9, 10, 11, 12, 13, 15]
2026-07-25 16:14:04 [INFO] 分割完成，检测到 0 个物体
2026-07-25 16:14:04 [INFO] 从分割掩码中提取检测结果
2026-07-25 16:14:05 [INFO] 从掩码中提取了 414 个检测框
2026-07-25 16:14:05 [ERROR] 保存结果失败: 'NoneType' object has no attribute 'astype'
2026-07-25 16:14:05 [INFO] 分割成功
2026-07-25 16:14:05 [INFO] 引擎上下文已释放
2026-07-25 16:14:05 [INFO] TensorRT 引擎已释放
2026-07-25 16:14:05 [INFO] 全局 CUDA 资源已释放
2026-07-25 16:14:05 [INFO] 分割系统资源已释放
2026-07-25 16:14:10 [INFO] CUDA 初始化成功
2026-07-25 16:14:10 [INFO] 引擎加载成功: scrap_steel.engine
2026-07-25 16:14:10 [INFO] 分割系统初始化成功
2026-07-25 16:14:10 [INFO] 图像预处理完成，原始尺寸: (2160, 3840)
2026-07-25 16:14:10 [INFO] 开始执行分割...
2026-07-25 16:14:10 [DEBUG] 处理后的检测结果形状: (1, 8400, 6)
2026-07-25 16:14:10 [DEBUG] 示例检测结果: [[-4.13825989e+00 -3.33124304e+00  3.89231415e+01  1.54671345e+01
   4.07495442e-08  5.00000000e+00]
 [-6.34564972e+00 -3.08337212e+00  4.41436653e+01  2.96129131e+01
   9.50076462e-09  9.00000000e+00]
 [-3.57114029e+00 -3.66026497e+00  4.57373276e+01  3.03036709e+01
   4.18453361e-09  9.00000000e+00]]
2026-07-25 16:14:10 [DEBUG] 处理后检测输出形状: (0, 52)
2026-07-25 16:14:10 [DEBUG] 有效检测数量: 0
2026-07-25 16:14:10 [DEBUG] 检测输出为空
2026-07-25 16:14:10 [INFO] 掩码中检测到的类别: [0, 1, 2, 3, 4, 5, 6, 7, 8, 9, 10, 11, 12, 13, 15]
2026-07-25 16:14:10 [INFO] 分割完成，检测到 0 个物体
2026-07-25 16:14:10 [INFO] 从分割掩码中提取检测结果
2026-07-25 16:14:10 [INFO] 从掩码中提取了 374 个检测框
2026-07-25 16:14:10 [ERROR] 保存结果失败: 'NoneType' object has no attribute 'astype'
2026-07-25 16:14:10 [INFO] 分割成功
2026-07-25 16:14:10 [INFO] 引擎上下文已释放
2026-07-25 16:14:10 [INFO] TensorRT 引擎已释放
2026-07-25 16:14:10 [INFO] 全局 CUDA 资源已释放
2026-07-25 16:14:10 [INFO] 分割系统资源已释放
2026-07-25 16:14:15 [INFO] CUDA 初始化成功
2026-07-25 16:14:15 [INFO] 引擎加载成功: scrap_steel.engine
2026-07-25 16:14:15 [INFO] 分割系统初始化成功
2026-07-25 16:14:15 [INFO] 图像预处理完成，原始尺寸: (2160, 3840)
2026-07-25 16:14:15 [INFO] 开始执行分割...
2026-07-25 16:14:15 [DEBUG] 处理后的检测结果形状: (1, 8400, 6)
2026-07-25 16:14:15 [DEBUG] 示例检测结果: [[-3.94578934e+00 -3.19151831e+00  3.89323997e+01  1.51537151e+01
   4.33969625e-08  5.00000000e+00]
 [-6.20182800e+00 -2.95529652e+00  4.45295105e+01  2.96413879e+01
   1.00839799e-08  9.00000000e+00]
 [-3.52843857e+00 -3.46490669e+00  4.57936134e+01  3.03734646e+01
   4.44772219e-09  9.00000000e+00]]
2026-07-25 16:14:15 [DEBUG] 处理后检测输出形状: (0, 52)
2026-07-25 16:14:15 [DEBUG] 有效检测数量: 0
2026-07-25 16:14:15 [DEBUG] 检测输出为空
2026-07-25 16:14:15 [INFO] 掩码中检测到的类别: [0, 1, 2, 3, 4, 5, 6, 7, 8, 9, 10, 11, 12, 13, 15]
2026-07-25 16:14:15 [INFO] 分割完成，检测到 0 个物体
2026-07-25 16:14:15 [INFO] 从分割掩码中提取检测结果
2026-07-25 16:14:15 [INFO] 从掩码中提取了 393 个检测框
2026-07-25 16:14:15 [INFO] 计算出的车框矩形边界: (865, 637) to (3102, 1635)
2026-07-25 16:14:15 [INFO] 原始检测数: 393, 过滤后检测数: 205
2026-07-25 16:14:16 [INFO] 保存分割和检测结果到: C:\code\show\Scrap_Steel_In_Field\photos\segmentation\segment_20260725_161415.jpg
2026-07-25 16:14:16 [INFO] JSON结果保存到: C:\code\show\Scrap_Steel_In_Field\photos\segmentation_result.json
2026-07-25 16:14:16 [INFO] 类别统计：{0: 9, 1: 48, 2: 22, 3: 3, 4: 26, 5: 22, 6: 25, 7: 15, 8: 52, 9: 48, 10: 28, 11: 12, 12: 13, 13: 61, 14: 0, 15: 9}
2026-07-25 16:14:16 [INFO] 面积统计：{0: 3649104.0, 1: 598932.0, 2: 57348.0, 3: 178776.0, 4: 125928.0, 5: 30672.0, 6: 575352.0, 7: 46332.0, 8: 799956.0, 9: 109260.0, 10: 166392.0, 11: 270324.0, 12: 64548.0, 13: 809712.0, 15: 71964.0}
2026-07-25 16:14:16 [INFO] 分割成功
2026-07-25 16:14:16 [INFO] 引擎上下文已释放
2026-07-25 16:14:16 [INFO] TensorRT 引擎已释放
2026-07-25 16:14:16 [INFO] 全局 CUDA 资源已释放
2026-07-25 16:14:16 [INFO] 分割系统资源已释放
2026-07-25 16:14:20 [INFO] CUDA 初始化成功
2026-07-25 16:14:20 [INFO] 引擎加载成功: scrap_steel.engine
2026-07-25 16:14:20 [INFO] 分割系统初始化成功
2026-07-25 16:14:20 [INFO] 图像预处理完成，原始尺寸: (2160, 3840)
2026-07-25 16:14:20 [INFO] 开始执行分割...
2026-07-25 16:14:20 [DEBUG] 处理后的检测结果形状: (1, 8400, 6)
2026-07-25 16:14:20 [DEBUG] 示例检测结果: [[-3.88385773e+00 -3.14360714e+00  3.87698936e+01  1.49434538e+01
   4.35715144e-08  5.00000000e+00]
 [-6.09224319e+00 -2.86849499e+00  4.43861961e+01  2.93042145e+01
   1.00871631e-08  9.00000000e+00]
 [-3.51763535e+00 -3.40873909e+00  4.57333260e+01  3.02690144e+01
   4.50047999e-09  9.00000000e+00]]
2026-07-25 16:14:20 [DEBUG] 处理后检测输出形状: (0, 52)
2026-07-25 16:14:20 [DEBUG] 有效检测数量: 0
2026-07-25 16:14:20 [DEBUG] 检测输出为空
2026-07-25 16:14:20 [INFO] 掩码中检测到的类别: [0, 1, 2, 3, 4, 5, 6, 7, 8, 9, 10, 11, 12, 13, 15]
2026-07-25 16:14:20 [INFO] 分割完成，检测到 0 个物体
2026-07-25 16:14:20 [INFO] 从分割掩码中提取检测结果
2026-07-25 16:14:20 [INFO] 从掩码中提取了 453 个检测框
2026-07-25 16:14:20 [INFO] 计算出的车框矩形边界: (865, 637) to (3102, 1637)
2026-07-25 16:14:20 [INFO] 原始检测数: 453, 过滤后检测数: 198
2026-07-25 16:14:21 [INFO] 保存分割和检测结果到: C:\code\show\Scrap_Steel_In_Field\photos\segmentation\segment_20260725_161420.jpg
2026-07-25 16:14:21 [INFO] JSON结果保存到: C:\code\show\Scrap_Steel_In_Field\photos\segmentation_result.json
2026-07-25 16:14:21 [INFO] 类别统计：{0: 31, 1: 46, 2: 27, 3: 8, 4: 33, 5: 31, 6: 24, 7: 21, 8: 54, 9: 52, 10: 27, 11: 16, 12: 14, 13: 55, 14: 0, 15: 14}
2026-07-25 16:14:21 [INFO] 面积统计：{0: 3862080.0, 1: 852516.0, 2: 64368.0, 3: 190080.0, 4: 139860.0, 5: 55152.0, 6: 401688.0, 7: 50832.0, 8: 853524.0, 9: 200412.0, 10: 135324.0, 11: 284832.0, 12: 97344.0, 13: 793764.0, 15: 92124.0}
2026-07-25 16:14:21 [INFO] 分割成功
2026-07-25 16:14:21 [INFO] 引擎上下文已释放
2026-07-25 16:14:21 [INFO] TensorRT 引擎已释放
2026-07-25 16:14:22 [INFO] 全局 CUDA 资源已释放
2026-07-25 16:14:22 [INFO] 分割系统资源已释放
2026-07-25 16:14:26 [INFO] CUDA 初始化成功
2026-07-25 16:14:26 [INFO] 引擎加载成功: scrap_steel.engine
2026-07-25 16:14:26 [INFO] 分割系统初始化成功
2026-07-25 16:14:26 [INFO] 图像预处理完成，原始尺寸: (2160, 3840)
2026-07-25 16:14:26 [INFO] 开始执行分割...
2026-07-25 16:14:26 [DEBUG] 处理后的检测结果形状: (1, 8400, 6)
2026-07-25 16:14:26 [DEBUG] 示例检测结果: [[-3.91788101e+00 -3.23872089e+00  3.88777771e+01  1.54920835e+01
   4.40820713e-08  5.00000000e+00]
 [-6.14894867e+00 -2.96855164e+00  4.43708954e+01  2.98220901e+01
   9.93347271e-09  9.00000000e+00]
 [-3.54222107e+00 -3.54207230e+00  4.57275009e+01  3.05385971e+01
   4.41477610e-09  9.00000000e+00]]
2026-07-25 16:14:26 [DEBUG] 处理后检测输出形状: (0, 52)
2026-07-25 16:14:26 [DEBUG] 有效检测数量: 0
2026-07-25 16:14:26 [DEBUG] 检测输出为空
2026-07-25 16:14:26 [INFO] 掩码中检测到的类别: [0, 1, 2, 3, 4, 5, 6, 7, 8, 9, 10, 11, 12, 13, 15]
2026-07-25 16:14:26 [INFO] 分割完成，检测到 0 个物体
2026-07-25 16:14:26 [INFO] 从分割掩码中提取检测结果
2026-07-25 16:14:26 [INFO] 从掩码中提取了 471 个检测框
2026-07-25 16:14:26 [ERROR] 保存结果失败: 'NoneType' object has no attribute 'astype'
2026-07-25 16:14:26 [INFO] 分割成功
2026-07-25 16:14:26 [INFO] 引擎上下文已释放
2026-07-25 16:14:26 [INFO] TensorRT 引擎已释放
2026-07-25 16:14:26 [INFO] 全局 CUDA 资源已释放
2026-07-25 16:14:26 [INFO] 分割系统资源已释放
2026-07-25 16:14:31 [INFO] CUDA 初始化成功
2026-07-25 16:14:31 [INFO] 引擎加载成功: scrap_steel.engine
2026-07-25 16:14:31 [INFO] 分割系统初始化成功
2026-07-25 16:14:31 [INFO] 图像预处理完成，原始尺寸: (2160, 3840)
2026-07-25 16:14:31 [INFO] 开始执行分割...
2026-07-25 16:14:31 [DEBUG] 处理后的检测结果形状: (1, 8400, 6)
2026-07-25 16:14:31 [DEBUG] 示例检测结果: [[-3.94636154e+00 -3.25021887e+00  3.89558372e+01  1.54863834e+01
   4.51518680e-08  5.00000000e+00]
 [-6.17378235e+00 -2.97918606e+00  4.43140717e+01  2.99001541e+01
   1.01496092e-08  9.00000000e+00]
 [-3.54296112e+00 -3.55529213e+00  4.57205505e+01  3.05825367e+01
   4.40732251e-09  9.00000000e+00]]
2026-07-25 16:14:31 [DEBUG] 处理后检测输出形状: (0, 52)
2026-07-25 16:14:31 [DEBUG] 有效检测数量: 0
2026-07-25 16:14:31 [DEBUG] 检测输出为空
2026-07-25 16:14:31 [INFO] 掩码中检测到的类别: [0, 1, 2, 3, 4, 5, 6, 7, 8, 9, 10, 11, 12, 13, 15]
2026-07-25 16:14:31 [INFO] 分割完成，检测到 0 个物体
2026-07-25 16:14:31 [INFO] 从分割掩码中提取检测结果
2026-07-25 16:14:31 [INFO] 从掩码中提取了 428 个检测框
2026-07-25 16:14:31 [ERROR] 保存结果失败: 'NoneType' object has no attribute 'astype'
2026-07-25 16:14:31 [INFO] 分割成功
2026-07-25 16:14:31 [INFO] 引擎上下文已释放
2026-07-25 16:14:31 [INFO] TensorRT 引擎已释放
2026-07-25 16:14:31 [INFO] 全局 CUDA 资源已释放
2026-07-25 16:14:31 [INFO] 分割系统资源已释放
2026-07-25 16:14:36 [INFO] CUDA 初始化成功
2026-07-25 16:14:36 [INFO] 引擎加载成功: scrap_steel.engine
2026-07-25 16:14:36 [INFO] 分割系统初始化成功
2026-07-25 16:14:36 [INFO] 图像预处理完成，原始尺寸: (2160, 3840)
2026-07-25 16:14:36 [INFO] 开始执行分割...
2026-07-25 16:14:36 [DEBUG] 处理后的检测结果形状: (1, 8400, 6)
2026-07-25 16:14:36 [DEBUG] 示例检测结果: [[-3.90598297e+00 -3.20072365e+00  3.88079910e+01  1.51676731e+01
   4.28707416e-08  5.00000000e+00]
 [-6.06750488e+00 -2.92539215e+00  4.42758522e+01  2.94855194e+01
   9.85963311e-09  9.00000000e+00]
 [-3.49648666e+00 -3.47890568e+00  4.56558800e+01  3.03030205e+01
   4.33241087e-09  9.00000000e+00]]
2026-07-25 16:14:36 [DEBUG] 处理后检测输出形状: (0, 52)
2026-07-25 16:14:36 [DEBUG] 有效检测数量: 0
2026-07-25 16:14:36 [DEBUG] 检测输出为空
2026-07-25 16:14:36 [INFO] 掩码中检测到的类别: [0, 1, 2, 3, 4, 5, 6, 7, 8, 9, 10, 11, 12, 13, 15]
2026-07-25 16:14:36 [INFO] 分割完成，检测到 0 个物体
2026-07-25 16:14:36 [INFO] 从分割掩码中提取检测结果
2026-07-25 16:14:36 [INFO] 从掩码中提取了 463 个检测框
2026-07-25 16:14:36 [INFO] 计算出的车框矩形边界: (864, 639) to (3103, 1637)
2026-07-25 16:14:36 [INFO] 原始检测数: 463, 过滤后检测数: 213
2026-07-25 16:14:38 [INFO] 保存分割和检测结果到: C:\code\show\Scrap_Steel_In_Field\photos\segmentation\segment_20260725_161436.jpg
2026-07-25 16:14:38 [INFO] JSON结果保存到: C:\code\show\Scrap_Steel_In_Field\photos\segmentation_result.json
2026-07-25 16:14:38 [INFO] 类别统计：{0: 20, 1: 49, 2: 26, 3: 6, 4: 29, 5: 34, 6: 25, 7: 27, 8: 60, 9: 44, 10: 25, 11: 16, 12: 14, 13: 66, 14: 0, 15: 22}
2026-07-25 16:14:38 [INFO] 面积统计：{0: 4019364.0, 1: 642132.0, 2: 67428.0, 3: 185688.0, 4: 171360.0, 5: 67068.0, 6: 403776.0, 7: 60624.0, 8: 879588.0, 9: 97992.0, 10: 141588.0, 11: 289476.0, 12: 75636.0, 13: 839880.0, 15: 94176.0}
2026-07-25 16:14:38 [INFO] 分割成功
2026-07-25 16:14:38 [INFO] 引擎上下文已释放
2026-07-25 16:14:38 [INFO] TensorRT 引擎已释放
2026-07-25 16:14:38 [INFO] 全局 CUDA 资源已释放
2026-07-25 16:14:38 [INFO] 分割系统资源已释放
2026-07-25 16:14:41 [INFO] CUDA 初始化成功
2026-07-25 16:14:41 [INFO] 引擎加载成功: scrap_steel.engine
2026-07-25 16:14:41 [INFO] 分割系统初始化成功
2026-07-25 16:14:42 [INFO] 图像预处理完成，原始尺寸: (2160, 3840)
2026-07-25 16:14:42 [INFO] 开始执行分割...
2026-07-25 16:14:42 [DEBUG] 处理后的检测结果形状: (1, 8400, 6)
2026-07-25 16:14:42 [DEBUG] 示例检测结果: [[-3.92478943e+00 -3.19770241e+00  3.86243973e+01  1.51813526e+01
   4.35467271e-08  5.00000000e+00]
 [-6.08939362e+00 -2.94745922e+00  4.40743637e+01  2.94591446e+01
   9.74463177e-09  9.00000000e+00]
 [-3.52469635e+00 -3.51906967e+00  4.55992584e+01  3.02633705e+01
   4.26631530e-09  9.00000000e+00]]
2026-07-25 16:14:42 [DEBUG] 处理后检测输出形状: (0, 52)
2026-07-25 16:14:42 [DEBUG] 有效检测数量: 0
2026-07-25 16:14:42 [DEBUG] 检测输出为空
2026-07-25 16:14:42 [INFO] 掩码中检测到的类别: [0, 1, 2, 3, 4, 5, 6, 7, 8, 9, 10, 11, 12, 13, 15]
2026-07-25 16:14:42 [INFO] 分割完成，检测到 0 个物体
2026-07-25 16:14:42 [INFO] 从分割掩码中提取检测结果
2026-07-25 16:14:42 [INFO] 从掩码中提取了 457 个检测框
2026-07-25 16:14:42 [INFO] 计算出的车框矩形边界: (865, 639) to (3103, 1636)
2026-07-25 16:14:42 [INFO] 原始检测数: 457, 过滤后检测数: 207
2026-07-25 16:14:43 [INFO] 保存分割和检测结果到: C:\code\show\Scrap_Steel_In_Field\photos\segmentation\segment_20260725_161442.jpg
2026-07-25 16:14:43 [INFO] JSON结果保存到: C:\code\show\Scrap_Steel_In_Field\photos\segmentation_result.json
2026-07-25 16:14:43 [INFO] 类别统计：{0: 21, 1: 55, 2: 27, 3: 4, 4: 31, 5: 31, 6: 21, 7: 27, 8: 54, 9: 44, 10: 22, 11: 13, 12: 16, 13: 68, 14: 0, 15: 23}
2026-07-25 16:14:43 [INFO] 面积统计：{0: 3971772.0, 1: 650916.0, 2: 66132.0, 3: 185400.0, 4: 166176.0, 5: 62316.0, 6: 410760.0, 7: 58212.0, 8: 904140.0, 9: 111780.0, 10: 147888.0, 11: 282060.0, 12: 74088.0, 13: 810720.0, 15: 99612.0}
2026-07-25 16:14:43 [INFO] 分割成功
2026-07-25 16:14:43 [INFO] 引擎上下文已释放
2026-07-25 16:14:43 [INFO] TensorRT 引擎已释放
2026-07-25 16:14:43 [INFO] 全局 CUDA 资源已释放
2026-07-25 16:14:43 [INFO] 分割系统资源已释放
2026-07-25 16:14:47 [INFO] CUDA 初始化成功
2026-07-25 16:14:47 [INFO] 引擎加载成功: scrap_steel.engine
2026-07-25 16:14:47 [INFO] 分割系统初始化成功
2026-07-25 16:14:47 [INFO] 图像预处理完成，原始尺寸: (2160, 3840)
2026-07-25 16:14:47 [INFO] 开始执行分割...
2026-07-25 16:14:47 [DEBUG] 处理后的检测结果形状: (1, 8400, 6)
2026-07-25 16:14:47 [DEBUG] 示例检测结果: [[-3.92277527e+00 -3.20692444e+00  3.86908646e+01  1.52213688e+01
   4.33786340e-08  5.00000000e+00]
 [-6.10063171e+00 -2.94549370e+00  4.41442833e+01  2.94874973e+01
   9.70510072e-09  9.00000000e+00]
 [-3.54839706e+00 -3.52894592e+00  4.56388893e+01  3.03806725e+01
   4.26560387e-09  9.00000000e+00]]
2026-07-25 16:14:47 [DEBUG] 处理后检测输出形状: (0, 52)
2026-07-25 16:14:47 [DEBUG] 有效检测数量: 0
2026-07-25 16:14:47 [DEBUG] 检测输出为空
2026-07-25 16:14:47 [INFO] 掩码中检测到的类别: [0, 1, 2, 3, 4, 5, 6, 7, 8, 9, 10, 11, 12, 13, 15]
2026-07-25 16:14:47 [INFO] 分割完成，检测到 0 个物体
2026-07-25 16:14:47 [INFO] 从分割掩码中提取检测结果
2026-07-25 16:14:47 [INFO] 从掩码中提取了 399 个检测框
2026-07-25 16:14:47 [INFO] 计算出的车框矩形边界: (864, 643) to (3102, 1637)
2026-07-25 16:14:47 [INFO] 原始检测数: 399, 过滤后检测数: 198
2026-07-25 16:14:48 [INFO] 保存分割和检测结果到: C:\code\show\Scrap_Steel_In_Field\photos\segmentation\segment_20260725_161447.jpg
2026-07-25 16:14:48 [INFO] JSON结果保存到: C:\code\show\Scrap_Steel_In_Field\photos\segmentation_result.json
2026-07-25 16:14:48 [INFO] 类别统计：{0: 17, 1: 46, 2: 18, 3: 1, 4: 21, 5: 24, 6: 23, 7: 20, 8: 47, 9: 46, 10: 26, 11: 16, 12: 12, 13: 68, 14: 0, 15: 14}
2026-07-25 16:14:48 [INFO] 面积统计：{0: 3885084.0, 1: 493020.0, 2: 51084.0, 3: 176400.0, 4: 138384.0, 5: 39276.0, 6: 526356.0, 7: 47304.0, 8: 859356.0, 9: 91080.0, 10: 151200.0, 11: 243576.0, 12: 71352.0, 13: 812628.0, 15: 71028.0}
2026-07-25 16:14:48 [INFO] 分割成功
2026-07-25 16:14:48 [INFO] 引擎上下文已释放
2026-07-25 16:14:48 [INFO] TensorRT 引擎已释放
2026-07-25 16:14:48 [INFO] 全局 CUDA 资源已释放
2026-07-25 16:14:48 [INFO] 分割系统资源已释放
2026-07-25 16:14:53 [INFO] CUDA 初始化成功
2026-07-25 16:14:53 [INFO] 引擎加载成功: scrap_steel.engine
2026-07-25 16:14:53 [INFO] 分割系统初始化成功
2026-07-25 16:14:53 [INFO] 图像预处理完成，原始尺寸: (2160, 3840)
2026-07-25 16:14:53 [INFO] 开始执行分割...
2026-07-25 16:14:53 [DEBUG] 处理后的检测结果形状: (1, 8400, 6)
2026-07-25 16:14:53 [DEBUG] 示例检测结果: [[-3.93309402e+00 -3.21928310e+00  3.88513794e+01  1.52688818e+01
   4.28707416e-08  5.00000000e+00]
 [-6.12634277e+00 -2.92305470e+00  4.42851334e+01  2.95242462e+01
   9.63101598e-09  9.00000000e+00]
 [-3.51958084e+00 -3.48743725e+00  4.56784554e+01  3.03353004e+01
   4.28242242e-09  9.00000000e+00]]
2026-07-25 16:14:53 [DEBUG] 处理后检测输出形状: (0, 52)
2026-07-25 16:14:53 [DEBUG] 有效检测数量: 0
2026-07-25 16:14:53 [DEBUG] 检测输出为空
2026-07-25 16:14:53 [INFO] 掩码中检测到的类别: [0, 1, 2, 3, 4, 5, 6, 7, 8, 9, 10, 11, 12, 13, 15]
2026-07-25 16:14:53 [INFO] 分割完成，检测到 0 个物体
2026-07-25 16:14:53 [INFO] 从分割掩码中提取检测结果
2026-07-25 16:14:54 [INFO] 从掩码中提取了 379 个检测框
2026-07-25 16:14:54 [INFO] 计算出的车框矩形边界: (864, 642) to (3103, 1637)
2026-07-25 16:14:54 [INFO] 原始检测数: 379, 过滤后检测数: 192
2026-07-25 16:14:54 [INFO] 保存分割和检测结果到: C:\code\show\Scrap_Steel_In_Field\photos\segmentation\segment_20260725_161454.jpg
2026-07-25 16:14:54 [INFO] JSON结果保存到: C:\code\show\Scrap_Steel_In_Field\photos\segmentation_result.json
2026-07-25 16:14:54 [INFO] 类别统计：{0: 12, 1: 45, 2: 18, 3: 1, 4: 21, 5: 28, 6: 21, 7: 24, 8: 47, 9: 38, 10: 26, 11: 10, 12: 15, 13: 62, 14: 0, 15: 11}
2026-07-25 16:14:54 [INFO] 面积统计：{0: 3714120.0, 1: 495108.0, 2: 48420.0, 3: 176220.0, 4: 125784.0, 5: 34560.0, 6: 525600.0, 7: 49068.0, 8: 884520.0, 9: 94932.0, 10: 166284.0, 11: 243684.0, 12: 76248.0, 13: 801288.0, 15: 75492.0}
2026-07-25 16:14:54 [INFO] 分割成功
2026-07-25 16:14:54 [INFO] 引擎上下文已释放
2026-07-25 16:14:54 [INFO] TensorRT 引擎已释放
2026-07-25 16:14:54 [INFO] 全局 CUDA 资源已释放
2026-07-25 16:14:54 [INFO] 分割系统资源已释放
2026-07-25 16:14:58 [INFO] CUDA 初始化成功
2026-07-25 16:14:58 [INFO] 引擎加载成功: scrap_steel.engine
2026-07-25 16:14:58 [INFO] 分割系统初始化成功
2026-07-25 16:14:58 [INFO] 图像预处理完成，原始尺寸: (2160, 3840)
2026-07-25 16:14:58 [INFO] 开始执行分割...
2026-07-25 16:14:58 [DEBUG] 处理后的检测结果形状: (1, 8400, 6)
2026-07-25 16:14:58 [DEBUG] 示例检测结果: [[-3.92327499e+00 -3.20904350e+00  3.85568695e+01  1.51649151e+01
   4.17046770e-08  5.00000000e+00]
 [-6.08857727e+00 -2.94647217e+00  4.39999390e+01  2.92814255e+01
   9.50076462e-09  9.00000000e+00]
 [-3.53236008e+00 -3.52100086e+00  4.56118202e+01  3.01944695e+01
   4.15172607e-09  9.00000000e+00]]
2026-07-25 16:14:58 [DEBUG] 处理后检测输出形状: (0, 52)
2026-07-25 16:14:58 [DEBUG] 有效检测数量: 0
2026-07-25 16:14:58 [DEBUG] 检测输出为空
2026-07-25 16:14:58 [INFO] 掩码中检测到的类别: [0, 1, 2, 3, 4, 5, 6, 7, 8, 9, 10, 11, 12, 13, 15]
2026-07-25 16:14:58 [INFO] 分割完成，检测到 0 个物体
2026-07-25 16:14:58 [INFO] 从分割掩码中提取检测结果
2026-07-25 16:14:58 [INFO] 从掩码中提取了 394 个检测框
2026-07-25 16:14:58 [INFO] 计算出的车框矩形边界: (864, 639) to (3102, 1625)
2026-07-25 16:14:58 [INFO] 原始检测数: 394, 过滤后检测数: 199
2026-07-25 16:14:59 [INFO] 保存分割和检测结果到: C:\code\show\Scrap_Steel_In_Field\photos\segmentation\segment_20260725_161458.jpg
2026-07-25 16:14:59 [INFO] JSON结果保存到: C:\code\show\Scrap_Steel_In_Field\photos\segmentation_result.json
2026-07-25 16:14:59 [INFO] 类别统计：{0: 22, 1: 49, 2: 20, 3: 2, 4: 23, 5: 20, 6: 22, 7: 22, 8: 55, 9: 43, 10: 21, 11: 14, 12: 14, 13: 53, 14: 0, 15: 14}
2026-07-25 16:14:59 [INFO] 面积统计：{0: 3743676.0, 1: 509544.0, 2: 56736.0, 3: 184896.0, 4: 120600.0, 5: 28764.0, 6: 527508.0, 7: 50076.0, 8: 897444.0, 9: 97272.0, 10: 146124.0, 11: 246708.0, 12: 76716.0, 13: 791568.0, 15: 76392.0}
2026-07-25 16:14:59 [INFO] 分割成功
2026-07-25 16:14:59 [INFO] 引擎上下文已释放
2026-07-25 16:14:59 [INFO] TensorRT 引擎已释放
2026-07-25 16:14:59 [INFO] 全局 CUDA 资源已释放
2026-07-25 16:14:59 [INFO] 分割系统资源已释放
2026-07-25 16:15:03 [INFO] CUDA 初始化成功
2026-07-25 16:15:03 [INFO] 引擎加载成功: scrap_steel.engine
2026-07-25 16:15:03 [INFO] 分割系统初始化成功
2026-07-25 16:15:03 [INFO] 图像预处理完成，原始尺寸: (2160, 3840)
2026-07-25 16:15:03 [INFO] 开始执行分割...
2026-07-25 16:15:03 [DEBUG] 处理后的检测结果形状: (1, 8400, 6)
2026-07-25 16:15:03 [DEBUG] 示例检测结果: [[-3.95334625e+00 -3.17543125e+00  3.88019562e+01  1.49390955e+01
   4.33965504e-08  5.00000000e+00]
 [-6.25378036e+00 -2.92472363e+00  4.42439308e+01  2.91754036e+01
   9.85609461e-09  9.00000000e+00]
 [-3.59254837e+00 -3.55670929e+00  4.57382011e+01  3.02854385e+01
   4.33127134e-09  9.00000000e+00]]
2026-07-25 16:15:03 [DEBUG] 处理后检测输出形状: (0, 52)
2026-07-25 16:15:03 [DEBUG] 有效检测数量: 0
2026-07-25 16:15:03 [DEBUG] 检测输出为空
2026-07-25 16:15:03 [INFO] 掩码中检测到的类别: [0, 1, 2, 3, 4, 5, 6, 7, 8, 9, 10, 11, 12, 13, 15]
2026-07-25 16:15:03 [INFO] 分割完成，检测到 0 个物体
2026-07-25 16:15:03 [INFO] 从分割掩码中提取检测结果
2026-07-25 16:15:04 [INFO] 从掩码中提取了 437 个检测框
2026-07-25 16:15:04 [ERROR] 保存结果失败: 'NoneType' object has no attribute 'astype'
2026-07-25 16:15:04 [INFO] 分割成功
2026-07-25 16:15:04 [INFO] 引擎上下文已释放
2026-07-25 16:15:04 [INFO] TensorRT 引擎已释放
2026-07-25 16:15:04 [INFO] 全局 CUDA 资源已释放
2026-07-25 16:15:04 [INFO] 分割系统资源已释放
2026-07-25 16:15:09 [INFO] CUDA 初始化成功
2026-07-25 16:15:09 [INFO] 引擎加载成功: scrap_steel.engine
2026-07-25 16:15:09 [INFO] 分割系统初始化成功
2026-07-25 16:15:09 [INFO] 图像预处理完成，原始尺寸: (2160, 3840)
2026-07-25 16:15:09 [INFO] 开始执行分割...
2026-07-25 16:15:09 [DEBUG] 处理后的检测结果形状: (1, 8400, 6)
2026-07-25 16:15:09 [DEBUG] 示例检测结果: [[-4.03280640e+00 -3.23947430e+00  3.90991974e+01  1.52808752e+01
   4.42750263e-08  5.00000000e+00]
 [-6.36712265e+00 -3.03601933e+00  4.45519142e+01  2.98489265e+01
   1.04192601e-08  9.00000000e+00]
 [-3.56706238e+00 -3.50497627e+00  4.58969078e+01  3.05071354e+01
   4.62892569e-09  9.00000000e+00]]
2026-07-25 16:15:09 [DEBUG] 处理后检测输出形状: (0, 52)
2026-07-25 16:15:09 [DEBUG] 有效检测数量: 0
2026-07-25 16:15:09 [DEBUG] 检测输出为空
2026-07-25 16:15:09 [INFO] 掩码中检测到的类别: [0, 1, 2, 3, 4, 5, 6, 7, 8, 9, 10, 11, 12, 13, 15]
2026-07-25 16:15:09 [INFO] 分割完成，检测到 0 个物体
2026-07-25 16:15:09 [INFO] 从分割掩码中提取检测结果
2026-07-25 16:15:09 [INFO] 从掩码中提取了 385 个检测框
2026-07-25 16:15:09 [INFO] 计算出的车框矩形边界: (863, 637) to (3103, 1625)
2026-07-25 16:15:09 [INFO] 原始检测数: 385, 过滤后检测数: 195
2026-07-25 16:15:10 [INFO] 保存分割和检测结果到: C:\code\show\Scrap_Steel_In_Field\photos\segmentation\segment_20260725_161509.jpg
2026-07-25 16:15:10 [INFO] JSON结果保存到: C:\code\show\Scrap_Steel_In_Field\photos\segmentation_result.json
2026-07-25 16:15:10 [INFO] 类别统计：{0: 10, 1: 57, 2: 19, 3: 3, 4: 26, 5: 16, 6: 24, 7: 13, 8: 46, 9: 32, 10: 27, 11: 8, 12: 11, 13: 79, 14: 0, 15: 14}
2026-07-25 16:15:10 [INFO] 面积统计：{0: 3293244.0, 1: 541332.0, 2: 48636.0, 3: 169884.0, 4: 108000.0, 5: 40932.0, 6: 576972.0, 7: 32328.0, 8: 955512.0, 9: 104256.0, 10: 146664.0, 11: 302616.0, 12: 61488.0, 13: 846036.0, 15: 87048.0}
2026-07-25 16:15:10 [INFO] 分割成功
2026-07-25 16:15:10 [INFO] 引擎上下文已释放
2026-07-25 16:15:10 [INFO] TensorRT 引擎已释放
2026-07-25 16:15:10 [INFO] 全局 CUDA 资源已释放
2026-07-25 16:15:10 [INFO] 分割系统资源已释放
2026-07-25 16:15:14 [INFO] CUDA 初始化成功
2026-07-25 16:15:14 [INFO] 引擎加载成功: scrap_steel.engine
2026-07-25 16:15:14 [INFO] 分割系统初始化成功
2026-07-25 16:15:14 [INFO] 图像预处理完成，原始尺寸: (2160, 3840)
2026-07-25 16:15:14 [INFO] 开始执行分割...
2026-07-25 16:15:14 [DEBUG] 处理后的检测结果形状: (1, 8400, 6)
2026-07-25 16:15:14 [DEBUG] 示例检测结果: [[-3.87883377e+00 -3.14833117e+00  3.84930153e+01  1.48776665e+01
   4.26986517e-08  5.00000000e+00]
 [-6.09542465e+00 -2.92904854e+00  4.41287498e+01  2.90846310e+01
   9.78378978e-09  9.00000000e+00]
 [-3.52583313e+00 -3.46882248e+00  4.55807877e+01  3.00215988e+01
   4.36738645e-09  9.00000000e+00]]
2026-07-25 16:15:14 [DEBUG] 处理后检测输出形状: (0, 52)
2026-07-25 16:15:14 [DEBUG] 有效检测数量: 0
2026-07-25 16:15:14 [DEBUG] 检测输出为空
2026-07-25 16:15:14 [INFO] 掩码中检测到的类别: [0, 1, 2, 3, 4, 5, 6, 7, 8, 9, 10, 11, 12, 13, 15]
2026-07-25 16:15:14 [INFO] 分割完成，检测到 0 个物体
2026-07-25 16:15:14 [INFO] 从分割掩码中提取检测结果
2026-07-25 16:15:14 [INFO] 从掩码中提取了 384 个检测框
2026-07-25 16:15:14 [INFO] 计算出的车框矩形边界: (863, 639) to (3102, 1637)
2026-07-25 16:15:14 [INFO] 原始检测数: 384, 过滤后检测数: 192
2026-07-25 16:15:15 [INFO] 保存分割和检测结果到: C:\code\show\Scrap_Steel_In_Field\photos\segmentation\segment_20260725_161514.jpg
2026-07-25 16:15:15 [INFO] JSON结果保存到: C:\code\show\Scrap_Steel_In_Field\photos\segmentation_result.json
2026-07-25 16:15:15 [INFO] 类别统计：{0: 15, 1: 46, 2: 17, 3: 1, 4: 23, 5: 28, 6: 25, 7: 25, 8: 54, 9: 40, 10: 22, 11: 13, 12: 15, 13: 52, 14: 0, 15: 8}
2026-07-25 16:15:15 [INFO] 面积统计：{0: 3772008.0, 1: 555372.0, 2: 51480.0, 3: 182700.0, 4: 122544.0, 5: 37980.0, 6: 542772.0, 7: 52236.0, 8: 854316.0, 9: 104076.0, 10: 155988.0, 11: 269964.0, 12: 69228.0, 13: 821412.0, 15: 69264.0}
2026-07-25 16:15:15 [INFO] 分割成功
2026-07-25 16:15:15 [INFO] 引擎上下文已释放
2026-07-25 16:15:15 [INFO] TensorRT 引擎已释放
2026-07-25 16:15:15 [INFO] 全局 CUDA 资源已释放
2026-07-25 16:15:15 [INFO] 分割系统资源已释放
2026-07-25 16:15:19 [INFO] CUDA 初始化成功
2026-07-25 16:15:19 [INFO] 引擎加载成功: scrap_steel.engine
2026-07-25 16:15:19 [INFO] 分割系统初始化成功
2026-07-25 16:15:19 [INFO] 图像预处理完成，原始尺寸: (2160, 3840)
2026-07-25 16:15:19 [INFO] 开始执行分割...
2026-07-25 16:15:19 [DEBUG] 处理后的检测结果形状: (1, 8400, 6)
2026-07-25 16:15:19 [DEBUG] 示例检测结果: [[-3.89086533e+00 -3.15210819e+00  3.85759163e+01  1.48789015e+01
   4.25522977e-08  5.00000000e+00]
 [-6.08647537e+00 -2.91862869e+00  4.41737328e+01  2.91454544e+01
   9.65127178e-09  9.00000000e+00]
 [-3.53823853e+00 -3.45561218e+00  4.56211319e+01  3.00734940e+01
   4.36738645e-09  9.00000000e+00]]
2026-07-25 16:15:19 [DEBUG] 处理后检测输出形状: (0, 52)
2026-07-25 16:15:19 [DEBUG] 有效检测数量: 0
2026-07-25 16:15:19 [DEBUG] 检测输出为空
2026-07-25 16:15:19 [INFO] 掩码中检测到的类别: [0, 1, 2, 3, 4, 5, 6, 7, 8, 9, 10, 11, 12, 13, 15]
2026-07-25 16:15:19 [INFO] 分割完成，检测到 0 个物体
2026-07-25 16:15:19 [INFO] 从分割掩码中提取检测结果
2026-07-25 16:15:19 [INFO] 从掩码中提取了 403 个检测框
2026-07-25 16:15:19 [INFO] 计算出的车框矩形边界: (864, 639) to (3103, 1637)
2026-07-25 16:15:19 [INFO] 原始检测数: 403, 过滤后检测数: 202
2026-07-25 16:15:20 [INFO] 保存分割和检测结果到: C:\code\show\Scrap_Steel_In_Field\photos\segmentation\segment_20260725_161519.jpg
2026-07-25 16:15:20 [INFO] JSON结果保存到: C:\code\show\Scrap_Steel_In_Field\photos\segmentation_result.json
2026-07-25 16:15:20 [INFO] 类别统计：{0: 12, 1: 50, 2: 21, 3: 2, 4: 26, 5: 29, 6: 22, 7: 22, 8: 49, 9: 49, 10: 22, 11: 14, 12: 14, 13: 59, 14: 0, 15: 12}
2026-07-25 16:15:20 [INFO] 面积统计：{0: 3734604.0, 1: 536436.0, 2: 55620.0, 3: 184248.0, 4: 121644.0, 5: 39528.0, 6: 546732.0, 7: 47700.0, 8: 859968.0, 9: 106200.0, 10: 157968.0, 11: 273096.0, 12: 79020.0, 13: 818784.0, 15: 72288.0}
2026-07-25 16:15:20 [INFO] 分割成功
2026-07-25 16:15:20 [INFO] 引擎上下文已释放
2026-07-25 16:15:20 [INFO] TensorRT 引擎已释放
2026-07-25 16:15:20 [INFO] 全局 CUDA 资源已释放
2026-07-25 16:15:20 [INFO] 分割系统资源已释放
2026-07-25 16:15:24 [INFO] CUDA 初始化成功
2026-07-25 16:15:24 [INFO] 引擎加载成功: scrap_steel.engine
2026-07-25 16:15:24 [INFO] 分割系统初始化成功
2026-07-25 16:15:24 [INFO] 图像预处理完成，原始尺寸: (2160, 3840)
2026-07-25 16:15:24 [INFO] 开始执行分割...
2026-07-25 16:15:24 [DEBUG] 处理后的检测结果形状: (1, 8400, 6)
2026-07-25 16:15:24 [DEBUG] 示例检测结果: [[-3.92449188e+00 -3.17883110e+00  3.84926872e+01  1.50137081e+01
   4.20430517e-08  5.00000000e+00]
 [-6.11258316e+00 -2.94936943e+00  4.41271286e+01  2.92744694e+01
   9.57609192e-09  9.00000000e+00]
 [-3.51606750e+00 -3.46714497e+00  4.55824432e+01  3.01278725e+01
   4.21736601e-09  9.00000000e+00]]
2026-07-25 16:15:24 [DEBUG] 处理后检测输出形状: (0, 52)
2026-07-25 16:15:24 [DEBUG] 有效检测数量: 0
2026-07-25 16:15:24 [DEBUG] 检测输出为空
2026-07-25 16:15:24 [INFO] 掩码中检测到的类别: [0, 1, 2, 3, 4, 5, 6, 7, 8, 9, 10, 11, 12, 13, 15]
2026-07-25 16:15:24 [INFO] 分割完成，检测到 0 个物体
2026-07-25 16:15:24 [INFO] 从分割掩码中提取检测结果
2026-07-25 16:15:25 [INFO] 从掩码中提取了 406 个检测框
2026-07-25 16:15:25 [INFO] 计算出的车框矩形边界: (864, 639) to (3102, 1637)
2026-07-25 16:15:25 [INFO] 原始检测数: 406, 过滤后检测数: 210
2026-07-25 16:15:25 [INFO] 保存分割和检测结果到: C:\code\show\Scrap_Steel_In_Field\photos\segmentation\segment_20260725_161525.jpg
2026-07-25 16:15:25 [INFO] JSON结果保存到: C:\code\show\Scrap_Steel_In_Field\photos\segmentation_result.json
2026-07-25 16:15:25 [INFO] 类别统计：{0: 14, 1: 52, 2: 21, 3: 2, 4: 27, 5: 28, 6: 26, 7: 20, 8: 55, 9: 38, 10: 27, 11: 16, 12: 14, 13: 53, 14: 0, 15: 13}
2026-07-25 16:15:25 [INFO] 面积统计：{0: 3733992.0, 1: 520992.0, 2: 52956.0, 3: 180288.0, 4: 124092.0, 5: 40860.0, 6: 544968.0, 7: 41328.0, 8: 852552.0, 9: 99360.0, 10: 167832.0, 11: 271872.0, 12: 79380.0, 13: 812412.0, 15: 73836.0}
2026-07-25 16:15:25 [INFO] 分割成功
2026-07-25 16:15:25 [INFO] 引擎上下文已释放
2026-07-25 16:15:25 [INFO] TensorRT 引擎已释放
2026-07-25 16:15:26 [INFO] 全局 CUDA 资源已释放
2026-07-25 16:15:26 [INFO] 分割系统资源已释放
2026-07-25 16:15:30 [INFO] CUDA 初始化成功
2026-07-25 16:15:30 [INFO] 引擎加载成功: scrap_steel.engine
2026-07-25 16:15:30 [INFO] 分割系统初始化成功
2026-07-25 16:15:30 [INFO] 图像预处理完成，原始尺寸: (2160, 3840)
2026-07-25 16:15:30 [INFO] 开始执行分割...
2026-07-25 16:15:30 [DEBUG] 处理后的检测结果形状: (1, 8400, 6)
2026-07-25 16:15:30 [DEBUG] 示例检测结果: [[-3.93652344e+00 -3.18188190e+00  3.86525764e+01  1.49926958e+01
   4.23814264e-08  5.00000000e+00]
 [-6.15578842e+00 -2.96218681e+00  4.42544518e+01  2.94175549e+01
   9.55693125e-09  9.00000000e+00]
 [-3.53367996e+00 -3.52176189e+00  4.56777382e+01  3.03025780e+01
   4.26631530e-09  9.00000000e+00]]
2026-07-25 16:15:30 [DEBUG] 处理后检测输出形状: (0, 52)
2026-07-25 16:15:30 [DEBUG] 有效检测数量: 0
2026-07-25 16:15:30 [DEBUG] 检测输出为空
2026-07-25 16:15:30 [INFO] 掩码中检测到的类别: [0, 1, 2, 3, 4, 5, 6, 7, 8, 9, 10, 11, 12, 13, 15]
2026-07-25 16:15:30 [INFO] 分割完成，检测到 0 个物体
2026-07-25 16:15:30 [INFO] 从分割掩码中提取检测结果
2026-07-25 16:15:30 [INFO] 从掩码中提取了 398 个检测框
2026-07-25 16:15:30 [INFO] 计算出的车框矩形边界: (864, 640) to (3101, 1637)
2026-07-25 16:15:30 [INFO] 原始检测数: 398, 过滤后检测数: 202
2026-07-25 16:15:31 [INFO] 保存分割和检测结果到: C:\code\show\Scrap_Steel_In_Field\photos\segmentation\segment_20260725_161530.jpg
2026-07-25 16:15:31 [INFO] JSON结果保存到: C:\code\show\Scrap_Steel_In_Field\photos\segmentation_result.json
2026-07-25 16:15:31 [INFO] 类别统计：{0: 12, 1: 43, 2: 19, 3: 1, 4: 27, 5: 31, 6: 20, 7: 24, 8: 54, 9: 43, 10: 26, 11: 12, 12: 15, 13: 58, 14: 0, 15: 13}
2026-07-25 16:15:31 [INFO] 面积统计：{0: 3733632.0, 1: 526896.0, 2: 53856.0, 3: 180720.0, 4: 109044.0, 5: 36972.0, 6: 537120.0, 7: 45900.0, 8: 829692.0, 9: 117180.0, 10: 163872.0, 11: 266256.0, 12: 80928.0, 13: 805572.0, 15: 68400.0}
2026-07-25 16:15:31 [INFO] 分割成功
2026-07-25 16:15:31 [INFO] 引擎上下文已释放
2026-07-25 16:15:31 [INFO] TensorRT 引擎已释放
2026-07-25 16:15:31 [INFO] 全局 CUDA 资源已释放
2026-07-25 16:15:31 [INFO] 分割系统资源已释放
2026-07-25 16:15:35 [INFO] CUDA 初始化成功
2026-07-25 16:15:35 [INFO] 引擎加载成功: scrap_steel.engine
2026-07-25 16:15:35 [INFO] 分割系统初始化成功
2026-07-25 16:15:35 [INFO] 图像预处理完成，原始尺寸: (2160, 3840)
2026-07-25 16:15:35 [INFO] 开始执行分割...
2026-07-25 16:15:35 [DEBUG] 处理后的检测结果形状: (1, 8400, 6)
2026-07-25 16:15:35 [DEBUG] 示例检测结果: [[-3.87477875e+00 -3.16535378e+00  3.84783096e+01  1.49827881e+01
   4.23814264e-08  5.00000000e+00]
 [-6.05408478e+00 -2.91484451e+00  4.42004967e+01  2.92045898e+01
   9.63209246e-09  9.00000000e+00]
 [-3.52831268e+00 -3.45397758e+00  4.56462479e+01  3.01100407e+01
   4.26651869e-09  9.00000000e+00]]
2026-07-25 16:15:35 [DEBUG] 处理后检测输出形状: (0, 52)
2026-07-25 16:15:35 [DEBUG] 有效检测数量: 0
2026-07-25 16:15:35 [DEBUG] 检测输出为空
2026-07-25 16:15:35 [INFO] 掩码中检测到的类别: [0, 1, 2, 3, 4, 5, 6, 7, 8, 9, 10, 11, 12, 13, 15]
2026-07-25 16:15:35 [INFO] 分割完成，检测到 0 个物体
2026-07-25 16:15:35 [INFO] 从分割掩码中提取检测结果
2026-07-25 16:15:35 [INFO] 从掩码中提取了 393 个检测框
2026-07-25 16:15:35 [INFO] 计算出的车框矩形边界: (864, 638) to (3103, 1637)
2026-07-25 16:15:35 [INFO] 原始检测数: 393, 过滤后检测数: 196
2026-07-25 16:15:36 [INFO] 保存分割和检测结果到: C:\code\show\Scrap_Steel_In_Field\photos\segmentation\segment_20260725_161535.jpg
2026-07-25 16:15:36 [INFO] JSON结果保存到: C:\code\show\Scrap_Steel_In_Field\photos\segmentation_result.json
2026-07-25 16:15:36 [INFO] 类别统计：{0: 9, 1: 53, 2: 18, 3: 2, 4: 27, 5: 27, 6: 25, 7: 20, 8: 52, 9: 44, 10: 24, 11: 14, 12: 14, 13: 55, 14: 0, 15: 9}
2026-07-25 16:15:36 [INFO] 面积统计：{0: 3704292.0, 1: 539712.0, 2: 51336.0, 3: 181548.0, 4: 109944.0, 5: 36612.0, 6: 540720.0, 7: 46800.0, 8: 892512.0, 9: 116496.0, 10: 160704.0, 11: 268884.0, 12: 76716.0, 13: 801720.0, 15: 69660.0}
2026-07-25 16:15:36 [INFO] 分割成功
2026-07-25 16:15:36 [INFO] 引擎上下文已释放
2026-07-25 16:15:36 [INFO] TensorRT 引擎已释放
2026-07-25 16:15:36 [INFO] 全局 CUDA 资源已释放
2026-07-25 16:15:36 [INFO] 分割系统资源已释放
2026-07-25 16:15:40 [INFO] CUDA 初始化成功
2026-07-25 16:15:40 [INFO] 引擎加载成功: scrap_steel.engine
2026-07-25 16:15:40 [INFO] 分割系统初始化成功
2026-07-25 16:15:40 [INFO] 图像预处理完成，原始尺寸: (2160, 3840)
2026-07-25 16:15:40 [INFO] 开始执行分割...
2026-07-25 16:15:40 [DEBUG] 处理后的检测结果形状: (1, 8400, 6)
2026-07-25 16:15:40 [DEBUG] 示例检测结果: [[-3.95584106e+00 -3.20649529e+00  3.86431046e+01  1.51057854e+01
   4.20430517e-08  5.00000000e+00]
 [-6.18140411e+00 -2.97642899e+00  4.42291832e+01  2.93636131e+01
   9.65127178e-09  9.00000000e+00]
 [-3.53595734e+00 -3.53942108e+00  4.56833191e+01  3.02850647e+01
   4.20062651e-09  9.00000000e+00]]
2026-07-25 16:15:40 [DEBUG] 处理后检测输出形状: (0, 52)
2026-07-25 16:15:40 [DEBUG] 有效检测数量: 0
2026-07-25 16:15:40 [DEBUG] 检测输出为空
2026-07-25 16:15:40 [INFO] 掩码中检测到的类别: [0, 1, 2, 3, 4, 5, 6, 7, 8, 9, 10, 11, 12, 13, 15]
2026-07-25 16:15:40 [INFO] 分割完成，检测到 0 个物体
2026-07-25 16:15:40 [INFO] 从分割掩码中提取检测结果
2026-07-25 16:15:41 [INFO] 从掩码中提取了 418 个检测框
2026-07-25 16:15:41 [INFO] 计算出的车框矩形边界: (864, 639) to (3103, 1637)
2026-07-25 16:15:41 [INFO] 原始检测数: 418, 过滤后检测数: 197
2026-07-25 16:15:42 [INFO] 保存分割和检测结果到: C:\code\show\Scrap_Steel_In_Field\photos\segmentation\segment_20260725_161541.jpg
2026-07-25 16:15:42 [INFO] JSON结果保存到: C:\code\show\Scrap_Steel_In_Field\photos\segmentation_result.json
2026-07-25 16:15:42 [INFO] 类别统计：{0: 9, 1: 40, 2: 23, 3: 2, 4: 30, 5: 33, 6: 21, 7: 20, 8: 49, 9: 51, 10: 32, 11: 22, 12: 14, 13: 55, 14: 0, 15: 17}
2026-07-25 16:15:42 [INFO] 面积统计：{0: 3259188.0, 1: 451656.0, 2: 65376.0, 3: 162864.0, 4: 104400.0, 5: 78228.0, 6: 553968.0, 7: 50184.0, 8: 899892.0, 9: 145728.0, 10: 205308.0, 11: 274644.0, 12: 74916.0, 13: 776448.0, 15: 66096.0}
2026-07-25 16:15:42 [INFO] 分割成功
2026-07-25 16:15:42 [INFO] 引擎上下文已释放
2026-07-25 16:15:42 [INFO] TensorRT 引擎已释放
2026-07-25 16:15:42 [INFO] 全局 CUDA 资源已释放
2026-07-25 16:15:42 [INFO] 分割系统资源已释放
2026-07-25 16:15:46 [INFO] CUDA 初始化成功
2026-07-25 16:15:46 [INFO] 引擎加载成功: scrap_steel.engine
2026-07-25 16:15:46 [INFO] 分割系统初始化成功
2026-07-25 16:15:46 [INFO] 图像预处理完成，原始尺寸: (2160, 3840)
2026-07-25 16:15:46 [INFO] 开始执行分割...
2026-07-25 16:15:46 [DEBUG] 处理后的检测结果形状: (1, 8400, 6)
2026-07-25 16:15:46 [DEBUG] 示例检测结果: [[-3.93442154e+00 -3.20692444e+00  3.86763039e+01  1.52362270e+01
   4.23814264e-08  5.00000000e+00]
 [-6.17930984e+00 -2.98333263e+00  4.42809105e+01  2.95267372e+01
   9.63101598e-09  9.00000000e+00]
 [-3.52824402e+00 -3.50692368e+00  4.56373749e+01  3.03053398e+01
   4.20047996e-09  9.00000000e+00]]
2026-07-25 16:15:46 [DEBUG] 处理后检测输出形状: (0, 52)
2026-07-25 16:15:46 [DEBUG] 有效检测数量: 0
2026-07-25 16:15:46 [DEBUG] 检测输出为空
2026-07-25 16:15:46 [INFO] 掩码中检测到的类别: [0, 1, 2, 3, 4, 5, 6, 7, 8, 9, 10, 11, 12, 13, 15]
2026-07-25 16:15:46 [INFO] 分割完成，检测到 0 个物体
2026-07-25 16:15:46 [INFO] 从分割掩码中提取检测结果
2026-07-25 16:15:46 [INFO] 从掩码中提取了 462 个检测框
2026-07-25 16:15:46 [INFO] 计算出的车框矩形边界: (2119, 513) to (3840, 2160)
2026-07-25 16:15:46 [INFO] 原始检测数: 462, 过滤后检测数: 197
2026-07-25 16:15:47 [INFO] 保存分割和检测结果到: C:\code\show\Scrap_Steel_In_Field\photos\segmentation\segment_20260725_161546.jpg
2026-07-25 16:15:47 [INFO] JSON结果保存到: C:\code\show\Scrap_Steel_In_Field\photos\segmentation_result.json
2026-07-25 16:15:47 [INFO] 类别统计：{0: 29, 1: 44, 2: 17, 3: 8, 4: 21, 5: 21, 6: 24, 7: 20, 8: 62, 9: 27, 10: 15, 11: 21, 12: 3, 13: 124, 14: 0, 15: 26}
2026-07-25 16:15:47 [INFO] 面积统计：{0: 2014056.0, 1: 257292.0, 2: 41292.0, 3: 304668.0, 4: 68436.0, 5: 77688.0, 6: 635220.0, 7: 43128.0, 8: 843480.0, 9: 75024.0, 10: 88344.0, 11: 180288.0, 12: 22788.0, 13: 1216764.0, 15: 134208.0}
2026-07-25 16:15:47 [INFO] 分割成功
2026-07-25 16:15:47 [INFO] 引擎上下文已释放
2026-07-25 16:15:47 [INFO] TensorRT 引擎已释放
2026-07-25 16:15:47 [INFO] 全局 CUDA 资源已释放
2026-07-25 16:15:47 [INFO] 分割系统资源已释放
2026-07-25 16:15:51 [INFO] CUDA 初始化成功
2026-07-25 16:15:51 [INFO] 引擎加载成功: scrap_steel.engine
2026-07-25 16:15:51 [INFO] 分割系统初始化成功
2026-07-25 16:15:51 [INFO] 图像预处理完成，原始尺寸: (2160, 3840)
2026-07-25 16:15:51 [INFO] 开始执行分割...
2026-07-25 16:15:51 [DEBUG] 处理后的检测结果形状: (1, 8400, 6)
2026-07-25 16:15:51 [DEBUG] 示例检测结果: [[-3.93218231e+00 -3.23935461e+00  3.86710930e+01  1.53326588e+01
   4.33729070e-08  5.00000000e+00]
 [-6.14266205e+00 -2.97922134e+00  4.42436600e+01  2.97215919e+01
   9.59200719e-09  9.00000000e+00]
 [-3.53670120e+00 -3.52966499e+00  4.56357117e+01  3.04467182e+01
   4.24763691e-09  9.00000000e+00]]
2026-07-25 16:15:51 [DEBUG] 处理后检测输出形状: (0, 52)
2026-07-25 16:15:51 [DEBUG] 有效检测数量: 0
2026-07-25 16:15:51 [DEBUG] 检测输出为空
2026-07-25 16:15:51 [INFO] 掩码中检测到的类别: [0, 1, 2, 3, 4, 5, 6, 7, 8, 9, 10, 11, 12, 13, 15]
2026-07-25 16:15:51 [INFO] 分割完成，检测到 0 个物体
2026-07-25 16:15:51 [INFO] 从分割掩码中提取检测结果
2026-07-25 16:15:52 [INFO] 从掩码中提取了 371 个检测框
2026-07-25 16:15:52 [ERROR] 保存结果失败: 'NoneType' object has no attribute 'astype'
2026-07-25 16:15:52 [INFO] 分割成功
2026-07-25 16:15:52 [INFO] 引擎上下文已释放
2026-07-25 16:15:52 [INFO] TensorRT 引擎已释放
2026-07-25 16:15:52 [INFO] 全局 CUDA 资源已释放
2026-07-25 16:15:52 [INFO] 分割系统资源已释放
2026-07-25 16:15:56 [INFO] CUDA 初始化成功
2026-07-25 16:15:56 [INFO] 引擎加载成功: scrap_steel.engine
2026-07-25 16:15:56 [INFO] 分割系统初始化成功
2026-07-25 16:15:56 [INFO] 图像预处理完成，原始尺寸: (2160, 3840)
2026-07-25 16:15:56 [INFO] 开始执行分割...
2026-07-25 16:15:56 [DEBUG] 处理后的检测结果形状: (1, 8400, 6)
2026-07-25 16:15:56 [DEBUG] 示例检测结果: [[-3.95024490e+00 -3.19786119e+00  3.86707535e+01  1.52537003e+01
   4.30375735e-08  5.00000000e+00]
 [-6.16173553e+00 -2.94454098e+00  4.42505722e+01  2.96360550e+01
   9.70675984e-09  9.00000000e+00]
 [-3.54508972e+00 -3.54346657e+00  4.56180229e+01  3.04386120e+01
   4.29900737e-09  9.00000000e+00]]
2026-07-25 16:15:56 [DEBUG] 处理后检测输出形状: (0, 52)
2026-07-25 16:15:56 [DEBUG] 有效检测数量: 0
2026-07-25 16:15:56 [DEBUG] 检测输出为空
2026-07-25 16:15:56 [INFO] 掩码中检测到的类别: [0, 1, 2, 3, 4, 5, 6, 7, 8, 9, 10, 11, 12, 13, 15]
2026-07-25 16:15:56 [INFO] 分割完成，检测到 0 个物体
2026-07-25 16:15:56 [INFO] 从分割掩码中提取检测结果
2026-07-25 16:15:57 [INFO] 从掩码中提取了 366 个检测框
2026-07-25 16:15:57 [ERROR] 保存结果失败: 'NoneType' object has no attribute 'astype'
2026-07-25 16:15:57 [INFO] 分割成功
2026-07-25 16:15:57 [INFO] 引擎上下文已释放
2026-07-25 16:15:57 [INFO] TensorRT 引擎已释放
2026-07-25 16:15:57 [INFO] 全局 CUDA 资源已释放
2026-07-25 16:15:57 [INFO] 分割系统资源已释放
