2025-05-21 22:20:19 [INFO] CUDA 初始化成功
2025-05-21 22:20:19 [INFO] 引擎加载成功: scrap_steel.engine
2025-05-21 22:20:19 [INFO] 分割系统初始化成功
2025-05-21 22:20:19 [INFO] 图像预处理完成，原始尺寸: (2160, 3840)
2025-05-21 22:20:19 [INFO] 开始执行分割...
2025-05-21 22:20:20 [DEBUG] 处理后的检测结果形状: (1, 8400, 6)
2025-05-21 22:20:20 [DEBUG] 示例检测结果: [[-4.30350876e+00 -3.57595205e+00  3.99537392e+01  1.71683445e+01
   4.70273669e-08  5.00000000e+00]
 [-6.23294830e+00 -3.19569588e+00  4.40750427e+01  3.11463642e+01
   9.19789045e-09  9.00000000e+00]
 [-3.46047974e+00 -3.81151295e+00  4.55371475e+01  3.12269859e+01
   4.02327061e-09  9.00000000e+00]]
2025-05-21 22:20:20 [DEBUG] 处理后检测输出形状: (0, 52)
2025-05-21 22:20:20 [DEBUG] 有效检测数量: 0
2025-05-21 22:20:20 [DEBUG] 检测输出为空
2025-05-21 22:20:20 [INFO] 掩码中检测到的类别: [0, 1, 2, 3, 4, 5, 6, 7, 8, 9, 10, 11, 12, 13, 14, 15]
2025-05-21 22:20:20 [INFO] 分割完成，检测到 0 个物体
2025-05-21 22:20:20 [INFO] 从分割掩码中提取检测结果
2025-05-21 22:20:20 [INFO] 从掩码中提取了 466 个检测框
2025-05-21 22:20:21 [WARNING] 跳过无效的JSON行: [
2025-05-21 22:20:21 [WARNING] 跳过无效的JSON行: {
2025-05-21 22:20:21 [WARNING] 跳过无效的JSON行: "counts": {
2025-05-21 22:20:21 [WARNING] 跳过无效的JSON行: "0": 8,
2025-05-21 22:20:21 [WARNING] 跳过无效的JSON行: "1": 51,
2025-05-21 22:20:21 [WARNING] 跳过无效的JSON行: "2": 26,
2025-05-21 22:20:21 [WARNING] 跳过无效的JSON行: "3": 9,
2025-05-21 22:20:21 [WARNING] 跳过无效的JSON行: "4": 28,
2025-05-21 22:20:21 [WARNING] 跳过无效的JSON行: "5": 27,
2025-05-21 22:20:21 [WARNING] 跳过无效的JSON行: "6": 31,
2025-05-21 22:20:21 [WARNING] 跳过无效的JSON行: "7": 36,
2025-05-21 22:20:21 [WARNING] 跳过无效的JSON行: "8": 71,
2025-05-21 22:20:21 [WARNING] 跳过无效的JSON行: "9": 82,
2025-05-21 22:20:21 [WARNING] 跳过无效的JSON行: "10": 33,
2025-05-21 22:20:21 [WARNING] 跳过无效的JSON行: "11": 9,
2025-05-21 22:20:21 [WARNING] 跳过无效的JSON行: "12": 25,
2025-05-21 22:20:21 [WARNING] 跳过无效的JSON行: "13": 25,
2025-05-21 22:20:21 [WARNING] 跳过无效的JSON行: "14": 0,
2025-05-21 22:20:21 [WARNING] 跳过无效的JSON行: "15": 5
2025-05-21 22:20:21 [WARNING] 跳过无效的JSON行: },
2025-05-21 22:20:21 [WARNING] 跳过无效的JSON行: "areas": {
2025-05-21 22:20:21 [WARNING] 跳过无效的JSON行: "0": 2329308.0,
2025-05-21 22:20:21 [WARNING] 跳过无效的JSON行: "1": 1052100.0,
2025-05-21 22:20:21 [WARNING] 跳过无效的JSON行: "2": 52200.0,
2025-05-21 22:20:21 [WARNING] 跳过无效的JSON行: "3": 250416.0,
2025-05-21 22:20:21 [WARNING] 跳过无效的JSON行: "4": 162252.0,
2025-05-21 22:20:21 [WARNING] 跳过无效的JSON行: "5": 101232.0,
2025-05-21 22:20:21 [WARNING] 跳过无效的JSON行: "6": 617688.0,
2025-05-21 22:20:21 [WARNING] 跳过无效的JSON行: "7": 99036.0,
2025-05-21 22:20:21 [WARNING] 跳过无效的JSON行: "8": 733608.0,
2025-05-21 22:20:21 [WARNING] 跳过无效的JSON行: "9": 425124.0,
2025-05-21 22:20:21 [WARNING] 跳过无效的JSON行: "10": 210420.0,
2025-05-21 22:20:21 [WARNING] 跳过无效的JSON行: "11": 158832.0,
2025-05-21 22:20:21 [WARNING] 跳过无效的JSON行: "12": 800964.0,
2025-05-21 22:20:21 [WARNING] 跳过无效的JSON行: "13": 503064.0,
2025-05-21 22:20:21 [WARNING] 跳过无效的JSON行: "14": 72.0,
2025-05-21 22:20:21 [WARNING] 跳过无效的JSON行: "15": 24480.0
2025-05-21 22:20:21 [WARNING] 跳过无效的JSON行: },
2025-05-21 22:20:21 [WARNING] 跳过无效的JSON行: "total_count": 466,
2025-05-21 22:20:21 [WARNING] 跳过无效的JSON行: "total_area": 7520796.0,
2025-05-21 22:20:21 [WARNING] 跳过无效的JSON行: "timestamp": "2025-05-21 21:00:16",
2025-05-21 22:20:21 [WARNING] 跳过无效的JSON行: "save_path": "C:\\Users\\qinguang\\feigangxiangmu\\Scrap_steel_system\\Scrap_Steel_In_Field\\photos\\segmentation\\segment_20250521_210016.jpg"
2025-05-21 22:20:21 [WARNING] 跳过无效的JSON行: },
2025-05-21 22:20:21 [WARNING] 跳过无效的JSON行: {
2025-05-21 22:20:21 [WARNING] 跳过无效的JSON行: "counts": {
2025-05-21 22:20:21 [WARNING] 跳过无效的JSON行: "0": 8,
2025-05-21 22:20:21 [WARNING] 跳过无效的JSON行: "1": 51,
2025-05-21 22:20:21 [WARNING] 跳过无效的JSON行: "2": 26,
2025-05-21 22:20:21 [WARNING] 跳过无效的JSON行: "3": 9,
2025-05-21 22:20:21 [WARNING] 跳过无效的JSON行: "4": 28,
2025-05-21 22:20:21 [WARNING] 跳过无效的JSON行: "5": 27,
2025-05-21 22:20:21 [WARNING] 跳过无效的JSON行: "6": 31,
2025-05-21 22:20:21 [WARNING] 跳过无效的JSON行: "7": 36,
2025-05-21 22:20:21 [WARNING] 跳过无效的JSON行: "8": 71,
2025-05-21 22:20:21 [WARNING] 跳过无效的JSON行: "9": 82,
2025-05-21 22:20:21 [WARNING] 跳过无效的JSON行: "10": 33,
2025-05-21 22:20:21 [WARNING] 跳过无效的JSON行: "11": 9,
2025-05-21 22:20:21 [WARNING] 跳过无效的JSON行: "12": 25,
2025-05-21 22:20:21 [WARNING] 跳过无效的JSON行: "13": 25,
2025-05-21 22:20:21 [WARNING] 跳过无效的JSON行: "14": 0,
2025-05-21 22:20:21 [WARNING] 跳过无效的JSON行: "15": 5
2025-05-21 22:20:21 [WARNING] 跳过无效的JSON行: },
2025-05-21 22:20:21 [WARNING] 跳过无效的JSON行: "areas": {
2025-05-21 22:20:21 [WARNING] 跳过无效的JSON行: "0": 2329308.0,
2025-05-21 22:20:21 [WARNING] 跳过无效的JSON行: "1": 1052100.0,
2025-05-21 22:20:21 [WARNING] 跳过无效的JSON行: "2": 52200.0,
2025-05-21 22:20:21 [WARNING] 跳过无效的JSON行: "3": 250416.0,
2025-05-21 22:20:21 [WARNING] 跳过无效的JSON行: "4": 162252.0,
2025-05-21 22:20:21 [WARNING] 跳过无效的JSON行: "5": 101232.0,
2025-05-21 22:20:21 [WARNING] 跳过无效的JSON行: "6": 617688.0,
2025-05-21 22:20:21 [WARNING] 跳过无效的JSON行: "7": 99036.0,
2025-05-21 22:20:21 [WARNING] 跳过无效的JSON行: "8": 733608.0,
2025-05-21 22:20:21 [WARNING] 跳过无效的JSON行: "9": 425124.0,
2025-05-21 22:20:21 [WARNING] 跳过无效的JSON行: "10": 210420.0,
2025-05-21 22:20:21 [WARNING] 跳过无效的JSON行: "11": 158832.0,
2025-05-21 22:20:21 [WARNING] 跳过无效的JSON行: "12": 800964.0,
2025-05-21 22:20:21 [WARNING] 跳过无效的JSON行: "13": 503064.0,
2025-05-21 22:20:21 [WARNING] 跳过无效的JSON行: "14": 72.0,
2025-05-21 22:20:21 [WARNING] 跳过无效的JSON行: "15": 24480.0
2025-05-21 22:20:21 [WARNING] 跳过无效的JSON行: },
2025-05-21 22:20:21 [WARNING] 跳过无效的JSON行: "total_count": 466,
2025-05-21 22:20:21 [WARNING] 跳过无效的JSON行: "total_area": 7520796.0,
2025-05-21 22:20:21 [WARNING] 跳过无效的JSON行: "timestamp": "2025-05-21 21:00:25",
2025-05-21 22:20:21 [WARNING] 跳过无效的JSON行: "save_path": "C:\\Users\\qinguang\\feigangxiangmu\\Scrap_steel_system\\Scrap_Steel_In_Field\\photos\\segmentation\\segment_20250521_210025.jpg"
2025-05-21 22:20:21 [WARNING] 跳过无效的JSON行: },
2025-05-21 22:20:21 [WARNING] 跳过无效的JSON行: {
2025-05-21 22:20:21 [WARNING] 跳过无效的JSON行: "counts": {
2025-05-21 22:20:21 [WARNING] 跳过无效的JSON行: "0": 8,
2025-05-21 22:20:21 [WARNING] 跳过无效的JSON行: "1": 51,
2025-05-21 22:20:21 [WARNING] 跳过无效的JSON行: "2": 26,
2025-05-21 22:20:21 [WARNING] 跳过无效的JSON行: "3": 9,
2025-05-21 22:20:21 [WARNING] 跳过无效的JSON行: "4": 28,
2025-05-21 22:20:21 [WARNING] 跳过无效的JSON行: "5": 27,
2025-05-21 22:20:21 [WARNING] 跳过无效的JSON行: "6": 31,
2025-05-21 22:20:21 [WARNING] 跳过无效的JSON行: "7": 36,
2025-05-21 22:20:21 [WARNING] 跳过无效的JSON行: "8": 71,
2025-05-21 22:20:21 [WARNING] 跳过无效的JSON行: "9": 82,
2025-05-21 22:20:21 [WARNING] 跳过无效的JSON行: "10": 33,
2025-05-21 22:20:21 [WARNING] 跳过无效的JSON行: "11": 9,
2025-05-21 22:20:21 [WARNING] 跳过无效的JSON行: "12": 25,
2025-05-21 22:20:21 [WARNING] 跳过无效的JSON行: "13": 25,
2025-05-21 22:20:21 [WARNING] 跳过无效的JSON行: "14": 0,
2025-05-21 22:20:21 [WARNING] 跳过无效的JSON行: "15": 5
2025-05-21 22:20:21 [WARNING] 跳过无效的JSON行: },
2025-05-21 22:20:21 [WARNING] 跳过无效的JSON行: "areas": {
2025-05-21 22:20:21 [WARNING] 跳过无效的JSON行: "0": 2329308.0,
2025-05-21 22:20:21 [WARNING] 跳过无效的JSON行: "1": 1052100.0,
2025-05-21 22:20:21 [WARNING] 跳过无效的JSON行: "2": 52200.0,
2025-05-21 22:20:21 [WARNING] 跳过无效的JSON行: "3": 250416.0,
2025-05-21 22:20:21 [WARNING] 跳过无效的JSON行: "4": 162252.0,
2025-05-21 22:20:21 [WARNING] 跳过无效的JSON行: "5": 101232.0,
2025-05-21 22:20:21 [WARNING] 跳过无效的JSON行: "6": 617688.0,
2025-05-21 22:20:21 [WARNING] 跳过无效的JSON行: "7": 99036.0,
2025-05-21 22:20:21 [WARNING] 跳过无效的JSON行: "8": 733608.0,
2025-05-21 22:20:21 [WARNING] 跳过无效的JSON行: "9": 425124.0,
2025-05-21 22:20:21 [WARNING] 跳过无效的JSON行: "10": 210420.0,
2025-05-21 22:20:21 [WARNING] 跳过无效的JSON行: "11": 158832.0,
2025-05-21 22:20:21 [WARNING] 跳过无效的JSON行: "12": 800964.0,
2025-05-21 22:20:21 [WARNING] 跳过无效的JSON行: "13": 503064.0,
2025-05-21 22:20:21 [WARNING] 跳过无效的JSON行: "14": 72.0,
2025-05-21 22:20:21 [WARNING] 跳过无效的JSON行: "15": 24480.0
2025-05-21 22:20:21 [WARNING] 跳过无效的JSON行: },
2025-05-21 22:20:21 [WARNING] 跳过无效的JSON行: "total_count": 466,
2025-05-21 22:20:21 [WARNING] 跳过无效的JSON行: "total_area": 7520796.0,
2025-05-21 22:20:21 [WARNING] 跳过无效的JSON行: "timestamp": "2025-05-21 21:13:30",
2025-05-21 22:20:21 [WARNING] 跳过无效的JSON行: "save_path": "C:\\Users\\qinguang\\feigangxiangmu\\Scrap_steel_system\\Scrap_Steel_In_Field\\photos\\segmentation\\segment_20250521_211330.jpg"
2025-05-21 22:20:21 [WARNING] 跳过无效的JSON行: },
2025-05-21 22:20:21 [WARNING] 跳过无效的JSON行: {
2025-05-21 22:20:21 [WARNING] 跳过无效的JSON行: "counts": {
2025-05-21 22:20:21 [WARNING] 跳过无效的JSON行: "0": 8,
2025-05-21 22:20:21 [WARNING] 跳过无效的JSON行: "1": 51,
2025-05-21 22:20:21 [WARNING] 跳过无效的JSON行: "2": 26,
2025-05-21 22:20:21 [WARNING] 跳过无效的JSON行: "3": 9,
2025-05-21 22:20:21 [WARNING] 跳过无效的JSON行: "4": 28,
2025-05-21 22:20:21 [WARNING] 跳过无效的JSON行: "5": 27,
2025-05-21 22:20:21 [WARNING] 跳过无效的JSON行: "6": 31,
2025-05-21 22:20:21 [WARNING] 跳过无效的JSON行: "7": 36,
2025-05-21 22:20:21 [WARNING] 跳过无效的JSON行: "8": 71,
2025-05-21 22:20:21 [WARNING] 跳过无效的JSON行: "9": 82,
2025-05-21 22:20:21 [WARNING] 跳过无效的JSON行: "10": 33,
2025-05-21 22:20:21 [WARNING] 跳过无效的JSON行: "11": 9,
2025-05-21 22:20:21 [WARNING] 跳过无效的JSON行: "12": 25,
2025-05-21 22:20:21 [WARNING] 跳过无效的JSON行: "13": 25,
2025-05-21 22:20:21 [WARNING] 跳过无效的JSON行: "14": 0,
2025-05-21 22:20:21 [WARNING] 跳过无效的JSON行: "15": 5
2025-05-21 22:20:21 [WARNING] 跳过无效的JSON行: },
2025-05-21 22:20:21 [WARNING] 跳过无效的JSON行: "areas": {
2025-05-21 22:20:21 [WARNING] 跳过无效的JSON行: "0": 2329308.0,
2025-05-21 22:20:21 [WARNING] 跳过无效的JSON行: "1": 1052100.0,
2025-05-21 22:20:21 [WARNING] 跳过无效的JSON行: "2": 52200.0,
2025-05-21 22:20:21 [WARNING] 跳过无效的JSON行: "3": 250416.0,
2025-05-21 22:20:21 [WARNING] 跳过无效的JSON行: "4": 162252.0,
2025-05-21 22:20:21 [WARNING] 跳过无效的JSON行: "5": 101232.0,
2025-05-21 22:20:21 [WARNING] 跳过无效的JSON行: "6": 617688.0,
2025-05-21 22:20:21 [WARNING] 跳过无效的JSON行: "7": 99036.0,
2025-05-21 22:20:21 [WARNING] 跳过无效的JSON行: "8": 733608.0,
2025-05-21 22:20:21 [WARNING] 跳过无效的JSON行: "9": 425124.0,
2025-05-21 22:20:21 [WARNING] 跳过无效的JSON行: "10": 210420.0,
2025-05-21 22:20:21 [WARNING] 跳过无效的JSON行: "11": 158832.0,
2025-05-21 22:20:21 [WARNING] 跳过无效的JSON行: "12": 800964.0,
2025-05-21 22:20:21 [WARNING] 跳过无效的JSON行: "13": 503064.0,
2025-05-21 22:20:21 [WARNING] 跳过无效的JSON行: "14": 72.0,
2025-05-21 22:20:21 [WARNING] 跳过无效的JSON行: "15": 24480.0
2025-05-21 22:20:21 [WARNING] 跳过无效的JSON行: },
2025-05-21 22:20:21 [WARNING] 跳过无效的JSON行: "total_count": 466,
2025-05-21 22:20:21 [WARNING] 跳过无效的JSON行: "total_area": 7520796.0,
2025-05-21 22:20:21 [WARNING] 跳过无效的JSON行: "timestamp": "2025-05-21 21:14:17",
2025-05-21 22:20:21 [WARNING] 跳过无效的JSON行: "save_path": "C:\\Users\\qinguang\\feigangxiangmu\\Scrap_steel_system\\Scrap_Steel_In_Field\\photos\\segmentation\\segment_20250521_211417.jpg"
2025-05-21 22:20:21 [WARNING] 跳过无效的JSON行: },
2025-05-21 22:20:21 [WARNING] 跳过无效的JSON行: {
2025-05-21 22:20:21 [WARNING] 跳过无效的JSON行: "counts": {
2025-05-21 22:20:21 [WARNING] 跳过无效的JSON行: "0": 8,
2025-05-21 22:20:21 [WARNING] 跳过无效的JSON行: "1": 51,
2025-05-21 22:20:21 [WARNING] 跳过无效的JSON行: "2": 26,
2025-05-21 22:20:21 [WARNING] 跳过无效的JSON行: "3": 9,
2025-05-21 22:20:21 [WARNING] 跳过无效的JSON行: "4": 28,
2025-05-21 22:20:21 [WARNING] 跳过无效的JSON行: "5": 27,
2025-05-21 22:20:21 [WARNING] 跳过无效的JSON行: "6": 31,
2025-05-21 22:20:21 [WARNING] 跳过无效的JSON行: "7": 36,
2025-05-21 22:20:21 [WARNING] 跳过无效的JSON行: "8": 71,
2025-05-21 22:20:21 [WARNING] 跳过无效的JSON行: "9": 82,
2025-05-21 22:20:21 [WARNING] 跳过无效的JSON行: "10": 33,
2025-05-21 22:20:21 [WARNING] 跳过无效的JSON行: "11": 9,
2025-05-21 22:20:21 [WARNING] 跳过无效的JSON行: "12": 25,
2025-05-21 22:20:21 [WARNING] 跳过无效的JSON行: "13": 25,
2025-05-21 22:20:21 [WARNING] 跳过无效的JSON行: "14": 0,
2025-05-21 22:20:21 [WARNING] 跳过无效的JSON行: "15": 5
2025-05-21 22:20:21 [WARNING] 跳过无效的JSON行: },
2025-05-21 22:20:21 [WARNING] 跳过无效的JSON行: "areas": {
2025-05-21 22:20:21 [WARNING] 跳过无效的JSON行: "0": 2329308.0,
2025-05-21 22:20:21 [WARNING] 跳过无效的JSON行: "1": 1052100.0,
2025-05-21 22:20:21 [WARNING] 跳过无效的JSON行: "2": 52200.0,
2025-05-21 22:20:21 [WARNING] 跳过无效的JSON行: "3": 250416.0,
2025-05-21 22:20:21 [WARNING] 跳过无效的JSON行: "4": 162252.0,
2025-05-21 22:20:21 [WARNING] 跳过无效的JSON行: "5": 101232.0,
2025-05-21 22:20:21 [WARNING] 跳过无效的JSON行: "6": 617688.0,
2025-05-21 22:20:21 [WARNING] 跳过无效的JSON行: "7": 99036.0,
2025-05-21 22:20:21 [WARNING] 跳过无效的JSON行: "8": 733608.0,
2025-05-21 22:20:21 [WARNING] 跳过无效的JSON行: "9": 425124.0,
2025-05-21 22:20:21 [WARNING] 跳过无效的JSON行: "10": 210420.0,
2025-05-21 22:20:21 [WARNING] 跳过无效的JSON行: "11": 158832.0,
2025-05-21 22:20:21 [WARNING] 跳过无效的JSON行: "12": 800964.0,
2025-05-21 22:20:21 [WARNING] 跳过无效的JSON行: "13": 503064.0,
2025-05-21 22:20:21 [WARNING] 跳过无效的JSON行: "14": 72.0,
2025-05-21 22:20:21 [WARNING] 跳过无效的JSON行: "15": 24480.0
2025-05-21 22:20:21 [WARNING] 跳过无效的JSON行: },
2025-05-21 22:20:21 [WARNING] 跳过无效的JSON行: "total_count": 466,
2025-05-21 22:20:21 [WARNING] 跳过无效的JSON行: "total_area": 7520796.0,
2025-05-21 22:20:21 [WARNING] 跳过无效的JSON行: "timestamp": "2025-05-21 21:14:34",
2025-05-21 22:20:21 [WARNING] 跳过无效的JSON行: "save_path": "C:\\Users\\qinguang\\feigangxiangmu\\Scrap_steel_system\\Scrap_Steel_In_Field\\photos\\segmentation\\segment_20250521_211434.jpg"
2025-05-21 22:20:21 [WARNING] 跳过无效的JSON行: }
2025-05-21 22:20:21 [WARNING] 跳过无效的JSON行: ]
2025-05-21 22:20:21 [INFO] 保存分割和检测结果到: C:\Users\qinguang\feigangxiangmu\Scrap_steel_system\Scrap_Steel_In_Field\photos\segmentation\segment_20250521_222020.jpg
2025-05-21 22:20:21 [INFO] JSON结果保存到: C:\Users\qinguang\feigangxiangmu\Scrap_steel_system\Scrap_Steel_In_Field\photos\segmentation_result.json
2025-05-21 22:20:21 [INFO] 类别统计：{0: 8, 1: 51, 2: 26, 3: 9, 4: 28, 5: 27, 6: 31, 7: 36, 8: 71, 9: 82, 10: 33, 11: 9, 12: 25, 13: 25, 14: 0, 15: 5}
2025-05-21 22:20:21 [INFO] 面积统计：{0: 2329308.0, 1: 1052100.0, 2: 52200.0, 3: 250416.0, 4: 162252.0, 5: 101232.0, 6: 617688.0, 7: 99036.0, 8: 733608.0, 9: 425124.0, 10: 210420.0, 11: 158832.0, 12: 800964.0, 13: 503064.0, 14: 72.0, 15: 24480.0}
2025-05-21 22:20:21 [INFO] 分割成功
2025-05-21 22:20:21 [INFO] 引擎上下文已释放
2025-05-21 22:20:21 [INFO] TensorRT 引擎已释放
2025-05-21 22:20:21 [INFO] 全局 CUDA 资源已释放
2025-05-21 22:20:21 [INFO] 分割系统资源已释放
