2026-05-21 08:56:24 [INFO] CUDA 初始化成功
2026-05-21 08:56:24 [INFO] 引擎加载成功: scrap_steel.engine
2026-05-21 08:56:24 [INFO] 分割系统初始化成功
2026-05-21 08:56:27 [INFO] 引擎加载成功: scrap_steel.engine
2026-05-21 08:56:27 [INFO] 分割系统初始化成功
2026-05-21 08:56:27 [INFO] 图像预处理完成，原始尺寸: (2160, 3840)
2026-05-21 08:56:27 [INFO] 开始执行分割...
2026-05-21 08:56:27 [ERROR] 推理过程发生异常: explicit_context_dependent failed: invalid device context - no currently active context?
2026-05-21 08:56:27 [INFO] 分割完成，检测到 0 个物体
2026-05-21 08:56:27 [INFO] 保存分割和检测结果到: C:\code\show\Scrap_Steel_In_Field\photos\segmentation\segment_20260521_085627.jpg
2026-05-21 08:56:27 [INFO] JSON结果保存到: C:\code\show\Scrap_Steel_In_Field\photos\segmentation_result.json
2026-05-21 08:56:27 [INFO] 类别统计：{}
2026-05-21 08:56:27 [INFO] 面积统计：{}
2026-05-21 08:56:27 [ERROR] 分割失败: 未能生成有效的分割掩码
2026-05-21 08:56:27 [INFO] 引擎上下文已释放
2026-05-21 08:56:27 [INFO] TensorRT 引擎已释放
2026-05-21 08:56:27 [INFO] 全局 CUDA 资源已释放
2026-05-21 08:56:27 [INFO] 分割系统资源已释放
2026-05-21 08:56:32 [INFO] CUDA 初始化成功
2026-05-21 08:56:32 [INFO] 引擎加载成功: scrap_steel.engine
2026-05-21 08:56:32 [INFO] 分割系统初始化成功
2026-05-21 08:56:32 [INFO] 图像预处理完成，原始尺寸: (2160, 3840)
2026-05-21 08:56:32 [INFO] 开始执行分割...
2026-05-21 08:56:32 [DEBUG] 处理后的检测结果形状: (1, 8400, 6)
2026-05-21 08:56:32 [DEBUG] 示例检测结果: [[-4.01781464e+00 -3.29669857e+00  3.95593719e+01  1.58148451e+01
   3.72374132e-08  5.00000000e+00]
 [-6.18128204e+00 -2.94971275e+00  4.47627563e+01  3.00551319e+01
   9.31729094e-09  9.00000000e+00]
 [-3.44210052e+00 -3.29772282e+00  4.59768448e+01  3.04154816e+01
   4.31313651e-09  9.00000000e+00]]
2026-05-21 08:56:32 [DEBUG] 处理后检测输出形状: (0, 52)
2026-05-21 08:56:32 [DEBUG] 有效检测数量: 0
2026-05-21 08:56:32 [DEBUG] 检测输出为空
2026-05-21 08:56:32 [INFO] 掩码中检测到的类别: [0, 1, 2, 3, 4, 5, 6, 7, 8, 9, 10, 11, 12, 13, 15]
2026-05-21 08:56:32 [INFO] 分割完成，检测到 0 个物体
2026-05-21 08:56:32 [INFO] 从分割掩码中提取检测结果
2026-05-21 08:56:33 [INFO] 从掩码中提取了 589 个检测框
2026-05-21 08:56:33 [INFO] 保存分割和检测结果到: C:\code\show\Scrap_Steel_In_Field\photos\segmentation\segment_20260521_085633.jpg
2026-05-21 08:56:33 [INFO] JSON结果保存到: C:\code\show\Scrap_Steel_In_Field\photos\segmentation_result.json
2026-05-21 08:56:33 [INFO] 类别统计：{0: 17, 1: 53, 2: 38, 3: 10, 4: 49, 5: 39, 6: 31, 7: 52, 8: 87, 9: 50, 10: 33, 11: 42, 12: 16, 13: 41, 14: 0, 15: 31}
2026-05-21 08:56:33 [INFO] 面积统计：{0: np.float64(1814904.0), 1: np.float64(314352.0), 2: np.float64(89892.0), 3: np.float64(229824.0), 4: np.float64(238500.0), 5: np.float64(103176.0), 6: np.float64(547812.0), 7: np.float64(107892.0), 8: np.float64(1341072.0), 9: np.float64(287604.0), 10: np.float64(129168.0), 11: np.float64(208260.0), 12: np.float64(115992.0), 13: np.float64(771552.0), 15: np.float64(56124.0)}
2026-05-21 08:56:33 [INFO] 检测到车兜区域，将过滤区域外的目标
2026-05-21 08:56:33 [INFO] 车兜区域过滤: 589 -> 122 个目标
2026-05-21 08:56:33 [INFO] 分割成功
2026-05-21 08:56:33 [INFO] 引擎上下文已释放
2026-05-21 08:56:33 [INFO] TensorRT 引擎已释放
2026-05-21 08:56:33 [INFO] 全局 CUDA 资源已释放
2026-05-21 08:56:33 [INFO] 分割系统资源已释放
2026-05-21 08:56:39 [INFO] CUDA 初始化成功
2026-05-21 08:56:39 [INFO] 引擎加载成功: scrap_steel.engine
2026-05-21 08:56:39 [INFO] 分割系统初始化成功
2026-05-21 08:56:39 [INFO] 图像预处理完成，原始尺寸: (2160, 3840)
2026-05-21 08:56:39 [INFO] 开始执行分割...
2026-05-21 08:56:40 [DEBUG] 处理后的检测结果形状: (1, 8400, 6)
2026-05-21 08:56:40 [DEBUG] 示例检测结果: [[-3.93294144e+00 -3.24092674e+00  3.95099525e+01  1.55942287e+01
   3.68059503e-08  5.00000000e+00]
 [-6.13427734e+00 -2.91729927e+00  4.48235703e+01  2.99204655e+01
   9.28053634e-09  9.00000000e+00]
 [-3.44201279e+00 -3.27248096e+00  4.59897957e+01  3.03788834e+01
   4.31426095e-09  9.00000000e+00]]
2026-05-21 08:56:40 [DEBUG] 处理后检测输出形状: (0, 52)
2026-05-21 08:56:40 [DEBUG] 有效检测数量: 0
2026-05-21 08:56:40 [DEBUG] 检测输出为空
2026-05-21 08:56:40 [INFO] 掩码中检测到的类别: [0, 1, 2, 3, 4, 5, 6, 7, 8, 9, 10, 11, 12, 13, 15]
2026-05-21 08:56:40 [INFO] 分割完成，检测到 0 个物体
2026-05-21 08:56:40 [INFO] 从分割掩码中提取检测结果
2026-05-21 08:56:40 [INFO] 从掩码中提取了 636 个检测框
2026-05-21 08:56:41 [INFO] 保存分割和检测结果到: C:\code\show\Scrap_Steel_In_Field\photos\segmentation\segment_20260521_085640.jpg
2026-05-21 08:56:41 [INFO] JSON结果保存到: C:\code\show\Scrap_Steel_In_Field\photos\segmentation_result.json
2026-05-21 08:56:41 [INFO] 类别统计：{0: 60, 1: 64, 2: 35, 3: 7, 4: 45, 5: 44, 6: 28, 7: 48, 8: 94, 9: 53, 10: 29, 11: 43, 12: 14, 13: 35, 14: 0, 15: 37}
2026-05-21 08:56:41 [INFO] 面积统计：{0: np.float64(1805688.0), 1: np.float64(342576.0), 2: np.float64(95436.0), 3: np.float64(225792.0), 4: np.float64(220752.0), 5: np.float64(115560.0), 6: np.float64(573804.0), 7: np.float64(113256.0), 8: np.float64(1323432.0), 9: np.float64(293832.0), 10: np.float64(131976.0), 11: np.float64(209268.0), 12: np.float64(110376.0), 13: np.float64(781704.0), 15: np.float64(58644.0)}
2026-05-21 08:56:41 [INFO] 检测到车兜区域，将过滤区域外的目标
2026-05-21 08:56:41 [INFO] 车兜区域过滤: 636 -> 122 个目标
2026-05-21 08:56:41 [INFO] 分割成功
2026-05-21 08:56:41 [INFO] 引擎上下文已释放
2026-05-21 08:56:41 [INFO] TensorRT 引擎已释放
2026-05-21 08:56:41 [INFO] 全局 CUDA 资源已释放
2026-05-21 08:56:41 [INFO] 分割系统资源已释放
2026-05-21 08:56:45 [INFO] CUDA 初始化成功
2026-05-21 08:56:45 [INFO] 引擎加载成功: scrap_steel.engine
2026-05-21 08:56:45 [INFO] 分割系统初始化成功
2026-05-21 08:56:45 [INFO] 图像预处理完成，原始尺寸: (2160, 3840)
2026-05-21 08:56:45 [INFO] 开始执行分割...
2026-05-21 08:56:45 [DEBUG] 处理后的检测结果形状: (1, 8400, 6)
2026-05-21 08:56:45 [DEBUG] 示例检测结果: [[-3.99059296e+00 -3.27394676e+00  3.95571823e+01  1.56912937e+01
   3.78321374e-08  5.00000000e+00]
 [-6.17963791e+00 -2.94986534e+00  4.47849350e+01  2.99779148e+01
   9.51707690e-09  9.00000000e+00]
 [-3.45726776e+00 -3.28660679e+00  4.59360580e+01  3.03477478e+01
   4.34344827e-09  9.00000000e+00]]
2026-05-21 08:56:45 [DEBUG] 处理后检测输出形状: (0, 52)
2026-05-21 08:56:45 [DEBUG] 有效检测数量: 0
2026-05-21 08:56:45 [DEBUG] 检测输出为空
2026-05-21 08:56:45 [INFO] 掩码中检测到的类别: [0, 1, 2, 3, 4, 5, 6, 7, 8, 9, 10, 11, 12, 13, 15]
2026-05-21 08:56:45 [INFO] 分割完成，检测到 0 个物体
2026-05-21 08:56:45 [INFO] 从分割掩码中提取检测结果
2026-05-21 08:56:45 [INFO] 从掩码中提取了 588 个检测框
2026-05-21 08:56:46 [INFO] 保存分割和检测结果到: C:\code\show\Scrap_Steel_In_Field\photos\segmentation\segment_20260521_085645.jpg
2026-05-21 08:56:46 [INFO] JSON结果保存到: C:\code\show\Scrap_Steel_In_Field\photos\segmentation_result.json
2026-05-21 08:56:46 [INFO] 类别统计：{0: 22, 1: 57, 2: 34, 3: 10, 4: 48, 5: 38, 6: 27, 7: 46, 8: 86, 9: 57, 10: 34, 11: 40, 12: 16, 13: 40, 14: 0, 15: 33}
2026-05-21 08:56:46 [INFO] 面积统计：{0: np.float64(1842228.0), 1: np.float64(318564.0), 2: np.float64(94536.0), 3: np.float64(214020.0), 4: np.float64(251208.0), 5: np.float64(115704.0), 6: np.float64(559980.0), 7: np.float64(111024.0), 8: np.float64(1281132.0), 9: np.float64(273384.0), 10: np.float64(133920.0), 11: np.float64(214056.0), 12: np.float64(106776.0), 13: np.float64(796032.0), 15: np.float64(53100.0)}
2026-05-21 08:56:46 [INFO] 检测到车兜区域，将过滤区域外的目标
2026-05-21 08:56:46 [INFO] 车兜区域过滤: 588 -> 112 个目标
2026-05-21 08:56:46 [INFO] 分割成功
2026-05-21 08:56:46 [INFO] 引擎上下文已释放
2026-05-21 08:56:46 [INFO] TensorRT 引擎已释放
2026-05-21 08:56:46 [INFO] 全局 CUDA 资源已释放
2026-05-21 08:56:46 [INFO] 分割系统资源已释放
2026-05-21 08:56:50 [INFO] CUDA 初始化成功
2026-05-21 08:56:50 [INFO] 引擎加载成功: scrap_steel.engine
2026-05-21 08:56:50 [INFO] 分割系统初始化成功
2026-05-21 08:56:50 [INFO] 图像预处理完成，原始尺寸: (2160, 3840)
2026-05-21 08:56:50 [INFO] 开始执行分割...
2026-05-21 08:56:51 [DEBUG] 处理后的检测结果形状: (1, 8400, 6)
2026-05-21 08:56:51 [DEBUG] 示例检测结果: [[-4.00428009e+00 -3.29949045e+00  3.96356201e+01  1.58584728e+01
   3.70926010e-08  5.00000000e+00]
 [-6.13827515e+00 -2.93774033e+00  4.47528038e+01  2.99892998e+01
   9.35374178e-09  9.00000000e+00]
 [-3.43099976e+00 -3.27358627e+00  4.58861847e+01  3.03451729e+01
   4.28094893e-09  9.00000000e+00]]
2026-05-21 08:56:51 [DEBUG] 处理后检测输出形状: (0, 52)
2026-05-21 08:56:51 [DEBUG] 有效检测数量: 0
2026-05-21 08:56:51 [DEBUG] 检测输出为空
2026-05-21 08:56:51 [INFO] 掩码中检测到的类别: [0, 1, 2, 3, 4, 5, 6, 7, 8, 9, 10, 11, 12, 13, 15]
2026-05-21 08:56:51 [INFO] 分割完成，检测到 0 个物体
2026-05-21 08:56:51 [INFO] 从分割掩码中提取检测结果
2026-05-21 08:56:51 [INFO] 从掩码中提取了 614 个检测框
2026-05-21 08:56:52 [INFO] 保存分割和检测结果到: C:\code\show\Scrap_Steel_In_Field\photos\segmentation\segment_20260521_085651.jpg
2026-05-21 08:56:52 [INFO] JSON结果保存到: C:\code\show\Scrap_Steel_In_Field\photos\segmentation_result.json
2026-05-21 08:56:52 [INFO] 类别统计：{0: 39, 1: 57, 2: 34, 3: 10, 4: 44, 5: 44, 6: 28, 7: 49, 8: 89, 9: 52, 10: 37, 11: 43, 12: 17, 13: 41, 14: 0, 15: 30}
2026-05-21 08:56:52 [INFO] 面积统计：{0: np.float64(1777428.0), 1: np.float64(318168.0), 2: np.float64(91728.0), 3: np.float64(218484.0), 4: np.float64(271080.0), 5: np.float64(104328.0), 6: np.float64(545652.0), 7: np.float64(109116.0), 8: np.float64(1305396.0), 9: np.float64(291852.0), 10: np.float64(128484.0), 11: np.float64(205992.0), 12: np.float64(102780.0), 13: np.float64(804996.0), 15: np.float64(50976.0)}
2026-05-21 08:56:52 [INFO] 检测到车兜区域，将过滤区域外的目标
2026-05-21 08:56:52 [INFO] 车兜区域过滤: 614 -> 120 个目标
2026-05-21 08:56:52 [INFO] 分割成功
2026-05-21 08:56:52 [INFO] 引擎上下文已释放
2026-05-21 08:56:52 [INFO] TensorRT 引擎已释放
2026-05-21 08:56:52 [INFO] 全局 CUDA 资源已释放
2026-05-21 08:56:52 [INFO] 分割系统资源已释放
