2025-05-22 15:21:35 [INFO] CUDA 初始化成功
2025-05-22 15:21:35 [INFO] 引擎加载成功: scrap_steel.engine
2025-05-22 15:21:35 [INFO] 分割系统初始化成功
2025-05-22 15:21:35 [INFO] 图像预处理完成，原始尺寸: (2160, 3840)
2025-05-22 15:21:35 [INFO] 开始执行分割...
2025-05-22 15:21:36 [DEBUG] 处理后的检测结果形状: (1, 8400, 6)
2025-05-22 15:21:36 [DEBUG] 示例检测结果: [[-3.88365936e+00 -3.16972733e+00  3.97772636e+01  1.50497017e+01
   4.51478854e-08  5.00000000e+00]
 [-6.05783844e+00 -2.79908180e+00  4.51493454e+01  2.99979839e+01
   9.95954963e-09  9.00000000e+00]
 [-3.47145844e+00 -3.30277061e+00  4.61105690e+01  3.10025005e+01
   4.43641568e-09  9.00000000e+00]]
2025-05-22 15:21:36 [DEBUG] 处理后检测输出形状: (0, 52)
2025-05-22 15:21:36 [DEBUG] 有效检测数量: 0
2025-05-22 15:21:36 [DEBUG] 检测输出为空
2025-05-22 15:21:36 [INFO] 掩码中检测到的类别: [0, 1, 2, 3, 4, 5, 6, 7, 8, 9, 10, 11, 12, 13, 14, 15]
2025-05-22 15:21:36 [INFO] 分割完成，检测到 0 个物体
2025-05-22 15:21:36 [INFO] 从分割掩码中提取检测结果
2025-05-22 15:21:36 [INFO] 从掩码中提取了 515 个检测框
2025-05-22 15:21:36 [INFO] 保存分割和检测结果到: C:\Users\qinguang\feigangxiangmu\Scrap_steel_system\Scrap_Steel_In_Field\photos\segmentation\segment_20250522_152136.jpg
2025-05-22 15:21:36 [INFO] JSON结果保存到: C:\Users\qinguang\feigangxiangmu\Scrap_steel_system\Scrap_Steel_In_Field\photos\segmentation_result.json
2025-05-22 15:21:36 [INFO] 类别统计：{0: 22, 1: 59, 2: 16, 3: 4, 4: 49, 5: 29, 6: 21, 7: 27, 8: 45, 9: 58, 10: 38, 11: 14, 12: 17, 13: 81, 14: 0, 15: 35}
2025-05-22 15:21:36 [INFO] 面积统计：{0: 2583900.0, 1: 559404.0, 2: 75780.0, 3: 283968.0, 4: 206748.0, 5: 90720.0, 6: 1214280.0, 7: 35928.0, 8: 817992.0, 9: 227772.0, 10: 156456.0, 11: 245268.0, 12: 67896.0, 13: 750456.0, 14: 72.0, 15: 70560.0}
2025-05-22 15:21:37 [INFO] 分割成功
2025-05-22 15:21:37 [INFO] 引擎上下文已释放
2025-05-22 15:21:37 [INFO] TensorRT 引擎已释放
2025-05-22 15:21:37 [INFO] 全局 CUDA 资源已释放
2025-05-22 15:21:37 [INFO] 分割系统资源已释放
