2026-07-01 19:56:35 [INFO] CUDA 初始化成功
2026-07-01 19:56:35 [INFO] 引擎加载成功: scrap_steel.engine
2026-07-01 19:56:35 [INFO] 分割系统初始化成功
2026-07-01 19:56:38 [INFO] 引擎加载成功: scrap_steel.engine
2026-07-01 19:56:38 [INFO] 分割系统初始化成功
2026-07-01 19:56:38 [INFO] 图像预处理完成，原始尺寸: (2160, 3840)
2026-07-01 19:56:38 [INFO] 开始执行分割...
2026-07-01 19:56:38 [ERROR] 推理过程发生异常: explicit_context_dependent failed: invalid device context - no currently active context?
2026-07-01 19:56:38 [INFO] 分割完成，检测到 0 个物体
2026-07-01 19:56:38 [INFO] 计算出的车框矩形边界: (1073, 668) to (3278, 1621)
2026-07-01 19:56:38 [INFO] 原始检测数: 0, 过滤后检测数: 0
2026-07-01 19:56:38 [ERROR] 保存结果失败: 'NoneType' object has no attribute 'shape'
2026-07-01 19:56:38 [ERROR] 分割失败: 未能生成有效的分割掩码
2026-07-01 19:56:38 [INFO] 引擎上下文已释放
2026-07-01 19:56:38 [INFO] TensorRT 引擎已释放
2026-07-01 19:56:38 [INFO] 全局 CUDA 资源已释放
2026-07-01 19:56:38 [INFO] 分割系统资源已释放
2026-07-01 19:56:44 [INFO] CUDA 初始化成功
2026-07-01 19:56:44 [INFO] 引擎加载成功: scrap_steel.engine
2026-07-01 19:56:44 [INFO] 分割系统初始化成功
2026-07-01 19:56:44 [INFO] 图像预处理完成，原始尺寸: (2160, 3840)
2026-07-01 19:56:44 [INFO] 开始执行分割...
2026-07-01 19:56:44 [DEBUG] 处理后的检测结果形状: (1, 8400, 6)
2026-07-01 19:56:44 [DEBUG] 示例检测结果: [[-3.95034409e+00 -3.20695639e+00  3.90059814e+01  1.50591221e+01
   4.89078857e-08  5.00000000e+00]
 [-6.30403519e+00 -2.88637733e+00  4.43554802e+01  2.94410992e+01
   1.05617106e-08  9.00000000e+00]
 [-3.64525604e+00 -3.48423958e+00  4.57549591e+01  3.03797970e+01
   4.59215599e-09  9.00000000e+00]]
2026-07-01 19:56:44 [DEBUG] 处理后检测输出形状: (0, 52)
2026-07-01 19:56:44 [DEBUG] 有效检测数量: 0
2026-07-01 19:56:44 [DEBUG] 检测输出为空
2026-07-01 19:56:44 [INFO] 掩码中检测到的类别: [0, 1, 2, 3, 4, 5, 6, 7, 8, 9, 10, 11, 12, 13, 15]
2026-07-01 19:56:44 [INFO] 分割完成，检测到 0 个物体
2026-07-01 19:56:44 [INFO] 从分割掩码中提取检测结果
2026-07-01 19:56:45 [INFO] 从掩码中提取了 404 个检测框
2026-07-01 19:56:45 [INFO] 计算出的车框矩形边界: (1072, 668) to (3277, 1621)
2026-07-01 19:56:45 [INFO] 原始检测数: 404, 过滤后检测数: 218
2026-07-01 19:56:45 [INFO] 保存分割和检测结果到: C:\code\show\Scrap_Steel_In_Field\photos\segmentation\segment_20260701_195645.jpg
2026-07-01 19:56:45 [INFO] JSON结果保存到: C:\code\show\Scrap_Steel_In_Field\photos\segmentation_result.json
2026-07-01 19:56:45 [INFO] 类别统计：{0: 20, 1: 46, 2: 22, 3: 1, 4: 23, 5: 19, 6: 28, 7: 32, 8: 45, 9: 42, 10: 22, 11: 17, 12: 20, 13: 48, 14: 0, 15: 19}
2026-07-01 19:56:45 [INFO] 面积统计：{0: 3234060.0, 1: 601632.0, 2: 64080.0, 3: 150552.0, 4: 199944.0, 5: 61236.0, 6: 518508.0, 7: 34020.0, 8: 825516.0, 9: 151920.0, 10: 142704.0, 11: 286380.0, 12: 80136.0, 13: 578376.0, 15: 404532.0}
2026-07-01 19:56:45 [INFO] 分割成功
2026-07-01 19:56:45 [INFO] 引擎上下文已释放
2026-07-01 19:56:45 [INFO] TensorRT 引擎已释放
2026-07-01 19:56:45 [INFO] 全局 CUDA 资源已释放
2026-07-01 19:56:45 [INFO] 分割系统资源已释放
2026-07-01 19:56:49 [INFO] CUDA 初始化成功
2026-07-01 19:56:49 [INFO] 引擎加载成功: scrap_steel.engine
2026-07-01 19:56:49 [INFO] 分割系统初始化成功
2026-07-01 19:56:49 [INFO] 图像预处理完成，原始尺寸: (2160, 3840)
2026-07-01 19:56:49 [INFO] 开始执行分割...
2026-07-01 19:56:49 [DEBUG] 处理后的检测结果形状: (1, 8400, 6)
2026-07-01 19:56:49 [DEBUG] 示例检测结果: [[-3.95040894e+00 -3.17643356e+00  3.89882431e+01  1.48906975e+01
   4.81419953e-08  5.00000000e+00]
 [-6.31916809e+00 -2.87939548e+00  4.44023247e+01  2.93489456e+01
   1.04904680e-08  9.00000000e+00]
 [-3.64698792e+00 -3.47118473e+00  4.57800064e+01  3.03041611e+01
   4.52582771e-09  9.00000000e+00]]
2026-07-01 19:56:49 [DEBUG] 处理后检测输出形状: (0, 52)
2026-07-01 19:56:49 [DEBUG] 有效检测数量: 0
2026-07-01 19:56:49 [DEBUG] 检测输出为空
2026-07-01 19:56:49 [INFO] 掩码中检测到的类别: [0, 1, 2, 3, 4, 5, 6, 7, 8, 9, 10, 11, 12, 13, 15]
2026-07-01 19:56:49 [INFO] 分割完成，检测到 0 个物体
2026-07-01 19:56:49 [INFO] 从分割掩码中提取检测结果
2026-07-01 19:56:50 [INFO] 从掩码中提取了 410 个检测框
2026-07-01 19:56:50 [INFO] 计算出的车框矩形边界: (1074, 665) to (3278, 1621)
2026-07-01 19:56:50 [INFO] 原始检测数: 410, 过滤后检测数: 219
2026-07-01 19:56:50 [INFO] 保存分割和检测结果到: C:\code\show\Scrap_Steel_In_Field\photos\segmentation\segment_20260701_195650.jpg
2026-07-01 19:56:50 [INFO] JSON结果保存到: C:\code\show\Scrap_Steel_In_Field\photos\segmentation_result.json
2026-07-01 19:56:50 [INFO] 类别统计：{0: 21, 1: 49, 2: 18, 3: 2, 4: 17, 5: 21, 6: 32, 7: 32, 8: 53, 9: 40, 10: 25, 11: 12, 12: 19, 13: 46, 14: 0, 15: 23}
2026-07-01 19:56:50 [INFO] 面积统计：{0: 3165840.0, 1: 568368.0, 2: 62316.0, 3: 146952.0, 4: 208872.0, 5: 56196.0, 6: 502200.0, 7: 37296.0, 8: 817992.0, 9: 142236.0, 10: 130032.0, 11: 280260.0, 12: 80856.0, 13: 581904.0, 15: 404244.0}
2026-07-01 19:56:50 [INFO] 分割成功
2026-07-01 19:56:50 [INFO] 引擎上下文已释放
2026-07-01 19:56:50 [INFO] TensorRT 引擎已释放
2026-07-01 19:56:50 [INFO] 全局 CUDA 资源已释放
2026-07-01 19:56:50 [INFO] 分割系统资源已释放
2026-07-01 19:56:54 [INFO] CUDA 初始化成功
2026-07-01 19:56:54 [INFO] 引擎加载成功: scrap_steel.engine
2026-07-01 19:56:54 [INFO] 分割系统初始化成功
2026-07-01 19:56:55 [INFO] 图像预处理完成，原始尺寸: (2160, 3840)
2026-07-01 19:56:55 [INFO] 开始执行分割...
2026-07-01 19:56:55 [DEBUG] 处理后的检测结果形状: (1, 8400, 6)
2026-07-01 19:56:55 [DEBUG] 示例检测结果: [[-3.97827911e+00 -3.15092182e+00  3.89889679e+01  1.48855867e+01
   4.69819454e-08  5.00000000e+00]
 [-6.37448883e+00 -2.86321068e+00  4.43905525e+01  2.93347492e+01
   1.05110489e-08  9.00000000e+00]
 [-3.65258026e+00 -3.45713902e+00  4.57721558e+01  3.03342094e+01
   4.55519000e-09  9.00000000e+00]]
2026-07-01 19:56:55 [DEBUG] 处理后检测输出形状: (0, 52)
2026-07-01 19:56:55 [DEBUG] 有效检测数量: 0
2026-07-01 19:56:55 [DEBUG] 检测输出为空
2026-07-01 19:56:55 [INFO] 掩码中检测到的类别: [0, 1, 2, 3, 4, 5, 6, 7, 8, 9, 10, 11, 12, 13, 15]
2026-07-01 19:56:55 [INFO] 分割完成，检测到 0 个物体
2026-07-01 19:56:55 [INFO] 从分割掩码中提取检测结果
2026-07-01 19:56:55 [INFO] 从掩码中提取了 393 个检测框
2026-07-01 19:56:55 [INFO] 计算出的车框矩形边界: (1076, 671) to (3279, 1621)
2026-07-01 19:56:55 [INFO] 原始检测数: 393, 过滤后检测数: 211
2026-07-01 19:56:55 [INFO] 保存分割和检测结果到: C:\code\show\Scrap_Steel_In_Field\photos\segmentation\segment_20260701_195655.jpg
2026-07-01 19:56:55 [INFO] JSON结果保存到: C:\code\show\Scrap_Steel_In_Field\photos\segmentation_result.json
2026-07-01 19:56:55 [INFO] 类别统计：{0: 17, 1: 41, 2: 18, 3: 1, 4: 19, 5: 21, 6: 28, 7: 32, 8: 54, 9: 37, 10: 19, 11: 19, 12: 21, 13: 46, 14: 0, 15: 20}
2026-07-01 19:56:55 [INFO] 面积统计：{0: 3268044.0, 1: 610776.0, 2: 62460.0, 3: 148464.0, 4: 217476.0, 5: 59148.0, 6: 501732.0, 7: 37764.0, 8: 792144.0, 9: 134676.0, 10: 137052.0, 11: 291276.0, 12: 81720.0, 13: 581796.0, 15: 421128.0}
2026-07-01 19:56:55 [INFO] 分割成功
2026-07-01 19:56:55 [INFO] 引擎上下文已释放
2026-07-01 19:56:55 [INFO] TensorRT 引擎已释放
2026-07-01 19:56:56 [INFO] 全局 CUDA 资源已释放
2026-07-01 19:56:56 [INFO] 分割系统资源已释放
2026-07-01 19:57:00 [INFO] CUDA 初始化成功
2026-07-01 19:57:00 [INFO] 引擎加载成功: scrap_steel.engine
2026-07-01 19:57:00 [INFO] 分割系统初始化成功
2026-07-01 19:57:00 [INFO] 图像预处理完成，原始尺寸: (2160, 3840)
2026-07-01 19:57:00 [INFO] 开始执行分割...
2026-07-01 19:57:00 [DEBUG] 处理后的检测结果形状: (1, 8400, 6)
2026-07-01 19:57:00 [DEBUG] 示例检测结果: [[-3.94617844e+00 -3.16210556e+00  3.88819847e+01  1.48866100e+01
   4.79428834e-08  5.00000000e+00]
 [-6.29626083e+00 -2.87488842e+00  4.43463593e+01  2.93828430e+01
   1.05013198e-08  9.00000000e+00]
 [-3.64462280e+00 -3.45660114e+00  4.57415009e+01  3.03327217e+01
   4.59705074e-09  9.00000000e+00]]
2026-07-01 19:57:00 [DEBUG] 处理后检测输出形状: (0, 52)
2026-07-01 19:57:00 [DEBUG] 有效检测数量: 0
2026-07-01 19:57:00 [DEBUG] 检测输出为空
2026-07-01 19:57:00 [INFO] 掩码中检测到的类别: [0, 1, 2, 3, 4, 5, 6, 7, 8, 9, 10, 11, 12, 13, 15]
2026-07-01 19:57:00 [INFO] 分割完成，检测到 0 个物体
2026-07-01 19:57:00 [INFO] 从分割掩码中提取检测结果
2026-07-01 19:57:00 [INFO] 从掩码中提取了 411 个检测框
2026-07-01 19:57:00 [INFO] 计算出的车框矩形边界: (1072, 668) to (3277, 1621)
2026-07-01 19:57:00 [INFO] 原始检测数: 411, 过滤后检测数: 221
2026-07-01 19:57:01 [INFO] 保存分割和检测结果到: C:\code\show\Scrap_Steel_In_Field\photos\segmentation\segment_20260701_195700.jpg
2026-07-01 19:57:01 [INFO] JSON结果保存到: C:\code\show\Scrap_Steel_In_Field\photos\segmentation_result.json
2026-07-01 19:57:01 [INFO] 类别统计：{0: 29, 1: 48, 2: 19, 3: 1, 4: 21, 5: 27, 6: 24, 7: 36, 8: 45, 9: 41, 10: 20, 11: 14, 12: 19, 13: 44, 14: 0, 15: 23}
2026-07-01 19:57:01 [INFO] 面积统计：{0: 3203640.0, 1: 608472.0, 2: 67572.0, 3: 148068.0, 4: 205884.0, 5: 52020.0, 6: 496152.0, 7: 35568.0, 8: 802764.0, 9: 142128.0, 10: 142236.0, 11: 278424.0, 12: 88020.0, 13: 591300.0, 15: 426708.0}
2026-07-01 19:57:01 [INFO] 分割成功
2026-07-01 19:57:01 [INFO] 引擎上下文已释放
2026-07-01 19:57:01 [INFO] TensorRT 引擎已释放
2026-07-01 19:57:01 [INFO] 全局 CUDA 资源已释放
2026-07-01 19:57:01 [INFO] 分割系统资源已释放
2026-07-01 19:57:05 [INFO] CUDA 初始化成功
2026-07-01 19:57:05 [INFO] 引擎加载成功: scrap_steel.engine
2026-07-01 19:57:05 [INFO] 分割系统初始化成功
2026-07-01 19:57:05 [INFO] 图像预处理完成，原始尺寸: (2160, 3840)
2026-07-01 19:57:05 [INFO] 开始执行分割...
2026-07-01 19:57:05 [DEBUG] 处理后的检测结果形状: (1, 8400, 6)
2026-07-01 19:57:05 [DEBUG] 示例检测结果: [[-3.91492844e+00 -3.14711952e+00  3.89085197e+01  1.48842316e+01
   4.89078857e-08  5.00000000e+00]
 [-6.26247787e+00 -2.85180092e+00  4.44288826e+01  2.93766003e+01
   1.06927232e-08  9.00000000e+00]
 [-3.62691498e+00 -3.41827774e+00  4.57825317e+01  3.03189621e+01
   4.74238959e-09  9.00000000e+00]]
2026-07-01 19:57:05 [DEBUG] 处理后检测输出形状: (0, 52)
2026-07-01 19:57:05 [DEBUG] 有效检测数量: 0
2026-07-01 19:57:05 [DEBUG] 检测输出为空
2026-07-01 19:57:05 [INFO] 掩码中检测到的类别: [0, 1, 2, 3, 4, 5, 6, 7, 8, 9, 10, 11, 12, 13, 15]
2026-07-01 19:57:05 [INFO] 分割完成，检测到 0 个物体
2026-07-01 19:57:05 [INFO] 从分割掩码中提取检测结果
2026-07-01 19:57:05 [INFO] 从掩码中提取了 401 个检测框
2026-07-01 19:57:05 [INFO] 计算出的车框矩形边界: (1073, 669) to (3279, 1621)
2026-07-01 19:57:05 [INFO] 原始检测数: 401, 过滤后检测数: 211
2026-07-01 19:57:06 [INFO] 保存分割和检测结果到: C:\code\show\Scrap_Steel_In_Field\photos\segmentation\segment_20260701_195705.jpg
2026-07-01 19:57:06 [INFO] JSON结果保存到: C:\code\show\Scrap_Steel_In_Field\photos\segmentation_result.json
2026-07-01 19:57:06 [INFO] 类别统计：{0: 14, 1: 41, 2: 20, 3: 3, 4: 20, 5: 22, 6: 28, 7: 29, 8: 52, 9: 39, 10: 24, 11: 20, 12: 21, 13: 43, 14: 0, 15: 25}
2026-07-01 19:57:06 [INFO] 面积统计：{0: 3245832.0, 1: 623304.0, 2: 62928.0, 3: 150300.0, 4: 217908.0, 5: 56340.0, 6: 492264.0, 7: 34056.0, 8: 822708.0, 9: 147924.0, 10: 134604.0, 11: 289404.0, 12: 108792.0, 13: 589536.0, 15: 372780.0}
2026-07-01 19:57:06 [INFO] 分割成功
2026-07-01 19:57:06 [INFO] 引擎上下文已释放
2026-07-01 19:57:06 [INFO] TensorRT 引擎已释放
2026-07-01 19:57:06 [INFO] 全局 CUDA 资源已释放
2026-07-01 19:57:06 [INFO] 分割系统资源已释放
2026-07-01 19:57:10 [INFO] CUDA 初始化成功
2026-07-01 19:57:10 [INFO] 引擎加载成功: scrap_steel.engine
2026-07-01 19:57:10 [INFO] 分割系统初始化成功
2026-07-01 19:57:10 [INFO] 图像预处理完成，原始尺寸: (2160, 3840)
2026-07-01 19:57:10 [INFO] 开始执行分割...
2026-07-01 19:57:10 [DEBUG] 处理后的检测结果形状: (1, 8400, 6)
2026-07-01 19:57:10 [DEBUG] 示例检测结果: [[-3.98016357e+00 -3.18674469e+00  3.90012207e+01  1.49650135e+01
   4.81284772e-08  5.00000000e+00]
 [-6.37111664e+00 -2.89727020e+00  4.43924408e+01  2.93943748e+01
   1.06144515e-08  9.00000000e+00]
 [-3.64977646e+00 -3.48449135e+00  4.57732391e+01  3.03222866e+01
   4.63318983e-09  9.00000000e+00]]
2026-07-01 19:57:10 [DEBUG] 处理后检测输出形状: (0, 52)
2026-07-01 19:57:10 [DEBUG] 有效检测数量: 0
2026-07-01 19:57:10 [DEBUG] 检测输出为空
2026-07-01 19:57:10 [INFO] 掩码中检测到的类别: [0, 1, 2, 3, 4, 5, 6, 7, 8, 9, 10, 11, 12, 13, 15]
2026-07-01 19:57:10 [INFO] 分割完成，检测到 0 个物体
2026-07-01 19:57:10 [INFO] 从分割掩码中提取检测结果
2026-07-01 19:57:10 [INFO] 从掩码中提取了 403 个检测框
2026-07-01 19:57:10 [INFO] 计算出的车框矩形边界: (1072, 668) to (3277, 1621)
2026-07-01 19:57:10 [INFO] 原始检测数: 403, 过滤后检测数: 217
2026-07-01 19:57:11 [INFO] 保存分割和检测结果到: C:\code\show\Scrap_Steel_In_Field\photos\segmentation\segment_20260701_195710.jpg
2026-07-01 19:57:11 [INFO] JSON结果保存到: C:\code\show\Scrap_Steel_In_Field\photos\segmentation_result.json
2026-07-01 19:57:11 [INFO] 类别统计：{0: 19, 1: 44, 2: 21, 3: 3, 4: 18, 5: 22, 6: 28, 7: 32, 8: 49, 9: 37, 10: 22, 11: 18, 12: 20, 13: 49, 14: 0, 15: 21}
2026-07-01 19:57:11 [INFO] 面积统计：{0: 3234024.0, 1: 610884.0, 2: 60660.0, 3: 148500.0, 4: 206820.0, 5: 57276.0, 6: 487296.0, 7: 35100.0, 8: 827532.0, 9: 150372.0, 10: 142344.0, 11: 292068.0, 12: 79920.0, 13: 593136.0, 15: 390888.0}
2026-07-01 19:57:11 [INFO] 分割成功
2026-07-01 19:57:11 [INFO] 引擎上下文已释放
2026-07-01 19:57:11 [INFO] TensorRT 引擎已释放
2026-07-01 19:57:11 [INFO] 全局 CUDA 资源已释放
2026-07-01 19:57:11 [INFO] 分割系统资源已释放
2026-07-01 19:57:15 [INFO] CUDA 初始化成功
2026-07-01 19:57:15 [INFO] 引擎加载成功: scrap_steel.engine
2026-07-01 19:57:15 [INFO] 分割系统初始化成功
2026-07-01 19:57:15 [INFO] 图像预处理完成，原始尺寸: (2160, 3840)
2026-07-01 19:57:15 [INFO] 开始执行分割...
2026-07-01 19:57:15 [DEBUG] 处理后的检测结果形状: (1, 8400, 6)
2026-07-01 19:57:15 [DEBUG] 示例检测结果: [[-3.94807434e+00 -3.19806862e+00  3.90216484e+01  1.49693089e+01
   4.83310814e-08  5.00000000e+00]
 [-6.34322357e+00 -2.90133858e+00  4.44139023e+01  2.94477291e+01
   1.05731237e-08  9.00000000e+00]
 [-3.64848328e+00 -3.49958038e+00  4.58043365e+01  3.03736801e+01
   4.56143923e-09  9.00000000e+00]]
2026-07-01 19:57:15 [DEBUG] 处理后检测输出形状: (0, 52)
2026-07-01 19:57:15 [DEBUG] 有效检测数量: 0
2026-07-01 19:57:15 [DEBUG] 检测输出为空
2026-07-01 19:57:15 [INFO] 掩码中检测到的类别: [0, 1, 2, 3, 4, 5, 6, 7, 8, 9, 10, 11, 12, 13, 15]
2026-07-01 19:57:15 [INFO] 分割完成，检测到 0 个物体
2026-07-01 19:57:15 [INFO] 从分割掩码中提取检测结果
2026-07-01 19:57:15 [INFO] 从掩码中提取了 401 个检测框
2026-07-01 19:57:15 [INFO] 计算出的车框矩形边界: (1072, 665) to (3278, 1621)
2026-07-01 19:57:15 [INFO] 原始检测数: 401, 过滤后检测数: 209
2026-07-01 19:57:16 [INFO] 保存分割和检测结果到: C:\code\show\Scrap_Steel_In_Field\photos\segmentation\segment_20260701_195715.jpg
2026-07-01 19:57:16 [INFO] JSON结果保存到: C:\code\show\Scrap_Steel_In_Field\photos\segmentation_result.json
2026-07-01 19:57:16 [INFO] 类别统计：{0: 18, 1: 48, 2: 20, 3: 0, 4: 20, 5: 25, 6: 26, 7: 29, 8: 46, 9: 40, 10: 23, 11: 15, 12: 22, 13: 46, 14: 0, 15: 23}
2026-07-01 19:57:16 [INFO] 面积统计：{0: 3234132.0, 1: 591228.0, 2: 64152.0, 3: 147708.0, 4: 211356.0, 5: 59472.0, 6: 487548.0, 7: 32472.0, 8: 821592.0, 9: 148212.0, 10: 129204.0, 11: 284328.0, 12: 86796.0, 13: 573948.0, 15: 394992.0}
2026-07-01 19:57:16 [INFO] 分割成功
2026-07-01 19:57:16 [INFO] 引擎上下文已释放
2026-07-01 19:57:16 [INFO] TensorRT 引擎已释放
2026-07-01 19:57:16 [INFO] 全局 CUDA 资源已释放
2026-07-01 19:57:16 [INFO] 分割系统资源已释放
