2026-05-21 11:40:11 [INFO] CUDA 初始化成功
2026-05-21 11:40:11 [INFO] 引擎加载成功: scrap_steel.engine
2026-05-21 11:40:11 [INFO] 分割系统初始化成功
2026-05-21 11:40:14 [INFO] 引擎加载成功: scrap_steel.engine
2026-05-21 11:40:14 [INFO] 分割系统初始化成功
2026-05-21 11:40:14 [INFO] 图像预处理完成，原始尺寸: (2160, 3840)
2026-05-21 11:40:14 [INFO] 开始执行分割...
2026-05-21 11:40:14 [ERROR] 推理过程发生异常: explicit_context_dependent failed: invalid device context - no currently active context?
2026-05-21 11:40:14 [INFO] 分割完成，检测到 0 个物体
2026-05-21 11:40:14 [ERROR] 分割失败: 未能生成有效的分割掩码
2026-05-21 11:40:14 [INFO] 引擎上下文已释放
2026-05-21 11:40:14 [INFO] TensorRT 引擎已释放
2026-05-21 11:40:14 [INFO] 全局 CUDA 资源已释放
2026-05-21 11:40:14 [INFO] 分割系统资源已释放
2026-05-21 11:40:20 [INFO] CUDA 初始化成功
2026-05-21 11:40:20 [INFO] 引擎加载成功: scrap_steel.engine
2026-05-21 11:40:20 [INFO] 分割系统初始化成功
2026-05-21 11:40:20 [INFO] 图像预处理完成，原始尺寸: (2160, 3840)
2026-05-21 11:40:20 [INFO] 开始执行分割...
2026-05-21 11:40:20 [DEBUG] 处理后的检测结果形状: (1, 8400, 6)
2026-05-21 11:40:20 [DEBUG] 示例检测结果: [[-4.13864136e+00 -3.30997849e+00  3.91274643e+01  1.56548214e+01
   4.04163849e-08  5.00000000e+00]
 [-6.44897079e+00 -3.07176971e+00  4.41528969e+01  2.99679451e+01
   9.49937728e-09  9.00000000e+00]
 [-3.64944458e+00 -3.63508034e+00  4.56828384e+01  3.05678730e+01
   4.10330969e-09  9.00000000e+00]]
2026-05-21 11:40:20 [DEBUG] 处理后检测输出形状: (0, 52)
2026-05-21 11:40:20 [DEBUG] 有效检测数量: 0
2026-05-21 11:40:20 [DEBUG] 检测输出为空
2026-05-21 11:40:20 [INFO] 掩码中检测到的类别: [0, 1, 2, 3, 4, 5, 6, 7, 8, 9, 10, 11, 12, 13, 15]
2026-05-21 11:40:20 [INFO] 分割完成，检测到 0 个物体
2026-05-21 11:40:20 [INFO] 从分割掩码中提取检测结果
2026-05-21 11:40:21 [INFO] 从掩码中提取了 562 个检测框
2026-05-21 11:40:21 [INFO] 检测到车兜区域，将过滤区域外的目标
2026-05-21 11:40:21 [INFO] 车兜区域过滤: 562 -> 182 个目标
2026-05-21 11:40:21 [INFO] 保存分割和检测结果到: C:\code\show\Scrap_Steel_In_Field\photos\segmentation\segment_20260521_114021.jpg
2026-05-21 11:40:21 [INFO] JSON结果保存到: C:\code\show\Scrap_Steel_In_Field\photos\segmentation_result.json
2026-05-21 11:40:21 [INFO] 类别统计：{1: 365948, 2: 35028, 3: 1116, 4: 3924, 5: 54252, 6: 48816, 7: 28188, 8: 19764, 9: 45187, 10: 95940, 11: 612, 12: 114880, 13: 10677, 15: 12672}
2026-05-21 11:40:21 [INFO] 面积统计：{1: np.float64(365948.0), 2: np.float64(35028.0), 3: np.float64(1116.0), 4: np.float64(3924.0), 5: np.float64(54252.0), 6: np.float64(48816.0), 7: np.float64(28188.0), 8: np.float64(19764.0), 9: np.float64(45187.0), 10: np.float64(95940.0), 11: np.float64(612.0), 12: np.float64(114880.0), 13: np.float64(10677.0), 15: np.float64(12672.0)}
2026-05-21 11:40:21 [INFO] 分割成功
2026-05-21 11:40:21 [INFO] 引擎上下文已释放
2026-05-21 11:40:21 [INFO] TensorRT 引擎已释放
2026-05-21 11:40:21 [INFO] 全局 CUDA 资源已释放
2026-05-21 11:40:21 [INFO] 分割系统资源已释放
2026-05-21 11:40:25 [INFO] CUDA 初始化成功
2026-05-21 11:40:25 [INFO] 引擎加载成功: scrap_steel.engine
2026-05-21 11:40:25 [INFO] 分割系统初始化成功
2026-05-21 11:40:25 [INFO] 图像预处理完成，原始尺寸: (2160, 3840)
2026-05-21 11:40:25 [INFO] 开始执行分割...
2026-05-21 11:40:25 [DEBUG] 处理后的检测结果形状: (1, 8400, 6)
2026-05-21 11:40:25 [DEBUG] 示例检测结果: [[-4.17056656e+00 -3.32420158e+00  3.90918465e+01  1.57217197e+01
   4.04163849e-08  5.00000000e+00]
 [-6.49436569e+00 -3.08359051e+00  4.40729942e+01  2.98579025e+01
   9.27742239e-09  9.00000000e+00]
 [-3.65344238e+00 -3.62549400e+00  4.56297264e+01  3.03853092e+01
   4.08719458e-09  9.00000000e+00]]
2026-05-21 11:40:25 [DEBUG] 处理后检测输出形状: (0, 52)
2026-05-21 11:40:25 [DEBUG] 有效检测数量: 0
2026-05-21 11:40:25 [DEBUG] 检测输出为空
2026-05-21 11:40:25 [INFO] 掩码中检测到的类别: [0, 1, 2, 3, 4, 5, 6, 7, 8, 9, 10, 11, 12, 13, 15]
2026-05-21 11:40:25 [INFO] 分割完成，检测到 0 个物体
2026-05-21 11:40:25 [INFO] 从分割掩码中提取检测结果
2026-05-21 11:40:26 [INFO] 从掩码中提取了 562 个检测框
2026-05-21 11:40:26 [INFO] 检测到车兜区域，将过滤区域外的目标
2026-05-21 11:40:26 [INFO] 车兜区域过滤: 562 -> 194 个目标
2026-05-21 11:40:26 [INFO] 保存分割和检测结果到: C:\code\show\Scrap_Steel_In_Field\photos\segmentation\segment_20260521_114026.jpg
2026-05-21 11:40:26 [INFO] JSON结果保存到: C:\code\show\Scrap_Steel_In_Field\photos\segmentation_result.json
2026-05-21 11:40:26 [INFO] 类别统计：{1: 375610, 2: 30888, 3: 612, 4: 10008, 5: 55080, 6: 48600, 7: 32220, 8: 19368, 9: 41586, 10: 83736, 11: 2628, 12: 112290, 13: 9696, 15: 13428}
2026-05-21 11:40:26 [INFO] 面积统计：{1: np.float64(375610.0), 2: np.float64(30888.0), 3: np.float64(612.0), 4: np.float64(10008.0), 5: np.float64(55080.0), 6: np.float64(48600.0), 7: np.float64(32220.0), 8: np.float64(19368.0), 9: np.float64(41586.0), 10: np.float64(83736.0), 11: np.float64(2628.0), 12: np.float64(112290.0), 13: np.float64(9696.0), 15: np.float64(13428.0)}
2026-05-21 11:40:26 [INFO] 分割成功
2026-05-21 11:40:26 [INFO] 引擎上下文已释放
2026-05-21 11:40:26 [INFO] TensorRT 引擎已释放
2026-05-21 11:40:26 [INFO] 全局 CUDA 资源已释放
2026-05-21 11:40:26 [INFO] 分割系统资源已释放
2026-05-21 11:40:30 [INFO] CUDA 初始化成功
2026-05-21 11:40:30 [INFO] 引擎加载成功: scrap_steel.engine
2026-05-21 11:40:30 [INFO] 分割系统初始化成功
2026-05-21 11:40:30 [INFO] 图像预处理完成，原始尺寸: (2160, 3840)
2026-05-21 11:40:30 [INFO] 开始执行分割...
2026-05-21 11:40:30 [DEBUG] 处理后的检测结果形状: (1, 8400, 6)
2026-05-21 11:40:30 [DEBUG] 示例检测结果: [[-4.13583755e+00 -3.30060339e+00  3.90740166e+01  1.56228123e+01
   4.02614262e-08  5.00000000e+00]
 [-6.48353195e+00 -3.06057262e+00  4.41478004e+01  2.98770943e+01
   9.42353395e-09  9.00000000e+00]
 [-3.65800095e+00 -3.62822247e+00  4.56865959e+01  3.04403954e+01
   4.18410906e-09  9.00000000e+00]]
2026-05-21 11:40:30 [DEBUG] 处理后检测输出形状: (0, 52)
2026-05-21 11:40:30 [DEBUG] 有效检测数量: 0
2026-05-21 11:40:30 [DEBUG] 检测输出为空
2026-05-21 11:40:30 [INFO] 掩码中检测到的类别: [0, 1, 2, 3, 4, 5, 6, 7, 8, 9, 10, 11, 12, 13, 15]
2026-05-21 11:40:30 [INFO] 分割完成，检测到 0 个物体
2026-05-21 11:40:30 [INFO] 从分割掩码中提取检测结果
2026-05-21 11:40:31 [INFO] 从掩码中提取了 571 个检测框
2026-05-21 11:40:31 [INFO] 检测到车兜区域，将过滤区域外的目标
2026-05-21 11:40:31 [INFO] 车兜区域过滤: 571 -> 184 个目标
2026-05-21 11:40:31 [INFO] 保存分割和检测结果到: C:\code\show\Scrap_Steel_In_Field\photos\segmentation\segment_20260521_114031.jpg
2026-05-21 11:40:31 [INFO] JSON结果保存到: C:\code\show\Scrap_Steel_In_Field\photos\segmentation_result.json
2026-05-21 11:40:31 [INFO] 类别统计：{1: 388461, 2: 33516, 3: 1332, 4: 7488, 5: 54360, 6: 48888, 7: 26388, 8: 19476, 9: 49318, 10: 93924, 11: 1152, 12: 105469, 13: 11021, 15: 12384}
2026-05-21 11:40:31 [INFO] 面积统计：{1: np.float64(388461.0), 2: np.float64(33516.0), 3: np.float64(1332.0), 4: np.float64(7488.0), 5: np.float64(54360.0), 6: np.float64(48888.0), 7: np.float64(26388.0), 8: np.float64(19476.0), 9: np.float64(49318.0), 10: np.float64(93924.0), 11: np.float64(1152.0), 12: np.float64(105469.0), 13: np.float64(11021.0), 15: np.float64(12384.0)}
2026-05-21 11:40:31 [INFO] 分割成功
2026-05-21 11:40:31 [INFO] 引擎上下文已释放
2026-05-21 11:40:31 [INFO] TensorRT 引擎已释放
2026-05-21 11:40:31 [INFO] 全局 CUDA 资源已释放
2026-05-21 11:40:31 [INFO] 分割系统资源已释放
2026-05-21 11:40:36 [INFO] CUDA 初始化成功
2026-05-21 11:40:36 [INFO] 引擎加载成功: scrap_steel.engine
2026-05-21 11:40:36 [INFO] 分割系统初始化成功
2026-05-21 11:40:36 [INFO] 图像预处理完成，原始尺寸: (2160, 3840)
2026-05-21 11:40:36 [INFO] 开始执行分割...
2026-05-21 11:40:36 [DEBUG] 处理后的检测结果形状: (1, 8400, 6)
2026-05-21 11:40:36 [DEBUG] 示例检测结果: [[-4.12295532e+00 -3.28848696e+00  3.90193634e+01  1.56020012e+01
   4.07318694e-08  5.00000000e+00]
 [-6.40317917e+00 -3.05924034e+00  4.40889091e+01  2.98458920e+01
   9.42353395e-09  9.00000000e+00]
 [-3.63321686e+00 -3.59930801e+00  4.56309891e+01  3.03546410e+01
   4.11920098e-09  9.00000000e+00]]
2026-05-21 11:40:36 [DEBUG] 处理后检测输出形状: (0, 52)
2026-05-21 11:40:36 [DEBUG] 有效检测数量: 0
2026-05-21 11:40:36 [DEBUG] 检测输出为空
2026-05-21 11:40:36 [INFO] 掩码中检测到的类别: [0, 1, 2, 3, 4, 5, 6, 7, 8, 9, 10, 11, 12, 13, 15]
2026-05-21 11:40:36 [INFO] 分割完成，检测到 0 个物体
2026-05-21 11:40:36 [INFO] 从分割掩码中提取检测结果
2026-05-21 11:40:36 [INFO] 从掩码中提取了 535 个检测框
2026-05-21 11:40:36 [INFO] 检测到车兜区域，将过滤区域外的目标
2026-05-21 11:40:36 [INFO] 车兜区域过滤: 535 -> 178 个目标
2026-05-21 11:40:37 [INFO] 保存分割和检测结果到: C:\code\show\Scrap_Steel_In_Field\photos\segmentation\segment_20260521_114036.jpg
2026-05-21 11:40:37 [INFO] JSON结果保存到: C:\code\show\Scrap_Steel_In_Field\photos\segmentation_result.json
2026-05-21 11:40:37 [INFO] 类别统计：{1: 386459, 2: 31104, 3: 1296, 4: 4572, 5: 56880, 6: 45432, 7: 30240, 8: 17424, 9: 42730, 10: 92016, 11: 1080, 12: 105226, 13: 11416, 15: 13284}
2026-05-21 11:40:37 [INFO] 面积统计：{1: np.float64(386459.0), 2: np.float64(31104.0), 3: np.float64(1296.0), 4: np.float64(4572.0), 5: np.float64(56880.0), 6: np.float64(45432.0), 7: np.float64(30240.0), 8: np.float64(17424.0), 9: np.float64(42730.0), 10: np.float64(92016.0), 11: np.float64(1080.0), 12: np.float64(105226.0), 13: np.float64(11416.0), 15: np.float64(13284.0)}
2026-05-21 11:40:37 [INFO] 分割成功
2026-05-21 11:40:37 [INFO] 引擎上下文已释放
2026-05-21 11:40:37 [INFO] TensorRT 引擎已释放
2026-05-21 11:40:37 [INFO] 全局 CUDA 资源已释放
2026-05-21 11:40:37 [INFO] 分割系统资源已释放
2026-05-21 11:40:41 [INFO] CUDA 初始化成功
2026-05-21 11:40:41 [INFO] 引擎加载成功: scrap_steel.engine
2026-05-21 11:40:41 [INFO] 分割系统初始化成功
2026-05-21 11:40:41 [INFO] 图像预处理完成，原始尺寸: (2160, 3840)
2026-05-21 11:40:41 [INFO] 开始执行分割...
2026-05-21 11:40:41 [DEBUG] 处理后的检测结果形状: (1, 8400, 6)
2026-05-21 11:40:41 [DEBUG] 示例检测结果: [[-4.13907623e+00 -3.31112289e+00  3.90289192e+01  1.55999126e+01
   4.04163849e-08  5.00000000e+00]
 [-6.44130325e+00 -3.06094265e+00  4.40988426e+01  2.98108826e+01
   9.42551104e-09  9.00000000e+00]
 [-3.65608978e+00 -3.61182404e+00  4.56441994e+01  3.03356628e+01
   4.10330969e-09  9.00000000e+00]]
2026-05-21 11:40:41 [DEBUG] 处理后检测输出形状: (0, 52)
2026-05-21 11:40:41 [DEBUG] 有效检测数量: 0
2026-05-21 11:40:41 [DEBUG] 检测输出为空
2026-05-21 11:40:41 [INFO] 掩码中检测到的类别: [0, 1, 2, 3, 4, 5, 6, 7, 8, 9, 10, 11, 12, 13, 15]
2026-05-21 11:40:41 [INFO] 分割完成，检测到 0 个物体
2026-05-21 11:40:41 [INFO] 从分割掩码中提取检测结果
2026-05-21 11:40:41 [INFO] 从掩码中提取了 542 个检测框
2026-05-21 11:40:41 [INFO] 检测到车兜区域，将过滤区域外的目标
2026-05-21 11:40:41 [INFO] 车兜区域过滤: 542 -> 177 个目标
2026-05-21 11:40:42 [INFO] 保存分割和检测结果到: C:\code\show\Scrap_Steel_In_Field\photos\segmentation\segment_20260521_114041.jpg
2026-05-21 11:40:42 [INFO] JSON结果保存到: C:\code\show\Scrap_Steel_In_Field\photos\segmentation_result.json
2026-05-21 11:40:42 [INFO] 类别统计：{1: 381635, 2: 34848, 3: 1080, 4: 5868, 5: 56844, 6: 45252, 7: 27180, 8: 19188, 9: 44659, 10: 92340, 11: 324, 12: 113389, 13: 11018, 15: 14580}
2026-05-21 11:40:42 [INFO] 面积统计：{1: np.float64(381635.0), 2: np.float64(34848.0), 3: np.float64(1080.0), 4: np.float64(5868.0), 5: np.float64(56844.0), 6: np.float64(45252.0), 7: np.float64(27180.0), 8: np.float64(19188.0), 9: np.float64(44659.0), 10: np.float64(92340.0), 11: np.float64(324.0), 12: np.float64(113389.0), 13: np.float64(11018.0), 15: np.float64(14580.0)}
2026-05-21 11:40:42 [INFO] 分割成功
2026-05-21 11:40:42 [INFO] 引擎上下文已释放
2026-05-21 11:40:42 [INFO] TensorRT 引擎已释放
2026-05-21 11:40:42 [INFO] 全局 CUDA 资源已释放
2026-05-21 11:40:42 [INFO] 分割系统资源已释放
2026-05-21 11:40:46 [INFO] CUDA 初始化成功
2026-05-21 11:40:46 [INFO] 引擎加载成功: scrap_steel.engine
2026-05-21 11:40:46 [INFO] 分割系统初始化成功
2026-05-21 11:40:46 [INFO] 图像预处理完成，原始尺寸: (2160, 3840)
2026-05-21 11:40:46 [INFO] 开始执行分割...
2026-05-21 11:40:46 [DEBUG] 处理后的检测结果形状: (1, 8400, 6)
2026-05-21 11:40:46 [DEBUG] 示例检测结果: [[-4.15202332e+00 -3.29991531e+00  3.89529495e+01  1.55990639e+01
   4.01023179e-08  5.00000000e+00]
 [-6.44683838e+00 -3.08402729e+00  4.40629883e+01  2.98083153e+01
   9.34769062e-09  9.00000000e+00]
 [-3.65807724e+00 -3.63994312e+00  4.56272774e+01  3.03934631e+01
   4.11826129e-09  9.00000000e+00]]
2026-05-21 11:40:46 [DEBUG] 处理后检测输出形状: (0, 52)
2026-05-21 11:40:46 [DEBUG] 有效检测数量: 0
2026-05-21 11:40:46 [DEBUG] 检测输出为空
2026-05-21 11:40:46 [INFO] 掩码中检测到的类别: [0, 1, 2, 3, 4, 5, 6, 7, 8, 9, 10, 11, 12, 13, 15]
2026-05-21 11:40:46 [INFO] 分割完成，检测到 0 个物体
2026-05-21 11:40:46 [INFO] 从分割掩码中提取检测结果
2026-05-21 11:40:46 [INFO] 从掩码中提取了 554 个检测框
2026-05-21 11:40:46 [INFO] 检测到车兜区域，将过滤区域外的目标
2026-05-21 11:40:46 [INFO] 车兜区域过滤: 554 -> 176 个目标
2026-05-21 11:40:47 [INFO] 保存分割和检测结果到: C:\code\show\Scrap_Steel_In_Field\photos\segmentation\segment_20260521_114046.jpg
2026-05-21 11:40:47 [INFO] JSON结果保存到: C:\code\show\Scrap_Steel_In_Field\photos\segmentation_result.json
2026-05-21 11:40:47 [INFO] 类别统计：{1: 370790, 2: 30168, 3: 1368, 4: 11016, 5: 49068, 6: 47628, 7: 27324, 8: 19224, 9: 50956, 10: 92808, 11: 1080, 12: 113055, 13: 10908, 15: 12168}
2026-05-21 11:40:47 [INFO] 面积统计：{1: np.float64(370790.0), 2: np.float64(30168.0), 3: np.float64(1368.0), 4: np.float64(11016.0), 5: np.float64(49068.0), 6: np.float64(47628.0), 7: np.float64(27324.0), 8: np.float64(19224.0), 9: np.float64(50956.0), 10: np.float64(92808.0), 11: np.float64(1080.0), 12: np.float64(113055.0), 13: np.float64(10908.0), 15: np.float64(12168.0)}
2026-05-21 11:40:47 [INFO] 分割成功
2026-05-21 11:40:47 [INFO] 引擎上下文已释放
2026-05-21 11:40:47 [INFO] TensorRT 引擎已释放
2026-05-21 11:40:47 [INFO] 全局 CUDA 资源已释放
2026-05-21 11:40:47 [INFO] 分割系统资源已释放
2026-05-21 11:40:51 [INFO] CUDA 初始化成功
2026-05-21 11:40:51 [INFO] 引擎加载成功: scrap_steel.engine
2026-05-21 11:40:51 [INFO] 分割系统初始化成功
2026-05-21 11:40:51 [INFO] 图像预处理完成，原始尺寸: (2160, 3840)
2026-05-21 11:40:51 [INFO] 开始执行分割...
2026-05-21 11:40:51 [DEBUG] 处理后的检测结果形状: (1, 8400, 6)
2026-05-21 11:40:51 [DEBUG] 示例检测结果: [[-4.15764999e+00 -3.33988762e+00  3.89518127e+01  1.58066845e+01
   4.13874517e-08  5.00000000e+00]
 [-6.42323685e+00 -3.09497833e+00  4.40067863e+01  2.99153442e+01
   9.35025746e-09  9.00000000e+00]
 [-3.63415909e+00 -3.65233326e+00  4.55779877e+01  3.04300194e+01
   4.05475653e-09  9.00000000e+00]]
2026-05-21 11:40:51 [DEBUG] 处理后检测输出形状: (0, 52)
2026-05-21 11:40:51 [DEBUG] 有效检测数量: 0
2026-05-21 11:40:51 [DEBUG] 检测输出为空
2026-05-21 11:40:51 [INFO] 掩码中检测到的类别: [0, 1, 2, 3, 4, 5, 6, 7, 8, 9, 10, 11, 12, 13, 15]
2026-05-21 11:40:51 [INFO] 分割完成，检测到 0 个物体
2026-05-21 11:40:51 [INFO] 从分割掩码中提取检测结果
2026-05-21 11:40:51 [INFO] 从掩码中提取了 559 个检测框
2026-05-21 11:40:51 [INFO] 检测到车兜区域，将过滤区域外的目标
2026-05-21 11:40:51 [INFO] 车兜区域过滤: 559 -> 189 个目标
2026-05-21 11:40:52 [INFO] 保存分割和检测结果到: C:\code\show\Scrap_Steel_In_Field\photos\segmentation\segment_20260521_114051.jpg
2026-05-21 11:40:52 [INFO] JSON结果保存到: C:\code\show\Scrap_Steel_In_Field\photos\segmentation_result.json
2026-05-21 11:40:52 [INFO] 类别统计：{1: 358434, 2: 32148, 3: 1368, 4: 8172, 5: 52056, 6: 52092, 7: 25524, 8: 21060, 9: 42802, 10: 93384, 11: 1080, 12: 110309, 13: 9330, 15: 13212}
2026-05-21 11:40:52 [INFO] 面积统计：{1: np.float64(358434.0), 2: np.float64(32148.0), 3: np.float64(1368.0), 4: np.float64(8172.0), 5: np.float64(52056.0), 6: np.float64(52092.0), 7: np.float64(25524.0), 8: np.float64(21060.0), 9: np.float64(42802.0), 10: np.float64(93384.0), 11: np.float64(1080.0), 12: np.float64(110309.0), 13: np.float64(9330.0), 15: np.float64(13212.0)}
2026-05-21 11:40:52 [INFO] 分割成功
2026-05-21 11:40:52 [INFO] 引擎上下文已释放
2026-05-21 11:40:52 [INFO] TensorRT 引擎已释放
2026-05-21 11:40:52 [INFO] 全局 CUDA 资源已释放
2026-05-21 11:40:52 [INFO] 分割系统资源已释放
2026-05-21 11:40:56 [INFO] CUDA 初始化成功
2026-05-21 11:40:56 [INFO] 引擎加载成功: scrap_steel.engine
2026-05-21 11:40:56 [INFO] 分割系统初始化成功
2026-05-21 11:40:56 [INFO] 图像预处理完成，原始尺寸: (2160, 3840)
2026-05-21 11:40:56 [INFO] 开始执行分割...
2026-05-21 11:40:56 [DEBUG] 处理后的检测结果形状: (1, 8400, 6)
2026-05-21 11:40:56 [DEBUG] 示例检测结果: [[-4.17044830e+00 -3.34913397e+00  3.90509872e+01  1.57795200e+01
   4.01040481e-08  5.00000000e+00]
 [-6.49856949e+00 -3.11047745e+00  4.40432014e+01  2.99220924e+01
   9.27742239e-09  9.00000000e+00]
 [-3.65638733e+00 -3.65484428e+00  4.55845184e+01  3.04402981e+01
   4.05563583e-09  9.00000000e+00]]
2026-05-21 11:40:56 [DEBUG] 处理后检测输出形状: (0, 52)
2026-05-21 11:40:56 [DEBUG] 有效检测数量: 0
2026-05-21 11:40:56 [DEBUG] 检测输出为空
2026-05-21 11:40:56 [INFO] 掩码中检测到的类别: [0, 1, 2, 3, 4, 5, 6, 7, 8, 9, 10, 11, 12, 13, 15]
2026-05-21 11:40:56 [INFO] 分割完成，检测到 0 个物体
2026-05-21 11:40:56 [INFO] 从分割掩码中提取检测结果
2026-05-21 11:40:56 [INFO] 从掩码中提取了 549 个检测框
2026-05-21 11:40:56 [INFO] 检测到车兜区域，将过滤区域外的目标
2026-05-21 11:40:56 [INFO] 车兜区域过滤: 549 -> 176 个目标
2026-05-21 11:40:57 [INFO] 保存分割和检测结果到: C:\code\show\Scrap_Steel_In_Field\photos\segmentation\segment_20260521_114056.jpg
2026-05-21 11:40:57 [INFO] JSON结果保存到: C:\code\show\Scrap_Steel_In_Field\photos\segmentation_result.json
2026-05-21 11:40:57 [INFO] 类别统计：{1: 358498, 2: 35676, 3: 828, 4: 6876, 5: 51624, 6: 53928, 7: 26532, 8: 17928, 9: 37903, 10: 86760, 11: 828, 12: 94752, 13: 11293, 15: 14868}
2026-05-21 11:40:57 [INFO] 面积统计：{1: np.float64(358498.0), 2: np.float64(35676.0), 3: np.float64(828.0), 4: np.float64(6876.0), 5: np.float64(51624.0), 6: np.float64(53928.0), 7: np.float64(26532.0), 8: np.float64(17928.0), 9: np.float64(37903.0), 10: np.float64(86760.0), 11: np.float64(828.0), 12: np.float64(94752.0), 13: np.float64(11293.0), 15: np.float64(14868.0)}
2026-05-21 11:40:57 [INFO] 分割成功
2026-05-21 11:40:57 [INFO] 引擎上下文已释放
2026-05-21 11:40:57 [INFO] TensorRT 引擎已释放
2026-05-21 11:40:57 [INFO] 全局 CUDA 资源已释放
2026-05-21 11:40:57 [INFO] 分割系统资源已释放
2026-05-21 11:41:01 [INFO] CUDA 初始化成功
2026-05-21 11:41:01 [INFO] 引擎加载成功: scrap_steel.engine
2026-05-21 11:41:01 [INFO] 分割系统初始化成功
2026-05-21 11:41:01 [INFO] 图像预处理完成，原始尺寸: (2160, 3840)
2026-05-21 11:41:01 [INFO] 开始执行分割...
2026-05-21 11:41:01 [DEBUG] 处理后的检测结果形状: (1, 8400, 6)
2026-05-21 11:41:01 [DEBUG] 示例检测结果: [[-4.13885880e+00 -3.30142498e+00  3.89574089e+01  1.56350355e+01
   4.01023179e-08  5.00000000e+00]
 [-6.45339203e+00 -3.05966568e+00  4.40139809e+01  2.97800560e+01
   9.32736555e-09  9.00000000e+00]
 [-3.65528107e+00 -3.64103413e+00  4.56153107e+01  3.03750954e+01
   4.13491463e-09  9.00000000e+00]]
2026-05-21 11:41:01 [DEBUG] 处理后检测输出形状: (0, 52)
2026-05-21 11:41:01 [DEBUG] 有效检测数量: 0
2026-05-21 11:41:01 [DEBUG] 检测输出为空
2026-05-21 11:41:01 [INFO] 掩码中检测到的类别: [0, 1, 2, 3, 4, 5, 6, 7, 8, 9, 10, 11, 12, 13, 15]
2026-05-21 11:41:01 [INFO] 分割完成，检测到 0 个物体
2026-05-21 11:41:01 [INFO] 从分割掩码中提取检测结果
2026-05-21 11:41:01 [INFO] 从掩码中提取了 562 个检测框
2026-05-21 11:41:01 [INFO] 检测到车兜区域，将过滤区域外的目标
2026-05-21 11:41:01 [INFO] 车兜区域过滤: 562 -> 173 个目标
2026-05-21 11:41:02 [INFO] 保存分割和检测结果到: C:\code\show\Scrap_Steel_In_Field\photos\segmentation\segment_20260521_114101.jpg
2026-05-21 11:41:02 [INFO] JSON结果保存到: C:\code\show\Scrap_Steel_In_Field\photos\segmentation_result.json
2026-05-21 11:41:02 [INFO] 类别统计：{1: 380674, 2: 32472, 3: 1296, 4: 8460, 5: 56052, 6: 48888, 7: 25992, 8: 17424, 9: 47104, 10: 92340, 11: 1584, 12: 108358, 13: 10111, 15: 14328}
2026-05-21 11:41:02 [INFO] 面积统计：{1: np.float64(380674.0), 2: np.float64(32472.0), 3: np.float64(1296.0), 4: np.float64(8460.0), 5: np.float64(56052.0), 6: np.float64(48888.0), 7: np.float64(25992.0), 8: np.float64(17424.0), 9: np.float64(47104.0), 10: np.float64(92340.0), 11: np.float64(1584.0), 12: np.float64(108358.0), 13: np.float64(10111.0), 15: np.float64(14328.0)}
2026-05-21 11:41:02 [INFO] 分割成功
2026-05-21 11:41:02 [INFO] 引擎上下文已释放
2026-05-21 11:41:02 [INFO] TensorRT 引擎已释放
2026-05-21 11:41:02 [INFO] 全局 CUDA 资源已释放
2026-05-21 11:41:02 [INFO] 分割系统资源已释放
2026-05-21 11:41:06 [INFO] CUDA 初始化成功
2026-05-21 11:41:06 [INFO] 引擎加载成功: scrap_steel.engine
2026-05-21 11:41:06 [INFO] 分割系统初始化成功
2026-05-21 11:41:06 [INFO] 图像预处理完成，原始尺寸: (2160, 3840)
2026-05-21 11:41:06 [INFO] 开始执行分割...
2026-05-21 11:41:06 [DEBUG] 处理后的检测结果形状: (1, 8400, 6)
2026-05-21 11:41:06 [DEBUG] 示例检测结果: [[-4.13911819e+00 -3.29211998e+00  3.90943336e+01  1.56591530e+01
   3.97917113e-08  5.00000000e+00]
 [-6.43941116e+00 -3.06102753e+00  4.40403862e+01  2.97943230e+01
   9.36392297e-09  9.00000000e+00]
 [-3.64326477e+00 -3.62940407e+00  4.56688309e+01  3.03820133e+01
   4.11769463e-09  9.00000000e+00]]
2026-05-21 11:41:06 [DEBUG] 处理后检测输出形状: (0, 52)
2026-05-21 11:41:06 [DEBUG] 有效检测数量: 0
2026-05-21 11:41:06 [DEBUG] 检测输出为空
2026-05-21 11:41:06 [INFO] 掩码中检测到的类别: [0, 1, 2, 3, 4, 5, 6, 7, 8, 9, 10, 11, 12, 13, 15]
2026-05-21 11:41:06 [INFO] 分割完成，检测到 0 个物体
2026-05-21 11:41:06 [INFO] 从分割掩码中提取检测结果
2026-05-21 11:41:06 [INFO] 从掩码中提取了 557 个检测框
2026-05-21 11:41:06 [INFO] 检测到车兜区域，将过滤区域外的目标
2026-05-21 11:41:06 [INFO] 车兜区域过滤: 557 -> 188 个目标
2026-05-21 11:41:07 [INFO] 保存分割和检测结果到: C:\code\show\Scrap_Steel_In_Field\photos\segmentation\segment_20260521_114106.jpg
2026-05-21 11:41:07 [INFO] JSON结果保存到: C:\code\show\Scrap_Steel_In_Field\photos\segmentation_result.json
2026-05-21 11:41:07 [INFO] 类别统计：{1: 375578, 2: 32832, 3: 1332, 4: 4860, 5: 56664, 6: 50796, 7: 29124, 8: 19008, 9: 43401, 10: 86796, 11: 1008, 12: 107037, 13: 11562, 15: 13356}
2026-05-21 11:41:07 [INFO] 面积统计：{1: np.float64(375578.0), 2: np.float64(32832.0), 3: np.float64(1332.0), 4: np.float64(4860.0), 5: np.float64(56664.0), 6: np.float64(50796.0), 7: np.float64(29124.0), 8: np.float64(19008.0), 9: np.float64(43401.0), 10: np.float64(86796.0), 11: np.float64(1008.0), 12: np.float64(107037.0), 13: np.float64(11562.0), 15: np.float64(13356.0)}
2026-05-21 11:41:07 [INFO] 分割成功
2026-05-21 11:41:07 [INFO] 引擎上下文已释放
2026-05-21 11:41:07 [INFO] TensorRT 引擎已释放
2026-05-21 11:41:07 [INFO] 全局 CUDA 资源已释放
2026-05-21 11:41:07 [INFO] 分割系统资源已释放
2026-05-21 11:41:11 [INFO] CUDA 初始化成功
2026-05-21 11:41:11 [INFO] 引擎加载成功: scrap_steel.engine
2026-05-21 11:41:11 [INFO] 分割系统初始化成功
2026-05-21 11:41:11 [INFO] 图像预处理完成，原始尺寸: (2160, 3840)
2026-05-21 11:41:11 [INFO] 开始执行分割...
2026-05-21 11:41:11 [DEBUG] 处理后的检测结果形状: (1, 8400, 6)
2026-05-21 11:41:11 [DEBUG] 示例检测结果: [[-4.14002991e+00 -3.30702114e+00  3.90051079e+01  1.56654520e+01
   4.01040481e-08  5.00000000e+00]
 [-6.42792130e+00 -3.07238579e+00  4.40684204e+01  2.98776569e+01
   9.35025746e-09  9.00000000e+00]
 [-3.63876343e+00 -3.62556076e+00  4.56286621e+01  3.04282188e+01
   4.11920098e-09  9.00000000e+00]]
2026-05-21 11:41:11 [DEBUG] 处理后检测输出形状: (0, 52)
2026-05-21 11:41:11 [DEBUG] 有效检测数量: 0
2026-05-21 11:41:11 [DEBUG] 检测输出为空
2026-05-21 11:41:11 [INFO] 掩码中检测到的类别: [0, 1, 2, 3, 4, 5, 6, 7, 8, 9, 10, 11, 12, 13, 15]
2026-05-21 11:41:11 [INFO] 分割完成，检测到 0 个物体
2026-05-21 11:41:11 [INFO] 从分割掩码中提取检测结果
2026-05-21 11:41:11 [INFO] 从掩码中提取了 572 个检测框
2026-05-21 11:41:11 [INFO] 检测到车兜区域，将过滤区域外的目标
2026-05-21 11:41:11 [INFO] 车兜区域过滤: 572 -> 189 个目标
2026-05-21 11:41:12 [INFO] 保存分割和检测结果到: C:\code\show\Scrap_Steel_In_Field\photos\segmentation\segment_20260521_114111.jpg
2026-05-21 11:41:12 [INFO] JSON结果保存到: C:\code\show\Scrap_Steel_In_Field\photos\segmentation_result.json
2026-05-21 11:41:12 [INFO] 类别统计：{1: 374457, 2: 34488, 3: 1368, 4: 7596, 5: 51516, 6: 46368, 7: 25380, 8: 18000, 9: 45646, 10: 90324, 11: 1116, 12: 109980, 13: 9749, 15: 13140}
2026-05-21 11:41:12 [INFO] 面积统计：{1: np.float64(374457.0), 2: np.float64(34488.0), 3: np.float64(1368.0), 4: np.float64(7596.0), 5: np.float64(51516.0), 6: np.float64(46368.0), 7: np.float64(25380.0), 8: np.float64(18000.0), 9: np.float64(45646.0), 10: np.float64(90324.0), 11: np.float64(1116.0), 12: np.float64(109980.0), 13: np.float64(9749.0), 15: np.float64(13140.0)}
2026-05-21 11:41:12 [INFO] 分割成功
2026-05-21 11:41:12 [INFO] 引擎上下文已释放
2026-05-21 11:41:12 [INFO] TensorRT 引擎已释放
2026-05-21 11:41:12 [INFO] 全局 CUDA 资源已释放
2026-05-21 11:41:12 [INFO] 分割系统资源已释放
2026-05-21 11:41:16 [INFO] CUDA 初始化成功
2026-05-21 11:41:16 [INFO] 引擎加载成功: scrap_steel.engine
2026-05-21 11:41:16 [INFO] 分割系统初始化成功
2026-05-21 11:41:16 [INFO] 图像预处理完成，原始尺寸: (2160, 3840)
2026-05-21 11:41:16 [INFO] 开始执行分割...
2026-05-21 11:41:16 [DEBUG] 处理后的检测结果形状: (1, 8400, 6)
2026-05-21 11:41:16 [DEBUG] 示例检测结果: [[-4.10919952e+00 -3.29243946e+00  3.90226822e+01  1.55980558e+01
   4.04163849e-08  5.00000000e+00]
 [-6.43453598e+00 -3.04757500e+00  4.40897026e+01  2.98412838e+01
   9.42353395e-09  9.00000000e+00]
 [-3.64540863e+00 -3.59872627e+00  4.56606369e+01  3.04050045e+01
   4.15120738e-09  9.00000000e+00]]
2026-05-21 11:41:16 [DEBUG] 处理后检测输出形状: (0, 52)
2026-05-21 11:41:16 [DEBUG] 有效检测数量: 0
2026-05-21 11:41:16 [DEBUG] 检测输出为空
2026-05-21 11:41:16 [INFO] 掩码中检测到的类别: [0, 1, 2, 3, 4, 5, 6, 7, 8, 9, 10, 11, 12, 13, 15]
2026-05-21 11:41:16 [INFO] 分割完成，检测到 0 个物体
2026-05-21 11:41:16 [INFO] 从分割掩码中提取检测结果
2026-05-21 11:41:16 [INFO] 从掩码中提取了 563 个检测框
2026-05-21 11:41:16 [INFO] 检测到车兜区域，将过滤区域外的目标
2026-05-21 11:41:16 [INFO] 车兜区域过滤: 563 -> 195 个目标
2026-05-21 11:41:17 [INFO] 保存分割和检测结果到: C:\code\show\Scrap_Steel_In_Field\photos\segmentation\segment_20260521_114116.jpg
2026-05-21 11:41:17 [INFO] JSON结果保存到: C:\code\show\Scrap_Steel_In_Field\photos\segmentation_result.json
2026-05-21 11:41:17 [INFO] 类别统计：{1: 370425, 2: 31932, 3: 1764, 4: 6588, 5: 54252, 6: 44028, 7: 26712, 8: 17748, 9: 38755, 10: 88848, 11: 1584, 12: 107797, 13: 10006, 15: 13608}
2026-05-21 11:41:17 [INFO] 面积统计：{1: np.float64(370425.0), 2: np.float64(31932.0), 3: np.float64(1764.0), 4: np.float64(6588.0), 5: np.float64(54252.0), 6: np.float64(44028.0), 7: np.float64(26712.0), 8: np.float64(17748.0), 9: np.float64(38755.0), 10: np.float64(88848.0), 11: np.float64(1584.0), 12: np.float64(107797.0), 13: np.float64(10006.0), 15: np.float64(13608.0)}
2026-05-21 11:41:17 [INFO] 分割成功
2026-05-21 11:41:17 [INFO] 引擎上下文已释放
2026-05-21 11:41:17 [INFO] TensorRT 引擎已释放
2026-05-21 11:41:17 [INFO] 全局 CUDA 资源已释放
2026-05-21 11:41:17 [INFO] 分割系统资源已释放
2026-05-21 11:41:21 [INFO] CUDA 初始化成功
2026-05-21 11:41:21 [INFO] 引擎加载成功: scrap_steel.engine
2026-05-21 11:41:21 [INFO] 分割系统初始化成功
2026-05-21 11:41:21 [INFO] 图像预处理完成，原始尺寸: (2160, 3840)
2026-05-21 11:41:21 [INFO] 开始执行分割...
2026-05-21 11:41:21 [DEBUG] 处理后的检测结果形状: (1, 8400, 6)
2026-05-21 11:41:21 [DEBUG] 示例检测结果: [[-4.16843796e+00 -3.33441257e+00  3.90509644e+01  1.57805643e+01
   3.99478637e-08  5.00000000e+00]
 [-6.49520874e+00 -3.10670471e+00  4.40564804e+01  2.99145432e+01
   9.20275500e-09  9.00000000e+00]
 [-3.65340805e+00 -3.63951778e+00  4.55961723e+01  3.04107285e+01
   4.10330969e-09  9.00000000e+00]]
2026-05-21 11:41:21 [DEBUG] 处理后检测输出形状: (0, 52)
2026-05-21 11:41:21 [DEBUG] 有效检测数量: 0
2026-05-21 11:41:21 [DEBUG] 检测输出为空
2026-05-21 11:41:21 [INFO] 掩码中检测到的类别: [0, 1, 2, 3, 4, 5, 6, 7, 8, 9, 10, 11, 12, 13, 15]
2026-05-21 11:41:21 [INFO] 分割完成，检测到 0 个物体
2026-05-21 11:41:21 [INFO] 从分割掩码中提取检测结果
2026-05-21 11:41:21 [INFO] 从掩码中提取了 570 个检测框
2026-05-21 11:41:21 [INFO] 检测到车兜区域，将过滤区域外的目标
2026-05-21 11:41:21 [INFO] 车兜区域过滤: 570 -> 193 个目标
2026-05-21 11:41:22 [INFO] 保存分割和检测结果到: C:\code\show\Scrap_Steel_In_Field\photos\segmentation\segment_20260521_114121.jpg
2026-05-21 11:41:22 [INFO] JSON结果保存到: C:\code\show\Scrap_Steel_In_Field\photos\segmentation_result.json
2026-05-21 11:41:22 [INFO] 类别统计：{1: 376001, 2: 34128, 3: 1008, 4: 8748, 5: 57708, 6: 52596, 7: 29052, 8: 19836, 9: 51158, 10: 81360, 11: 900, 12: 110136, 13: 10728, 15: 12708}
2026-05-21 11:41:22 [INFO] 面积统计：{1: np.float64(376001.0), 2: np.float64(34128.0), 3: np.float64(1008.0), 4: np.float64(8748.0), 5: np.float64(57708.0), 6: np.float64(52596.0), 7: np.float64(29052.0), 8: np.float64(19836.0), 9: np.float64(51158.0), 10: np.float64(81360.0), 11: np.float64(900.0), 12: np.float64(110136.0), 13: np.float64(10728.0), 15: np.float64(12708.0)}
2026-05-21 11:41:22 [INFO] 分割成功
2026-05-21 11:41:22 [INFO] 引擎上下文已释放
2026-05-21 11:41:22 [INFO] TensorRT 引擎已释放
2026-05-21 11:41:22 [INFO] 全局 CUDA 资源已释放
2026-05-21 11:41:22 [INFO] 分割系统资源已释放
2026-05-21 11:41:26 [INFO] CUDA 初始化成功
2026-05-21 11:41:26 [INFO] 引擎加载成功: scrap_steel.engine
2026-05-21 11:41:26 [INFO] 分割系统初始化成功
2026-05-21 11:41:26 [INFO] 图像预处理完成，原始尺寸: (2160, 3840)
2026-05-21 11:41:26 [INFO] 开始执行分割...
2026-05-21 11:41:26 [DEBUG] 处理后的检测结果形状: (1, 8400, 6)
2026-05-21 11:41:26 [DEBUG] 示例检测结果: [[-4.17240524e+00 -3.33207321e+00  3.90800896e+01  1.57999306e+01
   4.07318694e-08  5.00000000e+00]
 [-6.52389145e+00 -3.09716988e+00  4.41350060e+01  2.99106197e+01
   9.42551104e-09  9.00000000e+00]
 [-3.69017792e+00 -3.66537857e+00  4.56845322e+01  3.04716835e+01
   4.15172607e-09  9.00000000e+00]]
2026-05-21 11:41:26 [DEBUG] 处理后检测输出形状: (0, 52)
2026-05-21 11:41:26 [DEBUG] 有效检测数量: 0
2026-05-21 11:41:26 [DEBUG] 检测输出为空
2026-05-21 11:41:26 [INFO] 掩码中检测到的类别: [0, 1, 2, 3, 4, 5, 6, 7, 8, 9, 10, 11, 12, 13, 15]
2026-05-21 11:41:26 [INFO] 分割完成，检测到 0 个物体
2026-05-21 11:41:26 [INFO] 从分割掩码中提取检测结果
2026-05-21 11:41:26 [INFO] 从掩码中提取了 585 个检测框
2026-05-21 11:41:26 [INFO] 检测到车兜区域，将过滤区域外的目标
2026-05-21 11:41:26 [INFO] 车兜区域过滤: 585 -> 192 个目标
2026-05-21 11:41:27 [INFO] 保存分割和检测结果到: C:\code\show\Scrap_Steel_In_Field\photos\segmentation\segment_20260521_114126.jpg
2026-05-21 11:41:27 [INFO] JSON结果保存到: C:\code\show\Scrap_Steel_In_Field\photos\segmentation_result.json
2026-05-21 11:41:27 [INFO] 类别统计：{1: 382215, 2: 32004, 3: 1692, 4: 4536, 5: 54432, 6: 46620, 7: 24768, 8: 20124, 9: 46050, 10: 97560, 11: 1404, 12: 103081, 13: 10396, 15: 13644}
2026-05-21 11:41:27 [INFO] 面积统计：{1: np.float64(382215.0), 2: np.float64(32004.0), 3: np.float64(1692.0), 4: np.float64(4536.0), 5: np.float64(54432.0), 6: np.float64(46620.0), 7: np.float64(24768.0), 8: np.float64(20124.0), 9: np.float64(46050.0), 10: np.float64(97560.0), 11: np.float64(1404.0), 12: np.float64(103081.0), 13: np.float64(10396.0), 15: np.float64(13644.0)}
2026-05-21 11:41:27 [INFO] 分割成功
2026-05-21 11:41:27 [INFO] 引擎上下文已释放
2026-05-21 11:41:27 [INFO] TensorRT 引擎已释放
2026-05-21 11:41:27 [INFO] 全局 CUDA 资源已释放
2026-05-21 11:41:27 [INFO] 分割系统资源已释放
2026-05-21 11:41:31 [INFO] CUDA 初始化成功
2026-05-21 11:41:31 [INFO] 引擎加载成功: scrap_steel.engine
2026-05-21 11:41:31 [INFO] 分割系统初始化成功
2026-05-21 11:41:31 [INFO] 图像预处理完成，原始尺寸: (2160, 3840)
2026-05-21 11:41:31 [INFO] 开始执行分割...
2026-05-21 11:41:31 [DEBUG] 处理后的检测结果形状: (1, 8400, 6)
2026-05-21 11:41:31 [DEBUG] 示例检测结果: [[-4.18813705e+00 -3.32410812e+00  3.90204201e+01  1.57519951e+01
   4.01040481e-08  5.00000000e+00]
 [-6.49967957e+00 -3.08220005e+00  4.40100708e+01  2.98414688e+01
   9.27500388e-09  9.00000000e+00]
 [-3.65397263e+00 -3.63927937e+00  4.56147232e+01  3.03709450e+01
   4.05475653e-09  9.00000000e+00]]
2026-05-21 11:41:31 [DEBUG] 处理后检测输出形状: (0, 52)
2026-05-21 11:41:31 [DEBUG] 有效检测数量: 0
2026-05-21 11:41:31 [DEBUG] 检测输出为空
2026-05-21 11:41:31 [INFO] 掩码中检测到的类别: [0, 1, 2, 3, 4, 5, 6, 7, 8, 9, 10, 11, 12, 13, 15]
2026-05-21 11:41:31 [INFO] 分割完成，检测到 0 个物体
2026-05-21 11:41:31 [INFO] 从分割掩码中提取检测结果
2026-05-21 11:41:32 [INFO] 从掩码中提取了 571 个检测框
2026-05-21 11:41:32 [INFO] 检测到车兜区域，将过滤区域外的目标
2026-05-21 11:41:32 [INFO] 车兜区域过滤: 571 -> 190 个目标
2026-05-21 11:41:32 [INFO] 保存分割和检测结果到: C:\code\show\Scrap_Steel_In_Field\photos\segmentation\segment_20260521_114132.jpg
2026-05-21 11:41:32 [INFO] JSON结果保存到: C:\code\show\Scrap_Steel_In_Field\photos\segmentation_result.json
2026-05-21 11:41:32 [INFO] 类别统计：{1: 389024, 2: 32364, 3: 1080, 4: 7668, 5: 52164, 6: 48348, 7: 29628, 8: 17064, 9: 48056, 10: 84276, 11: 612, 12: 114847, 13: 9288, 15: 15804}
2026-05-21 11:41:32 [INFO] 面积统计：{1: np.float64(389024.0), 2: np.float64(32364.0), 3: np.float64(1080.0), 4: np.float64(7668.0), 5: np.float64(52164.0), 6: np.float64(48348.0), 7: np.float64(29628.0), 8: np.float64(17064.0), 9: np.float64(48056.0), 10: np.float64(84276.0), 11: np.float64(612.0), 12: np.float64(114847.0), 13: np.float64(9288.0), 15: np.float64(15804.0)}
2026-05-21 11:41:32 [INFO] 分割成功
2026-05-21 11:41:32 [INFO] 引擎上下文已释放
2026-05-21 11:41:32 [INFO] TensorRT 引擎已释放
2026-05-21 11:41:32 [INFO] 全局 CUDA 资源已释放
2026-05-21 11:41:32 [INFO] 分割系统资源已释放
2026-05-21 11:41:36 [INFO] CUDA 初始化成功
2026-05-21 11:41:36 [INFO] 引擎加载成功: scrap_steel.engine
2026-05-21 11:41:36 [INFO] 分割系统初始化成功
2026-05-21 11:41:36 [INFO] 图像预处理完成，原始尺寸: (2160, 3840)
2026-05-21 11:41:36 [INFO] 开始执行分割...
2026-05-21 11:41:37 [DEBUG] 处理后的检测结果形状: (1, 8400, 6)
2026-05-21 11:41:37 [DEBUG] 示例检测结果: [[-4.15438080e+00 -3.29969501e+00  3.89887695e+01  1.56574697e+01
   3.99478637e-08  5.00000000e+00]
 [-6.44075012e+00 -3.06087017e+00  4.39765549e+01  2.97665520e+01
   9.32374178e-09  9.00000000e+00]
 [-3.64818192e+00 -3.61622047e+00  4.56063385e+01  3.03321095e+01
   4.06875600e-09  9.00000000e+00]]
2026-05-21 11:41:37 [DEBUG] 处理后检测输出形状: (0, 52)
2026-05-21 11:41:37 [DEBUG] 有效检测数量: 0
2026-05-21 11:41:37 [DEBUG] 检测输出为空
2026-05-21 11:41:37 [INFO] 掩码中检测到的类别: [0, 1, 2, 3, 4, 5, 6, 7, 8, 9, 10, 11, 12, 13, 15]
2026-05-21 11:41:37 [INFO] 分割完成，检测到 0 个物体
2026-05-21 11:41:37 [INFO] 从分割掩码中提取检测结果
2026-05-21 11:41:37 [INFO] 从掩码中提取了 580 个检测框
2026-05-21 11:41:37 [INFO] 检测到车兜区域，将过滤区域外的目标
2026-05-21 11:41:37 [INFO] 车兜区域过滤: 580 -> 191 个目标
2026-05-21 11:41:37 [INFO] 保存分割和检测结果到: C:\code\show\Scrap_Steel_In_Field\photos\segmentation\segment_20260521_114137.jpg
2026-05-21 11:41:37 [INFO] JSON结果保存到: C:\code\show\Scrap_Steel_In_Field\photos\segmentation_result.json
2026-05-21 11:41:37 [INFO] 类别统计：{1: 380810, 2: 32976, 3: 1872, 4: 7308, 5: 55548, 6: 53280, 7: 27432, 8: 20052, 9: 53066, 10: 84960, 11: 792, 12: 114710, 13: 11160, 15: 11520}
2026-05-21 11:41:37 [INFO] 面积统计：{1: np.float64(380810.0), 2: np.float64(32976.0), 3: np.float64(1872.0), 4: np.float64(7308.0), 5: np.float64(55548.0), 6: np.float64(53280.0), 7: np.float64(27432.0), 8: np.float64(20052.0), 9: np.float64(53066.0), 10: np.float64(84960.0), 11: np.float64(792.0), 12: np.float64(114710.0), 13: np.float64(11160.0), 15: np.float64(11520.0)}
2026-05-21 11:41:37 [INFO] 分割成功
2026-05-21 11:41:37 [INFO] 引擎上下文已释放
2026-05-21 11:41:37 [INFO] TensorRT 引擎已释放
2026-05-21 11:41:37 [INFO] 全局 CUDA 资源已释放
2026-05-21 11:41:37 [INFO] 分割系统资源已释放
2026-05-21 11:41:42 [INFO] CUDA 初始化成功
2026-05-21 11:41:42 [INFO] 引擎加载成功: scrap_steel.engine
2026-05-21 11:41:42 [INFO] 分割系统初始化成功
2026-05-21 11:41:42 [INFO] 图像预处理完成，原始尺寸: (2160, 3840)
2026-05-21 11:41:42 [INFO] 开始执行分割...
2026-05-21 11:41:42 [DEBUG] 处理后的检测结果形状: (1, 8400, 6)
2026-05-21 11:41:42 [DEBUG] 示例检测结果: [[-4.14366531e+00 -3.29992008e+00  3.89617577e+01  1.56631021e+01
   4.04170919e-08  5.00000000e+00]
 [-6.44371033e+00 -3.06117439e+00  4.39568520e+01  2.97481556e+01
   9.29080812e-09  9.00000000e+00]
 [-3.64197540e+00 -3.64125252e+00  4.55783768e+01  3.03495121e+01
   4.06967615e-09  9.00000000e+00]]
2026-05-21 11:41:42 [DEBUG] 处理后检测输出形状: (0, 52)
2026-05-21 11:41:42 [DEBUG] 有效检测数量: 0
2026-05-21 11:41:42 [DEBUG] 检测输出为空
2026-05-21 11:41:42 [INFO] 掩码中检测到的类别: [0, 1, 2, 3, 4, 5, 6, 7, 8, 9, 10, 11, 12, 13, 15]
2026-05-21 11:41:42 [INFO] 分割完成，检测到 0 个物体
2026-05-21 11:41:42 [INFO] 从分割掩码中提取检测结果
2026-05-21 11:41:42 [INFO] 从掩码中提取了 564 个检测框
2026-05-21 11:41:42 [INFO] 检测到车兜区域，将过滤区域外的目标
2026-05-21 11:41:42 [INFO] 车兜区域过滤: 564 -> 198 个目标
2026-05-21 11:41:42 [INFO] 保存分割和检测结果到: C:\code\show\Scrap_Steel_In_Field\photos\segmentation\segment_20260521_114142.jpg
2026-05-21 11:41:42 [INFO] JSON结果保存到: C:\code\show\Scrap_Steel_In_Field\photos\segmentation_result.json
2026-05-21 11:41:42 [INFO] 类别统计：{1: 379781, 2: 35460, 3: 1404, 4: 6516, 5: 52560, 6: 45648, 7: 27324, 8: 20880, 9: 49115, 10: 90396, 11: 864, 12: 119609, 13: 12023, 15: 12492}
2026-05-21 11:41:42 [INFO] 面积统计：{1: np.float64(379781.0), 2: np.float64(35460.0), 3: np.float64(1404.0), 4: np.float64(6516.0), 5: np.float64(52560.0), 6: np.float64(45648.0), 7: np.float64(27324.0), 8: np.float64(20880.0), 9: np.float64(49115.0), 10: np.float64(90396.0), 11: np.float64(864.0), 12: np.float64(119609.0), 13: np.float64(12023.0), 15: np.float64(12492.0)}
2026-05-21 11:41:42 [INFO] 分割成功
2026-05-21 11:41:42 [INFO] 引擎上下文已释放
2026-05-21 11:41:42 [INFO] TensorRT 引擎已释放
2026-05-21 11:41:42 [INFO] 全局 CUDA 资源已释放
2026-05-21 11:41:42 [INFO] 分割系统资源已释放
2026-05-21 11:41:47 [INFO] CUDA 初始化成功
2026-05-21 11:41:47 [INFO] 引擎加载成功: scrap_steel.engine
2026-05-21 11:41:47 [INFO] 分割系统初始化成功
2026-05-21 11:41:47 [INFO] 图像预处理完成，原始尺寸: (2160, 3840)
2026-05-21 11:41:47 [INFO] 开始执行分割...
2026-05-21 11:41:47 [DEBUG] 处理后的检测结果形状: (1, 8400, 6)
2026-05-21 11:41:47 [DEBUG] 示例检测结果: [[-4.16930008e+00 -3.32664680e+00  3.90361061e+01  1.58258762e+01
   4.04170919e-08  5.00000000e+00]
 [-6.48115540e+00 -3.08422565e+00  4.39875031e+01  2.98516273e+01
   9.29080812e-09  9.00000000e+00]
 [-3.63366318e+00 -3.61335373e+00  4.56087227e+01  3.03649902e+01
   4.05381684e-09  9.00000000e+00]]
2026-05-21 11:41:47 [DEBUG] 处理后检测输出形状: (0, 52)
2026-05-21 11:41:47 [DEBUG] 有效检测数量: 0
2026-05-21 11:41:47 [DEBUG] 检测输出为空
2026-05-21 11:41:47 [INFO] 掩码中检测到的类别: [0, 1, 2, 3, 4, 5, 6, 7, 8, 9, 10, 11, 12, 13, 15]
2026-05-21 11:41:47 [INFO] 分割完成，检测到 0 个物体
2026-05-21 11:41:47 [INFO] 从分割掩码中提取检测结果
2026-05-21 11:41:47 [INFO] 从掩码中提取了 573 个检测框
2026-05-21 11:41:47 [INFO] 检测到车兜区域，将过滤区域外的目标
2026-05-21 11:41:47 [INFO] 车兜区域过滤: 573 -> 189 个目标
2026-05-21 11:41:48 [INFO] 保存分割和检测结果到: C:\code\show\Scrap_Steel_In_Field\photos\segmentation\segment_20260521_114147.jpg
2026-05-21 11:41:48 [INFO] JSON结果保存到: C:\code\show\Scrap_Steel_In_Field\photos\segmentation_result.json
2026-05-21 11:41:48 [INFO] 类别统计：{1: 367360, 2: 33372, 3: 1260, 4: 5904, 5: 54828, 6: 46872, 7: 26028, 8: 19044, 9: 43028, 10: 93996, 11: 1080, 12: 102973, 13: 11136, 15: 12240}
2026-05-21 11:41:48 [INFO] 面积统计：{1: np.float64(367360.0), 2: np.float64(33372.0), 3: np.float64(1260.0), 4: np.float64(5904.0), 5: np.float64(54828.0), 6: np.float64(46872.0), 7: np.float64(26028.0), 8: np.float64(19044.0), 9: np.float64(43028.0), 10: np.float64(93996.0), 11: np.float64(1080.0), 12: np.float64(102973.0), 13: np.float64(11136.0), 15: np.float64(12240.0)}
2026-05-21 11:41:48 [INFO] 分割成功
2026-05-21 11:41:48 [INFO] 引擎上下文已释放
2026-05-21 11:41:48 [INFO] TensorRT 引擎已释放
2026-05-21 11:41:48 [INFO] 全局 CUDA 资源已释放
2026-05-21 11:41:48 [INFO] 分割系统资源已释放
2026-05-21 11:41:52 [INFO] CUDA 初始化成功
2026-05-21 11:41:52 [INFO] 引擎加载成功: scrap_steel.engine
2026-05-21 11:41:52 [INFO] 分割系统初始化成功
2026-05-21 11:41:52 [INFO] 图像预处理完成，原始尺寸: (2160, 3840)
2026-05-21 11:41:52 [INFO] 开始执行分割...
2026-05-21 11:41:52 [DEBUG] 处理后的检测结果形状: (1, 8400, 6)
2026-05-21 11:41:52 [DEBUG] 示例检测结果: [[-4.16894531e+00 -3.33782959e+00  3.91599274e+01  1.57783699e+01
   4.01040481e-08  5.00000000e+00]
 [-6.45395279e+00 -3.08779335e+00  4.40712547e+01  2.99547176e+01
   9.34769062e-09  9.00000000e+00]
 [-3.62609863e+00 -3.64133167e+00  4.56467667e+01  3.05018883e+01
   4.10249612e-09  9.00000000e+00]]
2026-05-21 11:41:52 [DEBUG] 处理后检测输出形状: (0, 52)
2026-05-21 11:41:52 [DEBUG] 有效检测数量: 0
2026-05-21 11:41:52 [DEBUG] 检测输出为空
2026-05-21 11:41:52 [INFO] 掩码中检测到的类别: [0, 1, 2, 3, 4, 5, 6, 7, 8, 9, 10, 11, 12, 13, 15]
2026-05-21 11:41:52 [INFO] 分割完成，检测到 0 个物体
2026-05-21 11:41:52 [INFO] 从分割掩码中提取检测结果
2026-05-21 11:41:52 [INFO] 从掩码中提取了 584 个检测框
2026-05-21 11:41:52 [INFO] 检测到车兜区域，将过滤区域外的目标
2026-05-21 11:41:52 [INFO] 车兜区域过滤: 584 -> 205 个目标
2026-05-21 11:41:53 [INFO] 保存分割和检测结果到: C:\code\show\Scrap_Steel_In_Field\photos\segmentation\segment_20260521_114152.jpg
2026-05-21 11:41:53 [INFO] JSON结果保存到: C:\code\show\Scrap_Steel_In_Field\photos\segmentation_result.json
2026-05-21 11:41:53 [INFO] 类别统计：{1: 388233, 2: 33768, 3: 1440, 4: 4536, 5: 50436, 6: 49212, 7: 28980, 8: 20268, 9: 51658, 10: 89208, 11: 468, 12: 109539, 13: 10540, 15: 10476}
2026-05-21 11:41:53 [INFO] 面积统计：{1: np.float64(388233.0), 2: np.float64(33768.0), 3: np.float64(1440.0), 4: np.float64(4536.0), 5: np.float64(50436.0), 6: np.float64(49212.0), 7: np.float64(28980.0), 8: np.float64(20268.0), 9: np.float64(51658.0), 10: np.float64(89208.0), 11: np.float64(468.0), 12: np.float64(109539.0), 13: np.float64(10540.0), 15: np.float64(10476.0)}
2026-05-21 11:41:53 [INFO] 分割成功
2026-05-21 11:41:53 [INFO] 引擎上下文已释放
2026-05-21 11:41:53 [INFO] TensorRT 引擎已释放
2026-05-21 11:41:53 [INFO] 全局 CUDA 资源已释放
2026-05-21 11:41:53 [INFO] 分割系统资源已释放
2026-05-21 11:41:57 [INFO] CUDA 初始化成功
2026-05-21 11:41:57 [INFO] 引擎加载成功: scrap_steel.engine
2026-05-21 11:41:57 [INFO] 分割系统初始化成功
2026-05-21 11:41:57 [INFO] 图像预处理完成，原始尺寸: (2160, 3840)
2026-05-21 11:41:57 [INFO] 开始执行分割...
2026-05-21 11:41:57 [DEBUG] 处理后的检测结果形状: (1, 8400, 6)
2026-05-21 11:41:57 [DEBUG] 示例检测结果: [[-4.17042542e+00 -3.33186722e+00  3.89856567e+01  1.57212753e+01
   4.07318694e-08  5.00000000e+00]
 [-6.47221756e+00 -3.09859371e+00  4.40544014e+01  2.98308296e+01
   9.42551104e-09  9.00000000e+00]
 [-3.64253235e+00 -3.63944626e+00  4.56136780e+01  3.04006653e+01
   4.11920098e-09  9.00000000e+00]]
2026-05-21 11:41:57 [DEBUG] 处理后检测输出形状: (0, 52)
2026-05-21 11:41:57 [DEBUG] 有效检测数量: 0
2026-05-21 11:41:57 [DEBUG] 检测输出为空
2026-05-21 11:41:57 [INFO] 掩码中检测到的类别: [0, 1, 2, 3, 4, 5, 6, 7, 8, 9, 10, 11, 12, 13, 15]
2026-05-21 11:41:57 [INFO] 分割完成，检测到 0 个物体
2026-05-21 11:41:57 [INFO] 从分割掩码中提取检测结果
2026-05-21 11:41:57 [INFO] 从掩码中提取了 577 个检测框
2026-05-21 11:41:57 [INFO] 检测到车兜区域，将过滤区域外的目标
2026-05-21 11:41:57 [INFO] 车兜区域过滤: 577 -> 187 个目标
2026-05-21 11:41:58 [INFO] 保存分割和检测结果到: C:\code\show\Scrap_Steel_In_Field\photos\segmentation\segment_20260521_114157.jpg
2026-05-21 11:41:58 [INFO] JSON结果保存到: C:\code\show\Scrap_Steel_In_Field\photos\segmentation_result.json
2026-05-21 11:41:58 [INFO] 类别统计：{1: 386168, 2: 33552, 3: 936, 4: 7668, 5: 52236, 6: 49356, 7: 30024, 8: 20556, 9: 49835, 10: 94320, 11: 684, 12: 117051, 13: 9432, 15: 14688}
2026-05-21 11:41:58 [INFO] 面积统计：{1: np.float64(386168.0), 2: np.float64(33552.0), 3: np.float64(936.0), 4: np.float64(7668.0), 5: np.float64(52236.0), 6: np.float64(49356.0), 7: np.float64(30024.0), 8: np.float64(20556.0), 9: np.float64(49835.0), 10: np.float64(94320.0), 11: np.float64(684.0), 12: np.float64(117051.0), 13: np.float64(9432.0), 15: np.float64(14688.0)}
2026-05-21 11:41:58 [INFO] 分割成功
2026-05-21 11:41:58 [INFO] 引擎上下文已释放
2026-05-21 11:41:58 [INFO] TensorRT 引擎已释放
2026-05-21 11:41:58 [INFO] 全局 CUDA 资源已释放
2026-05-21 11:41:58 [INFO] 分割系统资源已释放
2026-05-21 11:42:02 [INFO] CUDA 初始化成功
2026-05-21 11:42:02 [INFO] 引擎加载成功: scrap_steel.engine
2026-05-21 11:42:02 [INFO] 分割系统初始化成功
2026-05-21 11:42:02 [INFO] 图像预处理完成，原始尺寸: (2160, 3840)
2026-05-21 11:42:02 [INFO] 开始执行分割...
2026-05-21 11:42:02 [DEBUG] 处理后的检测结果形状: (1, 8400, 6)
2026-05-21 11:42:02 [DEBUG] 示例检测结果: [[-4.16802216e+00 -3.31193256e+00  3.90746117e+01  1.57126265e+01
   4.07318694e-08  5.00000000e+00]
 [-6.43774033e+00 -3.05998230e+00  4.39789238e+01  2.98579636e+01
   9.46061363e-09  9.00000000e+00]
 [-3.64138794e+00 -3.64217949e+00  4.55749321e+01  3.04173260e+01
   4.05381684e-09  9.00000000e+00]]
2026-05-21 11:42:02 [DEBUG] 处理后检测输出形状: (0, 52)
2026-05-21 11:42:02 [DEBUG] 有效检测数量: 0
2026-05-21 11:42:02 [DEBUG] 检测输出为空
2026-05-21 11:42:02 [INFO] 掩码中检测到的类别: [0, 1, 2, 3, 4, 5, 6, 7, 8, 9, 10, 11, 12, 13, 15]
2026-05-21 11:42:02 [INFO] 分割完成，检测到 0 个物体
2026-05-21 11:42:02 [INFO] 从分割掩码中提取检测结果
2026-05-21 11:42:02 [INFO] 从掩码中提取了 580 个检测框
2026-05-21 11:42:02 [INFO] 检测到车兜区域，将过滤区域外的目标
2026-05-21 11:42:02 [INFO] 车兜区域过滤: 580 -> 193 个目标
2026-05-21 11:42:03 [INFO] 保存分割和检测结果到: C:\code\show\Scrap_Steel_In_Field\photos\segmentation\segment_20260521_114202.jpg
2026-05-21 11:42:03 [INFO] JSON结果保存到: C:\code\show\Scrap_Steel_In_Field\photos\segmentation_result.json
2026-05-21 11:42:03 [INFO] 类别统计：{1: 375566, 2: 36360, 3: 756, 4: 6840, 5: 50904, 6: 59112, 7: 28512, 8: 21276, 9: 45621, 10: 81864, 11: 900, 12: 102084, 13: 10012, 15: 14364}
2026-05-21 11:42:03 [INFO] 面积统计：{1: np.float64(375566.0), 2: np.float64(36360.0), 3: np.float64(756.0), 4: np.float64(6840.0), 5: np.float64(50904.0), 6: np.float64(59112.0), 7: np.float64(28512.0), 8: np.float64(21276.0), 9: np.float64(45621.0), 10: np.float64(81864.0), 11: np.float64(900.0), 12: np.float64(102084.0), 13: np.float64(10012.0), 15: np.float64(14364.0)}
2026-05-21 11:42:03 [INFO] 分割成功
2026-05-21 11:42:03 [INFO] 引擎上下文已释放
2026-05-21 11:42:03 [INFO] TensorRT 引擎已释放
2026-05-21 11:42:03 [INFO] 全局 CUDA 资源已释放
2026-05-21 11:42:03 [INFO] 分割系统资源已释放
2026-05-21 11:42:07 [INFO] CUDA 初始化成功
2026-05-21 11:42:07 [INFO] 引擎加载成功: scrap_steel.engine
2026-05-21 11:42:07 [INFO] 分割系统初始化成功
2026-05-21 11:42:07 [INFO] 图像预处理完成，原始尺寸: (2160, 3840)
2026-05-21 11:42:07 [INFO] 开始执行分割...
2026-05-21 11:42:07 [DEBUG] 处理后的检测结果形状: (1, 8400, 6)
2026-05-21 11:42:07 [DEBUG] 示例检测结果: [[-4.13977814e+00 -3.31108475e+00  3.89630165e+01  1.57626553e+01
   4.04170919e-08  5.00000000e+00]
 [-6.47028732e+00 -3.07459927e+00  4.40186424e+01  2.98880539e+01
   9.34769062e-09  9.00000000e+00]
 [-3.66226959e+00 -3.63944817e+00  4.56490097e+01  3.04590778e+01
   4.11920098e-09  9.00000000e+00]]
2026-05-21 11:42:07 [DEBUG] 处理后检测输出形状: (0, 52)
2026-05-21 11:42:07 [DEBUG] 有效检测数量: 0
2026-05-21 11:42:07 [DEBUG] 检测输出为空
2026-05-21 11:42:07 [INFO] 掩码中检测到的类别: [0, 1, 2, 3, 4, 5, 6, 7, 8, 9, 10, 11, 12, 13, 15]
2026-05-21 11:42:07 [INFO] 分割完成，检测到 0 个物体
2026-05-21 11:42:07 [INFO] 从分割掩码中提取检测结果
2026-05-21 11:42:07 [INFO] 从掩码中提取了 567 个检测框
2026-05-21 11:42:07 [INFO] 检测到车兜区域，将过滤区域外的目标
2026-05-21 11:42:07 [INFO] 车兜区域过滤: 567 -> 201 个目标
2026-05-21 11:42:08 [INFO] 保存分割和检测结果到: C:\code\show\Scrap_Steel_In_Field\photos\segmentation\segment_20260521_114207.jpg
2026-05-21 11:42:08 [INFO] JSON结果保存到: C:\code\show\Scrap_Steel_In_Field\photos\segmentation_result.json
2026-05-21 11:42:08 [INFO] 类别统计：{1: 370493, 2: 34416, 3: 1116, 4: 5832, 5: 56340, 6: 49464, 7: 25056, 8: 21024, 9: 42441, 10: 82476, 11: 648, 12: 95209, 13: 10327, 15: 13536}
2026-05-21 11:42:08 [INFO] 面积统计：{1: np.float64(370493.0), 2: np.float64(34416.0), 3: np.float64(1116.0), 4: np.float64(5832.0), 5: np.float64(56340.0), 6: np.float64(49464.0), 7: np.float64(25056.0), 8: np.float64(21024.0), 9: np.float64(42441.0), 10: np.float64(82476.0), 11: np.float64(648.0), 12: np.float64(95209.0), 13: np.float64(10327.0), 15: np.float64(13536.0)}
2026-05-21 11:42:08 [INFO] 分割成功
2026-05-21 11:42:08 [INFO] 引擎上下文已释放
2026-05-21 11:42:08 [INFO] TensorRT 引擎已释放
2026-05-21 11:42:08 [INFO] 全局 CUDA 资源已释放
2026-05-21 11:42:08 [INFO] 分割系统资源已释放
2026-05-21 11:42:12 [INFO] CUDA 初始化成功
2026-05-21 11:42:12 [INFO] 引擎加载成功: scrap_steel.engine
2026-05-21 11:42:12 [INFO] 分割系统初始化成功
2026-05-21 11:42:12 [INFO] 图像预处理完成，原始尺寸: (2160, 3840)
2026-05-21 11:42:12 [INFO] 开始执行分割...
2026-05-21 11:42:12 [DEBUG] 处理后的检测结果形状: (1, 8400, 6)
2026-05-21 11:42:12 [DEBUG] 示例检测结果: [[-4.15911484e+00 -3.32173061e+00  3.91180077e+01  1.58337469e+01
   4.10490770e-08  5.00000000e+00]
 [-6.48044968e+00 -3.07490921e+00  4.41404839e+01  2.99651642e+01
   9.49769330e-09  9.00000000e+00]
 [-3.66606522e+00 -3.65564156e+00  4.56607323e+01  3.05275669e+01
   4.18410906e-09  9.00000000e+00]]
2026-05-21 11:42:12 [DEBUG] 处理后检测输出形状: (0, 52)
2026-05-21 11:42:12 [DEBUG] 有效检测数量: 0
2026-05-21 11:42:12 [DEBUG] 检测输出为空
2026-05-21 11:42:12 [INFO] 掩码中检测到的类别: [0, 1, 2, 3, 4, 5, 6, 7, 8, 9, 10, 11, 12, 13, 15]
2026-05-21 11:42:12 [INFO] 分割完成，检测到 0 个物体
2026-05-21 11:42:12 [INFO] 从分割掩码中提取检测结果
2026-05-21 11:42:12 [INFO] 从掩码中提取了 560 个检测框
2026-05-21 11:42:12 [INFO] 检测到车兜区域，将过滤区域外的目标
2026-05-21 11:42:12 [INFO] 车兜区域过滤: 560 -> 188 个目标
2026-05-21 11:42:13 [INFO] 保存分割和检测结果到: C:\code\show\Scrap_Steel_In_Field\photos\segmentation\segment_20260521_114212.jpg
2026-05-21 11:42:13 [INFO] JSON结果保存到: C:\code\show\Scrap_Steel_In_Field\photos\segmentation_result.json
2026-05-21 11:42:13 [INFO] 类别统计：{1: 377368, 2: 31968, 3: 432, 4: 8172, 5: 54864, 6: 46368, 7: 30060, 8: 19656, 9: 48664, 10: 93672, 11: 108, 12: 117719, 13: 9917, 15: 12348}
2026-05-21 11:42:13 [INFO] 面积统计：{1: np.float64(377368.0), 2: np.float64(31968.0), 3: np.float64(432.0), 4: np.float64(8172.0), 5: np.float64(54864.0), 6: np.float64(46368.0), 7: np.float64(30060.0), 8: np.float64(19656.0), 9: np.float64(48664.0), 10: np.float64(93672.0), 11: np.float64(108.0), 12: np.float64(117719.0), 13: np.float64(9917.0), 15: np.float64(12348.0)}
2026-05-21 11:42:13 [INFO] 分割成功
2026-05-21 11:42:13 [INFO] 引擎上下文已释放
2026-05-21 11:42:13 [INFO] TensorRT 引擎已释放
2026-05-21 11:42:13 [INFO] 全局 CUDA 资源已释放
2026-05-21 11:42:13 [INFO] 分割系统资源已释放
2026-05-21 11:42:17 [INFO] CUDA 初始化成功
2026-05-21 11:42:17 [INFO] 引擎加载成功: scrap_steel.engine
2026-05-21 11:42:17 [INFO] 分割系统初始化成功
2026-05-21 11:42:17 [INFO] 图像预处理完成，原始尺寸: (2160, 3840)
2026-05-21 11:42:17 [INFO] 开始执行分割...
2026-05-21 11:42:17 [DEBUG] 处理后的检测结果形状: (1, 8400, 6)
2026-05-21 11:42:17 [DEBUG] 示例检测结果: [[-4.12668228e+00 -3.28834057e+00  3.89496078e+01  1.54915380e+01
   3.97944220e-08  5.00000000e+00]
 [-6.44248199e+00 -3.03662968e+00  4.40775757e+01  2.96945839e+01
   9.35025746e-09  9.00000000e+00]
 [-3.64306259e+00 -3.61068058e+00  4.56323700e+01  3.03501320e+01
   4.13531609e-09  9.00000000e+00]]
2026-05-21 11:42:17 [DEBUG] 处理后检测输出形状: (0, 52)
2026-05-21 11:42:17 [DEBUG] 有效检测数量: 0
2026-05-21 11:42:17 [DEBUG] 检测输出为空
2026-05-21 11:42:17 [INFO] 掩码中检测到的类别: [0, 1, 2, 3, 4, 5, 6, 7, 8, 9, 10, 11, 12, 13, 15]
2026-05-21 11:42:17 [INFO] 分割完成，检测到 0 个物体
2026-05-21 11:42:17 [INFO] 从分割掩码中提取检测结果
2026-05-21 11:42:17 [INFO] 从掩码中提取了 563 个检测框
2026-05-21 11:42:17 [INFO] 检测到车兜区域，将过滤区域外的目标
2026-05-21 11:42:17 [INFO] 车兜区域过滤: 563 -> 184 个目标
2026-05-21 11:42:18 [INFO] 保存分割和检测结果到: C:\code\show\Scrap_Steel_In_Field\photos\segmentation\segment_20260521_114218.jpg
2026-05-21 11:42:18 [INFO] JSON结果保存到: C:\code\show\Scrap_Steel_In_Field\photos\segmentation_result.json
2026-05-21 11:42:18 [INFO] 类别统计：{1: 361985, 2: 35784, 3: 1620, 4: 9468, 5: 55152, 6: 54576, 7: 28368, 8: 19944, 9: 41574, 10: 80388, 11: 612, 12: 120358, 13: 10235, 15: 17460}
2026-05-21 11:42:18 [INFO] 面积统计：{1: np.float64(361985.0), 2: np.float64(35784.0), 3: np.float64(1620.0), 4: np.float64(9468.0), 5: np.float64(55152.0), 6: np.float64(54576.0), 7: np.float64(28368.0), 8: np.float64(19944.0), 9: np.float64(41574.0), 10: np.float64(80388.0), 11: np.float64(612.0), 12: np.float64(120358.0), 13: np.float64(10235.0), 15: np.float64(17460.0)}
2026-05-21 11:42:18 [INFO] 分割成功
2026-05-21 11:42:18 [INFO] 引擎上下文已释放
2026-05-21 11:42:18 [INFO] TensorRT 引擎已释放
2026-05-21 11:42:18 [INFO] 全局 CUDA 资源已释放
2026-05-21 11:42:18 [INFO] 分割系统资源已释放
2026-05-21 11:42:22 [INFO] CUDA 初始化成功
2026-05-21 11:42:22 [INFO] 引擎加载成功: scrap_steel.engine
2026-05-21 11:42:22 [INFO] 分割系统初始化成功
2026-05-21 11:42:22 [INFO] 图像预处理完成，原始尺寸: (2160, 3840)
2026-05-21 11:42:22 [INFO] 开始执行分割...
2026-05-21 11:42:22 [DEBUG] 处理后的检测结果形状: (1, 8400, 6)
2026-05-21 11:42:22 [DEBUG] 示例检测结果: [[-4.11143494e+00 -3.30808783e+00  3.89787788e+01  1.56520023e+01
   4.17046770e-08  5.00000000e+00]
 [-6.46485138e+00 -3.07118511e+00  4.41115494e+01  2.98528175e+01
   9.57522062e-09  9.00000000e+00]
 [-3.64923477e+00 -3.62550545e+00  4.56555519e+01  3.04332333e+01
   4.13585166e-09  9.00000000e+00]]
2026-05-21 11:42:22 [DEBUG] 处理后检测输出形状: (0, 52)
2026-05-21 11:42:22 [DEBUG] 有效检测数量: 0
2026-05-21 11:42:22 [DEBUG] 检测输出为空
2026-05-21 11:42:22 [INFO] 掩码中检测到的类别: [0, 1, 2, 3, 4, 5, 6, 7, 8, 9, 10, 11, 12, 13, 15]
2026-05-21 11:42:22 [INFO] 分割完成，检测到 0 个物体
2026-05-21 11:42:22 [INFO] 从分割掩码中提取检测结果
2026-05-21 11:42:23 [INFO] 从掩码中提取了 563 个检测框
2026-05-21 11:42:23 [INFO] 检测到车兜区域，将过滤区域外的目标
2026-05-21 11:42:23 [INFO] 车兜区域过滤: 563 -> 177 个目标
2026-05-21 11:42:23 [INFO] 保存分割和检测结果到: C:\code\show\Scrap_Steel_In_Field\photos\segmentation\segment_20260521_114223.jpg
2026-05-21 11:42:23 [INFO] JSON结果保存到: C:\code\show\Scrap_Steel_In_Field\photos\segmentation_result.json
2026-05-21 11:42:23 [INFO] 类别统计：{1: 361263, 2: 29556, 3: 1296, 4: 6624, 5: 55260, 6: 54000, 7: 24984, 8: 19548, 9: 42471, 10: 82764, 11: 720, 12: 94640, 13: 10767, 15: 12996}
2026-05-21 11:42:23 [INFO] 面积统计：{1: np.float64(361263.0), 2: np.float64(29556.0), 3: np.float64(1296.0), 4: np.float64(6624.0), 5: np.float64(55260.0), 6: np.float64(54000.0), 7: np.float64(24984.0), 8: np.float64(19548.0), 9: np.float64(42471.0), 10: np.float64(82764.0), 11: np.float64(720.0), 12: np.float64(94640.0), 13: np.float64(10767.0), 15: np.float64(12996.0)}
2026-05-21 11:42:23 [INFO] 分割成功
2026-05-21 11:42:23 [INFO] 引擎上下文已释放
2026-05-21 11:42:23 [INFO] TensorRT 引擎已释放
2026-05-21 11:42:23 [INFO] 全局 CUDA 资源已释放
2026-05-21 11:42:23 [INFO] 分割系统资源已释放
2026-05-21 11:42:27 [INFO] CUDA 初始化成功
2026-05-21 11:42:27 [INFO] 引擎加载成功: scrap_steel.engine
2026-05-21 11:42:27 [INFO] 分割系统初始化成功
2026-05-21 11:42:27 [INFO] 图像预处理完成，原始尺寸: (2160, 3840)
2026-05-21 11:42:27 [INFO] 开始执行分割...
2026-05-21 11:42:27 [DEBUG] 处理后的检测结果形状: (1, 8400, 6)
2026-05-21 11:42:27 [DEBUG] 示例检测结果: [[-4.13929367e+00 -3.29948807e+00  3.90208359e+01  1.57106838e+01
   4.10490770e-08  5.00000000e+00]
 [-6.42140198e+00 -3.04575443e+00  4.40172119e+01  2.98383331e+01
   9.42353395e-09  9.00000000e+00]
 [-3.64614868e+00 -3.59616280e+00  4.56061478e+01  3.04456921e+01
   4.15120738e-09  9.00000000e+00]]
2026-05-21 11:42:27 [DEBUG] 处理后检测输出形状: (0, 52)
2026-05-21 11:42:27 [DEBUG] 有效检测数量: 0
2026-05-21 11:42:27 [DEBUG] 检测输出为空
2026-05-21 11:42:27 [INFO] 掩码中检测到的类别: [0, 1, 2, 3, 4, 5, 6, 7, 8, 9, 10, 11, 12, 13, 15]
2026-05-21 11:42:27 [INFO] 分割完成，检测到 0 个物体
2026-05-21 11:42:27 [INFO] 从分割掩码中提取检测结果
2026-05-21 11:42:28 [INFO] 从掩码中提取了 558 个检测框
2026-05-21 11:42:28 [INFO] 检测到车兜区域，将过滤区域外的目标
2026-05-21 11:42:28 [INFO] 车兜区域过滤: 558 -> 194 个目标
2026-05-21 11:42:28 [INFO] 保存分割和检测结果到: C:\code\show\Scrap_Steel_In_Field\photos\segmentation\segment_20260521_114228.jpg
2026-05-21 11:42:28 [INFO] JSON结果保存到: C:\code\show\Scrap_Steel_In_Field\photos\segmentation_result.json
2026-05-21 11:42:28 [INFO] 类别统计：{1: 373732, 2: 33840, 3: 1476, 4: 5796, 5: 56808, 6: 54144, 7: 25632, 8: 19620, 9: 48369, 10: 85104, 11: 864, 12: 118614, 13: 9291, 15: 13608}
2026-05-21 11:42:28 [INFO] 面积统计：{1: np.float64(373732.0), 2: np.float64(33840.0), 3: np.float64(1476.0), 4: np.float64(5796.0), 5: np.float64(56808.0), 6: np.float64(54144.0), 7: np.float64(25632.0), 8: np.float64(19620.0), 9: np.float64(48369.0), 10: np.float64(85104.0), 11: np.float64(864.0), 12: np.float64(118614.0), 13: np.float64(9291.0), 15: np.float64(13608.0)}
2026-05-21 11:42:28 [INFO] 分割成功
2026-05-21 11:42:28 [INFO] 引擎上下文已释放
2026-05-21 11:42:28 [INFO] TensorRT 引擎已释放
2026-05-21 11:42:28 [INFO] 全局 CUDA 资源已释放
2026-05-21 11:42:28 [INFO] 分割系统资源已释放
2026-05-21 11:42:32 [INFO] CUDA 初始化成功
2026-05-21 11:42:33 [INFO] 引擎加载成功: scrap_steel.engine
2026-05-21 11:42:33 [INFO] 分割系统初始化成功
2026-05-21 11:42:33 [INFO] 图像预处理完成，原始尺寸: (2160, 3840)
2026-05-21 11:42:33 [INFO] 开始执行分割...
2026-05-21 11:42:33 [DEBUG] 处理后的检测结果形状: (1, 8400, 6)
2026-05-21 11:42:33 [DEBUG] 示例检测结果: [[-4.11327362e+00 -3.29167366e+00  3.89294281e+01  1.55744915e+01
   4.01040481e-08  5.00000000e+00]
 [-6.44466400e+00 -3.04540920e+00  4.39466629e+01  2.97183914e+01
   9.34769062e-09  9.00000000e+00]
 [-3.63920975e+00 -3.59622192e+00  4.55714264e+01  3.02976685e+01
   4.11826129e-09  9.00000000e+00]]
2026-05-21 11:42:33 [DEBUG] 处理后检测输出形状: (0, 52)
2026-05-21 11:42:33 [DEBUG] 有效检测数量: 0
2026-05-21 11:42:33 [DEBUG] 检测输出为空
2026-05-21 11:42:33 [INFO] 掩码中检测到的类别: [0, 1, 2, 3, 4, 5, 6, 7, 8, 9, 10, 11, 12, 13, 15]
2026-05-21 11:42:33 [INFO] 分割完成，检测到 0 个物体
2026-05-21 11:42:33 [INFO] 从分割掩码中提取检测结果
2026-05-21 11:42:33 [INFO] 从掩码中提取了 558 个检测框
2026-05-21 11:42:33 [INFO] 检测到车兜区域，将过滤区域外的目标
2026-05-21 11:42:33 [INFO] 车兜区域过滤: 558 -> 187 个目标
2026-05-21 11:42:33 [INFO] 保存分割和检测结果到: C:\code\show\Scrap_Steel_In_Field\photos\segmentation\segment_20260521_114233.jpg
2026-05-21 11:42:33 [INFO] JSON结果保存到: C:\code\show\Scrap_Steel_In_Field\photos\segmentation_result.json
2026-05-21 11:42:33 [INFO] 类别统计：{1: 397631, 2: 32724, 3: 1476, 4: 5328, 5: 55620, 6: 45612, 7: 25560, 8: 22536, 9: 44537, 10: 99144, 11: 576, 12: 101212, 13: 11316, 15: 12348}
2026-05-21 11:42:33 [INFO] 面积统计：{1: np.float64(397631.0), 2: np.float64(32724.0), 3: np.float64(1476.0), 4: np.float64(5328.0), 5: np.float64(55620.0), 6: np.float64(45612.0), 7: np.float64(25560.0), 8: np.float64(22536.0), 9: np.float64(44537.0), 10: np.float64(99144.0), 11: np.float64(576.0), 12: np.float64(101212.0), 13: np.float64(11316.0), 15: np.float64(12348.0)}
2026-05-21 11:42:33 [INFO] 分割成功
2026-05-21 11:42:33 [INFO] 引擎上下文已释放
2026-05-21 11:42:33 [INFO] TensorRT 引擎已释放
2026-05-21 11:42:34 [INFO] 全局 CUDA 资源已释放
2026-05-21 11:42:34 [INFO] 分割系统资源已释放
