2026-05-22 15:46:52 [INFO] CUDA 初始化成功
2026-05-22 15:46:52 [INFO] 引擎加载成功: scrap_steel.engine
2026-05-22 15:46:52 [INFO] 分割系统初始化成功
2026-05-22 15:46:55 [INFO] 引擎加载成功: scrap_steel.engine
2026-05-22 15:46:55 [INFO] 分割系统初始化成功
2026-05-22 15:46:55 [INFO] 图像预处理完成，原始尺寸: (2160, 3840)
2026-05-22 15:46:55 [INFO] 开始执行分割...
2026-05-22 15:46:55 [ERROR] 推理过程发生异常: explicit_context_dependent failed: invalid device context - no currently active context?
2026-05-22 15:46:55 [INFO] 分割完成，检测到 0 个物体
2026-05-22 15:46:55 [INFO] 保存分割和检测结果到: C:\code\show\Scrap_Steel_In_Field\photos\segmentation\segment_20260522_154655.jpg
2026-05-22 15:46:55 [INFO] JSON结果保存到: C:\code\show\Scrap_Steel_In_Field\photos\segmentation_result.json
2026-05-22 15:46:55 [INFO] 类别统计：{}
2026-05-22 15:46:55 [INFO] 面积统计：{}
2026-05-22 15:46:55 [ERROR] 分割失败: 未能生成有效的分割掩码
2026-05-22 15:46:55 [INFO] 引擎上下文已释放
2026-05-22 15:46:55 [INFO] TensorRT 引擎已释放
2026-05-22 15:46:55 [INFO] 全局 CUDA 资源已释放
2026-05-22 15:46:55 [INFO] 分割系统资源已释放
2026-05-22 15:47:02 [INFO] CUDA 初始化成功
2026-05-22 15:47:02 [INFO] 引擎加载成功: scrap_steel.engine
2026-05-22 15:47:02 [INFO] 分割系统初始化成功
2026-05-22 15:47:02 [INFO] 图像预处理完成，原始尺寸: (2160, 3840)
2026-05-22 15:47:02 [INFO] 开始执行分割...
2026-05-22 15:47:02 [DEBUG] 处理后的检测结果形状: (1, 8400, 6)
2026-05-22 15:47:02 [DEBUG] 示例检测结果: [[-4.11104584e+00 -3.34147930e+00  3.87805786e+01  1.57814226e+01
   4.35467271e-08  5.00000000e+00]
 [-6.44485474e+00 -3.13784504e+00  4.39457779e+01  2.99518700e+01
   9.33450650e-09  9.00000000e+00]
 [-3.67744446e+00 -3.67479897e+00  4.55449867e+01  3.03987484e+01
   4.10115852e-09  9.00000000e+00]]
2026-05-22 15:47:02 [DEBUG] 处理后检测输出形状: (4, 52)
2026-05-22 15:47:02 [DEBUG] 有效检测数量: 4
2026-05-22 15:47:02 [DEBUG] 最大置信度: 0.1041, 平均置信度: 0.0851
2026-05-22 15:47:02 [INFO] 掩码中检测到的类别: [0, 1, 2, 3, 4, 5, 6, 7, 8, 9, 10, 11, 12, 13, 15]
2026-05-22 15:47:02 [INFO] 分割完成，检测到 1 个物体
2026-05-22 15:47:03 [ERROR] 保存结果失败: only integers, slices (`:`), ellipsis (`...`), numpy.newaxis (`None`) and integer or boolean arrays are valid indices
2026-05-22 15:47:03 [INFO] 分割成功
2026-05-22 15:47:03 [INFO] 引擎上下文已释放
2026-05-22 15:47:03 [INFO] TensorRT 引擎已释放
2026-05-22 15:47:03 [INFO] 全局 CUDA 资源已释放
2026-05-22 15:47:03 [INFO] 分割系统资源已释放
2026-05-22 15:47:07 [INFO] CUDA 初始化成功
2026-05-22 15:47:07 [INFO] 引擎加载成功: scrap_steel.engine
2026-05-22 15:47:07 [INFO] 分割系统初始化成功
2026-05-22 15:47:07 [INFO] 图像预处理完成，原始尺寸: (2160, 3840)
2026-05-22 15:47:07 [INFO] 开始执行分割...
2026-05-22 15:47:07 [DEBUG] 处理后的检测结果形状: (1, 8400, 6)
2026-05-22 15:47:07 [DEBUG] 示例检测结果: [[-4.11001968e+00 -3.31714773e+00  3.87452583e+01  1.57193317e+01
   4.30375735e-08  5.00000000e+00]
 [-6.45058441e+00 -3.08731270e+00  4.39680290e+01  2.98550320e+01
   9.40747924e-09  9.00000000e+00]
 [-3.67208099e+00 -3.64451408e+00  4.55804405e+01  3.03586826e+01
   4.11722390e-09  9.00000000e+00]]
2026-05-22 15:47:07 [DEBUG] 处理后检测输出形状: (4, 52)
2026-05-22 15:47:07 [DEBUG] 有效检测数量: 4
2026-05-22 15:47:07 [DEBUG] 最大置信度: 0.0854, 平均置信度: 0.0717
2026-05-22 15:47:07 [INFO] 掩码中检测到的类别: [0, 1, 2, 3, 4, 5, 6, 7, 8, 9, 10, 11, 12, 13, 15]
2026-05-22 15:47:07 [INFO] 分割完成，检测到 1 个物体
2026-05-22 15:47:07 [ERROR] 保存结果失败: only integers, slices (`:`), ellipsis (`...`), numpy.newaxis (`None`) and integer or boolean arrays are valid indices
2026-05-22 15:47:07 [INFO] 分割成功
2026-05-22 15:47:07 [INFO] 引擎上下文已释放
2026-05-22 15:47:07 [INFO] TensorRT 引擎已释放
2026-05-22 15:47:07 [INFO] 全局 CUDA 资源已释放
2026-05-22 15:47:07 [INFO] 分割系统资源已释放
2026-05-22 15:47:12 [INFO] CUDA 初始化成功
2026-05-22 15:47:12 [INFO] 引擎加载成功: scrap_steel.engine
2026-05-22 15:47:12 [INFO] 分割系统初始化成功
2026-05-22 15:47:12 [INFO] 图像预处理完成，原始尺寸: (2160, 3840)
2026-05-22 15:47:12 [INFO] 开始执行分割...
2026-05-22 15:47:12 [DEBUG] 处理后的检测结果形状: (1, 8400, 6)
2026-05-22 15:47:12 [DEBUG] 示例检测结果: [[-4.09737015e+00 -3.32047939e+00  3.87532387e+01  1.56864042e+01
   4.27178293e-08  5.00000000e+00]
 [-6.43169785e+00 -3.10340214e+00  4.39212418e+01  2.98034592e+01
   9.42755474e-09  9.00000000e+00]
 [-3.67253876e+00 -3.64820862e+00  4.55669708e+01  3.03484192e+01
   4.13557188e-09  9.00000000e+00]]
2026-05-22 15:47:12 [DEBUG] 处理后检测输出形状: (4, 52)
2026-05-22 15:47:12 [DEBUG] 有效检测数量: 4
2026-05-22 15:47:12 [DEBUG] 最大置信度: 0.0806, 平均置信度: 0.0672
2026-05-22 15:47:12 [INFO] 掩码中检测到的类别: [0, 1, 2, 3, 4, 5, 6, 7, 8, 9, 10, 11, 12, 13, 15]
2026-05-22 15:47:12 [INFO] 分割完成，检测到 1 个物体
2026-05-22 15:47:13 [ERROR] 保存结果失败: only integers, slices (`:`), ellipsis (`...`), numpy.newaxis (`None`) and integer or boolean arrays are valid indices
2026-05-22 15:47:13 [INFO] 分割成功
2026-05-22 15:47:13 [INFO] 引擎上下文已释放
2026-05-22 15:47:13 [INFO] TensorRT 引擎已释放
2026-05-22 15:47:13 [INFO] 全局 CUDA 资源已释放
2026-05-22 15:47:13 [INFO] 分割系统资源已释放
2026-05-22 15:47:17 [INFO] CUDA 初始化成功
2026-05-22 15:47:17 [INFO] 引擎加载成功: scrap_steel.engine
2026-05-22 15:47:17 [INFO] 分割系统初始化成功
2026-05-22 15:47:17 [INFO] 图像预处理完成，原始尺寸: (2160, 3840)
2026-05-22 15:47:17 [INFO] 开始执行分割...
2026-05-22 15:47:17 [DEBUG] 处理后的检测结果形状: (1, 8400, 6)
2026-05-22 15:47:17 [DEBUG] 示例检测结果: [[-4.10857010e+00 -3.32603741e+00  3.87141418e+01  1.57672834e+01
   4.25522977e-08  5.00000000e+00]
 [-6.44277954e+00 -3.10206890e+00  4.39341049e+01  2.99304848e+01
   9.28084010e-09  9.00000000e+00]
 [-3.64018250e+00 -3.63412476e+00  4.55327301e+01  3.03793144e+01
   4.05559586e-09  9.00000000e+00]]
2026-05-22 15:47:17 [DEBUG] 处理后检测输出形状: (4, 52)
2026-05-22 15:47:17 [DEBUG] 有效检测数量: 4
2026-05-22 15:47:17 [DEBUG] 最大置信度: 0.0848, 平均置信度: 0.0741
2026-05-22 15:47:17 [INFO] 掩码中检测到的类别: [0, 1, 2, 3, 4, 5, 6, 7, 8, 9, 10, 11, 12, 13, 15]
2026-05-22 15:47:17 [INFO] 分割完成，检测到 1 个物体
2026-05-22 15:47:18 [ERROR] 保存结果失败: only integers, slices (`:`), ellipsis (`...`), numpy.newaxis (`None`) and integer or boolean arrays are valid indices
2026-05-22 15:47:18 [INFO] 分割成功
2026-05-22 15:47:18 [INFO] 引擎上下文已释放
2026-05-22 15:47:18 [INFO] TensorRT 引擎已释放
2026-05-22 15:47:18 [INFO] 全局 CUDA 资源已释放
2026-05-22 15:47:18 [INFO] 分割系统资源已释放
2026-05-22 15:47:22 [INFO] CUDA 初始化成功
2026-05-22 15:47:22 [INFO] 引擎加载成功: scrap_steel.engine
2026-05-22 15:47:22 [INFO] 分割系统初始化成功
2026-05-22 15:47:22 [INFO] 图像预处理完成，原始尺寸: (2160, 3840)
2026-05-22 15:47:22 [INFO] 开始执行分割...
2026-05-22 15:47:22 [DEBUG] 处理后的检测结果形状: (1, 8400, 6)
2026-05-22 15:47:22 [DEBUG] 示例检测结果: [[-4.10876465e+00 -3.31591988e+00  3.87426605e+01  1.56999664e+01
   4.32043450e-08  5.00000000e+00]
 [-6.45997620e+00 -3.07795238e+00  4.40436478e+01  2.98140373e+01
   9.55619583e-09  9.00000000e+00]
 [-3.68291092e+00 -3.60576344e+00  4.56119003e+01  3.03139915e+01
   4.21479740e-09  9.00000000e+00]]
2026-05-22 15:47:22 [DEBUG] 处理后检测输出形状: (4, 52)
2026-05-22 15:47:22 [DEBUG] 有效检测数量: 4
2026-05-22 15:47:22 [DEBUG] 最大置信度: 0.0943, 平均置信度: 0.0771
2026-05-22 15:47:22 [INFO] 掩码中检测到的类别: [0, 1, 2, 3, 4, 5, 6, 7, 8, 9, 10, 11, 12, 13, 14, 15]
2026-05-22 15:47:22 [INFO] 分割完成，检测到 1 个物体
2026-05-22 15:47:23 [ERROR] 保存结果失败: only integers, slices (`:`), ellipsis (`...`), numpy.newaxis (`None`) and integer or boolean arrays are valid indices
2026-05-22 15:47:23 [INFO] 分割成功
2026-05-22 15:47:23 [INFO] 引擎上下文已释放
2026-05-22 15:47:23 [INFO] TensorRT 引擎已释放
2026-05-22 15:47:23 [INFO] 全局 CUDA 资源已释放
2026-05-22 15:47:23 [INFO] 分割系统资源已释放
2026-05-22 15:47:27 [INFO] CUDA 初始化成功
2026-05-22 15:47:27 [INFO] 引擎加载成功: scrap_steel.engine
2026-05-22 15:47:27 [INFO] 分割系统初始化成功
2026-05-22 15:47:27 [INFO] 图像预处理完成，原始尺寸: (2160, 3840)
2026-05-22 15:47:27 [INFO] 开始执行分割...
