2026-07-20 10:28:35 [INFO] CUDA 初始化成功
2026-07-20 10:28:35 [INFO] 引擎加载成功: scrap_steel.engine
2026-07-20 10:28:35 [INFO] 分割系统初始化成功
2026-07-20 10:28:37 [INFO] 引擎加载成功: scrap_steel.engine
2026-07-20 10:28:37 [INFO] 分割系统初始化成功
2026-07-20 10:28:37 [INFO] 图像预处理完成，原始尺寸: (2160, 3840)
2026-07-20 10:28:37 [INFO] 开始执行分割...
2026-07-20 10:28:37 [ERROR] 推理过程发生异常: explicit_context_dependent failed: invalid device context - no currently active context?
2026-07-20 10:28:37 [INFO] 分割完成，检测到 0 个物体
2026-07-20 10:28:37 [INFO] 计算出的车框矩形边界: (3704, 0) to (3840, 615)
2026-07-20 10:28:37 [INFO] 原始检测数: 0, 过滤后检测数: 0
2026-07-20 10:28:37 [ERROR] 保存结果失败: 'NoneType' object has no attribute 'shape'
2026-07-20 10:28:37 [ERROR] 分割失败: 未能生成有效的分割掩码
2026-07-20 10:28:37 [INFO] 引擎上下文已释放
2026-07-20 10:28:37 [INFO] TensorRT 引擎已释放
2026-07-20 10:28:37 [INFO] 全局 CUDA 资源已释放
2026-07-20 10:28:37 [INFO] 分割系统资源已释放
2026-07-20 10:28:45 [INFO] CUDA 初始化成功
2026-07-20 10:28:45 [INFO] 引擎加载成功: scrap_steel.engine
2026-07-20 10:28:45 [INFO] 分割系统初始化成功
2026-07-20 10:28:45 [INFO] 图像预处理完成，原始尺寸: (2160, 3840)
2026-07-20 10:28:45 [INFO] 开始执行分割...
2026-07-20 10:28:45 [DEBUG] 处理后的检测结果形状: (1, 8400, 6)
2026-07-20 10:28:45 [DEBUG] 示例检测结果: [[-4.03743744e+00 -3.27353191e+00  3.89795761e+01  1.55668287e+01
   4.10838723e-08  5.00000000e+00]
 [-6.21807098e+00 -3.00830841e+00  4.42736778e+01  2.98774071e+01
   9.78296555e-09  9.00000000e+00]
 [-3.56555557e+00 -3.53758621e+00  4.56171608e+01  3.04622231e+01
   4.41477610e-09  9.00000000e+00]]
2026-07-20 10:28:45 [DEBUG] 处理后检测输出形状: (0, 52)
2026-07-20 10:28:45 [DEBUG] 有效检测数量: 0
2026-07-20 10:28:45 [DEBUG] 检测输出为空
2026-07-20 10:28:45 [INFO] 掩码中检测到的类别: [0, 1, 2, 3, 4, 5, 6, 7, 8, 9, 10, 11, 12, 13, 15]
2026-07-20 10:28:45 [INFO] 分割完成，检测到 0 个物体
2026-07-20 10:28:45 [INFO] 从分割掩码中提取检测结果
2026-07-20 10:28:45 [INFO] 从掩码中提取了 295 个检测框
2026-07-20 10:28:45 [INFO] 计算出的车框矩形边界: (3703, 0) to (3840, 615)
2026-07-20 10:28:45 [INFO] 原始检测数: 295, 过滤后检测数: 14
2026-07-20 10:28:46 [INFO] 保存分割和检测结果到: C:\code\show\Scrap_Steel_In_Field\photos\segmentation\segment_20260720_102845.jpg
2026-07-20 10:28:46 [INFO] JSON结果保存到: C:\code\show\Scrap_Steel_In_Field\photos\segmentation_result.json
2026-07-20 10:28:46 [INFO] 类别统计：{0: 14, 1: 19, 2: 8, 3: 0, 4: 21, 5: 16, 6: 8, 7: 7, 8: 36, 9: 13, 10: 8, 11: 28, 12: 0, 13: 91, 14: 0, 15: 26}
2026-07-20 10:28:46 [INFO] 面积统计：{0: 2015100.0, 1: 66600.0, 2: 23328.0, 3: 178992.0, 4: 54036.0, 5: 36108.0, 6: 540900.0, 7: 21060.0, 8: 1596708.0, 9: 36720.0, 10: 69984.0, 11: 266868.0, 12: 15336.0, 13: 1086372.0, 15: 255384.0}
2026-07-20 10:28:46 [INFO] 分割成功
2026-07-20 10:28:46 [INFO] 引擎上下文已释放
2026-07-20 10:28:46 [INFO] TensorRT 引擎已释放
2026-07-20 10:28:46 [INFO] 全局 CUDA 资源已释放
2026-07-20 10:28:46 [INFO] 分割系统资源已释放
2026-07-20 10:28:50 [INFO] CUDA 初始化成功
2026-07-20 10:28:50 [INFO] 引擎加载成功: scrap_steel.engine
2026-07-20 10:28:50 [INFO] 分割系统初始化成功
2026-07-20 10:28:50 [INFO] 图像预处理完成，原始尺寸: (2160, 3840)
2026-07-20 10:28:50 [INFO] 开始执行分割...
2026-07-20 10:28:50 [DEBUG] 处理后的检测结果形状: (1, 8400, 6)
2026-07-20 10:28:50 [DEBUG] 示例检测结果: [[-4.03688431e+00 -3.26555157e+00  3.89073906e+01  1.55770445e+01
   3.94837265e-08  5.00000000e+00]
 [-6.22779083e+00 -3.04246330e+00  4.41728134e+01  2.99653072e+01
   9.35319822e-09  9.00000000e+00]
 [-3.56245422e+00 -3.56551743e+00  4.55785065e+01  3.04525757e+01
   4.16829238e-09  9.00000000e+00]]
2026-07-20 10:28:50 [DEBUG] 处理后检测输出形状: (0, 52)
2026-07-20 10:28:50 [DEBUG] 有效检测数量: 0
2026-07-20 10:28:50 [DEBUG] 检测输出为空
2026-07-20 10:28:50 [INFO] 掩码中检测到的类别: [0, 1, 2, 3, 4, 5, 6, 7, 8, 9, 10, 11, 12, 13, 15]
2026-07-20 10:28:50 [INFO] 分割完成，检测到 0 个物体
2026-07-20 10:28:50 [INFO] 从分割掩码中提取检测结果
2026-07-20 10:28:50 [INFO] 从掩码中提取了 301 个检测框
2026-07-20 10:28:50 [INFO] 计算出的车框矩形边界: (3703, 0) to (3840, 615)
2026-07-20 10:28:50 [INFO] 原始检测数: 301, 过滤后检测数: 11
2026-07-20 10:28:51 [INFO] 保存分割和检测结果到: C:\code\show\Scrap_Steel_In_Field\photos\segmentation\segment_20260720_102850.jpg
2026-07-20 10:28:51 [INFO] JSON结果保存到: C:\code\show\Scrap_Steel_In_Field\photos\segmentation_result.json
2026-07-20 10:28:51 [INFO] 类别统计：{0: 18, 1: 18, 2: 6, 3: 0, 4: 16, 5: 14, 6: 15, 7: 5, 8: 39, 9: 11, 10: 8, 11: 20, 12: 0, 13: 90, 14: 0, 15: 41}
2026-07-20 10:28:51 [INFO] 面积统计：{0: 2027592.0, 1: 61452.0, 2: 22356.0, 3: 177084.0, 4: 59724.0, 5: 33768.0, 6: 540720.0, 7: 24048.0, 8: 1528128.0, 9: 37080.0, 10: 63756.0, 11: 266724.0, 12: 13284.0, 13: 1112076.0, 15: 233352.0}
2026-07-20 10:28:51 [INFO] 分割成功
2026-07-20 10:28:51 [INFO] 引擎上下文已释放
2026-07-20 10:28:51 [INFO] TensorRT 引擎已释放
2026-07-20 10:28:51 [INFO] 全局 CUDA 资源已释放
2026-07-20 10:28:51 [INFO] 分割系统资源已释放
2026-07-20 10:28:55 [INFO] CUDA 初始化成功
2026-07-20 10:28:55 [INFO] 引擎加载成功: scrap_steel.engine
2026-07-20 10:28:55 [INFO] 分割系统初始化成功
2026-07-20 10:28:55 [INFO] 图像预处理完成，原始尺寸: (2160, 3840)
2026-07-20 10:28:55 [INFO] 开始执行分割...
2026-07-20 10:28:55 [DEBUG] 处理后的检测结果形状: (1, 8400, 6)
2026-07-20 10:28:55 [DEBUG] 示例检测结果: [[-4.03961945e+00 -3.28709078e+00  3.89333420e+01  1.56333618e+01
   4.02702085e-08  5.00000000e+00]
 [-6.27864838e+00 -3.06542492e+00  4.41848297e+01  2.99786606e+01
   9.42755474e-09  9.00000000e+00]
 [-3.55928421e+00 -3.56157207e+00  4.55996513e+01  3.03817368e+01
   4.19973123e-09  9.00000000e+00]]
2026-07-20 10:28:55 [DEBUG] 处理后检测输出形状: (0, 52)
2026-07-20 10:28:55 [DEBUG] 有效检测数量: 0
2026-07-20 10:28:55 [DEBUG] 检测输出为空
2026-07-20 10:28:55 [INFO] 掩码中检测到的类别: [0, 1, 2, 3, 4, 5, 6, 7, 8, 9, 10, 11, 12, 13, 15]
2026-07-20 10:28:55 [INFO] 分割完成，检测到 0 个物体
2026-07-20 10:28:55 [INFO] 从分割掩码中提取检测结果
2026-07-20 10:28:55 [INFO] 从掩码中提取了 295 个检测框
2026-07-20 10:28:55 [INFO] 计算出的车框矩形边界: (3703, 0) to (3840, 615)
2026-07-20 10:28:55 [INFO] 原始检测数: 295, 过滤后检测数: 10
2026-07-20 10:28:56 [INFO] 保存分割和检测结果到: C:\code\show\Scrap_Steel_In_Field\photos\segmentation\segment_20260720_102855.jpg
2026-07-20 10:28:56 [INFO] JSON结果保存到: C:\code\show\Scrap_Steel_In_Field\photos\segmentation_result.json
2026-07-20 10:28:56 [INFO] 类别统计：{0: 12, 1: 20, 2: 9, 3: 0, 4: 19, 5: 16, 6: 14, 7: 6, 8: 49, 9: 12, 10: 6, 11: 24, 12: 0, 13: 82, 14: 0, 15: 26}
2026-07-20 10:28:56 [INFO] 面积统计：{0: 2034756.0, 1: 69840.0, 2: 24660.0, 3: 177372.0, 4: 42264.0, 5: 37152.0, 6: 546192.0, 7: 24408.0, 8: 1648656.0, 9: 37476.0, 10: 64116.0, 11: 280008.0, 12: 13680.0, 13: 1051308.0, 15: 264636.0}
2026-07-20 10:28:56 [INFO] 分割成功
2026-07-20 10:28:56 [INFO] 引擎上下文已释放
2026-07-20 10:28:56 [INFO] TensorRT 引擎已释放
2026-07-20 10:28:56 [INFO] 全局 CUDA 资源已释放
2026-07-20 10:28:56 [INFO] 分割系统资源已释放
2026-07-20 10:29:01 [INFO] CUDA 初始化成功
2026-07-20 10:29:01 [INFO] 引擎加载成功: scrap_steel.engine
2026-07-20 10:29:01 [INFO] 分割系统初始化成功
2026-07-20 10:29:01 [INFO] 图像预处理完成，原始尺寸: (2160, 3840)
2026-07-20 10:29:01 [INFO] 开始执行分割...
2026-07-20 10:29:01 [DEBUG] 处理后的检测结果形状: (1, 8400, 6)
2026-07-20 10:29:01 [DEBUG] 示例检测结果: [[-4.02602386e+00 -3.25305414e+00  3.88692398e+01  1.55049343e+01
   4.07448617e-08  5.00000000e+00]
 [-6.23126984e+00 -3.02741337e+00  4.41613846e+01  2.98942413e+01
   9.68908953e-09  9.00000000e+00]
 [-3.58081055e+00 -3.56396389e+00  4.55920181e+01  3.03960419e+01
   4.33241087e-09  9.00000000e+00]]
2026-07-20 10:29:01 [DEBUG] 处理后检测输出形状: (0, 52)
2026-07-20 10:29:01 [DEBUG] 有效检测数量: 0
2026-07-20 10:29:01 [DEBUG] 检测输出为空
2026-07-20 10:29:01 [INFO] 掩码中检测到的类别: [0, 1, 2, 3, 4, 5, 6, 7, 8, 9, 10, 11, 12, 13, 15]
2026-07-20 10:29:01 [INFO] 分割完成，检测到 0 个物体
2026-07-20 10:29:01 [INFO] 从分割掩码中提取检测结果
2026-07-20 10:29:01 [INFO] 从掩码中提取了 282 个检测框
2026-07-20 10:29:01 [INFO] 计算出的车框矩形边界: (3703, 0) to (3840, 615)
2026-07-20 10:29:01 [INFO] 原始检测数: 282, 过滤后检测数: 10
2026-07-20 10:29:02 [INFO] 保存分割和检测结果到: C:\code\show\Scrap_Steel_In_Field\photos\segmentation\segment_20260720_102901.jpg
2026-07-20 10:29:02 [INFO] JSON结果保存到: C:\code\show\Scrap_Steel_In_Field\photos\segmentation_result.json
2026-07-20 10:29:02 [INFO] 类别统计：{0: 10, 1: 16, 2: 7, 3: 0, 4: 18, 5: 12, 6: 9, 7: 7, 8: 43, 9: 17, 10: 9, 11: 23, 12: 0, 13: 86, 14: 0, 15: 25}
2026-07-20 10:29:02 [INFO] 面积统计：{0: 2086920.0, 1: 67644.0, 2: 22932.0, 3: 181224.0, 4: 47304.0, 5: 31608.0, 6: 563724.0, 7: 22572.0, 8: 1602180.0, 9: 36936.0, 10: 66996.0, 11: 275940.0, 12: 13752.0, 13: 1085616.0, 15: 257652.0}
2026-07-20 10:29:02 [INFO] 分割成功
2026-07-20 10:29:02 [INFO] 引擎上下文已释放
2026-07-20 10:29:02 [INFO] TensorRT 引擎已释放
2026-07-20 10:29:02 [INFO] 全局 CUDA 资源已释放
2026-07-20 10:29:02 [INFO] 分割系统资源已释放
2026-07-20 10:29:05 [INFO] CUDA 初始化成功
2026-07-20 10:29:06 [INFO] 引擎加载成功: scrap_steel.engine
2026-07-20 10:29:06 [INFO] 分割系统初始化成功
2026-07-20 10:29:06 [INFO] 图像预处理完成，原始尺寸: (2160, 3840)
2026-07-20 10:29:06 [INFO] 开始执行分割...
2026-07-20 10:29:06 [DEBUG] 处理后的检测结果形状: (1, 8400, 6)
2026-07-20 10:29:06 [DEBUG] 示例检测结果: [[-4.03895569e+00 -3.24150276e+00  3.89032822e+01  1.55386200e+01
   4.09024956e-08  5.00000000e+00]
 [-6.25012589e+00 -3.00520706e+00  4.42439842e+01  2.99120216e+01
   9.72690728e-09  9.00000000e+00]
 [-3.55957031e+00 -3.50883293e+00  4.55916214e+01  3.03963718e+01
   4.43380621e-09  9.00000000e+00]]
2026-07-20 10:29:06 [DEBUG] 处理后检测输出形状: (0, 52)
2026-07-20 10:29:06 [DEBUG] 有效检测数量: 0
2026-07-20 10:29:06 [DEBUG] 检测输出为空
2026-07-20 10:29:06 [INFO] 掩码中检测到的类别: [0, 1, 2, 3, 4, 5, 6, 7, 8, 9, 10, 11, 12, 13, 15]
2026-07-20 10:29:06 [INFO] 分割完成，检测到 0 个物体
2026-07-20 10:29:06 [INFO] 从分割掩码中提取检测结果
2026-07-20 10:29:06 [INFO] 从掩码中提取了 309 个检测框
2026-07-20 10:29:06 [INFO] 计算出的车框矩形边界: (3703, 0) to (3840, 615)
2026-07-20 10:29:06 [INFO] 原始检测数: 309, 过滤后检测数: 8
2026-07-20 10:29:07 [INFO] 保存分割和检测结果到: C:\code\show\Scrap_Steel_In_Field\photos\segmentation\segment_20260720_102906.jpg
2026-07-20 10:29:07 [INFO] JSON结果保存到: C:\code\show\Scrap_Steel_In_Field\photos\segmentation_result.json
2026-07-20 10:29:07 [INFO] 类别统计：{0: 12, 1: 18, 2: 7, 3: 0, 4: 12, 5: 10, 6: 11, 7: 8, 8: 49, 9: 12, 10: 9, 11: 28, 12: 0, 13: 101, 14: 0, 15: 32}
2026-07-20 10:29:07 [INFO] 面积统计：{0: 2114784.0, 1: 67356.0, 2: 23652.0, 3: 175176.0, 4: 55440.0, 5: 34848.0, 6: 537264.0, 7: 25308.0, 8: 1567944.0, 9: 37476.0, 10: 61956.0, 11: 268524.0, 12: 14760.0, 13: 1132812.0, 15: 217836.0}
2026-07-20 10:29:07 [INFO] 分割成功
2026-07-20 10:29:07 [INFO] 引擎上下文已释放
2026-07-20 10:29:07 [INFO] TensorRT 引擎已释放
2026-07-20 10:29:07 [INFO] 全局 CUDA 资源已释放
2026-07-20 10:29:07 [INFO] 分割系统资源已释放
2026-07-20 10:29:11 [INFO] CUDA 初始化成功
2026-07-20 10:29:11 [INFO] 引擎加载成功: scrap_steel.engine
2026-07-20 10:29:11 [INFO] 分割系统初始化成功
2026-07-20 10:29:11 [INFO] 图像预处理完成，原始尺寸: (2160, 3840)
2026-07-20 10:29:11 [INFO] 开始执行分割...
2026-07-20 10:29:11 [DEBUG] 处理后的检测结果形状: (1, 8400, 6)
2026-07-20 10:29:11 [DEBUG] 示例检测结果: [[-4.03988647e+00 -3.26331902e+00  3.89138489e+01  1.54838352e+01
   4.04278424e-08  5.00000000e+00]
 [-6.25380707e+00 -3.04344749e+00  4.42012405e+01  2.98724537e+01
   9.65127178e-09  9.00000000e+00]
 [-3.55218506e+00 -3.57940674e+00  4.55903931e+01  3.04022026e+01
   4.29900737e-09  9.00000000e+00]]
2026-07-20 10:29:11 [DEBUG] 处理后检测输出形状: (0, 52)
2026-07-20 10:29:11 [DEBUG] 有效检测数量: 0
2026-07-20 10:29:11 [DEBUG] 检测输出为空
2026-07-20 10:29:11 [INFO] 掩码中检测到的类别: [0, 1, 2, 3, 4, 5, 6, 7, 8, 9, 10, 11, 12, 13, 15]
2026-07-20 10:29:11 [INFO] 分割完成，检测到 0 个物体
2026-07-20 10:29:11 [INFO] 从分割掩码中提取检测结果
2026-07-20 10:29:11 [INFO] 从掩码中提取了 290 个检测框
2026-07-20 10:29:11 [INFO] 计算出的车框矩形边界: (3703, 0) to (3840, 615)
2026-07-20 10:29:11 [INFO] 原始检测数: 290, 过滤后检测数: 10
2026-07-20 10:29:12 [INFO] 保存分割和检测结果到: C:\code\show\Scrap_Steel_In_Field\photos\segmentation\segment_20260720_102911.jpg
2026-07-20 10:29:12 [INFO] JSON结果保存到: C:\code\show\Scrap_Steel_In_Field\photos\segmentation_result.json
2026-07-20 10:29:12 [INFO] 类别统计：{0: 10, 1: 21, 2: 9, 3: 0, 4: 15, 5: 13, 6: 13, 7: 8, 8: 45, 9: 12, 10: 7, 11: 26, 12: 0, 13: 83, 14: 0, 15: 28}
2026-07-20 10:29:12 [INFO] 面积统计：{0: 2113128.0, 1: 70236.0, 2: 23688.0, 3: 180576.0, 4: 46836.0, 5: 35208.0, 6: 566136.0, 7: 22716.0, 8: 1574964.0, 9: 38196.0, 10: 65016.0, 11: 271980.0, 12: 13968.0, 13: 1061100.0, 15: 234360.0}
2026-07-20 10:29:12 [INFO] 分割成功
2026-07-20 10:29:12 [INFO] 引擎上下文已释放
2026-07-20 10:29:12 [INFO] TensorRT 引擎已释放
2026-07-20 10:29:12 [INFO] 全局 CUDA 资源已释放
2026-07-20 10:29:12 [INFO] 分割系统资源已释放
2026-07-20 10:29:16 [INFO] CUDA 初始化成功
2026-07-20 10:29:16 [INFO] 引擎加载成功: scrap_steel.engine
2026-07-20 10:29:16 [INFO] 分割系统初始化成功
2026-07-20 10:29:16 [INFO] 图像预处理完成，原始尺寸: (2160, 3840)
2026-07-20 10:29:16 [INFO] 开始执行分割...
2026-07-20 10:29:16 [DEBUG] 处理后的检测结果形状: (1, 8400, 6)
2026-07-20 10:29:16 [DEBUG] 示例检测结果: [[-4.06979370e+00 -3.27072716e+00  3.88939857e+01  1.55672302e+01
   4.10838723e-08  5.00000000e+00]
 [-6.24748993e+00 -3.03814602e+00  4.41827087e+01  2.99150085e+01
   9.59451185e-09  9.00000000e+00]
 [-3.56825256e+00 -3.58928680e+00  4.55891190e+01  3.03914680e+01
   4.28094893e-09  9.00000000e+00]]
2026-07-20 10:29:16 [DEBUG] 处理后检测输出形状: (0, 52)
2026-07-20 10:29:16 [DEBUG] 有效检测数量: 0
2026-07-20 10:29:16 [DEBUG] 检测输出为空
2026-07-20 10:29:16 [INFO] 掩码中检测到的类别: [0, 1, 2, 3, 4, 5, 6, 7, 8, 9, 10, 11, 12, 13, 15]
2026-07-20 10:29:16 [INFO] 分割完成，检测到 0 个物体
2026-07-20 10:29:16 [INFO] 从分割掩码中提取检测结果
2026-07-20 10:29:16 [INFO] 从掩码中提取了 282 个检测框
2026-07-20 10:29:16 [INFO] 计算出的车框矩形边界: (3703, 0) to (3840, 615)
2026-07-20 10:29:16 [INFO] 原始检测数: 282, 过滤后检测数: 10
2026-07-20 10:29:17 [INFO] 保存分割和检测结果到: C:\code\show\Scrap_Steel_In_Field\photos\segmentation\segment_20260720_102916.jpg
2026-07-20 10:29:17 [INFO] JSON结果保存到: C:\code\show\Scrap_Steel_In_Field\photos\segmentation_result.json
2026-07-20 10:29:17 [INFO] 类别统计：{0: 8, 1: 22, 2: 8, 3: 0, 4: 14, 5: 15, 6: 9, 7: 6, 8: 45, 9: 12, 10: 5, 11: 25, 12: 0, 13: 79, 14: 0, 15: 34}
2026-07-20 10:29:17 [INFO] 面积统计：{0: 2116044.0, 1: 73800.0, 2: 20736.0, 3: 178200.0, 4: 47484.0, 5: 35316.0, 6: 558216.0, 7: 25200.0, 8: 1551384.0, 9: 36612.0, 10: 60336.0, 11: 268236.0, 12: 15156.0, 13: 1090728.0, 15: 232056.0}
2026-07-20 10:29:17 [INFO] 分割成功
2026-07-20 10:29:17 [INFO] 引擎上下文已释放
2026-07-20 10:29:17 [INFO] TensorRT 引擎已释放
2026-07-20 10:29:17 [INFO] 全局 CUDA 资源已释放
2026-07-20 10:29:17 [INFO] 分割系统资源已释放
2026-07-20 10:29:21 [INFO] CUDA 初始化成功
2026-07-20 10:29:21 [INFO] 引擎加载成功: scrap_steel.engine
2026-07-20 10:29:21 [INFO] 分割系统初始化成功
2026-07-20 10:29:21 [INFO] 图像预处理完成，原始尺寸: (2160, 3840)
2026-07-20 10:29:21 [INFO] 开始执行分割...
2026-07-20 10:29:21 [DEBUG] 处理后的检测结果形状: (1, 8400, 6)
2026-07-20 10:29:21 [DEBUG] 示例检测结果: [[-4.02733612e+00 -3.20359707e+00  3.91036148e+01  1.51826830e+01
   4.10741450e-08  5.00000000e+00]
 [-6.44507980e+00 -2.99540520e+00  4.47184753e+01  2.97659740e+01
   9.93076199e-09  9.00000000e+00]
 [-3.65574265e+00 -3.43787384e+00  4.58872337e+01  3.04494209e+01
   4.62892569e-09  9.00000000e+00]]
2026-07-20 10:29:21 [DEBUG] 处理后检测输出形状: (0, 52)
2026-07-20 10:29:21 [DEBUG] 有效检测数量: 0
2026-07-20 10:29:21 [DEBUG] 检测输出为空
2026-07-20 10:29:21 [INFO] 掩码中检测到的类别: [0, 1, 2, 3, 4, 5, 6, 7, 8, 9, 10, 11, 12, 13, 15]
2026-07-20 10:29:21 [INFO] 分割完成，检测到 0 个物体
2026-07-20 10:29:21 [INFO] 从分割掩码中提取检测结果
2026-07-20 10:29:22 [INFO] 从掩码中提取了 310 个检测框
2026-07-20 10:29:22 [ERROR] 保存结果失败: 'NoneType' object has no attribute 'astype'
2026-07-20 10:29:22 [INFO] 分割成功
2026-07-20 10:29:22 [INFO] 引擎上下文已释放
2026-07-20 10:29:22 [INFO] TensorRT 引擎已释放
2026-07-20 10:29:22 [INFO] 全局 CUDA 资源已释放
2026-07-20 10:29:22 [INFO] 分割系统资源已释放
2026-07-20 10:29:26 [INFO] CUDA 初始化成功
2026-07-20 10:29:26 [INFO] 引擎加载成功: scrap_steel.engine
2026-07-20 10:29:26 [INFO] 分割系统初始化成功
2026-07-20 10:29:26 [INFO] 图像预处理完成，原始尺寸: (2160, 3840)
2026-07-20 10:29:26 [INFO] 开始执行分割...
2026-07-20 10:29:26 [DEBUG] 处理后的检测结果形状: (1, 8400, 6)
2026-07-20 10:29:26 [DEBUG] 示例检测结果: [[-4.01387405e+00 -3.24865818e+00  3.89410896e+01  1.55138063e+01
   4.17159605e-08  5.00000000e+00]
 [-6.24504471e+00 -3.01520920e+00  4.42399635e+01  2.99063644e+01
   9.74326397e-09  9.00000000e+00]
 [-3.58939362e+00 -3.54851341e+00  4.56203117e+01  3.04362469e+01
   4.42896919e-09  9.00000000e+00]]
2026-07-20 10:29:26 [DEBUG] 处理后检测输出形状: (0, 52)
2026-07-20 10:29:26 [DEBUG] 有效检测数量: 0
2026-07-20 10:29:26 [DEBUG] 检测输出为空
2026-07-20 10:29:26 [INFO] 掩码中检测到的类别: [0, 1, 2, 3, 4, 5, 6, 7, 8, 9, 10, 11, 12, 13, 15]
2026-07-20 10:29:26 [INFO] 分割完成，检测到 0 个物体
2026-07-20 10:29:26 [INFO] 从分割掩码中提取检测结果
2026-07-20 10:29:27 [INFO] 从掩码中提取了 323 个检测框
2026-07-20 10:29:27 [ERROR] 保存结果失败: 'NoneType' object has no attribute 'astype'
2026-07-20 10:29:27 [INFO] 分割成功
2026-07-20 10:29:27 [INFO] 引擎上下文已释放
2026-07-20 10:29:27 [INFO] TensorRT 引擎已释放
2026-07-20 10:29:27 [INFO] 全局 CUDA 资源已释放
2026-07-20 10:29:27 [INFO] 分割系统资源已释放
2026-07-20 10:29:31 [INFO] CUDA 初始化成功
2026-07-20 10:29:31 [INFO] 引擎加载成功: scrap_steel.engine
2026-07-20 10:29:31 [INFO] 分割系统初始化成功
2026-07-20 10:29:31 [INFO] 图像预处理完成，原始尺寸: (2160, 3840)
2026-07-20 10:29:31 [INFO] 开始执行分割...
2026-07-20 10:29:31 [DEBUG] 处理后的检测结果形状: (1, 8400, 6)
2026-07-20 10:29:31 [DEBUG] 示例检测结果: [[-4.04170609e+00 -3.28597641e+00  3.88715210e+01  1.56147060e+01
   4.12343617e-08  5.00000000e+00]
 [-6.24493027e+00 -3.05667019e+00  4.41330681e+01  3.00028152e+01
   9.70771197e-09  9.00000000e+00]
 [-3.58552551e+00 -3.63532543e+00  4.55816040e+01  3.05080566e+01
   4.26560387e-09  9.00000000e+00]]
2026-07-20 10:29:31 [DEBUG] 处理后检测输出形状: (0, 52)
2026-07-20 10:29:31 [DEBUG] 有效检测数量: 0
2026-07-20 10:29:31 [DEBUG] 检测输出为空
2026-07-20 10:29:31 [INFO] 掩码中检测到的类别: [0, 1, 2, 3, 4, 5, 6, 7, 8, 9, 10, 11, 12, 13, 15]
2026-07-20 10:29:31 [INFO] 分割完成，检测到 0 个物体
2026-07-20 10:29:31 [INFO] 从分割掩码中提取检测结果
2026-07-20 10:29:32 [INFO] 从掩码中提取了 333 个检测框
2026-07-20 10:29:32 [ERROR] 保存结果失败: 'NoneType' object has no attribute 'astype'
2026-07-20 10:29:32 [INFO] 分割成功
2026-07-20 10:29:32 [INFO] 引擎上下文已释放
2026-07-20 10:29:32 [INFO] TensorRT 引擎已释放
2026-07-20 10:29:32 [INFO] 全局 CUDA 资源已释放
2026-07-20 10:29:32 [INFO] 分割系统资源已释放
2026-07-20 10:29:36 [INFO] CUDA 初始化成功
2026-07-20 10:29:36 [INFO] 引擎加载成功: scrap_steel.engine
2026-07-20 10:29:36 [INFO] 分割系统初始化成功
2026-07-20 10:29:37 [INFO] 图像预处理完成，原始尺寸: (2160, 3840)
2026-07-20 10:29:37 [INFO] 开始执行分割...
2026-07-20 10:29:37 [DEBUG] 处理后的检测结果形状: (1, 8400, 6)
2026-07-20 10:29:37 [DEBUG] 示例检测结果: [[-4.04232025e+00 -3.26374483e+00  3.88165703e+01  1.55761185e+01
   4.04278424e-08  5.00000000e+00]
 [-6.21279144e+00 -3.04237747e+00  4.40921211e+01  2.99058952e+01
   9.61345403e-09  9.00000000e+00]
 [-3.57443237e+00 -3.60525322e+00  4.55469666e+01  3.04050083e+01
   4.26631530e-09  9.00000000e+00]]
2026-07-20 10:29:37 [DEBUG] 处理后检测输出形状: (0, 52)
2026-07-20 10:29:37 [DEBUG] 有效检测数量: 0
2026-07-20 10:29:37 [DEBUG] 检测输出为空
2026-07-20 10:29:37 [INFO] 掩码中检测到的类别: [0, 1, 2, 3, 4, 5, 6, 7, 8, 9, 10, 11, 12, 13, 15]
2026-07-20 10:29:37 [INFO] 分割完成，检测到 0 个物体
2026-07-20 10:29:37 [INFO] 从分割掩码中提取检测结果
2026-07-20 10:29:37 [INFO] 从掩码中提取了 344 个检测框
2026-07-20 10:29:37 [ERROR] 保存结果失败: 'NoneType' object has no attribute 'astype'
2026-07-20 10:29:37 [INFO] 分割成功
2026-07-20 10:29:37 [INFO] 引擎上下文已释放
2026-07-20 10:29:37 [INFO] TensorRT 引擎已释放
2026-07-20 10:29:37 [INFO] 全局 CUDA 资源已释放
2026-07-20 10:29:37 [INFO] 分割系统资源已释放
2026-07-20 10:29:41 [INFO] CUDA 初始化成功
2026-07-20 10:29:42 [INFO] 引擎加载成功: scrap_steel.engine
2026-07-20 10:29:42 [INFO] 分割系统初始化成功
2026-07-20 10:29:42 [INFO] 图像预处理完成，原始尺寸: (2160, 3840)
2026-07-20 10:29:42 [INFO] 开始执行分割...
2026-07-20 10:29:42 [DEBUG] 处理后的检测结果形状: (1, 8400, 6)
2026-07-20 10:29:42 [DEBUG] 示例检测结果: [[-4.03996658e+00 -3.30140066e+00  3.89594078e+01  1.57734623e+01
   4.18773531e-08  5.00000000e+00]
 [-6.26092529e+00 -3.06424999e+00  4.42625542e+01  3.00952797e+01
   9.70510072e-09  9.00000000e+00]
 [-3.58120728e+00 -3.57573509e+00  4.56401825e+01  3.05290012e+01
   4.41342962e-09  9.00000000e+00]]
2026-07-20 10:29:42 [DEBUG] 处理后检测输出形状: (0, 52)
2026-07-20 10:29:42 [DEBUG] 有效检测数量: 0
2026-07-20 10:29:42 [DEBUG] 检测输出为空
2026-07-20 10:29:42 [INFO] 掩码中检测到的类别: [0, 1, 2, 3, 4, 5, 6, 7, 8, 9, 10, 11, 12, 13, 15]
2026-07-20 10:29:42 [INFO] 分割完成，检测到 0 个物体
2026-07-20 10:29:42 [INFO] 从分割掩码中提取检测结果
2026-07-20 10:29:42 [INFO] 从掩码中提取了 346 个检测框
2026-07-20 10:29:42 [ERROR] 保存结果失败: 'NoneType' object has no attribute 'astype'
2026-07-20 10:29:42 [INFO] 分割成功
2026-07-20 10:29:42 [INFO] 引擎上下文已释放
2026-07-20 10:29:42 [INFO] TensorRT 引擎已释放
2026-07-20 10:29:42 [INFO] 全局 CUDA 资源已释放
2026-07-20 10:29:42 [INFO] 分割系统资源已释放
2026-07-20 10:29:47 [INFO] CUDA 初始化成功
2026-07-20 10:29:47 [INFO] 引擎加载成功: scrap_steel.engine
2026-07-20 10:29:47 [INFO] 分割系统初始化成功
2026-07-20 10:29:47 [INFO] 图像预处理完成，原始尺寸: (2160, 3840)
2026-07-20 10:29:47 [INFO] 开始执行分割...
2026-07-20 10:29:47 [DEBUG] 处理后的检测结果形状: (1, 8400, 6)
2026-07-20 10:29:47 [DEBUG] 示例检测结果: [[-4.04064178e+00 -3.29564714e+00  3.88989639e+01  1.56923256e+01
   4.07448617e-08  5.00000000e+00]
 [-6.25074768e+00 -3.04145050e+00  4.41675758e+01  3.00118713e+01
   9.61345403e-09  9.00000000e+00]
 [-3.59339905e+00 -3.57724285e+00  4.55982895e+01  3.04738731e+01
   4.26560387e-09  9.00000000e+00]]
2026-07-20 10:29:47 [DEBUG] 处理后检测输出形状: (0, 52)
2026-07-20 10:29:47 [DEBUG] 有效检测数量: 0
2026-07-20 10:29:47 [DEBUG] 检测输出为空
2026-07-20 10:29:47 [INFO] 掩码中检测到的类别: [0, 1, 2, 3, 4, 5, 6, 7, 8, 9, 10, 11, 12, 13, 15]
2026-07-20 10:29:47 [INFO] 分割完成，检测到 0 个物体
2026-07-20 10:29:47 [INFO] 从分割掩码中提取检测结果
2026-07-20 10:29:47 [INFO] 从掩码中提取了 344 个检测框
2026-07-20 10:29:47 [ERROR] 保存结果失败: 'NoneType' object has no attribute 'astype'
2026-07-20 10:29:47 [INFO] 分割成功
2026-07-20 10:29:47 [INFO] 引擎上下文已释放
2026-07-20 10:29:47 [INFO] TensorRT 引擎已释放
2026-07-20 10:29:47 [INFO] 全局 CUDA 资源已释放
2026-07-20 10:29:47 [INFO] 分割系统资源已释放
2026-07-20 10:29:52 [INFO] CUDA 初始化成功
2026-07-20 10:29:52 [INFO] 引擎加载成功: scrap_steel.engine
2026-07-20 10:29:52 [INFO] 分割系统初始化成功
2026-07-20 10:29:52 [INFO] 图像预处理完成，原始尺寸: (2160, 3840)
2026-07-20 10:29:52 [INFO] 开始执行分割...
2026-07-20 10:29:52 [DEBUG] 处理后的检测结果形状: (1, 8400, 6)
2026-07-20 10:29:52 [DEBUG] 示例检测结果: [[-4.04232025e+00 -3.28170538e+00  3.89310837e+01  1.56957340e+01
   4.22092192e-08  5.00000000e+00]
 [-6.24573135e+00 -3.02777481e+00  4.41939011e+01  2.99887428e+01
   9.78142722e-09  9.00000000e+00]
 [-3.58869934e+00 -3.60237408e+00  4.56095047e+01  3.04861069e+01
   4.44612169e-09  9.00000000e+00]]
2026-07-20 10:29:52 [DEBUG] 处理后检测输出形状: (0, 52)
2026-07-20 10:29:52 [DEBUG] 有效检测数量: 0
2026-07-20 10:29:52 [DEBUG] 检测输出为空
2026-07-20 10:29:52 [INFO] 掩码中检测到的类别: [0, 1, 2, 3, 4, 5, 6, 7, 8, 9, 10, 11, 12, 13, 15]
2026-07-20 10:29:52 [INFO] 分割完成，检测到 0 个物体
2026-07-20 10:29:52 [INFO] 从分割掩码中提取检测结果
2026-07-20 10:29:52 [INFO] 从掩码中提取了 346 个检测框
2026-07-20 10:29:52 [ERROR] 保存结果失败: 'NoneType' object has no attribute 'astype'
2026-07-20 10:29:52 [INFO] 分割成功
2026-07-20 10:29:52 [INFO] 引擎上下文已释放
2026-07-20 10:29:52 [INFO] TensorRT 引擎已释放
2026-07-20 10:29:52 [INFO] 全局 CUDA 资源已释放
2026-07-20 10:29:52 [INFO] 分割系统资源已释放
2026-07-20 10:29:57 [INFO] CUDA 初始化成功
2026-07-20 10:29:57 [INFO] 引擎加载成功: scrap_steel.engine
2026-07-20 10:29:57 [INFO] 分割系统初始化成功
2026-07-20 10:29:57 [INFO] 图像预处理完成，原始尺寸: (2160, 3840)
2026-07-20 10:29:57 [INFO] 开始执行分割...
2026-07-20 10:29:57 [DEBUG] 处理后的检测结果形状: (1, 8400, 6)
2026-07-20 10:29:57 [DEBUG] 示例检测结果: [[-4.04029465e+00 -3.25527000e+00  3.89237328e+01  1.54748001e+01
   4.04397973e-08  5.00000000e+00]
 [-6.25147629e+00 -3.01658344e+00  4.41751518e+01  2.98835487e+01
   9.57601820e-09  9.00000000e+00]
 [-3.58918762e+00 -3.56462955e+00  4.55830841e+01  3.04311600e+01
   4.33241087e-09  9.00000000e+00]]
2026-07-20 10:29:57 [DEBUG] 处理后检测输出形状: (0, 52)
2026-07-20 10:29:57 [DEBUG] 有效检测数量: 0
2026-07-20 10:29:57 [DEBUG] 检测输出为空
2026-07-20 10:29:57 [INFO] 掩码中检测到的类别: [0, 1, 2, 3, 4, 5, 6, 7, 8, 9, 10, 11, 12, 13, 15]
2026-07-20 10:29:57 [INFO] 分割完成，检测到 0 个物体
2026-07-20 10:29:57 [INFO] 从分割掩码中提取检测结果
2026-07-20 10:29:57 [INFO] 从掩码中提取了 346 个检测框
2026-07-20 10:29:57 [ERROR] 保存结果失败: 'NoneType' object has no attribute 'astype'
2026-07-20 10:29:57 [INFO] 分割成功
2026-07-20 10:29:57 [INFO] 引擎上下文已释放
2026-07-20 10:29:57 [INFO] TensorRT 引擎已释放
2026-07-20 10:29:57 [INFO] 全局 CUDA 资源已释放
2026-07-20 10:29:57 [INFO] 分割系统资源已释放
2026-07-20 10:30:02 [INFO] CUDA 初始化成功
2026-07-20 10:30:02 [INFO] 引擎加载成功: scrap_steel.engine
2026-07-20 10:30:02 [INFO] 分割系统初始化成功
2026-07-20 10:30:02 [INFO] 图像预处理完成，原始尺寸: (2160, 3840)
2026-07-20 10:30:02 [INFO] 开始执行分割...
2026-07-20 10:30:02 [DEBUG] 处理后的检测结果形状: (1, 8400, 6)
2026-07-20 10:30:02 [DEBUG] 示例检测结果: [[-4.03637314e+00 -3.25254917e+00  3.88456345e+01  1.55581522e+01
   4.17416821e-08  5.00000000e+00]
 [-6.29537582e+00 -3.03692436e+00  4.43889694e+01  2.99929409e+01
   9.93076199e-09  9.00000000e+00]
 [-3.60639954e+00 -3.51553822e+00  4.56368790e+01  3.04906960e+01
   4.50888926e-09  9.00000000e+00]]
2026-07-20 10:30:02 [DEBUG] 处理后检测输出形状: (0, 52)
2026-07-20 10:30:02 [DEBUG] 有效检测数量: 0
2026-07-20 10:30:02 [DEBUG] 检测输出为空
2026-07-20 10:30:02 [INFO] 掩码中检测到的类别: [0, 1, 2, 3, 4, 5, 6, 7, 8, 9, 10, 11, 12, 13, 15]
2026-07-20 10:30:02 [INFO] 分割完成，检测到 0 个物体
2026-07-20 10:30:02 [INFO] 从分割掩码中提取检测结果
2026-07-20 10:30:02 [INFO] 从掩码中提取了 319 个检测框
2026-07-20 10:30:02 [INFO] 计算出的车框矩形边界: (3697, 0) to (3840, 261)
2026-07-20 10:30:02 [INFO] 原始检测数: 319, 过滤后检测数: 14
2026-07-20 10:30:03 [INFO] 保存分割和检测结果到: C:\code\show\Scrap_Steel_In_Field\photos\segmentation\segment_20260720_103002.jpg
2026-07-20 10:30:03 [INFO] JSON结果保存到: C:\code\show\Scrap_Steel_In_Field\photos\segmentation_result.json
2026-07-20 10:30:03 [INFO] 类别统计：{0: 56, 1: 14, 2: 11, 3: 0, 4: 20, 5: 17, 6: 11, 7: 9, 8: 42, 9: 18, 10: 5, 11: 20, 12: 1, 13: 70, 14: 0, 15: 25}
2026-07-20 10:30:03 [INFO] 面积统计：{0: 2098440.0, 1: 34344.0, 2: 20592.0, 3: 171324.0, 4: 67248.0, 5: 34344.0, 6: 704808.0, 7: 13680.0, 8: 1808280.0, 9: 50616.0, 10: 71964.0, 11: 242172.0, 12: 22392.0, 13: 972900.0, 15: 198864.0}
2026-07-20 10:30:03 [INFO] 分割成功
2026-07-20 10:30:03 [INFO] 引擎上下文已释放
2026-07-20 10:30:03 [INFO] TensorRT 引擎已释放
2026-07-20 10:30:03 [INFO] 全局 CUDA 资源已释放
2026-07-20 10:30:03 [INFO] 分割系统资源已释放
2026-07-20 10:30:07 [INFO] CUDA 初始化成功
2026-07-20 10:30:07 [INFO] 引擎加载成功: scrap_steel.engine
2026-07-20 10:30:07 [INFO] 分割系统初始化成功
2026-07-20 10:30:07 [INFO] 图像预处理完成，原始尺寸: (2160, 3840)
2026-07-20 10:30:07 [INFO] 开始执行分割...
2026-07-20 10:30:07 [DEBUG] 处理后的检测结果形状: (1, 8400, 6)
2026-07-20 10:30:07 [DEBUG] 示例检测结果: [[-4.04164124e+00 -3.27935266e+00  3.88584518e+01  1.56393604e+01
   4.09147702e-08  5.00000000e+00]
 [-6.24224091e+00 -3.02841854e+00  4.42575073e+01  2.99536552e+01
   9.48268664e-09  9.00000000e+00]
 [-3.55138397e+00 -3.54755974e+00  4.56260452e+01  3.04347401e+01
   4.27957403e-09  9.00000000e+00]]
2026-07-20 10:30:07 [DEBUG] 处理后检测输出形状: (0, 52)
2026-07-20 10:30:07 [DEBUG] 有效检测数量: 0
2026-07-20 10:30:07 [DEBUG] 检测输出为空
2026-07-20 10:30:07 [INFO] 掩码中检测到的类别: [0, 1, 2, 3, 4, 5, 6, 7, 8, 9, 10, 11, 12, 13, 15]
2026-07-20 10:30:07 [INFO] 分割完成，检测到 0 个物体
2026-07-20 10:30:07 [INFO] 从分割掩码中提取检测结果
2026-07-20 10:30:08 [INFO] 从掩码中提取了 279 个检测框
2026-07-20 10:30:08 [INFO] 计算出的车框矩形边界: (3697, 0) to (3840, 251)
2026-07-20 10:30:08 [INFO] 原始检测数: 279, 过滤后检测数: 15
2026-07-20 10:30:08 [INFO] 保存分割和检测结果到: C:\code\show\Scrap_Steel_In_Field\photos\segmentation\segment_20260720_103008.jpg
2026-07-20 10:30:08 [INFO] JSON结果保存到: C:\code\show\Scrap_Steel_In_Field\photos\segmentation_result.json
2026-07-20 10:30:08 [INFO] 类别统计：{0: 11, 1: 18, 2: 8, 3: 1, 4: 16, 5: 15, 6: 16, 7: 5, 8: 41, 9: 13, 10: 3, 11: 30, 12: 1, 13: 68, 14: 0, 15: 33}
2026-07-20 10:30:08 [INFO] 面积统计：{0: 2195316.0, 1: 68976.0, 2: 22860.0, 3: 177912.0, 4: 68112.0, 5: 35964.0, 6: 647676.0, 7: 8856.0, 8: 1858752.0, 9: 58860.0, 10: 59760.0, 11: 260352.0, 12: 38952.0, 13: 965016.0, 15: 220968.0}
2026-07-20 10:30:08 [INFO] 分割成功
2026-07-20 10:30:08 [INFO] 引擎上下文已释放
2026-07-20 10:30:08 [INFO] TensorRT 引擎已释放
2026-07-20 10:30:08 [INFO] 全局 CUDA 资源已释放
2026-07-20 10:30:08 [INFO] 分割系统资源已释放
2026-07-20 10:30:12 [INFO] CUDA 初始化成功
2026-07-20 10:30:12 [INFO] 引擎加载成功: scrap_steel.engine
2026-07-20 10:30:12 [INFO] 分割系统初始化成功
2026-07-20 10:30:12 [INFO] 图像预处理完成，原始尺寸: (2160, 3840)
2026-07-20 10:30:12 [INFO] 开始执行分割...
2026-07-20 10:30:12 [DEBUG] 处理后的检测结果形状: (1, 8400, 6)
2026-07-20 10:30:12 [DEBUG] 示例检测结果: [[-4.06309891e+00 -3.29364204e+00  3.90009613e+01  1.55994492e+01
   4.12568859e-08  5.00000000e+00]
 [-6.36812210e+00 -3.06701279e+00  4.45070686e+01  3.00728455e+01
   9.85023263e-09  9.00000000e+00]
 [-3.59084320e+00 -3.53553772e+00  4.57667084e+01  3.05857735e+01
   4.55754634e-09  9.00000000e+00]]
2026-07-20 10:30:12 [DEBUG] 处理后检测输出形状: (0, 52)
2026-07-20 10:30:12 [DEBUG] 有效检测数量: 0
2026-07-20 10:30:12 [DEBUG] 检测输出为空
2026-07-20 10:30:12 [INFO] 掩码中检测到的类别: [0, 1, 2, 3, 4, 5, 6, 7, 8, 9, 10, 11, 12, 13, 14, 15]
2026-07-20 10:30:12 [INFO] 分割完成，检测到 0 个物体
2026-07-20 10:30:12 [INFO] 从分割掩码中提取检测结果
2026-07-20 10:30:13 [INFO] 从掩码中提取了 280 个检测框
2026-07-20 10:30:13 [ERROR] 保存结果失败: 'NoneType' object has no attribute 'astype'
2026-07-20 10:30:13 [INFO] 分割成功
2026-07-20 10:30:13 [INFO] 引擎上下文已释放
2026-07-20 10:30:13 [INFO] TensorRT 引擎已释放
2026-07-20 10:30:13 [INFO] 全局 CUDA 资源已释放
2026-07-20 10:30:13 [INFO] 分割系统资源已释放
2026-07-20 10:30:17 [INFO] CUDA 初始化成功
2026-07-20 10:30:17 [INFO] 引擎加载成功: scrap_steel.engine
2026-07-20 10:30:17 [INFO] 分割系统初始化成功
2026-07-20 10:30:17 [INFO] 图像预处理完成，原始尺寸: (2160, 3840)
2026-07-20 10:30:17 [INFO] 开始执行分割...
2026-07-20 10:30:18 [DEBUG] 处理后的检测结果形状: (1, 8400, 6)
2026-07-20 10:30:18 [DEBUG] 示例检测结果: [[-4.10823822e+00 -3.35170937e+00  4.04754791e+01  1.63422890e+01
   4.52497630e-08  5.00000000e+00]
 [-6.06099701e+00 -2.95981026e+00  4.51909294e+01  3.11658993e+01
   1.04199849e-08  9.00000000e+00]
 [-3.26840973e+00 -3.25151253e+00  4.60681152e+01  3.11108189e+01
   4.92844876e-09  9.00000000e+00]]
2026-07-20 10:30:18 [DEBUG] 处理后检测输出形状: (0, 52)
2026-07-20 10:30:18 [DEBUG] 有效检测数量: 0
2026-07-20 10:30:18 [DEBUG] 检测输出为空
2026-07-20 10:30:18 [INFO] 掩码中检测到的类别: [0, 1, 2, 3, 4, 5, 6, 7, 8, 9, 10, 11, 12, 13, 15]
2026-07-20 10:30:18 [INFO] 分割完成，检测到 0 个物体
2026-07-20 10:30:18 [INFO] 从分割掩码中提取检测结果
2026-07-20 10:30:18 [INFO] 从掩码中提取了 307 个检测框
2026-07-20 10:30:18 [INFO] 计算出的车框矩形边界: (3701, 0) to (3840, 209)
2026-07-20 10:30:18 [INFO] 原始检测数: 307, 过滤后检测数: 13
2026-07-20 10:30:19 [INFO] 保存分割和检测结果到: C:\code\show\Scrap_Steel_In_Field\photos\segmentation\segment_20260720_103018.jpg
2026-07-20 10:30:19 [INFO] JSON结果保存到: C:\code\show\Scrap_Steel_In_Field\photos\segmentation_result.json
2026-07-20 10:30:19 [INFO] 类别统计：{0: 17, 1: 9, 2: 8, 3: 13, 4: 7, 5: 17, 6: 17, 7: 8, 8: 57, 9: 13, 10: 10, 11: 15, 12: 6, 13: 98, 14: 0, 15: 12}
2026-07-20 10:30:19 [INFO] 面积统计：{0: 2240136.0, 1: 19368.0, 2: 9504.0, 3: 402912.0, 4: 19476.0, 5: 44028.0, 6: 745200.0, 7: 9432.0, 8: 774144.0, 9: 104004.0, 10: 78156.0, 11: 157356.0, 12: 193500.0, 13: 1162836.0, 15: 61848.0}
2026-07-20 10:30:19 [INFO] 分割成功
2026-07-20 10:30:19 [INFO] 引擎上下文已释放
2026-07-20 10:30:19 [INFO] TensorRT 引擎已释放
2026-07-20 10:30:19 [INFO] 全局 CUDA 资源已释放
2026-07-20 10:30:19 [INFO] 分割系统资源已释放
2026-07-20 10:30:23 [INFO] CUDA 初始化成功
2026-07-20 10:30:23 [INFO] 引擎加载成功: scrap_steel.engine
2026-07-20 10:30:23 [INFO] 分割系统初始化成功
2026-07-20 10:30:23 [INFO] 图像预处理完成，原始尺寸: (2160, 3840)
2026-07-20 10:30:23 [INFO] 开始执行分割...
2026-07-20 10:30:23 [DEBUG] 处理后的检测结果形状: (1, 8400, 6)
2026-07-20 10:30:23 [DEBUG] 示例检测结果: [[-4.05754089e+00 -3.27789545e+00  3.88631630e+01  1.56407185e+01
   4.02767633e-08  5.00000000e+00]
 [-6.23938370e+00 -3.05504036e+00  4.41349716e+01  2.99571209e+01
   9.38997768e-09  9.00000000e+00]
 [-3.57365417e+00 -3.59437180e+00  4.55785065e+01  3.03976860e+01
   4.24985647e-09  9.00000000e+00]]
2026-07-20 10:30:23 [DEBUG] 处理后检测输出形状: (0, 52)
2026-07-20 10:30:23 [DEBUG] 有效检测数量: 0
2026-07-20 10:30:23 [DEBUG] 检测输出为空
2026-07-20 10:30:23 [INFO] 掩码中检测到的类别: [0, 1, 2, 3, 4, 5, 6, 7, 8, 9, 10, 11, 12, 13, 15]
2026-07-20 10:30:23 [INFO] 分割完成，检测到 0 个物体
2026-07-20 10:30:23 [INFO] 从分割掩码中提取检测结果
2026-07-20 10:30:23 [INFO] 从掩码中提取了 293 个检测框
2026-07-20 10:30:23 [INFO] 计算出的车框矩形边界: (3700, 0) to (3840, 216)
2026-07-20 10:30:23 [INFO] 原始检测数: 293, 过滤后检测数: 14
2026-07-20 10:30:24 [INFO] 保存分割和检测结果到: C:\code\show\Scrap_Steel_In_Field\photos\segmentation\segment_20260720_103023.jpg
2026-07-20 10:30:24 [INFO] JSON结果保存到: C:\code\show\Scrap_Steel_In_Field\photos\segmentation_result.json
2026-07-20 10:30:24 [INFO] 类别统计：{0: 13, 1: 16, 2: 8, 3: 0, 4: 12, 5: 20, 6: 14, 7: 10, 8: 43, 9: 11, 10: 8, 11: 31, 12: 1, 13: 83, 14: 0, 15: 23}
2026-07-20 10:30:24 [INFO] 面积统计：{0: 2192292.0, 1: 73692.0, 2: 21564.0, 3: 177264.0, 4: 47412.0, 5: 39528.0, 6: 640332.0, 7: 10656.0, 8: 1846008.0, 9: 48312.0, 10: 62208.0, 11: 288756.0, 12: 29520.0, 13: 1018224.0, 15: 193104.0}
2026-07-20 10:30:24 [INFO] 分割成功
2026-07-20 10:30:24 [INFO] 引擎上下文已释放
2026-07-20 10:30:24 [INFO] TensorRT 引擎已释放
2026-07-20 10:30:24 [INFO] 全局 CUDA 资源已释放
2026-07-20 10:30:24 [INFO] 分割系统资源已释放
2026-07-20 10:30:28 [INFO] CUDA 初始化成功
2026-07-20 10:30:28 [INFO] 引擎加载成功: scrap_steel.engine
2026-07-20 10:30:28 [INFO] 分割系统初始化成功
2026-07-20 10:30:28 [INFO] 图像预处理完成，原始尺寸: (2160, 3840)
2026-07-20 10:30:28 [INFO] 开始执行分割...
2026-07-20 10:30:28 [DEBUG] 处理后的检测结果形状: (1, 8400, 6)
2026-07-20 10:30:28 [DEBUG] 示例检测结果: [[-4.03920746e+00 -3.26377964e+00  3.89685974e+01  1.55708666e+01
   4.07448617e-08  5.00000000e+00]
 [-6.21135712e+00 -3.01939487e+00  4.41485596e+01  2.99597321e+01
   9.57601820e-09  9.00000000e+00]
 [-3.52210999e+00 -3.54953194e+00  4.55669174e+01  3.04566364e+01
   4.29946478e-09  9.00000000e+00]]
2026-07-20 10:30:28 [DEBUG] 处理后检测输出形状: (0, 52)
2026-07-20 10:30:28 [DEBUG] 有效检测数量: 0
2026-07-20 10:30:28 [DEBUG] 检测输出为空
2026-07-20 10:30:28 [INFO] 掩码中检测到的类别: [0, 1, 2, 3, 4, 5, 6, 7, 8, 9, 10, 11, 12, 13, 15]
2026-07-20 10:30:28 [INFO] 分割完成，检测到 0 个物体
2026-07-20 10:30:28 [INFO] 从分割掩码中提取检测结果
2026-07-20 10:30:28 [INFO] 从掩码中提取了 333 个检测框
2026-07-20 10:30:28 [INFO] 计算出的车框矩形边界: (3703, 0) to (3840, 961)
2026-07-20 10:30:28 [INFO] 原始检测数: 333, 过滤后检测数: 12
2026-07-20 10:30:29 [INFO] 保存分割和检测结果到: C:\code\show\Scrap_Steel_In_Field\photos\segmentation\segment_20260720_103028.jpg
2026-07-20 10:30:29 [INFO] JSON结果保存到: C:\code\show\Scrap_Steel_In_Field\photos\segmentation_result.json
2026-07-20 10:30:29 [INFO] 类别统计：{0: 13, 1: 25, 2: 9, 3: 1, 4: 13, 5: 13, 6: 11, 7: 10, 8: 58, 9: 9, 10: 15, 11: 27, 12: 0, 13: 98, 14: 0, 15: 31}
2026-07-20 10:30:29 [INFO] 面积统计：{0: 2152260.0, 1: 98640.0, 2: 23868.0, 3: 179424.0, 4: 125676.0, 5: 34596.0, 6: 462132.0, 7: 19404.0, 8: 1614780.0, 9: 30024.0, 10: 103032.0, 11: 283536.0, 12: 13500.0, 13: 1137852.0, 15: 247680.0}
2026-07-20 10:30:29 [INFO] 分割成功
2026-07-20 10:30:29 [INFO] 引擎上下文已释放
2026-07-20 10:30:29 [INFO] TensorRT 引擎已释放
2026-07-20 10:30:29 [INFO] 全局 CUDA 资源已释放
2026-07-20 10:30:29 [INFO] 分割系统资源已释放
