2026-05-22 17:13:21 [INFO] CUDA 初始化成功
2026-05-22 17:13:21 [INFO] 引擎加载成功: scrap_steel.engine
2026-05-22 17:13:21 [INFO] 分割系统初始化成功
2026-05-22 17:13:24 [INFO] 引擎加载成功: scrap_steel.engine
2026-05-22 17:13:24 [INFO] 分割系统初始化成功
2026-05-22 17:13:24 [INFO] 图像预处理完成，原始尺寸: (2160, 3840)
2026-05-22 17:13:24 [INFO] 开始执行分割...
2026-05-22 17:13:24 [ERROR] 推理过程发生异常: explicit_context_dependent failed: invalid device context - no currently active context?
2026-05-22 17:13:24 [INFO] 分割完成，检测到 0 个物体
2026-05-22 17:13:24 [INFO] 保存分割和检测结果到: C:\code\show\Scrap_Steel_In_Field\photos\segmentation\segment_20260522_171324.jpg
2026-05-22 17:13:24 [INFO] JSON结果保存到: C:\code\show\Scrap_Steel_In_Field\photos\segmentation_result.json
2026-05-22 17:13:24 [INFO] 类别统计：{}
2026-05-22 17:13:24 [INFO] 面积统计：{}
2026-05-22 17:13:24 [ERROR] 分割失败: 未能生成有效的分割掩码
2026-05-22 17:13:24 [INFO] 引擎上下文已释放
2026-05-22 17:13:24 [INFO] TensorRT 引擎已释放
2026-05-22 17:13:24 [INFO] 全局 CUDA 资源已释放
2026-05-22 17:13:24 [INFO] 分割系统资源已释放
2026-05-22 17:13:32 [INFO] CUDA 初始化成功
2026-05-22 17:13:32 [INFO] 引擎加载成功: scrap_steel.engine
2026-05-22 17:13:32 [INFO] 分割系统初始化成功
2026-05-22 17:13:33 [INFO] 图像预处理完成，原始尺寸: (2160, 3840)
2026-05-22 17:13:33 [INFO] 开始执行分割...
2026-05-22 17:13:33 [DEBUG] 处理后的检测结果形状: (1, 8400, 6)
2026-05-22 17:13:33 [DEBUG] 示例检测结果: [[-4.11089325e+00 -3.32656860e+00  3.86674004e+01  1.57667465e+01
   4.28833609e-08  5.00000000e+00]
 [-6.43944931e+00 -3.11637306e+00  4.39768982e+01  2.99779072e+01
   9.37099287e-09  9.00000000e+00]
 [-3.67297363e+00 -3.66110325e+00  4.55778198e+01  3.04591980e+01
   4.10279100e-09  9.00000000e+00]]
2026-05-22 17:13:33 [DEBUG] 处理后检测输出形状: (4, 52)
2026-05-22 17:13:33 [DEBUG] 有效检测数量: 4
2026-05-22 17:13:33 [DEBUG] 最大置信度: 0.0827, 平均置信度: 0.0763
2026-05-22 17:13:33 [INFO] 掩码中检测到的类别: [0, 1, 2, 3, 4, 5, 6, 7, 8, 9, 10, 11, 12, 13, 15]
2026-05-22 17:13:33 [INFO] 分割完成，检测到 0 个物体
2026-05-22 17:13:33 [INFO] 从分割掩码中提取检测结果
2026-05-22 17:13:33 [INFO] 从掩码中提取了 400 个检测框
2026-05-22 17:13:34 [INFO] 保存分割和检测结果到: C:\code\show\Scrap_Steel_In_Field\photos\segmentation\segment_20260522_171333.jpg
2026-05-22 17:13:34 [INFO] JSON结果保存到: C:\code\show\Scrap_Steel_In_Field\photos\segmentation_result.json
2026-05-22 17:13:34 [INFO] 类别统计：{0: 8, 1: 56, 2: 22, 3: 6, 4: 27, 5: 34, 6: 29, 7: 23, 8: 51, 9: 39, 10: 22, 11: 10, 12: 13, 13: 48, 14: 0, 15: 12}
2026-05-22 17:13:34 [INFO] 面积统计：{0: 3751380.0, 1: 795816.0, 2: 42120.0, 3: 158580.0, 4: 162180.0, 5: 69372.0, 6: 461916.0, 7: 26748.0, 8: 931212.0, 9: 207396.0, 10: 158616.0, 11: 250848.0, 12: 183780.0, 13: 570708.0, 15: 207432.0}
2026-05-22 17:13:34 [INFO] 分割成功
2026-05-22 17:13:34 [INFO] 引擎上下文已释放
2026-05-22 17:13:34 [INFO] TensorRT 引擎已释放
2026-05-22 17:13:34 [INFO] 全局 CUDA 资源已释放
2026-05-22 17:13:34 [INFO] 分割系统资源已释放
2026-05-22 17:13:37 [INFO] CUDA 初始化成功
2026-05-22 17:13:37 [INFO] 引擎加载成功: scrap_steel.engine
2026-05-22 17:13:37 [INFO] 分割系统初始化成功
2026-05-22 17:13:38 [INFO] 图像预处理完成，原始尺寸: (2160, 3840)
2026-05-22 17:13:38 [INFO] 开始执行分割...
2026-05-22 17:13:38 [DEBUG] 处理后的检测结果形状: (1, 8400, 6)
2026-05-22 17:13:38 [DEBUG] 示例检测结果: [[-4.14427948e+00 -3.32841206e+00  3.87370758e+01  1.57869749e+01
   4.23767688e-08  5.00000000e+00]
 [-6.48247147e+00 -3.12669849e+00  4.38880424e+01  2.99254951e+01
   9.17285448e-09  9.00000000e+00]
 [-3.70864868e+00 -3.69015217e+00  4.55749512e+01  3.04247932e+01
   4.00887590e-09  9.00000000e+00]]
2026-05-22 17:13:38 [DEBUG] 处理后检测输出形状: (4, 52)
2026-05-22 17:13:38 [DEBUG] 有效检测数量: 4
2026-05-22 17:13:38 [DEBUG] 最大置信度: 0.0671, 平均置信度: 0.0598
2026-05-22 17:13:38 [INFO] 掩码中检测到的类别: [0, 1, 2, 3, 4, 5, 6, 7, 8, 9, 10, 11, 12, 13, 15]
2026-05-22 17:13:38 [INFO] 分割完成，检测到 0 个物体
2026-05-22 17:13:38 [INFO] 从分割掩码中提取检测结果
2026-05-22 17:13:38 [INFO] 从掩码中提取了 388 个检测框
2026-05-22 17:13:39 [INFO] 保存分割和检测结果到: C:\code\show\Scrap_Steel_In_Field\photos\segmentation\segment_20260522_171338.jpg
2026-05-22 17:13:39 [INFO] JSON结果保存到: C:\code\show\Scrap_Steel_In_Field\photos\segmentation_result.json
2026-05-22 17:13:39 [INFO] 类别统计：{0: 9, 1: 54, 2: 20, 3: 5, 4: 20, 5: 36, 6: 23, 7: 22, 8: 58, 9: 36, 10: 29, 11: 8, 12: 14, 13: 45, 14: 0, 15: 9}
2026-05-22 17:13:39 [INFO] 面积统计：{0: 3742848.0, 1: 832464.0, 2: 39780.0, 3: 157932.0, 4: 151092.0, 5: 62352.0, 6: 486936.0, 7: 26784.0, 8: 917640.0, 9: 242892.0, 10: 157968.0, 11: 249264.0, 12: 177804.0, 13: 586620.0, 15: 172584.0}
2026-05-22 17:13:39 [INFO] 分割成功
2026-05-22 17:13:39 [INFO] 引擎上下文已释放
2026-05-22 17:13:39 [INFO] TensorRT 引擎已释放
2026-05-22 17:13:39 [INFO] 全局 CUDA 资源已释放
2026-05-22 17:13:39 [INFO] 分割系统资源已释放
2026-05-22 17:13:45 [INFO] CUDA 初始化成功
2026-05-22 17:13:45 [INFO] 引擎加载成功: scrap_steel.engine
2026-05-22 17:13:45 [INFO] 分割系统初始化成功
2026-05-22 17:13:45 [INFO] 图像预处理完成，原始尺寸: (2160, 3840)
2026-05-22 17:13:45 [INFO] 开始执行分割...
2026-05-22 17:13:45 [DEBUG] 处理后的检测结果形状: (1, 8400, 6)
2026-05-22 17:13:45 [DEBUG] 示例检测结果: [[-4.10947800e+00 -3.31848145e+00  3.87734528e+01  1.57169399e+01
   4.28708020e-08  5.00000000e+00]
 [-6.45328522e+00 -3.11650467e+00  4.39696503e+01  2.99233131e+01
   9.33511402e-09  9.00000000e+00]
 [-3.67081833e+00 -3.66120911e+00  4.55894699e+01  3.04016647e+01
   4.10279100e-09  9.00000000e+00]]
2026-05-22 17:13:45 [DEBUG] 处理后检测输出形状: (4, 52)
2026-05-22 17:13:45 [DEBUG] 有效检测数量: 4
2026-05-22 17:13:45 [DEBUG] 最大置信度: 0.0775, 平均置信度: 0.0678
2026-05-22 17:13:45 [INFO] 掩码中检测到的类别: [0, 1, 2, 3, 4, 5, 6, 7, 8, 9, 10, 11, 12, 13, 15]
2026-05-22 17:13:45 [INFO] 分割完成，检测到 0 个物体
2026-05-22 17:13:45 [INFO] 从分割掩码中提取检测结果
2026-05-22 17:13:45 [INFO] 从掩码中提取了 407 个检测框
2026-05-22 17:13:46 [INFO] 保存分割和检测结果到: C:\code\show\Scrap_Steel_In_Field\photos\segmentation\segment_20260522_171345.jpg
2026-05-22 17:13:46 [INFO] JSON结果保存到: C:\code\show\Scrap_Steel_In_Field\photos\segmentation_result.json
2026-05-22 17:13:46 [INFO] 类别统计：{0: 10, 1: 63, 2: 19, 3: 5, 4: 29, 5: 32, 6: 28, 7: 22, 8: 53, 9: 44, 10: 24, 11: 6, 12: 12, 13: 48, 14: 0, 15: 12}
2026-05-22 17:13:46 [INFO] 面积统计：{0: 3690612.0, 1: 821448.0, 2: 41796.0, 3: 160668.0, 4: 147996.0, 5: 71784.0, 6: 469692.0, 7: 26640.0, 8: 947340.0, 9: 247464.0, 10: 153324.0, 11: 250092.0, 12: 186048.0, 13: 579888.0, 15: 203400.0}
2026-05-22 17:13:46 [INFO] 分割成功
2026-05-22 17:13:46 [INFO] 引擎上下文已释放
2026-05-22 17:13:46 [INFO] TensorRT 引擎已释放
2026-05-22 17:13:46 [INFO] 全局 CUDA 资源已释放
2026-05-22 17:13:46 [INFO] 分割系统资源已释放
2026-05-22 17:13:50 [INFO] CUDA 初始化成功
2026-05-22 17:13:50 [INFO] 引擎加载成功: scrap_steel.engine
2026-05-22 17:13:50 [INFO] 分割系统初始化成功
2026-05-22 17:13:50 [INFO] 图像预处理完成，原始尺寸: (2160, 3840)
2026-05-22 17:13:50 [INFO] 开始执行分割...
2026-05-22 17:13:50 [DEBUG] 处理后的检测结果形状: (1, 8400, 6)
2026-05-22 17:13:50 [DEBUG] 示例检测结果: [[-4.12778473e+00 -3.34079933e+00  3.87906761e+01  1.58306389e+01
   4.27178293e-08  5.00000000e+00]
 [-6.43807220e+00 -3.10147381e+00  4.39713516e+01  2.99073372e+01
   9.33511402e-09  9.00000000e+00]
 [-3.70211029e+00 -3.64592171e+00  4.55674820e+01  3.03866711e+01
   4.07078904e-09  9.00000000e+00]]
2026-05-22 17:13:50 [DEBUG] 处理后检测输出形状: (4, 52)
2026-05-22 17:13:50 [DEBUG] 有效检测数量: 4
2026-05-22 17:13:50 [DEBUG] 最大置信度: 0.0778, 平均置信度: 0.0702
2026-05-22 17:13:50 [INFO] 掩码中检测到的类别: [0, 1, 2, 3, 4, 5, 6, 7, 8, 9, 10, 11, 12, 13, 15]
2026-05-22 17:13:50 [INFO] 分割完成，检测到 0 个物体
2026-05-22 17:13:50 [INFO] 从分割掩码中提取检测结果
2026-05-22 17:13:50 [INFO] 从掩码中提取了 385 个检测框
2026-05-22 17:13:51 [INFO] 保存分割和检测结果到: C:\code\show\Scrap_Steel_In_Field\photos\segmentation\segment_20260522_171350.jpg
2026-05-22 17:13:51 [INFO] JSON结果保存到: C:\code\show\Scrap_Steel_In_Field\photos\segmentation_result.json
2026-05-22 17:13:51 [INFO] 类别统计：{0: 7, 1: 65, 2: 26, 3: 5, 4: 22, 5: 31, 6: 25, 7: 18, 8: 43, 9: 42, 10: 19, 11: 10, 12: 10, 13: 49, 14: 0, 15: 13}
2026-05-22 17:13:51 [INFO] 面积统计：{0: 3738780.0, 1: 827352.0, 2: 38232.0, 3: 156420.0, 4: 162648.0, 5: 67644.0, 6: 463500.0, 7: 27360.0, 8: 959436.0, 9: 220068.0, 10: 155124.0, 11: 247644.0, 12: 119268.0, 13: 574560.0, 15: 184932.0}
2026-05-22 17:13:51 [INFO] 分割成功
2026-05-22 17:13:51 [INFO] 引擎上下文已释放
2026-05-22 17:13:51 [INFO] TensorRT 引擎已释放
2026-05-22 17:13:51 [INFO] 全局 CUDA 资源已释放
2026-05-22 17:13:51 [INFO] 分割系统资源已释放
2026-05-22 17:13:55 [INFO] CUDA 初始化成功
2026-05-22 17:13:55 [INFO] 引擎加载成功: scrap_steel.engine
2026-05-22 17:13:55 [INFO] 分割系统初始化成功
2026-05-22 17:13:56 [INFO] 图像预处理完成，原始尺寸: (2160, 3840)
2026-05-22 17:13:56 [INFO] 开始执行分割...
2026-05-22 17:13:56 [DEBUG] 处理后的检测结果形状: (1, 8400, 6)
2026-05-22 17:13:56 [DEBUG] 示例检测结果: [[-4.11387634e+00 -3.30413103e+00  3.86781540e+01  1.56583633e+01
   4.23814264e-08  5.00000000e+00]
 [-6.43449402e+00 -3.09130573e+00  4.39137421e+01  2.97798653e+01
   9.37177802e-09  9.00000000e+00]
 [-3.66256714e+00 -3.62132454e+00  4.55258026e+01  3.02959423e+01
   4.05559586e-09  9.00000000e+00]]
2026-05-22 17:13:56 [DEBUG] 处理后检测输出形状: (4, 52)
2026-05-22 17:13:56 [DEBUG] 有效检测数量: 4
2026-05-22 17:13:56 [DEBUG] 最大置信度: 0.0964, 平均置信度: 0.0897
2026-05-22 17:13:56 [INFO] 掩码中检测到的类别: [0, 1, 2, 3, 4, 5, 6, 7, 8, 9, 10, 11, 12, 13, 15]
2026-05-22 17:13:56 [INFO] 分割完成，检测到 0 个物体
2026-05-22 17:13:56 [INFO] 从分割掩码中提取检测结果
2026-05-22 17:13:58 [INFO] 从掩码中提取了 398 个检测框
2026-05-22 17:14:00 [INFO] 保存分割和检测结果到: C:\code\show\Scrap_Steel_In_Field\photos\segmentation\segment_20260522_171358.jpg
2026-05-22 17:14:00 [INFO] JSON结果保存到: C:\code\show\Scrap_Steel_In_Field\photos\segmentation_result.json
2026-05-22 17:14:00 [INFO] 类别统计：{0: 11, 1: 62, 2: 22, 3: 5, 4: 25, 5: 33, 6: 19, 7: 19, 8: 53, 9: 33, 10: 26, 11: 9, 12: 16, 13: 49, 14: 0, 15: 16}
2026-05-22 17:14:00 [INFO] 面积统计：{0: 3701160.0, 1: 791352.0, 2: 33588.0, 3: 160776.0, 4: 155520.0, 5: 62604.0, 6: 463644.0, 7: 23040.0, 8: 911052.0, 9: 234324.0, 10: 162360.0, 11: 250380.0, 12: 163620.0, 13: 582588.0, 15: 202068.0}
2026-05-22 17:14:00 [INFO] 分割成功
2026-05-22 17:14:00 [INFO] 引擎上下文已释放
2026-05-22 17:14:00 [INFO] TensorRT 引擎已释放
2026-05-22 17:14:00 [INFO] 全局 CUDA 资源已释放
2026-05-22 17:14:00 [INFO] 分割系统资源已释放
2026-05-22 17:14:05 [INFO] CUDA 初始化成功
2026-05-22 17:14:05 [INFO] 引擎加载成功: scrap_steel.engine
2026-05-22 17:14:05 [INFO] 分割系统初始化成功
2026-05-22 17:14:05 [INFO] 图像预处理完成，原始尺寸: (2160, 3840)
2026-05-22 17:14:05 [INFO] 开始执行分割...
2026-05-22 17:14:05 [DEBUG] 处理后的检测结果形状: (1, 8400, 6)
2026-05-22 17:14:05 [DEBUG] 示例检测结果: [[-4.10793686e+00 -3.32627773e+00  3.87610893e+01  1.57796659e+01
   4.37166250e-08  5.00000000e+00]
 [-6.43922424e+00 -3.10061455e+00  4.39412994e+01  2.98864231e+01
   9.33450650e-09  9.00000000e+00]
 [-3.65984344e+00 -3.64587116e+00  4.55610352e+01  3.03724098e+01
   4.11604617e-09  9.00000000e+00]]
2026-05-22 17:14:05 [DEBUG] 处理后检测输出形状: (4, 52)
2026-05-22 17:14:05 [DEBUG] 有效检测数量: 4
2026-05-22 17:14:05 [DEBUG] 最大置信度: 0.0804, 平均置信度: 0.0670
2026-05-22 17:14:05 [INFO] 掩码中检测到的类别: [0, 1, 2, 3, 4, 5, 6, 7, 8, 9, 10, 11, 12, 13, 15]
2026-05-22 17:14:05 [INFO] 分割完成，检测到 0 个物体
2026-05-22 17:14:05 [INFO] 从分割掩码中提取检测结果
2026-05-22 17:14:05 [INFO] 从掩码中提取了 398 个检测框
2026-05-22 17:14:06 [INFO] 保存分割和检测结果到: C:\code\show\Scrap_Steel_In_Field\photos\segmentation\segment_20260522_171405.jpg
2026-05-22 17:14:06 [INFO] JSON结果保存到: C:\code\show\Scrap_Steel_In_Field\photos\segmentation_result.json
2026-05-22 17:14:06 [INFO] 类别统计：{0: 5, 1: 60, 2: 22, 3: 5, 4: 31, 5: 34, 6: 24, 7: 19, 8: 56, 9: 31, 10: 28, 11: 10, 12: 13, 13: 48, 14: 0, 15: 12}
2026-05-22 17:14:06 [INFO] 面积统计：{0: 3740436.0, 1: 814176.0, 2: 43848.0, 3: 159732.0, 4: 141948.0, 5: 76788.0, 6: 488016.0, 7: 28836.0, 8: 907920.0, 9: 246816.0, 10: 151524.0, 11: 250092.0, 12: 145764.0, 13: 573984.0, 15: 186948.0}
2026-05-22 17:14:06 [INFO] 分割成功
2026-05-22 17:14:06 [INFO] 引擎上下文已释放
2026-05-22 17:14:06 [INFO] TensorRT 引擎已释放
2026-05-22 17:14:06 [INFO] 全局 CUDA 资源已释放
2026-05-22 17:14:06 [INFO] 分割系统资源已释放
2026-05-22 17:14:11 [INFO] CUDA 初始化成功
2026-05-22 17:14:11 [INFO] 引擎加载成功: scrap_steel.engine
2026-05-22 17:14:11 [INFO] 分割系统初始化成功
2026-05-22 17:14:11 [INFO] 图像预处理完成，原始尺寸: (2160, 3840)
2026-05-22 17:14:11 [INFO] 开始执行分割...
2026-05-22 17:14:12 [DEBUG] 处理后的检测结果形状: (1, 8400, 6)
2026-05-22 17:14:12 [DEBUG] 示例检测结果: [[-4.10924530e+00 -3.32809162e+00  3.87479134e+01  1.57986689e+01
   4.26986517e-08  5.00000000e+00]
 [-6.42231369e+00 -3.09479523e+00  4.40110931e+01  2.99129524e+01
   9.37099287e-09  9.00000000e+00]
 [-3.65534973e+00 -3.64625740e+00  4.55816116e+01  3.04356022e+01
   4.11722390e-09  9.00000000e+00]]
2026-05-22 17:14:12 [DEBUG] 处理后检测输出形状: (4, 52)
2026-05-22 17:14:12 [DEBUG] 有效检测数量: 4
2026-05-22 17:14:12 [DEBUG] 最大置信度: 0.0761, 平均置信度: 0.0651
2026-05-22 17:14:12 [INFO] 掩码中检测到的类别: [0, 1, 2, 3, 4, 5, 6, 7, 8, 9, 10, 11, 12, 13, 15]
2026-05-22 17:14:12 [INFO] 分割完成，检测到 0 个物体
2026-05-22 17:14:12 [INFO] 从分割掩码中提取检测结果
2026-05-22 17:14:12 [INFO] 从掩码中提取了 402 个检测框
2026-05-22 17:14:13 [INFO] 保存分割和检测结果到: C:\code\show\Scrap_Steel_In_Field\photos\segmentation\segment_20260522_171412.jpg
2026-05-22 17:14:13 [INFO] JSON结果保存到: C:\code\show\Scrap_Steel_In_Field\photos\segmentation_result.json
2026-05-22 17:14:13 [INFO] 类别统计：{0: 10, 1: 60, 2: 24, 3: 4, 4: 27, 5: 35, 6: 21, 7: 18, 8: 55, 9: 40, 10: 20, 11: 7, 12: 17, 13: 54, 14: 0, 15: 10}
2026-05-22 17:14:13 [INFO] 面积统计：{0: 3819204.0, 1: 810216.0, 2: 33912.0, 3: 156672.0, 4: 133956.0, 5: 74556.0, 6: 467244.0, 7: 27216.0, 8: 915192.0, 9: 232380.0, 10: 161748.0, 11: 248256.0, 12: 139068.0, 13: 581472.0, 15: 204912.0}
2026-05-22 17:14:13 [INFO] 分割成功
2026-05-22 17:14:13 [INFO] 引擎上下文已释放
2026-05-22 17:14:13 [INFO] TensorRT 引擎已释放
2026-05-22 17:14:13 [INFO] 全局 CUDA 资源已释放
2026-05-22 17:14:13 [INFO] 分割系统资源已释放
