2025-05-29 08:53:33 [INFO] CUDA 初始化成功
2025-05-29 08:53:33 [INFO] 引擎加载成功: scrap_steel.engine
2025-05-29 08:53:33 [INFO] 分割系统初始化成功
2025-05-29 08:53:33 [INFO] 图像预处理完成，原始尺寸: (2160, 3840)
2025-05-29 08:53:33 [INFO] 开始执行分割...
2025-05-29 08:53:33 [DEBUG] 处理后的检测结果形状: (1, 8400, 6)
2025-05-29 08:53:33 [DEBUG] 示例检测结果: [[-3.86665344e+00 -3.14256430e+00  3.92505569e+01  1.49475117e+01
   4.10676293e-08  5.00000000e+00]
 [-6.00030899e+00 -2.81183052e+00  4.48961754e+01  2.97438488e+01
   9.48268664e-09  9.00000000e+00]
 [-3.43362427e+00 -3.29510307e+00  4.60555420e+01  3.08082333e+01
   4.31426095e-09  9.00000000e+00]]
2025-05-29 08:53:33 [DEBUG] 处理后检测输出形状: (0, 52)
2025-05-29 08:53:33 [DEBUG] 有效检测数量: 0
2025-05-29 08:53:33 [DEBUG] 检测输出为空
2025-05-29 08:53:33 [INFO] 掩码中检测到的类别: [0, 1, 2, 3, 4, 5, 6, 7, 8, 9, 10, 11, 12, 13, 15]
2025-05-29 08:53:33 [INFO] 分割完成，检测到 0 个物体
2025-05-29 08:53:33 [INFO] 从分割掩码中提取检测结果
2025-05-29 08:53:33 [INFO] 从掩码中提取了 432 个检测框
2025-05-29 08:53:34 [INFO] 保存分割和检测结果到: C:\Users\diaoqingguang\Scrap_steel_system\Scrap_Steel_In_Field\photos\segmentation\segment_20250529_085333.jpg
2025-05-29 08:53:34 [INFO] JSON结果保存到: C:\Users\diaoqingguang\Scrap_steel_system\Scrap_Steel_In_Field\photos\segmentation_result.json
2025-05-29 08:53:34 [INFO] 类别统计：{0: 24, 1: 52, 2: 11, 3: 8, 4: 38, 5: 15, 6: 27, 7: 29, 8: 31, 9: 65, 10: 16, 11: 8, 12: 13, 13: 58, 14: 0, 15: 37}
2025-05-29 08:53:34 [INFO] 面积统计：{0: 3692448.0, 1: 728712.0, 2: 27396.0, 3: 309636.0, 4: 265500.0, 5: 24876.0, 6: 641196.0, 7: 61452.0, 8: 691200.0, 9: 186264.0, 10: 110052.0, 11: 228996.0, 12: 126324.0, 13: 863100.0, 15: 67176.0}
2025-05-29 08:53:34 [INFO] 分割成功
2025-05-29 08:53:34 [INFO] 引擎上下文已释放
2025-05-29 08:53:34 [INFO] TensorRT 引擎已释放
2025-05-29 08:53:34 [INFO] 全局 CUDA 资源已释放
2025-05-29 08:53:34 [INFO] 分割系统资源已释放
