2026-06-04 21:04:31 [INFO] CUDA 初始化成功
2026-06-04 21:04:31 [INFO] 引擎加载成功: scrap_steel.engine
2026-06-04 21:04:31 [INFO] 分割系统初始化成功
2026-06-04 21:04:34 [INFO] 引擎加载成功: scrap_steel.engine
2026-06-04 21:04:34 [INFO] 分割系统初始化成功
2026-06-04 21:04:34 [INFO] 图像预处理完成，原始尺寸: (2160, 3840)
2026-06-04 21:04:34 [INFO] 开始执行分割...
2026-06-04 21:04:34 [ERROR] 推理过程发生异常: explicit_context_dependent failed: invalid device context - no currently active context?
2026-06-04 21:04:34 [INFO] 分割完成，检测到 0 个物体
2026-06-04 21:04:34 [INFO] 计算出的车框矩形边界: (1027, 617) to (3175, 1519)
2026-06-04 21:04:34 [INFO] 原始检测数: 0, 过滤后检测数: 0
2026-06-04 21:04:34 [ERROR] 保存结果失败: 'NoneType' object has no attribute 'shape'
2026-06-04 21:04:34 [ERROR] 分割失败: 未能生成有效的分割掩码
2026-06-04 21:04:34 [INFO] 引擎上下文已释放
2026-06-04 21:04:34 [INFO] TensorRT 引擎已释放
2026-06-04 21:04:34 [INFO] 全局 CUDA 资源已释放
2026-06-04 21:04:34 [INFO] 分割系统资源已释放
2026-06-04 21:04:39 [INFO] CUDA 初始化成功
2026-06-04 21:04:39 [INFO] 引擎加载成功: scrap_steel.engine
2026-06-04 21:04:39 [INFO] 分割系统初始化成功
2026-06-04 21:04:39 [INFO] 图像预处理完成，原始尺寸: (2160, 3840)
2026-06-04 21:04:39 [INFO] 开始执行分割...
2026-06-04 21:04:39 [DEBUG] 处理后的检测结果形状: (1, 8400, 6)
2026-06-04 21:04:39 [DEBUG] 示例检测结果: [[-4.14997101e+00 -3.25628805e+00  3.92607498e+01  1.52363682e+01
   4.07652685e-08  5.00000000e+00]
 [-6.56162643e+00 -3.02311897e+00  4.47399178e+01  2.96758518e+01
   9.89454918e-09  9.00000000e+00]
 [-3.58799744e+00 -3.50695610e+00  4.60149536e+01  3.04161091e+01
   4.51618121e-09  9.00000000e+00]]
2026-06-04 21:04:39 [DEBUG] 处理后检测输出形状: (0, 52)
2026-06-04 21:04:39 [DEBUG] 有效检测数量: 0
2026-06-04 21:04:39 [DEBUG] 检测输出为空
2026-06-04 21:04:39 [INFO] 掩码中检测到的类别: [0, 1, 2, 3, 4, 5, 6, 7, 8, 9, 10, 11, 12, 13, 14, 15]
2026-06-04 21:04:39 [INFO] 分割完成，检测到 0 个物体
2026-06-04 21:04:39 [INFO] 从分割掩码中提取检测结果
2026-06-04 21:04:39 [INFO] 从掩码中提取了 437 个检测框
2026-06-04 21:04:39 [INFO] 计算出的车框矩形边界: (1028, 617) to (3178, 1512)
2026-06-04 21:04:39 [INFO] 原始检测数: 437, 过滤后检测数: 205
2026-06-04 21:04:40 [INFO] 保存分割和检测结果到: C:\code\show\Scrap_Steel_In_Field\photos\segmentation\segment_20260604_210439.jpg
2026-06-04 21:04:40 [INFO] JSON结果保存到: C:\code\show\Scrap_Steel_In_Field\photos\segmentation_result.json
2026-06-04 21:04:40 [INFO] 类别统计：{0: 18, 1: 54, 2: 21, 3: 4, 4: 24, 5: 30, 6: 17, 7: 32, 8: 52, 9: 50, 10: 24, 11: 16, 12: 20, 13: 59, 14: 0, 15: 16}
2026-06-04 21:04:40 [INFO] 面积统计：{0: 3626388.0, 1: 627120.0, 2: 33984.0, 3: 127008.0, 4: 185220.0, 5: 50688.0, 6: 526500.0, 7: 47448.0, 8: 936792.0, 9: 197568.0, 10: 183420.0, 11: 348480.0, 12: 95724.0, 13: 767484.0, 14: 36.0, 15: 39492.0}
2026-06-04 21:04:40 [INFO] 分割成功
2026-06-04 21:04:40 [INFO] 引擎上下文已释放
2026-06-04 21:04:40 [INFO] TensorRT 引擎已释放
2026-06-04 21:04:40 [INFO] 全局 CUDA 资源已释放
2026-06-04 21:04:40 [INFO] 分割系统资源已释放
2026-06-04 21:04:46 [INFO] CUDA 初始化成功
2026-06-04 21:04:46 [INFO] 引擎加载成功: scrap_steel.engine
2026-06-04 21:04:46 [INFO] 分割系统初始化成功
2026-06-04 21:04:47 [INFO] 图像预处理完成，原始尺寸: (2160, 3840)
2026-06-04 21:04:47 [INFO] 开始执行分割...
2026-06-04 21:04:47 [DEBUG] 处理后的检测结果形状: (1, 8400, 6)
2026-06-04 21:04:47 [DEBUG] 示例检测结果: [[-4.06044388e+00 -3.22684288e+00  3.91533775e+01  1.51238556e+01
   4.12440642e-08  5.00000000e+00]
 [-6.47819138e+00 -3.00450230e+00  4.48177681e+01  2.96351013e+01
   1.00113198e-08  9.00000000e+00]
 [-3.57928467e+00 -3.45339966e+00  4.60029907e+01  3.04030762e+01
   4.60268446e-09  9.00000000e+00]]
2026-06-04 21:04:47 [DEBUG] 处理后检测输出形状: (0, 52)
2026-06-04 21:04:47 [DEBUG] 有效检测数量: 0
2026-06-04 21:04:47 [DEBUG] 检测输出为空
2026-06-04 21:04:47 [INFO] 掩码中检测到的类别: [0, 1, 2, 3, 4, 5, 6, 7, 8, 9, 10, 11, 12, 13, 14, 15]
2026-06-04 21:04:47 [INFO] 分割完成，检测到 0 个物体
2026-06-04 21:04:47 [INFO] 从分割掩码中提取检测结果
2026-06-04 21:04:47 [INFO] 从掩码中提取了 429 个检测框
2026-06-04 21:04:47 [INFO] 计算出的车框矩形边界: (1027, 618) to (3178, 1512)
2026-06-04 21:04:47 [INFO] 原始检测数: 429, 过滤后检测数: 182
2026-06-04 21:04:48 [INFO] 保存分割和检测结果到: C:\code\show\Scrap_Steel_In_Field\photos\segmentation\segment_20260604_210447.jpg
2026-06-04 21:04:48 [INFO] JSON结果保存到: C:\code\show\Scrap_Steel_In_Field\photos\segmentation_result.json
2026-06-04 21:04:48 [INFO] 类别统计：{0: 17, 1: 55, 2: 22, 3: 2, 4: 24, 5: 28, 6: 16, 7: 29, 8: 43, 9: 49, 10: 23, 11: 16, 12: 21, 13: 65, 14: 0, 15: 19}
2026-06-04 21:04:48 [INFO] 面积统计：{0: 3595536.0, 1: 583452.0, 2: 32724.0, 3: 129780.0, 4: 188568.0, 5: 48960.0, 6: 519228.0, 7: 41400.0, 8: 915084.0, 9: 164304.0, 10: 180072.0, 11: 344124.0, 12: 94068.0, 13: 792684.0, 14: 36.0, 15: 48888.0}
2026-06-04 21:04:48 [INFO] 分割成功
2026-06-04 21:04:48 [INFO] 引擎上下文已释放
2026-06-04 21:04:48 [INFO] TensorRT 引擎已释放
2026-06-04 21:04:48 [INFO] 全局 CUDA 资源已释放
2026-06-04 21:04:48 [INFO] 分割系统资源已释放
2026-06-04 21:04:51 [INFO] CUDA 初始化成功
2026-06-04 21:04:51 [INFO] 引擎加载成功: scrap_steel.engine
2026-06-04 21:04:51 [INFO] 分割系统初始化成功
2026-06-04 21:04:51 [INFO] 图像预处理完成，原始尺寸: (2160, 3840)
2026-06-04 21:04:51 [INFO] 开始执行分割...
2026-06-04 21:04:51 [DEBUG] 处理后的检测结果形状: (1, 8400, 6)
2026-06-04 21:04:51 [DEBUG] 示例检测结果: [[-4.11920166e+00 -3.27224541e+00  3.92056656e+01  1.53885460e+01
   4.10838723e-08  5.00000000e+00]
 [-6.51222229e+00 -3.04899216e+00  4.46595268e+01  2.98129578e+01
   9.89684779e-09  9.00000000e+00]
 [-3.55110168e+00 -3.48218346e+00  4.59159584e+01  3.04085484e+01
   4.65442085e-09  9.00000000e+00]]
2026-06-04 21:04:51 [DEBUG] 处理后检测输出形状: (0, 52)
2026-06-04 21:04:51 [DEBUG] 有效检测数量: 0
2026-06-04 21:04:51 [DEBUG] 检测输出为空
2026-06-04 21:04:51 [INFO] 掩码中检测到的类别: [0, 1, 2, 3, 4, 5, 6, 7, 8, 9, 10, 11, 12, 13, 14, 15]
2026-06-04 21:04:51 [INFO] 分割完成，检测到 0 个物体
2026-06-04 21:04:51 [INFO] 从分割掩码中提取检测结果
2026-06-04 21:04:52 [INFO] 从掩码中提取了 432 个检测框
2026-06-04 21:04:52 [INFO] 计算出的车框矩形边界: (1027, 617) to (3175, 1519)
2026-06-04 21:04:52 [INFO] 原始检测数: 432, 过滤后检测数: 196
2026-06-04 21:04:52 [INFO] 保存分割和检测结果到: C:\code\show\Scrap_Steel_In_Field\photos\segmentation\segment_20260604_210452.jpg
2026-06-04 21:04:52 [INFO] JSON结果保存到: C:\code\show\Scrap_Steel_In_Field\photos\segmentation_result.json
2026-06-04 21:04:52 [INFO] 类别统计：{0: 17, 1: 49, 2: 19, 3: 2, 4: 23, 5: 29, 6: 19, 7: 25, 8: 41, 9: 51, 10: 28, 11: 18, 12: 19, 13: 67, 14: 0, 15: 25}
2026-06-04 21:04:52 [INFO] 面积统计：{0: 3716388.0, 1: 610488.0, 2: 35136.0, 3: 135288.0, 4: 196668.0, 5: 47088.0, 6: 501228.0, 7: 36288.0, 8: 927216.0, 9: 177120.0, 10: 175068.0, 11: 335376.0, 12: 91152.0, 13: 800820.0, 14: 36.0, 15: 46296.0}
2026-06-04 21:04:52 [INFO] 分割成功
2026-06-04 21:04:52 [INFO] 引擎上下文已释放
2026-06-04 21:04:52 [INFO] TensorRT 引擎已释放
2026-06-04 21:04:52 [INFO] 全局 CUDA 资源已释放
2026-06-04 21:04:52 [INFO] 分割系统资源已释放
2026-06-04 21:04:57 [INFO] CUDA 初始化成功
2026-06-04 21:04:57 [INFO] 引擎加载成功: scrap_steel.engine
2026-06-04 21:04:57 [INFO] 分割系统初始化成功
2026-06-04 21:04:57 [INFO] 图像预处理完成，原始尺寸: (2160, 3840)
2026-06-04 21:04:57 [INFO] 开始执行分割...
2026-06-04 21:04:57 [DEBUG] 处理后的检测结果形状: (1, 8400, 6)
2026-06-04 21:04:57 [DEBUG] 示例检测结果: [[-4.08864212e+00 -3.21875191e+00  3.91484756e+01  1.50884972e+01
   4.01143261e-08  5.00000000e+00]
 [-6.55842972e+00 -3.00470829e+00  4.47441292e+01  2.96246223e+01
   9.93823690e-09  9.00000000e+00]
 [-3.55468750e+00 -3.42864704e+00  4.59815903e+01  3.03639755e+01
   4.62470062e-09  9.00000000e+00]]
2026-06-04 21:04:57 [DEBUG] 处理后检测输出形状: (0, 52)
2026-06-04 21:04:57 [DEBUG] 有效检测数量: 0
2026-06-04 21:04:57 [DEBUG] 检测输出为空
2026-06-04 21:04:57 [INFO] 掩码中检测到的类别: [0, 1, 2, 3, 4, 5, 6, 7, 8, 9, 10, 11, 12, 13, 14, 15]
2026-06-04 21:04:57 [INFO] 分割完成，检测到 0 个物体
2026-06-04 21:04:57 [INFO] 从分割掩码中提取检测结果
2026-06-04 21:04:57 [INFO] 从掩码中提取了 449 个检测框
2026-06-04 21:04:57 [INFO] 计算出的车框矩形边界: (1027, 618) to (3175, 1519)
2026-06-04 21:04:57 [INFO] 原始检测数: 449, 过滤后检测数: 203
2026-06-04 21:04:58 [INFO] 保存分割和检测结果到: C:\code\show\Scrap_Steel_In_Field\photos\segmentation\segment_20260604_210457.jpg
2026-06-04 21:04:58 [INFO] JSON结果保存到: C:\code\show\Scrap_Steel_In_Field\photos\segmentation_result.json
2026-06-04 21:04:58 [INFO] 类别统计：{0: 15, 1: 61, 2: 21, 3: 3, 4: 22, 5: 25, 6: 14, 7: 37, 8: 47, 9: 53, 10: 27, 11: 18, 12: 21, 13: 59, 14: 0, 15: 26}
2026-06-04 21:04:58 [INFO] 面积统计：{0: 3723732.0, 1: 598860.0, 2: 33336.0, 3: 136260.0, 4: 184536.0, 5: 52776.0, 6: 540936.0, 7: 37368.0, 8: 919548.0, 9: 169920.0, 10: 184716.0, 11: 362088.0, 12: 95580.0, 13: 718380.0, 14: 72.0, 15: 54360.0}
2026-06-04 21:04:58 [INFO] 分割成功
2026-06-04 21:04:58 [INFO] 引擎上下文已释放
2026-06-04 21:04:58 [INFO] TensorRT 引擎已释放
2026-06-04 21:04:58 [INFO] 全局 CUDA 资源已释放
2026-06-04 21:04:58 [INFO] 分割系统资源已释放
2026-06-04 21:05:02 [INFO] CUDA 初始化成功
2026-06-04 21:05:02 [INFO] 引擎加载成功: scrap_steel.engine
2026-06-04 21:05:02 [INFO] 分割系统初始化成功
2026-06-04 21:05:02 [INFO] 图像预处理完成，原始尺寸: (2160, 3840)
2026-06-04 21:05:02 [INFO] 开始执行分割...
2026-06-04 21:05:02 [DEBUG] 处理后的检测结果形状: (1, 8400, 6)
2026-06-04 21:05:02 [DEBUG] 示例检测结果: [[-4.15173721e+00 -3.25423145e+00  3.92701187e+01  1.52122793e+01
   3.94998025e-08  5.00000000e+00]
 [-6.59442520e+00 -3.05090618e+00  4.47164345e+01  2.96633224e+01
   9.76518066e-09  9.00000000e+00]
 [-3.57578278e+00 -3.45662594e+00  4.59370499e+01  3.03265991e+01
   4.55497684e-09  9.00000000e+00]]
2026-06-04 21:05:02 [DEBUG] 处理后检测输出形状: (0, 52)
2026-06-04 21:05:02 [DEBUG] 有效检测数量: 0
2026-06-04 21:05:02 [DEBUG] 检测输出为空
2026-06-04 21:05:02 [INFO] 掩码中检测到的类别: [0, 1, 2, 3, 4, 5, 6, 7, 8, 9, 10, 11, 12, 13, 14, 15]
2026-06-04 21:05:02 [INFO] 分割完成，检测到 0 个物体
2026-06-04 21:05:02 [INFO] 从分割掩码中提取检测结果
2026-06-04 21:05:02 [INFO] 从掩码中提取了 442 个检测框
2026-06-04 21:05:02 [INFO] 计算出的车框矩形边界: (1027, 618) to (3178, 1513)
2026-06-04 21:05:02 [INFO] 原始检测数: 442, 过滤后检测数: 207
2026-06-04 21:05:03 [INFO] 保存分割和检测结果到: C:\code\show\Scrap_Steel_In_Field\photos\segmentation\segment_20260604_210502.jpg
2026-06-04 21:05:03 [INFO] JSON结果保存到: C:\code\show\Scrap_Steel_In_Field\photos\segmentation_result.json
2026-06-04 21:05:03 [INFO] 类别统计：{0: 12, 1: 62, 2: 22, 3: 4, 4: 30, 5: 28, 6: 16, 7: 28, 8: 58, 9: 38, 10: 24, 11: 17, 12: 20, 13: 65, 14: 0, 15: 18}
2026-06-04 21:05:03 [INFO] 面积统计：{0: 3657564.0, 1: 601056.0, 2: 33156.0, 3: 136116.0, 4: 178884.0, 5: 55368.0, 6: 509580.0, 7: 40464.0, 8: 933984.0, 9: 145800.0, 10: 183132.0, 11: 347976.0, 12: 93456.0, 13: 755928.0, 14: 36.0, 15: 40392.0}
2026-06-04 21:05:03 [INFO] 分割成功
2026-06-04 21:05:03 [INFO] 引擎上下文已释放
2026-06-04 21:05:03 [INFO] TensorRT 引擎已释放
2026-06-04 21:05:03 [INFO] 全局 CUDA 资源已释放
2026-06-04 21:05:03 [INFO] 分割系统资源已释放
2026-06-04 21:05:07 [INFO] CUDA 初始化成功
2026-06-04 21:05:07 [INFO] 引擎加载成功: scrap_steel.engine
2026-06-04 21:05:07 [INFO] 分割系统初始化成功
2026-06-04 21:05:07 [INFO] 图像预处理完成，原始尺寸: (2160, 3840)
2026-06-04 21:05:07 [INFO] 开始执行分割...
2026-06-04 21:05:07 [DEBUG] 处理后的检测结果形状: (1, 8400, 6)
2026-06-04 21:05:07 [DEBUG] 示例检测结果: [[-4.15418625e+00 -3.26516914e+00  3.92441673e+01  1.52922325e+01
   3.91768609e-08  5.00000000e+00]
 [-6.57319641e+00 -3.05247974e+00  4.46786613e+01  2.96768188e+01
   9.72701386e-09  9.00000000e+00]
 [-3.57266998e+00 -3.45619678e+00  4.58968315e+01  3.03027153e+01
   4.55497684e-09  9.00000000e+00]]
2026-06-04 21:05:07 [DEBUG] 处理后检测输出形状: (0, 52)
2026-06-04 21:05:07 [DEBUG] 有效检测数量: 0
2026-06-04 21:05:07 [DEBUG] 检测输出为空
2026-06-04 21:05:07 [INFO] 掩码中检测到的类别: [0, 1, 2, 3, 4, 5, 6, 7, 8, 9, 10, 11, 12, 13, 14, 15]
2026-06-04 21:05:07 [INFO] 分割完成，检测到 0 个物体
2026-06-04 21:05:07 [INFO] 从分割掩码中提取检测结果
2026-06-04 21:05:07 [INFO] 从掩码中提取了 427 个检测框
2026-06-04 21:05:07 [INFO] 计算出的车框矩形边界: (1028, 618) to (3175, 1519)
2026-06-04 21:05:07 [INFO] 原始检测数: 427, 过滤后检测数: 195
2026-06-04 21:05:08 [INFO] 保存分割和检测结果到: C:\code\show\Scrap_Steel_In_Field\photos\segmentation\segment_20260604_210507.jpg
2026-06-04 21:05:08 [INFO] JSON结果保存到: C:\code\show\Scrap_Steel_In_Field\photos\segmentation_result.json
2026-06-04 21:05:08 [INFO] 类别统计：{0: 20, 1: 56, 2: 18, 3: 2, 4: 21, 5: 29, 6: 19, 7: 30, 8: 44, 9: 49, 10: 22, 11: 14, 12: 19, 13: 66, 14: 0, 15: 18}
2026-06-04 21:05:08 [INFO] 面积统计：{0: 3724848.0, 1: 559368.0, 2: 31644.0, 3: 129924.0, 4: 188748.0, 5: 49500.0, 6: 517608.0, 7: 33444.0, 8: 925344.0, 9: 144936.0, 10: 181224.0, 11: 332532.0, 12: 99972.0, 13: 732528.0, 14: 36.0, 15: 46188.0}
2026-06-04 21:05:08 [INFO] 分割成功
2026-06-04 21:05:08 [INFO] 引擎上下文已释放
2026-06-04 21:05:08 [INFO] TensorRT 引擎已释放
2026-06-04 21:05:08 [INFO] 全局 CUDA 资源已释放
2026-06-04 21:05:08 [INFO] 分割系统资源已释放
2026-06-04 21:05:12 [INFO] CUDA 初始化成功
2026-06-04 21:05:12 [INFO] 引擎加载成功: scrap_steel.engine
2026-06-04 21:05:12 [INFO] 分割系统初始化成功
2026-06-04 21:05:12 [INFO] 图像预处理完成，原始尺寸: (2160, 3840)
2026-06-04 21:05:12 [INFO] 开始执行分割...
2026-06-04 21:05:12 [DEBUG] 处理后的检测结果形状: (1, 8400, 6)
2026-06-04 21:05:12 [DEBUG] 示例检测结果: [[-4.12422180e+00 -3.22879553e+00  3.91303825e+01  1.51765728e+01
   3.90263502e-08  5.00000000e+00]
 [-6.58065414e+00 -3.02490330e+00  4.47373123e+01  2.95981750e+01
   9.76498882e-09  9.00000000e+00]
 [-3.59757233e+00 -3.42912960e+00  4.59461632e+01  3.02285652e+01
   4.64447680e-09  9.00000000e+00]]
2026-06-04 21:05:12 [DEBUG] 处理后检测输出形状: (0, 52)
2026-06-04 21:05:12 [DEBUG] 有效检测数量: 0
2026-06-04 21:05:12 [DEBUG] 检测输出为空
2026-06-04 21:05:12 [INFO] 掩码中检测到的类别: [0, 1, 2, 3, 4, 5, 6, 7, 8, 9, 10, 11, 12, 13, 14, 15]
2026-06-04 21:05:12 [INFO] 分割完成，检测到 0 个物体
2026-06-04 21:05:12 [INFO] 从分割掩码中提取检测结果
2026-06-04 21:05:13 [INFO] 从掩码中提取了 423 个检测框
2026-06-04 21:05:13 [INFO] 计算出的车框矩形边界: (1028, 618) to (3178, 1513)
2026-06-04 21:05:13 [INFO] 原始检测数: 423, 过滤后检测数: 197
2026-06-04 21:05:13 [INFO] 保存分割和检测结果到: C:\code\show\Scrap_Steel_In_Field\photos\segmentation\segment_20260604_210513.jpg
2026-06-04 21:05:13 [INFO] JSON结果保存到: C:\code\show\Scrap_Steel_In_Field\photos\segmentation_result.json
2026-06-04 21:05:13 [INFO] 类别统计：{0: 12, 1: 54, 2: 21, 3: 4, 4: 21, 5: 28, 6: 16, 7: 30, 8: 41, 9: 51, 10: 26, 11: 18, 12: 17, 13: 67, 14: 0, 15: 17}
2026-06-04 21:05:13 [INFO] 面积统计：{0: 3691944.0, 1: 597132.0, 2: 29304.0, 3: 132948.0, 4: 185796.0, 5: 49176.0, 6: 507420.0, 7: 33480.0, 8: 951120.0, 9: 163692.0, 10: 172944.0, 11: 356004.0, 12: 82332.0, 13: 762804.0, 14: 36.0, 15: 38736.0}
2026-06-04 21:05:13 [INFO] 分割成功
2026-06-04 21:05:13 [INFO] 引擎上下文已释放
2026-06-04 21:05:13 [INFO] TensorRT 引擎已释放
2026-06-04 21:05:13 [INFO] 全局 CUDA 资源已释放
2026-06-04 21:05:13 [INFO] 分割系统资源已释放
2026-06-04 21:05:17 [INFO] CUDA 初始化成功
2026-06-04 21:05:17 [INFO] 引擎加载成功: scrap_steel.engine
2026-06-04 21:05:17 [INFO] 分割系统初始化成功
2026-06-04 21:05:17 [INFO] 图像预处理完成，原始尺寸: (2160, 3840)
2026-06-04 21:05:17 [INFO] 开始执行分割...
2026-06-04 21:05:17 [DEBUG] 处理后的检测结果形状: (1, 8400, 6)
2026-06-04 21:05:17 [DEBUG] 示例检测结果: [[-4.09875488e+00 -3.23193741e+00  3.92200432e+01  1.51679001e+01
   3.88741057e-08  5.00000000e+00]
 [-6.52930832e+00 -3.01363373e+00  4.47555809e+01  2.96515808e+01
   9.72701386e-09  9.00000000e+00]
 [-3.56946564e+00 -3.43161774e+00  4.59919205e+01  3.02780762e+01
   4.55497684e-09  9.00000000e+00]]
2026-06-04 21:05:17 [DEBUG] 处理后检测输出形状: (0, 52)
2026-06-04 21:05:17 [DEBUG] 有效检测数量: 0
2026-06-04 21:05:17 [DEBUG] 检测输出为空
2026-06-04 21:05:17 [INFO] 掩码中检测到的类别: [0, 1, 2, 3, 4, 5, 6, 7, 8, 9, 10, 11, 12, 13, 14, 15]
2026-06-04 21:05:17 [INFO] 分割完成，检测到 0 个物体
2026-06-04 21:05:17 [INFO] 从分割掩码中提取检测结果
2026-06-04 21:05:18 [INFO] 从掩码中提取了 454 个检测框
2026-06-04 21:05:18 [INFO] 计算出的车框矩形边界: (1028, 618) to (3178, 1512)
2026-06-04 21:05:18 [INFO] 原始检测数: 454, 过滤后检测数: 206
2026-06-04 21:05:18 [INFO] 保存分割和检测结果到: C:\code\show\Scrap_Steel_In_Field\photos\segmentation\segment_20260604_210518.jpg
2026-06-04 21:05:18 [INFO] JSON结果保存到: C:\code\show\Scrap_Steel_In_Field\photos\segmentation_result.json
2026-06-04 21:05:18 [INFO] 类别统计：{0: 21, 1: 56, 2: 22, 3: 3, 4: 24, 5: 29, 6: 17, 7: 32, 8: 51, 9: 46, 10: 31, 11: 19, 12: 18, 13: 65, 14: 0, 15: 20}
2026-06-04 21:05:18 [INFO] 面积统计：{0: 3735180.0, 1: 589716.0, 2: 35100.0, 3: 136980.0, 4: 186768.0, 5: 54648.0, 6: 536184.0, 7: 38448.0, 8: 940572.0, 9: 151776.0, 10: 183348.0, 11: 352188.0, 12: 93708.0, 13: 754848.0, 14: 72.0, 15: 48888.0}
2026-06-04 21:05:18 [INFO] 分割成功
2026-06-04 21:05:18 [INFO] 引擎上下文已释放
2026-06-04 21:05:18 [INFO] TensorRT 引擎已释放
2026-06-04 21:05:18 [INFO] 全局 CUDA 资源已释放
2026-06-04 21:05:18 [INFO] 分割系统资源已释放
2026-06-04 21:05:23 [INFO] CUDA 初始化成功
2026-06-04 21:05:23 [INFO] 引擎加载成功: scrap_steel.engine
2026-06-04 21:05:23 [INFO] 分割系统初始化成功
2026-06-04 21:05:23 [INFO] 图像预处理完成，原始尺寸: (2160, 3840)
2026-06-04 21:05:23 [INFO] 开始执行分割...
2026-06-04 21:05:23 [DEBUG] 处理后的检测结果形状: (1, 8400, 6)
2026-06-04 21:05:23 [DEBUG] 示例检测结果: [[-4.15435028e+00 -3.27790785e+00  3.93106804e+01  1.53252449e+01
   4.01143261e-08  5.00000000e+00]
 [-6.58287430e+00 -3.07729721e+00  4.47027473e+01  2.97219887e+01
   9.82228698e-09  9.00000000e+00]
 [-3.57674026e+00 -3.45614433e+00  4.59106674e+01  3.03314762e+01
   4.62296157e-09  9.00000000e+00]]
2026-06-04 21:05:23 [DEBUG] 处理后检测输出形状: (0, 52)
2026-06-04 21:05:23 [DEBUG] 有效检测数量: 0
2026-06-04 21:05:23 [DEBUG] 检测输出为空
2026-06-04 21:05:23 [INFO] 掩码中检测到的类别: [0, 1, 2, 3, 4, 5, 6, 7, 8, 9, 10, 11, 12, 13, 14, 15]
2026-06-04 21:05:23 [INFO] 分割完成，检测到 0 个物体
2026-06-04 21:05:23 [INFO] 从分割掩码中提取检测结果
2026-06-04 21:05:23 [INFO] 从掩码中提取了 411 个检测框
2026-06-04 21:05:23 [INFO] 计算出的车框矩形边界: (1027, 617) to (3175, 1519)
2026-06-04 21:05:23 [INFO] 原始检测数: 411, 过滤后检测数: 192
2026-06-04 21:05:24 [INFO] 保存分割和检测结果到: C:\code\show\Scrap_Steel_In_Field\photos\segmentation\segment_20260604_210523.jpg
2026-06-04 21:05:24 [INFO] JSON结果保存到: C:\code\show\Scrap_Steel_In_Field\photos\segmentation_result.json
2026-06-04 21:05:24 [INFO] 类别统计：{0: 14, 1: 56, 2: 20, 3: 2, 4: 24, 5: 26, 6: 17, 7: 25, 8: 38, 9: 46, 10: 27, 11: 17, 12: 23, 13: 55, 14: 0, 15: 21}
2026-06-04 21:05:24 [INFO] 面积统计：{0: 3906540.0, 1: 578772.0, 2: 36972.0, 3: 134964.0, 4: 186696.0, 5: 51624.0, 6: 524844.0, 7: 36504.0, 8: 938592.0, 9: 137952.0, 10: 174492.0, 11: 347472.0, 12: 95904.0, 13: 772164.0, 14: 36.0, 15: 51120.0}
2026-06-04 21:05:24 [INFO] 分割成功
2026-06-04 21:05:24 [INFO] 引擎上下文已释放
2026-06-04 21:05:24 [INFO] TensorRT 引擎已释放
2026-06-04 21:05:24 [INFO] 全局 CUDA 资源已释放
2026-06-04 21:05:24 [INFO] 分割系统资源已释放
2026-06-04 21:05:28 [INFO] CUDA 初始化成功
2026-06-04 21:05:28 [INFO] 引擎加载成功: scrap_steel.engine
2026-06-04 21:05:28 [INFO] 分割系统初始化成功
2026-06-04 21:05:28 [INFO] 图像预处理完成，原始尺寸: (2160, 3840)
2026-06-04 21:05:28 [INFO] 开始执行分割...
2026-06-04 21:05:28 [DEBUG] 处理后的检测结果形状: (1, 8400, 6)
2026-06-04 21:05:28 [DEBUG] 示例检测结果: [[-4.12099838e+00 -3.24936771e+00  3.92234879e+01  1.52856188e+01
   4.09236804e-08  5.00000000e+00]
 [-6.56984711e+00 -3.04961395e+00  4.48089905e+01  2.98229485e+01
   1.00871631e-08  9.00000000e+00]
 [-3.57622528e+00 -3.48075294e+00  4.60060616e+01  3.04635105e+01
   4.69094630e-09  9.00000000e+00]]
2026-06-04 21:05:28 [DEBUG] 处理后检测输出形状: (0, 52)
2026-06-04 21:05:28 [DEBUG] 有效检测数量: 0
2026-06-04 21:05:28 [DEBUG] 检测输出为空
2026-06-04 21:05:28 [INFO] 掩码中检测到的类别: [0, 1, 2, 3, 4, 5, 6, 7, 8, 9, 10, 11, 12, 13, 14, 15]
2026-06-04 21:05:28 [INFO] 分割完成，检测到 0 个物体
2026-06-04 21:05:28 [INFO] 从分割掩码中提取检测结果
2026-06-04 21:05:28 [INFO] 从掩码中提取了 427 个检测框
2026-06-04 21:05:28 [INFO] 计算出的车框矩形边界: (1027, 618) to (3175, 1519)
2026-06-04 21:05:28 [INFO] 原始检测数: 427, 过滤后检测数: 209
2026-06-04 21:05:29 [INFO] 保存分割和检测结果到: C:\code\show\Scrap_Steel_In_Field\photos\segmentation\segment_20260604_210528.jpg
2026-06-04 21:05:29 [INFO] JSON结果保存到: C:\code\show\Scrap_Steel_In_Field\photos\segmentation_result.json
2026-06-04 21:05:29 [INFO] 类别统计：{0: 13, 1: 52, 2: 22, 3: 5, 4: 23, 5: 26, 6: 19, 7: 32, 8: 45, 9: 47, 10: 31, 11: 14, 12: 21, 13: 62, 14: 0, 15: 15}
2026-06-04 21:05:29 [INFO] 面积统计：{0: 3698568.0, 1: 615276.0, 2: 35676.0, 3: 131616.0, 4: 174168.0, 5: 45684.0, 6: 509364.0, 7: 35424.0, 8: 922896.0, 9: 157608.0, 10: 179568.0, 11: 344700.0, 12: 92196.0, 13: 743148.0, 14: 36.0, 15: 45000.0}
2026-06-04 21:05:29 [INFO] 分割成功
2026-06-04 21:05:29 [INFO] 引擎上下文已释放
2026-06-04 21:05:29 [INFO] TensorRT 引擎已释放
2026-06-04 21:05:29 [INFO] 全局 CUDA 资源已释放
2026-06-04 21:05:29 [INFO] 分割系统资源已释放
2026-06-04 21:05:33 [INFO] CUDA 初始化成功
2026-06-04 21:05:33 [INFO] 引擎加载成功: scrap_steel.engine
2026-06-04 21:05:33 [INFO] 分割系统初始化成功
2026-06-04 21:05:33 [INFO] 图像预处理完成，原始尺寸: (2160, 3840)
2026-06-04 21:05:33 [INFO] 开始执行分割...
2026-06-04 21:05:33 [DEBUG] 处理后的检测结果形状: (1, 8400, 6)
2026-06-04 21:05:33 [DEBUG] 示例检测结果: [[-4.15528870e+00 -3.28679085e+00  3.90873413e+01  1.53037319e+01
   3.88741057e-08  5.00000000e+00]
 [-6.58264923e+00 -3.09991741e+00  4.46441727e+01  2.97094383e+01
   9.57522062e-09  9.00000000e+00]
 [-3.60151291e+00 -3.51173878e+00  4.59334984e+01  3.02883034e+01
   4.48578241e-09  9.00000000e+00]]
2026-06-04 21:05:33 [DEBUG] 处理后检测输出形状: (0, 52)
2026-06-04 21:05:33 [DEBUG] 有效检测数量: 0
2026-06-04 21:05:33 [DEBUG] 检测输出为空
2026-06-04 21:05:33 [INFO] 掩码中检测到的类别: [0, 1, 2, 3, 4, 5, 6, 7, 8, 9, 10, 11, 12, 13, 14, 15]
2026-06-04 21:05:33 [INFO] 分割完成，检测到 0 个物体
2026-06-04 21:05:33 [INFO] 从分割掩码中提取检测结果
2026-06-04 21:05:34 [INFO] 从掩码中提取了 424 个检测框
2026-06-04 21:05:34 [INFO] 计算出的车框矩形边界: (1026, 619) to (3178, 1512)
2026-06-04 21:05:34 [INFO] 原始检测数: 424, 过滤后检测数: 192
2026-06-04 21:05:34 [INFO] 保存分割和检测结果到: C:\code\show\Scrap_Steel_In_Field\photos\segmentation\segment_20260604_210534.jpg
2026-06-04 21:05:34 [INFO] JSON结果保存到: C:\code\show\Scrap_Steel_In_Field\photos\segmentation_result.json
2026-06-04 21:05:34 [INFO] 类别统计：{0: 21, 1: 52, 2: 24, 3: 2, 4: 19, 5: 21, 6: 17, 7: 25, 8: 42, 9: 52, 10: 27, 11: 14, 12: 24, 13: 58, 14: 0, 15: 26}
2026-06-04 21:05:34 [INFO] 面积统计：{0: 3857184.0, 1: 597492.0, 2: 33588.0, 3: 131544.0, 4: 176616.0, 5: 53064.0, 6: 496764.0, 7: 33588.0, 8: 964548.0, 9: 151740.0, 10: 185184.0, 11: 347544.0, 12: 96012.0, 13: 733284.0, 14: 36.0, 15: 51516.0}
2026-06-04 21:05:34 [INFO] 分割成功
2026-06-04 21:05:34 [INFO] 引擎上下文已释放
2026-06-04 21:05:34 [INFO] TensorRT 引擎已释放
2026-06-04 21:05:34 [INFO] 全局 CUDA 资源已释放
2026-06-04 21:05:34 [INFO] 分割系统资源已释放
2026-06-04 21:05:38 [INFO] CUDA 初始化成功
2026-06-04 21:05:39 [INFO] 引擎加载成功: scrap_steel.engine
2026-06-04 21:05:39 [INFO] 分割系统初始化成功
2026-06-04 21:05:39 [INFO] 图像预处理完成，原始尺寸: (2160, 3840)
2026-06-04 21:05:39 [INFO] 开始执行分割...
2026-06-04 21:05:39 [DEBUG] 处理后的检测结果形状: (1, 8400, 6)
2026-06-04 21:05:39 [DEBUG] 示例检测结果: [[-4.13520813e+00 -3.26283121e+00  3.91630707e+01  1.53539219e+01
   4.07558574e-08  5.00000000e+00]
 [-6.56490326e+00 -3.04992867e+00  4.47277184e+01  2.98514194e+01
   9.93547644e-09  9.00000000e+00]
 [-3.58264542e+00 -3.46809292e+00  4.59683266e+01  3.04262543e+01
   4.69094630e-09  9.00000000e+00]]
2026-06-04 21:05:39 [DEBUG] 处理后检测输出形状: (0, 52)
2026-06-04 21:05:39 [DEBUG] 有效检测数量: 0
2026-06-04 21:05:39 [DEBUG] 检测输出为空
2026-06-04 21:05:39 [INFO] 掩码中检测到的类别: [0, 1, 2, 3, 4, 5, 6, 7, 8, 9, 10, 11, 12, 13, 14, 15]
2026-06-04 21:05:39 [INFO] 分割完成，检测到 0 个物体
2026-06-04 21:05:39 [INFO] 从分割掩码中提取检测结果
2026-06-04 21:05:39 [INFO] 从掩码中提取了 417 个检测框
2026-06-04 21:05:39 [INFO] 计算出的车框矩形边界: (1028, 617) to (3178, 1512)
2026-06-04 21:05:39 [INFO] 原始检测数: 417, 过滤后检测数: 186
2026-06-04 21:05:40 [INFO] 保存分割和检测结果到: C:\code\show\Scrap_Steel_In_Field\photos\segmentation\segment_20260604_210539.jpg
2026-06-04 21:05:40 [INFO] JSON结果保存到: C:\code\show\Scrap_Steel_In_Field\photos\segmentation_result.json
2026-06-04 21:05:40 [INFO] 类别统计：{0: 19, 1: 46, 2: 22, 3: 2, 4: 28, 5: 28, 6: 14, 7: 28, 8: 45, 9: 48, 10: 23, 11: 10, 12: 20, 13: 62, 14: 0, 15: 22}
2026-06-04 21:05:40 [INFO] 面积统计：{0: 3621672.0, 1: 636300.0, 2: 39672.0, 3: 132696.0, 4: 165528.0, 5: 44136.0, 6: 533952.0, 7: 39096.0, 8: 938484.0, 9: 162684.0, 10: 181152.0, 11: 343620.0, 12: 106056.0, 13: 754812.0, 14: 36.0, 15: 44136.0}
2026-06-04 21:05:40 [INFO] 分割成功
2026-06-04 21:05:40 [INFO] 引擎上下文已释放
2026-06-04 21:05:40 [INFO] TensorRT 引擎已释放
2026-06-04 21:05:40 [INFO] 全局 CUDA 资源已释放
2026-06-04 21:05:40 [INFO] 分割系统资源已释放
2026-06-04 21:05:44 [INFO] CUDA 初始化成功
2026-06-04 21:05:44 [INFO] 引擎加载成功: scrap_steel.engine
2026-06-04 21:05:44 [INFO] 分割系统初始化成功
2026-06-04 21:05:44 [INFO] 图像预处理完成，原始尺寸: (2160, 3840)
2026-06-04 21:05:44 [INFO] 开始执行分割...
2026-06-04 21:05:44 [DEBUG] 处理后的检测结果形状: (1, 8400, 6)
2026-06-04 21:05:44 [DEBUG] 示例检测结果: [[-4.18334579e+00 -3.27632284e+00  3.92670174e+01  1.53407421e+01
   3.85800227e-08  5.00000000e+00]
 [-6.57278824e+00 -3.07533836e+00  4.46848679e+01  2.98789310e+01
   9.85963311e-09  9.00000000e+00]
 [-3.57964706e+00 -3.52833557e+00  4.59812927e+01  3.05611992e+01
   4.55323779e-09  9.00000000e+00]]
2026-06-04 21:05:44 [DEBUG] 处理后检测输出形状: (0, 52)
2026-06-04 21:05:44 [DEBUG] 有效检测数量: 0
2026-06-04 21:05:44 [DEBUG] 检测输出为空
2026-06-04 21:05:44 [INFO] 掩码中检测到的类别: [0, 1, 2, 3, 4, 5, 6, 7, 8, 9, 10, 11, 12, 13, 15]
2026-06-04 21:05:44 [INFO] 分割完成，检测到 0 个物体
2026-06-04 21:05:44 [INFO] 从分割掩码中提取检测结果
2026-06-04 21:05:44 [INFO] 从掩码中提取了 409 个检测框
2026-06-04 21:05:44 [ERROR] 保存结果失败: 'NoneType' object has no attribute 'astype'
2026-06-04 21:05:44 [INFO] 分割成功
2026-06-04 21:05:44 [INFO] 引擎上下文已释放
2026-06-04 21:05:44 [INFO] TensorRT 引擎已释放
2026-06-04 21:05:44 [INFO] 全局 CUDA 资源已释放
2026-06-04 21:05:44 [INFO] 分割系统资源已释放
2026-06-04 21:05:49 [INFO] CUDA 初始化成功
2026-06-04 21:05:49 [INFO] 引擎加载成功: scrap_steel.engine
2026-06-04 21:05:49 [INFO] 分割系统初始化成功
2026-06-04 21:05:49 [INFO] 图像预处理完成，原始尺寸: (2160, 3840)
2026-06-04 21:05:49 [INFO] 开始执行分割...
2026-06-04 21:05:49 [DEBUG] 处理后的检测结果形状: (1, 8400, 6)
2026-06-04 21:05:49 [DEBUG] 示例检测结果: [[-4.13540649e+00 -3.30379248e+00  3.99401131e+01  1.55896244e+01
   4.14247303e-08  5.00000000e+00]
 [-6.52117538e+00 -3.04459667e+00  4.52965965e+01  3.02726479e+01
   1.02836459e-08  9.00000000e+00]
 [-3.52987671e+00 -3.48385239e+00  4.62911110e+01  3.09798546e+01
   4.76139128e-09  9.00000000e+00]]
2026-06-04 21:05:49 [DEBUG] 处理后检测输出形状: (0, 52)
2026-06-04 21:05:49 [DEBUG] 有效检测数量: 0
2026-06-04 21:05:49 [DEBUG] 检测输出为空
2026-06-04 21:05:49 [INFO] 掩码中检测到的类别: [0, 1, 2, 3, 4, 5, 6, 7, 8, 9, 10, 11, 12, 13, 14, 15]
2026-06-04 21:05:49 [INFO] 分割完成，检测到 0 个物体
2026-06-04 21:05:49 [INFO] 从分割掩码中提取检测结果
2026-06-04 21:05:49 [INFO] 从掩码中提取了 393 个检测框
2026-06-04 21:05:49 [INFO] 计算出的车框矩形边界: (1029, 617) to (3180, 1517)
2026-06-04 21:05:49 [INFO] 原始检测数: 393, 过滤后检测数: 168
2026-06-04 21:05:50 [INFO] 保存分割和检测结果到: C:\code\show\Scrap_Steel_In_Field\photos\segmentation\segment_20260604_210549.jpg
2026-06-04 21:05:50 [INFO] JSON结果保存到: C:\code\show\Scrap_Steel_In_Field\photos\segmentation_result.json
2026-06-04 21:05:50 [INFO] 类别统计：{0: 14, 1: 42, 2: 20, 3: 5, 4: 25, 5: 23, 6: 18, 7: 16, 8: 40, 9: 34, 10: 20, 11: 10, 12: 18, 13: 89, 14: 0, 15: 19}
2026-06-04 21:05:50 [INFO] 面积统计：{0: 3328920.0, 1: 598104.0, 2: 33444.0, 3: 145476.0, 4: 213372.0, 5: 32328.0, 6: 529632.0, 7: 25704.0, 8: 1022724.0, 9: 176472.0, 10: 167220.0, 11: 308916.0, 12: 90576.0, 13: 936468.0, 14: 36.0, 15: 73764.0}
2026-06-04 21:05:50 [INFO] 分割成功
2026-06-04 21:05:50 [INFO] 引擎上下文已释放
2026-06-04 21:05:50 [INFO] TensorRT 引擎已释放
2026-06-04 21:05:50 [INFO] 全局 CUDA 资源已释放
2026-06-04 21:05:50 [INFO] 分割系统资源已释放
2026-06-04 21:05:55 [INFO] CUDA 初始化成功
2026-06-04 21:05:55 [INFO] 引擎加载成功: scrap_steel.engine
2026-06-04 21:05:55 [INFO] 分割系统初始化成功
2026-06-04 21:05:55 [INFO] 图像预处理完成，原始尺寸: (2160, 3840)
2026-06-04 21:05:55 [INFO] 开始执行分割...
2026-06-04 21:05:55 [DEBUG] 处理后的检测结果形状: (1, 8400, 6)
2026-06-04 21:05:55 [DEBUG] 示例检测结果: [[-4.13249207e+00 -3.23462296e+00  3.93732338e+01  1.52710171e+01
   3.94998025e-08  5.00000000e+00]
 [-6.62841034e+00 -3.04157162e+00  4.48206444e+01  2.97192421e+01
   9.74575087e-09  9.00000000e+00]
 [-3.58756638e+00 -3.42893028e+00  4.60075378e+01  3.03554745e+01
   4.51951010e-09  9.00000000e+00]]
2026-06-04 21:05:55 [DEBUG] 处理后检测输出形状: (0, 52)
2026-06-04 21:05:55 [DEBUG] 有效检测数量: 0
2026-06-04 21:05:55 [DEBUG] 检测输出为空
2026-06-04 21:05:55 [INFO] 掩码中检测到的类别: [0, 1, 2, 3, 4, 5, 6, 7, 8, 9, 10, 11, 12, 13, 14, 15]
2026-06-04 21:05:55 [INFO] 分割完成，检测到 0 个物体
2026-06-04 21:05:55 [INFO] 从分割掩码中提取检测结果
2026-06-04 21:05:55 [INFO] 从掩码中提取了 422 个检测框
2026-06-04 21:05:55 [INFO] 计算出的车框矩形边界: (1027, 618) to (3178, 1514)
2026-06-04 21:05:55 [INFO] 原始检测数: 422, 过滤后检测数: 209
2026-06-04 21:05:56 [INFO] 保存分割和检测结果到: C:\code\show\Scrap_Steel_In_Field\photos\segmentation\segment_20260604_210555.jpg
2026-06-04 21:05:56 [INFO] JSON结果保存到: C:\code\show\Scrap_Steel_In_Field\photos\segmentation_result.json
2026-06-04 21:05:56 [INFO] 类别统计：{0: 21, 1: 53, 2: 22, 3: 4, 4: 25, 5: 24, 6: 18, 7: 28, 8: 44, 9: 45, 10: 31, 11: 16, 12: 20, 13: 48, 14: 0, 15: 23}
2026-06-04 21:05:56 [INFO] 面积统计：{0: 3673332.0, 1: 606996.0, 2: 36324.0, 3: 137520.0, 4: 179892.0, 5: 39420.0, 6: 508608.0, 7: 36684.0, 8: 919548.0, 9: 154152.0, 10: 173016.0, 11: 341532.0, 12: 87516.0, 13: 761112.0, 14: 36.0, 15: 49248.0}
2026-06-04 21:05:56 [INFO] 分割成功
2026-06-04 21:05:56 [INFO] 引擎上下文已释放
2026-06-04 21:05:56 [INFO] TensorRT 引擎已释放
2026-06-04 21:05:56 [INFO] 全局 CUDA 资源已释放
2026-06-04 21:05:56 [INFO] 分割系统资源已释放
2026-06-04 21:05:59 [INFO] CUDA 初始化成功
2026-06-04 21:05:59 [INFO] 引擎加载成功: scrap_steel.engine
2026-06-04 21:05:59 [INFO] 分割系统初始化成功
2026-06-04 21:05:59 [INFO] 图像预处理完成，原始尺寸: (2160, 3840)
2026-06-04 21:05:59 [INFO] 开始执行分割...
2026-06-04 21:05:59 [DEBUG] 处理后的检测结果形状: (1, 8400, 6)
2026-06-04 21:05:59 [DEBUG] 示例检测结果: [[-4.10650635e+00 -3.28953171e+00  3.97454567e+01  1.54022312e+01
   3.98299882e-08  5.00000000e+00]
 [-6.52860260e+00 -3.07705688e+00  4.51240463e+01  3.01495018e+01
   9.91403581e-09  9.00000000e+00]
 [-3.56710815e+00 -3.49931908e+00  4.61597672e+01  3.08542385e+01
   4.61891858e-09  9.00000000e+00]]
2026-06-04 21:05:59 [DEBUG] 处理后检测输出形状: (0, 52)
2026-06-04 21:05:59 [DEBUG] 有效检测数量: 0
2026-06-04 21:05:59 [DEBUG] 检测输出为空
2026-06-04 21:05:59 [INFO] 掩码中检测到的类别: [0, 1, 2, 3, 4, 5, 6, 7, 8, 9, 10, 11, 12, 13, 15]
2026-06-04 21:06:00 [INFO] 分割完成，检测到 0 个物体
2026-06-04 21:06:00 [INFO] 从分割掩码中提取检测结果
2026-06-04 21:06:00 [INFO] 从掩码中提取了 447 个检测框
2026-06-04 21:06:00 [ERROR] 保存结果失败: 'NoneType' object has no attribute 'astype'
2026-06-04 21:06:00 [INFO] 分割成功
2026-06-04 21:06:00 [INFO] 引擎上下文已释放
2026-06-04 21:06:00 [INFO] TensorRT 引擎已释放
2026-06-04 21:06:00 [INFO] 全局 CUDA 资源已释放
2026-06-04 21:06:00 [INFO] 分割系统资源已释放
2026-06-04 21:06:04 [INFO] CUDA 初始化成功
2026-06-04 21:06:04 [INFO] 引擎加载成功: scrap_steel.engine
2026-06-04 21:06:04 [INFO] 分割系统初始化成功
2026-06-04 21:06:04 [INFO] 图像预处理完成，原始尺寸: (2160, 3840)
2026-06-04 21:06:04 [INFO] 开始执行分割...
2026-06-04 21:06:05 [DEBUG] 处理后的检测结果形状: (1, 8400, 6)
2026-06-04 21:06:05 [DEBUG] 示例检测结果: [[-4.16680908e+00 -3.25146866e+00  3.96110268e+01  1.52486553e+01
   3.73907625e-08  5.00000000e+00]
 [-6.59594727e+00 -3.11354065e+00  4.51236954e+01  3.00687332e+01
   9.70510072e-09  9.00000000e+00]
 [-3.53588104e+00 -3.42016411e+00  4.60706329e+01  3.05801411e+01
   4.54656046e-09  9.00000000e+00]]
2026-06-04 21:06:05 [DEBUG] 处理后检测输出形状: (2, 52)
2026-06-04 21:06:05 [DEBUG] 有效检测数量: 2
2026-06-04 21:06:05 [DEBUG] 最大置信度: 0.0836, 平均置信度: 0.0759
2026-06-04 21:06:05 [INFO] 掩码中检测到的类别: [0, 1, 2, 3, 4, 5, 6, 7, 8, 9, 10, 11, 12, 13, 15]
2026-06-04 21:06:05 [INFO] 分割完成，检测到 0 个物体
2026-06-04 21:06:05 [INFO] 从分割掩码中提取检测结果
2026-06-04 21:06:05 [INFO] 从掩码中提取了 389 个检测框
2026-06-04 21:06:05 [ERROR] 保存结果失败: 'NoneType' object has no attribute 'astype'
2026-06-04 21:06:05 [INFO] 分割成功
2026-06-04 21:06:05 [INFO] 引擎上下文已释放
2026-06-04 21:06:05 [INFO] TensorRT 引擎已释放
2026-06-04 21:06:05 [INFO] 全局 CUDA 资源已释放
2026-06-04 21:06:05 [INFO] 分割系统资源已释放
2026-06-04 21:06:10 [INFO] CUDA 初始化成功
2026-06-04 21:06:10 [INFO] 引擎加载成功: scrap_steel.engine
2026-06-04 21:06:10 [INFO] 分割系统初始化成功
2026-06-04 21:06:10 [INFO] 图像预处理完成，原始尺寸: (2160, 3840)
2026-06-04 21:06:10 [INFO] 开始执行分割...
2026-06-04 21:06:10 [DEBUG] 处理后的检测结果形状: (1, 8400, 6)
2026-06-04 21:06:10 [DEBUG] 示例检测结果: [[-4.11734009e+00 -3.23768902e+00  3.92120819e+01  1.52233896e+01
   4.01143261e-08  5.00000000e+00]
 [-6.55024719e+00 -3.02439308e+00  4.47711868e+01  2.97806759e+01
   9.89684779e-09  9.00000000e+00]
 [-3.58470154e+00 -3.43924618e+00  4.60099258e+01  3.04366302e+01
   4.60484273e-09  9.00000000e+00]]
2026-06-04 21:06:10 [DEBUG] 处理后检测输出形状: (0, 52)
2026-06-04 21:06:10 [DEBUG] 有效检测数量: 0
2026-06-04 21:06:10 [DEBUG] 检测输出为空
2026-06-04 21:06:10 [INFO] 掩码中检测到的类别: [0, 1, 2, 3, 4, 5, 6, 7, 8, 9, 10, 11, 12, 13, 14, 15]
2026-06-04 21:06:10 [INFO] 分割完成，检测到 0 个物体
2026-06-04 21:06:10 [INFO] 从分割掩码中提取检测结果
2026-06-04 21:06:10 [INFO] 从掩码中提取了 427 个检测框
2026-06-04 21:06:10 [INFO] 计算出的车框矩形边界: (1027, 616) to (3178, 1513)
2026-06-04 21:06:10 [INFO] 原始检测数: 427, 过滤后检测数: 188
2026-06-04 21:06:11 [INFO] 保存分割和检测结果到: C:\code\show\Scrap_Steel_In_Field\photos\segmentation\segment_20260604_210610.jpg
2026-06-04 21:06:11 [INFO] JSON结果保存到: C:\code\show\Scrap_Steel_In_Field\photos\segmentation_result.json
2026-06-04 21:06:11 [INFO] 类别统计：{0: 13, 1: 52, 2: 20, 3: 3, 4: 23, 5: 28, 6: 16, 7: 31, 8: 45, 9: 55, 10: 22, 11: 14, 12: 19, 13: 62, 14: 0, 15: 24}
2026-06-04 21:06:11 [INFO] 面积统计：{0: 3606732.0, 1: 647892.0, 2: 33156.0, 3: 136044.0, 4: 167760.0, 5: 43380.0, 6: 490140.0, 7: 41832.0, 8: 889956.0, 9: 168048.0, 10: 175104.0, 11: 323676.0, 12: 93492.0, 13: 767520.0, 14: 36.0, 15: 43200.0}
2026-06-04 21:06:11 [INFO] 分割成功
2026-06-04 21:06:11 [INFO] 引擎上下文已释放
2026-06-04 21:06:11 [INFO] TensorRT 引擎已释放
2026-06-04 21:06:11 [INFO] 全局 CUDA 资源已释放
2026-06-04 21:06:11 [INFO] 分割系统资源已释放
2026-06-04 21:06:15 [INFO] CUDA 初始化成功
2026-06-04 21:06:15 [INFO] 引擎加载成功: scrap_steel.engine
2026-06-04 21:06:15 [INFO] 分割系统初始化成功
2026-06-04 21:06:15 [INFO] 图像预处理完成，原始尺寸: (2160, 3840)
2026-06-04 21:06:15 [INFO] 开始执行分割...
2026-06-04 21:06:15 [DEBUG] 处理后的检测结果形状: (1, 8400, 6)
2026-06-04 21:06:15 [DEBUG] 示例检测结果: [[-4.14572144e+00 -3.25374126e+00  3.91350479e+01  1.52142172e+01
   4.01143261e-08  5.00000000e+00]
 [-6.56937790e+00 -3.06096172e+00  4.46490669e+01  2.97665100e+01
   9.70675984e-09  9.00000000e+00]
 [-3.57421875e+00 -3.45275497e+00  4.59124222e+01  3.03444481e+01
   4.53381688e-09  9.00000000e+00]]
2026-06-04 21:06:15 [DEBUG] 处理后检测输出形状: (0, 52)
2026-06-04 21:06:15 [DEBUG] 有效检测数量: 0
2026-06-04 21:06:15 [DEBUG] 检测输出为空
2026-06-04 21:06:15 [INFO] 掩码中检测到的类别: [0, 1, 2, 3, 4, 5, 6, 7, 8, 9, 10, 11, 12, 13, 14, 15]
2026-06-04 21:06:15 [INFO] 分割完成，检测到 0 个物体
2026-06-04 21:06:15 [INFO] 从分割掩码中提取检测结果
2026-06-04 21:06:15 [INFO] 从掩码中提取了 432 个检测框
2026-06-04 21:06:15 [INFO] 计算出的车框矩形边界: (1027, 618) to (3178, 1512)
2026-06-04 21:06:15 [INFO] 原始检测数: 432, 过滤后检测数: 193
2026-06-04 21:06:16 [INFO] 保存分割和检测结果到: C:\code\show\Scrap_Steel_In_Field\photos\segmentation\segment_20260604_210615.jpg
2026-06-04 21:06:16 [INFO] JSON结果保存到: C:\code\show\Scrap_Steel_In_Field\photos\segmentation_result.json
2026-06-04 21:06:16 [INFO] 类别统计：{0: 15, 1: 51, 2: 20, 3: 3, 4: 28, 5: 28, 6: 17, 7: 31, 8: 40, 9: 51, 10: 28, 11: 15, 12: 20, 13: 67, 14: 0, 15: 18}
2026-06-04 21:06:16 [INFO] 面积统计：{0: 3817620.0, 1: 612360.0, 2: 35532.0, 3: 132120.0, 4: 182844.0, 5: 47556.0, 6: 481644.0, 7: 39960.0, 8: 928980.0, 9: 158724.0, 10: 188280.0, 11: 334044.0, 12: 89964.0, 13: 735300.0, 14: 36.0, 15: 50364.0}
2026-06-04 21:06:16 [INFO] 分割成功
2026-06-04 21:06:16 [INFO] 引擎上下文已释放
2026-06-04 21:06:16 [INFO] TensorRT 引擎已释放
2026-06-04 21:06:16 [INFO] 全局 CUDA 资源已释放
2026-06-04 21:06:16 [INFO] 分割系统资源已释放
2026-06-04 21:06:20 [INFO] CUDA 初始化成功
2026-06-04 21:06:20 [INFO] 引擎加载成功: scrap_steel.engine
2026-06-04 21:06:20 [INFO] 分割系统初始化成功
2026-06-04 21:06:20 [INFO] 图像预处理完成，原始尺寸: (2160, 3840)
2026-06-04 21:06:20 [INFO] 开始执行分割...
2026-06-04 21:06:20 [DEBUG] 处理后的检测结果形状: (1, 8400, 6)
2026-06-04 21:06:20 [DEBUG] 示例检测结果: [[-4.15405273e+00 -3.29283810e+00  3.90912476e+01  1.54118643e+01
   3.88741057e-08  5.00000000e+00]
 [-6.50199890e+00 -3.09178829e+00  4.45198135e+01  2.98450813e+01
   9.50076462e-09  9.00000000e+00]
 [-3.53231812e+00 -3.51556110e+00  4.58828049e+01  3.03800850e+01
   4.50326532e-09  9.00000000e+00]]
2026-06-04 21:06:20 [DEBUG] 处理后检测输出形状: (0, 52)
2026-06-04 21:06:20 [DEBUG] 有效检测数量: 0
2026-06-04 21:06:20 [DEBUG] 检测输出为空
2026-06-04 21:06:20 [INFO] 掩码中检测到的类别: [0, 1, 2, 3, 4, 5, 6, 7, 8, 9, 10, 11, 12, 13, 14, 15]
2026-06-04 21:06:20 [INFO] 分割完成，检测到 0 个物体
2026-06-04 21:06:20 [INFO] 从分割掩码中提取检测结果
2026-06-04 21:06:21 [INFO] 从掩码中提取了 445 个检测框
2026-06-04 21:06:21 [INFO] 计算出的车框矩形边界: (1027, 618) to (3178, 1513)
2026-06-04 21:06:21 [INFO] 原始检测数: 445, 过滤后检测数: 207
2026-06-04 21:06:21 [INFO] 保存分割和检测结果到: C:\code\show\Scrap_Steel_In_Field\photos\segmentation\segment_20260604_210621.jpg
2026-06-04 21:06:21 [INFO] JSON结果保存到: C:\code\show\Scrap_Steel_In_Field\photos\segmentation_result.json
2026-06-04 21:06:21 [INFO] 类别统计：{0: 14, 1: 58, 2: 23, 3: 2, 4: 20, 5: 29, 6: 15, 7: 32, 8: 47, 9: 53, 10: 24, 11: 17, 12: 22, 13: 70, 14: 0, 15: 19}
2026-06-04 21:06:21 [INFO] 面积统计：{0: 3684348.0, 1: 610524.0, 2: 34452.0, 3: 136656.0, 4: 176760.0, 5: 46224.0, 6: 497736.0, 7: 31752.0, 8: 944172.0, 9: 140688.0, 10: 187128.0, 11: 330768.0, 12: 87732.0, 13: 736200.0, 14: 36.0, 15: 37044.0}
2026-06-04 21:06:21 [INFO] 分割成功
2026-06-04 21:06:21 [INFO] 引擎上下文已释放
2026-06-04 21:06:21 [INFO] TensorRT 引擎已释放
2026-06-04 21:06:21 [INFO] 全局 CUDA 资源已释放
2026-06-04 21:06:21 [INFO] 分割系统资源已释放
2026-06-04 21:06:25 [INFO] CUDA 初始化成功
2026-06-04 21:06:25 [INFO] 引擎加载成功: scrap_steel.engine
2026-06-04 21:06:25 [INFO] 分割系统初始化成功
2026-06-04 21:06:25 [INFO] 图像预处理完成，原始尺寸: (2160, 3840)
2026-06-04 21:06:25 [INFO] 开始执行分割...
2026-06-04 21:06:25 [DEBUG] 处理后的检测结果形状: (1, 8400, 6)
2026-06-04 21:06:25 [DEBUG] 示例检测结果: [[-4.14663696e+00 -3.26473427e+00  3.91724625e+01  1.53468914e+01
   4.02702085e-08  5.00000000e+00]
 [-6.58552170e+00 -3.06313515e+00  4.46502037e+01  2.98049908e+01
   9.85963311e-09  9.00000000e+00]
 [-3.56400299e+00 -3.46702003e+00  4.59672928e+01  3.03915348e+01
   4.62296157e-09  9.00000000e+00]]
2026-06-04 21:06:25 [DEBUG] 处理后检测输出形状: (0, 52)
2026-06-04 21:06:25 [DEBUG] 有效检测数量: 0
2026-06-04 21:06:25 [DEBUG] 检测输出为空
2026-06-04 21:06:25 [INFO] 掩码中检测到的类别: [0, 1, 2, 3, 4, 5, 6, 7, 8, 9, 10, 11, 12, 13, 14, 15]
2026-06-04 21:06:25 [INFO] 分割完成，检测到 0 个物体
2026-06-04 21:06:25 [INFO] 从分割掩码中提取检测结果
2026-06-04 21:06:26 [INFO] 从掩码中提取了 421 个检测框
2026-06-04 21:06:26 [INFO] 计算出的车框矩形边界: (1028, 618) to (3178, 1512)
2026-06-04 21:06:26 [INFO] 原始检测数: 421, 过滤后检测数: 202
2026-06-04 21:06:26 [INFO] 保存分割和检测结果到: C:\code\show\Scrap_Steel_In_Field\photos\segmentation\segment_20260604_210626.jpg
2026-06-04 21:06:26 [INFO] JSON结果保存到: C:\code\show\Scrap_Steel_In_Field\photos\segmentation_result.json
2026-06-04 21:06:26 [INFO] 类别统计：{0: 13, 1: 47, 2: 24, 3: 3, 4: 23, 5: 28, 6: 19, 7: 29, 8: 42, 9: 55, 10: 23, 11: 18, 12: 17, 13: 61, 14: 0, 15: 19}
2026-06-04 21:06:26 [INFO] 面积统计：{0: 3786012.0, 1: 618156.0, 2: 34308.0, 3: 133740.0, 4: 172476.0, 5: 51408.0, 6: 505764.0, 7: 32436.0, 8: 942228.0, 9: 159372.0, 10: 185976.0, 11: 343836.0, 12: 91152.0, 13: 710640.0, 14: 72.0, 15: 51696.0}
2026-06-04 21:06:26 [INFO] 分割成功
2026-06-04 21:06:26 [INFO] 引擎上下文已释放
2026-06-04 21:06:26 [INFO] TensorRT 引擎已释放
2026-06-04 21:06:26 [INFO] 全局 CUDA 资源已释放
2026-06-04 21:06:26 [INFO] 分割系统资源已释放
2026-06-04 21:06:30 [INFO] CUDA 初始化成功
2026-06-04 21:06:30 [INFO] 引擎加载成功: scrap_steel.engine
2026-06-04 21:06:30 [INFO] 分割系统初始化成功
2026-06-04 21:06:30 [INFO] 图像预处理完成，原始尺寸: (2160, 3840)
2026-06-04 21:06:30 [INFO] 开始执行分割...
2026-06-04 21:06:30 [DEBUG] 处理后的检测结果形状: (1, 8400, 6)
2026-06-04 21:06:30 [DEBUG] 示例检测结果: [[-4.16384506e+00 -3.28890705e+00  3.93782616e+01  1.55162287e+01
   3.93302955e-08  5.00000000e+00]
 [-6.54410934e+00 -3.08016109e+00  4.47829933e+01  2.99514999e+01
   9.65127178e-09  9.00000000e+00]
 [-3.55509949e+00 -3.50043774e+00  4.59734039e+01  3.05021744e+01
   4.62296157e-09  9.00000000e+00]]
2026-06-04 21:06:30 [DEBUG] 处理后检测输出形状: (0, 52)
2026-06-04 21:06:30 [DEBUG] 有效检测数量: 0
2026-06-04 21:06:30 [DEBUG] 检测输出为空
2026-06-04 21:06:31 [INFO] 掩码中检测到的类别: [0, 1, 2, 3, 4, 5, 6, 7, 8, 9, 10, 11, 12, 13, 14, 15]
2026-06-04 21:06:31 [INFO] 分割完成，检测到 0 个物体
2026-06-04 21:06:31 [INFO] 从分割掩码中提取检测结果
2026-06-04 21:06:31 [INFO] 从掩码中提取了 441 个检测框
2026-06-04 21:06:31 [INFO] 计算出的车框矩形边界: (1027, 618) to (3178, 1513)
2026-06-04 21:06:31 [INFO] 原始检测数: 441, 过滤后检测数: 212
2026-06-04 21:06:31 [INFO] 保存分割和检测结果到: C:\code\show\Scrap_Steel_In_Field\photos\segmentation\segment_20260604_210631.jpg
2026-06-04 21:06:31 [INFO] JSON结果保存到: C:\code\show\Scrap_Steel_In_Field\photos\segmentation_result.json
2026-06-04 21:06:31 [INFO] 类别统计：{0: 15, 1: 44, 2: 23, 3: 1, 4: 24, 5: 28, 6: 20, 7: 29, 8: 52, 9: 47, 10: 26, 11: 19, 12: 22, 13: 70, 14: 0, 15: 21}
2026-06-04 21:06:31 [INFO] 面积统计：{0: 3698928.0, 1: 639072.0, 2: 30888.0, 3: 145224.0, 4: 176868.0, 5: 46764.0, 6: 506664.0, 7: 31752.0, 8: 951444.0, 9: 137916.0, 10: 178848.0, 11: 332532.0, 12: 91908.0, 13: 754560.0, 14: 36.0, 15: 86256.0}
2026-06-04 21:06:31 [INFO] 分割成功
2026-06-04 21:06:31 [INFO] 引擎上下文已释放
2026-06-04 21:06:31 [INFO] TensorRT 引擎已释放
2026-06-04 21:06:31 [INFO] 全局 CUDA 资源已释放
2026-06-04 21:06:31 [INFO] 分割系统资源已释放
2026-06-04 21:06:35 [INFO] CUDA 初始化成功
2026-06-04 21:06:35 [INFO] 引擎加载成功: scrap_steel.engine
2026-06-04 21:06:35 [INFO] 分割系统初始化成功
2026-06-04 21:06:36 [INFO] 图像预处理完成，原始尺寸: (2160, 3840)
2026-06-04 21:06:36 [INFO] 开始执行分割...
2026-06-04 21:06:36 [DEBUG] 处理后的检测结果形状: (1, 8400, 6)
2026-06-04 21:06:36 [DEBUG] 示例检测结果: [[-4.13772202e+00 -3.27623844e+00  3.91172409e+01  1.53398237e+01
   3.93302955e-08  5.00000000e+00]
 [-6.56698227e+00 -3.06829643e+00  4.46781082e+01  2.98001194e+01
   9.72690728e-09  9.00000000e+00]
 [-3.55406189e+00 -3.47175217e+00  4.59605103e+01  3.04155998e+01
   4.55323779e-09  9.00000000e+00]]
2026-06-04 21:06:36 [DEBUG] 处理后检测输出形状: (0, 52)
2026-06-04 21:06:36 [DEBUG] 有效检测数量: 0
2026-06-04 21:06:36 [DEBUG] 检测输出为空
2026-06-04 21:06:36 [INFO] 掩码中检测到的类别: [0, 1, 2, 3, 4, 5, 6, 7, 8, 9, 10, 11, 12, 13, 14, 15]
2026-06-04 21:06:36 [INFO] 分割完成，检测到 0 个物体
2026-06-04 21:06:36 [INFO] 从分割掩码中提取检测结果
2026-06-04 21:06:36 [INFO] 从掩码中提取了 413 个检测框
2026-06-04 21:06:36 [INFO] 计算出的车框矩形边界: (1028, 619) to (3178, 1513)
2026-06-04 21:06:36 [INFO] 原始检测数: 413, 过滤后检测数: 188
2026-06-04 21:06:37 [INFO] 保存分割和检测结果到: C:\code\show\Scrap_Steel_In_Field\photos\segmentation\segment_20260604_210636.jpg
2026-06-04 21:06:37 [INFO] JSON结果保存到: C:\code\show\Scrap_Steel_In_Field\photos\segmentation_result.json
2026-06-04 21:06:37 [INFO] 类别统计：{0: 17, 1: 50, 2: 22, 3: 4, 4: 23, 5: 30, 6: 13, 7: 27, 8: 40, 9: 45, 10: 22, 11: 15, 12: 19, 13: 66, 14: 0, 15: 20}
2026-06-04 21:06:37 [INFO] 面积统计：{0: 3710376.0, 1: 627048.0, 2: 35172.0, 3: 132984.0, 4: 180108.0, 5: 47232.0, 6: 526032.0, 7: 40284.0, 8: 918828.0, 9: 157788.0, 10: 179280.0, 11: 326916.0, 12: 95652.0, 13: 743976.0, 14: 36.0, 15: 48528.0}
2026-06-04 21:06:37 [INFO] 分割成功
2026-06-04 21:06:37 [INFO] 引擎上下文已释放
2026-06-04 21:06:37 [INFO] TensorRT 引擎已释放
2026-06-04 21:06:37 [INFO] 全局 CUDA 资源已释放
2026-06-04 21:06:37 [INFO] 分割系统资源已释放
2026-06-04 21:06:41 [INFO] CUDA 初始化成功
2026-06-04 21:06:41 [INFO] 引擎加载成功: scrap_steel.engine
2026-06-04 21:06:41 [INFO] 分割系统初始化成功
2026-06-04 21:06:41 [INFO] 图像预处理完成，原始尺寸: (2160, 3840)
2026-06-04 21:06:41 [INFO] 开始执行分割...
2026-06-04 21:06:41 [DEBUG] 处理后的检测结果形状: (1, 8400, 6)
2026-06-04 21:06:41 [DEBUG] 示例检测结果: [[-4.10503006e+00 -3.23301411e+00  3.91995277e+01  1.52803392e+01
   3.94837265e-08  5.00000000e+00]
 [-6.47434998e+00 -3.02966404e+00  4.46829605e+01  2.97427139e+01
   1.00161479e-08  9.00000000e+00]
 [-3.51043320e+00 -3.40393734e+00  4.59278870e+01  3.03400459e+01
   4.73239936e-09  9.00000000e+00]]
2026-06-04 21:06:41 [DEBUG] 处理后检测输出形状: (0, 52)
2026-06-04 21:06:41 [DEBUG] 有效检测数量: 0
2026-06-04 21:06:41 [DEBUG] 检测输出为空
2026-06-04 21:06:41 [INFO] 掩码中检测到的类别: [0, 1, 2, 3, 4, 5, 6, 7, 8, 9, 10, 11, 12, 13, 14, 15]
2026-06-04 21:06:41 [INFO] 分割完成，检测到 0 个物体
2026-06-04 21:06:41 [INFO] 从分割掩码中提取检测结果
2026-06-04 21:06:41 [INFO] 从掩码中提取了 438 个检测框
2026-06-04 21:06:41 [INFO] 计算出的车框矩形边界: (1028, 617) to (3178, 1513)
2026-06-04 21:06:41 [INFO] 原始检测数: 438, 过滤后检测数: 205
2026-06-04 21:06:42 [INFO] 保存分割和检测结果到: C:\code\show\Scrap_Steel_In_Field\photos\segmentation\segment_20260604_210641.jpg
2026-06-04 21:06:42 [INFO] JSON结果保存到: C:\code\show\Scrap_Steel_In_Field\photos\segmentation_result.json
2026-06-04 21:06:42 [INFO] 类别统计：{0: 21, 1: 50, 2: 25, 3: 2, 4: 21, 5: 28, 6: 20, 7: 27, 8: 39, 9: 56, 10: 22, 11: 20, 12: 18, 13: 61, 14: 0, 15: 28}
2026-06-04 21:06:42 [INFO] 面积统计：{0: 3689388.0, 1: 633096.0, 2: 34524.0, 3: 132588.0, 4: 175896.0, 5: 49716.0, 6: 507996.0, 7: 41184.0, 8: 916848.0, 9: 145476.0, 10: 185652.0, 11: 342684.0, 12: 94860.0, 13: 771480.0, 14: 36.0, 15: 53640.0}
2026-06-04 21:06:42 [INFO] 分割成功
2026-06-04 21:06:42 [INFO] 引擎上下文已释放
2026-06-04 21:06:42 [INFO] TensorRT 引擎已释放
2026-06-04 21:06:42 [INFO] 全局 CUDA 资源已释放
2026-06-04 21:06:42 [INFO] 分割系统资源已释放
2026-06-04 21:06:46 [INFO] CUDA 初始化成功
2026-06-04 21:06:46 [INFO] 引擎加载成功: scrap_steel.engine
2026-06-04 21:06:46 [INFO] 分割系统初始化成功
2026-06-04 21:06:46 [INFO] 图像预处理完成，原始尺寸: (2160, 3840)
2026-06-04 21:06:46 [INFO] 开始执行分割...
2026-06-04 21:06:46 [DEBUG] 处理后的检测结果形状: (1, 8400, 6)
2026-06-04 21:06:46 [DEBUG] 示例检测结果: [[-4.11602783e+00 -3.24513626e+00  3.93124847e+01  1.52762794e+01
   4.05969445e-08  5.00000000e+00]
 [-6.53583145e+00 -3.01713753e+00  4.47907372e+01  2.98197460e+01
   1.00923181e-08  9.00000000e+00]
 [-3.54293823e+00 -3.44089031e+00  4.60079422e+01  3.04806213e+01
   4.76448747e-09  9.00000000e+00]]
2026-06-04 21:06:46 [DEBUG] 处理后检测输出形状: (0, 52)
2026-06-04 21:06:46 [DEBUG] 有效检测数量: 0
2026-06-04 21:06:46 [DEBUG] 检测输出为空
2026-06-04 21:06:46 [INFO] 掩码中检测到的类别: [0, 1, 2, 3, 4, 5, 6, 7, 8, 9, 10, 11, 12, 13, 14, 15]
2026-06-04 21:06:46 [INFO] 分割完成，检测到 0 个物体
2026-06-04 21:06:46 [INFO] 从分割掩码中提取检测结果
2026-06-04 21:06:46 [INFO] 从掩码中提取了 407 个检测框
2026-06-04 21:06:46 [INFO] 计算出的车框矩形边界: (1027, 619) to (3178, 1514)
2026-06-04 21:06:46 [INFO] 原始检测数: 407, 过滤后检测数: 192
2026-06-04 21:06:47 [INFO] 保存分割和检测结果到: C:\code\show\Scrap_Steel_In_Field\photos\segmentation\segment_20260604_210646.jpg
2026-06-04 21:06:47 [INFO] JSON结果保存到: C:\code\show\Scrap_Steel_In_Field\photos\segmentation_result.json
2026-06-04 21:06:47 [INFO] 类别统计：{0: 12, 1: 48, 2: 23, 3: 3, 4: 24, 5: 27, 6: 13, 7: 30, 8: 35, 9: 47, 10: 28, 11: 14, 12: 17, 13: 67, 14: 0, 15: 19}
2026-06-04 21:06:47 [INFO] 面积统计：{0: 3613356.0, 1: 640836.0, 2: 38232.0, 3: 138528.0, 4: 163548.0, 5: 48852.0, 6: 519696.0, 7: 35028.0, 8: 891936.0, 9: 158112.0, 10: 186588.0, 11: 333432.0, 12: 89892.0, 13: 740052.0, 14: 72.0, 15: 45360.0}
2026-06-04 21:06:47 [INFO] 分割成功
2026-06-04 21:06:47 [INFO] 引擎上下文已释放
2026-06-04 21:06:47 [INFO] TensorRT 引擎已释放
2026-06-04 21:06:47 [INFO] 全局 CUDA 资源已释放
2026-06-04 21:06:47 [INFO] 分割系统资源已释放
2026-06-04 21:06:51 [INFO] CUDA 初始化成功
2026-06-04 21:06:51 [INFO] 引擎加载成功: scrap_steel.engine
2026-06-04 21:06:51 [INFO] 分割系统初始化成功
2026-06-04 21:06:51 [INFO] 图像预处理完成，原始尺寸: (2160, 3840)
2026-06-04 21:06:51 [INFO] 开始执行分割...
2026-06-04 21:06:51 [DEBUG] 处理后的检测结果形状: (1, 8400, 6)
2026-06-04 21:06:51 [DEBUG] 示例检测结果: [[-4.14751816e+00 -3.27742386e+00  3.92329330e+01  1.54527454e+01
   3.90251529e-08  5.00000000e+00]
 [-6.53458786e+00 -3.05582619e+00  4.47410583e+01  2.98494091e+01
   9.65127178e-09  9.00000000e+00]
 [-3.52195358e+00 -3.43127155e+00  4.59900856e+01  3.04083595e+01
   4.57098359e-09  9.00000000e+00]]
2026-06-04 21:06:51 [DEBUG] 处理后检测输出形状: (0, 52)
2026-06-04 21:06:51 [DEBUG] 有效检测数量: 0
2026-06-04 21:06:51 [DEBUG] 检测输出为空
2026-06-04 21:06:51 [INFO] 掩码中检测到的类别: [0, 1, 2, 3, 4, 5, 6, 7, 8, 9, 10, 11, 12, 13, 14, 15]
2026-06-04 21:06:51 [INFO] 分割完成，检测到 0 个物体
2026-06-04 21:06:51 [INFO] 从分割掩码中提取检测结果
2026-06-04 21:06:52 [INFO] 从掩码中提取了 421 个检测框
2026-06-04 21:06:52 [INFO] 计算出的车框矩形边界: (1027, 618) to (3178, 1512)
2026-06-04 21:06:52 [INFO] 原始检测数: 421, 过滤后检测数: 192
2026-06-04 21:06:52 [INFO] 保存分割和检测结果到: C:\code\show\Scrap_Steel_In_Field\photos\segmentation\segment_20260604_210652.jpg
2026-06-04 21:06:52 [INFO] JSON结果保存到: C:\code\show\Scrap_Steel_In_Field\photos\segmentation_result.json
2026-06-04 21:06:52 [INFO] 类别统计：{0: 13, 1: 49, 2: 21, 3: 3, 4: 21, 5: 27, 6: 16, 7: 34, 8: 41, 9: 51, 10: 24, 11: 16, 12: 21, 13: 65, 14: 0, 15: 19}
2026-06-04 21:06:52 [INFO] 面积统计：{0: 3679812.0, 1: 612612.0, 2: 33804.0, 3: 135504.0, 4: 161640.0, 5: 45936.0, 6: 526608.0, 7: 37728.0, 8: 926856.0, 9: 150480.0, 10: 176868.0, 11: 343404.0, 12: 91116.0, 13: 735624.0, 14: 36.0, 15: 52344.0}
2026-06-04 21:06:52 [INFO] 分割成功
2026-06-04 21:06:52 [INFO] 引擎上下文已释放
2026-06-04 21:06:52 [INFO] TensorRT 引擎已释放
2026-06-04 21:06:52 [INFO] 全局 CUDA 资源已释放
2026-06-04 21:06:52 [INFO] 分割系统资源已释放
2026-06-04 21:06:56 [INFO] CUDA 初始化成功
2026-06-04 21:06:56 [INFO] 引擎加载成功: scrap_steel.engine
2026-06-04 21:06:56 [INFO] 分割系统初始化成功
2026-06-04 21:06:56 [INFO] 图像预处理完成，原始尺寸: (2160, 3840)
2026-06-04 21:06:56 [INFO] 开始执行分割...
2026-06-04 21:06:56 [DEBUG] 处理后的检测结果形状: (1, 8400, 6)
2026-06-04 21:06:56 [DEBUG] 示例检测结果: [[-4.14767838e+00 -3.26491594e+00  3.92112236e+01  1.53745995e+01
   4.02702085e-08  5.00000000e+00]
 [-6.55609131e+00 -3.06141376e+00  4.46639404e+01  2.98090706e+01
   9.72690728e-09  9.00000000e+00]
 [-3.57176208e+00 -3.46787930e+00  4.59465179e+01  3.03794861e+01
   4.51798599e-09  9.00000000e+00]]
2026-06-04 21:06:56 [DEBUG] 处理后检测输出形状: (0, 52)
2026-06-04 21:06:56 [DEBUG] 有效检测数量: 0
2026-06-04 21:06:56 [DEBUG] 检测输出为空
2026-06-04 21:06:56 [INFO] 掩码中检测到的类别: [0, 1, 2, 3, 4, 5, 6, 7, 8, 9, 10, 11, 12, 13, 14, 15]
2026-06-04 21:06:56 [INFO] 分割完成，检测到 0 个物体
2026-06-04 21:06:56 [INFO] 从分割掩码中提取检测结果
2026-06-04 21:06:57 [INFO] 从掩码中提取了 433 个检测框
2026-06-04 21:06:57 [INFO] 计算出的车框矩形边界: (1028, 619) to (3178, 1513)
2026-06-04 21:06:57 [INFO] 原始检测数: 433, 过滤后检测数: 211
2026-06-04 21:06:57 [INFO] 保存分割和检测结果到: C:\code\show\Scrap_Steel_In_Field\photos\segmentation\segment_20260604_210657.jpg
2026-06-04 21:06:57 [INFO] JSON结果保存到: C:\code\show\Scrap_Steel_In_Field\photos\segmentation_result.json
2026-06-04 21:06:57 [INFO] 类别统计：{0: 31, 1: 49, 2: 24, 3: 4, 4: 26, 5: 27, 6: 16, 7: 28, 8: 36, 9: 45, 10: 23, 11: 16, 12: 19, 13: 68, 14: 0, 15: 21}
2026-06-04 21:06:57 [INFO] 面积统计：{0: 3720420.0, 1: 636156.0, 2: 34164.0, 3: 136476.0, 4: 162684.0, 5: 49428.0, 6: 509184.0, 7: 33084.0, 8: 951228.0, 9: 144612.0, 10: 184392.0, 11: 342288.0, 12: 95076.0, 13: 754668.0, 14: 36.0, 15: 50904.0}
2026-06-04 21:06:57 [INFO] 分割成功
2026-06-04 21:06:57 [INFO] 引擎上下文已释放
2026-06-04 21:06:57 [INFO] TensorRT 引擎已释放
2026-06-04 21:06:57 [INFO] 全局 CUDA 资源已释放
2026-06-04 21:06:57 [INFO] 分割系统资源已释放
2026-06-04 21:07:01 [INFO] CUDA 初始化成功
2026-06-04 21:07:01 [INFO] 引擎加载成功: scrap_steel.engine
2026-06-04 21:07:02 [INFO] 分割系统初始化成功
2026-06-04 21:07:02 [INFO] 图像预处理完成，原始尺寸: (2160, 3840)
2026-06-04 21:07:02 [INFO] 开始执行分割...
2026-06-04 21:07:02 [DEBUG] 处理后的检测结果形状: (1, 8400, 6)
2026-06-04 21:07:02 [DEBUG] 示例检测结果: [[-4.13397598e+00 -3.26606655e+00  3.91007690e+01  1.53454733e+01
   4.01143261e-08  5.00000000e+00]
 [-6.57838058e+00 -3.09944153e+00  4.46507912e+01  2.99453964e+01
   9.85963311e-09  9.00000000e+00]
 [-3.58135605e+00 -3.51037121e+00  4.59535866e+01  3.05043373e+01
   4.65695393e-09  9.00000000e+00]]
2026-06-04 21:07:02 [DEBUG] 处理后检测输出形状: (0, 52)
2026-06-04 21:07:02 [DEBUG] 有效检测数量: 0
2026-06-04 21:07:02 [DEBUG] 检测输出为空
2026-06-04 21:07:02 [INFO] 掩码中检测到的类别: [0, 1, 2, 3, 4, 5, 6, 7, 8, 9, 10, 11, 12, 13, 14, 15]
2026-06-04 21:07:02 [INFO] 分割完成，检测到 0 个物体
2026-06-04 21:07:02 [INFO] 从分割掩码中提取检测结果
2026-06-04 21:07:02 [INFO] 从掩码中提取了 445 个检测框
2026-06-04 21:07:02 [INFO] 计算出的车框矩形边界: (1027, 619) to (3178, 1513)
2026-06-04 21:07:02 [INFO] 原始检测数: 445, 过滤后检测数: 205
2026-06-04 21:07:03 [INFO] 保存分割和检测结果到: C:\code\show\Scrap_Steel_In_Field\photos\segmentation\segment_20260604_210702.jpg
2026-06-04 21:07:03 [INFO] JSON结果保存到: C:\code\show\Scrap_Steel_In_Field\photos\segmentation_result.json
2026-06-04 21:07:03 [INFO] 类别统计：{0: 26, 1: 45, 2: 22, 3: 3, 4: 19, 5: 28, 6: 18, 7: 26, 8: 48, 9: 51, 10: 23, 11: 18, 12: 21, 13: 68, 14: 0, 15: 29}
2026-06-04 21:07:03 [INFO] 面积统计：{0: 3697344.0, 1: 632232.0, 2: 36576.0, 3: 129636.0, 4: 164772.0, 5: 50436.0, 6: 510264.0, 7: 35676.0, 8: 939636.0, 9: 153864.0, 10: 176580.0, 11: 331416.0, 12: 95004.0, 13: 764280.0, 14: 36.0, 15: 40968.0}
2026-06-04 21:07:03 [INFO] 分割成功
2026-06-04 21:07:03 [INFO] 引擎上下文已释放
2026-06-04 21:07:03 [INFO] TensorRT 引擎已释放
2026-06-04 21:07:03 [INFO] 全局 CUDA 资源已释放
2026-06-04 21:07:03 [INFO] 分割系统资源已释放
2026-06-04 21:07:07 [INFO] CUDA 初始化成功
2026-06-04 21:07:07 [INFO] 引擎加载成功: scrap_steel.engine
2026-06-04 21:07:07 [INFO] 分割系统初始化成功
2026-06-04 21:07:07 [INFO] 图像预处理完成，原始尺寸: (2160, 3840)
2026-06-04 21:07:07 [INFO] 开始执行分割...
2026-06-04 21:07:07 [DEBUG] 处理后的检测结果形状: (1, 8400, 6)
2026-06-04 21:07:07 [DEBUG] 示例检测结果: [[-4.11746216e+00 -3.25294971e+00  3.92695694e+01  1.52846727e+01
   3.82719634e-08  5.00000000e+00]
 [-6.54212570e+00 -3.03828907e+00  4.47376976e+01  2.96972313e+01
   9.57601820e-09  9.00000000e+00]
 [-3.53677368e+00 -3.41716003e+00  4.59805336e+01  3.02856026e+01
   4.55323779e-09  9.00000000e+00]]
2026-06-04 21:07:07 [DEBUG] 处理后检测输出形状: (0, 52)
2026-06-04 21:07:07 [DEBUG] 有效检测数量: 0
2026-06-04 21:07:07 [DEBUG] 检测输出为空
2026-06-04 21:07:07 [INFO] 掩码中检测到的类别: [0, 1, 2, 3, 4, 5, 6, 7, 8, 9, 10, 11, 12, 13, 14, 15]
2026-06-04 21:07:07 [INFO] 分割完成，检测到 0 个物体
2026-06-04 21:07:07 [INFO] 从分割掩码中提取检测结果
2026-06-04 21:07:07 [INFO] 从掩码中提取了 414 个检测框
2026-06-04 21:07:07 [INFO] 计算出的车框矩形边界: (1027, 618) to (3178, 1513)
2026-06-04 21:07:07 [INFO] 原始检测数: 414, 过滤后检测数: 199
2026-06-04 21:07:08 [INFO] 保存分割和检测结果到: C:\code\show\Scrap_Steel_In_Field\photos\segmentation\segment_20260604_210707.jpg
2026-06-04 21:07:08 [INFO] JSON结果保存到: C:\code\show\Scrap_Steel_In_Field\photos\segmentation_result.json
2026-06-04 21:07:08 [INFO] 类别统计：{0: 12, 1: 53, 2: 21, 3: 3, 4: 23, 5: 28, 6: 14, 7: 26, 8: 43, 9: 51, 10: 24, 11: 20, 12: 20, 13: 61, 14: 0, 15: 15}
2026-06-04 21:07:08 [INFO] 面积统计：{0: 3708468.0, 1: 599076.0, 2: 36108.0, 3: 132660.0, 4: 150984.0, 5: 51660.0, 6: 530100.0, 7: 35784.0, 8: 920988.0, 9: 166032.0, 10: 183996.0, 11: 343512.0, 12: 96120.0, 13: 753696.0, 14: 72.0, 15: 47772.0}
2026-06-04 21:07:08 [INFO] 分割成功
2026-06-04 21:07:08 [INFO] 引擎上下文已释放
2026-06-04 21:07:08 [INFO] TensorRT 引擎已释放
2026-06-04 21:07:08 [INFO] 全局 CUDA 资源已释放
2026-06-04 21:07:08 [INFO] 分割系统资源已释放
2026-06-04 21:07:12 [INFO] CUDA 初始化成功
2026-06-04 21:07:12 [INFO] 引擎加载成功: scrap_steel.engine
2026-06-04 21:07:12 [INFO] 分割系统初始化成功
2026-06-04 21:07:12 [INFO] 图像预处理完成，原始尺寸: (2160, 3840)
2026-06-04 21:07:12 [INFO] 开始执行分割...
2026-06-04 21:07:12 [DEBUG] 处理后的检测结果形状: (1, 8400, 6)
2026-06-04 21:07:12 [DEBUG] 示例检测结果: [[-4.15167236e+00 -3.28154945e+00  3.91874008e+01  1.54179459e+01
   4.01143261e-08  5.00000000e+00]
 [-6.55861664e+00 -3.10139561e+00  4.46238174e+01  2.99021378e+01
   9.57609192e-09  9.00000000e+00]
 [-3.56153870e+00 -3.51235199e+00  4.58932877e+01  3.04289513e+01
   4.46570780e-09  9.00000000e+00]]
2026-06-04 21:07:12 [DEBUG] 处理后检测输出形状: (0, 52)
2026-06-04 21:07:12 [DEBUG] 有效检测数量: 0
2026-06-04 21:07:12 [DEBUG] 检测输出为空
2026-06-04 21:07:12 [INFO] 掩码中检测到的类别: [0, 1, 2, 3, 4, 5, 6, 7, 8, 9, 10, 11, 12, 13, 14, 15]
2026-06-04 21:07:12 [INFO] 分割完成，检测到 0 个物体
2026-06-04 21:07:12 [INFO] 从分割掩码中提取检测结果
2026-06-04 21:07:13 [INFO] 从掩码中提取了 437 个检测框
2026-06-04 21:07:13 [INFO] 计算出的车框矩形边界: (1028, 619) to (3178, 1513)
2026-06-04 21:07:13 [INFO] 原始检测数: 437, 过滤后检测数: 196
2026-06-04 21:07:13 [INFO] 保存分割和检测结果到: C:\code\show\Scrap_Steel_In_Field\photos\segmentation\segment_20260604_210713.jpg
2026-06-04 21:07:13 [INFO] JSON结果保存到: C:\code\show\Scrap_Steel_In_Field\photos\segmentation_result.json
2026-06-04 21:07:13 [INFO] 类别统计：{0: 15, 1: 49, 2: 20, 3: 2, 4: 22, 5: 29, 6: 18, 7: 31, 8: 51, 9: 57, 10: 22, 11: 21, 12: 23, 13: 56, 14: 0, 15: 21}
2026-06-04 21:07:13 [INFO] 面积统计：{0: 3661776.0, 1: 616788.0, 2: 29880.0, 3: 134280.0, 4: 188496.0, 5: 51228.0, 6: 529992.0, 7: 38880.0, 8: 963180.0, 9: 180072.0, 10: 185580.0, 11: 339192.0, 12: 92592.0, 13: 744624.0, 14: 36.0, 15: 41760.0}
2026-06-04 21:07:13 [INFO] 分割成功
2026-06-04 21:07:13 [INFO] 引擎上下文已释放
2026-06-04 21:07:13 [INFO] TensorRT 引擎已释放
2026-06-04 21:07:13 [INFO] 全局 CUDA 资源已释放
2026-06-04 21:07:13 [INFO] 分割系统资源已释放
2026-06-04 21:07:17 [INFO] CUDA 初始化成功
2026-06-04 21:07:17 [INFO] 引擎加载成功: scrap_steel.engine
2026-06-04 21:07:17 [INFO] 分割系统初始化成功
2026-06-04 21:07:17 [INFO] 图像预处理完成，原始尺寸: (2160, 3840)
2026-06-04 21:07:17 [INFO] 开始执行分割...
2026-06-04 21:07:17 [DEBUG] 处理后的检测结果形状: (1, 8400, 6)
2026-06-04 21:07:17 [DEBUG] 示例检测结果: [[-4.13422012e+00 -3.29096794e+00  3.92314415e+01  1.53516750e+01
   3.94837265e-08  5.00000000e+00]
 [-6.55058670e+00 -3.07597637e+00  4.46725883e+01  2.98037376e+01
   9.72690728e-09  9.00000000e+00]
 [-3.57220840e+00 -3.51424694e+00  4.59564667e+01  3.04079666e+01
   4.53712445e-09  9.00000000e+00]]
2026-06-04 21:07:17 [DEBUG] 处理后检测输出形状: (0, 52)
2026-06-04 21:07:17 [DEBUG] 有效检测数量: 0
2026-06-04 21:07:17 [DEBUG] 检测输出为空
2026-06-04 21:07:17 [INFO] 掩码中检测到的类别: [0, 1, 2, 3, 4, 5, 6, 7, 8, 9, 10, 11, 12, 13, 14, 15]
2026-06-04 21:07:17 [INFO] 分割完成，检测到 0 个物体
2026-06-04 21:07:17 [INFO] 从分割掩码中提取检测结果
2026-06-04 21:07:18 [INFO] 从掩码中提取了 428 个检测框
2026-06-04 21:07:18 [INFO] 计算出的车框矩形边界: (1027, 618) to (3178, 1513)
2026-06-04 21:07:18 [INFO] 原始检测数: 428, 过滤后检测数: 186
2026-06-04 21:07:18 [INFO] 保存分割和检测结果到: C:\code\show\Scrap_Steel_In_Field\photos\segmentation\segment_20260604_210718.jpg
2026-06-04 21:07:18 [INFO] JSON结果保存到: C:\code\show\Scrap_Steel_In_Field\photos\segmentation_result.json
2026-06-04 21:07:18 [INFO] 类别统计：{0: 16, 1: 54, 2: 20, 3: 2, 4: 25, 5: 25, 6: 13, 7: 29, 8: 49, 9: 51, 10: 23, 11: 16, 12: 22, 13: 63, 14: 0, 15: 20}
2026-06-04 21:07:18 [INFO] 面积统计：{0: 3666780.0, 1: 592164.0, 2: 36576.0, 3: 132912.0, 4: 183744.0, 5: 46728.0, 6: 536616.0, 7: 39312.0, 8: 958644.0, 9: 163332.0, 10: 181260.0, 11: 343584.0, 12: 98460.0, 13: 743724.0, 14: 36.0, 15: 39780.0}
2026-06-04 21:07:18 [INFO] 分割成功
2026-06-04 21:07:18 [INFO] 引擎上下文已释放
2026-06-04 21:07:18 [INFO] TensorRT 引擎已释放
2026-06-04 21:07:18 [INFO] 全局 CUDA 资源已释放
2026-06-04 21:07:18 [INFO] 分割系统资源已释放
2026-06-04 21:07:22 [INFO] CUDA 初始化成功
2026-06-04 21:07:23 [INFO] 引擎加载成功: scrap_steel.engine
2026-06-04 21:07:23 [INFO] 分割系统初始化成功
2026-06-04 21:07:23 [INFO] 图像预处理完成，原始尺寸: (2160, 3840)
2026-06-04 21:07:23 [INFO] 开始执行分割...
2026-06-04 21:07:23 [DEBUG] 处理后的检测结果形状: (1, 8400, 6)
2026-06-04 21:07:23 [DEBUG] 示例检测结果: [[-4.11562347e+00 -3.27716351e+00  3.92985687e+01  1.52927408e+01
   4.02826501e-08  5.00000000e+00]
 [-6.50196838e+00 -3.06464195e+00  4.47524261e+01  2.97617702e+01
   9.78142722e-09  9.00000000e+00]
 [-3.54755402e+00 -3.45552063e+00  4.59762344e+01  3.03947830e+01
   4.54938842e-09  9.00000000e+00]]
2026-06-04 21:07:23 [DEBUG] 处理后检测输出形状: (0, 52)
2026-06-04 21:07:23 [DEBUG] 有效检测数量: 0
2026-06-04 21:07:23 [DEBUG] 检测输出为空
2026-06-04 21:07:23 [INFO] 掩码中检测到的类别: [0, 1, 2, 3, 4, 5, 6, 7, 8, 9, 10, 11, 12, 13, 14, 15]
2026-06-04 21:07:23 [INFO] 分割完成，检测到 0 个物体
2026-06-04 21:07:23 [INFO] 从分割掩码中提取检测结果
2026-06-04 21:07:23 [INFO] 从掩码中提取了 435 个检测框
2026-06-04 21:07:23 [INFO] 计算出的车框矩形边界: (1027, 617) to (3178, 1513)
2026-06-04 21:07:23 [INFO] 原始检测数: 435, 过滤后检测数: 191
2026-06-04 21:07:24 [INFO] 保存分割和检测结果到: C:\code\show\Scrap_Steel_In_Field\photos\segmentation\segment_20260604_210723.jpg
2026-06-04 21:07:24 [INFO] JSON结果保存到: C:\code\show\Scrap_Steel_In_Field\photos\segmentation_result.json
2026-06-04 21:07:24 [INFO] 类别统计：{0: 15, 1: 51, 2: 22, 3: 3, 4: 24, 5: 30, 6: 16, 7: 32, 8: 43, 9: 51, 10: 22, 11: 17, 12: 20, 13: 70, 14: 0, 15: 19}
2026-06-04 21:07:24 [INFO] 面积统计：{0: 3663792.0, 1: 587448.0, 2: 34020.0, 3: 133848.0, 4: 184284.0, 5: 52380.0, 6: 509832.0, 7: 40860.0, 8: 909072.0, 9: 163008.0, 10: 181476.0, 11: 346248.0, 12: 97956.0, 13: 763956.0, 14: 72.0, 15: 45180.0}
2026-06-04 21:07:24 [INFO] 分割成功
2026-06-04 21:07:24 [INFO] 引擎上下文已释放
2026-06-04 21:07:24 [INFO] TensorRT 引擎已释放
2026-06-04 21:07:24 [INFO] 全局 CUDA 资源已释放
2026-06-04 21:07:24 [INFO] 分割系统资源已释放
2026-06-04 21:07:28 [INFO] CUDA 初始化成功
2026-06-04 21:07:28 [INFO] 引擎加载成功: scrap_steel.engine
2026-06-04 21:07:28 [INFO] 分割系统初始化成功
2026-06-04 21:07:28 [INFO] 图像预处理完成，原始尺寸: (2160, 3840)
2026-06-04 21:07:28 [INFO] 开始执行分割...
2026-06-04 21:07:28 [DEBUG] 处理后的检测结果形状: (1, 8400, 6)
2026-06-04 21:07:28 [DEBUG] 示例检测结果: [[-4.11643600e+00 -3.26303005e+00  3.93523827e+01  1.53733683e+01
   4.01255029e-08  5.00000000e+00]
 [-6.50608826e+00 -3.02936268e+00  4.48242874e+01  2.98482475e+01
   9.93347271e-09  9.00000000e+00]
 [-3.55408478e+00 -3.45288563e+00  4.59884109e+01  3.04811554e+01
   4.58491911e-09  9.00000000e+00]]
2026-06-04 21:07:28 [DEBUG] 处理后检测输出形状: (0, 52)
2026-06-04 21:07:28 [DEBUG] 有效检测数量: 0
2026-06-04 21:07:28 [DEBUG] 检测输出为空
2026-06-04 21:07:28 [INFO] 掩码中检测到的类别: [0, 1, 2, 3, 4, 5, 6, 7, 8, 9, 10, 11, 12, 13, 14, 15]
2026-06-04 21:07:28 [INFO] 分割完成，检测到 0 个物体
2026-06-04 21:07:28 [INFO] 从分割掩码中提取检测结果
2026-06-04 21:07:28 [INFO] 从掩码中提取了 434 个检测框
2026-06-04 21:07:28 [INFO] 计算出的车框矩形边界: (1028, 618) to (3178, 1512)
2026-06-04 21:07:28 [INFO] 原始检测数: 434, 过滤后检测数: 202
2026-06-04 21:07:29 [INFO] 保存分割和检测结果到: C:\code\show\Scrap_Steel_In_Field\photos\segmentation\segment_20260604_210728.jpg
2026-06-04 21:07:29 [INFO] JSON结果保存到: C:\code\show\Scrap_Steel_In_Field\photos\segmentation_result.json
2026-06-04 21:07:29 [INFO] 类别统计：{0: 15, 1: 49, 2: 25, 3: 2, 4: 25, 5: 32, 6: 18, 7: 30, 8: 39, 9: 51, 10: 28, 11: 16, 12: 20, 13: 65, 14: 0, 15: 19}
2026-06-04 21:07:29 [INFO] 面积统计：{0: 3651660.0, 1: 602316.0, 2: 35136.0, 3: 132480.0, 4: 166860.0, 5: 52416.0, 6: 516420.0, 7: 42660.0, 8: 898200.0, 9: 165564.0, 10: 171288.0, 11: 339228.0, 12: 98028.0, 13: 770436.0, 14: 36.0, 15: 34272.0}
2026-06-04 21:07:29 [INFO] 分割成功
2026-06-04 21:07:29 [INFO] 引擎上下文已释放
2026-06-04 21:07:29 [INFO] TensorRT 引擎已释放
2026-06-04 21:07:29 [INFO] 全局 CUDA 资源已释放
2026-06-04 21:07:29 [INFO] 分割系统资源已释放
2026-06-04 21:07:33 [INFO] CUDA 初始化成功
2026-06-04 21:07:33 [INFO] 引擎加载成功: scrap_steel.engine
2026-06-04 21:07:33 [INFO] 分割系统初始化成功
2026-06-04 21:07:33 [INFO] 图像预处理完成，原始尺寸: (2160, 3840)
2026-06-04 21:07:33 [INFO] 开始执行分割...
2026-06-04 21:07:33 [DEBUG] 处理后的检测结果形状: (1, 8400, 6)
2026-06-04 21:07:33 [DEBUG] 示例检测结果: [[-4.18247604e+00 -3.26443100e+00  3.91389313e+01  1.53490677e+01
   3.85730345e-08  5.00000000e+00]
 [-6.67279434e+00 -3.08622742e+00  4.46174355e+01  2.97428207e+01
   9.50076462e-09  9.00000000e+00]
 [-3.59283447e+00 -3.48784542e+00  4.59370193e+01  3.03093719e+01
   4.41655956e-09  9.00000000e+00]]
2026-06-04 21:07:33 [DEBUG] 处理后检测输出形状: (0, 52)
2026-06-04 21:07:33 [DEBUG] 有效检测数量: 0
2026-06-04 21:07:33 [DEBUG] 检测输出为空
2026-06-04 21:07:33 [INFO] 掩码中检测到的类别: [0, 1, 2, 3, 4, 5, 6, 7, 8, 9, 10, 11, 12, 13, 14, 15]
2026-06-04 21:07:33 [INFO] 分割完成，检测到 0 个物体
2026-06-04 21:07:33 [INFO] 从分割掩码中提取检测结果
2026-06-04 21:07:33 [INFO] 从掩码中提取了 447 个检测框
2026-06-04 21:07:33 [INFO] 计算出的车框矩形边界: (1028, 619) to (3178, 1514)
2026-06-04 21:07:33 [INFO] 原始检测数: 447, 过滤后检测数: 203
2026-06-04 21:07:34 [INFO] 保存分割和检测结果到: C:\code\show\Scrap_Steel_In_Field\photos\segmentation\segment_20260604_210733.jpg
2026-06-04 21:07:34 [INFO] JSON结果保存到: C:\code\show\Scrap_Steel_In_Field\photos\segmentation_result.json
2026-06-04 21:07:34 [INFO] 类别统计：{0: 25, 1: 53, 2: 21, 3: 3, 4: 28, 5: 30, 6: 21, 7: 32, 8: 37, 9: 45, 10: 30, 11: 17, 12: 17, 13: 66, 14: 0, 15: 22}
2026-06-04 21:07:34 [INFO] 面积统计：{0: 3660984.0, 1: 635544.0, 2: 36036.0, 3: 132228.0, 4: 168552.0, 5: 48420.0, 6: 515484.0, 7: 42084.0, 8: 960840.0, 9: 169848.0, 10: 180648.0, 11: 353232.0, 12: 88524.0, 13: 762372.0, 14: 36.0, 15: 37440.0}
2026-06-04 21:07:34 [INFO] 分割成功
2026-06-04 21:07:34 [INFO] 引擎上下文已释放
2026-06-04 21:07:34 [INFO] TensorRT 引擎已释放
2026-06-04 21:07:34 [INFO] 全局 CUDA 资源已释放
2026-06-04 21:07:34 [INFO] 分割系统资源已释放
2026-06-04 21:07:38 [INFO] CUDA 初始化成功
2026-06-04 21:07:38 [INFO] 引擎加载成功: scrap_steel.engine
2026-06-04 21:07:38 [INFO] 分割系统初始化成功
2026-06-04 21:07:38 [INFO] 图像预处理完成，原始尺寸: (2160, 3840)
2026-06-04 21:07:38 [INFO] 开始执行分割...
2026-06-04 21:07:38 [DEBUG] 处理后的检测结果形状: (1, 8400, 6)
2026-06-04 21:07:38 [DEBUG] 示例检测结果: [[-4.11278915e+00 -3.24005222e+00  3.92598610e+01  1.53087187e+01
   3.99584437e-08  5.00000000e+00]
 [-6.51004410e+00 -3.04192066e+00  4.47816963e+01  2.98083153e+01
   9.78296555e-09  9.00000000e+00]
 [-3.53025055e+00 -3.44142151e+00  4.59870071e+01  3.04371567e+01
   4.62069316e-09  9.00000000e+00]]
2026-06-04 21:07:38 [DEBUG] 处理后检测输出形状: (0, 52)
2026-06-04 21:07:38 [DEBUG] 有效检测数量: 0
2026-06-04 21:07:38 [DEBUG] 检测输出为空
2026-06-04 21:07:38 [INFO] 掩码中检测到的类别: [0, 1, 2, 3, 4, 5, 6, 7, 8, 9, 10, 11, 12, 13, 14, 15]
2026-06-04 21:07:38 [INFO] 分割完成，检测到 0 个物体
2026-06-04 21:07:38 [INFO] 从分割掩码中提取检测结果
2026-06-04 21:07:39 [INFO] 从掩码中提取了 431 个检测框
2026-06-04 21:07:39 [INFO] 计算出的车框矩形边界: (1028, 619) to (3178, 1512)
2026-06-04 21:07:39 [INFO] 原始检测数: 431, 过滤后检测数: 195
2026-06-04 21:07:40 [INFO] 保存分割和检测结果到: C:\code\show\Scrap_Steel_In_Field\photos\segmentation\segment_20260604_210739.jpg
2026-06-04 21:07:40 [INFO] JSON结果保存到: C:\code\show\Scrap_Steel_In_Field\photos\segmentation_result.json
2026-06-04 21:07:40 [INFO] 类别统计：{0: 15, 1: 50, 2: 23, 3: 2, 4: 22, 5: 36, 6: 16, 7: 28, 8: 39, 9: 47, 10: 22, 11: 19, 12: 20, 13: 74, 14: 0, 15: 18}
2026-06-04 21:07:40 [INFO] 面积统计：{0: 3738204.0, 1: 643716.0, 2: 38196.0, 3: 134604.0, 4: 156744.0, 5: 52416.0, 6: 509832.0, 7: 42084.0, 8: 917352.0, 9: 153468.0, 10: 181224.0, 11: 331632.0, 12: 95652.0, 13: 752220.0, 14: 36.0, 15: 40464.0}
2026-06-04 21:07:40 [INFO] 分割成功
2026-06-04 21:07:40 [INFO] 引擎上下文已释放
2026-06-04 21:07:40 [INFO] TensorRT 引擎已释放
2026-06-04 21:07:40 [INFO] 全局 CUDA 资源已释放
2026-06-04 21:07:40 [INFO] 分割系统资源已释放
2026-06-04 21:07:43 [INFO] CUDA 初始化成功
2026-06-04 21:07:43 [INFO] 引擎加载成功: scrap_steel.engine
2026-06-04 21:07:43 [INFO] 分割系统初始化成功
2026-06-04 21:07:44 [INFO] 图像预处理完成，原始尺寸: (2160, 3840)
2026-06-04 21:07:44 [INFO] 开始执行分割...
2026-06-04 21:07:44 [DEBUG] 处理后的检测结果形状: (1, 8400, 6)
2026-06-04 21:07:44 [DEBUG] 示例检测结果: [[-4.15482712e+00 -3.29748058e+00  3.91188774e+01  1.55239172e+01
   3.98091977e-08  5.00000000e+00]
 [-6.56270981e+00 -3.09232140e+00  4.46416512e+01  2.98377476e+01
   9.78378978e-09  9.00000000e+00]
 [-3.56968689e+00 -3.52567482e+00  4.59441910e+01  3.03999767e+01
   4.50189575e-09  9.00000000e+00]]
2026-06-04 21:07:44 [DEBUG] 处理后检测输出形状: (0, 52)
2026-06-04 21:07:44 [DEBUG] 有效检测数量: 0
2026-06-04 21:07:44 [DEBUG] 检测输出为空
2026-06-04 21:07:44 [INFO] 掩码中检测到的类别: [0, 1, 2, 3, 4, 5, 6, 7, 8, 9, 10, 11, 12, 13, 14, 15]
2026-06-04 21:07:44 [INFO] 分割完成，检测到 0 个物体
2026-06-04 21:07:44 [INFO] 从分割掩码中提取检测结果
2026-06-04 21:07:44 [INFO] 从掩码中提取了 450 个检测框
2026-06-04 21:07:44 [INFO] 计算出的车框矩形边界: (1027, 618) to (3178, 1513)
2026-06-04 21:07:44 [INFO] 原始检测数: 450, 过滤后检测数: 214
2026-06-04 21:07:44 [INFO] 保存分割和检测结果到: C:\code\show\Scrap_Steel_In_Field\photos\segmentation\segment_20260604_210744.jpg
2026-06-04 21:07:44 [INFO] JSON结果保存到: C:\code\show\Scrap_Steel_In_Field\photos\segmentation_result.json
2026-06-04 21:07:44 [INFO] 类别统计：{0: 27, 1: 52, 2: 21, 3: 4, 4: 25, 5: 30, 6: 18, 7: 26, 8: 44, 9: 52, 10: 27, 11: 16, 12: 24, 13: 65, 14: 0, 15: 19}
2026-06-04 21:07:44 [INFO] 面积统计：{0: 3709728.0, 1: 624672.0, 2: 32652.0, 3: 130212.0, 4: 172872.0, 5: 44172.0, 6: 505332.0, 7: 36396.0, 8: 928800.0, 9: 183996.0, 10: 178920.0, 11: 344952.0, 12: 98928.0, 13: 726552.0, 14: 36.0, 15: 48312.0}
2026-06-04 21:07:45 [INFO] 分割成功
2026-06-04 21:07:45 [INFO] 引擎上下文已释放
2026-06-04 21:07:45 [INFO] TensorRT 引擎已释放
2026-06-04 21:07:45 [INFO] 全局 CUDA 资源已释放
2026-06-04 21:07:45 [INFO] 分割系统资源已释放
2026-06-04 21:07:49 [INFO] CUDA 初始化成功
2026-06-04 21:07:49 [INFO] 引擎加载成功: scrap_steel.engine
2026-06-04 21:07:49 [INFO] 分割系统初始化成功
2026-06-04 21:07:49 [INFO] 图像预处理完成，原始尺寸: (2160, 3840)
2026-06-04 21:07:49 [INFO] 开始执行分割...
2026-06-04 21:07:49 [DEBUG] 处理后的检测结果形状: (1, 8400, 6)
2026-06-04 21:07:49 [DEBUG] 示例检测结果: [[-4.14908600e+00 -3.29489088e+00  3.93196411e+01  1.54749603e+01
   4.10838723e-08  5.00000000e+00]
 [-6.61793518e+00 -3.08807373e+00  4.47751503e+01  2.99939842e+01
   9.81959047e-09  9.00000000e+00]
 [-3.60189056e+00 -3.52166462e+00  4.60208893e+01  3.05492744e+01
   4.54938842e-09  9.00000000e+00]]
2026-06-04 21:07:49 [DEBUG] 处理后检测输出形状: (0, 52)
2026-06-04 21:07:49 [DEBUG] 有效检测数量: 0
2026-06-04 21:07:49 [DEBUG] 检测输出为空
2026-06-04 21:07:49 [INFO] 掩码中检测到的类别: [0, 1, 2, 3, 4, 5, 6, 7, 8, 9, 10, 11, 12, 13, 14, 15]
2026-06-04 21:07:49 [INFO] 分割完成，检测到 0 个物体
2026-06-04 21:07:49 [INFO] 从分割掩码中提取检测结果
2026-06-04 21:07:49 [INFO] 从掩码中提取了 433 个检测框
2026-06-04 21:07:49 [INFO] 计算出的车框矩形边界: (1028, 618) to (3178, 1513)
2026-06-04 21:07:49 [INFO] 原始检测数: 433, 过滤后检测数: 193
2026-06-04 21:07:50 [INFO] 保存分割和检测结果到: C:\code\show\Scrap_Steel_In_Field\photos\segmentation\segment_20260604_210749.jpg
2026-06-04 21:07:50 [INFO] JSON结果保存到: C:\code\show\Scrap_Steel_In_Field\photos\segmentation_result.json
2026-06-04 21:07:50 [INFO] 类别统计：{0: 20, 1: 53, 2: 21, 3: 2, 4: 29, 5: 29, 6: 13, 7: 32, 8: 39, 9: 51, 10: 26, 11: 14, 12: 20, 13: 67, 14: 0, 15: 17}
2026-06-04 21:07:50 [INFO] 面积统计：{0: 3638808.0, 1: 630792.0, 2: 32472.0, 3: 129924.0, 4: 152460.0, 5: 48600.0, 6: 521784.0, 7: 39636.0, 8: 951588.0, 9: 162684.0, 10: 174096.0, 11: 337212.0, 12: 101844.0, 13: 733752.0, 14: 36.0, 15: 47196.0}
2026-06-04 21:07:50 [INFO] 分割成功
2026-06-04 21:07:50 [INFO] 引擎上下文已释放
2026-06-04 21:07:50 [INFO] TensorRT 引擎已释放
2026-06-04 21:07:50 [INFO] 全局 CUDA 资源已释放
2026-06-04 21:07:50 [INFO] 分割系统资源已释放
2026-06-04 21:07:54 [INFO] CUDA 初始化成功
2026-06-04 21:07:54 [INFO] 引擎加载成功: scrap_steel.engine
2026-06-04 21:07:54 [INFO] 分割系统初始化成功
2026-06-04 21:07:54 [INFO] 图像预处理完成，原始尺寸: (2160, 3840)
2026-06-04 21:07:54 [INFO] 开始执行分割...
2026-06-04 21:07:54 [DEBUG] 处理后的检测结果形状: (1, 8400, 6)
2026-06-04 21:07:54 [DEBUG] 示例检测结果: [[-4.13687897e+00 -3.27575684e+00  3.91914635e+01  1.53633080e+01
   4.01255029e-08  5.00000000e+00]
 [-6.56737900e+00 -3.07634830e+00  4.47809105e+01  2.99370804e+01
   9.78142722e-09  9.00000000e+00]
 [-3.57299042e+00 -3.48358536e+00  4.60048065e+01  3.05125046e+01
   4.58491911e-09  9.00000000e+00]]
2026-06-04 21:07:54 [DEBUG] 处理后检测输出形状: (0, 52)
2026-06-04 21:07:54 [DEBUG] 有效检测数量: 0
2026-06-04 21:07:54 [DEBUG] 检测输出为空
2026-06-04 21:07:55 [INFO] 掩码中检测到的类别: [0, 1, 2, 3, 4, 5, 6, 7, 8, 9, 10, 11, 12, 13, 14, 15]
2026-06-04 21:07:55 [INFO] 分割完成，检测到 0 个物体
2026-06-04 21:07:55 [INFO] 从分割掩码中提取检测结果
2026-06-04 21:07:55 [INFO] 从掩码中提取了 420 个检测框
2026-06-04 21:07:55 [INFO] 计算出的车框矩形边界: (1027, 618) to (3178, 1513)
2026-06-04 21:07:55 [INFO] 原始检测数: 420, 过滤后检测数: 192
2026-06-04 21:07:55 [INFO] 保存分割和检测结果到: C:\code\show\Scrap_Steel_In_Field\photos\segmentation\segment_20260604_210755.jpg
2026-06-04 21:07:55 [INFO] JSON结果保存到: C:\code\show\Scrap_Steel_In_Field\photos\segmentation_result.json
2026-06-04 21:07:55 [INFO] 类别统计：{0: 16, 1: 54, 2: 21, 3: 2, 4: 25, 5: 25, 6: 14, 7: 24, 8: 44, 9: 50, 10: 27, 11: 18, 12: 21, 13: 64, 14: 0, 15: 15}
2026-06-04 21:07:55 [INFO] 面积统计：{0: 3658752.0, 1: 626904.0, 2: 34308.0, 3: 133668.0, 4: 160992.0, 5: 48168.0, 6: 519264.0, 7: 31248.0, 8: 926712.0, 9: 172440.0, 10: 176580.0, 11: 334692.0, 12: 91080.0, 13: 766836.0, 14: 36.0, 15: 51696.0}
2026-06-04 21:07:55 [INFO] 分割成功
2026-06-04 21:07:55 [INFO] 引擎上下文已释放
2026-06-04 21:07:55 [INFO] TensorRT 引擎已释放
2026-06-04 21:07:55 [INFO] 全局 CUDA 资源已释放
2026-06-04 21:07:55 [INFO] 分割系统资源已释放
2026-06-04 21:07:59 [INFO] CUDA 初始化成功
2026-06-04 21:07:59 [INFO] 引擎加载成功: scrap_steel.engine
2026-06-04 21:07:59 [INFO] 分割系统初始化成功
2026-06-04 21:07:59 [INFO] 图像预处理完成，原始尺寸: (2160, 3840)
2026-06-04 21:07:59 [INFO] 开始执行分割...
2026-06-04 21:07:59 [DEBUG] 处理后的检测结果形状: (1, 8400, 6)
2026-06-04 21:07:59 [DEBUG] 示例检测结果: [[-4.11812592e+00 -3.26079845e+00  3.91834755e+01  1.52663126e+01
   4.10703969e-08  5.00000000e+00]
 [-6.55587006e+00 -3.05232811e+00  4.47305984e+01  2.97577000e+01
   9.93076199e-09  9.00000000e+00]
 [-3.58791733e+00 -3.45379639e+00  4.59705963e+01  3.04172096e+01
   4.65185224e-09  9.00000000e+00]]
2026-06-04 21:07:59 [DEBUG] 处理后检测输出形状: (0, 52)
2026-06-04 21:07:59 [DEBUG] 有效检测数量: 0
2026-06-04 21:07:59 [DEBUG] 检测输出为空
2026-06-04 21:07:59 [INFO] 掩码中检测到的类别: [0, 1, 2, 3, 4, 5, 6, 7, 8, 9, 10, 11, 12, 13, 14, 15]
2026-06-04 21:07:59 [INFO] 分割完成，检测到 0 个物体
2026-06-04 21:07:59 [INFO] 从分割掩码中提取检测结果
2026-06-04 21:07:59 [INFO] 从掩码中提取了 433 个检测框
2026-06-04 21:07:59 [INFO] 计算出的车框矩形边界: (1026, 618) to (3178, 1513)
2026-06-04 21:07:59 [INFO] 原始检测数: 433, 过滤后检测数: 189
2026-06-04 21:08:00 [INFO] 保存分割和检测结果到: C:\code\show\Scrap_Steel_In_Field\photos\segmentation\segment_20260604_210759.jpg
2026-06-04 21:08:00 [INFO] JSON结果保存到: C:\code\show\Scrap_Steel_In_Field\photos\segmentation_result.json
2026-06-04 21:08:00 [INFO] 类别统计：{0: 19, 1: 43, 2: 24, 3: 5, 4: 26, 5: 28, 6: 10, 7: 30, 8: 42, 9: 57, 10: 23, 11: 17, 12: 18, 13: 73, 14: 0, 15: 18}
2026-06-04 21:08:00 [INFO] 面积统计：{0: 3607596.0, 1: 640728.0, 2: 35100.0, 3: 133920.0, 4: 165024.0, 5: 49788.0, 6: 534384.0, 7: 38700.0, 8: 915732.0, 9: 178092.0, 10: 190872.0, 11: 332532.0, 12: 106848.0, 13: 771228.0, 14: 36.0, 15: 49356.0}
2026-06-04 21:08:00 [INFO] 分割成功
2026-06-04 21:08:00 [INFO] 引擎上下文已释放
2026-06-04 21:08:00 [INFO] TensorRT 引擎已释放
2026-06-04 21:08:00 [INFO] 全局 CUDA 资源已释放
2026-06-04 21:08:00 [INFO] 分割系统资源已释放
2026-06-04 21:08:04 [INFO] CUDA 初始化成功
2026-06-04 21:08:04 [INFO] 引擎加载成功: scrap_steel.engine
2026-06-04 21:08:04 [INFO] 分割系统初始化成功
2026-06-04 21:08:04 [INFO] 图像预处理完成，原始尺寸: (2160, 3840)
2026-06-04 21:08:04 [INFO] 开始执行分割...
2026-06-04 21:08:04 [DEBUG] 处理后的检测结果形状: (1, 8400, 6)
2026-06-04 21:08:04 [DEBUG] 示例检测结果: [[-4.12121964e+00 -3.23829174e+00  3.92164383e+01  1.51875067e+01
   4.04397973e-08  5.00000000e+00]
 [-6.49871445e+00 -3.02428627e+00  4.46270828e+01  2.96680584e+01
   9.85821913e-09  9.00000000e+00]
 [-3.54632187e+00 -3.45438290e+00  4.58870621e+01  3.03312149e+01
   4.58491911e-09  9.00000000e+00]]
2026-06-04 21:08:04 [DEBUG] 处理后检测输出形状: (0, 52)
2026-06-04 21:08:04 [DEBUG] 有效检测数量: 0
2026-06-04 21:08:04 [DEBUG] 检测输出为空
2026-06-04 21:08:04 [INFO] 掩码中检测到的类别: [0, 1, 2, 3, 4, 5, 6, 7, 8, 9, 10, 11, 12, 13, 14, 15]
2026-06-04 21:08:04 [INFO] 分割完成，检测到 0 个物体
2026-06-04 21:08:04 [INFO] 从分割掩码中提取检测结果
2026-06-04 21:08:04 [INFO] 从掩码中提取了 452 个检测框
2026-06-04 21:08:05 [INFO] 计算出的车框矩形边界: (1028, 618) to (3178, 1513)
2026-06-04 21:08:05 [INFO] 原始检测数: 452, 过滤后检测数: 205
2026-06-04 21:08:05 [INFO] 保存分割和检测结果到: C:\code\show\Scrap_Steel_In_Field\photos\segmentation\segment_20260604_210804.jpg
2026-06-04 21:08:05 [INFO] JSON结果保存到: C:\code\show\Scrap_Steel_In_Field\photos\segmentation_result.json
2026-06-04 21:08:05 [INFO] 类别统计：{0: 28, 1: 50, 2: 24, 3: 2, 4: 24, 5: 33, 6: 14, 7: 29, 8: 48, 9: 55, 10: 25, 11: 12, 12: 21, 13: 74, 14: 0, 15: 13}
2026-06-04 21:08:05 [INFO] 面积统计：{0: 3684384.0, 1: 669168.0, 2: 35964.0, 3: 131940.0, 4: 164556.0, 5: 48024.0, 6: 526464.0, 7: 37008.0, 8: 921924.0, 9: 178596.0, 10: 168912.0, 11: 343656.0, 12: 95040.0, 13: 775152.0, 14: 36.0, 15: 34380.0}
2026-06-04 21:08:05 [INFO] 分割成功
2026-06-04 21:08:05 [INFO] 引擎上下文已释放
2026-06-04 21:08:05 [INFO] TensorRT 引擎已释放
2026-06-04 21:08:05 [INFO] 全局 CUDA 资源已释放
2026-06-04 21:08:05 [INFO] 分割系统资源已释放
2026-06-04 21:08:10 [INFO] CUDA 初始化成功
2026-06-04 21:08:10 [INFO] 引擎加载成功: scrap_steel.engine
2026-06-04 21:08:10 [INFO] 分割系统初始化成功
2026-06-04 21:08:10 [INFO] 图像预处理完成，原始尺寸: (2160, 3840)
2026-06-04 21:08:10 [INFO] 开始执行分割...
2026-06-04 21:08:10 [DEBUG] 处理后的检测结果形状: (1, 8400, 6)
2026-06-04 21:08:10 [DEBUG] 示例检测结果: [[-4.15356064e+00 -3.26815939e+00  3.92625313e+01  1.53564625e+01
   3.91768609e-08  5.00000000e+00]
 [-6.55500412e+00 -3.06569862e+00  4.46934242e+01  2.98054562e+01
   9.80345405e-09  9.00000000e+00]
 [-3.56044769e+00 -3.48657990e+00  4.59215164e+01  3.03810463e+01
   4.59044358e-09  9.00000000e+00]]
2026-06-04 21:08:10 [DEBUG] 处理后检测输出形状: (0, 52)
2026-06-04 21:08:10 [DEBUG] 有效检测数量: 0
2026-06-04 21:08:10 [DEBUG] 检测输出为空
2026-06-04 21:08:10 [INFO] 掩码中检测到的类别: [0, 1, 2, 3, 4, 5, 6, 7, 8, 9, 10, 11, 12, 13, 14, 15]
2026-06-04 21:08:10 [INFO] 分割完成，检测到 0 个物体
2026-06-04 21:08:10 [INFO] 从分割掩码中提取检测结果
2026-06-04 21:08:10 [INFO] 从掩码中提取了 471 个检测框
2026-06-04 21:08:10 [INFO] 计算出的车框矩形边界: (1027, 617) to (3178, 1512)
2026-06-04 21:08:10 [INFO] 原始检测数: 471, 过滤后检测数: 220
2026-06-04 21:08:11 [INFO] 保存分割和检测结果到: C:\code\show\Scrap_Steel_In_Field\photos\segmentation\segment_20260604_210810.jpg
2026-06-04 21:08:11 [INFO] JSON结果保存到: C:\code\show\Scrap_Steel_In_Field\photos\segmentation_result.json
2026-06-04 21:08:11 [INFO] 类别统计：{0: 38, 1: 48, 2: 24, 3: 2, 4: 22, 5: 38, 6: 15, 7: 36, 8: 49, 9: 50, 10: 23, 11: 17, 12: 22, 13: 66, 14: 0, 15: 21}
2026-06-04 21:08:11 [INFO] 面积统计：{0: 3604140.0, 1: 647208.0, 2: 36504.0, 3: 139896.0, 4: 177444.0, 5: 49176.0, 6: 525096.0, 7: 42516.0, 8: 947916.0, 9: 157644.0, 10: 180684.0, 11: 350100.0, 12: 95004.0, 13: 766116.0, 14: 36.0, 15: 56052.0}
2026-06-04 21:08:11 [INFO] 分割成功
2026-06-04 21:08:11 [INFO] 引擎上下文已释放
2026-06-04 21:08:11 [INFO] TensorRT 引擎已释放
2026-06-04 21:08:11 [INFO] 全局 CUDA 资源已释放
2026-06-04 21:08:11 [INFO] 分割系统资源已释放
2026-06-04 21:08:14 [INFO] CUDA 初始化成功
2026-06-04 21:08:14 [INFO] 引擎加载成功: scrap_steel.engine
2026-06-04 21:08:14 [INFO] 分割系统初始化成功
2026-06-04 21:08:14 [INFO] 图像预处理完成，原始尺寸: (2160, 3840)
2026-06-04 21:08:14 [INFO] 开始执行分割...
2026-06-04 21:08:14 [DEBUG] 处理后的检测结果形状: (1, 8400, 6)
2026-06-04 21:08:14 [DEBUG] 示例检测结果: [[-4.14694977e+00 -3.26105213e+00  3.92815399e+01  1.52892580e+01
   4.01255029e-08  5.00000000e+00]
 [-6.52169800e+00 -3.03851891e+00  4.47515335e+01  2.97477932e+01
   9.78142722e-09  9.00000000e+00]
 [-3.54278183e+00 -3.45457649e+00  4.59624596e+01  3.04097233e+01
   4.54938842e-09  9.00000000e+00]]
2026-06-04 21:08:14 [DEBUG] 处理后检测输出形状: (0, 52)
2026-06-04 21:08:14 [DEBUG] 有效检测数量: 0
2026-06-04 21:08:14 [DEBUG] 检测输出为空
2026-06-04 21:08:14 [INFO] 掩码中检测到的类别: [0, 1, 2, 3, 4, 5, 6, 7, 8, 9, 10, 11, 12, 13, 14, 15]
2026-06-04 21:08:15 [INFO] 分割完成，检测到 0 个物体
2026-06-04 21:08:15 [INFO] 从分割掩码中提取检测结果
2026-06-04 21:08:15 [INFO] 从掩码中提取了 441 个检测框
2026-06-04 21:08:15 [INFO] 计算出的车框矩形边界: (1026, 618) to (3178, 1512)
2026-06-04 21:08:15 [INFO] 原始检测数: 441, 过滤后检测数: 201
2026-06-04 21:08:15 [INFO] 保存分割和检测结果到: C:\code\show\Scrap_Steel_In_Field\photos\segmentation\segment_20260604_210815.jpg
2026-06-04 21:08:15 [INFO] JSON结果保存到: C:\code\show\Scrap_Steel_In_Field\photos\segmentation_result.json
2026-06-04 21:08:15 [INFO] 类别统计：{0: 18, 1: 46, 2: 22, 3: 9, 4: 29, 5: 36, 6: 19, 7: 26, 8: 40, 9: 54, 10: 22, 11: 13, 12: 20, 13: 72, 14: 0, 15: 15}
2026-06-04 21:08:15 [INFO] 面积统计：{0: 3576132.0, 1: 592380.0, 2: 35496.0, 3: 151200.0, 4: 164844.0, 5: 46188.0, 6: 503496.0, 7: 40464.0, 8: 879084.0, 9: 199692.0, 10: 179712.0, 11: 354780.0, 12: 93888.0, 13: 720936.0, 14: 36.0, 15: 39528.0}
2026-06-04 21:08:15 [INFO] 分割成功
2026-06-04 21:08:15 [INFO] 引擎上下文已释放
2026-06-04 21:08:15 [INFO] TensorRT 引擎已释放
2026-06-04 21:08:15 [INFO] 全局 CUDA 资源已释放
2026-06-04 21:08:15 [INFO] 分割系统资源已释放
2026-06-04 21:08:19 [INFO] CUDA 初始化成功
2026-06-04 21:08:20 [INFO] 引擎加载成功: scrap_steel.engine
2026-06-04 21:08:20 [INFO] 分割系统初始化成功
2026-06-04 21:08:20 [INFO] 图像预处理完成，原始尺寸: (2160, 3840)
2026-06-04 21:08:20 [INFO] 开始执行分割...
2026-06-04 21:08:20 [DEBUG] 处理后的检测结果形状: (1, 8400, 6)
2026-06-04 21:08:20 [DEBUG] 示例检测结果: [[-4.12385559e+00 -3.25235653e+00  3.90978737e+01  1.52383432e+01
   3.87235701e-08  5.00000000e+00]
 [-6.55610275e+00 -3.06304359e+00  4.46312065e+01  2.96608906e+01
   9.68825020e-09  9.00000000e+00]
 [-3.58636856e+00 -3.48716927e+00  4.59263000e+01  3.03005619e+01
   4.52098448e-09  9.00000000e+00]]
2026-06-04 21:08:20 [DEBUG] 处理后检测输出形状: (0, 52)
2026-06-04 21:08:20 [DEBUG] 有效检测数量: 0
2026-06-04 21:08:20 [DEBUG] 检测输出为空
2026-06-04 21:08:20 [INFO] 掩码中检测到的类别: [0, 1, 2, 3, 4, 5, 6, 7, 8, 9, 10, 11, 12, 13, 14, 15]
2026-06-04 21:08:20 [INFO] 分割完成，检测到 0 个物体
2026-06-04 21:08:20 [INFO] 从分割掩码中提取检测结果
2026-06-04 21:08:20 [INFO] 从掩码中提取了 428 个检测框
2026-06-04 21:08:20 [INFO] 计算出的车框矩形边界: (1028, 618) to (3178, 1514)
2026-06-04 21:08:20 [INFO] 原始检测数: 428, 过滤后检测数: 206
2026-06-04 21:08:21 [INFO] 保存分割和检测结果到: C:\code\show\Scrap_Steel_In_Field\photos\segmentation\segment_20260604_210820.jpg
2026-06-04 21:08:21 [INFO] JSON结果保存到: C:\code\show\Scrap_Steel_In_Field\photos\segmentation_result.json
2026-06-04 21:08:21 [INFO] 类别统计：{0: 32, 1: 59, 2: 24, 3: 3, 4: 27, 5: 29, 6: 11, 7: 30, 8: 44, 9: 43, 10: 26, 11: 15, 12: 20, 13: 51, 14: 0, 15: 14}
2026-06-04 21:08:21 [INFO] 面积统计：{0: 3867336.0, 1: 638928.0, 2: 42120.0, 3: 161028.0, 4: 166716.0, 5: 54180.0, 6: 526608.0, 7: 41616.0, 8: 1005948.0, 9: 159804.0, 10: 182484.0, 11: 354024.0, 12: 78624.0, 13: 722376.0, 14: 36.0, 15: 29988.0}
2026-06-04 21:08:21 [INFO] 分割成功
2026-06-04 21:08:21 [INFO] 引擎上下文已释放
2026-06-04 21:08:21 [INFO] TensorRT 引擎已释放
2026-06-04 21:08:21 [INFO] 全局 CUDA 资源已释放
2026-06-04 21:08:21 [INFO] 分割系统资源已释放
2026-06-04 21:08:25 [INFO] CUDA 初始化成功
2026-06-04 21:08:25 [INFO] 引擎加载成功: scrap_steel.engine
2026-06-04 21:08:25 [INFO] 分割系统初始化成功
2026-06-04 21:08:25 [INFO] 图像预处理完成，原始尺寸: (2160, 3840)
2026-06-04 21:08:25 [INFO] 开始执行分割...
2026-06-04 21:08:25 [DEBUG] 处理后的检测结果形状: (1, 8400, 6)
2026-06-04 21:08:25 [DEBUG] 示例检测结果: [[-4.15490341e+00 -3.26627827e+00  3.91117134e+01  1.52516928e+01
   3.99638935e-08  5.00000000e+00]
 [-6.56187439e+00 -3.07519531e+00  4.45775452e+01  2.97214584e+01
   9.66967306e-09  9.00000000e+00]
 [-3.56007385e+00 -3.48447609e+00  4.58768082e+01  3.03227520e+01
   4.51798599e-09  9.00000000e+00]]
2026-06-04 21:08:25 [DEBUG] 处理后检测输出形状: (0, 52)
2026-06-04 21:08:25 [DEBUG] 有效检测数量: 0
2026-06-04 21:08:25 [DEBUG] 检测输出为空
2026-06-04 21:08:25 [INFO] 掩码中检测到的类别: [0, 1, 2, 3, 4, 5, 6, 7, 8, 9, 10, 11, 12, 13, 14, 15]
2026-06-04 21:08:25 [INFO] 分割完成，检测到 0 个物体
2026-06-04 21:08:25 [INFO] 从分割掩码中提取检测结果
2026-06-04 21:08:25 [INFO] 从掩码中提取了 427 个检测框
2026-06-04 21:08:25 [INFO] 计算出的车框矩形边界: (1027, 618) to (3175, 1519)
2026-06-04 21:08:25 [INFO] 原始检测数: 427, 过滤后检测数: 210
2026-06-04 21:08:26 [INFO] 保存分割和检测结果到: C:\code\show\Scrap_Steel_In_Field\photos\segmentation\segment_20260604_210825.jpg
2026-06-04 21:08:26 [INFO] JSON结果保存到: C:\code\show\Scrap_Steel_In_Field\photos\segmentation_result.json
2026-06-04 21:08:26 [INFO] 类别统计：{0: 36, 1: 51, 2: 23, 3: 3, 4: 27, 5: 27, 6: 18, 7: 25, 8: 41, 9: 48, 10: 24, 11: 15, 12: 18, 13: 54, 14: 0, 15: 17}
2026-06-04 21:08:26 [INFO] 面积统计：{0: 3532284.0, 1: 625284.0, 2: 40320.0, 3: 126720.0, 4: 145404.0, 5: 48240.0, 6: 513972.0, 7: 43020.0, 8: 942516.0, 9: 165024.0, 10: 179172.0, 11: 341496.0, 12: 92664.0, 13: 830556.0, 14: 36.0, 15: 32940.0}
2026-06-04 21:08:26 [INFO] 分割成功
2026-06-04 21:08:26 [INFO] 引擎上下文已释放
2026-06-04 21:08:26 [INFO] TensorRT 引擎已释放
2026-06-04 21:08:26 [INFO] 全局 CUDA 资源已释放
2026-06-04 21:08:26 [INFO] 分割系统资源已释放
2026-06-04 21:08:30 [INFO] CUDA 初始化成功
2026-06-04 21:08:30 [INFO] 引擎加载成功: scrap_steel.engine
2026-06-04 21:08:30 [INFO] 分割系统初始化成功
2026-06-04 21:08:30 [INFO] 图像预处理完成，原始尺寸: (2160, 3840)
2026-06-04 21:08:30 [INFO] 开始执行分割...
2026-06-04 21:08:30 [DEBUG] 处理后的检测结果形状: (1, 8400, 6)
2026-06-04 21:08:30 [DEBUG] 示例检测结果: [[-4.24900436e+00 -3.29877853e+00  3.97540054e+01  1.56771049e+01
   4.30375735e-08  5.00000000e+00]
 [-6.66323853e+00 -3.05821800e+00  4.47700500e+01  3.00266705e+01
   1.01592335e-08  9.00000000e+00]
 [-3.58347321e+00 -3.50170135e+00  4.60536804e+01  3.05594139e+01
   4.80991957e-09  9.00000000e+00]]
2026-06-04 21:08:30 [DEBUG] 处理后检测输出形状: (0, 52)
2026-06-04 21:08:30 [DEBUG] 有效检测数量: 0
2026-06-04 21:08:30 [DEBUG] 检测输出为空
2026-06-04 21:08:30 [INFO] 掩码中检测到的类别: [0, 1, 2, 3, 4, 5, 6, 7, 8, 9, 10, 11, 12, 13, 14, 15]
2026-06-04 21:08:30 [INFO] 分割完成，检测到 0 个物体
2026-06-04 21:08:30 [INFO] 从分割掩码中提取检测结果
2026-06-04 21:08:30 [INFO] 从掩码中提取了 504 个检测框
2026-06-04 21:08:30 [INFO] 计算出的车框矩形边界: (1028, 618) to (3178, 1512)
2026-06-04 21:08:30 [INFO] 原始检测数: 504, 过滤后检测数: 217
2026-06-04 21:08:31 [INFO] 保存分割和检测结果到: C:\code\show\Scrap_Steel_In_Field\photos\segmentation\segment_20260604_210830.jpg
2026-06-04 21:08:31 [INFO] JSON结果保存到: C:\code\show\Scrap_Steel_In_Field\photos\segmentation_result.json
2026-06-04 21:08:31 [INFO] 类别统计：{0: 41, 1: 68, 2: 25, 3: 0, 4: 36, 5: 36, 6: 19, 7: 32, 8: 50, 9: 52, 10: 33, 11: 20, 12: 18, 13: 51, 14: 0, 15: 23}
2026-06-04 21:08:31 [INFO] 面积统计：{0: 3350160.0, 1: 672408.0, 2: 43884.0, 3: 127404.0, 4: 214740.0, 5: 71676.0, 6: 545400.0, 7: 39636.0, 8: 897408.0, 9: 355752.0, 10: 239148.0, 11: 344196.0, 12: 86832.0, 13: 651276.0, 14: 36.0, 15: 35136.0}
2026-06-04 21:08:31 [INFO] 分割成功
2026-06-04 21:08:31 [INFO] 引擎上下文已释放
2026-06-04 21:08:31 [INFO] TensorRT 引擎已释放
2026-06-04 21:08:31 [INFO] 全局 CUDA 资源已释放
2026-06-04 21:08:31 [INFO] 分割系统资源已释放
2026-06-04 21:08:35 [INFO] CUDA 初始化成功
2026-06-04 21:08:35 [INFO] 引擎加载成功: scrap_steel.engine
2026-06-04 21:08:35 [INFO] 分割系统初始化成功
2026-06-04 21:08:35 [INFO] 图像预处理完成，原始尺寸: (2160, 3840)
2026-06-04 21:08:35 [INFO] 开始执行分割...
2026-06-04 21:08:35 [DEBUG] 处理后的检测结果形状: (1, 8400, 6)
2026-06-04 21:08:35 [DEBUG] 示例检测结果: [[-4.13429642e+00 -3.24608803e+00  3.92511902e+01  1.52979355e+01
   3.98025612e-08  5.00000000e+00]
 [-6.53852081e+00 -3.04395771e+00  4.47193985e+01  2.98103828e+01
   9.70675984e-09  9.00000000e+00]
 [-3.51866150e+00 -3.44589043e+00  4.59527588e+01  3.03716259e+01
   4.55145255e-09  9.00000000e+00]]
2026-06-04 21:08:35 [DEBUG] 处理后检测输出形状: (0, 52)
2026-06-04 21:08:35 [DEBUG] 有效检测数量: 0
2026-06-04 21:08:35 [DEBUG] 检测输出为空
2026-06-04 21:08:35 [INFO] 掩码中检测到的类别: [0, 1, 2, 3, 4, 5, 6, 7, 8, 9, 10, 11, 12, 13, 14, 15]
2026-06-04 21:08:35 [INFO] 分割完成，检测到 0 个物体
2026-06-04 21:08:35 [INFO] 从分割掩码中提取检测结果
2026-06-04 21:08:36 [INFO] 从掩码中提取了 481 个检测框
2026-06-04 21:08:36 [INFO] 计算出的车框矩形边界: (1028, 618) to (3178, 1513)
2026-06-04 21:08:36 [INFO] 原始检测数: 481, 过滤后检测数: 195
2026-06-04 21:08:36 [INFO] 保存分割和检测结果到: C:\code\show\Scrap_Steel_In_Field\photos\segmentation\segment_20260604_210836.jpg
2026-06-04 21:08:36 [INFO] JSON结果保存到: C:\code\show\Scrap_Steel_In_Field\photos\segmentation_result.json
2026-06-04 21:08:36 [INFO] 类别统计：{0: 14, 1: 63, 2: 27, 3: 5, 4: 26, 5: 38, 6: 25, 7: 26, 8: 55, 9: 65, 10: 28, 11: 17, 12: 16, 13: 64, 14: 0, 15: 12}
2026-06-04 21:08:36 [INFO] 面积统计：{0: 3698136.0, 1: 700848.0, 2: 46620.0, 3: 134496.0, 4: 212292.0, 5: 64656.0, 6: 559908.0, 7: 45684.0, 8: 965556.0, 9: 261648.0, 10: 194148.0, 11: 348156.0, 12: 75420.0, 13: 657216.0, 14: 36.0, 15: 34848.0}
2026-06-04 21:08:36 [INFO] 分割成功
2026-06-04 21:08:36 [INFO] 引擎上下文已释放
2026-06-04 21:08:36 [INFO] TensorRT 引擎已释放
2026-06-04 21:08:36 [INFO] 全局 CUDA 资源已释放
2026-06-04 21:08:36 [INFO] 分割系统资源已释放
