2026-06-22 17:57:43 [INFO] CUDA 初始化成功
2026-06-22 17:57:43 [INFO] 引擎加载成功: scrap_steel.engine
2026-06-22 17:57:43 [INFO] 分割系统初始化成功
2026-06-22 17:57:46 [INFO] 引擎加载成功: scrap_steel.engine
2026-06-22 17:57:46 [INFO] 分割系统初始化成功
2026-06-22 17:57:46 [INFO] 图像预处理完成，原始尺寸: (2160, 3840)
2026-06-22 17:57:46 [INFO] 开始执行分割...
2026-06-22 17:57:46 [ERROR] 推理过程发生异常: explicit_context_dependent failed: invalid device context - no currently active context?
2026-06-22 17:57:46 [INFO] 分割完成，检测到 0 个物体
2026-06-22 17:57:46 [ERROR] 保存结果失败: 'NoneType' object has no attribute 'astype'
2026-06-22 17:57:46 [ERROR] 分割失败: 未能生成有效的分割掩码
2026-06-22 17:57:46 [INFO] 引擎上下文已释放
2026-06-22 17:57:46 [INFO] TensorRT 引擎已释放
2026-06-22 17:57:46 [INFO] 全局 CUDA 资源已释放
2026-06-22 17:57:46 [INFO] 分割系统资源已释放
2026-06-22 17:57:52 [INFO] CUDA 初始化成功
2026-06-22 17:57:52 [INFO] 引擎加载成功: scrap_steel.engine
2026-06-22 17:57:52 [INFO] 分割系统初始化成功
2026-06-22 17:57:52 [INFO] 图像预处理完成，原始尺寸: (2160, 3840)
2026-06-22 17:57:52 [INFO] 开始执行分割...
2026-06-22 17:57:52 [DEBUG] 处理后的检测结果形状: (1, 8400, 6)
2026-06-22 17:57:52 [DEBUG] 示例检测结果: [[-4.12523651e+00 -3.16968155e+00  3.93934708e+01  1.48325253e+01
   3.61184931e-08  5.00000000e+00]
 [-6.61995316e+00 -2.93747520e+00  4.48531113e+01  2.88762360e+01
   8.92721097e-09  9.00000000e+00]
 [-3.68053436e+00 -3.31892109e+00  4.59137192e+01  2.96453133e+01
   4.16768042e-09  9.00000000e+00]]
2026-06-22 17:57:52 [DEBUG] 处理后检测输出形状: (0, 52)
2026-06-22 17:57:52 [DEBUG] 有效检测数量: 0
2026-06-22 17:57:52 [DEBUG] 检测输出为空
2026-06-22 17:57:52 [INFO] 掩码中检测到的类别: [0, 1, 2, 3, 4, 5, 6, 7, 8, 9, 10, 11, 12, 13, 15]
2026-06-22 17:57:52 [INFO] 分割完成，检测到 0 个物体
2026-06-22 17:57:52 [INFO] 从分割掩码中提取检测结果
2026-06-22 17:57:53 [INFO] 从掩码中提取了 516 个检测框
2026-06-22 17:57:53 [INFO] 计算出的车框矩形边界: (1488, 1767) to (2195, 1870)
2026-06-22 17:57:53 [INFO] 原始检测数: 516, 过滤后检测数: 6
2026-06-22 17:57:53 [INFO] 保存分割和检测结果到: C:\code\show\Scrap_Steel_In_Field\photos\segmentation\segment_20260622_175753.jpg
2026-06-22 17:57:53 [INFO] JSON结果保存到: C:\code\show\Scrap_Steel_In_Field\photos\segmentation_result.json
2026-06-22 17:57:53 [INFO] 类别统计：{0: 33, 1: 48, 2: 18, 3: 8, 4: 20, 5: 16, 6: 22, 7: 15, 8: 78, 9: 54, 10: 9, 11: 26, 12: 2, 13: 109, 14: 0, 15: 58}
2026-06-22 17:57:53 [INFO] 面积统计：{0: 3143412.0, 1: 313308.0, 2: 19044.0, 3: 148392.0, 4: 134568.0, 5: 66600.0, 6: 489852.0, 7: 47808.0, 8: 1424052.0, 9: 240084.0, 10: 82692.0, 11: 268200.0, 12: 7056.0, 13: 899928.0, 15: 224244.0}
2026-06-22 17:57:53 [INFO] 分割成功
2026-06-22 17:57:53 [INFO] 引擎上下文已释放
2026-06-22 17:57:53 [INFO] TensorRT 引擎已释放
2026-06-22 17:57:53 [INFO] 全局 CUDA 资源已释放
2026-06-22 17:57:53 [INFO] 分割系统资源已释放
2026-06-22 17:57:57 [INFO] CUDA 初始化成功
2026-06-22 17:57:57 [INFO] 引擎加载成功: scrap_steel.engine
2026-06-22 17:57:57 [INFO] 分割系统初始化成功
2026-06-22 17:57:57 [INFO] 图像预处理完成，原始尺寸: (2160, 3840)
2026-06-22 17:57:57 [INFO] 开始执行分割...
2026-06-22 17:57:57 [DEBUG] 处理后的检测结果形状: (1, 8400, 6)
2026-06-22 17:57:57 [DEBUG] 示例检测结果: [[-4.11560059e+00 -3.13717985e+00  3.92523460e+01  1.47309494e+01
   3.59688421e-08  5.00000000e+00]
 [-6.63535690e+00 -2.91585350e+00  4.47219353e+01  2.87247658e+01
   9.03252406e-09  9.00000000e+00]
 [-3.66971588e+00 -3.29574203e+00  4.58396873e+01  2.95462189e+01
   4.18410906e-09  9.00000000e+00]]
2026-06-22 17:57:57 [DEBUG] 处理后检测输出形状: (0, 52)
2026-06-22 17:57:57 [DEBUG] 有效检测数量: 0
2026-06-22 17:57:57 [DEBUG] 检测输出为空
2026-06-22 17:57:58 [INFO] 掩码中检测到的类别: [0, 1, 2, 3, 4, 5, 6, 7, 8, 9, 10, 11, 12, 13, 15]
2026-06-22 17:57:58 [INFO] 分割完成，检测到 0 个物体
2026-06-22 17:57:58 [INFO] 从分割掩码中提取检测结果
2026-06-22 17:57:58 [INFO] 从掩码中提取了 463 个检测框
2026-06-22 17:57:58 [ERROR] 保存结果失败: 'NoneType' object has no attribute 'astype'
2026-06-22 17:57:58 [INFO] 分割成功
2026-06-22 17:57:58 [INFO] 引擎上下文已释放
2026-06-22 17:57:58 [INFO] TensorRT 引擎已释放
2026-06-22 17:57:58 [INFO] 全局 CUDA 资源已释放
2026-06-22 17:57:58 [INFO] 分割系统资源已释放
2026-06-22 17:58:03 [INFO] CUDA 初始化成功
2026-06-22 17:58:03 [INFO] 引擎加载成功: scrap_steel.engine
2026-06-22 17:58:03 [INFO] 分割系统初始化成功
2026-06-22 17:58:03 [INFO] 图像预处理完成，原始尺寸: (2160, 3840)
2026-06-22 17:58:03 [INFO] 开始执行分割...
2026-06-22 17:58:03 [DEBUG] 处理后的检测结果形状: (1, 8400, 6)
2026-06-22 17:58:03 [DEBUG] 示例检测结果: [[-4.09338760e+00 -3.15698957e+00  3.93133125e+01  1.47913399e+01
   3.62519188e-08  5.00000000e+00]
 [-6.59521484e+00 -2.93574142e+00  4.48432961e+01  2.88982487e+01
   8.85785845e-09  9.00000000e+00]
 [-3.62226105e+00 -3.28035545e+00  4.59056091e+01  2.96420918e+01
   4.13554702e-09  9.00000000e+00]]
2026-06-22 17:58:03 [DEBUG] 处理后检测输出形状: (0, 52)
2026-06-22 17:58:03 [DEBUG] 有效检测数量: 0
2026-06-22 17:58:03 [DEBUG] 检测输出为空
2026-06-22 17:58:03 [INFO] 掩码中检测到的类别: [0, 1, 2, 3, 4, 5, 6, 7, 8, 9, 10, 11, 12, 13, 15]
2026-06-22 17:58:03 [INFO] 分割完成，检测到 0 个物体
2026-06-22 17:58:03 [INFO] 从分割掩码中提取检测结果
2026-06-22 17:58:03 [INFO] 从掩码中提取了 473 个检测框
2026-06-22 17:58:03 [INFO] 计算出的车框矩形边界: (1501, 1785) to (2195, 1874)
2026-06-22 17:58:03 [INFO] 原始检测数: 473, 过滤后检测数: 5
2026-06-22 17:58:04 [INFO] 保存分割和检测结果到: C:\code\show\Scrap_Steel_In_Field\photos\segmentation\segment_20260622_175803.jpg
2026-06-22 17:58:04 [INFO] JSON结果保存到: C:\code\show\Scrap_Steel_In_Field\photos\segmentation_result.json
2026-06-22 17:58:04 [INFO] 类别统计：{0: 25, 1: 48, 2: 13, 3: 7, 4: 14, 5: 19, 6: 16, 7: 18, 8: 68, 9: 55, 10: 8, 11: 24, 12: 1, 13: 106, 14: 0, 15: 51}
2026-06-22 17:58:04 [INFO] 面积统计：{0: 3357828.0, 1: 346644.0, 2: 18036.0, 3: 137232.0, 4: 103572.0, 5: 80208.0, 6: 493128.0, 7: 46440.0, 8: 1405764.0, 9: 272520.0, 10: 74196.0, 11: 275976.0, 12: 6948.0, 13: 868248.0, 15: 180648.0}
2026-06-22 17:58:04 [INFO] 分割成功
2026-06-22 17:58:04 [INFO] 引擎上下文已释放
2026-06-22 17:58:04 [INFO] TensorRT 引擎已释放
2026-06-22 17:58:04 [INFO] 全局 CUDA 资源已释放
2026-06-22 17:58:04 [INFO] 分割系统资源已释放
2026-06-22 17:58:10 [INFO] CUDA 初始化成功
2026-06-22 17:58:10 [INFO] 引擎加载成功: scrap_steel.engine
2026-06-22 17:58:10 [INFO] 分割系统初始化成功
2026-06-22 17:58:10 [INFO] 图像预处理完成，原始尺寸: (2160, 3840)
2026-06-22 17:58:10 [INFO] 开始执行分割...
2026-06-22 17:58:10 [DEBUG] 处理后的检测结果形状: (1, 8400, 6)
2026-06-22 17:58:10 [DEBUG] 示例检测结果: [[-4.11402512e+00 -3.13640785e+00  3.93495827e+01  1.47399616e+01
   3.68307447e-08  5.00000000e+00]
 [-6.62582397e+00 -2.92272186e+00  4.47878342e+01  2.88281136e+01
   9.00129571e-09  9.00000000e+00]
 [-3.64017487e+00 -3.29283619e+00  4.58823242e+01  2.96518211e+01
   4.21761293e-09  9.00000000e+00]]
2026-06-22 17:58:10 [DEBUG] 处理后检测输出形状: (0, 52)
2026-06-22 17:58:10 [DEBUG] 有效检测数量: 0
2026-06-22 17:58:10 [DEBUG] 检测输出为空
2026-06-22 17:58:10 [INFO] 掩码中检测到的类别: [0, 1, 2, 3, 4, 5, 6, 7, 8, 9, 10, 11, 12, 13, 15]
2026-06-22 17:58:10 [INFO] 分割完成，检测到 0 个物体
2026-06-22 17:58:10 [INFO] 从分割掩码中提取检测结果
2026-06-22 17:58:11 [INFO] 从掩码中提取了 486 个检测框
2026-06-22 17:58:11 [ERROR] 保存结果失败: 'NoneType' object has no attribute 'astype'
2026-06-22 17:58:11 [INFO] 分割成功
2026-06-22 17:58:11 [INFO] 引擎上下文已释放
2026-06-22 17:58:11 [INFO] TensorRT 引擎已释放
2026-06-22 17:58:11 [INFO] 全局 CUDA 资源已释放
2026-06-22 17:58:11 [INFO] 分割系统资源已释放
2026-06-22 17:58:14 [INFO] CUDA 初始化成功
2026-06-22 17:58:14 [INFO] 引擎加载成功: scrap_steel.engine
2026-06-22 17:58:14 [INFO] 分割系统初始化成功
2026-06-22 17:58:14 [INFO] 图像预处理完成，原始尺寸: (2160, 3840)
2026-06-22 17:58:14 [INFO] 开始执行分割...
2026-06-22 17:58:15 [DEBUG] 处理后的检测结果形状: (1, 8400, 6)
2026-06-22 17:58:15 [DEBUG] 示例检测结果: [[-4.11339569e+00 -3.14343452e+00  3.92425041e+01  1.47018814e+01
   3.71127307e-08  5.00000000e+00]
 [-6.63120270e+00 -2.92226219e+00  4.47924881e+01  2.87710228e+01
   8.96962504e-09  9.00000000e+00]
 [-3.68092346e+00 -3.29090881e+00  4.58636169e+01  2.95555420e+01
   4.20093116e-09  9.00000000e+00]]
2026-06-22 17:58:15 [DEBUG] 处理后检测输出形状: (0, 52)
2026-06-22 17:58:15 [DEBUG] 有效检测数量: 0
2026-06-22 17:58:15 [DEBUG] 检测输出为空
2026-06-22 17:58:15 [INFO] 掩码中检测到的类别: [0, 1, 2, 3, 4, 5, 6, 7, 8, 9, 10, 11, 12, 13, 15]
2026-06-22 17:58:15 [INFO] 分割完成，检测到 0 个物体
2026-06-22 17:58:15 [INFO] 从分割掩码中提取检测结果
2026-06-22 17:58:15 [INFO] 从掩码中提取了 445 个检测框
2026-06-22 17:58:15 [INFO] 计算出的车框矩形边界: (1400, 1788) to (2194, 1881)
2026-06-22 17:58:15 [INFO] 原始检测数: 445, 过滤后检测数: 7
2026-06-22 17:58:15 [INFO] 保存分割和检测结果到: C:\code\show\Scrap_Steel_In_Field\photos\segmentation\segment_20260622_175815.jpg
2026-06-22 17:58:15 [INFO] JSON结果保存到: C:\code\show\Scrap_Steel_In_Field\photos\segmentation_result.json
2026-06-22 17:58:15 [INFO] 类别统计：{0: 24, 1: 53, 2: 15, 3: 3, 4: 20, 5: 16, 6: 20, 7: 16, 8: 66, 9: 48, 10: 7, 11: 19, 12: 2, 13: 88, 14: 0, 15: 48}
2026-06-22 17:58:15 [INFO] 面积统计：{0: 3072384.0, 1: 432396.0, 2: 24156.0, 3: 134748.0, 4: 123804.0, 5: 66600.0, 6: 498852.0, 7: 35820.0, 8: 1417320.0, 9: 299304.0, 10: 54288.0, 11: 238176.0, 12: 8172.0, 13: 853920.0, 15: 213804.0}
2026-06-22 17:58:15 [INFO] 分割成功
2026-06-22 17:58:15 [INFO] 引擎上下文已释放
2026-06-22 17:58:15 [INFO] TensorRT 引擎已释放
2026-06-22 17:58:15 [INFO] 全局 CUDA 资源已释放
2026-06-22 17:58:15 [INFO] 分割系统资源已释放
2026-06-22 17:58:20 [INFO] CUDA 初始化成功
2026-06-22 17:58:20 [INFO] 引擎加载成功: scrap_steel.engine
2026-06-22 17:58:20 [INFO] 分割系统初始化成功
2026-06-22 17:58:20 [INFO] 图像预处理完成，原始尺寸: (2160, 3840)
2026-06-22 17:58:20 [INFO] 开始执行分割...
2026-06-22 17:58:20 [DEBUG] 处理后的检测结果形状: (1, 8400, 6)
2026-06-22 17:58:20 [DEBUG] 示例检测结果: [[-4.05846405e+00 -3.16383743e+00  3.90957718e+01  1.48073807e+01
   3.76770224e-08  5.00000000e+00]
 [-6.58654022e+00 -2.97062111e+00  4.46057739e+01  2.87742710e+01
   9.13351794e-09  9.00000000e+00]
 [-3.64931107e+00 -3.37529564e+00  4.58268433e+01  2.96721821e+01
   4.21729052e-09  9.00000000e+00]]
2026-06-22 17:58:20 [DEBUG] 处理后检测输出形状: (0, 52)
2026-06-22 17:58:20 [DEBUG] 有效检测数量: 0
2026-06-22 17:58:20 [DEBUG] 检测输出为空
2026-06-22 17:58:20 [INFO] 掩码中检测到的类别: [0, 1, 2, 3, 4, 5, 6, 7, 8, 9, 10, 11, 12, 13, 15]
2026-06-22 17:58:20 [INFO] 分割完成，检测到 0 个物体
2026-06-22 17:58:20 [INFO] 从分割掩码中提取检测结果
2026-06-22 17:58:20 [INFO] 从掩码中提取了 432 个检测框
2026-06-22 17:58:20 [ERROR] 保存结果失败: 'NoneType' object has no attribute 'astype'
2026-06-22 17:58:20 [INFO] 分割成功
2026-06-22 17:58:20 [INFO] 引擎上下文已释放
2026-06-22 17:58:20 [INFO] TensorRT 引擎已释放
2026-06-22 17:58:20 [INFO] 全局 CUDA 资源已释放
2026-06-22 17:58:20 [INFO] 分割系统资源已释放
2026-06-22 17:58:25 [INFO] CUDA 初始化成功
2026-06-22 17:58:25 [INFO] 引擎加载成功: scrap_steel.engine
2026-06-22 17:58:25 [INFO] 分割系统初始化成功
2026-06-22 17:58:25 [INFO] 图像预处理完成，原始尺寸: (2160, 3840)
2026-06-22 17:58:25 [INFO] 开始执行分割...
2026-06-22 17:58:25 [DEBUG] 处理后的检测结果形状: (1, 8400, 6)
2026-06-22 17:58:25 [DEBUG] 示例检测结果: [[-4.04907227e+00 -3.32650375e+00  4.01733437e+01  1.58780708e+01
   4.07828047e-08  5.00000000e+00]
 [-6.12289047e+00 -2.98812866e+00  4.51416817e+01  3.07601967e+01
   9.08265463e-09  9.00000000e+00]
 [-3.31750488e+00 -3.36556053e+00  4.60436172e+01  3.11620121e+01
   4.12681089e-09  9.00000000e+00]]
2026-06-22 17:58:25 [DEBUG] 处理后检测输出形状: (0, 52)
2026-06-22 17:58:25 [DEBUG] 有效检测数量: 0
2026-06-22 17:58:25 [DEBUG] 检测输出为空
2026-06-22 17:58:25 [INFO] 掩码中检测到的类别: [0, 1, 2, 3, 4, 5, 6, 7, 8, 9, 10, 11, 12, 13, 15]
2026-06-22 17:58:25 [INFO] 分割完成，检测到 0 个物体
2026-06-22 17:58:25 [INFO] 从分割掩码中提取检测结果
2026-06-22 17:58:26 [INFO] 从掩码中提取了 326 个检测框
2026-06-22 17:58:26 [ERROR] 保存结果失败: 'NoneType' object has no attribute 'astype'
2026-06-22 17:58:26 [INFO] 分割成功
2026-06-22 17:58:26 [INFO] 引擎上下文已释放
2026-06-22 17:58:26 [INFO] TensorRT 引擎已释放
2026-06-22 17:58:26 [INFO] 全局 CUDA 资源已释放
2026-06-22 17:58:26 [INFO] 分割系统资源已释放
2026-06-22 17:58:31 [INFO] CUDA 初始化成功
2026-06-22 17:58:31 [INFO] 引擎加载成功: scrap_steel.engine
2026-06-22 17:58:31 [INFO] 分割系统初始化成功
2026-06-22 17:58:31 [INFO] 图像预处理完成，原始尺寸: (2160, 3840)
2026-06-22 17:58:31 [INFO] 开始执行分割...
2026-06-22 17:58:31 [DEBUG] 处理后的检测结果形状: (1, 8400, 6)
2026-06-22 17:58:31 [DEBUG] 示例检测结果: [[-4.11001205e+00 -3.12912464e+00  3.92924614e+01  1.46387167e+01
   3.62519188e-08  5.00000000e+00]
 [-6.67367935e+00 -2.92179871e+00  4.48964958e+01  2.89006691e+01
   8.93136765e-09  9.00000000e+00]
 [-3.67372131e+00 -3.29159832e+00  4.59336166e+01  2.96817284e+01
   4.16768042e-09  9.00000000e+00]]
2026-06-22 17:58:31 [DEBUG] 处理后检测输出形状: (0, 52)
2026-06-22 17:58:31 [DEBUG] 有效检测数量: 0
2026-06-22 17:58:31 [DEBUG] 检测输出为空
2026-06-22 17:58:31 [INFO] 掩码中检测到的类别: [0, 1, 2, 3, 4, 5, 6, 7, 8, 9, 10, 11, 12, 13, 15]
2026-06-22 17:58:31 [INFO] 分割完成，检测到 0 个物体
2026-06-22 17:58:31 [INFO] 从分割掩码中提取检测结果
2026-06-22 17:58:31 [INFO] 从掩码中提取了 432 个检测框
2026-06-22 17:58:31 [ERROR] 保存结果失败: 'NoneType' object has no attribute 'astype'
2026-06-22 17:58:31 [INFO] 分割成功
2026-06-22 17:58:31 [INFO] 引擎上下文已释放
2026-06-22 17:58:31 [INFO] TensorRT 引擎已释放
2026-06-22 17:58:31 [INFO] 全局 CUDA 资源已释放
2026-06-22 17:58:31 [INFO] 分割系统资源已释放
2026-06-22 17:58:36 [INFO] CUDA 初始化成功
2026-06-22 17:58:36 [INFO] 引擎加载成功: scrap_steel.engine
2026-06-22 17:58:36 [INFO] 分割系统初始化成功
2026-06-22 17:58:36 [INFO] 图像预处理完成，原始尺寸: (2160, 3840)
2026-06-22 17:58:36 [INFO] 开始执行分割...
2026-06-22 17:58:36 [DEBUG] 处理后的检测结果形状: (1, 8400, 6)
2026-06-22 17:58:36 [DEBUG] 示例检测结果: [[-4.09924698e+00 -3.20107937e+00  3.97190056e+01  1.49543161e+01
   3.73983617e-08  5.00000000e+00]
 [-6.69113541e+00 -3.00729561e+00  4.52629013e+01  2.93759098e+01
   9.01247077e-09  9.00000000e+00]
 [-3.58948517e+00 -3.27013779e+00  4.61214867e+01  3.01766548e+01
   4.27200675e-09  9.00000000e+00]]
2026-06-22 17:58:36 [DEBUG] 处理后检测输出形状: (0, 52)
2026-06-22 17:58:36 [DEBUG] 有效检测数量: 0
2026-06-22 17:58:36 [DEBUG] 检测输出为空
2026-06-22 17:58:36 [INFO] 掩码中检测到的类别: [0, 1, 2, 3, 4, 5, 6, 7, 8, 9, 10, 11, 12, 13, 15]
2026-06-22 17:58:36 [INFO] 分割完成，检测到 0 个物体
2026-06-22 17:58:36 [INFO] 从分割掩码中提取检测结果
2026-06-22 17:58:36 [INFO] 从掩码中提取了 381 个检测框
2026-06-22 17:58:36 [ERROR] 保存结果失败: 'NoneType' object has no attribute 'astype'
2026-06-22 17:58:36 [INFO] 分割成功
2026-06-22 17:58:36 [INFO] 引擎上下文已释放
2026-06-22 17:58:36 [INFO] TensorRT 引擎已释放
2026-06-22 17:58:36 [INFO] 全局 CUDA 资源已释放
2026-06-22 17:58:36 [INFO] 分割系统资源已释放
2026-06-22 17:58:41 [INFO] CUDA 初始化成功
2026-06-22 17:58:41 [INFO] 引擎加载成功: scrap_steel.engine
2026-06-22 17:58:41 [INFO] 分割系统初始化成功
2026-06-22 17:58:41 [INFO] 图像预处理完成，原始尺寸: (2160, 3840)
2026-06-22 17:58:41 [INFO] 开始执行分割...
2026-06-22 17:58:41 [DEBUG] 处理后的检测结果形状: (1, 8400, 6)
2026-06-22 17:58:41 [DEBUG] 示例检测结果: [[-4.16224289e+00 -3.17798376e+00  3.93386726e+01  1.48404789e+01
   3.59651082e-08  5.00000000e+00]
 [-6.69554520e+00 -2.99838257e+00  4.47166443e+01  2.89378357e+01
   9.25122379e-09  9.00000000e+00]
 [-3.69471359e+00 -3.40837574e+00  4.59049683e+01  2.97335815e+01
   4.28303792e-09  9.00000000e+00]]
2026-06-22 17:58:41 [DEBUG] 处理后检测输出形状: (0, 52)
2026-06-22 17:58:41 [DEBUG] 有效检测数量: 0
2026-06-22 17:58:41 [DEBUG] 检测输出为空
2026-06-22 17:58:41 [INFO] 掩码中检测到的类别: [0, 1, 2, 3, 4, 5, 6, 7, 8, 9, 10, 11, 12, 13, 15]
2026-06-22 17:58:41 [INFO] 分割完成，检测到 0 个物体
2026-06-22 17:58:41 [INFO] 从分割掩码中提取检测结果
2026-06-22 17:58:42 [INFO] 从掩码中提取了 382 个检测框
2026-06-22 17:58:42 [INFO] 计算出的车框矩形边界: (1386, 1788) to (2190, 1897)
2026-06-22 17:58:42 [INFO] 原始检测数: 382, 过滤后检测数: 2
2026-06-22 17:58:42 [INFO] 保存分割和检测结果到: C:\code\show\Scrap_Steel_In_Field\photos\segmentation\segment_20260622_175842.jpg
2026-06-22 17:58:42 [INFO] JSON结果保存到: C:\code\show\Scrap_Steel_In_Field\photos\segmentation_result.json
2026-06-22 17:58:42 [INFO] 类别统计：{0: 18, 1: 35, 2: 8, 3: 7, 4: 16, 5: 33, 6: 25, 7: 17, 8: 44, 9: 38, 10: 12, 11: 12, 12: 15, 13: 69, 14: 0, 15: 33}
2026-06-22 17:58:42 [INFO] 面积统计：{0: 1904364.0, 1: 110268.0, 2: 38412.0, 3: 194616.0, 4: 105156.0, 5: 77364.0, 6: 1150308.0, 7: 49212.0, 8: 1078848.0, 9: 410580.0, 10: 101232.0, 11: 255744.0, 12: 165456.0, 13: 708660.0, 15: 126792.0}
2026-06-22 17:58:42 [INFO] 分割成功
2026-06-22 17:58:42 [INFO] 引擎上下文已释放
2026-06-22 17:58:42 [INFO] TensorRT 引擎已释放
2026-06-22 17:58:42 [INFO] 全局 CUDA 资源已释放
2026-06-22 17:58:42 [INFO] 分割系统资源已释放
2026-06-22 17:58:46 [INFO] CUDA 初始化成功
2026-06-22 17:58:47 [INFO] 引擎加载成功: scrap_steel.engine
2026-06-22 17:58:47 [INFO] 分割系统初始化成功
2026-06-22 17:58:47 [INFO] 图像预处理完成，原始尺寸: (2160, 3840)
2026-06-22 17:58:47 [INFO] 开始执行分割...
2026-06-22 17:58:47 [DEBUG] 处理后的检测结果形状: (1, 8400, 6)
2026-06-22 17:58:47 [DEBUG] 示例检测结果: [[-4.09724808e+00 -3.15232182e+00  3.91721153e+01  1.47045183e+01
   3.71067799e-08  5.00000000e+00]
 [-6.64802551e+00 -2.93486595e+00  4.47804565e+01  2.88059864e+01
   9.07538045e-09  9.00000000e+00]
 [-3.66613770e+00 -3.31615257e+00  4.58781509e+01  2.96756344e+01
   4.26712710e-09  9.00000000e+00]]
2026-06-22 17:58:47 [DEBUG] 处理后检测输出形状: (0, 52)
2026-06-22 17:58:47 [DEBUG] 有效检测数量: 0
2026-06-22 17:58:47 [DEBUG] 检测输出为空
2026-06-22 17:58:47 [INFO] 掩码中检测到的类别: [0, 1, 2, 3, 4, 5, 6, 7, 8, 9, 10, 11, 12, 13, 15]
2026-06-22 17:58:47 [INFO] 分割完成，检测到 0 个物体
2026-06-22 17:58:47 [INFO] 从分割掩码中提取检测结果
2026-06-22 17:58:47 [INFO] 从掩码中提取了 410 个检测框
2026-06-22 17:58:48 [ERROR] 保存结果失败: 'NoneType' object has no attribute 'astype'
2026-06-22 17:58:48 [INFO] 分割成功
2026-06-22 17:58:48 [INFO] 引擎上下文已释放
2026-06-22 17:58:48 [INFO] TensorRT 引擎已释放
2026-06-22 17:58:48 [INFO] 全局 CUDA 资源已释放
2026-06-22 17:58:48 [INFO] 分割系统资源已释放
2026-06-22 17:58:52 [INFO] CUDA 初始化成功
2026-06-22 17:58:52 [INFO] 引擎加载成功: scrap_steel.engine
2026-06-22 17:58:52 [INFO] 分割系统初始化成功
2026-06-22 17:58:52 [INFO] 图像预处理完成，原始尺寸: (2160, 3840)
2026-06-22 17:58:52 [INFO] 开始执行分割...
2026-06-22 17:58:52 [DEBUG] 处理后的检测结果形状: (1, 8400, 6)
2026-06-22 17:58:52 [DEBUG] 示例检测结果: [[-4.11268234e+00 -3.15653229e+00  3.92103195e+01  1.47963505e+01
   3.69750879e-08  5.00000000e+00]
 [-6.60588455e+00 -2.93492317e+00  4.47050438e+01  2.88325100e+01
   9.21496479e-09  9.00000000e+00]
 [-3.62336349e+00 -3.31969452e+00  4.58235435e+01  2.96045914e+01
   4.23352020e-09  9.00000000e+00]]
2026-06-22 17:58:52 [DEBUG] 处理后检测输出形状: (0, 52)
2026-06-22 17:58:52 [DEBUG] 有效检测数量: 0
2026-06-22 17:58:52 [DEBUG] 检测输出为空
2026-06-22 17:58:52 [INFO] 掩码中检测到的类别: [0, 1, 2, 3, 4, 5, 6, 7, 8, 9, 10, 11, 12, 13, 15]
2026-06-22 17:58:52 [INFO] 分割完成，检测到 0 个物体
2026-06-22 17:58:52 [INFO] 从分割掩码中提取检测结果
2026-06-22 17:58:52 [INFO] 从掩码中提取了 474 个检测框
2026-06-22 17:58:52 [INFO] 计算出的车框矩形边界: (1510, 1778) to (2195, 1876)
2026-06-22 17:58:52 [INFO] 原始检测数: 474, 过滤后检测数: 6
2026-06-22 17:58:53 [INFO] 保存分割和检测结果到: C:\code\show\Scrap_Steel_In_Field\photos\segmentation\segment_20260622_175852.jpg
2026-06-22 17:58:53 [INFO] JSON结果保存到: C:\code\show\Scrap_Steel_In_Field\photos\segmentation_result.json
2026-06-22 17:58:53 [INFO] 类别统计：{0: 42, 1: 53, 2: 8, 3: 5, 4: 20, 5: 17, 6: 17, 7: 12, 8: 74, 9: 45, 10: 8, 11: 25, 12: 1, 13: 97, 14: 0, 15: 50}
2026-06-22 17:58:53 [INFO] 面积统计：{0: 2851092.0, 1: 256320.0, 2: 12204.0, 3: 137232.0, 4: 117324.0, 5: 59220.0, 6: 760788.0, 7: 31284.0, 8: 1802052.0, 9: 217836.0, 10: 85716.0, 11: 263556.0, 12: 8100.0, 13: 827712.0, 15: 140040.0}
2026-06-22 17:58:53 [INFO] 分割成功
2026-06-22 17:58:53 [INFO] 引擎上下文已释放
2026-06-22 17:58:53 [INFO] TensorRT 引擎已释放
2026-06-22 17:58:53 [INFO] 全局 CUDA 资源已释放
2026-06-22 17:58:53 [INFO] 分割系统资源已释放
2026-06-22 17:58:57 [INFO] CUDA 初始化成功
2026-06-22 17:58:57 [INFO] 引擎加载成功: scrap_steel.engine
2026-06-22 17:58:57 [INFO] 分割系统初始化成功
2026-06-22 17:58:57 [INFO] 图像预处理完成，原始尺寸: (2160, 3840)
2026-06-22 17:58:57 [INFO] 开始执行分割...
2026-06-22 17:58:57 [DEBUG] 处理后的检测结果形状: (1, 8400, 6)
2026-06-22 17:58:57 [DEBUG] 示例检测结果: [[-4.11288834e+00 -3.12504768e+00  3.92854881e+01  1.46729336e+01
   3.66880606e-08  5.00000000e+00]
 [-6.63227081e+00 -2.91460609e+00  4.48404388e+01  2.87910442e+01
   9.00129571e-09  9.00000000e+00]
 [-3.64659500e+00 -3.27776814e+00  4.59345970e+01  2.96458549e+01
   4.25045332e-09  9.00000000e+00]]
2026-06-22 17:58:57 [DEBUG] 处理后检测输出形状: (0, 52)
2026-06-22 17:58:57 [DEBUG] 有效检测数量: 0
2026-06-22 17:58:57 [DEBUG] 检测输出为空
2026-06-22 17:58:57 [INFO] 掩码中检测到的类别: [0, 1, 2, 3, 4, 5, 6, 7, 8, 9, 10, 11, 12, 13, 15]
2026-06-22 17:58:57 [INFO] 分割完成，检测到 0 个物体
2026-06-22 17:58:57 [INFO] 从分割掩码中提取检测结果
2026-06-22 17:58:57 [INFO] 从掩码中提取了 457 个检测框
2026-06-22 17:58:57 [INFO] 计算出的车框矩形边界: (1538, 1787) to (2190, 1898)
2026-06-22 17:58:57 [INFO] 原始检测数: 457, 过滤后检测数: 8
2026-06-22 17:58:58 [INFO] 保存分割和检测结果到: C:\code\show\Scrap_Steel_In_Field\photos\segmentation\segment_20260622_175857.jpg
2026-06-22 17:58:58 [INFO] JSON结果保存到: C:\code\show\Scrap_Steel_In_Field\photos\segmentation_result.json
2026-06-22 17:58:58 [INFO] 类别统计：{0: 22, 1: 48, 2: 13, 3: 5, 4: 20, 5: 14, 6: 21, 7: 14, 8: 69, 9: 39, 10: 9, 11: 27, 12: 1, 13: 109, 14: 0, 15: 46}
2026-06-22 17:58:58 [INFO] 面积统计：{0: 2831760.0, 1: 273636.0, 2: 13140.0, 3: 134928.0, 4: 109224.0, 5: 62964.0, 6: 719460.0, 7: 32364.0, 8: 1800180.0, 9: 232668.0, 10: 90144.0, 11: 266760.0, 12: 8028.0, 13: 836496.0, 15: 140220.0}
2026-06-22 17:58:58 [INFO] 分割成功
2026-06-22 17:58:58 [INFO] 引擎上下文已释放
2026-06-22 17:58:58 [INFO] TensorRT 引擎已释放
2026-06-22 17:58:58 [INFO] 全局 CUDA 资源已释放
2026-06-22 17:58:58 [INFO] 分割系统资源已释放
2026-06-22 17:59:03 [INFO] CUDA 初始化成功
2026-06-22 17:59:03 [INFO] 引擎加载成功: scrap_steel.engine
2026-06-22 17:59:03 [INFO] 分割系统初始化成功
2026-06-22 17:59:03 [INFO] 图像预处理完成，原始尺寸: (2160, 3840)
2026-06-22 17:59:03 [INFO] 开始执行分割...
2026-06-22 17:59:03 [DEBUG] 处理后的检测结果形状: (1, 8400, 6)
2026-06-22 17:59:03 [DEBUG] 示例检测结果: [[-4.07895660e+00 -3.11369514e+00  3.92919998e+01  1.45670948e+01
   3.62519188e-08  5.00000000e+00]
 [-6.60596085e+00 -2.90138054e+00  4.48923454e+01  2.87596359e+01
   9.00129571e-09  9.00000000e+00]
 [-3.64864349e+00 -3.26584530e+00  4.58990173e+01  2.96493073e+01
   4.21711643e-09  9.00000000e+00]]
2026-06-22 17:59:03 [DEBUG] 处理后检测输出形状: (0, 52)
2026-06-22 17:59:03 [DEBUG] 有效检测数量: 0
2026-06-22 17:59:03 [DEBUG] 检测输出为空
2026-06-22 17:59:03 [INFO] 掩码中检测到的类别: [0, 1, 2, 3, 4, 5, 6, 7, 8, 9, 10, 11, 12, 13, 15]
2026-06-22 17:59:03 [INFO] 分割完成，检测到 0 个物体
2026-06-22 17:59:03 [INFO] 从分割掩码中提取检测结果
2026-06-22 17:59:03 [INFO] 从掩码中提取了 454 个检测框
2026-06-22 17:59:03 [INFO] 计算出的车框矩形边界: (1507, 1775) to (2194, 1881)
2026-06-22 17:59:03 [INFO] 原始检测数: 454, 过滤后检测数: 7
2026-06-22 17:59:04 [INFO] 保存分割和检测结果到: C:\code\show\Scrap_Steel_In_Field\photos\segmentation\segment_20260622_175903.jpg
2026-06-22 17:59:04 [INFO] JSON结果保存到: C:\code\show\Scrap_Steel_In_Field\photos\segmentation_result.json
2026-06-22 17:59:04 [INFO] 类别统计：{0: 39, 1: 47, 2: 10, 3: 2, 4: 22, 5: 16, 6: 17, 7: 15, 8: 76, 9: 40, 10: 9, 11: 26, 12: 1, 13: 93, 14: 0, 15: 41}
2026-06-22 17:59:04 [INFO] 面积统计：{0: 2840040.0, 1: 262368.0, 2: 12240.0, 3: 131868.0, 4: 110124.0, 5: 63216.0, 6: 768492.0, 7: 30636.0, 8: 1734300.0, 9: 249624.0, 10: 86580.0, 11: 265212.0, 12: 8532.0, 13: 837972.0, 15: 157212.0}
2026-06-22 17:59:04 [INFO] 分割成功
2026-06-22 17:59:04 [INFO] 引擎上下文已释放
2026-06-22 17:59:04 [INFO] TensorRT 引擎已释放
2026-06-22 17:59:04 [INFO] 全局 CUDA 资源已释放
2026-06-22 17:59:04 [INFO] 分割系统资源已释放
2026-06-22 17:59:08 [INFO] CUDA 初始化成功
2026-06-22 17:59:08 [INFO] 引擎加载成功: scrap_steel.engine
2026-06-22 17:59:08 [INFO] 分割系统初始化成功
2026-06-22 17:59:08 [INFO] 图像预处理完成，原始尺寸: (2160, 3840)
2026-06-22 17:59:08 [INFO] 开始执行分割...
2026-06-22 17:59:08 [DEBUG] 处理后的检测结果形状: (1, 8400, 6)
2026-06-22 17:59:08 [DEBUG] 示例检测结果: [[-4.05350876e+00 -3.09503174e+00  3.92106705e+01  1.45150223e+01
   3.62519188e-08  5.00000000e+00]
 [-6.55706406e+00 -2.86802483e+00  4.47984886e+01  2.85917149e+01
   9.10358899e-09  9.00000000e+00]
 [-3.63719177e+00 -3.25759315e+00  4.58800354e+01  2.94886494e+01
   4.24968860e-09  9.00000000e+00]]
2026-06-22 17:59:08 [DEBUG] 处理后检测输出形状: (0, 52)
2026-06-22 17:59:08 [DEBUG] 有效检测数量: 0
2026-06-22 17:59:08 [DEBUG] 检测输出为空
2026-06-22 17:59:09 [INFO] 掩码中检测到的类别: [0, 1, 2, 3, 4, 5, 6, 7, 8, 9, 10, 11, 12, 13, 15]
2026-06-22 17:59:09 [INFO] 分割完成，检测到 0 个物体
2026-06-22 17:59:09 [INFO] 从分割掩码中提取检测结果
2026-06-22 17:59:09 [INFO] 从掩码中提取了 426 个检测框
2026-06-22 17:59:09 [ERROR] 保存结果失败: 'NoneType' object has no attribute 'astype'
2026-06-22 17:59:09 [INFO] 分割成功
2026-06-22 17:59:09 [INFO] 引擎上下文已释放
2026-06-22 17:59:09 [INFO] TensorRT 引擎已释放
2026-06-22 17:59:09 [INFO] 全局 CUDA 资源已释放
2026-06-22 17:59:09 [INFO] 分割系统资源已释放
