2026-05-22 17:24:18 [INFO] CUDA 初始化成功
2026-05-22 17:24:18 [INFO] 引擎加载成功: scrap_steel.engine
2026-05-22 17:24:18 [INFO] 分割系统初始化成功
2026-05-22 17:24:21 [INFO] 引擎加载成功: scrap_steel.engine
2026-05-22 17:24:21 [INFO] 分割系统初始化成功
2026-05-22 17:24:21 [INFO] 图像预处理完成，原始尺寸: (2160, 3840)
2026-05-22 17:24:21 [INFO] 开始执行分割...
2026-05-22 17:24:21 [ERROR] 推理过程发生异常: explicit_context_dependent failed: invalid device context - no currently active context?
2026-05-22 17:24:21 [INFO] 分割完成，检测到 0 个物体
2026-05-22 17:24:21 [INFO] 保存分割和检测结果到: C:\code\show\Scrap_Steel_In_Field\photos\segmentation\segment_20260522_172421.jpg
2026-05-22 17:24:21 [INFO] JSON结果保存到: C:\code\show\Scrap_Steel_In_Field\photos\segmentation_result.json
2026-05-22 17:24:21 [INFO] 类别统计：{}
2026-05-22 17:24:21 [INFO] 面积统计：{}
2026-05-22 17:24:21 [ERROR] 分割失败: 未能生成有效的分割掩码
2026-05-22 17:24:21 [INFO] 引擎上下文已释放
2026-05-22 17:24:21 [INFO] TensorRT 引擎已释放
2026-05-22 17:24:21 [INFO] 全局 CUDA 资源已释放
2026-05-22 17:24:21 [INFO] 分割系统资源已释放
2026-05-22 17:24:29 [INFO] CUDA 初始化成功
2026-05-22 17:24:29 [INFO] 引擎加载成功: scrap_steel.engine
2026-05-22 17:24:29 [INFO] 分割系统初始化成功
2026-05-22 17:24:29 [INFO] 图像预处理完成，原始尺寸: (2160, 3840)
2026-05-22 17:24:29 [INFO] 开始执行分割...
2026-05-22 17:24:29 [DEBUG] 处理后的检测结果形状: (1, 8400, 6)
2026-05-22 17:24:29 [DEBUG] 示例检测结果: [[-4.14265060e+00 -3.35885191e+00  3.86899948e+01  1.58858566e+01
   4.39105072e-08  5.00000000e+00]
 [-6.45574951e+00 -3.14049911e+00  4.39423676e+01  3.00066109e+01
   9.55220969e-09  9.00000000e+00]
 [-3.69569397e+00 -3.68841076e+00  4.55351105e+01  3.04179420e+01
   4.14818047e-09  9.00000000e+00]]
2026-05-22 17:24:29 [DEBUG] 处理后检测输出形状: (0, 52)
2026-05-22 17:24:29 [DEBUG] 有效检测数量: 0
2026-05-22 17:24:29 [DEBUG] 检测输出为空
2026-05-22 17:24:29 [INFO] 掩码中检测到的类别: [0, 1, 2, 3, 4, 5, 6, 7, 8, 9, 10, 11, 12, 13, 15]
2026-05-22 17:24:29 [INFO] 分割完成，检测到 0 个物体
2026-05-22 17:24:29 [INFO] 从分割掩码中提取检测结果
2026-05-22 17:24:29 [INFO] 从掩码中提取了 400 个检测框
2026-05-22 17:24:30 [INFO] 保存分割和检测结果到: C:\code\show\Scrap_Steel_In_Field\photos\segmentation\segment_20260522_172429.jpg
2026-05-22 17:24:30 [INFO] JSON结果保存到: C:\code\show\Scrap_Steel_In_Field\photos\segmentation_result.json
2026-05-22 17:24:30 [INFO] 类别统计：{0: 6, 1: 51, 2: 25, 3: 1, 4: 16, 5: 34, 6: 22, 7: 23, 8: 61, 9: 53, 10: 20, 11: 12, 12: 15, 13: 40, 14: 0, 15: 21}
2026-05-22 17:24:30 [INFO] 面积统计：{0: 3967920.0, 1: 850500.0, 2: 47664.0, 3: 173916.0, 4: 111600.0, 5: 84924.0, 6: 482688.0, 7: 36000.0, 8: 960264.0, 9: 160344.0, 10: 161532.0, 11: 251820.0, 12: 111456.0, 13: 593136.0, 15: 195408.0}
2026-05-22 17:24:30 [INFO] 分割成功
2026-05-22 17:24:30 [INFO] 引擎上下文已释放
2026-05-22 17:24:30 [INFO] TensorRT 引擎已释放
2026-05-22 17:24:30 [INFO] 全局 CUDA 资源已释放
2026-05-22 17:24:30 [INFO] 分割系统资源已释放
2026-05-22 17:24:33 [INFO] CUDA 初始化成功
2026-05-22 17:24:33 [INFO] 引擎加载成功: scrap_steel.engine
2026-05-22 17:24:33 [INFO] 分割系统初始化成功
2026-05-22 17:24:33 [INFO] 图像预处理完成，原始尺寸: (2160, 3840)
2026-05-22 17:24:33 [INFO] 开始执行分割...
2026-05-22 17:24:33 [DEBUG] 处理后的检测结果形状: (1, 8400, 6)
2026-05-22 17:24:33 [DEBUG] 示例检测结果: [[-4.10964966e+00 -3.34168863e+00  3.87613335e+01  1.58072147e+01
   4.35467271e-08  5.00000000e+00]
 [-6.42742538e+00 -3.11732578e+00  4.39396477e+01  2.99070511e+01
   9.47984446e-09  9.00000000e+00]
 [-3.65104675e+00 -3.65706539e+00  4.55484695e+01  3.04116249e+01
   4.14818047e-09  9.00000000e+00]]
2026-05-22 17:24:33 [DEBUG] 处理后检测输出形状: (0, 52)
2026-05-22 17:24:33 [DEBUG] 有效检测数量: 0
2026-05-22 17:24:33 [DEBUG] 检测输出为空
2026-05-22 17:24:33 [INFO] 掩码中检测到的类别: [0, 1, 2, 3, 4, 5, 6, 7, 8, 9, 10, 11, 12, 13, 15]
2026-05-22 17:24:33 [INFO] 分割完成，检测到 0 个物体
2026-05-22 17:24:33 [INFO] 从分割掩码中提取检测结果
2026-05-22 17:24:34 [INFO] 从掩码中提取了 402 个检测框
2026-05-22 17:24:36 [INFO] 保存分割和检测结果到: C:\code\show\Scrap_Steel_In_Field\photos\segmentation\segment_20260522_172434.jpg
2026-05-22 17:24:36 [INFO] JSON结果保存到: C:\code\show\Scrap_Steel_In_Field\photos\segmentation_result.json
2026-05-22 17:24:36 [INFO] 类别统计：{0: 9, 1: 49, 2: 28, 3: 1, 4: 14, 5: 39, 6: 24, 7: 21, 8: 54, 9: 51, 10: 23, 11: 16, 12: 17, 13: 37, 14: 0, 15: 19}
2026-05-22 17:24:36 [INFO] 面积统计：{0: 3938508.0, 1: 836748.0, 2: 50652.0, 3: 173124.0, 4: 97992.0, 5: 78516.0, 6: 483696.0, 7: 32832.0, 8: 969192.0, 9: 208296.0, 10: 165276.0, 11: 251892.0, 12: 118800.0, 13: 595584.0, 15: 198720.0}
2026-05-22 17:24:36 [INFO] 分割成功
2026-05-22 17:24:36 [INFO] 引擎上下文已释放
2026-05-22 17:24:36 [INFO] TensorRT 引擎已释放
2026-05-22 17:24:36 [INFO] 全局 CUDA 资源已释放
2026-05-22 17:24:36 [INFO] 分割系统资源已释放
2026-05-22 17:24:44 [INFO] CUDA 初始化成功
2026-05-22 17:24:44 [INFO] 引擎加载成功: scrap_steel.engine
2026-05-22 17:24:44 [INFO] 分割系统初始化成功
2026-05-22 17:24:44 [INFO] 图像预处理完成，原始尺寸: (2160, 3840)
2026-05-22 17:24:44 [INFO] 开始执行分割...
2026-05-22 17:24:45 [DEBUG] 处理后的检测结果形状: (1, 8400, 6)
2026-05-22 17:24:45 [DEBUG] 示例检测结果: [[-4.14203262e+00 -3.35652018e+00  3.88667946e+01  1.58962269e+01
   4.40818262e-08  5.00000000e+00]
 [-6.46989059e+00 -3.11299801e+00  4.39693832e+01  3.00199928e+01
   9.47811429e-09  9.00000000e+00]
 [-3.68245316e+00 -3.64417076e+00  4.55843048e+01  3.04728985e+01
   4.21009361e-09  9.00000000e+00]]
2026-05-22 17:24:45 [DEBUG] 处理后检测输出形状: (0, 52)
2026-05-22 17:24:45 [DEBUG] 有效检测数量: 0
2026-05-22 17:24:45 [DEBUG] 检测输出为空
2026-05-22 17:24:45 [INFO] 掩码中检测到的类别: [0, 1, 2, 3, 4, 5, 6, 7, 8, 9, 10, 11, 12, 13, 15]
2026-05-22 17:24:45 [INFO] 分割完成，检测到 0 个物体
2026-05-22 17:24:45 [INFO] 从分割掩码中提取检测结果
2026-05-22 17:24:45 [INFO] 从掩码中提取了 407 个检测框
2026-05-22 17:24:46 [INFO] 保存分割和检测结果到: C:\code\show\Scrap_Steel_In_Field\photos\segmentation\segment_20260522_172445.jpg
2026-05-22 17:24:46 [INFO] JSON结果保存到: C:\code\show\Scrap_Steel_In_Field\photos\segmentation_result.json
2026-05-22 17:24:46 [INFO] 类别统计：{0: 12, 1: 50, 2: 25, 3: 1, 4: 16, 5: 31, 6: 24, 7: 20, 8: 69, 9: 44, 10: 23, 11: 14, 12: 14, 13: 46, 14: 0, 15: 18}
2026-05-22 17:24:46 [INFO] 面积统计：{0: 3913092.0, 1: 917676.0, 2: 46008.0, 3: 171144.0, 4: 101628.0, 5: 84708.0, 6: 482076.0, 7: 28944.0, 8: 945432.0, 9: 165384.0, 10: 176400.0, 11: 253692.0, 12: 99648.0, 13: 599364.0, 15: 206820.0}
2026-05-22 17:24:46 [INFO] 分割成功
2026-05-22 17:24:46 [INFO] 引擎上下文已释放
2026-05-22 17:24:46 [INFO] TensorRT 引擎已释放
2026-05-22 17:24:46 [INFO] 全局 CUDA 资源已释放
2026-05-22 17:24:46 [INFO] 分割系统资源已释放
2026-05-22 17:24:50 [INFO] CUDA 初始化成功
2026-05-22 17:24:50 [INFO] 引擎加载成功: scrap_steel.engine
2026-05-22 17:24:50 [INFO] 分割系统初始化成功
2026-05-22 17:24:50 [INFO] 图像预处理完成，原始尺寸: (2160, 3840)
2026-05-22 17:24:50 [INFO] 开始执行分割...
2026-05-22 17:24:50 [DEBUG] 处理后的检测结果形状: (1, 8400, 6)
2026-05-22 17:24:50 [DEBUG] 示例检测结果: [[-4.11591339e+00 -3.35134935e+00  3.87379875e+01  1.59496384e+01
   4.46000357e-08  5.00000000e+00]
 [-6.45838547e+00 -3.08728886e+00  4.39201355e+01  3.00252724e+01
   9.62172209e-09  9.00000000e+00]
 [-3.69734573e+00 -3.67094803e+00  4.56064491e+01  3.04917221e+01
   4.14486578e-09  9.00000000e+00]]
2026-05-22 17:24:50 [DEBUG] 处理后检测输出形状: (0, 52)
2026-05-22 17:24:50 [DEBUG] 有效检测数量: 0
2026-05-22 17:24:50 [DEBUG] 检测输出为空
2026-05-22 17:24:50 [INFO] 掩码中检测到的类别: [0, 1, 2, 3, 4, 5, 6, 7, 8, 9, 10, 11, 12, 13, 15]
2026-05-22 17:24:50 [INFO] 分割完成，检测到 0 个物体
2026-05-22 17:24:50 [INFO] 从分割掩码中提取检测结果
2026-05-22 17:24:52 [INFO] 从掩码中提取了 382 个检测框
2026-05-22 17:24:55 [INFO] 保存分割和检测结果到: C:\code\show\Scrap_Steel_In_Field\photos\segmentation\segment_20260522_172452.jpg
2026-05-22 17:24:55 [INFO] JSON结果保存到: C:\code\show\Scrap_Steel_In_Field\photos\segmentation_result.json
2026-05-22 17:24:55 [INFO] 类别统计：{0: 18, 1: 49, 2: 22, 3: 1, 4: 18, 5: 31, 6: 25, 7: 25, 8: 51, 9: 39, 10: 19, 11: 13, 12: 14, 13: 41, 14: 0, 15: 16}
2026-05-22 17:24:55 [INFO] 面积统计：{0: 3965940.0, 1: 886644.0, 2: 39384.0, 3: 166536.0, 4: 126684.0, 5: 81792.0, 6: 486360.0, 7: 33012.0, 8: 1024056.0, 9: 163800.0, 10: 172188.0, 11: 250668.0, 12: 118440.0, 13: 599364.0, 15: 203400.0}
2026-05-22 17:24:55 [INFO] 分割成功
2026-05-22 17:24:55 [INFO] 引擎上下文已释放
2026-05-22 17:24:55 [INFO] TensorRT 引擎已释放
2026-05-22 17:24:56 [INFO] 全局 CUDA 资源已释放
2026-05-22 17:24:56 [INFO] 分割系统资源已释放
2026-05-22 17:24:59 [INFO] CUDA 初始化成功
2026-05-22 17:24:59 [INFO] 引擎加载成功: scrap_steel.engine
2026-05-22 17:24:59 [INFO] 分割系统初始化成功
2026-05-22 17:25:00 [INFO] 图像预处理完成，原始尺寸: (2160, 3840)
2026-05-22 17:25:00 [INFO] 开始执行分割...
2026-05-22 17:25:00 [DEBUG] 处理后的检测结果形状: (1, 8400, 6)
2026-05-22 17:25:00 [DEBUG] 示例检测结果: [[-4.09313202e+00 -3.32669735e+00  3.87478638e+01  1.57654734e+01
   4.37410108e-08  5.00000000e+00]
 [-6.43220139e+00 -3.10299015e+00  4.39892616e+01  2.98853302e+01
   9.55220969e-09  9.00000000e+00]
 [-3.65458298e+00 -3.64499283e+00  4.55843811e+01  3.04470291e+01
   4.18079082e-09  9.00000000e+00]]
2026-05-22 17:25:00 [DEBUG] 处理后检测输出形状: (0, 52)
2026-05-22 17:25:00 [DEBUG] 有效检测数量: 0
2026-05-22 17:25:00 [DEBUG] 检测输出为空
2026-05-22 17:25:00 [INFO] 掩码中检测到的类别: [0, 1, 2, 3, 4, 5, 6, 7, 8, 9, 10, 11, 12, 13, 15]
2026-05-22 17:25:00 [INFO] 分割完成，检测到 0 个物体
2026-05-22 17:25:00 [INFO] 从分割掩码中提取检测结果
2026-05-22 17:25:00 [INFO] 从掩码中提取了 403 个检测框
2026-05-22 17:25:01 [INFO] 保存分割和检测结果到: C:\code\show\Scrap_Steel_In_Field\photos\segmentation\segment_20260522_172500.jpg
2026-05-22 17:25:01 [INFO] JSON结果保存到: C:\code\show\Scrap_Steel_In_Field\photos\segmentation_result.json
2026-05-22 17:25:01 [INFO] 类别统计：{0: 6, 1: 49, 2: 29, 3: 1, 4: 18, 5: 32, 6: 23, 7: 28, 8: 59, 9: 37, 10: 24, 11: 14, 12: 17, 13: 46, 14: 0, 15: 20}
2026-05-22 17:25:01 [INFO] 面积统计：{0: 3845052.0, 1: 927216.0, 2: 48492.0, 3: 172980.0, 4: 123012.0, 5: 83880.0, 6: 501264.0, 7: 36360.0, 8: 997884.0, 9: 188604.0, 10: 169956.0, 11: 254808.0, 12: 137556.0, 13: 593568.0, 15: 213516.0}
2026-05-22 17:25:01 [INFO] 分割成功
2026-05-22 17:25:01 [INFO] 引擎上下文已释放
2026-05-22 17:25:01 [INFO] TensorRT 引擎已释放
2026-05-22 17:25:01 [INFO] 全局 CUDA 资源已释放
2026-05-22 17:25:01 [INFO] 分割系统资源已释放
2026-05-22 17:25:08 [INFO] CUDA 初始化成功
2026-05-22 17:25:08 [INFO] 引擎加载成功: scrap_steel.engine
2026-05-22 17:25:08 [INFO] 分割系统初始化成功
2026-05-22 17:25:08 [INFO] 图像预处理完成，原始尺寸: (2160, 3840)
2026-05-22 17:25:08 [INFO] 开始执行分割...
2026-05-22 17:25:08 [DEBUG] 处理后的检测结果形状: (1, 8400, 6)
2026-05-22 17:25:08 [DEBUG] 示例检测结果: [[-4.20456314e+00 -3.38924599e+00  3.89787331e+01  1.60894623e+01
   4.20430517e-08  5.00000000e+00]
 [-6.48027039e+00 -3.17944813e+00  4.39009743e+01  3.01300087e+01
   9.20884968e-09  9.00000000e+00]
 [-3.68726349e+00 -3.70450592e+00  4.55361404e+01  3.04526634e+01
   3.99323330e-09  9.00000000e+00]]
2026-05-22 17:25:08 [DEBUG] 处理后检测输出形状: (0, 52)
2026-05-22 17:25:08 [DEBUG] 有效检测数量: 0
2026-05-22 17:25:08 [DEBUG] 检测输出为空
2026-05-22 17:25:08 [INFO] 掩码中检测到的类别: [0, 1, 2, 3, 4, 5, 6, 7, 8, 9, 10, 11, 12, 13, 15]
2026-05-22 17:25:08 [INFO] 分割完成，检测到 0 个物体
2026-05-22 17:25:08 [INFO] 从分割掩码中提取检测结果
2026-05-22 17:25:09 [INFO] 从掩码中提取了 394 个检测框
2026-05-22 17:25:09 [INFO] 保存分割和检测结果到: C:\code\show\Scrap_Steel_In_Field\photos\segmentation\segment_20260522_172509.jpg
2026-05-22 17:25:09 [INFO] JSON结果保存到: C:\code\show\Scrap_Steel_In_Field\photos\segmentation_result.json
2026-05-22 17:25:09 [INFO] 类别统计：{0: 8, 1: 47, 2: 23, 3: 1, 4: 13, 5: 25, 6: 29, 7: 22, 8: 62, 9: 37, 10: 22, 11: 18, 12: 12, 13: 57, 14: 0, 15: 18}
2026-05-22 17:25:09 [INFO] 面积统计：{0: 3205944.0, 1: 856692.0, 2: 44460.0, 3: 135576.0, 4: 139284.0, 5: 79164.0, 6: 636624.0, 7: 36792.0, 8: 995004.0, 9: 232956.0, 10: 182052.0, 11: 238068.0, 12: 169380.0, 13: 593532.0, 15: 250776.0}
2026-05-22 17:25:09 [INFO] 分割成功
2026-05-22 17:25:09 [INFO] 引擎上下文已释放
2026-05-22 17:25:09 [INFO] TensorRT 引擎已释放
2026-05-22 17:25:09 [INFO] 全局 CUDA 资源已释放
2026-05-22 17:25:09 [INFO] 分割系统资源已释放
2026-05-22 17:25:13 [INFO] CUDA 初始化成功
2026-05-22 17:25:13 [INFO] 引擎加载成功: scrap_steel.engine
2026-05-22 17:25:13 [INFO] 分割系统初始化成功
2026-05-22 17:25:13 [INFO] 图像预处理完成，原始尺寸: (2160, 3840)
2026-05-22 17:25:13 [INFO] 开始执行分割...
2026-05-22 17:25:13 [DEBUG] 处理后的检测结果形状: (1, 8400, 6)
2026-05-22 17:25:13 [DEBUG] 示例检测结果: [[-4.14363098e+00 -3.35930729e+00  3.88121872e+01  1.58709364e+01
   4.37166250e-08  5.00000000e+00]
 [-6.41812134e+00 -3.12629414e+00  4.39596367e+01  2.99677467e+01
   9.33450650e-09  9.00000000e+00]
 [-3.66551208e+00 -3.67375469e+00  4.55555191e+01  3.03993073e+01
   4.03925426e-09  9.00000000e+00]]
2026-05-22 17:25:13 [DEBUG] 处理后检测输出形状: (0, 52)
2026-05-22 17:25:13 [DEBUG] 有效检测数量: 0
2026-05-22 17:25:13 [DEBUG] 检测输出为空
2026-05-22 17:25:13 [INFO] 掩码中检测到的类别: [0, 1, 2, 3, 4, 5, 6, 7, 8, 9, 10, 11, 12, 13, 15]
2026-05-22 17:25:13 [INFO] 分割完成，检测到 0 个物体
2026-05-22 17:25:13 [INFO] 从分割掩码中提取检测结果
2026-05-22 17:25:13 [INFO] 从掩码中提取了 380 个检测框
2026-05-22 17:25:14 [INFO] 保存分割和检测结果到: C:\code\show\Scrap_Steel_In_Field\photos\segmentation\segment_20260522_172513.jpg
2026-05-22 17:25:14 [INFO] JSON结果保存到: C:\code\show\Scrap_Steel_In_Field\photos\segmentation_result.json
2026-05-22 17:25:14 [INFO] 类别统计：{0: 5, 1: 40, 2: 19, 3: 0, 4: 17, 5: 32, 6: 23, 7: 22, 8: 68, 9: 46, 10: 19, 11: 13, 12: 14, 13: 48, 14: 0, 15: 14}
2026-05-22 17:25:14 [INFO] 面积统计：{0: 4208616.0, 1: 810540.0, 2: 32040.0, 3: 155952.0, 4: 109404.0, 5: 86184.0, 6: 495360.0, 7: 31752.0, 8: 975240.0, 9: 185040.0, 10: 168660.0, 11: 255204.0, 12: 49104.0, 13: 597024.0, 15: 204768.0}
2026-05-22 17:25:14 [INFO] 分割成功
2026-05-22 17:25:14 [INFO] 引擎上下文已释放
2026-05-22 17:25:14 [INFO] TensorRT 引擎已释放
2026-05-22 17:25:14 [INFO] 全局 CUDA 资源已释放
2026-05-22 17:25:14 [INFO] 分割系统资源已释放
2026-05-22 17:25:18 [INFO] CUDA 初始化成功
2026-05-22 17:25:18 [INFO] 引擎加载成功: scrap_steel.engine
2026-05-22 17:25:18 [INFO] 分割系统初始化成功
2026-05-22 17:25:18 [INFO] 图像预处理完成，原始尺寸: (2160, 3840)
2026-05-22 17:25:18 [INFO] 开始执行分割...
2026-05-22 17:25:18 [DEBUG] 处理后的检测结果形状: (1, 8400, 6)
2026-05-22 17:25:18 [DEBUG] 示例检测结果: [[-4.15843201e+00 -3.36152124e+00  3.87366524e+01  1.58958759e+01
   4.33786340e-08  5.00000000e+00]
 [-6.46082306e+00 -3.11915779e+00  4.39507370e+01  2.99240398e+01
   9.55430934e-09  9.00000000e+00]
 [-3.69117355e+00 -3.66146564e+00  4.55887260e+01  3.04158287e+01
   4.21340118e-09  9.00000000e+00]]
2026-05-22 17:25:18 [DEBUG] 处理后检测输出形状: (0, 52)
2026-05-22 17:25:18 [DEBUG] 有效检测数量: 0
2026-05-22 17:25:18 [DEBUG] 检测输出为空
2026-05-22 17:25:18 [INFO] 掩码中检测到的类别: [0, 1, 2, 3, 4, 5, 6, 7, 8, 9, 10, 11, 12, 13, 15]
2026-05-22 17:25:18 [INFO] 分割完成，检测到 0 个物体
2026-05-22 17:25:18 [INFO] 从分割掩码中提取检测结果
2026-05-22 17:25:19 [INFO] 从掩码中提取了 386 个检测框
2026-05-22 17:25:19 [INFO] 保存分割和检测结果到: C:\code\show\Scrap_Steel_In_Field\photos\segmentation\segment_20260522_172519.jpg
2026-05-22 17:25:19 [INFO] JSON结果保存到: C:\code\show\Scrap_Steel_In_Field\photos\segmentation_result.json
2026-05-22 17:25:19 [INFO] 类别统计：{0: 8, 1: 50, 2: 24, 3: 3, 4: 17, 5: 30, 6: 23, 7: 21, 8: 54, 9: 45, 10: 21, 11: 13, 12: 13, 13: 47, 14: 0, 15: 17}
2026-05-22 17:25:19 [INFO] 面积统计：{0: 4032828.0, 1: 821016.0, 2: 29988.0, 3: 155124.0, 4: 116856.0, 5: 89496.0, 6: 506052.0, 7: 30204.0, 8: 993636.0, 9: 211788.0, 10: 152640.0, 11: 247248.0, 12: 56052.0, 13: 589860.0, 15: 180036.0}
2026-05-22 17:25:19 [INFO] 分割成功
2026-05-22 17:25:19 [INFO] 引擎上下文已释放
2026-05-22 17:25:19 [INFO] TensorRT 引擎已释放
2026-05-22 17:25:19 [INFO] 全局 CUDA 资源已释放
2026-05-22 17:25:19 [INFO] 分割系统资源已释放
2026-05-22 17:25:26 [INFO] CUDA 初始化成功
2026-05-22 17:25:26 [INFO] 引擎加载成功: scrap_steel.engine
2026-05-22 17:25:26 [INFO] 分割系统初始化成功
2026-05-22 17:25:26 [INFO] 图像预处理完成，原始尺寸: (2160, 3840)
2026-05-22 17:25:26 [INFO] 开始执行分割...
2026-05-22 17:25:26 [DEBUG] 处理后的检测结果形状: (1, 8400, 6)
2026-05-22 17:25:26 [DEBUG] 示例检测结果: [[-4.11151505e+00 -3.34362364e+00  3.87257729e+01  1.58666267e+01
   4.47907453e-08  5.00000000e+00]
 [-6.43891144e+00 -3.11069107e+00  4.38764038e+01  3.00328560e+01
   9.62172209e-09  9.00000000e+00]
 [-3.68231201e+00 -3.64178848e+00  4.55363464e+01  3.04717560e+01
   4.20819646e-09  9.00000000e+00]]
2026-05-22 17:25:26 [DEBUG] 处理后检测输出形状: (0, 52)
2026-05-22 17:25:26 [DEBUG] 有效检测数量: 0
2026-05-22 17:25:26 [DEBUG] 检测输出为空
2026-05-22 17:25:26 [INFO] 掩码中检测到的类别: [0, 1, 2, 3, 4, 5, 6, 7, 8, 9, 10, 11, 12, 13, 15]
2026-05-22 17:25:26 [INFO] 分割完成，检测到 0 个物体
2026-05-22 17:25:26 [INFO] 从分割掩码中提取检测结果
2026-05-22 17:25:26 [INFO] 从掩码中提取了 388 个检测框
2026-05-22 17:25:27 [INFO] 保存分割和检测结果到: C:\code\show\Scrap_Steel_In_Field\photos\segmentation\segment_20260522_172526.jpg
2026-05-22 17:25:27 [INFO] JSON结果保存到: C:\code\show\Scrap_Steel_In_Field\photos\segmentation_result.json
2026-05-22 17:25:27 [INFO] 类别统计：{0: 16, 1: 44, 2: 27, 3: 1, 4: 18, 5: 33, 6: 19, 7: 21, 8: 58, 9: 42, 10: 20, 11: 13, 12: 12, 13: 47, 14: 0, 15: 17}
2026-05-22 17:25:27 [INFO] 面积统计：{0: 4105332.0, 1: 797796.0, 2: 32976.0, 3: 151164.0, 4: 125820.0, 5: 90756.0, 6: 500220.0, 7: 33552.0, 8: 1020960.0, 9: 206820.0, 10: 167976.0, 11: 251352.0, 12: 49572.0, 13: 588240.0, 15: 197604.0}
2026-05-22 17:25:27 [INFO] 分割成功
2026-05-22 17:25:27 [INFO] 引擎上下文已释放
2026-05-22 17:25:27 [INFO] TensorRT 引擎已释放
2026-05-22 17:25:27 [INFO] 全局 CUDA 资源已释放
2026-05-22 17:25:27 [INFO] 分割系统资源已释放
2026-05-22 17:25:31 [INFO] CUDA 初始化成功
2026-05-22 17:25:31 [INFO] 引擎加载成功: scrap_steel.engine
2026-05-22 17:25:31 [INFO] 分割系统初始化成功
2026-05-22 17:25:31 [INFO] 图像预处理完成，原始尺寸: (2160, 3840)
2026-05-22 17:25:31 [INFO] 开始执行分割...
2026-05-22 17:25:31 [DEBUG] 处理后的检测结果形状: (1, 8400, 6)
2026-05-22 17:25:31 [DEBUG] 示例检测结果: [[-4.11089706e+00 -3.34314966e+00  3.87978287e+01  1.59526348e+01
   4.44262866e-08  5.00000000e+00]
 [-6.44141769e+00 -3.08693123e+00  4.39732628e+01  3.00639553e+01
   9.62457491e-09  9.00000000e+00]
 [-3.67081451e+00 -3.64008427e+00  4.55781174e+01  3.04841385e+01
   4.14818047e-09  9.00000000e+00]]
2026-05-22 17:25:31 [DEBUG] 处理后检测输出形状: (0, 52)
2026-05-22 17:25:31 [DEBUG] 有效检测数量: 0
2026-05-22 17:25:31 [DEBUG] 检测输出为空
2026-05-22 17:25:31 [INFO] 掩码中检测到的类别: [0, 1, 2, 3, 4, 5, 6, 7, 8, 9, 10, 11, 12, 13, 15]
2026-05-22 17:25:31 [INFO] 分割完成，检测到 0 个物体
2026-05-22 17:25:31 [INFO] 从分割掩码中提取检测结果
2026-05-22 17:25:31 [INFO] 从掩码中提取了 394 个检测框
2026-05-22 17:25:32 [INFO] 保存分割和检测结果到: C:\code\show\Scrap_Steel_In_Field\photos\segmentation\segment_20260522_172531.jpg
2026-05-22 17:25:32 [INFO] JSON结果保存到: C:\code\show\Scrap_Steel_In_Field\photos\segmentation_result.json
2026-05-22 17:25:32 [INFO] 类别统计：{0: 9, 1: 41, 2: 29, 3: 0, 4: 12, 5: 34, 6: 17, 7: 24, 8: 58, 9: 48, 10: 20, 11: 18, 12: 16, 13: 50, 14: 0, 15: 18}
2026-05-22 17:25:32 [INFO] 面积统计：{0: 4147596.0, 1: 793440.0, 2: 35424.0, 3: 152928.0, 4: 114372.0, 5: 94896.0, 6: 493308.0, 7: 32724.0, 8: 930564.0, 9: 182016.0, 10: 165132.0, 11: 255240.0, 12: 61344.0, 13: 593388.0, 15: 205848.0}
2026-05-22 17:25:32 [INFO] 分割成功
2026-05-22 17:25:32 [INFO] 引擎上下文已释放
2026-05-22 17:25:32 [INFO] TensorRT 引擎已释放
2026-05-22 17:25:32 [INFO] 全局 CUDA 资源已释放
2026-05-22 17:25:32 [INFO] 分割系统资源已释放
2026-05-22 17:25:38 [INFO] CUDA 初始化成功
2026-05-22 17:25:39 [INFO] 引擎加载成功: scrap_steel.engine
2026-05-22 17:25:39 [INFO] 分割系统初始化成功
2026-05-22 17:25:39 [INFO] 图像预处理完成，原始尺寸: (2160, 3840)
2026-05-22 17:25:39 [INFO] 开始执行分割...
2026-05-22 17:25:40 [DEBUG] 处理后的检测结果形状: (1, 8400, 6)
2026-05-22 17:25:40 [DEBUG] 示例检测结果: [[-4.20315170e+00 -3.42020035e+00  3.91380806e+01  1.61800804e+01
   4.23686970e-08  5.00000000e+00]
 [-6.64422607e+00 -3.20438290e+00  4.41136169e+01  3.03720169e+01
   9.55430934e-09  9.00000000e+00]
 [-3.75039673e+00 -3.75061417e+00  4.57420502e+01  3.08379211e+01
   4.24648761e-09  9.00000000e+00]]
2026-05-22 17:25:40 [DEBUG] 处理后检测输出形状: (0, 52)
2026-05-22 17:25:40 [DEBUG] 有效检测数量: 0
2026-05-22 17:25:40 [DEBUG] 检测输出为空
2026-05-22 17:25:40 [INFO] 掩码中检测到的类别: [0, 1, 2, 3, 4, 5, 6, 7, 8, 9, 10, 11, 12, 13, 15]
2026-05-22 17:25:40 [INFO] 分割完成，检测到 0 个物体
2026-05-22 17:25:40 [INFO] 从分割掩码中提取检测结果
2026-05-22 17:25:42 [INFO] 从掩码中提取了 384 个检测框
2026-05-22 17:25:44 [INFO] 保存分割和检测结果到: C:\code\show\Scrap_Steel_In_Field\photos\segmentation\segment_20260522_172542.jpg
2026-05-22 17:25:44 [INFO] JSON结果保存到: C:\code\show\Scrap_Steel_In_Field\photos\segmentation_result.json
2026-05-22 17:25:44 [INFO] 类别统计：{0: 8, 1: 52, 2: 16, 3: 4, 4: 21, 5: 31, 6: 17, 7: 16, 8: 47, 9: 43, 10: 15, 11: 19, 12: 7, 13: 68, 14: 0, 15: 20}
2026-05-22 17:25:44 [INFO] 面积统计：{0: 3108348.0, 1: 614160.0, 2: 21456.0, 3: 155268.0, 4: 52956.0, 5: 94896.0, 6: 807120.0, 7: 30816.0, 8: 1024236.0, 9: 203148.0, 10: 179208.0, 11: 220788.0, 12: 172116.0, 13: 561852.0, 15: 185796.0}
2026-05-22 17:25:44 [INFO] 分割成功
2026-05-22 17:25:44 [INFO] 引擎上下文已释放
2026-05-22 17:25:44 [INFO] TensorRT 引擎已释放
2026-05-22 17:25:44 [INFO] 全局 CUDA 资源已释放
2026-05-22 17:25:44 [INFO] 分割系统资源已释放
2026-05-22 17:25:47 [INFO] CUDA 初始化成功
2026-05-22 17:25:47 [INFO] 引擎加载成功: scrap_steel.engine
2026-05-22 17:25:47 [INFO] 分割系统初始化成功
2026-05-22 17:25:47 [INFO] 图像预处理完成，原始尺寸: (2160, 3840)
2026-05-22 17:25:47 [INFO] 开始执行分割...
2026-05-22 17:25:47 [DEBUG] 处理后的检测结果形状: (1, 8400, 6)
2026-05-22 17:25:47 [DEBUG] 示例检测结果: [[-4.11195755e+00 -3.32447004e+00  3.87374344e+01  1.58371773e+01
   4.37166250e-08  5.00000000e+00]
 [-6.44970703e+00 -3.09929466e+00  4.39392776e+01  2.99293156e+01
   9.48137568e-09  9.00000000e+00]
 [-3.67160034e+00 -3.64431953e+00  4.55709152e+01  3.04197025e+01
   4.11867518e-09  9.00000000e+00]]
2026-05-22 17:25:47 [DEBUG] 处理后检测输出形状: (0, 52)
2026-05-22 17:25:47 [DEBUG] 有效检测数量: 0
2026-05-22 17:25:47 [DEBUG] 检测输出为空
2026-05-22 17:25:47 [INFO] 掩码中检测到的类别: [0, 1, 2, 3, 4, 5, 6, 7, 8, 9, 10, 11, 12, 13, 15]
2026-05-22 17:25:47 [INFO] 分割完成，检测到 0 个物体
2026-05-22 17:25:47 [INFO] 从分割掩码中提取检测结果
2026-05-22 17:25:48 [INFO] 从掩码中提取了 363 个检测框
2026-05-22 17:25:48 [INFO] 保存分割和检测结果到: C:\code\show\Scrap_Steel_In_Field\photos\segmentation\segment_20260522_172548.jpg
2026-05-22 17:25:48 [INFO] JSON结果保存到: C:\code\show\Scrap_Steel_In_Field\photos\segmentation_result.json
2026-05-22 17:25:48 [INFO] 类别统计：{0: 9, 1: 39, 2: 19, 3: 1, 4: 12, 5: 33, 6: 20, 7: 22, 8: 55, 9: 39, 10: 24, 11: 15, 12: 16, 13: 42, 14: 0, 15: 17}
2026-05-22 17:25:48 [INFO] 面积统计：{0: 4185000.0, 1: 804600.0, 2: 30420.0, 3: 157284.0, 4: 102420.0, 5: 91872.0, 6: 496584.0, 7: 35280.0, 8: 935316.0, 9: 178416.0, 10: 159588.0, 11: 255024.0, 12: 47520.0, 13: 594684.0, 15: 218448.0}
2026-05-22 17:25:48 [INFO] 分割成功
2026-05-22 17:25:48 [INFO] 引擎上下文已释放
2026-05-22 17:25:48 [INFO] TensorRT 引擎已释放
2026-05-22 17:25:48 [INFO] 全局 CUDA 资源已释放
2026-05-22 17:25:48 [INFO] 分割系统资源已释放
2026-05-22 17:25:53 [INFO] CUDA 初始化成功
2026-05-22 17:25:54 [INFO] 引擎加载成功: scrap_steel.engine
2026-05-22 17:25:54 [INFO] 分割系统初始化成功
2026-05-22 17:25:54 [INFO] 图像预处理完成，原始尺寸: (2160, 3840)
2026-05-22 17:25:54 [INFO] 开始执行分割...
2026-05-22 17:25:55 [DEBUG] 处理后的检测结果形状: (1, 8400, 6)
2026-05-22 17:25:55 [DEBUG] 示例检测结果: [[-4.14201736e+00 -3.34657574e+00  3.88335800e+01  1.58955374e+01
   4.38883347e-08  5.00000000e+00]
 [-6.46931458e+00 -3.11544418e+00  4.40377579e+01  3.00338821e+01
   9.47984446e-09  9.00000000e+00]
 [-3.69739532e+00 -3.67142200e+00  4.55940323e+01  3.04805717e+01
   4.13328927e-09  9.00000000e+00]]
2026-05-22 17:25:55 [DEBUG] 处理后检测输出形状: (0, 52)
2026-05-22 17:25:55 [DEBUG] 有效检测数量: 0
2026-05-22 17:25:55 [DEBUG] 检测输出为空
2026-05-22 17:25:55 [INFO] 掩码中检测到的类别: [0, 1, 2, 3, 4, 5, 6, 7, 8, 9, 10, 11, 12, 13, 15]
2026-05-22 17:25:55 [INFO] 分割完成，检测到 0 个物体
2026-05-22 17:25:55 [INFO] 从分割掩码中提取检测结果
2026-05-22 17:25:57 [INFO] 从掩码中提取了 388 个检测框
2026-05-22 17:26:00 [INFO] 保存分割和检测结果到: C:\code\show\Scrap_Steel_In_Field\photos\segmentation\segment_20260522_172557.jpg
2026-05-22 17:26:00 [INFO] JSON结果保存到: C:\code\show\Scrap_Steel_In_Field\photos\segmentation_result.json
2026-05-22 17:26:00 [INFO] 类别统计：{0: 5, 1: 40, 2: 27, 3: 1, 4: 12, 5: 27, 6: 29, 7: 23, 8: 62, 9: 42, 10: 23, 11: 16, 12: 16, 13: 51, 14: 0, 15: 14}
2026-05-22 17:26:00 [INFO] 面积统计：{0: 4173192.0, 1: 783252.0, 2: 27540.0, 3: 157896.0, 4: 94500.0, 5: 89676.0, 6: 482544.0, 7: 33264.0, 8: 957348.0, 9: 193536.0, 10: 161136.0, 11: 251964.0, 12: 47124.0, 13: 605916.0, 15: 207252.0}
2026-05-22 17:26:00 [INFO] 分割成功
2026-05-22 17:26:00 [INFO] 引擎上下文已释放
2026-05-22 17:26:00 [INFO] TensorRT 引擎已释放
2026-05-22 17:26:01 [INFO] 全局 CUDA 资源已释放
2026-05-22 17:26:01 [INFO] 分割系统资源已释放
2026-05-22 17:26:05 [INFO] CUDA 初始化成功
2026-05-22 17:26:05 [INFO] 引擎加载成功: scrap_steel.engine
2026-05-22 17:26:05 [INFO] 分割系统初始化成功
2026-05-22 17:26:05 [INFO] 图像预处理完成，原始尺寸: (2160, 3840)
2026-05-22 17:26:05 [INFO] 开始执行分割...
2026-05-22 17:26:06 [DEBUG] 处理后的检测结果形状: (1, 8400, 6)
2026-05-22 17:26:06 [DEBUG] 示例检测结果: [[-4.12745667e+00 -3.32775211e+00  3.87953796e+01  1.57783518e+01
   4.40818262e-08  5.00000000e+00]
 [-6.43727875e+00 -3.08052826e+00  4.40448151e+01  2.99547119e+01
   9.66522862e-09  9.00000000e+00]
 [-3.65541458e+00 -3.61846066e+00  4.55772858e+01  3.04184990e+01
   4.21340118e-09  9.00000000e+00]]
2026-05-22 17:26:06 [DEBUG] 处理后检测输出形状: (0, 52)
2026-05-22 17:26:06 [DEBUG] 有效检测数量: 0
2026-05-22 17:26:06 [DEBUG] 检测输出为空
2026-05-22 17:26:06 [INFO] 掩码中检测到的类别: [0, 1, 2, 3, 4, 5, 6, 7, 8, 9, 10, 11, 12, 13, 15]
2026-05-22 17:26:06 [INFO] 分割完成，检测到 0 个物体
2026-05-22 17:26:06 [INFO] 从分割掩码中提取检测结果
2026-05-22 17:26:08 [INFO] 从掩码中提取了 393 个检测框
2026-05-22 17:26:10 [INFO] 保存分割和检测结果到: C:\code\show\Scrap_Steel_In_Field\photos\segmentation\segment_20260522_172608.jpg
2026-05-22 17:26:10 [INFO] JSON结果保存到: C:\code\show\Scrap_Steel_In_Field\photos\segmentation_result.json
2026-05-22 17:26:10 [INFO] 类别统计：{0: 7, 1: 45, 2: 21, 3: 0, 4: 18, 5: 31, 6: 27, 7: 23, 8: 61, 9: 45, 10: 26, 11: 15, 12: 15, 13: 44, 14: 0, 15: 15}
2026-05-22 17:26:10 [INFO] 面积统计：{0: 4313700.0, 1: 739008.0, 2: 32868.0, 3: 155916.0, 4: 113184.0, 5: 84096.0, 6: 482796.0, 7: 37368.0, 8: 933408.0, 9: 201996.0, 10: 168732.0, 11: 251712.0, 12: 52308.0, 13: 593136.0, 15: 197136.0}
2026-05-22 17:26:10 [INFO] 分割成功
2026-05-22 17:26:10 [INFO] 引擎上下文已释放
2026-05-22 17:26:10 [INFO] TensorRT 引擎已释放
2026-05-22 17:26:11 [INFO] 全局 CUDA 资源已释放
2026-05-22 17:26:11 [INFO] 分割系统资源已释放
2026-05-22 17:26:14 [INFO] CUDA 初始化成功
2026-05-22 17:26:14 [INFO] 引擎加载成功: scrap_steel.engine
2026-05-22 17:26:14 [INFO] 分割系统初始化成功
2026-05-22 17:26:14 [INFO] 图像预处理完成，原始尺寸: (2160, 3840)
2026-05-22 17:26:14 [INFO] 开始执行分割...
2026-05-22 17:26:14 [DEBUG] 处理后的检测结果形状: (1, 8400, 6)
2026-05-22 17:26:14 [DEBUG] 示例检测结果: [[-4.10810471e+00 -3.32475567e+00  3.87877083e+01  1.58253374e+01
   4.37166250e-08  5.00000000e+00]
 [-6.45282364e+00 -3.08891582e+00  4.40145111e+01  3.00262680e+01
   9.66522862e-09  9.00000000e+00]
 [-3.64489746e+00 -3.61648560e+00  4.56058540e+01  3.05104218e+01
   4.18079082e-09  9.00000000e+00]]
2026-05-22 17:26:14 [DEBUG] 处理后检测输出形状: (0, 52)
2026-05-22 17:26:14 [DEBUG] 有效检测数量: 0
2026-05-22 17:26:14 [DEBUG] 检测输出为空
2026-05-22 17:26:14 [INFO] 掩码中检测到的类别: [0, 1, 2, 3, 4, 5, 6, 7, 8, 9, 10, 11, 12, 13, 15]
2026-05-22 17:26:14 [INFO] 分割完成，检测到 0 个物体
2026-05-22 17:26:14 [INFO] 从分割掩码中提取检测结果
2026-05-22 17:26:15 [INFO] 从掩码中提取了 389 个检测框
2026-05-22 17:26:15 [INFO] 保存分割和检测结果到: C:\code\show\Scrap_Steel_In_Field\photos\segmentation\segment_20260522_172615.jpg
2026-05-22 17:26:15 [INFO] JSON结果保存到: C:\code\show\Scrap_Steel_In_Field\photos\segmentation_result.json
2026-05-22 17:26:15 [INFO] 类别统计：{0: 11, 1: 41, 2: 18, 3: 0, 4: 16, 5: 35, 6: 27, 7: 27, 8: 60, 9: 51, 10: 20, 11: 14, 12: 14, 13: 41, 14: 0, 15: 14}
2026-05-22 17:26:15 [INFO] 面积统计：{0: 4271580.0, 1: 747252.0, 2: 30240.0, 3: 152856.0, 4: 98748.0, 5: 88560.0, 6: 497124.0, 7: 34344.0, 8: 931716.0, 9: 208368.0, 10: 166680.0, 11: 254988.0, 12: 57096.0, 13: 585432.0, 15: 201960.0}
2026-05-22 17:26:15 [INFO] 分割成功
2026-05-22 17:26:15 [INFO] 引擎上下文已释放
2026-05-22 17:26:15 [INFO] TensorRT 引擎已释放
2026-05-22 17:26:15 [INFO] 全局 CUDA 资源已释放
2026-05-22 17:26:15 [INFO] 分割系统资源已释放
2026-05-22 17:26:19 [INFO] CUDA 初始化成功
2026-05-22 17:26:19 [INFO] 引擎加载成功: scrap_steel.engine
2026-05-22 17:26:19 [INFO] 分割系统初始化成功
2026-05-22 17:26:19 [INFO] 图像预处理完成，原始尺寸: (2160, 3840)
2026-05-22 17:26:19 [INFO] 开始执行分割...
2026-05-22 17:26:19 [DEBUG] 处理后的检测结果形状: (1, 8400, 6)
2026-05-22 17:26:19 [DEBUG] 示例检测结果: [[-4.14177322e+00 -3.35512829e+00  3.87516060e+01  1.58947744e+01
   4.47726904e-08  5.00000000e+00]
 [-6.42633820e+00 -3.08673286e+00  4.39568329e+01  2.99821186e+01
   9.58972635e-09  9.00000000e+00]
 [-3.67200089e+00 -3.64373207e+00  4.55664635e+01  3.04568577e+01
   4.22829771e-09  9.00000000e+00]]
2026-05-22 17:26:19 [DEBUG] 处理后检测输出形状: (0, 52)
2026-05-22 17:26:19 [DEBUG] 有效检测数量: 0
2026-05-22 17:26:19 [DEBUG] 检测输出为空
2026-05-22 17:26:19 [INFO] 掩码中检测到的类别: [0, 1, 2, 3, 4, 5, 6, 7, 8, 9, 10, 11, 12, 13, 15]
2026-05-22 17:26:19 [INFO] 分割完成，检测到 0 个物体
2026-05-22 17:26:19 [INFO] 从分割掩码中提取检测结果
2026-05-22 17:26:20 [INFO] 从掩码中提取了 398 个检测框
2026-05-22 17:26:22 [INFO] 保存分割和检测结果到: C:\code\show\Scrap_Steel_In_Field\photos\segmentation\segment_20260522_172620.jpg
2026-05-22 17:26:22 [INFO] JSON结果保存到: C:\code\show\Scrap_Steel_In_Field\photos\segmentation_result.json
2026-05-22 17:26:22 [INFO] 类别统计：{0: 10, 1: 37, 2: 27, 3: 1, 4: 17, 5: 37, 6: 23, 7: 24, 8: 65, 9: 50, 10: 18, 11: 15, 12: 12, 13: 46, 14: 0, 15: 16}
2026-05-22 17:26:22 [INFO] 面积统计：{0: 4235796.0, 1: 799596.0, 2: 32796.0, 3: 155376.0, 4: 105624.0, 5: 94824.0, 6: 472104.0, 7: 33768.0, 8: 908568.0, 9: 181044.0, 10: 168048.0, 11: 254376.0, 12: 48744.0, 13: 591408.0, 15: 197316.0}
2026-05-22 17:26:22 [INFO] 分割成功
2026-05-22 17:26:22 [INFO] 引擎上下文已释放
2026-05-22 17:26:22 [INFO] TensorRT 引擎已释放
2026-05-22 17:26:23 [INFO] 全局 CUDA 资源已释放
2026-05-22 17:26:23 [INFO] 分割系统资源已释放
2026-05-22 17:26:27 [INFO] CUDA 初始化成功
2026-05-22 17:26:27 [INFO] 引擎加载成功: scrap_steel.engine
2026-05-22 17:26:27 [INFO] 分割系统初始化成功
2026-05-22 17:26:27 [INFO] 图像预处理完成，原始尺寸: (2160, 3840)
2026-05-22 17:26:27 [INFO] 开始执行分割...
2026-05-22 17:26:27 [DEBUG] 处理后的检测结果形状: (1, 8400, 6)
2026-05-22 17:26:27 [DEBUG] 示例检测结果: [[-4.15478897e+00 -3.33456707e+00  3.88615646e+01  1.57675238e+01
   4.42549677e-08  5.00000000e+00]
 [-6.52886963e+00 -3.12456131e+00  4.40331612e+01  2.99662399e+01
   9.47526146e-09  9.00000000e+00]
 [-3.70624924e+00 -3.65657711e+00  4.56125832e+01  3.05305519e+01
   4.14486578e-09  9.00000000e+00]]
2026-05-22 17:26:27 [DEBUG] 处理后检测输出形状: (0, 52)
2026-05-22 17:26:27 [DEBUG] 有效检测数量: 0
2026-05-22 17:26:27 [DEBUG] 检测输出为空
2026-05-22 17:26:27 [INFO] 掩码中检测到的类别: [0, 1, 2, 3, 4, 5, 6, 7, 8, 9, 10, 11, 12, 13, 15]
2026-05-22 17:26:27 [INFO] 分割完成，检测到 0 个物体
2026-05-22 17:26:27 [INFO] 从分割掩码中提取检测结果
2026-05-22 17:26:27 [INFO] 从掩码中提取了 383 个检测框
2026-05-22 17:26:28 [INFO] 保存分割和检测结果到: C:\code\show\Scrap_Steel_In_Field\photos\segmentation\segment_20260522_172627.jpg
2026-05-22 17:26:28 [INFO] JSON结果保存到: C:\code\show\Scrap_Steel_In_Field\photos\segmentation_result.json
2026-05-22 17:26:28 [INFO] 类别统计：{0: 5, 1: 46, 2: 26, 3: 0, 4: 18, 5: 33, 6: 23, 7: 23, 8: 61, 9: 43, 10: 20, 11: 14, 12: 15, 13: 45, 14: 0, 15: 11}
2026-05-22 17:26:28 [INFO] 面积统计：{0: 4187232.0, 1: 771336.0, 2: 35712.0, 3: 148716.0, 4: 105372.0, 5: 84888.0, 6: 488196.0, 7: 33012.0, 8: 952164.0, 9: 210564.0, 10: 167364.0, 11: 252792.0, 12: 57816.0, 13: 599508.0, 15: 204120.0}
2026-05-22 17:26:28 [INFO] 分割成功
2026-05-22 17:26:28 [INFO] 引擎上下文已释放
2026-05-22 17:26:28 [INFO] TensorRT 引擎已释放
2026-05-22 17:26:28 [INFO] 全局 CUDA 资源已释放
2026-05-22 17:26:28 [INFO] 分割系统资源已释放
2026-05-22 17:26:32 [INFO] CUDA 初始化成功
2026-05-22 17:26:32 [INFO] 引擎加载成功: scrap_steel.engine
2026-05-22 17:26:32 [INFO] 分割系统初始化成功
2026-05-22 17:26:32 [INFO] 图像预处理完成，原始尺寸: (2160, 3840)
2026-05-22 17:26:32 [INFO] 开始执行分割...
2026-05-22 17:26:32 [DEBUG] 处理后的检测结果形状: (1, 8400, 6)
2026-05-22 17:26:32 [DEBUG] 示例检测结果: [[-4.14333725e+00 -3.35087585e+00  3.88379478e+01  1.59203320e+01
   4.33729070e-08  5.00000000e+00]
 [-6.45609283e+00 -3.12696457e+00  4.39972534e+01  3.01060982e+01
   9.40747924e-09  9.00000000e+00]
 [-3.68317032e+00 -3.68929577e+00  4.55946693e+01  3.05390282e+01
   4.11722390e-09  9.00000000e+00]]
2026-05-22 17:26:32 [DEBUG] 处理后检测输出形状: (0, 52)
2026-05-22 17:26:32 [DEBUG] 有效检测数量: 0
2026-05-22 17:26:32 [DEBUG] 检测输出为空
2026-05-22 17:26:32 [INFO] 掩码中检测到的类别: [0, 1, 2, 3, 4, 5, 6, 7, 8, 9, 10, 11, 12, 13, 15]
2026-05-22 17:26:32 [INFO] 分割完成，检测到 0 个物体
2026-05-22 17:26:32 [INFO] 从分割掩码中提取检测结果
2026-05-22 17:26:32 [INFO] 从掩码中提取了 381 个检测框
2026-05-22 17:26:33 [INFO] 保存分割和检测结果到: C:\code\show\Scrap_Steel_In_Field\photos\segmentation\segment_20260522_172632.jpg
2026-05-22 17:26:33 [INFO] JSON结果保存到: C:\code\show\Scrap_Steel_In_Field\photos\segmentation_result.json
2026-05-22 17:26:33 [INFO] 类别统计：{0: 12, 1: 45, 2: 24, 3: 0, 4: 19, 5: 32, 6: 21, 7: 24, 8: 59, 9: 45, 10: 22, 11: 13, 12: 11, 13: 41, 14: 0, 15: 13}
2026-05-22 17:26:33 [INFO] 面积统计：{0: 4094532.0, 1: 824076.0, 2: 31572.0, 3: 154692.0, 4: 100692.0, 5: 87336.0, 6: 471708.0, 7: 32004.0, 8: 947808.0, 9: 206676.0, 10: 162684.0, 11: 255708.0, 12: 67896.0, 13: 579672.0, 15: 211248.0}
2026-05-22 17:26:33 [INFO] 分割成功
2026-05-22 17:26:33 [INFO] 引擎上下文已释放
2026-05-22 17:26:33 [INFO] TensorRT 引擎已释放
2026-05-22 17:26:33 [INFO] 全局 CUDA 资源已释放
2026-05-22 17:26:33 [INFO] 分割系统资源已释放
2026-05-22 17:26:39 [INFO] CUDA 初始化成功
2026-05-22 17:26:39 [INFO] 引擎加载成功: scrap_steel.engine
2026-05-22 17:26:39 [INFO] 分割系统初始化成功
2026-05-22 17:26:39 [INFO] 图像预处理完成，原始尺寸: (2160, 3840)
2026-05-22 17:26:39 [INFO] 开始执行分割...
2026-05-22 17:26:39 [DEBUG] 处理后的检测结果形状: (1, 8400, 6)
2026-05-22 17:26:39 [DEBUG] 示例检测结果: [[-4.11160660e+00 -3.34828854e+00  3.87943459e+01  1.58924017e+01
   4.33729070e-08  5.00000000e+00]
 [-6.43065643e+00 -3.11535454e+00  4.39929047e+01  2.99489765e+01
   9.33511402e-09  9.00000000e+00]
 [-3.66154480e+00 -3.64767742e+00  4.55443649e+01  3.03824120e+01
   4.10279100e-09  9.00000000e+00]]
2026-05-22 17:26:39 [DEBUG] 处理后检测输出形状: (0, 52)
2026-05-22 17:26:39 [DEBUG] 有效检测数量: 0
2026-05-22 17:26:39 [DEBUG] 检测输出为空
2026-05-22 17:26:39 [INFO] 掩码中检测到的类别: [0, 1, 2, 3, 4, 5, 6, 7, 8, 9, 10, 11, 12, 13, 15]
2026-05-22 17:26:39 [INFO] 分割完成，检测到 0 个物体
2026-05-22 17:26:39 [INFO] 从分割掩码中提取检测结果
2026-05-22 17:26:40 [INFO] 从掩码中提取了 381 个检测框
2026-05-22 17:26:40 [INFO] 保存分割和检测结果到: C:\code\show\Scrap_Steel_In_Field\photos\segmentation\segment_20260522_172640.jpg
2026-05-22 17:26:40 [INFO] JSON结果保存到: C:\code\show\Scrap_Steel_In_Field\photos\segmentation_result.json
2026-05-22 17:26:40 [INFO] 类别统计：{0: 6, 1: 47, 2: 24, 3: 2, 4: 14, 5: 32, 6: 26, 7: 22, 8: 66, 9: 43, 10: 18, 11: 13, 12: 10, 13: 40, 14: 0, 15: 18}
2026-05-22 17:26:40 [INFO] 面积统计：{0: 4263300.0, 1: 781236.0, 2: 31140.0, 3: 154260.0, 4: 96192.0, 5: 96012.0, 6: 482256.0, 7: 35064.0, 8: 913752.0, 9: 181908.0, 10: 161604.0, 11: 250488.0, 12: 49320.0, 13: 584496.0, 15: 211176.0}
2026-05-22 17:26:40 [INFO] 分割成功
2026-05-22 17:26:40 [INFO] 引擎上下文已释放
2026-05-22 17:26:40 [INFO] TensorRT 引擎已释放
2026-05-22 17:26:40 [INFO] 全局 CUDA 资源已释放
2026-05-22 17:26:40 [INFO] 分割系统资源已释放
2026-05-22 17:26:44 [INFO] CUDA 初始化成功
2026-05-22 17:26:44 [INFO] 引擎加载成功: scrap_steel.engine
2026-05-22 17:26:44 [INFO] 分割系统初始化成功
2026-05-22 17:26:44 [INFO] 图像预处理完成，原始尺寸: (2160, 3840)
2026-05-22 17:26:44 [INFO] 开始执行分割...
2026-05-22 17:26:44 [DEBUG] 处理后的检测结果形状: (1, 8400, 6)
2026-05-22 17:26:44 [DEBUG] 示例检测结果: [[-4.15550232e+00 -3.36833334e+00  3.88169403e+01  1.59119701e+01
   4.30375735e-08  5.00000000e+00]
 [-6.48363113e+00 -3.13791656e+00  4.39931564e+01  3.00540047e+01
   9.40747924e-09  9.00000000e+00]
 [-3.68233109e+00 -3.65888786e+00  4.56236382e+01  3.05138073e+01
   4.10279100e-09  9.00000000e+00]]
2026-05-22 17:26:44 [DEBUG] 处理后检测输出形状: (0, 52)
2026-05-22 17:26:44 [DEBUG] 有效检测数量: 0
2026-05-22 17:26:44 [DEBUG] 检测输出为空
2026-05-22 17:26:44 [INFO] 掩码中检测到的类别: [0, 1, 2, 3, 4, 5, 6, 7, 8, 9, 10, 11, 12, 13, 15]
2026-05-22 17:26:44 [INFO] 分割完成，检测到 0 个物体
2026-05-22 17:26:44 [INFO] 从分割掩码中提取检测结果
2026-05-22 17:26:44 [INFO] 从掩码中提取了 373 个检测框
2026-05-22 17:26:45 [INFO] 保存分割和检测结果到: C:\code\show\Scrap_Steel_In_Field\photos\segmentation\segment_20260522_172644.jpg
2026-05-22 17:26:45 [INFO] JSON结果保存到: C:\code\show\Scrap_Steel_In_Field\photos\segmentation_result.json
2026-05-22 17:26:45 [INFO] 类别统计：{0: 9, 1: 43, 2: 25, 3: 0, 4: 19, 5: 32, 6: 24, 7: 23, 8: 48, 9: 40, 10: 26, 11: 12, 12: 11, 13: 43, 14: 0, 15: 18}
2026-05-22 17:26:45 [INFO] 面积统计：{0: 4245660.0, 1: 812376.0, 2: 31752.0, 3: 155916.0, 4: 111060.0, 5: 92916.0, 6: 485136.0, 7: 34416.0, 8: 956376.0, 9: 199512.0, 10: 154440.0, 11: 250524.0, 12: 53532.0, 13: 582192.0, 15: 201600.0}
2026-05-22 17:26:45 [INFO] 分割成功
2026-05-22 17:26:45 [INFO] 引擎上下文已释放
2026-05-22 17:26:45 [INFO] TensorRT 引擎已释放
2026-05-22 17:26:45 [INFO] 全局 CUDA 资源已释放
2026-05-22 17:26:45 [INFO] 分割系统资源已释放
2026-05-22 17:26:49 [INFO] CUDA 初始化成功
2026-05-22 17:26:49 [INFO] 引擎加载成功: scrap_steel.engine
2026-05-22 17:26:49 [INFO] 分割系统初始化成功
2026-05-22 17:26:49 [INFO] 图像预处理完成，原始尺寸: (2160, 3840)
2026-05-22 17:26:49 [INFO] 开始执行分割...
2026-05-22 17:26:49 [DEBUG] 处理后的检测结果形状: (1, 8400, 6)
2026-05-22 17:26:49 [DEBUG] 示例检测结果: [[-4.14216614e+00 -3.35937643e+00  3.87088356e+01  1.59481907e+01
   4.35432668e-08  5.00000000e+00]
 [-6.44007874e+00 -3.13667679e+00  4.39187851e+01  3.00564537e+01
   9.51707690e-09  9.00000000e+00]
 [-3.66777420e+00 -3.65911293e+00  4.55158768e+01  3.04236431e+01
   4.11722390e-09  9.00000000e+00]]
2026-05-22 17:26:49 [DEBUG] 处理后检测输出形状: (0, 52)
2026-05-22 17:26:49 [DEBUG] 有效检测数量: 0
2026-05-22 17:26:49 [DEBUG] 检测输出为空
2026-05-22 17:26:49 [INFO] 掩码中检测到的类别: [0, 1, 2, 3, 4, 5, 6, 7, 8, 9, 10, 11, 12, 13, 15]
2026-05-22 17:26:49 [INFO] 分割完成，检测到 0 个物体
2026-05-22 17:26:49 [INFO] 从分割掩码中提取检测结果
2026-05-22 17:26:49 [INFO] 从掩码中提取了 361 个检测框
2026-05-22 17:26:51 [INFO] 保存分割和检测结果到: C:\code\show\Scrap_Steel_In_Field\photos\segmentation\segment_20260522_172649.jpg
2026-05-22 17:26:51 [INFO] JSON结果保存到: C:\code\show\Scrap_Steel_In_Field\photos\segmentation_result.json
2026-05-22 17:26:51 [INFO] 类别统计：{0: 9, 1: 39, 2: 21, 3: 1, 4: 18, 5: 34, 6: 25, 7: 24, 8: 53, 9: 37, 10: 22, 11: 12, 12: 10, 13: 42, 14: 0, 15: 14}
2026-05-22 17:26:51 [INFO] 面积统计：{0: 4121820.0, 1: 814104.0, 2: 28656.0, 3: 154224.0, 4: 102636.0, 5: 85608.0, 6: 480492.0, 7: 36072.0, 8: 949536.0, 9: 209160.0, 10: 163368.0, 11: 250056.0, 12: 52740.0, 13: 590940.0, 15: 186264.0}
2026-05-22 17:26:51 [INFO] 分割成功
2026-05-22 17:26:51 [INFO] 引擎上下文已释放
2026-05-22 17:26:51 [INFO] TensorRT 引擎已释放
2026-05-22 17:26:51 [INFO] 全局 CUDA 资源已释放
2026-05-22 17:26:51 [INFO] 分割系统资源已释放
2026-05-22 17:26:55 [INFO] CUDA 初始化成功
2026-05-22 17:26:55 [INFO] 引擎加载成功: scrap_steel.engine
2026-05-22 17:26:55 [INFO] 分割系统初始化成功
2026-05-22 17:26:55 [INFO] 图像预处理完成，原始尺寸: (2160, 3840)
2026-05-22 17:26:55 [INFO] 开始执行分割...
2026-05-22 17:26:55 [DEBUG] 处理后的检测结果形状: (1, 8400, 6)
2026-05-22 17:26:55 [DEBUG] 示例检测结果: [[-4.12874603e+00 -3.33933163e+00  3.87654953e+01  1.57507219e+01
   4.37410108e-08  5.00000000e+00]
 [-6.44166565e+00 -3.09236908e+00  4.39603500e+01  2.98846626e+01
   9.59200719e-09  9.00000000e+00]
 [-3.67410660e+00 -3.64543343e+00  4.55834160e+01  3.04041195e+01
   4.24648761e-09  9.00000000e+00]]
2026-05-22 17:26:55 [DEBUG] 处理后检测输出形状: (0, 52)
2026-05-22 17:26:55 [DEBUG] 有效检测数量: 0
2026-05-22 17:26:55 [DEBUG] 检测输出为空
2026-05-22 17:26:55 [INFO] 掩码中检测到的类别: [0, 1, 2, 3, 4, 5, 6, 7, 8, 9, 10, 11, 12, 13, 15]
2026-05-22 17:26:55 [INFO] 分割完成，检测到 0 个物体
2026-05-22 17:26:55 [INFO] 从分割掩码中提取检测结果
2026-05-22 17:26:55 [INFO] 从掩码中提取了 372 个检测框
2026-05-22 17:26:56 [INFO] 保存分割和检测结果到: C:\code\show\Scrap_Steel_In_Field\photos\segmentation\segment_20260522_172655.jpg
2026-05-22 17:26:56 [INFO] JSON结果保存到: C:\code\show\Scrap_Steel_In_Field\photos\segmentation_result.json
2026-05-22 17:26:56 [INFO] 类别统计：{0: 11, 1: 42, 2: 23, 3: 0, 4: 14, 5: 31, 6: 20, 7: 20, 8: 52, 9: 51, 10: 18, 11: 15, 12: 14, 13: 44, 14: 0, 15: 17}
2026-05-22 17:26:56 [INFO] 面积统计：{0: 4175208.0, 1: 811908.0, 2: 36756.0, 3: 150516.0, 4: 86112.0, 5: 88632.0, 6: 480456.0, 7: 38412.0, 8: 939312.0, 9: 191268.0, 10: 136620.0, 11: 256536.0, 12: 55296.0, 13: 594864.0, 15: 181980.0}
2026-05-22 17:26:56 [INFO] 分割成功
2026-05-22 17:26:56 [INFO] 引擎上下文已释放
2026-05-22 17:26:56 [INFO] TensorRT 引擎已释放
2026-05-22 17:26:56 [INFO] 全局 CUDA 资源已释放
2026-05-22 17:26:56 [INFO] 分割系统资源已释放
2026-05-22 17:27:00 [INFO] CUDA 初始化成功
2026-05-22 17:27:00 [INFO] 引擎加载成功: scrap_steel.engine
2026-05-22 17:27:00 [INFO] 分割系统初始化成功
2026-05-22 17:27:00 [INFO] 图像预处理完成，原始尺寸: (2160, 3840)
2026-05-22 17:27:00 [INFO] 开始执行分割...
2026-05-22 17:27:00 [DEBUG] 处理后的检测结果形状: (1, 8400, 6)
2026-05-22 17:27:00 [DEBUG] 示例检测结果: [[-4.10921097e+00 -3.30292702e+00  3.88395844e+01  1.57725925e+01
   4.32043450e-08  5.00000000e+00]
 [-6.46152115e+00 -3.07563591e+00  4.39923363e+01  2.99476566e+01
   9.55619583e-09  9.00000000e+00]
 [-3.65174866e+00 -3.61560154e+00  4.55771027e+01  3.04372444e+01
   4.15114432e-09  9.00000000e+00]]
2026-05-22 17:27:00 [DEBUG] 处理后检测输出形状: (0, 52)
2026-05-22 17:27:00 [DEBUG] 有效检测数量: 0
2026-05-22 17:27:00 [DEBUG] 检测输出为空
2026-05-22 17:27:00 [INFO] 掩码中检测到的类别: [0, 1, 2, 3, 4, 5, 6, 7, 8, 9, 10, 11, 12, 13, 15]
2026-05-22 17:27:00 [INFO] 分割完成，检测到 0 个物体
2026-05-22 17:27:00 [INFO] 从分割掩码中提取检测结果
2026-05-22 17:27:01 [INFO] 从掩码中提取了 406 个检测框
2026-05-22 17:27:01 [INFO] 保存分割和检测结果到: C:\code\show\Scrap_Steel_In_Field\photos\segmentation\segment_20260522_172701.jpg
2026-05-22 17:27:01 [INFO] JSON结果保存到: C:\code\show\Scrap_Steel_In_Field\photos\segmentation_result.json
2026-05-22 17:27:01 [INFO] 类别统计：{0: 10, 1: 49, 2: 22, 3: 1, 4: 13, 5: 38, 6: 21, 7: 25, 8: 68, 9: 41, 10: 24, 11: 15, 12: 18, 13: 46, 14: 0, 15: 15}
2026-05-22 17:27:01 [INFO] 面积统计：{0: 4174812.0, 1: 815400.0, 2: 35712.0, 3: 152892.0, 4: 116208.0, 5: 88740.0, 6: 485244.0, 7: 41904.0, 8: 997200.0, 9: 204912.0, 10: 132264.0, 11: 254196.0, 12: 49464.0, 13: 583416.0, 15: 184428.0}
2026-05-22 17:27:01 [INFO] 分割成功
2026-05-22 17:27:01 [INFO] 引擎上下文已释放
2026-05-22 17:27:01 [INFO] TensorRT 引擎已释放
2026-05-22 17:27:01 [INFO] 全局 CUDA 资源已释放
2026-05-22 17:27:01 [INFO] 分割系统资源已释放
2026-05-22 17:27:07 [INFO] CUDA 初始化成功
2026-05-22 17:27:08 [INFO] 引擎加载成功: scrap_steel.engine
2026-05-22 17:27:08 [INFO] 分割系统初始化成功
2026-05-22 17:27:08 [INFO] 图像预处理完成，原始尺寸: (2160, 3840)
2026-05-22 17:27:08 [INFO] 开始执行分割...
2026-05-22 17:27:08 [DEBUG] 处理后的检测结果形状: (1, 8400, 6)
2026-05-22 17:27:08 [DEBUG] 示例检测结果: [[-4.14545822e+00 -3.34726048e+00  3.87802849e+01  1.58344851e+01
   4.38883347e-08  5.00000000e+00]
 [-6.46023560e+00 -3.11520004e+00  4.39654617e+01  2.99566154e+01
   9.40747924e-09  9.00000000e+00]
 [-3.69587708e+00 -3.67605209e+00  4.55923004e+01  3.04523888e+01
   4.18079082e-09  9.00000000e+00]]
2026-05-22 17:27:08 [DEBUG] 处理后检测输出形状: (0, 52)
2026-05-22 17:27:08 [DEBUG] 有效检测数量: 0
2026-05-22 17:27:08 [DEBUG] 检测输出为空
2026-05-22 17:27:08 [INFO] 掩码中检测到的类别: [0, 1, 2, 3, 4, 5, 6, 7, 8, 9, 10, 11, 12, 13, 15]
2026-05-22 17:27:08 [INFO] 分割完成，检测到 0 个物体
2026-05-22 17:27:08 [INFO] 从分割掩码中提取检测结果
2026-05-22 17:27:09 [INFO] 从掩码中提取了 395 个检测框
2026-05-22 17:27:10 [INFO] 保存分割和检测结果到: C:\code\show\Scrap_Steel_In_Field\photos\segmentation\segment_20260522_172709.jpg
2026-05-22 17:27:10 [INFO] JSON结果保存到: C:\code\show\Scrap_Steel_In_Field\photos\segmentation_result.json
2026-05-22 17:27:10 [INFO] 类别统计：{0: 6, 1: 47, 2: 25, 3: 1, 4: 16, 5: 32, 6: 21, 7: 21, 8: 69, 9: 48, 10: 22, 11: 11, 12: 18, 13: 39, 14: 0, 15: 19}
2026-05-22 17:27:10 [INFO] 面积统计：{0: 4188672.0, 1: 804276.0, 2: 31032.0, 3: 154008.0, 4: 107784.0, 5: 86256.0, 6: 477576.0, 7: 39168.0, 8: 986652.0, 9: 203508.0, 10: 135684.0, 11: 251964.0, 12: 59184.0, 13: 594468.0, 15: 189612.0}
2026-05-22 17:27:10 [INFO] 分割成功
2026-05-22 17:27:10 [INFO] 引擎上下文已释放
2026-05-22 17:27:10 [INFO] TensorRT 引擎已释放
2026-05-22 17:27:10 [INFO] 全局 CUDA 资源已释放
2026-05-22 17:27:10 [INFO] 分割系统资源已释放
2026-05-22 17:27:13 [INFO] CUDA 初始化成功
2026-05-22 17:27:13 [INFO] 引擎加载成功: scrap_steel.engine
2026-05-22 17:27:13 [INFO] 分割系统初始化成功
2026-05-22 17:27:13 [INFO] 图像预处理完成，原始尺寸: (2160, 3840)
2026-05-22 17:27:13 [INFO] 开始执行分割...
2026-05-22 17:27:13 [DEBUG] 处理后的检测结果形状: (1, 8400, 6)
2026-05-22 17:27:13 [DEBUG] 示例检测结果: [[-4.17035294e+00 -3.36086416e+00  3.88232079e+01  1.58851490e+01
   4.30506724e-08  5.00000000e+00]
 [-6.48657990e+00 -3.15285683e+00  4.39950409e+01  3.00231686e+01
   9.22649690e-09  9.00000000e+00]
 [-3.68095398e+00 -3.68995857e+00  4.55922012e+01  3.04085407e+01
   4.03925426e-09  9.00000000e+00]]
2026-05-22 17:27:13 [DEBUG] 处理后检测输出形状: (0, 52)
2026-05-22 17:27:13 [DEBUG] 有效检测数量: 0
2026-05-22 17:27:13 [DEBUG] 检测输出为空
2026-05-22 17:27:13 [INFO] 掩码中检测到的类别: [0, 1, 2, 3, 4, 5, 6, 7, 8, 9, 10, 11, 12, 13, 15]
2026-05-22 17:27:13 [INFO] 分割完成，检测到 0 个物体
2026-05-22 17:27:13 [INFO] 从分割掩码中提取检测结果
2026-05-22 17:27:14 [INFO] 从掩码中提取了 392 个检测框
2026-05-22 17:27:14 [INFO] 保存分割和检测结果到: C:\code\show\Scrap_Steel_In_Field\photos\segmentation\segment_20260522_172714.jpg
2026-05-22 17:27:14 [INFO] JSON结果保存到: C:\code\show\Scrap_Steel_In_Field\photos\segmentation_result.json
2026-05-22 17:27:14 [INFO] 类别统计：{0: 11, 1: 37, 2: 28, 3: 0, 4: 14, 5: 41, 6: 19, 7: 25, 8: 54, 9: 47, 10: 24, 11: 12, 12: 23, 13: 41, 14: 0, 15: 16}
2026-05-22 17:27:14 [INFO] 面积统计：{0: 4137516.0, 1: 835992.0, 2: 34956.0, 3: 154476.0, 4: 100764.0, 5: 87192.0, 6: 488052.0, 7: 40824.0, 8: 980892.0, 9: 235440.0, 10: 134748.0, 11: 250884.0, 12: 54828.0, 13: 598428.0, 15: 200052.0}
2026-05-22 17:27:14 [INFO] 分割成功
2026-05-22 17:27:14 [INFO] 引擎上下文已释放
2026-05-22 17:27:14 [INFO] TensorRT 引擎已释放
2026-05-22 17:27:14 [INFO] 全局 CUDA 资源已释放
2026-05-22 17:27:14 [INFO] 分割系统资源已释放
2026-05-22 17:27:18 [INFO] CUDA 初始化成功
2026-05-22 17:27:18 [INFO] 引擎加载成功: scrap_steel.engine
2026-05-22 17:27:18 [INFO] 分割系统初始化成功
2026-05-22 17:27:18 [INFO] 图像预处理完成，原始尺寸: (2160, 3840)
2026-05-22 17:27:18 [INFO] 开始执行分割...
2026-05-22 17:27:18 [DEBUG] 处理后的检测结果形状: (1, 8400, 6)
2026-05-22 17:27:18 [DEBUG] 示例检测结果: [[-4.17395401e+00 -3.36020327e+00  3.88148537e+01  1.59256325e+01
   4.35467271e-08  5.00000000e+00]
 [-6.48918533e+00 -3.12450504e+00  4.39319572e+01  3.00320015e+01
   9.40631040e-09  9.00000000e+00]
 [-3.69537354e+00 -3.67031288e+00  4.55684013e+01  3.04727421e+01
   4.14818047e-09  9.00000000e+00]]
2026-05-22 17:27:18 [DEBUG] 处理后检测输出形状: (0, 52)
2026-05-22 17:27:18 [DEBUG] 有效检测数量: 0
2026-05-22 17:27:18 [DEBUG] 检测输出为空
2026-05-22 17:27:18 [INFO] 掩码中检测到的类别: [0, 1, 2, 3, 4, 5, 6, 7, 8, 9, 10, 11, 12, 13, 15]
2026-05-22 17:27:19 [INFO] 分割完成，检测到 0 个物体
2026-05-22 17:27:19 [INFO] 从分割掩码中提取检测结果
2026-05-22 17:27:19 [INFO] 从掩码中提取了 445 个检测框
2026-05-22 17:27:19 [INFO] 保存分割和检测结果到: C:\code\show\Scrap_Steel_In_Field\photos\segmentation\segment_20260522_172719.jpg
2026-05-22 17:27:19 [INFO] JSON结果保存到: C:\code\show\Scrap_Steel_In_Field\photos\segmentation_result.json
2026-05-22 17:27:19 [INFO] 类别统计：{0: 10, 1: 45, 2: 30, 3: 1, 4: 24, 5: 39, 6: 25, 7: 23, 8: 64, 9: 47, 10: 26, 11: 16, 12: 13, 13: 66, 14: 0, 15: 16}
2026-05-22 17:27:19 [INFO] 面积统计：{0: 3464820.0, 1: 766224.0, 2: 33768.0, 3: 151560.0, 4: 96732.0, 5: 94968.0, 6: 501912.0, 7: 42516.0, 8: 988452.0, 9: 253296.0, 10: 154476.0, 11: 238068.0, 12: 51084.0, 13: 656964.0, 15: 206676.0}
2026-05-22 17:27:19 [INFO] 分割成功
2026-05-22 17:27:19 [INFO] 引擎上下文已释放
2026-05-22 17:27:19 [INFO] TensorRT 引擎已释放
2026-05-22 17:27:19 [INFO] 全局 CUDA 资源已释放
2026-05-22 17:27:19 [INFO] 分割系统资源已释放
2026-05-22 17:27:25 [INFO] CUDA 初始化成功
2026-05-22 17:27:25 [INFO] 引擎加载成功: scrap_steel.engine
2026-05-22 17:27:25 [INFO] 分割系统初始化成功
2026-05-22 17:27:25 [INFO] 图像预处理完成，原始尺寸: (2160, 3840)
2026-05-22 17:27:25 [INFO] 开始执行分割...
2026-05-22 17:27:25 [DEBUG] 处理后的检测结果形状: (1, 8400, 6)
2026-05-22 17:27:25 [DEBUG] 示例检测结果: [[-4.11280060e+00 -3.33815193e+00  3.88320923e+01  1.59011059e+01
   4.44262866e-08  5.00000000e+00]
 [-6.44430542e+00 -3.12148857e+00  4.39141617e+01  2.99663258e+01
   9.40747924e-09  9.00000000e+00]
 [-3.67844391e+00 -3.67375851e+00  4.55399475e+01  3.04213028e+01
   4.10115852e-09  9.00000000e+00]]
2026-05-22 17:27:25 [DEBUG] 处理后检测输出形状: (0, 52)
2026-05-22 17:27:25 [DEBUG] 有效检测数量: 0
2026-05-22 17:27:25 [DEBUG] 检测输出为空
2026-05-22 17:27:25 [INFO] 掩码中检测到的类别: [0, 1, 2, 3, 4, 5, 6, 7, 8, 9, 10, 11, 12, 13, 15]
2026-05-22 17:27:25 [INFO] 分割完成，检测到 0 个物体
2026-05-22 17:27:25 [INFO] 从分割掩码中提取检测结果
2026-05-22 17:27:26 [INFO] 从掩码中提取了 407 个检测框
2026-05-22 17:27:26 [INFO] 保存分割和检测结果到: C:\code\show\Scrap_Steel_In_Field\photos\segmentation\segment_20260522_172726.jpg
2026-05-22 17:27:26 [INFO] JSON结果保存到: C:\code\show\Scrap_Steel_In_Field\photos\segmentation_result.json
2026-05-22 17:27:26 [INFO] 类别统计：{0: 12, 1: 48, 2: 28, 3: 0, 4: 16, 5: 38, 6: 17, 7: 26, 8: 51, 9: 49, 10: 23, 11: 18, 12: 16, 13: 48, 14: 0, 15: 17}
2026-05-22 17:27:26 [INFO] 面积统计：{0: 4437360.0, 1: 769860.0, 2: 41328.0, 3: 153900.0, 4: 98172.0, 5: 93852.0, 6: 493848.0, 7: 48024.0, 8: 893160.0, 9: 173196.0, 10: 125676.0, 11: 253152.0, 12: 70272.0, 13: 582192.0, 15: 197676.0}
2026-05-22 17:27:26 [INFO] 分割成功
2026-05-22 17:27:26 [INFO] 引擎上下文已释放
2026-05-22 17:27:26 [INFO] TensorRT 引擎已释放
2026-05-22 17:27:26 [INFO] 全局 CUDA 资源已释放
2026-05-22 17:27:26 [INFO] 分割系统资源已释放
2026-05-22 17:27:30 [INFO] CUDA 初始化成功
2026-05-22 17:27:30 [INFO] 引擎加载成功: scrap_steel.engine
2026-05-22 17:27:30 [INFO] 分割系统初始化成功
2026-05-22 17:27:30 [INFO] 图像预处理完成，原始尺寸: (2160, 3840)
2026-05-22 17:27:30 [INFO] 开始执行分割...
2026-05-22 17:27:30 [DEBUG] 处理后的检测结果形状: (1, 8400, 6)
2026-05-22 17:27:30 [DEBUG] 示例检测结果: [[-4.15619278e+00 -3.36047459e+00  3.88381920e+01  1.58947001e+01
   4.33729070e-08  5.00000000e+00]
 [-6.52194977e+00 -3.12647533e+00  4.40514565e+01  3.00114746e+01
   9.40747924e-09  9.00000000e+00]
 [-3.70010376e+00 -3.68672562e+00  4.56079178e+01  3.04620018e+01
   4.14959089e-09  9.00000000e+00]]
2026-05-22 17:27:30 [DEBUG] 处理后检测输出形状: (0, 52)
2026-05-22 17:27:30 [DEBUG] 有效检测数量: 0
2026-05-22 17:27:30 [DEBUG] 检测输出为空
2026-05-22 17:27:30 [INFO] 掩码中检测到的类别: [0, 1, 2, 3, 4, 5, 6, 7, 8, 9, 10, 11, 12, 13, 15]
2026-05-22 17:27:30 [INFO] 分割完成，检测到 0 个物体
2026-05-22 17:27:30 [INFO] 从分割掩码中提取检测结果
2026-05-22 17:27:30 [INFO] 从掩码中提取了 411 个检测框
2026-05-22 17:27:31 [INFO] 保存分割和检测结果到: C:\code\show\Scrap_Steel_In_Field\photos\segmentation\segment_20260522_172730.jpg
2026-05-22 17:27:31 [INFO] JSON结果保存到: C:\code\show\Scrap_Steel_In_Field\photos\segmentation_result.json
2026-05-22 17:27:31 [INFO] 类别统计：{0: 11, 1: 55, 2: 29, 3: 0, 4: 16, 5: 36, 6: 18, 7: 28, 8: 60, 9: 48, 10: 22, 11: 13, 12: 17, 13: 41, 14: 0, 15: 17}
2026-05-22 17:27:31 [INFO] 面积统计：{0: 4251204.0, 1: 743004.0, 2: 35172.0, 3: 148644.0, 4: 92916.0, 5: 81468.0, 6: 485424.0, 7: 47052.0, 8: 948708.0, 9: 184104.0, 10: 134316.0, 11: 248040.0, 12: 73260.0, 13: 592056.0, 15: 196056.0}
2026-05-22 17:27:31 [INFO] 分割成功
2026-05-22 17:27:31 [INFO] 引擎上下文已释放
2026-05-22 17:27:31 [INFO] TensorRT 引擎已释放
2026-05-22 17:27:31 [INFO] 全局 CUDA 资源已释放
2026-05-22 17:27:31 [INFO] 分割系统资源已释放
2026-05-22 17:27:35 [INFO] CUDA 初始化成功
2026-05-22 17:27:35 [INFO] 引擎加载成功: scrap_steel.engine
2026-05-22 17:27:35 [INFO] 分割系统初始化成功
2026-05-22 17:27:35 [INFO] 图像预处理完成，原始尺寸: (2160, 3840)
2026-05-22 17:27:35 [INFO] 开始执行分割...
2026-05-22 17:27:35 [DEBUG] 处理后的检测结果形状: (1, 8400, 6)
2026-05-22 17:27:35 [DEBUG] 示例检测结果: [[-4.14347458e+00 -3.35868645e+00  3.87729530e+01  1.59571819e+01
   4.27178293e-08  5.00000000e+00]
 [-6.47101974e+00 -3.12814140e+00  4.39387283e+01  2.99970455e+01
   9.37177802e-09  9.00000000e+00]
 [-3.68197250e+00 -3.66185474e+00  4.55514755e+01  3.03959923e+01
   4.11867518e-09  9.00000000e+00]]
2026-05-22 17:27:35 [DEBUG] 处理后检测输出形状: (0, 52)
2026-05-22 17:27:35 [DEBUG] 有效检测数量: 0
2026-05-22 17:27:35 [DEBUG] 检测输出为空
2026-05-22 17:27:35 [INFO] 掩码中检测到的类别: [0, 1, 2, 3, 4, 5, 6, 7, 8, 9, 10, 11, 12, 13, 15]
2026-05-22 17:27:36 [INFO] 分割完成，检测到 0 个物体
2026-05-22 17:27:36 [INFO] 从分割掩码中提取检测结果
2026-05-22 17:27:36 [INFO] 从掩码中提取了 401 个检测框
2026-05-22 17:27:37 [INFO] 保存分割和检测结果到: C:\code\show\Scrap_Steel_In_Field\photos\segmentation\segment_20260522_172736.jpg
2026-05-22 17:27:37 [INFO] JSON结果保存到: C:\code\show\Scrap_Steel_In_Field\photos\segmentation_result.json
2026-05-22 17:27:37 [INFO] 类别统计：{0: 13, 1: 56, 2: 29, 3: 1, 4: 12, 5: 38, 6: 19, 7: 27, 8: 46, 9: 48, 10: 18, 11: 13, 12: 19, 13: 43, 14: 0, 15: 19}
2026-05-22 17:27:37 [INFO] 面积统计：{0: 4158540.0, 1: 764424.0, 2: 40248.0, 3: 154368.0, 4: 104472.0, 5: 90468.0, 6: 474444.0, 7: 48600.0, 8: 984240.0, 9: 197244.0, 10: 136008.0, 11: 250488.0, 12: 58284.0, 13: 580824.0, 15: 197316.0}
2026-05-22 17:27:37 [INFO] 分割成功
2026-05-22 17:27:37 [INFO] 引擎上下文已释放
2026-05-22 17:27:37 [INFO] TensorRT 引擎已释放
2026-05-22 17:27:37 [INFO] 全局 CUDA 资源已释放
2026-05-22 17:27:37 [INFO] 分割系统资源已释放
2026-05-22 17:27:44 [INFO] CUDA 初始化成功
2026-05-22 17:27:44 [INFO] 引擎加载成功: scrap_steel.engine
2026-05-22 17:27:44 [INFO] 分割系统初始化成功
2026-05-22 17:27:45 [INFO] 图像预处理完成，原始尺寸: (2160, 3840)
2026-05-22 17:27:45 [INFO] 开始执行分割...
2026-05-22 17:27:45 [DEBUG] 处理后的检测结果形状: (1, 8400, 6)
2026-05-22 17:27:45 [DEBUG] 示例检测结果: [[-4.17337418e+00 -3.37281799e+00  3.88728561e+01  1.60320377e+01
   4.37166250e-08  5.00000000e+00]
 [-6.53189468e+00 -3.13796997e+00  4.39870377e+01  3.01436081e+01
   9.55430934e-09  9.00000000e+00]
 [-3.70728302e+00 -3.68602085e+00  4.56231308e+01  3.05203896e+01
   4.18079082e-09  9.00000000e+00]]
2026-05-22 17:27:45 [DEBUG] 处理后检测输出形状: (0, 52)
2026-05-22 17:27:45 [DEBUG] 有效检测数量: 0
2026-05-22 17:27:45 [DEBUG] 检测输出为空
2026-05-22 17:27:45 [INFO] 掩码中检测到的类别: [0, 1, 2, 3, 4, 5, 6, 7, 8, 9, 10, 11, 12, 13, 15]
2026-05-22 17:27:45 [INFO] 分割完成，检测到 0 个物体
2026-05-22 17:27:45 [INFO] 从分割掩码中提取检测结果
2026-05-22 17:27:47 [INFO] 从掩码中提取了 407 个检测框
2026-05-22 17:27:50 [INFO] 保存分割和检测结果到: C:\code\show\Scrap_Steel_In_Field\photos\segmentation\segment_20260522_172747.jpg
2026-05-22 17:27:50 [INFO] JSON结果保存到: C:\code\show\Scrap_Steel_In_Field\photos\segmentation_result.json
2026-05-22 17:27:50 [INFO] 类别统计：{0: 36, 1: 47, 2: 23, 3: 1, 4: 17, 5: 32, 6: 21, 7: 32, 8: 54, 9: 39, 10: 16, 11: 13, 12: 15, 13: 44, 14: 0, 15: 17}
2026-05-22 17:27:50 [INFO] 面积统计：{0: 4333176.0, 1: 793296.0, 2: 36288.0, 3: 153972.0, 4: 110664.0, 5: 83880.0, 6: 474912.0, 7: 47952.0, 8: 944028.0, 9: 200664.0, 10: 134784.0, 11: 247680.0, 12: 59508.0, 13: 590220.0, 15: 188208.0}
2026-05-22 17:27:50 [INFO] 分割成功
2026-05-22 17:27:50 [INFO] 引擎上下文已释放
2026-05-22 17:27:50 [INFO] TensorRT 引擎已释放
2026-05-22 17:27:50 [INFO] 全局 CUDA 资源已释放
2026-05-22 17:27:50 [INFO] 分割系统资源已释放
2026-05-22 17:27:54 [INFO] CUDA 初始化成功
2026-05-22 17:27:54 [INFO] 引擎加载成功: scrap_steel.engine
2026-05-22 17:27:54 [INFO] 分割系统初始化成功
2026-05-22 17:27:54 [INFO] 图像预处理完成，原始尺寸: (2160, 3840)
2026-05-22 17:27:54 [INFO] 开始执行分割...
2026-05-22 17:27:54 [DEBUG] 处理后的检测结果形状: (1, 8400, 6)
2026-05-22 17:27:54 [DEBUG] 示例检测结果: [[-4.15912628e+00 -3.33243084e+00  3.88380127e+01  1.58909330e+01
   4.33729070e-08  5.00000000e+00]
 [-6.50035858e+00 -3.09758282e+00  4.39725723e+01  2.99795990e+01
   9.33511402e-09  9.00000000e+00]
 [-3.67251968e+00 -3.64427853e+00  4.55482483e+01  3.04009972e+01
   4.10279100e-09  9.00000000e+00]]
2026-05-22 17:27:54 [DEBUG] 处理后检测输出形状: (0, 52)
2026-05-22 17:27:54 [DEBUG] 有效检测数量: 0
2026-05-22 17:27:54 [DEBUG] 检测输出为空
2026-05-22 17:27:54 [INFO] 掩码中检测到的类别: [0, 1, 2, 3, 4, 5, 6, 7, 8, 9, 10, 11, 12, 13, 15]
2026-05-22 17:27:54 [INFO] 分割完成，检测到 0 个物体
2026-05-22 17:27:54 [INFO] 从分割掩码中提取检测结果
2026-05-22 17:27:54 [INFO] 从掩码中提取了 384 个检测框
2026-05-22 17:27:55 [INFO] 保存分割和检测结果到: C:\code\show\Scrap_Steel_In_Field\photos\segmentation\segment_20260522_172754.jpg
2026-05-22 17:27:55 [INFO] JSON结果保存到: C:\code\show\Scrap_Steel_In_Field\photos\segmentation_result.json
2026-05-22 17:27:55 [INFO] 类别统计：{0: 5, 1: 39, 2: 28, 3: 2, 4: 14, 5: 36, 6: 19, 7: 27, 8: 56, 9: 47, 10: 18, 11: 14, 12: 19, 13: 44, 14: 0, 15: 16}
2026-05-22 17:27:55 [INFO] 面积统计：{0: 4150512.0, 1: 780444.0, 2: 37728.0, 3: 155124.0, 4: 97236.0, 5: 92520.0, 6: 475596.0, 7: 46404.0, 8: 948960.0, 9: 201024.0, 10: 131436.0, 11: 248760.0, 12: 69120.0, 13: 580464.0, 15: 207612.0}
2026-05-22 17:27:55 [INFO] 分割成功
2026-05-22 17:27:55 [INFO] 引擎上下文已释放
2026-05-22 17:27:55 [INFO] TensorRT 引擎已释放
2026-05-22 17:27:55 [INFO] 全局 CUDA 资源已释放
2026-05-22 17:27:55 [INFO] 分割系统资源已释放
2026-05-22 17:27:59 [INFO] CUDA 初始化成功
2026-05-22 17:27:59 [INFO] 引擎加载成功: scrap_steel.engine
2026-05-22 17:27:59 [INFO] 分割系统初始化成功
2026-05-22 17:27:59 [INFO] 图像预处理完成，原始尺寸: (2160, 3840)
2026-05-22 17:27:59 [INFO] 开始执行分割...
2026-05-22 17:27:59 [DEBUG] 处理后的检测结果形状: (1, 8400, 6)
2026-05-22 17:27:59 [DEBUG] 示例检测结果: [[-4.11267471e+00 -3.34044456e+00  3.88009377e+01  1.58901711e+01
   4.33729070e-08  5.00000000e+00]
 [-6.42957306e+00 -3.11460495e+00  4.39278336e+01  2.99366493e+01
   9.33511402e-09  9.00000000e+00]
 [-3.66522217e+00 -3.63246346e+00  4.55488434e+01  3.03878231e+01
   4.13479295e-09  9.00000000e+00]]
2026-05-22 17:27:59 [DEBUG] 处理后检测输出形状: (0, 52)
2026-05-22 17:27:59 [DEBUG] 有效检测数量: 0
2026-05-22 17:27:59 [DEBUG] 检测输出为空
2026-05-22 17:27:59 [INFO] 掩码中检测到的类别: [0, 1, 2, 3, 4, 5, 6, 7, 8, 9, 10, 11, 12, 13, 15]
2026-05-22 17:27:59 [INFO] 分割完成，检测到 0 个物体
2026-05-22 17:27:59 [INFO] 从分割掩码中提取检测结果
2026-05-22 17:27:59 [INFO] 从掩码中提取了 411 个检测框
2026-05-22 17:28:00 [INFO] 保存分割和检测结果到: C:\code\show\Scrap_Steel_In_Field\photos\segmentation\segment_20260522_172759.jpg
2026-05-22 17:28:00 [INFO] JSON结果保存到: C:\code\show\Scrap_Steel_In_Field\photos\segmentation_result.json
2026-05-22 17:28:00 [INFO] 类别统计：{0: 9, 1: 42, 2: 28, 3: 3, 4: 19, 5: 30, 6: 21, 7: 26, 8: 70, 9: 45, 10: 23, 11: 18, 12: 19, 13: 44, 14: 0, 15: 14}
2026-05-22 17:28:00 [INFO] 面积统计：{0: 4114152.0, 1: 770148.0, 2: 38628.0, 3: 155340.0, 4: 110088.0, 5: 88020.0, 6: 500256.0, 7: 42804.0, 8: 943272.0, 9: 187524.0, 10: 138420.0, 11: 255456.0, 12: 50652.0, 13: 584100.0, 15: 193284.0}
2026-05-22 17:28:00 [INFO] 分割成功
2026-05-22 17:28:00 [INFO] 引擎上下文已释放
2026-05-22 17:28:00 [INFO] TensorRT 引擎已释放
2026-05-22 17:28:00 [INFO] 全局 CUDA 资源已释放
2026-05-22 17:28:00 [INFO] 分割系统资源已释放
2026-05-22 17:28:04 [INFO] CUDA 初始化成功
2026-05-22 17:28:04 [INFO] 引擎加载成功: scrap_steel.engine
2026-05-22 17:28:04 [INFO] 分割系统初始化成功
2026-05-22 17:28:04 [INFO] 图像预处理完成，原始尺寸: (2160, 3840)
2026-05-22 17:28:04 [INFO] 开始执行分割...
2026-05-22 17:28:04 [DEBUG] 处理后的检测结果形状: (1, 8400, 6)
2026-05-22 17:28:04 [DEBUG] 示例检测结果: [[-4.13844681e+00 -3.34484243e+00  3.87683220e+01  1.59412937e+01
   4.40818262e-08  5.00000000e+00]
 [-6.44882202e+00 -3.09955597e+00  4.40065002e+01  3.00528831e+01
   9.62724300e-09  9.00000000e+00]
 [-3.68036652e+00 -3.64407539e+00  4.55935135e+01  3.05128307e+01
   4.18079082e-09  9.00000000e+00]]
2026-05-22 17:28:04 [DEBUG] 处理后检测输出形状: (0, 52)
2026-05-22 17:28:04 [DEBUG] 有效检测数量: 0
2026-05-22 17:28:04 [DEBUG] 检测输出为空
2026-05-22 17:28:04 [INFO] 掩码中检测到的类别: [0, 1, 2, 3, 4, 5, 6, 7, 8, 9, 10, 11, 12, 13, 15]
2026-05-22 17:28:04 [INFO] 分割完成，检测到 0 个物体
2026-05-22 17:28:04 [INFO] 从分割掩码中提取检测结果
2026-05-22 17:28:04 [INFO] 从掩码中提取了 405 个检测框
2026-05-22 17:28:05 [INFO] 保存分割和检测结果到: C:\code\show\Scrap_Steel_In_Field\photos\segmentation\segment_20260522_172804.jpg
2026-05-22 17:28:05 [INFO] JSON结果保存到: C:\code\show\Scrap_Steel_In_Field\photos\segmentation_result.json
2026-05-22 17:28:05 [INFO] 类别统计：{0: 12, 1: 57, 2: 24, 3: 2, 4: 13, 5: 34, 6: 16, 7: 30, 8: 60, 9: 49, 10: 20, 11: 16, 12: 21, 13: 38, 14: 0, 15: 13}
2026-05-22 17:28:05 [INFO] 面积统计：{0: 4110588.0, 1: 807984.0, 2: 30744.0, 3: 157788.0, 4: 102168.0, 5: 82692.0, 6: 486468.0, 7: 49644.0, 8: 960264.0, 9: 167436.0, 10: 131544.0, 11: 249984.0, 12: 77724.0, 13: 574812.0, 15: 195192.0}
2026-05-22 17:28:05 [INFO] 分割成功
2026-05-22 17:28:05 [INFO] 引擎上下文已释放
2026-05-22 17:28:05 [INFO] TensorRT 引擎已释放
2026-05-22 17:28:05 [INFO] 全局 CUDA 资源已释放
2026-05-22 17:28:05 [INFO] 分割系统资源已释放
2026-05-22 17:28:10 [INFO] CUDA 初始化成功
2026-05-22 17:28:10 [INFO] 引擎加载成功: scrap_steel.engine
2026-05-22 17:28:10 [INFO] 分割系统初始化成功
2026-05-22 17:28:10 [INFO] 图像预处理完成，原始尺寸: (2160, 3840)
2026-05-22 17:28:10 [INFO] 开始执行分割...
2026-05-22 17:28:10 [DEBUG] 处理后的检测结果形状: (1, 8400, 6)
2026-05-22 17:28:10 [DEBUG] 示例检测结果: [[-4.10905075e+00 -3.32193565e+00  3.87594986e+01  1.57619495e+01
   4.32043450e-08  5.00000000e+00]
 [-6.42314148e+00 -3.07523823e+00  4.39690018e+01  2.98740845e+01
   9.48137568e-09  9.00000000e+00]
 [-3.68597412e+00 -3.63076019e+00  4.55956268e+01  3.03869438e+01
   4.21340118e-09  9.00000000e+00]]
2026-05-22 17:28:10 [DEBUG] 处理后检测输出形状: (0, 52)
2026-05-22 17:28:10 [DEBUG] 有效检测数量: 0
2026-05-22 17:28:10 [DEBUG] 检测输出为空
2026-05-22 17:28:10 [INFO] 掩码中检测到的类别: [0, 1, 2, 3, 4, 5, 6, 7, 8, 9, 10, 11, 12, 13, 15]
2026-05-22 17:28:10 [INFO] 分割完成，检测到 0 个物体
2026-05-22 17:28:10 [INFO] 从分割掩码中提取检测结果
2026-05-22 17:28:10 [INFO] 从掩码中提取了 407 个检测框
2026-05-22 17:28:11 [INFO] 保存分割和检测结果到: C:\code\show\Scrap_Steel_In_Field\photos\segmentation\segment_20260522_172810.jpg
2026-05-22 17:28:11 [INFO] JSON结果保存到: C:\code\show\Scrap_Steel_In_Field\photos\segmentation_result.json
2026-05-22 17:28:11 [INFO] 类别统计：{0: 11, 1: 43, 2: 28, 3: 1, 4: 15, 5: 34, 6: 20, 7: 33, 8: 62, 9: 47, 10: 21, 11: 16, 12: 15, 13: 47, 14: 0, 15: 14}
2026-05-22 17:28:11 [INFO] 面积统计：{0: 4120992.0, 1: 831600.0, 2: 33516.0, 3: 155448.0, 4: 111960.0, 5: 87120.0, 6: 492480.0, 7: 42372.0, 8: 1016640.0, 9: 171900.0, 10: 140688.0, 11: 251928.0, 12: 49320.0, 13: 581652.0, 15: 184176.0}
2026-05-22 17:28:11 [INFO] 分割成功
2026-05-22 17:28:11 [INFO] 引擎上下文已释放
2026-05-22 17:28:11 [INFO] TensorRT 引擎已释放
2026-05-22 17:28:11 [INFO] 全局 CUDA 资源已释放
2026-05-22 17:28:11 [INFO] 分割系统资源已释放
2026-05-22 17:28:14 [INFO] CUDA 初始化成功
2026-05-22 17:28:14 [INFO] 引擎加载成功: scrap_steel.engine
2026-05-22 17:28:14 [INFO] 分割系统初始化成功
2026-05-22 17:28:15 [INFO] 图像预处理完成，原始尺寸: (2160, 3840)
2026-05-22 17:28:15 [INFO] 开始执行分割...
2026-05-22 17:28:15 [DEBUG] 处理后的检测结果形状: (1, 8400, 6)
2026-05-22 17:28:15 [DEBUG] 示例检测结果: [[-4.10984421e+00 -3.33826590e+00  3.87680817e+01  1.59207096e+01
   4.35467271e-08  5.00000000e+00]
 [-6.43540192e+00 -3.10151196e+00  4.39680252e+01  3.00501633e+01
   9.55430934e-09  9.00000000e+00]
 [-3.65456772e+00 -3.64566803e+00  4.55730515e+01  3.04436951e+01
   4.14959089e-09  9.00000000e+00]]
2026-05-22 17:28:15 [DEBUG] 处理后检测输出形状: (0, 52)
2026-05-22 17:28:15 [DEBUG] 有效检测数量: 0
2026-05-22 17:28:15 [DEBUG] 检测输出为空
2026-05-22 17:28:15 [INFO] 掩码中检测到的类别: [0, 1, 2, 3, 4, 5, 6, 7, 8, 9, 10, 11, 12, 13, 15]
2026-05-22 17:28:15 [INFO] 分割完成，检测到 0 个物体
2026-05-22 17:28:15 [INFO] 从分割掩码中提取检测结果
2026-05-22 17:28:15 [INFO] 从掩码中提取了 407 个检测框
2026-05-22 17:28:16 [INFO] 保存分割和检测结果到: C:\code\show\Scrap_Steel_In_Field\photos\segmentation\segment_20260522_172815.jpg
2026-05-22 17:28:16 [INFO] JSON结果保存到: C:\code\show\Scrap_Steel_In_Field\photos\segmentation_result.json
2026-05-22 17:28:16 [INFO] 类别统计：{0: 8, 1: 52, 2: 30, 3: 1, 4: 15, 5: 40, 6: 18, 7: 34, 8: 59, 9: 40, 10: 24, 11: 15, 12: 20, 13: 37, 14: 0, 15: 14}
2026-05-22 17:28:16 [INFO] 面积统计：{0: 4258512.0, 1: 804744.0, 2: 41292.0, 3: 155304.0, 4: 105696.0, 5: 80604.0, 6: 470628.0, 7: 44280.0, 8: 934884.0, 9: 194508.0, 10: 133992.0, 11: 252540.0, 12: 65772.0, 13: 588744.0, 15: 192960.0}
2026-05-22 17:28:16 [INFO] 分割成功
2026-05-22 17:28:16 [INFO] 引擎上下文已释放
2026-05-22 17:28:16 [INFO] TensorRT 引擎已释放
2026-05-22 17:28:16 [INFO] 全局 CUDA 资源已释放
2026-05-22 17:28:16 [INFO] 分割系统资源已释放
2026-05-22 17:28:20 [INFO] CUDA 初始化成功
2026-05-22 17:28:20 [INFO] 引擎加载成功: scrap_steel.engine
2026-05-22 17:28:20 [INFO] 分割系统初始化成功
2026-05-22 17:28:20 [INFO] 图像预处理完成，原始尺寸: (2160, 3840)
2026-05-22 17:28:20 [INFO] 开始执行分割...
2026-05-22 17:28:20 [DEBUG] 处理后的检测结果形状: (1, 8400, 6)
2026-05-22 17:28:20 [DEBUG] 示例检测结果: [[-4.08003616e+00 -3.32433987e+00  3.86792603e+01  1.57746687e+01
   4.37410108e-08  5.00000000e+00]
 [-6.37570190e+00 -3.10037231e+00  4.39404335e+01  2.99481201e+01
   9.47984446e-09  9.00000000e+00]
 [-3.67443466e+00 -3.65892506e+00  4.55533905e+01  3.04327087e+01
   4.08532941e-09  9.00000000e+00]]
2026-05-22 17:28:20 [DEBUG] 处理后检测输出形状: (0, 52)
2026-05-22 17:28:20 [DEBUG] 有效检测数量: 0
2026-05-22 17:28:20 [DEBUG] 检测输出为空
2026-05-22 17:28:20 [INFO] 掩码中检测到的类别: [0, 1, 2, 3, 4, 5, 6, 7, 8, 9, 10, 11, 12, 13, 15]
2026-05-22 17:28:20 [INFO] 分割完成，检测到 0 个物体
2026-05-22 17:28:20 [INFO] 从分割掩码中提取检测结果
2026-05-22 17:28:20 [INFO] 从掩码中提取了 367 个检测框
2026-05-22 17:28:21 [INFO] 保存分割和检测结果到: C:\code\show\Scrap_Steel_In_Field\photos\segmentation\segment_20260522_172820.jpg
2026-05-22 17:28:21 [INFO] JSON结果保存到: C:\code\show\Scrap_Steel_In_Field\photos\segmentation_result.json
2026-05-22 17:28:21 [INFO] 类别统计：{0: 5, 1: 47, 2: 24, 3: 2, 4: 18, 5: 32, 6: 15, 7: 27, 8: 48, 9: 41, 10: 17, 11: 14, 12: 20, 13: 42, 14: 0, 15: 15}
2026-05-22 17:28:21 [INFO] 面积统计：{0: 4274604.0, 1: 757224.0, 2: 39132.0, 3: 153108.0, 4: 106956.0, 5: 88308.0, 6: 490176.0, 7: 45000.0, 8: 945144.0, 9: 185832.0, 10: 130356.0, 11: 252612.0, 12: 65304.0, 13: 583920.0, 15: 194940.0}
2026-05-22 17:28:21 [INFO] 分割成功
2026-05-22 17:28:21 [INFO] 引擎上下文已释放
2026-05-22 17:28:21 [INFO] TensorRT 引擎已释放
2026-05-22 17:28:21 [INFO] 全局 CUDA 资源已释放
2026-05-22 17:28:21 [INFO] 分割系统资源已释放
2026-05-22 17:28:26 [INFO] CUDA 初始化成功
2026-05-22 17:28:26 [INFO] 引擎加载成功: scrap_steel.engine
2026-05-22 17:28:26 [INFO] 分割系统初始化成功
2026-05-22 17:28:26 [INFO] 图像预处理完成，原始尺寸: (2160, 3840)
2026-05-22 17:28:26 [INFO] 开始执行分割...
2026-05-22 17:28:26 [DEBUG] 处理后的检测结果形状: (1, 8400, 6)
2026-05-22 17:28:26 [DEBUG] 示例检测结果: [[-4.11139679e+00 -3.31205463e+00  3.86821594e+01  1.57187281e+01
   4.40818262e-08  5.00000000e+00]
 [-6.41753006e+00 -3.08811760e+00  4.39234581e+01  2.99122181e+01
   9.55220969e-09  9.00000000e+00]
 [-3.64709473e+00 -3.60330105e+00  4.55488930e+01  3.03892822e+01
   4.11722390e-09  9.00000000e+00]]
2026-05-22 17:28:26 [DEBUG] 处理后检测输出形状: (0, 52)
2026-05-22 17:28:26 [DEBUG] 有效检测数量: 0
2026-05-22 17:28:26 [DEBUG] 检测输出为空
2026-05-22 17:28:26 [INFO] 掩码中检测到的类别: [0, 1, 2, 3, 4, 5, 6, 7, 8, 9, 10, 11, 12, 13, 15]
2026-05-22 17:28:26 [INFO] 分割完成，检测到 0 个物体
2026-05-22 17:28:26 [INFO] 从分割掩码中提取检测结果
2026-05-22 17:28:26 [INFO] 从掩码中提取了 385 个检测框
2026-05-22 17:28:27 [INFO] 保存分割和检测结果到: C:\code\show\Scrap_Steel_In_Field\photos\segmentation\segment_20260522_172826.jpg
2026-05-22 17:28:27 [INFO] JSON结果保存到: C:\code\show\Scrap_Steel_In_Field\photos\segmentation_result.json
2026-05-22 17:28:27 [INFO] 类别统计：{0: 14, 1: 45, 2: 27, 3: 1, 4: 15, 5: 33, 6: 26, 7: 25, 8: 52, 9: 46, 10: 19, 11: 14, 12: 15, 13: 40, 14: 0, 15: 13}
2026-05-22 17:28:27 [INFO] 面积统计：{0: 4147380.0, 1: 790452.0, 2: 40752.0, 3: 155700.0, 4: 107712.0, 5: 85284.0, 6: 479196.0, 7: 42300.0, 8: 964008.0, 9: 219672.0, 10: 133200.0, 11: 249804.0, 12: 72432.0, 13: 586260.0, 15: 197100.0}
2026-05-22 17:28:27 [INFO] 分割成功
2026-05-22 17:28:27 [INFO] 引擎上下文已释放
2026-05-22 17:28:27 [INFO] TensorRT 引擎已释放
2026-05-22 17:28:27 [INFO] 全局 CUDA 资源已释放
2026-05-22 17:28:27 [INFO] 分割系统资源已释放
2026-05-22 17:28:31 [INFO] CUDA 初始化成功
2026-05-22 17:28:31 [INFO] 引擎加载成功: scrap_steel.engine
2026-05-22 17:28:31 [INFO] 分割系统初始化成功
2026-05-22 17:28:31 [INFO] 图像预处理完成，原始尺寸: (2160, 3840)
2026-05-22 17:28:31 [INFO] 开始执行分割...
2026-05-22 17:28:31 [DEBUG] 处理后的检测结果形状: (1, 8400, 6)
2026-05-22 17:28:31 [DEBUG] 示例检测结果: [[-4.12643051e+00 -3.38074589e+00  3.87430153e+01  1.59555120e+01
   4.44262866e-08  5.00000000e+00]
 [-6.45945740e+00 -3.13602543e+00  4.39791946e+01  3.00400314e+01
   9.62457491e-09  9.00000000e+00]
 [-3.69961548e+00 -3.65748501e+00  4.55385742e+01  3.03876572e+01
   4.22450164e-09  9.00000000e+00]]
2026-05-22 17:28:31 [DEBUG] 处理后检测输出形状: (0, 52)
2026-05-22 17:28:31 [DEBUG] 有效检测数量: 0
2026-05-22 17:28:31 [DEBUG] 检测输出为空
2026-05-22 17:28:31 [INFO] 掩码中检测到的类别: [0, 1, 2, 3, 4, 5, 6, 7, 8, 9, 10, 11, 12, 13, 15]
2026-05-22 17:28:31 [INFO] 分割完成，检测到 0 个物体
2026-05-22 17:28:31 [INFO] 从分割掩码中提取检测结果
2026-05-22 17:28:31 [INFO] 从掩码中提取了 401 个检测框
2026-05-22 17:28:32 [INFO] 保存分割和检测结果到: C:\code\show\Scrap_Steel_In_Field\photos\segmentation\segment_20260522_172831.jpg
2026-05-22 17:28:32 [INFO] JSON结果保存到: C:\code\show\Scrap_Steel_In_Field\photos\segmentation_result.json
2026-05-22 17:28:32 [INFO] 类别统计：{0: 8, 1: 52, 2: 25, 3: 1, 4: 13, 5: 34, 6: 26, 7: 28, 8: 62, 9: 44, 10: 21, 11: 17, 12: 19, 13: 38, 14: 0, 15: 13}
2026-05-22 17:28:32 [INFO] 面积统计：{0: 4275720.0, 1: 796068.0, 2: 35928.0, 3: 151848.0, 4: 82044.0, 5: 82260.0, 6: 475560.0, 7: 43776.0, 8: 948780.0, 9: 175104.0, 10: 130032.0, 11: 248868.0, 12: 69552.0, 13: 588708.0, 15: 188820.0}
2026-05-22 17:28:32 [INFO] 分割成功
2026-05-22 17:28:32 [INFO] 引擎上下文已释放
2026-05-22 17:28:32 [INFO] TensorRT 引擎已释放
2026-05-22 17:28:32 [INFO] 全局 CUDA 资源已释放
2026-05-22 17:28:32 [INFO] 分割系统资源已释放
2026-05-22 17:28:37 [INFO] CUDA 初始化成功
2026-05-22 17:28:37 [INFO] 引擎加载成功: scrap_steel.engine
2026-05-22 17:28:37 [INFO] 分割系统初始化成功
2026-05-22 17:28:37 [INFO] 图像预处理完成，原始尺寸: (2160, 3840)
2026-05-22 17:28:37 [INFO] 开始执行分割...
2026-05-22 17:28:37 [DEBUG] 处理后的检测结果形状: (1, 8400, 6)
2026-05-22 17:28:37 [DEBUG] 示例检测结果: [[-4.07854080e+00 -3.32221603e+00  3.87119484e+01  1.57995968e+01
   4.33786340e-08  5.00000000e+00]
 [-6.44235229e+00 -3.08737469e+00  4.39587173e+01  2.99924469e+01
   9.62724300e-09  9.00000000e+00]
 [-3.66532898e+00 -3.62879372e+00  4.55811996e+01  3.04771748e+01
   4.17913704e-09  9.00000000e+00]]
2026-05-22 17:28:37 [DEBUG] 处理后检测输出形状: (0, 52)
2026-05-22 17:28:37 [DEBUG] 有效检测数量: 0
2026-05-22 17:28:37 [DEBUG] 检测输出为空
2026-05-22 17:28:37 [INFO] 掩码中检测到的类别: [0, 1, 2, 3, 4, 5, 6, 7, 8, 9, 10, 11, 12, 13, 15]
2026-05-22 17:28:37 [INFO] 分割完成，检测到 0 个物体
2026-05-22 17:28:37 [INFO] 从分割掩码中提取检测结果
2026-05-22 17:28:38 [INFO] 从掩码中提取了 401 个检测框
2026-05-22 17:28:40 [INFO] 保存分割和检测结果到: C:\code\show\Scrap_Steel_In_Field\photos\segmentation\segment_20260522_172838.jpg
2026-05-22 17:28:40 [INFO] JSON结果保存到: C:\code\show\Scrap_Steel_In_Field\photos\segmentation_result.json
2026-05-22 17:28:40 [INFO] 类别统计：{0: 9, 1: 42, 2: 29, 3: 2, 4: 15, 5: 38, 6: 25, 7: 27, 8: 51, 9: 51, 10: 25, 11: 14, 12: 13, 13: 44, 14: 0, 15: 16}
2026-05-22 17:28:40 [INFO] 面积统计：{0: 4228596.0, 1: 789984.0, 2: 41544.0, 3: 155880.0, 4: 100728.0, 5: 84168.0, 6: 481968.0, 7: 42516.0, 8: 963972.0, 9: 187956.0, 10: 133056.0, 11: 256716.0, 12: 54216.0, 13: 589716.0, 15: 197352.0}
2026-05-22 17:28:40 [INFO] 分割成功
2026-05-22 17:28:40 [INFO] 引擎上下文已释放
2026-05-22 17:28:40 [INFO] TensorRT 引擎已释放
2026-05-22 17:28:40 [INFO] 全局 CUDA 资源已释放
2026-05-22 17:28:40 [INFO] 分割系统资源已释放
2026-05-22 17:28:47 [INFO] CUDA 初始化成功
2026-05-22 17:28:47 [INFO] 引擎加载成功: scrap_steel.engine
2026-05-22 17:28:47 [INFO] 分割系统初始化成功
2026-05-22 17:28:47 [INFO] 图像预处理完成，原始尺寸: (2160, 3840)
2026-05-22 17:28:47 [INFO] 开始执行分割...
2026-05-22 17:28:47 [DEBUG] 处理后的检测结果形状: (1, 8400, 6)
2026-05-22 17:28:47 [DEBUG] 示例检测结果: [[-4.14053345e+00 -3.35687160e+00  3.87533340e+01  1.58380327e+01
   4.33786340e-08  5.00000000e+00]
 [-6.44519424e+00 -3.12590790e+00  4.39696579e+01  3.00068741e+01
   9.40631040e-09  9.00000000e+00]
 [-3.65809631e+00 -3.67303848e+00  4.55946579e+01  3.05064812e+01
   4.14818047e-09  9.00000000e+00]]
2026-05-22 17:28:47 [DEBUG] 处理后检测输出形状: (0, 52)
2026-05-22 17:28:47 [DEBUG] 有效检测数量: 0
2026-05-22 17:28:47 [DEBUG] 检测输出为空
2026-05-22 17:28:47 [INFO] 掩码中检测到的类别: [0, 1, 2, 3, 4, 5, 6, 7, 8, 9, 10, 11, 12, 13, 15]
2026-05-22 17:28:47 [INFO] 分割完成，检测到 0 个物体
2026-05-22 17:28:47 [INFO] 从分割掩码中提取检测结果
2026-05-22 17:28:48 [INFO] 从掩码中提取了 423 个检测框
2026-05-22 17:28:48 [INFO] 保存分割和检测结果到: C:\code\show\Scrap_Steel_In_Field\photos\segmentation\segment_20260522_172848.jpg
2026-05-22 17:28:48 [INFO] JSON结果保存到: C:\code\show\Scrap_Steel_In_Field\photos\segmentation_result.json
2026-05-22 17:28:48 [INFO] 类别统计：{0: 12, 1: 39, 2: 26, 3: 1, 4: 13, 5: 39, 6: 20, 7: 28, 8: 64, 9: 49, 10: 22, 11: 19, 12: 23, 13: 48, 14: 0, 15: 20}
2026-05-22 17:28:48 [INFO] 面积统计：{0: 4170672.0, 1: 793512.0, 2: 41436.0, 3: 154008.0, 4: 101376.0, 5: 83052.0, 6: 474048.0, 7: 40536.0, 8: 962496.0, 9: 186012.0, 10: 128016.0, 11: 253620.0, 12: 55224.0, 13: 585144.0, 15: 207324.0}
2026-05-22 17:28:48 [INFO] 分割成功
2026-05-22 17:28:48 [INFO] 引擎上下文已释放
2026-05-22 17:28:48 [INFO] TensorRT 引擎已释放
2026-05-22 17:28:48 [INFO] 全局 CUDA 资源已释放
2026-05-22 17:28:48 [INFO] 分割系统资源已释放
2026-05-22 17:28:55 [INFO] CUDA 初始化成功
2026-05-22 17:28:55 [INFO] 引擎加载成功: scrap_steel.engine
2026-05-22 17:28:55 [INFO] 分割系统初始化成功
2026-05-22 17:28:55 [INFO] 图像预处理完成，原始尺寸: (2160, 3840)
2026-05-22 17:28:55 [INFO] 开始执行分割...
2026-05-22 17:28:56 [DEBUG] 处理后的检测结果形状: (1, 8400, 6)
2026-05-22 17:28:56 [DEBUG] 示例检测结果: [[-4.14014053e+00 -3.37815475e+00  3.87365608e+01  1.61092987e+01
   4.37410108e-08  5.00000000e+00]
 [-6.44622040e+00 -3.14755726e+00  4.39584503e+01  3.02318459e+01
   9.33277633e-09  9.00000000e+00]
 [-3.67513275e+00 -3.68557167e+00  4.55633621e+01  3.05908451e+01
   4.08391188e-09  9.00000000e+00]]
2026-05-22 17:28:56 [DEBUG] 处理后检测输出形状: (0, 52)
2026-05-22 17:28:56 [DEBUG] 有效检测数量: 0
2026-05-22 17:28:56 [DEBUG] 检测输出为空
2026-05-22 17:28:56 [INFO] 掩码中检测到的类别: [0, 1, 2, 3, 4, 5, 6, 7, 8, 9, 10, 11, 12, 13, 15]
2026-05-22 17:28:56 [INFO] 分割完成，检测到 0 个物体
2026-05-22 17:28:56 [INFO] 从分割掩码中提取检测结果
2026-05-22 17:28:57 [INFO] 从掩码中提取了 408 个检测框
2026-05-22 17:28:57 [INFO] 保存分割和检测结果到: C:\code\show\Scrap_Steel_In_Field\photos\segmentation\segment_20260522_172857.jpg
2026-05-22 17:28:57 [INFO] JSON结果保存到: C:\code\show\Scrap_Steel_In_Field\photos\segmentation_result.json
2026-05-22 17:28:57 [INFO] 类别统计：{0: 6, 1: 46, 2: 31, 3: 2, 4: 12, 5: 39, 6: 17, 7: 28, 8: 65, 9: 47, 10: 23, 11: 15, 12: 12, 13: 47, 14: 0, 15: 18}
2026-05-22 17:28:57 [INFO] 面积统计：{0: 4079556.0, 1: 777924.0, 2: 38052.0, 3: 156672.0, 4: 100800.0, 5: 80208.0, 6: 489420.0, 7: 42912.0, 8: 940320.0, 9: 188784.0, 10: 132408.0, 11: 250164.0, 12: 53316.0, 13: 592776.0, 15: 187344.0}
2026-05-22 17:28:57 [INFO] 分割成功
2026-05-22 17:28:57 [INFO] 引擎上下文已释放
2026-05-22 17:28:57 [INFO] TensorRT 引擎已释放
2026-05-22 17:28:58 [INFO] 全局 CUDA 资源已释放
2026-05-22 17:28:58 [INFO] 分割系统资源已释放
2026-05-22 17:29:01 [INFO] CUDA 初始化成功
2026-05-22 17:29:01 [INFO] 引擎加载成功: scrap_steel.engine
2026-05-22 17:29:01 [INFO] 分割系统初始化成功
2026-05-22 17:29:01 [INFO] 图像预处理完成，原始尺寸: (2160, 3840)
2026-05-22 17:29:01 [INFO] 开始执行分割...
2026-05-22 17:29:01 [DEBUG] 处理后的检测结果形状: (1, 8400, 6)
2026-05-22 17:29:01 [DEBUG] 示例检测结果: [[-4.14311218e+00 -3.34862709e+00  3.87594757e+01  1.58829422e+01
   4.35467271e-08  5.00000000e+00]
 [-6.42661667e+00 -3.11609554e+00  4.39259186e+01  2.99565697e+01
   9.40631040e-09  9.00000000e+00]
 [-3.67513657e+00 -3.66095352e+00  4.55625267e+01  3.04178009e+01
   4.14818047e-09  9.00000000e+00]]
2026-05-22 17:29:01 [DEBUG] 处理后检测输出形状: (0, 52)
2026-05-22 17:29:01 [DEBUG] 有效检测数量: 0
2026-05-22 17:29:01 [DEBUG] 检测输出为空
2026-05-22 17:29:01 [INFO] 掩码中检测到的类别: [0, 1, 2, 3, 4, 5, 6, 7, 8, 9, 10, 11, 12, 13, 15]
2026-05-22 17:29:01 [INFO] 分割完成，检测到 0 个物体
2026-05-22 17:29:01 [INFO] 从分割掩码中提取检测结果
2026-05-22 17:29:02 [INFO] 从掩码中提取了 411 个检测框
2026-05-22 17:29:02 [INFO] 保存分割和检测结果到: C:\code\show\Scrap_Steel_In_Field\photos\segmentation\segment_20260522_172902.jpg
2026-05-22 17:29:02 [INFO] JSON结果保存到: C:\code\show\Scrap_Steel_In_Field\photos\segmentation_result.json
2026-05-22 17:29:02 [INFO] 类别统计：{0: 11, 1: 45, 2: 28, 3: 3, 4: 11, 5: 38, 6: 23, 7: 31, 8: 56, 9: 49, 10: 23, 11: 19, 12: 18, 13: 41, 14: 0, 15: 15}
2026-05-22 17:29:02 [INFO] 面积统计：{0: 4184604.0, 1: 797112.0, 2: 38700.0, 3: 152496.0, 4: 100296.0, 5: 91512.0, 6: 462600.0, 7: 39708.0, 8: 967572.0, 9: 217476.0, 10: 136368.0, 11: 251136.0, 12: 81252.0, 13: 581292.0, 15: 204588.0}
2026-05-22 17:29:02 [INFO] 分割成功
2026-05-22 17:29:02 [INFO] 引擎上下文已释放
2026-05-22 17:29:02 [INFO] TensorRT 引擎已释放
2026-05-22 17:29:02 [INFO] 全局 CUDA 资源已释放
2026-05-22 17:29:02 [INFO] 分割系统资源已释放
2026-05-22 17:29:08 [INFO] CUDA 初始化成功
2026-05-22 17:29:08 [INFO] 引擎加载成功: scrap_steel.engine
2026-05-22 17:29:08 [INFO] 分割系统初始化成功
2026-05-22 17:29:08 [INFO] 图像预处理完成，原始尺寸: (2160, 3840)
2026-05-22 17:29:08 [INFO] 开始执行分割...
2026-05-22 17:29:09 [DEBUG] 处理后的检测结果形状: (1, 8400, 6)
2026-05-22 17:29:09 [DEBUG] 示例检测结果: [[-4.17087555e+00 -3.37117672e+00  3.88365860e+01  1.59561911e+01
   4.40818262e-08  5.00000000e+00]
 [-6.46082306e+00 -3.13758469e+00  4.39073982e+01  3.00573235e+01
   9.55220969e-09  9.00000000e+00]
 [-3.69514465e+00 -3.66957378e+00  4.55672607e+01  3.04680023e+01
   4.17913704e-09  9.00000000e+00]]
2026-05-22 17:29:09 [DEBUG] 处理后检测输出形状: (0, 52)
2026-05-22 17:29:09 [DEBUG] 有效检测数量: 0
2026-05-22 17:29:09 [DEBUG] 检测输出为空
2026-05-22 17:29:09 [INFO] 掩码中检测到的类别: [0, 1, 2, 3, 4, 5, 6, 7, 8, 9, 10, 11, 12, 13, 15]
2026-05-22 17:29:09 [INFO] 分割完成，检测到 0 个物体
2026-05-22 17:29:09 [INFO] 从分割掩码中提取检测结果
2026-05-22 17:29:11 [INFO] 从掩码中提取了 412 个检测框
2026-05-22 17:29:12 [INFO] 保存分割和检测结果到: C:\code\show\Scrap_Steel_In_Field\photos\segmentation\segment_20260522_172911.jpg
2026-05-22 17:29:12 [INFO] JSON结果保存到: C:\code\show\Scrap_Steel_In_Field\photos\segmentation_result.json
2026-05-22 17:29:12 [INFO] 类别统计：{0: 9, 1: 54, 2: 27, 3: 1, 4: 16, 5: 35, 6: 18, 7: 30, 8: 62, 9: 50, 10: 23, 11: 14, 12: 16, 13: 42, 14: 0, 15: 15}
2026-05-22 17:29:12 [INFO] 面积统计：{0: 4218732.0, 1: 744084.0, 2: 38484.0, 3: 150876.0, 4: 114264.0, 5: 86040.0, 6: 481428.0, 7: 40896.0, 8: 946260.0, 9: 204264.0, 10: 128520.0, 11: 248976.0, 12: 70596.0, 13: 590040.0, 15: 189180.0}
2026-05-22 17:29:12 [INFO] 分割成功
2026-05-22 17:29:12 [INFO] 引擎上下文已释放
2026-05-22 17:29:12 [INFO] TensorRT 引擎已释放
2026-05-22 17:29:12 [INFO] 全局 CUDA 资源已释放
2026-05-22 17:29:12 [INFO] 分割系统资源已释放
2026-05-22 17:29:16 [INFO] CUDA 初始化成功
2026-05-22 17:29:16 [INFO] 引擎加载成功: scrap_steel.engine
2026-05-22 17:29:16 [INFO] 分割系统初始化成功
2026-05-22 17:29:16 [INFO] 图像预处理完成，原始尺寸: (2160, 3840)
2026-05-22 17:29:16 [INFO] 开始执行分割...
2026-05-22 17:29:16 [DEBUG] 处理后的检测结果形状: (1, 8400, 6)
2026-05-22 17:29:16 [DEBUG] 示例检测结果: [[-4.14247894e+00 -3.34823036e+00  3.87752609e+01  1.58711586e+01
   4.32043450e-08  5.00000000e+00]
 [-6.43902588e+00 -3.12654114e+00  4.38964806e+01  2.99114304e+01
   9.40844203e-09  9.00000000e+00]
 [-3.65888214e+00 -3.63223362e+00  4.54777145e+01  3.03086395e+01
   4.08667322e-09  9.00000000e+00]]
2026-05-22 17:29:16 [DEBUG] 处理后检测输出形状: (0, 52)
2026-05-22 17:29:16 [DEBUG] 有效检测数量: 0
2026-05-22 17:29:16 [DEBUG] 检测输出为空
2026-05-22 17:29:16 [INFO] 掩码中检测到的类别: [0, 1, 2, 3, 4, 5, 6, 7, 8, 9, 10, 11, 12, 13, 15]
2026-05-22 17:29:16 [INFO] 分割完成，检测到 0 个物体
2026-05-22 17:29:16 [INFO] 从分割掩码中提取检测结果
2026-05-22 17:29:17 [INFO] 从掩码中提取了 399 个检测框
2026-05-22 17:29:17 [INFO] 保存分割和检测结果到: C:\code\show\Scrap_Steel_In_Field\photos\segmentation\segment_20260522_172917.jpg
2026-05-22 17:29:17 [INFO] JSON结果保存到: C:\code\show\Scrap_Steel_In_Field\photos\segmentation_result.json
2026-05-22 17:29:17 [INFO] 类别统计：{0: 10, 1: 44, 2: 25, 3: 1, 4: 16, 5: 35, 6: 16, 7: 30, 8: 60, 9: 50, 10: 19, 11: 16, 12: 22, 13: 41, 14: 0, 15: 14}
2026-05-22 17:29:17 [INFO] 面积统计：{0: 4179204.0, 1: 805752.0, 2: 40680.0, 3: 151704.0, 4: 111636.0, 5: 87876.0, 6: 464184.0, 7: 44856.0, 8: 949176.0, 9: 180000.0, 10: 133596.0, 11: 252360.0, 12: 52848.0, 13: 588672.0, 15: 188604.0}
2026-05-22 17:29:17 [INFO] 分割成功
2026-05-22 17:29:17 [INFO] 引擎上下文已释放
2026-05-22 17:29:17 [INFO] TensorRT 引擎已释放
2026-05-22 17:29:17 [INFO] 全局 CUDA 资源已释放
2026-05-22 17:29:17 [INFO] 分割系统资源已释放
2026-05-22 17:29:23 [INFO] CUDA 初始化成功
2026-05-22 17:29:24 [INFO] 引擎加载成功: scrap_steel.engine
2026-05-22 17:29:24 [INFO] 分割系统初始化成功
2026-05-22 17:29:24 [INFO] 图像预处理完成，原始尺寸: (2160, 3840)
2026-05-22 17:29:24 [INFO] 开始执行分割...
2026-05-22 17:29:24 [DEBUG] 处理后的检测结果形状: (1, 8400, 6)
2026-05-22 17:29:24 [DEBUG] 示例检测结果: [[-4.14432144e+00 -3.36242485e+00  3.87339897e+01  1.58941689e+01
   4.28833609e-08  5.00000000e+00]
 [-6.43970871e+00 -3.14025402e+00  4.38701401e+01  2.99635544e+01
   9.29890831e-09  9.00000000e+00]
 [-3.64666748e+00 -3.67697525e+00  4.55567436e+01  3.03652153e+01
   4.07078904e-09  9.00000000e+00]]
2026-05-22 17:29:24 [DEBUG] 处理后检测输出形状: (0, 52)
2026-05-22 17:29:24 [DEBUG] 有效检测数量: 0
2026-05-22 17:29:24 [DEBUG] 检测输出为空
2026-05-22 17:29:24 [INFO] 掩码中检测到的类别: [0, 1, 2, 3, 4, 5, 6, 7, 8, 9, 10, 11, 12, 13, 15]
2026-05-22 17:29:25 [INFO] 分割完成，检测到 0 个物体
2026-05-22 17:29:25 [INFO] 从分割掩码中提取检测结果
2026-05-22 17:29:26 [INFO] 从掩码中提取了 385 个检测框
2026-05-22 17:29:29 [INFO] 保存分割和检测结果到: C:\code\show\Scrap_Steel_In_Field\photos\segmentation\segment_20260522_172926.jpg
2026-05-22 17:29:29 [INFO] JSON结果保存到: C:\code\show\Scrap_Steel_In_Field\photos\segmentation_result.json
2026-05-22 17:29:29 [INFO] 类别统计：{0: 11, 1: 45, 2: 24, 3: 2, 4: 14, 5: 33, 6: 19, 7: 25, 8: 65, 9: 44, 10: 23, 11: 13, 12: 14, 13: 40, 14: 0, 15: 13}
2026-05-22 17:29:29 [INFO] 面积统计：{0: 4238172.0, 1: 805248.0, 2: 38700.0, 3: 153288.0, 4: 105552.0, 5: 82404.0, 6: 475776.0, 7: 42408.0, 8: 943452.0, 9: 183924.0, 10: 127080.0, 11: 252108.0, 12: 51588.0, 13: 593820.0, 15: 192744.0}
2026-05-22 17:29:29 [INFO] 分割成功
2026-05-22 17:29:29 [INFO] 引擎上下文已释放
2026-05-22 17:29:29 [INFO] TensorRT 引擎已释放
2026-05-22 17:29:29 [INFO] 全局 CUDA 资源已释放
2026-05-22 17:29:29 [INFO] 分割系统资源已释放
2026-05-22 17:29:33 [INFO] CUDA 初始化成功
2026-05-22 17:29:33 [INFO] 引擎加载成功: scrap_steel.engine
2026-05-22 17:29:33 [INFO] 分割系统初始化成功
2026-05-22 17:29:33 [INFO] 图像预处理完成，原始尺寸: (2160, 3840)
2026-05-22 17:29:33 [INFO] 开始执行分割...
2026-05-22 17:29:33 [DEBUG] 处理后的检测结果形状: (1, 8400, 6)
2026-05-22 17:29:33 [DEBUG] 示例检测结果: [[-4.17773819e+00 -3.36007738e+00  3.88148575e+01  1.59308434e+01
   4.37166250e-08  5.00000000e+00]
 [-6.53475189e+00 -3.13874149e+00  4.39503670e+01  2.99658127e+01
   9.48137568e-09  9.00000000e+00]
 [-3.71401215e+00 -3.68737316e+00  4.55270691e+01  3.03895073e+01
   4.10279100e-09  9.00000000e+00]]
2026-05-22 17:29:33 [DEBUG] 处理后检测输出形状: (0, 52)
2026-05-22 17:29:33 [DEBUG] 有效检测数量: 0
2026-05-22 17:29:33 [DEBUG] 检测输出为空
2026-05-22 17:29:33 [INFO] 掩码中检测到的类别: [0, 1, 2, 3, 4, 5, 6, 7, 8, 9, 10, 11, 12, 13, 15]
2026-05-22 17:29:33 [INFO] 分割完成，检测到 0 个物体
2026-05-22 17:29:33 [INFO] 从分割掩码中提取检测结果
2026-05-22 17:29:34 [INFO] 从掩码中提取了 412 个检测框
2026-05-22 17:29:34 [INFO] 保存分割和检测结果到: C:\code\show\Scrap_Steel_In_Field\photos\segmentation\segment_20260522_172934.jpg
2026-05-22 17:29:34 [INFO] JSON结果保存到: C:\code\show\Scrap_Steel_In_Field\photos\segmentation_result.json
2026-05-22 17:29:34 [INFO] 类别统计：{0: 17, 1: 50, 2: 25, 3: 4, 4: 15, 5: 36, 6: 20, 7: 27, 8: 62, 9: 43, 10: 21, 11: 15, 12: 17, 13: 44, 14: 0, 15: 16}
2026-05-22 17:29:34 [INFO] 面积统计：{0: 4184640.0, 1: 768708.0, 2: 36936.0, 3: 150480.0, 4: 111060.0, 5: 88092.0, 6: 473616.0, 7: 40860.0, 8: 979092.0, 9: 191880.0, 10: 133164.0, 11: 254952.0, 12: 63000.0, 13: 585144.0, 15: 206712.0}
2026-05-22 17:29:34 [INFO] 分割成功
2026-05-22 17:29:34 [INFO] 引擎上下文已释放
2026-05-22 17:29:34 [INFO] TensorRT 引擎已释放
2026-05-22 17:29:34 [INFO] 全局 CUDA 资源已释放
2026-05-22 17:29:34 [INFO] 分割系统资源已释放
2026-05-22 17:29:38 [INFO] CUDA 初始化成功
2026-05-22 17:29:38 [INFO] 引擎加载成功: scrap_steel.engine
2026-05-22 17:29:38 [INFO] 分割系统初始化成功
2026-05-22 17:29:38 [INFO] 图像预处理完成，原始尺寸: (2160, 3840)
2026-05-22 17:29:38 [INFO] 开始执行分割...
2026-05-22 17:29:38 [DEBUG] 处理后的检测结果形状: (1, 8400, 6)
2026-05-22 17:29:38 [DEBUG] 示例检测结果: [[-4.11117172e+00 -3.34457111e+00  3.87084427e+01  1.59458532e+01
   4.32043450e-08  5.00000000e+00]
 [-6.44796371e+00 -3.11396885e+00  4.39879684e+01  3.00538406e+01
   9.40747924e-09  9.00000000e+00]
 [-3.66060638e+00 -3.63100433e+00  4.55420914e+01  3.04398079e+01
   4.11722390e-09  9.00000000e+00]]
2026-05-22 17:29:38 [DEBUG] 处理后检测输出形状: (0, 52)
2026-05-22 17:29:38 [DEBUG] 有效检测数量: 0
2026-05-22 17:29:38 [DEBUG] 检测输出为空
2026-05-22 17:29:38 [INFO] 掩码中检测到的类别: [0, 1, 2, 3, 4, 5, 6, 7, 8, 9, 10, 11, 12, 13, 15]
2026-05-22 17:29:38 [INFO] 分割完成，检测到 0 个物体
2026-05-22 17:29:38 [INFO] 从分割掩码中提取检测结果
2026-05-22 17:29:39 [INFO] 从掩码中提取了 400 个检测框
2026-05-22 17:29:39 [INFO] 保存分割和检测结果到: C:\code\show\Scrap_Steel_In_Field\photos\segmentation\segment_20260522_172939.jpg
2026-05-22 17:29:39 [INFO] JSON结果保存到: C:\code\show\Scrap_Steel_In_Field\photos\segmentation_result.json
2026-05-22 17:29:39 [INFO] 类别统计：{0: 14, 1: 49, 2: 23, 3: 1, 4: 17, 5: 34, 6: 18, 7: 27, 8: 56, 9: 43, 10: 28, 11: 15, 12: 16, 13: 39, 14: 0, 15: 20}
2026-05-22 17:29:39 [INFO] 面积统计：{0: 4168440.0, 1: 770796.0, 2: 38268.0, 3: 153900.0, 4: 123300.0, 5: 88200.0, 6: 481536.0, 7: 45972.0, 8: 963936.0, 9: 188280.0, 10: 132624.0, 11: 251712.0, 12: 65016.0, 13: 591588.0, 15: 178704.0}
2026-05-22 17:29:39 [INFO] 分割成功
2026-05-22 17:29:39 [INFO] 引擎上下文已释放
2026-05-22 17:29:39 [INFO] TensorRT 引擎已释放
2026-05-22 17:29:39 [INFO] 全局 CUDA 资源已释放
2026-05-22 17:29:39 [INFO] 分割系统资源已释放
2026-05-22 17:29:43 [INFO] CUDA 初始化成功
2026-05-22 17:29:43 [INFO] 引擎加载成功: scrap_steel.engine
2026-05-22 17:29:43 [INFO] 分割系统初始化成功
2026-05-22 17:29:43 [INFO] 图像预处理完成，原始尺寸: (2160, 3840)
2026-05-22 17:29:43 [INFO] 开始执行分割...
2026-05-22 17:29:43 [DEBUG] 处理后的检测结果形状: (1, 8400, 6)
2026-05-22 17:29:43 [DEBUG] 示例检测结果: [[-4.10947800e+00 -3.34029198e+00  3.86639633e+01  1.58424549e+01
   4.28833609e-08  5.00000000e+00]
 [-6.38175583e+00 -3.11573029e+00  4.39354477e+01  2.99464111e+01
   9.35374178e-09  9.00000000e+00]
 [-3.64292145e+00 -3.62007713e+00  4.54923248e+01  3.03472271e+01
   4.10334966e-09  9.00000000e+00]]
2026-05-22 17:29:43 [DEBUG] 处理后检测输出形状: (0, 52)
2026-05-22 17:29:43 [DEBUG] 有效检测数量: 0
2026-05-22 17:29:43 [DEBUG] 检测输出为空
2026-05-22 17:29:43 [INFO] 掩码中检测到的类别: [0, 1, 2, 3, 4, 5, 6, 7, 8, 9, 10, 11, 12, 13, 15]
2026-05-22 17:29:43 [INFO] 分割完成，检测到 0 个物体
2026-05-22 17:29:43 [INFO] 从分割掩码中提取检测结果
2026-05-22 17:29:43 [INFO] 从掩码中提取了 409 个检测框
2026-05-22 17:29:44 [INFO] 保存分割和检测结果到: C:\code\show\Scrap_Steel_In_Field\photos\segmentation\segment_20260522_172943.jpg
2026-05-22 17:29:44 [INFO] JSON结果保存到: C:\code\show\Scrap_Steel_In_Field\photos\segmentation_result.json
2026-05-22 17:29:44 [INFO] 类别统计：{0: 8, 1: 50, 2: 27, 3: 1, 4: 18, 5: 38, 6: 20, 7: 31, 8: 57, 9: 45, 10: 22, 11: 17, 12: 14, 13: 44, 14: 0, 15: 17}
2026-05-22 17:29:44 [INFO] 面积统计：{0: 4207644.0, 1: 777240.0, 2: 39384.0, 3: 157608.0, 4: 104508.0, 5: 87228.0, 6: 476928.0, 7: 42624.0, 8: 959040.0, 9: 184572.0, 10: 128952.0, 11: 256644.0, 12: 56376.0, 13: 584820.0, 15: 201852.0}
2026-05-22 17:29:44 [INFO] 分割成功
2026-05-22 17:29:44 [INFO] 引擎上下文已释放
2026-05-22 17:29:44 [INFO] TensorRT 引擎已释放
2026-05-22 17:29:44 [INFO] 全局 CUDA 资源已释放
2026-05-22 17:29:44 [INFO] 分割系统资源已释放
2026-05-22 17:29:48 [INFO] CUDA 初始化成功
2026-05-22 17:29:48 [INFO] 引擎加载成功: scrap_steel.engine
2026-05-22 17:29:48 [INFO] 分割系统初始化成功
2026-05-22 17:29:48 [INFO] 图像预处理完成，原始尺寸: (2160, 3840)
2026-05-22 17:29:48 [INFO] 开始执行分割...
2026-05-22 17:29:48 [DEBUG] 处理后的检测结果形状: (1, 8400, 6)
2026-05-22 17:29:48 [DEBUG] 示例检测结果: [[-4.13863373e+00 -3.32579374e+00  3.88315659e+01  1.58322411e+01
   4.37166250e-08  5.00000000e+00]
 [-6.45518112e+00 -3.08908367e+00  4.40223427e+01  2.99486618e+01
   9.47984446e-09  9.00000000e+00]
 [-3.69059753e+00 -3.65744495e+00  4.56148758e+01  3.04632912e+01
   4.14818047e-09  9.00000000e+00]]
2026-05-22 17:29:48 [DEBUG] 处理后检测输出形状: (0, 52)
2026-05-22 17:29:48 [DEBUG] 有效检测数量: 0
2026-05-22 17:29:48 [DEBUG] 检测输出为空
2026-05-22 17:29:48 [INFO] 掩码中检测到的类别: [0, 1, 2, 3, 4, 5, 6, 7, 8, 9, 10, 11, 12, 13, 15]
2026-05-22 17:29:48 [INFO] 分割完成，检测到 0 个物体
2026-05-22 17:29:48 [INFO] 从分割掩码中提取检测结果
2026-05-22 17:29:49 [INFO] 从掩码中提取了 416 个检测框
2026-05-22 17:29:49 [INFO] 保存分割和检测结果到: C:\code\show\Scrap_Steel_In_Field\photos\segmentation\segment_20260522_172949.jpg
2026-05-22 17:29:49 [INFO] JSON结果保存到: C:\code\show\Scrap_Steel_In_Field\photos\segmentation_result.json
2026-05-22 17:29:49 [INFO] 类别统计：{0: 13, 1: 51, 2: 29, 3: 1, 4: 18, 5: 33, 6: 17, 7: 28, 8: 65, 9: 50, 10: 20, 11: 16, 12: 18, 13: 45, 14: 0, 15: 12}
2026-05-22 17:29:49 [INFO] 面积统计：{0: 4191480.0, 1: 830880.0, 2: 38916.0, 3: 153900.0, 4: 106668.0, 5: 85536.0, 6: 486108.0, 7: 45468.0, 8: 957024.0, 9: 169092.0, 10: 133236.0, 11: 252072.0, 12: 69408.0, 13: 580968.0, 15: 214848.0}
2026-05-22 17:29:49 [INFO] 分割成功
2026-05-22 17:29:49 [INFO] 引擎上下文已释放
2026-05-22 17:29:49 [INFO] TensorRT 引擎已释放
2026-05-22 17:29:49 [INFO] 全局 CUDA 资源已释放
2026-05-22 17:29:49 [INFO] 分割系统资源已释放
2026-05-22 17:29:54 [INFO] CUDA 初始化成功
2026-05-22 17:29:54 [INFO] 引擎加载成功: scrap_steel.engine
2026-05-22 17:29:54 [INFO] 分割系统初始化成功
2026-05-22 17:29:54 [INFO] 图像预处理完成，原始尺寸: (2160, 3840)
2026-05-22 17:29:54 [INFO] 开始执行分割...
2026-05-22 17:29:54 [DEBUG] 处理后的检测结果形状: (1, 8400, 6)
2026-05-22 17:29:54 [DEBUG] 示例检测结果: [[-4.10765457e+00 -3.33238316e+00  3.86919632e+01  1.58788099e+01
   4.37166250e-08  5.00000000e+00]
 [-6.42160416e+00 -3.11378670e+00  4.39780159e+01  2.99805088e+01
   9.33450650e-09  9.00000000e+00]
 [-3.66818619e+00 -3.65843773e+00  4.55406456e+01  3.05229359e+01
   4.11604617e-09  9.00000000e+00]]
2026-05-22 17:29:54 [DEBUG] 处理后检测输出形状: (0, 52)
2026-05-22 17:29:54 [DEBUG] 有效检测数量: 0
2026-05-22 17:29:54 [DEBUG] 检测输出为空
2026-05-22 17:29:54 [INFO] 掩码中检测到的类别: [0, 1, 2, 3, 4, 5, 6, 7, 8, 9, 10, 11, 12, 13, 15]
2026-05-22 17:29:54 [INFO] 分割完成，检测到 0 个物体
2026-05-22 17:29:54 [INFO] 从分割掩码中提取检测结果
2026-05-22 17:29:54 [INFO] 从掩码中提取了 387 个检测框
2026-05-22 17:29:54 [INFO] 保存分割和检测结果到: C:\code\show\Scrap_Steel_In_Field\photos\segmentation\segment_20260522_172954.jpg
2026-05-22 17:29:54 [INFO] JSON结果保存到: C:\code\show\Scrap_Steel_In_Field\photos\segmentation_result.json
2026-05-22 17:29:54 [INFO] 类别统计：{0: 9, 1: 44, 2: 24, 3: 1, 4: 16, 5: 33, 6: 17, 7: 23, 8: 58, 9: 44, 10: 25, 11: 14, 12: 20, 13: 43, 14: 0, 15: 16}
2026-05-22 17:29:54 [INFO] 面积统计：{0: 4334076.0, 1: 795168.0, 2: 38304.0, 3: 154440.0, 4: 111420.0, 5: 83196.0, 6: 486684.0, 7: 39960.0, 8: 922032.0, 9: 161748.0, 10: 131184.0, 11: 249552.0, 12: 68652.0, 13: 582624.0, 15: 183816.0}
2026-05-22 17:29:54 [INFO] 分割成功
2026-05-22 17:29:54 [INFO] 引擎上下文已释放
2026-05-22 17:29:54 [INFO] TensorRT 引擎已释放
2026-05-22 17:29:54 [INFO] 全局 CUDA 资源已释放
2026-05-22 17:29:54 [INFO] 分割系统资源已释放
2026-05-22 17:29:59 [INFO] CUDA 初始化成功
2026-05-22 17:29:59 [INFO] 引擎加载成功: scrap_steel.engine
2026-05-22 17:29:59 [INFO] 分割系统初始化成功
2026-05-22 17:29:59 [INFO] 图像预处理完成，原始尺寸: (2160, 3840)
2026-05-22 17:29:59 [INFO] 开始执行分割...
2026-05-22 17:29:59 [DEBUG] 处理后的检测结果形状: (1, 8400, 6)
2026-05-22 17:29:59 [DEBUG] 示例检测结果: [[-4.12709045e+00 -3.31446457e+00  3.88332863e+01  1.57108002e+01
   4.37166250e-08  5.00000000e+00]
 [-6.43267441e+00 -3.07741547e+00  4.40186882e+01  2.98098946e+01
   9.44442746e-09  9.00000000e+00]
 [-3.67874146e+00 -3.61609077e+00  4.55882797e+01  3.04005527e+01
   4.14959089e-09  9.00000000e+00]]
2026-05-22 17:29:59 [DEBUG] 处理后检测输出形状: (0, 52)
2026-05-22 17:29:59 [DEBUG] 有效检测数量: 0
2026-05-22 17:29:59 [DEBUG] 检测输出为空
2026-05-22 17:29:59 [INFO] 掩码中检测到的类别: [0, 1, 2, 3, 4, 5, 6, 7, 8, 9, 10, 11, 12, 13, 15]
2026-05-22 17:29:59 [INFO] 分割完成，检测到 0 个物体
2026-05-22 17:29:59 [INFO] 从分割掩码中提取检测结果
2026-05-22 17:29:59 [INFO] 从掩码中提取了 404 个检测框
2026-05-22 17:30:00 [INFO] 保存分割和检测结果到: C:\code\show\Scrap_Steel_In_Field\photos\segmentation\segment_20260522_172959.jpg
2026-05-22 17:30:00 [INFO] JSON结果保存到: C:\code\show\Scrap_Steel_In_Field\photos\segmentation_result.json
2026-05-22 17:30:00 [INFO] 类别统计：{0: 14, 1: 49, 2: 25, 3: 2, 4: 14, 5: 33, 6: 19, 7: 24, 8: 62, 9: 52, 10: 22, 11: 13, 12: 17, 13: 43, 14: 0, 15: 15}
2026-05-22 17:30:00 [INFO] 面积统计：{0: 4207644.0, 1: 800568.0, 2: 35784.0, 3: 152820.0, 4: 100224.0, 5: 89280.0, 6: 473328.0, 7: 42876.0, 8: 969264.0, 9: 174024.0, 10: 129492.0, 11: 248904.0, 12: 65412.0, 13: 585612.0, 15: 213192.0}
2026-05-22 17:30:00 [INFO] 分割成功
2026-05-22 17:30:00 [INFO] 引擎上下文已释放
2026-05-22 17:30:00 [INFO] TensorRT 引擎已释放
2026-05-22 17:30:00 [INFO] 全局 CUDA 资源已释放
2026-05-22 17:30:00 [INFO] 分割系统资源已释放
2026-05-22 17:30:04 [INFO] CUDA 初始化成功
2026-05-22 17:30:04 [INFO] 引擎加载成功: scrap_steel.engine
2026-05-22 17:30:04 [INFO] 分割系统初始化成功
2026-05-22 17:30:04 [INFO] 图像预处理完成，原始尺寸: (2160, 3840)
2026-05-22 17:30:04 [INFO] 开始执行分割...
2026-05-22 17:30:04 [DEBUG] 处理后的检测结果形状: (1, 8400, 6)
2026-05-22 17:30:04 [DEBUG] 示例检测结果: [[-4.11084366e+00 -3.32690144e+00  3.87151947e+01  1.58312006e+01
   4.37166250e-08  5.00000000e+00]
 [-6.39638138e+00 -3.10101128e+00  4.39094467e+01  2.99128399e+01
   9.66522862e-09  9.00000000e+00]
 [-3.65714645e+00 -3.61853027e+00  4.55252686e+01  3.03523674e+01
   4.22829771e-09  9.00000000e+00]]
2026-05-22 17:30:04 [DEBUG] 处理后检测输出形状: (0, 52)
2026-05-22 17:30:04 [DEBUG] 有效检测数量: 0
2026-05-22 17:30:04 [DEBUG] 检测输出为空
2026-05-22 17:30:04 [INFO] 掩码中检测到的类别: [0, 1, 2, 3, 4, 5, 6, 7, 8, 9, 10, 11, 12, 13, 15]
2026-05-22 17:30:04 [INFO] 分割完成，检测到 0 个物体
2026-05-22 17:30:04 [INFO] 从分割掩码中提取检测结果
2026-05-22 17:30:05 [INFO] 从掩码中提取了 378 个检测框
2026-05-22 17:30:05 [INFO] 保存分割和检测结果到: C:\code\show\Scrap_Steel_In_Field\photos\segmentation\segment_20260522_173005.jpg
2026-05-22 17:30:05 [INFO] JSON结果保存到: C:\code\show\Scrap_Steel_In_Field\photos\segmentation_result.json
2026-05-22 17:30:05 [INFO] 类别统计：{0: 7, 1: 51, 2: 30, 3: 0, 4: 11, 5: 34, 6: 19, 7: 24, 8: 56, 9: 43, 10: 20, 11: 15, 12: 17, 13: 37, 14: 0, 15: 14}
2026-05-22 17:30:05 [INFO] 面积统计：{0: 4112712.0, 1: 777780.0, 2: 36504.0, 3: 153252.0, 4: 96372.0, 5: 82800.0, 6: 509076.0, 7: 42408.0, 8: 923400.0, 9: 198288.0, 10: 133272.0, 11: 252288.0, 12: 56664.0, 13: 585756.0, 15: 190260.0}
2026-05-22 17:30:05 [INFO] 分割成功
2026-05-22 17:30:05 [INFO] 引擎上下文已释放
2026-05-22 17:30:05 [INFO] TensorRT 引擎已释放
2026-05-22 17:30:05 [INFO] 全局 CUDA 资源已释放
2026-05-22 17:30:05 [INFO] 分割系统资源已释放
2026-05-22 17:30:10 [INFO] CUDA 初始化成功
2026-05-22 17:30:10 [INFO] 引擎加载成功: scrap_steel.engine
2026-05-22 17:30:10 [INFO] 分割系统初始化成功
2026-05-22 17:30:10 [INFO] 图像预处理完成，原始尺寸: (2160, 3840)
2026-05-22 17:30:10 [INFO] 开始执行分割...
2026-05-22 17:30:10 [DEBUG] 处理后的检测结果形状: (1, 8400, 6)
2026-05-22 17:30:10 [DEBUG] 示例检测结果: [[-4.11344528e+00 -3.36008358e+00  3.87690735e+01  1.59344225e+01
   4.40820713e-08  5.00000000e+00]
 [-6.41928101e+00 -3.11527538e+00  4.39107323e+01  3.00696449e+01
   9.54991819e-09  9.00000000e+00]
 [-3.67063141e+00 -3.67243481e+00  4.55305176e+01  3.04594536e+01
   4.19164792e-09  9.00000000e+00]]
2026-05-22 17:30:10 [DEBUG] 处理后检测输出形状: (0, 52)
2026-05-22 17:30:10 [DEBUG] 有效检测数量: 0
2026-05-22 17:30:10 [DEBUG] 检测输出为空
2026-05-22 17:30:10 [INFO] 掩码中检测到的类别: [0, 1, 2, 3, 4, 5, 6, 7, 8, 9, 10, 11, 12, 13, 15]
2026-05-22 17:30:10 [INFO] 分割完成，检测到 0 个物体
2026-05-22 17:30:10 [INFO] 从分割掩码中提取检测结果
2026-05-22 17:30:10 [INFO] 从掩码中提取了 394 个检测框
2026-05-22 17:30:10 [INFO] 保存分割和检测结果到: C:\code\show\Scrap_Steel_In_Field\photos\segmentation\segment_20260522_173010.jpg
2026-05-22 17:30:10 [INFO] JSON结果保存到: C:\code\show\Scrap_Steel_In_Field\photos\segmentation_result.json
2026-05-22 17:30:10 [INFO] 类别统计：{0: 9, 1: 50, 2: 26, 3: 1, 4: 14, 5: 38, 6: 18, 7: 29, 8: 52, 9: 39, 10: 19, 11: 16, 12: 16, 13: 52, 14: 0, 15: 15}
2026-05-22 17:30:10 [INFO] 面积统计：{0: 4246200.0, 1: 766332.0, 2: 37260.0, 3: 151200.0, 4: 112788.0, 5: 84384.0, 6: 482220.0, 7: 45252.0, 8: 942084.0, 9: 202860.0, 10: 128304.0, 11: 251352.0, 12: 62784.0, 13: 589536.0, 15: 188964.0}
2026-05-22 17:30:10 [INFO] 分割成功
2026-05-22 17:30:10 [INFO] 引擎上下文已释放
2026-05-22 17:30:10 [INFO] TensorRT 引擎已释放
2026-05-22 17:30:10 [INFO] 全局 CUDA 资源已释放
2026-05-22 17:30:10 [INFO] 分割系统资源已释放
2026-05-22 17:30:15 [INFO] CUDA 初始化成功
2026-05-22 17:30:15 [INFO] 引擎加载成功: scrap_steel.engine
2026-05-22 17:30:15 [INFO] 分割系统初始化成功
2026-05-22 17:30:15 [INFO] 图像预处理完成，原始尺寸: (2160, 3840)
2026-05-22 17:30:15 [INFO] 开始执行分割...
2026-05-22 17:30:15 [DEBUG] 处理后的检测结果形状: (1, 8400, 6)
2026-05-22 17:30:15 [DEBUG] 示例检测结果: [[-4.10860825e+00 -3.35991955e+00  3.88273277e+01  1.58949060e+01
   4.33965504e-08  5.00000000e+00]
 [-6.42247772e+00 -3.11505413e+00  4.40004578e+01  3.00314713e+01
   9.47811429e-09  9.00000000e+00]
 [-3.67869568e+00 -3.67362595e+00  4.55874367e+01  3.04528389e+01
   4.11604617e-09  9.00000000e+00]]
2026-05-22 17:30:15 [DEBUG] 处理后检测输出形状: (0, 52)
2026-05-22 17:30:15 [DEBUG] 有效检测数量: 0
2026-05-22 17:30:15 [DEBUG] 检测输出为空
2026-05-22 17:30:15 [INFO] 掩码中检测到的类别: [0, 1, 2, 3, 4, 5, 6, 7, 8, 9, 10, 11, 12, 13, 15]
2026-05-22 17:30:15 [INFO] 分割完成，检测到 0 个物体
2026-05-22 17:30:15 [INFO] 从分割掩码中提取检测结果
2026-05-22 17:30:15 [INFO] 从掩码中提取了 387 个检测框
2026-05-22 17:30:16 [INFO] 保存分割和检测结果到: C:\code\show\Scrap_Steel_In_Field\photos\segmentation\segment_20260522_173015.jpg
2026-05-22 17:30:16 [INFO] JSON结果保存到: C:\code\show\Scrap_Steel_In_Field\photos\segmentation_result.json
2026-05-22 17:30:16 [INFO] 类别统计：{0: 10, 1: 46, 2: 27, 3: 2, 4: 14, 5: 39, 6: 15, 7: 28, 8: 54, 9: 49, 10: 22, 11: 13, 12: 15, 13: 38, 14: 0, 15: 15}
2026-05-22 17:30:16 [INFO] 面积统计：{0: 4200192.0, 1: 802440.0, 2: 39132.0, 3: 152028.0, 4: 113328.0, 5: 85680.0, 6: 484308.0, 7: 44532.0, 8: 971388.0, 9: 183708.0, 10: 130212.0, 11: 253836.0, 12: 57816.0, 13: 575640.0, 15: 207108.0}
2026-05-22 17:30:16 [INFO] 分割成功
2026-05-22 17:30:16 [INFO] 引擎上下文已释放
2026-05-22 17:30:16 [INFO] TensorRT 引擎已释放
2026-05-22 17:30:16 [INFO] 全局 CUDA 资源已释放
2026-05-22 17:30:16 [INFO] 分割系统资源已释放
