2026-06-06 18:51:22 [INFO] CUDA 初始化成功
2026-06-06 18:51:22 [INFO] 引擎加载成功: scrap_steel.engine
2026-06-06 18:51:22 [INFO] 分割系统初始化成功
2026-06-06 18:51:24 [INFO] 引擎加载成功: scrap_steel.engine
2026-06-06 18:51:24 [INFO] 分割系统初始化成功
2026-06-06 18:51:24 [INFO] 图像预处理完成，原始尺寸: (2160, 3840)
2026-06-06 18:51:24 [INFO] 开始执行分割...
2026-06-06 18:51:24 [ERROR] 推理过程发生异常: explicit_context_dependent failed: invalid device context - no currently active context?
2026-06-06 18:51:24 [INFO] 分割完成，检测到 0 个物体
2026-06-06 18:51:25 [INFO] 计算出的车框矩形边界: (1101, 652) to (3260, 1566)
2026-06-06 18:51:25 [INFO] 原始检测数: 0, 过滤后检测数: 0
2026-06-06 18:51:25 [ERROR] 保存结果失败: 'NoneType' object has no attribute 'shape'
2026-06-06 18:51:25 [ERROR] 分割失败: 未能生成有效的分割掩码
2026-06-06 18:51:25 [INFO] 引擎上下文已释放
2026-06-06 18:51:25 [INFO] TensorRT 引擎已释放
2026-06-06 18:51:25 [INFO] 全局 CUDA 资源已释放
2026-06-06 18:51:25 [INFO] 分割系统资源已释放
2026-06-06 18:51:32 [INFO] CUDA 初始化成功
2026-06-06 18:51:32 [INFO] 引擎加载成功: scrap_steel.engine
2026-06-06 18:51:32 [INFO] 分割系统初始化成功
2026-06-06 18:51:32 [INFO] 图像预处理完成，原始尺寸: (2160, 3840)
2026-06-06 18:51:32 [INFO] 开始执行分割...
2026-06-06 18:51:33 [DEBUG] 处理后的检测结果形状: (1, 8400, 6)
2026-06-06 18:51:33 [DEBUG] 示例检测结果: [[-4.17679596e+00 -3.21536350e+00  3.92856140e+01  1.49736338e+01
   3.62475987e-08  5.00000000e+00]
 [-6.72786331e+00 -3.03476429e+00  4.48356133e+01  2.91577721e+01
   8.89640361e-09  9.00000000e+00]
 [-3.66352844e+00 -3.41953850e+00  4.60332565e+01  2.99883595e+01
   4.10330969e-09  9.00000000e+00]]
2026-06-06 18:51:33 [DEBUG] 处理后检测输出形状: (0, 52)
2026-06-06 18:51:33 [DEBUG] 有效检测数量: 0
2026-06-06 18:51:33 [DEBUG] 检测输出为空
2026-06-06 18:51:33 [INFO] 掩码中检测到的类别: [0, 1, 2, 3, 4, 5, 6, 7, 8, 9, 10, 11, 12, 13, 15]
2026-06-06 18:51:33 [INFO] 分割完成，检测到 0 个物体
2026-06-06 18:51:33 [INFO] 从分割掩码中提取检测结果
2026-06-06 18:51:33 [INFO] 从掩码中提取了 497 个检测框
2026-06-06 18:51:33 [INFO] 计算出的车框矩形边界: (1102, 653) to (3259, 1558)
2026-06-06 18:51:33 [INFO] 原始检测数: 497, 过滤后检测数: 257
2026-06-06 18:51:33 [INFO] 保存分割和检测结果到: C:\code\show\Scrap_Steel_In_Field\photos\segmentation\segment_20260606_185133.jpg
2026-06-06 18:51:33 [INFO] JSON结果保存到: C:\code\show\Scrap_Steel_In_Field\photos\segmentation_result.json
2026-06-06 18:51:33 [INFO] 类别统计：{0: 11, 1: 65, 2: 27, 3: 4, 4: 38, 5: 36, 6: 28, 7: 27, 8: 63, 9: 43, 10: 37, 11: 17, 12: 14, 13: 66, 14: 0, 15: 21}
2026-06-06 18:51:33 [INFO] 面积统计：{0: 3748464.0, 1: 541260.0, 2: 63360.0, 3: 143784.0, 4: 149976.0, 5: 130068.0, 6: 667728.0, 7: 24516.0, 8: 840816.0, 9: 256608.0, 10: 113508.0, 11: 332100.0, 12: 33228.0, 13: 728172.0, 15: 28332.0}
2026-06-06 18:51:34 [INFO] 分割成功
2026-06-06 18:51:34 [INFO] 引擎上下文已释放
2026-06-06 18:51:34 [INFO] TensorRT 引擎已释放
2026-06-06 18:51:34 [INFO] 全局 CUDA 资源已释放
2026-06-06 18:51:34 [INFO] 分割系统资源已释放
2026-06-06 18:51:40 [INFO] CUDA 初始化成功
2026-06-06 18:51:40 [INFO] 引擎加载成功: scrap_steel.engine
2026-06-06 18:51:40 [INFO] 分割系统初始化成功
2026-06-06 18:51:40 [INFO] 图像预处理完成，原始尺寸: (2160, 3840)
2026-06-06 18:51:40 [INFO] 开始执行分割...
2026-06-06 18:51:40 [DEBUG] 处理后的检测结果形状: (1, 8400, 6)
2026-06-06 18:51:40 [DEBUG] 示例检测结果: [[-4.17552567e+00 -3.24204731e+00  3.94544678e+01  1.50384836e+01
   3.66797153e-08  5.00000000e+00]
 [-6.74514389e+00 -3.07328510e+00  4.48836250e+01  2.92309532e+01
   8.86143958e-09  9.00000000e+00]
 [-3.66443634e+00 -3.46070957e+00  4.60115814e+01  2.99923172e+01
   4.10341361e-09  9.00000000e+00]]
2026-06-06 18:51:40 [DEBUG] 处理后检测输出形状: (0, 52)
2026-06-06 18:51:40 [DEBUG] 有效检测数量: 0
2026-06-06 18:51:40 [DEBUG] 检测输出为空
2026-06-06 18:51:40 [INFO] 掩码中检测到的类别: [0, 1, 2, 3, 4, 5, 6, 7, 8, 9, 10, 11, 12, 13, 15]
2026-06-06 18:51:40 [INFO] 分割完成，检测到 0 个物体
2026-06-06 18:51:40 [INFO] 从分割掩码中提取检测结果
2026-06-06 18:51:40 [INFO] 从掩码中提取了 480 个检测框
2026-06-06 18:51:40 [INFO] 计算出的车框矩形边界: (1101, 654) to (3259, 1558)
2026-06-06 18:51:40 [INFO] 原始检测数: 480, 过滤后检测数: 242
2026-06-06 18:51:41 [INFO] 保存分割和检测结果到: C:\code\show\Scrap_Steel_In_Field\photos\segmentation\segment_20260606_185140.jpg
2026-06-06 18:51:41 [INFO] JSON结果保存到: C:\code\show\Scrap_Steel_In_Field\photos\segmentation_result.json
2026-06-06 18:51:41 [INFO] 类别统计：{0: 12, 1: 53, 2: 32, 3: 3, 4: 32, 5: 36, 6: 26, 7: 25, 8: 67, 9: 48, 10: 34, 11: 14, 12: 13, 13: 66, 14: 0, 15: 19}
2026-06-06 18:51:41 [INFO] 面积统计：{0: 3725136.0, 1: 521676.0, 2: 64620.0, 3: 141840.0, 4: 159696.0, 5: 140940.0, 6: 657648.0, 7: 26388.0, 8: 867600.0, 9: 271440.0, 10: 112032.0, 11: 330840.0, 12: 30240.0, 13: 714816.0, 15: 25524.0}
2026-06-06 18:51:41 [INFO] 分割成功
2026-06-06 18:51:41 [INFO] 引擎上下文已释放
2026-06-06 18:51:41 [INFO] TensorRT 引擎已释放
2026-06-06 18:51:41 [INFO] 全局 CUDA 资源已释放
2026-06-06 18:51:41 [INFO] 分割系统资源已释放
2026-06-06 18:51:44 [INFO] CUDA 初始化成功
2026-06-06 18:51:44 [INFO] 引擎加载成功: scrap_steel.engine
2026-06-06 18:51:44 [INFO] 分割系统初始化成功
2026-06-06 18:51:44 [INFO] 图像预处理完成，原始尺寸: (2160, 3840)
2026-06-06 18:51:44 [INFO] 开始执行分割...
2026-06-06 18:51:44 [DEBUG] 处理后的检测结果形状: (1, 8400, 6)
2026-06-06 18:51:44 [DEBUG] 示例检测结果: [[-4.20763397e+00 -3.23946095e+00  3.94032593e+01  1.50561419e+01
   3.62600083e-08  5.00000000e+00]
 [-6.74481964e+00 -3.05968475e+00  4.48645821e+01  2.91377296e+01
   8.82318218e-09  9.00000000e+00]
 [-3.64643860e+00 -3.44466591e+00  4.60329971e+01  2.99888134e+01
   3.99126066e-09  9.00000000e+00]]
2026-06-06 18:51:44 [DEBUG] 处理后检测输出形状: (0, 52)
2026-06-06 18:51:44 [DEBUG] 有效检测数量: 0
2026-06-06 18:51:44 [DEBUG] 检测输出为空
2026-06-06 18:51:44 [INFO] 掩码中检测到的类别: [0, 1, 2, 3, 4, 5, 6, 7, 8, 9, 10, 11, 12, 13, 15]
2026-06-06 18:51:44 [INFO] 分割完成，检测到 0 个物体
2026-06-06 18:51:44 [INFO] 从分割掩码中提取检测结果
2026-06-06 18:51:45 [INFO] 从掩码中提取了 489 个检测框
2026-06-06 18:51:45 [INFO] 计算出的车框矩形边界: (1101, 655) to (3259, 1558)
2026-06-06 18:51:45 [INFO] 原始检测数: 489, 过滤后检测数: 249
2026-06-06 18:51:45 [INFO] 保存分割和检测结果到: C:\code\show\Scrap_Steel_In_Field\photos\segmentation\segment_20260606_185145.jpg
2026-06-06 18:51:45 [INFO] JSON结果保存到: C:\code\show\Scrap_Steel_In_Field\photos\segmentation_result.json
2026-06-06 18:51:45 [INFO] 类别统计：{0: 8, 1: 59, 2: 29, 3: 4, 4: 35, 5: 36, 6: 30, 7: 25, 8: 65, 9: 48, 10: 38, 11: 13, 12: 14, 13: 67, 14: 0, 15: 18}
2026-06-06 18:51:45 [INFO] 面积统计：{0: 3684384.0, 1: 544140.0, 2: 65880.0, 3: 146052.0, 4: 171756.0, 5: 145044.0, 6: 689544.0, 7: 23580.0, 8: 918072.0, 9: 230328.0, 10: 115020.0, 11: 331020.0, 12: 30708.0, 13: 715824.0, 15: 27756.0}
2026-06-06 18:51:45 [INFO] 分割成功
2026-06-06 18:51:45 [INFO] 引擎上下文已释放
2026-06-06 18:51:45 [INFO] TensorRT 引擎已释放
2026-06-06 18:51:45 [INFO] 全局 CUDA 资源已释放
2026-06-06 18:51:45 [INFO] 分割系统资源已释放
2026-06-06 18:51:49 [INFO] CUDA 初始化成功
2026-06-06 18:51:49 [INFO] 引擎加载成功: scrap_steel.engine
2026-06-06 18:51:49 [INFO] 分割系统初始化成功
2026-06-06 18:51:49 [INFO] 图像预处理完成，原始尺寸: (2160, 3840)
2026-06-06 18:51:49 [INFO] 开始执行分割...
2026-06-06 18:51:49 [DEBUG] 处理后的检测结果形状: (1, 8400, 6)
2026-06-06 18:51:49 [DEBUG] 示例检测结果: [[-4.20816803e+00 -3.25658321e+00  3.93565941e+01  1.51941328e+01
   3.65317661e-08  5.00000000e+00]
 [-6.76972961e+00 -3.04433060e+00  4.48974228e+01  2.92875900e+01
   8.69007266e-09  9.00000000e+00]
 [-3.64260101e+00 -3.41264343e+00  4.59862747e+01  3.00356140e+01
   3.99296596e-09  9.00000000e+00]]
2026-06-06 18:51:49 [DEBUG] 处理后检测输出形状: (0, 52)
2026-06-06 18:51:49 [DEBUG] 有效检测数量: 0
2026-06-06 18:51:49 [DEBUG] 检测输出为空
2026-06-06 18:51:49 [INFO] 掩码中检测到的类别: [0, 1, 2, 3, 4, 5, 6, 7, 8, 9, 10, 11, 12, 13, 15]
2026-06-06 18:51:49 [INFO] 分割完成，检测到 0 个物体
2026-06-06 18:51:49 [INFO] 从分割掩码中提取检测结果
2026-06-06 18:51:50 [INFO] 从掩码中提取了 465 个检测框
2026-06-06 18:51:50 [INFO] 计算出的车框矩形边界: (1104, 652) to (3259, 1558)
2026-06-06 18:51:50 [INFO] 原始检测数: 465, 过滤后检测数: 238
2026-06-06 18:51:50 [INFO] 保存分割和检测结果到: C:\code\show\Scrap_Steel_In_Field\photos\segmentation\segment_20260606_185150.jpg
2026-06-06 18:51:50 [INFO] JSON结果保存到: C:\code\show\Scrap_Steel_In_Field\photos\segmentation_result.json
2026-06-06 18:51:50 [INFO] 类别统计：{0: 6, 1: 48, 2: 30, 3: 3, 4: 39, 5: 37, 6: 24, 7: 22, 8: 63, 9: 46, 10: 37, 11: 18, 12: 14, 13: 60, 14: 0, 15: 18}
2026-06-06 18:51:50 [INFO] 面积统计：{0: 3629340.0, 1: 553320.0, 2: 61884.0, 3: 148356.0, 4: 170820.0, 5: 128124.0, 6: 686628.0, 7: 23184.0, 8: 905688.0, 9: 259200.0, 10: 114480.0, 11: 326160.0, 12: 27792.0, 13: 721908.0, 15: 30024.0}
2026-06-06 18:51:50 [INFO] 分割成功
2026-06-06 18:51:50 [INFO] 引擎上下文已释放
2026-06-06 18:51:50 [INFO] TensorRT 引擎已释放
2026-06-06 18:51:50 [INFO] 全局 CUDA 资源已释放
2026-06-06 18:51:50 [INFO] 分割系统资源已释放
