2026-05-22 11:04:30 [INFO] CUDA 初始化成功
2026-05-22 11:04:30 [INFO] 引擎加载成功: scrap_steel.engine
2026-05-22 11:04:30 [INFO] 分割系统初始化成功
2026-05-22 11:04:33 [INFO] 引擎加载成功: scrap_steel.engine
2026-05-22 11:04:33 [INFO] 分割系统初始化成功
2026-05-22 11:04:33 [INFO] 图像预处理完成，原始尺寸: (2160, 3840)
2026-05-22 11:04:33 [INFO] 开始执行分割...
2026-05-22 11:04:33 [ERROR] 推理过程发生异常: explicit_context_dependent failed: invalid device context - no currently active context?
2026-05-22 11:04:33 [INFO] 分割完成，检测到 0 个物体
2026-05-22 11:04:33 [ERROR] 分割失败: 未能生成有效的分割掩码
2026-05-22 11:04:33 [INFO] 引擎上下文已释放
2026-05-22 11:04:33 [INFO] TensorRT 引擎已释放
2026-05-22 11:04:33 [INFO] 全局 CUDA 资源已释放
2026-05-22 11:04:33 [INFO] 分割系统资源已释放
2026-05-22 11:04:39 [INFO] CUDA 初始化成功
2026-05-22 11:04:39 [INFO] 引擎加载成功: scrap_steel.engine
2026-05-22 11:04:39 [INFO] 分割系统初始化成功
2026-05-22 11:04:39 [INFO] 图像预处理完成，原始尺寸: (2160, 3840)
2026-05-22 11:04:39 [INFO] 开始执行分割...
2026-05-22 11:04:39 [DEBUG] 处理后的检测结果形状: (1, 8400, 6)
2026-05-22 11:04:39 [DEBUG] 示例检测结果: [[-4.14939117e+00 -3.31872845e+00  3.90622139e+01  1.56330862e+01
   4.37349250e-08  5.00000000e+00]
 [-6.57099915e+00 -3.10814095e+00  4.42911682e+01  2.99416790e+01
   9.65933111e-09  9.00000000e+00]
 [-3.67385864e+00 -3.60532570e+00  4.57593842e+01  3.04970722e+01
   4.24319069e-09  9.00000000e+00]]
2026-05-22 11:04:39 [DEBUG] 处理后检测输出形状: (0, 52)
2026-05-22 11:04:39 [DEBUG] 有效检测数量: 0
2026-05-22 11:04:39 [DEBUG] 检测输出为空
2026-05-22 11:04:39 [INFO] 掩码中检测到的类别: [0, 1, 2, 3, 4, 5, 6, 7, 8, 9, 10, 11, 12, 13, 15]
2026-05-22 11:04:39 [INFO] 分割完成，检测到 0 个物体
2026-05-22 11:04:39 [INFO] 从分割掩码中提取检测结果
2026-05-22 11:04:39 [INFO] 从掩码中提取了 511 个检测框
2026-05-22 11:04:39 [INFO] 检测到车兜区域，将过滤区域外的目标
2026-05-22 11:04:39 [INFO] 车兜区域过滤: 511 -> 227 个目标
2026-05-22 11:04:40 [INFO] 保存分割和检测结果到: C:\code\show\Scrap_Steel_In_Field\photos\segmentation\segment_20260522_110439.jpg
2026-05-22 11:04:40 [INFO] JSON结果保存到: C:\code\show\Scrap_Steel_In_Field\photos\segmentation_result.json
2026-05-22 11:04:40 [INFO] 类别统计：{0: 1, 1: 39, 2: 14, 3: 2, 4: 14, 5: 26, 6: 16, 7: 25, 8: 15, 9: 21, 10: 16, 11: 7, 12: 12, 13: 15, 14: 0, 15: 4}
2026-05-22 11:04:40 [INFO] 面积统计：{1: np.float64(29.61), 2: np.float64(4.06), 3: np.float64(0.13), 4: np.float64(4.17), 5: np.float64(7.01), 6: np.float64(9.11), 7: np.float64(5.74), 8: np.float64(2.39), 9: np.float64(12.51), 10: np.float64(11.56), 11: np.float64(0.42), 12: np.float64(11.14), 13: np.float64(1.69), 15: np.float64(0.46)}
2026-05-22 11:04:40 [INFO] 分割成功
2026-05-22 11:04:40 [INFO] 引擎上下文已释放
2026-05-22 11:04:40 [INFO] TensorRT 引擎已释放
2026-05-22 11:04:40 [INFO] 全局 CUDA 资源已释放
2026-05-22 11:04:40 [INFO] 分割系统资源已释放
2026-05-22 11:04:44 [INFO] CUDA 初始化成功
2026-05-22 11:04:44 [INFO] 引擎加载成功: scrap_steel.engine
2026-05-22 11:04:44 [INFO] 分割系统初始化成功
2026-05-22 11:04:44 [INFO] 图像预处理完成，原始尺寸: (2160, 3840)
2026-05-22 11:04:44 [INFO] 开始执行分割...
2026-05-22 11:04:44 [DEBUG] 处理后的检测结果形状: (1, 8400, 6)
2026-05-22 11:04:44 [DEBUG] 示例检测结果: [[-4.16438675e+00 -3.33222485e+00  3.89379005e+01  1.57172384e+01
   4.33969625e-08  5.00000000e+00]
 [-6.56032181e+00 -3.11929703e+00  4.42319031e+01  3.00012016e+01
   9.47526146e-09  9.00000000e+00]
 [-3.66626740e+00 -3.59149551e+00  4.56866188e+01  3.04163246e+01
   4.21009361e-09  9.00000000e+00]]
2026-05-22 11:04:44 [DEBUG] 处理后检测输出形状: (0, 52)
2026-05-22 11:04:44 [DEBUG] 有效检测数量: 0
2026-05-22 11:04:44 [DEBUG] 检测输出为空
2026-05-22 11:04:44 [INFO] 掩码中检测到的类别: [0, 1, 2, 3, 4, 5, 6, 7, 8, 9, 10, 11, 12, 13, 15]
2026-05-22 11:04:44 [INFO] 分割完成，检测到 0 个物体
2026-05-22 11:04:44 [INFO] 从分割掩码中提取检测结果
2026-05-22 11:04:44 [INFO] 从掩码中提取了 446 个检测框
2026-05-22 11:04:44 [INFO] 检测到车兜区域，将过滤区域外的目标
2026-05-22 11:04:44 [INFO] 车兜区域过滤: 446 -> 214 个目标
2026-05-22 11:04:45 [INFO] 保存分割和检测结果到: C:\code\show\Scrap_Steel_In_Field\photos\segmentation\segment_20260522_110444.jpg
2026-05-22 11:04:45 [INFO] JSON结果保存到: C:\code\show\Scrap_Steel_In_Field\photos\segmentation_result.json
2026-05-22 11:04:45 [INFO] 类别统计：{0: 1, 1: 30, 2: 19, 3: 1, 4: 14, 5: 26, 6: 12, 7: 22, 8: 16, 9: 23, 10: 14, 11: 7, 12: 14, 13: 12, 14: 0, 15: 3}
2026-05-22 11:04:45 [INFO] 面积统计：{1: np.float64(31.4), 2: np.float64(3.66), 3: np.float64(0.35), 4: np.float64(4.22), 5: np.float64(7.2), 6: np.float64(7.59), 7: np.float64(5.43), 8: np.float64(2.82), 9: np.float64(10.53), 10: np.float64(10.39), 11: np.float64(0.41), 12: np.float64(14.1), 13: np.float64(1.47), 15: np.float64(0.42)}
2026-05-22 11:04:45 [INFO] 分割成功
2026-05-22 11:04:45 [INFO] 引擎上下文已释放
2026-05-22 11:04:45 [INFO] TensorRT 引擎已释放
2026-05-22 11:04:45 [INFO] 全局 CUDA 资源已释放
2026-05-22 11:04:45 [INFO] 分割系统资源已释放
2026-05-22 11:04:49 [INFO] CUDA 初始化成功
2026-05-22 11:04:49 [INFO] 引擎加载成功: scrap_steel.engine
2026-05-22 11:04:49 [INFO] 分割系统初始化成功
2026-05-22 11:04:49 [INFO] 图像预处理完成，原始尺寸: (2160, 3840)
2026-05-22 11:04:49 [INFO] 开始执行分割...
2026-05-22 11:04:50 [DEBUG] 处理后的检测结果形状: (1, 8400, 6)
2026-05-22 11:04:50 [DEBUG] 示例检测结果: [[-4.19766235e+00 -3.36575127e+00  3.89579086e+01  1.58750820e+01
   4.33969625e-08  5.00000000e+00]
 [-6.60937881e+00 -3.16778851e+00  4.41655159e+01  3.03045769e+01
   9.54650403e-09  9.00000000e+00]
 [-3.65462112e+00 -3.64570236e+00  4.56753387e+01  3.06514854e+01
   4.20819646e-09  9.00000000e+00]]
2026-05-22 11:04:50 [DEBUG] 处理后检测输出形状: (0, 52)
2026-05-22 11:04:50 [DEBUG] 有效检测数量: 0
2026-05-22 11:04:50 [DEBUG] 检测输出为空
2026-05-22 11:04:50 [INFO] 掩码中检测到的类别: [0, 1, 2, 3, 4, 5, 6, 7, 8, 9, 10, 11, 12, 13, 15]
2026-05-22 11:04:50 [INFO] 分割完成，检测到 0 个物体
2026-05-22 11:04:50 [INFO] 从分割掩码中提取检测结果
2026-05-22 11:04:50 [INFO] 从掩码中提取了 447 个检测框
2026-05-22 11:04:50 [INFO] 检测到车兜区域，将过滤区域外的目标
2026-05-22 11:04:50 [INFO] 车兜区域过滤: 447 -> 215 个目标
2026-05-22 11:04:51 [INFO] 保存分割和检测结果到: C:\code\show\Scrap_Steel_In_Field\photos\segmentation\segment_20260522_110450.jpg
2026-05-22 11:04:51 [INFO] JSON结果保存到: C:\code\show\Scrap_Steel_In_Field\photos\segmentation_result.json
2026-05-22 11:04:51 [INFO] 类别统计：{0: 1, 1: 30, 2: 13, 3: 1, 4: 14, 5: 26, 6: 20, 7: 21, 8: 15, 9: 23, 10: 14, 11: 6, 12: 14, 13: 14, 14: 0, 15: 3}
2026-05-22 11:04:51 [INFO] 面积统计：{1: np.float64(31.23), 2: np.float64(3.73), 3: np.float64(0.16), 4: np.float64(3.32), 5: np.float64(6.58), 6: np.float64(8.56), 7: np.float64(4.96), 8: np.float64(2.81), 9: np.float64(11.78), 10: np.float64(10.75), 11: np.float64(0.37), 12: np.float64(13.7), 13: np.float64(1.65), 15: np.float64(0.39)}
2026-05-22 11:04:51 [INFO] 分割成功
2026-05-22 11:04:51 [INFO] 引擎上下文已释放
2026-05-22 11:04:51 [INFO] TensorRT 引擎已释放
2026-05-22 11:04:51 [INFO] 全局 CUDA 资源已释放
2026-05-22 11:04:51 [INFO] 分割系统资源已释放
2026-05-22 11:04:55 [INFO] CUDA 初始化成功
2026-05-22 11:04:55 [INFO] 引擎加载成功: scrap_steel.engine
2026-05-22 11:04:55 [INFO] 分割系统初始化成功
2026-05-22 11:04:55 [INFO] 图像预处理完成，原始尺寸: (2160, 3840)
2026-05-22 11:04:55 [INFO] 开始执行分割...
2026-05-22 11:04:55 [DEBUG] 处理后的检测结果形状: (1, 8400, 6)
2026-05-22 11:04:55 [DEBUG] 示例检测结果: [[-4.19527435e+00 -3.37473726e+00  3.89318161e+01  1.58179970e+01
   4.35659437e-08  5.00000000e+00]
 [-6.56551361e+00 -3.16504097e+00  4.41362915e+01  3.01571255e+01
   9.40154976e-09  9.00000000e+00]
 [-3.66723633e+00 -3.65874672e+00  4.56887550e+01  3.05721455e+01
   4.14486578e-09  9.00000000e+00]]
2026-05-22 11:04:55 [DEBUG] 处理后检测输出形状: (0, 52)
2026-05-22 11:04:55 [DEBUG] 有效检测数量: 0
2026-05-22 11:04:55 [DEBUG] 检测输出为空
2026-05-22 11:04:55 [INFO] 掩码中检测到的类别: [0, 1, 2, 3, 4, 5, 6, 7, 8, 9, 10, 11, 12, 13, 15]
2026-05-22 11:04:55 [INFO] 分割完成，检测到 0 个物体
2026-05-22 11:04:55 [INFO] 从分割掩码中提取检测结果
2026-05-22 11:04:55 [INFO] 从掩码中提取了 445 个检测框
2026-05-22 11:04:55 [INFO] 检测到车兜区域，将过滤区域外的目标
2026-05-22 11:04:55 [INFO] 车兜区域过滤: 445 -> 222 个目标
2026-05-22 11:04:56 [INFO] 保存分割和检测结果到: C:\code\show\Scrap_Steel_In_Field\photos\segmentation\segment_20260522_110455.jpg
2026-05-22 11:04:56 [INFO] JSON结果保存到: C:\code\show\Scrap_Steel_In_Field\photos\segmentation_result.json
2026-05-22 11:04:56 [INFO] 类别统计：{0: 1, 1: 32, 2: 15, 3: 1, 4: 13, 5: 24, 6: 19, 7: 23, 8: 14, 9: 22, 10: 16, 11: 4, 12: 19, 13: 16, 14: 0, 15: 3}
2026-05-22 11:04:56 [INFO] 面积统计：{1: np.float64(30.59), 2: np.float64(3.96), 3: np.float64(0.32), 4: np.float64(3.45), 5: np.float64(7.28), 6: np.float64(7.96), 7: np.float64(5.38), 8: np.float64(2.9), 9: np.float64(11.87), 10: np.float64(10.71), 11: np.float64(0.35), 12: np.float64(13.33), 13: np.float64(1.59), 15: np.float64(0.33)}
2026-05-22 11:04:56 [INFO] 分割成功
2026-05-22 11:04:56 [INFO] 引擎上下文已释放
2026-05-22 11:04:56 [INFO] TensorRT 引擎已释放
2026-05-22 11:04:56 [INFO] 全局 CUDA 资源已释放
2026-05-22 11:04:56 [INFO] 分割系统资源已释放
2026-05-22 11:05:00 [INFO] CUDA 初始化成功
2026-05-22 11:05:00 [INFO] 引擎加载成功: scrap_steel.engine
2026-05-22 11:05:00 [INFO] 分割系统初始化成功
2026-05-22 11:05:00 [INFO] 图像预处理完成，原始尺寸: (2160, 3840)
2026-05-22 11:05:00 [INFO] 开始执行分割...
2026-05-22 11:05:00 [DEBUG] 处理后的检测结果形状: (1, 8400, 6)
2026-05-22 11:05:00 [DEBUG] 示例检测结果: [[-4.15939331e+00 -3.36048317e+00  3.87784996e+01  1.58123512e+01
   4.42722268e-08  5.00000000e+00]
 [-6.58792114e+00 -3.15422249e+00  4.40661774e+01  3.00958996e+01
   9.61774660e-09  9.00000000e+00]
 [-3.69696808e+00 -3.67267609e+00  4.56802063e+01  3.05586128e+01
   4.20581969e-09  9.00000000e+00]]
2026-05-22 11:05:00 [DEBUG] 处理后检测输出形状: (0, 52)
2026-05-22 11:05:00 [DEBUG] 有效检测数量: 0
2026-05-22 11:05:00 [DEBUG] 检测输出为空
2026-05-22 11:05:00 [INFO] 掩码中检测到的类别: [0, 1, 2, 3, 4, 5, 6, 7, 8, 9, 10, 11, 12, 13, 15]
2026-05-22 11:05:00 [INFO] 分割完成，检测到 0 个物体
2026-05-22 11:05:00 [INFO] 从分割掩码中提取检测结果
2026-05-22 11:05:00 [INFO] 从掩码中提取了 444 个检测框
2026-05-22 11:05:00 [INFO] 检测到车兜区域，将过滤区域外的目标
2026-05-22 11:05:00 [INFO] 车兜区域过滤: 444 -> 214 个目标
2026-05-22 11:05:01 [INFO] 保存分割和检测结果到: C:\code\show\Scrap_Steel_In_Field\photos\segmentation\segment_20260522_110500.jpg
2026-05-22 11:05:01 [INFO] JSON结果保存到: C:\code\show\Scrap_Steel_In_Field\photos\segmentation_result.json
2026-05-22 11:05:01 [INFO] 类别统计：{0: 1, 1: 30, 2: 14, 3: 1, 4: 13, 5: 25, 6: 18, 7: 26, 8: 14, 9: 23, 10: 15, 11: 5, 12: 13, 13: 12, 14: 0, 15: 4}
2026-05-22 11:05:01 [INFO] 面积统计：{1: np.float64(30.77), 2: np.float64(3.58), 3: np.float64(0.16), 4: np.float64(3.56), 5: np.float64(6.79), 6: np.float64(8.15), 7: np.float64(5.61), 8: np.float64(2.51), 9: np.float64(12.21), 10: np.float64(10.5), 11: np.float64(0.4), 12: np.float64(13.96), 13: np.float64(1.41), 15: np.float64(0.4)}
2026-05-22 11:05:01 [INFO] 分割成功
2026-05-22 11:05:01 [INFO] 引擎上下文已释放
2026-05-22 11:05:01 [INFO] TensorRT 引擎已释放
2026-05-22 11:05:01 [INFO] 全局 CUDA 资源已释放
2026-05-22 11:05:01 [INFO] 分割系统资源已释放
2026-05-22 11:05:05 [INFO] CUDA 初始化成功
2026-05-22 11:05:05 [INFO] 引擎加载成功: scrap_steel.engine
2026-05-22 11:05:05 [INFO] 分割系统初始化成功
2026-05-22 11:05:05 [INFO] 图像预处理完成，原始尺寸: (2160, 3840)
2026-05-22 11:05:05 [INFO] 开始执行分割...
2026-05-22 11:05:05 [DEBUG] 处理后的检测结果形状: (1, 8400, 6)
2026-05-22 11:05:05 [DEBUG] 示例检测结果: [[-4.19777679e+00 -3.35991001e+00  3.88160896e+01  1.58053923e+01
   4.37410108e-08  5.00000000e+00]
 [-6.58400345e+00 -3.14065552e+00  4.41184425e+01  3.00816536e+01
   9.36516642e-09  9.00000000e+00]
 [-3.69276428e+00 -3.62977123e+00  4.56647034e+01  3.05412560e+01
   4.12867962e-09  9.00000000e+00]]
2026-05-22 11:05:05 [DEBUG] 处理后检测输出形状: (0, 52)
2026-05-22 11:05:05 [DEBUG] 有效检测数量: 0
2026-05-22 11:05:05 [DEBUG] 检测输出为空
2026-05-22 11:05:05 [INFO] 掩码中检测到的类别: [0, 1, 2, 3, 4, 5, 6, 7, 8, 9, 10, 11, 12, 13, 15]
2026-05-22 11:05:05 [INFO] 分割完成，检测到 0 个物体
2026-05-22 11:05:05 [INFO] 从分割掩码中提取检测结果
2026-05-22 11:05:06 [INFO] 从掩码中提取了 443 个检测框
2026-05-22 11:05:06 [INFO] 检测到车兜区域，将过滤区域外的目标
2026-05-22 11:05:06 [INFO] 车兜区域过滤: 443 -> 207 个目标
2026-05-22 11:05:07 [INFO] 保存分割和检测结果到: C:\code\show\Scrap_Steel_In_Field\photos\segmentation\segment_20260522_110506.jpg
2026-05-22 11:05:07 [INFO] JSON结果保存到: C:\code\show\Scrap_Steel_In_Field\photos\segmentation_result.json
2026-05-22 11:05:07 [INFO] 类别统计：{0: 1, 1: 32, 2: 13, 3: 1, 4: 11, 5: 26, 6: 16, 7: 23, 8: 12, 9: 21, 10: 14, 11: 5, 12: 15, 13: 14, 14: 0, 15: 3}
2026-05-22 11:05:07 [INFO] 面积统计：{1: np.float64(30.69), 2: np.float64(4.05), 3: np.float64(0.26), 4: np.float64(3.71), 5: np.float64(7.21), 6: np.float64(8.64), 7: np.float64(5.24), 8: np.float64(2.42), 9: np.float64(11.68), 10: np.float64(10.49), 11: np.float64(0.32), 12: np.float64(13.26), 13: np.float64(1.63), 15: np.float64(0.39)}
2026-05-22 11:05:07 [INFO] 分割成功
2026-05-22 11:05:07 [INFO] 引擎上下文已释放
2026-05-22 11:05:07 [INFO] TensorRT 引擎已释放
2026-05-22 11:05:07 [INFO] 全局 CUDA 资源已释放
2026-05-22 11:05:07 [INFO] 分割系统资源已释放
2026-05-22 11:05:11 [INFO] CUDA 初始化成功
2026-05-22 11:05:11 [INFO] 引擎加载成功: scrap_steel.engine
2026-05-22 11:05:11 [INFO] 分割系统初始化成功
2026-05-22 11:05:11 [INFO] 图像预处理完成，原始尺寸: (2160, 3840)
2026-05-22 11:05:11 [INFO] 开始执行分割...
2026-05-22 11:05:11 [DEBUG] 处理后的检测结果形状: (1, 8400, 6)
2026-05-22 11:05:11 [DEBUG] 示例检测结果: [[-4.16693115e+00 -3.36238861e+00  3.89234238e+01  1.57573566e+01
   4.37349250e-08  5.00000000e+00]
 [-6.63349152e+00 -3.16599274e+00  4.42203903e+01  3.01139183e+01
   9.61774660e-09  9.00000000e+00]
 [-3.71363831e+00 -3.66278267e+00  4.57194595e+01  3.05281086e+01
   4.24105018e-09  9.00000000e+00]]
2026-05-22 11:05:11 [DEBUG] 处理后检测输出形状: (0, 52)
2026-05-22 11:05:11 [DEBUG] 有效检测数量: 0
2026-05-22 11:05:11 [DEBUG] 检测输出为空
2026-05-22 11:05:11 [INFO] 掩码中检测到的类别: [0, 1, 2, 3, 4, 5, 6, 7, 8, 9, 10, 11, 12, 13, 15]
2026-05-22 11:05:11 [INFO] 分割完成，检测到 0 个物体
2026-05-22 11:05:11 [INFO] 从分割掩码中提取检测结果
2026-05-22 11:05:11 [INFO] 从掩码中提取了 445 个检测框
2026-05-22 11:05:11 [INFO] 检测到车兜区域，将过滤区域外的目标
2026-05-22 11:05:11 [INFO] 车兜区域过滤: 445 -> 213 个目标
2026-05-22 11:05:12 [INFO] 保存分割和检测结果到: C:\code\show\Scrap_Steel_In_Field\photos\segmentation\segment_20260522_110511.jpg
2026-05-22 11:05:12 [INFO] JSON结果保存到: C:\code\show\Scrap_Steel_In_Field\photos\segmentation_result.json
2026-05-22 11:05:12 [INFO] 类别统计：{0: 1, 1: 29, 2: 12, 3: 1, 4: 13, 5: 24, 6: 18, 7: 20, 8: 14, 9: 28, 10: 17, 11: 5, 12: 14, 13: 14, 14: 0, 15: 3}
2026-05-22 11:05:12 [INFO] 面积统计：{1: np.float64(30.17), 2: np.float64(3.9), 3: np.float64(0.29), 4: np.float64(3.6), 5: np.float64(7.19), 6: np.float64(8.29), 7: np.float64(5.29), 8: np.float64(3.41), 9: np.float64(11.76), 10: np.float64(10.48), 11: np.float64(0.4), 12: np.float64(13.3), 13: np.float64(1.62), 15: np.float64(0.29)}
2026-05-22 11:05:12 [INFO] 分割成功
2026-05-22 11:05:12 [INFO] 引擎上下文已释放
2026-05-22 11:05:12 [INFO] TensorRT 引擎已释放
2026-05-22 11:05:12 [INFO] 全局 CUDA 资源已释放
2026-05-22 11:05:12 [INFO] 分割系统资源已释放
2026-05-22 11:05:17 [INFO] CUDA 初始化成功
2026-05-22 11:05:17 [INFO] 引擎加载成功: scrap_steel.engine
2026-05-22 11:05:17 [INFO] 分割系统初始化成功
2026-05-22 11:05:17 [INFO] 图像预处理完成，原始尺寸: (2160, 3840)
2026-05-22 11:05:17 [INFO] 开始执行分割...
2026-05-22 11:05:17 [DEBUG] 处理后的检测结果形状: (1, 8400, 6)
2026-05-22 11:05:17 [DEBUG] 示例检测结果: [[-4.18130493e+00 -3.34873819e+00  3.89400444e+01  1.58140163e+01
   4.37349250e-08  5.00000000e+00]
 [-6.55471039e+00 -3.14168644e+00  4.41388855e+01  3.01254234e+01
   9.54650403e-09  9.00000000e+00]
 [-3.66081238e+00 -3.64708519e+00  4.56942596e+01  3.05611362e+01
   4.20819646e-09  9.00000000e+00]]
2026-05-22 11:05:17 [DEBUG] 处理后检测输出形状: (0, 52)
2026-05-22 11:05:17 [DEBUG] 有效检测数量: 0
2026-05-22 11:05:17 [DEBUG] 检测输出为空
2026-05-22 11:05:17 [INFO] 掩码中检测到的类别: [0, 1, 2, 3, 4, 5, 6, 7, 8, 9, 10, 11, 12, 13, 15]
2026-05-22 11:05:17 [INFO] 分割完成，检测到 0 个物体
2026-05-22 11:05:17 [INFO] 从分割掩码中提取检测结果
2026-05-22 11:05:17 [INFO] 从掩码中提取了 458 个检测框
2026-05-22 11:05:17 [INFO] 检测到车兜区域，将过滤区域外的目标
2026-05-22 11:05:17 [INFO] 车兜区域过滤: 458 -> 208 个目标
2026-05-22 11:05:18 [INFO] 保存分割和检测结果到: C:\code\show\Scrap_Steel_In_Field\photos\segmentation\segment_20260522_110517.jpg
2026-05-22 11:05:18 [INFO] JSON结果保存到: C:\code\show\Scrap_Steel_In_Field\photos\segmentation_result.json
2026-05-22 11:05:18 [INFO] 类别统计：{0: 1, 1: 29, 2: 15, 3: 1, 4: 9, 5: 21, 6: 20, 7: 21, 8: 13, 9: 22, 10: 16, 11: 7, 12: 14, 13: 16, 14: 0, 15: 3}
2026-05-22 11:05:18 [INFO] 面积统计：{1: np.float64(29.39), 2: np.float64(3.77), 3: np.float64(0.35), 4: np.float64(3.47), 5: np.float64(6.88), 6: np.float64(8.54), 7: np.float64(5.77), 8: np.float64(2.78), 9: np.float64(12.24), 10: np.float64(9.95), 11: np.float64(0.46), 12: np.float64(14.49), 13: np.float64(1.67), 15: np.float64(0.25)}
2026-05-22 11:05:18 [INFO] 分割成功
2026-05-22 11:05:18 [INFO] 引擎上下文已释放
2026-05-22 11:05:18 [INFO] TensorRT 引擎已释放
2026-05-22 11:05:18 [INFO] 全局 CUDA 资源已释放
2026-05-22 11:05:18 [INFO] 分割系统资源已释放
2026-05-22 11:05:22 [INFO] CUDA 初始化成功
2026-05-22 11:05:22 [INFO] 引擎加载成功: scrap_steel.engine
2026-05-22 11:05:22 [INFO] 分割系统初始化成功
2026-05-22 11:05:22 [INFO] 图像预处理完成，原始尺寸: (2160, 3840)
2026-05-22 11:05:22 [INFO] 开始执行分割...
2026-05-22 11:05:22 [DEBUG] 处理后的检测结果形状: (1, 8400, 6)
2026-05-22 11:05:22 [DEBUG] 示例检测结果: [[-4.16209030e+00 -3.34137487e+00  3.88020210e+01  1.55699444e+01
   4.23686970e-08  5.00000000e+00]
 [-6.53024292e+00 -3.13817215e+00  4.41354294e+01  2.99862061e+01
   9.26153376e-09  9.00000000e+00]
 [-3.64762878e+00 -3.63198948e+00  4.56097488e+01  3.04368591e+01
   4.08391188e-09  9.00000000e+00]]
2026-05-22 11:05:22 [DEBUG] 处理后检测输出形状: (0, 52)
2026-05-22 11:05:22 [DEBUG] 有效检测数量: 0
2026-05-22 11:05:22 [DEBUG] 检测输出为空
2026-05-22 11:05:22 [INFO] 掩码中检测到的类别: [0, 1, 2, 3, 4, 5, 6, 7, 8, 9, 10, 11, 12, 13, 15]
2026-05-22 11:05:22 [INFO] 分割完成，检测到 0 个物体
2026-05-22 11:05:22 [INFO] 从分割掩码中提取检测结果
2026-05-22 11:05:22 [INFO] 从掩码中提取了 439 个检测框
2026-05-22 11:05:22 [INFO] 检测到车兜区域，将过滤区域外的目标
2026-05-22 11:05:22 [INFO] 车兜区域过滤: 439 -> 213 个目标
2026-05-22 11:05:23 [INFO] 保存分割和检测结果到: C:\code\show\Scrap_Steel_In_Field\photos\segmentation\segment_20260522_110522.jpg
2026-05-22 11:05:23 [INFO] JSON结果保存到: C:\code\show\Scrap_Steel_In_Field\photos\segmentation_result.json
2026-05-22 11:05:23 [INFO] 类别统计：{0: 1, 1: 34, 2: 16, 3: 1, 4: 11, 5: 24, 6: 19, 7: 22, 8: 14, 9: 20, 10: 15, 11: 6, 12: 14, 13: 13, 14: 0, 15: 3}
2026-05-22 11:05:23 [INFO] 面积统计：{1: np.float64(30.51), 2: np.float64(4.16), 3: np.float64(0.28), 4: np.float64(3.91), 5: np.float64(6.47), 6: np.float64(8.03), 7: np.float64(5.55), 8: np.float64(3.27), 9: np.float64(11.54), 10: np.float64(10.1), 11: np.float64(0.48), 12: np.float64(13.61), 13: np.float64(1.66), 15: np.float64(0.43)}
2026-05-22 11:05:23 [INFO] 分割成功
2026-05-22 11:05:23 [INFO] 引擎上下文已释放
2026-05-22 11:05:23 [INFO] TensorRT 引擎已释放
2026-05-22 11:05:23 [INFO] 全局 CUDA 资源已释放
2026-05-22 11:05:23 [INFO] 分割系统资源已释放
2026-05-22 11:05:27 [INFO] CUDA 初始化成功
2026-05-22 11:05:27 [INFO] 引擎加载成功: scrap_steel.engine
2026-05-22 11:05:27 [INFO] 分割系统初始化成功
2026-05-22 11:05:27 [INFO] 图像预处理完成，原始尺寸: (2160, 3840)
2026-05-22 11:05:27 [INFO] 开始执行分割...
2026-05-22 11:05:27 [DEBUG] 处理后的检测结果形状: (1, 8400, 6)
2026-05-22 11:05:27 [DEBUG] 示例检测结果: [[-4.20046997e+00 -3.36615610e+00  3.89459534e+01  1.58083858e+01
   4.37410108e-08  5.00000000e+00]
 [-6.69026184e+00 -3.17902374e+00  4.42061234e+01  3.02020416e+01
   9.62172209e-09  9.00000000e+00]
 [-3.71408463e+00 -3.66230965e+00  4.57214775e+01  3.05532131e+01
   4.21009361e-09  9.00000000e+00]]
2026-05-22 11:05:27 [DEBUG] 处理后检测输出形状: (0, 52)
2026-05-22 11:05:27 [DEBUG] 有效检测数量: 0
2026-05-22 11:05:27 [DEBUG] 检测输出为空
2026-05-22 11:05:27 [INFO] 掩码中检测到的类别: [0, 1, 2, 3, 4, 5, 6, 7, 8, 9, 10, 11, 12, 13, 15]
2026-05-22 11:05:27 [INFO] 分割完成，检测到 0 个物体
2026-05-22 11:05:27 [INFO] 从分割掩码中提取检测结果
2026-05-22 11:05:27 [INFO] 从掩码中提取了 456 个检测框
2026-05-22 11:05:27 [INFO] 检测到车兜区域，将过滤区域外的目标
2026-05-22 11:05:27 [INFO] 车兜区域过滤: 456 -> 219 个目标
2026-05-22 11:05:28 [INFO] 保存分割和检测结果到: C:\code\show\Scrap_Steel_In_Field\photos\segmentation\segment_20260522_110527.jpg
2026-05-22 11:05:28 [INFO] JSON结果保存到: C:\code\show\Scrap_Steel_In_Field\photos\segmentation_result.json
2026-05-22 11:05:28 [INFO] 类别统计：{0: 2, 1: 31, 2: 14, 3: 2, 4: 12, 5: 26, 6: 18, 7: 23, 8: 13, 9: 24, 10: 17, 11: 7, 12: 12, 13: 15, 14: 0, 15: 3}
2026-05-22 11:05:28 [INFO] 面积统计：{1: np.float64(28.46), 2: np.float64(3.9), 3: np.float64(0.23), 4: np.float64(3.68), 5: np.float64(7.09), 6: np.float64(8.69), 7: np.float64(5.6), 8: np.float64(3.07), 9: np.float64(12.69), 10: np.float64(10.01), 11: np.float64(0.31), 12: np.float64(13.98), 13: np.float64(1.84), 15: np.float64(0.44)}
2026-05-22 11:05:28 [INFO] 分割成功
2026-05-22 11:05:28 [INFO] 引擎上下文已释放
2026-05-22 11:05:28 [INFO] TensorRT 引擎已释放
2026-05-22 11:05:28 [INFO] 全局 CUDA 资源已释放
2026-05-22 11:05:28 [INFO] 分割系统资源已释放
2026-05-22 11:05:32 [INFO] CUDA 初始化成功
2026-05-22 11:05:32 [INFO] 引擎加载成功: scrap_steel.engine
2026-05-22 11:05:32 [INFO] 分割系统初始化成功
2026-05-22 11:05:32 [INFO] 图像预处理完成，原始尺寸: (2160, 3840)
2026-05-22 11:05:32 [INFO] 开始执行分割...
2026-05-22 11:05:32 [DEBUG] 处理后的检测结果形状: (1, 8400, 6)
2026-05-22 11:05:32 [DEBUG] 示例检测结果: [[-4.16775131e+00 -3.33817577e+00  3.89054375e+01  1.56940508e+01
   4.35659437e-08  5.00000000e+00]
 [-6.60083008e+00 -3.13217926e+00  4.42313614e+01  3.00069580e+01
   9.47526146e-09  9.00000000e+00]
 [-3.67631531e+00 -3.64607143e+00  4.56803589e+01  3.04739532e+01
   4.24105018e-09  9.00000000e+00]]
2026-05-22 11:05:32 [DEBUG] 处理后检测输出形状: (0, 52)
2026-05-22 11:05:32 [DEBUG] 有效检测数量: 0
2026-05-22 11:05:32 [DEBUG] 检测输出为空
2026-05-22 11:05:32 [INFO] 掩码中检测到的类别: [0, 1, 2, 3, 4, 5, 6, 7, 8, 9, 10, 11, 12, 13, 15]
2026-05-22 11:05:32 [INFO] 分割完成，检测到 0 个物体
2026-05-22 11:05:32 [INFO] 从分割掩码中提取检测结果
2026-05-22 11:05:32 [INFO] 从掩码中提取了 438 个检测框
2026-05-22 11:05:32 [INFO] 检测到车兜区域，将过滤区域外的目标
2026-05-22 11:05:32 [INFO] 车兜区域过滤: 438 -> 222 个目标
2026-05-22 11:05:33 [INFO] 保存分割和检测结果到: C:\code\show\Scrap_Steel_In_Field\photos\segmentation\segment_20260522_110532.jpg
2026-05-22 11:05:33 [INFO] JSON结果保存到: C:\code\show\Scrap_Steel_In_Field\photos\segmentation_result.json
2026-05-22 11:05:33 [INFO] 类别统计：{0: 1, 1: 30, 2: 16, 3: 2, 4: 13, 5: 26, 6: 19, 7: 20, 8: 15, 9: 28, 10: 14, 11: 5, 12: 13, 13: 16, 14: 0, 15: 4}
2026-05-22 11:05:33 [INFO] 面积统计：{1: np.float64(31.46), 2: np.float64(3.86), 3: np.float64(0.17), 4: np.float64(3.78), 5: np.float64(7.27), 6: np.float64(8.2), 7: np.float64(5.54), 8: np.float64(2.81), 9: np.float64(11.23), 10: np.float64(10.71), 11: np.float64(0.38), 12: np.float64(12.6), 13: np.float64(1.69), 15: np.float64(0.3)}
2026-05-22 11:05:33 [INFO] 分割成功
2026-05-22 11:05:33 [INFO] 引擎上下文已释放
2026-05-22 11:05:33 [INFO] TensorRT 引擎已释放
2026-05-22 11:05:33 [INFO] 全局 CUDA 资源已释放
2026-05-22 11:05:33 [INFO] 分割系统资源已释放
2026-05-22 11:05:37 [INFO] CUDA 初始化成功
2026-05-22 11:05:37 [INFO] 引擎加载成功: scrap_steel.engine
2026-05-22 11:05:37 [INFO] 分割系统初始化成功
2026-05-22 11:05:37 [INFO] 图像预处理完成，原始尺寸: (2160, 3840)
2026-05-22 11:05:37 [INFO] 开始执行分割...
2026-05-22 11:05:37 [DEBUG] 处理后的检测结果形状: (1, 8400, 6)
2026-05-22 11:05:37 [DEBUG] 示例检测结果: [[-4.16456223e+00 -3.33863258e+00  3.88820038e+01  1.57498665e+01
   4.28707416e-08  5.00000000e+00]
 [-6.53593063e+00 -3.11671066e+00  4.41872444e+01  3.00885925e+01
   9.40631040e-09  9.00000000e+00]
 [-3.64958191e+00 -3.60458088e+00  4.56804352e+01  3.05075378e+01
   4.24319069e-09  9.00000000e+00]]
2026-05-22 11:05:37 [DEBUG] 处理后检测输出形状: (0, 52)
2026-05-22 11:05:37 [DEBUG] 有效检测数量: 0
2026-05-22 11:05:37 [DEBUG] 检测输出为空
2026-05-22 11:05:37 [INFO] 掩码中检测到的类别: [0, 1, 2, 3, 4, 5, 6, 7, 8, 9, 10, 11, 12, 13, 15]
2026-05-22 11:05:37 [INFO] 分割完成，检测到 0 个物体
2026-05-22 11:05:37 [INFO] 从分割掩码中提取检测结果
2026-05-22 11:05:37 [INFO] 从掩码中提取了 434 个检测框
2026-05-22 11:05:37 [INFO] 检测到车兜区域，将过滤区域外的目标
2026-05-22 11:05:37 [INFO] 车兜区域过滤: 434 -> 215 个目标
2026-05-22 11:05:38 [INFO] 保存分割和检测结果到: C:\code\show\Scrap_Steel_In_Field\photos\segmentation\segment_20260522_110537.jpg
2026-05-22 11:05:38 [INFO] JSON结果保存到: C:\code\show\Scrap_Steel_In_Field\photos\segmentation_result.json
2026-05-22 11:05:38 [INFO] 类别统计：{0: 1, 1: 36, 2: 15, 3: 1, 4: 10, 5: 26, 6: 17, 7: 21, 8: 12, 9: 19, 10: 16, 11: 7, 12: 15, 13: 16, 14: 0, 15: 3}
2026-05-22 11:05:38 [INFO] 面积统计：{1: np.float64(30.82), 2: np.float64(3.52), 3: np.float64(0.13), 4: np.float64(3.55), 5: np.float64(6.12), 6: np.float64(8.87), 7: np.float64(5.81), 8: np.float64(3.08), 9: np.float64(11.56), 10: np.float64(10.09), 11: np.float64(0.55), 12: np.float64(13.81), 13: np.float64(1.71), 15: np.float64(0.39)}
2026-05-22 11:05:38 [INFO] 分割成功
2026-05-22 11:05:38 [INFO] 引擎上下文已释放
2026-05-22 11:05:38 [INFO] TensorRT 引擎已释放
2026-05-22 11:05:38 [INFO] 全局 CUDA 资源已释放
2026-05-22 11:05:38 [INFO] 分割系统资源已释放
2026-05-22 11:05:42 [INFO] CUDA 初始化成功
2026-05-22 11:05:42 [INFO] 引擎加载成功: scrap_steel.engine
2026-05-22 11:05:42 [INFO] 分割系统初始化成功
2026-05-22 11:05:42 [INFO] 图像预处理完成，原始尺寸: (2160, 3840)
2026-05-22 11:05:42 [INFO] 开始执行分割...
2026-05-22 11:05:42 [DEBUG] 处理后的检测结果形状: (1, 8400, 6)
2026-05-22 11:05:42 [DEBUG] 示例检测结果: [[-4.15391922e+00 -3.32928276e+00  3.88483086e+01  1.56356754e+01
   4.27276774e-08  5.00000000e+00]
 [-6.54701233e+00 -3.14136696e+00  4.41492233e+01  3.00105343e+01
   9.55220969e-09  9.00000000e+00]
 [-3.67372131e+00 -3.66119003e+00  4.56604080e+01  3.04892197e+01
   4.21199076e-09  9.00000000e+00]]
2026-05-22 11:05:42 [DEBUG] 处理后检测输出形状: (0, 52)
2026-05-22 11:05:42 [DEBUG] 有效检测数量: 0
2026-05-22 11:05:42 [DEBUG] 检测输出为空
2026-05-22 11:05:42 [INFO] 掩码中检测到的类别: [0, 1, 2, 3, 4, 5, 6, 7, 8, 9, 10, 11, 12, 13, 15]
2026-05-22 11:05:42 [INFO] 分割完成，检测到 0 个物体
2026-05-22 11:05:42 [INFO] 从分割掩码中提取检测结果
2026-05-22 11:05:42 [INFO] 从掩码中提取了 434 个检测框
2026-05-22 11:05:42 [INFO] 检测到车兜区域，将过滤区域外的目标
2026-05-22 11:05:42 [INFO] 车兜区域过滤: 434 -> 209 个目标
2026-05-22 11:05:43 [INFO] 保存分割和检测结果到: C:\code\show\Scrap_Steel_In_Field\photos\segmentation\segment_20260522_110542.jpg
2026-05-22 11:05:43 [INFO] JSON结果保存到: C:\code\show\Scrap_Steel_In_Field\photos\segmentation_result.json
2026-05-22 11:05:43 [INFO] 类别统计：{0: 1, 1: 29, 2: 18, 3: 2, 4: 13, 5: 23, 6: 16, 7: 24, 8: 13, 9: 21, 10: 15, 11: 4, 12: 11, 13: 15, 14: 0, 15: 4}
2026-05-22 11:05:43 [INFO] 面积统计：{1: np.float64(30.37), 2: np.float64(3.92), 3: np.float64(0.15), 4: np.float64(4.03), 5: np.float64(6.88), 6: np.float64(8.15), 7: np.float64(5.81), 8: np.float64(3.06), 9: np.float64(10.92), 10: np.float64(10.94), 11: np.float64(0.26), 12: np.float64(13.39), 13: np.float64(1.8), 15: np.float64(0.32)}
2026-05-22 11:05:43 [INFO] 分割成功
2026-05-22 11:05:43 [INFO] 引擎上下文已释放
2026-05-22 11:05:43 [INFO] TensorRT 引擎已释放
2026-05-22 11:05:43 [INFO] 全局 CUDA 资源已释放
2026-05-22 11:05:43 [INFO] 分割系统资源已释放
2026-05-22 11:05:47 [INFO] CUDA 初始化成功
2026-05-22 11:05:47 [INFO] 引擎加载成功: scrap_steel.engine
2026-05-22 11:05:47 [INFO] 分割系统初始化成功
2026-05-22 11:05:47 [INFO] 图像预处理完成，原始尺寸: (2160, 3840)
2026-05-22 11:05:47 [INFO] 开始执行分割...
2026-05-22 11:05:47 [DEBUG] 处理后的检测结果形状: (1, 8400, 6)
2026-05-22 11:05:47 [DEBUG] 示例检测结果: [[-4.19163895e+00 -3.37426138e+00  3.89600945e+01  1.58008785e+01
   4.32298179e-08  5.00000000e+00]
 [-6.63057709e+00 -3.16479206e+00  4.42921524e+01  3.02274475e+01
   9.54292645e-09  9.00000000e+00]
 [-3.70374298e+00 -3.65880013e+00  4.57297058e+01  3.06435947e+01
   4.17321644e-09  9.00000000e+00]]
2026-05-22 11:05:47 [DEBUG] 处理后检测输出形状: (0, 52)
2026-05-22 11:05:47 [DEBUG] 有效检测数量: 0
2026-05-22 11:05:47 [DEBUG] 检测输出为空
2026-05-22 11:05:47 [INFO] 掩码中检测到的类别: [0, 1, 2, 3, 4, 5, 6, 7, 8, 9, 10, 11, 12, 13, 15]
2026-05-22 11:05:47 [INFO] 分割完成，检测到 0 个物体
2026-05-22 11:05:47 [INFO] 从分割掩码中提取检测结果
2026-05-22 11:05:47 [INFO] 从掩码中提取了 441 个检测框
2026-05-22 11:05:47 [INFO] 检测到车兜区域，将过滤区域外的目标
2026-05-22 11:05:47 [INFO] 车兜区域过滤: 441 -> 214 个目标
2026-05-22 11:05:48 [INFO] 保存分割和检测结果到: C:\code\show\Scrap_Steel_In_Field\photos\segmentation\segment_20260522_110547.jpg
2026-05-22 11:05:48 [INFO] JSON结果保存到: C:\code\show\Scrap_Steel_In_Field\photos\segmentation_result.json
2026-05-22 11:05:48 [INFO] 类别统计：{0: 1, 1: 35, 2: 17, 3: 2, 4: 15, 5: 23, 6: 17, 7: 19, 8: 13, 9: 21, 10: 16, 11: 6, 12: 12, 13: 13, 14: 0, 15: 4}
2026-05-22 11:05:48 [INFO] 面积统计：{1: np.float64(30.93), 2: np.float64(3.94), 3: np.float64(0.26), 4: np.float64(3.79), 5: np.float64(6.6), 6: np.float64(7.99), 7: np.float64(5.43), 8: np.float64(2.72), 9: np.float64(11.22), 10: np.float64(10.77), 11: np.float64(0.38), 12: np.float64(14.0), 13: np.float64(1.58), 15: np.float64(0.39)}
2026-05-22 11:05:48 [INFO] 分割成功
2026-05-22 11:05:48 [INFO] 引擎上下文已释放
2026-05-22 11:05:48 [INFO] TensorRT 引擎已释放
2026-05-22 11:05:48 [INFO] 全局 CUDA 资源已释放
2026-05-22 11:05:48 [INFO] 分割系统资源已释放
2026-05-22 11:05:52 [INFO] CUDA 初始化成功
2026-05-22 11:05:52 [INFO] 引擎加载成功: scrap_steel.engine
2026-05-22 11:05:52 [INFO] 分割系统初始化成功
2026-05-22 11:05:52 [INFO] 图像预处理完成，原始尺寸: (2160, 3840)
2026-05-22 11:05:52 [INFO] 开始执行分割...
2026-05-22 11:05:52 [DEBUG] 处理后的检测结果形状: (1, 8400, 6)
2026-05-22 11:05:52 [DEBUG] 示例检测结果: [[-4.16578293e+00 -3.35912037e+00  3.88144341e+01  1.58137217e+01
   4.33965504e-08  5.00000000e+00]
 [-6.55373764e+00 -3.15172768e+00  4.41210976e+01  3.00294819e+01
   9.43840561e-09  9.00000000e+00]
 [-3.65577316e+00 -3.60355854e+00  4.55668182e+01  3.03424225e+01
   4.16105195e-09  9.00000000e+00]]
2026-05-22 11:05:52 [DEBUG] 处理后检测输出形状: (0, 52)
2026-05-22 11:05:52 [DEBUG] 有效检测数量: 0
2026-05-22 11:05:52 [DEBUG] 检测输出为空
2026-05-22 11:05:52 [INFO] 掩码中检测到的类别: [0, 1, 2, 3, 4, 5, 6, 7, 8, 9, 10, 11, 12, 13, 15]
2026-05-22 11:05:52 [INFO] 分割完成，检测到 0 个物体
2026-05-22 11:05:52 [INFO] 从分割掩码中提取检测结果
2026-05-22 11:05:52 [INFO] 从掩码中提取了 435 个检测框
2026-05-22 11:05:52 [INFO] 检测到车兜区域，将过滤区域外的目标
2026-05-22 11:05:52 [INFO] 车兜区域过滤: 435 -> 218 个目标
2026-05-22 11:05:53 [INFO] 保存分割和检测结果到: C:\code\show\Scrap_Steel_In_Field\photos\segmentation\segment_20260522_110552.jpg
2026-05-22 11:05:53 [INFO] JSON结果保存到: C:\code\show\Scrap_Steel_In_Field\photos\segmentation_result.json
2026-05-22 11:05:53 [INFO] 类别统计：{0: 1, 1: 35, 2: 12, 3: 3, 4: 13, 5: 25, 6: 23, 7: 22, 8: 10, 9: 24, 10: 15, 11: 6, 12: 12, 13: 14, 14: 0, 15: 3}
2026-05-22 11:05:53 [INFO] 面积统计：{1: np.float64(30.95), 2: np.float64(3.96), 3: np.float64(0.22), 4: np.float64(3.61), 5: np.float64(6.65), 6: np.float64(8.43), 7: np.float64(5.25), 8: np.float64(2.9), 9: np.float64(12.54), 10: np.float64(10.7), 11: np.float64(0.36), 12: np.float64(12.49), 13: np.float64(1.6), 15: np.float64(0.32)}
2026-05-22 11:05:54 [INFO] 分割成功
2026-05-22 11:05:54 [INFO] 引擎上下文已释放
2026-05-22 11:05:54 [INFO] TensorRT 引擎已释放
2026-05-22 11:05:54 [INFO] 全局 CUDA 资源已释放
2026-05-22 11:05:54 [INFO] 分割系统资源已释放
2026-05-22 11:05:57 [INFO] CUDA 初始化成功
2026-05-22 11:05:57 [INFO] 引擎加载成功: scrap_steel.engine
2026-05-22 11:05:57 [INFO] 分割系统初始化成功
2026-05-22 11:05:57 [INFO] 图像预处理完成，原始尺寸: (2160, 3840)
2026-05-22 11:05:57 [INFO] 开始执行分割...
2026-05-22 11:05:58 [DEBUG] 处理后的检测结果形状: (1, 8400, 6)
2026-05-22 11:05:58 [DEBUG] 示例检测结果: [[-4.19549942e+00 -3.37376022e+00  3.88280029e+01  1.58116493e+01
   4.33965504e-08  5.00000000e+00]
 [-6.58471298e+00 -3.17756462e+00  4.41914101e+01  3.01793499e+01
   9.39844824e-09  9.00000000e+00]
 [-3.68134689e+00 -3.65754128e+00  4.56862526e+01  3.06500149e+01
   4.11060874e-09  9.00000000e+00]]
2026-05-22 11:05:58 [DEBUG] 处理后检测输出形状: (0, 52)
2026-05-22 11:05:58 [DEBUG] 有效检测数量: 0
2026-05-22 11:05:58 [DEBUG] 检测输出为空
2026-05-22 11:05:58 [INFO] 掩码中检测到的类别: [0, 1, 2, 3, 4, 5, 6, 7, 8, 9, 10, 11, 12, 13, 15]
2026-05-22 11:05:58 [INFO] 分割完成，检测到 0 个物体
2026-05-22 11:05:58 [INFO] 从分割掩码中提取检测结果
2026-05-22 11:05:58 [INFO] 从掩码中提取了 437 个检测框
2026-05-22 11:05:58 [INFO] 检测到车兜区域，将过滤区域外的目标
2026-05-22 11:05:58 [INFO] 车兜区域过滤: 437 -> 214 个目标
2026-05-22 11:06:00 [INFO] 保存分割和检测结果到: C:\code\show\Scrap_Steel_In_Field\photos\segmentation\segment_20260522_110558.jpg
2026-05-22 11:06:00 [INFO] JSON结果保存到: C:\code\show\Scrap_Steel_In_Field\photos\segmentation_result.json
2026-05-22 11:06:00 [INFO] 类别统计：{0: 1, 1: 32, 2: 15, 3: 2, 4: 13, 5: 27, 6: 15, 7: 23, 8: 13, 9: 18, 10: 16, 11: 5, 12: 15, 13: 16, 14: 0, 15: 3}
2026-05-22 11:06:00 [INFO] 面积统计：{1: np.float64(28.84), 2: np.float64(4.09), 3: np.float64(0.28), 4: np.float64(3.67), 5: np.float64(7.2), 6: np.float64(8.87), 7: np.float64(5.68), 8: np.float64(3.29), 9: np.float64(11.41), 10: np.float64(10.44), 11: np.float64(0.47), 12: np.float64(13.87), 13: np.float64(1.51), 15: np.float64(0.38)}
2026-05-22 11:06:00 [INFO] 分割成功
2026-05-22 11:06:00 [INFO] 引擎上下文已释放
2026-05-22 11:06:00 [INFO] TensorRT 引擎已释放
2026-05-22 11:06:00 [INFO] 全局 CUDA 资源已释放
2026-05-22 11:06:00 [INFO] 分割系统资源已释放
2026-05-22 11:06:03 [INFO] CUDA 初始化成功
2026-05-22 11:06:03 [INFO] 引擎加载成功: scrap_steel.engine
2026-05-22 11:06:03 [INFO] 分割系统初始化成功
2026-05-22 11:06:03 [INFO] 图像预处理完成，原始尺寸: (2160, 3840)
2026-05-22 11:06:03 [INFO] 开始执行分割...
2026-05-22 11:06:03 [DEBUG] 处理后的检测结果形状: (1, 8400, 6)
2026-05-22 11:06:03 [DEBUG] 示例检测结果: [[-4.16470718e+00 -3.31823444e+00  3.89137039e+01  1.55675383e+01
   4.44444481e-08  5.00000000e+00]
 [-6.60951614e+00 -3.11927605e+00  4.43095245e+01  2.99149418e+01
   9.68898917e-09  9.00000000e+00]
 [-3.71041107e+00 -3.63063622e+00  4.57341690e+01  3.04852467e+01
   4.23891322e-09  9.00000000e+00]]
2026-05-22 11:06:03 [DEBUG] 处理后检测输出形状: (0, 52)
2026-05-22 11:06:03 [DEBUG] 有效检测数量: 0
2026-05-22 11:06:03 [DEBUG] 检测输出为空
2026-05-22 11:06:03 [INFO] 掩码中检测到的类别: [0, 1, 2, 3, 4, 5, 6, 7, 8, 9, 10, 11, 12, 13, 15]
2026-05-22 11:06:03 [INFO] 分割完成，检测到 0 个物体
2026-05-22 11:06:03 [INFO] 从分割掩码中提取检测结果
2026-05-22 11:06:04 [INFO] 从掩码中提取了 447 个检测框
2026-05-22 11:06:04 [INFO] 检测到车兜区域，将过滤区域外的目标
2026-05-22 11:06:04 [INFO] 车兜区域过滤: 447 -> 219 个目标
2026-05-22 11:06:05 [INFO] 保存分割和检测结果到: C:\code\show\Scrap_Steel_In_Field\photos\segmentation\segment_20260522_110604.jpg
2026-05-22 11:06:05 [INFO] JSON结果保存到: C:\code\show\Scrap_Steel_In_Field\photos\segmentation_result.json
2026-05-22 11:06:05 [INFO] 类别统计：{0: 1, 1: 31, 2: 16, 3: 1, 4: 14, 5: 24, 6: 15, 7: 22, 8: 15, 9: 22, 10: 18, 11: 6, 12: 16, 13: 16, 14: 0, 15: 2}
2026-05-22 11:06:05 [INFO] 面积统计：{1: np.float64(30.12), 2: np.float64(4.36), 3: np.float64(0.35), 4: np.float64(3.74), 5: np.float64(6.97), 6: np.float64(8.17), 7: np.float64(5.84), 8: np.float64(2.58), 9: np.float64(12.21), 10: np.float64(9.98), 11: np.float64(0.34), 12: np.float64(13.56), 13: np.float64(1.56), 15: np.float64(0.24)}
2026-05-22 11:06:05 [INFO] 分割成功
2026-05-22 11:06:05 [INFO] 引擎上下文已释放
2026-05-22 11:06:05 [INFO] TensorRT 引擎已释放
2026-05-22 11:06:05 [INFO] 全局 CUDA 资源已释放
2026-05-22 11:06:05 [INFO] 分割系统资源已释放
2026-05-22 11:06:09 [INFO] CUDA 初始化成功
2026-05-22 11:06:09 [INFO] 引擎加载成功: scrap_steel.engine
2026-05-22 11:06:09 [INFO] 分割系统初始化成功
2026-05-22 11:06:09 [INFO] 图像预处理完成，原始尺寸: (2160, 3840)
2026-05-22 11:06:09 [INFO] 开始执行分割...
2026-05-22 11:06:09 [DEBUG] 处理后的检测结果形状: (1, 8400, 6)
2026-05-22 11:06:09 [DEBUG] 示例检测结果: [[-4.18075180e+00 -3.35246563e+00  3.88804283e+01  1.57993517e+01
   4.30370264e-08  5.00000000e+00]
 [-6.58662033e+00 -3.13176823e+00  4.41736069e+01  3.00455132e+01
   9.47811429e-09  9.00000000e+00]
 [-3.68415833e+00 -3.62912750e+00  4.56761703e+01  3.05339279e+01
   4.24319069e-09  9.00000000e+00]]
2026-05-22 11:06:09 [DEBUG] 处理后检测输出形状: (0, 52)
2026-05-22 11:06:09 [DEBUG] 有效检测数量: 0
2026-05-22 11:06:09 [DEBUG] 检测输出为空
2026-05-22 11:06:09 [INFO] 掩码中检测到的类别: [0, 1, 2, 3, 4, 5, 6, 7, 8, 9, 10, 11, 12, 13, 15]
2026-05-22 11:06:09 [INFO] 分割完成，检测到 0 个物体
2026-05-22 11:06:09 [INFO] 从分割掩码中提取检测结果
2026-05-22 11:06:09 [INFO] 从掩码中提取了 419 个检测框
2026-05-22 11:06:09 [INFO] 检测到车兜区域，将过滤区域外的目标
2026-05-22 11:06:09 [INFO] 车兜区域过滤: 419 -> 210 个目标
2026-05-22 11:06:10 [INFO] 保存分割和检测结果到: C:\code\show\Scrap_Steel_In_Field\photos\segmentation\segment_20260522_110609.jpg
2026-05-22 11:06:10 [INFO] JSON结果保存到: C:\code\show\Scrap_Steel_In_Field\photos\segmentation_result.json
2026-05-22 11:06:10 [INFO] 类别统计：{0: 1, 1: 35, 2: 17, 3: 1, 4: 12, 5: 19, 6: 18, 7: 18, 8: 15, 9: 23, 10: 14, 11: 6, 12: 14, 13: 14, 14: 0, 15: 3}
2026-05-22 11:06:10 [INFO] 面积统计：{1: np.float64(30.86), 2: np.float64(3.61), 3: np.float64(0.26), 4: np.float64(3.69), 5: np.float64(6.79), 6: np.float64(7.55), 7: np.float64(5.45), 8: np.float64(2.64), 9: np.float64(12.91), 10: np.float64(10.45), 11: np.float64(0.41), 12: np.float64(13.44), 13: np.float64(1.53), 15: np.float64(0.39)}
2026-05-22 11:06:10 [INFO] 分割成功
2026-05-22 11:06:10 [INFO] 引擎上下文已释放
2026-05-22 11:06:10 [INFO] TensorRT 引擎已释放
2026-05-22 11:06:10 [INFO] 全局 CUDA 资源已释放
2026-05-22 11:06:10 [INFO] 分割系统资源已释放
2026-05-22 11:06:14 [INFO] CUDA 初始化成功
2026-05-22 11:06:14 [INFO] 引擎加载成功: scrap_steel.engine
2026-05-22 11:06:14 [INFO] 分割系统初始化成功
2026-05-22 11:06:14 [INFO] 图像预处理完成，原始尺寸: (2160, 3840)
2026-05-22 11:06:14 [INFO] 开始执行分割...
2026-05-22 11:06:14 [DEBUG] 处理后的检测结果形状: (1, 8400, 6)
2026-05-22 11:06:14 [DEBUG] 示例检测结果: [[-4.16824722e+00 -3.36050797e+00  3.88561172e+01  1.58082161e+01
   4.35659437e-08  5.00000000e+00]
 [-6.57269287e+00 -3.15375900e+00  4.41613083e+01  3.00543823e+01
   9.32831057e-09  9.00000000e+00]
 [-3.67070007e+00 -3.63101292e+00  4.56249466e+01  3.04482193e+01
   4.11273504e-09  9.00000000e+00]]
2026-05-22 11:06:14 [DEBUG] 处理后检测输出形状: (0, 52)
2026-05-22 11:06:14 [DEBUG] 有效检测数量: 0
2026-05-22 11:06:14 [DEBUG] 检测输出为空
2026-05-22 11:06:14 [INFO] 掩码中检测到的类别: [0, 1, 2, 3, 4, 5, 6, 7, 8, 9, 10, 11, 12, 13, 15]
2026-05-22 11:06:14 [INFO] 分割完成，检测到 0 个物体
2026-05-22 11:06:14 [INFO] 从分割掩码中提取检测结果
2026-05-22 11:06:14 [INFO] 从掩码中提取了 426 个检测框
2026-05-22 11:06:14 [INFO] 检测到车兜区域，将过滤区域外的目标
2026-05-22 11:06:14 [INFO] 车兜区域过滤: 426 -> 207 个目标
2026-05-22 11:06:16 [INFO] 保存分割和检测结果到: C:\code\show\Scrap_Steel_In_Field\photos\segmentation\segment_20260522_110614.jpg
2026-05-22 11:06:16 [INFO] JSON结果保存到: C:\code\show\Scrap_Steel_In_Field\photos\segmentation_result.json
2026-05-22 11:06:16 [INFO] 类别统计：{0: 1, 1: 34, 2: 13, 3: 1, 4: 11, 5: 22, 6: 16, 7: 20, 8: 17, 9: 25, 10: 14, 11: 6, 12: 10, 13: 15, 14: 0, 15: 2}
2026-05-22 11:06:16 [INFO] 面积统计：{1: np.float64(30.84), 2: np.float64(3.63), 3: np.float64(0.14), 4: np.float64(3.41), 5: np.float64(7.18), 6: np.float64(8.43), 7: np.float64(5.48), 8: np.float64(2.9), 9: np.float64(12.02), 10: np.float64(10.35), 11: np.float64(0.42), 12: np.float64(13.63), 13: np.float64(1.41), 15: np.float64(0.16)}
2026-05-22 11:06:16 [INFO] 分割成功
2026-05-22 11:06:16 [INFO] 引擎上下文已释放
2026-05-22 11:06:16 [INFO] TensorRT 引擎已释放
2026-05-22 11:06:16 [INFO] 全局 CUDA 资源已释放
2026-05-22 11:06:16 [INFO] 分割系统资源已释放
2026-05-22 11:06:19 [INFO] CUDA 初始化成功
2026-05-22 11:06:19 [INFO] 引擎加载成功: scrap_steel.engine
2026-05-22 11:06:19 [INFO] 分割系统初始化成功
2026-05-22 11:06:19 [INFO] 图像预处理完成，原始尺寸: (2160, 3840)
2026-05-22 11:06:19 [INFO] 开始执行分割...
2026-05-22 11:06:19 [DEBUG] 处理后的检测结果形状: (1, 8400, 6)
2026-05-22 11:06:19 [DEBUG] 示例检测结果: [[-4.18400955e+00 -3.37440014e+00  3.88694038e+01  1.57787733e+01
   4.30370264e-08  5.00000000e+00]
 [-6.60762405e+00 -3.14058590e+00  4.41423378e+01  3.00762482e+01
   9.40401890e-09  9.00000000e+00]
 [-3.71192551e+00 -3.64521599e+00  4.56595001e+01  3.04996166e+01
   4.17913704e-09  9.00000000e+00]]
2026-05-22 11:06:19 [DEBUG] 处理后检测输出形状: (0, 52)
2026-05-22 11:06:19 [DEBUG] 有效检测数量: 0
2026-05-22 11:06:19 [DEBUG] 检测输出为空
2026-05-22 11:06:19 [INFO] 掩码中检测到的类别: [0, 1, 2, 3, 4, 5, 6, 7, 8, 9, 10, 11, 12, 13, 15]
2026-05-22 11:06:19 [INFO] 分割完成，检测到 0 个物体
2026-05-22 11:06:19 [INFO] 从分割掩码中提取检测结果
2026-05-22 11:06:19 [INFO] 从掩码中提取了 435 个检测框
2026-05-22 11:06:19 [INFO] 检测到车兜区域，将过滤区域外的目标
2026-05-22 11:06:19 [INFO] 车兜区域过滤: 435 -> 210 个目标
2026-05-22 11:06:21 [INFO] 保存分割和检测结果到: C:\code\show\Scrap_Steel_In_Field\photos\segmentation\segment_20260522_110619.jpg
2026-05-22 11:06:21 [INFO] JSON结果保存到: C:\code\show\Scrap_Steel_In_Field\photos\segmentation_result.json
2026-05-22 11:06:21 [INFO] 类别统计：{0: 1, 1: 31, 2: 16, 3: 1, 4: 13, 5: 23, 6: 19, 7: 20, 8: 11, 9: 24, 10: 16, 11: 6, 12: 14, 13: 13, 14: 0, 15: 2}
2026-05-22 11:06:21 [INFO] 面积统计：{1: np.float64(30.04), 2: np.float64(3.89), 3: np.float64(0.18), 4: np.float64(3.67), 5: np.float64(6.72), 6: np.float64(8.89), 7: np.float64(5.03), 8: np.float64(2.52), 9: np.float64(13.01), 10: np.float64(10.33), 11: np.float64(0.36), 12: np.float64(13.46), 13: np.float64(1.65), 15: np.float64(0.24)}
2026-05-22 11:06:21 [INFO] 分割成功
2026-05-22 11:06:21 [INFO] 引擎上下文已释放
2026-05-22 11:06:21 [INFO] TensorRT 引擎已释放
2026-05-22 11:06:21 [INFO] 全局 CUDA 资源已释放
2026-05-22 11:06:21 [INFO] 分割系统资源已释放
2026-05-22 11:06:25 [INFO] CUDA 初始化成功
2026-05-22 11:06:25 [INFO] 引擎加载成功: scrap_steel.engine
2026-05-22 11:06:25 [INFO] 分割系统初始化成功
2026-05-22 11:06:25 [INFO] 图像预处理完成，原始尺寸: (2160, 3840)
2026-05-22 11:06:25 [INFO] 开始执行分割...
2026-05-22 11:06:25 [DEBUG] 处理后的检测结果形状: (1, 8400, 6)
2026-05-22 11:06:25 [DEBUG] 示例检测结果: [[-4.19458008e+00 -3.35900593e+00  3.88905716e+01  1.58063078e+01
   4.37349250e-08  5.00000000e+00]
 [-6.59501648e+00 -3.16375732e+00  4.42255974e+01  3.01548271e+01
   9.54292645e-09  9.00000000e+00]
 [-3.69398117e+00 -3.63193989e+00  4.56973839e+01  3.05331802e+01
   4.23891322e-09  9.00000000e+00]]
2026-05-22 11:06:25 [DEBUG] 处理后检测输出形状: (0, 52)
2026-05-22 11:06:25 [DEBUG] 有效检测数量: 0
2026-05-22 11:06:25 [DEBUG] 检测输出为空
2026-05-22 11:06:25 [INFO] 掩码中检测到的类别: [0, 1, 2, 3, 4, 5, 6, 7, 8, 9, 10, 11, 12, 13, 15]
2026-05-22 11:06:25 [INFO] 分割完成，检测到 0 个物体
2026-05-22 11:06:25 [INFO] 从分割掩码中提取检测结果
2026-05-22 11:06:25 [INFO] 从掩码中提取了 444 个检测框
2026-05-22 11:06:25 [INFO] 检测到车兜区域，将过滤区域外的目标
2026-05-22 11:06:25 [INFO] 车兜区域过滤: 444 -> 213 个目标
2026-05-22 11:06:26 [INFO] 保存分割和检测结果到: C:\code\show\Scrap_Steel_In_Field\photos\segmentation\segment_20260522_110625.jpg
2026-05-22 11:06:26 [INFO] JSON结果保存到: C:\code\show\Scrap_Steel_In_Field\photos\segmentation_result.json
2026-05-22 11:06:26 [INFO] 类别统计：{0: 1, 1: 34, 2: 17, 3: 1, 4: 13, 5: 21, 6: 19, 7: 21, 8: 13, 9: 21, 10: 15, 11: 6, 12: 13, 13: 14, 14: 0, 15: 4}
2026-05-22 11:06:26 [INFO] 面积统计：{1: np.float64(29.7), 2: np.float64(4.37), 3: np.float64(0.21), 4: np.float64(3.47), 5: np.float64(6.76), 6: np.float64(8.63), 7: np.float64(5.36), 8: np.float64(2.88), 9: np.float64(11.86), 10: np.float64(11.02), 11: np.float64(0.42), 12: np.float64(13.51), 13: np.float64(1.56), 15: np.float64(0.25)}
2026-05-22 11:06:26 [INFO] 分割成功
2026-05-22 11:06:26 [INFO] 引擎上下文已释放
2026-05-22 11:06:26 [INFO] TensorRT 引擎已释放
2026-05-22 11:06:26 [INFO] 全局 CUDA 资源已释放
2026-05-22 11:06:26 [INFO] 分割系统资源已释放
2026-05-22 11:06:30 [INFO] CUDA 初始化成功
2026-05-22 11:06:30 [INFO] 引擎加载成功: scrap_steel.engine
2026-05-22 11:06:30 [INFO] 分割系统初始化成功
2026-05-22 11:06:30 [INFO] 图像预处理完成，原始尺寸: (2160, 3840)
2026-05-22 11:06:30 [INFO] 开始执行分割...
2026-05-22 11:06:30 [DEBUG] 处理后的检测结果形状: (1, 8400, 6)
2026-05-22 11:06:30 [DEBUG] 示例检测结果: [[-4.19731140e+00 -3.35127163e+00  3.89069443e+01  1.57764540e+01
   4.39112533e-08  5.00000000e+00]
 [-6.61661911e+00 -3.15469360e+00  4.42216644e+01  3.01399231e+01
   9.43840561e-09  9.00000000e+00]
 [-3.69274139e+00 -3.66021538e+00  4.57000885e+01  3.05163593e+01
   4.17747970e-09  9.00000000e+00]]
2026-05-22 11:06:30 [DEBUG] 处理后检测输出形状: (0, 52)
2026-05-22 11:06:30 [DEBUG] 有效检测数量: 0
2026-05-22 11:06:30 [DEBUG] 检测输出为空
2026-05-22 11:06:30 [INFO] 掩码中检测到的类别: [0, 1, 2, 3, 4, 5, 6, 7, 8, 9, 10, 11, 12, 13, 15]
2026-05-22 11:06:30 [INFO] 分割完成，检测到 0 个物体
2026-05-22 11:06:30 [INFO] 从分割掩码中提取检测结果
2026-05-22 11:06:30 [INFO] 从掩码中提取了 436 个检测框
2026-05-22 11:06:30 [INFO] 检测到车兜区域，将过滤区域外的目标
2026-05-22 11:06:30 [INFO] 车兜区域过滤: 436 -> 216 个目标
2026-05-22 11:06:32 [INFO] 保存分割和检测结果到: C:\code\show\Scrap_Steel_In_Field\photos\segmentation\segment_20260522_110630.jpg
2026-05-22 11:06:32 [INFO] JSON结果保存到: C:\code\show\Scrap_Steel_In_Field\photos\segmentation_result.json
2026-05-22 11:06:32 [INFO] 类别统计：{0: 1, 1: 34, 2: 16, 3: 2, 4: 11, 5: 23, 6: 17, 7: 22, 8: 13, 9: 23, 10: 14, 11: 7, 12: 12, 13: 17, 14: 0, 15: 4}
2026-05-22 11:06:32 [INFO] 面积统计：{1: np.float64(29.9), 2: np.float64(4.0), 3: np.float64(0.16), 4: np.float64(3.64), 5: np.float64(6.39), 6: np.float64(8.52), 7: np.float64(6.34), 8: np.float64(2.82), 9: np.float64(10.53), 10: np.float64(11.16), 11: np.float64(0.42), 12: np.float64(14.07), 13: np.float64(1.7), 15: np.float64(0.36)}
2026-05-22 11:06:32 [INFO] 分割成功
2026-05-22 11:06:32 [INFO] 引擎上下文已释放
2026-05-22 11:06:32 [INFO] TensorRT 引擎已释放
2026-05-22 11:06:32 [INFO] 全局 CUDA 资源已释放
2026-05-22 11:06:32 [INFO] 分割系统资源已释放
2026-05-22 11:06:35 [INFO] CUDA 初始化成功
2026-05-22 11:06:35 [INFO] 引擎加载成功: scrap_steel.engine
2026-05-22 11:06:35 [INFO] 分割系统初始化成功
2026-05-22 11:06:35 [INFO] 图像预处理完成，原始尺寸: (2160, 3840)
2026-05-22 11:06:35 [INFO] 开始执行分割...
2026-05-22 11:06:35 [DEBUG] 处理后的检测结果形状: (1, 8400, 6)
2026-05-22 11:06:35 [DEBUG] 示例检测结果: [[-4.19757462e+00 -3.37266159e+00  3.90264397e+01  1.58711109e+01
   4.37349250e-08  5.00000000e+00]
 [-6.61130524e+00 -3.16536236e+00  4.41585999e+01  3.01844521e+01
   9.29475164e-09  9.00000000e+00]
 [-3.69211960e+00 -3.66052914e+00  4.56614990e+01  3.05510750e+01
   4.09832168e-09  9.00000000e+00]]
2026-05-22 11:06:35 [DEBUG] 处理后检测输出形状: (0, 52)
2026-05-22 11:06:35 [DEBUG] 有效检测数量: 0
2026-05-22 11:06:35 [DEBUG] 检测输出为空
2026-05-22 11:06:35 [INFO] 掩码中检测到的类别: [0, 1, 2, 3, 4, 5, 6, 7, 8, 9, 10, 11, 12, 13, 15]
2026-05-22 11:06:35 [INFO] 分割完成，检测到 0 个物体
2026-05-22 11:06:35 [INFO] 从分割掩码中提取检测结果
2026-05-22 11:06:36 [INFO] 从掩码中提取了 428 个检测框
2026-05-22 11:06:36 [INFO] 检测到车兜区域，将过滤区域外的目标
2026-05-22 11:06:36 [INFO] 车兜区域过滤: 428 -> 212 个目标
2026-05-22 11:06:37 [INFO] 保存分割和检测结果到: C:\code\show\Scrap_Steel_In_Field\photos\segmentation\segment_20260522_110636.jpg
2026-05-22 11:06:37 [INFO] JSON结果保存到: C:\code\show\Scrap_Steel_In_Field\photos\segmentation_result.json
2026-05-22 11:06:37 [INFO] 类别统计：{0: 1, 1: 31, 2: 15, 3: 1, 4: 13, 5: 24, 6: 17, 7: 21, 8: 15, 9: 22, 10: 16, 11: 5, 12: 14, 13: 13, 14: 0, 15: 4}
2026-05-22 11:06:37 [INFO] 面积统计：{1: np.float64(30.41), 2: np.float64(3.63), 3: np.float64(0.11), 4: np.float64(3.56), 5: np.float64(6.75), 6: np.float64(8.7), 7: np.float64(4.89), 8: np.float64(2.6), 9: np.float64(12.42), 10: np.float64(10.6), 11: np.float64(0.42), 12: np.float64(14.01), 13: np.float64(1.52), 15: np.float64(0.38)}
2026-05-22 11:06:37 [INFO] 分割成功
2026-05-22 11:06:37 [INFO] 引擎上下文已释放
2026-05-22 11:06:37 [INFO] TensorRT 引擎已释放
2026-05-22 11:06:37 [INFO] 全局 CUDA 资源已释放
2026-05-22 11:06:37 [INFO] 分割系统资源已释放
2026-05-22 11:06:40 [INFO] CUDA 初始化成功
2026-05-22 11:06:40 [INFO] 引擎加载成功: scrap_steel.engine
2026-05-22 11:06:40 [INFO] 分割系统初始化成功
2026-05-22 11:06:40 [INFO] 图像预处理完成，原始尺寸: (2160, 3840)
2026-05-22 11:06:40 [INFO] 开始执行分割...
2026-05-22 11:06:40 [DEBUG] 处理后的检测结果形状: (1, 8400, 6)
2026-05-22 11:06:40 [DEBUG] 示例检测结果: [[-4.13759232e+00 -3.37119770e+00  3.88547745e+01  1.57478571e+01
   4.37349250e-08  5.00000000e+00]
 [-6.55582428e+00 -3.12756252e+00  4.41524696e+01  2.99603539e+01
   9.32831057e-09  9.00000000e+00]
 [-3.68039703e+00 -3.61700249e+00  4.56419754e+01  3.04124928e+01
   4.17534274e-09  9.00000000e+00]]
2026-05-22 11:06:40 [DEBUG] 处理后检测输出形状: (0, 52)
2026-05-22 11:06:40 [DEBUG] 有效检测数量: 0
2026-05-22 11:06:40 [DEBUG] 检测输出为空
2026-05-22 11:06:40 [INFO] 掩码中检测到的类别: [0, 1, 2, 3, 4, 5, 6, 7, 8, 9, 10, 11, 12, 13, 15]
2026-05-22 11:06:40 [INFO] 分割完成，检测到 0 个物体
2026-05-22 11:06:40 [INFO] 从分割掩码中提取检测结果
2026-05-22 11:06:41 [INFO] 从掩码中提取了 453 个检测框
2026-05-22 11:06:41 [INFO] 检测到车兜区域，将过滤区域外的目标
2026-05-22 11:06:41 [INFO] 车兜区域过滤: 453 -> 220 个目标
2026-05-22 11:06:42 [INFO] 保存分割和检测结果到: C:\code\show\Scrap_Steel_In_Field\photos\segmentation\segment_20260522_110641.jpg
2026-05-22 11:06:42 [INFO] JSON结果保存到: C:\code\show\Scrap_Steel_In_Field\photos\segmentation_result.json
2026-05-22 11:06:42 [INFO] 类别统计：{0: 1, 1: 32, 2: 18, 3: 2, 4: 10, 5: 26, 6: 17, 7: 24, 8: 13, 9: 22, 10: 16, 11: 6, 12: 15, 13: 15, 14: 0, 15: 3}
2026-05-22 11:06:42 [INFO] 面积统计：{1: np.float64(28.55), 2: np.float64(4.36), 3: np.float64(0.24), 4: np.float64(3.39), 5: np.float64(6.69), 6: np.float64(9.74), 7: np.float64(5.62), 8: np.float64(2.55), 9: np.float64(11.63), 10: np.float64(10.86), 11: np.float64(0.43), 12: np.float64(14.0), 13: np.float64(1.64), 15: np.float64(0.29)}
2026-05-22 11:06:42 [INFO] 分割成功
2026-05-22 11:06:42 [INFO] 引擎上下文已释放
2026-05-22 11:06:42 [INFO] TensorRT 引擎已释放
2026-05-22 11:06:42 [INFO] 全局 CUDA 资源已释放
2026-05-22 11:06:42 [INFO] 分割系统资源已释放
2026-05-22 11:06:45 [INFO] CUDA 初始化成功
2026-05-22 11:06:46 [INFO] 引擎加载成功: scrap_steel.engine
2026-05-22 11:06:46 [INFO] 分割系统初始化成功
2026-05-22 11:06:46 [INFO] 图像预处理完成，原始尺寸: (2160, 3840)
2026-05-22 11:06:46 [INFO] 开始执行分割...
2026-05-22 11:06:46 [DEBUG] 处理后的检测结果形状: (1, 8400, 6)
2026-05-22 11:06:46 [DEBUG] 示例检测结果: [[-4.17988205e+00 -3.37250137e+00  3.89628220e+01  1.58652096e+01
   4.35659437e-08  5.00000000e+00]
 [-6.56141663e+00 -3.15316010e+00  4.42132111e+01  3.01830139e+01
   9.47223810e-09  9.00000000e+00]
 [-3.64076996e+00 -3.63116837e+00  4.56536636e+01  3.05852013e+01
   4.17534274e-09  9.00000000e+00]]
2026-05-22 11:06:46 [DEBUG] 处理后检测输出形状: (0, 52)
2026-05-22 11:06:46 [DEBUG] 有效检测数量: 0
2026-05-22 11:06:46 [DEBUG] 检测输出为空
2026-05-22 11:06:46 [INFO] 掩码中检测到的类别: [0, 1, 2, 3, 4, 5, 6, 7, 8, 9, 10, 11, 12, 13, 15]
2026-05-22 11:06:46 [INFO] 分割完成，检测到 0 个物体
2026-05-22 11:06:46 [INFO] 从分割掩码中提取检测结果
2026-05-22 11:06:46 [INFO] 从掩码中提取了 439 个检测框
2026-05-22 11:06:46 [INFO] 检测到车兜区域，将过滤区域外的目标
2026-05-22 11:06:46 [INFO] 车兜区域过滤: 439 -> 211 个目标
2026-05-22 11:06:47 [INFO] 保存分割和检测结果到: C:\code\show\Scrap_Steel_In_Field\photos\segmentation\segment_20260522_110646.jpg
2026-05-22 11:06:47 [INFO] JSON结果保存到: C:\code\show\Scrap_Steel_In_Field\photos\segmentation_result.json
2026-05-22 11:06:47 [INFO] 类别统计：{0: 1, 1: 37, 2: 15, 3: 1, 4: 12, 5: 27, 6: 16, 7: 22, 8: 11, 9: 21, 10: 15, 11: 5, 12: 10, 13: 15, 14: 0, 15: 3}
2026-05-22 11:06:47 [INFO] 面积统计：{1: np.float64(29.66), 2: np.float64(4.43), 3: np.float64(0.2), 4: np.float64(3.62), 5: np.float64(6.46), 6: np.float64(9.18), 7: np.float64(5.79), 8: np.float64(2.96), 9: np.float64(11.14), 10: np.float64(10.13), 11: np.float64(0.37), 12: np.float64(13.81), 13: np.float64(1.86), 15: np.float64(0.4)}
2026-05-22 11:06:47 [INFO] 分割成功
2026-05-22 11:06:47 [INFO] 引擎上下文已释放
2026-05-22 11:06:47 [INFO] TensorRT 引擎已释放
2026-05-22 11:06:47 [INFO] 全局 CUDA 资源已释放
2026-05-22 11:06:47 [INFO] 分割系统资源已释放
2026-05-22 11:06:50 [INFO] CUDA 初始化成功
2026-05-22 11:06:50 [INFO] 引擎加载成功: scrap_steel.engine
2026-05-22 11:06:50 [INFO] 分割系统初始化成功
2026-05-22 11:06:51 [INFO] 图像预处理完成，原始尺寸: (2160, 3840)
2026-05-22 11:06:51 [INFO] 开始执行分割...
2026-05-22 11:06:51 [DEBUG] 处理后的检测结果形状: (1, 8400, 6)
2026-05-22 11:06:51 [DEBUG] 示例检测结果: [[-4.16912460e+00 -3.35945892e+00  3.88129425e+01  1.57486515e+01
   4.37410108e-08  5.00000000e+00]
 [-6.58704758e+00 -3.15350819e+00  4.41831474e+01  3.00270729e+01
   9.33086142e-09  9.00000000e+00]
 [-3.67314911e+00 -3.64697742e+00  4.56570969e+01  3.04555168e+01
   4.14486578e-09  9.00000000e+00]]
2026-05-22 11:06:51 [DEBUG] 处理后检测输出形状: (0, 52)
2026-05-22 11:06:51 [DEBUG] 有效检测数量: 0
2026-05-22 11:06:51 [DEBUG] 检测输出为空
2026-05-22 11:06:51 [INFO] 掩码中检测到的类别: [0, 1, 2, 3, 4, 5, 6, 7, 8, 9, 10, 11, 12, 13, 15]
2026-05-22 11:06:51 [INFO] 分割完成，检测到 0 个物体
2026-05-22 11:06:51 [INFO] 从分割掩码中提取检测结果
2026-05-22 11:06:51 [INFO] 从掩码中提取了 468 个检测框
2026-05-22 11:06:51 [INFO] 检测到车兜区域，将过滤区域外的目标
2026-05-22 11:06:51 [INFO] 车兜区域过滤: 468 -> 221 个目标
2026-05-22 11:06:52 [INFO] 保存分割和检测结果到: C:\code\show\Scrap_Steel_In_Field\photos\segmentation\segment_20260522_110651.jpg
2026-05-22 11:06:52 [INFO] JSON结果保存到: C:\code\show\Scrap_Steel_In_Field\photos\segmentation_result.json
2026-05-22 11:06:52 [INFO] 类别统计：{0: 1, 1: 36, 2: 16, 3: 2, 4: 12, 5: 26, 6: 18, 7: 18, 8: 14, 9: 24, 10: 16, 11: 4, 12: 15, 13: 15, 14: 0, 15: 4}
2026-05-22 11:06:52 [INFO] 面积统计：{1: np.float64(31.84), 2: np.float64(4.4), 3: np.float64(0.15), 4: np.float64(3.62), 5: np.float64(7.02), 6: np.float64(7.8), 7: np.float64(5.47), 8: np.float64(2.99), 9: np.float64(10.97), 10: np.float64(10.51), 11: np.float64(0.34), 12: np.float64(13.06), 13: np.float64(1.54), 15: np.float64(0.31)}
2026-05-22 11:06:52 [INFO] 分割成功
2026-05-22 11:06:52 [INFO] 引擎上下文已释放
2026-05-22 11:06:52 [INFO] TensorRT 引擎已释放
2026-05-22 11:06:52 [INFO] 全局 CUDA 资源已释放
2026-05-22 11:06:52 [INFO] 分割系统资源已释放
2026-05-22 11:06:56 [INFO] CUDA 初始化成功
2026-05-22 11:06:56 [INFO] 引擎加载成功: scrap_steel.engine
2026-05-22 11:06:56 [INFO] 分割系统初始化成功
2026-05-22 11:06:56 [INFO] 图像预处理完成，原始尺寸: (2160, 3840)
2026-05-22 11:06:56 [INFO] 开始执行分割...
2026-05-22 11:06:56 [DEBUG] 处理后的检测结果形状: (1, 8400, 6)
2026-05-22 11:06:56 [DEBUG] 示例检测结果: [[-4.16767120e+00 -3.34961319e+00  3.88251953e+01  1.56863194e+01
   4.27044569e-08  5.00000000e+00]
 [-6.55263138e+00 -3.12985039e+00  4.41516533e+01  3.00286770e+01
   9.33086142e-09  9.00000000e+00]
 [-3.68407822e+00 -3.63128471e+00  4.56414413e+01  3.05076618e+01
   4.16105195e-09  9.00000000e+00]]
2026-05-22 11:06:56 [DEBUG] 处理后检测输出形状: (0, 52)
2026-05-22 11:06:56 [DEBUG] 有效检测数量: 0
2026-05-22 11:06:56 [DEBUG] 检测输出为空
2026-05-22 11:06:56 [INFO] 掩码中检测到的类别: [0, 1, 2, 3, 4, 5, 6, 7, 8, 9, 10, 11, 12, 13, 15]
2026-05-22 11:06:56 [INFO] 分割完成，检测到 0 个物体
2026-05-22 11:06:56 [INFO] 从分割掩码中提取检测结果
2026-05-22 11:06:56 [INFO] 从掩码中提取了 453 个检测框
2026-05-22 11:06:56 [INFO] 检测到车兜区域，将过滤区域外的目标
2026-05-22 11:06:56 [INFO] 车兜区域过滤: 453 -> 216 个目标
2026-05-22 11:06:57 [INFO] 保存分割和检测结果到: C:\code\show\Scrap_Steel_In_Field\photos\segmentation\segment_20260522_110656.jpg
2026-05-22 11:06:57 [INFO] JSON结果保存到: C:\code\show\Scrap_Steel_In_Field\photos\segmentation_result.json
2026-05-22 11:06:57 [INFO] 类别统计：{0: 1, 1: 32, 2: 14, 3: 1, 4: 16, 5: 22, 6: 20, 7: 23, 8: 13, 9: 23, 10: 16, 11: 5, 12: 12, 13: 15, 14: 0, 15: 3}
2026-05-22 11:06:57 [INFO] 面积统计：{1: np.float64(29.47), 2: np.float64(3.8), 3: np.float64(0.26), 4: np.float64(3.99), 5: np.float64(7.08), 6: np.float64(8.54), 7: np.float64(5.8), 8: np.float64(3.45), 9: np.float64(10.91), 10: np.float64(10.98), 11: np.float64(0.36), 12: np.float64(13.31), 13: np.float64(1.66), 15: np.float64(0.4)}
2026-05-22 11:06:57 [INFO] 分割成功
2026-05-22 11:06:57 [INFO] 引擎上下文已释放
2026-05-22 11:06:57 [INFO] TensorRT 引擎已释放
2026-05-22 11:06:57 [INFO] 全局 CUDA 资源已释放
2026-05-22 11:06:57 [INFO] 分割系统资源已释放
2026-05-22 11:07:01 [INFO] CUDA 初始化成功
2026-05-22 11:07:01 [INFO] 引擎加载成功: scrap_steel.engine
2026-05-22 11:07:01 [INFO] 分割系统初始化成功
2026-05-22 11:07:01 [INFO] 图像预处理完成，原始尺寸: (2160, 3840)
2026-05-22 11:07:01 [INFO] 开始执行分割...
2026-05-22 11:07:01 [DEBUG] 处理后的检测结果形状: (1, 8400, 6)
2026-05-22 11:07:01 [DEBUG] 示例检测结果: [[-4.19392776e+00 -3.36358070e+00  3.89947853e+01  1.58037758e+01
   4.37349250e-08  5.00000000e+00]
 [-6.58843613e+00 -3.16737366e+00  4.42434502e+01  3.02449112e+01
   9.47223810e-09  9.00000000e+00]
 [-3.68341446e+00 -3.65799618e+00  4.57086105e+01  3.06736908e+01
   4.17534274e-09  9.00000000e+00]]
2026-05-22 11:07:01 [DEBUG] 处理后检测输出形状: (0, 52)
2026-05-22 11:07:01 [DEBUG] 有效检测数量: 0
2026-05-22 11:07:01 [DEBUG] 检测输出为空
2026-05-22 11:07:01 [INFO] 掩码中检测到的类别: [0, 1, 2, 3, 4, 5, 6, 7, 8, 9, 10, 11, 12, 13, 15]
2026-05-22 11:07:01 [INFO] 分割完成，检测到 0 个物体
2026-05-22 11:07:01 [INFO] 从分割掩码中提取检测结果
2026-05-22 11:07:01 [INFO] 从掩码中提取了 440 个检测框
2026-05-22 11:07:01 [INFO] 检测到车兜区域，将过滤区域外的目标
2026-05-22 11:07:01 [INFO] 车兜区域过滤: 440 -> 215 个目标
2026-05-22 11:07:02 [INFO] 保存分割和检测结果到: C:\code\show\Scrap_Steel_In_Field\photos\segmentation\segment_20260522_110701.jpg
2026-05-22 11:07:02 [INFO] JSON结果保存到: C:\code\show\Scrap_Steel_In_Field\photos\segmentation_result.json
2026-05-22 11:07:02 [INFO] 类别统计：{0: 1, 1: 34, 2: 15, 3: 3, 4: 12, 5: 24, 6: 19, 7: 21, 8: 15, 9: 21, 10: 15, 11: 6, 12: 11, 13: 16, 14: 0, 15: 2}
2026-05-22 11:07:02 [INFO] 面积统计：{1: np.float64(31.45), 2: np.float64(4.03), 3: np.float64(0.19), 4: np.float64(3.73), 5: np.float64(6.54), 6: np.float64(7.88), 7: np.float64(5.76), 8: np.float64(3.05), 9: np.float64(11.16), 10: np.float64(11.26), 11: np.float64(0.44), 12: np.float64(12.68), 13: np.float64(1.6), 15: np.float64(0.24)}
2026-05-22 11:07:02 [INFO] 分割成功
2026-05-22 11:07:02 [INFO] 引擎上下文已释放
2026-05-22 11:07:02 [INFO] TensorRT 引擎已释放
2026-05-22 11:07:02 [INFO] 全局 CUDA 资源已释放
2026-05-22 11:07:02 [INFO] 分割系统资源已释放
2026-05-22 11:07:06 [INFO] CUDA 初始化成功
2026-05-22 11:07:06 [INFO] 引擎加载成功: scrap_steel.engine
2026-05-22 11:07:06 [INFO] 分割系统初始化成功
2026-05-22 11:07:06 [INFO] 图像预处理完成，原始尺寸: (2160, 3840)
2026-05-22 11:07:06 [INFO] 开始执行分割...
2026-05-22 11:07:06 [DEBUG] 处理后的检测结果形状: (1, 8400, 6)
2026-05-22 11:07:06 [DEBUG] 示例检测结果: [[-4.19705963e+00 -3.36250877e+00  3.88968773e+01  1.57809296e+01
   4.33965504e-08  5.00000000e+00]
 [-6.62720490e+00 -3.16633224e+00  4.42241287e+01  3.01194496e+01
   9.47223810e-09  9.00000000e+00]
 [-3.68231583e+00 -3.64352417e+00  4.56571655e+01  3.04981461e+01
   4.17534274e-09  9.00000000e+00]]
2026-05-22 11:07:06 [DEBUG] 处理后检测输出形状: (0, 52)
2026-05-22 11:07:06 [DEBUG] 有效检测数量: 0
2026-05-22 11:07:06 [DEBUG] 检测输出为空
2026-05-22 11:07:06 [INFO] 掩码中检测到的类别: [0, 1, 2, 3, 4, 5, 6, 7, 8, 9, 10, 11, 12, 13, 15]
2026-05-22 11:07:06 [INFO] 分割完成，检测到 0 个物体
2026-05-22 11:07:06 [INFO] 从分割掩码中提取检测结果
2026-05-22 11:07:06 [INFO] 从掩码中提取了 452 个检测框
2026-05-22 11:07:06 [INFO] 检测到车兜区域，将过滤区域外的目标
2026-05-22 11:07:06 [INFO] 车兜区域过滤: 452 -> 213 个目标
2026-05-22 11:07:07 [INFO] 保存分割和检测结果到: C:\code\show\Scrap_Steel_In_Field\photos\segmentation\segment_20260522_110706.jpg
2026-05-22 11:07:07 [INFO] JSON结果保存到: C:\code\show\Scrap_Steel_In_Field\photos\segmentation_result.json
2026-05-22 11:07:07 [INFO] 类别统计：{0: 1, 1: 31, 2: 14, 3: 1, 4: 13, 5: 26, 6: 15, 7: 18, 8: 18, 9: 24, 10: 16, 11: 7, 12: 11, 13: 15, 14: 0, 15: 3}
2026-05-22 11:07:07 [INFO] 面积统计：{1: np.float64(29.5), 2: np.float64(4.36), 3: np.float64(0.13), 4: np.float64(3.89), 5: np.float64(6.84), 6: np.float64(7.96), 7: np.float64(5.37), 8: np.float64(2.7), 9: np.float64(12.34), 10: np.float64(10.58), 11: np.float64(0.52), 12: np.float64(14.08), 13: np.float64(1.54), 15: np.float64(0.21)}
2026-05-22 11:07:07 [INFO] 分割成功
2026-05-22 11:07:07 [INFO] 引擎上下文已释放
2026-05-22 11:07:07 [INFO] TensorRT 引擎已释放
2026-05-22 11:07:07 [INFO] 全局 CUDA 资源已释放
2026-05-22 11:07:07 [INFO] 分割系统资源已释放
2026-05-22 11:07:11 [INFO] CUDA 初始化成功
2026-05-22 11:07:11 [INFO] 引擎加载成功: scrap_steel.engine
2026-05-22 11:07:11 [INFO] 分割系统初始化成功
2026-05-22 11:07:11 [INFO] 图像预处理完成，原始尺寸: (2160, 3840)
2026-05-22 11:07:11 [INFO] 开始执行分割...
2026-05-22 11:07:11 [DEBUG] 处理后的检测结果形状: (1, 8400, 6)
2026-05-22 11:07:11 [DEBUG] 示例检测结果: [[-4.15038681e+00 -3.33943176e+00  3.88456078e+01  1.56515846e+01
   4.40944490e-08  5.00000000e+00]
 [-6.59755707e+00 -3.15491104e+00  4.42178955e+01  3.00597153e+01
   9.54292645e-09  9.00000000e+00]
 [-3.69113922e+00 -3.64440727e+00  4.56963501e+01  3.05858707e+01
   4.20581969e-09  9.00000000e+00]]
2026-05-22 11:07:11 [DEBUG] 处理后检测输出形状: (0, 52)
2026-05-22 11:07:11 [DEBUG] 有效检测数量: 0
2026-05-22 11:07:11 [DEBUG] 检测输出为空
2026-05-22 11:07:11 [INFO] 掩码中检测到的类别: [0, 1, 2, 3, 4, 5, 6, 7, 8, 9, 10, 11, 12, 13, 15]
2026-05-22 11:07:11 [INFO] 分割完成，检测到 0 个物体
2026-05-22 11:07:11 [INFO] 从分割掩码中提取检测结果
2026-05-22 11:07:11 [INFO] 从掩码中提取了 436 个检测框
2026-05-22 11:07:11 [INFO] 检测到车兜区域，将过滤区域外的目标
2026-05-22 11:07:11 [INFO] 车兜区域过滤: 436 -> 212 个目标
2026-05-22 11:07:12 [INFO] 保存分割和检测结果到: C:\code\show\Scrap_Steel_In_Field\photos\segmentation\segment_20260522_110711.jpg
2026-05-22 11:07:12 [INFO] JSON结果保存到: C:\code\show\Scrap_Steel_In_Field\photos\segmentation_result.json
2026-05-22 11:07:12 [INFO] 类别统计：{0: 1, 1: 33, 2: 14, 3: 1, 4: 13, 5: 24, 6: 18, 7: 22, 8: 17, 9: 20, 10: 17, 11: 4, 12: 10, 13: 15, 14: 0, 15: 3}
2026-05-22 11:07:12 [INFO] 面积统计：{1: np.float64(28.78), 2: np.float64(4.15), 3: np.float64(0.15), 4: np.float64(3.63), 5: np.float64(7.11), 6: np.float64(7.88), 7: np.float64(5.72), 8: np.float64(3.22), 9: np.float64(12.37), 10: np.float64(9.8), 11: np.float64(0.34), 12: np.float64(14.91), 13: np.float64(1.68), 15: np.float64(0.24)}
2026-05-22 11:07:12 [INFO] 分割成功
2026-05-22 11:07:12 [INFO] 引擎上下文已释放
2026-05-22 11:07:12 [INFO] TensorRT 引擎已释放
2026-05-22 11:07:12 [INFO] 全局 CUDA 资源已释放
2026-05-22 11:07:12 [INFO] 分割系统资源已释放
2026-05-22 11:07:16 [INFO] CUDA 初始化成功
2026-05-22 11:07:16 [INFO] 引擎加载成功: scrap_steel.engine
2026-05-22 11:07:16 [INFO] 分割系统初始化成功
2026-05-22 11:07:17 [INFO] 图像预处理完成，原始尺寸: (2160, 3840)
2026-05-22 11:07:17 [INFO] 开始执行分割...
2026-05-22 11:07:17 [DEBUG] 处理后的检测结果形状: (1, 8400, 6)
2026-05-22 11:07:17 [DEBUG] 示例检测结果: [[-4.16622543e+00 -3.33916759e+00  3.89202118e+01  1.57494822e+01
   4.27044569e-08  5.00000000e+00]
 [-6.53521729e+00 -3.11521435e+00  4.41470261e+01  3.00377235e+01
   9.36744016e-09  9.00000000e+00]
 [-3.66118622e+00 -3.63170147e+00  4.56781158e+01  3.05395966e+01
   4.17913704e-09  9.00000000e+00]]
2026-05-22 11:07:17 [DEBUG] 处理后检测输出形状: (0, 52)
2026-05-22 11:07:17 [DEBUG] 有效检测数量: 0
2026-05-22 11:07:17 [DEBUG] 检测输出为空
2026-05-22 11:07:17 [INFO] 掩码中检测到的类别: [0, 1, 2, 3, 4, 5, 6, 7, 8, 9, 10, 11, 12, 13, 15]
2026-05-22 11:07:17 [INFO] 分割完成，检测到 0 个物体
2026-05-22 11:07:17 [INFO] 从分割掩码中提取检测结果
2026-05-22 11:07:17 [INFO] 从掩码中提取了 426 个检测框
2026-05-22 11:07:17 [INFO] 检测到车兜区域，将过滤区域外的目标
2026-05-22 11:07:17 [INFO] 车兜区域过滤: 426 -> 211 个目标
2026-05-22 11:07:18 [INFO] 保存分割和检测结果到: C:\code\show\Scrap_Steel_In_Field\photos\segmentation\segment_20260522_110717.jpg
2026-05-22 11:07:18 [INFO] JSON结果保存到: C:\code\show\Scrap_Steel_In_Field\photos\segmentation_result.json
2026-05-22 11:07:18 [INFO] 类别统计：{0: 1, 1: 30, 2: 13, 3: 1, 4: 14, 5: 25, 6: 17, 7: 20, 8: 12, 9: 23, 10: 14, 11: 5, 12: 17, 13: 15, 14: 0, 15: 4}
2026-05-22 11:07:18 [INFO] 面积统计：{1: np.float64(30.8), 2: np.float64(3.57), 3: np.float64(0.29), 4: np.float64(3.77), 5: np.float64(6.35), 6: np.float64(8.84), 7: np.float64(5.15), 8: np.float64(2.01), 9: np.float64(12.57), 10: np.float64(10.67), 11: np.float64(0.34), 12: np.float64(13.73), 13: np.float64(1.64), 15: np.float64(0.28)}
2026-05-22 11:07:18 [INFO] 分割成功
2026-05-22 11:07:18 [INFO] 引擎上下文已释放
2026-05-22 11:07:18 [INFO] TensorRT 引擎已释放
2026-05-22 11:07:18 [INFO] 全局 CUDA 资源已释放
2026-05-22 11:07:18 [INFO] 分割系统资源已释放
2026-05-22 11:07:21 [INFO] CUDA 初始化成功
2026-05-22 11:07:22 [INFO] 引擎加载成功: scrap_steel.engine
2026-05-22 11:07:22 [INFO] 分割系统初始化成功
2026-05-22 11:07:22 [INFO] 图像预处理完成，原始尺寸: (2160, 3840)
2026-05-22 11:07:22 [INFO] 开始执行分割...
2026-05-22 11:07:22 [DEBUG] 处理后的检测结果形状: (1, 8400, 6)
2026-05-22 11:07:22 [DEBUG] 示例检测结果: [[-4.16750717e+00 -3.32910919e+00  3.87784615e+01  1.56231594e+01
   4.27044569e-08  5.00000000e+00]
 [-6.57124710e+00 -3.13013935e+00  4.41681175e+01  2.99891663e+01
   9.33277633e-09  9.00000000e+00]
 [-3.67356873e+00 -3.63583946e+00  4.56600342e+01  3.04785480e+01
   4.17913704e-09  9.00000000e+00]]
2026-05-22 11:07:22 [DEBUG] 处理后检测输出形状: (0, 52)
2026-05-22 11:07:22 [DEBUG] 有效检测数量: 0
2026-05-22 11:07:22 [DEBUG] 检测输出为空
2026-05-22 11:07:22 [INFO] 掩码中检测到的类别: [0, 1, 2, 3, 4, 5, 6, 7, 8, 9, 10, 11, 12, 13, 15]
2026-05-22 11:07:22 [INFO] 分割完成，检测到 0 个物体
2026-05-22 11:07:22 [INFO] 从分割掩码中提取检测结果
2026-05-22 11:07:22 [INFO] 从掩码中提取了 446 个检测框
2026-05-22 11:07:22 [INFO] 检测到车兜区域，将过滤区域外的目标
2026-05-22 11:07:22 [INFO] 车兜区域过滤: 446 -> 220 个目标
2026-05-22 11:07:23 [INFO] 保存分割和检测结果到: C:\code\show\Scrap_Steel_In_Field\photos\segmentation\segment_20260522_110722.jpg
2026-05-22 11:07:23 [INFO] JSON结果保存到: C:\code\show\Scrap_Steel_In_Field\photos\segmentation_result.json
2026-05-22 11:07:23 [INFO] 类别统计：{0: 1, 1: 36, 2: 13, 3: 1, 4: 10, 5: 24, 6: 20, 7: 23, 8: 17, 9: 26, 10: 13, 11: 6, 12: 13, 13: 15, 14: 0, 15: 2}
2026-05-22 11:07:23 [INFO] 面积统计：{1: np.float64(30.89), 2: np.float64(3.61), 3: np.float64(0.09), 4: np.float64(3.68), 5: np.float64(6.12), 6: np.float64(9.12), 7: np.float64(5.33), 8: np.float64(2.15), 9: np.float64(12.02), 10: np.float64(10.71), 11: np.float64(0.42), 12: np.float64(13.73), 13: np.float64(1.55), 15: np.float64(0.59)}
2026-05-22 11:07:23 [INFO] 分割成功
2026-05-22 11:07:23 [INFO] 引擎上下文已释放
2026-05-22 11:07:23 [INFO] TensorRT 引擎已释放
2026-05-22 11:07:23 [INFO] 全局 CUDA 资源已释放
2026-05-22 11:07:23 [INFO] 分割系统资源已释放
2026-05-22 11:07:27 [INFO] CUDA 初始化成功
2026-05-22 11:07:27 [INFO] 引擎加载成功: scrap_steel.engine
2026-05-22 11:07:27 [INFO] 分割系统初始化成功
2026-05-22 11:07:27 [INFO] 图像预处理完成，原始尺寸: (2160, 3840)
2026-05-22 11:07:27 [INFO] 开始执行分割...
2026-05-22 11:07:27 [DEBUG] 处理后的检测结果形状: (1, 8400, 6)
2026-05-22 11:07:27 [DEBUG] 示例检测结果: [[-4.19632721e+00 -3.36260414e+00  3.89302101e+01  1.58438625e+01
   4.32288765e-08  5.00000000e+00]
 [-6.56631088e+00 -3.15561199e+00  4.42452354e+01  3.01488914e+01
   9.33086142e-09  9.00000000e+00]
 [-3.68944931e+00 -3.64569473e+00  4.56878166e+01  3.05240440e+01
   4.17747970e-09  9.00000000e+00]]
2026-05-22 11:07:27 [DEBUG] 处理后检测输出形状: (0, 52)
2026-05-22 11:07:27 [DEBUG] 有效检测数量: 0
2026-05-22 11:07:27 [DEBUG] 检测输出为空
2026-05-22 11:07:27 [INFO] 掩码中检测到的类别: [0, 1, 2, 3, 4, 5, 6, 7, 8, 9, 10, 11, 12, 13, 15]
2026-05-22 11:07:27 [INFO] 分割完成，检测到 0 个物体
2026-05-22 11:07:27 [INFO] 从分割掩码中提取检测结果
2026-05-22 11:07:27 [INFO] 从掩码中提取了 441 个检测框
2026-05-22 11:07:27 [INFO] 检测到车兜区域，将过滤区域外的目标
2026-05-22 11:07:27 [INFO] 车兜区域过滤: 441 -> 219 个目标
2026-05-22 11:07:28 [INFO] 保存分割和检测结果到: C:\code\show\Scrap_Steel_In_Field\photos\segmentation\segment_20260522_110727.jpg
2026-05-22 11:07:28 [INFO] JSON结果保存到: C:\code\show\Scrap_Steel_In_Field\photos\segmentation_result.json
2026-05-22 11:07:28 [INFO] 类别统计：{0: 1, 1: 34, 2: 18, 3: 1, 4: 14, 5: 25, 6: 17, 7: 19, 8: 12, 9: 24, 10: 15, 11: 7, 12: 12, 13: 17, 14: 0, 15: 3}
2026-05-22 11:07:28 [INFO] 面积统计：{1: np.float64(29.02), 2: np.float64(4.1), 3: np.float64(0.18), 4: np.float64(3.57), 5: np.float64(6.94), 6: np.float64(9.36), 7: np.float64(5.73), 8: np.float64(2.93), 9: np.float64(11.9), 10: np.float64(10.21), 11: np.float64(0.5), 12: np.float64(13.6), 13: np.float64(1.59), 15: np.float64(0.36)}
2026-05-22 11:07:28 [INFO] 分割成功
2026-05-22 11:07:28 [INFO] 引擎上下文已释放
2026-05-22 11:07:28 [INFO] TensorRT 引擎已释放
2026-05-22 11:07:28 [INFO] 全局 CUDA 资源已释放
2026-05-22 11:07:28 [INFO] 分割系统资源已释放
2026-05-22 11:07:32 [INFO] CUDA 初始化成功
2026-05-22 11:07:32 [INFO] 引擎加载成功: scrap_steel.engine
2026-05-22 11:07:32 [INFO] 分割系统初始化成功
2026-05-22 11:07:32 [INFO] 图像预处理完成，原始尺寸: (2160, 3840)
2026-05-22 11:07:32 [INFO] 开始执行分割...
2026-05-22 11:07:32 [DEBUG] 处理后的检测结果形状: (1, 8400, 6)
2026-05-22 11:07:32 [DEBUG] 示例检测结果: [[-4.24366379e+00 -3.37594795e+00  3.89199944e+01  1.59605427e+01
   4.35715144e-08  5.00000000e+00]
 [-6.67224884e+00 -3.20213890e+00  4.41227570e+01  3.01841564e+01
   9.40401890e-09  9.00000000e+00]
 [-3.68974686e+00 -3.68760967e+00  4.56765213e+01  3.05535393e+01
   4.14676293e-09  9.00000000e+00]]
2026-05-22 11:07:32 [DEBUG] 处理后检测输出形状: (0, 52)
2026-05-22 11:07:32 [DEBUG] 有效检测数量: 0
2026-05-22 11:07:32 [DEBUG] 检测输出为空
2026-05-22 11:07:32 [INFO] 掩码中检测到的类别: [0, 1, 2, 3, 4, 5, 6, 7, 8, 9, 10, 11, 12, 13, 15]
2026-05-22 11:07:32 [INFO] 分割完成，检测到 0 个物体
2026-05-22 11:07:32 [INFO] 从分割掩码中提取检测结果
2026-05-22 11:07:32 [INFO] 从掩码中提取了 457 个检测框
2026-05-22 11:07:32 [INFO] 检测到车兜区域，将过滤区域外的目标
2026-05-22 11:07:32 [INFO] 车兜区域过滤: 457 -> 221 个目标
2026-05-22 11:07:33 [INFO] 保存分割和检测结果到: C:\code\show\Scrap_Steel_In_Field\photos\segmentation\segment_20260522_110732.jpg
2026-05-22 11:07:33 [INFO] JSON结果保存到: C:\code\show\Scrap_Steel_In_Field\photos\segmentation_result.json
2026-05-22 11:07:33 [INFO] 类别统计：{0: 2, 1: 33, 2: 16, 3: 1, 4: 15, 5: 22, 6: 18, 7: 23, 8: 15, 9: 29, 10: 15, 11: 6, 12: 9, 13: 14, 14: 0, 15: 3}
2026-05-22 11:07:33 [INFO] 面积统计：{1: np.float64(31.19), 2: np.float64(3.76), 3: np.float64(0.19), 4: np.float64(4.0), 5: np.float64(6.99), 6: np.float64(8.97), 7: np.float64(5.41), 8: np.float64(3.32), 9: np.float64(10.7), 10: np.float64(10.72), 11: np.float64(0.33), 12: np.float64(12.6), 13: np.float64(1.57), 15: np.float64(0.27)}
2026-05-22 11:07:33 [INFO] 分割成功
2026-05-22 11:07:33 [INFO] 引擎上下文已释放
2026-05-22 11:07:33 [INFO] TensorRT 引擎已释放
2026-05-22 11:07:33 [INFO] 全局 CUDA 资源已释放
2026-05-22 11:07:33 [INFO] 分割系统资源已释放
2026-05-22 11:07:37 [INFO] CUDA 初始化成功
2026-05-22 11:07:37 [INFO] 引擎加载成功: scrap_steel.engine
2026-05-22 11:07:37 [INFO] 分割系统初始化成功
2026-05-22 11:07:37 [INFO] 图像预处理完成，原始尺寸: (2160, 3840)
2026-05-22 11:07:37 [INFO] 开始执行分割...
2026-05-22 11:07:37 [DEBUG] 处理后的检测结果形状: (1, 8400, 6)
2026-05-22 11:07:37 [DEBUG] 示例检测结果: [[-4.17205048e+00 -3.37950134e+00  3.88749008e+01  1.59497166e+01
   4.40944490e-08  5.00000000e+00]
 [-6.58228683e+00 -3.16444969e+00  4.41181412e+01  3.02584133e+01
   9.54292645e-09  9.00000000e+00]
 [-3.69033432e+00 -3.68406296e+00  4.56663971e+01  3.06326141e+01
   4.23629665e-09  9.00000000e+00]]
2026-05-22 11:07:37 [DEBUG] 处理后检测输出形状: (0, 52)
2026-05-22 11:07:37 [DEBUG] 有效检测数量: 0
2026-05-22 11:07:37 [DEBUG] 检测输出为空
2026-05-22 11:07:37 [INFO] 掩码中检测到的类别: [0, 1, 2, 3, 4, 5, 6, 7, 8, 9, 10, 11, 12, 13, 15]
2026-05-22 11:07:37 [INFO] 分割完成，检测到 0 个物体
2026-05-22 11:07:37 [INFO] 从分割掩码中提取检测结果
2026-05-22 11:07:38 [INFO] 从掩码中提取了 434 个检测框
2026-05-22 11:07:38 [INFO] 检测到车兜区域，将过滤区域外的目标
2026-05-22 11:07:38 [INFO] 车兜区域过滤: 434 -> 222 个目标
2026-05-22 11:07:39 [INFO] 保存分割和检测结果到: C:\code\show\Scrap_Steel_In_Field\photos\segmentation\segment_20260522_110738.jpg
2026-05-22 11:07:39 [INFO] JSON结果保存到: C:\code\show\Scrap_Steel_In_Field\photos\segmentation_result.json
2026-05-22 11:07:39 [INFO] 类别统计：{0: 1, 1: 35, 2: 16, 3: 3, 4: 10, 5: 22, 6: 17, 7: 22, 8: 16, 9: 28, 10: 15, 11: 5, 12: 15, 13: 14, 14: 0, 15: 3}
2026-05-22 11:07:39 [INFO] 面积统计：{1: np.float64(31.0), 2: np.float64(4.03), 3: np.float64(0.12), 4: np.float64(3.35), 5: np.float64(7.28), 6: np.float64(8.18), 7: np.float64(5.5), 8: np.float64(2.72), 9: np.float64(12.54), 10: np.float64(10.04), 11: np.float64(0.44), 12: np.float64(13.0), 13: np.float64(1.49), 15: np.float64(0.31)}
2026-05-22 11:07:39 [INFO] 分割成功
2026-05-22 11:07:39 [INFO] 引擎上下文已释放
2026-05-22 11:07:39 [INFO] TensorRT 引擎已释放
2026-05-22 11:07:39 [INFO] 全局 CUDA 资源已释放
2026-05-22 11:07:39 [INFO] 分割系统资源已释放
2026-05-22 11:07:42 [INFO] CUDA 初始化成功
2026-05-22 11:07:42 [INFO] 引擎加载成功: scrap_steel.engine
2026-05-22 11:07:42 [INFO] 分割系统初始化成功
2026-05-22 11:07:42 [INFO] 图像预处理完成，原始尺寸: (2160, 3840)
2026-05-22 11:07:42 [INFO] 开始执行分割...
2026-05-22 11:07:43 [DEBUG] 处理后的检测结果形状: (1, 8400, 6)
2026-05-22 11:07:43 [DEBUG] 示例检测结果: [[-4.20217896e+00 -3.37856913e+00  3.90084152e+01  1.59328671e+01
   4.27044569e-08  5.00000000e+00]
 [-6.61651993e+00 -3.17034149e+00  4.41819077e+01  3.02232857e+01
   9.47526146e-09  9.00000000e+00]
 [-3.68864059e+00 -3.66299057e+00  4.57007027e+01  3.05887833e+01
   4.24319069e-09  9.00000000e+00]]
2026-05-22 11:07:43 [DEBUG] 处理后检测输出形状: (0, 52)
2026-05-22 11:07:43 [DEBUG] 有效检测数量: 0
2026-05-22 11:07:43 [DEBUG] 检测输出为空
2026-05-22 11:07:43 [INFO] 掩码中检测到的类别: [0, 1, 2, 3, 4, 5, 6, 7, 8, 9, 10, 11, 12, 13, 15]
2026-05-22 11:07:43 [INFO] 分割完成，检测到 0 个物体
2026-05-22 11:07:43 [INFO] 从分割掩码中提取检测结果
2026-05-22 11:07:43 [INFO] 从掩码中提取了 425 个检测框
2026-05-22 11:07:43 [INFO] 检测到车兜区域，将过滤区域外的目标
2026-05-22 11:07:43 [INFO] 车兜区域过滤: 425 -> 212 个目标
2026-05-22 11:07:44 [INFO] 保存分割和检测结果到: C:\code\show\Scrap_Steel_In_Field\photos\segmentation\segment_20260522_110743.jpg
2026-05-22 11:07:44 [INFO] JSON结果保存到: C:\code\show\Scrap_Steel_In_Field\photos\segmentation_result.json
2026-05-22 11:07:44 [INFO] 类别统计：{0: 1, 1: 36, 2: 14, 3: 2, 4: 11, 5: 20, 6: 18, 7: 23, 8: 15, 9: 20, 10: 14, 11: 8, 12: 12, 13: 15, 14: 0, 15: 3}
2026-05-22 11:07:44 [INFO] 面积统计：{1: np.float64(31.2), 2: np.float64(3.8), 3: np.float64(0.39), 4: np.float64(3.87), 5: np.float64(7.13), 6: np.float64(7.89), 7: np.float64(5.27), 8: np.float64(2.93), 9: np.float64(10.83), 10: np.float64(11.17), 11: np.float64(0.43), 12: np.float64(13.11), 13: np.float64(1.67), 15: np.float64(0.31)}
2026-05-22 11:07:44 [INFO] 分割成功
2026-05-22 11:07:44 [INFO] 引擎上下文已释放
2026-05-22 11:07:44 [INFO] TensorRT 引擎已释放
2026-05-22 11:07:44 [INFO] 全局 CUDA 资源已释放
2026-05-22 11:07:44 [INFO] 分割系统资源已释放
