2026-05-21 08:44:55 [INFO] CUDA 初始化成功
2026-05-21 08:44:55 [INFO] 引擎加载成功: scrap_steel.engine
2026-05-21 08:44:55 [INFO] 分割系统初始化成功
2026-05-21 08:44:58 [INFO] 引擎加载成功: scrap_steel.engine
2026-05-21 08:44:58 [INFO] 分割系统初始化成功
2026-05-21 08:44:59 [INFO] 图像预处理完成，原始尺寸: (2160, 3840)
2026-05-21 08:44:59 [INFO] 开始执行分割...
2026-05-21 08:44:59 [ERROR] 推理过程发生异常: explicit_context_dependent failed: invalid device context - no currently active context?
2026-05-21 08:44:59 [INFO] 分割完成，检测到 0 个物体
2026-05-21 08:44:59 [INFO] 保存分割和检测结果到: C:\code\show\Scrap_Steel_In_Field\photos\segmentation\segment_20260521_084459.jpg
2026-05-21 08:44:59 [INFO] JSON结果保存到: C:\code\show\Scrap_Steel_In_Field\photos\segmentation_result.json
2026-05-21 08:44:59 [INFO] 类别统计：{}
2026-05-21 08:44:59 [INFO] 面积统计：{}
2026-05-21 08:44:59 [ERROR] 分割失败: 未能生成有效的分割掩码
2026-05-21 08:44:59 [INFO] 引擎上下文已释放
2026-05-21 08:44:59 [INFO] TensorRT 引擎已释放
2026-05-21 08:44:59 [INFO] 全局 CUDA 资源已释放
2026-05-21 08:44:59 [INFO] 分割系统资源已释放
2026-05-21 08:45:05 [INFO] CUDA 初始化成功
2026-05-21 08:45:05 [INFO] 引擎加载成功: scrap_steel.engine
2026-05-21 08:45:05 [INFO] 分割系统初始化成功
2026-05-21 08:45:05 [INFO] 图像预处理完成，原始尺寸: (2160, 3840)
2026-05-21 08:45:05 [INFO] 开始执行分割...
2026-05-21 08:45:05 [DEBUG] 处理后的检测结果形状: (1, 8400, 6)
2026-05-21 08:45:05 [DEBUG] 示例检测结果: [[-4.01696396e+00 -3.29954004e+00  3.96122093e+01  1.59088268e+01
   3.75304836e-08  5.00000000e+00]
 [-6.16681671e+00 -2.95167351e+00  4.48479691e+01  3.00898876e+01
   9.48268664e-09  9.00000000e+00]
 [-3.44319153e+00 -3.30052280e+00  4.59684372e+01  3.04132996e+01
   4.36235048e-09  9.00000000e+00]]
2026-05-21 08:45:05 [DEBUG] 处理后检测输出形状: (0, 52)
2026-05-21 08:45:05 [DEBUG] 有效检测数量: 0
2026-05-21 08:45:05 [DEBUG] 检测输出为空
2026-05-21 08:45:05 [INFO] 掩码中检测到的类别: [0, 1, 2, 3, 4, 5, 6, 7, 8, 9, 10, 11, 12, 13, 15]
2026-05-21 08:45:05 [INFO] 分割完成，检测到 0 个物体
2026-05-21 08:45:05 [INFO] 从分割掩码中提取检测结果
2026-05-21 08:45:05 [INFO] 从掩码中提取了 560 个检测框
2026-05-21 08:45:06 [INFO] 保存分割和检测结果到: C:\code\show\Scrap_Steel_In_Field\photos\segmentation\segment_20260521_084505.jpg
2026-05-21 08:45:06 [INFO] JSON结果保存到: C:\code\show\Scrap_Steel_In_Field\photos\segmentation_result.json
2026-05-21 08:45:06 [INFO] 类别统计：{0: 18, 1: 55, 2: 34, 3: 9, 4: 37, 5: 35, 6: 29, 7: 39, 8: 93, 9: 53, 10: 35, 11: 36, 12: 16, 13: 40, 14: 0, 15: 31}
2026-05-21 08:45:06 [INFO] 面积统计：{0: np.float64(1822536.0), 1: np.float64(331560.0), 2: np.float64(87984.0), 3: np.float64(228348.0), 4: np.float64(219348.0), 5: np.float64(119052.0), 6: np.float64(515736.0), 7: np.float64(113832.0), 8: np.float64(1310076.0), 9: np.float64(270288.0), 10: np.float64(134640.0), 11: np.float64(205920.0), 12: np.float64(109656.0), 13: np.float64(801144.0), 15: np.float64(57492.0)}
2026-05-21 08:45:06 [INFO] 分割成功
2026-05-21 08:45:06 [INFO] 引擎上下文已释放
2026-05-21 08:45:06 [INFO] TensorRT 引擎已释放
2026-05-21 08:45:06 [INFO] 全局 CUDA 资源已释放
2026-05-21 08:45:06 [INFO] 分割系统资源已释放
2026-05-21 08:45:10 [INFO] CUDA 初始化成功
2026-05-21 08:45:10 [INFO] 引擎加载成功: scrap_steel.engine
2026-05-21 08:45:10 [INFO] 分割系统初始化成功
2026-05-21 08:45:10 [INFO] 图像预处理完成，原始尺寸: (2160, 3840)
2026-05-21 08:45:10 [INFO] 开始执行分割...
2026-05-21 08:45:10 [DEBUG] 处理后的检测结果形状: (1, 8400, 6)
2026-05-21 08:45:10 [DEBUG] 示例检测结果: [[-3.99198914e+00 -3.27626514e+00  3.95331154e+01  1.57913218e+01
   3.65192996e-08  5.00000000e+00]
 [-6.14991760e+00 -2.95498657e+00  4.47258377e+01  2.99876900e+01
   9.28080812e-09  9.00000000e+00]
 [-3.43264008e+00 -3.27341557e+00  4.59027786e+01  3.03386803e+01
   4.24763691e-09  9.00000000e+00]]
2026-05-21 08:45:10 [DEBUG] 处理后检测输出形状: (0, 52)
2026-05-21 08:45:10 [DEBUG] 有效检测数量: 0
2026-05-21 08:45:10 [DEBUG] 检测输出为空
2026-05-21 08:45:10 [INFO] 掩码中检测到的类别: [0, 1, 2, 3, 4, 5, 6, 7, 8, 9, 10, 11, 12, 13, 15]
2026-05-21 08:45:10 [INFO] 分割完成，检测到 0 个物体
2026-05-21 08:45:10 [INFO] 从分割掩码中提取检测结果
2026-05-21 08:45:10 [INFO] 从掩码中提取了 593 个检测框
2026-05-21 08:45:11 [INFO] 保存分割和检测结果到: C:\code\show\Scrap_Steel_In_Field\photos\segmentation\segment_20260521_084510.jpg
2026-05-21 08:45:11 [INFO] JSON结果保存到: C:\code\show\Scrap_Steel_In_Field\photos\segmentation_result.json
2026-05-21 08:45:11 [INFO] 类别统计：{0: 27, 1: 60, 2: 29, 3: 7, 4: 58, 5: 37, 6: 24, 7: 42, 8: 89, 9: 54, 10: 34, 11: 37, 12: 18, 13: 48, 14: 0, 15: 29}
2026-05-21 08:45:11 [INFO] 面积统计：{0: np.float64(1816704.0), 1: np.float64(325872.0), 2: np.float64(93492.0), 3: np.float64(233676.0), 4: np.float64(269928.0), 5: np.float64(106668.0), 6: np.float64(540828.0), 7: np.float64(108468.0), 8: np.float64(1347588.0), 9: np.float64(291672.0), 10: np.float64(135720.0), 11: np.float64(198180.0), 12: np.float64(105696.0), 13: np.float64(787572.0), 15: np.float64(53352.0)}
2026-05-21 08:45:11 [INFO] 分割成功
2026-05-21 08:45:11 [INFO] 引擎上下文已释放
2026-05-21 08:45:11 [INFO] TensorRT 引擎已释放
2026-05-21 08:45:11 [INFO] 全局 CUDA 资源已释放
2026-05-21 08:45:11 [INFO] 分割系统资源已释放
2026-05-21 08:45:15 [INFO] CUDA 初始化成功
2026-05-21 08:45:16 [INFO] 引擎加载成功: scrap_steel.engine
2026-05-21 08:45:16 [INFO] 分割系统初始化成功
2026-05-21 08:45:16 [INFO] 图像预处理完成，原始尺寸: (2160, 3840)
2026-05-21 08:45:16 [INFO] 开始执行分割...
2026-05-21 08:45:16 [DEBUG] 处理后的检测结果形状: (1, 8400, 6)
2026-05-21 08:45:16 [DEBUG] 示例检测结果: [[-3.99055862e+00 -3.28700876e+00  3.96164818e+01  1.57956562e+01
   3.68061457e-08  5.00000000e+00]
 [-6.16398239e+00 -2.95478821e+00  4.47754555e+01  2.99649353e+01
   9.28053634e-09  9.00000000e+00]
 [-3.42662811e+00 -3.28790188e+00  4.59351349e+01  3.03485489e+01
   4.26631530e-09  9.00000000e+00]]
2026-05-21 08:45:16 [DEBUG] 处理后检测输出形状: (0, 52)
2026-05-21 08:45:16 [DEBUG] 有效检测数量: 0
2026-05-21 08:45:16 [DEBUG] 检测输出为空
2026-05-21 08:45:16 [INFO] 掩码中检测到的类别: [0, 1, 2, 3, 4, 5, 6, 7, 8, 9, 10, 11, 12, 13, 15]
2026-05-21 08:45:16 [INFO] 分割完成，检测到 0 个物体
2026-05-21 08:45:16 [INFO] 从分割掩码中提取检测结果
2026-05-21 08:45:16 [INFO] 从掩码中提取了 601 个检测框
2026-05-21 08:45:17 [INFO] 保存分割和检测结果到: C:\code\show\Scrap_Steel_In_Field\photos\segmentation\segment_20260521_084516.jpg
2026-05-21 08:45:17 [INFO] JSON结果保存到: C:\code\show\Scrap_Steel_In_Field\photos\segmentation_result.json
2026-05-21 08:45:17 [INFO] 类别统计：{0: 18, 1: 60, 2: 32, 3: 7, 4: 58, 5: 39, 6: 18, 7: 42, 8: 93, 9: 59, 10: 34, 11: 43, 12: 15, 13: 51, 14: 0, 15: 32}
2026-05-21 08:45:17 [INFO] 面积统计：{0: np.float64(1815660.0), 1: np.float64(317556.0), 2: np.float64(95976.0), 3: np.float64(219924.0), 4: np.float64(240588.0), 5: np.float64(108720.0), 6: np.float64(536976.0), 7: np.float64(109800.0), 8: np.float64(1338336.0), 9: np.float64(295236.0), 10: np.float64(138744.0), 11: np.float64(206388.0), 12: np.float64(112032.0), 13: np.float64(792612.0), 15: np.float64(58932.0)}
2026-05-21 08:45:17 [INFO] 分割成功
2026-05-21 08:45:17 [INFO] 引擎上下文已释放
2026-05-21 08:45:17 [INFO] TensorRT 引擎已释放
2026-05-21 08:45:17 [INFO] 全局 CUDA 资源已释放
2026-05-21 08:45:17 [INFO] 分割系统资源已释放
2026-05-21 08:45:21 [INFO] CUDA 初始化成功
2026-05-21 08:45:21 [INFO] 引擎加载成功: scrap_steel.engine
2026-05-21 08:45:21 [INFO] 分割系统初始化成功
2026-05-21 08:45:21 [INFO] 图像预处理完成，原始尺寸: (2160, 3840)
2026-05-21 08:45:21 [INFO] 开始执行分割...
2026-05-21 08:45:21 [DEBUG] 处理后的检测结果形状: (1, 8400, 6)
2026-05-21 08:45:21 [DEBUG] 示例检测结果: [[-3.98191071e+00 -3.28941727e+00  3.96088104e+01  1.57392731e+01
   3.68061457e-08  5.00000000e+00]
 [-6.15287018e+00 -2.95471096e+00  4.48341217e+01  3.00378494e+01
   9.28053634e-09  9.00000000e+00]
 [-3.43770218e+00 -3.29948235e+00  4.59708672e+01  3.04194202e+01
   4.31426095e-09  9.00000000e+00]]
2026-05-21 08:45:21 [DEBUG] 处理后检测输出形状: (0, 52)
2026-05-21 08:45:21 [DEBUG] 有效检测数量: 0
2026-05-21 08:45:21 [DEBUG] 检测输出为空
2026-05-21 08:45:21 [INFO] 掩码中检测到的类别: [0, 1, 2, 3, 4, 5, 6, 7, 8, 9, 10, 11, 12, 13, 15]
2026-05-21 08:45:21 [INFO] 分割完成，检测到 0 个物体
2026-05-21 08:45:21 [INFO] 从分割掩码中提取检测结果
2026-05-21 08:45:21 [INFO] 从掩码中提取了 594 个检测框
2026-05-21 08:45:22 [INFO] 保存分割和检测结果到: C:\code\show\Scrap_Steel_In_Field\photos\segmentation\segment_20260521_084521.jpg
2026-05-21 08:45:22 [INFO] JSON结果保存到: C:\code\show\Scrap_Steel_In_Field\photos\segmentation_result.json
2026-05-21 08:45:22 [INFO] 类别统计：{0: 19, 1: 56, 2: 34, 3: 8, 4: 50, 5: 42, 6: 24, 7: 50, 8: 90, 9: 54, 10: 32, 11: 46, 12: 15, 13: 44, 14: 0, 15: 30}
2026-05-21 08:45:22 [INFO] 面积统计：{0: np.float64(1839204.0), 1: np.float64(320688.0), 2: np.float64(94104.0), 3: np.float64(223200.0), 4: np.float64(215460.0), 5: np.float64(100296.0), 6: np.float64(555660.0), 7: np.float64(113292.0), 8: np.float64(1283904.0), 9: np.float64(285516.0), 10: np.float64(137988.0), 11: np.float64(203652.0), 12: np.float64(110772.0), 13: np.float64(801468.0), 15: np.float64(60372.0)}
2026-05-21 08:45:22 [INFO] 分割成功
2026-05-21 08:45:22 [INFO] 引擎上下文已释放
2026-05-21 08:45:22 [INFO] TensorRT 引擎已释放
2026-05-21 08:45:22 [INFO] 全局 CUDA 资源已释放
2026-05-21 08:45:22 [INFO] 分割系统资源已释放
2026-05-21 08:45:26 [INFO] CUDA 初始化成功
2026-05-21 08:45:26 [INFO] 引擎加载成功: scrap_steel.engine
2026-05-21 08:45:26 [INFO] 分割系统初始化成功
2026-05-21 08:45:26 [INFO] 图像预处理完成，原始尺寸: (2160, 3840)
2026-05-21 08:45:26 [INFO] 开始执行分割...
2026-05-21 08:45:26 [DEBUG] 处理后的检测结果形状: (1, 8400, 6)
2026-05-21 08:45:26 [DEBUG] 示例检测结果: [[-4.02154922e+00 -3.27516937e+00  3.95491714e+01  1.57089500e+01
   3.69504178e-08  5.00000000e+00]
 [-6.17877579e+00 -2.95229053e+00  4.48430023e+01  2.99113350e+01
   9.31686728e-09  9.00000000e+00]
 [-3.45732880e+00 -3.31315613e+00  4.59878464e+01  3.03587990e+01
   4.28242242e-09  9.00000000e+00]]
2026-05-21 08:45:26 [DEBUG] 处理后检测输出形状: (0, 52)
2026-05-21 08:45:26 [DEBUG] 有效检测数量: 0
2026-05-21 08:45:26 [DEBUG] 检测输出为空
2026-05-21 08:45:26 [INFO] 掩码中检测到的类别: [0, 1, 2, 3, 4, 5, 6, 7, 8, 9, 10, 11, 12, 13, 15]
2026-05-21 08:45:26 [INFO] 分割完成，检测到 0 个物体
2026-05-21 08:45:26 [INFO] 从分割掩码中提取检测结果
2026-05-21 08:45:26 [INFO] 从掩码中提取了 562 个检测框
2026-05-21 08:45:27 [INFO] 保存分割和检测结果到: C:\code\show\Scrap_Steel_In_Field\photos\segmentation\segment_20260521_084526.jpg
2026-05-21 08:45:27 [INFO] JSON结果保存到: C:\code\show\Scrap_Steel_In_Field\photos\segmentation_result.json
2026-05-21 08:45:27 [INFO] 类别统计：{0: 21, 1: 53, 2: 31, 3: 8, 4: 40, 5: 39, 6: 20, 7: 44, 8: 84, 9: 52, 10: 30, 11: 45, 12: 13, 13: 52, 14: 0, 15: 30}
2026-05-21 08:45:27 [INFO] 面积统计：{0: np.float64(1887048.0), 1: np.float64(309564.0), 2: np.float64(85932.0), 3: np.float64(218736.0), 4: np.float64(209988.0), 5: np.float64(117036.0), 6: np.float64(549792.0), 7: np.float64(112860.0), 8: np.float64(1288152.0), 9: np.float64(276156.0), 10: np.float64(125496.0), 11: np.float64(209880.0), 12: np.float64(112212.0), 13: np.float64(800352.0), 15: np.float64(56736.0)}
2026-05-21 08:45:27 [INFO] 分割成功
2026-05-21 08:45:27 [INFO] 引擎上下文已释放
2026-05-21 08:45:27 [INFO] TensorRT 引擎已释放
2026-05-21 08:45:27 [INFO] 全局 CUDA 资源已释放
2026-05-21 08:45:27 [INFO] 分割系统资源已释放
2026-05-21 08:45:31 [INFO] CUDA 初始化成功
2026-05-21 08:45:31 [INFO] 引擎加载成功: scrap_steel.engine
2026-05-21 08:45:31 [INFO] 分割系统初始化成功
2026-05-21 08:45:31 [INFO] 图像预处理完成，原始尺寸: (2160, 3840)
2026-05-21 08:45:31 [INFO] 开始执行分割...
2026-05-21 08:45:31 [DEBUG] 处理后的检测结果形状: (1, 8400, 6)
2026-05-21 08:45:31 [DEBUG] 示例检测结果: [[-3.98839951e+00 -3.29811096e+00  3.95197296e+01  1.57901306e+01
   3.69496433e-08  5.00000000e+00]
 [-6.15070343e+00 -2.95179176e+00  4.47266426e+01  3.00148830e+01
   9.17276033e-09  9.00000000e+00]
 [-3.43509674e+00 -3.28522205e+00  4.59075012e+01  3.03875237e+01
   4.26314983e-09  9.00000000e+00]]
2026-05-21 08:45:31 [DEBUG] 处理后检测输出形状: (0, 52)
2026-05-21 08:45:31 [DEBUG] 有效检测数量: 0
2026-05-21 08:45:31 [DEBUG] 检测输出为空
2026-05-21 08:45:31 [INFO] 掩码中检测到的类别: [0, 1, 2, 3, 4, 5, 6, 7, 8, 9, 10, 11, 12, 13, 15]
2026-05-21 08:45:31 [INFO] 分割完成，检测到 0 个物体
2026-05-21 08:45:31 [INFO] 从分割掩码中提取检测结果
2026-05-21 08:45:31 [INFO] 从掩码中提取了 584 个检测框
2026-05-21 08:45:32 [INFO] 保存分割和检测结果到: C:\code\show\Scrap_Steel_In_Field\photos\segmentation\segment_20260521_084531.jpg
2026-05-21 08:45:32 [INFO] JSON结果保存到: C:\code\show\Scrap_Steel_In_Field\photos\segmentation_result.json
2026-05-21 08:45:32 [INFO] 类别统计：{0: 43, 1: 57, 2: 30, 3: 7, 4: 46, 5: 35, 6: 23, 7: 47, 8: 79, 9: 52, 10: 29, 11: 45, 12: 16, 13: 41, 14: 0, 15: 34}
2026-05-21 08:45:32 [INFO] 面积统计：{0: np.float64(1772316.0), 1: np.float64(332352.0), 2: np.float64(84636.0), 3: np.float64(222336.0), 4: np.float64(232560.0), 5: np.float64(107496.0), 6: np.float64(558360.0), 7: np.float64(114516.0), 8: np.float64(1338048.0), 9: np.float64(305532.0), 10: np.float64(143532.0), 11: np.float64(204408.0), 12: np.float64(118332.0), 13: np.float64(802548.0), 15: np.float64(58500.0)}
2026-05-21 08:45:32 [INFO] 分割成功
2026-05-21 08:45:32 [INFO] 引擎上下文已释放
2026-05-21 08:45:32 [INFO] TensorRT 引擎已释放
2026-05-21 08:45:32 [INFO] 全局 CUDA 资源已释放
2026-05-21 08:45:32 [INFO] 分割系统资源已释放
2026-05-21 08:45:36 [INFO] CUDA 初始化成功
2026-05-21 08:45:36 [INFO] 引擎加载成功: scrap_steel.engine
2026-05-21 08:45:36 [INFO] 分割系统初始化成功
2026-05-21 08:45:36 [INFO] 图像预处理完成，原始尺寸: (2160, 3840)
2026-05-21 08:45:36 [INFO] 开始执行分割...
2026-05-21 08:45:36 [DEBUG] 处理后的检测结果形状: (1, 8400, 6)
2026-05-21 08:45:36 [DEBUG] 示例检测结果: [[-3.98785782e+00 -3.28356600e+00  3.95100098e+01  1.57289619e+01
   3.73839484e-08  5.00000000e+00]
 [-6.11516571e+00 -2.92728615e+00  4.47055130e+01  2.98646793e+01
   9.35404554e-09  9.00000000e+00]
 [-3.41912842e+00 -3.28724575e+00  4.59139023e+01  3.03520279e+01
   4.31426095e-09  9.00000000e+00]]
2026-05-21 08:45:36 [DEBUG] 处理后检测输出形状: (0, 52)
2026-05-21 08:45:36 [DEBUG] 有效检测数量: 0
2026-05-21 08:45:36 [DEBUG] 检测输出为空
2026-05-21 08:45:36 [INFO] 掩码中检测到的类别: [0, 1, 2, 3, 4, 5, 6, 7, 8, 9, 10, 11, 12, 13, 15]
2026-05-21 08:45:36 [INFO] 分割完成，检测到 0 个物体
2026-05-21 08:45:36 [INFO] 从分割掩码中提取检测结果
2026-05-21 08:45:36 [INFO] 从掩码中提取了 593 个检测框
2026-05-21 08:45:37 [INFO] 保存分割和检测结果到: C:\code\show\Scrap_Steel_In_Field\photos\segmentation\segment_20260521_084536.jpg
2026-05-21 08:45:37 [INFO] JSON结果保存到: C:\code\show\Scrap_Steel_In_Field\photos\segmentation_result.json
2026-05-21 08:45:37 [INFO] 类别统计：{0: 16, 1: 62, 2: 35, 3: 9, 4: 46, 5: 38, 6: 30, 7: 48, 8: 80, 9: 59, 10: 33, 11: 46, 12: 18, 13: 43, 14: 0, 15: 30}
2026-05-21 08:45:37 [INFO] 面积统计：{0: np.float64(1834668.0), 1: np.float64(330480.0), 2: np.float64(101232.0), 3: np.float64(225000.0), 4: np.float64(204372.0), 5: np.float64(93132.0), 6: np.float64(532080.0), 7: np.float64(114948.0), 8: np.float64(1305756.0), 9: np.float64(313344.0), 10: np.float64(132336.0), 11: np.float64(208296.0), 12: np.float64(106452.0), 13: np.float64(800640.0), 15: np.float64(51228.0)}
2026-05-21 08:45:37 [INFO] 分割成功
2026-05-21 08:45:37 [INFO] 引擎上下文已释放
2026-05-21 08:45:37 [INFO] TensorRT 引擎已释放
2026-05-21 08:45:37 [INFO] 全局 CUDA 资源已释放
2026-05-21 08:45:37 [INFO] 分割系统资源已释放
2026-05-21 08:45:41 [INFO] CUDA 初始化成功
2026-05-21 08:45:41 [INFO] 引擎加载成功: scrap_steel.engine
2026-05-21 08:45:41 [INFO] 分割系统初始化成功
2026-05-21 08:45:41 [INFO] 图像预处理完成，原始尺寸: (2160, 3840)
2026-05-21 08:45:41 [INFO] 开始执行分割...
2026-05-21 08:45:41 [DEBUG] 处理后的检测结果形状: (1, 8400, 6)
2026-05-21 08:45:41 [DEBUG] 示例检测结果: [[-3.99039841e+00 -3.31169558e+00  3.96394234e+01  1.58094215e+01
   3.68059503e-08  5.00000000e+00]
 [-6.17953491e+00 -2.96416759e+00  4.47554016e+01  3.00508270e+01
   9.31742683e-09  9.00000000e+00]
 [-3.43984985e+00 -3.33930588e+00  4.59528580e+01  3.04854355e+01
   4.26441105e-09  9.00000000e+00]]
2026-05-21 08:45:41 [DEBUG] 处理后检测输出形状: (0, 52)
2026-05-21 08:45:41 [DEBUG] 有效检测数量: 0
2026-05-21 08:45:41 [DEBUG] 检测输出为空
2026-05-21 08:45:41 [INFO] 掩码中检测到的类别: [0, 1, 2, 3, 4, 5, 6, 7, 8, 9, 10, 11, 12, 13, 15]
2026-05-21 08:45:41 [INFO] 分割完成，检测到 0 个物体
2026-05-21 08:45:41 [INFO] 从分割掩码中提取检测结果
2026-05-21 08:45:42 [INFO] 从掩码中提取了 591 个检测框
2026-05-21 08:45:42 [INFO] 保存分割和检测结果到: C:\code\show\Scrap_Steel_In_Field\photos\segmentation\segment_20260521_084542.jpg
2026-05-21 08:45:42 [INFO] JSON结果保存到: C:\code\show\Scrap_Steel_In_Field\photos\segmentation_result.json
2026-05-21 08:45:42 [INFO] 类别统计：{0: 20, 1: 59, 2: 25, 3: 10, 4: 56, 5: 37, 6: 25, 7: 46, 8: 94, 9: 53, 10: 35, 11: 44, 12: 13, 13: 41, 14: 0, 15: 33}
2026-05-21 08:45:42 [INFO] 面积统计：{0: np.float64(1755576.0), 1: np.float64(318888.0), 2: np.float64(94752.0), 3: np.float64(212580.0), 4: np.float64(254556.0), 5: np.float64(107820.0), 6: np.float64(557532.0), 7: np.float64(110952.0), 8: np.float64(1292364.0), 9: np.float64(286668.0), 10: np.float64(141696.0), 11: np.float64(204804.0), 12: np.float64(111528.0), 13: np.float64(802080.0), 15: np.float64(54756.0)}
2026-05-21 08:45:42 [INFO] 分割成功
2026-05-21 08:45:42 [INFO] 引擎上下文已释放
2026-05-21 08:45:42 [INFO] TensorRT 引擎已释放
2026-05-21 08:45:42 [INFO] 全局 CUDA 资源已释放
2026-05-21 08:45:42 [INFO] 分割系统资源已释放
2026-05-21 08:45:46 [INFO] CUDA 初始化成功
2026-05-21 08:45:46 [INFO] 引擎加载成功: scrap_steel.engine
2026-05-21 08:45:46 [INFO] 分割系统初始化成功
2026-05-21 08:45:46 [INFO] 图像预处理完成，原始尺寸: (2160, 3840)
2026-05-21 08:45:46 [INFO] 开始执行分割...
2026-05-21 08:45:47 [DEBUG] 处理后的检测结果形状: (1, 8400, 6)
2026-05-21 08:45:47 [DEBUG] 示例检测结果: [[-3.95801163e+00 -3.25368595e+00  3.96911049e+01  1.55583200e+01
   3.73983617e-08  5.00000000e+00]
 [-6.19001389e+00 -2.90324974e+00  4.49228401e+01  2.98762951e+01
   9.48137568e-09  9.00000000e+00]
 [-3.45566177e+00 -3.24587059e+00  4.60166092e+01  3.03728161e+01
   4.31313651e-09  9.00000000e+00]]
2026-05-21 08:45:47 [DEBUG] 处理后检测输出形状: (0, 52)
2026-05-21 08:45:47 [DEBUG] 有效检测数量: 0
2026-05-21 08:45:47 [DEBUG] 检测输出为空
2026-05-21 08:45:47 [INFO] 掩码中检测到的类别: [0, 1, 2, 3, 4, 5, 6, 7, 8, 9, 10, 11, 12, 13, 15]
2026-05-21 08:45:47 [INFO] 分割完成，检测到 0 个物体
2026-05-21 08:45:47 [INFO] 从分割掩码中提取检测结果
2026-05-21 08:45:47 [INFO] 从掩码中提取了 613 个检测框
2026-05-21 08:45:47 [INFO] 保存分割和检测结果到: C:\code\show\Scrap_Steel_In_Field\photos\segmentation\segment_20260521_084547.jpg
2026-05-21 08:45:47 [INFO] JSON结果保存到: C:\code\show\Scrap_Steel_In_Field\photos\segmentation_result.json
2026-05-21 08:45:47 [INFO] 类别统计：{0: 48, 1: 58, 2: 30, 3: 6, 4: 45, 5: 38, 6: 28, 7: 47, 8: 87, 9: 55, 10: 32, 11: 42, 12: 17, 13: 44, 14: 0, 15: 36}
2026-05-21 08:45:47 [INFO] 面积统计：{0: np.float64(1776132.0), 1: np.float64(336384.0), 2: np.float64(93024.0), 3: np.float64(224424.0), 4: np.float64(248076.0), 5: np.float64(114912.0), 6: np.float64(539928.0), 7: np.float64(114048.0), 8: np.float64(1328436.0), 9: np.float64(291636.0), 10: np.float64(133524.0), 11: np.float64(203652.0), 12: np.float64(111564.0), 13: np.float64(780516.0), 15: np.float64(59256.0)}
2026-05-21 08:45:47 [INFO] 分割成功
2026-05-21 08:45:47 [INFO] 引擎上下文已释放
2026-05-21 08:45:47 [INFO] TensorRT 引擎已释放
2026-05-21 08:45:47 [INFO] 全局 CUDA 资源已释放
2026-05-21 08:45:47 [INFO] 分割系统资源已释放
