2025-08-19 14:39:46 [INFO] CUDA 初始化成功
2025-08-19 14:39:46 [INFO] 引擎加载成功: scrap_steel.engine
2025-08-19 14:39:46 [INFO] 分割系统初始化成功
2025-08-19 14:39:46 [INFO] 图像预处理完成，原始尺寸: (2160, 3840)
2025-08-19 14:39:46 [INFO] 开始执行分割...
2025-08-19 14:39:46 [DEBUG] 处理后的检测结果形状: (1, 8400, 6)
2025-08-19 14:39:46 [DEBUG] 示例检测结果: [[-3.85532761e+00 -3.16782379e+00  3.93610954e+01  1.51444016e+01
   4.23814264e-08  5.00000000e+00]
 [-5.90855408e+00 -2.80449677e+00  4.47206573e+01  3.00117836e+01
   9.44106660e-09  9.00000000e+00]
 [-3.41701126e+00 -3.32060242e+00  4.59724922e+01  3.09892006e+01
   4.16436663e-09  9.00000000e+00]]
2025-08-19 14:39:46 [DEBUG] 处理后检测输出形状: (0, 52)
2025-08-19 14:39:46 [DEBUG] 有效检测数量: 0
2025-08-19 14:39:46 [DEBUG] 检测输出为空
2025-08-19 14:39:46 [INFO] 掩码中检测到的类别: [0, 1, 2, 3, 4, 5, 6, 7, 8, 9, 10, 11, 12, 13, 14, 15]
2025-08-19 14:39:46 [INFO] 分割完成，检测到 0 个物体
2025-08-19 14:39:46 [INFO] 从分割掩码中提取检测结果
2025-08-19 14:39:46 [INFO] 从掩码中提取了 538 个检测框
2025-08-19 14:39:47 [INFO] 保存分割和检测结果到: C:\Users\diaoqingguang\Scrap_steel_system\Scrap_Steel_In_Field\photos\segmentation\segment_20250819_143946.jpg
2025-08-19 14:39:47 [INFO] JSON结果保存到: C:\Users\diaoqingguang\Scrap_steel_system\Scrap_Steel_In_Field\photos\segmentation_result.json
2025-08-19 14:39:47 [INFO] 类别统计：{0: 11, 1: 63, 2: 33, 3: 2, 4: 42, 5: 46, 6: 26, 7: 37, 8: 57, 9: 59, 10: 38, 11: 11, 12: 27, 13: 61, 14: 0, 15: 25}
2025-08-19 14:39:47 [INFO] 面积统计：{0: 3095640.0, 1: 658908.0, 2: 71568.0, 3: 275292.0, 4: 294732.0, 5: 92772.0, 6: 681948.0, 7: 61272.0, 8: 757296.0, 9: 138312.0, 10: 180036.0, 11: 228420.0, 12: 126756.0, 13: 711360.0, 14: 288.0, 15: 74124.0}
2025-08-19 14:39:47 [INFO] 分割成功
2025-08-19 14:39:47 [INFO] 引擎上下文已释放
2025-08-19 14:39:47 [INFO] TensorRT 引擎已释放
2025-08-19 14:39:47 [INFO] 全局 CUDA 资源已释放
2025-08-19 14:39:47 [INFO] 分割系统资源已释放
2025-08-19 14:43:48 [INFO] CUDA 初始化成功
2025-08-19 14:43:48 [INFO] 引擎加载成功: scrap_steel.engine
2025-08-19 14:43:48 [INFO] 分割系统初始化成功
2025-08-19 14:43:48 [INFO] 图像预处理完成，原始尺寸: (2160, 3840)
2025-08-19 14:43:48 [INFO] 开始执行分割...
2025-08-19 14:43:48 [DEBUG] 处理后的检测结果形状: (1, 8400, 6)
2025-08-19 14:43:48 [DEBUG] 示例检测结果: [[-3.85449600e+00 -3.17650557e+00  3.94409027e+01  1.51390152e+01
   4.23814264e-08  5.00000000e+00]
 [-5.94480133e+00 -2.78423786e+00  4.48199387e+01  2.99868851e+01
   9.47526146e-09  9.00000000e+00]
 [-3.42016220e+00 -3.29263306e+00  4.60108719e+01  3.09493561e+01
   4.21009361e-09  9.00000000e+00]]
2025-08-19 14:43:48 [DEBUG] 处理后检测输出形状: (0, 52)
2025-08-19 14:43:48 [DEBUG] 有效检测数量: 0
2025-08-19 14:43:48 [DEBUG] 检测输出为空
2025-08-19 14:43:48 [INFO] 掩码中检测到的类别: [0, 1, 2, 3, 4, 5, 6, 7, 8, 9, 10, 11, 12, 13, 14, 15]
2025-08-19 14:43:48 [INFO] 分割完成，检测到 0 个物体
2025-08-19 14:43:48 [INFO] 从分割掩码中提取检测结果
2025-08-19 14:43:48 [INFO] 从掩码中提取了 518 个检测框
2025-08-19 14:43:48 [INFO] 保存分割和检测结果到: C:\Users\diaoqingguang\Scrap_steel_system\Scrap_Steel_In_Field\photos\segmentation\segment_20250819_144348.jpg
2025-08-19 14:43:48 [INFO] JSON结果保存到: C:\Users\diaoqingguang\Scrap_steel_system\Scrap_Steel_In_Field\photos\segmentation_result.json
2025-08-19 14:43:48 [INFO] 类别统计：{0: 16, 1: 75, 2: 32, 3: 1, 4: 41, 5: 37, 6: 24, 7: 49, 8: 42, 9: 49, 10: 29, 11: 9, 12: 26, 13: 66, 14: 0, 15: 22}
2025-08-19 14:43:48 [INFO] 面积统计：{0: 3181644.0, 1: 514008.0, 2: 79560.0, 3: 285228.0, 4: 257832.0, 5: 120132.0, 6: 662904.0, 7: 52236.0, 8: 761688.0, 9: 110304.0, 10: 160704.0, 11: 218196.0, 12: 120636.0, 13: 743508.0, 14: 576.0, 15: 55872.0}
2025-08-19 14:43:48 [INFO] 分割成功
2025-08-19 14:43:48 [INFO] 引擎上下文已释放
2025-08-19 14:43:48 [INFO] TensorRT 引擎已释放
2025-08-19 14:43:48 [INFO] 全局 CUDA 资源已释放
2025-08-19 14:43:48 [INFO] 分割系统资源已释放
2025-08-19 14:46:09 [INFO] CUDA 初始化成功
2025-08-19 14:46:09 [INFO] 引擎加载成功: scrap_steel.engine
2025-08-19 14:46:09 [INFO] 分割系统初始化成功
2025-08-19 14:46:09 [INFO] 图像预处理完成，原始尺寸: (2160, 3840)
2025-08-19 14:46:09 [INFO] 开始执行分割...
2025-08-19 14:46:09 [DEBUG] 处理后的检测结果形状: (1, 8400, 6)
2025-08-19 14:46:09 [DEBUG] 示例检测结果: [[-3.83980179e+00 -3.18420506e+00  3.93899193e+01  1.51340513e+01
   4.20539230e-08  5.00000000e+00]
 [-5.90164185e+00 -2.79532337e+00  4.47958832e+01  2.99946213e+01
   9.33086142e-09  9.00000000e+00]
 [-3.42334366e+00 -3.31847954e+00  4.60048752e+01  3.10184841e+01
   4.14676293e-09  9.00000000e+00]]
2025-08-19 14:46:09 [DEBUG] 处理后检测输出形状: (0, 52)
2025-08-19 14:46:09 [DEBUG] 有效检测数量: 0
2025-08-19 14:46:09 [DEBUG] 检测输出为空
2025-08-19 14:46:09 [INFO] 掩码中检测到的类别: [0, 1, 2, 3, 4, 5, 6, 7, 8, 9, 10, 11, 12, 13, 14, 15]
2025-08-19 14:46:09 [INFO] 分割完成，检测到 0 个物体
2025-08-19 14:46:09 [INFO] 从分割掩码中提取检测结果
2025-08-19 14:46:09 [INFO] 从掩码中提取了 519 个检测框
2025-08-19 14:46:09 [INFO] 保存分割和检测结果到: C:\Users\diaoqingguang\Scrap_steel_system\Scrap_Steel_In_Field\photos\segmentation\segment_20250819_144609.jpg
2025-08-19 14:46:09 [INFO] JSON结果保存到: C:\Users\diaoqingguang\Scrap_steel_system\Scrap_Steel_In_Field\photos\segmentation_result.json
2025-08-19 14:46:09 [INFO] 类别统计：{0: 14, 1: 70, 2: 35, 3: 0, 4: 37, 5: 31, 6: 17, 7: 42, 8: 56, 9: 55, 10: 30, 11: 7, 12: 17, 13: 89, 14: 0, 15: 19}
2025-08-19 14:46:09 [INFO] 面积统计：{0: 3081132.0, 1: 590544.0, 2: 73548.0, 3: 315360.0, 4: 272124.0, 5: 90216.0, 6: 654696.0, 7: 48384.0, 8: 717192.0, 9: 105660.0, 10: 169992.0, 11: 215964.0, 12: 81756.0, 13: 731988.0, 14: 144.0, 15: 53820.0}
2025-08-19 14:46:09 [INFO] 分割成功
2025-08-19 14:46:09 [INFO] 引擎上下文已释放
2025-08-19 14:46:09 [INFO] TensorRT 引擎已释放
2025-08-19 14:46:09 [INFO] 全局 CUDA 资源已释放
2025-08-19 14:46:09 [INFO] 分割系统资源已释放
