2026-05-25 09:25:02 [INFO] CUDA 初始化成功
2026-05-25 09:25:02 [INFO] 引擎加载成功: scrap_steel.engine
2026-05-25 09:25:02 [INFO] 分割系统初始化成功
2026-05-25 09:25:04 [INFO] 引擎加载成功: scrap_steel.engine
2026-05-25 09:25:04 [INFO] 分割系统初始化成功
2026-05-25 09:25:04 [INFO] 图像预处理完成，原始尺寸: (2160, 3840)
2026-05-25 09:25:04 [INFO] 开始执行分割...
2026-05-25 09:25:04 [ERROR] 推理过程发生异常: explicit_context_dependent failed: invalid device context - no currently active context?
2026-05-25 09:25:04 [INFO] 分割完成，检测到 0 个物体
2026-05-25 09:25:04 [INFO] 计算出的车框矩形边界: (953, 690) to (3208, 1707)
2026-05-25 09:25:04 [INFO] 原始检测数: 0, 过滤后检测数: 0
2026-05-25 09:25:04 [ERROR] 保存结果失败: 'NoneType' object has no attribute 'shape'
2026-05-25 09:25:04 [ERROR] 分割失败: 未能生成有效的分割掩码
2026-05-25 09:25:04 [INFO] 引擎上下文已释放
2026-05-25 09:25:04 [INFO] TensorRT 引擎已释放
2026-05-25 09:25:04 [INFO] 全局 CUDA 资源已释放
2026-05-25 09:25:04 [INFO] 分割系统资源已释放
2026-05-25 09:25:12 [INFO] CUDA 初始化成功
2026-05-25 09:25:12 [INFO] 引擎加载成功: scrap_steel.engine
2026-05-25 09:25:12 [INFO] 分割系统初始化成功
2026-05-25 09:25:12 [INFO] 图像预处理完成，原始尺寸: (2160, 3840)
2026-05-25 09:25:12 [INFO] 开始执行分割...
2026-05-25 09:25:12 [DEBUG] 处理后的检测结果形状: (1, 8400, 6)
2026-05-25 09:25:12 [DEBUG] 示例检测结果: [[-4.11617661e+00 -3.33839893e+00  3.86544800e+01  1.56876402e+01
   4.26986517e-08  5.00000000e+00]
 [-6.39567184e+00 -3.10285091e+00  4.39267769e+01  2.98442764e+01
   9.28084010e-09  9.00000000e+00]
 [-3.63765717e+00 -3.66320610e+00  4.55585632e+01  3.03813229e+01
   4.04039113e-09  9.00000000e+00]]
2026-05-25 09:25:12 [DEBUG] 处理后检测输出形状: (0, 52)
2026-05-25 09:25:12 [DEBUG] 有效检测数量: 0
2026-05-25 09:25:12 [DEBUG] 检测输出为空
2026-05-25 09:25:12 [INFO] 掩码中检测到的类别: [0, 1, 2, 3, 4, 5, 6, 7, 8, 9, 10, 11, 12, 13, 15]
2026-05-25 09:25:12 [INFO] 分割完成，检测到 0 个物体
2026-05-25 09:25:12 [INFO] 从分割掩码中提取检测结果
2026-05-25 09:25:13 [INFO] 从掩码中提取了 513 个检测框
2026-05-25 09:25:13 [INFO] 计算出的车框矩形边界: (954, 690) to (3207, 1707)
2026-05-25 09:25:13 [INFO] 原始检测数: 513, 过滤后检测数: 214
2026-05-25 09:25:13 [INFO] 保存分割和检测结果到: C:\code\show\Scrap_Steel_In_Field\photos\segmentation\segment_20260525_092513.jpg
2026-05-25 09:25:13 [INFO] JSON结果保存到: C:\code\show\Scrap_Steel_In_Field\photos\segmentation_result.json
2026-05-25 09:25:13 [INFO] 类别统计：{0: 11, 1: 70, 2: 36, 3: 0, 4: 28, 5: 37, 6: 22, 7: 42, 8: 69, 9: 60, 10: 23, 11: 20, 12: 16, 13: 52, 14: 0, 15: 27}
2026-05-25 09:25:13 [INFO] 面积统计：{0: 3962196.0, 1: 877608.0, 2: 44244.0, 3: 113220.0, 4: 162612.0, 5: 96912.0, 6: 504288.0, 7: 66600.0, 8: 967392.0, 9: 229752.0, 10: 128160.0, 11: 261396.0, 12: 84312.0, 13: 608688.0, 15: 114732.0}
2026-05-25 09:25:13 [INFO] 分割成功
2026-05-25 09:25:13 [INFO] 引擎上下文已释放
2026-05-25 09:25:13 [INFO] TensorRT 引擎已释放
2026-05-25 09:25:13 [INFO] 全局 CUDA 资源已释放
2026-05-25 09:25:13 [INFO] 分割系统资源已释放
2026-05-25 09:25:17 [INFO] CUDA 初始化成功
2026-05-25 09:25:17 [INFO] 引擎加载成功: scrap_steel.engine
2026-05-25 09:25:17 [INFO] 分割系统初始化成功
2026-05-25 09:25:17 [INFO] 图像预处理完成，原始尺寸: (2160, 3840)
2026-05-25 09:25:17 [INFO] 开始执行分割...
2026-05-25 09:25:17 [DEBUG] 处理后的检测结果形状: (1, 8400, 6)
2026-05-25 09:25:17 [DEBUG] 示例检测结果: [[-4.17129898e+00 -3.34462643e+00  3.87505531e+01  1.58277197e+01
   4.25522977e-08  5.00000000e+00]
 [-6.46116638e+00 -3.11454678e+00  4.40756416e+01  2.99651566e+01
   9.42755474e-09  9.00000000e+00]
 [-3.66796875e+00 -3.67312908e+00  4.55914764e+01  3.04336624e+01
   4.15114432e-09  9.00000000e+00]]
2026-05-25 09:25:17 [DEBUG] 处理后检测输出形状: (0, 52)
2026-05-25 09:25:17 [DEBUG] 有效检测数量: 0
2026-05-25 09:25:17 [DEBUG] 检测输出为空
2026-05-25 09:25:17 [INFO] 掩码中检测到的类别: [0, 1, 2, 3, 4, 5, 6, 7, 8, 9, 10, 11, 12, 13, 15]
2026-05-25 09:25:17 [INFO] 分割完成，检测到 0 个物体
2026-05-25 09:25:17 [INFO] 从分割掩码中提取检测结果
2026-05-25 09:25:17 [INFO] 从掩码中提取了 471 个检测框
2026-05-25 09:25:17 [INFO] 计算出的车框矩形边界: (953, 692) to (3208, 1709)
2026-05-25 09:25:17 [INFO] 原始检测数: 471, 过滤后检测数: 202
2026-05-25 09:25:19 [INFO] 保存分割和检测结果到: C:\code\show\Scrap_Steel_In_Field\photos\segmentation\segment_20260525_092517.jpg
2026-05-25 09:25:19 [INFO] JSON结果保存到: C:\code\show\Scrap_Steel_In_Field\photos\segmentation_result.json
2026-05-25 09:25:19 [INFO] 类别统计：{0: 8, 1: 62, 2: 33, 3: 1, 4: 30, 5: 38, 6: 25, 7: 33, 8: 58, 9: 42, 10: 24, 11: 24, 12: 19, 13: 46, 14: 0, 15: 28}
2026-05-25 09:25:19 [INFO] 面积统计：{0: 3907260.0, 1: 895896.0, 2: 42660.0, 3: 111276.0, 4: 158004.0, 5: 93600.0, 6: 520884.0, 7: 66888.0, 8: 967968.0, 9: 198432.0, 10: 134244.0, 11: 263160.0, 12: 75096.0, 13: 606492.0, 15: 122868.0}
2026-05-25 09:25:19 [INFO] 分割成功
2026-05-25 09:25:19 [INFO] 引擎上下文已释放
2026-05-25 09:25:19 [INFO] TensorRT 引擎已释放
2026-05-25 09:25:19 [INFO] 全局 CUDA 资源已释放
2026-05-25 09:25:19 [INFO] 分割系统资源已释放
2026-05-25 09:25:22 [INFO] CUDA 初始化成功
2026-05-25 09:25:22 [INFO] 引擎加载成功: scrap_steel.engine
2026-05-25 09:25:22 [INFO] 分割系统初始化成功
2026-05-25 09:25:22 [INFO] 图像预处理完成，原始尺寸: (2160, 3840)
2026-05-25 09:25:22 [INFO] 开始执行分割...
2026-05-25 09:25:22 [DEBUG] 处理后的检测结果形状: (1, 8400, 6)
2026-05-25 09:25:22 [DEBUG] 示例检测结果: [[-4.14202881e+00 -3.36899281e+00  3.86700554e+01  1.58368406e+01
   4.25522977e-08  5.00000000e+00]
 [-6.43214798e+00 -3.13791466e+00  4.39462929e+01  2.99317913e+01
   9.20884968e-09  9.00000000e+00]
 [-3.64072037e+00 -3.67566681e+00  4.55674400e+01  3.03580437e+01
   4.03983247e-09  9.00000000e+00]]
2026-05-25 09:25:22 [DEBUG] 处理后检测输出形状: (0, 52)
2026-05-25 09:25:22 [DEBUG] 有效检测数量: 0
2026-05-25 09:25:22 [DEBUG] 检测输出为空
2026-05-25 09:25:22 [INFO] 掩码中检测到的类别: [0, 1, 2, 3, 4, 5, 6, 7, 8, 9, 10, 11, 12, 13, 15]
2026-05-25 09:25:22 [INFO] 分割完成，检测到 0 个物体
2026-05-25 09:25:22 [INFO] 从分割掩码中提取检测结果
2026-05-25 09:25:23 [INFO] 从掩码中提取了 493 个检测框
2026-05-25 09:25:23 [INFO] 计算出的车框矩形边界: (953, 690) to (3207, 1707)
2026-05-25 09:25:23 [INFO] 原始检测数: 493, 过滤后检测数: 197
2026-05-25 09:25:23 [INFO] 保存分割和检测结果到: C:\code\show\Scrap_Steel_In_Field\photos\segmentation\segment_20260525_092523.jpg
2026-05-25 09:25:23 [INFO] JSON结果保存到: C:\code\show\Scrap_Steel_In_Field\photos\segmentation_result.json
2026-05-25 09:25:23 [INFO] 类别统计：{0: 6, 1: 53, 2: 27, 3: 4, 4: 29, 5: 46, 6: 22, 7: 37, 8: 76, 9: 52, 10: 25, 11: 20, 12: 20, 13: 49, 14: 0, 15: 27}
2026-05-25 09:25:23 [INFO] 面积统计：{0: 3996216.0, 1: 864396.0, 2: 40248.0, 3: 111528.0, 4: 160236.0, 5: 99288.0, 6: 507564.0, 7: 64152.0, 8: 978336.0, 9: 226044.0, 10: 140580.0, 11: 259704.0, 12: 75384.0, 13: 607428.0, 15: 132444.0}
2026-05-25 09:25:23 [INFO] 分割成功
2026-05-25 09:25:23 [INFO] 引擎上下文已释放
2026-05-25 09:25:23 [INFO] TensorRT 引擎已释放
2026-05-25 09:25:23 [INFO] 全局 CUDA 资源已释放
2026-05-25 09:25:23 [INFO] 分割系统资源已释放
2026-05-25 09:25:27 [INFO] CUDA 初始化成功
2026-05-25 09:25:27 [INFO] 引擎加载成功: scrap_steel.engine
2026-05-25 09:25:27 [INFO] 分割系统初始化成功
2026-05-25 09:25:27 [INFO] 图像预处理完成，原始尺寸: (2160, 3840)
2026-05-25 09:25:27 [INFO] 开始执行分割...
2026-05-25 09:25:27 [DEBUG] 处理后的检测结果形状: (1, 8400, 6)
2026-05-25 09:25:27 [DEBUG] 示例检测结果: [[-4.11542892e+00 -3.33517361e+00  3.87357216e+01  1.57703257e+01
   4.37410108e-08  5.00000000e+00]
 [-6.42328262e+00 -3.10118198e+00  4.40021706e+01  3.00223312e+01
   9.62724300e-09  9.00000000e+00]
 [-3.64114761e+00 -3.66024017e+00  4.56284218e+01  3.05454483e+01
   4.18079082e-09  9.00000000e+00]]
2026-05-25 09:25:27 [DEBUG] 处理后检测输出形状: (0, 52)
2026-05-25 09:25:27 [DEBUG] 有效检测数量: 0
2026-05-25 09:25:27 [DEBUG] 检测输出为空
2026-05-25 09:25:27 [INFO] 掩码中检测到的类别: [0, 1, 2, 3, 4, 5, 6, 7, 8, 9, 10, 11, 12, 13, 15]
2026-05-25 09:25:27 [INFO] 分割完成，检测到 0 个物体
2026-05-25 09:25:27 [INFO] 从分割掩码中提取检测结果
2026-05-25 09:25:28 [INFO] 从掩码中提取了 508 个检测框
2026-05-25 09:25:28 [INFO] 计算出的车框矩形边界: (953, 696) to (3209, 1707)
2026-05-25 09:25:28 [INFO] 原始检测数: 508, 过滤后检测数: 213
2026-05-25 09:25:28 [INFO] 保存分割和检测结果到: C:\code\show\Scrap_Steel_In_Field\photos\segmentation\segment_20260525_092528.jpg
2026-05-25 09:25:28 [INFO] JSON结果保存到: C:\code\show\Scrap_Steel_In_Field\photos\segmentation_result.json
2026-05-25 09:25:28 [INFO] 类别统计：{0: 9, 1: 67, 2: 30, 3: 4, 4: 32, 5: 44, 6: 22, 7: 39, 8: 64, 9: 58, 10: 21, 11: 22, 12: 17, 13: 52, 14: 0, 15: 27}
2026-05-25 09:25:28 [INFO] 面积统计：{0: 3984840.0, 1: 879228.0, 2: 40464.0, 3: 114732.0, 4: 156888.0, 5: 105336.0, 6: 514332.0, 7: 63612.0, 8: 968148.0, 9: 222696.0, 10: 146844.0, 11: 265428.0, 12: 87516.0, 13: 606492.0, 15: 128988.0}
2026-05-25 09:25:28 [INFO] 分割成功
2026-05-25 09:25:28 [INFO] 引擎上下文已释放
2026-05-25 09:25:28 [INFO] TensorRT 引擎已释放
2026-05-25 09:25:28 [INFO] 全局 CUDA 资源已释放
2026-05-25 09:25:28 [INFO] 分割系统资源已释放
2026-05-25 09:25:32 [INFO] CUDA 初始化成功
2026-05-25 09:25:32 [INFO] 引擎加载成功: scrap_steel.engine
2026-05-25 09:25:32 [INFO] 分割系统初始化成功
2026-05-25 09:25:33 [INFO] 图像预处理完成，原始尺寸: (2160, 3840)
2026-05-25 09:25:33 [INFO] 开始执行分割...
2026-05-25 09:25:33 [DEBUG] 处理后的检测结果形状: (1, 8400, 6)
2026-05-25 09:25:33 [DEBUG] 示例检测结果: [[-4.10836411e+00 -3.31207561e+00  3.87995415e+01  1.57039270e+01
   4.30370264e-08  5.00000000e+00]
 [-6.41149521e+00 -3.08994770e+00  4.40409279e+01  2.99432030e+01
   9.59200719e-09  9.00000000e+00]
 [-3.65259171e+00 -3.63260460e+00  4.56209183e+01  3.05531750e+01
   4.08667322e-09  9.00000000e+00]]
2026-05-25 09:25:33 [DEBUG] 处理后检测输出形状: (0, 52)
2026-05-25 09:25:33 [DEBUG] 有效检测数量: 0
2026-05-25 09:25:33 [DEBUG] 检测输出为空
2026-05-25 09:25:33 [INFO] 掩码中检测到的类别: [0, 1, 2, 3, 4, 5, 6, 7, 8, 9, 10, 11, 12, 13, 15]
2026-05-25 09:25:33 [INFO] 分割完成，检测到 0 个物体
2026-05-25 09:25:33 [INFO] 从分割掩码中提取检测结果
2026-05-25 09:25:34 [INFO] 从掩码中提取了 499 个检测框
2026-05-25 09:25:34 [INFO] 计算出的车框矩形边界: (952, 695) to (3208, 1707)
2026-05-25 09:25:34 [INFO] 原始检测数: 499, 过滤后检测数: 213
2026-05-25 09:25:34 [INFO] 保存分割和检测结果到: C:\code\show\Scrap_Steel_In_Field\photos\segmentation\segment_20260525_092534.jpg
2026-05-25 09:25:34 [INFO] JSON结果保存到: C:\code\show\Scrap_Steel_In_Field\photos\segmentation_result.json
2026-05-25 09:25:34 [INFO] 类别统计：{0: 8, 1: 69, 2: 30, 3: 2, 4: 30, 5: 44, 6: 20, 7: 41, 8: 67, 9: 54, 10: 24, 11: 18, 12: 20, 13: 46, 14: 0, 15: 26}
2026-05-25 09:25:34 [INFO] 面积统计：{0: 3884256.0, 1: 933552.0, 2: 42084.0, 3: 114732.0, 4: 163908.0, 5: 96192.0, 6: 511164.0, 7: 72900.0, 8: 991620.0, 9: 253584.0, 10: 131580.0, 11: 257328.0, 12: 75060.0, 13: 604908.0, 15: 98208.0}
2026-05-25 09:25:34 [INFO] 分割成功
2026-05-25 09:25:34 [INFO] 引擎上下文已释放
2026-05-25 09:25:34 [INFO] TensorRT 引擎已释放
2026-05-25 09:25:34 [INFO] 全局 CUDA 资源已释放
2026-05-25 09:25:34 [INFO] 分割系统资源已释放
2026-05-25 09:25:38 [INFO] CUDA 初始化成功
2026-05-25 09:25:38 [INFO] 引擎加载成功: scrap_steel.engine
2026-05-25 09:25:38 [INFO] 分割系统初始化成功
2026-05-25 09:25:38 [INFO] 图像预处理完成，原始尺寸: (2160, 3840)
2026-05-25 09:25:38 [INFO] 开始执行分割...
2026-05-25 09:25:38 [DEBUG] 处理后的检测结果形状: (1, 8400, 6)
2026-05-25 09:25:38 [DEBUG] 示例检测结果: [[-4.12317276e+00 -3.33915901e+00  3.87889023e+01  1.57782612e+01
   4.37410108e-08  5.00000000e+00]
 [-6.43904114e+00 -3.11365223e+00  4.39820099e+01  2.99714737e+01
   9.47984446e-09  9.00000000e+00]
 [-3.67248154e+00 -3.65806484e+00  4.55722389e+01  3.05027199e+01
   4.13328927e-09  9.00000000e+00]]
2026-05-25 09:25:38 [DEBUG] 处理后检测输出形状: (0, 52)
2026-05-25 09:25:38 [DEBUG] 有效检测数量: 0
2026-05-25 09:25:38 [DEBUG] 检测输出为空
2026-05-25 09:25:38 [INFO] 掩码中检测到的类别: [0, 1, 2, 3, 4, 5, 6, 7, 8, 9, 10, 11, 12, 13, 15]
2026-05-25 09:25:38 [INFO] 分割完成，检测到 0 个物体
2026-05-25 09:25:38 [INFO] 从分割掩码中提取检测结果
2026-05-25 09:25:38 [INFO] 从掩码中提取了 492 个检测框
2026-05-25 09:25:38 [INFO] 计算出的车框矩形边界: (953, 690) to (3208, 1707)
2026-05-25 09:25:38 [INFO] 原始检测数: 492, 过滤后检测数: 208
2026-05-25 09:25:39 [INFO] 保存分割和检测结果到: C:\code\show\Scrap_Steel_In_Field\photos\segmentation\segment_20260525_092538.jpg
2026-05-25 09:25:39 [INFO] JSON结果保存到: C:\code\show\Scrap_Steel_In_Field\photos\segmentation_result.json
2026-05-25 09:25:39 [INFO] 类别统计：{0: 10, 1: 61, 2: 29, 3: 1, 4: 30, 5: 36, 6: 19, 7: 35, 8: 68, 9: 60, 10: 28, 11: 23, 12: 19, 13: 46, 14: 0, 15: 27}
2026-05-25 09:25:39 [INFO] 面积统计：{0: 3967992.0, 1: 835236.0, 2: 36576.0, 3: 111384.0, 4: 183708.0, 5: 105300.0, 6: 516096.0, 7: 63576.0, 8: 948780.0, 9: 270360.0, 10: 141444.0, 11: 263268.0, 12: 70668.0, 13: 615780.0, 15: 108324.0}
2026-05-25 09:25:39 [INFO] 分割成功
2026-05-25 09:25:39 [INFO] 引擎上下文已释放
2026-05-25 09:25:39 [INFO] TensorRT 引擎已释放
2026-05-25 09:25:39 [INFO] 全局 CUDA 资源已释放
2026-05-25 09:25:39 [INFO] 分割系统资源已释放
2026-05-25 09:25:43 [INFO] CUDA 初始化成功
2026-05-25 09:25:43 [INFO] 引擎加载成功: scrap_steel.engine
2026-05-25 09:25:43 [INFO] 分割系统初始化成功
2026-05-25 09:25:43 [INFO] 图像预处理完成，原始尺寸: (2160, 3840)
2026-05-25 09:25:43 [INFO] 开始执行分割...
2026-05-25 09:25:43 [DEBUG] 处理后的检测结果形状: (1, 8400, 6)
2026-05-25 09:25:43 [DEBUG] 示例检测结果: [[-4.10660553e+00 -3.30098057e+00  3.87550201e+01  1.56393003e+01
   4.27178293e-08  5.00000000e+00]
 [-6.40121460e+00 -3.06549740e+00  4.40782242e+01  2.98303871e+01
   9.48137568e-09  9.00000000e+00]
 [-3.64687347e+00 -3.60371399e+00  4.56115189e+01  3.04483337e+01
   4.16726209e-09  9.00000000e+00]]
2026-05-25 09:25:43 [DEBUG] 处理后检测输出形状: (0, 52)
2026-05-25 09:25:43 [DEBUG] 有效检测数量: 0
2026-05-25 09:25:43 [DEBUG] 检测输出为空
2026-05-25 09:25:43 [INFO] 掩码中检测到的类别: [0, 1, 2, 3, 4, 5, 6, 7, 8, 9, 10, 11, 12, 13, 15]
2026-05-25 09:25:43 [INFO] 分割完成，检测到 0 个物体
2026-05-25 09:25:43 [INFO] 从分割掩码中提取检测结果
2026-05-25 09:25:43 [INFO] 从掩码中提取了 469 个检测框
2026-05-25 09:25:43 [INFO] 计算出的车框矩形边界: (954, 690) to (3207, 1709)
2026-05-25 09:25:43 [INFO] 原始检测数: 469, 过滤后检测数: 204
2026-05-25 09:25:44 [INFO] 保存分割和检测结果到: C:\code\show\Scrap_Steel_In_Field\photos\segmentation\segment_20260525_092543.jpg
2026-05-25 09:25:44 [INFO] JSON结果保存到: C:\code\show\Scrap_Steel_In_Field\photos\segmentation_result.json
2026-05-25 09:25:44 [INFO] 类别统计：{0: 5, 1: 66, 2: 26, 3: 2, 4: 23, 5: 38, 6: 19, 7: 36, 8: 69, 9: 50, 10: 23, 11: 17, 12: 17, 13: 50, 14: 0, 15: 28}
2026-05-25 09:25:44 [INFO] 面积统计：{0: 4023648.0, 1: 854460.0, 2: 34920.0, 3: 114480.0, 4: 159012.0, 5: 95508.0, 6: 501048.0, 7: 63216.0, 8: 984636.0, 9: 242604.0, 10: 135288.0, 11: 268272.0, 12: 90504.0, 13: 600948.0, 15: 100080.0}
2026-05-25 09:25:44 [INFO] 分割成功
2026-05-25 09:25:44 [INFO] 引擎上下文已释放
2026-05-25 09:25:44 [INFO] TensorRT 引擎已释放
2026-05-25 09:25:44 [INFO] 全局 CUDA 资源已释放
2026-05-25 09:25:44 [INFO] 分割系统资源已释放
