2026-05-21 13:39:33 [INFO] CUDA 初始化成功
2026-05-21 13:39:33 [INFO] 引擎加载成功: scrap_steel.engine
2026-05-21 13:39:33 [INFO] 分割系统初始化成功
2026-05-21 13:39:36 [INFO] 引擎加载成功: scrap_steel.engine
2026-05-21 13:39:36 [INFO] 分割系统初始化成功
2026-05-21 13:39:36 [INFO] 图像预处理完成，原始尺寸: (2160, 3840)
2026-05-21 13:39:36 [INFO] 开始执行分割...
2026-05-21 13:39:36 [ERROR] 推理过程发生异常: explicit_context_dependent failed: invalid device context - no currently active context?
2026-05-21 13:39:36 [INFO] 分割完成，检测到 0 个物体
2026-05-21 13:39:36 [ERROR] 分割失败: 未能生成有效的分割掩码
2026-05-21 13:39:36 [INFO] 引擎上下文已释放
2026-05-21 13:39:36 [INFO] TensorRT 引擎已释放
2026-05-21 13:39:36 [INFO] 全局 CUDA 资源已释放
2026-05-21 13:39:36 [INFO] 分割系统资源已释放
2026-05-21 13:39:41 [INFO] CUDA 初始化成功
2026-05-21 13:39:41 [INFO] 引擎加载成功: scrap_steel.engine
2026-05-21 13:39:41 [INFO] 分割系统初始化成功
2026-05-21 13:39:41 [INFO] 图像预处理完成，原始尺寸: (2160, 3840)
2026-05-21 13:39:41 [INFO] 开始执行分割...
2026-05-21 13:39:41 [DEBUG] 处理后的检测结果形状: (1, 8400, 6)
2026-05-21 13:39:41 [DEBUG] 示例检测结果: [[-4.13871384e+00 -3.31754208e+00  3.90115662e+01  1.57398634e+01
   4.13824033e-08  5.00000000e+00]
 [-6.49350357e+00 -3.07234192e+00  4.41134682e+01  2.98914337e+01
   9.53799262e-09  9.00000000e+00]
 [-3.67566681e+00 -3.63558006e+00  4.56690826e+01  3.04526768e+01
   4.11959267e-09  9.00000000e+00]]
2026-05-21 13:39:41 [DEBUG] 处理后检测输出形状: (0, 52)
2026-05-21 13:39:41 [DEBUG] 有效检测数量: 0
2026-05-21 13:39:41 [DEBUG] 检测输出为空
2026-05-21 13:39:41 [INFO] 掩码中检测到的类别: [0, 1, 2, 3, 4, 5, 6, 7, 8, 9, 10, 11, 12, 13, 15]
2026-05-21 13:39:41 [INFO] 分割完成，检测到 0 个物体
2026-05-21 13:39:41 [INFO] 从分割掩码中提取检测结果
2026-05-21 13:39:41 [INFO] 从掩码中提取了 548 个检测框
2026-05-21 13:39:41 [INFO] 检测到车兜区域，将过滤区域外的目标
2026-05-21 13:39:41 [INFO] 车兜区域过滤: 548 -> 195 个目标
2026-05-21 13:39:41 [INFO] 保存分割和检测结果到: C:\code\show\Scrap_Steel_In_Field\photos\segmentation\segment_20260521_133941.jpg
2026-05-21 13:39:41 [INFO] JSON结果保存到: C:\code\show\Scrap_Steel_In_Field\photos\segmentation_result.json
2026-05-21 13:39:41 [INFO] 类别统计：{1: 400230, 2: 30420, 3: 1008, 4: 6408, 5: 55800, 6: 47772, 7: 31428, 8: 19044, 9: 45826, 10: 93780, 11: 648, 12: 110952, 13: 9832, 15: 14616}
2026-05-21 13:39:41 [INFO] 面积统计：{1: np.float64(400230.0), 2: np.float64(30420.0), 3: np.float64(1008.0), 4: np.float64(6408.0), 5: np.float64(55800.0), 6: np.float64(47772.0), 7: np.float64(31428.0), 8: np.float64(19044.0), 9: np.float64(45826.0), 10: np.float64(93780.0), 11: np.float64(648.0), 12: np.float64(110952.0), 13: np.float64(9832.0), 15: np.float64(14616.0)}
2026-05-21 13:39:42 [INFO] 分割成功
2026-05-21 13:39:42 [INFO] 引擎上下文已释放
2026-05-21 13:39:42 [INFO] TensorRT 引擎已释放
2026-05-21 13:39:42 [INFO] 全局 CUDA 资源已释放
2026-05-21 13:39:42 [INFO] 分割系统资源已释放
2026-05-21 13:39:46 [INFO] CUDA 初始化成功
2026-05-21 13:39:46 [INFO] 引擎加载成功: scrap_steel.engine
2026-05-21 13:39:46 [INFO] 分割系统初始化成功
2026-05-21 13:39:46 [INFO] 图像预处理完成，原始尺寸: (2160, 3840)
2026-05-21 13:39:46 [INFO] 开始执行分割...
2026-05-21 13:39:46 [DEBUG] 处理后的检测结果形状: (1, 8400, 6)
2026-05-21 13:39:46 [DEBUG] 示例检测结果: [[-4.14075851e+00 -3.30973482e+00  3.91164703e+01  1.57142372e+01
   4.13874517e-08  5.00000000e+00]
 [-6.46424866e+00 -3.05815887e+00  4.40684738e+01  2.98226585e+01
   9.50076462e-09  9.00000000e+00]
 [-3.65979004e+00 -3.62219810e+00  4.56569214e+01  3.03821774e+01
   4.08719458e-09  9.00000000e+00]]
2026-05-21 13:39:46 [DEBUG] 处理后检测输出形状: (0, 52)
2026-05-21 13:39:46 [DEBUG] 有效检测数量: 0
2026-05-21 13:39:46 [DEBUG] 检测输出为空
2026-05-21 13:39:46 [INFO] 掩码中检测到的类别: [0, 1, 2, 3, 4, 5, 6, 7, 8, 9, 10, 11, 12, 13, 15]
2026-05-21 13:39:46 [INFO] 分割完成，检测到 0 个物体
2026-05-21 13:39:46 [INFO] 从分割掩码中提取检测结果
2026-05-21 13:39:46 [INFO] 从掩码中提取了 542 个检测框
2026-05-21 13:39:46 [INFO] 检测到车兜区域，将过滤区域外的目标
2026-05-21 13:39:46 [INFO] 车兜区域过滤: 542 -> 189 个目标
2026-05-21 13:39:47 [INFO] 保存分割和检测结果到: C:\code\show\Scrap_Steel_In_Field\photos\segmentation\segment_20260521_133946.jpg
2026-05-21 13:39:47 [INFO] JSON结果保存到: C:\code\show\Scrap_Steel_In_Field\photos\segmentation_result.json
2026-05-21 13:39:47 [INFO] 类别统计：{1: 388833, 2: 30924, 3: 1728, 4: 4716, 5: 52668, 6: 48492, 7: 24516, 8: 20664, 9: 45166, 10: 99648, 11: 288, 12: 104696, 13: 9228, 15: 11844}
2026-05-21 13:39:47 [INFO] 面积统计：{1: np.float64(388833.0), 2: np.float64(30924.0), 3: np.float64(1728.0), 4: np.float64(4716.0), 5: np.float64(52668.0), 6: np.float64(48492.0), 7: np.float64(24516.0), 8: np.float64(20664.0), 9: np.float64(45166.0), 10: np.float64(99648.0), 11: np.float64(288.0), 12: np.float64(104696.0), 13: np.float64(9228.0), 15: np.float64(11844.0)}
2026-05-21 13:39:47 [INFO] 分割成功
2026-05-21 13:39:47 [INFO] 引擎上下文已释放
2026-05-21 13:39:47 [INFO] TensorRT 引擎已释放
2026-05-21 13:39:47 [INFO] 全局 CUDA 资源已释放
2026-05-21 13:39:47 [INFO] 分割系统资源已释放
2026-05-21 13:39:52 [INFO] CUDA 初始化成功
2026-05-21 13:39:52 [INFO] 引擎加载成功: scrap_steel.engine
2026-05-21 13:39:52 [INFO] 分割系统初始化成功
2026-05-21 13:39:52 [INFO] 图像预处理完成，原始尺寸: (2160, 3840)
2026-05-21 13:39:52 [INFO] 开始执行分割...
2026-05-21 13:39:52 [DEBUG] 处理后的检测结果形状: (1, 8400, 6)
2026-05-21 13:39:52 [DEBUG] 示例检测结果: [[-4.16931915e+00 -3.32573700e+00  3.91136932e+01  1.57124195e+01
   4.04163849e-08  5.00000000e+00]
 [-6.45969391e+00 -3.07149315e+00  4.40443344e+01  2.98643818e+01
   9.42353395e-09  9.00000000e+00]
 [-3.64788818e+00 -3.62510872e+00  4.56342163e+01  3.04130917e+01
   4.07074374e-09  9.00000000e+00]]
2026-05-21 13:39:52 [DEBUG] 处理后检测输出形状: (0, 52)
2026-05-21 13:39:52 [DEBUG] 有效检测数量: 0
2026-05-21 13:39:52 [DEBUG] 检测输出为空
2026-05-21 13:39:52 [INFO] 掩码中检测到的类别: [0, 1, 2, 3, 4, 5, 6, 7, 8, 9, 10, 11, 12, 13, 15]
2026-05-21 13:39:52 [INFO] 分割完成，检测到 0 个物体
2026-05-21 13:39:52 [INFO] 从分割掩码中提取检测结果
2026-05-21 13:39:52 [INFO] 从掩码中提取了 546 个检测框
2026-05-21 13:39:52 [INFO] 检测到车兜区域，将过滤区域外的目标
2026-05-21 13:39:52 [INFO] 车兜区域过滤: 546 -> 190 个目标
2026-05-21 13:39:52 [INFO] 保存分割和检测结果到: C:\code\show\Scrap_Steel_In_Field\photos\segmentation\segment_20260521_133952.jpg
2026-05-21 13:39:52 [INFO] JSON结果保存到: C:\code\show\Scrap_Steel_In_Field\photos\segmentation_result.json
2026-05-21 13:39:52 [INFO] 类别统计：{1: 404307, 2: 30600, 3: 1872, 4: 6336, 5: 55728, 6: 44172, 7: 26064, 8: 19116, 9: 52874, 10: 94284, 11: 180, 12: 116642, 13: 10884, 15: 13104}
2026-05-21 13:39:52 [INFO] 面积统计：{1: np.float64(404307.0), 2: np.float64(30600.0), 3: np.float64(1872.0), 4: np.float64(6336.0), 5: np.float64(55728.0), 6: np.float64(44172.0), 7: np.float64(26064.0), 8: np.float64(19116.0), 9: np.float64(52874.0), 10: np.float64(94284.0), 11: np.float64(180.0), 12: np.float64(116642.0), 13: np.float64(10884.0), 15: np.float64(13104.0)}
2026-05-21 13:39:52 [INFO] 分割成功
2026-05-21 13:39:52 [INFO] 引擎上下文已释放
2026-05-21 13:39:52 [INFO] TensorRT 引擎已释放
2026-05-21 13:39:53 [INFO] 全局 CUDA 资源已释放
2026-05-21 13:39:53 [INFO] 分割系统资源已释放
2026-05-21 13:39:57 [INFO] CUDA 初始化成功
2026-05-21 13:39:57 [INFO] 引擎加载成功: scrap_steel.engine
2026-05-21 13:39:57 [INFO] 分割系统初始化成功
2026-05-21 13:39:57 [INFO] 图像预处理完成，原始尺寸: (2160, 3840)
2026-05-21 13:39:57 [INFO] 开始执行分割...
2026-05-21 13:39:57 [DEBUG] 处理后的检测结果形状: (1, 8400, 6)
2026-05-21 13:39:57 [DEBUG] 示例检测结果: [[-4.17623901e+00 -3.34034967e+00  3.90203209e+01  1.58342113e+01
   4.15574846e-08  5.00000000e+00]
 [-6.52850342e+00 -3.09727955e+00  4.40689316e+01  2.99805641e+01
   9.42728295e-09  9.00000000e+00]
 [-3.66592026e+00 -3.66444397e+00  4.56292343e+01  3.05084801e+01
   4.04050127e-09  9.00000000e+00]]
2026-05-21 13:39:57 [DEBUG] 处理后检测输出形状: (0, 52)
2026-05-21 13:39:57 [DEBUG] 有效检测数量: 0
2026-05-21 13:39:57 [DEBUG] 检测输出为空
2026-05-21 13:39:57 [INFO] 掩码中检测到的类别: [0, 1, 2, 3, 4, 5, 6, 7, 8, 9, 10, 11, 12, 13, 15]
2026-05-21 13:39:57 [INFO] 分割完成，检测到 0 个物体
2026-05-21 13:39:57 [INFO] 从分割掩码中提取检测结果
2026-05-21 13:39:57 [INFO] 从掩码中提取了 547 个检测框
2026-05-21 13:39:57 [INFO] 检测到车兜区域，将过滤区域外的目标
2026-05-21 13:39:57 [INFO] 车兜区域过滤: 547 -> 174 个目标
2026-05-21 13:39:58 [INFO] 保存分割和检测结果到: C:\code\show\Scrap_Steel_In_Field\photos\segmentation\segment_20260521_133957.jpg
2026-05-21 13:39:58 [INFO] JSON结果保存到: C:\code\show\Scrap_Steel_In_Field\photos\segmentation_result.json
2026-05-21 13:39:58 [INFO] 类别统计：{1: 395254, 2: 30024, 3: 1764, 4: 9468, 5: 51192, 6: 48492, 7: 27612, 8: 20772, 9: 43715, 10: 89748, 11: 360, 12: 115203, 13: 9300, 15: 13824}
2026-05-21 13:39:58 [INFO] 面积统计：{1: np.float64(395254.0), 2: np.float64(30024.0), 3: np.float64(1764.0), 4: np.float64(9468.0), 5: np.float64(51192.0), 6: np.float64(48492.0), 7: np.float64(27612.0), 8: np.float64(20772.0), 9: np.float64(43715.0), 10: np.float64(89748.0), 11: np.float64(360.0), 12: np.float64(115203.0), 13: np.float64(9300.0), 15: np.float64(13824.0)}
2026-05-21 13:39:58 [INFO] 分割成功
2026-05-21 13:39:58 [INFO] 引擎上下文已释放
2026-05-21 13:39:58 [INFO] TensorRT 引擎已释放
2026-05-21 13:39:58 [INFO] 全局 CUDA 资源已释放
2026-05-21 13:39:58 [INFO] 分割系统资源已释放
2026-05-21 13:40:02 [INFO] CUDA 初始化成功
2026-05-21 13:40:02 [INFO] 引擎加载成功: scrap_steel.engine
2026-05-21 13:40:02 [INFO] 分割系统初始化成功
2026-05-21 13:40:03 [INFO] 图像预处理完成，原始尺寸: (2160, 3840)
2026-05-21 13:40:03 [INFO] 开始执行分割...
2026-05-21 13:40:03 [DEBUG] 处理后的检测结果形状: (1, 8400, 6)
2026-05-21 13:40:03 [DEBUG] 示例检测结果: [[-4.17317963e+00 -3.34301329e+00  3.90817032e+01  1.58325920e+01
   4.17046770e-08  5.00000000e+00]
 [-6.50762939e+00 -3.09723568e+00  4.41295395e+01  2.99528732e+01
   9.50142454e-09  9.00000000e+00]
 [-3.67507172e+00 -3.66402149e+00  4.56748657e+01  3.04623375e+01
   4.07172962e-09  9.00000000e+00]]
2026-05-21 13:40:03 [DEBUG] 处理后检测输出形状: (0, 52)
2026-05-21 13:40:03 [DEBUG] 有效检测数量: 0
2026-05-21 13:40:03 [DEBUG] 检测输出为空
2026-05-21 13:40:03 [INFO] 掩码中检测到的类别: [0, 1, 2, 3, 4, 5, 6, 7, 8, 9, 10, 11, 12, 13, 15]
2026-05-21 13:40:03 [INFO] 分割完成，检测到 0 个物体
2026-05-21 13:40:03 [INFO] 从分割掩码中提取检测结果
2026-05-21 13:40:03 [INFO] 从掩码中提取了 544 个检测框
2026-05-21 13:40:03 [INFO] 检测到车兜区域，将过滤区域外的目标
2026-05-21 13:40:03 [INFO] 车兜区域过滤: 544 -> 187 个目标
2026-05-21 13:40:03 [INFO] 保存分割和检测结果到: C:\code\show\Scrap_Steel_In_Field\photos\segmentation\segment_20260521_134003.jpg
2026-05-21 13:40:03 [INFO] JSON结果保存到: C:\code\show\Scrap_Steel_In_Field\photos\segmentation_result.json
2026-05-21 13:40:03 [INFO] 类别统计：{1: 404370, 2: 30996, 3: 792, 4: 7200, 5: 60336, 6: 46800, 7: 29412, 8: 18900, 9: 39599, 10: 89172, 11: 648, 12: 106660, 13: 10373, 15: 14112}
2026-05-21 13:40:03 [INFO] 面积统计：{1: np.float64(404370.0), 2: np.float64(30996.0), 3: np.float64(792.0), 4: np.float64(7200.0), 5: np.float64(60336.0), 6: np.float64(46800.0), 7: np.float64(29412.0), 8: np.float64(18900.0), 9: np.float64(39599.0), 10: np.float64(89172.0), 11: np.float64(648.0), 12: np.float64(106660.0), 13: np.float64(10373.0), 15: np.float64(14112.0)}
2026-05-21 13:40:03 [INFO] 分割成功
2026-05-21 13:40:03 [INFO] 引擎上下文已释放
2026-05-21 13:40:03 [INFO] TensorRT 引擎已释放
2026-05-21 13:40:03 [INFO] 全局 CUDA 资源已释放
2026-05-21 13:40:03 [INFO] 分割系统资源已释放
2026-05-21 13:40:08 [INFO] CUDA 初始化成功
2026-05-21 13:40:08 [INFO] 引擎加载成功: scrap_steel.engine
2026-05-21 13:40:08 [INFO] 分割系统初始化成功
2026-05-21 13:40:08 [INFO] 图像预处理完成，原始尺寸: (2160, 3840)
2026-05-21 13:40:08 [INFO] 开始执行分割...
2026-05-21 13:40:08 [DEBUG] 处理后的检测结果形状: (1, 8400, 6)
2026-05-21 13:40:08 [DEBUG] 示例检测结果: [[-4.17059326e+00 -3.34391880e+00  3.90348129e+01  1.58057013e+01
   4.10618810e-08  5.00000000e+00]
 [-6.48694229e+00 -3.09469223e+00  4.40492897e+01  2.99416084e+01
   9.20502874e-09  9.00000000e+00]
 [-3.66350174e+00 -3.66452694e+00  4.55926781e+01  3.04720001e+01
   3.99296596e-09  9.00000000e+00]]
2026-05-21 13:40:08 [DEBUG] 处理后检测输出形状: (0, 52)
2026-05-21 13:40:08 [DEBUG] 有效检测数量: 0
2026-05-21 13:40:08 [DEBUG] 检测输出为空
2026-05-21 13:40:08 [INFO] 掩码中检测到的类别: [0, 1, 2, 3, 4, 5, 6, 7, 8, 9, 10, 11, 12, 13, 15]
2026-05-21 13:40:08 [INFO] 分割完成，检测到 0 个物体
2026-05-21 13:40:08 [INFO] 从分割掩码中提取检测结果
2026-05-21 13:40:08 [INFO] 从掩码中提取了 549 个检测框
2026-05-21 13:40:08 [INFO] 检测到车兜区域，将过滤区域外的目标
2026-05-21 13:40:08 [INFO] 车兜区域过滤: 549 -> 177 个目标
2026-05-21 13:40:09 [INFO] 保存分割和检测结果到: C:\code\show\Scrap_Steel_In_Field\photos\segmentation\segment_20260521_134008.jpg
2026-05-21 13:40:09 [INFO] JSON结果保存到: C:\code\show\Scrap_Steel_In_Field\photos\segmentation_result.json
2026-05-21 13:40:09 [INFO] 类别统计：{1: 374443, 2: 35100, 3: 1224, 4: 10440, 5: 50040, 6: 49032, 7: 27792, 8: 21744, 9: 43442, 10: 89424, 11: 144, 12: 102457, 13: 10240, 15: 12204}
2026-05-21 13:40:09 [INFO] 面积统计：{1: np.float64(374443.0), 2: np.float64(35100.0), 3: np.float64(1224.0), 4: np.float64(10440.0), 5: np.float64(50040.0), 6: np.float64(49032.0), 7: np.float64(27792.0), 8: np.float64(21744.0), 9: np.float64(43442.0), 10: np.float64(89424.0), 11: np.float64(144.0), 12: np.float64(102457.0), 13: np.float64(10240.0), 15: np.float64(12204.0)}
2026-05-21 13:40:09 [INFO] 分割成功
2026-05-21 13:40:09 [INFO] 引擎上下文已释放
2026-05-21 13:40:09 [INFO] TensorRT 引擎已释放
2026-05-21 13:40:09 [INFO] 全局 CUDA 资源已释放
2026-05-21 13:40:09 [INFO] 分割系统资源已释放
2026-05-21 13:40:13 [INFO] CUDA 初始化成功
2026-05-21 13:40:13 [INFO] 引擎加载成功: scrap_steel.engine
2026-05-21 13:40:13 [INFO] 分割系统初始化成功
2026-05-21 13:40:13 [INFO] 图像预处理完成，原始尺寸: (2160, 3840)
2026-05-21 13:40:13 [INFO] 开始执行分割...
2026-05-21 13:40:14 [DEBUG] 处理后的检测结果形状: (1, 8400, 6)
2026-05-21 13:40:14 [DEBUG] 示例检测结果: [[-4.16786194e+00 -3.32501984e+00  3.90533981e+01  1.57158146e+01
   4.02595042e-08  5.00000000e+00]
 [-6.43222427e+00 -3.08411980e+00  4.41194420e+01  2.99417019e+01
   9.35025746e-09  9.00000000e+00]
 [-3.63953018e+00 -3.62566185e+00  4.56697998e+01  3.04594326e+01
   4.02344824e-09  9.00000000e+00]]
2026-05-21 13:40:14 [DEBUG] 处理后检测输出形状: (0, 52)
2026-05-21 13:40:14 [DEBUG] 有效检测数量: 0
2026-05-21 13:40:14 [DEBUG] 检测输出为空
2026-05-21 13:40:14 [INFO] 掩码中检测到的类别: [0, 1, 2, 3, 4, 5, 6, 7, 8, 9, 10, 11, 12, 13, 15]
2026-05-21 13:40:14 [INFO] 分割完成，检测到 0 个物体
2026-05-21 13:40:14 [INFO] 从分割掩码中提取检测结果
2026-05-21 13:40:14 [INFO] 从掩码中提取了 548 个检测框
2026-05-21 13:40:14 [INFO] 检测到车兜区域，将过滤区域外的目标
2026-05-21 13:40:14 [INFO] 车兜区域过滤: 548 -> 187 个目标
2026-05-21 13:40:14 [INFO] 保存分割和检测结果到: C:\code\show\Scrap_Steel_In_Field\photos\segmentation\segment_20260521_134014.jpg
2026-05-21 13:40:14 [INFO] JSON结果保存到: C:\code\show\Scrap_Steel_In_Field\photos\segmentation_result.json
2026-05-21 13:40:14 [INFO] 类别统计：{1: 387544, 2: 32256, 3: 1620, 4: 8964, 5: 50580, 6: 47484, 7: 29988, 8: 18756, 9: 46474, 10: 93204, 11: 684, 12: 114082, 13: 10438, 15: 14076}
2026-05-21 13:40:14 [INFO] 面积统计：{1: np.float64(387544.0), 2: np.float64(32256.0), 3: np.float64(1620.0), 4: np.float64(8964.0), 5: np.float64(50580.0), 6: np.float64(47484.0), 7: np.float64(29988.0), 8: np.float64(18756.0), 9: np.float64(46474.0), 10: np.float64(93204.0), 11: np.float64(684.0), 12: np.float64(114082.0), 13: np.float64(10438.0), 15: np.float64(14076.0)}
2026-05-21 13:40:14 [INFO] 分割成功
2026-05-21 13:40:14 [INFO] 引擎上下文已释放
2026-05-21 13:40:14 [INFO] TensorRT 引擎已释放
2026-05-21 13:40:14 [INFO] 全局 CUDA 资源已释放
2026-05-21 13:40:14 [INFO] 分割系统资源已释放
2026-05-21 13:40:19 [INFO] CUDA 初始化成功
2026-05-21 13:40:19 [INFO] 引擎加载成功: scrap_steel.engine
2026-05-21 13:40:19 [INFO] 分割系统初始化成功
2026-05-21 13:40:19 [INFO] 图像预处理完成，原始尺寸: (2160, 3840)
2026-05-21 13:40:19 [INFO] 开始执行分割...
2026-05-21 13:40:19 [DEBUG] 处理后的检测结果形状: (1, 8400, 6)
2026-05-21 13:40:19 [DEBUG] 示例检测结果: [[-4.14168167e+00 -3.31451130e+00  3.90161095e+01  1.56323614e+01
   3.99483824e-08  5.00000000e+00]
 [-6.41186142e+00 -3.07380962e+00  4.40265923e+01  2.97775612e+01
   9.27500388e-09  9.00000000e+00]
 [-3.64572525e+00 -3.63790131e+00  4.56350517e+01  3.04138908e+01
   4.05475653e-09  9.00000000e+00]]
2026-05-21 13:40:19 [DEBUG] 处理后检测输出形状: (0, 52)
2026-05-21 13:40:19 [DEBUG] 有效检测数量: 0
2026-05-21 13:40:19 [DEBUG] 检测输出为空
2026-05-21 13:40:19 [INFO] 掩码中检测到的类别: [0, 1, 2, 3, 4, 5, 6, 7, 8, 9, 10, 11, 12, 13, 15]
2026-05-21 13:40:19 [INFO] 分割完成，检测到 0 个物体
2026-05-21 13:40:19 [INFO] 从分割掩码中提取检测结果
2026-05-21 13:40:19 [INFO] 从掩码中提取了 550 个检测框
2026-05-21 13:40:19 [INFO] 检测到车兜区域，将过滤区域外的目标
2026-05-21 13:40:19 [INFO] 车兜区域过滤: 550 -> 190 个目标
2026-05-21 13:40:20 [INFO] 保存分割和检测结果到: C:\code\show\Scrap_Steel_In_Field\photos\segmentation\segment_20260521_134019.jpg
2026-05-21 13:40:20 [INFO] JSON结果保存到: C:\code\show\Scrap_Steel_In_Field\photos\segmentation_result.json
2026-05-21 13:40:20 [INFO] 类别统计：{1: 370149, 2: 28980, 3: 828, 4: 7200, 5: 51876, 6: 51480, 7: 27792, 8: 18648, 9: 43983, 10: 96768, 11: 324, 12: 111915, 13: 12100, 15: 12960}
2026-05-21 13:40:20 [INFO] 面积统计：{1: np.float64(370149.0), 2: np.float64(28980.0), 3: np.float64(828.0), 4: np.float64(7200.0), 5: np.float64(51876.0), 6: np.float64(51480.0), 7: np.float64(27792.0), 8: np.float64(18648.0), 9: np.float64(43983.0), 10: np.float64(96768.0), 11: np.float64(324.0), 12: np.float64(111915.0), 13: np.float64(12100.0), 15: np.float64(12960.0)}
2026-05-21 13:40:20 [INFO] 分割成功
2026-05-21 13:40:20 [INFO] 引擎上下文已释放
2026-05-21 13:40:20 [INFO] TensorRT 引擎已释放
2026-05-21 13:40:20 [INFO] 全局 CUDA 资源已释放
2026-05-21 13:40:20 [INFO] 分割系统资源已释放
2026-05-21 13:40:24 [INFO] CUDA 初始化成功
2026-05-21 13:40:24 [INFO] 引擎加载成功: scrap_steel.engine
2026-05-21 13:40:24 [INFO] 分割系统初始化成功
2026-05-21 13:40:24 [INFO] 图像预处理完成，原始尺寸: (2160, 3840)
2026-05-21 13:40:24 [INFO] 开始执行分割...
2026-05-21 13:40:24 [DEBUG] 处理后的检测结果形状: (1, 8400, 6)
2026-05-21 13:40:24 [DEBUG] 示例检测结果: [[-4.20349503e+00 -3.36885071e+00  3.90792427e+01  1.59003105e+01
   4.09094554e-08  5.00000000e+00]
 [-6.49235153e+00 -3.12060070e+00  4.40510368e+01  2.99257164e+01
   9.27911348e-09  9.00000000e+00]
 [-3.64949036e+00 -3.66550255e+00  4.56215134e+01  3.04102802e+01
   4.04004563e-09  9.00000000e+00]]
2026-05-21 13:40:24 [DEBUG] 处理后检测输出形状: (0, 52)
2026-05-21 13:40:24 [DEBUG] 有效检测数量: 0
2026-05-21 13:40:24 [DEBUG] 检测输出为空
2026-05-21 13:40:24 [INFO] 掩码中检测到的类别: [0, 1, 2, 3, 4, 5, 6, 7, 8, 9, 10, 11, 12, 13, 15]
2026-05-21 13:40:24 [INFO] 分割完成，检测到 0 个物体
2026-05-21 13:40:24 [INFO] 从分割掩码中提取检测结果
2026-05-21 13:40:25 [INFO] 从掩码中提取了 540 个检测框
2026-05-21 13:40:25 [INFO] 检测到车兜区域，将过滤区域外的目标
2026-05-21 13:40:25 [INFO] 车兜区域过滤: 540 -> 185 个目标
2026-05-21 13:40:25 [INFO] 保存分割和检测结果到: C:\code\show\Scrap_Steel_In_Field\photos\segmentation\segment_20260521_134025.jpg
2026-05-21 13:40:25 [INFO] JSON结果保存到: C:\code\show\Scrap_Steel_In_Field\photos\segmentation_result.json
2026-05-21 13:40:25 [INFO] 类别统计：{1: 390721, 2: 34128, 3: 360, 4: 4464, 5: 57816, 6: 48420, 7: 29772, 8: 18936, 9: 45250, 10: 89928, 11: 216, 12: 100509, 13: 9914, 15: 11988}
2026-05-21 13:40:25 [INFO] 面积统计：{1: np.float64(390721.0), 2: np.float64(34128.0), 3: np.float64(360.0), 4: np.float64(4464.0), 5: np.float64(57816.0), 6: np.float64(48420.0), 7: np.float64(29772.0), 8: np.float64(18936.0), 9: np.float64(45250.0), 10: np.float64(89928.0), 11: np.float64(216.0), 12: np.float64(100509.0), 13: np.float64(9914.0), 15: np.float64(11988.0)}
2026-05-21 13:40:25 [INFO] 分割成功
2026-05-21 13:40:25 [INFO] 引擎上下文已释放
2026-05-21 13:40:25 [INFO] TensorRT 引擎已释放
2026-05-21 13:40:25 [INFO] 全局 CUDA 资源已释放
2026-05-21 13:40:25 [INFO] 分割系统资源已释放
2026-05-21 13:40:30 [INFO] CUDA 初始化成功
2026-05-21 13:40:30 [INFO] 引擎加载成功: scrap_steel.engine
2026-05-21 13:40:30 [INFO] 分割系统初始化成功
2026-05-21 13:40:30 [INFO] 图像预处理完成，原始尺寸: (2160, 3840)
2026-05-21 13:40:30 [INFO] 开始执行分割...
2026-05-21 13:40:30 [DEBUG] 处理后的检测结果形状: (1, 8400, 6)
2026-05-21 13:40:30 [DEBUG] 示例检测结果: [[-4.20157242e+00 -3.34263325e+00  3.90582657e+01  1.58685083e+01
   4.10676293e-08  5.00000000e+00]
 [-6.47845840e+00 -3.08226299e+00  4.40763817e+01  2.99358025e+01
   9.35208977e-09  9.00000000e+00]
 [-3.67352676e+00 -3.65083504e+00  4.56462288e+01  3.03906460e+01
   4.05563583e-09  9.00000000e+00]]
2026-05-21 13:40:30 [DEBUG] 处理后检测输出形状: (0, 52)
2026-05-21 13:40:30 [DEBUG] 有效检测数量: 0
2026-05-21 13:40:30 [DEBUG] 检测输出为空
2026-05-21 13:40:30 [INFO] 掩码中检测到的类别: [0, 1, 2, 3, 4, 5, 6, 7, 8, 9, 10, 11, 12, 13, 15]
2026-05-21 13:40:30 [INFO] 分割完成，检测到 0 个物体
2026-05-21 13:40:30 [INFO] 从分割掩码中提取检测结果
2026-05-21 13:40:30 [INFO] 从掩码中提取了 562 个检测框
2026-05-21 13:40:30 [INFO] 检测到车兜区域，将过滤区域外的目标
2026-05-21 13:40:30 [INFO] 车兜区域过滤: 562 -> 185 个目标
2026-05-21 13:40:31 [INFO] 保存分割和检测结果到: C:\code\show\Scrap_Steel_In_Field\photos\segmentation\segment_20260521_134030.jpg
2026-05-21 13:40:31 [INFO] JSON结果保存到: C:\code\show\Scrap_Steel_In_Field\photos\segmentation_result.json
2026-05-21 13:40:31 [INFO] 类别统计：{1: 395957, 2: 33624, 3: 1656, 4: 4824, 5: 55872, 6: 49464, 7: 27576, 8: 20736, 9: 38652, 10: 90432, 11: 252, 12: 110013, 13: 10117, 15: 13644}
2026-05-21 13:40:31 [INFO] 面积统计：{1: np.float64(395957.0), 2: np.float64(33624.0), 3: np.float64(1656.0), 4: np.float64(4824.0), 5: np.float64(55872.0), 6: np.float64(49464.0), 7: np.float64(27576.0), 8: np.float64(20736.0), 9: np.float64(38652.0), 10: np.float64(90432.0), 11: np.float64(252.0), 12: np.float64(110013.0), 13: np.float64(10117.0), 15: np.float64(13644.0)}
2026-05-21 13:40:31 [INFO] 分割成功
2026-05-21 13:40:31 [INFO] 引擎上下文已释放
2026-05-21 13:40:31 [INFO] TensorRT 引擎已释放
2026-05-21 13:40:31 [INFO] 全局 CUDA 资源已释放
2026-05-21 13:40:31 [INFO] 分割系统资源已释放
2026-05-21 13:40:35 [INFO] CUDA 初始化成功
2026-05-21 13:40:35 [INFO] 引擎加载成功: scrap_steel.engine
2026-05-21 13:40:35 [INFO] 分割系统初始化成功
2026-05-21 13:40:35 [INFO] 图像预处理完成，原始尺寸: (2160, 3840)
2026-05-21 13:40:35 [INFO] 开始执行分割...
2026-05-21 13:40:35 [DEBUG] 处理后的检测结果形状: (1, 8400, 6)
2026-05-21 13:40:35 [DEBUG] 示例检测结果: [[-4.12549210e+00 -3.31350136e+00  3.90057907e+01  1.56590710e+01
   4.05913703e-08  5.00000000e+00]
 [-6.43162155e+00 -3.06038666e+00  4.40530090e+01  2.98379669e+01
   9.27911348e-09  9.00000000e+00]
 [-3.63031769e+00 -3.61212349e+00  4.56243744e+01  3.03973751e+01
   4.02407707e-09  9.00000000e+00]]
2026-05-21 13:40:35 [DEBUG] 处理后检测输出形状: (0, 52)
2026-05-21 13:40:35 [DEBUG] 有效检测数量: 0
2026-05-21 13:40:35 [DEBUG] 检测输出为空
2026-05-21 13:40:35 [INFO] 掩码中检测到的类别: [0, 1, 2, 3, 4, 5, 6, 7, 8, 9, 10, 11, 12, 13, 15]
2026-05-21 13:40:35 [INFO] 分割完成，检测到 0 个物体
2026-05-21 13:40:35 [INFO] 从分割掩码中提取检测结果
2026-05-21 13:40:36 [INFO] 从掩码中提取了 544 个检测框
2026-05-21 13:40:36 [INFO] 检测到车兜区域，将过滤区域外的目标
2026-05-21 13:40:36 [INFO] 车兜区域过滤: 544 -> 184 个目标
2026-05-21 13:40:36 [INFO] 保存分割和检测结果到: C:\code\show\Scrap_Steel_In_Field\photos\segmentation\segment_20260521_134036.jpg
2026-05-21 13:40:36 [INFO] JSON结果保存到: C:\code\show\Scrap_Steel_In_Field\photos\segmentation_result.json
2026-05-21 13:40:36 [INFO] 类别统计：{1: 368461, 2: 32040, 3: 1872, 4: 6948, 5: 47952, 6: 48060, 7: 28080, 8: 20988, 9: 46249, 10: 98316, 11: 468, 12: 118005, 13: 10161, 15: 14760}
2026-05-21 13:40:36 [INFO] 面积统计：{1: np.float64(368461.0), 2: np.float64(32040.0), 3: np.float64(1872.0), 4: np.float64(6948.0), 5: np.float64(47952.0), 6: np.float64(48060.0), 7: np.float64(28080.0), 8: np.float64(20988.0), 9: np.float64(46249.0), 10: np.float64(98316.0), 11: np.float64(468.0), 12: np.float64(118005.0), 13: np.float64(10161.0), 15: np.float64(14760.0)}
2026-05-21 13:40:36 [INFO] 分割成功
2026-05-21 13:40:36 [INFO] 引擎上下文已释放
2026-05-21 13:40:36 [INFO] TensorRT 引擎已释放
2026-05-21 13:40:36 [INFO] 全局 CUDA 资源已释放
2026-05-21 13:40:36 [INFO] 分割系统资源已释放
2026-05-21 13:40:40 [INFO] CUDA 初始化成功
2026-05-21 13:40:40 [INFO] 引擎加载成功: scrap_steel.engine
2026-05-21 13:40:40 [INFO] 分割系统初始化成功
2026-05-21 13:40:40 [INFO] 图像预处理完成，原始尺寸: (2160, 3840)
2026-05-21 13:40:40 [INFO] 开始执行分割...
2026-05-21 13:40:40 [DEBUG] 处理后的检测结果形状: (1, 8400, 6)
2026-05-21 13:40:40 [DEBUG] 示例检测结果: [[-4.16978073e+00 -3.32270861e+00  3.91042747e+01  1.57359810e+01
   4.04163849e-08  5.00000000e+00]
 [-6.53043365e+00 -3.08283043e+00  4.41547775e+01  2.99909763e+01
   9.31361921e-09  9.00000000e+00]
 [-3.67153931e+00 -3.62578106e+00  4.56895370e+01  3.04776688e+01
   4.08719458e-09  9.00000000e+00]]
2026-05-21 13:40:40 [DEBUG] 处理后检测输出形状: (0, 52)
2026-05-21 13:40:40 [DEBUG] 有效检测数量: 0
2026-05-21 13:40:40 [DEBUG] 检测输出为空
2026-05-21 13:40:40 [INFO] 掩码中检测到的类别: [0, 1, 2, 3, 4, 5, 6, 7, 8, 9, 10, 11, 12, 13, 15]
2026-05-21 13:40:40 [INFO] 分割完成，检测到 0 个物体
2026-05-21 13:40:40 [INFO] 从分割掩码中提取检测结果
2026-05-21 13:40:41 [INFO] 从掩码中提取了 562 个检测框
2026-05-21 13:40:41 [INFO] 检测到车兜区域，将过滤区域外的目标
2026-05-21 13:40:41 [INFO] 车兜区域过滤: 562 -> 186 个目标
2026-05-21 13:40:41 [INFO] 保存分割和检测结果到: C:\code\show\Scrap_Steel_In_Field\photos\segmentation\segment_20260521_134041.jpg
2026-05-21 13:40:41 [INFO] JSON结果保存到: C:\code\show\Scrap_Steel_In_Field\photos\segmentation_result.json
2026-05-21 13:40:41 [INFO] 类别统计：{1: 378124, 2: 27072, 3: 648, 4: 9180, 5: 53676, 6: 48960, 7: 27468, 8: 22896, 9: 45755, 10: 92988, 11: 360, 12: 107395, 13: 9998, 15: 10620}
2026-05-21 13:40:41 [INFO] 面积统计：{1: np.float64(378124.0), 2: np.float64(27072.0), 3: np.float64(648.0), 4: np.float64(9180.0), 5: np.float64(53676.0), 6: np.float64(48960.0), 7: np.float64(27468.0), 8: np.float64(22896.0), 9: np.float64(45755.0), 10: np.float64(92988.0), 11: np.float64(360.0), 12: np.float64(107395.0), 13: np.float64(9998.0), 15: np.float64(10620.0)}
2026-05-21 13:40:41 [INFO] 分割成功
2026-05-21 13:40:41 [INFO] 引擎上下文已释放
2026-05-21 13:40:41 [INFO] TensorRT 引擎已释放
2026-05-21 13:40:41 [INFO] 全局 CUDA 资源已释放
2026-05-21 13:40:41 [INFO] 分割系统资源已释放
2026-05-21 13:40:46 [INFO] CUDA 初始化成功
2026-05-21 13:40:46 [INFO] 引擎加载成功: scrap_steel.engine
2026-05-21 13:40:46 [INFO] 分割系统初始化成功
2026-05-21 13:40:46 [INFO] 图像预处理完成，原始尺寸: (2160, 3840)
2026-05-21 13:40:46 [INFO] 开始执行分割...
2026-05-21 13:40:46 [DEBUG] 处理后的检测结果形状: (1, 8400, 6)
2026-05-21 13:40:46 [DEBUG] 示例检测结果: [[-4.15646362e+00 -3.34206200e+00  3.90070190e+01  1.58087711e+01
   4.13824033e-08  5.00000000e+00]
 [-6.44996262e+00 -3.08359528e+00  4.40326195e+01  2.99352150e+01
   9.17098397e-09  9.00000000e+00]
 [-3.62988663e+00 -3.66634369e+00  4.56115112e+01  3.04474068e+01
   3.94641120e-09  9.00000000e+00]]
2026-05-21 13:40:46 [DEBUG] 处理后检测输出形状: (0, 52)
2026-05-21 13:40:46 [DEBUG] 有效检测数量: 0
2026-05-21 13:40:46 [DEBUG] 检测输出为空
2026-05-21 13:40:46 [INFO] 掩码中检测到的类别: [0, 1, 2, 3, 4, 5, 6, 7, 8, 9, 10, 11, 12, 13, 15]
2026-05-21 13:40:46 [INFO] 分割完成，检测到 0 个物体
2026-05-21 13:40:46 [INFO] 从分割掩码中提取检测结果
2026-05-21 13:40:46 [INFO] 从掩码中提取了 564 个检测框
2026-05-21 13:40:46 [INFO] 检测到车兜区域，将过滤区域外的目标
2026-05-21 13:40:46 [INFO] 车兜区域过滤: 564 -> 192 个目标
2026-05-21 13:40:46 [INFO] 保存分割和检测结果到: C:\code\show\Scrap_Steel_In_Field\photos\segmentation\segment_20260521_134046.jpg
2026-05-21 13:40:46 [INFO] JSON结果保存到: C:\code\show\Scrap_Steel_In_Field\photos\segmentation_result.json
2026-05-21 13:40:46 [INFO] 类别统计：{1: 389744, 2: 36108, 3: 1188, 4: 7704, 5: 54108, 6: 52452, 7: 26856, 8: 21024, 9: 44437, 10: 95040, 11: 504, 12: 115201, 13: 8868, 15: 13860}
2026-05-21 13:40:46 [INFO] 面积统计：{1: np.float64(389744.0), 2: np.float64(36108.0), 3: np.float64(1188.0), 4: np.float64(7704.0), 5: np.float64(54108.0), 6: np.float64(52452.0), 7: np.float64(26856.0), 8: np.float64(21024.0), 9: np.float64(44437.0), 10: np.float64(95040.0), 11: np.float64(504.0), 12: np.float64(115201.0), 13: np.float64(8868.0), 15: np.float64(13860.0)}
2026-05-21 13:40:46 [INFO] 分割成功
2026-05-21 13:40:46 [INFO] 引擎上下文已释放
2026-05-21 13:40:46 [INFO] TensorRT 引擎已释放
2026-05-21 13:40:47 [INFO] 全局 CUDA 资源已释放
2026-05-21 13:40:47 [INFO] 分割系统资源已释放
2026-05-21 13:40:51 [INFO] CUDA 初始化成功
2026-05-21 13:40:51 [INFO] 引擎加载成功: scrap_steel.engine
2026-05-21 13:40:51 [INFO] 分割系统初始化成功
2026-05-21 13:40:51 [INFO] 图像预处理完成，原始尺寸: (2160, 3840)
2026-05-21 13:40:51 [INFO] 开始执行分割...
2026-05-21 13:40:51 [DEBUG] 处理后的检测结果形状: (1, 8400, 6)
2026-05-21 13:40:51 [DEBUG] 示例检测结果: [[-4.12696457e+00 -3.30105591e+00  3.90093498e+01  1.55715084e+01
   4.01040481e-08  5.00000000e+00]
 [-6.44757462e+00 -3.05944443e+00  4.40528984e+01  2.97926445e+01
   9.29080812e-09  9.00000000e+00]
 [-3.62862396e+00 -3.61122513e+00  4.56068192e+01  3.03632660e+01
   4.08531520e-09  9.00000000e+00]]
2026-05-21 13:40:51 [DEBUG] 处理后检测输出形状: (0, 52)
2026-05-21 13:40:51 [DEBUG] 有效检测数量: 0
2026-05-21 13:40:51 [DEBUG] 检测输出为空
2026-05-21 13:40:51 [INFO] 掩码中检测到的类别: [0, 1, 2, 3, 4, 5, 6, 7, 8, 9, 10, 11, 12, 13, 15]
2026-05-21 13:40:51 [INFO] 分割完成，检测到 0 个物体
2026-05-21 13:40:51 [INFO] 从分割掩码中提取检测结果
2026-05-21 13:40:51 [INFO] 从掩码中提取了 549 个检测框
2026-05-21 13:40:51 [INFO] 检测到车兜区域，将过滤区域外的目标
2026-05-21 13:40:51 [INFO] 车兜区域过滤: 549 -> 197 个目标
2026-05-21 13:40:52 [INFO] 保存分割和检测结果到: C:\code\show\Scrap_Steel_In_Field\photos\segmentation\segment_20260521_134051.jpg
2026-05-21 13:40:52 [INFO] JSON结果保存到: C:\code\show\Scrap_Steel_In_Field\photos\segmentation_result.json
2026-05-21 13:40:52 [INFO] 类别统计：{1: 388481, 2: 28440, 3: 2628, 4: 9900, 5: 49068, 6: 47340, 7: 26928, 8: 20808, 9: 36776, 10: 91548, 11: 1440, 12: 102843, 13: 10872, 15: 14508}
2026-05-21 13:40:52 [INFO] 面积统计：{1: np.float64(388481.0), 2: np.float64(28440.0), 3: np.float64(2628.0), 4: np.float64(9900.0), 5: np.float64(49068.0), 6: np.float64(47340.0), 7: np.float64(26928.0), 8: np.float64(20808.0), 9: np.float64(36776.0), 10: np.float64(91548.0), 11: np.float64(1440.0), 12: np.float64(102843.0), 13: np.float64(10872.0), 15: np.float64(14508.0)}
2026-05-21 13:40:52 [INFO] 分割成功
2026-05-21 13:40:52 [INFO] 引擎上下文已释放
2026-05-21 13:40:52 [INFO] TensorRT 引擎已释放
2026-05-21 13:40:52 [INFO] 全局 CUDA 资源已释放
2026-05-21 13:40:52 [INFO] 分割系统资源已释放
2026-05-21 13:40:57 [INFO] CUDA 初始化成功
2026-05-21 13:40:57 [INFO] 引擎加载成功: scrap_steel.engine
2026-05-21 13:40:57 [INFO] 分割系统初始化成功
2026-05-21 13:40:57 [INFO] 图像预处理完成，原始尺寸: (2160, 3840)
2026-05-21 13:40:57 [INFO] 开始执行分割...
2026-05-21 13:40:57 [DEBUG] 处理后的检测结果形状: (1, 8400, 6)
2026-05-21 13:40:57 [DEBUG] 示例检测结果: [[-4.15266418e+00 -3.33136272e+00  3.90159569e+01  1.58023024e+01
   4.13824033e-08  5.00000000e+00]
 [-6.43786240e+00 -3.07380009e+00  4.40381546e+01  2.98936615e+01
   9.35208977e-09  9.00000000e+00]
 [-3.63971710e+00 -3.63843822e+00  4.56139069e+01  3.04078217e+01
   4.07172962e-09  9.00000000e+00]]
2026-05-21 13:40:57 [DEBUG] 处理后检测输出形状: (0, 52)
2026-05-21 13:40:57 [DEBUG] 有效检测数量: 0
2026-05-21 13:40:57 [DEBUG] 检测输出为空
2026-05-21 13:40:57 [INFO] 掩码中检测到的类别: [0, 1, 2, 3, 4, 5, 6, 7, 8, 9, 10, 11, 12, 13, 15]
2026-05-21 13:40:57 [INFO] 分割完成，检测到 0 个物体
2026-05-21 13:40:57 [INFO] 从分割掩码中提取检测结果
2026-05-21 13:40:57 [INFO] 从掩码中提取了 539 个检测框
2026-05-21 13:40:57 [INFO] 检测到车兜区域，将过滤区域外的目标
2026-05-21 13:40:57 [INFO] 车兜区域过滤: 539 -> 188 个目标
2026-05-21 13:40:57 [INFO] 保存分割和检测结果到: C:\code\show\Scrap_Steel_In_Field\photos\segmentation\segment_20260521_134057.jpg
2026-05-21 13:40:57 [INFO] JSON结果保存到: C:\code\show\Scrap_Steel_In_Field\photos\segmentation_result.json
2026-05-21 13:40:57 [INFO] 类别统计：{1: 398337, 2: 30852, 3: 1800, 4: 10224, 5: 54108, 6: 50760, 7: 28044, 8: 20736, 9: 38715, 10: 93384, 11: 540, 12: 94140, 13: 9513, 15: 14436}
2026-05-21 13:40:57 [INFO] 面积统计：{1: np.float64(398337.0), 2: np.float64(30852.0), 3: np.float64(1800.0), 4: np.float64(10224.0), 5: np.float64(54108.0), 6: np.float64(50760.0), 7: np.float64(28044.0), 8: np.float64(20736.0), 9: np.float64(38715.0), 10: np.float64(93384.0), 11: np.float64(540.0), 12: np.float64(94140.0), 13: np.float64(9513.0), 15: np.float64(14436.0)}
2026-05-21 13:40:57 [INFO] 分割成功
2026-05-21 13:40:57 [INFO] 引擎上下文已释放
2026-05-21 13:40:57 [INFO] TensorRT 引擎已释放
2026-05-21 13:40:57 [INFO] 全局 CUDA 资源已释放
2026-05-21 13:40:57 [INFO] 分割系统资源已释放
2026-05-21 13:41:02 [INFO] CUDA 初始化成功
2026-05-21 13:41:02 [INFO] 引擎加载成功: scrap_steel.engine
2026-05-21 13:41:02 [INFO] 分割系统初始化成功
2026-05-21 13:41:02 [INFO] 图像预处理完成，原始尺寸: (2160, 3840)
2026-05-21 13:41:02 [INFO] 开始执行分割...
2026-05-21 13:41:02 [DEBUG] 处理后的检测结果形状: (1, 8400, 6)
2026-05-21 13:41:02 [DEBUG] 示例检测结果: [[-4.17460251e+00 -3.34486866e+00  3.89661522e+01  1.57817202e+01
   4.04349372e-08  5.00000000e+00]
 [-6.47800827e+00 -3.09620953e+00  4.40152397e+01  2.98552742e+01
   9.13351794e-09  9.00000000e+00]
 [-3.65845490e+00 -3.66729736e+00  4.55969925e+01  3.04121056e+01
   3.89896826e-09  9.00000000e+00]]
2026-05-21 13:41:02 [DEBUG] 处理后检测输出形状: (0, 52)
2026-05-21 13:41:02 [DEBUG] 有效检测数量: 0
2026-05-21 13:41:02 [DEBUG] 检测输出为空
2026-05-21 13:41:02 [INFO] 掩码中检测到的类别: [0, 1, 2, 3, 4, 5, 6, 7, 8, 9, 10, 11, 12, 13, 15]
2026-05-21 13:41:02 [INFO] 分割完成，检测到 0 个物体
2026-05-21 13:41:02 [INFO] 从分割掩码中提取检测结果
2026-05-21 13:41:02 [INFO] 从掩码中提取了 562 个检测框
2026-05-21 13:41:03 [INFO] 检测到车兜区域，将过滤区域外的目标
2026-05-21 13:41:03 [INFO] 车兜区域过滤: 562 -> 197 个目标
2026-05-21 13:41:03 [INFO] 保存分割和检测结果到: C:\code\show\Scrap_Steel_In_Field\photos\segmentation\segment_20260521_134103.jpg
2026-05-21 13:41:03 [INFO] JSON结果保存到: C:\code\show\Scrap_Steel_In_Field\photos\segmentation_result.json
2026-05-21 13:41:03 [INFO] 类别统计：{1: 410484, 2: 30636, 3: 1476, 4: 7524, 5: 51192, 6: 41184, 7: 28440, 8: 20304, 9: 49855, 10: 99684, 11: 540, 12: 110108, 13: 9900, 15: 13536}
2026-05-21 13:41:03 [INFO] 面积统计：{1: np.float64(410484.0), 2: np.float64(30636.0), 3: np.float64(1476.0), 4: np.float64(7524.0), 5: np.float64(51192.0), 6: np.float64(41184.0), 7: np.float64(28440.0), 8: np.float64(20304.0), 9: np.float64(49855.0), 10: np.float64(99684.0), 11: np.float64(540.0), 12: np.float64(110108.0), 13: np.float64(9900.0), 15: np.float64(13536.0)}
2026-05-21 13:41:03 [INFO] 分割成功
2026-05-21 13:41:03 [INFO] 引擎上下文已释放
2026-05-21 13:41:03 [INFO] TensorRT 引擎已释放
2026-05-21 13:41:03 [INFO] 全局 CUDA 资源已释放
2026-05-21 13:41:03 [INFO] 分割系统资源已释放
2026-05-21 13:41:07 [INFO] CUDA 初始化成功
2026-05-21 13:41:07 [INFO] 引擎加载成功: scrap_steel.engine
2026-05-21 13:41:07 [INFO] 分割系统初始化成功
2026-05-21 13:41:07 [INFO] 图像预处理完成，原始尺寸: (2160, 3840)
2026-05-21 13:41:07 [INFO] 开始执行分割...
2026-05-21 13:41:07 [DEBUG] 处理后的检测结果形状: (1, 8400, 6)
2026-05-21 13:41:07 [DEBUG] 示例检测结果: [[-4.14315033e+00 -3.32334709e+00  3.89543304e+01  1.57181683e+01
   4.10676293e-08  5.00000000e+00]
 [-6.44535828e+00 -3.07143593e+00  4.40318146e+01  2.99086781e+01
   9.27911348e-09  9.00000000e+00]
 [-3.64812469e+00 -3.63760662e+00  4.56237488e+01  3.04257736e+01
   4.00863343e-09  9.00000000e+00]]
2026-05-21 13:41:07 [DEBUG] 处理后检测输出形状: (0, 52)
2026-05-21 13:41:07 [DEBUG] 有效检测数量: 0
2026-05-21 13:41:07 [DEBUG] 检测输出为空
2026-05-21 13:41:07 [INFO] 掩码中检测到的类别: [0, 1, 2, 3, 4, 5, 6, 7, 8, 9, 10, 11, 12, 13, 15]
2026-05-21 13:41:07 [INFO] 分割完成，检测到 0 个物体
2026-05-21 13:41:07 [INFO] 从分割掩码中提取检测结果
2026-05-21 13:41:07 [INFO] 从掩码中提取了 562 个检测框
2026-05-21 13:41:07 [INFO] 检测到车兜区域，将过滤区域外的目标
2026-05-21 13:41:07 [INFO] 车兜区域过滤: 562 -> 190 个目标
2026-05-21 13:41:08 [INFO] 保存分割和检测结果到: C:\code\show\Scrap_Steel_In_Field\photos\segmentation\segment_20260521_134107.jpg
2026-05-21 13:41:08 [INFO] JSON结果保存到: C:\code\show\Scrap_Steel_In_Field\photos\segmentation_result.json
2026-05-21 13:41:08 [INFO] 类别统计：{1: 380502, 2: 34200, 3: 2556, 4: 6300, 5: 56484, 6: 49428, 7: 26208, 8: 20736, 9: 43173, 10: 85752, 11: 576, 12: 108929, 13: 10325, 15: 15660}
2026-05-21 13:41:08 [INFO] 面积统计：{1: np.float64(380502.0), 2: np.float64(34200.0), 3: np.float64(2556.0), 4: np.float64(6300.0), 5: np.float64(56484.0), 6: np.float64(49428.0), 7: np.float64(26208.0), 8: np.float64(20736.0), 9: np.float64(43173.0), 10: np.float64(85752.0), 11: np.float64(576.0), 12: np.float64(108929.0), 13: np.float64(10325.0), 15: np.float64(15660.0)}
2026-05-21 13:41:08 [INFO] 分割成功
2026-05-21 13:41:08 [INFO] 引擎上下文已释放
2026-05-21 13:41:08 [INFO] TensorRT 引擎已释放
2026-05-21 13:41:08 [INFO] 全局 CUDA 资源已释放
2026-05-21 13:41:08 [INFO] 分割系统资源已释放
2026-05-21 13:41:13 [INFO] CUDA 初始化成功
2026-05-21 13:41:13 [INFO] 引擎加载成功: scrap_steel.engine
2026-05-21 13:41:13 [INFO] 分割系统初始化成功
2026-05-21 13:41:13 [INFO] 图像预处理完成，原始尺寸: (2160, 3840)
2026-05-21 13:41:13 [INFO] 开始执行分割...
2026-05-21 13:41:13 [DEBUG] 处理后的检测结果形状: (1, 8400, 6)
2026-05-21 13:41:13 [DEBUG] 示例检测结果: [[-4.15710831e+00 -3.33154678e+00  3.89778137e+01  1.58626385e+01
   4.20357082e-08  5.00000000e+00]
 [-6.45447540e+00 -3.08428955e+00  4.40101852e+01  2.99446754e+01
   9.42551104e-09  9.00000000e+00]
 [-3.64599609e+00 -3.66683292e+00  4.55982666e+01  3.04553871e+01
   4.07152712e-09  9.00000000e+00]]
2026-05-21 13:41:13 [DEBUG] 处理后检测输出形状: (0, 52)
2026-05-21 13:41:13 [DEBUG] 有效检测数量: 0
2026-05-21 13:41:13 [DEBUG] 检测输出为空
2026-05-21 13:41:13 [INFO] 掩码中检测到的类别: [0, 1, 2, 3, 4, 5, 6, 7, 8, 9, 10, 11, 12, 13, 15]
2026-05-21 13:41:13 [INFO] 分割完成，检测到 0 个物体
2026-05-21 13:41:13 [INFO] 从分割掩码中提取检测结果
2026-05-21 13:41:13 [INFO] 从掩码中提取了 563 个检测框
2026-05-21 13:41:13 [INFO] 检测到车兜区域，将过滤区域外的目标
2026-05-21 13:41:13 [INFO] 车兜区域过滤: 563 -> 182 个目标
2026-05-21 13:41:13 [INFO] 保存分割和检测结果到: C:\code\show\Scrap_Steel_In_Field\photos\segmentation\segment_20260521_134113.jpg
2026-05-21 13:41:13 [INFO] JSON结果保存到: C:\code\show\Scrap_Steel_In_Field\photos\segmentation_result.json
2026-05-21 13:41:13 [INFO] 类别统计：{1: 363974, 2: 30024, 3: 1188, 4: 7776, 5: 55008, 6: 47700, 7: 27576, 8: 16740, 9: 45673, 10: 94032, 11: 756, 12: 117910, 13: 10335, 15: 14544}
2026-05-21 13:41:13 [INFO] 面积统计：{1: np.float64(363974.0), 2: np.float64(30024.0), 3: np.float64(1188.0), 4: np.float64(7776.0), 5: np.float64(55008.0), 6: np.float64(47700.0), 7: np.float64(27576.0), 8: np.float64(16740.0), 9: np.float64(45673.0), 10: np.float64(94032.0), 11: np.float64(756.0), 12: np.float64(117910.0), 13: np.float64(10335.0), 15: np.float64(14544.0)}
2026-05-21 13:41:13 [INFO] 分割成功
2026-05-21 13:41:13 [INFO] 引擎上下文已释放
2026-05-21 13:41:13 [INFO] TensorRT 引擎已释放
2026-05-21 13:41:13 [INFO] 全局 CUDA 资源已释放
2026-05-21 13:41:13 [INFO] 分割系统资源已释放
2026-05-21 13:41:18 [INFO] CUDA 初始化成功
2026-05-21 13:41:18 [INFO] 引擎加载成功: scrap_steel.engine
2026-05-21 13:41:18 [INFO] 分割系统初始化成功
2026-05-21 13:41:18 [INFO] 图像预处理完成，原始尺寸: (2160, 3840)
2026-05-21 13:41:18 [INFO] 开始执行分割...
2026-05-21 13:41:18 [DEBUG] 处理后的检测结果形状: (1, 8400, 6)
2026-05-21 13:41:18 [DEBUG] 示例检测结果: [[-4.14029694e+00 -3.32080555e+00  3.89161301e+01  1.56631708e+01
   4.09094554e-08  5.00000000e+00]
 [-6.44070435e+00 -3.07241821e+00  4.40457726e+01  2.98121109e+01
   9.24122556e-09  9.00000000e+00]
 [-3.65741348e+00 -3.62225246e+00  4.55962563e+01  3.03967743e+01
   4.02407707e-09  9.00000000e+00]]
2026-05-21 13:41:18 [DEBUG] 处理后检测输出形状: (0, 52)
2026-05-21 13:41:18 [DEBUG] 有效检测数量: 0
2026-05-21 13:41:18 [DEBUG] 检测输出为空
2026-05-21 13:41:18 [INFO] 掩码中检测到的类别: [0, 1, 2, 3, 4, 5, 6, 7, 8, 9, 10, 11, 12, 13, 15]
2026-05-21 13:41:18 [INFO] 分割完成，检测到 0 个物体
2026-05-21 13:41:18 [INFO] 从分割掩码中提取检测结果
2026-05-21 13:41:18 [INFO] 从掩码中提取了 528 个检测框
2026-05-21 13:41:18 [INFO] 检测到车兜区域，将过滤区域外的目标
2026-05-21 13:41:18 [INFO] 车兜区域过滤: 528 -> 172 个目标
2026-05-21 13:41:19 [INFO] 保存分割和检测结果到: C:\code\show\Scrap_Steel_In_Field\photos\segmentation\segment_20260521_134118.jpg
2026-05-21 13:41:19 [INFO] JSON结果保存到: C:\code\show\Scrap_Steel_In_Field\photos\segmentation_result.json
2026-05-21 13:41:19 [INFO] 类别统计：{1: 413456, 2: 29880, 3: 1584, 4: 6732, 5: 50508, 6: 51084, 7: 28620, 8: 20232, 9: 49472, 10: 89352, 11: 432, 12: 103104, 13: 8384, 15: 15192}
2026-05-21 13:41:19 [INFO] 面积统计：{1: np.float64(413456.0), 2: np.float64(29880.0), 3: np.float64(1584.0), 4: np.float64(6732.0), 5: np.float64(50508.0), 6: np.float64(51084.0), 7: np.float64(28620.0), 8: np.float64(20232.0), 9: np.float64(49472.0), 10: np.float64(89352.0), 11: np.float64(432.0), 12: np.float64(103104.0), 13: np.float64(8384.0), 15: np.float64(15192.0)}
2026-05-21 13:41:19 [INFO] 分割成功
2026-05-21 13:41:19 [INFO] 引擎上下文已释放
2026-05-21 13:41:19 [INFO] TensorRT 引擎已释放
2026-05-21 13:41:19 [INFO] 全局 CUDA 资源已释放
2026-05-21 13:41:19 [INFO] 分割系统资源已释放
2026-05-21 13:41:23 [INFO] CUDA 初始化成功
2026-05-21 13:41:23 [INFO] 引擎加载成功: scrap_steel.engine
2026-05-21 13:41:23 [INFO] 分割系统初始化成功
2026-05-21 13:41:24 [INFO] 图像预处理完成，原始尺寸: (2160, 3840)
2026-05-21 13:41:24 [INFO] 开始执行分割...
2026-05-21 13:41:24 [DEBUG] 处理后的检测结果形状: (1, 8400, 6)
2026-05-21 13:41:24 [DEBUG] 示例检测结果: [[-4.13891220e+00 -3.31926775e+00  3.89744339e+01  1.57015800e+01
   4.04349372e-08  5.00000000e+00]
 [-6.47938156e+00 -3.09390926e+00  4.40863075e+01  2.99291763e+01
   9.35319822e-09  9.00000000e+00]
 [-3.66582870e+00 -3.63938332e+00  4.56512604e+01  3.04407368e+01
   4.10391721e-09  9.00000000e+00]]
2026-05-21 13:41:24 [DEBUG] 处理后检测输出形状: (0, 52)
2026-05-21 13:41:24 [DEBUG] 有效检测数量: 0
2026-05-21 13:41:24 [DEBUG] 检测输出为空
2026-05-21 13:41:24 [INFO] 掩码中检测到的类别: [0, 1, 2, 3, 4, 5, 6, 7, 8, 9, 10, 11, 12, 13, 15]
2026-05-21 13:41:24 [INFO] 分割完成，检测到 0 个物体
2026-05-21 13:41:24 [INFO] 从分割掩码中提取检测结果
2026-05-21 13:41:24 [INFO] 从掩码中提取了 538 个检测框
2026-05-21 13:41:24 [INFO] 检测到车兜区域，将过滤区域外的目标
2026-05-21 13:41:24 [INFO] 车兜区域过滤: 538 -> 174 个目标
2026-05-21 13:41:24 [INFO] 保存分割和检测结果到: C:\code\show\Scrap_Steel_In_Field\photos\segmentation\segment_20260521_134124.jpg
2026-05-21 13:41:24 [INFO] JSON结果保存到: C:\code\show\Scrap_Steel_In_Field\photos\segmentation_result.json
2026-05-21 13:41:24 [INFO] 类别统计：{1: 376220, 2: 29952, 3: 1260, 4: 6156, 5: 55152, 6: 49068, 7: 29412, 8: 20052, 9: 44716, 10: 94572, 11: 216, 12: 104436, 13: 11100, 15: 13068}
2026-05-21 13:41:24 [INFO] 面积统计：{1: np.float64(376220.0), 2: np.float64(29952.0), 3: np.float64(1260.0), 4: np.float64(6156.0), 5: np.float64(55152.0), 6: np.float64(49068.0), 7: np.float64(29412.0), 8: np.float64(20052.0), 9: np.float64(44716.0), 10: np.float64(94572.0), 11: np.float64(216.0), 12: np.float64(104436.0), 13: np.float64(11100.0), 15: np.float64(13068.0)}
2026-05-21 13:41:24 [INFO] 分割成功
2026-05-21 13:41:24 [INFO] 引擎上下文已释放
2026-05-21 13:41:24 [INFO] TensorRT 引擎已释放
2026-05-21 13:41:24 [INFO] 全局 CUDA 资源已释放
2026-05-21 13:41:24 [INFO] 分割系统资源已释放
2026-05-21 13:41:29 [INFO] CUDA 初始化成功
2026-05-21 13:41:29 [INFO] 引擎加载成功: scrap_steel.engine
2026-05-21 13:41:29 [INFO] 分割系统初始化成功
2026-05-21 13:41:29 [INFO] 图像预处理完成，原始尺寸: (2160, 3840)
2026-05-21 13:41:29 [INFO] 开始执行分割...
2026-05-21 13:41:29 [DEBUG] 处理后的检测结果形状: (1, 8400, 6)
2026-05-21 13:41:29 [DEBUG] 示例检测结果: [[-4.17634201e+00 -3.35944891e+00  3.91354752e+01  1.59979191e+01
   4.02614262e-08  5.00000000e+00]
 [-6.47282410e+00 -3.12067318e+00  4.40242538e+01  2.99928131e+01
   9.20275500e-09  9.00000000e+00]
 [-3.64799500e+00 -3.68454552e+00  4.56278191e+01  3.04261799e+01
   4.03921341e-09  9.00000000e+00]]
2026-05-21 13:41:29 [DEBUG] 处理后检测输出形状: (0, 52)
2026-05-21 13:41:29 [DEBUG] 有效检测数量: 0
2026-05-21 13:41:29 [DEBUG] 检测输出为空
2026-05-21 13:41:29 [INFO] 掩码中检测到的类别: [0, 1, 2, 3, 4, 5, 6, 7, 8, 9, 10, 11, 12, 13, 15]
2026-05-21 13:41:29 [INFO] 分割完成，检测到 0 个物体
2026-05-21 13:41:29 [INFO] 从分割掩码中提取检测结果
2026-05-21 13:41:29 [INFO] 从掩码中提取了 546 个检测框
2026-05-21 13:41:29 [INFO] 检测到车兜区域，将过滤区域外的目标
2026-05-21 13:41:29 [INFO] 车兜区域过滤: 546 -> 190 个目标
2026-05-21 13:41:30 [INFO] 保存分割和检测结果到: C:\code\show\Scrap_Steel_In_Field\photos\segmentation\segment_20260521_134129.jpg
2026-05-21 13:41:30 [INFO] JSON结果保存到: C:\code\show\Scrap_Steel_In_Field\photos\segmentation_result.json
2026-05-21 13:41:30 [INFO] 类别统计：{1: 383844, 2: 34560, 3: 1332, 4: 5652, 5: 51084, 6: 48240, 7: 27720, 8: 19656, 9: 46843, 10: 100476, 11: 504, 12: 102089, 13: 10795, 15: 13068}
2026-05-21 13:41:30 [INFO] 面积统计：{1: np.float64(383844.0), 2: np.float64(34560.0), 3: np.float64(1332.0), 4: np.float64(5652.0), 5: np.float64(51084.0), 6: np.float64(48240.0), 7: np.float64(27720.0), 8: np.float64(19656.0), 9: np.float64(46843.0), 10: np.float64(100476.0), 11: np.float64(504.0), 12: np.float64(102089.0), 13: np.float64(10795.0), 15: np.float64(13068.0)}
2026-05-21 13:41:30 [INFO] 分割成功
2026-05-21 13:41:30 [INFO] 引擎上下文已释放
2026-05-21 13:41:30 [INFO] TensorRT 引擎已释放
2026-05-21 13:41:30 [INFO] 全局 CUDA 资源已释放
2026-05-21 13:41:30 [INFO] 分割系统资源已释放
2026-05-21 13:41:34 [INFO] CUDA 初始化成功
2026-05-21 13:41:34 [INFO] 引擎加载成功: scrap_steel.engine
2026-05-21 13:41:34 [INFO] 分割系统初始化成功
2026-05-21 13:41:34 [INFO] 图像预处理完成，原始尺寸: (2160, 3840)
2026-05-21 13:41:34 [INFO] 开始执行分割...
2026-05-21 13:41:34 [DEBUG] 处理后的检测结果形状: (1, 8400, 6)
2026-05-21 13:41:34 [DEBUG] 示例检测结果: [[-4.20442200e+00 -3.37050152e+00  3.90901871e+01  1.59072447e+01
   3.97917113e-08  5.00000000e+00]
 [-6.47939301e+00 -3.10877323e+00  4.39520187e+01  2.98677406e+01
   9.14675446e-09  9.00000000e+00]
 [-3.63615036e+00 -3.68131542e+00  4.55713120e+01  3.03534203e+01
   3.95907307e-09  9.00000000e+00]]
2026-05-21 13:41:34 [DEBUG] 处理后检测输出形状: (0, 52)
2026-05-21 13:41:34 [DEBUG] 有效检测数量: 0
2026-05-21 13:41:34 [DEBUG] 检测输出为空
2026-05-21 13:41:34 [INFO] 掩码中检测到的类别: [0, 1, 2, 3, 4, 5, 6, 7, 8, 9, 10, 11, 12, 13, 15]
2026-05-21 13:41:34 [INFO] 分割完成，检测到 0 个物体
2026-05-21 13:41:34 [INFO] 从分割掩码中提取检测结果
2026-05-21 13:41:34 [INFO] 从掩码中提取了 573 个检测框
2026-05-21 13:41:34 [INFO] 检测到车兜区域，将过滤区域外的目标
2026-05-21 13:41:34 [INFO] 车兜区域过滤: 573 -> 194 个目标
2026-05-21 13:41:35 [INFO] 保存分割和检测结果到: C:\code\show\Scrap_Steel_In_Field\photos\segmentation\segment_20260521_134134.jpg
2026-05-21 13:41:35 [INFO] JSON结果保存到: C:\code\show\Scrap_Steel_In_Field\photos\segmentation_result.json
2026-05-21 13:41:35 [INFO] 类别统计：{1: 390847, 2: 32976, 3: 1368, 4: 6768, 5: 54108, 6: 53028, 7: 27540, 8: 19692, 9: 48443, 10: 95796, 11: 108, 12: 104802, 13: 11862, 15: 12924}
2026-05-21 13:41:35 [INFO] 面积统计：{1: np.float64(390847.0), 2: np.float64(32976.0), 3: np.float64(1368.0), 4: np.float64(6768.0), 5: np.float64(54108.0), 6: np.float64(53028.0), 7: np.float64(27540.0), 8: np.float64(19692.0), 9: np.float64(48443.0), 10: np.float64(95796.0), 11: np.float64(108.0), 12: np.float64(104802.0), 13: np.float64(11862.0), 15: np.float64(12924.0)}
2026-05-21 13:41:35 [INFO] 分割成功
2026-05-21 13:41:35 [INFO] 引擎上下文已释放
2026-05-21 13:41:35 [INFO] TensorRT 引擎已释放
2026-05-21 13:41:35 [INFO] 全局 CUDA 资源已释放
2026-05-21 13:41:35 [INFO] 分割系统资源已释放
2026-05-21 13:41:39 [INFO] CUDA 初始化成功
2026-05-21 13:41:39 [INFO] 引擎加载成功: scrap_steel.engine
2026-05-21 13:41:39 [INFO] 分割系统初始化成功
2026-05-21 13:41:39 [INFO] 图像预处理完成，原始尺寸: (2160, 3840)
2026-05-21 13:41:39 [INFO] 开始执行分割...
2026-05-21 13:41:40 [DEBUG] 处理后的检测结果形状: (1, 8400, 6)
2026-05-21 13:41:40 [DEBUG] 示例检测结果: [[-4.16975403e+00 -3.32531357e+00  3.90406342e+01  1.57512512e+01
   4.07318694e-08  5.00000000e+00]
 [-6.46459961e+00 -3.07558727e+00  4.40483932e+01  2.98947029e+01
   9.35025746e-09  9.00000000e+00]
 [-3.65442657e+00 -3.62579441e+00  4.56496277e+01  3.04340057e+01
   4.08650891e-09  9.00000000e+00]]
2026-05-21 13:41:40 [DEBUG] 处理后检测输出形状: (0, 52)
2026-05-21 13:41:40 [DEBUG] 有效检测数量: 0
2026-05-21 13:41:40 [DEBUG] 检测输出为空
2026-05-21 13:41:40 [INFO] 掩码中检测到的类别: [0, 1, 2, 3, 4, 5, 6, 7, 8, 9, 10, 11, 12, 13, 15]
2026-05-21 13:41:40 [INFO] 分割完成，检测到 0 个物体
2026-05-21 13:41:40 [INFO] 从分割掩码中提取检测结果
2026-05-21 13:41:40 [INFO] 从掩码中提取了 539 个检测框
2026-05-21 13:41:40 [INFO] 检测到车兜区域，将过滤区域外的目标
2026-05-21 13:41:40 [INFO] 车兜区域过滤: 539 -> 182 个目标
2026-05-21 13:41:40 [INFO] 保存分割和检测结果到: C:\code\show\Scrap_Steel_In_Field\photos\segmentation\segment_20260521_134140.jpg
2026-05-21 13:41:40 [INFO] JSON结果保存到: C:\code\show\Scrap_Steel_In_Field\photos\segmentation_result.json
2026-05-21 13:41:40 [INFO] 类别统计：{1: 386313, 2: 34596, 3: 684, 4: 8136, 5: 51156, 6: 47556, 7: 29304, 8: 19296, 9: 46233, 10: 90000, 11: 504, 12: 100698, 13: 10460, 15: 12600}
2026-05-21 13:41:40 [INFO] 面积统计：{1: np.float64(386313.0), 2: np.float64(34596.0), 3: np.float64(684.0), 4: np.float64(8136.0), 5: np.float64(51156.0), 6: np.float64(47556.0), 7: np.float64(29304.0), 8: np.float64(19296.0), 9: np.float64(46233.0), 10: np.float64(90000.0), 11: np.float64(504.0), 12: np.float64(100698.0), 13: np.float64(10460.0), 15: np.float64(12600.0)}
2026-05-21 13:41:40 [INFO] 分割成功
2026-05-21 13:41:40 [INFO] 引擎上下文已释放
2026-05-21 13:41:40 [INFO] TensorRT 引擎已释放
2026-05-21 13:41:40 [INFO] 全局 CUDA 资源已释放
2026-05-21 13:41:40 [INFO] 分割系统资源已释放
2026-05-21 13:41:44 [INFO] CUDA 初始化成功
2026-05-21 13:41:44 [INFO] 引擎加载成功: scrap_steel.engine
2026-05-21 13:41:44 [INFO] 分割系统初始化成功
2026-05-21 13:41:44 [INFO] 图像预处理完成，原始尺寸: (2160, 3840)
2026-05-21 13:41:44 [INFO] 开始执行分割...
2026-05-21 13:41:44 [DEBUG] 处理后的检测结果形状: (1, 8400, 6)
2026-05-21 13:41:44 [DEBUG] 示例检测结果: [[-4.20051575e+00 -3.35114384e+00  3.91582298e+01  1.58413363e+01
   4.04163849e-08  5.00000000e+00]
 [-6.50532150e+00 -3.12259293e+00  4.40389709e+01  2.99759331e+01
   9.42353395e-09  9.00000000e+00]
 [-3.62655640e+00 -3.67083549e+00  4.56394348e+01  3.04563465e+01
   4.08719458e-09  9.00000000e+00]]
2026-05-21 13:41:44 [DEBUG] 处理后检测输出形状: (0, 52)
2026-05-21 13:41:44 [DEBUG] 有效检测数量: 0
2026-05-21 13:41:44 [DEBUG] 检测输出为空
2026-05-21 13:41:45 [INFO] 掩码中检测到的类别: [0, 1, 2, 3, 4, 5, 6, 7, 8, 9, 10, 11, 12, 13, 15]
2026-05-21 13:41:45 [INFO] 分割完成，检测到 0 个物体
2026-05-21 13:41:45 [INFO] 从分割掩码中提取检测结果
2026-05-21 13:41:45 [INFO] 从掩码中提取了 543 个检测框
2026-05-21 13:41:45 [INFO] 检测到车兜区域，将过滤区域外的目标
2026-05-21 13:41:45 [INFO] 车兜区域过滤: 543 -> 189 个目标
2026-05-21 13:41:45 [INFO] 保存分割和检测结果到: C:\code\show\Scrap_Steel_In_Field\photos\segmentation\segment_20260521_134145.jpg
2026-05-21 13:41:45 [INFO] JSON结果保存到: C:\code\show\Scrap_Steel_In_Field\photos\segmentation_result.json
2026-05-21 13:41:45 [INFO] 类别统计：{1: 378218, 2: 28980, 3: 1332, 4: 7200, 5: 53892, 6: 45612, 7: 24552, 8: 21384, 9: 46469, 10: 90612, 11: 180, 12: 114843, 13: 10549, 15: 14400}
2026-05-21 13:41:45 [INFO] 面积统计：{1: np.float64(378218.0), 2: np.float64(28980.0), 3: np.float64(1332.0), 4: np.float64(7200.0), 5: np.float64(53892.0), 6: np.float64(45612.0), 7: np.float64(24552.0), 8: np.float64(21384.0), 9: np.float64(46469.0), 10: np.float64(90612.0), 11: np.float64(180.0), 12: np.float64(114843.0), 13: np.float64(10549.0), 15: np.float64(14400.0)}
2026-05-21 13:41:45 [INFO] 分割成功
2026-05-21 13:41:45 [INFO] 引擎上下文已释放
2026-05-21 13:41:45 [INFO] TensorRT 引擎已释放
2026-05-21 13:41:45 [INFO] 全局 CUDA 资源已释放
2026-05-21 13:41:45 [INFO] 分割系统资源已释放
2026-05-21 13:41:50 [INFO] CUDA 初始化成功
2026-05-21 13:41:50 [INFO] 引擎加载成功: scrap_steel.engine
2026-05-21 13:41:50 [INFO] 分割系统初始化成功
2026-05-21 13:41:50 [INFO] 图像预处理完成，原始尺寸: (2160, 3840)
2026-05-21 13:41:50 [INFO] 开始执行分割...
2026-05-21 13:41:50 [DEBUG] 处理后的检测结果形状: (1, 8400, 6)
2026-05-21 13:41:50 [DEBUG] 示例检测结果: [[-4.17184067e+00 -3.32990456e+00  3.90102577e+01  1.58896809e+01
   4.12275405e-08  5.00000000e+00]
 [-6.47325516e+00 -3.08616924e+00  4.40514946e+01  2.98893929e+01
   9.35025746e-09  9.00000000e+00]
 [-3.65687943e+00 -3.65151119e+00  4.56214943e+01  3.04477158e+01
   4.08719458e-09  9.00000000e+00]]
2026-05-21 13:41:50 [DEBUG] 处理后检测输出形状: (0, 52)
2026-05-21 13:41:50 [DEBUG] 有效检测数量: 0
2026-05-21 13:41:50 [DEBUG] 检测输出为空
2026-05-21 13:41:50 [INFO] 掩码中检测到的类别: [0, 1, 2, 3, 4, 5, 6, 7, 8, 9, 10, 11, 12, 13, 15]
2026-05-21 13:41:50 [INFO] 分割完成，检测到 0 个物体
2026-05-21 13:41:50 [INFO] 从分割掩码中提取检测结果
2026-05-21 13:41:50 [INFO] 从掩码中提取了 566 个检测框
2026-05-21 13:41:50 [INFO] 检测到车兜区域，将过滤区域外的目标
2026-05-21 13:41:50 [INFO] 车兜区域过滤: 566 -> 198 个目标
2026-05-21 13:41:51 [INFO] 保存分割和检测结果到: C:\code\show\Scrap_Steel_In_Field\photos\segmentation\segment_20260521_134150.jpg
2026-05-21 13:41:51 [INFO] JSON结果保存到: C:\code\show\Scrap_Steel_In_Field\photos\segmentation_result.json
2026-05-21 13:41:51 [INFO] 类别统计：{1: 393613, 2: 32148, 3: 1584, 4: 8244, 5: 56160, 6: 44532, 7: 28260, 8: 21240, 9: 45616, 10: 86184, 11: 864, 12: 116493, 13: 10906, 15: 13716}
2026-05-21 13:41:51 [INFO] 面积统计：{1: np.float64(393613.0), 2: np.float64(32148.0), 3: np.float64(1584.0), 4: np.float64(8244.0), 5: np.float64(56160.0), 6: np.float64(44532.0), 7: np.float64(28260.0), 8: np.float64(21240.0), 9: np.float64(45616.0), 10: np.float64(86184.0), 11: np.float64(864.0), 12: np.float64(116493.0), 13: np.float64(10906.0), 15: np.float64(13716.0)}
2026-05-21 13:41:51 [INFO] 分割成功
2026-05-21 13:41:51 [INFO] 引擎上下文已释放
2026-05-21 13:41:51 [INFO] TensorRT 引擎已释放
2026-05-21 13:41:51 [INFO] 全局 CUDA 资源已释放
2026-05-21 13:41:51 [INFO] 分割系统资源已释放
2026-05-21 13:41:55 [INFO] CUDA 初始化成功
2026-05-21 13:41:55 [INFO] 引擎加载成功: scrap_steel.engine
2026-05-21 13:41:55 [INFO] 分割系统初始化成功
2026-05-21 13:41:55 [INFO] 图像预处理完成，原始尺寸: (2160, 3840)
2026-05-21 13:41:55 [INFO] 开始执行分割...
2026-05-21 13:41:55 [DEBUG] 处理后的检测结果形状: (1, 8400, 6)
2026-05-21 13:41:55 [DEBUG] 示例检测结果: [[-4.16883087e+00 -3.31200600e+00  3.89857941e+01  1.57310963e+01
   4.10676293e-08  5.00000000e+00]
 [-6.46079636e+00 -3.08204460e+00  4.40113716e+01  2.99488964e+01
   9.27742239e-09  9.00000000e+00]
 [-3.65436554e+00 -3.65234566e+00  4.56046829e+01  3.04725819e+01
   4.05563583e-09  9.00000000e+00]]
2026-05-21 13:41:55 [DEBUG] 处理后检测输出形状: (0, 52)
2026-05-21 13:41:55 [DEBUG] 有效检测数量: 0
2026-05-21 13:41:55 [DEBUG] 检测输出为空
2026-05-21 13:41:55 [INFO] 掩码中检测到的类别: [0, 1, 2, 3, 4, 5, 6, 7, 8, 9, 10, 11, 12, 13, 15]
2026-05-21 13:41:55 [INFO] 分割完成，检测到 0 个物体
2026-05-21 13:41:55 [INFO] 从分割掩码中提取检测结果
2026-05-21 13:41:56 [INFO] 从掩码中提取了 546 个检测框
2026-05-21 13:41:56 [INFO] 检测到车兜区域，将过滤区域外的目标
2026-05-21 13:41:56 [INFO] 车兜区域过滤: 546 -> 190 个目标
2026-05-21 13:41:56 [INFO] 保存分割和检测结果到: C:\code\show\Scrap_Steel_In_Field\photos\segmentation\segment_20260521_134156.jpg
2026-05-21 13:41:56 [INFO] JSON结果保存到: C:\code\show\Scrap_Steel_In_Field\photos\segmentation_result.json
2026-05-21 13:41:56 [INFO] 类别统计：{1: 393052, 2: 33444, 3: 972, 4: 7452, 5: 49932, 6: 53244, 7: 29376, 8: 18540, 9: 45502, 10: 94176, 11: 684, 12: 106000, 13: 10863, 15: 12816}
2026-05-21 13:41:56 [INFO] 面积统计：{1: np.float64(393052.0), 2: np.float64(33444.0), 3: np.float64(972.0), 4: np.float64(7452.0), 5: np.float64(49932.0), 6: np.float64(53244.0), 7: np.float64(29376.0), 8: np.float64(18540.0), 9: np.float64(45502.0), 10: np.float64(94176.0), 11: np.float64(684.0), 12: np.float64(106000.0), 13: np.float64(10863.0), 15: np.float64(12816.0)}
2026-05-21 13:41:56 [INFO] 分割成功
2026-05-21 13:41:56 [INFO] 引擎上下文已释放
2026-05-21 13:41:56 [INFO] TensorRT 引擎已释放
2026-05-21 13:41:56 [INFO] 全局 CUDA 资源已释放
2026-05-21 13:41:56 [INFO] 分割系统资源已释放
2026-05-21 13:42:01 [INFO] CUDA 初始化成功
2026-05-21 13:42:01 [INFO] 引擎加载成功: scrap_steel.engine
2026-05-21 13:42:01 [INFO] 分割系统初始化成功
2026-05-21 13:42:01 [INFO] 图像预处理完成，原始尺寸: (2160, 3840)
2026-05-21 13:42:01 [INFO] 开始执行分割...
2026-05-21 13:42:01 [DEBUG] 处理后的检测结果形状: (1, 8400, 6)
2026-05-21 13:42:01 [DEBUG] 示例检测结果: [[-4.16701508e+00 -3.35290051e+00  3.91139107e+01  1.58242407e+01
   4.12230179e-08  5.00000000e+00]
 [-6.48948288e+00 -3.08262253e+00  4.40593681e+01  2.99454575e+01
   9.42728295e-09  9.00000000e+00]
 [-3.66646576e+00 -3.63531113e+00  4.56530991e+01  3.04732780e+01
   4.07198275e-09  9.00000000e+00]]
2026-05-21 13:42:01 [DEBUG] 处理后检测输出形状: (0, 52)
2026-05-21 13:42:01 [DEBUG] 有效检测数量: 0
2026-05-21 13:42:01 [DEBUG] 检测输出为空
2026-05-21 13:42:01 [INFO] 掩码中检测到的类别: [0, 1, 2, 3, 4, 5, 6, 7, 8, 9, 10, 11, 12, 13, 15]
2026-05-21 13:42:01 [INFO] 分割完成，检测到 0 个物体
2026-05-21 13:42:01 [INFO] 从分割掩码中提取检测结果
2026-05-21 13:42:01 [INFO] 从掩码中提取了 539 个检测框
2026-05-21 13:42:01 [INFO] 检测到车兜区域，将过滤区域外的目标
2026-05-21 13:42:01 [INFO] 车兜区域过滤: 539 -> 177 个目标
2026-05-21 13:42:02 [INFO] 保存分割和检测结果到: C:\code\show\Scrap_Steel_In_Field\photos\segmentation\segment_20260521_134201.jpg
2026-05-21 13:42:02 [INFO] JSON结果保存到: C:\code\show\Scrap_Steel_In_Field\photos\segmentation_result.json
2026-05-21 13:42:02 [INFO] 类别统计：{1: 388223, 2: 33768, 3: 1656, 4: 5436, 5: 49932, 6: 52632, 7: 32868, 8: 19584, 9: 44476, 10: 88848, 11: 648, 12: 104832, 13: 10200, 15: 13752}
2026-05-21 13:42:02 [INFO] 面积统计：{1: np.float64(388223.0), 2: np.float64(33768.0), 3: np.float64(1656.0), 4: np.float64(5436.0), 5: np.float64(49932.0), 6: np.float64(52632.0), 7: np.float64(32868.0), 8: np.float64(19584.0), 9: np.float64(44476.0), 10: np.float64(88848.0), 11: np.float64(648.0), 12: np.float64(104832.0), 13: np.float64(10200.0), 15: np.float64(13752.0)}
2026-05-21 13:42:02 [INFO] 分割成功
2026-05-21 13:42:02 [INFO] 引擎上下文已释放
2026-05-21 13:42:02 [INFO] TensorRT 引擎已释放
2026-05-21 13:42:02 [INFO] 全局 CUDA 资源已释放
2026-05-21 13:42:02 [INFO] 分割系统资源已释放
2026-05-21 13:42:06 [INFO] CUDA 初始化成功
2026-05-21 13:42:06 [INFO] 引擎加载成功: scrap_steel.engine
2026-05-21 13:42:06 [INFO] 分割系统初始化成功
2026-05-21 13:42:06 [INFO] 图像预处理完成，原始尺寸: (2160, 3840)
2026-05-21 13:42:06 [INFO] 开始执行分割...
2026-05-21 13:42:06 [DEBUG] 处理后的检测结果形状: (1, 8400, 6)
2026-05-21 13:42:06 [DEBUG] 示例检测结果: [[-4.17208099e+00 -3.30939865e+00  3.90470810e+01  1.56576920e+01
   4.04163849e-08  5.00000000e+00]
 [-6.49410629e+00 -3.08299160e+00  4.40205498e+01  2.97644005e+01
   9.35025746e-09  9.00000000e+00]
 [-3.67187500e+00 -3.63635445e+00  4.55979309e+01  3.03512096e+01
   4.08719458e-09  9.00000000e+00]]
2026-05-21 13:42:06 [DEBUG] 处理后检测输出形状: (0, 52)
2026-05-21 13:42:06 [DEBUG] 有效检测数量: 0
2026-05-21 13:42:06 [DEBUG] 检测输出为空
2026-05-21 13:42:06 [INFO] 掩码中检测到的类别: [0, 1, 2, 3, 4, 5, 6, 7, 8, 9, 10, 11, 12, 13, 15]
2026-05-21 13:42:06 [INFO] 分割完成，检测到 0 个物体
2026-05-21 13:42:06 [INFO] 从分割掩码中提取检测结果
2026-05-21 13:42:06 [INFO] 从掩码中提取了 555 个检测框
2026-05-21 13:42:06 [INFO] 检测到车兜区域，将过滤区域外的目标
2026-05-21 13:42:06 [INFO] 车兜区域过滤: 555 -> 188 个目标
2026-05-21 13:42:07 [INFO] 保存分割和检测结果到: C:\code\show\Scrap_Steel_In_Field\photos\segmentation\segment_20260521_134206.jpg
2026-05-21 13:42:07 [INFO] JSON结果保存到: C:\code\show\Scrap_Steel_In_Field\photos\segmentation_result.json
2026-05-21 13:42:07 [INFO] 类别统计：{1: 384787, 2: 34200, 3: 1800, 4: 6732, 5: 49536, 6: 52848, 7: 26280, 8: 21204, 9: 45875, 10: 89460, 12: 99432, 13: 10400, 15: 14940}
2026-05-21 13:42:07 [INFO] 面积统计：{1: np.float64(384787.0), 2: np.float64(34200.0), 3: np.float64(1800.0), 4: np.float64(6732.0), 5: np.float64(49536.0), 6: np.float64(52848.0), 7: np.float64(26280.0), 8: np.float64(21204.0), 9: np.float64(45875.0), 10: np.float64(89460.0), 12: np.float64(99432.0), 13: np.float64(10400.0), 15: np.float64(14940.0)}
2026-05-21 13:42:07 [INFO] 分割成功
2026-05-21 13:42:07 [INFO] 引擎上下文已释放
2026-05-21 13:42:07 [INFO] TensorRT 引擎已释放
2026-05-21 13:42:07 [INFO] 全局 CUDA 资源已释放
2026-05-21 13:42:07 [INFO] 分割系统资源已释放
