2026-06-05 15:29:08 [INFO] CUDA 初始化成功
2026-06-05 15:29:08 [INFO] 引擎加载成功: scrap_steel.engine
2026-06-05 15:29:08 [INFO] 分割系统初始化成功
2026-06-05 15:29:11 [INFO] 引擎加载成功: scrap_steel.engine
2026-06-05 15:29:11 [INFO] 分割系统初始化成功
2026-06-05 15:29:11 [INFO] 图像预处理完成，原始尺寸: (2160, 3840)
2026-06-05 15:29:11 [INFO] 开始执行分割...
2026-06-05 15:29:11 [ERROR] 推理过程发生异常: explicit_context_dependent failed: invalid device context - no currently active context?
2026-06-05 15:29:11 [INFO] 分割完成，检测到 0 个物体
2026-06-05 15:29:11 [INFO] 计算出的车框矩形边界: (1095, 659) to (3277, 1640)
2026-06-05 15:29:11 [INFO] 原始检测数: 0, 过滤后检测数: 0
2026-06-05 15:29:11 [ERROR] 保存结果失败: 'NoneType' object has no attribute 'shape'
2026-06-05 15:29:11 [ERROR] 分割失败: 未能生成有效的分割掩码
2026-06-05 15:29:11 [INFO] 引擎上下文已释放
2026-06-05 15:29:11 [INFO] TensorRT 引擎已释放
2026-06-05 15:29:11 [INFO] 全局 CUDA 资源已释放
2026-06-05 15:29:11 [INFO] 分割系统资源已释放
2026-06-05 15:29:17 [INFO] CUDA 初始化成功
2026-06-05 15:29:17 [INFO] 引擎加载成功: scrap_steel.engine
2026-06-05 15:29:17 [INFO] 分割系统初始化成功
2026-06-05 15:29:17 [INFO] 图像预处理完成，原始尺寸: (2160, 3840)
2026-06-05 15:29:17 [INFO] 开始执行分割...
2026-06-05 15:29:17 [DEBUG] 处理后的检测结果形状: (1, 8400, 6)
2026-06-05 15:29:17 [DEBUG] 示例检测结果: [[-4.21545029e+00 -3.21776962e+00  3.92261734e+01  1.49822464e+01
   3.56890553e-08  5.00000000e+00]
 [-6.77396011e+00 -3.04965401e+00  4.47329063e+01  2.88896961e+01
   8.76339001e-09  9.00000000e+00]
 [-3.67059326e+00 -3.43678570e+00  4.59231491e+01  2.96145401e+01
   4.02112477e-09  9.00000000e+00]]
2026-06-05 15:29:17 [DEBUG] 处理后检测输出形状: (0, 52)
2026-06-05 15:29:17 [DEBUG] 有效检测数量: 0
2026-06-05 15:29:17 [DEBUG] 检测输出为空
2026-06-05 15:29:17 [INFO] 掩码中检测到的类别: [0, 1, 2, 3, 4, 5, 6, 7, 8, 9, 10, 11, 12, 13, 14, 15]
2026-06-05 15:29:17 [INFO] 分割完成，检测到 0 个物体
2026-06-05 15:29:17 [INFO] 从分割掩码中提取检测结果
2026-06-05 15:29:17 [INFO] 从掩码中提取了 477 个检测框
2026-06-05 15:29:17 [INFO] 计算出的车框矩形边界: (1096, 661) to (3276, 1640)
2026-06-05 15:29:17 [INFO] 原始检测数: 477, 过滤后检测数: 228
2026-06-05 15:29:17 [INFO] 保存分割和检测结果到: C:\code\show\Scrap_Steel_In_Field\photos\segmentation\segment_20260605_152917.jpg
2026-06-05 15:29:17 [INFO] JSON结果保存到: C:\code\show\Scrap_Steel_In_Field\photos\segmentation_result.json
2026-06-05 15:29:17 [INFO] 类别统计：{0: 41, 1: 45, 2: 23, 3: 6, 4: 33, 5: 29, 6: 26, 7: 31, 8: 66, 9: 49, 10: 25, 11: 19, 12: 21, 13: 47, 14: 0, 15: 16}
2026-06-05 15:29:17 [INFO] 面积统计：{0: 3263364.0, 1: 737568.0, 2: 33984.0, 3: 152496.0, 4: 153684.0, 5: 114048.0, 6: 552996.0, 7: 39420.0, 8: 972288.0, 9: 260748.0, 10: 132228.0, 11: 326124.0, 12: 81072.0, 13: 647568.0, 14: 108.0, 15: 27396.0}
2026-06-05 15:29:17 [INFO] 分割成功
2026-06-05 15:29:17 [INFO] 引擎上下文已释放
2026-06-05 15:29:17 [INFO] TensorRT 引擎已释放
2026-06-05 15:29:17 [INFO] 全局 CUDA 资源已释放
2026-06-05 15:29:17 [INFO] 分割系统资源已释放
2026-06-05 15:29:24 [INFO] CUDA 初始化成功
2026-06-05 15:29:24 [INFO] 引擎加载成功: scrap_steel.engine
2026-06-05 15:29:24 [INFO] 分割系统初始化成功
2026-06-05 15:29:24 [INFO] 图像预处理完成，原始尺寸: (2160, 3840)
2026-06-05 15:29:24 [INFO] 开始执行分割...
2026-06-05 15:29:24 [DEBUG] 处理后的检测结果形状: (1, 8400, 6)
2026-06-05 15:29:24 [DEBUG] 示例检测结果: [[-4.15665436e+00 -3.19728661e+00  3.90371666e+01  1.47763996e+01
   3.54194150e-08  5.00000000e+00]
 [-6.70668030e+00 -3.02707100e+00  4.46777992e+01  2.87254009e+01
   8.53323812e-09  9.00000000e+00]
 [-3.65760040e+00 -3.41232204e+00  4.59483643e+01  2.95615082e+01
   3.95574062e-09  9.00000000e+00]]
2026-06-05 15:29:24 [DEBUG] 处理后检测输出形状: (0, 52)
2026-06-05 15:29:24 [DEBUG] 有效检测数量: 0
2026-06-05 15:29:24 [DEBUG] 检测输出为空
2026-06-05 15:29:24 [INFO] 掩码中检测到的类别: [0, 1, 2, 3, 4, 5, 6, 7, 8, 9, 10, 11, 12, 13, 14, 15]
2026-06-05 15:29:24 [INFO] 分割完成，检测到 0 个物体
2026-06-05 15:29:24 [INFO] 从分割掩码中提取检测结果
2026-06-05 15:29:24 [INFO] 从掩码中提取了 508 个检测框
2026-06-05 15:29:25 [INFO] 计算出的车框矩形边界: (1095, 660) to (3275, 1640)
2026-06-05 15:29:25 [INFO] 原始检测数: 508, 过滤后检测数: 250
2026-06-05 15:29:25 [INFO] 保存分割和检测结果到: C:\code\show\Scrap_Steel_In_Field\photos\segmentation\segment_20260605_152924.jpg
2026-06-05 15:29:25 [INFO] JSON结果保存到: C:\code\show\Scrap_Steel_In_Field\photos\segmentation_result.json
2026-06-05 15:29:25 [INFO] 类别统计：{0: 49, 1: 46, 2: 24, 3: 7, 4: 36, 5: 28, 6: 23, 7: 31, 8: 68, 9: 56, 10: 34, 11: 17, 12: 21, 13: 55, 14: 0, 15: 13}
2026-06-05 15:29:25 [INFO] 面积统计：{0: 3413844.0, 1: 740556.0, 2: 36144.0, 3: 149652.0, 4: 158328.0, 5: 115128.0, 6: 532872.0, 7: 36144.0, 8: 992448.0, 9: 245124.0, 10: 134244.0, 11: 343152.0, 12: 88200.0, 13: 653724.0, 14: 108.0, 15: 22824.0}
2026-06-05 15:29:25 [INFO] 分割成功
2026-06-05 15:29:25 [INFO] 引擎上下文已释放
2026-06-05 15:29:25 [INFO] TensorRT 引擎已释放
2026-06-05 15:29:25 [INFO] 全局 CUDA 资源已释放
2026-06-05 15:29:25 [INFO] 分割系统资源已释放
2026-06-05 15:29:29 [INFO] CUDA 初始化成功
2026-06-05 15:29:29 [INFO] 引擎加载成功: scrap_steel.engine
2026-06-05 15:29:29 [INFO] 分割系统初始化成功
2026-06-05 15:29:29 [INFO] 图像预处理完成，原始尺寸: (2160, 3840)
2026-06-05 15:29:29 [INFO] 开始执行分割...
2026-06-05 15:29:29 [DEBUG] 处理后的检测结果形状: (1, 8400, 6)
2026-06-05 15:29:29 [DEBUG] 示例检测结果: [[-4.15423203e+00 -3.18187714e+00  3.90186882e+01  1.47632027e+01
   3.56970844e-08  5.00000000e+00]
 [-6.69679642e+00 -3.02489281e+00  4.46320877e+01  2.86880016e+01
   8.53323812e-09  9.00000000e+00]
 [-3.67053986e+00 -3.40886021e+00  4.59129562e+01  2.95591621e+01
   3.95574062e-09  9.00000000e+00]]
2026-06-05 15:29:29 [DEBUG] 处理后检测输出形状: (0, 52)
2026-06-05 15:29:29 [DEBUG] 有效检测数量: 0
2026-06-05 15:29:29 [DEBUG] 检测输出为空
2026-06-05 15:29:29 [INFO] 掩码中检测到的类别: [0, 1, 2, 3, 4, 5, 6, 7, 8, 9, 10, 11, 12, 13, 14, 15]
2026-06-05 15:29:29 [INFO] 分割完成，检测到 0 个物体
2026-06-05 15:29:29 [INFO] 从分割掩码中提取检测结果
2026-06-05 15:29:29 [INFO] 从掩码中提取了 474 个检测框
2026-06-05 15:29:29 [INFO] 计算出的车框矩形边界: (1095, 662) to (3276, 1641)
2026-06-05 15:29:29 [INFO] 原始检测数: 474, 过滤后检测数: 220
2026-06-05 15:29:30 [INFO] 保存分割和检测结果到: C:\code\show\Scrap_Steel_In_Field\photos\segmentation\segment_20260605_152929.jpg
2026-06-05 15:29:30 [INFO] JSON结果保存到: C:\code\show\Scrap_Steel_In_Field\photos\segmentation_result.json
2026-06-05 15:29:30 [INFO] 类别统计：{0: 9, 1: 52, 2: 23, 3: 6, 4: 32, 5: 28, 6: 21, 7: 35, 8: 77, 9: 54, 10: 30, 11: 22, 12: 19, 13: 50, 14: 0, 15: 16}
2026-06-05 15:29:30 [INFO] 面积统计：{0: 3309264.0, 1: 761976.0, 2: 36360.0, 3: 148896.0, 4: 150804.0, 5: 117504.0, 6: 546336.0, 7: 37476.0, 8: 998460.0, 9: 250992.0, 10: 134316.0, 11: 333936.0, 12: 77400.0, 13: 647532.0, 14: 36.0, 15: 27648.0}
2026-06-05 15:29:30 [INFO] 分割成功
2026-06-05 15:29:30 [INFO] 引擎上下文已释放
2026-06-05 15:29:30 [INFO] TensorRT 引擎已释放
2026-06-05 15:29:30 [INFO] 全局 CUDA 资源已释放
2026-06-05 15:29:30 [INFO] 分割系统资源已释放
2026-06-05 15:29:34 [INFO] CUDA 初始化成功
2026-06-05 15:29:34 [INFO] 引擎加载成功: scrap_steel.engine
2026-06-05 15:29:34 [INFO] 分割系统初始化成功
2026-06-05 15:29:34 [INFO] 图像预处理完成，原始尺寸: (2160, 3840)
2026-06-05 15:29:34 [INFO] 开始执行分割...
2026-06-05 15:29:34 [DEBUG] 处理后的检测结果形状: (1, 8400, 6)
2026-06-05 15:29:34 [DEBUG] 示例检测结果: [[-4.15370178e+00 -3.16390562e+00  3.91013527e+01  1.46991119e+01
   3.54194150e-08  5.00000000e+00]
 [-6.74458313e+00 -3.00222206e+00  4.47361526e+01  2.87026234e+01
   8.72347794e-09  9.00000000e+00]
 [-3.66989899e+00 -3.35724831e+00  4.59070129e+01  2.94635448e+01
   4.08292067e-09  9.00000000e+00]]
2026-06-05 15:29:34 [DEBUG] 处理后检测输出形状: (0, 52)
2026-06-05 15:29:34 [DEBUG] 有效检测数量: 0
2026-06-05 15:29:34 [DEBUG] 检测输出为空
2026-06-05 15:29:34 [INFO] 掩码中检测到的类别: [0, 1, 2, 3, 4, 5, 6, 7, 8, 9, 10, 11, 12, 13, 14, 15]
2026-06-05 15:29:34 [INFO] 分割完成，检测到 0 个物体
2026-06-05 15:29:34 [INFO] 从分割掩码中提取检测结果
2026-06-05 15:29:34 [INFO] 从掩码中提取了 504 个检测框
2026-06-05 15:29:34 [INFO] 计算出的车框矩形边界: (1095, 660) to (3275, 1640)
2026-06-05 15:29:34 [INFO] 原始检测数: 504, 过滤后检测数: 243
2026-06-05 15:29:35 [INFO] 保存分割和检测结果到: C:\code\show\Scrap_Steel_In_Field\photos\segmentation\segment_20260605_152934.jpg
2026-06-05 15:29:35 [INFO] JSON结果保存到: C:\code\show\Scrap_Steel_In_Field\photos\segmentation_result.json
2026-06-05 15:29:35 [INFO] 类别统计：{0: 44, 1: 52, 2: 24, 3: 3, 4: 32, 5: 34, 6: 27, 7: 35, 8: 75, 9: 57, 10: 30, 11: 17, 12: 16, 13: 44, 14: 0, 15: 14}
2026-06-05 15:29:35 [INFO] 面积统计：{0: 3327804.0, 1: 731376.0, 2: 32940.0, 3: 160092.0, 4: 154944.0, 5: 112536.0, 6: 550476.0, 7: 39384.0, 8: 977112.0, 9: 285660.0, 10: 129960.0, 11: 361332.0, 12: 62280.0, 13: 647136.0, 14: 180.0, 15: 28800.0}
2026-06-05 15:29:35 [INFO] 分割成功
2026-06-05 15:29:35 [INFO] 引擎上下文已释放
2026-06-05 15:29:35 [INFO] TensorRT 引擎已释放
2026-06-05 15:29:35 [INFO] 全局 CUDA 资源已释放
2026-06-05 15:29:35 [INFO] 分割系统资源已释放
2026-06-05 15:29:39 [INFO] CUDA 初始化成功
2026-06-05 15:29:39 [INFO] 引擎加载成功: scrap_steel.engine
2026-06-05 15:29:39 [INFO] 分割系统初始化成功
2026-06-05 15:29:39 [INFO] 图像预处理完成，原始尺寸: (2160, 3840)
2026-06-05 15:29:39 [INFO] 开始执行分割...
2026-06-05 15:29:39 [DEBUG] 处理后的检测结果形状: (1, 8400, 6)
2026-06-05 15:29:39 [DEBUG] 示例检测结果: [[-4.15077591e+00 -3.17502785e+00  3.90610352e+01  1.47341309e+01
   3.56890553e-08  5.00000000e+00]
 [-6.71503448e+00 -3.01803780e+00  4.47198296e+01  2.86676502e+01
   8.69504468e-09  9.00000000e+00]
 [-3.66593170e+00 -3.38376713e+00  4.59229813e+01  2.95559349e+01
   4.08531520e-09  9.00000000e+00]]
2026-06-05 15:29:39 [DEBUG] 处理后检测输出形状: (0, 52)
2026-06-05 15:29:39 [DEBUG] 有效检测数量: 0
2026-06-05 15:29:39 [DEBUG] 检测输出为空
2026-06-05 15:29:39 [INFO] 掩码中检测到的类别: [0, 1, 2, 3, 4, 5, 6, 7, 8, 9, 10, 11, 12, 13, 14, 15]
2026-06-05 15:29:39 [INFO] 分割完成，检测到 0 个物体
2026-06-05 15:29:39 [INFO] 从分割掩码中提取检测结果
2026-06-05 15:29:40 [INFO] 从掩码中提取了 508 个检测框
2026-06-05 15:29:40 [INFO] 计算出的车框矩形边界: (1095, 660) to (3277, 1640)
2026-06-05 15:29:40 [INFO] 原始检测数: 508, 过滤后检测数: 248
2026-06-05 15:29:40 [INFO] 保存分割和检测结果到: C:\code\show\Scrap_Steel_In_Field\photos\segmentation\segment_20260605_152940.jpg
2026-06-05 15:29:40 [INFO] JSON结果保存到: C:\code\show\Scrap_Steel_In_Field\photos\segmentation_result.json
2026-06-05 15:29:40 [INFO] 类别统计：{0: 48, 1: 49, 2: 24, 3: 6, 4: 30, 5: 33, 6: 31, 7: 34, 8: 71, 9: 53, 10: 32, 11: 15, 12: 17, 13: 51, 14: 0, 15: 14}
2026-06-05 15:29:40 [INFO] 面积统计：{0: 3317796.0, 1: 725832.0, 2: 36036.0, 3: 149652.0, 4: 143712.0, 5: 107028.0, 6: 546948.0, 7: 38304.0, 8: 953820.0, 9: 267516.0, 10: 131328.0, 11: 359532.0, 12: 61668.0, 13: 663084.0, 14: 180.0, 15: 25668.0}
2026-06-05 15:29:40 [INFO] 分割成功
2026-06-05 15:29:40 [INFO] 引擎上下文已释放
2026-06-05 15:29:40 [INFO] TensorRT 引擎已释放
2026-06-05 15:29:40 [INFO] 全局 CUDA 资源已释放
2026-06-05 15:29:40 [INFO] 分割系统资源已释放
2026-06-05 15:29:44 [INFO] CUDA 初始化成功
2026-06-05 15:29:44 [INFO] 引擎加载成功: scrap_steel.engine
2026-06-05 15:29:44 [INFO] 分割系统初始化成功
2026-06-05 15:29:44 [INFO] 图像预处理完成，原始尺寸: (2160, 3840)
2026-06-05 15:29:44 [INFO] 开始执行分割...
2026-06-05 15:29:44 [DEBUG] 处理后的检测结果形状: (1, 8400, 6)
2026-06-05 15:29:44 [DEBUG] 示例检测结果: [[-4.15245056e+00 -3.18556404e+00  3.91126213e+01  1.47572670e+01
   3.48758356e-08  5.00000000e+00]
 [-6.73838806e+00 -3.03001404e+00  4.47745209e+01  2.86417465e+01
   8.70199912e-09  9.00000000e+00]
 [-3.65068817e+00 -3.38441849e+00  4.58947411e+01  2.95293579e+01
   4.05128020e-09  9.00000000e+00]]
2026-06-05 15:29:44 [DEBUG] 处理后检测输出形状: (0, 52)
2026-06-05 15:29:44 [DEBUG] 有效检测数量: 0
2026-06-05 15:29:44 [DEBUG] 检测输出为空
2026-06-05 15:29:44 [INFO] 掩码中检测到的类别: [0, 1, 2, 3, 4, 5, 6, 7, 8, 9, 10, 11, 12, 13, 14, 15]
2026-06-05 15:29:44 [INFO] 分割完成，检测到 0 个物体
2026-06-05 15:29:44 [INFO] 从分割掩码中提取检测结果
2026-06-05 15:29:45 [INFO] 从掩码中提取了 497 个检测框
2026-06-05 15:29:45 [INFO] 计算出的车框矩形边界: (1096, 664) to (3276, 1640)
2026-06-05 15:29:45 [INFO] 原始检测数: 497, 过滤后检测数: 240
2026-06-05 15:29:45 [INFO] 保存分割和检测结果到: C:\code\show\Scrap_Steel_In_Field\photos\segmentation\segment_20260605_152945.jpg
2026-06-05 15:29:45 [INFO] JSON结果保存到: C:\code\show\Scrap_Steel_In_Field\photos\segmentation_result.json
2026-06-05 15:29:45 [INFO] 类别统计：{0: 37, 1: 49, 2: 25, 3: 6, 4: 31, 5: 28, 6: 24, 7: 39, 8: 69, 9: 51, 10: 28, 11: 21, 12: 18, 13: 57, 14: 0, 15: 14}
2026-06-05 15:29:45 [INFO] 面积统计：{0: 3351060.0, 1: 730296.0, 2: 43776.0, 3: 157572.0, 4: 147240.0, 5: 116964.0, 6: 534240.0, 7: 37836.0, 8: 982692.0, 9: 254664.0, 10: 142308.0, 11: 342288.0, 12: 68040.0, 13: 656136.0, 14: 144.0, 15: 26280.0}
2026-06-05 15:29:45 [INFO] 分割成功
2026-06-05 15:29:45 [INFO] 引擎上下文已释放
2026-06-05 15:29:45 [INFO] TensorRT 引擎已释放
2026-06-05 15:29:45 [INFO] 全局 CUDA 资源已释放
2026-06-05 15:29:45 [INFO] 分割系统资源已释放
2026-06-05 15:29:50 [INFO] CUDA 初始化成功
2026-06-05 15:29:50 [INFO] 引擎加载成功: scrap_steel.engine
2026-06-05 15:29:50 [INFO] 分割系统初始化成功
2026-06-05 15:29:50 [INFO] 图像预处理完成，原始尺寸: (2160, 3840)
2026-06-05 15:29:50 [INFO] 开始执行分割...
2026-06-05 15:29:50 [DEBUG] 处理后的检测结果形状: (1, 8400, 6)
2026-06-05 15:29:50 [DEBUG] 示例检测结果: [[-4.13383102e+00 -3.16531324e+00  3.91001015e+01  1.47054405e+01
   3.48758356e-08  5.00000000e+00]
 [-6.70629120e+00 -2.99186707e+00  4.47616844e+01  2.86153679e+01
   8.58793836e-09  9.00000000e+00]
 [-3.64800262e+00 -3.34416962e+00  4.59171295e+01  2.95363808e+01
   3.98843270e-09  9.00000000e+00]]
2026-06-05 15:29:50 [DEBUG] 处理后检测输出形状: (0, 52)
2026-06-05 15:29:50 [DEBUG] 有效检测数量: 0
2026-06-05 15:29:50 [DEBUG] 检测输出为空
2026-06-05 15:29:50 [INFO] 掩码中检测到的类别: [0, 1, 2, 3, 4, 5, 6, 7, 8, 9, 10, 11, 12, 13, 14, 15]
2026-06-05 15:29:50 [INFO] 分割完成，检测到 0 个物体
2026-06-05 15:29:50 [INFO] 从分割掩码中提取检测结果
2026-06-05 15:29:50 [INFO] 从掩码中提取了 512 个检测框
2026-06-05 15:29:50 [INFO] 计算出的车框矩形边界: (1095, 662) to (3276, 1641)
2026-06-05 15:29:50 [INFO] 原始检测数: 512, 过滤后检测数: 247
2026-06-05 15:29:51 [INFO] 保存分割和检测结果到: C:\code\show\Scrap_Steel_In_Field\photos\segmentation\segment_20260605_152950.jpg
2026-06-05 15:29:51 [INFO] JSON结果保存到: C:\code\show\Scrap_Steel_In_Field\photos\segmentation_result.json
2026-06-05 15:29:51 [INFO] 类别统计：{0: 46, 1: 47, 2: 22, 3: 6, 4: 27, 5: 33, 6: 34, 7: 34, 8: 77, 9: 58, 10: 31, 11: 19, 12: 19, 13: 46, 14: 0, 15: 13}
2026-06-05 15:29:51 [INFO] 面积统计：{0: 3264480.0, 1: 746928.0, 2: 32436.0, 3: 155628.0, 4: 145548.0, 5: 121320.0, 6: 560916.0, 7: 42048.0, 8: 960876.0, 9: 240660.0, 10: 127044.0, 11: 347688.0, 12: 74340.0, 13: 657216.0, 14: 144.0, 15: 22680.0}
2026-06-05 15:29:51 [INFO] 分割成功
2026-06-05 15:29:51 [INFO] 引擎上下文已释放
2026-06-05 15:29:51 [INFO] TensorRT 引擎已释放
2026-06-05 15:29:51 [INFO] 全局 CUDA 资源已释放
2026-06-05 15:29:51 [INFO] 分割系统资源已释放
2026-06-05 15:29:55 [INFO] CUDA 初始化成功
2026-06-05 15:29:55 [INFO] 引擎加载成功: scrap_steel.engine
2026-06-05 15:29:55 [INFO] 分割系统初始化成功
2026-06-05 15:29:55 [INFO] 图像预处理完成，原始尺寸: (2160, 3840)
2026-06-05 15:29:55 [INFO] 开始执行分割...
2026-06-05 15:29:55 [DEBUG] 处理后的检测结果形状: (1, 8400, 6)
2026-06-05 15:29:55 [DEBUG] 示例检测结果: [[-4.12106323e+00 -3.17903900e+00  3.91899872e+01  1.48096218e+01
   3.56890553e-08  5.00000000e+00]
 [-6.68391800e+00 -2.99180031e+00  4.46592674e+01  2.86871395e+01
   8.65570815e-09  9.00000000e+00]
 [-3.63613510e+00 -3.36865234e+00  4.58961449e+01  2.96241798e+01
   3.97304589e-09  9.00000000e+00]]
2026-06-05 15:29:55 [DEBUG] 处理后检测输出形状: (0, 52)
2026-06-05 15:29:55 [DEBUG] 有效检测数量: 0
2026-06-05 15:29:55 [DEBUG] 检测输出为空
2026-06-05 15:29:55 [INFO] 掩码中检测到的类别: [0, 1, 2, 3, 4, 5, 6, 7, 8, 9, 10, 11, 12, 13, 14, 15]
2026-06-05 15:29:55 [INFO] 分割完成，检测到 0 个物体
2026-06-05 15:29:55 [INFO] 从分割掩码中提取检测结果
2026-06-05 15:29:55 [INFO] 从掩码中提取了 514 个检测框
2026-06-05 15:29:55 [INFO] 计算出的车框矩形边界: (1095, 662) to (3277, 1640)
2026-06-05 15:29:55 [INFO] 原始检测数: 514, 过滤后检测数: 252
2026-06-05 15:29:56 [INFO] 保存分割和检测结果到: C:\code\show\Scrap_Steel_In_Field\photos\segmentation\segment_20260605_152955.jpg
2026-06-05 15:29:56 [INFO] JSON结果保存到: C:\code\show\Scrap_Steel_In_Field\photos\segmentation_result.json
2026-06-05 15:29:56 [INFO] 类别统计：{0: 41, 1: 56, 2: 24, 3: 7, 4: 29, 5: 31, 6: 30, 7: 32, 8: 65, 9: 61, 10: 30, 11: 18, 12: 17, 13: 55, 14: 0, 15: 18}
2026-06-05 15:29:56 [INFO] 面积统计：{0: 3175560.0, 1: 768240.0, 2: 33228.0, 3: 155340.0, 4: 140976.0, 5: 112032.0, 6: 544896.0, 7: 34920.0, 8: 984888.0, 9: 262116.0, 10: 126648.0, 11: 351756.0, 12: 74124.0, 13: 638856.0, 14: 216.0, 15: 22536.0}
2026-06-05 15:29:56 [INFO] 分割成功
2026-06-05 15:29:56 [INFO] 引擎上下文已释放
2026-06-05 15:29:56 [INFO] TensorRT 引擎已释放
2026-06-05 15:29:56 [INFO] 全局 CUDA 资源已释放
2026-06-05 15:29:56 [INFO] 分割系统资源已释放
2026-06-05 15:30:00 [INFO] CUDA 初始化成功
2026-06-05 15:30:00 [INFO] 引擎加载成功: scrap_steel.engine
2026-06-05 15:30:00 [INFO] 分割系统初始化成功
2026-06-05 15:30:00 [INFO] 图像预处理完成，原始尺寸: (2160, 3840)
2026-06-05 15:30:00 [INFO] 开始执行分割...
2026-06-05 15:30:00 [DEBUG] 处理后的检测结果形状: (1, 8400, 6)
2026-06-05 15:30:00 [DEBUG] 示例检测结果: [[-4.12761688e+00 -3.15561199e+00  3.89808960e+01  1.46838617e+01
   3.59688421e-08  5.00000000e+00]
 [-6.69264984e+00 -2.99335861e+00  4.45972900e+01  2.84716682e+01
   8.58793836e-09  9.00000000e+00]
 [-3.65317535e+00 -3.35986137e+00  4.58428421e+01  2.93499126e+01
   4.00403621e-09  9.00000000e+00]]
2026-06-05 15:30:00 [DEBUG] 处理后检测输出形状: (0, 52)
2026-06-05 15:30:00 [DEBUG] 有效检测数量: 0
2026-06-05 15:30:00 [DEBUG] 检测输出为空
2026-06-05 15:30:00 [INFO] 掩码中检测到的类别: [0, 1, 2, 3, 4, 5, 6, 7, 8, 9, 10, 11, 12, 13, 14, 15]
2026-06-05 15:30:00 [INFO] 分割完成，检测到 0 个物体
2026-06-05 15:30:00 [INFO] 从分割掩码中提取检测结果
2026-06-05 15:30:01 [INFO] 从掩码中提取了 511 个检测框
2026-06-05 15:30:01 [INFO] 计算出的车框矩形边界: (1095, 664) to (3278, 1640)
2026-06-05 15:30:01 [INFO] 原始检测数: 511, 过滤后检测数: 251
2026-06-05 15:30:01 [INFO] 保存分割和检测结果到: C:\code\show\Scrap_Steel_In_Field\photos\segmentation\segment_20260605_153001.jpg
2026-06-05 15:30:01 [INFO] JSON结果保存到: C:\code\show\Scrap_Steel_In_Field\photos\segmentation_result.json
2026-06-05 15:30:01 [INFO] 类别统计：{0: 48, 1: 51, 2: 23, 3: 6, 4: 31, 5: 34, 6: 30, 7: 32, 8: 74, 9: 47, 10: 35, 11: 14, 12: 20, 13: 50, 14: 0, 15: 16}
2026-06-05 15:30:01 [INFO] 面积统计：{0: 3206952.0, 1: 717768.0, 2: 35388.0, 3: 152712.0, 4: 151668.0, 5: 121788.0, 6: 540828.0, 7: 34812.0, 8: 994716.0, 9: 256644.0, 10: 129492.0, 11: 340164.0, 12: 82476.0, 13: 646344.0, 14: 108.0, 15: 27072.0}
2026-06-05 15:30:02 [INFO] 分割成功
2026-06-05 15:30:02 [INFO] 引擎上下文已释放
2026-06-05 15:30:02 [INFO] TensorRT 引擎已释放
2026-06-05 15:30:02 [INFO] 全局 CUDA 资源已释放
2026-06-05 15:30:02 [INFO] 分割系统资源已释放
2026-06-05 15:30:05 [INFO] CUDA 初始化成功
2026-06-05 15:30:05 [INFO] 引擎加载成功: scrap_steel.engine
2026-06-05 15:30:05 [INFO] 分割系统初始化成功
2026-06-05 15:30:06 [INFO] 图像预处理完成，原始尺寸: (2160, 3840)
2026-06-05 15:30:06 [INFO] 开始执行分割...
2026-06-05 15:30:06 [DEBUG] 处理后的检测结果形状: (1, 8400, 6)
2026-06-05 15:30:06 [DEBUG] 示例检测结果: [[-4.09501648e+00 -3.15518951e+00  3.90689964e+01  1.46489582e+01
   3.56890553e-08  5.00000000e+00]
 [-6.66575623e+00 -2.97724724e+00  4.46272202e+01  2.85652733e+01
   8.76339001e-09  9.00000000e+00]
 [-3.66952515e+00 -3.38325405e+00  4.58966293e+01  2.95044518e+01
   4.05236911e-09  9.00000000e+00]]
2026-06-05 15:30:06 [DEBUG] 处理后检测输出形状: (0, 52)
2026-06-05 15:30:06 [DEBUG] 有效检测数量: 0
2026-06-05 15:30:06 [DEBUG] 检测输出为空
2026-06-05 15:30:06 [INFO] 掩码中检测到的类别: [0, 1, 2, 3, 4, 5, 6, 7, 8, 9, 10, 11, 12, 13, 14, 15]
2026-06-05 15:30:06 [INFO] 分割完成，检测到 0 个物体
2026-06-05 15:30:06 [INFO] 从分割掩码中提取检测结果
2026-06-05 15:30:06 [INFO] 从掩码中提取了 494 个检测框
2026-06-05 15:30:06 [INFO] 计算出的车框矩形边界: (1095, 663) to (3276, 1641)
2026-06-05 15:30:06 [INFO] 原始检测数: 494, 过滤后检测数: 241
2026-06-05 15:30:07 [INFO] 保存分割和检测结果到: C:\code\show\Scrap_Steel_In_Field\photos\segmentation\segment_20260605_153006.jpg
2026-06-05 15:30:07 [INFO] JSON结果保存到: C:\code\show\Scrap_Steel_In_Field\photos\segmentation_result.json
2026-06-05 15:30:07 [INFO] 类别统计：{0: 39, 1: 43, 2: 27, 3: 5, 4: 27, 5: 34, 6: 31, 7: 31, 8: 75, 9: 51, 10: 31, 11: 14, 12: 20, 13: 51, 14: 0, 15: 15}
2026-06-05 15:30:07 [INFO] 面积统计：{0: 3209760.0, 1: 730044.0, 2: 41616.0, 3: 159264.0, 4: 159192.0, 5: 118404.0, 6: 545436.0, 7: 36828.0, 8: 976356.0, 9: 247140.0, 10: 130824.0, 11: 347292.0, 12: 64332.0, 13: 640872.0, 14: 36.0, 15: 31068.0}
2026-06-05 15:30:07 [INFO] 分割成功
2026-06-05 15:30:07 [INFO] 引擎上下文已释放
2026-06-05 15:30:07 [INFO] TensorRT 引擎已释放
2026-06-05 15:30:07 [INFO] 全局 CUDA 资源已释放
2026-06-05 15:30:07 [INFO] 分割系统资源已释放
2026-06-05 15:30:11 [INFO] CUDA 初始化成功
2026-06-05 15:30:11 [INFO] 引擎加载成功: scrap_steel.engine
2026-06-05 15:30:11 [INFO] 分割系统初始化成功
2026-06-05 15:30:11 [INFO] 图像预处理完成，原始尺寸: (2160, 3840)
2026-06-05 15:30:11 [INFO] 开始执行分割...
2026-06-05 15:30:11 [DEBUG] 处理后的检测结果形状: (1, 8400, 6)
2026-06-05 15:30:11 [DEBUG] 示例检测结果: [[-4.13610077e+00 -3.13257122e+00  3.91821785e+01  1.47031717e+01
   3.54194150e-08  5.00000000e+00]
 [-6.73046875e+00 -2.98017693e+00  4.47506676e+01  2.86203861e+01
   8.72921735e-09  9.00000000e+00]
 [-3.65798569e+00 -3.34238625e+00  4.58969879e+01  2.94857883e+01
   4.06875600e-09  9.00000000e+00]]
2026-06-05 15:30:11 [DEBUG] 处理后检测输出形状: (0, 52)
2026-06-05 15:30:11 [DEBUG] 有效检测数量: 0
2026-06-05 15:30:11 [DEBUG] 检测输出为空
2026-06-05 15:30:11 [INFO] 掩码中检测到的类别: [0, 1, 2, 3, 4, 5, 6, 7, 8, 9, 10, 11, 12, 13, 14, 15]
2026-06-05 15:30:11 [INFO] 分割完成，检测到 0 个物体
2026-06-05 15:30:11 [INFO] 从分割掩码中提取检测结果
2026-06-05 15:30:11 [INFO] 从掩码中提取了 505 个检测框
2026-06-05 15:30:11 [INFO] 计算出的车框矩形边界: (1095, 661) to (3276, 1642)
2026-06-05 15:30:11 [INFO] 原始检测数: 505, 过滤后检测数: 245
2026-06-05 15:30:11 [WARNING] 读取现有JSON文件失败: D:\a\1\s\Objects\dictobject.c:1514: bad argument to internal function，将创建新文件
2026-06-05 15:30:11 [INFO] 保存分割和检测结果到: C:\code\show\Scrap_Steel_In_Field\photos\segmentation\segment_20260605_153011.jpg
2026-06-05 15:30:11 [INFO] JSON结果保存到: C:\code\show\Scrap_Steel_In_Field\photos\segmentation_result.json
2026-06-05 15:30:11 [INFO] 类别统计：{0: 40, 1: 45, 2: 26, 3: 5, 4: 33, 5: 32, 6: 29, 7: 36, 8: 65, 9: 58, 10: 38, 11: 18, 12: 18, 13: 47, 14: 0, 15: 15}
2026-06-05 15:30:11 [INFO] 面积统计：{0: 3178656.0, 1: 715536.0, 2: 37296.0, 3: 150876.0, 4: 160020.0, 5: 113040.0, 6: 553356.0, 7: 34524.0, 8: 997020.0, 9: 259344.0, 10: 125388.0, 11: 337212.0, 12: 95256.0, 13: 648576.0, 14: 180.0, 15: 24948.0}
2026-06-05 15:30:11 [INFO] 分割成功
2026-06-05 15:30:11 [INFO] 引擎上下文已释放
2026-06-05 15:30:11 [INFO] TensorRT 引擎已释放
2026-06-05 15:30:11 [INFO] 全局 CUDA 资源已释放
2026-06-05 15:30:11 [INFO] 分割系统资源已释放
