2026-06-22 14:26:37 [INFO] CUDA 初始化成功
2026-06-22 14:26:37 [INFO] 引擎加载成功: scrap_steel.engine
2026-06-22 14:26:37 [INFO] 分割系统初始化成功
2026-06-22 14:26:40 [INFO] 引擎加载成功: scrap_steel.engine
2026-06-22 14:26:40 [INFO] 分割系统初始化成功
2026-06-22 14:26:40 [INFO] 图像预处理完成，原始尺寸: (2160, 3840)
2026-06-22 14:26:40 [INFO] 开始执行分割...
2026-06-22 14:26:40 [ERROR] 推理过程发生异常: explicit_context_dependent failed: invalid device context - no currently active context?
2026-06-22 14:26:40 [INFO] 分割完成，检测到 0 个物体
2026-06-22 14:26:40 [INFO] 计算出的车框矩形边界: (612, 692) to (2806, 1646)
2026-06-22 14:26:40 [INFO] 原始检测数: 0, 过滤后检测数: 0
2026-06-22 14:26:40 [ERROR] 保存结果失败: 'NoneType' object has no attribute 'shape'
2026-06-22 14:26:40 [ERROR] 分割失败: 未能生成有效的分割掩码
2026-06-22 14:26:40 [INFO] 引擎上下文已释放
2026-06-22 14:26:40 [INFO] TensorRT 引擎已释放
2026-06-22 14:26:40 [INFO] 全局 CUDA 资源已释放
2026-06-22 14:26:40 [INFO] 分割系统资源已释放
2026-06-22 14:26:45 [INFO] CUDA 初始化成功
2026-06-22 14:26:45 [INFO] 引擎加载成功: scrap_steel.engine
2026-06-22 14:26:45 [INFO] 分割系统初始化成功
2026-06-22 14:26:45 [INFO] 图像预处理完成，原始尺寸: (2160, 3840)
2026-06-22 14:26:45 [INFO] 开始执行分割...
2026-06-22 14:26:45 [DEBUG] 处理后的检测结果形状: (1, 8400, 6)
2026-06-22 14:26:45 [DEBUG] 示例检测结果: [[-4.10643387e+00 -3.16367340e+00  3.94431877e+01  1.48418751e+01
   3.76785607e-08  5.00000000e+00]
 [-6.58074570e+00 -2.92231941e+00  4.49452248e+01  2.91376476e+01
   9.13494080e-09  9.00000000e+00]
 [-3.59318542e+00 -3.28854465e+00  4.59283180e+01  2.99224510e+01
   4.33127134e-09  9.00000000e+00]]
2026-06-22 14:26:45 [DEBUG] 处理后检测输出形状: (0, 52)
2026-06-22 14:26:45 [DEBUG] 有效检测数量: 0
2026-06-22 14:26:45 [DEBUG] 检测输出为空
2026-06-22 14:26:45 [INFO] 掩码中检测到的类别: [0, 1, 2, 3, 4, 5, 6, 7, 8, 9, 10, 11, 12, 13, 15]
2026-06-22 14:26:45 [INFO] 分割完成，检测到 0 个物体
2026-06-22 14:26:45 [INFO] 从分割掩码中提取检测结果
2026-06-22 14:26:45 [INFO] 从掩码中提取了 511 个检测框
2026-06-22 14:26:45 [INFO] 计算出的车框矩形边界: (612, 692) to (2806, 1646)
2026-06-22 14:26:45 [INFO] 原始检测数: 511, 过滤后检测数: 186
2026-06-22 14:26:46 [INFO] 保存分割和检测结果到: C:\code\show\Scrap_Steel_In_Field\photos\segmentation\segment_20260622_142645.jpg
2026-06-22 14:26:46 [INFO] JSON结果保存到: C:\code\show\Scrap_Steel_In_Field\photos\segmentation_result.json
2026-06-22 14:26:46 [INFO] 类别统计：{0: 38, 1: 55, 2: 19, 3: 7, 4: 26, 5: 39, 6: 33, 7: 29, 8: 67, 9: 52, 10: 21, 11: 18, 12: 7, 13: 66, 14: 0, 15: 34}
2026-06-22 14:26:46 [INFO] 面积统计：{0: 4031856.0, 1: 718524.0, 2: 49608.0, 3: 155916.0, 4: 128340.0, 5: 110484.0, 6: 485388.0, 7: 41544.0, 8: 982692.0, 9: 261468.0, 10: 110124.0, 11: 296640.0, 12: 134784.0, 13: 718308.0, 15: 99972.0}
2026-06-22 14:26:46 [INFO] 分割成功
2026-06-22 14:26:46 [INFO] 引擎上下文已释放
2026-06-22 14:26:46 [INFO] TensorRT 引擎已释放
2026-06-22 14:26:46 [INFO] 全局 CUDA 资源已释放
2026-06-22 14:26:46 [INFO] 分割系统资源已释放
2026-06-22 14:26:50 [INFO] CUDA 初始化成功
2026-06-22 14:26:50 [INFO] 引擎加载成功: scrap_steel.engine
2026-06-22 14:26:50 [INFO] 分割系统初始化成功
2026-06-22 14:26:50 [INFO] 图像预处理完成，原始尺寸: (2160, 3840)
2026-06-22 14:26:50 [INFO] 开始执行分割...
2026-06-22 14:26:50 [DEBUG] 处理后的检测结果形状: (1, 8400, 6)
2026-06-22 14:26:50 [DEBUG] 示例检测结果: [[-4.07798767e+00 -3.13701534e+00  3.93649826e+01  1.46692476e+01
   3.66755160e-08  5.00000000e+00]
 [-6.59836578e+00 -2.90268326e+00  4.49077835e+01  2.88154869e+01
   9.09547637e-09  9.00000000e+00]
 [-3.61759567e+00 -3.26919174e+00  4.59113388e+01  2.96085396e+01
   4.23357260e-09  9.00000000e+00]]
2026-06-22 14:26:50 [DEBUG] 处理后检测输出形状: (0, 52)
2026-06-22 14:26:50 [DEBUG] 有效检测数量: 0
2026-06-22 14:26:50 [DEBUG] 检测输出为空
2026-06-22 14:26:50 [INFO] 掩码中检测到的类别: [0, 1, 2, 3, 4, 5, 6, 7, 8, 9, 10, 11, 12, 13, 15]
2026-06-22 14:26:50 [INFO] 分割完成，检测到 0 个物体
2026-06-22 14:26:50 [INFO] 从分割掩码中提取检测结果
2026-06-22 14:26:50 [INFO] 从掩码中提取了 507 个检测框
2026-06-22 14:26:50 [INFO] 计算出的车框矩形边界: (614, 692) to (2806, 1646)
2026-06-22 14:26:50 [INFO] 原始检测数: 507, 过滤后检测数: 181
2026-06-22 14:26:51 [INFO] 保存分割和检测结果到: C:\code\show\Scrap_Steel_In_Field\photos\segmentation\segment_20260622_142650.jpg
2026-06-22 14:26:51 [INFO] JSON结果保存到: C:\code\show\Scrap_Steel_In_Field\photos\segmentation_result.json
2026-06-22 14:26:51 [INFO] 类别统计：{0: 40, 1: 50, 2: 20, 3: 8, 4: 24, 5: 33, 6: 35, 7: 26, 8: 61, 9: 56, 10: 19, 11: 18, 12: 8, 13: 72, 14: 0, 15: 37}
2026-06-22 14:26:51 [INFO] 面积统计：{0: 3949596.0, 1: 764640.0, 2: 46332.0, 3: 160128.0, 4: 137196.0, 5: 110880.0, 6: 487368.0, 7: 37944.0, 8: 1004652.0, 9: 257688.0, 10: 113868.0, 11: 295956.0, 12: 128088.0, 13: 719748.0, 15: 88812.0}
2026-06-22 14:26:51 [INFO] 分割成功
2026-06-22 14:26:51 [INFO] 引擎上下文已释放
2026-06-22 14:26:51 [INFO] TensorRT 引擎已释放
2026-06-22 14:26:51 [INFO] 全局 CUDA 资源已释放
2026-06-22 14:26:51 [INFO] 分割系统资源已释放
2026-06-22 14:26:55 [INFO] CUDA 初始化成功
2026-06-22 14:26:55 [INFO] 引擎加载成功: scrap_steel.engine
2026-06-22 14:26:55 [INFO] 分割系统初始化成功
2026-06-22 14:26:55 [INFO] 图像预处理完成，原始尺寸: (2160, 3840)
2026-06-22 14:26:55 [INFO] 开始执行分割...
2026-06-22 14:26:55 [DEBUG] 处理后的检测结果形状: (1, 8400, 6)
2026-06-22 14:26:55 [DEBUG] 示例检测结果: [[-4.07828140e+00 -3.12655544e+00  3.93252602e+01  1.47278528e+01
   3.65453765e-08  5.00000000e+00]
 [-6.57573700e+00 -2.89163971e+00  4.49725990e+01  2.89000931e+01
   9.06000874e-09  9.00000000e+00]
 [-3.63856506e+00 -3.25461483e+00  4.59146118e+01  2.96543198e+01
   4.30033431e-09  9.00000000e+00]]
2026-06-22 14:26:55 [DEBUG] 处理后检测输出形状: (0, 52)
2026-06-22 14:26:55 [DEBUG] 有效检测数量: 0
2026-06-22 14:26:55 [DEBUG] 检测输出为空
2026-06-22 14:26:55 [INFO] 掩码中检测到的类别: [0, 1, 2, 3, 4, 5, 6, 7, 8, 9, 10, 11, 12, 13, 15]
2026-06-22 14:26:55 [INFO] 分割完成，检测到 0 个物体
2026-06-22 14:26:55 [INFO] 从分割掩码中提取检测结果
2026-06-22 14:26:55 [INFO] 从掩码中提取了 515 个检测框
2026-06-22 14:26:55 [INFO] 计算出的车框矩形边界: (612, 692) to (2806, 1646)
2026-06-22 14:26:55 [INFO] 原始检测数: 515, 过滤后检测数: 193
2026-06-22 14:26:56 [INFO] 保存分割和检测结果到: C:\code\show\Scrap_Steel_In_Field\photos\segmentation\segment_20260622_142655.jpg
2026-06-22 14:26:56 [INFO] JSON结果保存到: C:\code\show\Scrap_Steel_In_Field\photos\segmentation_result.json
2026-06-22 14:26:56 [INFO] 类别统计：{0: 34, 1: 55, 2: 23, 3: 7, 4: 26, 5: 38, 6: 38, 7: 23, 8: 65, 9: 56, 10: 19, 11: 16, 12: 8, 13: 75, 14: 0, 15: 32}
2026-06-22 14:26:56 [INFO] 面积统计：{0: 3956616.0, 1: 764856.0, 2: 52200.0, 3: 163584.0, 4: 153504.0, 5: 107316.0, 6: 480384.0, 7: 42660.0, 8: 996048.0, 9: 259668.0, 10: 112068.0, 11: 300348.0, 12: 111996.0, 13: 729036.0, 15: 101772.0}
2026-06-22 14:26:56 [INFO] 分割成功
2026-06-22 14:26:56 [INFO] 引擎上下文已释放
2026-06-22 14:26:56 [INFO] TensorRT 引擎已释放
2026-06-22 14:26:56 [INFO] 全局 CUDA 资源已释放
2026-06-22 14:26:56 [INFO] 分割系统资源已释放
2026-06-22 14:27:00 [INFO] CUDA 初始化成功
2026-06-22 14:27:00 [INFO] 引擎加载成功: scrap_steel.engine
2026-06-22 14:27:00 [INFO] 分割系统初始化成功
2026-06-22 14:27:00 [INFO] 图像预处理完成，原始尺寸: (2160, 3840)
2026-06-22 14:27:00 [INFO] 开始执行分割...
2026-06-22 14:27:00 [DEBUG] 处理后的检测结果形状: (1, 8400, 6)
2026-06-22 14:27:00 [DEBUG] 示例检测结果: [[-4.07885742e+00 -3.13069057e+00  3.93413048e+01  1.47268744e+01
   3.71127307e-08  5.00000000e+00]
 [-6.59449005e+00 -2.89926529e+00  4.49759331e+01  2.89407330e+01
   8.99137920e-09  9.00000000e+00]
 [-3.61843109e+00 -3.23838425e+00  4.59216156e+01  2.97092018e+01
   4.29900737e-09  9.00000000e+00]]
2026-06-22 14:27:00 [DEBUG] 处理后检测输出形状: (0, 52)
2026-06-22 14:27:00 [DEBUG] 有效检测数量: 0
2026-06-22 14:27:00 [DEBUG] 检测输出为空
2026-06-22 14:27:00 [INFO] 掩码中检测到的类别: [0, 1, 2, 3, 4, 5, 6, 7, 8, 9, 10, 11, 12, 13, 15]
2026-06-22 14:27:00 [INFO] 分割完成，检测到 0 个物体
2026-06-22 14:27:00 [INFO] 从分割掩码中提取检测结果
2026-06-22 14:27:00 [INFO] 从掩码中提取了 540 个检测框
2026-06-22 14:27:01 [INFO] 计算出的车框矩形边界: (612, 690) to (2806, 1646)
2026-06-22 14:27:01 [INFO] 原始检测数: 540, 过滤后检测数: 187
2026-06-22 14:27:01 [INFO] 保存分割和检测结果到: C:\code\show\Scrap_Steel_In_Field\photos\segmentation\segment_20260622_142700.jpg
2026-06-22 14:27:01 [INFO] JSON结果保存到: C:\code\show\Scrap_Steel_In_Field\photos\segmentation_result.json
2026-06-22 14:27:01 [INFO] 类别统计：{0: 41, 1: 49, 2: 19, 3: 11, 4: 27, 5: 37, 6: 38, 7: 26, 8: 64, 9: 68, 10: 20, 11: 18, 12: 7, 13: 87, 14: 0, 15: 28}
2026-06-22 14:27:01 [INFO] 面积统计：{0: 4026132.0, 1: 738216.0, 2: 43992.0, 3: 158040.0, 4: 133524.0, 5: 111204.0, 6: 494064.0, 7: 37368.0, 8: 1006668.0, 9: 290700.0, 10: 117000.0, 11: 291996.0, 12: 143136.0, 13: 738468.0, 15: 77580.0}
2026-06-22 14:27:01 [INFO] 分割成功
2026-06-22 14:27:01 [INFO] 引擎上下文已释放
2026-06-22 14:27:01 [INFO] TensorRT 引擎已释放
2026-06-22 14:27:01 [INFO] 全局 CUDA 资源已释放
2026-06-22 14:27:01 [INFO] 分割系统资源已释放
2026-06-22 14:27:05 [INFO] CUDA 初始化成功
2026-06-22 14:27:05 [INFO] 引擎加载成功: scrap_steel.engine
2026-06-22 14:27:05 [INFO] 分割系统初始化成功
2026-06-22 14:27:05 [INFO] 图像预处理完成，原始尺寸: (2160, 3840)
2026-06-22 14:27:05 [INFO] 开始执行分割...
2026-06-22 14:27:05 [DEBUG] 处理后的检测结果形状: (1, 8400, 6)
2026-06-22 14:27:05 [DEBUG] 示例检测结果: [[-4.12189484e+00 -3.15601635e+00  3.94318314e+01  1.48328447e+01
   3.72576281e-08  5.00000000e+00]
 [-6.54336166e+00 -2.91358757e+00  4.48744850e+01  2.90288086e+01
   9.06000874e-09  9.00000000e+00]
 [-3.59955215e+00 -3.26598263e+00  4.59006004e+01  2.97121277e+01
   4.29946478e-09  9.00000000e+00]]
2026-06-22 14:27:05 [DEBUG] 处理后检测输出形状: (0, 52)
2026-06-22 14:27:05 [DEBUG] 有效检测数量: 0
2026-06-22 14:27:05 [DEBUG] 检测输出为空
2026-06-22 14:27:05 [INFO] 掩码中检测到的类别: [0, 1, 2, 3, 4, 5, 6, 7, 8, 9, 10, 11, 12, 13, 15]
2026-06-22 14:27:05 [INFO] 分割完成，检测到 0 个物体
2026-06-22 14:27:05 [INFO] 从分割掩码中提取检测结果
2026-06-22 14:27:06 [INFO] 从掩码中提取了 503 个检测框
2026-06-22 14:27:06 [INFO] 计算出的车框矩形边界: (612, 691) to (2806, 1646)
2026-06-22 14:27:06 [INFO] 原始检测数: 503, 过滤后检测数: 193
2026-06-22 14:27:06 [INFO] 保存分割和检测结果到: C:\code\show\Scrap_Steel_In_Field\photos\segmentation\segment_20260622_142706.jpg
2026-06-22 14:27:06 [INFO] JSON结果保存到: C:\code\show\Scrap_Steel_In_Field\photos\segmentation_result.json
2026-06-22 14:27:06 [INFO] 类别统计：{0: 31, 1: 53, 2: 19, 3: 8, 4: 27, 5: 40, 6: 29, 7: 27, 8: 59, 9: 58, 10: 22, 11: 18, 12: 9, 13: 68, 14: 0, 15: 35}
2026-06-22 14:27:06 [INFO] 面积统计：{0: 3989304.0, 1: 739728.0, 2: 54864.0, 3: 165780.0, 4: 121824.0, 5: 112752.0, 6: 465876.0, 7: 40680.0, 8: 967140.0, 9: 269640.0, 10: 114804.0, 11: 289044.0, 12: 137556.0, 13: 737820.0, 15: 111348.0}
2026-06-22 14:27:06 [INFO] 分割成功
2026-06-22 14:27:06 [INFO] 引擎上下文已释放
2026-06-22 14:27:06 [INFO] TensorRT 引擎已释放
2026-06-22 14:27:06 [INFO] 全局 CUDA 资源已释放
2026-06-22 14:27:06 [INFO] 分割系统资源已释放
2026-06-22 14:27:10 [INFO] CUDA 初始化成功
2026-06-22 14:27:10 [INFO] 引擎加载成功: scrap_steel.engine
2026-06-22 14:27:10 [INFO] 分割系统初始化成功
2026-06-22 14:27:10 [INFO] 图像预处理完成，原始尺寸: (2160, 3840)
2026-06-22 14:27:10 [INFO] 开始执行分割...
2026-06-22 14:27:10 [DEBUG] 处理后的检测结果形状: (1, 8400, 6)
2026-06-22 14:27:10 [DEBUG] 示例检测结果: [[-4.10586166e+00 -3.13181353e+00  3.94297638e+01  1.46197166e+01
   3.73866236e-08  5.00000000e+00]
 [-6.61890411e+00 -2.92325783e+00  4.50089493e+01  2.89239521e+01
   9.09934261e-09  9.00000000e+00]
 [-3.63230515e+00 -3.26132584e+00  4.59462776e+01  2.97645683e+01
   4.26560387e-09  9.00000000e+00]]
2026-06-22 14:27:10 [DEBUG] 处理后检测输出形状: (0, 52)
2026-06-22 14:27:10 [DEBUG] 有效检测数量: 0
2026-06-22 14:27:10 [DEBUG] 检测输出为空
2026-06-22 14:27:11 [INFO] 掩码中检测到的类别: [0, 1, 2, 3, 4, 5, 6, 7, 8, 9, 10, 11, 12, 13, 15]
2026-06-22 14:27:11 [INFO] 分割完成，检测到 0 个物体
2026-06-22 14:27:11 [INFO] 从分割掩码中提取检测结果
2026-06-22 14:27:11 [INFO] 从掩码中提取了 509 个检测框
2026-06-22 14:27:11 [INFO] 计算出的车框矩形边界: (612, 691) to (2806, 1646)
2026-06-22 14:27:11 [INFO] 原始检测数: 509, 过滤后检测数: 176
2026-06-22 14:27:11 [INFO] 保存分割和检测结果到: C:\code\show\Scrap_Steel_In_Field\photos\segmentation\segment_20260622_142711.jpg
2026-06-22 14:27:11 [INFO] JSON结果保存到: C:\code\show\Scrap_Steel_In_Field\photos\segmentation_result.json
2026-06-22 14:27:11 [INFO] 类别统计：{0: 42, 1: 53, 2: 20, 3: 8, 4: 29, 5: 38, 6: 32, 7: 25, 8: 57, 9: 53, 10: 18, 11: 18, 12: 8, 13: 74, 14: 0, 15: 34}
2026-06-22 14:27:11 [INFO] 面积统计：{0: 3949524.0, 1: 705996.0, 2: 49716.0, 3: 161928.0, 4: 150696.0, 5: 104040.0, 6: 498240.0, 7: 41616.0, 8: 966600.0, 9: 293256.0, 10: 116748.0, 11: 301752.0, 12: 142668.0, 13: 734292.0, 15: 109440.0}
2026-06-22 14:27:11 [INFO] 分割成功
2026-06-22 14:27:11 [INFO] 引擎上下文已释放
2026-06-22 14:27:11 [INFO] TensorRT 引擎已释放
2026-06-22 14:27:11 [INFO] 全局 CUDA 资源已释放
2026-06-22 14:27:11 [INFO] 分割系统资源已释放
2026-06-22 14:27:15 [INFO] CUDA 初始化成功
2026-06-22 14:27:15 [INFO] 引擎加载成功: scrap_steel.engine
2026-06-22 14:27:15 [INFO] 分割系统初始化成功
2026-06-22 14:27:15 [INFO] 图像预处理完成，原始尺寸: (2160, 3840)
2026-06-22 14:27:15 [INFO] 开始执行分割...
2026-06-22 14:27:16 [DEBUG] 处理后的检测结果形状: (1, 8400, 6)
2026-06-22 14:27:16 [DEBUG] 示例检测结果: [[-4.04814529e+00 -3.13123322e+00  3.94017334e+01  1.47002010e+01
   3.71127307e-08  5.00000000e+00]
 [-6.53827286e+00 -2.87738037e+00  4.50011101e+01  2.89419174e+01
   9.06000874e-09  9.00000000e+00]
 [-3.59856796e+00 -3.22849751e+00  4.59509048e+01  2.97419090e+01
   4.36738645e-09  9.00000000e+00]]
2026-06-22 14:27:16 [DEBUG] 处理后检测输出形状: (0, 52)
2026-06-22 14:27:16 [DEBUG] 有效检测数量: 0
2026-06-22 14:27:16 [DEBUG] 检测输出为空
2026-06-22 14:27:16 [INFO] 掩码中检测到的类别: [0, 1, 2, 3, 4, 5, 6, 7, 8, 9, 10, 11, 12, 13, 15]
2026-06-22 14:27:16 [INFO] 分割完成，检测到 0 个物体
2026-06-22 14:27:16 [INFO] 从分割掩码中提取检测结果
2026-06-22 14:27:16 [INFO] 从掩码中提取了 510 个检测框
2026-06-22 14:27:16 [INFO] 计算出的车框矩形边界: (613, 692) to (2806, 1646)
2026-06-22 14:27:16 [INFO] 原始检测数: 510, 过滤后检测数: 187
2026-06-22 14:27:16 [INFO] 保存分割和检测结果到: C:\code\show\Scrap_Steel_In_Field\photos\segmentation\segment_20260622_142716.jpg
2026-06-22 14:27:16 [INFO] JSON结果保存到: C:\code\show\Scrap_Steel_In_Field\photos\segmentation_result.json
2026-06-22 14:27:16 [INFO] 类别统计：{0: 40, 1: 61, 2: 19, 3: 9, 4: 28, 5: 38, 6: 28, 7: 29, 8: 59, 9: 56, 10: 18, 11: 18, 12: 5, 13: 68, 14: 0, 15: 34}
2026-06-22 14:27:16 [INFO] 面积统计：{0: 3975660.0, 1: 729144.0, 2: 50904.0, 3: 160236.0, 4: 140724.0, 5: 106848.0, 6: 484812.0, 7: 38988.0, 8: 979200.0, 9: 283176.0, 10: 116352.0, 11: 289944.0, 12: 146016.0, 13: 733032.0, 15: 85752.0}
2026-06-22 14:27:16 [INFO] 分割成功
2026-06-22 14:27:16 [INFO] 引擎上下文已释放
2026-06-22 14:27:16 [INFO] TensorRT 引擎已释放
2026-06-22 14:27:16 [INFO] 全局 CUDA 资源已释放
2026-06-22 14:27:16 [INFO] 分割系统资源已释放
2026-06-22 14:27:20 [INFO] CUDA 初始化成功
2026-06-22 14:27:20 [INFO] 引擎加载成功: scrap_steel.engine
2026-06-22 14:27:20 [INFO] 分割系统初始化成功
2026-06-22 14:27:20 [INFO] 图像预处理完成，原始尺寸: (2160, 3840)
2026-06-22 14:27:20 [INFO] 开始执行分割...
2026-06-22 14:27:21 [DEBUG] 处理后的检测结果形状: (1, 8400, 6)
2026-06-22 14:27:21 [DEBUG] 示例检测结果: [[-4.07766342e+00 -3.12364864e+00  3.94550285e+01  1.46822233e+01
   3.69630229e-08  5.00000000e+00]
 [-6.55775452e+00 -2.88999748e+00  4.50401840e+01  2.89128170e+01
   9.20502874e-09  9.00000000e+00]
 [-3.60098648e+00 -3.25490665e+00  4.59275093e+01  2.96818466e+01
   4.36738645e-09  9.00000000e+00]]
2026-06-22 14:27:21 [DEBUG] 处理后检测输出形状: (0, 52)
2026-06-22 14:27:21 [DEBUG] 有效检测数量: 0
2026-06-22 14:27:21 [DEBUG] 检测输出为空
2026-06-22 14:27:21 [INFO] 掩码中检测到的类别: [0, 1, 2, 3, 4, 5, 6, 7, 8, 9, 10, 11, 12, 13, 15]
2026-06-22 14:27:21 [INFO] 分割完成，检测到 0 个物体
2026-06-22 14:27:21 [INFO] 从分割掩码中提取检测结果
2026-06-22 14:27:21 [INFO] 从掩码中提取了 490 个检测框
2026-06-22 14:27:21 [INFO] 计算出的车框矩形边界: (612, 691) to (2806, 1646)
2026-06-22 14:27:21 [INFO] 原始检测数: 490, 过滤后检测数: 189
2026-06-22 14:27:21 [INFO] 保存分割和检测结果到: C:\code\show\Scrap_Steel_In_Field\photos\segmentation\segment_20260622_142721.jpg
2026-06-22 14:27:21 [INFO] JSON结果保存到: C:\code\show\Scrap_Steel_In_Field\photos\segmentation_result.json
2026-06-22 14:27:21 [INFO] 类别统计：{0: 31, 1: 55, 2: 21, 3: 6, 4: 27, 5: 38, 6: 30, 7: 26, 8: 59, 9: 58, 10: 18, 11: 16, 12: 10, 13: 64, 14: 0, 15: 31}
2026-06-22 14:27:21 [INFO] 面积统计：{0: 3948984.0, 1: 721872.0, 2: 54000.0, 3: 163548.0, 4: 149580.0, 5: 112284.0, 6: 481896.0, 7: 42336.0, 8: 999612.0, 9: 255780.0, 10: 113472.0, 11: 291204.0, 12: 132048.0, 13: 724536.0, 15: 107928.0}
2026-06-22 14:27:21 [INFO] 分割成功
2026-06-22 14:27:21 [INFO] 引擎上下文已释放
2026-06-22 14:27:21 [INFO] TensorRT 引擎已释放
2026-06-22 14:27:21 [INFO] 全局 CUDA 资源已释放
2026-06-22 14:27:21 [INFO] 分割系统资源已释放
2026-06-22 14:27:26 [INFO] CUDA 初始化成功
2026-06-22 14:27:26 [INFO] 引擎加载成功: scrap_steel.engine
2026-06-22 14:27:26 [INFO] 分割系统初始化成功
2026-06-22 14:27:26 [INFO] 图像预处理完成，原始尺寸: (2160, 3840)
2026-06-22 14:27:26 [INFO] 开始执行分割...
2026-06-22 14:27:26 [DEBUG] 处理后的检测结果形状: (1, 8400, 6)
2026-06-22 14:27:26 [DEBUG] 示例检测结果: [[-4.09118271e+00 -3.16158295e+00  3.94198341e+01  1.47862568e+01
   3.74025291e-08  5.00000000e+00]
 [-6.56171799e+00 -2.90915775e+00  4.50173302e+01  2.91232910e+01
   9.06374442e-09  9.00000000e+00]
 [-3.61632156e+00 -3.26334476e+00  4.59607353e+01  2.99020691e+01
   4.29900737e-09  9.00000000e+00]]
2026-06-22 14:27:26 [DEBUG] 处理后检测输出形状: (0, 52)
2026-06-22 14:27:26 [DEBUG] 有效检测数量: 0
2026-06-22 14:27:26 [DEBUG] 检测输出为空
2026-06-22 14:27:26 [INFO] 掩码中检测到的类别: [0, 1, 2, 3, 4, 5, 6, 7, 8, 9, 10, 11, 12, 13, 15]
2026-06-22 14:27:26 [INFO] 分割完成，检测到 0 个物体
2026-06-22 14:27:26 [INFO] 从分割掩码中提取检测结果
2026-06-22 14:27:26 [INFO] 从掩码中提取了 515 个检测框
2026-06-22 14:27:26 [INFO] 计算出的车框矩形边界: (612, 691) to (2806, 1646)
2026-06-22 14:27:26 [INFO] 原始检测数: 515, 过滤后检测数: 181
2026-06-22 14:27:26 [INFO] 保存分割和检测结果到: C:\code\show\Scrap_Steel_In_Field\photos\segmentation\segment_20260622_142726.jpg
2026-06-22 14:27:26 [INFO] JSON结果保存到: C:\code\show\Scrap_Steel_In_Field\photos\segmentation_result.json
2026-06-22 14:27:26 [INFO] 类别统计：{0: 42, 1: 54, 2: 24, 3: 7, 4: 25, 5: 33, 6: 35, 7: 26, 8: 57, 9: 56, 10: 22, 11: 17, 12: 8, 13: 74, 14: 0, 15: 35}
2026-06-22 14:27:26 [INFO] 面积统计：{0: 4011264.0, 1: 700956.0, 2: 49176.0, 3: 157068.0, 4: 145188.0, 5: 109800.0, 6: 488556.0, 7: 35496.0, 8: 971784.0, 9: 261864.0, 10: 113652.0, 11: 292608.0, 12: 134100.0, 13: 732996.0, 15: 90144.0}
2026-06-22 14:27:26 [INFO] 分割成功
2026-06-22 14:27:26 [INFO] 引擎上下文已释放
2026-06-22 14:27:26 [INFO] TensorRT 引擎已释放
2026-06-22 14:27:26 [INFO] 全局 CUDA 资源已释放
2026-06-22 14:27:26 [INFO] 分割系统资源已释放
