2026-06-22 10:53:27 [INFO] CUDA 初始化成功
2026-06-22 10:53:27 [INFO] 引擎加载成功: scrap_steel.engine
2026-06-22 10:53:27 [INFO] 分割系统初始化成功
2026-06-22 10:53:29 [INFO] 引擎加载成功: scrap_steel.engine
2026-06-22 10:53:29 [INFO] 分割系统初始化成功
2026-06-22 10:53:29 [INFO] 图像预处理完成，原始尺寸: (2160, 3840)
2026-06-22 10:53:29 [INFO] 开始执行分割...
2026-06-22 10:53:29 [ERROR] 推理过程发生异常: explicit_context_dependent failed: invalid device context - no currently active context?
2026-06-22 10:53:29 [INFO] 分割完成，检测到 0 个物体
2026-06-22 10:53:29 [INFO] 计算出的车框矩形边界: (1069, 752) to (3262, 1678)
2026-06-22 10:53:29 [INFO] 原始检测数: 0, 过滤后检测数: 0
2026-06-22 10:53:29 [ERROR] 保存结果失败: 'NoneType' object has no attribute 'shape'
2026-06-22 10:53:29 [ERROR] 分割失败: 未能生成有效的分割掩码
2026-06-22 10:53:29 [INFO] 引擎上下文已释放
2026-06-22 10:53:29 [INFO] TensorRT 引擎已释放
2026-06-22 10:53:29 [INFO] 全局 CUDA 资源已释放
2026-06-22 10:53:29 [INFO] 分割系统资源已释放
2026-06-22 10:53:35 [INFO] CUDA 初始化成功
2026-06-22 10:53:35 [INFO] 引擎加载成功: scrap_steel.engine
2026-06-22 10:53:35 [INFO] 分割系统初始化成功
2026-06-22 10:53:35 [INFO] 图像预处理完成，原始尺寸: (2160, 3840)
2026-06-22 10:53:35 [INFO] 开始执行分割...
2026-06-22 10:53:36 [DEBUG] 处理后的检测结果形状: (1, 8400, 6)
2026-06-22 10:53:36 [DEBUG] 示例检测结果: [[-4.07505417e+00 -3.11795425e+00  3.87583389e+01  1.45139332e+01
   3.49012268e-08  5.00000000e+00]
 [-6.66846848e+00 -2.95566177e+00  4.45023308e+01  2.83335075e+01
   8.43130366e-09  9.00000000e+00]
 [-3.64001846e+00 -3.28995132e+00  4.57762413e+01  2.92080193e+01
   3.98486577e-09  9.00000000e+00]]
2026-06-22 10:53:36 [DEBUG] 处理后检测输出形状: (1, 52)
2026-06-22 10:53:36 [DEBUG] 有效检测数量: 1
2026-06-22 10:53:36 [DEBUG] 最大置信度: 0.0567, 平均置信度: 0.0567
2026-06-22 10:53:36 [INFO] 掩码中检测到的类别: [0, 1, 2, 3, 4, 5, 6, 7, 8, 9, 10, 11, 12, 13, 14, 15]
2026-06-22 10:53:36 [INFO] 分割完成，检测到 0 个物体
2026-06-22 10:53:36 [INFO] 从分割掩码中提取检测结果
2026-06-22 10:53:36 [INFO] 从掩码中提取了 504 个检测框
2026-06-22 10:53:36 [INFO] 计算出的车框矩形边界: (1072, 754) to (3259, 1678)
2026-06-22 10:53:36 [INFO] 原始检测数: 504, 过滤后检测数: 215
2026-06-22 10:53:36 [INFO] 保存分割和检测结果到: C:\code\show\Scrap_Steel_In_Field\photos\segmentation\segment_20260622_105336.jpg
2026-06-22 10:53:36 [INFO] JSON结果保存到: C:\code\show\Scrap_Steel_In_Field\photos\segmentation_result.json
2026-06-22 10:53:36 [INFO] 类别统计：{0: 48, 1: 44, 2: 12, 3: 4, 4: 32, 5: 42, 6: 28, 7: 27, 8: 64, 9: 64, 10: 28, 11: 17, 12: 14, 13: 53, 14: 0, 15: 27}
2026-06-22 10:53:36 [INFO] 面积统计：{0: 3462624.0, 1: 1056744.0, 2: 17496.0, 3: 130464.0, 4: 264852.0, 5: 70416.0, 6: 519444.0, 7: 57276.0, 8: 919476.0, 9: 355356.0, 10: 143568.0, 11: 360324.0, 12: 44496.0, 13: 716148.0, 14: 36.0, 15: 96588.0}
2026-06-22 10:53:36 [INFO] 分割成功
2026-06-22 10:53:36 [INFO] 引擎上下文已释放
2026-06-22 10:53:36 [INFO] TensorRT 引擎已释放
2026-06-22 10:53:36 [INFO] 全局 CUDA 资源已释放
2026-06-22 10:53:36 [INFO] 分割系统资源已释放
2026-06-22 10:53:40 [INFO] CUDA 初始化成功
2026-06-22 10:53:40 [INFO] 引擎加载成功: scrap_steel.engine
2026-06-22 10:53:40 [INFO] 分割系统初始化成功
2026-06-22 10:53:40 [INFO] 图像预处理完成，原始尺寸: (2160, 3840)
2026-06-22 10:53:40 [INFO] 开始执行分割...
2026-06-22 10:53:40 [DEBUG] 处理后的检测结果形状: (1, 8400, 6)
2026-06-22 10:53:40 [DEBUG] 示例检测结果: [[-4.05794907e+00 -3.10634518e+00  3.86814919e+01  1.44332380e+01
   3.54253302e-08  5.00000000e+00]
 [-6.67934799e+00 -2.95191765e+00  4.44755211e+01  2.82162704e+01
   8.59382965e-09  9.00000000e+00]
 [-3.64897537e+00 -3.28576469e+00  4.57151413e+01  2.91933651e+01
   4.01942302e-09  9.00000000e+00]]
2026-06-22 10:53:40 [DEBUG] 处理后检测输出形状: (1, 52)
2026-06-22 10:53:40 [DEBUG] 有效检测数量: 1
2026-06-22 10:53:40 [DEBUG] 最大置信度: 0.0530, 平均置信度: 0.0530
2026-06-22 10:53:40 [INFO] 掩码中检测到的类别: [0, 1, 2, 3, 4, 5, 6, 7, 8, 9, 10, 11, 12, 13, 14, 15]
2026-06-22 10:53:40 [INFO] 分割完成，检测到 0 个物体
2026-06-22 10:53:40 [INFO] 从分割掩码中提取检测结果
2026-06-22 10:53:41 [INFO] 从掩码中提取了 492 个检测框
2026-06-22 10:53:41 [INFO] 计算出的车框矩形边界: (1072, 752) to (3262, 1679)
2026-06-22 10:53:41 [INFO] 原始检测数: 492, 过滤后检测数: 215
2026-06-22 10:53:41 [INFO] 保存分割和检测结果到: C:\code\show\Scrap_Steel_In_Field\photos\segmentation\segment_20260622_105341.jpg
2026-06-22 10:53:41 [INFO] JSON结果保存到: C:\code\show\Scrap_Steel_In_Field\photos\segmentation_result.json
2026-06-22 10:53:41 [INFO] 类别统计：{0: 47, 1: 43, 2: 15, 3: 4, 4: 33, 5: 36, 6: 32, 7: 29, 8: 69, 9: 59, 10: 30, 11: 15, 12: 16, 13: 43, 14: 0, 15: 21}
2026-06-22 10:53:41 [INFO] 面积统计：{0: 3579912.0, 1: 1018764.0, 2: 19512.0, 3: 131616.0, 4: 270072.0, 5: 71208.0, 6: 524088.0, 7: 56088.0, 8: 957024.0, 9: 329832.0, 10: 150696.0, 11: 356400.0, 12: 43524.0, 13: 699372.0, 14: 108.0, 15: 108756.0}
2026-06-22 10:53:41 [INFO] 分割成功
2026-06-22 10:53:41 [INFO] 引擎上下文已释放
2026-06-22 10:53:41 [INFO] TensorRT 引擎已释放
2026-06-22 10:53:41 [INFO] 全局 CUDA 资源已释放
2026-06-22 10:53:41 [INFO] 分割系统资源已释放
2026-06-22 10:53:46 [INFO] CUDA 初始化成功
2026-06-22 10:53:46 [INFO] 引擎加载成功: scrap_steel.engine
2026-06-22 10:53:46 [INFO] 分割系统初始化成功
2026-06-22 10:53:46 [INFO] 图像预处理完成，原始尺寸: (2160, 3840)
2026-06-22 10:53:46 [INFO] 开始执行分割...
2026-06-22 10:53:46 [DEBUG] 处理后的检测结果形状: (1, 8400, 6)
2026-06-22 10:53:46 [DEBUG] 示例检测结果: [[-4.05740738e+00 -3.12012386e+00  3.87982712e+01  1.44757643e+01
   3.43598643e-08  5.00000000e+00]
 [-6.68003082e+00 -2.93246651e+00  4.46583786e+01  2.82492619e+01
   8.33267055e-09  9.00000000e+00]
 [-3.64610291e+00 -3.24794388e+00  4.58195724e+01  2.91699219e+01
   3.93839628e-09  9.00000000e+00]]
2026-06-22 10:53:46 [DEBUG] 处理后检测输出形状: (0, 52)
2026-06-22 10:53:46 [DEBUG] 有效检测数量: 0
2026-06-22 10:53:46 [DEBUG] 检测输出为空
2026-06-22 10:53:46 [INFO] 掩码中检测到的类别: [0, 1, 2, 3, 4, 5, 6, 7, 8, 9, 10, 11, 12, 13, 15]
2026-06-22 10:53:46 [INFO] 分割完成，检测到 0 个物体
2026-06-22 10:53:46 [INFO] 从分割掩码中提取检测结果
2026-06-22 10:53:47 [INFO] 从掩码中提取了 513 个检测框
2026-06-22 10:53:47 [INFO] 计算出的车框矩形边界: (1071, 752) to (3262, 1679)
2026-06-22 10:53:47 [INFO] 原始检测数: 513, 过滤后检测数: 224
2026-06-22 10:53:47 [INFO] 保存分割和检测结果到: C:\code\show\Scrap_Steel_In_Field\photos\segmentation\segment_20260622_105347.jpg
2026-06-22 10:53:47 [INFO] JSON结果保存到: C:\code\show\Scrap_Steel_In_Field\photos\segmentation_result.json
2026-06-22 10:53:47 [INFO] 类别统计：{0: 50, 1: 52, 2: 14, 3: 5, 4: 29, 5: 35, 6: 31, 7: 29, 8: 65, 9: 63, 10: 32, 11: 19, 12: 15, 13: 47, 14: 0, 15: 27}
2026-06-22 10:53:47 [INFO] 面积统计：{0: 3537612.0, 1: 1066428.0, 2: 17820.0, 3: 131544.0, 4: 253548.0, 5: 76176.0, 6: 518580.0, 7: 52488.0, 8: 914904.0, 9: 325404.0, 10: 148284.0, 11: 363924.0, 12: 45900.0, 13: 700560.0, 15: 80460.0}
2026-06-22 10:53:47 [INFO] 分割成功
2026-06-22 10:53:47 [INFO] 引擎上下文已释放
2026-06-22 10:53:47 [INFO] TensorRT 引擎已释放
2026-06-22 10:53:47 [INFO] 全局 CUDA 资源已释放
2026-06-22 10:53:47 [INFO] 分割系统资源已释放
2026-06-22 10:53:51 [INFO] CUDA 初始化成功
2026-06-22 10:53:51 [INFO] 引擎加载成功: scrap_steel.engine
2026-06-22 10:53:51 [INFO] 分割系统初始化成功
2026-06-22 10:53:51 [INFO] 图像预处理完成，原始尺寸: (2160, 3840)
2026-06-22 10:53:51 [INFO] 开始执行分割...
2026-06-22 10:53:51 [DEBUG] 处理后的检测结果形状: (1, 8400, 6)
2026-06-22 10:53:51 [DEBUG] 示例检测结果: [[-4.06418228e+00 -3.12153053e+00  3.86702690e+01  1.44642735e+01
   3.48801308e-08  5.00000000e+00]
 [-6.66970444e+00 -2.94275856e+00  4.44543037e+01  2.82080746e+01
   8.47193515e-09  9.00000000e+00]
 [-3.65515900e+00 -3.28896332e+00  4.57342720e+01  2.91539230e+01
   3.95353084e-09  9.00000000e+00]]
2026-06-22 10:53:51 [DEBUG] 处理后检测输出形状: (0, 52)
2026-06-22 10:53:51 [DEBUG] 有效检测数量: 0
2026-06-22 10:53:51 [DEBUG] 检测输出为空
2026-06-22 10:53:51 [INFO] 掩码中检测到的类别: [0, 1, 2, 3, 4, 5, 6, 7, 8, 9, 10, 11, 12, 13, 15]
2026-06-22 10:53:51 [INFO] 分割完成，检测到 0 个物体
2026-06-22 10:53:51 [INFO] 从分割掩码中提取检测结果
2026-06-22 10:53:51 [INFO] 从掩码中提取了 476 个检测框
2026-06-22 10:53:51 [INFO] 计算出的车框矩形边界: (1071, 752) to (3261, 1678)
2026-06-22 10:53:51 [INFO] 原始检测数: 476, 过滤后检测数: 202
2026-06-22 10:53:52 [INFO] 保存分割和检测结果到: C:\code\show\Scrap_Steel_In_Field\photos\segmentation\segment_20260622_105351.jpg
2026-06-22 10:53:52 [INFO] JSON结果保存到: C:\code\show\Scrap_Steel_In_Field\photos\segmentation_result.json
2026-06-22 10:53:52 [INFO] 类别统计：{0: 22, 1: 56, 2: 16, 3: 5, 4: 27, 5: 33, 6: 33, 7: 26, 8: 64, 9: 64, 10: 28, 11: 17, 12: 17, 13: 47, 14: 0, 15: 21}
2026-06-22 10:53:52 [INFO] 面积统计：{0: 3570084.0, 1: 1064340.0, 2: 18036.0, 3: 134244.0, 4: 244800.0, 5: 67932.0, 6: 520092.0, 7: 60156.0, 8: 918036.0, 9: 330372.0, 10: 147600.0, 11: 355176.0, 12: 48708.0, 13: 713664.0, 15: 95616.0}
2026-06-22 10:53:52 [INFO] 分割成功
2026-06-22 10:53:52 [INFO] 引擎上下文已释放
2026-06-22 10:53:52 [INFO] TensorRT 引擎已释放
2026-06-22 10:53:52 [INFO] 全局 CUDA 资源已释放
2026-06-22 10:53:52 [INFO] 分割系统资源已释放
2026-06-22 10:53:56 [INFO] CUDA 初始化成功
2026-06-22 10:53:56 [INFO] 引擎加载成功: scrap_steel.engine
2026-06-22 10:53:56 [INFO] 分割系统初始化成功
2026-06-22 10:53:56 [INFO] 图像预处理完成，原始尺寸: (2160, 3840)
2026-06-22 10:53:56 [INFO] 开始执行分割...
2026-06-22 10:53:56 [DEBUG] 处理后的检测结果形状: (1, 8400, 6)
2026-06-22 10:53:56 [DEBUG] 示例检测结果: [[-4.02893829e+00 -3.08371353e+00  3.86251564e+01  1.43392754e+01
   3.46297497e-08  5.00000000e+00]
 [-6.58863449e+00 -2.92080688e+00  4.44930954e+01  2.80717545e+01
   8.36554825e-09  9.00000000e+00]
 [-3.60530853e+00 -3.26028156e+00  4.57309113e+01  2.91739006e+01
   3.90411170e-09  9.00000000e+00]]
2026-06-22 10:53:56 [DEBUG] 处理后检测输出形状: (1, 52)
2026-06-22 10:53:56 [DEBUG] 有效检测数量: 1
2026-06-22 10:53:56 [DEBUG] 最大置信度: 0.0590, 平均置信度: 0.0590
2026-06-22 10:53:56 [INFO] 掩码中检测到的类别: [0, 1, 2, 3, 4, 5, 6, 7, 8, 9, 10, 11, 12, 13, 14, 15]
2026-06-22 10:53:56 [INFO] 分割完成，检测到 0 个物体
2026-06-22 10:53:56 [INFO] 从分割掩码中提取检测结果
2026-06-22 10:53:56 [INFO] 从掩码中提取了 471 个检测框
2026-06-22 10:53:56 [INFO] 计算出的车框矩形边界: (1072, 750) to (3262, 1681)
2026-06-22 10:53:56 [INFO] 原始检测数: 471, 过滤后检测数: 201
2026-06-22 10:53:57 [INFO] 保存分割和检测结果到: C:\code\show\Scrap_Steel_In_Field\photos\segmentation\segment_20260622_105356.jpg
2026-06-22 10:53:57 [INFO] JSON结果保存到: C:\code\show\Scrap_Steel_In_Field\photos\segmentation_result.json
2026-06-22 10:53:57 [INFO] 类别统计：{0: 15, 1: 55, 2: 17, 3: 4, 4: 30, 5: 37, 6: 33, 7: 26, 8: 65, 9: 56, 10: 30, 11: 17, 12: 15, 13: 50, 14: 0, 15: 21}
2026-06-22 10:53:57 [INFO] 面积统计：{0: 3570696.0, 1: 1042920.0, 2: 17604.0, 3: 135648.0, 4: 249912.0, 5: 68256.0, 6: 511596.0, 7: 51012.0, 8: 942480.0, 9: 322776.0, 10: 151020.0, 11: 350892.0, 12: 54000.0, 13: 722664.0, 14: 72.0, 15: 98640.0}
2026-06-22 10:53:57 [INFO] 分割成功
2026-06-22 10:53:57 [INFO] 引擎上下文已释放
2026-06-22 10:53:57 [INFO] TensorRT 引擎已释放
2026-06-22 10:53:57 [INFO] 全局 CUDA 资源已释放
2026-06-22 10:53:57 [INFO] 分割系统资源已释放
2026-06-22 10:54:01 [INFO] CUDA 初始化成功
2026-06-22 10:54:01 [INFO] 引擎加载成功: scrap_steel.engine
2026-06-22 10:54:01 [INFO] 分割系统初始化成功
2026-06-22 10:54:01 [INFO] 图像预处理完成，原始尺寸: (2160, 3840)
2026-06-22 10:54:01 [INFO] 开始执行分割...
2026-06-22 10:54:01 [DEBUG] 处理后的检测结果形状: (1, 8400, 6)
2026-06-22 10:54:01 [DEBUG] 示例检测结果: [[-4.03129578e+00 -3.12030840e+00  3.88607788e+01  1.45781708e+01
   3.61103787e-08  5.00000000e+00]
 [-6.60206223e+00 -2.94293404e+00  4.45742912e+01  2.84077740e+01
   8.58793836e-09  9.00000000e+00]
 [-3.63414764e+00 -3.28596973e+00  4.58341522e+01  2.93059959e+01
   3.98988043e-09  9.00000000e+00]]
2026-06-22 10:54:01 [DEBUG] 处理后检测输出形状: (2, 52)
2026-06-22 10:54:01 [DEBUG] 有效检测数量: 2
2026-06-22 10:54:01 [DEBUG] 最大置信度: 0.0654, 平均置信度: 0.0581
2026-06-22 10:54:01 [INFO] 掩码中检测到的类别: [0, 1, 2, 3, 4, 5, 6, 7, 8, 9, 10, 11, 12, 13, 14, 15]
2026-06-22 10:54:01 [INFO] 分割完成，检测到 0 个物体
2026-06-22 10:54:01 [INFO] 从分割掩码中提取检测结果
2026-06-22 10:54:02 [INFO] 从掩码中提取了 492 个检测框
2026-06-22 10:54:02 [INFO] 计算出的车框矩形边界: (1071, 752) to (3263, 1678)
2026-06-22 10:54:02 [INFO] 原始检测数: 492, 过滤后检测数: 209
2026-06-22 10:54:02 [INFO] 保存分割和检测结果到: C:\code\show\Scrap_Steel_In_Field\photos\segmentation\segment_20260622_105402.jpg
2026-06-22 10:54:02 [INFO] JSON结果保存到: C:\code\show\Scrap_Steel_In_Field\photos\segmentation_result.json
2026-06-22 10:54:02 [INFO] 类别统计：{0: 19, 1: 52, 2: 14, 3: 6, 4: 31, 5: 42, 6: 31, 7: 28, 8: 69, 9: 61, 10: 35, 11: 16, 12: 14, 13: 49, 14: 0, 15: 25}
2026-06-22 10:54:02 [INFO] 面积统计：{0: 3629304.0, 1: 1029852.0, 2: 20808.0, 3: 130824.0, 4: 273456.0, 5: 66888.0, 6: 511632.0, 7: 54684.0, 8: 925272.0, 9: 339228.0, 10: 142884.0, 11: 310392.0, 12: 42912.0, 13: 744156.0, 14: 36.0, 15: 102204.0}
2026-06-22 10:54:02 [INFO] 分割成功
2026-06-22 10:54:02 [INFO] 引擎上下文已释放
2026-06-22 10:54:02 [INFO] TensorRT 引擎已释放
2026-06-22 10:54:02 [INFO] 全局 CUDA 资源已释放
2026-06-22 10:54:02 [INFO] 分割系统资源已释放
2026-06-22 10:54:06 [INFO] CUDA 初始化成功
2026-06-22 10:54:06 [INFO] 引擎加载成功: scrap_steel.engine
2026-06-22 10:54:06 [INFO] 分割系统初始化成功
2026-06-22 10:54:06 [INFO] 图像预处理完成，原始尺寸: (2160, 3840)
2026-06-22 10:54:06 [INFO] 开始执行分割...
2026-06-22 10:54:07 [DEBUG] 处理后的检测结果形状: (1, 8400, 6)
2026-06-22 10:54:07 [DEBUG] 示例检测结果: [[-4.17430115e+00 -3.24568653e+00  3.93248558e+01  1.48856325e+01
   3.63765835e-08  5.00000000e+00]
 [-6.72971344e+00 -3.08634949e+00  4.48218460e+01  2.90535469e+01
   9.35208977e-09  9.00000000e+00]
 [-3.68810654e+00 -3.46043682e+00  4.58604164e+01  2.98676262e+01
   4.34993019e-09  9.00000000e+00]]
2026-06-22 10:54:07 [DEBUG] 处理后检测输出形状: (0, 52)
2026-06-22 10:54:07 [DEBUG] 有效检测数量: 0
2026-06-22 10:54:07 [DEBUG] 检测输出为空
2026-06-22 10:54:07 [INFO] 掩码中检测到的类别: [0, 1, 2, 3, 4, 5, 6, 7, 8, 9, 10, 11, 12, 13, 15]
2026-06-22 10:54:07 [INFO] 分割完成，检测到 0 个物体
2026-06-22 10:54:07 [INFO] 从分割掩码中提取检测结果
2026-06-22 10:54:07 [INFO] 从掩码中提取了 403 个检测框
2026-06-22 10:54:07 [ERROR] 保存结果失败: 'NoneType' object has no attribute 'astype'
2026-06-22 10:54:07 [INFO] 分割成功
2026-06-22 10:54:07 [INFO] 引擎上下文已释放
2026-06-22 10:54:07 [INFO] TensorRT 引擎已释放
2026-06-22 10:54:07 [INFO] 全局 CUDA 资源已释放
2026-06-22 10:54:07 [INFO] 分割系统资源已释放
2026-06-22 10:54:12 [INFO] CUDA 初始化成功
2026-06-22 10:54:12 [INFO] 引擎加载成功: scrap_steel.engine
2026-06-22 10:54:12 [INFO] 分割系统初始化成功
2026-06-22 10:54:12 [INFO] 图像预处理完成，原始尺寸: (2160, 3840)
2026-06-22 10:54:12 [INFO] 开始执行分割...
2026-06-22 10:54:12 [DEBUG] 处理后的检测结果形状: (1, 8400, 6)
2026-06-22 10:54:12 [DEBUG] 示例检测结果: [[-4.01886749e+00 -3.20480347e+00  4.05415611e+01  1.53716888e+01
   3.96537452e-08  5.00000000e+00]
 [-6.19246674e+00 -2.84957790e+00  4.55535049e+01  3.00219650e+01
   9.03902020e-09  9.00000000e+00]
 [-3.35635376e+00 -3.10346889e+00  4.61149445e+01  3.06569366e+01
   4.27905889e-09  9.00000000e+00]]
2026-06-22 10:54:12 [DEBUG] 处理后检测输出形状: (0, 52)
2026-06-22 10:54:12 [DEBUG] 有效检测数量: 0
2026-06-22 10:54:12 [DEBUG] 检测输出为空
2026-06-22 10:54:12 [INFO] 掩码中检测到的类别: [0, 1, 2, 3, 4, 5, 6, 7, 8, 9, 10, 11, 12, 13, 15]
2026-06-22 10:54:12 [INFO] 分割完成，检测到 0 个物体
2026-06-22 10:54:12 [INFO] 从分割掩码中提取检测结果
2026-06-22 10:54:12 [INFO] 从掩码中提取了 467 个检测框
2026-06-22 10:54:12 [ERROR] 保存结果失败: 'NoneType' object has no attribute 'astype'
2026-06-22 10:54:12 [INFO] 分割成功
2026-06-22 10:54:12 [INFO] 引擎上下文已释放
2026-06-22 10:54:12 [INFO] TensorRT 引擎已释放
2026-06-22 10:54:12 [INFO] 全局 CUDA 资源已释放
2026-06-22 10:54:12 [INFO] 分割系统资源已释放
2026-06-22 10:54:17 [INFO] CUDA 初始化成功
2026-06-22 10:54:17 [INFO] 引擎加载成功: scrap_steel.engine
2026-06-22 10:54:17 [INFO] 分割系统初始化成功
2026-06-22 10:54:17 [INFO] 图像预处理完成，原始尺寸: (2160, 3840)
2026-06-22 10:54:17 [INFO] 开始执行分割...
2026-06-22 10:54:17 [DEBUG] 处理后的检测结果形状: (1, 8400, 6)
2026-06-22 10:54:17 [DEBUG] 示例检测结果: [[-4.05899429e+00 -3.13830853e+00  3.86410637e+01  1.46041098e+01
   3.50119933e-08  5.00000000e+00]
 [-6.55946350e+00 -2.95567322e+00  4.44682083e+01  2.84210281e+01
   8.49368575e-09  9.00000000e+00]
 [-3.60200119e+00 -3.33035088e+00  4.57804527e+01  2.93323574e+01
   3.97121624e-09  9.00000000e+00]]
2026-06-22 10:54:17 [DEBUG] 处理后检测输出形状: (2, 52)
2026-06-22 10:54:17 [DEBUG] 有效检测数量: 2
2026-06-22 10:54:17 [DEBUG] 最大置信度: 0.0567, 平均置信度: 0.0567
2026-06-22 10:54:17 [INFO] 掩码中检测到的类别: [0, 1, 2, 3, 4, 5, 6, 7, 8, 9, 10, 11, 12, 13, 15]
2026-06-22 10:54:17 [INFO] 分割完成，检测到 0 个物体
2026-06-22 10:54:17 [INFO] 从分割掩码中提取检测结果
2026-06-22 10:54:17 [INFO] 从掩码中提取了 498 个检测框
2026-06-22 10:54:17 [INFO] 计算出的车框矩形边界: (1072, 752) to (3262, 1678)
2026-06-22 10:54:17 [INFO] 原始检测数: 498, 过滤后检测数: 221
2026-06-22 10:54:18 [INFO] 保存分割和检测结果到: C:\code\show\Scrap_Steel_In_Field\photos\segmentation\segment_20260622_105417.jpg
2026-06-22 10:54:18 [INFO] JSON结果保存到: C:\code\show\Scrap_Steel_In_Field\photos\segmentation_result.json
2026-06-22 10:54:18 [INFO] 类别统计：{0: 46, 1: 51, 2: 13, 3: 7, 4: 31, 5: 34, 6: 34, 7: 29, 8: 56, 9: 60, 10: 33, 11: 13, 12: 16, 13: 51, 14: 0, 15: 24}
2026-06-22 10:54:18 [INFO] 面积统计：{0: 3517416.0, 1: 1121940.0, 2: 20844.0, 3: 133740.0, 4: 257292.0, 5: 71892.0, 6: 512748.0, 7: 51948.0, 8: 908028.0, 9: 319824.0, 10: 147924.0, 11: 307584.0, 12: 49212.0, 13: 758736.0, 15: 98280.0}
2026-06-22 10:54:18 [INFO] 分割成功
2026-06-22 10:54:18 [INFO] 引擎上下文已释放
2026-06-22 10:54:18 [INFO] TensorRT 引擎已释放
2026-06-22 10:54:18 [INFO] 全局 CUDA 资源已释放
2026-06-22 10:54:18 [INFO] 分割系统资源已释放
2026-06-22 10:54:22 [INFO] CUDA 初始化成功
2026-06-22 10:54:22 [INFO] 引擎加载成功: scrap_steel.engine
2026-06-22 10:54:22 [INFO] 分割系统初始化成功
2026-06-22 10:54:22 [INFO] 图像预处理完成，原始尺寸: (2160, 3840)
2026-06-22 10:54:22 [INFO] 开始执行分割...
2026-06-22 10:54:22 [DEBUG] 处理后的检测结果形状: (1, 8400, 6)
2026-06-22 10:54:22 [DEBUG] 示例检测结果: [[-4.02050400e+00 -3.23330069e+00  4.00872574e+01  1.52828579e+01
   4.45399628e-08  5.00000000e+00]
 [-6.02064896e+00 -2.90275860e+00  4.48516960e+01  3.01719780e+01
   1.00344035e-08  9.00000000e+00]
 [-3.32229233e+00 -3.34211349e+00  4.58618851e+01  3.08275566e+01
   4.66363659e-09  9.00000000e+00]]
2026-06-22 10:54:22 [DEBUG] 处理后检测输出形状: (0, 52)
2026-06-22 10:54:22 [DEBUG] 有效检测数量: 0
2026-06-22 10:54:22 [DEBUG] 检测输出为空
2026-06-22 10:54:22 [INFO] 掩码中检测到的类别: [0, 1, 2, 3, 4, 5, 6, 7, 8, 9, 10, 11, 12, 13, 15]
2026-06-22 10:54:22 [INFO] 分割完成，检测到 0 个物体
2026-06-22 10:54:22 [INFO] 从分割掩码中提取检测结果
2026-06-22 10:54:22 [INFO] 从掩码中提取了 462 个检测框
2026-06-22 10:54:22 [ERROR] 保存结果失败: 'NoneType' object has no attribute 'astype'
2026-06-22 10:54:22 [INFO] 分割成功
2026-06-22 10:54:22 [INFO] 引擎上下文已释放
2026-06-22 10:54:22 [INFO] TensorRT 引擎已释放
2026-06-22 10:54:22 [INFO] 全局 CUDA 资源已释放
2026-06-22 10:54:22 [INFO] 分割系统资源已释放
2026-06-22 10:54:27 [INFO] CUDA 初始化成功
2026-06-22 10:54:27 [INFO] 引擎加载成功: scrap_steel.engine
2026-06-22 10:54:27 [INFO] 分割系统初始化成功
2026-06-22 10:54:27 [INFO] 图像预处理完成，原始尺寸: (2160, 3840)
2026-06-22 10:54:27 [INFO] 开始执行分割...
2026-06-22 10:54:27 [DEBUG] 处理后的检测结果形状: (1, 8400, 6)
2026-06-22 10:54:27 [DEBUG] 示例检测结果: [[-4.03010941e+00 -3.09592533e+00  3.88619194e+01  1.43452406e+01
   3.58369334e-08  5.00000000e+00]
 [-6.67095184e+00 -2.93006516e+00  4.47057800e+01  2.82250786e+01
   8.93636276e-09  9.00000000e+00]
 [-3.71476746e+00 -3.33996964e+00  4.59064255e+01  2.93720207e+01
   4.14985379e-09  9.00000000e+00]]
2026-06-22 10:54:27 [DEBUG] 处理后检测输出形状: (0, 52)
2026-06-22 10:54:27 [DEBUG] 有效检测数量: 0
2026-06-22 10:54:27 [DEBUG] 检测输出为空
2026-06-22 10:54:27 [INFO] 掩码中检测到的类别: [0, 1, 2, 3, 4, 5, 6, 7, 8, 9, 10, 11, 12, 13, 15]
2026-06-22 10:54:27 [INFO] 分割完成，检测到 0 个物体
2026-06-22 10:54:27 [INFO] 从分割掩码中提取检测结果
2026-06-22 10:54:27 [INFO] 从掩码中提取了 422 个检测框
2026-06-22 10:54:27 [ERROR] 保存结果失败: 'NoneType' object has no attribute 'astype'
2026-06-22 10:54:28 [INFO] 分割成功
2026-06-22 10:54:28 [INFO] 引擎上下文已释放
2026-06-22 10:54:28 [INFO] TensorRT 引擎已释放
2026-06-22 10:54:28 [INFO] 全局 CUDA 资源已释放
2026-06-22 10:54:28 [INFO] 分割系统资源已释放
2026-06-22 10:54:32 [INFO] CUDA 初始化成功
2026-06-22 10:54:32 [INFO] 引擎加载成功: scrap_steel.engine
2026-06-22 10:54:32 [INFO] 分割系统初始化成功
2026-06-22 10:54:32 [INFO] 图像预处理完成，原始尺寸: (2160, 3840)
2026-06-22 10:54:32 [INFO] 开始执行分割...
2026-06-22 10:54:32 [DEBUG] 处理后的检测结果形状: (1, 8400, 6)
2026-06-22 10:54:32 [DEBUG] 示例检测结果: [[-4.07484818e+00 -3.14488316e+00  3.87839546e+01  1.45960531e+01
   3.58289469e-08  5.00000000e+00]
 [-6.65193176e+00 -2.95120049e+00  4.45030594e+01  2.83564701e+01
   8.45490877e-09  9.00000000e+00]
 [-3.65705109e+00 -3.32560062e+00  4.58478851e+01  2.93895607e+01
   3.95907307e-09  9.00000000e+00]]
2026-06-22 10:54:32 [DEBUG] 处理后检测输出形状: (2, 52)
2026-06-22 10:54:32 [DEBUG] 有效检测数量: 2
2026-06-22 10:54:32 [DEBUG] 最大置信度: 0.0688, 平均置信度: 0.0670
2026-06-22 10:54:32 [INFO] 掩码中检测到的类别: [0, 1, 2, 3, 4, 5, 6, 7, 8, 9, 10, 11, 12, 13, 15]
2026-06-22 10:54:32 [INFO] 分割完成，检测到 0 个物体
2026-06-22 10:54:32 [INFO] 从分割掩码中提取检测结果
2026-06-22 10:54:33 [INFO] 从掩码中提取了 479 个检测框
2026-06-22 10:54:33 [INFO] 计算出的车框矩形边界: (1072, 752) to (3261, 1678)
2026-06-22 10:54:33 [INFO] 原始检测数: 479, 过滤后检测数: 211
2026-06-22 10:54:33 [INFO] 保存分割和检测结果到: C:\code\show\Scrap_Steel_In_Field\photos\segmentation\segment_20260622_105433.jpg
2026-06-22 10:54:33 [INFO] JSON结果保存到: C:\code\show\Scrap_Steel_In_Field\photos\segmentation_result.json
2026-06-22 10:54:33 [INFO] 类别统计：{0: 45, 1: 52, 2: 13, 3: 5, 4: 28, 5: 31, 6: 32, 7: 27, 8: 57, 9: 64, 10: 28, 11: 11, 12: 18, 13: 46, 14: 0, 15: 22}
2026-06-22 10:54:33 [INFO] 面积统计：{0: 3498912.0, 1: 1095300.0, 2: 18144.0, 3: 127836.0, 4: 263952.0, 5: 69408.0, 6: 530208.0, 7: 48636.0, 8: 902196.0, 9: 320508.0, 10: 142920.0, 11: 329256.0, 12: 55296.0, 13: 746676.0, 15: 109692.0}
2026-06-22 10:54:33 [INFO] 分割成功
2026-06-22 10:54:33 [INFO] 引擎上下文已释放
2026-06-22 10:54:33 [INFO] TensorRT 引擎已释放
2026-06-22 10:54:33 [INFO] 全局 CUDA 资源已释放
2026-06-22 10:54:33 [INFO] 分割系统资源已释放
2026-06-22 10:54:37 [INFO] CUDA 初始化成功
2026-06-22 10:54:37 [INFO] 引擎加载成功: scrap_steel.engine
2026-06-22 10:54:37 [INFO] 分割系统初始化成功
2026-06-22 10:54:37 [INFO] 图像预处理完成，原始尺寸: (2160, 3840)
2026-06-22 10:54:37 [INFO] 开始执行分割...
2026-06-22 10:54:37 [DEBUG] 处理后的检测结果形状: (1, 8400, 6)
2026-06-22 10:54:37 [DEBUG] 示例检测结果: [[-4.03553391e+00 -3.10566616e+00  3.86951866e+01  1.44930277e+01
   3.59780223e-08  5.00000000e+00]
 [-6.65411758e+00 -2.94015884e+00  4.43843498e+01  2.82183113e+01
   8.60057625e-09  9.00000000e+00]
 [-3.64249420e+00 -3.25849247e+00  4.56900406e+01  2.91940689e+01
   3.95353084e-09  9.00000000e+00]]
2026-06-22 10:54:37 [DEBUG] 处理后检测输出形状: (2, 52)
2026-06-22 10:54:37 [DEBUG] 有效检测数量: 2
2026-06-22 10:54:37 [DEBUG] 最大置信度: 0.0548, 平均置信度: 0.0531
2026-06-22 10:54:37 [INFO] 掩码中检测到的类别: [0, 1, 2, 3, 4, 5, 6, 7, 8, 9, 10, 11, 12, 13, 15]
2026-06-22 10:54:37 [INFO] 分割完成，检测到 0 个物体
2026-06-22 10:54:37 [INFO] 从分割掩码中提取检测结果
2026-06-22 10:54:38 [INFO] 从掩码中提取了 508 个检测框
2026-06-22 10:54:38 [INFO] 计算出的车框矩形边界: (1071, 751) to (3261, 1678)
2026-06-22 10:54:38 [INFO] 原始检测数: 508, 过滤后检测数: 227
2026-06-22 10:54:38 [INFO] 保存分割和检测结果到: C:\code\show\Scrap_Steel_In_Field\photos\segmentation\segment_20260622_105438.jpg
2026-06-22 10:54:38 [INFO] JSON结果保存到: C:\code\show\Scrap_Steel_In_Field\photos\segmentation_result.json
2026-06-22 10:54:38 [INFO] 类别统计：{0: 52, 1: 53, 2: 13, 3: 5, 4: 31, 5: 32, 6: 32, 7: 26, 8: 64, 9: 60, 10: 31, 11: 17, 12: 20, 13: 51, 14: 0, 15: 21}
2026-06-22 10:54:38 [INFO] 面积统计：{0: 3536208.0, 1: 1070496.0, 2: 19116.0, 3: 134784.0, 4: 234288.0, 5: 77508.0, 6: 513072.0, 7: 54000.0, 8: 942984.0, 9: 358200.0, 10: 142992.0, 11: 360612.0, 12: 56592.0, 13: 690696.0, 15: 108756.0}
2026-06-22 10:54:38 [INFO] 分割成功
2026-06-22 10:54:38 [INFO] 引擎上下文已释放
2026-06-22 10:54:38 [INFO] TensorRT 引擎已释放
2026-06-22 10:54:38 [INFO] 全局 CUDA 资源已释放
2026-06-22 10:54:38 [INFO] 分割系统资源已释放
2026-06-22 10:54:42 [INFO] CUDA 初始化成功
2026-06-22 10:54:42 [INFO] 引擎加载成功: scrap_steel.engine
2026-06-22 10:54:42 [INFO] 分割系统初始化成功
2026-06-22 10:54:42 [INFO] 图像预处理完成，原始尺寸: (2160, 3840)
2026-06-22 10:54:42 [INFO] 开始执行分割...
2026-06-22 10:54:43 [DEBUG] 处理后的检测结果形状: (1, 8400, 6)
2026-06-22 10:54:43 [DEBUG] 示例检测结果: [[-4.06340790e+00 -3.11312199e+00  3.87126732e+01  1.44420919e+01
   3.48758356e-08  5.00000000e+00]
 [-6.65291214e+00 -2.93984222e+00  4.44753685e+01  2.82338066e+01
   8.46030446e-09  9.00000000e+00]
 [-3.65362930e+00 -3.27027512e+00  4.57473412e+01  2.92013702e+01
   3.95574062e-09  9.00000000e+00]]
2026-06-22 10:54:43 [DEBUG] 处理后检测输出形状: (0, 52)
2026-06-22 10:54:43 [DEBUG] 有效检测数量: 0
2026-06-22 10:54:43 [DEBUG] 检测输出为空
2026-06-22 10:54:43 [INFO] 掩码中检测到的类别: [0, 1, 2, 3, 4, 5, 6, 7, 8, 9, 10, 11, 12, 13, 15]
2026-06-22 10:54:43 [INFO] 分割完成，检测到 0 个物体
2026-06-22 10:54:43 [INFO] 从分割掩码中提取检测结果
2026-06-22 10:54:43 [INFO] 从掩码中提取了 484 个检测框
2026-06-22 10:54:43 [INFO] 计算出的车框矩形边界: (1072, 753) to (3261, 1678)
2026-06-22 10:54:43 [INFO] 原始检测数: 484, 过滤后检测数: 199
2026-06-22 10:54:43 [INFO] 保存分割和检测结果到: C:\code\show\Scrap_Steel_In_Field\photos\segmentation\segment_20260622_105443.jpg
2026-06-22 10:54:43 [INFO] JSON结果保存到: C:\code\show\Scrap_Steel_In_Field\photos\segmentation_result.json
2026-06-22 10:54:43 [INFO] 类别统计：{0: 27, 1: 50, 2: 17, 3: 5, 4: 29, 5: 32, 6: 33, 7: 26, 8: 57, 9: 68, 10: 33, 11: 17, 12: 19, 13: 47, 14: 0, 15: 24}
2026-06-22 10:54:43 [INFO] 面积统计：{0: 3565800.0, 1: 1070028.0, 2: 19836.0, 3: 130464.0, 4: 241704.0, 5: 68544.0, 6: 521460.0, 7: 50976.0, 8: 934704.0, 9: 326808.0, 10: 141768.0, 11: 362592.0, 12: 51984.0, 13: 728676.0, 15: 98568.0}
2026-06-22 10:54:43 [INFO] 分割成功
2026-06-22 10:54:43 [INFO] 引擎上下文已释放
2026-06-22 10:54:43 [INFO] TensorRT 引擎已释放
2026-06-22 10:54:43 [INFO] 全局 CUDA 资源已释放
2026-06-22 10:54:43 [INFO] 分割系统资源已释放
2026-06-22 10:54:47 [INFO] CUDA 初始化成功
2026-06-22 10:54:47 [INFO] 引擎加载成功: scrap_steel.engine
2026-06-22 10:54:47 [INFO] 分割系统初始化成功
2026-06-22 10:54:48 [INFO] 图像预处理完成，原始尺寸: (2160, 3840)
2026-06-22 10:54:48 [INFO] 开始执行分割...
2026-06-22 10:54:48 [DEBUG] 处理后的检测结果形状: (1, 8400, 6)
2026-06-22 10:54:48 [DEBUG] 示例检测结果: [[-4.00074387e+00 -3.09015751e+00  3.87120628e+01  1.43950777e+01
   3.61103787e-08  5.00000000e+00]
 [-6.57618332e+00 -2.89473724e+00  4.45128288e+01  2.82013721e+01
   8.60057625e-09  9.00000000e+00]
 [-3.63068771e+00 -3.26085281e+00  4.57868271e+01  2.92730331e+01
   4.05236911e-09  9.00000000e+00]]
2026-06-22 10:54:48 [DEBUG] 处理后检测输出形状: (0, 52)
2026-06-22 10:54:48 [DEBUG] 有效检测数量: 0
2026-06-22 10:54:48 [DEBUG] 检测输出为空
2026-06-22 10:54:48 [INFO] 掩码中检测到的类别: [0, 1, 2, 3, 4, 5, 6, 7, 8, 9, 10, 11, 12, 13, 15]
2026-06-22 10:54:48 [INFO] 分割完成，检测到 0 个物体
2026-06-22 10:54:48 [INFO] 从分割掩码中提取检测结果
2026-06-22 10:54:48 [INFO] 从掩码中提取了 490 个检测框
2026-06-22 10:54:48 [INFO] 计算出的车框矩形边界: (1072, 754) to (3262, 1678)
2026-06-22 10:54:48 [INFO] 原始检测数: 490, 过滤后检测数: 230
2026-06-22 10:54:48 [INFO] 保存分割和检测结果到: C:\code\show\Scrap_Steel_In_Field\photos\segmentation\segment_20260622_105448.jpg
2026-06-22 10:54:48 [INFO] JSON结果保存到: C:\code\show\Scrap_Steel_In_Field\photos\segmentation_result.json
2026-06-22 10:54:48 [INFO] 类别统计：{0: 34, 1: 52, 2: 13, 3: 5, 4: 30, 5: 31, 6: 29, 7: 27, 8: 67, 9: 59, 10: 29, 11: 18, 12: 18, 13: 50, 14: 0, 15: 28}
2026-06-22 10:54:48 [INFO] 面积统计：{0: 3556512.0, 1: 1036188.0, 2: 15552.0, 3: 134892.0, 4: 240840.0, 5: 62316.0, 6: 518832.0, 7: 55944.0, 8: 931428.0, 9: 329256.0, 10: 152748.0, 11: 360864.0, 12: 47412.0, 13: 694188.0, 15: 100692.0}
2026-06-22 10:54:48 [INFO] 分割成功
2026-06-22 10:54:48 [INFO] 引擎上下文已释放
2026-06-22 10:54:48 [INFO] TensorRT 引擎已释放
2026-06-22 10:54:49 [INFO] 全局 CUDA 资源已释放
2026-06-22 10:54:49 [INFO] 分割系统资源已释放
2026-06-22 10:54:53 [INFO] CUDA 初始化成功
2026-06-22 10:54:53 [INFO] 引擎加载成功: scrap_steel.engine
2026-06-22 10:54:53 [INFO] 分割系统初始化成功
2026-06-22 10:54:53 [INFO] 图像预处理完成，原始尺寸: (2160, 3840)
2026-06-22 10:54:53 [INFO] 开始执行分割...
2026-06-22 10:54:53 [DEBUG] 处理后的检测结果形状: (1, 8400, 6)
2026-06-22 10:54:53 [DEBUG] 示例检测结果: [[-4.03036118e+00 -3.09468079e+00  3.86992645e+01  1.43876801e+01
   3.56970844e-08  5.00000000e+00]
 [-6.63570023e+00 -2.92790604e+00  4.44659843e+01  2.82480354e+01
   8.60057625e-09  9.00000000e+00]
 [-3.66189575e+00 -3.29837608e+00  4.57610016e+01  2.92294407e+01
   4.01942302e-09  9.00000000e+00]]
2026-06-22 10:54:53 [DEBUG] 处理后检测输出形状: (0, 52)
2026-06-22 10:54:53 [DEBUG] 有效检测数量: 0
2026-06-22 10:54:53 [DEBUG] 检测输出为空
2026-06-22 10:54:53 [INFO] 掩码中检测到的类别: [0, 1, 2, 3, 4, 5, 6, 7, 8, 9, 10, 11, 12, 13, 14, 15]
2026-06-22 10:54:53 [INFO] 分割完成，检测到 0 个物体
2026-06-22 10:54:53 [INFO] 从分割掩码中提取检测结果
2026-06-22 10:54:53 [INFO] 从掩码中提取了 579 个检测框
2026-06-22 10:54:53 [INFO] 计算出的车框矩形边界: (1072, 753) to (3261, 1681)
2026-06-22 10:54:53 [INFO] 原始检测数: 579, 过滤后检测数: 231
2026-06-22 10:54:54 [INFO] 保存分割和检测结果到: C:\code\show\Scrap_Steel_In_Field\photos\segmentation\segment_20260622_105453.jpg
2026-06-22 10:54:54 [INFO] JSON结果保存到: C:\code\show\Scrap_Steel_In_Field\photos\segmentation_result.json
2026-06-22 10:54:54 [INFO] 类别统计：{0: 64, 1: 55, 2: 17, 3: 9, 4: 31, 5: 40, 6: 34, 7: 34, 8: 55, 9: 72, 10: 29, 11: 21, 12: 13, 13: 63, 14: 0, 15: 42}
2026-06-22 10:54:54 [INFO] 面积统计：{0: 3484440.0, 1: 1269972.0, 2: 23544.0, 3: 151308.0, 4: 199980.0, 5: 77796.0, 6: 472428.0, 7: 58860.0, 8: 923148.0, 9: 379584.0, 10: 135252.0, 11: 371268.0, 12: 36684.0, 13: 731952.0, 14: 108.0, 15: 127044.0}
2026-06-22 10:54:54 [INFO] 分割成功
2026-06-22 10:54:54 [INFO] 引擎上下文已释放
2026-06-22 10:54:54 [INFO] TensorRT 引擎已释放
2026-06-22 10:54:54 [INFO] 全局 CUDA 资源已释放
2026-06-22 10:54:54 [INFO] 分割系统资源已释放
2026-06-22 10:54:58 [INFO] CUDA 初始化成功
2026-06-22 10:54:58 [INFO] 引擎加载成功: scrap_steel.engine
2026-06-22 10:54:58 [INFO] 分割系统初始化成功
2026-06-22 10:54:58 [INFO] 图像预处理完成，原始尺寸: (2160, 3840)
2026-06-22 10:54:58 [INFO] 开始执行分割...
2026-06-22 10:54:58 [DEBUG] 处理后的检测结果形状: (1, 8400, 6)
2026-06-22 10:54:58 [DEBUG] 示例检测结果: [[-4.07828522e+00 -3.12577820e+00  3.87068405e+01  1.44951553e+01
   3.54253302e-08  5.00000000e+00]
 [-6.70964432e+00 -2.95215034e+00  4.45438461e+01  2.83266544e+01
   8.53826609e-09  9.00000000e+00]
 [-3.67438507e+00 -3.29958820e+00  4.57367058e+01  2.91818008e+01
   4.01807299e-09  9.00000000e+00]]
2026-06-22 10:54:58 [DEBUG] 处理后检测输出形状: (0, 52)
2026-06-22 10:54:58 [DEBUG] 有效检测数量: 0
2026-06-22 10:54:58 [DEBUG] 检测输出为空
2026-06-22 10:54:58 [INFO] 掩码中检测到的类别: [0, 1, 2, 3, 4, 5, 6, 7, 8, 9, 10, 11, 12, 13, 15]
2026-06-22 10:54:58 [INFO] 分割完成，检测到 0 个物体
2026-06-22 10:54:58 [INFO] 从分割掩码中提取检测结果
2026-06-22 10:54:58 [INFO] 从掩码中提取了 540 个检测框
2026-06-22 10:54:58 [INFO] 计算出的车框矩形边界: (1072, 752) to (3257, 1678)
2026-06-22 10:54:58 [INFO] 原始检测数: 540, 过滤后检测数: 205
2026-06-22 10:54:59 [INFO] 保存分割和检测结果到: C:\code\show\Scrap_Steel_In_Field\photos\segmentation\segment_20260622_105458.jpg
2026-06-22 10:54:59 [INFO] JSON结果保存到: C:\code\show\Scrap_Steel_In_Field\photos\segmentation_result.json
2026-06-22 10:54:59 [INFO] 类别统计：{0: 50, 1: 57, 2: 19, 3: 9, 4: 34, 5: 37, 6: 30, 7: 26, 8: 56, 9: 70, 10: 33, 11: 21, 12: 13, 13: 51, 14: 0, 15: 34}
2026-06-22 10:54:59 [INFO] 面积统计：{0: 3340800.0, 1: 1238040.0, 2: 30420.0, 3: 145296.0, 4: 187596.0, 5: 76284.0, 6: 463212.0, 7: 54972.0, 8: 934956.0, 9: 421992.0, 10: 132444.0, 11: 385200.0, 12: 42984.0, 13: 774468.0, 15: 119592.0}
2026-06-22 10:54:59 [INFO] 分割成功
2026-06-22 10:54:59 [INFO] 引擎上下文已释放
2026-06-22 10:54:59 [INFO] TensorRT 引擎已释放
2026-06-22 10:54:59 [INFO] 全局 CUDA 资源已释放
2026-06-22 10:54:59 [INFO] 分割系统资源已释放
2026-06-22 10:55:03 [INFO] CUDA 初始化成功
2026-06-22 10:55:03 [INFO] 引擎加载成功: scrap_steel.engine
2026-06-22 10:55:03 [INFO] 分割系统初始化成功
2026-06-22 10:55:03 [INFO] 图像预处理完成，原始尺寸: (2160, 3840)
2026-06-22 10:55:03 [INFO] 开始执行分割...
2026-06-22 10:55:03 [DEBUG] 处理后的检测结果形状: (1, 8400, 6)
2026-06-22 10:55:03 [DEBUG] 示例检测结果: [[-4.04680252e+00 -3.10145187e+00  3.86516571e+01  1.43842964e+01
   3.56970844e-08  5.00000000e+00]
 [-6.67880630e+00 -2.92625427e+00  4.44506416e+01  2.80659828e+01
   8.46030446e-09  9.00000000e+00]
 [-3.66872406e+00 -3.25940037e+00  4.57330437e+01  2.90954437e+01
   3.89256627e-09  9.00000000e+00]]
2026-06-22 10:55:03 [DEBUG] 处理后检测输出形状: (1, 52)
2026-06-22 10:55:03 [DEBUG] 有效检测数量: 1
2026-06-22 10:55:03 [DEBUG] 最大置信度: 0.0550, 平均置信度: 0.0550
2026-06-22 10:55:03 [INFO] 掩码中检测到的类别: [0, 1, 2, 3, 4, 5, 6, 7, 8, 9, 10, 11, 12, 13, 14, 15]
2026-06-22 10:55:03 [INFO] 分割完成，检测到 0 个物体
2026-06-22 10:55:03 [INFO] 从分割掩码中提取检测结果
2026-06-22 10:55:03 [INFO] 从掩码中提取了 545 个检测框
2026-06-22 10:55:03 [INFO] 计算出的车框矩形边界: (1071, 752) to (3263, 1681)
2026-06-22 10:55:03 [INFO] 原始检测数: 545, 过滤后检测数: 216
2026-06-22 10:55:04 [INFO] 保存分割和检测结果到: C:\code\show\Scrap_Steel_In_Field\photos\segmentation\segment_20260622_105503.jpg
2026-06-22 10:55:04 [INFO] JSON结果保存到: C:\code\show\Scrap_Steel_In_Field\photos\segmentation_result.json
2026-06-22 10:55:04 [INFO] 类别统计：{0: 51, 1: 58, 2: 18, 3: 8, 4: 32, 5: 42, 6: 34, 7: 28, 8: 63, 9: 61, 10: 32, 11: 21, 12: 10, 13: 53, 14: 0, 15: 34}
2026-06-22 10:55:04 [INFO] 面积统计：{0: 3430008.0, 1: 1216476.0, 2: 29700.0, 3: 142668.0, 4: 198900.0, 5: 75960.0, 6: 461124.0, 7: 55584.0, 8: 895644.0, 9: 456588.0, 10: 128988.0, 11: 372744.0, 12: 42300.0, 13: 751572.0, 14: 36.0, 15: 136548.0}
2026-06-22 10:55:04 [INFO] 分割成功
2026-06-22 10:55:04 [INFO] 引擎上下文已释放
2026-06-22 10:55:04 [INFO] TensorRT 引擎已释放
2026-06-22 10:55:04 [INFO] 全局 CUDA 资源已释放
2026-06-22 10:55:04 [INFO] 分割系统资源已释放
2026-06-22 10:55:08 [INFO] CUDA 初始化成功
2026-06-22 10:55:08 [INFO] 引擎加载成功: scrap_steel.engine
2026-06-22 10:55:08 [INFO] 分割系统初始化成功
2026-06-22 10:55:08 [INFO] 图像预处理完成，原始尺寸: (2160, 3840)
2026-06-22 10:55:08 [INFO] 开始执行分割...
2026-06-22 10:55:08 [DEBUG] 处理后的检测结果形状: (1, 8400, 6)
2026-06-22 10:55:08 [DEBUG] 示例检测结果: [[-4.05976486e+00 -3.10888624e+00  3.88230858e+01  1.43837013e+01
   3.48801308e-08  5.00000000e+00]
 [-6.66751480e+00 -2.93398666e+00  4.45848312e+01  2.81843014e+01
   8.37284819e-09  9.00000000e+00]
 [-3.64564514e+00 -3.24664116e+00  4.57782822e+01  2.90976238e+01
   3.98843270e-09  9.00000000e+00]]
2026-06-22 10:55:08 [DEBUG] 处理后检测输出形状: (2, 52)
2026-06-22 10:55:08 [DEBUG] 有效检测数量: 2
2026-06-22 10:55:08 [DEBUG] 最大置信度: 0.0567, 平均置信度: 0.0546
2026-06-22 10:55:08 [INFO] 掩码中检测到的类别: [0, 1, 2, 3, 4, 5, 6, 7, 8, 9, 10, 11, 12, 13, 14, 15]
2026-06-22 10:55:08 [INFO] 分割完成，检测到 0 个物体
2026-06-22 10:55:08 [INFO] 从分割掩码中提取检测结果
2026-06-22 10:55:08 [INFO] 从掩码中提取了 563 个检测框
2026-06-22 10:55:09 [INFO] 计算出的车框矩形边界: (1071, 752) to (3261, 1678)
2026-06-22 10:55:09 [INFO] 原始检测数: 563, 过滤后检测数: 220
2026-06-22 10:55:09 [INFO] 保存分割和检测结果到: C:\code\show\Scrap_Steel_In_Field\photos\segmentation\segment_20260622_105508.jpg
2026-06-22 10:55:09 [INFO] JSON结果保存到: C:\code\show\Scrap_Steel_In_Field\photos\segmentation_result.json
2026-06-22 10:55:09 [INFO] 类别统计：{0: 57, 1: 62, 2: 16, 3: 12, 4: 38, 5: 38, 6: 34, 7: 32, 8: 59, 9: 58, 10: 28, 11: 22, 12: 15, 13: 58, 14: 0, 15: 34}
2026-06-22 10:55:09 [INFO] 面积统计：{0: 3445452.0, 1: 1188612.0, 2: 29016.0, 3: 150084.0, 4: 194724.0, 5: 75996.0, 6: 451836.0, 7: 53784.0, 8: 926172.0, 9: 422280.0, 10: 135432.0, 11: 380376.0, 12: 46404.0, 13: 743544.0, 14: 36.0, 15: 124308.0}
2026-06-22 10:55:09 [INFO] 分割成功
2026-06-22 10:55:09 [INFO] 引擎上下文已释放
2026-06-22 10:55:09 [INFO] TensorRT 引擎已释放
2026-06-22 10:55:09 [INFO] 全局 CUDA 资源已释放
2026-06-22 10:55:09 [INFO] 分割系统资源已释放
2026-06-22 10:55:14 [INFO] CUDA 初始化成功
2026-06-22 10:55:14 [INFO] 引擎加载成功: scrap_steel.engine
2026-06-22 10:55:14 [INFO] 分割系统初始化成功
2026-06-22 10:55:14 [INFO] 图像预处理完成，原始尺寸: (2160, 3840)
2026-06-22 10:55:14 [INFO] 开始执行分割...
2026-06-22 10:55:14 [DEBUG] 处理后的检测结果形状: (1, 8400, 6)
2026-06-22 10:55:14 [DEBUG] 示例检测结果: [[-4.04250717e+00 -3.11420727e+00  3.87450905e+01  1.44080820e+01
   3.56970844e-08  5.00000000e+00]
 [-6.62322617e+00 -2.91633606e+00  4.45026054e+01  2.82055359e+01
   8.49998472e-09  9.00000000e+00]
 [-3.63467026e+00 -3.24573135e+00  4.57572556e+01  2.91924400e+01
   3.95744237e-09  9.00000000e+00]]
2026-06-22 10:55:14 [DEBUG] 处理后检测输出形状: (1, 52)
2026-06-22 10:55:14 [DEBUG] 有效检测数量: 1
2026-06-22 10:55:14 [DEBUG] 最大置信度: 0.0520, 平均置信度: 0.0520
2026-06-22 10:55:14 [INFO] 掩码中检测到的类别: [0, 1, 2, 3, 4, 5, 6, 7, 8, 9, 10, 11, 12, 13, 15]
2026-06-22 10:55:14 [INFO] 分割完成，检测到 0 个物体
2026-06-22 10:55:14 [INFO] 从分割掩码中提取检测结果
2026-06-22 10:55:15 [INFO] 从掩码中提取了 544 个检测框
2026-06-22 10:55:15 [INFO] 计算出的车框矩形边界: (1072, 752) to (3262, 1678)
2026-06-22 10:55:15 [INFO] 原始检测数: 544, 过滤后检测数: 216
2026-06-22 10:55:15 [INFO] 保存分割和检测结果到: C:\code\show\Scrap_Steel_In_Field\photos\segmentation\segment_20260622_105515.jpg
2026-06-22 10:55:15 [INFO] JSON结果保存到: C:\code\show\Scrap_Steel_In_Field\photos\segmentation_result.json
2026-06-22 10:55:15 [INFO] 类别统计：{0: 52, 1: 59, 2: 19, 3: 9, 4: 31, 5: 47, 6: 35, 7: 25, 8: 52, 9: 67, 10: 30, 11: 20, 12: 15, 13: 46, 14: 0, 15: 37}
2026-06-22 10:55:15 [INFO] 面积统计：{0: 3472668.0, 1: 1249596.0, 2: 29340.0, 3: 145764.0, 4: 211068.0, 5: 76284.0, 6: 468576.0, 7: 59040.0, 8: 895860.0, 9: 412632.0, 10: 132048.0, 11: 384300.0, 12: 42012.0, 13: 746532.0, 15: 116136.0}
2026-06-22 10:55:15 [INFO] 分割成功
2026-06-22 10:55:15 [INFO] 引擎上下文已释放
2026-06-22 10:55:15 [INFO] TensorRT 引擎已释放
2026-06-22 10:55:15 [INFO] 全局 CUDA 资源已释放
2026-06-22 10:55:15 [INFO] 分割系统资源已释放
2026-06-22 10:55:19 [INFO] CUDA 初始化成功
2026-06-22 10:55:19 [INFO] 引擎加载成功: scrap_steel.engine
2026-06-22 10:55:19 [INFO] 分割系统初始化成功
2026-06-22 10:55:19 [INFO] 图像预处理完成，原始尺寸: (2160, 3840)
2026-06-22 10:55:19 [INFO] 开始执行分割...
2026-06-22 10:55:19 [DEBUG] 处理后的检测结果形状: (1, 8400, 6)
2026-06-22 10:55:19 [DEBUG] 示例检测结果: [[-4.07215500e+00 -3.12496185e+00  3.88210258e+01  1.45388718e+01
   3.59688421e-08  5.00000000e+00]
 [-6.68901825e+00 -2.94066811e+00  4.45641708e+01  2.82886028e+01
   8.45490877e-09  9.00000000e+00]
 [-3.65918732e+00 -3.28614044e+00  4.57687454e+01  2.92152061e+01
   3.92826571e-09  9.00000000e+00]]
2026-06-22 10:55:19 [DEBUG] 处理后检测输出形状: (0, 52)
2026-06-22 10:55:19 [DEBUG] 有效检测数量: 0
2026-06-22 10:55:19 [DEBUG] 检测输出为空
2026-06-22 10:55:19 [INFO] 掩码中检测到的类别: [0, 1, 2, 3, 4, 5, 6, 7, 8, 9, 10, 11, 12, 13, 14, 15]
2026-06-22 10:55:19 [INFO] 分割完成，检测到 0 个物体
2026-06-22 10:55:19 [INFO] 从分割掩码中提取检测结果
2026-06-22 10:55:20 [INFO] 从掩码中提取了 555 个检测框
2026-06-22 10:55:20 [INFO] 计算出的车框矩形边界: (1072, 751) to (3261, 1679)
2026-06-22 10:55:20 [INFO] 原始检测数: 555, 过滤后检测数: 223
2026-06-22 10:55:20 [INFO] 保存分割和检测结果到: C:\code\show\Scrap_Steel_In_Field\photos\segmentation\segment_20260622_105520.jpg
2026-06-22 10:55:20 [INFO] JSON结果保存到: C:\code\show\Scrap_Steel_In_Field\photos\segmentation_result.json
2026-06-22 10:55:20 [INFO] 类别统计：{0: 54, 1: 55, 2: 20, 3: 11, 4: 33, 5: 43, 6: 32, 7: 27, 8: 56, 9: 71, 10: 33, 11: 19, 12: 14, 13: 52, 14: 0, 15: 35}
2026-06-22 10:55:20 [INFO] 面积统计：{0: 3462264.0, 1: 1255248.0, 2: 30816.0, 3: 144864.0, 4: 219168.0, 5: 78408.0, 6: 452412.0, 7: 54072.0, 8: 899496.0, 9: 444960.0, 10: 139500.0, 11: 377676.0, 12: 42444.0, 13: 751500.0, 14: 72.0, 15: 115704.0}
2026-06-22 10:55:20 [INFO] 分割成功
2026-06-22 10:55:20 [INFO] 引擎上下文已释放
2026-06-22 10:55:20 [INFO] TensorRT 引擎已释放
2026-06-22 10:55:20 [INFO] 全局 CUDA 资源已释放
2026-06-22 10:55:20 [INFO] 分割系统资源已释放
2026-06-22 10:55:24 [INFO] CUDA 初始化成功
2026-06-22 10:55:24 [INFO] 引擎加载成功: scrap_steel.engine
2026-06-22 10:55:24 [INFO] 分割系统初始化成功
2026-06-22 10:55:24 [INFO] 图像预处理完成，原始尺寸: (2160, 3840)
2026-06-22 10:55:24 [INFO] 开始执行分割...
2026-06-22 10:55:25 [DEBUG] 处理后的检测结果形状: (1, 8400, 6)
2026-06-22 10:55:25 [DEBUG] 示例检测结果: [[-4.08867264e+00 -3.11853123e+00  3.87886543e+01  1.44642229e+01
   3.51497711e-08  5.00000000e+00]
 [-6.68626785e+00 -2.93863106e+00  4.44379845e+01  2.82665501e+01
   8.40560421e-09  9.00000000e+00]
 [-3.63353348e+00 -3.25862408e+00  4.57389030e+01  2.91786919e+01
   3.92500432e-09  9.00000000e+00]]
2026-06-22 10:55:25 [DEBUG] 处理后检测输出形状: (0, 52)
2026-06-22 10:55:25 [DEBUG] 有效检测数量: 0
2026-06-22 10:55:25 [DEBUG] 检测输出为空
2026-06-22 10:55:25 [INFO] 掩码中检测到的类别: [0, 1, 2, 3, 4, 5, 6, 7, 8, 9, 10, 11, 12, 13, 15]
2026-06-22 10:55:25 [INFO] 分割完成，检测到 0 个物体
2026-06-22 10:55:25 [INFO] 从分割掩码中提取检测结果
2026-06-22 10:55:25 [INFO] 从掩码中提取了 535 个检测框
2026-06-22 10:55:25 [INFO] 计算出的车框矩形边界: (1072, 752) to (3263, 1678)
2026-06-22 10:55:25 [INFO] 原始检测数: 535, 过滤后检测数: 217
2026-06-22 10:55:25 [INFO] 保存分割和检测结果到: C:\code\show\Scrap_Steel_In_Field\photos\segmentation\segment_20260622_105525.jpg
2026-06-22 10:55:25 [INFO] JSON结果保存到: C:\code\show\Scrap_Steel_In_Field\photos\segmentation_result.json
2026-06-22 10:55:25 [INFO] 类别统计：{0: 52, 1: 61, 2: 21, 3: 9, 4: 33, 5: 35, 6: 31, 7: 27, 8: 58, 9: 59, 10: 31, 11: 22, 12: 13, 13: 53, 14: 0, 15: 30}
2026-06-22 10:55:25 [INFO] 面积统计：{0: 3438252.0, 1: 1196388.0, 2: 30240.0, 3: 149580.0, 4: 179676.0, 5: 76068.0, 6: 473184.0, 7: 56916.0, 8: 910332.0, 9: 407412.0, 10: 137448.0, 11: 378828.0, 12: 38232.0, 13: 747936.0, 15: 131364.0}
2026-06-22 10:55:25 [INFO] 分割成功
2026-06-22 10:55:25 [INFO] 引擎上下文已释放
2026-06-22 10:55:25 [INFO] TensorRT 引擎已释放
2026-06-22 10:55:25 [INFO] 全局 CUDA 资源已释放
2026-06-22 10:55:25 [INFO] 分割系统资源已释放
2026-06-22 10:55:29 [INFO] CUDA 初始化成功
2026-06-22 10:55:29 [INFO] 引擎加载成功: scrap_steel.engine
2026-06-22 10:55:29 [INFO] 分割系统初始化成功
2026-06-22 10:55:30 [INFO] 图像预处理完成，原始尺寸: (2160, 3840)
2026-06-22 10:55:30 [INFO] 开始执行分割...
2026-06-22 10:55:30 [DEBUG] 处理后的检测结果形状: (1, 8400, 6)
2026-06-22 10:55:30 [DEBUG] 示例检测结果: [[-4.02467728e+00 -3.11140823e+00  3.87259865e+01  1.44839096e+01
   3.55647281e-08  5.00000000e+00]
 [-6.61545944e+00 -2.92671585e+00  4.44952507e+01  2.82183247e+01
   8.34009217e-09  9.00000000e+00]
 [-3.62311935e+00 -3.28262615e+00  4.57357368e+01  2.92075386e+01
   3.89256627e-09  9.00000000e+00]]
2026-06-22 10:55:30 [DEBUG] 处理后检测输出形状: (0, 52)
2026-06-22 10:55:30 [DEBUG] 有效检测数量: 0
2026-06-22 10:55:30 [DEBUG] 检测输出为空
2026-06-22 10:55:30 [INFO] 掩码中检测到的类别: [0, 1, 2, 3, 4, 5, 6, 7, 8, 9, 10, 11, 12, 13, 15]
2026-06-22 10:55:30 [INFO] 分割完成，检测到 0 个物体
2026-06-22 10:55:30 [INFO] 从分割掩码中提取检测结果
2026-06-22 10:55:30 [INFO] 从掩码中提取了 553 个检测框
2026-06-22 10:55:30 [INFO] 计算出的车框矩形边界: (1071, 753) to (3261, 1678)
2026-06-22 10:55:30 [INFO] 原始检测数: 553, 过滤后检测数: 216
2026-06-22 10:55:31 [INFO] 保存分割和检测结果到: C:\code\show\Scrap_Steel_In_Field\photos\segmentation\segment_20260622_105530.jpg
2026-06-22 10:55:31 [INFO] JSON结果保存到: C:\code\show\Scrap_Steel_In_Field\photos\segmentation_result.json
2026-06-22 10:55:31 [INFO] 类别统计：{0: 67, 1: 57, 2: 17, 3: 10, 4: 34, 5: 38, 6: 35, 7: 27, 8: 50, 9: 62, 10: 27, 11: 20, 12: 18, 13: 55, 14: 0, 15: 36}
2026-06-22 10:55:31 [INFO] 面积统计：{0: 3473496.0, 1: 1157544.0, 2: 28260.0, 3: 150264.0, 4: 208224.0, 5: 84132.0, 6: 458352.0, 7: 53640.0, 8: 920412.0, 9: 491220.0, 10: 141876.0, 11: 369540.0, 12: 38988.0, 13: 749592.0, 15: 132444.0}
2026-06-22 10:55:31 [INFO] 分割成功
2026-06-22 10:55:31 [INFO] 引擎上下文已释放
2026-06-22 10:55:31 [INFO] TensorRT 引擎已释放
2026-06-22 10:55:31 [INFO] 全局 CUDA 资源已释放
2026-06-22 10:55:31 [INFO] 分割系统资源已释放
2026-06-22 10:55:35 [INFO] CUDA 初始化成功
2026-06-22 10:55:35 [INFO] 引擎加载成功: scrap_steel.engine
2026-06-22 10:55:35 [INFO] 分割系统初始化成功
2026-06-22 10:55:35 [INFO] 图像预处理完成，原始尺寸: (2160, 3840)
2026-06-22 10:55:35 [INFO] 开始执行分割...
2026-06-22 10:55:35 [DEBUG] 处理后的检测结果形状: (1, 8400, 6)
2026-06-22 10:55:35 [DEBUG] 示例检测结果: [[-4.04212189e+00 -3.10650444e+00  3.88342705e+01  1.43818626e+01
   3.54253302e-08  5.00000000e+00]
 [-6.61323929e+00 -2.91972351e+00  4.46101837e+01  2.82526283e+01
   8.46030446e-09  9.00000000e+00]
 [-3.62545395e+00 -3.24827480e+00  4.58197746e+01  2.92302170e+01
   3.97304589e-09  9.00000000e+00]]
2026-06-22 10:55:35 [DEBUG] 处理后检测输出形状: (0, 52)
2026-06-22 10:55:35 [DEBUG] 有效检测数量: 0
2026-06-22 10:55:35 [DEBUG] 检测输出为空
2026-06-22 10:55:35 [INFO] 掩码中检测到的类别: [0, 1, 2, 3, 4, 5, 6, 7, 8, 9, 10, 11, 12, 13, 15]
2026-06-22 10:55:35 [INFO] 分割完成，检测到 0 个物体
2026-06-22 10:55:35 [INFO] 从分割掩码中提取检测结果
2026-06-22 10:55:35 [INFO] 从掩码中提取了 516 个检测框
2026-06-22 10:55:35 [INFO] 计算出的车框矩形边界: (1073, 751) to (3263, 1679)
2026-06-22 10:55:35 [INFO] 原始检测数: 516, 过滤后检测数: 217
2026-06-22 10:55:36 [INFO] 保存分割和检测结果到: C:\code\show\Scrap_Steel_In_Field\photos\segmentation\segment_20260622_105535.jpg
2026-06-22 10:55:36 [INFO] JSON结果保存到: C:\code\show\Scrap_Steel_In_Field\photos\segmentation_result.json
2026-06-22 10:55:36 [INFO] 类别统计：{0: 48, 1: 55, 2: 16, 3: 8, 4: 35, 5: 36, 6: 30, 7: 24, 8: 54, 9: 56, 10: 29, 11: 20, 12: 18, 13: 52, 14: 0, 15: 35}
2026-06-22 10:55:36 [INFO] 面积统计：{0: 3501792.0, 1: 1215756.0, 2: 31788.0, 3: 144648.0, 4: 187524.0, 5: 71136.0, 6: 471708.0, 7: 58932.0, 8: 912672.0, 9: 401796.0, 10: 133740.0, 11: 384012.0, 12: 44064.0, 13: 733716.0, 15: 126216.0}
2026-06-22 10:55:36 [INFO] 分割成功
2026-06-22 10:55:36 [INFO] 引擎上下文已释放
2026-06-22 10:55:36 [INFO] TensorRT 引擎已释放
2026-06-22 10:55:36 [INFO] 全局 CUDA 资源已释放
2026-06-22 10:55:36 [INFO] 分割系统资源已释放
2026-06-22 10:55:40 [INFO] CUDA 初始化成功
2026-06-22 10:55:40 [INFO] 引擎加载成功: scrap_steel.engine
2026-06-22 10:55:40 [INFO] 分割系统初始化成功
2026-06-22 10:55:40 [INFO] 图像预处理完成，原始尺寸: (2160, 3840)
2026-06-22 10:55:40 [INFO] 开始执行分割...
2026-06-22 10:55:40 [DEBUG] 处理后的检测结果形状: (1, 8400, 6)
2026-06-22 10:55:40 [DEBUG] 示例检测结果: [[-4.05939484e+00 -3.11076832e+00  3.86924515e+01  1.44610510e+01
   3.54253302e-08  5.00000000e+00]
 [-6.70427704e+00 -2.94886017e+00  4.44972382e+01  2.82332363e+01
   8.34009217e-09  9.00000000e+00]
 [-3.67057037e+00 -3.28487206e+00  4.57620926e+01  2.91522541e+01
   3.87764487e-09  9.00000000e+00]]
2026-06-22 10:55:40 [DEBUG] 处理后检测输出形状: (1, 52)
2026-06-22 10:55:40 [DEBUG] 有效检测数量: 1
2026-06-22 10:55:40 [DEBUG] 最大置信度: 0.0538, 平均置信度: 0.0538
2026-06-22 10:55:40 [INFO] 掩码中检测到的类别: [0, 1, 2, 3, 4, 5, 6, 7, 8, 9, 10, 11, 12, 13, 14, 15]
2026-06-22 10:55:40 [INFO] 分割完成，检测到 0 个物体
2026-06-22 10:55:40 [INFO] 从分割掩码中提取检测结果
2026-06-22 10:55:40 [INFO] 从掩码中提取了 551 个检测框
2026-06-22 10:55:40 [INFO] 计算出的车框矩形边界: (1071, 752) to (3263, 1679)
2026-06-22 10:55:40 [INFO] 原始检测数: 551, 过滤后检测数: 215
2026-06-22 10:55:41 [INFO] 保存分割和检测结果到: C:\code\show\Scrap_Steel_In_Field\photos\segmentation\segment_20260622_105540.jpg
2026-06-22 10:55:41 [INFO] JSON结果保存到: C:\code\show\Scrap_Steel_In_Field\photos\segmentation_result.json
2026-06-22 10:55:41 [INFO] 类别统计：{0: 51, 1: 60, 2: 17, 3: 9, 4: 38, 5: 45, 6: 31, 7: 30, 8: 61, 9: 58, 10: 28, 11: 19, 12: 15, 13: 58, 14: 0, 15: 31}
2026-06-22 10:55:41 [INFO] 面积统计：{0: 3419784.0, 1: 1207476.0, 2: 31248.0, 3: 144072.0, 4: 177660.0, 5: 81216.0, 6: 464256.0, 7: 55980.0, 8: 910224.0, 9: 430956.0, 10: 132804.0, 11: 373428.0, 12: 43020.0, 13: 768312.0, 14: 36.0, 15: 129168.0}
2026-06-22 10:55:41 [INFO] 分割成功
2026-06-22 10:55:41 [INFO] 引擎上下文已释放
2026-06-22 10:55:41 [INFO] TensorRT 引擎已释放
2026-06-22 10:55:41 [INFO] 全局 CUDA 资源已释放
2026-06-22 10:55:41 [INFO] 分割系统资源已释放
2026-06-22 10:55:45 [INFO] CUDA 初始化成功
2026-06-22 10:55:45 [INFO] 引擎加载成功: scrap_steel.engine
2026-06-22 10:55:45 [INFO] 分割系统初始化成功
2026-06-22 10:55:45 [INFO] 图像预处理完成，原始尺寸: (2160, 3840)
2026-06-22 10:55:45 [INFO] 开始执行分割...
2026-06-22 10:55:45 [DEBUG] 处理后的检测结果形状: (1, 8400, 6)
2026-06-22 10:55:45 [DEBUG] 示例检测结果: [[-4.04675293e+00 -3.10201883e+00  3.86850243e+01  1.44400082e+01
   3.54253302e-08  5.00000000e+00]
 [-6.67341995e+00 -2.91391945e+00  4.44809418e+01  2.81817646e+01
   8.47193515e-09  9.00000000e+00]
 [-3.66709900e+00 -3.25852394e+00  4.57705688e+01  2.91684170e+01
   3.95574062e-09  9.00000000e+00]]
2026-06-22 10:55:45 [DEBUG] 处理后检测输出形状: (0, 52)
2026-06-22 10:55:45 [DEBUG] 有效检测数量: 0
2026-06-22 10:55:45 [DEBUG] 检测输出为空
2026-06-22 10:55:45 [INFO] 掩码中检测到的类别: [0, 1, 2, 3, 4, 5, 6, 7, 8, 9, 10, 11, 12, 13, 14, 15]
2026-06-22 10:55:45 [INFO] 分割完成，检测到 0 个物体
2026-06-22 10:55:45 [INFO] 从分割掩码中提取检测结果
2026-06-22 10:55:46 [INFO] 从掩码中提取了 536 个检测框
2026-06-22 10:55:46 [INFO] 计算出的车框矩形边界: (1071, 754) to (3260, 1678)
2026-06-22 10:55:46 [INFO] 原始检测数: 536, 过滤后检测数: 213
2026-06-22 10:55:47 [INFO] 保存分割和检测结果到: C:\code\show\Scrap_Steel_In_Field\photos\segmentation\segment_20260622_105546.jpg
2026-06-22 10:55:47 [INFO] JSON结果保存到: C:\code\show\Scrap_Steel_In_Field\photos\segmentation_result.json
2026-06-22 10:55:47 [INFO] 类别统计：{0: 58, 1: 65, 2: 13, 3: 10, 4: 32, 5: 43, 6: 29, 7: 30, 8: 47, 9: 62, 10: 25, 11: 20, 12: 15, 13: 55, 14: 0, 15: 32}
2026-06-22 10:55:47 [INFO] 面积统计：{0: 3451392.0, 1: 1193508.0, 2: 27504.0, 3: 145008.0, 4: 196344.0, 5: 79020.0, 6: 471996.0, 7: 56628.0, 8: 934092.0, 9: 428436.0, 10: 136656.0, 11: 383580.0, 12: 37980.0, 13: 751032.0, 14: 36.0, 15: 144288.0}
2026-06-22 10:55:47 [INFO] 分割成功
2026-06-22 10:55:47 [INFO] 引擎上下文已释放
2026-06-22 10:55:47 [INFO] TensorRT 引擎已释放
2026-06-22 10:55:47 [INFO] 全局 CUDA 资源已释放
2026-06-22 10:55:47 [INFO] 分割系统资源已释放
2026-06-22 10:55:50 [INFO] CUDA 初始化成功
2026-06-22 10:55:50 [INFO] 引擎加载成功: scrap_steel.engine
2026-06-22 10:55:50 [INFO] 分割系统初始化成功
2026-06-22 10:55:51 [INFO] 图像预处理完成，原始尺寸: (2160, 3840)
2026-06-22 10:55:51 [INFO] 开始执行分割...
2026-06-22 10:55:51 [DEBUG] 处理后的检测结果形状: (1, 8400, 6)
2026-06-22 10:55:51 [DEBUG] 示例检测结果: [[-4.04525757e+00 -3.13286018e+00  3.87272644e+01  1.45879650e+01
   3.55647281e-08  5.00000000e+00]
 [-6.59315872e+00 -2.92761612e+00  4.45345268e+01  2.83546028e+01
   8.49998472e-09  9.00000000e+00]
 [-3.61471558e+00 -3.24411201e+00  4.57367477e+01  2.91883144e+01
   3.92688548e-09  9.00000000e+00]]
2026-06-22 10:55:51 [DEBUG] 处理后检测输出形状: (0, 52)
2026-06-22 10:55:51 [DEBUG] 有效检测数量: 0
2026-06-22 10:55:51 [DEBUG] 检测输出为空
2026-06-22 10:55:51 [INFO] 掩码中检测到的类别: [0, 1, 2, 3, 4, 5, 6, 7, 8, 9, 10, 11, 12, 13, 14, 15]
2026-06-22 10:55:51 [INFO] 分割完成，检测到 0 个物体
2026-06-22 10:55:51 [INFO] 从分割掩码中提取检测结果
2026-06-22 10:55:51 [INFO] 从掩码中提取了 511 个检测框
2026-06-22 10:55:51 [INFO] 计算出的车框矩形边界: (1072, 754) to (3262, 1678)
2026-06-22 10:55:51 [INFO] 原始检测数: 511, 过滤后检测数: 203
2026-06-22 10:55:51 [INFO] 保存分割和检测结果到: C:\code\show\Scrap_Steel_In_Field\photos\segmentation\segment_20260622_105551.jpg
2026-06-22 10:55:51 [INFO] JSON结果保存到: C:\code\show\Scrap_Steel_In_Field\photos\segmentation_result.json
2026-06-22 10:55:51 [INFO] 类别统计：{0: 40, 1: 53, 2: 17, 3: 8, 4: 30, 5: 36, 6: 32, 7: 27, 8: 63, 9: 58, 10: 27, 11: 20, 12: 11, 13: 55, 14: 0, 15: 34}
2026-06-22 10:55:51 [INFO] 面积统计：{0: 3510756.0, 1: 1201860.0, 2: 27360.0, 3: 148464.0, 4: 204516.0, 5: 76104.0, 6: 465372.0, 7: 59652.0, 8: 948168.0, 9: 408600.0, 10: 139860.0, 11: 375624.0, 12: 38520.0, 13: 733788.0, 14: 108.0, 15: 122148.0}
2026-06-22 10:55:51 [INFO] 分割成功
2026-06-22 10:55:51 [INFO] 引擎上下文已释放
2026-06-22 10:55:51 [INFO] TensorRT 引擎已释放
2026-06-22 10:55:52 [INFO] 全局 CUDA 资源已释放
2026-06-22 10:55:52 [INFO] 分割系统资源已释放
2026-06-22 10:55:56 [INFO] CUDA 初始化成功
2026-06-22 10:55:56 [INFO] 引擎加载成功: scrap_steel.engine
2026-06-22 10:55:56 [INFO] 分割系统初始化成功
2026-06-22 10:55:56 [INFO] 图像预处理完成，原始尺寸: (2160, 3840)
2026-06-22 10:55:56 [INFO] 开始执行分割...
2026-06-22 10:55:56 [DEBUG] 处理后的检测结果形状: (1, 8400, 6)
2026-06-22 10:55:56 [DEBUG] 示例检测结果: [[-4.03523254e+00 -3.08385181e+00  3.86675835e+01  1.43153276e+01
   3.54253302e-08  5.00000000e+00]
 [-6.64523697e+00 -2.91526604e+00  4.44138832e+01  2.81227722e+01
   8.40560421e-09  9.00000000e+00]
 [-3.67258835e+00 -3.27212238e+00  4.57457924e+01  2.91406746e+01
   3.90791399e-09  9.00000000e+00]]
2026-06-22 10:55:56 [DEBUG] 处理后检测输出形状: (0, 52)
2026-06-22 10:55:56 [DEBUG] 有效检测数量: 0
2026-06-22 10:55:56 [DEBUG] 检测输出为空
2026-06-22 10:55:56 [INFO] 掩码中检测到的类别: [0, 1, 2, 3, 4, 5, 6, 7, 8, 9, 10, 11, 12, 13, 15]
2026-06-22 10:55:56 [INFO] 分割完成，检测到 0 个物体
2026-06-22 10:55:56 [INFO] 从分割掩码中提取检测结果
2026-06-22 10:55:56 [INFO] 从掩码中提取了 546 个检测框
2026-06-22 10:55:56 [INFO] 计算出的车框矩形边界: (1071, 753) to (3261, 1679)
2026-06-22 10:55:56 [INFO] 原始检测数: 546, 过滤后检测数: 211
2026-06-22 10:55:57 [INFO] 保存分割和检测结果到: C:\code\show\Scrap_Steel_In_Field\photos\segmentation\segment_20260622_105556.jpg
2026-06-22 10:55:57 [INFO] JSON结果保存到: C:\code\show\Scrap_Steel_In_Field\photos\segmentation_result.json
2026-06-22 10:55:57 [INFO] 类别统计：{0: 57, 1: 57, 2: 18, 3: 7, 4: 32, 5: 45, 6: 30, 7: 31, 8: 53, 9: 55, 10: 29, 11: 22, 12: 17, 13: 57, 14: 0, 15: 36}
2026-06-22 10:55:57 [INFO] 面积统计：{0: 3409956.0, 1: 1216332.0, 2: 29484.0, 3: 146196.0, 4: 171972.0, 5: 81180.0, 6: 477432.0, 7: 54036.0, 8: 937764.0, 9: 419616.0, 10: 134496.0, 11: 385704.0, 12: 45900.0, 13: 750312.0, 15: 148680.0}
2026-06-22 10:55:57 [INFO] 分割成功
2026-06-22 10:55:57 [INFO] 引擎上下文已释放
2026-06-22 10:55:57 [INFO] TensorRT 引擎已释放
2026-06-22 10:55:57 [INFO] 全局 CUDA 资源已释放
2026-06-22 10:55:57 [INFO] 分割系统资源已释放
2026-06-22 10:56:01 [INFO] CUDA 初始化成功
2026-06-22 10:56:01 [INFO] 引擎加载成功: scrap_steel.engine
2026-06-22 10:56:01 [INFO] 分割系统初始化成功
2026-06-22 10:56:01 [INFO] 图像预处理完成，原始尺寸: (2160, 3840)
2026-06-22 10:56:01 [INFO] 开始执行分割...
2026-06-22 10:56:02 [DEBUG] 处理后的检测结果形状: (1, 8400, 6)
2026-06-22 10:56:02 [DEBUG] 示例检测结果: [[-4.01900864e+00 -3.06960201e+00  3.86464996e+01  1.42363291e+01
   3.51497711e-08  5.00000000e+00]
 [-6.65969467e+00 -2.91579437e+00  4.45393524e+01  2.80368519e+01
   8.40560421e-09  9.00000000e+00]
 [-3.65949249e+00 -3.24595070e+00  4.57936897e+01  2.90963421e+01
   3.94047994e-09  9.00000000e+00]]
2026-06-22 10:56:02 [DEBUG] 处理后检测输出形状: (0, 52)
2026-06-22 10:56:02 [DEBUG] 有效检测数量: 0
2026-06-22 10:56:02 [DEBUG] 检测输出为空
2026-06-22 10:56:02 [INFO] 掩码中检测到的类别: [0, 1, 2, 3, 4, 5, 6, 7, 8, 9, 10, 11, 12, 13, 14, 15]
2026-06-22 10:56:02 [INFO] 分割完成，检测到 0 个物体
2026-06-22 10:56:02 [INFO] 从分割掩码中提取检测结果
2026-06-22 10:56:02 [INFO] 从掩码中提取了 557 个检测框
2026-06-22 10:56:02 [INFO] 计算出的车框矩形边界: (1071, 752) to (3262, 1678)
2026-06-22 10:56:02 [INFO] 原始检测数: 557, 过滤后检测数: 213
2026-06-22 10:56:02 [INFO] 保存分割和检测结果到: C:\code\show\Scrap_Steel_In_Field\photos\segmentation\segment_20260622_105602.jpg
2026-06-22 10:56:02 [INFO] JSON结果保存到: C:\code\show\Scrap_Steel_In_Field\photos\segmentation_result.json
2026-06-22 10:56:02 [INFO] 类别统计：{0: 51, 1: 59, 2: 18, 3: 9, 4: 36, 5: 39, 6: 35, 7: 29, 8: 54, 9: 64, 10: 35, 11: 20, 12: 14, 13: 59, 14: 0, 15: 35}
2026-06-22 10:56:02 [INFO] 面积统计：{0: 3429108.0, 1: 1231956.0, 2: 28260.0, 3: 140760.0, 4: 214056.0, 5: 73980.0, 6: 469008.0, 7: 59544.0, 8: 938196.0, 9: 446976.0, 10: 131688.0, 11: 393048.0, 12: 39780.0, 13: 737388.0, 14: 144.0, 15: 114948.0}
2026-06-22 10:56:02 [INFO] 分割成功
2026-06-22 10:56:02 [INFO] 引擎上下文已释放
2026-06-22 10:56:02 [INFO] TensorRT 引擎已释放
2026-06-22 10:56:02 [INFO] 全局 CUDA 资源已释放
2026-06-22 10:56:02 [INFO] 分割系统资源已释放
2026-06-22 10:56:06 [INFO] CUDA 初始化成功
2026-06-22 10:56:06 [INFO] 引擎加载成功: scrap_steel.engine
2026-06-22 10:56:06 [INFO] 分割系统初始化成功
2026-06-22 10:56:06 [INFO] 图像预处理完成，原始尺寸: (2160, 3840)
2026-06-22 10:56:06 [INFO] 开始执行分割...
2026-06-22 10:56:06 [DEBUG] 处理后的检测结果形状: (1, 8400, 6)
2026-06-22 10:56:06 [DEBUG] 示例检测结果: [[-4.04868317e+00 -3.11099911e+00  3.86868591e+01  1.44419661e+01
   3.54253302e-08  5.00000000e+00]
 [-6.67270660e+00 -2.95106697e+00  4.45164909e+01  2.83262501e+01
   8.52706705e-09  9.00000000e+00]
 [-3.63448334e+00 -3.28589058e+00  4.57910004e+01  2.92441196e+01
   3.92304855e-09  9.00000000e+00]]
2026-06-22 10:56:06 [DEBUG] 处理后检测输出形状: (0, 52)
2026-06-22 10:56:06 [DEBUG] 有效检测数量: 0
2026-06-22 10:56:06 [DEBUG] 检测输出为空
2026-06-22 10:56:06 [INFO] 掩码中检测到的类别: [0, 1, 2, 3, 4, 5, 6, 7, 8, 9, 10, 11, 12, 13, 14, 15]
2026-06-22 10:56:06 [INFO] 分割完成，检测到 0 个物体
2026-06-22 10:56:06 [INFO] 从分割掩码中提取检测结果
2026-06-22 10:56:06 [INFO] 从掩码中提取了 539 个检测框
2026-06-22 10:56:06 [INFO] 计算出的车框矩形边界: (1072, 752) to (3256, 1679)
2026-06-22 10:56:06 [INFO] 原始检测数: 539, 过滤后检测数: 211
2026-06-22 10:56:07 [INFO] 保存分割和检测结果到: C:\code\show\Scrap_Steel_In_Field\photos\segmentation\segment_20260622_105606.jpg
2026-06-22 10:56:07 [INFO] JSON结果保存到: C:\code\show\Scrap_Steel_In_Field\photos\segmentation_result.json
2026-06-22 10:56:07 [INFO] 类别统计：{0: 45, 1: 57, 2: 17, 3: 10, 4: 34, 5: 43, 6: 37, 7: 31, 8: 52, 9: 59, 10: 34, 11: 19, 12: 16, 13: 57, 14: 0, 15: 28}
2026-06-22 10:56:07 [INFO] 面积统计：{0: 3494520.0, 1: 1194372.0, 2: 30780.0, 3: 145764.0, 4: 191808.0, 5: 76644.0, 6: 461916.0, 7: 57960.0, 8: 918108.0, 9: 410652.0, 10: 140076.0, 11: 378468.0, 12: 38484.0, 13: 756108.0, 14: 36.0, 15: 126612.0}
2026-06-22 10:56:07 [INFO] 分割成功
2026-06-22 10:56:07 [INFO] 引擎上下文已释放
2026-06-22 10:56:07 [INFO] TensorRT 引擎已释放
2026-06-22 10:56:07 [INFO] 全局 CUDA 资源已释放
2026-06-22 10:56:07 [INFO] 分割系统资源已释放
2026-06-22 10:56:11 [INFO] CUDA 初始化成功
2026-06-22 10:56:11 [INFO] 引擎加载成功: scrap_steel.engine
2026-06-22 10:56:11 [INFO] 分割系统初始化成功
2026-06-22 10:56:11 [INFO] 图像预处理完成，原始尺寸: (2160, 3840)
2026-06-22 10:56:11 [INFO] 开始执行分割...
2026-06-22 10:56:11 [DEBUG] 处理后的检测结果形状: (1, 8400, 6)
2026-06-22 10:56:11 [DEBUG] 示例检测结果: [[-4.03102112e+00 -3.10173893e+00  3.87212219e+01  1.43826857e+01
   3.58375551e-08  5.00000000e+00]
 [-6.62663269e+00 -2.90695381e+00  4.44882965e+01  2.80989056e+01
   8.46673132e-09  9.00000000e+00]
 [-3.67482758e+00 -3.28340340e+00  4.57824097e+01  2.91733379e+01
   3.94227229e-09  9.00000000e+00]]
2026-06-22 10:56:11 [DEBUG] 处理后检测输出形状: (1, 52)
2026-06-22 10:56:11 [DEBUG] 有效检测数量: 1
2026-06-22 10:56:11 [DEBUG] 最大置信度: 0.0548, 平均置信度: 0.0548
2026-06-22 10:56:11 [INFO] 掩码中检测到的类别: [0, 1, 2, 3, 4, 5, 6, 7, 8, 9, 10, 11, 12, 13, 15]
2026-06-22 10:56:11 [INFO] 分割完成，检测到 0 个物体
2026-06-22 10:56:11 [INFO] 从分割掩码中提取检测结果
2026-06-22 10:56:11 [INFO] 从掩码中提取了 572 个检测框
2026-06-22 10:56:12 [INFO] 计算出的车框矩形边界: (1071, 752) to (3261, 1678)
2026-06-22 10:56:12 [INFO] 原始检测数: 572, 过滤后检测数: 217
2026-06-22 10:56:12 [INFO] 保存分割和检测结果到: C:\code\show\Scrap_Steel_In_Field\photos\segmentation\segment_20260622_105611.jpg
2026-06-22 10:56:12 [INFO] JSON结果保存到: C:\code\show\Scrap_Steel_In_Field\photos\segmentation_result.json
2026-06-22 10:56:12 [INFO] 类别统计：{0: 58, 1: 59, 2: 19, 3: 8, 4: 41, 5: 45, 6: 31, 7: 31, 8: 62, 9: 67, 10: 31, 11: 20, 12: 14, 13: 50, 14: 0, 15: 36}
2026-06-22 10:56:12 [INFO] 面积统计：{0: 3459024.0, 1: 1239048.0, 2: 29196.0, 3: 140724.0, 4: 201204.0, 5: 72576.0, 6: 453060.0, 7: 55728.0, 8: 934488.0, 9: 432432.0, 10: 139644.0, 11: 383364.0, 12: 36180.0, 13: 741492.0, 15: 124884.0}
2026-06-22 10:56:12 [INFO] 分割成功
2026-06-22 10:56:12 [INFO] 引擎上下文已释放
2026-06-22 10:56:12 [INFO] TensorRT 引擎已释放
2026-06-22 10:56:12 [INFO] 全局 CUDA 资源已释放
2026-06-22 10:56:12 [INFO] 分割系统资源已释放
2026-06-22 10:56:17 [INFO] CUDA 初始化成功
2026-06-22 10:56:17 [INFO] 引擎加载成功: scrap_steel.engine
2026-06-22 10:56:17 [INFO] 分割系统初始化成功
2026-06-22 10:56:17 [INFO] 图像预处理完成，原始尺寸: (2160, 3840)
2026-06-22 10:56:17 [INFO] 开始执行分割...
2026-06-22 10:56:17 [DEBUG] 处理后的检测结果形状: (1, 8400, 6)
2026-06-22 10:56:17 [DEBUG] 示例检测结果: [[-4.06047821e+00 -3.10163116e+00  3.86601181e+01  1.44353962e+01
   3.56970844e-08  5.00000000e+00]
 [-6.65736389e+00 -2.93812180e+00  4.45447769e+01  2.82706490e+01
   8.39436609e-09  9.00000000e+00]
 [-3.65597153e+00 -3.28546810e+00  4.58062820e+01  2.92264290e+01
   3.92688548e-09  9.00000000e+00]]
2026-06-22 10:56:17 [DEBUG] 处理后检测输出形状: (0, 52)
2026-06-22 10:56:17 [DEBUG] 有效检测数量: 0
2026-06-22 10:56:17 [DEBUG] 检测输出为空
2026-06-22 10:56:17 [INFO] 掩码中检测到的类别: [0, 1, 2, 3, 4, 5, 6, 7, 8, 9, 10, 11, 12, 13, 15]
2026-06-22 10:56:17 [INFO] 分割完成，检测到 0 个物体
2026-06-22 10:56:17 [INFO] 从分割掩码中提取检测结果
2026-06-22 10:56:17 [INFO] 从掩码中提取了 561 个检测框
2026-06-22 10:56:17 [INFO] 计算出的车框矩形边界: (1072, 751) to (3261, 1678)
2026-06-22 10:56:17 [INFO] 原始检测数: 561, 过滤后检测数: 221
2026-06-22 10:56:18 [INFO] 保存分割和检测结果到: C:\code\show\Scrap_Steel_In_Field\photos\segmentation\segment_20260622_105617.jpg
2026-06-22 10:56:18 [INFO] JSON结果保存到: C:\code\show\Scrap_Steel_In_Field\photos\segmentation_result.json
2026-06-22 10:56:18 [INFO] 类别统计：{0: 57, 1: 55, 2: 19, 3: 9, 4: 36, 5: 35, 6: 39, 7: 28, 8: 63, 9: 53, 10: 33, 11: 22, 12: 16, 13: 58, 14: 0, 15: 38}
2026-06-22 10:56:18 [INFO] 面积统计：{0: 3376800.0, 1: 1200492.0, 2: 27432.0, 3: 142956.0, 4: 192564.0, 5: 74484.0, 6: 458748.0, 7: 62172.0, 8: 932508.0, 9: 438084.0, 10: 137556.0, 11: 374904.0, 12: 37332.0, 13: 758340.0, 15: 124740.0}
2026-06-22 10:56:18 [INFO] 分割成功
2026-06-22 10:56:18 [INFO] 引擎上下文已释放
2026-06-22 10:56:18 [INFO] TensorRT 引擎已释放
2026-06-22 10:56:18 [INFO] 全局 CUDA 资源已释放
2026-06-22 10:56:18 [INFO] 分割系统资源已释放
2026-06-22 10:56:22 [INFO] CUDA 初始化成功
2026-06-22 10:56:22 [INFO] 引擎加载成功: scrap_steel.engine
2026-06-22 10:56:22 [INFO] 分割系统初始化成功
2026-06-22 10:56:22 [INFO] 图像预处理完成，原始尺寸: (2160, 3840)
2026-06-22 10:56:22 [INFO] 开始执行分割...
2026-06-22 10:56:22 [DEBUG] 处理后的检测结果形状: (1, 8400, 6)
2026-06-22 10:56:22 [DEBUG] 示例检测结果: [[-4.03115463e+00 -3.09214115e+00  3.86402016e+01  1.44338102e+01
   3.47654883e-08  5.00000000e+00]
 [-6.68960571e+00 -2.94050026e+00  4.44798355e+01  2.81772346e+01
   8.39842595e-09  9.00000000e+00]
 [-3.66025925e+00 -3.25898743e+00  4.57224503e+01  2.91359177e+01
   3.93705779e-09  9.00000000e+00]]
2026-06-22 10:56:22 [DEBUG] 处理后检测输出形状: (0, 52)
2026-06-22 10:56:22 [DEBUG] 有效检测数量: 0
2026-06-22 10:56:22 [DEBUG] 检测输出为空
2026-06-22 10:56:22 [INFO] 掩码中检测到的类别: [0, 1, 2, 3, 4, 5, 6, 7, 8, 9, 10, 11, 12, 13, 15]
2026-06-22 10:56:22 [INFO] 分割完成，检测到 0 个物体
2026-06-22 10:56:22 [INFO] 从分割掩码中提取检测结果
2026-06-22 10:56:22 [INFO] 从掩码中提取了 566 个检测框
2026-06-22 10:56:22 [INFO] 计算出的车框矩形边界: (1071, 754) to (3257, 1678)
2026-06-22 10:56:22 [INFO] 原始检测数: 566, 过滤后检测数: 226
2026-06-22 10:56:23 [INFO] 保存分割和检测结果到: C:\code\show\Scrap_Steel_In_Field\photos\segmentation\segment_20260622_105622.jpg
2026-06-22 10:56:23 [INFO] JSON结果保存到: C:\code\show\Scrap_Steel_In_Field\photos\segmentation_result.json
2026-06-22 10:56:23 [INFO] 类别统计：{0: 68, 1: 63, 2: 18, 3: 9, 4: 34, 5: 39, 6: 38, 7: 29, 8: 62, 9: 61, 10: 27, 11: 19, 12: 16, 13: 45, 14: 0, 15: 38}
2026-06-22 10:56:23 [INFO] 面积统计：{0: 3325500.0, 1: 1218420.0, 2: 29376.0, 3: 147456.0, 4: 200088.0, 5: 80748.0, 6: 465696.0, 7: 55656.0, 8: 905184.0, 9: 462528.0, 10: 137340.0, 11: 381204.0, 12: 39204.0, 13: 764640.0, 15: 107064.0}
2026-06-22 10:56:23 [INFO] 分割成功
2026-06-22 10:56:23 [INFO] 引擎上下文已释放
2026-06-22 10:56:23 [INFO] TensorRT 引擎已释放
2026-06-22 10:56:23 [INFO] 全局 CUDA 资源已释放
2026-06-22 10:56:23 [INFO] 分割系统资源已释放
2026-06-22 10:56:27 [INFO] CUDA 初始化成功
2026-06-22 10:56:27 [INFO] 引擎加载成功: scrap_steel.engine
2026-06-22 10:56:27 [INFO] 分割系统初始化成功
2026-06-22 10:56:27 [INFO] 图像预处理完成，原始尺寸: (2160, 3840)
2026-06-22 10:56:27 [INFO] 开始执行分割...
2026-06-22 10:56:27 [DEBUG] 处理后的检测结果形状: (1, 8400, 6)
2026-06-22 10:56:27 [DEBUG] 示例检测结果: [[-4.03316116e+00 -3.10129738e+00  3.86812592e+01  1.44644585e+01
   3.54253302e-08  5.00000000e+00]
 [-6.62074280e+00 -2.92731285e+00  4.44799423e+01  2.82545490e+01
   8.40560421e-09  9.00000000e+00]
 [-3.63571167e+00 -3.25916290e+00  4.57566452e+01  2.91547356e+01
   3.95574062e-09  9.00000000e+00]]
2026-06-22 10:56:27 [DEBUG] 处理后检测输出形状: (0, 52)
2026-06-22 10:56:27 [DEBUG] 有效检测数量: 0
2026-06-22 10:56:27 [DEBUG] 检测输出为空
2026-06-22 10:56:27 [INFO] 掩码中检测到的类别: [0, 1, 2, 3, 4, 5, 6, 7, 8, 9, 10, 11, 12, 13, 15]
2026-06-22 10:56:27 [INFO] 分割完成，检测到 0 个物体
2026-06-22 10:56:27 [INFO] 从分割掩码中提取检测结果
2026-06-22 10:56:27 [INFO] 从掩码中提取了 555 个检测框
2026-06-22 10:56:27 [INFO] 计算出的车框矩形边界: (1072, 752) to (3261, 1678)
2026-06-22 10:56:27 [INFO] 原始检测数: 555, 过滤后检测数: 215
2026-06-22 10:56:28 [INFO] 保存分割和检测结果到: C:\code\show\Scrap_Steel_In_Field\photos\segmentation\segment_20260622_105627.jpg
2026-06-22 10:56:28 [INFO] JSON结果保存到: C:\code\show\Scrap_Steel_In_Field\photos\segmentation_result.json
2026-06-22 10:56:28 [INFO] 类别统计：{0: 56, 1: 70, 2: 18, 3: 8, 4: 30, 5: 40, 6: 36, 7: 29, 8: 60, 9: 64, 10: 28, 11: 22, 12: 10, 13: 49, 14: 0, 15: 35}
2026-06-22 10:56:28 [INFO] 面积统计：{0: 3465936.0, 1: 1204092.0, 2: 31284.0, 3: 141732.0, 4: 192348.0, 5: 78624.0, 6: 464724.0, 7: 58284.0, 8: 916740.0, 9: 430740.0, 10: 133128.0, 11: 376020.0, 12: 40500.0, 13: 757296.0, 15: 119412.0}
2026-06-22 10:56:28 [INFO] 分割成功
2026-06-22 10:56:28 [INFO] 引擎上下文已释放
2026-06-22 10:56:28 [INFO] TensorRT 引擎已释放
2026-06-22 10:56:28 [INFO] 全局 CUDA 资源已释放
2026-06-22 10:56:28 [INFO] 分割系统资源已释放
2026-06-22 10:56:32 [INFO] CUDA 初始化成功
2026-06-22 10:56:32 [INFO] 引擎加载成功: scrap_steel.engine
2026-06-22 10:56:32 [INFO] 分割系统初始化成功
2026-06-22 10:56:32 [INFO] 图像预处理完成，原始尺寸: (2160, 3840)
2026-06-22 10:56:32 [INFO] 开始执行分割...
2026-06-22 10:56:32 [DEBUG] 处理后的检测结果形状: (1, 8400, 6)
2026-06-22 10:56:32 [DEBUG] 示例检测结果: [[-4.02996826e+00 -3.10183334e+00  3.87282677e+01  1.44247093e+01
   3.54253302e-08  5.00000000e+00]
 [-6.64619064e+00 -2.89346886e+00  4.46056252e+01  2.81172123e+01
   8.34009217e-09  9.00000000e+00]
 [-3.65735626e+00 -3.24551010e+00  4.57766342e+01  2.90778618e+01
   3.89256627e-09  9.00000000e+00]]
2026-06-22 10:56:32 [DEBUG] 处理后检测输出形状: (0, 52)
2026-06-22 10:56:32 [DEBUG] 有效检测数量: 0
2026-06-22 10:56:32 [DEBUG] 检测输出为空
2026-06-22 10:56:32 [INFO] 掩码中检测到的类别: [0, 1, 2, 3, 4, 5, 6, 7, 8, 9, 10, 11, 12, 13, 14, 15]
2026-06-22 10:56:32 [INFO] 分割完成，检测到 0 个物体
2026-06-22 10:56:32 [INFO] 从分割掩码中提取检测结果
2026-06-22 10:56:33 [INFO] 从掩码中提取了 546 个检测框
2026-06-22 10:56:33 [INFO] 计算出的车框矩形边界: (1071, 753) to (3262, 1678)
2026-06-22 10:56:33 [INFO] 原始检测数: 546, 过滤后检测数: 214
2026-06-22 10:56:33 [INFO] 保存分割和检测结果到: C:\code\show\Scrap_Steel_In_Field\photos\segmentation\segment_20260622_105633.jpg
2026-06-22 10:56:33 [INFO] JSON结果保存到: C:\code\show\Scrap_Steel_In_Field\photos\segmentation_result.json
2026-06-22 10:56:33 [INFO] 类别统计：{0: 58, 1: 57, 2: 18, 3: 10, 4: 32, 5: 34, 6: 34, 7: 31, 8: 58, 9: 59, 10: 34, 11: 26, 12: 17, 13: 44, 14: 0, 15: 34}
2026-06-22 10:56:33 [INFO] 面积统计：{0: 3399408.0, 1: 1233396.0, 2: 29088.0, 3: 147852.0, 4: 185904.0, 5: 75240.0, 6: 466812.0, 7: 55836.0, 8: 920340.0, 9: 420120.0, 10: 135828.0, 11: 384948.0, 12: 39312.0, 13: 750060.0, 14: 36.0, 15: 131796.0}
2026-06-22 10:56:33 [INFO] 分割成功
2026-06-22 10:56:33 [INFO] 引擎上下文已释放
2026-06-22 10:56:33 [INFO] TensorRT 引擎已释放
2026-06-22 10:56:33 [INFO] 全局 CUDA 资源已释放
2026-06-22 10:56:33 [INFO] 分割系统资源已释放
2026-06-22 10:56:37 [INFO] CUDA 初始化成功
2026-06-22 10:56:37 [INFO] 引擎加载成功: scrap_steel.engine
2026-06-22 10:56:37 [INFO] 分割系统初始化成功
2026-06-22 10:56:37 [INFO] 图像预处理完成，原始尺寸: (2160, 3840)
2026-06-22 10:56:37 [INFO] 开始执行分割...
2026-06-22 10:56:37 [DEBUG] 处理后的检测结果形状: (1, 8400, 6)
2026-06-22 10:56:37 [DEBUG] 示例检测结果: [[-4.03126907e+00 -3.10717821e+00  3.86634903e+01  1.43257027e+01
   3.40923236e-08  5.00000000e+00]
 [-6.63046265e+00 -2.92971611e+00  4.44752998e+01  2.80861263e+01
   8.35750669e-09  9.00000000e+00]
 [-3.63729095e+00 -3.27346230e+00  4.57416534e+01  2.91312199e+01
   3.92198629e-09  9.00000000e+00]]
2026-06-22 10:56:37 [DEBUG] 处理后检测输出形状: (1, 52)
2026-06-22 10:56:37 [DEBUG] 有效检测数量: 1
2026-06-22 10:56:37 [DEBUG] 最大置信度: 0.0528, 平均置信度: 0.0528
2026-06-22 10:56:37 [INFO] 掩码中检测到的类别: [0, 1, 2, 3, 4, 5, 6, 7, 8, 9, 10, 11, 12, 13, 15]
2026-06-22 10:56:37 [INFO] 分割完成，检测到 0 个物体
2026-06-22 10:56:37 [INFO] 从分割掩码中提取检测结果
2026-06-22 10:56:37 [INFO] 从掩码中提取了 535 个检测框
2026-06-22 10:56:37 [INFO] 计算出的车框矩形边界: (1072, 752) to (3256, 1679)
2026-06-22 10:56:37 [INFO] 原始检测数: 535, 过滤后检测数: 207
2026-06-22 10:56:38 [INFO] 保存分割和检测结果到: C:\code\show\Scrap_Steel_In_Field\photos\segmentation\segment_20260622_105637.jpg
2026-06-22 10:56:38 [INFO] JSON结果保存到: C:\code\show\Scrap_Steel_In_Field\photos\segmentation_result.json
2026-06-22 10:56:38 [INFO] 类别统计：{0: 52, 1: 60, 2: 16, 3: 10, 4: 35, 5: 41, 6: 34, 7: 30, 8: 59, 9: 52, 10: 31, 11: 20, 12: 11, 13: 49, 14: 0, 15: 35}
2026-06-22 10:56:38 [INFO] 面积统计：{0: 3484476.0, 1: 1244808.0, 2: 28260.0, 3: 152568.0, 4: 192384.0, 5: 73080.0, 6: 462816.0, 7: 54468.0, 8: 927324.0, 9: 436644.0, 10: 131328.0, 11: 383148.0, 12: 44280.0, 13: 737316.0, 15: 132228.0}
2026-06-22 10:56:38 [INFO] 分割成功
2026-06-22 10:56:38 [INFO] 引擎上下文已释放
2026-06-22 10:56:38 [INFO] TensorRT 引擎已释放
2026-06-22 10:56:38 [INFO] 全局 CUDA 资源已释放
2026-06-22 10:56:38 [INFO] 分割系统资源已释放
2026-06-22 10:56:42 [INFO] CUDA 初始化成功
2026-06-22 10:56:42 [INFO] 引擎加载成功: scrap_steel.engine
2026-06-22 10:56:42 [INFO] 分割系统初始化成功
2026-06-22 10:56:42 [INFO] 图像预处理完成，原始尺寸: (2160, 3840)
2026-06-22 10:56:42 [INFO] 开始执行分割...
2026-06-22 10:56:42 [DEBUG] 处理后的检测结果形状: (1, 8400, 6)
2026-06-22 10:56:42 [DEBUG] 示例检测结果: [[-4.04139328e+00 -3.10426235e+00  3.87231216e+01  1.43849134e+01
   3.49012268e-08  5.00000000e+00]
 [-6.64318085e+00 -2.92798615e+00  4.45070114e+01  2.82026138e+01
   8.43876968e-09  9.00000000e+00]
 [-3.64699554e+00 -3.27219772e+00  4.57582245e+01  2.92006073e+01
   3.90791399e-09  9.00000000e+00]]
2026-06-22 10:56:42 [DEBUG] 处理后检测输出形状: (1, 52)
2026-06-22 10:56:42 [DEBUG] 有效检测数量: 1
2026-06-22 10:56:42 [DEBUG] 最大置信度: 0.0581, 平均置信度: 0.0581
2026-06-22 10:56:42 [INFO] 掩码中检测到的类别: [0, 1, 2, 3, 4, 5, 6, 7, 8, 9, 10, 11, 12, 13, 15]
2026-06-22 10:56:42 [INFO] 分割完成，检测到 0 个物体
2026-06-22 10:56:42 [INFO] 从分割掩码中提取检测结果
2026-06-22 10:56:42 [INFO] 从掩码中提取了 552 个检测框
2026-06-22 10:56:42 [INFO] 计算出的车框矩形边界: (1071, 752) to (3260, 1678)
2026-06-22 10:56:42 [INFO] 原始检测数: 552, 过滤后检测数: 216
2026-06-22 10:56:43 [INFO] 保存分割和检测结果到: C:\code\show\Scrap_Steel_In_Field\photos\segmentation\segment_20260622_105642.jpg
2026-06-22 10:56:43 [INFO] JSON结果保存到: C:\code\show\Scrap_Steel_In_Field\photos\segmentation_result.json
2026-06-22 10:56:43 [INFO] 类别统计：{0: 51, 1: 57, 2: 16, 3: 8, 4: 36, 5: 37, 6: 27, 7: 28, 8: 63, 9: 66, 10: 30, 11: 21, 12: 16, 13: 56, 14: 0, 15: 40}
2026-06-22 10:56:43 [INFO] 面积统计：{0: 3447252.0, 1: 1188288.0, 2: 27468.0, 3: 144504.0, 4: 198216.0, 5: 83088.0, 6: 463752.0, 7: 58176.0, 8: 921744.0, 9: 443412.0, 10: 134532.0, 11: 381312.0, 12: 38880.0, 13: 757224.0, 15: 124596.0}
2026-06-22 10:56:43 [INFO] 分割成功
2026-06-22 10:56:43 [INFO] 引擎上下文已释放
2026-06-22 10:56:43 [INFO] TensorRT 引擎已释放
2026-06-22 10:56:43 [INFO] 全局 CUDA 资源已释放
2026-06-22 10:56:43 [INFO] 分割系统资源已释放
2026-06-22 10:56:47 [INFO] CUDA 初始化成功
2026-06-22 10:56:47 [INFO] 引擎加载成功: scrap_steel.engine
2026-06-22 10:56:47 [INFO] 分割系统初始化成功
2026-06-22 10:56:47 [INFO] 图像预处理完成，原始尺寸: (2160, 3840)
2026-06-22 10:56:47 [INFO] 开始执行分割...
2026-06-22 10:56:47 [DEBUG] 处理后的检测结果形状: (1, 8400, 6)
2026-06-22 10:56:47 [DEBUG] 示例检测结果: [[-4.06396866e+00 -3.10250092e+00  3.86293678e+01  1.43102341e+01
   3.54253302e-08  5.00000000e+00]
 [-6.69416809e+00 -2.94818497e+00  4.43791428e+01  2.81008339e+01
   8.47193515e-09  9.00000000e+00]
 [-3.67969894e+00 -3.32397175e+00  4.57500191e+01  2.91235085e+01
   3.97121624e-09  9.00000000e+00]]
2026-06-22 10:56:47 [DEBUG] 处理后检测输出形状: (2, 52)
2026-06-22 10:56:47 [DEBUG] 有效检测数量: 2
2026-06-22 10:56:47 [DEBUG] 最大置信度: 0.0642, 平均置信度: 0.0621
2026-06-22 10:56:47 [INFO] 掩码中检测到的类别: [0, 1, 2, 3, 4, 5, 6, 7, 8, 9, 10, 11, 12, 13, 15]
2026-06-22 10:56:47 [INFO] 分割完成，检测到 0 个物体
2026-06-22 10:56:47 [INFO] 从分割掩码中提取检测结果
2026-06-22 10:56:48 [INFO] 从掩码中提取了 550 个检测框
2026-06-22 10:56:48 [INFO] 计算出的车框矩形边界: (1071, 751) to (3260, 1681)
2026-06-22 10:56:48 [INFO] 原始检测数: 550, 过滤后检测数: 211
2026-06-22 10:56:48 [INFO] 保存分割和检测结果到: C:\code\show\Scrap_Steel_In_Field\photos\segmentation\segment_20260622_105648.jpg
2026-06-22 10:56:48 [INFO] JSON结果保存到: C:\code\show\Scrap_Steel_In_Field\photos\segmentation_result.json
2026-06-22 10:56:48 [INFO] 类别统计：{0: 68, 1: 62, 2: 17, 3: 11, 4: 34, 5: 39, 6: 35, 7: 26, 8: 61, 9: 51, 10: 28, 11: 20, 12: 16, 13: 51, 14: 0, 15: 31}
2026-06-22 10:56:48 [INFO] 面积统计：{0: 3429108.0, 1: 1224288.0, 2: 28692.0, 3: 141408.0, 4: 192744.0, 5: 81684.0, 6: 470088.0, 7: 55332.0, 8: 910692.0, 9: 436176.0, 10: 134676.0, 11: 371916.0, 12: 38484.0, 13: 750348.0, 15: 117252.0}
2026-06-22 10:56:48 [INFO] 分割成功
2026-06-22 10:56:48 [INFO] 引擎上下文已释放
2026-06-22 10:56:48 [INFO] TensorRT 引擎已释放
2026-06-22 10:56:48 [INFO] 全局 CUDA 资源已释放
2026-06-22 10:56:48 [INFO] 分割系统资源已释放
2026-06-22 10:56:52 [INFO] CUDA 初始化成功
2026-06-22 10:56:52 [INFO] 引擎加载成功: scrap_steel.engine
2026-06-22 10:56:52 [INFO] 分割系统初始化成功
2026-06-22 10:56:52 [INFO] 图像预处理完成，原始尺寸: (2160, 3840)
2026-06-22 10:56:52 [INFO] 开始执行分割...
2026-06-22 10:56:52 [DEBUG] 处理后的检测结果形状: (1, 8400, 6)
2026-06-22 10:56:52 [DEBUG] 示例检测结果: [[-4.01242447e+00 -3.09236145e+00  3.85987930e+01  1.43795204e+01
   3.40923236e-08  5.00000000e+00]
 [-6.59257126e+00 -2.90772057e+00  4.44970398e+01  2.81596985e+01
   8.32491676e-09  9.00000000e+00]
 [-3.61848450e+00 -3.23750019e+00  4.57454224e+01  2.91258888e+01
   3.95297839e-09  9.00000000e+00]]
2026-06-22 10:56:52 [DEBUG] 处理后检测输出形状: (0, 52)
2026-06-22 10:56:52 [DEBUG] 有效检测数量: 0
2026-06-22 10:56:52 [DEBUG] 检测输出为空
2026-06-22 10:56:52 [INFO] 掩码中检测到的类别: [0, 1, 2, 3, 4, 5, 6, 7, 8, 9, 10, 11, 12, 13, 14, 15]
2026-06-22 10:56:52 [INFO] 分割完成，检测到 0 个物体
2026-06-22 10:56:52 [INFO] 从分割掩码中提取检测结果
2026-06-22 10:56:53 [INFO] 从掩码中提取了 554 个检测框
2026-06-22 10:56:53 [INFO] 计算出的车框矩形边界: (1071, 754) to (3261, 1678)
2026-06-22 10:56:53 [INFO] 原始检测数: 554, 过滤后检测数: 217
2026-06-22 10:56:53 [INFO] 保存分割和检测结果到: C:\code\show\Scrap_Steel_In_Field\photos\segmentation\segment_20260622_105653.jpg
2026-06-22 10:56:53 [INFO] JSON结果保存到: C:\code\show\Scrap_Steel_In_Field\photos\segmentation_result.json
2026-06-22 10:56:53 [INFO] 类别统计：{0: 44, 1: 62, 2: 20, 3: 11, 4: 32, 5: 37, 6: 30, 7: 31, 8: 63, 9: 69, 10: 33, 11: 21, 12: 13, 13: 56, 14: 0, 15: 32}
2026-06-22 10:56:53 [INFO] 面积统计：{0: 3555828.0, 1: 1202148.0, 2: 29052.0, 3: 145764.0, 4: 193140.0, 5: 79632.0, 6: 471204.0, 7: 57168.0, 8: 921240.0, 9: 400068.0, 10: 128736.0, 11: 388404.0, 12: 33660.0, 13: 732960.0, 14: 36.0, 15: 124956.0}
2026-06-22 10:56:53 [INFO] 分割成功
2026-06-22 10:56:53 [INFO] 引擎上下文已释放
2026-06-22 10:56:53 [INFO] TensorRT 引擎已释放
2026-06-22 10:56:53 [INFO] 全局 CUDA 资源已释放
2026-06-22 10:56:53 [INFO] 分割系统资源已释放
2026-06-22 10:56:57 [INFO] CUDA 初始化成功
2026-06-22 10:56:57 [INFO] 引擎加载成功: scrap_steel.engine
2026-06-22 10:56:57 [INFO] 分割系统初始化成功
2026-06-22 10:56:57 [INFO] 图像预处理完成，原始尺寸: (2160, 3840)
2026-06-22 10:56:57 [INFO] 开始执行分割...
2026-06-22 10:56:57 [DEBUG] 处理后的检测结果形状: (1, 8400, 6)
2026-06-22 10:56:57 [DEBUG] 示例检测结果: [[-4.02804947e+00 -3.08424950e+00  3.86839638e+01  1.44408817e+01
   3.49012268e-08  5.00000000e+00]
 [-6.63930511e+00 -2.92846489e+00  4.45054016e+01  2.82332478e+01
   8.47193515e-09  9.00000000e+00]
 [-3.61178589e+00 -3.24925613e+00  4.57130890e+01  2.91048203e+01
   3.95353084e-09  9.00000000e+00]]
2026-06-22 10:56:57 [DEBUG] 处理后检测输出形状: (0, 52)
2026-06-22 10:56:57 [DEBUG] 有效检测数量: 0
2026-06-22 10:56:57 [DEBUG] 检测输出为空
2026-06-22 10:56:58 [INFO] 掩码中检测到的类别: [0, 1, 2, 3, 4, 5, 6, 7, 8, 9, 10, 11, 12, 13, 14, 15]
2026-06-22 10:56:58 [INFO] 分割完成，检测到 0 个物体
2026-06-22 10:56:58 [INFO] 从分割掩码中提取检测结果
2026-06-22 10:56:58 [INFO] 从掩码中提取了 562 个检测框
2026-06-22 10:56:58 [INFO] 计算出的车框矩形边界: (1071, 752) to (3261, 1681)
2026-06-22 10:56:58 [INFO] 原始检测数: 562, 过滤后检测数: 229
2026-06-22 10:56:58 [INFO] 保存分割和检测结果到: C:\code\show\Scrap_Steel_In_Field\photos\segmentation\segment_20260622_105658.jpg
2026-06-22 10:56:58 [INFO] JSON结果保存到: C:\code\show\Scrap_Steel_In_Field\photos\segmentation_result.json
2026-06-22 10:56:58 [INFO] 类别统计：{0: 56, 1: 65, 2: 19, 3: 8, 4: 38, 5: 37, 6: 31, 7: 30, 8: 59, 9: 57, 10: 35, 11: 20, 12: 15, 13: 54, 14: 0, 15: 38}
2026-06-22 10:56:58 [INFO] 面积统计：{0: 3359880.0, 1: 1221840.0, 2: 26856.0, 3: 147816.0, 4: 182736.0, 5: 74808.0, 6: 457740.0, 7: 58500.0, 8: 922860.0, 9: 408888.0, 10: 133596.0, 11: 374616.0, 12: 39564.0, 13: 758160.0, 14: 72.0, 15: 121392.0}
2026-06-22 10:56:58 [INFO] 分割成功
2026-06-22 10:56:58 [INFO] 引擎上下文已释放
2026-06-22 10:56:58 [INFO] TensorRT 引擎已释放
2026-06-22 10:56:58 [INFO] 全局 CUDA 资源已释放
2026-06-22 10:56:58 [INFO] 分割系统资源已释放
2026-06-22 10:57:02 [INFO] CUDA 初始化成功
2026-06-22 10:57:02 [INFO] 引擎加载成功: scrap_steel.engine
2026-06-22 10:57:02 [INFO] 分割系统初始化成功
2026-06-22 10:57:02 [INFO] 图像预处理完成，原始尺寸: (2160, 3840)
2026-06-22 10:57:02 [INFO] 开始执行分割...
2026-06-22 10:57:03 [DEBUG] 处理后的检测结果形状: (1, 8400, 6)
2026-06-22 10:57:03 [DEBUG] 示例检测结果: [[-4.06105423e+00 -3.10266447e+00  3.87458305e+01  1.43883057e+01
   3.56970844e-08  5.00000000e+00]
 [-6.70416641e+00 -2.94041443e+00  4.44849434e+01  2.81478710e+01
   8.53323812e-09  9.00000000e+00]
 [-3.66499710e+00 -3.28343773e+00  4.57456245e+01  2.91256924e+01
   3.92304855e-09  9.00000000e+00]]
2026-06-22 10:57:03 [DEBUG] 处理后检测输出形状: (0, 52)
2026-06-22 10:57:03 [DEBUG] 有效检测数量: 0
2026-06-22 10:57:03 [DEBUG] 检测输出为空
2026-06-22 10:57:03 [INFO] 掩码中检测到的类别: [0, 1, 2, 3, 4, 5, 6, 7, 8, 9, 10, 11, 12, 13, 15]
2026-06-22 10:57:03 [INFO] 分割完成，检测到 0 个物体
2026-06-22 10:57:03 [INFO] 从分割掩码中提取检测结果
2026-06-22 10:57:03 [INFO] 从掩码中提取了 547 个检测框
2026-06-22 10:57:03 [INFO] 计算出的车框矩形边界: (1072, 752) to (3257, 1678)
2026-06-22 10:57:03 [INFO] 原始检测数: 547, 过滤后检测数: 209
2026-06-22 10:57:03 [INFO] 保存分割和检测结果到: C:\code\show\Scrap_Steel_In_Field\photos\segmentation\segment_20260622_105703.jpg
2026-06-22 10:57:03 [INFO] JSON结果保存到: C:\code\show\Scrap_Steel_In_Field\photos\segmentation_result.json
2026-06-22 10:57:03 [INFO] 类别统计：{0: 51, 1: 57, 2: 17, 3: 9, 4: 44, 5: 37, 6: 34, 7: 29, 8: 52, 9: 70, 10: 33, 11: 17, 12: 15, 13: 46, 14: 0, 15: 36}
2026-06-22 10:57:03 [INFO] 面积统计：{0: 3464136.0, 1: 1197504.0, 2: 28440.0, 3: 141516.0, 4: 179100.0, 5: 71892.0, 6: 467568.0, 7: 56484.0, 8: 916344.0, 9: 443808.0, 10: 132948.0, 11: 381204.0, 12: 45864.0, 13: 748332.0, 15: 121680.0}
2026-06-22 10:57:03 [INFO] 分割成功
2026-06-22 10:57:03 [INFO] 引擎上下文已释放
2026-06-22 10:57:03 [INFO] TensorRT 引擎已释放
2026-06-22 10:57:03 [INFO] 全局 CUDA 资源已释放
2026-06-22 10:57:03 [INFO] 分割系统资源已释放
2026-06-22 10:57:09 [INFO] CUDA 初始化成功
2026-06-22 10:57:09 [INFO] 引擎加载成功: scrap_steel.engine
2026-06-22 10:57:09 [INFO] 分割系统初始化成功
2026-06-22 10:57:09 [INFO] 图像预处理完成，原始尺寸: (2160, 3840)
2026-06-22 10:57:09 [INFO] 开始执行分割...
2026-06-22 10:57:09 [DEBUG] 处理后的检测结果形状: (1, 8400, 6)
2026-06-22 10:57:09 [DEBUG] 示例检测结果: [[-4.06259537e+00 -3.09129620e+00  3.86882362e+01  1.43914957e+01
   3.54253302e-08  5.00000000e+00]
 [-6.69367981e+00 -2.93926430e+00  4.44794998e+01  2.82098007e+01
   8.43876968e-09  9.00000000e+00]
 [-3.64336014e+00 -3.26155186e+00  4.57692146e+01  2.91676407e+01
   3.98647693e-09  9.00000000e+00]]
2026-06-22 10:57:09 [DEBUG] 处理后检测输出形状: (2, 52)
2026-06-22 10:57:09 [DEBUG] 有效检测数量: 2
2026-06-22 10:57:09 [DEBUG] 最大置信度: 0.0524, 平均置信度: 0.0513
2026-06-22 10:57:09 [INFO] 掩码中检测到的类别: [0, 1, 2, 3, 4, 5, 6, 7, 8, 9, 10, 11, 12, 13, 14, 15]
2026-06-22 10:57:09 [INFO] 分割完成，检测到 0 个物体
2026-06-22 10:57:09 [INFO] 从分割掩码中提取检测结果
2026-06-22 10:57:09 [INFO] 从掩码中提取了 578 个检测框
2026-06-22 10:57:09 [INFO] 计算出的车框矩形边界: (1071, 752) to (3257, 1679)
2026-06-22 10:57:09 [INFO] 原始检测数: 578, 过滤后检测数: 228
2026-06-22 10:57:10 [INFO] 保存分割和检测结果到: C:\code\show\Scrap_Steel_In_Field\photos\segmentation\segment_20260622_105709.jpg
2026-06-22 10:57:10 [INFO] JSON结果保存到: C:\code\show\Scrap_Steel_In_Field\photos\segmentation_result.json
2026-06-22 10:57:10 [INFO] 类别统计：{0: 74, 1: 59, 2: 18, 3: 8, 4: 34, 5: 42, 6: 37, 7: 29, 8: 59, 9: 65, 10: 27, 11: 19, 12: 18, 13: 58, 14: 0, 15: 31}
2026-06-22 10:57:10 [INFO] 面积统计：{0: 3396996.0, 1: 1220040.0, 2: 30636.0, 3: 148104.0, 4: 191952.0, 5: 79776.0, 6: 469440.0, 7: 55908.0, 8: 902448.0, 9: 433872.0, 10: 137304.0, 11: 373680.0, 12: 43956.0, 13: 764028.0, 14: 72.0, 15: 119808.0}
2026-06-22 10:57:10 [INFO] 分割成功
2026-06-22 10:57:10 [INFO] 引擎上下文已释放
2026-06-22 10:57:10 [INFO] TensorRT 引擎已释放
2026-06-22 10:57:10 [INFO] 全局 CUDA 资源已释放
2026-06-22 10:57:10 [INFO] 分割系统资源已释放
2026-06-22 10:57:14 [INFO] CUDA 初始化成功
2026-06-22 10:57:14 [INFO] 引擎加载成功: scrap_steel.engine
2026-06-22 10:57:14 [INFO] 分割系统初始化成功
2026-06-22 10:57:14 [INFO] 图像预处理完成，原始尺寸: (2160, 3840)
2026-06-22 10:57:14 [INFO] 开始执行分割...
2026-06-22 10:57:14 [DEBUG] 处理后的检测结果形状: (1, 8400, 6)
2026-06-22 10:57:14 [DEBUG] 示例检测结果: [[-4.04393005e+00 -3.11196327e+00  3.87205696e+01  1.44871483e+01
   3.54253302e-08  5.00000000e+00]
 [-6.67936707e+00 -2.95982361e+00  4.44971313e+01  2.83045063e+01
   8.46030446e-09  9.00000000e+00]
 [-3.67114639e+00 -3.31262779e+00  4.58038750e+01  2.92958279e+01
   3.92500432e-09  9.00000000e+00]]
2026-06-22 10:57:14 [DEBUG] 处理后检测输出形状: (0, 52)
2026-06-22 10:57:14 [DEBUG] 有效检测数量: 0
2026-06-22 10:57:14 [DEBUG] 检测输出为空
2026-06-22 10:57:14 [INFO] 掩码中检测到的类别: [0, 1, 2, 3, 4, 5, 6, 7, 8, 9, 10, 11, 12, 13, 15]
2026-06-22 10:57:14 [INFO] 分割完成，检测到 0 个物体
2026-06-22 10:57:14 [INFO] 从分割掩码中提取检测结果
2026-06-22 10:57:14 [INFO] 从掩码中提取了 548 个检测框
2026-06-22 10:57:14 [INFO] 计算出的车框矩形边界: (1071, 751) to (3262, 1679)
2026-06-22 10:57:14 [INFO] 原始检测数: 548, 过滤后检测数: 210
2026-06-22 10:57:15 [INFO] 保存分割和检测结果到: C:\code\show\Scrap_Steel_In_Field\photos\segmentation\segment_20260622_105714.jpg
2026-06-22 10:57:15 [INFO] JSON结果保存到: C:\code\show\Scrap_Steel_In_Field\photos\segmentation_result.json
2026-06-22 10:57:15 [INFO] 类别统计：{0: 60, 1: 53, 2: 17, 3: 9, 4: 38, 5: 37, 6: 30, 7: 29, 8: 60, 9: 60, 10: 27, 11: 19, 12: 15, 13: 66, 14: 0, 15: 28}
2026-06-22 10:57:15 [INFO] 面积统计：{0: 3384144.0, 1: 1246860.0, 2: 24732.0, 3: 137052.0, 4: 181836.0, 5: 72000.0, 6: 473364.0, 7: 60876.0, 8: 946980.0, 9: 421200.0, 10: 157212.0, 11: 368748.0, 12: 37296.0, 13: 748440.0, 15: 163476.0}
2026-06-22 10:57:15 [INFO] 分割成功
2026-06-22 10:57:15 [INFO] 引擎上下文已释放
2026-06-22 10:57:15 [INFO] TensorRT 引擎已释放
2026-06-22 10:57:15 [INFO] 全局 CUDA 资源已释放
2026-06-22 10:57:15 [INFO] 分割系统资源已释放
2026-06-22 10:57:19 [INFO] CUDA 初始化成功
2026-06-22 10:57:19 [INFO] 引擎加载成功: scrap_steel.engine
2026-06-22 10:57:19 [INFO] 分割系统初始化成功
2026-06-22 10:57:19 [INFO] 图像预处理完成，原始尺寸: (2160, 3840)
2026-06-22 10:57:19 [INFO] 开始执行分割...
2026-06-22 10:57:19 [DEBUG] 处理后的检测结果形状: (1, 8400, 6)
2026-06-22 10:57:19 [DEBUG] 示例检测结果: [[-4.05675888e+00 -3.10533810e+00  3.87716446e+01  1.43699808e+01
   3.46297497e-08  5.00000000e+00]
 [-6.63376617e+00 -2.91600227e+00  4.46065445e+01  2.81758823e+01
   8.35750669e-09  9.00000000e+00]
 [-3.66500854e+00 -3.24587536e+00  4.58101349e+01  2.91676064e+01
   3.96951805e-09  9.00000000e+00]]
2026-06-22 10:57:19 [DEBUG] 处理后检测输出形状: (0, 52)
2026-06-22 10:57:19 [DEBUG] 有效检测数量: 0
2026-06-22 10:57:19 [DEBUG] 检测输出为空
2026-06-22 10:57:19 [INFO] 掩码中检测到的类别: [0, 1, 2, 3, 4, 5, 6, 7, 8, 9, 10, 11, 12, 13, 14, 15]
2026-06-22 10:57:19 [INFO] 分割完成，检测到 0 个物体
2026-06-22 10:57:19 [INFO] 从分割掩码中提取检测结果
2026-06-22 10:57:19 [INFO] 从掩码中提取了 532 个检测框
2026-06-22 10:57:19 [INFO] 计算出的车框矩形边界: (1072, 752) to (3261, 1678)
2026-06-22 10:57:19 [INFO] 原始检测数: 532, 过滤后检测数: 215
2026-06-22 10:57:20 [INFO] 保存分割和检测结果到: C:\code\show\Scrap_Steel_In_Field\photos\segmentation\segment_20260622_105719.jpg
2026-06-22 10:57:20 [INFO] JSON结果保存到: C:\code\show\Scrap_Steel_In_Field\photos\segmentation_result.json
2026-06-22 10:57:20 [INFO] 类别统计：{0: 57, 1: 57, 2: 16, 3: 6, 4: 29, 5: 35, 6: 32, 7: 27, 8: 54, 9: 67, 10: 35, 11: 18, 12: 11, 13: 57, 14: 0, 15: 31}
2026-06-22 10:57:20 [INFO] 面积统计：{0: 3340548.0, 1: 1230516.0, 2: 28260.0, 3: 145476.0, 4: 184824.0, 5: 80532.0, 6: 476388.0, 7: 60372.0, 8: 943344.0, 9: 402192.0, 10: 136152.0, 11: 386460.0, 12: 41508.0, 13: 732168.0, 14: 72.0, 15: 140580.0}
2026-06-22 10:57:20 [INFO] 分割成功
2026-06-22 10:57:20 [INFO] 引擎上下文已释放
2026-06-22 10:57:20 [INFO] TensorRT 引擎已释放
2026-06-22 10:57:20 [INFO] 全局 CUDA 资源已释放
2026-06-22 10:57:20 [INFO] 分割系统资源已释放
2026-06-22 10:57:24 [INFO] CUDA 初始化成功
2026-06-22 10:57:24 [INFO] 引擎加载成功: scrap_steel.engine
2026-06-22 10:57:24 [INFO] 分割系统初始化成功
2026-06-22 10:57:24 [INFO] 图像预处理完成，原始尺寸: (2160, 3840)
2026-06-22 10:57:24 [INFO] 开始执行分割...
2026-06-22 10:57:24 [DEBUG] 处理后的检测结果形状: (1, 8400, 6)
2026-06-22 10:57:24 [DEBUG] 示例检测结果: [[-4.02827454e+00 -3.10469770e+00  3.87325668e+01  1.44597588e+01
   3.43601059e-08  5.00000000e+00]
 [-6.60942459e+00 -2.91883469e+00  4.44729652e+01  2.82221432e+01
   8.39842595e-09  9.00000000e+00]
 [-3.62884521e+00 -3.26181984e+00  4.57240448e+01  2.91636715e+01
   3.93839628e-09  9.00000000e+00]]
2026-06-22 10:57:24 [DEBUG] 处理后检测输出形状: (0, 52)
2026-06-22 10:57:24 [DEBUG] 有效检测数量: 0
2026-06-22 10:57:24 [DEBUG] 检测输出为空
2026-06-22 10:57:24 [INFO] 掩码中检测到的类别: [0, 1, 2, 3, 4, 5, 6, 7, 8, 9, 10, 11, 12, 13, 14, 15]
2026-06-22 10:57:24 [INFO] 分割完成，检测到 0 个物体
2026-06-22 10:57:24 [INFO] 从分割掩码中提取检测结果
