2026-06-20 16:17:53 [INFO] CUDA 初始化成功
2026-06-20 16:17:53 [INFO] 引擎加载成功: scrap_steel.engine
2026-06-20 16:17:53 [INFO] 分割系统初始化成功
2026-06-20 16:17:56 [INFO] 引擎加载成功: scrap_steel.engine
2026-06-20 16:17:56 [INFO] 分割系统初始化成功
2026-06-20 16:17:56 [INFO] 图像预处理完成，原始尺寸: (2160, 3840)
2026-06-20 16:17:56 [INFO] 开始执行分割...
2026-06-20 16:17:56 [ERROR] 推理过程发生异常: explicit_context_dependent failed: invalid device context - no currently active context?
2026-06-20 16:17:56 [INFO] 分割完成，检测到 0 个物体
2026-06-20 16:17:56 [INFO] 计算出的车框矩形边界: (1032, 778) to (3218, 1669)
2026-06-20 16:17:56 [INFO] 原始检测数: 0, 过滤后检测数: 0
2026-06-20 16:17:56 [ERROR] 保存结果失败: 'NoneType' object has no attribute 'shape'
2026-06-20 16:17:56 [ERROR] 分割失败: 未能生成有效的分割掩码
2026-06-20 16:17:56 [INFO] 引擎上下文已释放
2026-06-20 16:17:56 [INFO] TensorRT 引擎已释放
2026-06-20 16:17:56 [INFO] 全局 CUDA 资源已释放
2026-06-20 16:17:56 [INFO] 分割系统资源已释放
2026-06-20 16:18:01 [INFO] CUDA 初始化成功
2026-06-20 16:18:01 [INFO] 引擎加载成功: scrap_steel.engine
2026-06-20 16:18:01 [INFO] 分割系统初始化成功
2026-06-20 16:18:01 [INFO] 图像预处理完成，原始尺寸: (2160, 3840)
2026-06-20 16:18:01 [INFO] 开始执行分割...
2026-06-20 16:18:01 [DEBUG] 处理后的检测结果形状: (1, 8400, 6)
2026-06-20 16:18:01 [DEBUG] 示例检测结果: [[-4.05569839e+00 -3.13270378e+00  3.88037186e+01  1.45391960e+01
   3.56970844e-08  5.00000000e+00]
 [-6.71547318e+00 -2.95205307e+00  4.46721230e+01  2.84273720e+01
   8.40105585e-09  9.00000000e+00]
 [-3.65548325e+00 -3.25855160e+00  4.58039665e+01  2.92833824e+01
   3.95744237e-09  9.00000000e+00]]
2026-06-20 16:18:01 [DEBUG] 处理后检测输出形状: (0, 52)
2026-06-20 16:18:01 [DEBUG] 有效检测数量: 0
2026-06-20 16:18:01 [DEBUG] 检测输出为空
2026-06-20 16:18:01 [INFO] 掩码中检测到的类别: [0, 1, 2, 3, 4, 5, 6, 7, 8, 9, 10, 11, 12, 13, 15]
2026-06-20 16:18:01 [INFO] 分割完成，检测到 0 个物体
2026-06-20 16:18:01 [INFO] 从分割掩码中提取检测结果
2026-06-20 16:18:01 [INFO] 从掩码中提取了 550 个检测框
2026-06-20 16:18:01 [INFO] 计算出的车框矩形边界: (1032, 777) to (3218, 1669)
2026-06-20 16:18:01 [INFO] 原始检测数: 550, 过滤后检测数: 206
2026-06-20 16:18:02 [INFO] 保存分割和检测结果到: C:\code\show\Scrap_Steel_In_Field\photos\segmentation\segment_20260620_161801.jpg
2026-06-20 16:18:02 [INFO] JSON结果保存到: C:\code\show\Scrap_Steel_In_Field\photos\segmentation_result.json
2026-06-20 16:18:02 [INFO] 类别统计：{0: 60, 1: 63, 2: 24, 3: 11, 4: 38, 5: 38, 6: 39, 7: 31, 8: 53, 9: 70, 10: 20, 11: 22, 12: 14, 13: 41, 14: 0, 15: 26}
2026-06-20 16:18:02 [INFO] 面积统计：{0: 3478464.0, 1: 1160712.0, 2: 37872.0, 3: 141228.0, 4: 162288.0, 5: 70308.0, 6: 464112.0, 7: 67392.0, 8: 978804.0, 9: 429480.0, 10: 140436.0, 11: 386280.0, 12: 59364.0, 13: 688428.0, 15: 113184.0}
2026-06-20 16:18:02 [INFO] 分割成功
2026-06-20 16:18:02 [INFO] 引擎上下文已释放
2026-06-20 16:18:02 [INFO] TensorRT 引擎已释放
2026-06-20 16:18:02 [INFO] 全局 CUDA 资源已释放
2026-06-20 16:18:02 [INFO] 分割系统资源已释放
2026-06-20 16:18:06 [INFO] CUDA 初始化成功
2026-06-20 16:18:06 [INFO] 引擎加载成功: scrap_steel.engine
2026-06-20 16:18:06 [INFO] 分割系统初始化成功
2026-06-20 16:18:07 [INFO] 图像预处理完成，原始尺寸: (2160, 3840)
2026-06-20 16:18:07 [INFO] 开始执行分割...
2026-06-20 16:18:07 [DEBUG] 处理后的检测结果形状: (1, 8400, 6)
2026-06-20 16:18:07 [DEBUG] 示例检测结果: [[-4.03720474e+00 -3.11462498e+00  3.89318733e+01  1.44348154e+01
   3.48758356e-08  5.00000000e+00]
 [-6.66842270e+00 -2.93162918e+00  4.48064346e+01  2.83507156e+01
   8.43389358e-09  9.00000000e+00]
 [-3.64943314e+00 -3.24730873e+00  4.58866463e+01  2.93058529e+01
   3.95907307e-09  9.00000000e+00]]
2026-06-20 16:18:07 [DEBUG] 处理后检测输出形状: (0, 52)
2026-06-20 16:18:07 [DEBUG] 有效检测数量: 0
2026-06-20 16:18:07 [DEBUG] 检测输出为空
2026-06-20 16:18:07 [INFO] 掩码中检测到的类别: [0, 1, 2, 3, 4, 5, 6, 7, 8, 9, 10, 11, 12, 13, 15]
2026-06-20 16:18:07 [INFO] 分割完成，检测到 0 个物体
2026-06-20 16:18:07 [INFO] 从分割掩码中提取检测结果
2026-06-20 16:18:07 [INFO] 从掩码中提取了 557 个检测框
2026-06-20 16:18:07 [INFO] 计算出的车框矩形边界: (1031, 778) to (3217, 1669)
2026-06-20 16:18:07 [INFO] 原始检测数: 557, 过滤后检测数: 218
2026-06-20 16:18:07 [INFO] 保存分割和检测结果到: C:\code\show\Scrap_Steel_In_Field\photos\segmentation\segment_20260620_161807.jpg
2026-06-20 16:18:07 [INFO] JSON结果保存到: C:\code\show\Scrap_Steel_In_Field\photos\segmentation_result.json
2026-06-20 16:18:07 [INFO] 类别统计：{0: 55, 1: 56, 2: 22, 3: 8, 4: 36, 5: 36, 6: 35, 7: 32, 8: 60, 9: 75, 10: 27, 11: 24, 12: 23, 13: 44, 14: 0, 15: 24}
2026-06-20 16:18:07 [INFO] 面积统计：{0: 3476412.0, 1: 1145016.0, 2: 38088.0, 3: 138708.0, 4: 180720.0, 5: 69696.0, 6: 448164.0, 7: 65088.0, 8: 981072.0, 9: 417600.0, 10: 142524.0, 11: 391824.0, 12: 57420.0, 13: 697284.0, 15: 100188.0}
2026-06-20 16:18:07 [INFO] 分割成功
2026-06-20 16:18:07 [INFO] 引擎上下文已释放
2026-06-20 16:18:07 [INFO] TensorRT 引擎已释放
2026-06-20 16:18:07 [INFO] 全局 CUDA 资源已释放
2026-06-20 16:18:07 [INFO] 分割系统资源已释放
2026-06-20 16:18:11 [INFO] CUDA 初始化成功
2026-06-20 16:18:11 [INFO] 引擎加载成功: scrap_steel.engine
2026-06-20 16:18:11 [INFO] 分割系统初始化成功
2026-06-20 16:18:12 [INFO] 图像预处理完成，原始尺寸: (2160, 3840)
2026-06-20 16:18:12 [INFO] 开始执行分割...
2026-06-20 16:18:12 [DEBUG] 处理后的检测结果形状: (1, 8400, 6)
2026-06-20 16:18:12 [DEBUG] 示例检测结果: [[-4.05488968e+00 -3.13510036e+00  3.89393501e+01  1.45858164e+01
   3.55582515e-08  5.00000000e+00]
 [-6.75041199e+00 -2.96357155e+00  4.47670670e+01  2.85823669e+01
   8.52671267e-09  9.00000000e+00]
 [-3.66548920e+00 -3.27073479e+00  4.59001541e+01  2.94079533e+01
   4.00689970e-09  9.00000000e+00]]
2026-06-20 16:18:12 [DEBUG] 处理后检测输出形状: (0, 52)
2026-06-20 16:18:12 [DEBUG] 有效检测数量: 0
2026-06-20 16:18:12 [DEBUG] 检测输出为空
2026-06-20 16:18:12 [INFO] 掩码中检测到的类别: [0, 1, 2, 3, 4, 5, 6, 7, 8, 9, 10, 11, 12, 13, 14, 15]
2026-06-20 16:18:12 [INFO] 分割完成，检测到 0 个物体
2026-06-20 16:18:12 [INFO] 从分割掩码中提取检测结果
2026-06-20 16:18:12 [INFO] 从掩码中提取了 552 个检测框
2026-06-20 16:18:12 [INFO] 计算出的车框矩形边界: (1032, 778) to (3218, 1669)
2026-06-20 16:18:12 [INFO] 原始检测数: 552, 过滤后检测数: 211
2026-06-20 16:18:12 [INFO] 保存分割和检测结果到: C:\code\show\Scrap_Steel_In_Field\photos\segmentation\segment_20260620_161812.jpg
2026-06-20 16:18:12 [INFO] JSON结果保存到: C:\code\show\Scrap_Steel_In_Field\photos\segmentation_result.json
2026-06-20 16:18:12 [INFO] 类别统计：{0: 55, 1: 65, 2: 22, 3: 10, 4: 39, 5: 37, 6: 40, 7: 33, 8: 57, 9: 65, 10: 24, 11: 22, 12: 17, 13: 39, 14: 0, 15: 27}
2026-06-20 16:18:12 [INFO] 面积统计：{0: 3437496.0, 1: 1155924.0, 2: 39132.0, 3: 138420.0, 4: 169128.0, 5: 67752.0, 6: 443772.0, 7: 63180.0, 8: 994284.0, 9: 409428.0, 10: 137844.0, 11: 388908.0, 12: 72684.0, 13: 690444.0, 14: 72.0, 15: 104760.0}
2026-06-20 16:18:12 [INFO] 分割成功
2026-06-20 16:18:12 [INFO] 引擎上下文已释放
2026-06-20 16:18:12 [INFO] TensorRT 引擎已释放
2026-06-20 16:18:12 [INFO] 全局 CUDA 资源已释放
2026-06-20 16:18:12 [INFO] 分割系统资源已释放
2026-06-20 16:18:16 [INFO] CUDA 初始化成功
2026-06-20 16:18:17 [INFO] 引擎加载成功: scrap_steel.engine
2026-06-20 16:18:17 [INFO] 分割系统初始化成功
2026-06-20 16:18:17 [INFO] 图像预处理完成，原始尺寸: (2160, 3840)
2026-06-20 16:18:17 [INFO] 开始执行分割...
2026-06-20 16:18:17 [DEBUG] 处理后的检测结果形状: (1, 8400, 6)
2026-06-20 16:18:17 [DEBUG] 示例检测结果: [[-4.02661514e+00 -3.11210537e+00  3.88677826e+01  1.44915400e+01
   3.61189834e-08  5.00000000e+00]
 [-6.66020584e+00 -2.92743111e+00  4.48037758e+01  2.84777813e+01
   8.53129745e-09  9.00000000e+00]
 [-3.65536499e+00 -3.24331474e+00  4.59128265e+01  2.93533764e+01
   4.02407707e-09  9.00000000e+00]]
2026-06-20 16:18:17 [DEBUG] 处理后检测输出形状: (0, 52)
2026-06-20 16:18:17 [DEBUG] 有效检测数量: 0
2026-06-20 16:18:17 [DEBUG] 检测输出为空
2026-06-20 16:18:17 [INFO] 掩码中检测到的类别: [0, 1, 2, 3, 4, 5, 6, 7, 8, 9, 10, 11, 12, 13, 15]
2026-06-20 16:18:17 [INFO] 分割完成，检测到 0 个物体
2026-06-20 16:18:17 [INFO] 从分割掩码中提取检测结果
2026-06-20 16:18:17 [INFO] 从掩码中提取了 570 个检测框
2026-06-20 16:18:17 [INFO] 计算出的车框矩形边界: (1033, 778) to (3218, 1669)
2026-06-20 16:18:17 [INFO] 原始检测数: 570, 过滤后检测数: 198
2026-06-20 16:18:17 [INFO] 保存分割和检测结果到: C:\code\show\Scrap_Steel_In_Field\photos\segmentation\segment_20260620_161817.jpg
2026-06-20 16:18:17 [INFO] JSON结果保存到: C:\code\show\Scrap_Steel_In_Field\photos\segmentation_result.json
2026-06-20 16:18:17 [INFO] 类别统计：{0: 55, 1: 54, 2: 23, 3: 12, 4: 36, 5: 41, 6: 38, 7: 36, 8: 62, 9: 71, 10: 23, 11: 19, 12: 18, 13: 51, 14: 0, 15: 31}
2026-06-20 16:18:17 [INFO] 面积统计：{0: 3544236.0, 1: 1148328.0, 2: 37584.0, 3: 138132.0, 4: 169740.0, 5: 70272.0, 6: 453780.0, 7: 67320.0, 8: 985932.0, 9: 385164.0, 10: 139752.0, 11: 375588.0, 12: 54828.0, 13: 703692.0, 15: 97848.0}
2026-06-20 16:18:17 [INFO] 分割成功
2026-06-20 16:18:17 [INFO] 引擎上下文已释放
2026-06-20 16:18:17 [INFO] TensorRT 引擎已释放
2026-06-20 16:18:17 [INFO] 全局 CUDA 资源已释放
2026-06-20 16:18:17 [INFO] 分割系统资源已释放
