2026-06-22 17:37:20 [INFO] CUDA 初始化成功
2026-06-22 17:37:21 [INFO] 引擎加载成功: scrap_steel.engine
2026-06-22 17:37:21 [INFO] 分割系统初始化成功
2026-06-22 17:37:23 [INFO] 引擎加载成功: scrap_steel.engine
2026-06-22 17:37:23 [INFO] 分割系统初始化成功
2026-06-22 17:37:23 [INFO] 图像预处理完成，原始尺寸: (2160, 3840)
2026-06-22 17:37:23 [INFO] 开始执行分割...
2026-06-22 17:37:23 [ERROR] 推理过程发生异常: explicit_context_dependent failed: invalid device context - no currently active context?
2026-06-22 17:37:23 [INFO] 分割完成，检测到 0 个物体
2026-06-22 17:37:23 [INFO] 计算出的车框矩形边界: (263, 816) to (2460, 1813)
2026-06-22 17:37:23 [INFO] 原始检测数: 0, 过滤后检测数: 0
2026-06-22 17:37:23 [ERROR] 保存结果失败: 'NoneType' object has no attribute 'shape'
2026-06-22 17:37:23 [ERROR] 分割失败: 未能生成有效的分割掩码
2026-06-22 17:37:23 [INFO] 引擎上下文已释放
2026-06-22 17:37:23 [INFO] TensorRT 引擎已释放
2026-06-22 17:37:23 [INFO] 全局 CUDA 资源已释放
2026-06-22 17:37:23 [INFO] 分割系统资源已释放
2026-06-22 17:37:29 [INFO] CUDA 初始化成功
2026-06-22 17:37:29 [INFO] 引擎加载成功: scrap_steel.engine
2026-06-22 17:37:29 [INFO] 分割系统初始化成功
2026-06-22 17:37:29 [INFO] 图像预处理完成，原始尺寸: (2160, 3840)
2026-06-22 17:37:29 [INFO] 开始执行分割...
2026-06-22 17:37:29 [DEBUG] 处理后的检测结果形状: (1, 8400, 6)
2026-06-22 17:37:29 [DEBUG] 示例检测结果: [[-4.07373047e+00 -3.13550282e+00  3.95407677e+01  1.47249689e+01
   3.75329705e-08  5.00000000e+00]
 [-6.57020187e+00 -2.90272331e+00  4.51697731e+01  2.91525288e+01
   9.28080812e-09  9.00000000e+00]
 [-3.64145660e+00 -3.27834034e+00  4.60305405e+01  2.99564018e+01
   4.38073755e-09  9.00000000e+00]]
2026-06-22 17:37:29 [DEBUG] 处理后检测输出形状: (0, 52)
2026-06-22 17:37:29 [DEBUG] 有效检测数量: 0
2026-06-22 17:37:29 [DEBUG] 检测输出为空
2026-06-22 17:37:29 [INFO] 掩码中检测到的类别: [0, 1, 2, 3, 4, 5, 6, 7, 8, 9, 10, 11, 12, 13, 15]
2026-06-22 17:37:29 [INFO] 分割完成，检测到 0 个物体
2026-06-22 17:37:29 [INFO] 从分割掩码中提取检测结果
2026-06-22 17:37:30 [INFO] 从掩码中提取了 467 个检测框
2026-06-22 17:37:30 [INFO] 计算出的车框矩形边界: (262, 817) to (2459, 1812)
2026-06-22 17:37:30 [INFO] 原始检测数: 467, 过滤后检测数: 200
2026-06-22 17:37:30 [INFO] 保存分割和检测结果到: C:\code\show\Scrap_Steel_In_Field\photos\segmentation\segment_20260622_173730.jpg
2026-06-22 17:37:30 [INFO] JSON结果保存到: C:\code\show\Scrap_Steel_In_Field\photos\segmentation_result.json
2026-06-22 17:37:30 [INFO] 类别统计：{0: 30, 1: 44, 2: 18, 3: 9, 4: 20, 5: 21, 6: 30, 7: 24, 8: 76, 9: 52, 10: 24, 11: 24, 12: 10, 13: 74, 14: 0, 15: 11}
2026-06-22 17:37:30 [INFO] 面积统计：{0: 2801232.0, 1: 470232.0, 2: 28152.0, 3: 155376.0, 4: 112032.0, 5: 64584.0, 6: 984240.0, 7: 42120.0, 8: 1482300.0, 9: 183276.0, 10: 192564.0, 11: 239652.0, 12: 206640.0, 13: 722808.0, 15: 12240.0}
2026-06-22 17:37:30 [INFO] 分割成功
2026-06-22 17:37:30 [INFO] 引擎上下文已释放
2026-06-22 17:37:30 [INFO] TensorRT 引擎已释放
2026-06-22 17:37:30 [INFO] 全局 CUDA 资源已释放
2026-06-22 17:37:30 [INFO] 分割系统资源已释放
2026-06-22 17:37:35 [INFO] CUDA 初始化成功
2026-06-22 17:37:35 [INFO] 引擎加载成功: scrap_steel.engine
2026-06-22 17:37:35 [INFO] 分割系统初始化成功
2026-06-22 17:37:35 [INFO] 图像预处理完成，原始尺寸: (2160, 3840)
2026-06-22 17:37:35 [INFO] 开始执行分割...
2026-06-22 17:37:35 [DEBUG] 处理后的检测结果形状: (1, 8400, 6)
2026-06-22 17:37:35 [DEBUG] 示例检测结果: [[-4.12732315e+00 -3.16688204e+00  3.97038536e+01  1.49137688e+01
   3.73866236e-08  5.00000000e+00]
 [-6.55461121e+00 -2.92425919e+00  4.51171188e+01  2.92707939e+01
   9.06524189e-09  9.00000000e+00]
 [-3.62189484e+00 -3.27646923e+00  4.59954758e+01  2.99733315e+01
   4.34669900e-09  9.00000000e+00]]
2026-06-22 17:37:35 [DEBUG] 处理后检测输出形状: (0, 52)
2026-06-22 17:37:35 [DEBUG] 有效检测数量: 0
2026-06-22 17:37:35 [DEBUG] 检测输出为空
2026-06-22 17:37:35 [INFO] 掩码中检测到的类别: [0, 1, 2, 3, 4, 5, 6, 7, 8, 9, 10, 11, 12, 13, 15]
2026-06-22 17:37:35 [INFO] 分割完成，检测到 0 个物体
2026-06-22 17:37:35 [INFO] 从分割掩码中提取检测结果
2026-06-22 17:37:35 [INFO] 从掩码中提取了 468 个检测框
2026-06-22 17:37:35 [INFO] 计算出的车框矩形边界: (262, 818) to (2459, 1812)
2026-06-22 17:37:35 [INFO] 原始检测数: 468, 过滤后检测数: 201
2026-06-22 17:37:36 [INFO] 保存分割和检测结果到: C:\code\show\Scrap_Steel_In_Field\photos\segmentation\segment_20260622_173735.jpg
2026-06-22 17:37:36 [INFO] JSON结果保存到: C:\code\show\Scrap_Steel_In_Field\photos\segmentation_result.json
2026-06-22 17:37:36 [INFO] 类别统计：{0: 38, 1: 41, 2: 17, 3: 6, 4: 25, 5: 23, 6: 29, 7: 22, 8: 69, 9: 56, 10: 21, 11: 23, 12: 13, 13: 73, 14: 0, 15: 12}
2026-06-22 17:37:36 [INFO] 面积统计：{0: 2879136.0, 1: 462132.0, 2: 30600.0, 3: 158940.0, 4: 131220.0, 5: 69300.0, 6: 960804.0, 7: 42696.0, 8: 1501380.0, 9: 209844.0, 10: 187956.0, 11: 249372.0, 12: 231336.0, 13: 724644.0, 15: 18720.0}
2026-06-22 17:37:36 [INFO] 分割成功
2026-06-22 17:37:36 [INFO] 引擎上下文已释放
2026-06-22 17:37:36 [INFO] TensorRT 引擎已释放
2026-06-22 17:37:36 [INFO] 全局 CUDA 资源已释放
2026-06-22 17:37:36 [INFO] 分割系统资源已释放
2026-06-22 17:37:40 [INFO] CUDA 初始化成功
2026-06-22 17:37:40 [INFO] 引擎加载成功: scrap_steel.engine
2026-06-22 17:37:40 [INFO] 分割系统初始化成功
2026-06-22 17:37:40 [INFO] 图像预处理完成，原始尺寸: (2160, 3840)
2026-06-22 17:37:40 [INFO] 开始执行分割...
2026-06-22 17:37:40 [DEBUG] 处理后的检测结果形状: (1, 8400, 6)
2026-06-22 17:37:40 [DEBUG] 示例检测结果: [[-4.13382339e+00 -3.16962814e+00  3.97782478e+01  1.49357853e+01
   3.69678297e-08  5.00000000e+00]
 [-6.64731216e+00 -2.93939972e+00  4.52756462e+01  2.93020630e+01
   9.10067577e-09  9.00000000e+00]
 [-3.63423538e+00 -3.26494408e+00  4.60395622e+01  2.99518757e+01
   4.38073755e-09  9.00000000e+00]]
2026-06-22 17:37:40 [DEBUG] 处理后检测输出形状: (0, 52)
2026-06-22 17:37:40 [DEBUG] 有效检测数量: 0
2026-06-22 17:37:40 [DEBUG] 检测输出为空
2026-06-22 17:37:40 [INFO] 掩码中检测到的类别: [0, 1, 2, 3, 4, 5, 6, 7, 8, 9, 10, 11, 12, 13, 15]
2026-06-22 17:37:40 [INFO] 分割完成，检测到 0 个物体
2026-06-22 17:37:40 [INFO] 从分割掩码中提取检测结果
2026-06-22 17:37:40 [INFO] 从掩码中提取了 477 个检测框
2026-06-22 17:37:40 [INFO] 计算出的车框矩形边界: (262, 816) to (2456, 1812)
2026-06-22 17:37:40 [INFO] 原始检测数: 477, 过滤后检测数: 192
2026-06-22 17:37:41 [INFO] 保存分割和检测结果到: C:\code\show\Scrap_Steel_In_Field\photos\segmentation\segment_20260622_173740.jpg
2026-06-22 17:37:41 [INFO] JSON结果保存到: C:\code\show\Scrap_Steel_In_Field\photos\segmentation_result.json
2026-06-22 17:37:41 [INFO] 类别统计：{0: 42, 1: 42, 2: 22, 3: 5, 4: 20, 5: 24, 6: 31, 7: 24, 8: 65, 9: 51, 10: 25, 11: 29, 12: 8, 13: 75, 14: 0, 15: 14}
2026-06-22 17:37:41 [INFO] 面积统计：{0: 2854404.0, 1: 481572.0, 2: 30312.0, 3: 156312.0, 4: 122076.0, 5: 65376.0, 6: 962964.0, 7: 36360.0, 8: 1487304.0, 9: 182196.0, 10: 186228.0, 11: 248868.0, 12: 233532.0, 13: 727632.0, 15: 25956.0}
2026-06-22 17:37:41 [INFO] 分割成功
2026-06-22 17:37:41 [INFO] 引擎上下文已释放
2026-06-22 17:37:41 [INFO] TensorRT 引擎已释放
2026-06-22 17:37:41 [INFO] 全局 CUDA 资源已释放
2026-06-22 17:37:41 [INFO] 分割系统资源已释放
2026-06-22 17:37:45 [INFO] CUDA 初始化成功
2026-06-22 17:37:45 [INFO] 引擎加载成功: scrap_steel.engine
2026-06-22 17:37:45 [INFO] 分割系统初始化成功
2026-06-22 17:37:45 [INFO] 图像预处理完成，原始尺寸: (2160, 3840)
2026-06-22 17:37:45 [INFO] 开始执行分割...
2026-06-22 17:37:45 [DEBUG] 处理后的检测结果形状: (1, 8400, 6)
2026-06-22 17:37:45 [DEBUG] 示例检测结果: [[-4.17188644e+00 -3.20097923e+00  3.95437050e+01  1.49555511e+01
   3.76800813e-08  5.00000000e+00]
 [-6.62071609e+00 -2.96077061e+00  4.49869041e+01  2.92248688e+01
   9.06524189e-09  9.00000000e+00]
 [-3.62815094e+00 -3.31510925e+00  4.59348450e+01  2.99449501e+01
   4.28094893e-09  9.00000000e+00]]
2026-06-22 17:37:45 [DEBUG] 处理后检测输出形状: (0, 52)
2026-06-22 17:37:45 [DEBUG] 有效检测数量: 0
2026-06-22 17:37:45 [DEBUG] 检测输出为空
2026-06-22 17:37:45 [INFO] 掩码中检测到的类别: [0, 1, 2, 3, 4, 5, 6, 7, 8, 9, 10, 11, 12, 13, 15]
2026-06-22 17:37:45 [INFO] 分割完成，检测到 0 个物体
2026-06-22 17:37:45 [INFO] 从分割掩码中提取检测结果
2026-06-22 17:37:45 [INFO] 从掩码中提取了 447 个检测框
2026-06-22 17:37:45 [INFO] 计算出的车框矩形边界: (263, 817) to (2457, 1813)
2026-06-22 17:37:45 [INFO] 原始检测数: 447, 过滤后检测数: 199
2026-06-22 17:37:46 [INFO] 保存分割和检测结果到: C:\code\show\Scrap_Steel_In_Field\photos\segmentation\segment_20260622_173745.jpg
2026-06-22 17:37:46 [INFO] JSON结果保存到: C:\code\show\Scrap_Steel_In_Field\photos\segmentation_result.json
2026-06-22 17:37:46 [INFO] 类别统计：{0: 29, 1: 41, 2: 17, 3: 7, 4: 21, 5: 23, 6: 38, 7: 26, 8: 64, 9: 50, 10: 24, 11: 18, 12: 14, 13: 60, 14: 0, 15: 15}
2026-06-22 17:37:46 [INFO] 面积统计：{0: 2765700.0, 1: 461916.0, 2: 27648.0, 3: 153828.0, 4: 101808.0, 5: 65232.0, 6: 993924.0, 7: 40752.0, 8: 1479924.0, 9: 184284.0, 10: 169884.0, 11: 240336.0, 12: 213084.0, 13: 736848.0, 15: 14616.0}
2026-06-22 17:37:46 [INFO] 分割成功
2026-06-22 17:37:46 [INFO] 引擎上下文已释放
2026-06-22 17:37:46 [INFO] TensorRT 引擎已释放
2026-06-22 17:37:46 [INFO] 全局 CUDA 资源已释放
2026-06-22 17:37:46 [INFO] 分割系统资源已释放
2026-06-22 17:37:50 [INFO] CUDA 初始化成功
2026-06-22 17:37:50 [INFO] 引擎加载成功: scrap_steel.engine
2026-06-22 17:37:50 [INFO] 分割系统初始化成功
2026-06-22 17:37:50 [INFO] 图像预处理完成，原始尺寸: (2160, 3840)
2026-06-22 17:37:50 [INFO] 开始执行分割...
2026-06-22 17:37:50 [DEBUG] 处理后的检测结果形状: (1, 8400, 6)
2026-06-22 17:37:50 [DEBUG] 示例检测结果: [[-4.16556549e+00 -3.18963766e+00  3.97252922e+01  1.50009785e+01
   3.82700627e-08  5.00000000e+00]
 [-6.64184952e+00 -2.94978046e+00  4.50487175e+01  2.91552544e+01
   9.17276033e-09  9.00000000e+00]
 [-3.62554550e+00 -3.30205917e+00  4.59270477e+01  2.98762970e+01
   4.28094893e-09  9.00000000e+00]]
2026-06-22 17:37:50 [DEBUG] 处理后检测输出形状: (0, 52)
2026-06-22 17:37:50 [DEBUG] 有效检测数量: 0
2026-06-22 17:37:50 [DEBUG] 检测输出为空
2026-06-22 17:37:50 [INFO] 掩码中检测到的类别: [0, 1, 2, 3, 4, 5, 6, 7, 8, 9, 10, 11, 12, 13, 15]
2026-06-22 17:37:50 [INFO] 分割完成，检测到 0 个物体
2026-06-22 17:37:50 [INFO] 从分割掩码中提取检测结果
2026-06-22 17:37:50 [INFO] 从掩码中提取了 448 个检测框
2026-06-22 17:37:50 [INFO] 计算出的车框矩形边界: (265, 816) to (2460, 1812)
2026-06-22 17:37:50 [INFO] 原始检测数: 448, 过滤后检测数: 204
2026-06-22 17:37:51 [INFO] 保存分割和检测结果到: C:\code\show\Scrap_Steel_In_Field\photos\segmentation\segment_20260622_173750.jpg
2026-06-22 17:37:51 [INFO] JSON结果保存到: C:\code\show\Scrap_Steel_In_Field\photos\segmentation_result.json
2026-06-22 17:37:51 [INFO] 类别统计：{0: 36, 1: 43, 2: 17, 3: 7, 4: 23, 5: 22, 6: 32, 7: 25, 8: 50, 9: 56, 10: 24, 11: 14, 12: 14, 13: 77, 14: 0, 15: 8}
2026-06-22 17:37:51 [INFO] 面积统计：{0: 2866284.0, 1: 478368.0, 2: 35820.0, 3: 155808.0, 4: 144324.0, 5: 56808.0, 6: 946764.0, 7: 42912.0, 8: 1484820.0, 9: 247752.0, 10: 168840.0, 11: 226476.0, 12: 193464.0, 13: 721980.0, 15: 8712.0}
2026-06-22 17:37:51 [INFO] 分割成功
2026-06-22 17:37:51 [INFO] 引擎上下文已释放
2026-06-22 17:37:51 [INFO] TensorRT 引擎已释放
2026-06-22 17:37:51 [INFO] 全局 CUDA 资源已释放
2026-06-22 17:37:51 [INFO] 分割系统资源已释放
2026-06-22 17:37:55 [INFO] CUDA 初始化成功
2026-06-22 17:37:55 [INFO] 引擎加载成功: scrap_steel.engine
2026-06-22 17:37:55 [INFO] 分割系统初始化成功
2026-06-22 17:37:55 [INFO] 图像预处理完成，原始尺寸: (2160, 3840)
2026-06-22 17:37:55 [INFO] 开始执行分割...
2026-06-22 17:37:55 [DEBUG] 处理后的检测结果形状: (1, 8400, 6)
2026-06-22 17:37:55 [DEBUG] 示例检测结果: [[-4.12602615e+00 -3.21333790e+00  3.94186440e+01  1.49458952e+01
   3.82787668e-08  5.00000000e+00]
 [-6.61121368e+00 -3.02461624e+00  4.48898544e+01  2.92418900e+01
   9.26270260e-09  9.00000000e+00]
 [-3.61592102e+00 -3.40245819e+00  4.60219002e+01  3.01026344e+01
   4.24763691e-09  9.00000000e+00]]
2026-06-22 17:37:55 [DEBUG] 处理后检测输出形状: (0, 52)
2026-06-22 17:37:55 [DEBUG] 有效检测数量: 0
2026-06-22 17:37:55 [DEBUG] 检测输出为空
2026-06-22 17:37:55 [INFO] 掩码中检测到的类别: [0, 1, 2, 3, 4, 5, 6, 7, 8, 9, 10, 11, 12, 13, 15]
2026-06-22 17:37:55 [INFO] 分割完成，检测到 0 个物体
2026-06-22 17:37:55 [INFO] 从分割掩码中提取检测结果
2026-06-22 17:37:56 [INFO] 从掩码中提取了 439 个检测框
2026-06-22 17:37:56 [ERROR] 保存结果失败: 'NoneType' object has no attribute 'astype'
2026-06-22 17:37:56 [INFO] 分割成功
2026-06-22 17:37:56 [INFO] 引擎上下文已释放
2026-06-22 17:37:56 [INFO] TensorRT 引擎已释放
2026-06-22 17:37:56 [INFO] 全局 CUDA 资源已释放
2026-06-22 17:37:56 [INFO] 分割系统资源已释放
2026-06-22 17:38:00 [INFO] CUDA 初始化成功
2026-06-22 17:38:00 [INFO] 引擎加载成功: scrap_steel.engine
2026-06-22 17:38:00 [INFO] 分割系统初始化成功
2026-06-22 17:38:00 [INFO] 图像预处理完成，原始尺寸: (2160, 3840)
2026-06-22 17:38:00 [INFO] 开始执行分割...
2026-06-22 17:38:01 [DEBUG] 处理后的检测结果形状: (1, 8400, 6)
2026-06-22 17:38:01 [DEBUG] 示例检测结果: [[-4.14291000e+00 -3.17013454e+00  3.92764320e+01  1.48146849e+01
   3.72374132e-08  5.00000000e+00]
 [-6.67491531e+00 -3.00747204e+00  4.48288612e+01  2.91601219e+01
   9.13704579e-09  9.00000000e+00]
 [-3.63828278e+00 -3.37112808e+00  4.58907166e+01  2.99776192e+01
   4.19973123e-09  9.00000000e+00]]
2026-06-22 17:38:01 [DEBUG] 处理后检测输出形状: (0, 52)
2026-06-22 17:38:01 [DEBUG] 有效检测数量: 0
2026-06-22 17:38:01 [DEBUG] 检测输出为空
2026-06-22 17:38:01 [INFO] 掩码中检测到的类别: [0, 1, 2, 3, 4, 5, 6, 7, 8, 9, 10, 11, 12, 13, 15]
2026-06-22 17:38:01 [INFO] 分割完成，检测到 0 个物体
2026-06-22 17:38:01 [INFO] 从分割掩码中提取检测结果
2026-06-22 17:38:01 [INFO] 从掩码中提取了 436 个检测框
2026-06-22 17:38:01 [ERROR] 保存结果失败: 'NoneType' object has no attribute 'astype'
2026-06-22 17:38:01 [INFO] 分割成功
2026-06-22 17:38:01 [INFO] 引擎上下文已释放
2026-06-22 17:38:01 [INFO] TensorRT 引擎已释放
2026-06-22 17:38:01 [INFO] 全局 CUDA 资源已释放
2026-06-22 17:38:01 [INFO] 分割系统资源已释放
2026-06-22 17:38:06 [INFO] CUDA 初始化成功
2026-06-22 17:38:06 [INFO] 引擎加载成功: scrap_steel.engine
2026-06-22 17:38:06 [INFO] 分割系统初始化成功
2026-06-22 17:38:06 [INFO] 图像预处理完成，原始尺寸: (2160, 3840)
2026-06-22 17:38:06 [INFO] 开始执行分割...
2026-06-22 17:38:06 [DEBUG] 处理后的检测结果形状: (1, 8400, 6)
2026-06-22 17:38:06 [DEBUG] 示例检测结果: [[-4.14355469e+00 -3.19093752e+00  3.93675652e+01  1.48100357e+01
   3.62341517e-08  5.00000000e+00]
 [-6.74840927e+00 -3.01788902e+00  4.47976570e+01  2.89859562e+01
   9.02669317e-09  9.00000000e+00]
 [-3.66396713e+00 -3.37689018e+00  4.59363289e+01  2.98301792e+01
   4.13585699e-09  9.00000000e+00]]
2026-06-22 17:38:06 [DEBUG] 处理后检测输出形状: (0, 52)
2026-06-22 17:38:06 [DEBUG] 有效检测数量: 0
2026-06-22 17:38:06 [DEBUG] 检测输出为空
2026-06-22 17:38:06 [INFO] 掩码中检测到的类别: [0, 1, 2, 3, 4, 5, 6, 7, 8, 9, 10, 11, 12, 13, 15]
2026-06-22 17:38:06 [INFO] 分割完成，检测到 0 个物体
2026-06-22 17:38:06 [INFO] 从分割掩码中提取检测结果
2026-06-22 17:38:06 [INFO] 从掩码中提取了 400 个检测框
2026-06-22 17:38:06 [ERROR] 保存结果失败: 'NoneType' object has no attribute 'astype'
2026-06-22 17:38:06 [INFO] 分割成功
2026-06-22 17:38:06 [INFO] 引擎上下文已释放
2026-06-22 17:38:06 [INFO] TensorRT 引擎已释放
2026-06-22 17:38:06 [INFO] 全局 CUDA 资源已释放
2026-06-22 17:38:06 [INFO] 分割系统资源已释放
2026-06-22 17:38:11 [INFO] CUDA 初始化成功
2026-06-22 17:38:11 [INFO] 引擎加载成功: scrap_steel.engine
2026-06-22 17:38:11 [INFO] 分割系统初始化成功
2026-06-22 17:38:11 [INFO] 图像预处理完成，原始尺寸: (2160, 3840)
2026-06-22 17:38:11 [INFO] 开始执行分割...
2026-06-22 17:38:11 [DEBUG] 处理后的检测结果形状: (1, 8400, 6)
2026-06-22 17:38:11 [DEBUG] 示例检测结果: [[-4.12178802e+00 -3.18918228e+00  3.91145782e+01  1.48233566e+01
   3.59651082e-08  5.00000000e+00]
 [-6.69950867e+00 -3.03306389e+00  4.47939835e+01  2.89499645e+01
   8.86143958e-09  9.00000000e+00]
 [-3.66343307e+00 -3.40760422e+00  4.58920898e+01  2.97196770e+01
   4.05563583e-09  9.00000000e+00]]
2026-06-22 17:38:11 [DEBUG] 处理后检测输出形状: (0, 52)
2026-06-22 17:38:11 [DEBUG] 有效检测数量: 0
2026-06-22 17:38:11 [DEBUG] 检测输出为空
2026-06-22 17:38:11 [INFO] 掩码中检测到的类别: [0, 1, 2, 3, 4, 5, 6, 7, 8, 9, 10, 11, 12, 13, 15]
2026-06-22 17:38:11 [INFO] 分割完成，检测到 0 个物体
2026-06-22 17:38:11 [INFO] 从分割掩码中提取检测结果
2026-06-22 17:38:11 [INFO] 从掩码中提取了 449 个检测框
2026-06-22 17:38:11 [ERROR] 保存结果失败: 'NoneType' object has no attribute 'astype'
2026-06-22 17:38:11 [INFO] 分割成功
2026-06-22 17:38:11 [INFO] 引擎上下文已释放
2026-06-22 17:38:11 [INFO] TensorRT 引擎已释放
2026-06-22 17:38:11 [INFO] 全局 CUDA 资源已释放
2026-06-22 17:38:11 [INFO] 分割系统资源已释放
2026-06-22 17:38:16 [INFO] CUDA 初始化成功
2026-06-22 17:38:16 [INFO] 引擎加载成功: scrap_steel.engine
2026-06-22 17:38:16 [INFO] 分割系统初始化成功
2026-06-22 17:38:16 [INFO] 图像预处理完成，原始尺寸: (2160, 3840)
2026-06-22 17:38:16 [INFO] 开始执行分割...
2026-06-22 17:38:16 [DEBUG] 处理后的检测结果形状: (1, 8400, 6)
2026-06-22 17:38:16 [DEBUG] 示例检测结果: [[-4.12137985e+00 -3.17751884e+00  3.89804726e+01  1.46630173e+01
   3.65365018e-08  5.00000000e+00]
 [-6.73551941e+00 -3.00561714e+00  4.46338310e+01  2.87885017e+01
   9.00487684e-09  9.00000000e+00]
 [-3.70594025e+00 -3.41667938e+00  4.58533020e+01  2.96362724e+01
   4.07152712e-09  9.00000000e+00]]
2026-06-22 17:38:16 [DEBUG] 处理后检测输出形状: (0, 52)
2026-06-22 17:38:16 [DEBUG] 有效检测数量: 0
2026-06-22 17:38:16 [DEBUG] 检测输出为空
2026-06-22 17:38:16 [INFO] 掩码中检测到的类别: [0, 1, 2, 3, 4, 5, 6, 7, 8, 9, 10, 11, 12, 13, 15]
2026-06-22 17:38:16 [INFO] 分割完成，检测到 0 个物体
2026-06-22 17:38:16 [INFO] 从分割掩码中提取检测结果
2026-06-22 17:38:17 [INFO] 从掩码中提取了 461 个检测框
2026-06-22 17:38:17 [ERROR] 保存结果失败: 'NoneType' object has no attribute 'astype'
2026-06-22 17:38:17 [INFO] 分割成功
2026-06-22 17:38:17 [INFO] 引擎上下文已释放
2026-06-22 17:38:17 [INFO] TensorRT 引擎已释放
2026-06-22 17:38:17 [INFO] 全局 CUDA 资源已释放
2026-06-22 17:38:17 [INFO] 分割系统资源已释放
2026-06-22 17:38:21 [INFO] CUDA 初始化成功
2026-06-22 17:38:21 [INFO] 引擎加载成功: scrap_steel.engine
2026-06-22 17:38:21 [INFO] 分割系统初始化成功
2026-06-22 17:38:21 [INFO] 图像预处理完成，原始尺寸: (2160, 3840)
2026-06-22 17:38:21 [INFO] 开始执行分割...
2026-06-22 17:38:22 [DEBUG] 处理后的检测结果形状: (1, 8400, 6)
2026-06-22 17:38:22 [DEBUG] 示例检测结果: [[-4.17940903e+00 -3.25624084e+00  3.93861732e+01  1.52180367e+01
   3.72374132e-08  5.00000000e+00]
 [-6.70563507e+00 -3.05765533e+00  4.47303123e+01  2.92506828e+01
   8.99343799e-09  9.00000000e+00]
 [-3.66384888e+00 -3.47310543e+00  4.59436798e+01  3.00154076e+01
   4.13585699e-09  9.00000000e+00]]
2026-06-22 17:38:22 [DEBUG] 处理后检测输出形状: (0, 52)
2026-06-22 17:38:22 [DEBUG] 有效检测数量: 0
2026-06-22 17:38:22 [DEBUG] 检测输出为空
2026-06-22 17:38:22 [INFO] 掩码中检测到的类别: [0, 1, 2, 3, 4, 5, 6, 7, 8, 9, 10, 11, 12, 13, 15]
2026-06-22 17:38:22 [INFO] 分割完成，检测到 0 个物体
2026-06-22 17:38:22 [INFO] 从分割掩码中提取检测结果
2026-06-22 17:38:22 [INFO] 从掩码中提取了 435 个检测框
2026-06-22 17:38:22 [ERROR] 保存结果失败: 'NoneType' object has no attribute 'astype'
2026-06-22 17:38:22 [INFO] 分割成功
2026-06-22 17:38:22 [INFO] 引擎上下文已释放
2026-06-22 17:38:22 [INFO] TensorRT 引擎已释放
2026-06-22 17:38:22 [INFO] 全局 CUDA 资源已释放
2026-06-22 17:38:22 [INFO] 分割系统资源已释放
2026-06-22 17:38:27 [INFO] CUDA 初始化成功
2026-06-22 17:38:27 [INFO] 引擎加载成功: scrap_steel.engine
2026-06-22 17:38:27 [INFO] 分割系统初始化成功
2026-06-22 17:38:27 [INFO] 图像预处理完成，原始尺寸: (2160, 3840)
2026-06-22 17:38:27 [INFO] 开始执行分割...
2026-06-22 17:38:27 [DEBUG] 处理后的检测结果形状: (1, 8400, 6)
2026-06-22 17:38:27 [DEBUG] 示例检测结果: [[-4.11029053e+00 -3.13729191e+00  3.93186493e+01  1.46673059e+01
   3.65453765e-08  5.00000000e+00]
 [-6.69113159e+00 -2.93946457e+00  4.49344788e+01  2.88446426e+01
   8.96962504e-09  9.00000000e+00]
 [-3.66637039e+00 -3.30566216e+00  4.59525032e+01  2.96553059e+01
   4.21736601e-09  9.00000000e+00]]
2026-06-22 17:38:27 [DEBUG] 处理后检测输出形状: (0, 52)
2026-06-22 17:38:27 [DEBUG] 有效检测数量: 0
2026-06-22 17:38:27 [DEBUG] 检测输出为空
2026-06-22 17:38:27 [INFO] 掩码中检测到的类别: [0, 1, 2, 3, 4, 5, 6, 7, 8, 9, 10, 11, 12, 13, 15]
2026-06-22 17:38:27 [INFO] 分割完成，检测到 0 个物体
2026-06-22 17:38:27 [INFO] 从分割掩码中提取检测结果
2026-06-22 17:38:28 [INFO] 从掩码中提取了 475 个检测框
2026-06-22 17:38:28 [INFO] 计算出的车框矩形边界: (688, 648) to (3012, 2160)
2026-06-22 17:38:28 [INFO] 原始检测数: 475, 过滤后检测数: 228
2026-06-22 17:38:28 [INFO] 保存分割和检测结果到: C:\code\show\Scrap_Steel_In_Field\photos\segmentation\segment_20260622_173828.jpg
2026-06-22 17:38:28 [INFO] JSON结果保存到: C:\code\show\Scrap_Steel_In_Field\photos\segmentation_result.json
2026-06-22 17:38:28 [INFO] 类别统计：{0: 47, 1: 45, 2: 22, 3: 10, 4: 25, 5: 28, 6: 22, 7: 23, 8: 70, 9: 45, 10: 22, 11: 23, 12: 7, 13: 60, 14: 0, 15: 26}
2026-06-22 17:38:28 [INFO] 面积统计：{0: 2082204.0, 1: 433152.0, 2: 30708.0, 3: 193824.0, 4: 261216.0, 5: 91836.0, 6: 918720.0, 7: 47088.0, 8: 1035504.0, 9: 250344.0, 10: 154512.0, 11: 290412.0, 12: 123768.0, 13: 646452.0, 15: 90792.0}
2026-06-22 17:38:28 [INFO] 分割成功
2026-06-22 17:38:28 [INFO] 引擎上下文已释放
2026-06-22 17:38:28 [INFO] TensorRT 引擎已释放
2026-06-22 17:38:28 [INFO] 全局 CUDA 资源已释放
2026-06-22 17:38:28 [INFO] 分割系统资源已释放
2026-06-22 17:38:32 [INFO] CUDA 初始化成功
2026-06-22 17:38:32 [INFO] 引擎加载成功: scrap_steel.engine
2026-06-22 17:38:32 [INFO] 分割系统初始化成功
2026-06-22 17:38:32 [INFO] 图像预处理完成，原始尺寸: (2160, 3840)
2026-06-22 17:38:32 [INFO] 开始执行分割...
2026-06-22 17:38:32 [DEBUG] 处理后的检测结果形状: (1, 8400, 6)
2026-06-22 17:38:32 [DEBUG] 示例检测结果: [[-4.05249023e+00 -3.16224480e+00  3.94977036e+01  1.52141285e+01
   4.02918126e-08  5.00000000e+00]
 [-6.30889130e+00 -2.86532402e+00  4.50034714e+01  2.99595623e+01
   9.47223810e-09  9.00000000e+00]
 [-3.43507004e+00 -3.22949314e+00  4.60249786e+01  3.05657387e+01
   4.40732251e-09  9.00000000e+00]]
2026-06-22 17:38:32 [DEBUG] 处理后检测输出形状: (0, 52)
2026-06-22 17:38:32 [DEBUG] 有效检测数量: 0
2026-06-22 17:38:32 [DEBUG] 检测输出为空
2026-06-22 17:38:32 [INFO] 掩码中检测到的类别: [0, 1, 2, 3, 4, 5, 6, 7, 8, 9, 10, 11, 12, 13, 15]
2026-06-22 17:38:32 [INFO] 分割完成，检测到 0 个物体
2026-06-22 17:38:32 [INFO] 从分割掩码中提取检测结果
2026-06-22 17:38:32 [INFO] 从掩码中提取了 445 个检测框
2026-06-22 17:38:33 [INFO] 计算出的车框矩形边界: (689, 649) to (3005, 2160)
2026-06-22 17:38:33 [INFO] 原始检测数: 445, 过滤后检测数: 210
2026-06-22 17:38:33 [INFO] 保存分割和检测结果到: C:\code\show\Scrap_Steel_In_Field\photos\segmentation\segment_20260622_173832.jpg
2026-06-22 17:38:33 [INFO] JSON结果保存到: C:\code\show\Scrap_Steel_In_Field\photos\segmentation_result.json
2026-06-22 17:38:33 [INFO] 类别统计：{0: 19, 1: 49, 2: 23, 3: 11, 4: 30, 5: 28, 6: 21, 7: 30, 8: 86, 9: 26, 10: 30, 11: 14, 12: 12, 13: 46, 14: 0, 15: 20}
2026-06-22 17:38:33 [INFO] 面积统计：{0: 1892520.0, 1: 408348.0, 2: 44136.0, 3: 198216.0, 4: 290664.0, 5: 131364.0, 6: 898740.0, 7: 59148.0, 8: 1150380.0, 9: 204084.0, 10: 215028.0, 11: 244764.0, 12: 119340.0, 13: 583092.0, 15: 48888.0}
2026-06-22 17:38:33 [INFO] 分割成功
2026-06-22 17:38:33 [INFO] 引擎上下文已释放
2026-06-22 17:38:33 [INFO] TensorRT 引擎已释放
2026-06-22 17:38:33 [INFO] 全局 CUDA 资源已释放
2026-06-22 17:38:33 [INFO] 分割系统资源已释放
2026-06-22 17:38:37 [INFO] CUDA 初始化成功
2026-06-22 17:38:37 [INFO] 引擎加载成功: scrap_steel.engine
2026-06-22 17:38:37 [INFO] 分割系统初始化成功
2026-06-22 17:38:37 [INFO] 图像预处理完成，原始尺寸: (2160, 3840)
2026-06-22 17:38:37 [INFO] 开始执行分割...
2026-06-22 17:38:38 [DEBUG] 处理后的检测结果形状: (1, 8400, 6)
2026-06-22 17:38:38 [DEBUG] 示例检测结果: [[-4.11910629e+00 -3.19149399e+00  3.92939415e+01  1.49219170e+01
   3.68059503e-08  5.00000000e+00]
 [-6.68751144e+00 -3.02154636e+00  4.48623161e+01  2.90718307e+01
   8.95650665e-09  9.00000000e+00]
 [-3.60210419e+00 -3.36725235e+00  4.59327698e+01  2.98285980e+01
   4.07219147e-09  9.00000000e+00]]
2026-06-22 17:38:38 [DEBUG] 处理后检测输出形状: (0, 52)
2026-06-22 17:38:38 [DEBUG] 有效检测数量: 0
2026-06-22 17:38:38 [DEBUG] 检测输出为空
2026-06-22 17:38:38 [INFO] 掩码中检测到的类别: [0, 1, 2, 3, 4, 5, 6, 7, 8, 9, 10, 11, 12, 13, 15]
2026-06-22 17:38:38 [INFO] 分割完成，检测到 0 个物体
2026-06-22 17:38:38 [INFO] 从分割掩码中提取检测结果
2026-06-22 17:38:38 [INFO] 从掩码中提取了 411 个检测框
2026-06-22 17:38:38 [ERROR] 保存结果失败: 'NoneType' object has no attribute 'astype'
2026-06-22 17:38:38 [INFO] 分割成功
2026-06-22 17:38:38 [INFO] 引擎上下文已释放
2026-06-22 17:38:38 [INFO] TensorRT 引擎已释放
2026-06-22 17:38:38 [INFO] 全局 CUDA 资源已释放
2026-06-22 17:38:38 [INFO] 分割系统资源已释放
2026-06-22 17:38:43 [INFO] CUDA 初始化成功
2026-06-22 17:38:43 [INFO] 引擎加载成功: scrap_steel.engine
2026-06-22 17:38:43 [INFO] 分割系统初始化成功
2026-06-22 17:38:43 [INFO] 图像预处理完成，原始尺寸: (2160, 3840)
2026-06-22 17:38:43 [INFO] 开始执行分割...
2026-06-22 17:38:43 [DEBUG] 处理后的检测结果形状: (1, 8400, 6)
2026-06-22 17:38:43 [DEBUG] 示例检测结果: [[-4.14014816e+00 -3.16327858e+00  3.93565903e+01  1.47702866e+01
   3.68192730e-08  5.00000000e+00]
 [-6.66102982e+00 -2.93807983e+00  4.49933815e+01  2.88779068e+01
   8.95650665e-09  9.00000000e+00]
 [-3.66636276e+00 -3.30346870e+00  4.59665146e+01  2.97658863e+01
   4.26631530e-09  9.00000000e+00]]
2026-06-22 17:38:43 [DEBUG] 处理后检测输出形状: (0, 52)
2026-06-22 17:38:43 [DEBUG] 有效检测数量: 0
2026-06-22 17:38:43 [DEBUG] 检测输出为空
2026-06-22 17:38:43 [INFO] 掩码中检测到的类别: [0, 1, 2, 3, 4, 5, 6, 7, 8, 9, 10, 11, 12, 13, 15]
2026-06-22 17:38:43 [INFO] 分割完成，检测到 0 个物体
2026-06-22 17:38:43 [INFO] 从分割掩码中提取检测结果
2026-06-22 17:38:43 [INFO] 从掩码中提取了 455 个检测框
2026-06-22 17:38:43 [INFO] 计算出的车框矩形边界: (686, 647) to (3012, 2160)
2026-06-22 17:38:43 [INFO] 原始检测数: 455, 过滤后检测数: 217
2026-06-22 17:38:44 [INFO] 保存分割和检测结果到: C:\code\show\Scrap_Steel_In_Field\photos\segmentation\segment_20260622_173843.jpg
2026-06-22 17:38:44 [INFO] JSON结果保存到: C:\code\show\Scrap_Steel_In_Field\photos\segmentation_result.json
2026-06-22 17:38:44 [INFO] 类别统计：{0: 40, 1: 43, 2: 18, 3: 10, 4: 27, 5: 22, 6: 20, 7: 22, 8: 67, 9: 46, 10: 23, 11: 22, 12: 8, 13: 63, 14: 0, 15: 24}
2026-06-22 17:38:44 [INFO] 面积统计：{0: 1993932.0, 1: 419904.0, 2: 31320.0, 3: 189684.0, 4: 270756.0, 5: 81972.0, 6: 960732.0, 7: 43164.0, 8: 1048680.0, 9: 278964.0, 10: 142920.0, 11: 248256.0, 12: 127080.0, 13: 676080.0, 15: 79560.0}
2026-06-22 17:38:44 [INFO] 分割成功
2026-06-22 17:38:44 [INFO] 引擎上下文已释放
2026-06-22 17:38:44 [INFO] TensorRT 引擎已释放
2026-06-22 17:38:44 [INFO] 全局 CUDA 资源已释放
2026-06-22 17:38:44 [INFO] 分割系统资源已释放
2026-06-22 17:38:48 [INFO] CUDA 初始化成功
2026-06-22 17:38:48 [INFO] 引擎加载成功: scrap_steel.engine
2026-06-22 17:38:48 [INFO] 分割系统初始化成功
2026-06-22 17:38:48 [INFO] 图像预处理完成，原始尺寸: (2160, 3840)
2026-06-22 17:38:48 [INFO] 开始执行分割...
2026-06-22 17:38:48 [DEBUG] 处理后的检测结果形状: (1, 8400, 6)
2026-06-22 17:38:48 [DEBUG] 示例检测结果: [[-4.13529587e+00 -3.16915751e+00  3.94696388e+01  1.48693218e+01
   3.75325939e-08  5.00000000e+00]
 [-6.65822220e+00 -2.93340111e+00  4.49124985e+01  2.90491505e+01
   9.20787446e-09  9.00000000e+00]
 [-3.66839600e+00 -3.30379868e+00  4.58991852e+01  2.97864723e+01
   4.29900737e-09  9.00000000e+00]]
2026-06-22 17:38:48 [DEBUG] 处理后检测输出形状: (0, 52)
2026-06-22 17:38:48 [DEBUG] 有效检测数量: 0
2026-06-22 17:38:48 [DEBUG] 检测输出为空
2026-06-22 17:38:48 [INFO] 掩码中检测到的类别: [0, 1, 2, 3, 4, 5, 6, 7, 8, 9, 10, 11, 12, 13, 15]
2026-06-22 17:38:48 [INFO] 分割完成，检测到 0 个物体
2026-06-22 17:38:48 [INFO] 从分割掩码中提取检测结果
2026-06-22 17:38:49 [INFO] 从掩码中提取了 484 个检测框
2026-06-22 17:38:49 [INFO] 计算出的车框矩形边界: (689, 648) to (3012, 2160)
2026-06-22 17:38:49 [INFO] 原始检测数: 484, 过滤后检测数: 222
2026-06-22 17:38:49 [INFO] 保存分割和检测结果到: C:\code\show\Scrap_Steel_In_Field\photos\segmentation\segment_20260622_173849.jpg
2026-06-22 17:38:49 [INFO] JSON结果保存到: C:\code\show\Scrap_Steel_In_Field\photos\segmentation_result.json
2026-06-22 17:38:49 [INFO] 类别统计：{0: 48, 1: 47, 2: 21, 3: 8, 4: 21, 5: 22, 6: 23, 7: 25, 8: 75, 9: 45, 10: 19, 11: 27, 12: 10, 13: 63, 14: 0, 15: 30}
2026-06-22 17:38:49 [INFO] 面积统计：{0: 2062908.0, 1: 438552.0, 2: 34812.0, 3: 201204.0, 4: 277488.0, 5: 93384.0, 6: 940860.0, 7: 47160.0, 8: 1047708.0, 9: 241560.0, 10: 147744.0, 11: 251964.0, 12: 112320.0, 13: 662940.0, 15: 77868.0}
2026-06-22 17:38:49 [INFO] 分割成功
2026-06-22 17:38:49 [INFO] 引擎上下文已释放
2026-06-22 17:38:49 [INFO] TensorRT 引擎已释放
2026-06-22 17:38:49 [INFO] 全局 CUDA 资源已释放
2026-06-22 17:38:49 [INFO] 分割系统资源已释放
2026-06-22 17:38:54 [INFO] CUDA 初始化成功
2026-06-22 17:38:55 [INFO] 引擎加载成功: scrap_steel.engine
2026-06-22 17:38:55 [INFO] 分割系统初始化成功
2026-06-22 17:38:55 [INFO] 图像预处理完成，原始尺寸: (2160, 3840)
2026-06-22 17:38:55 [INFO] 开始执行分割...
2026-06-22 17:38:55 [DEBUG] 处理后的检测结果形状: (1, 8400, 6)
2026-06-22 17:38:55 [DEBUG] 示例检测结果: [[-4.07867050e+00 -3.11591816e+00  3.92912865e+01  1.46755323e+01
   3.66880606e-08  5.00000000e+00]
 [-6.59920502e+00 -2.89017677e+00  4.48330078e+01  2.87578297e+01
   9.07208708e-09  9.00000000e+00]
 [-3.67314911e+00 -3.30626869e+00  4.58928604e+01  2.96888676e+01
   4.25045332e-09  9.00000000e+00]]
2026-06-22 17:38:55 [DEBUG] 处理后检测输出形状: (0, 52)
2026-06-22 17:38:55 [DEBUG] 有效检测数量: 0
2026-06-22 17:38:55 [DEBUG] 检测输出为空
2026-06-22 17:38:55 [INFO] 掩码中检测到的类别: [0, 1, 2, 3, 4, 5, 6, 7, 8, 9, 10, 11, 12, 13, 15]
2026-06-22 17:38:55 [INFO] 分割完成，检测到 0 个物体
2026-06-22 17:38:55 [INFO] 从分割掩码中提取检测结果
2026-06-22 17:38:55 [INFO] 从掩码中提取了 489 个检测框
2026-06-22 17:38:55 [INFO] 计算出的车框矩形边界: (688, 649) to (3005, 2160)
2026-06-22 17:38:55 [INFO] 原始检测数: 489, 过滤后检测数: 216
2026-06-22 17:38:56 [INFO] 保存分割和检测结果到: C:\code\show\Scrap_Steel_In_Field\photos\segmentation\segment_20260622_173855.jpg
2026-06-22 17:38:56 [INFO] JSON结果保存到: C:\code\show\Scrap_Steel_In_Field\photos\segmentation_result.json
2026-06-22 17:38:56 [INFO] 类别统计：{0: 48, 1: 50, 2: 21, 3: 8, 4: 28, 5: 27, 6: 20, 7: 25, 8: 79, 9: 38, 10: 25, 11: 22, 12: 7, 13: 64, 14: 0, 15: 27}
2026-06-22 17:38:56 [INFO] 面积统计：{0: 2111400.0, 1: 437616.0, 2: 27612.0, 3: 202320.0, 4: 277488.0, 5: 102744.0, 6: 910116.0, 7: 48132.0, 8: 1009188.0, 9: 262404.0, 10: 145620.0, 11: 247428.0, 12: 116532.0, 13: 652320.0, 15: 73872.0}
2026-06-22 17:38:56 [INFO] 分割成功
2026-06-22 17:38:56 [INFO] 引擎上下文已释放
2026-06-22 17:38:56 [INFO] TensorRT 引擎已释放
2026-06-22 17:38:56 [INFO] 全局 CUDA 资源已释放
2026-06-22 17:38:56 [INFO] 分割系统资源已释放
2026-06-22 17:38:59 [INFO] CUDA 初始化成功
2026-06-22 17:38:59 [INFO] 引擎加载成功: scrap_steel.engine
2026-06-22 17:38:59 [INFO] 分割系统初始化成功
2026-06-22 17:38:59 [INFO] 图像预处理完成，原始尺寸: (2160, 3840)
2026-06-22 17:38:59 [INFO] 开始执行分割...
2026-06-22 17:39:00 [DEBUG] 处理后的检测结果形状: (1, 8400, 6)
2026-06-22 17:39:00 [DEBUG] 示例检测结果: [[-4.20869827e+00 -3.14162302e+00  4.05802879e+01  1.49130154e+01
   3.40669928e-08  5.00000000e+00]
 [-6.50906754e+00 -2.86788368e+00  4.55452843e+01  2.95823040e+01
   8.72417338e-09  9.00000000e+00]
 [-3.53417969e+00 -3.18245697e+00  4.62020798e+01  3.02911758e+01
   4.38430892e-09  9.00000000e+00]]
2026-06-22 17:39:00 [DEBUG] 处理后检测输出形状: (0, 52)
2026-06-22 17:39:00 [DEBUG] 有效检测数量: 0
2026-06-22 17:39:00 [DEBUG] 检测输出为空
2026-06-22 17:39:00 [INFO] 掩码中检测到的类别: [0, 1, 2, 3, 4, 5, 6, 7, 8, 9, 10, 11, 12, 13, 15]
2026-06-22 17:39:00 [INFO] 分割完成，检测到 0 个物体
2026-06-22 17:39:00 [INFO] 从分割掩码中提取检测结果
2026-06-22 17:39:00 [INFO] 从掩码中提取了 354 个检测框
2026-06-22 17:39:00 [ERROR] 保存结果失败: 'NoneType' object has no attribute 'astype'
2026-06-22 17:39:00 [INFO] 分割成功
2026-06-22 17:39:00 [INFO] 引擎上下文已释放
2026-06-22 17:39:00 [INFO] TensorRT 引擎已释放
2026-06-22 17:39:00 [INFO] 全局 CUDA 资源已释放
2026-06-22 17:39:00 [INFO] 分割系统资源已释放
2026-06-22 17:39:05 [INFO] CUDA 初始化成功
2026-06-22 17:39:05 [INFO] 引擎加载成功: scrap_steel.engine
2026-06-22 17:39:05 [INFO] 分割系统初始化成功
2026-06-22 17:39:05 [INFO] 图像预处理完成，原始尺寸: (2160, 3840)
2026-06-22 17:39:05 [INFO] 开始执行分割...
2026-06-22 17:39:05 [DEBUG] 处理后的检测结果形状: (1, 8400, 6)
2026-06-22 17:39:05 [DEBUG] 示例检测结果: [[-4.15085602e+00 -3.19171333e+00  4.01156998e+01  1.50378551e+01
   3.87306507e-08  5.00000000e+00]
 [-6.59412003e+00 -2.91791153e+00  4.53766365e+01  2.95454140e+01
   9.26017307e-09  9.00000000e+00]
 [-3.60511398e+00 -3.21998119e+00  4.60408630e+01  3.02554169e+01
   4.40732251e-09  9.00000000e+00]]
2026-06-22 17:39:05 [DEBUG] 处理后检测输出形状: (0, 52)
2026-06-22 17:39:05 [DEBUG] 有效检测数量: 0
2026-06-22 17:39:05 [DEBUG] 检测输出为空
2026-06-22 17:39:05 [INFO] 掩码中检测到的类别: [0, 1, 2, 3, 4, 5, 6, 7, 8, 9, 10, 11, 12, 13, 15]
2026-06-22 17:39:05 [INFO] 分割完成，检测到 0 个物体
2026-06-22 17:39:05 [INFO] 从分割掩码中提取检测结果
2026-06-22 17:39:05 [INFO] 从掩码中提取了 429 个检测框
2026-06-22 17:39:05 [ERROR] 保存结果失败: 'NoneType' object has no attribute 'astype'
2026-06-22 17:39:05 [INFO] 分割成功
2026-06-22 17:39:05 [INFO] 引擎上下文已释放
2026-06-22 17:39:05 [INFO] TensorRT 引擎已释放
2026-06-22 17:39:05 [INFO] 全局 CUDA 资源已释放
2026-06-22 17:39:05 [INFO] 分割系统资源已释放
2026-06-22 17:39:10 [INFO] CUDA 初始化成功
2026-06-22 17:39:10 [INFO] 引擎加载成功: scrap_steel.engine
2026-06-22 17:39:10 [INFO] 分割系统初始化成功
2026-06-22 17:39:10 [INFO] 图像预处理完成，原始尺寸: (2160, 3840)
2026-06-22 17:39:10 [INFO] 开始执行分割...
2026-06-22 17:39:10 [DEBUG] 处理后的检测结果形状: (1, 8400, 6)
2026-06-22 17:39:10 [DEBUG] 示例检测结果: [[-4.06133270e+00 -3.13218975e+00  3.97019691e+01  1.46922522e+01
   3.79735425e-08  5.00000000e+00]
 [-6.49130630e+00 -2.84797382e+00  4.53244247e+01  2.92254601e+01
   9.40844203e-09  9.00000000e+00]
 [-3.57926941e+00 -3.14736366e+00  4.59668961e+01  2.99867458e+01
   4.54656046e-09  9.00000000e+00]]
2026-06-22 17:39:10 [DEBUG] 处理后检测输出形状: (0, 52)
2026-06-22 17:39:10 [DEBUG] 有效检测数量: 0
2026-06-22 17:39:10 [DEBUG] 检测输出为空
2026-06-22 17:39:10 [INFO] 掩码中检测到的类别: [0, 1, 2, 3, 4, 5, 6, 7, 8, 9, 10, 11, 12, 13, 15]
2026-06-22 17:39:10 [INFO] 分割完成，检测到 0 个物体
2026-06-22 17:39:10 [INFO] 从分割掩码中提取检测结果
2026-06-22 17:39:11 [INFO] 从掩码中提取了 459 个检测框
2026-06-22 17:39:11 [ERROR] 保存结果失败: 'NoneType' object has no attribute 'astype'
2026-06-22 17:39:11 [INFO] 分割成功
2026-06-22 17:39:11 [INFO] 引擎上下文已释放
2026-06-22 17:39:11 [INFO] TensorRT 引擎已释放
2026-06-22 17:39:11 [INFO] 全局 CUDA 资源已释放
2026-06-22 17:39:11 [INFO] 分割系统资源已释放
2026-06-22 17:39:15 [INFO] CUDA 初始化成功
2026-06-22 17:39:15 [INFO] 引擎加载成功: scrap_steel.engine
2026-06-22 17:39:15 [INFO] 分割系统初始化成功
2026-06-22 17:39:15 [INFO] 图像预处理完成，原始尺寸: (2160, 3840)
2026-06-22 17:39:15 [INFO] 开始执行分割...
2026-06-22 17:39:15 [DEBUG] 处理后的检测结果形状: (1, 8400, 6)
2026-06-22 17:39:15 [DEBUG] 示例检测结果: [[-4.06031799e+00 -3.14355278e+00  3.98902473e+01  1.49077778e+01
   3.84360455e-08  5.00000000e+00]
 [-6.46926498e+00 -2.87302208e+00  4.52842903e+01  2.94177990e+01
   9.33511402e-09  9.00000000e+00]
 [-3.55514145e+00 -3.16026878e+00  4.59950638e+01  3.01188183e+01
   4.49410109e-09  9.00000000e+00]]
2026-06-22 17:39:15 [DEBUG] 处理后检测输出形状: (0, 52)
2026-06-22 17:39:15 [DEBUG] 有效检测数量: 0
2026-06-22 17:39:15 [DEBUG] 检测输出为空
2026-06-22 17:39:15 [INFO] 掩码中检测到的类别: [0, 1, 2, 3, 4, 5, 6, 7, 8, 9, 10, 11, 12, 13, 15]
2026-06-22 17:39:15 [INFO] 分割完成，检测到 0 个物体
2026-06-22 17:39:15 [INFO] 从分割掩码中提取检测结果
2026-06-22 17:39:16 [INFO] 从掩码中提取了 468 个检测框
2026-06-22 17:39:16 [ERROR] 保存结果失败: 'NoneType' object has no attribute 'astype'
2026-06-22 17:39:16 [INFO] 分割成功
2026-06-22 17:39:16 [INFO] 引擎上下文已释放
2026-06-22 17:39:16 [INFO] TensorRT 引擎已释放
2026-06-22 17:39:16 [INFO] 全局 CUDA 资源已释放
2026-06-22 17:39:16 [INFO] 分割系统资源已释放
2026-06-22 17:39:20 [INFO] CUDA 初始化成功
2026-06-22 17:39:20 [INFO] 引擎加载成功: scrap_steel.engine
2026-06-22 17:39:20 [INFO] 分割系统初始化成功
2026-06-22 17:39:20 [INFO] 图像预处理完成，原始尺寸: (2160, 3840)
2026-06-22 17:39:20 [INFO] 开始执行分割...
2026-06-22 17:39:21 [DEBUG] 处理后的检测结果形状: (1, 8400, 6)
2026-06-22 17:39:21 [DEBUG] 示例检测结果: [[-4.11450577e+00 -3.21649122e+00  4.01992989e+01  1.55562096e+01
   3.40669928e-08  5.00000000e+00]
 [-6.27042770e+00 -2.89222908e+00  4.52487297e+01  2.99972782e+01
   8.58472937e-09  9.00000000e+00]
 [-3.37025452e+00 -3.11571503e+00  4.58836060e+01  3.01026878e+01
   4.13585699e-09  9.00000000e+00]]
2026-06-22 17:39:21 [DEBUG] 处理后检测输出形状: (0, 52)
2026-06-22 17:39:21 [DEBUG] 有效检测数量: 0
2026-06-22 17:39:21 [DEBUG] 检测输出为空
2026-06-22 17:39:21 [INFO] 掩码中检测到的类别: [0, 1, 2, 3, 4, 5, 6, 7, 8, 9, 10, 11, 12, 13, 15]
2026-06-22 17:39:21 [INFO] 分割完成，检测到 0 个物体
2026-06-22 17:39:21 [INFO] 从分割掩码中提取检测结果
2026-06-22 17:39:21 [INFO] 从掩码中提取了 414 个检测框
2026-06-22 17:39:21 [ERROR] 保存结果失败: 'NoneType' object has no attribute 'astype'
2026-06-22 17:39:21 [INFO] 分割成功
2026-06-22 17:39:21 [INFO] 引擎上下文已释放
2026-06-22 17:39:21 [INFO] TensorRT 引擎已释放
2026-06-22 17:39:21 [INFO] 全局 CUDA 资源已释放
2026-06-22 17:39:21 [INFO] 分割系统资源已释放
2026-06-22 17:39:26 [INFO] CUDA 初始化成功
2026-06-22 17:39:26 [INFO] 引擎加载成功: scrap_steel.engine
2026-06-22 17:39:26 [INFO] 分割系统初始化成功
2026-06-22 17:39:26 [INFO] 图像预处理完成，原始尺寸: (2160, 3840)
2026-06-22 17:39:26 [INFO] 开始执行分割...
2026-06-22 17:39:26 [DEBUG] 处理后的检测结果形状: (1, 8400, 6)
2026-06-22 17:39:26 [DEBUG] 示例检测结果: [[-4.18463516e+00 -3.25529861e+00  4.03398628e+01  1.59391270e+01
   3.62475987e-08  5.00000000e+00]
 [-6.34040070e+00 -2.94360924e+00  4.50958939e+01  3.02000179e+01
   9.20502874e-09  9.00000000e+00]
 [-3.39729309e+00 -3.14857292e+00  4.58425293e+01  3.02134724e+01
   4.36674874e-09  9.00000000e+00]]
2026-06-22 17:39:26 [DEBUG] 处理后检测输出形状: (0, 52)
2026-06-22 17:39:26 [DEBUG] 有效检测数量: 0
2026-06-22 17:39:26 [DEBUG] 检测输出为空
2026-06-22 17:39:26 [INFO] 掩码中检测到的类别: [0, 1, 2, 3, 4, 5, 6, 7, 8, 9, 10, 11, 12, 13, 15]
2026-06-22 17:39:26 [INFO] 分割完成，检测到 0 个物体
2026-06-22 17:39:26 [INFO] 从分割掩码中提取检测结果
2026-06-22 17:39:26 [INFO] 从掩码中提取了 472 个检测框
2026-06-22 17:39:26 [ERROR] 保存结果失败: 'NoneType' object has no attribute 'astype'
2026-06-22 17:39:26 [INFO] 分割成功
2026-06-22 17:39:26 [INFO] 引擎上下文已释放
2026-06-22 17:39:26 [INFO] TensorRT 引擎已释放
2026-06-22 17:39:26 [INFO] 全局 CUDA 资源已释放
2026-06-22 17:39:26 [INFO] 分割系统资源已释放
2026-06-22 17:39:31 [INFO] CUDA 初始化成功
2026-06-22 17:39:31 [INFO] 引擎加载成功: scrap_steel.engine
2026-06-22 17:39:31 [INFO] 分割系统初始化成功
2026-06-22 17:39:31 [INFO] 图像预处理完成，原始尺寸: (2160, 3840)
2026-06-22 17:39:31 [INFO] 开始执行分割...
2026-06-22 17:39:31 [DEBUG] 处理后的检测结果形状: (1, 8400, 6)
2026-06-22 17:39:31 [DEBUG] 示例检测结果: [[-4.01124954e+00 -3.25568581e+00  4.01541023e+01  1.61950722e+01
   3.15971391e-08  5.00000000e+00]
 [-5.97354889e+00 -2.82300282e+00  4.51817360e+01  3.01308784e+01
   8.66681038e-09  9.00000000e+00]
 [-3.27931213e+00 -3.09144592e+00  4.59783630e+01  3.03311195e+01
   4.07258227e-09  9.00000000e+00]]
2026-06-22 17:39:31 [DEBUG] 处理后检测输出形状: (0, 52)
2026-06-22 17:39:31 [DEBUG] 有效检测数量: 0
2026-06-22 17:39:31 [DEBUG] 检测输出为空
2026-06-22 17:39:31 [INFO] 掩码中检测到的类别: [0, 1, 2, 3, 4, 5, 6, 7, 8, 9, 10, 11, 12, 13, 15]
2026-06-22 17:39:31 [INFO] 分割完成，检测到 0 个物体
2026-06-22 17:39:31 [INFO] 从分割掩码中提取检测结果
2026-06-22 17:39:31 [INFO] 从掩码中提取了 420 个检测框
2026-06-22 17:39:31 [ERROR] 保存结果失败: 'NoneType' object has no attribute 'astype'
2026-06-22 17:39:31 [INFO] 分割成功
2026-06-22 17:39:31 [INFO] 引擎上下文已释放
2026-06-22 17:39:31 [INFO] TensorRT 引擎已释放
2026-06-22 17:39:31 [INFO] 全局 CUDA 资源已释放
2026-06-22 17:39:31 [INFO] 分割系统资源已释放
2026-06-22 17:39:36 [INFO] CUDA 初始化成功
2026-06-22 17:39:36 [INFO] 引擎加载成功: scrap_steel.engine
2026-06-22 17:39:36 [INFO] 分割系统初始化成功
2026-06-22 17:39:36 [INFO] 图像预处理完成，原始尺寸: (2160, 3840)
2026-06-22 17:39:36 [INFO] 开始执行分割...
2026-06-22 17:39:36 [DEBUG] 处理后的检测结果形状: (1, 8400, 6)
2026-06-22 17:39:36 [DEBUG] 示例检测结果: [[-4.24342346e+00 -3.25871849e+00  4.02683525e+01  1.56530075e+01
   3.51310021e-08  5.00000000e+00]
 [-6.35494614e+00 -2.97862816e+00  4.52515755e+01  3.01780033e+01
   8.81745787e-09  9.00000000e+00]
 [-3.37893677e+00 -3.21909904e+00  4.58364639e+01  3.02309589e+01
   4.21479740e-09  9.00000000e+00]]
2026-06-22 17:39:36 [DEBUG] 处理后检测输出形状: (0, 52)
2026-06-22 17:39:36 [DEBUG] 有效检测数量: 0
2026-06-22 17:39:36 [DEBUG] 检测输出为空
2026-06-22 17:39:36 [INFO] 掩码中检测到的类别: [0, 1, 2, 3, 4, 5, 6, 7, 8, 9, 10, 11, 12, 13, 15]
2026-06-22 17:39:36 [INFO] 分割完成，检测到 0 个物体
2026-06-22 17:39:36 [INFO] 从分割掩码中提取检测结果
2026-06-22 17:39:36 [INFO] 从掩码中提取了 434 个检测框
2026-06-22 17:39:36 [ERROR] 保存结果失败: 'NoneType' object has no attribute 'astype'
2026-06-22 17:39:36 [INFO] 分割成功
2026-06-22 17:39:36 [INFO] 引擎上下文已释放
2026-06-22 17:39:36 [INFO] TensorRT 引擎已释放
2026-06-22 17:39:37 [INFO] 全局 CUDA 资源已释放
2026-06-22 17:39:37 [INFO] 分割系统资源已释放
2026-06-22 17:39:41 [INFO] CUDA 初始化成功
2026-06-22 17:39:41 [INFO] 引擎加载成功: scrap_steel.engine
2026-06-22 17:39:41 [INFO] 分割系统初始化成功
2026-06-22 17:39:41 [INFO] 图像预处理完成，原始尺寸: (2160, 3840)
2026-06-22 17:39:41 [INFO] 开始执行分割...
2026-06-22 17:39:41 [DEBUG] 处理后的检测结果形状: (1, 8400, 6)
2026-06-22 17:39:41 [DEBUG] 示例检测结果: [[-4.08121872e+00 -3.18648720e+00  3.98649025e+01  1.50335770e+01
   3.82865650e-08  5.00000000e+00]
 [-6.66892242e+00 -2.93787289e+00  4.53926315e+01  2.94381714e+01
   9.26153376e-09  9.00000000e+00]
 [-3.67836761e+00 -3.29959106e+00  4.61690140e+01  3.02388535e+01
   4.40732251e-09  9.00000000e+00]]
2026-06-22 17:39:41 [DEBUG] 处理后检测输出形状: (0, 52)
2026-06-22 17:39:41 [DEBUG] 有效检测数量: 0
2026-06-22 17:39:41 [DEBUG] 检测输出为空
2026-06-22 17:39:41 [INFO] 掩码中检测到的类别: [0, 1, 2, 3, 4, 5, 6, 7, 8, 9, 10, 11, 12, 13, 15]
2026-06-22 17:39:41 [INFO] 分割完成，检测到 0 个物体
2026-06-22 17:39:41 [INFO] 从分割掩码中提取检测结果
2026-06-22 17:39:42 [INFO] 从掩码中提取了 436 个检测框
2026-06-22 17:39:42 [INFO] 计算出的车框矩形边界: (2081, 217) to (3840, 1304)
2026-06-22 17:39:42 [INFO] 原始检测数: 436, 过滤后检测数: 160
2026-06-22 17:39:42 [INFO] 保存分割和检测结果到: C:\code\show\Scrap_Steel_In_Field\photos\segmentation\segment_20260622_173942.jpg
2026-06-22 17:39:42 [INFO] JSON结果保存到: C:\code\show\Scrap_Steel_In_Field\photos\segmentation_result.json
2026-06-22 17:39:42 [INFO] 类别统计：{0: 46, 1: 23, 2: 11, 3: 8, 4: 36, 5: 17, 6: 28, 7: 14, 8: 54, 9: 43, 10: 15, 11: 21, 12: 2, 13: 103, 14: 0, 15: 15}
2026-06-22 17:39:42 [INFO] 面积统计：{0: 1944000.0, 1: 149796.0, 2: 19692.0, 3: 212292.0, 4: 187812.0, 5: 43344.0, 6: 749916.0, 7: 41292.0, 8: 1034280.0, 9: 351468.0, 10: 155304.0, 11: 149364.0, 12: 19620.0, 13: 871380.0, 15: 182808.0}
2026-06-22 17:39:42 [INFO] 分割成功
2026-06-22 17:39:42 [INFO] 引擎上下文已释放
2026-06-22 17:39:42 [INFO] TensorRT 引擎已释放
2026-06-22 17:39:42 [INFO] 全局 CUDA 资源已释放
2026-06-22 17:39:42 [INFO] 分割系统资源已释放
2026-06-22 17:39:47 [INFO] CUDA 初始化成功
2026-06-22 17:39:47 [INFO] 引擎加载成功: scrap_steel.engine
2026-06-22 17:39:47 [INFO] 分割系统初始化成功
2026-06-22 17:39:47 [INFO] 图像预处理完成，原始尺寸: (2160, 3840)
2026-06-22 17:39:47 [INFO] 开始执行分割...
2026-06-22 17:39:47 [DEBUG] 处理后的检测结果形状: (1, 8400, 6)
2026-06-22 17:39:47 [DEBUG] 示例检测结果: [[-4.07803345e+00 -3.12970543e+00  3.97190247e+01  1.47632885e+01
   3.76770224e-08  5.00000000e+00]
 [-6.61651230e+00 -2.88864708e+00  4.52593727e+01  2.91556568e+01
   9.10133124e-09  9.00000000e+00]
 [-3.62156677e+00 -3.23538685e+00  4.60582504e+01  2.99875908e+01
   4.32853753e-09  9.00000000e+00]]
2026-06-22 17:39:47 [DEBUG] 处理后检测输出形状: (0, 52)
2026-06-22 17:39:47 [DEBUG] 有效检测数量: 0
2026-06-22 17:39:47 [DEBUG] 检测输出为空
2026-06-22 17:39:47 [INFO] 掩码中检测到的类别: [0, 1, 2, 3, 4, 5, 6, 7, 8, 9, 10, 11, 12, 13, 15]
2026-06-22 17:39:47 [INFO] 分割完成，检测到 0 个物体
2026-06-22 17:39:47 [INFO] 从分割掩码中提取检测结果
2026-06-22 17:39:47 [INFO] 从掩码中提取了 437 个检测框
2026-06-22 17:39:47 [ERROR] 保存结果失败: 'NoneType' object has no attribute 'astype'
2026-06-22 17:39:47 [INFO] 分割成功
2026-06-22 17:39:47 [INFO] 引擎上下文已释放
2026-06-22 17:39:47 [INFO] TensorRT 引擎已释放
2026-06-22 17:39:47 [INFO] 全局 CUDA 资源已释放
2026-06-22 17:39:47 [INFO] 分割系统资源已释放
2026-06-22 17:39:52 [INFO] CUDA 初始化成功
2026-06-22 17:39:52 [INFO] 引擎加载成功: scrap_steel.engine
2026-06-22 17:39:52 [INFO] 分割系统初始化成功
2026-06-22 17:39:52 [INFO] 图像预处理完成，原始尺寸: (2160, 3840)
2026-06-22 17:39:52 [INFO] 开始执行分割...
2026-06-22 17:39:52 [DEBUG] 处理后的检测结果形状: (1, 8400, 6)
2026-06-22 17:39:52 [DEBUG] 示例检测结果: [[-4.09713745e+00 -3.20176601e+00  3.98300858e+01  1.49786139e+01
   3.95122122e-08  5.00000000e+00]
 [-6.67636108e+00 -2.99773216e+00  4.53084869e+01  2.96103420e+01
   9.47526146e-09  9.00000000e+00]
 [-3.64772034e+00 -3.39182091e+00  4.61378937e+01  3.04457569e+01
   4.48716531e-09  9.00000000e+00]]
2026-06-22 17:39:52 [DEBUG] 处理后检测输出形状: (0, 52)
2026-06-22 17:39:52 [DEBUG] 有效检测数量: 0
2026-06-22 17:39:52 [DEBUG] 检测输出为空
2026-06-22 17:39:52 [INFO] 掩码中检测到的类别: [0, 1, 2, 3, 4, 5, 6, 7, 8, 9, 10, 11, 12, 13, 15]
2026-06-22 17:39:52 [INFO] 分割完成，检测到 0 个物体
2026-06-22 17:39:52 [INFO] 从分割掩码中提取检测结果
2026-06-22 17:39:52 [INFO] 从掩码中提取了 394 个检测框
2026-06-22 17:39:52 [INFO] 计算出的车框矩形边界: (1790, 953) to (3829, 2160)
2026-06-22 17:39:52 [INFO] 原始检测数: 394, 过滤后检测数: 171
2026-06-22 17:39:53 [INFO] 保存分割和检测结果到: C:\code\show\Scrap_Steel_In_Field\photos\segmentation\segment_20260622_173952.jpg
2026-06-22 17:39:53 [INFO] JSON结果保存到: C:\code\show\Scrap_Steel_In_Field\photos\segmentation_result.json
2026-06-22 17:39:53 [INFO] 类别统计：{0: 33, 1: 28, 2: 14, 3: 7, 4: 13, 5: 17, 6: 26, 7: 19, 8: 52, 9: 30, 10: 14, 11: 19, 12: 6, 13: 101, 14: 0, 15: 15}
2026-06-22 17:39:53 [INFO] 面积统计：{0: 2532816.0, 1: 204012.0, 2: 51084.0, 3: 187560.0, 4: 75096.0, 5: 66816.0, 6: 692856.0, 7: 28116.0, 8: 1198692.0, 9: 106020.0, 10: 77652.0, 11: 147132.0, 12: 34956.0, 13: 1123272.0, 15: 180288.0}
2026-06-22 17:39:53 [INFO] 分割成功
2026-06-22 17:39:53 [INFO] 引擎上下文已释放
2026-06-22 17:39:53 [INFO] TensorRT 引擎已释放
2026-06-22 17:39:53 [INFO] 全局 CUDA 资源已释放
2026-06-22 17:39:53 [INFO] 分割系统资源已释放
2026-06-22 17:39:57 [INFO] CUDA 初始化成功
2026-06-22 17:39:57 [INFO] 引擎加载成功: scrap_steel.engine
2026-06-22 17:39:57 [INFO] 分割系统初始化成功
2026-06-22 17:39:57 [INFO] 图像预处理完成，原始尺寸: (2160, 3840)
2026-06-22 17:39:57 [INFO] 开始执行分割...
2026-06-22 17:39:57 [DEBUG] 处理后的检测结果形状: (1, 8400, 6)
2026-06-22 17:39:57 [DEBUG] 示例检测结果: [[-4.13655090e+00 -3.17544556e+00  3.93697205e+01  1.48177452e+01
   3.65453765e-08  5.00000000e+00]
 [-6.64594269e+00 -2.96082115e+00  4.49212646e+01  2.89826393e+01
   8.93437324e-09  9.00000000e+00]
 [-3.62574768e+00 -3.29156017e+00  4.58975906e+01  2.97229385e+01
   4.23362323e-09  9.00000000e+00]]
2026-06-22 17:39:57 [DEBUG] 处理后检测输出形状: (4, 52)
2026-06-22 17:39:57 [DEBUG] 有效检测数量: 4
2026-06-22 17:39:57 [DEBUG] 最大置信度: 0.0703, 平均置信度: 0.0594
2026-06-22 17:39:57 [INFO] 掩码中检测到的类别: [0, 1, 2, 3, 4, 5, 6, 7, 8, 9, 10, 11, 12, 13, 15]
2026-06-22 17:39:57 [INFO] 分割完成，检测到 0 个物体
2026-06-22 17:39:57 [INFO] 从分割掩码中提取检测结果
2026-06-22 17:39:58 [INFO] 从掩码中提取了 509 个检测框
2026-06-22 17:39:58 [ERROR] 保存结果失败: 'NoneType' object has no attribute 'astype'
2026-06-22 17:39:58 [INFO] 分割成功
2026-06-22 17:39:58 [INFO] 引擎上下文已释放
2026-06-22 17:39:58 [INFO] TensorRT 引擎已释放
2026-06-22 17:39:58 [INFO] 全局 CUDA 资源已释放
2026-06-22 17:39:58 [INFO] 分割系统资源已释放
2026-06-22 17:40:02 [INFO] CUDA 初始化成功
2026-06-22 17:40:02 [INFO] 引擎加载成功: scrap_steel.engine
2026-06-22 17:40:02 [INFO] 分割系统初始化成功
2026-06-22 17:40:02 [INFO] 图像预处理完成，原始尺寸: (2160, 3840)
2026-06-22 17:40:02 [INFO] 开始执行分割...
2026-06-22 17:40:03 [DEBUG] 处理后的检测结果形状: (1, 8400, 6)
2026-06-22 17:40:03 [DEBUG] 示例检测结果: [[-4.10868835e+00 -3.15521955e+00  3.92473526e+01  1.46738281e+01
   3.65453765e-08  5.00000000e+00]
 [-6.59128189e+00 -2.93640900e+00  4.48059578e+01  2.88241863e+01
   8.93437324e-09  9.00000000e+00]
 [-3.62541199e+00 -3.29278183e+00  4.58741226e+01  2.96036644e+01
   4.20093116e-09  9.00000000e+00]]
2026-06-22 17:40:03 [DEBUG] 处理后检测输出形状: (0, 52)
2026-06-22 17:40:03 [DEBUG] 有效检测数量: 0
2026-06-22 17:40:03 [DEBUG] 检测输出为空
2026-06-22 17:40:03 [INFO] 掩码中检测到的类别: [0, 1, 2, 3, 4, 5, 6, 7, 8, 9, 10, 11, 12, 13, 15]
2026-06-22 17:40:03 [INFO] 分割完成，检测到 0 个物体
2026-06-22 17:40:03 [INFO] 从分割掩码中提取检测结果
2026-06-22 17:40:03 [INFO] 从掩码中提取了 544 个检测框
2026-06-22 17:40:03 [INFO] 计算出的车框矩形边界: (1020, 1463) to (3246, 2160)
2026-06-22 17:40:03 [INFO] 原始检测数: 544, 过滤后检测数: 167
2026-06-22 17:40:04 [INFO] 保存分割和检测结果到: C:\code\show\Scrap_Steel_In_Field\photos\segmentation\segment_20260622_174003.jpg
2026-06-22 17:40:04 [INFO] JSON结果保存到: C:\code\show\Scrap_Steel_In_Field\photos\segmentation_result.json
2026-06-22 17:40:04 [INFO] 类别统计：{0: 37, 1: 49, 2: 22, 3: 6, 4: 48, 5: 29, 6: 37, 7: 19, 8: 68, 9: 47, 10: 24, 11: 19, 12: 3, 13: 100, 14: 0, 15: 36}
2026-06-22 17:40:04 [INFO] 面积统计：{0: 2477016.0, 1: 368280.0, 2: 29016.0, 3: 125712.0, 4: 406404.0, 5: 94896.0, 6: 502416.0, 7: 31572.0, 8: 1465272.0, 9: 278352.0, 10: 152784.0, 11: 166104.0, 12: 6264.0, 13: 945180.0, 15: 136692.0}
2026-06-22 17:40:04 [INFO] 分割成功
2026-06-22 17:40:04 [INFO] 引擎上下文已释放
2026-06-22 17:40:04 [INFO] TensorRT 引擎已释放
2026-06-22 17:40:04 [INFO] 全局 CUDA 资源已释放
2026-06-22 17:40:04 [INFO] 分割系统资源已释放
2026-06-22 17:40:08 [INFO] CUDA 初始化成功
2026-06-22 17:40:08 [INFO] 引擎加载成功: scrap_steel.engine
2026-06-22 17:40:08 [INFO] 分割系统初始化成功
2026-06-22 17:40:08 [INFO] 图像预处理完成，原始尺寸: (2160, 3840)
2026-06-22 17:40:08 [INFO] 开始执行分割...
2026-06-22 17:40:08 [DEBUG] 处理后的检测结果形状: (1, 8400, 6)
2026-06-22 17:40:08 [DEBUG] 示例检测结果: [[-4.09432983e+00 -3.14815474e+00  3.93029366e+01  1.46779404e+01
   3.62600083e-08  5.00000000e+00]
 [-6.60316086e+00 -2.92457581e+00  4.47884026e+01  2.87723713e+01
   8.92721097e-09  9.00000000e+00]
 [-3.62645721e+00 -3.29510212e+00  4.58738632e+01  2.96155777e+01
   4.18453361e-09  9.00000000e+00]]
2026-06-22 17:40:08 [DEBUG] 处理后检测输出形状: (0, 52)
2026-06-22 17:40:08 [DEBUG] 有效检测数量: 0
2026-06-22 17:40:08 [DEBUG] 检测输出为空
2026-06-22 17:40:08 [INFO] 掩码中检测到的类别: [0, 1, 2, 3, 4, 5, 6, 7, 8, 9, 10, 11, 12, 13, 15]
2026-06-22 17:40:08 [INFO] 分割完成，检测到 0 个物体
2026-06-22 17:40:08 [INFO] 从分割掩码中提取检测结果
2026-06-22 17:40:08 [INFO] 从掩码中提取了 539 个检测框
2026-06-22 17:40:08 [ERROR] 保存结果失败: 'NoneType' object has no attribute 'astype'
2026-06-22 17:40:08 [INFO] 分割成功
2026-06-22 17:40:08 [INFO] 引擎上下文已释放
2026-06-22 17:40:08 [INFO] TensorRT 引擎已释放
2026-06-22 17:40:08 [INFO] 全局 CUDA 资源已释放
2026-06-22 17:40:08 [INFO] 分割系统资源已释放
2026-06-22 17:40:13 [INFO] CUDA 初始化成功
2026-06-22 17:40:13 [INFO] 引擎加载成功: scrap_steel.engine
2026-06-22 17:40:13 [INFO] 分割系统初始化成功
2026-06-22 17:40:13 [INFO] 图像预处理完成，原始尺寸: (2160, 3840)
2026-06-22 17:40:13 [INFO] 开始执行分割...
2026-06-22 17:40:13 [DEBUG] 处理后的检测结果形状: (1, 8400, 6)
2026-06-22 17:40:13 [DEBUG] 示例检测结果: [[-4.13542175e+00 -3.16429329e+00  3.95065994e+01  1.48606319e+01
   3.73866236e-08  5.00000000e+00]
 [-6.65171432e+00 -2.92474365e+00  4.49951286e+01  2.90198135e+01
   9.06374442e-09  9.00000000e+00]
 [-3.63740921e+00 -3.30280781e+00  4.59487038e+01  2.98212662e+01
   4.28242242e-09  9.00000000e+00]]
2026-06-22 17:40:13 [DEBUG] 处理后检测输出形状: (0, 52)
2026-06-22 17:40:13 [DEBUG] 有效检测数量: 0
2026-06-22 17:40:13 [DEBUG] 检测输出为空
2026-06-22 17:40:13 [INFO] 掩码中检测到的类别: [0, 1, 2, 3, 4, 5, 6, 7, 8, 9, 10, 11, 12, 13, 15]
2026-06-22 17:40:13 [INFO] 分割完成，检测到 0 个物体
2026-06-22 17:40:13 [INFO] 从分割掩码中提取检测结果
2026-06-22 17:40:14 [INFO] 从掩码中提取了 476 个检测框
2026-06-22 17:40:14 [ERROR] 保存结果失败: 'NoneType' object has no attribute 'astype'
2026-06-22 17:40:14 [INFO] 分割成功
2026-06-22 17:40:14 [INFO] 引擎上下文已释放
2026-06-22 17:40:14 [INFO] TensorRT 引擎已释放
2026-06-22 17:40:14 [INFO] 全局 CUDA 资源已释放
2026-06-22 17:40:14 [INFO] 分割系统资源已释放
2026-06-22 17:40:18 [INFO] CUDA 初始化成功
2026-06-22 17:40:18 [INFO] 引擎加载成功: scrap_steel.engine
2026-06-22 17:40:18 [INFO] 分割系统初始化成功
2026-06-22 17:40:18 [INFO] 图像预处理完成，原始尺寸: (2160, 3840)
2026-06-22 17:40:18 [INFO] 开始执行分割...
2026-06-22 17:40:19 [DEBUG] 处理后的检测结果形状: (1, 8400, 6)
2026-06-22 17:40:19 [DEBUG] 示例检测结果: [[-4.10897446e+00 -3.15783501e+00  3.93412209e+01  1.48351841e+01
   3.62519188e-08  5.00000000e+00]
 [-6.58163071e+00 -2.92500496e+00  4.47888374e+01  2.89227085e+01
   8.92721097e-09  9.00000000e+00]
 [-3.60864258e+00 -3.28305244e+00  4.58607788e+01  2.96669178e+01
   4.18410906e-09  9.00000000e+00]]
2026-06-22 17:40:19 [DEBUG] 处理后检测输出形状: (0, 52)
2026-06-22 17:40:19 [DEBUG] 有效检测数量: 0
2026-06-22 17:40:19 [DEBUG] 检测输出为空
2026-06-22 17:40:19 [INFO] 掩码中检测到的类别: [0, 1, 2, 3, 4, 5, 6, 7, 8, 9, 10, 11, 12, 13, 15]
2026-06-22 17:40:19 [INFO] 分割完成，检测到 0 个物体
2026-06-22 17:40:19 [INFO] 从分割掩码中提取检测结果
2026-06-22 17:40:19 [INFO] 从掩码中提取了 513 个检测框
2026-06-22 17:40:19 [ERROR] 保存结果失败: 'NoneType' object has no attribute 'astype'
2026-06-22 17:40:19 [INFO] 分割成功
2026-06-22 17:40:19 [INFO] 引擎上下文已释放
2026-06-22 17:40:19 [INFO] TensorRT 引擎已释放
2026-06-22 17:40:19 [INFO] 全局 CUDA 资源已释放
2026-06-22 17:40:19 [INFO] 分割系统资源已释放
2026-06-22 17:40:24 [INFO] CUDA 初始化成功
2026-06-22 17:40:24 [INFO] 引擎加载成功: scrap_steel.engine
2026-06-22 17:40:24 [INFO] 分割系统初始化成功
2026-06-22 17:40:24 [INFO] 图像预处理完成，原始尺寸: (2160, 3840)
2026-06-22 17:40:24 [INFO] 开始执行分割...
2026-06-22 17:40:24 [DEBUG] 处理后的检测结果形状: (1, 8400, 6)
2026-06-22 17:40:24 [DEBUG] 示例检测结果: [[-4.08073044e+00 -3.13389874e+00  3.92910957e+01  1.47321520e+01
   3.69630229e-08  5.00000000e+00]
 [-6.58095169e+00 -2.91370583e+00  4.48474236e+01  2.89071274e+01
   9.09547637e-09  9.00000000e+00]
 [-3.64008713e+00 -3.26606369e+00  4.59090843e+01  2.96739769e+01
   4.26712710e-09  9.00000000e+00]]
2026-06-22 17:40:24 [DEBUG] 处理后检测输出形状: (0, 52)
2026-06-22 17:40:24 [DEBUG] 有效检测数量: 0
2026-06-22 17:40:24 [DEBUG] 检测输出为空
2026-06-22 17:40:24 [INFO] 掩码中检测到的类别: [0, 1, 2, 3, 4, 5, 6, 7, 8, 9, 10, 11, 12, 13, 15]
2026-06-22 17:40:24 [INFO] 分割完成，检测到 0 个物体
2026-06-22 17:40:24 [INFO] 从分割掩码中提取检测结果
2026-06-22 17:40:24 [INFO] 从掩码中提取了 514 个检测框
2026-06-22 17:40:24 [INFO] 计算出的车框矩形边界: (1015, 1158) to (3223, 2116)
2026-06-22 17:40:24 [INFO] 原始检测数: 514, 过滤后检测数: 186
2026-06-22 17:40:25 [INFO] 保存分割和检测结果到: C:\code\show\Scrap_Steel_In_Field\photos\segmentation\segment_20260622_174024.jpg
2026-06-22 17:40:25 [INFO] JSON结果保存到: C:\code\show\Scrap_Steel_In_Field\photos\segmentation_result.json
2026-06-22 17:40:25 [INFO] 类别统计：{0: 21, 1: 65, 2: 16, 3: 4, 4: 30, 5: 27, 6: 35, 7: 21, 8: 80, 9: 53, 10: 26, 11: 17, 12: 9, 13: 85, 14: 0, 15: 25}
2026-06-22 17:40:25 [INFO] 面积统计：{0: 3587760.0, 1: 370836.0, 2: 43812.0, 3: 121032.0, 4: 291384.0, 5: 64836.0, 6: 542124.0, 7: 44460.0, 8: 1041588.0, 9: 228204.0, 10: 173088.0, 11: 161532.0, 12: 63720.0, 13: 734292.0, 15: 93456.0}
2026-06-22 17:40:25 [INFO] 分割成功
2026-06-22 17:40:25 [INFO] 引擎上下文已释放
2026-06-22 17:40:25 [INFO] TensorRT 引擎已释放
2026-06-22 17:40:25 [INFO] 全局 CUDA 资源已释放
2026-06-22 17:40:25 [INFO] 分割系统资源已释放
2026-06-22 17:40:29 [INFO] CUDA 初始化成功
2026-06-22 17:40:29 [INFO] 引擎加载成功: scrap_steel.engine
2026-06-22 17:40:29 [INFO] 分割系统初始化成功
2026-06-22 17:40:29 [INFO] 图像预处理完成，原始尺寸: (2160, 3840)
2026-06-22 17:40:29 [INFO] 开始执行分割...
2026-06-22 17:40:29 [DEBUG] 处理后的检测结果形状: (1, 8400, 6)
2026-06-22 17:40:29 [DEBUG] 示例检测结果: [[-4.10805130e+00 -3.13585186e+00  3.93671532e+01  1.47637320e+01
   3.65453765e-08  5.00000000e+00]
 [-6.57868195e+00 -2.91259956e+00  4.48556900e+01  2.89468842e+01
   9.07208708e-09  9.00000000e+00]
 [-3.63817596e+00 -3.29549217e+00  4.59166718e+01  2.97172184e+01
   4.26698676e-09  9.00000000e+00]]
2026-06-22 17:40:29 [DEBUG] 处理后检测输出形状: (0, 52)
2026-06-22 17:40:29 [DEBUG] 有效检测数量: 0
2026-06-22 17:40:29 [DEBUG] 检测输出为空
2026-06-22 17:40:29 [INFO] 掩码中检测到的类别: [0, 1, 2, 3, 4, 5, 6, 7, 8, 9, 10, 11, 12, 13, 15]
2026-06-22 17:40:29 [INFO] 分割完成，检测到 0 个物体
2026-06-22 17:40:29 [INFO] 从分割掩码中提取检测结果
2026-06-22 17:40:30 [INFO] 从掩码中提取了 484 个检测框
2026-06-22 17:40:30 [INFO] 计算出的车框矩形边界: (1016, 1157) to (3226, 2113)
2026-06-22 17:40:30 [INFO] 原始检测数: 484, 过滤后检测数: 188
2026-06-22 17:40:30 [INFO] 保存分割和检测结果到: C:\code\show\Scrap_Steel_In_Field\photos\segmentation\segment_20260622_174030.jpg
2026-06-22 17:40:30 [INFO] JSON结果保存到: C:\code\show\Scrap_Steel_In_Field\photos\segmentation_result.json
2026-06-22 17:40:30 [INFO] 类别统计：{0: 21, 1: 53, 2: 19, 3: 4, 4: 35, 5: 19, 6: 32, 7: 23, 8: 82, 9: 56, 10: 21, 11: 15, 12: 12, 13: 67, 14: 0, 15: 25}
2026-06-22 17:40:30 [INFO] 面积统计：{0: 3645792.0, 1: 355824.0, 2: 39852.0, 3: 127188.0, 4: 303732.0, 5: 67464.0, 6: 529668.0, 7: 41688.0, 8: 1011024.0, 9: 233928.0, 10: 187704.0, 11: 166788.0, 12: 71064.0, 13: 710316.0, 15: 105084.0}
2026-06-22 17:40:30 [INFO] 分割成功
2026-06-22 17:40:30 [INFO] 引擎上下文已释放
2026-06-22 17:40:30 [INFO] TensorRT 引擎已释放
2026-06-22 17:40:30 [INFO] 全局 CUDA 资源已释放
2026-06-22 17:40:30 [INFO] 分割系统资源已释放
2026-06-22 17:40:35 [INFO] CUDA 初始化成功
2026-06-22 17:40:35 [INFO] 引擎加载成功: scrap_steel.engine
2026-06-22 17:40:35 [INFO] 分割系统初始化成功
2026-06-22 17:40:35 [INFO] 图像预处理完成，原始尺寸: (2160, 3840)
2026-06-22 17:40:35 [INFO] 开始执行分割...
2026-06-22 17:40:35 [DEBUG] 处理后的检测结果形状: (1, 8400, 6)
2026-06-22 17:40:35 [DEBUG] 示例检测结果: [[-4.09453964e+00 -3.14491844e+00  3.93306389e+01  1.47288322e+01
   3.68192730e-08  5.00000000e+00]
 [-6.58695221e+00 -2.92105675e+00  4.48117218e+01  2.88912220e+01
   9.13094400e-09  9.00000000e+00]
 [-3.63890457e+00 -3.29236507e+00  4.58772507e+01  2.97253685e+01
   4.23391988e-09  9.00000000e+00]]
2026-06-22 17:40:35 [DEBUG] 处理后检测输出形状: (0, 52)
2026-06-22 17:40:35 [DEBUG] 有效检测数量: 0
2026-06-22 17:40:35 [DEBUG] 检测输出为空
2026-06-22 17:40:35 [INFO] 掩码中检测到的类别: [0, 1, 2, 3, 4, 5, 6, 7, 8, 9, 10, 11, 12, 13, 15]
2026-06-22 17:40:35 [INFO] 分割完成，检测到 0 个物体
2026-06-22 17:40:35 [INFO] 从分割掩码中提取检测结果
2026-06-22 17:40:35 [INFO] 从掩码中提取了 492 个检测框
2026-06-22 17:40:35 [INFO] 计算出的车框矩形边界: (1015, 1157) to (3227, 2111)
2026-06-22 17:40:35 [INFO] 原始检测数: 492, 过滤后检测数: 204
2026-06-22 17:40:36 [INFO] 保存分割和检测结果到: C:\code\show\Scrap_Steel_In_Field\photos\segmentation\segment_20260622_174035.jpg
2026-06-22 17:40:36 [INFO] JSON结果保存到: C:\code\show\Scrap_Steel_In_Field\photos\segmentation_result.json
2026-06-22 17:40:36 [INFO] 类别统计：{0: 23, 1: 55, 2: 18, 3: 4, 4: 37, 5: 23, 6: 36, 7: 26, 8: 77, 9: 59, 10: 23, 11: 16, 12: 12, 13: 65, 14: 0, 15: 18}
2026-06-22 17:40:36 [INFO] 面积统计：{0: 3541896.0, 1: 352800.0, 2: 41112.0, 3: 129852.0, 4: 312336.0, 5: 68904.0, 6: 528372.0, 7: 39564.0, 8: 1017000.0, 9: 256392.0, 10: 182160.0, 11: 162540.0, 12: 83592.0, 13: 712188.0, 15: 94176.0}
2026-06-22 17:40:36 [INFO] 分割成功
2026-06-22 17:40:36 [INFO] 引擎上下文已释放
2026-06-22 17:40:36 [INFO] TensorRT 引擎已释放
2026-06-22 17:40:36 [INFO] 全局 CUDA 资源已释放
2026-06-22 17:40:36 [INFO] 分割系统资源已释放
2026-06-22 17:40:41 [INFO] CUDA 初始化成功
2026-06-22 17:40:41 [INFO] 引擎加载成功: scrap_steel.engine
2026-06-22 17:40:41 [INFO] 分割系统初始化成功
2026-06-22 17:40:41 [INFO] 图像预处理完成，原始尺寸: (2160, 3840)
2026-06-22 17:40:41 [INFO] 开始执行分割...
2026-06-22 17:40:41 [DEBUG] 处理后的检测结果形状: (1, 8400, 6)
2026-06-22 17:40:41 [DEBUG] 示例检测结果: [[-4.11382675e+00 -3.16748095e+00  3.94112816e+01  1.49018555e+01
   3.71067799e-08  5.00000000e+00]
 [-6.61565399e+00 -2.96005726e+00  4.47925491e+01  2.90543327e+01
   9.07538045e-09  9.00000000e+00]
 [-3.62871933e+00 -3.32240105e+00  4.58588409e+01  2.97299175e+01
   4.21761293e-09  9.00000000e+00]]
2026-06-22 17:40:41 [DEBUG] 处理后检测输出形状: (0, 52)
2026-06-22 17:40:41 [DEBUG] 有效检测数量: 0
2026-06-22 17:40:41 [DEBUG] 检测输出为空
2026-06-22 17:40:41 [INFO] 掩码中检测到的类别: [0, 1, 2, 3, 4, 5, 6, 7, 8, 9, 10, 11, 12, 13, 15]
2026-06-22 17:40:41 [INFO] 分割完成，检测到 0 个物体
2026-06-22 17:40:41 [INFO] 从分割掩码中提取检测结果
2026-06-22 17:40:41 [INFO] 从掩码中提取了 518 个检测框
2026-06-22 17:40:41 [INFO] 计算出的车框矩形边界: (1015, 1157) to (3227, 2112)
2026-06-22 17:40:41 [INFO] 原始检测数: 518, 过滤后检测数: 192
2026-06-22 17:40:42 [INFO] 保存分割和检测结果到: C:\code\show\Scrap_Steel_In_Field\photos\segmentation\segment_20260622_174041.jpg
2026-06-22 17:40:42 [INFO] JSON结果保存到: C:\code\show\Scrap_Steel_In_Field\photos\segmentation_result.json
2026-06-22 17:40:42 [INFO] 类别统计：{0: 26, 1: 58, 2: 18, 3: 3, 4: 36, 5: 27, 6: 31, 7: 20, 8: 90, 9: 62, 10: 21, 11: 18, 12: 9, 13: 75, 14: 0, 15: 24}
2026-06-22 17:40:42 [INFO] 面积统计：{0: 3631716.0, 1: 357156.0, 2: 40536.0, 3: 125640.0, 4: 309276.0, 5: 59544.0, 6: 561816.0, 7: 41868.0, 8: 985968.0, 9: 251748.0, 10: 185580.0, 11: 171000.0, 12: 70560.0, 13: 715212.0, 15: 111240.0}
2026-06-22 17:40:42 [INFO] 分割成功
2026-06-22 17:40:42 [INFO] 引擎上下文已释放
2026-06-22 17:40:42 [INFO] TensorRT 引擎已释放
2026-06-22 17:40:42 [INFO] 全局 CUDA 资源已释放
2026-06-22 17:40:42 [INFO] 分割系统资源已释放
2026-06-22 17:40:46 [INFO] CUDA 初始化成功
2026-06-22 17:40:46 [INFO] 引擎加载成功: scrap_steel.engine
2026-06-22 17:40:46 [INFO] 分割系统初始化成功
2026-06-22 17:40:46 [INFO] 图像预处理完成，原始尺寸: (2160, 3840)
2026-06-22 17:40:46 [INFO] 开始执行分割...
2026-06-22 17:40:46 [DEBUG] 处理后的检测结果形状: (1, 8400, 6)
2026-06-22 17:40:46 [DEBUG] 示例检测结果: [[-4.12540817e+00 -3.18541813e+00  3.93183937e+01  1.49982672e+01
   3.68307447e-08  5.00000000e+00]
 [-6.61566162e+00 -2.93428421e+00  4.47814331e+01  2.90444603e+01
   8.93136765e-09  9.00000000e+00]
 [-3.62810516e+00 -3.29351997e+00  4.58385239e+01  2.96773396e+01
   4.16823909e-09  9.00000000e+00]]
2026-06-22 17:40:46 [DEBUG] 处理后检测输出形状: (0, 52)
2026-06-22 17:40:46 [DEBUG] 有效检测数量: 0
2026-06-22 17:40:46 [DEBUG] 检测输出为空
2026-06-22 17:40:46 [INFO] 掩码中检测到的类别: [0, 1, 2, 3, 4, 5, 6, 7, 8, 9, 10, 11, 12, 13, 15]
2026-06-22 17:40:46 [INFO] 分割完成，检测到 0 个物体
2026-06-22 17:40:46 [INFO] 从分割掩码中提取检测结果
2026-06-22 17:40:46 [INFO] 从掩码中提取了 516 个检测框
2026-06-22 17:40:46 [INFO] 计算出的车框矩形边界: (1014, 1156) to (3225, 2118)
2026-06-22 17:40:46 [INFO] 原始检测数: 516, 过滤后检测数: 186
2026-06-22 17:40:47 [INFO] 保存分割和检测结果到: C:\code\show\Scrap_Steel_In_Field\photos\segmentation\segment_20260622_174046.jpg
2026-06-22 17:40:47 [INFO] JSON结果保存到: C:\code\show\Scrap_Steel_In_Field\photos\segmentation_result.json
2026-06-22 17:40:47 [INFO] 类别统计：{0: 18, 1: 53, 2: 19, 3: 5, 4: 36, 5: 21, 6: 32, 7: 22, 8: 101, 9: 57, 10: 23, 11: 18, 12: 13, 13: 78, 14: 0, 15: 20}
2026-06-22 17:40:47 [INFO] 面积统计：{0: 3603276.0, 1: 338616.0, 2: 37656.0, 3: 127260.0, 4: 312408.0, 5: 58176.0, 6: 547092.0, 7: 40572.0, 8: 1045152.0, 9: 224208.0, 10: 191484.0, 11: 168876.0, 12: 64440.0, 13: 706356.0, 15: 95184.0}
2026-06-22 17:40:47 [INFO] 分割成功
2026-06-22 17:40:47 [INFO] 引擎上下文已释放
2026-06-22 17:40:47 [INFO] TensorRT 引擎已释放
2026-06-22 17:40:47 [INFO] 全局 CUDA 资源已释放
2026-06-22 17:40:47 [INFO] 分割系统资源已释放
2026-06-22 17:40:51 [INFO] CUDA 初始化成功
2026-06-22 17:40:51 [INFO] 引擎加载成功: scrap_steel.engine
2026-06-22 17:40:51 [INFO] 分割系统初始化成功
2026-06-22 17:40:51 [INFO] 图像预处理完成，原始尺寸: (2160, 3840)
2026-06-22 17:40:51 [INFO] 开始执行分割...
2026-06-22 17:40:51 [DEBUG] 处理后的检测结果形状: (1, 8400, 6)
2026-06-22 17:40:51 [DEBUG] 示例检测结果: [[-4.14167786e+00 -3.19074535e+00  3.94594574e+01  1.50329046e+01
   3.74025291e-08  5.00000000e+00]
 [-6.68719101e+00 -2.98196697e+00  4.48179436e+01  2.92197685e+01
   9.16684950e-09  9.00000000e+00]
 [-3.64419174e+00 -3.34488487e+00  4.58785057e+01  2.98417416e+01
   4.26712710e-09  9.00000000e+00]]
2026-06-22 17:40:51 [DEBUG] 处理后检测输出形状: (0, 52)
2026-06-22 17:40:51 [DEBUG] 有效检测数量: 0
2026-06-22 17:40:51 [DEBUG] 检测输出为空
2026-06-22 17:40:52 [INFO] 掩码中检测到的类别: [0, 1, 2, 3, 4, 5, 6, 7, 8, 9, 10, 11, 12, 13, 15]
2026-06-22 17:40:52 [INFO] 分割完成，检测到 0 个物体
2026-06-22 17:40:52 [INFO] 从分割掩码中提取检测结果
2026-06-22 17:40:52 [INFO] 从掩码中提取了 507 个检测框
2026-06-22 17:40:52 [INFO] 计算出的车框矩形边界: (1015, 1159) to (3226, 2118)
2026-06-22 17:40:52 [INFO] 原始检测数: 507, 过滤后检测数: 197
2026-06-22 17:40:52 [INFO] 保存分割和检测结果到: C:\code\show\Scrap_Steel_In_Field\photos\segmentation\segment_20260622_174052.jpg
2026-06-22 17:40:52 [INFO] JSON结果保存到: C:\code\show\Scrap_Steel_In_Field\photos\segmentation_result.json
2026-06-22 17:40:52 [INFO] 类别统计：{0: 18, 1: 52, 2: 21, 3: 4, 4: 38, 5: 25, 6: 36, 7: 28, 8: 77, 9: 54, 10: 27, 11: 17, 12: 10, 13: 78, 14: 0, 15: 22}
2026-06-22 17:40:52 [INFO] 面积统计：{0: 3569508.0, 1: 377388.0, 2: 37296.0, 3: 125136.0, 4: 345096.0, 5: 58968.0, 6: 550512.0, 7: 41364.0, 8: 1048608.0, 9: 214524.0, 10: 197748.0, 11: 172404.0, 12: 71064.0, 13: 723852.0, 15: 104112.0}
2026-06-22 17:40:52 [INFO] 分割成功
2026-06-22 17:40:52 [INFO] 引擎上下文已释放
2026-06-22 17:40:52 [INFO] TensorRT 引擎已释放
2026-06-22 17:40:53 [INFO] 全局 CUDA 资源已释放
2026-06-22 17:40:53 [INFO] 分割系统资源已释放
2026-06-22 17:40:56 [INFO] CUDA 初始化成功
2026-06-22 17:40:56 [INFO] 引擎加载成功: scrap_steel.engine
2026-06-22 17:40:56 [INFO] 分割系统初始化成功
2026-06-22 17:40:56 [INFO] 图像预处理完成，原始尺寸: (2160, 3840)
2026-06-22 17:40:56 [INFO] 开始执行分割...
2026-06-22 17:40:56 [DEBUG] 处理后的检测结果形状: (1, 8400, 6)
2026-06-22 17:40:56 [DEBUG] 示例检测结果: [[-4.08084869e+00 -3.13876152e+00  3.93002281e+01  1.47710438e+01
   3.68307447e-08  5.00000000e+00]
 [-6.58929062e+00 -2.93594933e+00  4.47539330e+01  2.90610371e+01
   9.07208708e-09  9.00000000e+00]
 [-3.64203644e+00 -3.31920338e+00  4.58694763e+01  2.97696877e+01
   4.26698676e-09  9.00000000e+00]]
2026-06-22 17:40:56 [DEBUG] 处理后检测输出形状: (0, 52)
2026-06-22 17:40:56 [DEBUG] 有效检测数量: 0
2026-06-22 17:40:56 [DEBUG] 检测输出为空
2026-06-22 17:40:56 [INFO] 掩码中检测到的类别: [0, 1, 2, 3, 4, 5, 6, 7, 8, 9, 10, 11, 12, 13, 15]
2026-06-22 17:40:56 [INFO] 分割完成，检测到 0 个物体
2026-06-22 17:40:56 [INFO] 从分割掩码中提取检测结果
2026-06-22 17:40:57 [INFO] 从掩码中提取了 511 个检测框
2026-06-22 17:40:57 [INFO] 计算出的车框矩形边界: (1014, 1157) to (3225, 2118)
2026-06-22 17:40:57 [INFO] 原始检测数: 511, 过滤后检测数: 192
2026-06-22 17:40:57 [INFO] 保存分割和检测结果到: C:\code\show\Scrap_Steel_In_Field\photos\segmentation\segment_20260622_174057.jpg
2026-06-22 17:40:57 [INFO] JSON结果保存到: C:\code\show\Scrap_Steel_In_Field\photos\segmentation_result.json
2026-06-22 17:40:57 [INFO] 类别统计：{0: 23, 1: 50, 2: 22, 3: 5, 4: 36, 5: 27, 6: 31, 7: 20, 8: 81, 9: 62, 10: 24, 11: 15, 12: 14, 13: 75, 14: 0, 15: 26}
2026-06-22 17:40:57 [INFO] 面积统计：{0: 3605148.0, 1: 356940.0, 2: 40104.0, 3: 129456.0, 4: 316512.0, 5: 63576.0, 6: 541296.0, 7: 39996.0, 8: 1038060.0, 9: 235764.0, 10: 192132.0, 11: 169200.0, 12: 89748.0, 13: 712332.0, 15: 97056.0}
2026-06-22 17:40:57 [INFO] 分割成功
2026-06-22 17:40:57 [INFO] 引擎上下文已释放
2026-06-22 17:40:57 [INFO] TensorRT 引擎已释放
2026-06-22 17:40:57 [INFO] 全局 CUDA 资源已释放
2026-06-22 17:40:57 [INFO] 分割系统资源已释放
2026-06-22 17:41:02 [INFO] CUDA 初始化成功
2026-06-22 17:41:02 [INFO] 引擎加载成功: scrap_steel.engine
2026-06-22 17:41:02 [INFO] 分割系统初始化成功
2026-06-22 17:41:02 [INFO] 图像预处理完成，原始尺寸: (2160, 3840)
2026-06-22 17:41:02 [INFO] 开始执行分割...
2026-06-22 17:41:02 [DEBUG] 处理后的检测结果形状: (1, 8400, 6)
2026-06-22 17:41:02 [DEBUG] 示例检测结果: [[-4.11421204e+00 -3.18735218e+00  3.93908730e+01  1.49034185e+01
   3.76956955e-08  5.00000000e+00]
 [-6.62904358e+00 -2.95851421e+00  4.48350220e+01  2.90728493e+01
   9.16684950e-09  9.00000000e+00]
 [-3.66242599e+00 -3.33245087e+00  4.58775482e+01  2.97943039e+01
   4.23357260e-09  9.00000000e+00]]
2026-06-22 17:41:02 [DEBUG] 处理后检测输出形状: (0, 52)
2026-06-22 17:41:02 [DEBUG] 有效检测数量: 0
2026-06-22 17:41:02 [DEBUG] 检测输出为空
2026-06-22 17:41:02 [INFO] 掩码中检测到的类别: [0, 1, 2, 3, 4, 5, 6, 7, 8, 9, 10, 11, 12, 13, 15]
2026-06-22 17:41:02 [INFO] 分割完成，检测到 0 个物体
2026-06-22 17:41:02 [INFO] 从分割掩码中提取检测结果
2026-06-22 17:41:02 [INFO] 从掩码中提取了 497 个检测框
2026-06-22 17:41:02 [INFO] 计算出的车框矩形边界: (1014, 1157) to (3226, 2117)
2026-06-22 17:41:02 [INFO] 原始检测数: 497, 过滤后检测数: 193
2026-06-22 17:41:03 [INFO] 保存分割和检测结果到: C:\code\show\Scrap_Steel_In_Field\photos\segmentation\segment_20260622_174102.jpg
2026-06-22 17:41:03 [INFO] JSON结果保存到: C:\code\show\Scrap_Steel_In_Field\photos\segmentation_result.json
2026-06-22 17:41:03 [INFO] 类别统计：{0: 12, 1: 55, 2: 17, 3: 6, 4: 39, 5: 20, 6: 31, 7: 20, 8: 77, 9: 51, 10: 30, 11: 17, 12: 17, 13: 74, 14: 0, 15: 31}
2026-06-22 17:41:03 [INFO] 面积统计：{0: 3529836.0, 1: 371196.0, 2: 38232.0, 3: 128376.0, 4: 320544.0, 5: 56700.0, 6: 529884.0, 7: 38844.0, 8: 1015920.0, 9: 239724.0, 10: 193680.0, 11: 162648.0, 12: 84600.0, 13: 728208.0, 15: 83484.0}
2026-06-22 17:41:03 [INFO] 分割成功
2026-06-22 17:41:03 [INFO] 引擎上下文已释放
2026-06-22 17:41:03 [INFO] TensorRT 引擎已释放
2026-06-22 17:41:03 [INFO] 全局 CUDA 资源已释放
2026-06-22 17:41:03 [INFO] 分割系统资源已释放
2026-06-22 17:41:07 [INFO] CUDA 初始化成功
2026-06-22 17:41:07 [INFO] 引擎加载成功: scrap_steel.engine
2026-06-22 17:41:07 [INFO] 分割系统初始化成功
2026-06-22 17:41:07 [INFO] 图像预处理完成，原始尺寸: (2160, 3840)
2026-06-22 17:41:07 [INFO] 开始执行分割...
2026-06-22 17:41:07 [DEBUG] 处理后的检测结果形状: (1, 8400, 6)
2026-06-22 17:41:07 [DEBUG] 示例检测结果: [[-4.10868073e+00 -3.16567373e+00  3.92680588e+01  1.48391705e+01
   3.68307447e-08  5.00000000e+00]
 [-6.60636520e+00 -2.94804955e+00  4.47738075e+01  2.90042343e+01
   8.93437324e-09  9.00000000e+00]
 [-3.64492035e+00 -3.31839752e+00  4.58756943e+01  2.97599716e+01
   4.16823909e-09  9.00000000e+00]]
2026-06-22 17:41:07 [DEBUG] 处理后检测输出形状: (0, 52)
2026-06-22 17:41:07 [DEBUG] 有效检测数量: 0
2026-06-22 17:41:07 [DEBUG] 检测输出为空
2026-06-22 17:41:07 [INFO] 掩码中检测到的类别: [0, 1, 2, 3, 4, 5, 6, 7, 8, 9, 10, 11, 12, 13, 15]
2026-06-22 17:41:08 [INFO] 分割完成，检测到 0 个物体
2026-06-22 17:41:08 [INFO] 从分割掩码中提取检测结果
2026-06-22 17:41:08 [INFO] 从掩码中提取了 498 个检测框
2026-06-22 17:41:08 [INFO] 计算出的车框矩形边界: (1015, 1157) to (3226, 2119)
2026-06-22 17:41:08 [INFO] 原始检测数: 498, 过滤后检测数: 206
2026-06-22 17:41:09 [INFO] 保存分割和检测结果到: C:\code\show\Scrap_Steel_In_Field\photos\segmentation\segment_20260622_174108.jpg
2026-06-22 17:41:09 [INFO] JSON结果保存到: C:\code\show\Scrap_Steel_In_Field\photos\segmentation_result.json
2026-06-22 17:41:09 [INFO] 类别统计：{0: 16, 1: 48, 2: 21, 3: 4, 4: 33, 5: 25, 6: 36, 7: 25, 8: 77, 9: 58, 10: 28, 11: 19, 12: 16, 13: 69, 14: 0, 15: 23}
2026-06-22 17:41:09 [INFO] 面积统计：{0: 3654540.0, 1: 337860.0, 2: 39708.0, 3: 123768.0, 4: 319140.0, 5: 58464.0, 6: 546372.0, 7: 41472.0, 8: 974196.0, 9: 238536.0, 10: 187524.0, 11: 172836.0, 12: 78732.0, 13: 716796.0, 15: 84204.0}
2026-06-22 17:41:09 [INFO] 分割成功
2026-06-22 17:41:09 [INFO] 引擎上下文已释放
2026-06-22 17:41:09 [INFO] TensorRT 引擎已释放
2026-06-22 17:41:09 [INFO] 全局 CUDA 资源已释放
2026-06-22 17:41:09 [INFO] 分割系统资源已释放
2026-06-22 17:41:14 [INFO] CUDA 初始化成功
2026-06-22 17:41:14 [INFO] 引擎加载成功: scrap_steel.engine
2026-06-22 17:41:14 [INFO] 分割系统初始化成功
2026-06-22 17:41:14 [INFO] 图像预处理完成，原始尺寸: (2160, 3840)
2026-06-22 17:41:14 [INFO] 开始执行分割...
2026-06-22 17:41:14 [DEBUG] 处理后的检测结果形状: (1, 8400, 6)
2026-06-22 17:41:14 [DEBUG] 示例检测结果: [[-4.12670898e+00 -3.17847252e+00  3.93762703e+01  1.49076958e+01
   3.75491140e-08  5.00000000e+00]
 [-6.64605713e+00 -2.94542503e+00  4.47488556e+01  2.90351810e+01
   9.13094400e-09  9.00000000e+00]
 [-3.64443588e+00 -3.31844807e+00  4.58548203e+01  2.96854439e+01
   4.25069224e-09  9.00000000e+00]]
2026-06-22 17:41:14 [DEBUG] 处理后检测输出形状: (0, 52)
2026-06-22 17:41:14 [DEBUG] 有效检测数量: 0
2026-06-22 17:41:14 [DEBUG] 检测输出为空
2026-06-22 17:41:14 [INFO] 掩码中检测到的类别: [0, 1, 2, 3, 4, 5, 6, 7, 8, 9, 10, 11, 12, 13, 15]
2026-06-22 17:41:14 [INFO] 分割完成，检测到 0 个物体
2026-06-22 17:41:14 [INFO] 从分割掩码中提取检测结果
2026-06-22 17:41:15 [INFO] 从掩码中提取了 510 个检测框
2026-06-22 17:41:15 [INFO] 计算出的车框矩形边界: (1014, 1157) to (3226, 2117)
2026-06-22 17:41:15 [INFO] 原始检测数: 510, 过滤后检测数: 210
2026-06-22 17:41:15 [INFO] 保存分割和检测结果到: C:\code\show\Scrap_Steel_In_Field\photos\segmentation\segment_20260622_174115.jpg
2026-06-22 17:41:15 [INFO] JSON结果保存到: C:\code\show\Scrap_Steel_In_Field\photos\segmentation_result.json
2026-06-22 17:41:15 [INFO] 类别统计：{0: 25, 1: 53, 2: 18, 3: 5, 4: 44, 5: 22, 6: 35, 7: 26, 8: 76, 9: 60, 10: 24, 11: 19, 12: 16, 13: 66, 14: 0, 15: 21}
2026-06-22 17:41:15 [INFO] 面积统计：{0: 3592044.0, 1: 372960.0, 2: 42516.0, 3: 128124.0, 4: 328464.0, 5: 74484.0, 6: 539100.0, 7: 37764.0, 8: 1014228.0, 9: 234864.0, 10: 189684.0, 11: 178200.0, 12: 92556.0, 13: 718920.0, 15: 109404.0}
2026-06-22 17:41:15 [INFO] 分割成功
2026-06-22 17:41:15 [INFO] 引擎上下文已释放
2026-06-22 17:41:15 [INFO] TensorRT 引擎已释放
2026-06-22 17:41:15 [INFO] 全局 CUDA 资源已释放
2026-06-22 17:41:15 [INFO] 分割系统资源已释放
