2026-05-21 15:23:36 [INFO] CUDA 初始化成功
2026-05-21 15:23:36 [INFO] 引擎加载成功: scrap_steel.engine
2026-05-21 15:23:36 [INFO] 分割系统初始化成功
2026-05-21 15:23:39 [INFO] 引擎加载成功: scrap_steel.engine
2026-05-21 15:23:39 [INFO] 分割系统初始化成功
2026-05-21 15:23:39 [INFO] 图像预处理完成，原始尺寸: (2160, 3840)
2026-05-21 15:23:39 [INFO] 开始执行分割...
2026-05-21 15:23:39 [ERROR] 推理过程发生异常: explicit_context_dependent failed: invalid device context - no currently active context?
2026-05-21 15:23:39 [INFO] 分割完成，检测到 0 个物体
2026-05-21 15:23:39 [ERROR] 分割失败: 未能生成有效的分割掩码
2026-05-21 15:23:39 [INFO] 引擎上下文已释放
2026-05-21 15:23:39 [INFO] TensorRT 引擎已释放
2026-05-21 15:23:39 [INFO] 全局 CUDA 资源已释放
2026-05-21 15:23:39 [INFO] 分割系统资源已释放
2026-05-21 15:23:47 [INFO] CUDA 初始化成功
2026-05-21 15:23:47 [INFO] 引擎加载成功: scrap_steel.engine
2026-05-21 15:23:47 [INFO] 分割系统初始化成功
2026-05-21 15:23:47 [INFO] 图像预处理完成，原始尺寸: (2160, 3840)
2026-05-21 15:23:47 [INFO] 开始执行分割...
2026-05-21 15:23:47 [DEBUG] 处理后的检测结果形状: (1, 8400, 6)
2026-05-21 15:23:47 [DEBUG] 示例检测结果: [[-4.08763504e+00 -3.32413101e+00  3.89367104e+01  1.56308899e+01
   4.41019594e-08  5.00000000e+00]
 [-6.38939285e+00 -3.06624603e+00  4.42366066e+01  2.99425621e+01
   9.91897764e-09  9.00000000e+00]
 [-3.68353271e+00 -3.64550018e+00  4.56671829e+01  3.05987930e+01
   4.23891322e-09  9.00000000e+00]]
2026-05-21 15:23:47 [DEBUG] 处理后检测输出形状: (0, 52)
2026-05-21 15:23:47 [DEBUG] 有效检测数量: 0
2026-05-21 15:23:47 [DEBUG] 检测输出为空
2026-05-21 15:23:47 [INFO] 掩码中检测到的类别: [0, 1, 2, 3, 4, 5, 6, 7, 8, 9, 10, 11, 12, 13, 15]
2026-05-21 15:23:47 [INFO] 分割完成，检测到 0 个物体
2026-05-21 15:23:47 [INFO] 从分割掩码中提取检测结果
2026-05-21 15:23:47 [INFO] 从掩码中提取了 557 个检测框
2026-05-21 15:23:47 [INFO] 检测到车兜区域，将过滤区域外的目标
2026-05-21 15:23:47 [INFO] 车兜区域过滤: 557 -> 183 个目标
2026-05-21 15:23:48 [INFO] 保存分割和检测结果到: C:\code\show\Scrap_Steel_In_Field\photos\segmentation\segment_20260521_152347.jpg
2026-05-21 15:23:48 [INFO] JSON结果保存到: C:\code\show\Scrap_Steel_In_Field\photos\segmentation_result.json
2026-05-21 15:23:48 [INFO] 类别统计：{1: 393836, 2: 34848, 4: 9720, 5: 58896, 6: 49536, 7: 28548, 8: 19152, 9: 46912, 10: 89460, 11: 468, 12: 119009, 13: 14904, 15: 9720}
2026-05-21 15:23:48 [INFO] 面积统计：{1: np.float64(393836.0), 2: np.float64(34848.0), 4: np.float64(9720.0), 5: np.float64(58896.0), 6: np.float64(49536.0), 7: np.float64(28548.0), 8: np.float64(19152.0), 9: np.float64(46912.0), 10: np.float64(89460.0), 11: np.float64(468.0), 12: np.float64(119009.0), 13: np.float64(14904.0), 15: np.float64(9720.0)}
2026-05-21 15:23:48 [INFO] 分割成功
2026-05-21 15:23:48 [INFO] 引擎上下文已释放
2026-05-21 15:23:48 [INFO] TensorRT 引擎已释放
2026-05-21 15:23:48 [INFO] 全局 CUDA 资源已释放
2026-05-21 15:23:48 [INFO] 分割系统资源已释放
2026-05-21 15:23:52 [INFO] CUDA 初始化成功
2026-05-21 15:23:52 [INFO] 引擎加载成功: scrap_steel.engine
2026-05-21 15:23:52 [INFO] 分割系统初始化成功
2026-05-21 15:23:52 [INFO] 图像预处理完成，原始尺寸: (2160, 3840)
2026-05-21 15:23:52 [INFO] 开始执行分割...
2026-05-21 15:23:52 [DEBUG] 处理后的检测结果形状: (1, 8400, 6)
2026-05-21 15:23:52 [DEBUG] 示例检测结果: [[-4.03865814e+00 -3.30529451e+00  3.89747391e+01  1.55857124e+01
   4.48029560e-08  5.00000000e+00]
 [-6.36213303e+00 -3.01787376e+00  4.43637695e+01  3.00432568e+01
   1.00648450e-08  9.00000000e+00]
 [-3.66403961e+00 -3.60096359e+00  4.56998215e+01  3.06755257e+01
   4.30296332e-09  9.00000000e+00]]
2026-05-21 15:23:52 [DEBUG] 处理后检测输出形状: (0, 52)
2026-05-21 15:23:52 [DEBUG] 有效检测数量: 0
2026-05-21 15:23:52 [DEBUG] 检测输出为空
2026-05-21 15:23:52 [INFO] 掩码中检测到的类别: [0, 1, 2, 3, 4, 5, 6, 7, 8, 9, 10, 11, 12, 13, 15]
2026-05-21 15:23:52 [INFO] 分割完成，检测到 0 个物体
2026-05-21 15:23:52 [INFO] 从分割掩码中提取检测结果
2026-05-21 15:23:52 [INFO] 从掩码中提取了 536 个检测框
2026-05-21 15:23:52 [INFO] 检测到车兜区域，将过滤区域外的目标
2026-05-21 15:23:52 [INFO] 车兜区域过滤: 536 -> 173 个目标
2026-05-21 15:23:53 [INFO] 保存分割和检测结果到: C:\code\show\Scrap_Steel_In_Field\photos\segmentation\segment_20260521_152352.jpg
2026-05-21 15:23:53 [INFO] JSON结果保存到: C:\code\show\Scrap_Steel_In_Field\photos\segmentation_result.json
2026-05-21 15:23:53 [INFO] 类别统计：{1: 378817, 2: 30672, 3: 216, 4: 10512, 5: 58140, 6: 45540, 7: 32904, 8: 19621, 9: 42090, 10: 92988, 11: 576, 12: 123538, 13: 14854, 15: 9468}
2026-05-21 15:23:53 [INFO] 面积统计：{1: np.float64(378817.0), 2: np.float64(30672.0), 3: np.float64(216.0), 4: np.float64(10512.0), 5: np.float64(58140.0), 6: np.float64(45540.0), 7: np.float64(32904.0), 8: np.float64(19621.0), 9: np.float64(42090.0), 10: np.float64(92988.0), 11: np.float64(576.0), 12: np.float64(123538.0), 13: np.float64(14854.0), 15: np.float64(9468.0)}
2026-05-21 15:23:53 [INFO] 分割成功
2026-05-21 15:23:53 [INFO] 引擎上下文已释放
2026-05-21 15:23:53 [INFO] TensorRT 引擎已释放
2026-05-21 15:23:53 [INFO] 全局 CUDA 资源已释放
2026-05-21 15:23:53 [INFO] 分割系统资源已释放
2026-05-21 15:23:57 [INFO] CUDA 初始化成功
2026-05-21 15:23:57 [INFO] 引擎加载成功: scrap_steel.engine
2026-05-21 15:23:57 [INFO] 分割系统初始化成功
2026-05-21 15:23:57 [INFO] 图像预处理完成，原始尺寸: (2160, 3840)
2026-05-21 15:23:57 [INFO] 开始执行分割...
2026-05-21 15:23:57 [DEBUG] 处理后的检测结果形状: (1, 8400, 6)
2026-05-21 15:23:57 [DEBUG] 示例检测结果: [[-4.00717926e+00 -3.28430414e+00  3.89577599e+01  1.55464230e+01
   4.48029560e-08  5.00000000e+00]
 [-6.28153229e+00 -3.01877975e+00  4.42656403e+01  2.99863434e+01
   1.00256230e-08  9.00000000e+00]
 [-3.63420868e+00 -3.60580063e+00  4.56634140e+01  3.06151161e+01
   4.26962998e-09  9.00000000e+00]]
2026-05-21 15:23:57 [DEBUG] 处理后检测输出形状: (0, 52)
2026-05-21 15:23:57 [DEBUG] 有效检测数量: 0
2026-05-21 15:23:57 [DEBUG] 检测输出为空
2026-05-21 15:23:57 [INFO] 掩码中检测到的类别: [0, 1, 2, 3, 4, 5, 6, 7, 8, 9, 10, 11, 12, 13, 15]
2026-05-21 15:23:57 [INFO] 分割完成，检测到 0 个物体
2026-05-21 15:23:57 [INFO] 从分割掩码中提取检测结果
2026-05-21 15:23:58 [INFO] 从掩码中提取了 547 个检测框
2026-05-21 15:23:58 [INFO] 检测到车兜区域，将过滤区域外的目标
2026-05-21 15:23:58 [INFO] 车兜区域过滤: 547 -> 171 个目标
2026-05-21 15:23:58 [INFO] 保存分割和检测结果到: C:\code\show\Scrap_Steel_In_Field\photos\segmentation\segment_20260521_152358.jpg
2026-05-21 15:23:58 [INFO] JSON结果保存到: C:\code\show\Scrap_Steel_In_Field\photos\segmentation_result.json
2026-05-21 15:23:58 [INFO] 类别统计：{1: 386390, 2: 34200, 3: 1476, 4: 8316, 5: 57636, 6: 47124, 7: 31752, 8: 19224, 9: 44748, 10: 90612, 11: 324, 12: 120228, 13: 15097, 15: 9684}
2026-05-21 15:23:58 [INFO] 面积统计：{1: np.float64(386390.0), 2: np.float64(34200.0), 3: np.float64(1476.0), 4: np.float64(8316.0), 5: np.float64(57636.0), 6: np.float64(47124.0), 7: np.float64(31752.0), 8: np.float64(19224.0), 9: np.float64(44748.0), 10: np.float64(90612.0), 11: np.float64(324.0), 12: np.float64(120228.0), 13: np.float64(15097.0), 15: np.float64(9684.0)}
2026-05-21 15:23:58 [INFO] 分割成功
2026-05-21 15:23:58 [INFO] 引擎上下文已释放
2026-05-21 15:23:58 [INFO] TensorRT 引擎已释放
2026-05-21 15:23:58 [INFO] 全局 CUDA 资源已释放
2026-05-21 15:23:58 [INFO] 分割系统资源已释放
2026-05-21 15:24:02 [INFO] CUDA 初始化成功
2026-05-21 15:24:02 [INFO] 引擎加载成功: scrap_steel.engine
2026-05-21 15:24:02 [INFO] 分割系统初始化成功
2026-05-21 15:24:02 [INFO] 图像预处理完成，原始尺寸: (2160, 3840)
2026-05-21 15:24:02 [INFO] 开始执行分割...
2026-05-21 15:24:02 [DEBUG] 处理后的检测结果形状: (1, 8400, 6)
2026-05-21 15:24:02 [DEBUG] 示例检测结果: [[-4.06778717e+00 -3.28565502e+00  3.88775253e+01  1.54615984e+01
   4.49774120e-08  5.00000000e+00]
 [-6.33140182e+00 -3.02955437e+00  4.42533455e+01  2.99077053e+01
   9.98640104e-09  9.00000000e+00]
 [-3.66403961e+00 -3.61720657e+00  4.56517487e+01  3.05652962e+01
   4.26962998e-09  9.00000000e+00]]
2026-05-21 15:24:02 [DEBUG] 处理后检测输出形状: (0, 52)
2026-05-21 15:24:02 [DEBUG] 有效检测数量: 0
2026-05-21 15:24:02 [DEBUG] 检测输出为空
2026-05-21 15:24:02 [INFO] 掩码中检测到的类别: [0, 1, 2, 3, 4, 5, 6, 7, 8, 9, 10, 11, 12, 13, 15]
2026-05-21 15:24:02 [INFO] 分割完成，检测到 0 个物体
2026-05-21 15:24:02 [INFO] 从分割掩码中提取检测结果
2026-05-21 15:24:03 [INFO] 从掩码中提取了 563 个检测框
2026-05-21 15:24:03 [INFO] 检测到车兜区域，将过滤区域外的目标
2026-05-21 15:24:03 [INFO] 车兜区域过滤: 563 -> 175 个目标
2026-05-21 15:24:03 [INFO] 保存分割和检测结果到: C:\code\show\Scrap_Steel_In_Field\photos\segmentation\segment_20260521_152403.jpg
2026-05-21 15:24:03 [INFO] JSON结果保存到: C:\code\show\Scrap_Steel_In_Field\photos\segmentation_result.json
2026-05-21 15:24:03 [INFO] 类别统计：{1: 403823, 2: 31644, 3: 180, 4: 7632, 5: 66816, 6: 45900, 7: 27216, 8: 17964, 9: 42040, 10: 87264, 11: 144, 12: 119281, 13: 13838, 15: 11844}
2026-05-21 15:24:03 [INFO] 面积统计：{1: np.float64(403823.0), 2: np.float64(31644.0), 3: np.float64(180.0), 4: np.float64(7632.0), 5: np.float64(66816.0), 6: np.float64(45900.0), 7: np.float64(27216.0), 8: np.float64(17964.0), 9: np.float64(42040.0), 10: np.float64(87264.0), 11: np.float64(144.0), 12: np.float64(119281.0), 13: np.float64(13838.0), 15: np.float64(11844.0)}
2026-05-21 15:24:03 [INFO] 分割成功
2026-05-21 15:24:03 [INFO] 引擎上下文已释放
2026-05-21 15:24:03 [INFO] TensorRT 引擎已释放
2026-05-21 15:24:04 [INFO] 全局 CUDA 资源已释放
2026-05-21 15:24:04 [INFO] 分割系统资源已释放
2026-05-21 15:24:07 [INFO] CUDA 初始化成功
2026-05-21 15:24:07 [INFO] 引擎加载成功: scrap_steel.engine
2026-05-21 15:24:07 [INFO] 分割系统初始化成功
2026-05-21 15:24:07 [INFO] 图像预处理完成，原始尺寸: (2160, 3840)
2026-05-21 15:24:07 [INFO] 开始执行分割...
2026-05-21 15:24:07 [DEBUG] 处理后的检测结果形状: (1, 8400, 6)
2026-05-21 15:24:07 [DEBUG] 示例检测结果: [[-4.00902939e+00 -3.27147484e+00  3.89582901e+01  1.55238876e+01
   4.55113920e-08  5.00000000e+00]
 [-6.33971405e+00 -3.01695251e+00  4.43262482e+01  3.00398140e+01
   1.00587663e-08  9.00000000e+00]
 [-3.66986847e+00 -3.64217758e+00  4.56927681e+01  3.07191162e+01
   4.31570513e-09  9.00000000e+00]]
2026-05-21 15:24:07 [DEBUG] 处理后检测输出形状: (0, 52)
2026-05-21 15:24:07 [DEBUG] 有效检测数量: 0
2026-05-21 15:24:07 [DEBUG] 检测输出为空
2026-05-21 15:24:07 [INFO] 掩码中检测到的类别: [0, 1, 2, 3, 4, 5, 6, 7, 8, 9, 10, 11, 12, 13, 15]
2026-05-21 15:24:07 [INFO] 分割完成，检测到 0 个物体
2026-05-21 15:24:07 [INFO] 从分割掩码中提取检测结果
2026-05-21 15:24:08 [INFO] 从掩码中提取了 572 个检测框
2026-05-21 15:24:08 [INFO] 检测到车兜区域，将过滤区域外的目标
2026-05-21 15:24:08 [INFO] 车兜区域过滤: 572 -> 175 个目标
2026-05-21 15:24:08 [INFO] 保存分割和检测结果到: C:\code\show\Scrap_Steel_In_Field\photos\segmentation\segment_20260521_152408.jpg
2026-05-21 15:24:08 [INFO] JSON结果保存到: C:\code\show\Scrap_Steel_In_Field\photos\segmentation_result.json
2026-05-21 15:24:08 [INFO] 类别统计：{1: 379192, 2: 29556, 3: 36, 4: 9036, 5: 65700, 6: 48744, 7: 32148, 8: 18828, 9: 43201, 10: 90972, 11: 540, 12: 121744, 13: 14358, 15: 10440}
2026-05-21 15:24:08 [INFO] 面积统计：{1: np.float64(379192.0), 2: np.float64(29556.0), 3: np.float64(36.0), 4: np.float64(9036.0), 5: np.float64(65700.0), 6: np.float64(48744.0), 7: np.float64(32148.0), 8: np.float64(18828.0), 9: np.float64(43201.0), 10: np.float64(90972.0), 11: np.float64(540.0), 12: np.float64(121744.0), 13: np.float64(14358.0), 15: np.float64(10440.0)}
2026-05-21 15:24:08 [INFO] 分割成功
2026-05-21 15:24:08 [INFO] 引擎上下文已释放
2026-05-21 15:24:09 [INFO] TensorRT 引擎已释放
2026-05-21 15:24:09 [INFO] 全局 CUDA 资源已释放
2026-05-21 15:24:09 [INFO] 分割系统资源已释放
2026-05-21 15:24:12 [INFO] CUDA 初始化成功
2026-05-21 15:24:12 [INFO] 引擎加载成功: scrap_steel.engine
2026-05-21 15:24:12 [INFO] 分割系统初始化成功
2026-05-21 15:24:12 [INFO] 图像预处理完成，原始尺寸: (2160, 3840)
2026-05-21 15:24:12 [INFO] 开始执行分割...
2026-05-21 15:24:12 [DEBUG] 处理后的检测结果形状: (1, 8400, 6)
2026-05-21 15:24:12 [DEBUG] 示例检测结果: [[-4.01123810e+00 -3.25185966e+00  3.89102821e+01  1.54392700e+01
   4.51518680e-08  5.00000000e+00]
 [-6.28320312e+00 -2.98175716e+00  4.42525444e+01  2.98509827e+01
   1.01045572e-08  9.00000000e+00]
 [-3.63319397e+00 -3.57206917e+00  4.56366348e+01  3.06004848e+01
   4.33679048e-09  9.00000000e+00]]
2026-05-21 15:24:12 [DEBUG] 处理后检测输出形状: (0, 52)
2026-05-21 15:24:12 [DEBUG] 有效检测数量: 0
2026-05-21 15:24:12 [DEBUG] 检测输出为空
2026-05-21 15:24:12 [INFO] 掩码中检测到的类别: [0, 1, 2, 3, 4, 5, 6, 7, 8, 9, 10, 11, 12, 13, 15]
2026-05-21 15:24:13 [INFO] 分割完成，检测到 0 个物体
2026-05-21 15:24:13 [INFO] 从分割掩码中提取检测结果
2026-05-21 15:24:13 [INFO] 从掩码中提取了 517 个检测框
2026-05-21 15:24:13 [INFO] 检测到车兜区域，将过滤区域外的目标
2026-05-21 15:24:13 [INFO] 车兜区域过滤: 517 -> 162 个目标
2026-05-21 15:24:13 [INFO] 保存分割和检测结果到: C:\code\show\Scrap_Steel_In_Field\photos\segmentation\segment_20260521_152413.jpg
2026-05-21 15:24:13 [INFO] JSON结果保存到: C:\code\show\Scrap_Steel_In_Field\photos\segmentation_result.json
2026-05-21 15:24:13 [INFO] 类别统计：{1: 399498, 2: 33372, 4: 6948, 5: 67212, 6: 41976, 7: 31176, 8: 18487, 9: 41352, 10: 94644, 11: 360, 12: 113602, 13: 14059, 15: 9468}
2026-05-21 15:24:13 [INFO] 面积统计：{1: np.float64(399498.0), 2: np.float64(33372.0), 4: np.float64(6948.0), 5: np.float64(67212.0), 6: np.float64(41976.0), 7: np.float64(31176.0), 8: np.float64(18487.0), 9: np.float64(41352.0), 10: np.float64(94644.0), 11: np.float64(360.0), 12: np.float64(113602.0), 13: np.float64(14059.0), 15: np.float64(9468.0)}
2026-05-21 15:24:14 [INFO] 分割成功
2026-05-21 15:24:14 [INFO] 引擎上下文已释放
2026-05-21 15:24:14 [INFO] TensorRT 引擎已释放
2026-05-21 15:24:14 [INFO] 全局 CUDA 资源已释放
2026-05-21 15:24:14 [INFO] 分割系统资源已释放
2026-05-21 15:24:17 [INFO] CUDA 初始化成功
2026-05-21 15:24:17 [INFO] 引擎加载成功: scrap_steel.engine
2026-05-21 15:24:17 [INFO] 分割系统初始化成功
2026-05-21 15:24:17 [INFO] 图像预处理完成，原始尺寸: (2160, 3840)
2026-05-21 15:24:17 [INFO] 开始执行分割...
2026-05-21 15:24:17 [DEBUG] 处理后的检测结果形状: (1, 8400, 6)
2026-05-21 15:24:17 [DEBUG] 示例检测结果: [[-4.03209686e+00 -3.30770397e+00  3.90311699e+01  1.56788778e+01
   4.46192772e-08  5.00000000e+00]
 [-6.26688004e+00 -3.01791668e+00  4.42389603e+01  3.00135689e+01
   9.99191130e-09  9.00000000e+00]
 [-3.63775635e+00 -3.58803368e+00  4.56824722e+01  3.06985722e+01
   4.23891322e-09  9.00000000e+00]]
2026-05-21 15:24:17 [DEBUG] 处理后检测输出形状: (0, 52)
2026-05-21 15:24:17 [DEBUG] 有效检测数量: 0
2026-05-21 15:24:17 [DEBUG] 检测输出为空
2026-05-21 15:24:17 [INFO] 掩码中检测到的类别: [0, 1, 2, 3, 4, 5, 6, 7, 8, 9, 10, 11, 12, 13, 15]
2026-05-21 15:24:17 [INFO] 分割完成，检测到 0 个物体
2026-05-21 15:24:17 [INFO] 从分割掩码中提取检测结果
2026-05-21 15:24:18 [INFO] 从掩码中提取了 533 个检测框
2026-05-21 15:24:18 [INFO] 检测到车兜区域，将过滤区域外的目标
2026-05-21 15:24:18 [INFO] 车兜区域过滤: 533 -> 170 个目标
2026-05-21 15:24:18 [INFO] 保存分割和检测结果到: C:\code\show\Scrap_Steel_In_Field\photos\segmentation\segment_20260521_152418.jpg
2026-05-21 15:24:18 [INFO] JSON结果保存到: C:\code\show\Scrap_Steel_In_Field\photos\segmentation_result.json
2026-05-21 15:24:18 [INFO] 类别统计：{1: 400829, 2: 34776, 3: 72, 4: 10944, 5: 61992, 6: 42984, 7: 28116, 8: 22140, 9: 45246, 10: 94212, 11: 396, 12: 120225, 13: 14998, 15: 9324}
2026-05-21 15:24:18 [INFO] 面积统计：{1: np.float64(400829.0), 2: np.float64(34776.0), 3: np.float64(72.0), 4: np.float64(10944.0), 5: np.float64(61992.0), 6: np.float64(42984.0), 7: np.float64(28116.0), 8: np.float64(22140.0), 9: np.float64(45246.0), 10: np.float64(94212.0), 11: np.float64(396.0), 12: np.float64(120225.0), 13: np.float64(14998.0), 15: np.float64(9324.0)}
2026-05-21 15:24:18 [INFO] 分割成功
2026-05-21 15:24:18 [INFO] 引擎上下文已释放
2026-05-21 15:24:18 [INFO] TensorRT 引擎已释放
2026-05-21 15:24:19 [INFO] 全局 CUDA 资源已释放
2026-05-21 15:24:19 [INFO] 分割系统资源已释放
2026-05-21 15:24:23 [INFO] CUDA 初始化成功
2026-05-21 15:24:23 [INFO] 引擎加载成功: scrap_steel.engine
2026-05-21 15:24:23 [INFO] 分割系统初始化成功
2026-05-21 15:24:23 [INFO] 图像预处理完成，原始尺寸: (2160, 3840)
2026-05-21 15:24:23 [INFO] 开始执行分割...
2026-05-21 15:24:23 [DEBUG] 处理后的检测结果形状: (1, 8400, 6)
2026-05-21 15:24:23 [DEBUG] 示例检测结果: [[-4.01052094e+00 -3.28368139e+00  3.89437027e+01  1.55267162e+01
   4.53355469e-08  5.00000000e+00]
 [-6.28913116e+00 -3.00585556e+00  4.43369293e+01  2.99726067e+01
   9.98074157e-09  9.00000000e+00]
 [-3.64625931e+00 -3.60209560e+00  4.56436310e+01  3.06318169e+01
   4.28201208e-09  9.00000000e+00]]
2026-05-21 15:24:23 [DEBUG] 处理后检测输出形状: (0, 52)
2026-05-21 15:24:23 [DEBUG] 有效检测数量: 0
2026-05-21 15:24:23 [DEBUG] 检测输出为空
2026-05-21 15:24:23 [INFO] 掩码中检测到的类别: [0, 1, 2, 3, 4, 5, 6, 7, 8, 9, 10, 11, 12, 13, 15]
2026-05-21 15:24:23 [INFO] 分割完成，检测到 0 个物体
2026-05-21 15:24:23 [INFO] 从分割掩码中提取检测结果
2026-05-21 15:24:23 [INFO] 从掩码中提取了 533 个检测框
2026-05-21 15:24:23 [INFO] 检测到车兜区域，将过滤区域外的目标
2026-05-21 15:24:23 [INFO] 车兜区域过滤: 533 -> 175 个目标
2026-05-21 15:24:24 [INFO] 保存分割和检测结果到: C:\code\show\Scrap_Steel_In_Field\photos\segmentation\segment_20260521_152423.jpg
2026-05-21 15:24:24 [INFO] JSON结果保存到: C:\code\show\Scrap_Steel_In_Field\photos\segmentation_result.json
2026-05-21 15:24:24 [INFO] 类别统计：{1: 370863, 2: 36576, 3: 216, 4: 7992, 5: 64980, 6: 49788, 7: 32256, 8: 20160, 9: 49900, 10: 92844, 11: 252, 12: 123926, 13: 14687, 15: 9792}
2026-05-21 15:24:24 [INFO] 面积统计：{1: np.float64(370863.0), 2: np.float64(36576.0), 3: np.float64(216.0), 4: np.float64(7992.0), 5: np.float64(64980.0), 6: np.float64(49788.0), 7: np.float64(32256.0), 8: np.float64(20160.0), 9: np.float64(49900.0), 10: np.float64(92844.0), 11: np.float64(252.0), 12: np.float64(123926.0), 13: np.float64(14687.0), 15: np.float64(9792.0)}
2026-05-21 15:24:24 [INFO] 分割成功
2026-05-21 15:24:24 [INFO] 引擎上下文已释放
2026-05-21 15:24:24 [INFO] TensorRT 引擎已释放
2026-05-21 15:24:24 [INFO] 全局 CUDA 资源已释放
2026-05-21 15:24:24 [INFO] 分割系统资源已释放
2026-05-21 15:24:28 [INFO] CUDA 初始化成功
2026-05-21 15:24:28 [INFO] 引擎加载成功: scrap_steel.engine
2026-05-21 15:24:28 [INFO] 分割系统初始化成功
2026-05-21 15:24:28 [INFO] 图像预处理完成，原始尺寸: (2160, 3840)
2026-05-21 15:24:28 [INFO] 开始执行分割...
2026-05-21 15:24:28 [DEBUG] 处理后的检测结果形状: (1, 8400, 6)
2026-05-21 15:24:28 [DEBUG] 示例检测结果: [[-4.04889297e+00 -3.31143713e+00  3.90143661e+01  1.56956463e+01
   4.40894681e-08  5.00000000e+00]
 [-6.32431030e+00 -3.04431534e+00  4.42730141e+01  3.01179657e+01
   9.84167059e-09  9.00000000e+00]
 [-3.62060928e+00 -3.58749104e+00  4.56475677e+01  3.06857109e+01
   4.25759872e-09  9.00000000e+00]]
2026-05-21 15:24:28 [DEBUG] 处理后检测输出形状: (0, 52)
2026-05-21 15:24:28 [DEBUG] 有效检测数量: 0
2026-05-21 15:24:28 [DEBUG] 检测输出为空
2026-05-21 15:24:28 [INFO] 掩码中检测到的类别: [0, 1, 2, 3, 4, 5, 6, 7, 8, 9, 10, 11, 12, 13, 15]
2026-05-21 15:24:28 [INFO] 分割完成，检测到 0 个物体
2026-05-21 15:24:28 [INFO] 从分割掩码中提取检测结果
2026-05-21 15:24:28 [INFO] 从掩码中提取了 544 个检测框
2026-05-21 15:24:28 [INFO] 检测到车兜区域，将过滤区域外的目标
2026-05-21 15:24:28 [INFO] 车兜区域过滤: 544 -> 172 个目标
2026-05-21 15:24:29 [INFO] 保存分割和检测结果到: C:\code\show\Scrap_Steel_In_Field\photos\segmentation\segment_20260521_152428.jpg
2026-05-21 15:24:29 [INFO] JSON结果保存到: C:\code\show\Scrap_Steel_In_Field\photos\segmentation_result.json
2026-05-21 15:24:29 [INFO] 类别统计：{1: 384011, 2: 33876, 3: 72, 4: 8856, 5: 64152, 6: 55332, 7: 30456, 8: 19908, 9: 48510, 10: 83880, 11: 360, 12: 122334, 13: 15020, 15: 8280}
2026-05-21 15:24:29 [INFO] 面积统计：{1: np.float64(384011.0), 2: np.float64(33876.0), 3: np.float64(72.0), 4: np.float64(8856.0), 5: np.float64(64152.0), 6: np.float64(55332.0), 7: np.float64(30456.0), 8: np.float64(19908.0), 9: np.float64(48510.0), 10: np.float64(83880.0), 11: np.float64(360.0), 12: np.float64(122334.0), 13: np.float64(15020.0), 15: np.float64(8280.0)}
2026-05-21 15:24:29 [INFO] 分割成功
2026-05-21 15:24:29 [INFO] 引擎上下文已释放
2026-05-21 15:24:29 [INFO] TensorRT 引擎已释放
2026-05-21 15:24:29 [INFO] 全局 CUDA 资源已释放
2026-05-21 15:24:29 [INFO] 分割系统资源已释放
2026-05-21 15:24:33 [INFO] CUDA 初始化成功
2026-05-21 15:24:33 [INFO] 引擎加载成功: scrap_steel.engine
2026-05-21 15:24:33 [INFO] 分割系统初始化成功
2026-05-21 15:24:34 [INFO] 图像预处理完成，原始尺寸: (2160, 3840)
2026-05-21 15:24:34 [INFO] 开始执行分割...
2026-05-21 15:24:34 [DEBUG] 处理后的检测结果形状: (1, 8400, 6)
2026-05-21 15:24:34 [DEBUG] 示例检测结果: [[-4.01035690e+00 -3.27717113e+00  3.88888931e+01  1.54631071e+01
   4.37479777e-08  5.00000000e+00]
 [-6.26357651e+00 -3.00791836e+00  4.42447090e+01  2.99384422e+01
   9.84167059e-09  9.00000000e+00]
 [-3.63417816e+00 -3.60288906e+00  4.56843796e+01  3.06605835e+01
   4.24105018e-09  9.00000000e+00]]
2026-05-21 15:24:34 [DEBUG] 处理后检测输出形状: (0, 52)
2026-05-21 15:24:34 [DEBUG] 有效检测数量: 0
2026-05-21 15:24:34 [DEBUG] 检测输出为空
2026-05-21 15:24:34 [INFO] 掩码中检测到的类别: [0, 1, 2, 3, 4, 5, 6, 7, 8, 9, 10, 11, 12, 13, 15]
2026-05-21 15:24:34 [INFO] 分割完成，检测到 0 个物体
2026-05-21 15:24:34 [INFO] 从分割掩码中提取检测结果
2026-05-21 15:24:34 [INFO] 从掩码中提取了 558 个检测框
2026-05-21 15:24:34 [INFO] 检测到车兜区域，将过滤区域外的目标
2026-05-21 15:24:34 [INFO] 车兜区域过滤: 558 -> 176 个目标
2026-05-21 15:24:35 [INFO] 保存分割和检测结果到: C:\code\show\Scrap_Steel_In_Field\photos\segmentation\segment_20260521_152434.jpg
2026-05-21 15:24:35 [INFO] JSON结果保存到: C:\code\show\Scrap_Steel_In_Field\photos\segmentation_result.json
2026-05-21 15:24:35 [INFO] 类别统计：{1: 394062, 2: 26604, 3: 72, 4: 10440, 5: 66636, 6: 50076, 7: 30420, 8: 16272, 9: 45392, 10: 84744, 11: 144, 12: 119260, 13: 14933, 15: 10476}
2026-05-21 15:24:35 [INFO] 面积统计：{1: np.float64(394062.0), 2: np.float64(26604.0), 3: np.float64(72.0), 4: np.float64(10440.0), 5: np.float64(66636.0), 6: np.float64(50076.0), 7: np.float64(30420.0), 8: np.float64(16272.0), 9: np.float64(45392.0), 10: np.float64(84744.0), 11: np.float64(144.0), 12: np.float64(119260.0), 13: np.float64(14933.0), 15: np.float64(10476.0)}
2026-05-21 15:24:35 [INFO] 分割成功
2026-05-21 15:24:35 [INFO] 引擎上下文已释放
2026-05-21 15:24:35 [INFO] TensorRT 引擎已释放
2026-05-21 15:24:35 [INFO] 全局 CUDA 资源已释放
2026-05-21 15:24:35 [INFO] 分割系统资源已释放
2026-05-21 15:24:38 [INFO] CUDA 初始化成功
2026-05-21 15:24:39 [INFO] 引擎加载成功: scrap_steel.engine
2026-05-21 15:24:39 [INFO] 分割系统初始化成功
2026-05-21 15:24:39 [INFO] 图像预处理完成，原始尺寸: (2160, 3840)
2026-05-21 15:24:39 [INFO] 开始执行分割...
2026-05-21 15:24:39 [DEBUG] 处理后的检测结果形状: (1, 8400, 6)
2026-05-21 15:24:39 [DEBUG] 示例检测结果: [[-4.00735474e+00 -3.25693130e+00  3.88372841e+01  1.53996849e+01
   4.37479777e-08  5.00000000e+00]
 [-6.21786118e+00 -2.96040630e+00  4.41582146e+01  2.97824745e+01
   9.77311032e-09  9.00000000e+00]
 [-3.60577774e+00 -3.56393051e+00  4.56016541e+01  3.04734879e+01
   4.24319069e-09  9.00000000e+00]]
2026-05-21 15:24:39 [DEBUG] 处理后检测输出形状: (0, 52)
2026-05-21 15:24:39 [DEBUG] 有效检测数量: 0
2026-05-21 15:24:39 [DEBUG] 检测输出为空
2026-05-21 15:24:39 [INFO] 掩码中检测到的类别: [0, 1, 2, 3, 4, 5, 6, 7, 8, 9, 10, 11, 12, 13, 15]
2026-05-21 15:24:39 [INFO] 分割完成，检测到 0 个物体
2026-05-21 15:24:39 [INFO] 从分割掩码中提取检测结果
2026-05-21 15:24:39 [INFO] 从掩码中提取了 541 个检测框
2026-05-21 15:24:39 [INFO] 检测到车兜区域，将过滤区域外的目标
2026-05-21 15:24:39 [INFO] 车兜区域过滤: 541 -> 166 个目标
2026-05-21 15:24:40 [INFO] 保存分割和检测结果到: C:\code\show\Scrap_Steel_In_Field\photos\segmentation\segment_20260521_152439.jpg
2026-05-21 15:24:40 [INFO] JSON结果保存到: C:\code\show\Scrap_Steel_In_Field\photos\segmentation_result.json
2026-05-21 15:24:40 [INFO] 类别统计：{1: 377533, 2: 30636, 3: 180, 4: 9936, 5: 63324, 6: 46116, 7: 33084, 8: 17227, 9: 42061, 10: 92340, 11: 540, 12: 118554, 13: 14918, 15: 9936}
2026-05-21 15:24:40 [INFO] 面积统计：{1: np.float64(377533.0), 2: np.float64(30636.0), 3: np.float64(180.0), 4: np.float64(9936.0), 5: np.float64(63324.0), 6: np.float64(46116.0), 7: np.float64(33084.0), 8: np.float64(17227.0), 9: np.float64(42061.0), 10: np.float64(92340.0), 11: np.float64(540.0), 12: np.float64(118554.0), 13: np.float64(14918.0), 15: np.float64(9936.0)}
2026-05-21 15:24:40 [INFO] 分割成功
2026-05-21 15:24:40 [INFO] 引擎上下文已释放
2026-05-21 15:24:40 [INFO] TensorRT 引擎已释放
2026-05-21 15:24:40 [INFO] 全局 CUDA 资源已释放
2026-05-21 15:24:40 [INFO] 分割系统资源已释放
2026-05-21 15:24:44 [INFO] CUDA 初始化成功
2026-05-21 15:24:44 [INFO] 引擎加载成功: scrap_steel.engine
2026-05-21 15:24:44 [INFO] 分割系统初始化成功
2026-05-21 15:24:44 [INFO] 图像预处理完成，原始尺寸: (2160, 3840)
2026-05-21 15:24:44 [INFO] 开始执行分割...
2026-05-21 15:24:44 [DEBUG] 处理后的检测结果形状: (1, 8400, 6)
2026-05-21 15:24:44 [DEBUG] 示例检测结果: [[-4.01296997e+00 -3.27823067e+00  3.88894806e+01  1.54951878e+01
   4.32298179e-08  5.00000000e+00]
 [-6.31121063e+00 -3.02707005e+00  4.40967102e+01  2.98768463e+01
   9.92374183e-09  9.00000000e+00]
 [-3.65372467e+00 -3.63082218e+00  4.56681175e+01  3.05371704e+01
   4.17913704e-09  9.00000000e+00]]
2026-05-21 15:24:44 [DEBUG] 处理后检测输出形状: (0, 52)
2026-05-21 15:24:44 [DEBUG] 有效检测数量: 0
2026-05-21 15:24:44 [DEBUG] 检测输出为空
2026-05-21 15:24:44 [INFO] 掩码中检测到的类别: [0, 1, 2, 3, 4, 5, 6, 7, 8, 9, 10, 11, 12, 13, 15]
2026-05-21 15:24:44 [INFO] 分割完成，检测到 0 个物体
2026-05-21 15:24:44 [INFO] 从分割掩码中提取检测结果
2026-05-21 15:24:44 [INFO] 从掩码中提取了 559 个检测框
2026-05-21 15:24:44 [INFO] 检测到车兜区域，将过滤区域外的目标
2026-05-21 15:24:44 [INFO] 车兜区域过滤: 559 -> 168 个目标
2026-05-21 15:24:45 [INFO] 保存分割和检测结果到: C:\code\show\Scrap_Steel_In_Field\photos\segmentation\segment_20260521_152444.jpg
2026-05-21 15:24:45 [INFO] JSON结果保存到: C:\code\show\Scrap_Steel_In_Field\photos\segmentation_result.json
2026-05-21 15:24:45 [INFO] 类别统计：{1: 404650, 2: 34020, 3: 648, 4: 9540, 5: 64944, 6: 47196, 7: 29340, 8: 16145, 9: 43669, 10: 92196, 11: 288, 12: 112596, 13: 14461, 15: 11520}
2026-05-21 15:24:45 [INFO] 面积统计：{1: np.float64(404650.0), 2: np.float64(34020.0), 3: np.float64(648.0), 4: np.float64(9540.0), 5: np.float64(64944.0), 6: np.float64(47196.0), 7: np.float64(29340.0), 8: np.float64(16145.0), 9: np.float64(43669.0), 10: np.float64(92196.0), 11: np.float64(288.0), 12: np.float64(112596.0), 13: np.float64(14461.0), 15: np.float64(11520.0)}
2026-05-21 15:24:45 [INFO] 分割成功
2026-05-21 15:24:45 [INFO] 引擎上下文已释放
2026-05-21 15:24:45 [INFO] TensorRT 引擎已释放
2026-05-21 15:24:45 [INFO] 全局 CUDA 资源已释放
2026-05-21 15:24:45 [INFO] 分割系统资源已释放
2026-05-21 15:24:49 [INFO] CUDA 初始化成功
2026-05-21 15:24:49 [INFO] 引擎加载成功: scrap_steel.engine
2026-05-21 15:24:49 [INFO] 分割系统初始化成功
2026-05-21 15:24:49 [INFO] 图像预处理完成，原始尺寸: (2160, 3840)
2026-05-21 15:24:49 [INFO] 开始执行分割...
2026-05-21 15:24:49 [DEBUG] 处理后的检测结果形状: (1, 8400, 6)
2026-05-21 15:24:49 [DEBUG] 示例检测结果: [[-4.05890656e+00 -3.29015923e+00  3.88017197e+01  1.55019608e+01
   4.27276774e-08  5.00000000e+00]
 [-6.33459473e+00 -3.05488014e+00  4.41896515e+01  2.99123974e+01
   9.77672343e-09  9.00000000e+00]
 [-3.62768173e+00 -3.61954117e+00  4.56368332e+01  3.05303192e+01
   4.14959089e-09  9.00000000e+00]]
2026-05-21 15:24:49 [DEBUG] 处理后检测输出形状: (0, 52)
2026-05-21 15:24:49 [DEBUG] 有效检测数量: 0
2026-05-21 15:24:49 [DEBUG] 检测输出为空
2026-05-21 15:24:49 [INFO] 掩码中检测到的类别: [0, 1, 2, 3, 4, 5, 6, 7, 8, 9, 10, 11, 12, 13, 15]
2026-05-21 15:24:49 [INFO] 分割完成，检测到 0 个物体
2026-05-21 15:24:49 [INFO] 从分割掩码中提取检测结果
2026-05-21 15:24:49 [INFO] 从掩码中提取了 566 个检测框
2026-05-21 15:24:49 [INFO] 检测到车兜区域，将过滤区域外的目标
2026-05-21 15:24:49 [INFO] 车兜区域过滤: 566 -> 176 个目标
2026-05-21 15:24:50 [INFO] 保存分割和检测结果到: C:\code\show\Scrap_Steel_In_Field\photos\segmentation\segment_20260521_152449.jpg
2026-05-21 15:24:50 [INFO] JSON结果保存到: C:\code\show\Scrap_Steel_In_Field\photos\segmentation_result.json
2026-05-21 15:24:50 [INFO] 类别统计：{1: 404054, 2: 33300, 3: 648, 4: 8172, 5: 62856, 6: 43848, 7: 33516, 8: 16238, 9: 38984, 10: 88416, 11: 504, 12: 123524, 13: 14798, 15: 9756}
2026-05-21 15:24:50 [INFO] 面积统计：{1: np.float64(404054.0), 2: np.float64(33300.0), 3: np.float64(648.0), 4: np.float64(8172.0), 5: np.float64(62856.0), 6: np.float64(43848.0), 7: np.float64(33516.0), 8: np.float64(16238.0), 9: np.float64(38984.0), 10: np.float64(88416.0), 11: np.float64(504.0), 12: np.float64(123524.0), 13: np.float64(14798.0), 15: np.float64(9756.0)}
2026-05-21 15:24:50 [INFO] 分割成功
2026-05-21 15:24:50 [INFO] 引擎上下文已释放
2026-05-21 15:24:50 [INFO] TensorRT 引擎已释放
2026-05-21 15:24:50 [INFO] 全局 CUDA 资源已释放
2026-05-21 15:24:50 [INFO] 分割系统资源已释放
2026-05-21 15:24:54 [INFO] CUDA 初始化成功
2026-05-21 15:24:54 [INFO] 引擎加载成功: scrap_steel.engine
2026-05-21 15:24:54 [INFO] 分割系统初始化成功
2026-05-21 15:24:54 [INFO] 图像预处理完成，原始尺寸: (2160, 3840)
2026-05-21 15:24:54 [INFO] 开始执行分割...
2026-05-21 15:24:54 [DEBUG] 处理后的检测结果形状: (1, 8400, 6)
2026-05-21 15:24:54 [DEBUG] 示例检测结果: [[-4.04091644e+00 -3.28651142e+00  3.89391670e+01  1.55240526e+01
   4.37479777e-08  5.00000000e+00]
 [-6.31332779e+00 -3.03030777e+00  4.42686958e+01  2.99282494e+01
   9.76930536e-09  9.00000000e+00]
 [-3.64093018e+00 -3.59000778e+00  4.56610260e+01  3.05242653e+01
   4.21009361e-09  9.00000000e+00]]
2026-05-21 15:24:54 [DEBUG] 处理后检测输出形状: (0, 52)
2026-05-21 15:24:54 [DEBUG] 有效检测数量: 0
2026-05-21 15:24:54 [DEBUG] 检测输出为空
2026-05-21 15:24:54 [INFO] 掩码中检测到的类别: [0, 1, 2, 3, 4, 5, 6, 7, 8, 9, 10, 11, 12, 13, 15]
2026-05-21 15:24:54 [INFO] 分割完成，检测到 0 个物体
2026-05-21 15:24:54 [INFO] 从分割掩码中提取检测结果
2026-05-21 15:24:54 [INFO] 从掩码中提取了 574 个检测框
2026-05-21 15:24:54 [INFO] 检测到车兜区域，将过滤区域外的目标
2026-05-21 15:24:54 [INFO] 车兜区域过滤: 574 -> 181 个目标
2026-05-21 15:24:55 [INFO] 保存分割和检测结果到: C:\code\show\Scrap_Steel_In_Field\photos\segmentation\segment_20260521_152454.jpg
2026-05-21 15:24:55 [INFO] JSON结果保存到: C:\code\show\Scrap_Steel_In_Field\photos\segmentation_result.json
2026-05-21 15:24:55 [INFO] 类别统计：{1: 370497, 2: 36324, 3: 144, 4: 9360, 5: 61452, 6: 51156, 7: 34596, 8: 20562, 9: 39938, 10: 87336, 11: 612, 12: 120179, 13: 15879, 15: 9648}
2026-05-21 15:24:55 [INFO] 面积统计：{1: np.float64(370497.0), 2: np.float64(36324.0), 3: np.float64(144.0), 4: np.float64(9360.0), 5: np.float64(61452.0), 6: np.float64(51156.0), 7: np.float64(34596.0), 8: np.float64(20562.0), 9: np.float64(39938.0), 10: np.float64(87336.0), 11: np.float64(612.0), 12: np.float64(120179.0), 13: np.float64(15879.0), 15: np.float64(9648.0)}
2026-05-21 15:24:55 [INFO] 分割成功
2026-05-21 15:24:55 [INFO] 引擎上下文已释放
2026-05-21 15:24:55 [INFO] TensorRT 引擎已释放
2026-05-21 15:24:55 [INFO] 全局 CUDA 资源已释放
2026-05-21 15:24:55 [INFO] 分割系统资源已释放
2026-05-21 15:24:59 [INFO] CUDA 初始化成功
2026-05-21 15:24:59 [INFO] 引擎加载成功: scrap_steel.engine
2026-05-21 15:24:59 [INFO] 分割系统初始化成功
2026-05-21 15:24:59 [INFO] 图像预处理完成，原始尺寸: (2160, 3840)
2026-05-21 15:24:59 [INFO] 开始执行分割...
2026-05-21 15:24:59 [DEBUG] 处理后的检测结果形状: (1, 8400, 6)
2026-05-21 15:24:59 [DEBUG] 示例检测结果: [[-4.00648499e+00 -3.26072598e+00  3.89477158e+01  1.54578733e+01
   4.48029560e-08  5.00000000e+00]
 [-6.27515030e+00 -2.98100948e+00  4.42920570e+01  2.99446564e+01
   1.01839817e-08  9.00000000e+00]
 [-3.64686584e+00 -3.57292557e+00  4.57142715e+01  3.06469421e+01
   4.33679048e-09  9.00000000e+00]]
2026-05-21 15:24:59 [DEBUG] 处理后检测输出形状: (0, 52)
2026-05-21 15:24:59 [DEBUG] 有效检测数量: 0
2026-05-21 15:24:59 [DEBUG] 检测输出为空
2026-05-21 15:24:59 [INFO] 掩码中检测到的类别: [0, 1, 2, 3, 4, 5, 6, 7, 8, 9, 10, 11, 12, 13, 15]
2026-05-21 15:24:59 [INFO] 分割完成，检测到 0 个物体
2026-05-21 15:24:59 [INFO] 从分割掩码中提取检测结果
2026-05-21 15:25:00 [INFO] 从掩码中提取了 534 个检测框
2026-05-21 15:25:00 [INFO] 检测到车兜区域，将过滤区域外的目标
2026-05-21 15:25:00 [INFO] 车兜区域过滤: 534 -> 181 个目标
2026-05-21 15:25:00 [INFO] 保存分割和检测结果到: C:\code\show\Scrap_Steel_In_Field\photos\segmentation\segment_20260521_152500.jpg
2026-05-21 15:25:00 [INFO] JSON结果保存到: C:\code\show\Scrap_Steel_In_Field\photos\segmentation_result.json
2026-05-21 15:25:00 [INFO] 类别统计：{1: 383185, 2: 36576, 3: 72, 4: 9000, 5: 63576, 6: 52164, 7: 33012, 8: 18218, 9: 43745, 10: 88596, 11: 252, 12: 118320, 13: 15646, 15: 10296}
2026-05-21 15:25:00 [INFO] 面积统计：{1: np.float64(383185.0), 2: np.float64(36576.0), 3: np.float64(72.0), 4: np.float64(9000.0), 5: np.float64(63576.0), 6: np.float64(52164.0), 7: np.float64(33012.0), 8: np.float64(18218.0), 9: np.float64(43745.0), 10: np.float64(88596.0), 11: np.float64(252.0), 12: np.float64(118320.0), 13: np.float64(15646.0), 15: np.float64(10296.0)}
2026-05-21 15:25:00 [INFO] 分割成功
2026-05-21 15:25:00 [INFO] 引擎上下文已释放
2026-05-21 15:25:00 [INFO] TensorRT 引擎已释放
2026-05-21 15:25:00 [INFO] 全局 CUDA 资源已释放
2026-05-21 15:25:00 [INFO] 分割系统资源已释放
2026-05-21 15:25:04 [INFO] CUDA 初始化成功
2026-05-21 15:25:04 [INFO] 引擎加载成功: scrap_steel.engine
2026-05-21 15:25:04 [INFO] 分割系统初始化成功
2026-05-21 15:25:04 [INFO] 图像预处理完成，原始尺寸: (2160, 3840)
2026-05-21 15:25:04 [INFO] 开始执行分割...
2026-05-21 15:25:04 [DEBUG] 处理后的检测结果形状: (1, 8400, 6)
2026-05-21 15:25:04 [DEBUG] 示例检测结果: [[-4.02025223e+00 -3.26348495e+00  3.89477005e+01  1.55123024e+01
   4.51518680e-08  5.00000000e+00]
 [-6.26298904e+00 -2.99328804e+00  4.42641335e+01  2.99142590e+01
   9.99725103e-09  9.00000000e+00]
 [-3.65092087e+00 -3.58798027e+00  4.56768684e+01  3.06393185e+01
   4.27439062e-09  9.00000000e+00]]
2026-05-21 15:25:04 [DEBUG] 处理后检测输出形状: (0, 52)
2026-05-21 15:25:04 [DEBUG] 有效检测数量: 0
2026-05-21 15:25:04 [DEBUG] 检测输出为空
2026-05-21 15:25:04 [INFO] 掩码中检测到的类别: [0, 1, 2, 3, 4, 5, 6, 7, 8, 9, 10, 11, 12, 13, 15]
2026-05-21 15:25:04 [INFO] 分割完成，检测到 0 个物体
2026-05-21 15:25:04 [INFO] 从分割掩码中提取检测结果
2026-05-21 15:25:05 [INFO] 从掩码中提取了 548 个检测框
2026-05-21 15:25:05 [INFO] 检测到车兜区域，将过滤区域外的目标
2026-05-21 15:25:05 [INFO] 车兜区域过滤: 548 -> 168 个目标
2026-05-21 15:25:05 [INFO] 保存分割和检测结果到: C:\code\show\Scrap_Steel_In_Field\photos\segmentation\segment_20260521_152505.jpg
2026-05-21 15:25:05 [INFO] JSON结果保存到: C:\code\show\Scrap_Steel_In_Field\photos\segmentation_result.json
2026-05-21 15:25:05 [INFO] 类别统计：{1: 393161, 2: 27324, 3: 540, 4: 9648, 5: 72108, 6: 48600, 7: 31248, 8: 18684, 9: 44403, 10: 88632, 11: 468, 12: 116561, 13: 14016, 15: 9000}
2026-05-21 15:25:05 [INFO] 面积统计：{1: np.float64(393161.0), 2: np.float64(27324.0), 3: np.float64(540.0), 4: np.float64(9648.0), 5: np.float64(72108.0), 6: np.float64(48600.0), 7: np.float64(31248.0), 8: np.float64(18684.0), 9: np.float64(44403.0), 10: np.float64(88632.0), 11: np.float64(468.0), 12: np.float64(116561.0), 13: np.float64(14016.0), 15: np.float64(9000.0)}
2026-05-21 15:25:05 [INFO] 分割成功
2026-05-21 15:25:05 [INFO] 引擎上下文已释放
2026-05-21 15:25:05 [INFO] TensorRT 引擎已释放
2026-05-21 15:25:05 [INFO] 全局 CUDA 资源已释放
2026-05-21 15:25:05 [INFO] 分割系统资源已释放
2026-05-21 15:25:09 [INFO] CUDA 初始化成功
2026-05-21 15:25:09 [INFO] 引擎加载成功: scrap_steel.engine
2026-05-21 15:25:09 [INFO] 分割系统初始化成功
2026-05-21 15:25:09 [INFO] 图像预处理完成，原始尺寸: (2160, 3840)
2026-05-21 15:25:09 [INFO] 开始执行分割...
2026-05-21 15:25:09 [DEBUG] 处理后的检测结果形状: (1, 8400, 6)
2026-05-21 15:25:09 [DEBUG] 示例检测结果: [[-3.99201584e+00 -3.24266624e+00  3.88952370e+01  1.53403339e+01
   4.46303972e-08  5.00000000e+00]
 [-6.26057053e+00 -2.99511051e+00  4.43044319e+01  2.97855263e+01
   1.01442694e-08  9.00000000e+00]
 [-3.64149857e+00 -3.58947086e+00  4.56606712e+01  3.05045547e+01
   4.27200675e-09  9.00000000e+00]]
2026-05-21 15:25:09 [DEBUG] 处理后检测输出形状: (0, 52)
2026-05-21 15:25:09 [DEBUG] 有效检测数量: 0
2026-05-21 15:25:09 [DEBUG] 检测输出为空
2026-05-21 15:25:09 [INFO] 掩码中检测到的类别: [0, 1, 2, 3, 4, 5, 6, 7, 8, 9, 10, 11, 12, 13, 15]
2026-05-21 15:25:09 [INFO] 分割完成，检测到 0 个物体
2026-05-21 15:25:09 [INFO] 从分割掩码中提取检测结果
2026-05-21 15:25:10 [INFO] 从掩码中提取了 537 个检测框
2026-05-21 15:25:10 [INFO] 检测到车兜区域，将过滤区域外的目标
2026-05-21 15:25:10 [INFO] 车兜区域过滤: 537 -> 173 个目标
2026-05-21 15:25:10 [INFO] 保存分割和检测结果到: C:\code\show\Scrap_Steel_In_Field\photos\segmentation\segment_20260521_152510.jpg
2026-05-21 15:25:10 [INFO] JSON结果保存到: C:\code\show\Scrap_Steel_In_Field\photos\segmentation_result.json
2026-05-21 15:25:10 [INFO] 类别统计：{1: 391002, 2: 32580, 3: 1404, 4: 7812, 5: 60444, 6: 51408, 7: 29556, 8: 19949, 9: 46098, 10: 87408, 11: 468, 12: 127083, 13: 15219, 15: 10584}
2026-05-21 15:25:10 [INFO] 面积统计：{1: np.float64(391002.0), 2: np.float64(32580.0), 3: np.float64(1404.0), 4: np.float64(7812.0), 5: np.float64(60444.0), 6: np.float64(51408.0), 7: np.float64(29556.0), 8: np.float64(19949.0), 9: np.float64(46098.0), 10: np.float64(87408.0), 11: np.float64(468.0), 12: np.float64(127083.0), 13: np.float64(15219.0), 15: np.float64(10584.0)}
2026-05-21 15:25:10 [INFO] 分割成功
2026-05-21 15:25:10 [INFO] 引擎上下文已释放
2026-05-21 15:25:10 [INFO] TensorRT 引擎已释放
2026-05-21 15:25:11 [INFO] 全局 CUDA 资源已释放
2026-05-21 15:25:11 [INFO] 分割系统资源已释放
2026-05-21 15:25:15 [INFO] CUDA 初始化成功
2026-05-21 15:25:15 [INFO] 引擎加载成功: scrap_steel.engine
2026-05-21 15:25:15 [INFO] 分割系统初始化成功
2026-05-21 15:25:15 [INFO] 图像预处理完成，原始尺寸: (2160, 3840)
2026-05-21 15:25:15 [INFO] 开始执行分割...
2026-05-21 15:25:15 [DEBUG] 处理后的检测结果形状: (1, 8400, 6)
2026-05-21 15:25:15 [DEBUG] 示例检测结果: [[-4.03440857e+00 -3.27173042e+00  3.89145470e+01  1.54585438e+01
   4.41019594e-08  5.00000000e+00]
 [-6.31499100e+00 -3.00782871e+00  4.43648643e+01  2.99144135e+01
   1.00707602e-08  9.00000000e+00]
 [-3.65973663e+00 -3.57468033e+00  4.57255020e+01  3.05990524e+01
   4.33679048e-09  9.00000000e+00]]
2026-05-21 15:25:15 [DEBUG] 处理后检测输出形状: (0, 52)
2026-05-21 15:25:15 [DEBUG] 有效检测数量: 0
2026-05-21 15:25:15 [DEBUG] 检测输出为空
2026-05-21 15:25:15 [INFO] 掩码中检测到的类别: [0, 1, 2, 3, 4, 5, 6, 7, 8, 9, 10, 11, 12, 13, 15]
2026-05-21 15:25:15 [INFO] 分割完成，检测到 0 个物体
2026-05-21 15:25:15 [INFO] 从分割掩码中提取检测结果
2026-05-21 15:25:15 [INFO] 从掩码中提取了 567 个检测框
2026-05-21 15:25:15 [INFO] 检测到车兜区域，将过滤区域外的目标
2026-05-21 15:25:15 [INFO] 车兜区域过滤: 567 -> 176 个目标
2026-05-21 15:25:16 [INFO] 保存分割和检测结果到: C:\code\show\Scrap_Steel_In_Field\photos\segmentation\segment_20260521_152515.jpg
2026-05-21 15:25:16 [INFO] JSON结果保存到: C:\code\show\Scrap_Steel_In_Field\photos\segmentation_result.json
2026-05-21 15:25:16 [INFO] 类别统计：{1: 392567, 2: 31104, 4: 8856, 5: 66564, 6: 44568, 7: 32292, 8: 16305, 9: 45282, 10: 91800, 11: 468, 12: 114221, 13: 15065, 15: 12276}
2026-05-21 15:25:16 [INFO] 面积统计：{1: np.float64(392567.0), 2: np.float64(31104.0), 4: np.float64(8856.0), 5: np.float64(66564.0), 6: np.float64(44568.0), 7: np.float64(32292.0), 8: np.float64(16305.0), 9: np.float64(45282.0), 10: np.float64(91800.0), 11: np.float64(468.0), 12: np.float64(114221.0), 13: np.float64(15065.0), 15: np.float64(12276.0)}
2026-05-21 15:25:16 [INFO] 分割成功
2026-05-21 15:25:16 [INFO] 引擎上下文已释放
2026-05-21 15:25:16 [INFO] TensorRT 引擎已释放
2026-05-21 15:25:16 [INFO] 全局 CUDA 资源已释放
2026-05-21 15:25:16 [INFO] 分割系统资源已释放
2026-05-21 15:25:20 [INFO] CUDA 初始化成功
2026-05-21 15:25:20 [INFO] 引擎加载成功: scrap_steel.engine
2026-05-21 15:25:20 [INFO] 分割系统初始化成功
2026-05-21 15:25:20 [INFO] 图像预处理完成，原始尺寸: (2160, 3840)
2026-05-21 15:25:20 [INFO] 开始执行分割...
2026-05-21 15:25:20 [DEBUG] 处理后的检测结果形状: (1, 8400, 6)
2026-05-21 15:25:20 [DEBUG] 示例检测结果: [[-4.02448273e+00 -3.27634144e+00  3.88389664e+01  1.54574938e+01
   4.47923441e-08  5.00000000e+00]
 [-6.31463242e+00 -3.00628471e+00  4.43016167e+01  2.99218693e+01
   9.99725103e-09  9.00000000e+00]
 [-3.64130402e+00 -3.57376194e+00  4.56353760e+01  3.05829086e+01
   4.27439062e-09  9.00000000e+00]]
2026-05-21 15:25:20 [DEBUG] 处理后检测输出形状: (0, 52)
2026-05-21 15:25:20 [DEBUG] 有效检测数量: 0
2026-05-21 15:25:20 [DEBUG] 检测输出为空
2026-05-21 15:25:20 [INFO] 掩码中检测到的类别: [0, 1, 2, 3, 4, 5, 6, 7, 8, 9, 10, 11, 12, 13, 15]
2026-05-21 15:25:20 [INFO] 分割完成，检测到 0 个物体
2026-05-21 15:25:20 [INFO] 从分割掩码中提取检测结果
2026-05-21 15:25:20 [INFO] 从掩码中提取了 547 个检测框
2026-05-21 15:25:20 [INFO] 检测到车兜区域，将过滤区域外的目标
2026-05-21 15:25:20 [INFO] 车兜区域过滤: 547 -> 170 个目标
2026-05-21 15:25:21 [INFO] 保存分割和检测结果到: C:\code\show\Scrap_Steel_In_Field\photos\segmentation\segment_20260521_152520.jpg
2026-05-21 15:25:21 [INFO] JSON结果保存到: C:\code\show\Scrap_Steel_In_Field\photos\segmentation_result.json
2026-05-21 15:25:21 [INFO] 类别统计：{1: 400079, 2: 34056, 3: 1008, 4: 8028, 5: 62748, 6: 43632, 7: 30168, 8: 18648, 9: 41992, 10: 94464, 11: 504, 12: 119859, 13: 13893, 15: 11412}
2026-05-21 15:25:21 [INFO] 面积统计：{1: np.float64(400079.0), 2: np.float64(34056.0), 3: np.float64(1008.0), 4: np.float64(8028.0), 5: np.float64(62748.0), 6: np.float64(43632.0), 7: np.float64(30168.0), 8: np.float64(18648.0), 9: np.float64(41992.0), 10: np.float64(94464.0), 11: np.float64(504.0), 12: np.float64(119859.0), 13: np.float64(13893.0), 15: np.float64(11412.0)}
2026-05-21 15:25:21 [INFO] 分割成功
2026-05-21 15:25:21 [INFO] 引擎上下文已释放
2026-05-21 15:25:21 [INFO] TensorRT 引擎已释放
2026-05-21 15:25:21 [INFO] 全局 CUDA 资源已释放
2026-05-21 15:25:21 [INFO] 分割系统资源已释放
2026-05-21 15:25:25 [INFO] CUDA 初始化成功
2026-05-21 15:25:25 [INFO] 引擎加载成功: scrap_steel.engine
2026-05-21 15:25:25 [INFO] 分割系统初始化成功
2026-05-21 15:25:25 [INFO] 图像预处理完成，原始尺寸: (2160, 3840)
2026-05-21 15:25:25 [INFO] 开始执行分割...
2026-05-21 15:25:25 [DEBUG] 处理后的检测结果形状: (1, 8400, 6)
2026-05-21 15:25:25 [DEBUG] 示例检测结果: [[-4.05353928e+00 -3.28266907e+00  3.89904060e+01  1.55242310e+01
   4.58920653e-08  5.00000000e+00]
 [-6.34592438e+00 -3.03914928e+00  4.42983704e+01  3.00023613e+01
   1.02107123e-08  9.00000000e+00]
 [-3.66967010e+00 -3.64211082e+00  4.56455994e+01  3.06688137e+01
   4.34939817e-09  9.00000000e+00]]
2026-05-21 15:25:25 [DEBUG] 处理后检测输出形状: (0, 52)
2026-05-21 15:25:25 [DEBUG] 有效检测数量: 0
2026-05-21 15:25:25 [DEBUG] 检测输出为空
2026-05-21 15:25:25 [INFO] 掩码中检测到的类别: [0, 1, 2, 3, 4, 5, 6, 7, 8, 9, 10, 11, 12, 13, 15]
2026-05-21 15:25:25 [INFO] 分割完成，检测到 0 个物体
2026-05-21 15:25:25 [INFO] 从分割掩码中提取检测结果
2026-05-21 15:25:27 [INFO] 从掩码中提取了 557 个检测框
2026-05-21 15:25:27 [INFO] 检测到车兜区域，将过滤区域外的目标
2026-05-21 15:25:27 [INFO] 车兜区域过滤: 557 -> 182 个目标
2026-05-21 15:25:27 [INFO] 保存分割和检测结果到: C:\code\show\Scrap_Steel_In_Field\photos\segmentation\segment_20260521_152527.jpg
2026-05-21 15:25:27 [INFO] JSON结果保存到: C:\code\show\Scrap_Steel_In_Field\photos\segmentation_result.json
2026-05-21 15:25:27 [INFO] 类别统计：{1: 402932, 2: 34776, 3: 36, 4: 10260, 5: 59400, 6: 46764, 7: 30528, 8: 17934, 9: 50187, 10: 87804, 11: 288, 12: 123039, 13: 12882, 15: 11088}
2026-05-21 15:25:27 [INFO] 面积统计：{1: np.float64(402932.0), 2: np.float64(34776.0), 3: np.float64(36.0), 4: np.float64(10260.0), 5: np.float64(59400.0), 6: np.float64(46764.0), 7: np.float64(30528.0), 8: np.float64(17934.0), 9: np.float64(50187.0), 10: np.float64(87804.0), 11: np.float64(288.0), 12: np.float64(123039.0), 13: np.float64(12882.0), 15: np.float64(11088.0)}
2026-05-21 15:25:27 [INFO] 分割成功
2026-05-21 15:25:27 [INFO] 引擎上下文已释放
2026-05-21 15:25:27 [INFO] TensorRT 引擎已释放
2026-05-21 15:25:27 [INFO] 全局 CUDA 资源已释放
2026-05-21 15:25:27 [INFO] 分割系统资源已释放
2026-05-21 15:25:31 [INFO] CUDA 初始化成功
2026-05-21 15:25:31 [INFO] 引擎加载成功: scrap_steel.engine
2026-05-21 15:25:31 [INFO] 分割系统初始化成功
2026-05-21 15:25:31 [INFO] 图像预处理完成，原始尺寸: (2160, 3840)
2026-05-21 15:25:31 [INFO] 开始执行分割...
2026-05-21 15:25:31 [DEBUG] 处理后的检测结果形状: (1, 8400, 6)
2026-05-21 15:25:31 [DEBUG] 示例检测结果: [[-4.04076004e+00 -3.32688904e+00  3.89607544e+01  1.57457581e+01
   4.56948825e-08  5.00000000e+00]
 [-6.33343887e+00 -3.05257511e+00  4.42740669e+01  3.01018753e+01
   1.01311315e-08  9.00000000e+00]
 [-3.67115784e+00 -3.62907887e+00  4.56496811e+01  3.06741142e+01
   4.31570513e-09  9.00000000e+00]]
2026-05-21 15:25:31 [DEBUG] 处理后检测输出形状: (0, 52)
2026-05-21 15:25:31 [DEBUG] 有效检测数量: 0
2026-05-21 15:25:31 [DEBUG] 检测输出为空
2026-05-21 15:25:31 [INFO] 掩码中检测到的类别: [0, 1, 2, 3, 4, 5, 6, 7, 8, 9, 10, 11, 12, 13, 15]
2026-05-21 15:25:31 [INFO] 分割完成，检测到 0 个物体
2026-05-21 15:25:31 [INFO] 从分割掩码中提取检测结果
2026-05-21 15:25:32 [INFO] 从掩码中提取了 553 个检测框
2026-05-21 15:25:32 [INFO] 检测到车兜区域，将过滤区域外的目标
2026-05-21 15:25:32 [INFO] 车兜区域过滤: 553 -> 175 个目标
2026-05-21 15:25:32 [INFO] 保存分割和检测结果到: C:\code\show\Scrap_Steel_In_Field\photos\segmentation\segment_20260521_152532.jpg
2026-05-21 15:25:32 [INFO] JSON结果保存到: C:\code\show\Scrap_Steel_In_Field\photos\segmentation_result.json
2026-05-21 15:25:32 [INFO] 类别统计：{1: 416072, 2: 33588, 3: 180, 4: 8748, 5: 62784, 6: 47052, 7: 33156, 8: 17964, 9: 46980, 10: 93780, 11: 360, 12: 110804, 13: 15066, 15: 8640}
2026-05-21 15:25:32 [INFO] 面积统计：{1: np.float64(416072.0), 2: np.float64(33588.0), 3: np.float64(180.0), 4: np.float64(8748.0), 5: np.float64(62784.0), 6: np.float64(47052.0), 7: np.float64(33156.0), 8: np.float64(17964.0), 9: np.float64(46980.0), 10: np.float64(93780.0), 11: np.float64(360.0), 12: np.float64(110804.0), 13: np.float64(15066.0), 15: np.float64(8640.0)}
2026-05-21 15:25:32 [INFO] 分割成功
2026-05-21 15:25:32 [INFO] 引擎上下文已释放
2026-05-21 15:25:32 [INFO] TensorRT 引擎已释放
2026-05-21 15:25:32 [INFO] 全局 CUDA 资源已释放
2026-05-21 15:25:32 [INFO] 分割系统资源已释放
2026-05-21 15:25:36 [INFO] CUDA 初始化成功
2026-05-21 15:25:36 [INFO] 引擎加载成功: scrap_steel.engine
2026-05-21 15:25:36 [INFO] 分割系统初始化成功
2026-05-21 15:25:36 [INFO] 图像预处理完成，原始尺寸: (2160, 3840)
2026-05-21 15:25:36 [INFO] 开始执行分割...
2026-05-21 15:25:36 [DEBUG] 处理后的检测结果形状: (1, 8400, 6)
2026-05-21 15:25:36 [DEBUG] 示例检测结果: [[-4.00744629e+00 -3.26298857e+00  3.89452362e+01  1.54820671e+01
   4.44462103e-08  5.00000000e+00]
 [-6.27010345e+00 -2.98235130e+00  4.42646675e+01  2.98668995e+01
   1.00707602e-08  9.00000000e+00]
 [-3.63652802e+00 -3.56171799e+00  4.56497879e+01  3.05213165e+01
   4.30773106e-09  9.00000000e+00]]
2026-05-21 15:25:36 [DEBUG] 处理后检测输出形状: (0, 52)
2026-05-21 15:25:36 [DEBUG] 有效检测数量: 0
2026-05-21 15:25:36 [DEBUG] 检测输出为空
2026-05-21 15:25:36 [INFO] 掩码中检测到的类别: [0, 1, 2, 3, 4, 5, 6, 7, 8, 9, 10, 11, 12, 13, 15]
2026-05-21 15:25:36 [INFO] 分割完成，检测到 0 个物体
2026-05-21 15:25:36 [INFO] 从分割掩码中提取检测结果
2026-05-21 15:25:37 [INFO] 从掩码中提取了 576 个检测框
2026-05-21 15:25:37 [INFO] 检测到车兜区域，将过滤区域外的目标
2026-05-21 15:25:37 [INFO] 车兜区域过滤: 576 -> 176 个目标
2026-05-21 15:25:37 [INFO] 保存分割和检测结果到: C:\code\show\Scrap_Steel_In_Field\photos\segmentation\segment_20260521_152537.jpg
2026-05-21 15:25:37 [INFO] JSON结果保存到: C:\code\show\Scrap_Steel_In_Field\photos\segmentation_result.json
2026-05-21 15:25:37 [INFO] 类别统计：{1: 392083, 2: 33228, 3: 1224, 4: 10548, 5: 63900, 6: 44928, 7: 31068, 8: 19584, 9: 45691, 10: 86580, 11: 468, 12: 126612, 13: 13118, 15: 10836}
2026-05-21 15:25:37 [INFO] 面积统计：{1: np.float64(392083.0), 2: np.float64(33228.0), 3: np.float64(1224.0), 4: np.float64(10548.0), 5: np.float64(63900.0), 6: np.float64(44928.0), 7: np.float64(31068.0), 8: np.float64(19584.0), 9: np.float64(45691.0), 10: np.float64(86580.0), 11: np.float64(468.0), 12: np.float64(126612.0), 13: np.float64(13118.0), 15: np.float64(10836.0)}
2026-05-21 15:25:37 [INFO] 分割成功
2026-05-21 15:25:37 [INFO] 引擎上下文已释放
2026-05-21 15:25:37 [INFO] TensorRT 引擎已释放
2026-05-21 15:25:37 [INFO] 全局 CUDA 资源已释放
2026-05-21 15:25:37 [INFO] 分割系统资源已释放
2026-05-21 15:25:42 [INFO] CUDA 初始化成功
2026-05-21 15:25:42 [INFO] 引擎加载成功: scrap_steel.engine
2026-05-21 15:25:42 [INFO] 分割系统初始化成功
2026-05-21 15:25:42 [INFO] 图像预处理完成，原始尺寸: (2160, 3840)
2026-05-21 15:25:42 [INFO] 开始执行分割...
2026-05-21 15:25:42 [DEBUG] 处理后的检测结果形状: (1, 8400, 6)
2026-05-21 15:25:42 [DEBUG] 示例检测结果: [[-4.03777695e+00 -3.29847240e+00  3.89645462e+01  1.56354170e+01
   4.51518680e-08  5.00000000e+00]
 [-6.32543564e+00 -3.03946781e+00  4.42175179e+01  3.00446129e+01
   1.00648450e-08  9.00000000e+00]
 [-3.63822937e+00 -3.58874989e+00  4.56399536e+01  3.06074448e+01
   4.30559055e-09  9.00000000e+00]]
2026-05-21 15:25:42 [DEBUG] 处理后检测输出形状: (0, 52)
2026-05-21 15:25:42 [DEBUG] 有效检测数量: 0
2026-05-21 15:25:42 [DEBUG] 检测输出为空
2026-05-21 15:25:42 [INFO] 掩码中检测到的类别: [0, 1, 2, 3, 4, 5, 6, 7, 8, 9, 10, 11, 12, 13, 15]
2026-05-21 15:25:42 [INFO] 分割完成，检测到 0 个物体
2026-05-21 15:25:42 [INFO] 从分割掩码中提取检测结果
2026-05-21 15:25:43 [INFO] 从掩码中提取了 556 个检测框
2026-05-21 15:25:43 [INFO] 检测到车兜区域，将过滤区域外的目标
2026-05-21 15:25:43 [INFO] 车兜区域过滤: 556 -> 181 个目标
2026-05-21 15:25:43 [INFO] 保存分割和检测结果到: C:\code\show\Scrap_Steel_In_Field\photos\segmentation\segment_20260521_152543.jpg
2026-05-21 15:25:43 [INFO] JSON结果保存到: C:\code\show\Scrap_Steel_In_Field\photos\segmentation_result.json
2026-05-21 15:25:43 [INFO] 类别统计：{1: 409691, 2: 34380, 3: 252, 4: 9756, 5: 63648, 6: 48996, 7: 27252, 8: 20443, 9: 43079, 10: 94572, 11: 504, 12: 122298, 13: 13694, 15: 11736}
2026-05-21 15:25:43 [INFO] 面积统计：{1: np.float64(409691.0), 2: np.float64(34380.0), 3: np.float64(252.0), 4: np.float64(9756.0), 5: np.float64(63648.0), 6: np.float64(48996.0), 7: np.float64(27252.0), 8: np.float64(20443.0), 9: np.float64(43079.0), 10: np.float64(94572.0), 11: np.float64(504.0), 12: np.float64(122298.0), 13: np.float64(13694.0), 15: np.float64(11736.0)}
2026-05-21 15:25:43 [INFO] 分割成功
2026-05-21 15:25:43 [INFO] 引擎上下文已释放
2026-05-21 15:25:43 [INFO] TensorRT 引擎已释放
2026-05-21 15:25:43 [INFO] 全局 CUDA 资源已释放
2026-05-21 15:25:43 [INFO] 分割系统资源已释放
2026-05-21 15:25:47 [INFO] CUDA 初始化成功
2026-05-21 15:25:47 [INFO] 引擎加载成功: scrap_steel.engine
2026-05-21 15:25:47 [INFO] 分割系统初始化成功
2026-05-21 15:25:47 [INFO] 图像预处理完成，原始尺寸: (2160, 3840)
2026-05-21 15:25:47 [INFO] 开始执行分割...
2026-05-21 15:25:47 [DEBUG] 处理后的检测结果形状: (1, 8400, 6)
2026-05-21 15:25:47 [DEBUG] 示例检测结果: [[-4.03843689e+00 -3.29593563e+00  3.89967041e+01  1.55864134e+01
   4.53355469e-08  5.00000000e+00]
 [-6.33884048e+00 -3.01634979e+00  4.42943077e+01  3.00084724e+01
   9.90271687e-09  9.00000000e+00]
 [-3.64437866e+00 -3.60036469e+00  4.56478500e+01  3.06228447e+01
   4.20345714e-09  9.00000000e+00]]
2026-05-21 15:25:47 [DEBUG] 处理后检测输出形状: (0, 52)
2026-05-21 15:25:47 [DEBUG] 有效检测数量: 0
2026-05-21 15:25:47 [DEBUG] 检测输出为空
2026-05-21 15:25:47 [INFO] 掩码中检测到的类别: [0, 1, 2, 3, 4, 5, 6, 7, 8, 9, 10, 11, 12, 13, 15]
2026-05-21 15:25:47 [INFO] 分割完成，检测到 0 个物体
2026-05-21 15:25:47 [INFO] 从分割掩码中提取检测结果
2026-05-21 15:25:48 [INFO] 从掩码中提取了 543 个检测框
2026-05-21 15:25:48 [INFO] 检测到车兜区域，将过滤区域外的目标
2026-05-21 15:25:48 [INFO] 车兜区域过滤: 543 -> 173 个目标
2026-05-21 15:25:48 [INFO] 保存分割和检测结果到: C:\code\show\Scrap_Steel_In_Field\photos\segmentation\segment_20260521_152548.jpg
2026-05-21 15:25:48 [INFO] JSON结果保存到: C:\code\show\Scrap_Steel_In_Field\photos\segmentation_result.json
2026-05-21 15:25:48 [INFO] 类别统计：{1: 384200, 2: 34632, 3: 108, 4: 12168, 5: 59148, 6: 56700, 7: 28044, 8: 18360, 9: 48176, 10: 88020, 11: 360, 12: 124783, 13: 14315, 15: 10584}
2026-05-21 15:25:48 [INFO] 面积统计：{1: np.float64(384200.0), 2: np.float64(34632.0), 3: np.float64(108.0), 4: np.float64(12168.0), 5: np.float64(59148.0), 6: np.float64(56700.0), 7: np.float64(28044.0), 8: np.float64(18360.0), 9: np.float64(48176.0), 10: np.float64(88020.0), 11: np.float64(360.0), 12: np.float64(124783.0), 13: np.float64(14315.0), 15: np.float64(10584.0)}
2026-05-21 15:25:48 [INFO] 分割成功
2026-05-21 15:25:48 [INFO] 引擎上下文已释放
2026-05-21 15:25:48 [INFO] TensorRT 引擎已释放
2026-05-21 15:25:48 [INFO] 全局 CUDA 资源已释放
2026-05-21 15:25:48 [INFO] 分割系统资源已释放
2026-05-21 15:25:52 [INFO] CUDA 初始化成功
2026-05-21 15:25:52 [INFO] 引擎加载成功: scrap_steel.engine
2026-05-21 15:25:52 [INFO] 分割系统初始化成功
2026-05-21 15:25:52 [INFO] 图像预处理完成，原始尺寸: (2160, 3840)
2026-05-21 15:25:52 [INFO] 开始执行分割...
2026-05-21 15:25:52 [DEBUG] 处理后的检测结果形状: (1, 8400, 6)
2026-05-21 15:25:52 [DEBUG] 示例检测结果: [[-4.04195404e+00 -3.29028177e+00  3.89191208e+01  1.56122723e+01
   4.40894681e-08  5.00000000e+00]
 [-6.29069901e+00 -3.03117180e+00  4.42523766e+01  2.99833851e+01
   1.00014397e-08  9.00000000e+00]
 [-3.62614441e+00 -3.59134865e+00  4.56504669e+01  3.05682888e+01
   4.24484448e-09  9.00000000e+00]]
2026-05-21 15:25:52 [DEBUG] 处理后检测输出形状: (0, 52)
2026-05-21 15:25:52 [DEBUG] 有效检测数量: 0
2026-05-21 15:25:52 [DEBUG] 检测输出为空
2026-05-21 15:25:52 [INFO] 掩码中检测到的类别: [0, 1, 2, 3, 4, 5, 6, 7, 8, 9, 10, 11, 12, 13, 15]
2026-05-21 15:25:52 [INFO] 分割完成，检测到 0 个物体
2026-05-21 15:25:52 [INFO] 从分割掩码中提取检测结果
2026-05-21 15:25:53 [INFO] 从掩码中提取了 534 个检测框
2026-05-21 15:25:53 [INFO] 检测到车兜区域，将过滤区域外的目标
2026-05-21 15:25:53 [INFO] 车兜区域过滤: 534 -> 170 个目标
2026-05-21 15:25:53 [INFO] 保存分割和检测结果到: C:\code\show\Scrap_Steel_In_Field\photos\segmentation\segment_20260521_152553.jpg
2026-05-21 15:25:53 [INFO] JSON结果保存到: C:\code\show\Scrap_Steel_In_Field\photos\segmentation_result.json
2026-05-21 15:25:53 [INFO] 类别统计：{1: 378613, 2: 31320, 3: 288, 4: 10152, 5: 58824, 6: 49068, 7: 31608, 8: 19364, 9: 39327, 10: 91260, 11: 324, 12: 119920, 13: 16087, 15: 11376}
2026-05-21 15:25:53 [INFO] 面积统计：{1: np.float64(378613.0), 2: np.float64(31320.0), 3: np.float64(288.0), 4: np.float64(10152.0), 5: np.float64(58824.0), 6: np.float64(49068.0), 7: np.float64(31608.0), 8: np.float64(19364.0), 9: np.float64(39327.0), 10: np.float64(91260.0), 11: np.float64(324.0), 12: np.float64(119920.0), 13: np.float64(16087.0), 15: np.float64(11376.0)}
2026-05-21 15:25:53 [INFO] 分割成功
2026-05-21 15:25:53 [INFO] 引擎上下文已释放
2026-05-21 15:25:53 [INFO] TensorRT 引擎已释放
2026-05-21 15:25:53 [INFO] 全局 CUDA 资源已释放
2026-05-21 15:25:53 [INFO] 分割系统资源已释放
2026-05-21 15:25:58 [INFO] CUDA 初始化成功
2026-05-21 15:25:58 [INFO] 引擎加载成功: scrap_steel.engine
2026-05-21 15:25:58 [INFO] 分割系统初始化成功
2026-05-21 15:25:58 [INFO] 图像预处理完成，原始尺寸: (2160, 3840)
2026-05-21 15:25:58 [INFO] 开始执行分割...
2026-05-21 15:25:58 [DEBUG] 处理后的检测结果形状: (1, 8400, 6)
2026-05-21 15:25:58 [DEBUG] 示例检测结果: [[-3.97485352e+00 -3.23937607e+00  3.90152016e+01  1.53958073e+01
   4.46303972e-08  5.00000000e+00]
 [-6.22988892e+00 -2.97061825e+00  4.43253403e+01  2.98739090e+01
   1.00707602e-08  9.00000000e+00]
 [-3.60463333e+00 -3.54893970e+00  4.56594353e+01  3.05624352e+01
   4.33679048e-09  9.00000000e+00]]
2026-05-21 15:25:58 [DEBUG] 处理后检测输出形状: (0, 52)
2026-05-21 15:25:58 [DEBUG] 有效检测数量: 0
2026-05-21 15:25:58 [DEBUG] 检测输出为空
2026-05-21 15:25:58 [INFO] 掩码中检测到的类别: [0, 1, 2, 3, 4, 5, 6, 7, 8, 9, 10, 11, 12, 13, 15]
2026-05-21 15:25:58 [INFO] 分割完成，检测到 0 个物体
2026-05-21 15:25:58 [INFO] 从分割掩码中提取检测结果
2026-05-21 15:25:58 [INFO] 从掩码中提取了 547 个检测框
2026-05-21 15:25:58 [INFO] 检测到车兜区域，将过滤区域外的目标
2026-05-21 15:25:58 [INFO] 车兜区域过滤: 547 -> 163 个目标
2026-05-21 15:25:59 [INFO] 保存分割和检测结果到: C:\code\show\Scrap_Steel_In_Field\photos\segmentation\segment_20260521_152558.jpg
2026-05-21 15:25:59 [INFO] JSON结果保存到: C:\code\show\Scrap_Steel_In_Field\photos\segmentation_result.json
2026-05-21 15:25:59 [INFO] 类别统计：{1: 385471, 2: 32832, 3: 144, 4: 8676, 5: 65124, 6: 49788, 7: 32832, 8: 18133, 9: 44418, 10: 89352, 11: 252, 12: 121921, 13: 15521, 15: 11376}
2026-05-21 15:25:59 [INFO] 面积统计：{1: np.float64(385471.0), 2: np.float64(32832.0), 3: np.float64(144.0), 4: np.float64(8676.0), 5: np.float64(65124.0), 6: np.float64(49788.0), 7: np.float64(32832.0), 8: np.float64(18133.0), 9: np.float64(44418.0), 10: np.float64(89352.0), 11: np.float64(252.0), 12: np.float64(121921.0), 13: np.float64(15521.0), 15: np.float64(11376.0)}
2026-05-21 15:25:59 [INFO] 分割成功
2026-05-21 15:25:59 [INFO] 引擎上下文已释放
2026-05-21 15:25:59 [INFO] TensorRT 引擎已释放
2026-05-21 15:25:59 [INFO] 全局 CUDA 资源已释放
2026-05-21 15:25:59 [INFO] 分割系统资源已释放
2026-05-21 15:26:03 [INFO] CUDA 初始化成功
2026-05-21 15:26:03 [INFO] 引擎加载成功: scrap_steel.engine
2026-05-21 15:26:03 [INFO] 分割系统初始化成功
2026-05-21 15:26:03 [INFO] 图像预处理完成，原始尺寸: (2160, 3840)
2026-05-21 15:26:03 [INFO] 开始执行分割...
2026-05-21 15:26:03 [DEBUG] 处理后的检测结果形状: (1, 8400, 6)
2026-05-21 15:26:03 [DEBUG] 示例检测结果: [[-4.03306961e+00 -3.28326511e+00  3.90224724e+01  1.55766611e+01
   4.51518680e-08  5.00000000e+00]
 [-6.30310822e+00 -3.01627731e+00  4.43422241e+01  3.00149155e+01
   9.98640104e-09  9.00000000e+00]
 [-3.65635300e+00 -3.61715317e+00  4.56967087e+01  3.07017632e+01
   4.30296332e-09  9.00000000e+00]]
2026-05-21 15:26:03 [DEBUG] 处理后检测输出形状: (0, 52)
2026-05-21 15:26:03 [DEBUG] 有效检测数量: 0
2026-05-21 15:26:03 [DEBUG] 检测输出为空
2026-05-21 15:26:03 [INFO] 掩码中检测到的类别: [0, 1, 2, 3, 4, 5, 6, 7, 8, 9, 10, 11, 12, 13, 15]
2026-05-21 15:26:03 [INFO] 分割完成，检测到 0 个物体
2026-05-21 15:26:03 [INFO] 从分割掩码中提取检测结果
2026-05-21 15:26:03 [INFO] 从掩码中提取了 566 个检测框
2026-05-21 15:26:03 [INFO] 检测到车兜区域，将过滤区域外的目标
2026-05-21 15:26:03 [INFO] 车兜区域过滤: 566 -> 177 个目标
2026-05-21 15:26:04 [INFO] 保存分割和检测结果到: C:\code\show\Scrap_Steel_In_Field\photos\segmentation\segment_20260521_152603.jpg
2026-05-21 15:26:04 [INFO] JSON结果保存到: C:\code\show\Scrap_Steel_In_Field\photos\segmentation_result.json
2026-05-21 15:26:04 [INFO] 类别统计：{1: 373438, 2: 27864, 3: 468, 4: 9504, 5: 64620, 6: 48528, 7: 34488, 8: 18900, 9: 42907, 10: 85716, 11: 360, 12: 127607, 13: 14482, 15: 9864}
2026-05-21 15:26:04 [INFO] 面积统计：{1: np.float64(373438.0), 2: np.float64(27864.0), 3: np.float64(468.0), 4: np.float64(9504.0), 5: np.float64(64620.0), 6: np.float64(48528.0), 7: np.float64(34488.0), 8: np.float64(18900.0), 9: np.float64(42907.0), 10: np.float64(85716.0), 11: np.float64(360.0), 12: np.float64(127607.0), 13: np.float64(14482.0), 15: np.float64(9864.0)}
2026-05-21 15:26:04 [INFO] 分割成功
2026-05-21 15:26:04 [INFO] 引擎上下文已释放
2026-05-21 15:26:04 [INFO] TensorRT 引擎已释放
2026-05-21 15:26:04 [INFO] 全局 CUDA 资源已释放
2026-05-21 15:26:04 [INFO] 分割系统资源已释放
2026-05-21 15:26:08 [INFO] CUDA 初始化成功
2026-05-21 15:26:08 [INFO] 引擎加载成功: scrap_steel.engine
2026-05-21 15:26:08 [INFO] 分割系统初始化成功
2026-05-21 15:26:08 [INFO] 图像预处理完成，原始尺寸: (2160, 3840)
2026-05-21 15:26:08 [INFO] 开始执行分割...
2026-05-21 15:26:08 [DEBUG] 处理后的检测结果形状: (1, 8400, 6)
2026-05-21 15:26:08 [DEBUG] 示例检测结果: [[-4.03816223e+00 -3.27125168e+00  3.87421570e+01  1.54538136e+01
   4.37537082e-08  5.00000000e+00]
 [-6.27080154e+00 -3.00644302e+00  4.41962624e+01  2.98585587e+01
   9.77311032e-09  9.00000000e+00]
 [-3.63411713e+00 -3.56276894e+00  4.56208611e+01  3.04855404e+01
   4.27628777e-09  9.00000000e+00]]
2026-05-21 15:26:08 [DEBUG] 处理后检测输出形状: (0, 52)
2026-05-21 15:26:08 [DEBUG] 有效检测数量: 0
2026-05-21 15:26:08 [DEBUG] 检测输出为空
2026-05-21 15:26:08 [INFO] 掩码中检测到的类别: [0, 1, 2, 3, 4, 5, 6, 7, 8, 9, 10, 11, 12, 13, 15]
2026-05-21 15:26:08 [INFO] 分割完成，检测到 0 个物体
2026-05-21 15:26:08 [INFO] 从分割掩码中提取检测结果
2026-05-21 15:26:08 [INFO] 从掩码中提取了 553 个检测框
2026-05-21 15:26:08 [INFO] 检测到车兜区域，将过滤区域外的目标
2026-05-21 15:26:08 [INFO] 车兜区域过滤: 553 -> 174 个目标
2026-05-21 15:26:09 [INFO] 保存分割和检测结果到: C:\code\show\Scrap_Steel_In_Field\photos\segmentation\segment_20260521_152608.jpg
2026-05-21 15:26:09 [INFO] JSON结果保存到: C:\code\show\Scrap_Steel_In_Field\photos\segmentation_result.json
2026-05-21 15:26:09 [INFO] 类别统计：{1: 393530, 2: 29556, 3: 144, 4: 9180, 5: 63108, 6: 50040, 7: 31644, 8: 17647, 9: 48295, 10: 95472, 11: 144, 12: 118147, 13: 13747, 15: 9324}
2026-05-21 15:26:09 [INFO] 面积统计：{1: np.float64(393530.0), 2: np.float64(29556.0), 3: np.float64(144.0), 4: np.float64(9180.0), 5: np.float64(63108.0), 6: np.float64(50040.0), 7: np.float64(31644.0), 8: np.float64(17647.0), 9: np.float64(48295.0), 10: np.float64(95472.0), 11: np.float64(144.0), 12: np.float64(118147.0), 13: np.float64(13747.0), 15: np.float64(9324.0)}
2026-05-21 15:26:09 [INFO] 分割成功
2026-05-21 15:26:09 [INFO] 引擎上下文已释放
2026-05-21 15:26:09 [INFO] TensorRT 引擎已释放
2026-05-21 15:26:09 [INFO] 全局 CUDA 资源已释放
2026-05-21 15:26:09 [INFO] 分割系统资源已释放
2026-05-21 15:26:13 [INFO] CUDA 初始化成功
2026-05-21 15:26:13 [INFO] 引擎加载成功: scrap_steel.engine
2026-05-21 15:26:13 [INFO] 分割系统初始化成功
2026-05-21 15:26:13 [INFO] 图像预处理完成，原始尺寸: (2160, 3840)
2026-05-21 15:26:13 [INFO] 开始执行分割...
2026-05-21 15:26:13 [DEBUG] 处理后的检测结果形状: (1, 8400, 6)
2026-05-21 15:26:13 [DEBUG] 示例检测结果: [[-4.04077530e+00 -3.30853462e+00  3.87487030e+01  1.55440273e+01
   4.42611459e-08  5.00000000e+00]
 [-6.32186127e+00 -3.05344486e+00  4.41511574e+01  2.99011726e+01
   9.73502523e-09  9.00000000e+00]
 [-3.66014099e+00 -3.64646435e+00  4.56695480e+01  3.05351830e+01
   4.21009361e-09  9.00000000e+00]]
2026-05-21 15:26:13 [DEBUG] 处理后检测输出形状: (0, 52)
2026-05-21 15:26:13 [DEBUG] 有效检测数量: 0
2026-05-21 15:26:13 [DEBUG] 检测输出为空
2026-05-21 15:26:13 [INFO] 掩码中检测到的类别: [0, 1, 2, 3, 4, 5, 6, 7, 8, 9, 10, 11, 12, 13, 15]
2026-05-21 15:26:13 [INFO] 分割完成，检测到 0 个物体
2026-05-21 15:26:13 [INFO] 从分割掩码中提取检测结果
2026-05-21 15:26:14 [INFO] 从掩码中提取了 535 个检测框
2026-05-21 15:26:14 [INFO] 检测到车兜区域，将过滤区域外的目标
2026-05-21 15:26:14 [INFO] 车兜区域过滤: 535 -> 169 个目标
2026-05-21 15:26:14 [INFO] 保存分割和检测结果到: C:\code\show\Scrap_Steel_In_Field\photos\segmentation\segment_20260521_152614.jpg
2026-05-21 15:26:14 [INFO] JSON结果保存到: C:\code\show\Scrap_Steel_In_Field\photos\segmentation_result.json
2026-05-21 15:26:14 [INFO] 类别统计：{1: 384190, 2: 31104, 3: 504, 4: 11412, 5: 59148, 6: 47268, 7: 33192, 8: 20628, 9: 49646, 10: 89604, 11: 504, 12: 120993, 13: 14940, 15: 9468}
2026-05-21 15:26:14 [INFO] 面积统计：{1: np.float64(384190.0), 2: np.float64(31104.0), 3: np.float64(504.0), 4: np.float64(11412.0), 5: np.float64(59148.0), 6: np.float64(47268.0), 7: np.float64(33192.0), 8: np.float64(20628.0), 9: np.float64(49646.0), 10: np.float64(89604.0), 11: np.float64(504.0), 12: np.float64(120993.0), 13: np.float64(14940.0), 15: np.float64(9468.0)}
2026-05-21 15:26:14 [INFO] 分割成功
2026-05-21 15:26:14 [INFO] 引擎上下文已释放
2026-05-21 15:26:14 [INFO] TensorRT 引擎已释放
2026-05-21 15:26:14 [INFO] 全局 CUDA 资源已释放
2026-05-21 15:26:14 [INFO] 分割系统资源已释放
2026-05-21 15:26:19 [INFO] CUDA 初始化成功
2026-05-21 15:26:19 [INFO] 引擎加载成功: scrap_steel.engine
2026-05-21 15:26:19 [INFO] 分割系统初始化成功
2026-05-21 15:26:19 [INFO] 图像预处理完成，原始尺寸: (2160, 3840)
2026-05-21 15:26:19 [INFO] 开始执行分割...
2026-05-21 15:26:19 [DEBUG] 处理后的检测结果形状: (1, 8400, 6)
2026-05-21 15:26:19 [DEBUG] 示例检测结果: [[-4.05206680e+00 -3.26575661e+00  3.89524879e+01  1.54073067e+01
   4.37479777e-08  5.00000000e+00]
 [-6.29879379e+00 -2.99532986e+00  4.42832870e+01  2.97802086e+01
   9.85023263e-09  9.00000000e+00]
 [-3.63891983e+00 -3.57558632e+00  4.56303101e+01  3.04797535e+01
   4.27628777e-09  9.00000000e+00]]
2026-05-21 15:26:19 [DEBUG] 处理后检测输出形状: (0, 52)
2026-05-21 15:26:19 [DEBUG] 有效检测数量: 0
2026-05-21 15:26:19 [DEBUG] 检测输出为空
2026-05-21 15:26:19 [INFO] 掩码中检测到的类别: [0, 1, 2, 3, 4, 5, 6, 7, 8, 9, 10, 11, 12, 13, 15]
2026-05-21 15:26:19 [INFO] 分割完成，检测到 0 个物体
2026-05-21 15:26:19 [INFO] 从分割掩码中提取检测结果
2026-05-21 15:26:19 [INFO] 从掩码中提取了 561 个检测框
2026-05-21 15:26:19 [INFO] 检测到车兜区域，将过滤区域外的目标
2026-05-21 15:26:19 [INFO] 车兜区域过滤: 561 -> 184 个目标
2026-05-21 15:26:20 [INFO] 保存分割和检测结果到: C:\code\show\Scrap_Steel_In_Field\photos\segmentation\segment_20260521_152619.jpg
2026-05-21 15:26:20 [INFO] JSON结果保存到: C:\code\show\Scrap_Steel_In_Field\photos\segmentation_result.json
2026-05-21 15:26:20 [INFO] 类别统计：{1: 400173, 2: 31320, 3: 612, 4: 9036, 5: 63576, 6: 47376, 7: 35604, 8: 18283, 9: 43113, 10: 89244, 11: 108, 12: 116523, 13: 15861, 15: 10188}
2026-05-21 15:26:20 [INFO] 面积统计：{1: np.float64(400173.0), 2: np.float64(31320.0), 3: np.float64(612.0), 4: np.float64(9036.0), 5: np.float64(63576.0), 6: np.float64(47376.0), 7: np.float64(35604.0), 8: np.float64(18283.0), 9: np.float64(43113.0), 10: np.float64(89244.0), 11: np.float64(108.0), 12: np.float64(116523.0), 13: np.float64(15861.0), 15: np.float64(10188.0)}
2026-05-21 15:26:20 [INFO] 分割成功
2026-05-21 15:26:20 [INFO] 引擎上下文已释放
2026-05-21 15:26:20 [INFO] TensorRT 引擎已释放
2026-05-21 15:26:20 [INFO] 全局 CUDA 资源已释放
2026-05-21 15:26:20 [INFO] 分割系统资源已释放
2026-05-21 15:26:24 [INFO] CUDA 初始化成功
2026-05-21 15:26:24 [INFO] 引擎加载成功: scrap_steel.engine
2026-05-21 15:26:24 [INFO] 分割系统初始化成功
2026-05-21 15:26:24 [INFO] 图像预处理完成，原始尺寸: (2160, 3840)
2026-05-21 15:26:24 [INFO] 开始执行分割...
2026-05-21 15:26:24 [DEBUG] 处理后的检测结果形状: (1, 8400, 6)
2026-05-21 15:26:24 [DEBUG] 示例检测结果: [[-4.07079697e+00 -3.31119490e+00  3.89201584e+01  1.56302719e+01
   4.39240786e-08  5.00000000e+00]
 [-6.35814285e+00 -3.05644798e+00  4.42262840e+01  2.99625263e+01
   9.85023263e-09  9.00000000e+00]
 [-3.67481232e+00 -3.64493465e+00  4.56490707e+01  3.05793266e+01
   4.29319869e-09  9.00000000e+00]]
2026-05-21 15:26:24 [DEBUG] 处理后检测输出形状: (0, 52)
2026-05-21 15:26:24 [DEBUG] 有效检测数量: 0
2026-05-21 15:26:24 [DEBUG] 检测输出为空
2026-05-21 15:26:24 [INFO] 掩码中检测到的类别: [0, 1, 2, 3, 4, 5, 6, 7, 8, 9, 10, 11, 12, 13, 15]
2026-05-21 15:26:24 [INFO] 分割完成，检测到 0 个物体
2026-05-21 15:26:24 [INFO] 从分割掩码中提取检测结果
2026-05-21 15:26:25 [INFO] 从掩码中提取了 523 个检测框
2026-05-21 15:26:25 [INFO] 检测到车兜区域，将过滤区域外的目标
2026-05-21 15:26:25 [INFO] 车兜区域过滤: 523 -> 155 个目标
2026-05-21 15:26:26 [INFO] 保存分割和检测结果到: C:\code\show\Scrap_Steel_In_Field\photos\segmentation\segment_20260521_152625.jpg
2026-05-21 15:26:26 [INFO] JSON结果保存到: C:\code\show\Scrap_Steel_In_Field\photos\segmentation_result.json
2026-05-21 15:26:26 [INFO] 类别统计：{1: 381578, 2: 39060, 3: 324, 4: 9684, 5: 59400, 6: 49356, 7: 29880, 8: 19836, 9: 53092, 10: 88164, 11: 288, 12: 126916, 13: 13554, 15: 9720}
2026-05-21 15:26:26 [INFO] 面积统计：{1: np.float64(381578.0), 2: np.float64(39060.0), 3: np.float64(324.0), 4: np.float64(9684.0), 5: np.float64(59400.0), 6: np.float64(49356.0), 7: np.float64(29880.0), 8: np.float64(19836.0), 9: np.float64(53092.0), 10: np.float64(88164.0), 11: np.float64(288.0), 12: np.float64(126916.0), 13: np.float64(13554.0), 15: np.float64(9720.0)}
2026-05-21 15:26:26 [INFO] 分割成功
2026-05-21 15:26:26 [INFO] 引擎上下文已释放
2026-05-21 15:26:26 [INFO] TensorRT 引擎已释放
2026-05-21 15:26:26 [INFO] 全局 CUDA 资源已释放
2026-05-21 15:26:26 [INFO] 分割系统资源已释放
2026-05-21 15:26:29 [INFO] CUDA 初始化成功
2026-05-21 15:26:30 [INFO] 引擎加载成功: scrap_steel.engine
2026-05-21 15:26:30 [INFO] 分割系统初始化成功
2026-05-21 15:26:30 [INFO] 图像预处理完成，原始尺寸: (2160, 3840)
2026-05-21 15:26:30 [INFO] 开始执行分割...
2026-05-21 15:26:30 [DEBUG] 处理后的检测结果形状: (1, 8400, 6)
2026-05-21 15:26:30 [DEBUG] 示例检测结果: [[-4.07287598e+00 -3.28928566e+00  3.89192696e+01  1.54665012e+01
   4.42611459e-08  5.00000000e+00]
 [-6.35135269e+00 -3.04440308e+00  4.42297935e+01  2.98769341e+01
   1.00363877e-08  9.00000000e+00]
 [-3.66831207e+00 -3.62034988e+00  4.56360664e+01  3.05042114e+01
   4.27628777e-09  9.00000000e+00]]
2026-05-21 15:26:30 [DEBUG] 处理后检测输出形状: (0, 52)
2026-05-21 15:26:30 [DEBUG] 有效检测数量: 0
2026-05-21 15:26:30 [DEBUG] 检测输出为空
2026-05-21 15:26:30 [INFO] 掩码中检测到的类别: [0, 1, 2, 3, 4, 5, 6, 7, 8, 9, 10, 11, 12, 13, 15]
2026-05-21 15:26:30 [INFO] 分割完成，检测到 0 个物体
2026-05-21 15:26:30 [INFO] 从分割掩码中提取检测结果
2026-05-21 15:26:30 [INFO] 从掩码中提取了 535 个检测框
2026-05-21 15:26:30 [INFO] 检测到车兜区域，将过滤区域外的目标
2026-05-21 15:26:30 [INFO] 车兜区域过滤: 535 -> 157 个目标
2026-05-21 15:26:31 [INFO] 保存分割和检测结果到: C:\code\show\Scrap_Steel_In_Field\photos\segmentation\segment_20260521_152630.jpg
2026-05-21 15:26:31 [INFO] JSON结果保存到: C:\code\show\Scrap_Steel_In_Field\photos\segmentation_result.json
2026-05-21 15:26:31 [INFO] 类别统计：{1: 394449, 2: 29160, 3: 180, 4: 9288, 5: 62640, 6: 47088, 7: 33444, 8: 18900, 9: 41672, 10: 95184, 11: 216, 12: 112551, 13: 14875, 15: 10980}
2026-05-21 15:26:31 [INFO] 面积统计：{1: np.float64(394449.0), 2: np.float64(29160.0), 3: np.float64(180.0), 4: np.float64(9288.0), 5: np.float64(62640.0), 6: np.float64(47088.0), 7: np.float64(33444.0), 8: np.float64(18900.0), 9: np.float64(41672.0), 10: np.float64(95184.0), 11: np.float64(216.0), 12: np.float64(112551.0), 13: np.float64(14875.0), 15: np.float64(10980.0)}
2026-05-21 15:26:31 [INFO] 分割成功
2026-05-21 15:26:31 [INFO] 引擎上下文已释放
2026-05-21 15:26:31 [INFO] TensorRT 引擎已释放
2026-05-21 15:26:31 [INFO] 全局 CUDA 资源已释放
2026-05-21 15:26:31 [INFO] 分割系统资源已释放
2026-05-21 15:26:34 [INFO] CUDA 初始化成功
2026-05-21 15:26:34 [INFO] 引擎加载成功: scrap_steel.engine
2026-05-21 15:26:34 [INFO] 分割系统初始化成功
2026-05-21 15:26:35 [INFO] 图像预处理完成，原始尺寸: (2160, 3840)
2026-05-21 15:26:35 [INFO] 开始执行分割...
2026-05-21 15:26:35 [DEBUG] 处理后的检测结果形状: (1, 8400, 6)
2026-05-21 15:26:35 [DEBUG] 示例检测结果: [[-4.03238297e+00 -3.29500389e+00  3.90300217e+01  1.55698757e+01
   4.58920653e-08  5.00000000e+00]
 [-6.33435822e+00 -3.02917004e+00  4.44171219e+01  3.00919914e+01
   1.01311315e-08  9.00000000e+00]
 [-3.67473221e+00 -3.59977531e+00  4.57412529e+01  3.07349911e+01
   4.41131132e-09  9.00000000e+00]]
2026-05-21 15:26:35 [DEBUG] 处理后检测输出形状: (0, 52)
2026-05-21 15:26:35 [DEBUG] 有效检测数量: 0
2026-05-21 15:26:35 [DEBUG] 检测输出为空
2026-05-21 15:26:35 [INFO] 掩码中检测到的类别: [0, 1, 2, 3, 4, 5, 6, 7, 8, 9, 10, 11, 12, 13, 15]
2026-05-21 15:26:35 [INFO] 分割完成，检测到 0 个物体
2026-05-21 15:26:35 [INFO] 从分割掩码中提取检测结果
2026-05-21 15:26:35 [INFO] 从掩码中提取了 532 个检测框
2026-05-21 15:26:35 [INFO] 检测到车兜区域，将过滤区域外的目标
2026-05-21 15:26:35 [INFO] 车兜区域过滤: 532 -> 181 个目标
2026-05-21 15:26:36 [INFO] 保存分割和检测结果到: C:\code\show\Scrap_Steel_In_Field\photos\segmentation\segment_20260521_152635.jpg
2026-05-21 15:26:36 [INFO] JSON结果保存到: C:\code\show\Scrap_Steel_In_Field\photos\segmentation_result.json
2026-05-21 15:26:36 [INFO] 类别统计：{1: 383045, 2: 35712, 3: 36, 4: 8136, 5: 66276, 6: 52416, 7: 32148, 8: 18504, 9: 43360, 10: 94680, 11: 504, 12: 124443, 13: 13820, 15: 10080}
2026-05-21 15:26:36 [INFO] 面积统计：{1: np.float64(383045.0), 2: np.float64(35712.0), 3: np.float64(36.0), 4: np.float64(8136.0), 5: np.float64(66276.0), 6: np.float64(52416.0), 7: np.float64(32148.0), 8: np.float64(18504.0), 9: np.float64(43360.0), 10: np.float64(94680.0), 11: np.float64(504.0), 12: np.float64(124443.0), 13: np.float64(13820.0), 15: np.float64(10080.0)}
2026-05-21 15:26:36 [INFO] 分割成功
2026-05-21 15:26:36 [INFO] 引擎上下文已释放
2026-05-21 15:26:36 [INFO] TensorRT 引擎已释放
2026-05-21 15:26:36 [INFO] 全局 CUDA 资源已释放
2026-05-21 15:26:36 [INFO] 分割系统资源已释放
2026-05-21 15:26:40 [INFO] CUDA 初始化成功
2026-05-21 15:26:40 [INFO] 引擎加载成功: scrap_steel.engine
2026-05-21 15:26:40 [INFO] 分割系统初始化成功
2026-05-21 15:26:40 [INFO] 图像预处理完成，原始尺寸: (2160, 3840)
2026-05-21 15:26:40 [INFO] 开始执行分割...
2026-05-21 15:26:40 [DEBUG] 处理后的检测结果形状: (1, 8400, 6)
2026-05-21 15:26:40 [DEBUG] 示例检测结果: [[-4.04089355e+00 -3.29902029e+00  3.89692650e+01  1.55761318e+01
   4.47923441e-08  5.00000000e+00]
 [-6.33032608e+00 -3.01716805e+00  4.42291718e+01  2.98619862e+01
   9.99191130e-09  9.00000000e+00]
 [-3.65473557e+00 -3.58757877e+00  4.56287003e+01  3.04867935e+01
   4.24105018e-09  9.00000000e+00]]
2026-05-21 15:26:40 [DEBUG] 处理后检测输出形状: (0, 52)
2026-05-21 15:26:40 [DEBUG] 有效检测数量: 0
2026-05-21 15:26:40 [DEBUG] 检测输出为空
2026-05-21 15:26:40 [INFO] 掩码中检测到的类别: [0, 1, 2, 3, 4, 5, 6, 7, 8, 9, 10, 11, 12, 13, 15]
2026-05-21 15:26:40 [INFO] 分割完成，检测到 0 个物体
2026-05-21 15:26:40 [INFO] 从分割掩码中提取检测结果
2026-05-21 15:26:41 [INFO] 从掩码中提取了 566 个检测框
2026-05-21 15:26:41 [INFO] 检测到车兜区域，将过滤区域外的目标
2026-05-21 15:26:41 [INFO] 车兜区域过滤: 566 -> 172 个目标
2026-05-21 15:26:42 [INFO] 保存分割和检测结果到: C:\code\show\Scrap_Steel_In_Field\photos\segmentation\segment_20260521_152641.jpg
2026-05-21 15:26:42 [INFO] JSON结果保存到: C:\code\show\Scrap_Steel_In_Field\photos\segmentation_result.json
2026-05-21 15:26:42 [INFO] 类别统计：{1: 398365, 2: 29772, 3: 756, 4: 9468, 5: 58788, 6: 51480, 7: 30672, 8: 19188, 9: 42345, 10: 94068, 11: 360, 12: 123951, 13: 13645, 15: 9972}
2026-05-21 15:26:42 [INFO] 面积统计：{1: np.float64(398365.0), 2: np.float64(29772.0), 3: np.float64(756.0), 4: np.float64(9468.0), 5: np.float64(58788.0), 6: np.float64(51480.0), 7: np.float64(30672.0), 8: np.float64(19188.0), 9: np.float64(42345.0), 10: np.float64(94068.0), 11: np.float64(360.0), 12: np.float64(123951.0), 13: np.float64(13645.0), 15: np.float64(9972.0)}
2026-05-21 15:26:42 [INFO] 分割成功
2026-05-21 15:26:42 [INFO] 引擎上下文已释放
2026-05-21 15:26:42 [INFO] TensorRT 引擎已释放
2026-05-21 15:26:42 [INFO] 全局 CUDA 资源已释放
2026-05-21 15:26:42 [INFO] 分割系统资源已释放
2026-05-21 15:26:46 [INFO] CUDA 初始化成功
2026-05-21 15:26:46 [INFO] 引擎加载成功: scrap_steel.engine
2026-05-21 15:26:46 [INFO] 分割系统初始化成功
2026-05-21 15:26:46 [INFO] 图像预处理完成，原始尺寸: (2160, 3840)
2026-05-21 15:26:46 [INFO] 开始执行分割...
2026-05-21 15:26:46 [DEBUG] 处理后的检测结果形状: (1, 8400, 6)
2026-05-21 15:26:46 [DEBUG] 示例检测结果: [[-4.03799820e+00 -3.27305412e+00  3.89265785e+01  1.55764980e+01
   4.48029560e-08  5.00000000e+00]
 [-6.32879639e+00 -3.01563072e+00  4.43085403e+01  3.00488987e+01
   9.98640104e-09  9.00000000e+00]
 [-3.65420914e+00 -3.60033035e+00  4.56750450e+01  3.06304932e+01
   4.26962998e-09  9.00000000e+00]]
2026-05-21 15:26:46 [DEBUG] 处理后检测输出形状: (0, 52)
2026-05-21 15:26:46 [DEBUG] 有效检测数量: 0
2026-05-21 15:26:46 [DEBUG] 检测输出为空
2026-05-21 15:26:46 [INFO] 掩码中检测到的类别: [0, 1, 2, 3, 4, 5, 6, 7, 8, 9, 10, 11, 12, 13, 15]
2026-05-21 15:26:46 [INFO] 分割完成，检测到 0 个物体
2026-05-21 15:26:46 [INFO] 从分割掩码中提取检测结果
2026-05-21 15:26:46 [INFO] 从掩码中提取了 541 个检测框
2026-05-21 15:26:46 [INFO] 检测到车兜区域，将过滤区域外的目标
2026-05-21 15:26:46 [INFO] 车兜区域过滤: 541 -> 177 个目标
2026-05-21 15:26:47 [INFO] 保存分割和检测结果到: C:\code\show\Scrap_Steel_In_Field\photos\segmentation\segment_20260521_152646.jpg
2026-05-21 15:26:47 [INFO] JSON结果保存到: C:\code\show\Scrap_Steel_In_Field\photos\segmentation_result.json
2026-05-21 15:26:47 [INFO] 类别统计：{1: 385719, 2: 32400, 3: 216, 4: 11052, 5: 64332, 6: 48276, 7: 31356, 8: 16308, 9: 40864, 10: 87480, 11: 288, 12: 123546, 13: 15493, 15: 13140}
2026-05-21 15:26:47 [INFO] 面积统计：{1: np.float64(385719.0), 2: np.float64(32400.0), 3: np.float64(216.0), 4: np.float64(11052.0), 5: np.float64(64332.0), 6: np.float64(48276.0), 7: np.float64(31356.0), 8: np.float64(16308.0), 9: np.float64(40864.0), 10: np.float64(87480.0), 11: np.float64(288.0), 12: np.float64(123546.0), 13: np.float64(15493.0), 15: np.float64(13140.0)}
2026-05-21 15:26:47 [INFO] 分割成功
2026-05-21 15:26:47 [INFO] 引擎上下文已释放
2026-05-21 15:26:47 [INFO] TensorRT 引擎已释放
2026-05-21 15:26:47 [INFO] 全局 CUDA 资源已释放
2026-05-21 15:26:47 [INFO] 分割系统资源已释放
2026-05-21 15:26:51 [INFO] CUDA 初始化成功
2026-05-21 15:26:51 [INFO] 引擎加载成功: scrap_steel.engine
2026-05-21 15:26:51 [INFO] 分割系统初始化成功
2026-05-21 15:26:51 [INFO] 图像预处理完成，原始尺寸: (2160, 3840)
2026-05-21 15:26:51 [INFO] 开始执行分割...
2026-05-21 15:26:51 [DEBUG] 处理后的检测结果形状: (1, 8400, 6)
2026-05-21 15:26:51 [DEBUG] 示例检测结果: [[-4.03841782e+00 -3.28691244e+00  3.87999687e+01  1.55199299e+01
   4.42611459e-08  5.00000000e+00]
 [-6.28851318e+00 -3.03002739e+00  4.41464500e+01  2.98130360e+01
   9.92374183e-09  9.00000000e+00]
 [-3.65665436e+00 -3.60463715e+00  4.56067696e+01  3.04312630e+01
   4.27628777e-09  9.00000000e+00]]
2026-05-21 15:26:51 [DEBUG] 处理后检测输出形状: (0, 52)
2026-05-21 15:26:51 [DEBUG] 有效检测数量: 0
2026-05-21 15:26:51 [DEBUG] 检测输出为空
2026-05-21 15:26:51 [INFO] 掩码中检测到的类别: [0, 1, 2, 3, 4, 5, 6, 7, 8, 9, 10, 11, 12, 13, 15]
2026-05-21 15:26:52 [INFO] 分割完成，检测到 0 个物体
2026-05-21 15:26:52 [INFO] 从分割掩码中提取检测结果
2026-05-21 15:26:52 [INFO] 从掩码中提取了 590 个检测框
2026-05-21 15:26:52 [INFO] 检测到车兜区域，将过滤区域外的目标
2026-05-21 15:26:52 [INFO] 车兜区域过滤: 590 -> 195 个目标
2026-05-21 15:26:53 [INFO] 保存分割和检测结果到: C:\code\show\Scrap_Steel_In_Field\photos\segmentation\segment_20260521_152652.jpg
2026-05-21 15:26:53 [INFO] JSON结果保存到: C:\code\show\Scrap_Steel_In_Field\photos\segmentation_result.json
2026-05-21 15:26:53 [INFO] 类别统计：{1: 398920, 2: 34668, 3: 828, 4: 7992, 5: 61632, 6: 50544, 7: 31860, 8: 19908, 9: 45133, 10: 88344, 11: 360, 12: 117561, 13: 16278, 15: 10836}
2026-05-21 15:26:53 [INFO] 面积统计：{1: np.float64(398920.0), 2: np.float64(34668.0), 3: np.float64(828.0), 4: np.float64(7992.0), 5: np.float64(61632.0), 6: np.float64(50544.0), 7: np.float64(31860.0), 8: np.float64(19908.0), 9: np.float64(45133.0), 10: np.float64(88344.0), 11: np.float64(360.0), 12: np.float64(117561.0), 13: np.float64(16278.0), 15: np.float64(10836.0)}
2026-05-21 15:26:53 [INFO] 分割成功
2026-05-21 15:26:53 [INFO] 引擎上下文已释放
2026-05-21 15:26:53 [INFO] TensorRT 引擎已释放
2026-05-21 15:26:53 [INFO] 全局 CUDA 资源已释放
2026-05-21 15:26:53 [INFO] 分割系统资源已释放
2026-05-21 15:26:57 [INFO] CUDA 初始化成功
2026-05-21 15:26:57 [INFO] 引擎加载成功: scrap_steel.engine
2026-05-21 15:26:57 [INFO] 分割系统初始化成功
2026-05-21 15:26:57 [INFO] 图像预处理完成，原始尺寸: (2160, 3840)
2026-05-21 15:26:57 [INFO] 开始执行分割...
2026-05-21 15:26:58 [DEBUG] 处理后的检测结果形状: (1, 8400, 6)
2026-05-21 15:26:58 [DEBUG] 示例检测结果: [[-4.06842041e+00 -3.30517960e+00  3.89035378e+01  1.56044960e+01
   4.44462103e-08  5.00000000e+00]
 [-6.31467056e+00 -3.04017448e+00  4.43032455e+01  2.99658375e+01
   9.95811433e-09  9.00000000e+00]
 [-3.65846252e+00 -3.61676311e+00  4.56606140e+01  3.05569191e+01
   4.30559055e-09  9.00000000e+00]]
2026-05-21 15:26:58 [DEBUG] 处理后检测输出形状: (0, 52)
2026-05-21 15:26:58 [DEBUG] 有效检测数量: 0
2026-05-21 15:26:58 [DEBUG] 检测输出为空
2026-05-21 15:26:58 [INFO] 掩码中检测到的类别: [0, 1, 2, 3, 4, 5, 6, 7, 8, 9, 10, 11, 12, 13, 15]
2026-05-21 15:26:58 [INFO] 分割完成，检测到 0 个物体
2026-05-21 15:26:58 [INFO] 从分割掩码中提取检测结果
2026-05-21 15:26:58 [INFO] 从掩码中提取了 570 个检测框
2026-05-21 15:26:58 [INFO] 检测到车兜区域，将过滤区域外的目标
2026-05-21 15:26:58 [INFO] 车兜区域过滤: 570 -> 186 个目标
2026-05-21 15:26:59 [INFO] 保存分割和检测结果到: C:\code\show\Scrap_Steel_In_Field\photos\segmentation\segment_20260521_152658.jpg
2026-05-21 15:26:59 [INFO] JSON结果保存到: C:\code\show\Scrap_Steel_In_Field\photos\segmentation_result.json
2026-05-21 15:26:59 [INFO] 类别统计：{1: 399052, 2: 30312, 3: 180, 4: 8964, 5: 64944, 6: 45324, 7: 33912, 8: 20988, 9: 44949, 10: 92412, 11: 288, 12: 129436, 13: 14582, 15: 11196}
2026-05-21 15:26:59 [INFO] 面积统计：{1: np.float64(399052.0), 2: np.float64(30312.0), 3: np.float64(180.0), 4: np.float64(8964.0), 5: np.float64(64944.0), 6: np.float64(45324.0), 7: np.float64(33912.0), 8: np.float64(20988.0), 9: np.float64(44949.0), 10: np.float64(92412.0), 11: np.float64(288.0), 12: np.float64(129436.0), 13: np.float64(14582.0), 15: np.float64(11196.0)}
2026-05-21 15:26:59 [INFO] 分割成功
2026-05-21 15:26:59 [INFO] 引擎上下文已释放
2026-05-21 15:26:59 [INFO] TensorRT 引擎已释放
2026-05-21 15:26:59 [INFO] 全局 CUDA 资源已释放
2026-05-21 15:26:59 [INFO] 分割系统资源已释放
