2026-05-21 09:05:43 [INFO] CUDA 初始化成功
2026-05-21 09:05:43 [INFO] 引擎加载成功: scrap_steel.engine
2026-05-21 09:05:43 [INFO] 分割系统初始化成功
2026-05-21 09:05:46 [INFO] 引擎加载成功: scrap_steel.engine
2026-05-21 09:05:46 [INFO] 分割系统初始化成功
2026-05-21 09:05:46 [INFO] 图像预处理完成，原始尺寸: (2160, 3840)
2026-05-21 09:05:46 [INFO] 开始执行分割...
2026-05-21 09:05:46 [ERROR] 推理过程发生异常: explicit_context_dependent failed: invalid device context - no currently active context?
2026-05-21 09:05:46 [INFO] 分割完成，检测到 0 个物体
2026-05-21 09:05:46 [ERROR] 分割失败: 未能生成有效的分割掩码
2026-05-21 09:05:46 [INFO] 引擎上下文已释放
2026-05-21 09:05:46 [INFO] TensorRT 引擎已释放
2026-05-21 09:05:46 [INFO] 全局 CUDA 资源已释放
2026-05-21 09:05:46 [INFO] 分割系统资源已释放
2026-05-21 09:05:53 [INFO] CUDA 初始化成功
2026-05-21 09:05:53 [INFO] 引擎加载成功: scrap_steel.engine
2026-05-21 09:05:53 [INFO] 分割系统初始化成功
2026-05-21 09:05:54 [INFO] 图像预处理完成，原始尺寸: (2160, 3840)
2026-05-21 09:05:54 [INFO] 开始执行分割...
2026-05-21 09:05:54 [DEBUG] 处理后的检测结果形状: (1, 8400, 6)
2026-05-21 09:05:54 [DEBUG] 示例检测结果: [[-3.99105835e+00 -3.28863573e+00  3.96714249e+01  1.58043175e+01
   3.76850124e-08  5.00000000e+00]
 [-6.20742798e+00 -2.96388626e+00  4.48722038e+01  3.01026115e+01
   9.48137568e-09  9.00000000e+00]
 [-3.46721649e+00 -3.32287502e+00  4.60150833e+01  3.04679871e+01
   4.37751169e-09  9.00000000e+00]]
2026-05-21 09:05:54 [DEBUG] 处理后检测输出形状: (0, 52)
2026-05-21 09:05:54 [DEBUG] 有效检测数量: 0
2026-05-21 09:05:54 [DEBUG] 检测输出为空
2026-05-21 09:05:54 [INFO] 掩码中检测到的类别: [0, 1, 2, 3, 4, 5, 6, 7, 8, 9, 10, 11, 12, 13, 15]
2026-05-21 09:05:54 [INFO] 分割完成，检测到 0 个物体
2026-05-21 09:05:54 [INFO] 从分割掩码中提取检测结果
2026-05-21 09:05:54 [INFO] 从掩码中提取了 578 个检测框
2026-05-21 09:05:54 [INFO] 检测到车兜区域，将过滤区域外的目标
2026-05-21 09:05:54 [INFO] 车兜区域过滤: 578 -> 112 个目标
2026-05-21 09:05:55 [INFO] 保存分割和检测结果到: C:\code\show\Scrap_Steel_In_Field\photos\segmentation\segment_20260521_090554.jpg
2026-05-21 09:05:55 [INFO] JSON结果保存到: C:\code\show\Scrap_Steel_In_Field\photos\segmentation_result.json
2026-05-21 09:05:55 [INFO] 类别统计：{1: 73487, 2: 26136, 3: 5868, 4: 12960, 5: 49857, 6: 1368, 7: 23200, 8: 13922, 9: 41184, 10: 11088, 11: 5652, 12: 37933, 13: 6909, 15: 7661}
2026-05-21 09:05:55 [INFO] 面积统计：{1: np.float64(73487.0), 2: np.float64(26136.0), 3: np.float64(5868.0), 4: np.float64(12960.0), 5: np.float64(49857.0), 6: np.float64(1368.0), 7: np.float64(23200.0), 8: np.float64(13922.0), 9: np.float64(41184.0), 10: np.float64(11088.0), 11: np.float64(5652.0), 12: np.float64(37933.0), 13: np.float64(6909.0), 15: np.float64(7661.0)}
2026-05-21 09:05:55 [INFO] 分割成功
2026-05-21 09:05:55 [INFO] 引擎上下文已释放
2026-05-21 09:05:55 [INFO] TensorRT 引擎已释放
2026-05-21 09:05:55 [INFO] 全局 CUDA 资源已释放
2026-05-21 09:05:55 [INFO] 分割系统资源已释放
2026-05-21 09:05:59 [INFO] CUDA 初始化成功
2026-05-21 09:05:59 [INFO] 引擎加载成功: scrap_steel.engine
2026-05-21 09:05:59 [INFO] 分割系统初始化成功
2026-05-21 09:05:59 [INFO] 图像预处理完成，原始尺寸: (2160, 3840)
2026-05-21 09:05:59 [INFO] 开始执行分割...
2026-05-21 09:05:59 [DEBUG] 处理后的检测结果形状: (1, 8400, 6)
2026-05-21 09:05:59 [DEBUG] 示例检测结果: [[-3.99160767e+00 -3.28651142e+00  3.95206528e+01  1.58051367e+01
   3.69496433e-08  5.00000000e+00]
 [-6.19116974e+00 -2.96446609e+00  4.47211571e+01  3.00539169e+01
   9.13610965e-09  9.00000000e+00]
 [-3.43669510e+00 -3.31285858e+00  4.59277229e+01  3.04234505e+01
   4.24763691e-09  9.00000000e+00]]
2026-05-21 09:05:59 [DEBUG] 处理后检测输出形状: (0, 52)
2026-05-21 09:05:59 [DEBUG] 有效检测数量: 0
2026-05-21 09:05:59 [DEBUG] 检测输出为空
2026-05-21 09:05:59 [INFO] 掩码中检测到的类别: [0, 1, 2, 3, 4, 5, 6, 7, 8, 9, 10, 11, 12, 13, 15]
2026-05-21 09:05:59 [INFO] 分割完成，检测到 0 个物体
2026-05-21 09:05:59 [INFO] 从分割掩码中提取检测结果
2026-05-21 09:05:59 [INFO] 从掩码中提取了 576 个检测框
2026-05-21 09:05:59 [INFO] 检测到车兜区域，将过滤区域外的目标
2026-05-21 09:05:59 [INFO] 车兜区域过滤: 576 -> 110 个目标
2026-05-21 09:06:00 [INFO] 保存分割和检测结果到: C:\code\show\Scrap_Steel_In_Field\photos\segmentation\segment_20260521_090559.jpg
2026-05-21 09:06:00 [INFO] JSON结果保存到: C:\code\show\Scrap_Steel_In_Field\photos\segmentation_result.json
2026-05-21 09:06:00 [INFO] 类别统计：{1: 71671, 2: 24768, 3: 7308, 4: 13176, 5: 46847, 6: 2556, 7: 23707, 8: 16112, 9: 37692, 10: 4104, 11: 7956, 12: 39091, 13: 6584, 15: 8226}
2026-05-21 09:06:00 [INFO] 面积统计：{1: np.float64(71671.0), 2: np.float64(24768.0), 3: np.float64(7308.0), 4: np.float64(13176.0), 5: np.float64(46847.0), 6: np.float64(2556.0), 7: np.float64(23707.0), 8: np.float64(16112.0), 9: np.float64(37692.0), 10: np.float64(4104.0), 11: np.float64(7956.0), 12: np.float64(39091.0), 13: np.float64(6584.0), 15: np.float64(8226.0)}
2026-05-21 09:06:00 [INFO] 分割成功
2026-05-21 09:06:00 [INFO] 引擎上下文已释放
2026-05-21 09:06:00 [INFO] TensorRT 引擎已释放
2026-05-21 09:06:00 [INFO] 全局 CUDA 资源已释放
2026-05-21 09:06:00 [INFO] 分割系统资源已释放
2026-05-21 09:06:04 [INFO] CUDA 初始化成功
2026-05-21 09:06:04 [INFO] 引擎加载成功: scrap_steel.engine
2026-05-21 09:06:04 [INFO] 分割系统初始化成功
2026-05-21 09:06:04 [INFO] 图像预处理完成，原始尺寸: (2160, 3840)
2026-05-21 09:06:04 [INFO] 开始执行分割...
2026-05-21 09:06:04 [DEBUG] 处理后的检测结果形状: (1, 8400, 6)
2026-05-21 09:06:04 [DEBUG] 示例检测结果: [[-4.01898956e+00 -3.30299950e+00  3.95721436e+01  1.58630810e+01
   3.59687000e-08  5.00000000e+00]
 [-6.16164780e+00 -2.96554852e+00  4.46937943e+01  3.01020203e+01
   9.20787446e-09  9.00000000e+00]
 [-3.43250656e+00 -3.29931831e+00  4.59106903e+01  3.04112797e+01
   4.26560387e-09  9.00000000e+00]]
2026-05-21 09:06:04 [DEBUG] 处理后检测输出形状: (0, 52)
2026-05-21 09:06:04 [DEBUG] 有效检测数量: 0
2026-05-21 09:06:04 [DEBUG] 检测输出为空
2026-05-21 09:06:04 [INFO] 掩码中检测到的类别: [0, 1, 2, 3, 4, 5, 6, 7, 8, 9, 10, 11, 12, 13, 15]
2026-05-21 09:06:04 [INFO] 分割完成，检测到 0 个物体
2026-05-21 09:06:04 [INFO] 从分割掩码中提取检测结果
2026-05-21 09:06:04 [INFO] 从掩码中提取了 607 个检测框
2026-05-21 09:06:04 [INFO] 检测到车兜区域，将过滤区域外的目标
2026-05-21 09:06:04 [INFO] 车兜区域过滤: 607 -> 121 个目标
2026-05-21 09:06:05 [INFO] 保存分割和检测结果到: C:\code\show\Scrap_Steel_In_Field\photos\segmentation\segment_20260521_090604.jpg
2026-05-21 09:06:05 [INFO] JSON结果保存到: C:\code\show\Scrap_Steel_In_Field\photos\segmentation_result.json
2026-05-21 09:06:05 [INFO] 类别统计：{1: 72397, 2: 27612, 3: 7416, 4: 14184, 5: 57112, 6: 2412, 7: 23772, 8: 19610, 9: 39168, 10: 7020, 11: 6984, 12: 39398, 13: 7735, 15: 9029}
2026-05-21 09:06:05 [INFO] 面积统计：{1: np.float64(72397.0), 2: np.float64(27612.0), 3: np.float64(7416.0), 4: np.float64(14184.0), 5: np.float64(57112.0), 6: np.float64(2412.0), 7: np.float64(23772.0), 8: np.float64(19610.0), 9: np.float64(39168.0), 10: np.float64(7020.0), 11: np.float64(6984.0), 12: np.float64(39398.0), 13: np.float64(7735.0), 15: np.float64(9029.0)}
2026-05-21 09:06:05 [INFO] 分割成功
2026-05-21 09:06:05 [INFO] 引擎上下文已释放
2026-05-21 09:06:05 [INFO] TensorRT 引擎已释放
2026-05-21 09:06:05 [INFO] 全局 CUDA 资源已释放
2026-05-21 09:06:05 [INFO] 分割系统资源已释放
2026-05-21 09:06:09 [INFO] CUDA 初始化成功
2026-05-21 09:06:09 [INFO] 引擎加载成功: scrap_steel.engine
2026-05-21 09:06:09 [INFO] 分割系统初始化成功
2026-05-21 09:06:09 [INFO] 图像预处理完成，原始尺寸: (2160, 3840)
2026-05-21 09:06:09 [INFO] 开始执行分割...
2026-05-21 09:06:09 [DEBUG] 处理后的检测结果形状: (1, 8400, 6)
2026-05-21 09:06:09 [DEBUG] 示例检测结果: [[-4.02131271e+00 -3.30956316e+00  3.95964165e+01  1.59874992e+01
   3.65192996e-08  5.00000000e+00]
 [-6.17096710e+00 -2.97485161e+00  4.47202988e+01  3.01585903e+01
   9.20787446e-09  9.00000000e+00]
 [-3.42577744e+00 -3.29869366e+00  4.59229889e+01  3.04197426e+01
   4.24763691e-09  9.00000000e+00]]
2026-05-21 09:06:09 [DEBUG] 处理后检测输出形状: (0, 52)
2026-05-21 09:06:09 [DEBUG] 有效检测数量: 0
2026-05-21 09:06:09 [DEBUG] 检测输出为空
2026-05-21 09:06:09 [INFO] 掩码中检测到的类别: [0, 1, 2, 3, 4, 5, 6, 7, 8, 9, 10, 11, 12, 13, 15]
2026-05-21 09:06:09 [INFO] 分割完成，检测到 0 个物体
2026-05-21 09:06:09 [INFO] 从分割掩码中提取检测结果
2026-05-21 09:06:09 [INFO] 从掩码中提取了 603 个检测框
2026-05-21 09:06:09 [INFO] 检测到车兜区域，将过滤区域外的目标
2026-05-21 09:06:09 [INFO] 车兜区域过滤: 603 -> 110 个目标
2026-05-21 09:06:10 [INFO] 保存分割和检测结果到: C:\code\show\Scrap_Steel_In_Field\photos\segmentation\segment_20260521_090609.jpg
2026-05-21 09:06:10 [INFO] JSON结果保存到: C:\code\show\Scrap_Steel_In_Field\photos\segmentation_result.json
2026-05-21 09:06:10 [INFO] 类别统计：{1: 80390, 2: 22860, 3: 6408, 4: 12816, 5: 52376, 7: 24976, 8: 12966, 9: 40932, 10: 2628, 11: 5940, 12: 39038, 13: 6477, 15: 9575}
2026-05-21 09:06:10 [INFO] 面积统计：{1: np.float64(80390.0), 2: np.float64(22860.0), 3: np.float64(6408.0), 4: np.float64(12816.0), 5: np.float64(52376.0), 7: np.float64(24976.0), 8: np.float64(12966.0), 9: np.float64(40932.0), 10: np.float64(2628.0), 11: np.float64(5940.0), 12: np.float64(39038.0), 13: np.float64(6477.0), 15: np.float64(9575.0)}
2026-05-21 09:06:10 [INFO] 分割成功
2026-05-21 09:06:10 [INFO] 引擎上下文已释放
2026-05-21 09:06:10 [INFO] TensorRT 引擎已释放
2026-05-21 09:06:10 [INFO] 全局 CUDA 资源已释放
2026-05-21 09:06:10 [INFO] 分割系统资源已释放
2026-05-21 09:06:14 [INFO] CUDA 初始化成功
2026-05-21 09:06:14 [INFO] 引擎加载成功: scrap_steel.engine
2026-05-21 09:06:14 [INFO] 分割系统初始化成功
2026-05-21 09:06:14 [INFO] 图像预处理完成，原始尺寸: (2160, 3840)
2026-05-21 09:06:14 [INFO] 开始执行分割...
2026-05-21 09:06:14 [DEBUG] 处理后的检测结果形状: (1, 8400, 6)
2026-05-21 09:06:14 [DEBUG] 示例检测结果: [[-4.00688934e+00 -3.30111027e+00  3.95173264e+01  1.58395262e+01
   3.68061457e-08  5.00000000e+00]
 [-6.12885666e+00 -2.95214462e+00  4.46959953e+01  3.00463066e+01
   9.20702714e-09  9.00000000e+00]
 [-3.43756104e+00 -3.31402874e+00  4.59065247e+01  3.03650284e+01
   4.24985647e-09  9.00000000e+00]]
2026-05-21 09:06:14 [DEBUG] 处理后检测输出形状: (0, 52)
2026-05-21 09:06:14 [DEBUG] 有效检测数量: 0
2026-05-21 09:06:14 [DEBUG] 检测输出为空
2026-05-21 09:06:15 [INFO] 掩码中检测到的类别: [0, 1, 2, 3, 4, 5, 6, 7, 8, 9, 10, 11, 12, 13, 15]
2026-05-21 09:06:15 [INFO] 分割完成，检测到 0 个物体
2026-05-21 09:06:15 [INFO] 从分割掩码中提取检测结果
2026-05-21 09:06:15 [INFO] 从掩码中提取了 583 个检测框
2026-05-21 09:06:15 [INFO] 检测到车兜区域，将过滤区域外的目标
2026-05-21 09:06:15 [INFO] 车兜区域过滤: 583 -> 119 个目标
2026-05-21 09:06:15 [INFO] 保存分割和检测结果到: C:\code\show\Scrap_Steel_In_Field\photos\segmentation\segment_20260521_090615.jpg
2026-05-21 09:06:15 [INFO] JSON结果保存到: C:\code\show\Scrap_Steel_In_Field\photos\segmentation_result.json
2026-05-21 09:06:15 [INFO] 类别统计：{1: 71407, 2: 20556, 3: 6696, 4: 12348, 5: 55120, 6: 828, 7: 24620, 8: 16406, 9: 41328, 10: 1512, 11: 6948, 12: 40610, 13: 6259, 15: 8741}
2026-05-21 09:06:15 [INFO] 面积统计：{1: np.float64(71407.0), 2: np.float64(20556.0), 3: np.float64(6696.0), 4: np.float64(12348.0), 5: np.float64(55120.0), 6: np.float64(828.0), 7: np.float64(24620.0), 8: np.float64(16406.0), 9: np.float64(41328.0), 10: np.float64(1512.0), 11: np.float64(6948.0), 12: np.float64(40610.0), 13: np.float64(6259.0), 15: np.float64(8741.0)}
2026-05-21 09:06:15 [INFO] 分割成功
2026-05-21 09:06:15 [INFO] 引擎上下文已释放
2026-05-21 09:06:15 [INFO] TensorRT 引擎已释放
2026-05-21 09:06:16 [INFO] 全局 CUDA 资源已释放
2026-05-21 09:06:16 [INFO] 分割系统资源已释放
2026-05-21 09:06:19 [INFO] CUDA 初始化成功
2026-05-21 09:06:20 [INFO] 引擎加载成功: scrap_steel.engine
2026-05-21 09:06:20 [INFO] 分割系统初始化成功
2026-05-21 09:06:20 [INFO] 图像预处理完成，原始尺寸: (2160, 3840)
2026-05-21 09:06:20 [INFO] 开始执行分割...
2026-05-21 09:06:20 [DEBUG] 处理后的检测结果形状: (1, 8400, 6)
2026-05-21 09:06:20 [DEBUG] 示例检测结果: [[-3.99271774e+00 -3.29809237e+00  3.95279083e+01  1.58266754e+01
   3.62517589e-08  5.00000000e+00]
 [-6.14183426e+00 -2.95413494e+00  4.47920227e+01  2.99544296e+01
   9.24307031e-09  9.00000000e+00]
 [-3.42268753e+00 -3.27467155e+00  4.59210243e+01  3.03073215e+01
   4.24985647e-09  9.00000000e+00]]
2026-05-21 09:06:20 [DEBUG] 处理后检测输出形状: (0, 52)
2026-05-21 09:06:20 [DEBUG] 有效检测数量: 0
2026-05-21 09:06:20 [DEBUG] 检测输出为空
2026-05-21 09:06:20 [INFO] 掩码中检测到的类别: [0, 1, 2, 3, 4, 5, 6, 7, 8, 9, 10, 11, 12, 13, 15]
2026-05-21 09:06:20 [INFO] 分割完成，检测到 0 个物体
2026-05-21 09:06:20 [INFO] 从分割掩码中提取检测结果
2026-05-21 09:06:20 [INFO] 从掩码中提取了 601 个检测框
2026-05-21 09:06:20 [INFO] 检测到车兜区域，将过滤区域外的目标
2026-05-21 09:06:20 [INFO] 车兜区域过滤: 601 -> 119 个目标
2026-05-21 09:06:21 [INFO] 保存分割和检测结果到: C:\code\show\Scrap_Steel_In_Field\photos\segmentation\segment_20260521_090620.jpg
2026-05-21 09:06:21 [INFO] JSON结果保存到: C:\code\show\Scrap_Steel_In_Field\photos\segmentation_result.json
2026-05-21 09:06:21 [INFO] 类别统计：{1: 78647, 2: 29376, 3: 6516, 4: 14292, 5: 53139, 6: 1440, 7: 23344, 8: 15614, 9: 40212, 10: 4608, 11: 6012, 12: 34027, 13: 7227, 15: 8741}
2026-05-21 09:06:21 [INFO] 面积统计：{1: np.float64(78647.0), 2: np.float64(29376.0), 3: np.float64(6516.0), 4: np.float64(14292.0), 5: np.float64(53139.0), 6: np.float64(1440.0), 7: np.float64(23344.0), 8: np.float64(15614.0), 9: np.float64(40212.0), 10: np.float64(4608.0), 11: np.float64(6012.0), 12: np.float64(34027.0), 13: np.float64(7227.0), 15: np.float64(8741.0)}
2026-05-21 09:06:21 [INFO] 分割成功
2026-05-21 09:06:21 [INFO] 引擎上下文已释放
2026-05-21 09:06:21 [INFO] TensorRT 引擎已释放
2026-05-21 09:06:21 [INFO] 全局 CUDA 资源已释放
2026-05-21 09:06:21 [INFO] 分割系统资源已释放
2026-05-21 09:06:24 [INFO] CUDA 初始化成功
2026-05-21 09:06:25 [INFO] 引擎加载成功: scrap_steel.engine
2026-05-21 09:06:25 [INFO] 分割系统初始化成功
2026-05-21 09:06:25 [INFO] 图像预处理完成，原始尺寸: (2160, 3840)
2026-05-21 09:06:25 [INFO] 开始执行分割...
2026-05-21 09:06:25 [DEBUG] 处理后的检测结果形状: (1, 8400, 6)
2026-05-21 09:06:25 [DEBUG] 示例检测结果: [[-3.98198318e+00 -3.27481461e+00  3.95212135e+01  1.58059845e+01
   3.79876006e-08  5.00000000e+00]
 [-6.12342453e+00 -2.91598892e+00  4.47022133e+01  2.99731483e+01
   9.57609192e-09  9.00000000e+00]
 [-3.42484283e+00 -3.27208138e+00  4.59014435e+01  3.03635883e+01
   4.29900737e-09  9.00000000e+00]]
2026-05-21 09:06:25 [DEBUG] 处理后检测输出形状: (0, 52)
2026-05-21 09:06:25 [DEBUG] 有效检测数量: 0
2026-05-21 09:06:25 [DEBUG] 检测输出为空
2026-05-21 09:06:25 [INFO] 掩码中检测到的类别: [0, 1, 2, 3, 4, 5, 6, 7, 8, 9, 10, 11, 12, 13, 15]
2026-05-21 09:06:25 [INFO] 分割完成，检测到 0 个物体
2026-05-21 09:06:25 [INFO] 从分割掩码中提取检测结果
2026-05-21 09:06:25 [INFO] 从掩码中提取了 624 个检测框
2026-05-21 09:06:25 [INFO] 检测到车兜区域，将过滤区域外的目标
2026-05-21 09:06:25 [INFO] 车兜区域过滤: 624 -> 122 个目标
2026-05-21 09:06:26 [INFO] 保存分割和检测结果到: C:\code\show\Scrap_Steel_In_Field\photos\segmentation\segment_20260521_090625.jpg
2026-05-21 09:06:26 [INFO] JSON结果保存到: C:\code\show\Scrap_Steel_In_Field\photos\segmentation_result.json
2026-05-21 09:06:26 [INFO] 类别统计：{1: 75387, 2: 23256, 3: 6804, 4: 10224, 5: 54611, 6: 1836, 7: 24665, 8: 15312, 9: 41436, 10: 1908, 11: 4428, 12: 36244, 13: 6363, 15: 6113}
2026-05-21 09:06:26 [INFO] 面积统计：{1: np.float64(75387.0), 2: np.float64(23256.0), 3: np.float64(6804.0), 4: np.float64(10224.0), 5: np.float64(54611.0), 6: np.float64(1836.0), 7: np.float64(24665.0), 8: np.float64(15312.0), 9: np.float64(41436.0), 10: np.float64(1908.0), 11: np.float64(4428.0), 12: np.float64(36244.0), 13: np.float64(6363.0), 15: np.float64(6113.0)}
2026-05-21 09:06:26 [INFO] 分割成功
2026-05-21 09:06:26 [INFO] 引擎上下文已释放
2026-05-21 09:06:26 [INFO] TensorRT 引擎已释放
2026-05-21 09:06:26 [INFO] 全局 CUDA 资源已释放
2026-05-21 09:06:26 [INFO] 分割系统资源已释放
2026-05-21 09:06:30 [INFO] CUDA 初始化成功
2026-05-21 09:06:30 [INFO] 引擎加载成功: scrap_steel.engine
2026-05-21 09:06:30 [INFO] 分割系统初始化成功
2026-05-21 09:06:30 [INFO] 图像预处理完成，原始尺寸: (2160, 3840)
2026-05-21 09:06:30 [INFO] 开始执行分割...
2026-05-21 09:06:30 [DEBUG] 处理后的检测结果形状: (1, 8400, 6)
2026-05-21 09:06:30 [DEBUG] 示例检测结果: [[-4.00809479e+00 -3.28389025e+00  3.94731598e+01  1.58107719e+01
   3.70950488e-08  5.00000000e+00]
 [-6.16907883e+00 -2.93940258e+00  4.46883507e+01  3.00084610e+01
   9.42755474e-09  9.00000000e+00]
 [-3.45445633e+00 -3.29953289e+00  4.59094963e+01  3.03249092e+01
   4.31426095e-09  9.00000000e+00]]
2026-05-21 09:06:30 [DEBUG] 处理后检测输出形状: (0, 52)
2026-05-21 09:06:30 [DEBUG] 有效检测数量: 0
2026-05-21 09:06:30 [DEBUG] 检测输出为空
2026-05-21 09:06:30 [INFO] 掩码中检测到的类别: [0, 1, 2, 3, 4, 5, 6, 7, 8, 9, 10, 11, 12, 13, 15]
2026-05-21 09:06:30 [INFO] 分割完成，检测到 0 个物体
2026-05-21 09:06:30 [INFO] 从分割掩码中提取检测结果
2026-05-21 09:06:30 [INFO] 从掩码中提取了 597 个检测框
2026-05-21 09:06:30 [INFO] 检测到车兜区域，将过滤区域外的目标
2026-05-21 09:06:30 [INFO] 车兜区域过滤: 597 -> 127 个目标
2026-05-21 09:06:31 [INFO] 保存分割和检测结果到: C:\code\show\Scrap_Steel_In_Field\photos\segmentation\segment_20260521_090630.jpg
2026-05-21 09:06:31 [INFO] JSON结果保存到: C:\code\show\Scrap_Steel_In_Field\photos\segmentation_result.json
2026-05-21 09:06:31 [INFO] 类别统计：{1: 73136, 2: 24984, 3: 7920, 4: 12528, 5: 51822, 6: 1764, 7: 23068, 8: 19373, 9: 42048, 10: 2232, 11: 6048, 12: 34342, 13: 7895, 15: 7236}
2026-05-21 09:06:31 [INFO] 面积统计：{1: np.float64(73136.0), 2: np.float64(24984.0), 3: np.float64(7920.0), 4: np.float64(12528.0), 5: np.float64(51822.0), 6: np.float64(1764.0), 7: np.float64(23068.0), 8: np.float64(19373.0), 9: np.float64(42048.0), 10: np.float64(2232.0), 11: np.float64(6048.0), 12: np.float64(34342.0), 13: np.float64(7895.0), 15: np.float64(7236.0)}
2026-05-21 09:06:31 [INFO] 分割成功
2026-05-21 09:06:31 [INFO] 引擎上下文已释放
2026-05-21 09:06:31 [INFO] TensorRT 引擎已释放
2026-05-21 09:06:31 [INFO] 全局 CUDA 资源已释放
2026-05-21 09:06:31 [INFO] 分割系统资源已释放
2026-05-21 09:06:35 [INFO] CUDA 初始化成功
2026-05-21 09:06:35 [INFO] 引擎加载成功: scrap_steel.engine
2026-05-21 09:06:35 [INFO] 分割系统初始化成功
2026-05-21 09:06:35 [INFO] 图像预处理完成，原始尺寸: (2160, 3840)
2026-05-21 09:06:35 [INFO] 开始执行分割...
2026-05-21 09:06:35 [DEBUG] 处理后的检测结果形状: (1, 8400, 6)
2026-05-21 09:06:35 [DEBUG] 示例检测结果: [[-4.00809097e+00 -3.28517771e+00  3.95024261e+01  1.58066120e+01
   3.69496433e-08  5.00000000e+00]
 [-6.17451859e+00 -2.96341419e+00  4.47994347e+01  3.00281639e+01
   9.20787446e-09  9.00000000e+00]
 [-3.45305634e+00 -3.31371117e+00  4.59564667e+01  3.04039631e+01
   4.28094893e-09  9.00000000e+00]]
2026-05-21 09:06:35 [DEBUG] 处理后检测输出形状: (0, 52)
2026-05-21 09:06:35 [DEBUG] 有效检测数量: 0
2026-05-21 09:06:35 [DEBUG] 检测输出为空
2026-05-21 09:06:35 [INFO] 掩码中检测到的类别: [0, 1, 2, 3, 4, 5, 6, 7, 8, 9, 10, 11, 12, 13, 15]
2026-05-21 09:06:35 [INFO] 分割完成，检测到 0 个物体
2026-05-21 09:06:35 [INFO] 从分割掩码中提取检测结果
2026-05-21 09:06:36 [INFO] 从掩码中提取了 613 个检测框
2026-05-21 09:06:36 [INFO] 检测到车兜区域，将过滤区域外的目标
2026-05-21 09:06:36 [INFO] 车兜区域过滤: 613 -> 117 个目标
2026-05-21 09:06:36 [INFO] 保存分割和检测结果到: C:\code\show\Scrap_Steel_In_Field\photos\segmentation\segment_20260521_090636.jpg
2026-05-21 09:06:36 [INFO] JSON结果保存到: C:\code\show\Scrap_Steel_In_Field\photos\segmentation_result.json
2026-05-21 09:06:36 [INFO] 类别统计：{1: 72624, 2: 24660, 3: 5868, 4: 12564, 5: 52382, 6: 1728, 7: 21942, 8: 17978, 9: 41472, 10: 2520, 11: 6372, 12: 39532, 13: 6921, 15: 7409}
2026-05-21 09:06:36 [INFO] 面积统计：{1: np.float64(72624.0), 2: np.float64(24660.0), 3: np.float64(5868.0), 4: np.float64(12564.0), 5: np.float64(52382.0), 6: np.float64(1728.0), 7: np.float64(21942.0), 8: np.float64(17978.0), 9: np.float64(41472.0), 10: np.float64(2520.0), 11: np.float64(6372.0), 12: np.float64(39532.0), 13: np.float64(6921.0), 15: np.float64(7409.0)}
2026-05-21 09:06:36 [INFO] 分割成功
2026-05-21 09:06:36 [INFO] 引擎上下文已释放
2026-05-21 09:06:36 [INFO] TensorRT 引擎已释放
2026-05-21 09:06:36 [INFO] 全局 CUDA 资源已释放
2026-05-21 09:06:36 [INFO] 分割系统资源已释放
2026-05-21 09:06:40 [INFO] CUDA 初始化成功
2026-05-21 09:06:40 [INFO] 引擎加载成功: scrap_steel.engine
2026-05-21 09:06:40 [INFO] 分割系统初始化成功
2026-05-21 09:06:40 [INFO] 图像预处理完成，原始尺寸: (2160, 3840)
2026-05-21 09:06:40 [INFO] 开始执行分割...
2026-05-21 09:06:40 [DEBUG] 处理后的检测结果形状: (1, 8400, 6)
2026-05-21 09:06:40 [DEBUG] 示例检测结果: [[-3.99063873e+00 -3.29686213e+00  3.96278801e+01  1.58742924e+01
   3.75304836e-08  5.00000000e+00]
 [-6.09577942e+00 -2.94807148e+00  4.46905823e+01  3.00662956e+01
   9.39064826e-09  9.00000000e+00]
 [-3.43854523e+00 -3.32382584e+00  4.59013214e+01  3.04281769e+01
   4.28094893e-09  9.00000000e+00]]
2026-05-21 09:06:40 [DEBUG] 处理后检测输出形状: (0, 52)
2026-05-21 09:06:40 [DEBUG] 有效检测数量: 0
2026-05-21 09:06:40 [DEBUG] 检测输出为空
2026-05-21 09:06:40 [INFO] 掩码中检测到的类别: [0, 1, 2, 3, 4, 5, 6, 7, 8, 9, 10, 11, 12, 13, 15]
2026-05-21 09:06:40 [INFO] 分割完成，检测到 0 个物体
2026-05-21 09:06:40 [INFO] 从分割掩码中提取检测结果
2026-05-21 09:06:41 [INFO] 从掩码中提取了 588 个检测框
2026-05-21 09:06:41 [INFO] 检测到车兜区域，将过滤区域外的目标
2026-05-21 09:06:41 [INFO] 车兜区域过滤: 588 -> 119 个目标
2026-05-21 09:06:41 [INFO] 保存分割和检测结果到: C:\code\show\Scrap_Steel_In_Field\photos\segmentation\segment_20260521_090641.jpg
2026-05-21 09:06:41 [INFO] JSON结果保存到: C:\code\show\Scrap_Steel_In_Field\photos\segmentation_result.json
2026-05-21 09:06:41 [INFO] 类别统计：{1: 75552, 2: 21888, 3: 6984, 4: 12672, 5: 53185, 6: 2988, 7: 24907, 8: 19023, 9: 41796, 10: 3780, 11: 6480, 12: 37228, 13: 6491, 15: 6534}
2026-05-21 09:06:41 [INFO] 面积统计：{1: np.float64(75552.0), 2: np.float64(21888.0), 3: np.float64(6984.0), 4: np.float64(12672.0), 5: np.float64(53185.0), 6: np.float64(2988.0), 7: np.float64(24907.0), 8: np.float64(19023.0), 9: np.float64(41796.0), 10: np.float64(3780.0), 11: np.float64(6480.0), 12: np.float64(37228.0), 13: np.float64(6491.0), 15: np.float64(6534.0)}
2026-05-21 09:06:41 [INFO] 分割成功
2026-05-21 09:06:41 [INFO] 引擎上下文已释放
2026-05-21 09:06:41 [INFO] TensorRT 引擎已释放
2026-05-21 09:06:41 [INFO] 全局 CUDA 资源已释放
2026-05-21 09:06:41 [INFO] 分割系统资源已释放
2026-05-21 09:06:45 [INFO] CUDA 初始化成功
2026-05-21 09:06:45 [INFO] 引擎加载成功: scrap_steel.engine
2026-05-21 09:06:45 [INFO] 分割系统初始化成功
2026-05-21 09:06:45 [INFO] 图像预处理完成，原始尺寸: (2160, 3840)
2026-05-21 09:06:45 [INFO] 开始执行分割...
2026-05-21 09:06:45 [DEBUG] 处理后的检测结果形状: (1, 8400, 6)
2026-05-21 09:06:45 [DEBUG] 示例检测结果: [[-4.01824951e+00 -3.29128170e+00  3.96526451e+01  1.58058805e+01
   3.68059503e-08  5.00000000e+00]
 [-6.14765549e+00 -2.95399570e+00  4.47418365e+01  2.99999504e+01
   9.28053634e-09  9.00000000e+00]
 [-3.41091919e+00 -3.28808022e+00  4.58815842e+01  3.03637638e+01
   4.28242242e-09  9.00000000e+00]]
2026-05-21 09:06:45 [DEBUG] 处理后检测输出形状: (0, 52)
2026-05-21 09:06:45 [DEBUG] 有效检测数量: 0
2026-05-21 09:06:45 [DEBUG] 检测输出为空
2026-05-21 09:06:45 [INFO] 掩码中检测到的类别: [0, 1, 2, 3, 4, 5, 6, 7, 8, 9, 10, 11, 12, 13, 15]
2026-05-21 09:06:45 [INFO] 分割完成，检测到 0 个物体
2026-05-21 09:06:45 [INFO] 从分割掩码中提取检测结果
2026-05-21 09:06:46 [INFO] 从掩码中提取了 559 个检测框
2026-05-21 09:06:46 [INFO] 检测到车兜区域，将过滤区域外的目标
2026-05-21 09:06:46 [INFO] 车兜区域过滤: 559 -> 109 个目标
2026-05-21 09:06:47 [INFO] 保存分割和检测结果到: C:\code\show\Scrap_Steel_In_Field\photos\segmentation\segment_20260521_090646.jpg
2026-05-21 09:06:47 [INFO] JSON结果保存到: C:\code\show\Scrap_Steel_In_Field\photos\segmentation_result.json
2026-05-21 09:06:47 [INFO] 类别统计：{1: 76218, 2: 27288, 3: 9288, 4: 14328, 5: 49078, 7: 23202, 8: 10872, 9: 43344, 10: 1800, 11: 4968, 12: 40629, 13: 4725, 15: 6786}
2026-05-21 09:06:47 [INFO] 面积统计：{1: np.float64(76218.0), 2: np.float64(27288.0), 3: np.float64(9288.0), 4: np.float64(14328.0), 5: np.float64(49078.0), 7: np.float64(23202.0), 8: np.float64(10872.0), 9: np.float64(43344.0), 10: np.float64(1800.0), 11: np.float64(4968.0), 12: np.float64(40629.0), 13: np.float64(4725.0), 15: np.float64(6786.0)}
2026-05-21 09:06:47 [INFO] 分割成功
2026-05-21 09:06:47 [INFO] 引擎上下文已释放
2026-05-21 09:06:47 [INFO] TensorRT 引擎已释放
2026-05-21 09:06:47 [INFO] 全局 CUDA 资源已释放
2026-05-21 09:06:47 [INFO] 分割系统资源已释放
