2026-05-21 09:39:48 [INFO] CUDA 初始化成功
2026-05-21 09:39:48 [INFO] 引擎加载成功: scrap_steel.engine
2026-05-21 09:39:48 [INFO] 分割系统初始化成功
2026-05-21 09:39:51 [INFO] 引擎加载成功: scrap_steel.engine
2026-05-21 09:39:51 [INFO] 分割系统初始化成功
2026-05-21 09:39:51 [INFO] 图像预处理完成，原始尺寸: (2160, 3840)
2026-05-21 09:39:51 [INFO] 开始执行分割...
2026-05-21 09:39:51 [ERROR] 推理过程发生异常: explicit_context_dependent failed: invalid device context - no currently active context?
2026-05-21 09:39:51 [INFO] 分割完成，检测到 0 个物体
2026-05-21 09:39:51 [ERROR] 分割失败: 未能生成有效的分割掩码
2026-05-21 09:39:51 [INFO] 引擎上下文已释放
2026-05-21 09:39:51 [INFO] TensorRT 引擎已释放
2026-05-21 09:39:51 [INFO] 全局 CUDA 资源已释放
2026-05-21 09:39:51 [INFO] 分割系统资源已释放
2026-05-21 09:39:58 [INFO] CUDA 初始化成功
2026-05-21 09:39:58 [INFO] 引擎加载成功: scrap_steel.engine
2026-05-21 09:39:58 [INFO] 分割系统初始化成功
2026-05-21 09:39:58 [INFO] 图像预处理完成，原始尺寸: (2160, 3840)
2026-05-21 09:39:58 [INFO] 开始执行分割...
2026-05-21 09:39:58 [DEBUG] 处理后的检测结果形状: (1, 8400, 6)
2026-05-21 09:39:58 [DEBUG] 示例检测结果: [[-3.96200562e+00 -3.28033257e+00  3.96108894e+01  1.57124939e+01
   3.69496433e-08  5.00000000e+00]
 [-6.16332626e+00 -2.95415974e+00  4.48188400e+01  3.00017471e+01
   9.35404554e-09  9.00000000e+00]
 [-3.47326279e+00 -3.31196117e+00  4.59720573e+01  3.04122429e+01
   4.31426095e-09  9.00000000e+00]]
2026-05-21 09:39:58 [DEBUG] 处理后检测输出形状: (0, 52)
2026-05-21 09:39:58 [DEBUG] 有效检测数量: 0
2026-05-21 09:39:58 [DEBUG] 检测输出为空
2026-05-21 09:39:58 [INFO] 掩码中检测到的类别: [0, 1, 2, 3, 4, 5, 6, 7, 8, 9, 10, 11, 12, 13, 15]
2026-05-21 09:39:58 [INFO] 分割完成，检测到 0 个物体
2026-05-21 09:39:58 [INFO] 从分割掩码中提取检测结果
2026-05-21 09:39:58 [INFO] 从掩码中提取了 588 个检测框
2026-05-21 09:39:58 [INFO] 检测到车兜区域，将过滤区域外的目标
2026-05-21 09:39:58 [INFO] 车兜区域过滤: 588 -> 109 个目标
2026-05-21 09:39:59 [INFO] 保存分割和检测结果到: C:\code\show\Scrap_Steel_In_Field\photos\segmentation\segment_20260521_093958.jpg
2026-05-21 09:39:59 [INFO] JSON结果保存到: C:\code\show\Scrap_Steel_In_Field\photos\segmentation_result.json
2026-05-21 09:39:59 [INFO] 类别统计：{1: 78952, 2: 26352, 3: 6948, 4: 9864, 5: 51031, 6: 360, 7: 24007, 8: 15344, 9: 45216, 10: 1620, 11: 6480, 12: 36421, 13: 5857, 15: 5615}
2026-05-21 09:39:59 [INFO] 面积统计：{1: np.float64(78952.0), 2: np.float64(26352.0), 3: np.float64(6948.0), 4: np.float64(9864.0), 5: np.float64(51031.0), 6: np.float64(360.0), 7: np.float64(24007.0), 8: np.float64(15344.0), 9: np.float64(45216.0), 10: np.float64(1620.0), 11: np.float64(6480.0), 12: np.float64(36421.0), 13: np.float64(5857.0), 15: np.float64(5615.0)}
2026-05-21 09:39:59 [INFO] 分割成功
2026-05-21 09:39:59 [INFO] 引擎上下文已释放
2026-05-21 09:39:59 [INFO] TensorRT 引擎已释放
2026-05-21 09:39:59 [INFO] 全局 CUDA 资源已释放
2026-05-21 09:39:59 [INFO] 分割系统资源已释放
2026-05-21 09:40:03 [INFO] CUDA 初始化成功
2026-05-21 09:40:03 [INFO] 引擎加载成功: scrap_steel.engine
2026-05-21 09:40:03 [INFO] 分割系统初始化成功
2026-05-21 09:40:03 [INFO] 图像预处理完成，原始尺寸: (2160, 3840)
2026-05-21 09:40:03 [INFO] 开始执行分割...
2026-05-21 09:40:03 [DEBUG] 处理后的检测结果形状: (1, 8400, 6)
2026-05-21 09:40:03 [DEBUG] 示例检测结果: [[-4.00708771e+00 -3.30547237e+00  3.96117325e+01  1.58050013e+01
   3.78398539e-08  5.00000000e+00]
 [-6.18920898e+00 -2.96335697e+00  4.48486252e+01  3.00052872e+01
   9.40844203e-09  9.00000000e+00]
 [-3.45120239e+00 -3.32138920e+00  4.59692917e+01  3.03623085e+01
   4.26314983e-09  9.00000000e+00]]
2026-05-21 09:40:03 [DEBUG] 处理后检测输出形状: (0, 52)
2026-05-21 09:40:03 [DEBUG] 有效检测数量: 0
2026-05-21 09:40:03 [DEBUG] 检测输出为空
2026-05-21 09:40:03 [INFO] 掩码中检测到的类别: [0, 1, 2, 3, 4, 5, 6, 7, 8, 9, 10, 11, 12, 13, 15]
2026-05-21 09:40:03 [INFO] 分割完成，检测到 0 个物体
2026-05-21 09:40:03 [INFO] 从分割掩码中提取检测结果
2026-05-21 09:40:03 [INFO] 从掩码中提取了 583 个检测框
2026-05-21 09:40:03 [INFO] 检测到车兜区域，将过滤区域外的目标
2026-05-21 09:40:03 [INFO] 车兜区域过滤: 583 -> 116 个目标
2026-05-21 09:40:04 [INFO] 保存分割和检测结果到: C:\code\show\Scrap_Steel_In_Field\photos\segmentation\segment_20260521_094003.jpg
2026-05-21 09:40:04 [INFO] JSON结果保存到: C:\code\show\Scrap_Steel_In_Field\photos\segmentation_result.json
2026-05-21 09:40:04 [INFO] 类别统计：{1: 74960, 2: 24948, 3: 7560, 4: 13248, 5: 53573, 6: 1188, 7: 22312, 8: 13796, 9: 44208, 10: 2592, 11: 5580, 12: 40490, 13: 6588, 15: 5580}
2026-05-21 09:40:04 [INFO] 面积统计：{1: np.float64(74960.0), 2: np.float64(24948.0), 3: np.float64(7560.0), 4: np.float64(13248.0), 5: np.float64(53573.0), 6: np.float64(1188.0), 7: np.float64(22312.0), 8: np.float64(13796.0), 9: np.float64(44208.0), 10: np.float64(2592.0), 11: np.float64(5580.0), 12: np.float64(40490.0), 13: np.float64(6588.0), 15: np.float64(5580.0)}
2026-05-21 09:40:04 [INFO] 分割成功
2026-05-21 09:40:04 [INFO] 引擎上下文已释放
2026-05-21 09:40:04 [INFO] TensorRT 引擎已释放
2026-05-21 09:40:04 [INFO] 全局 CUDA 资源已释放
2026-05-21 09:40:04 [INFO] 分割系统资源已释放
