2026-05-21 15:43:08 [INFO] CUDA 初始化成功
2026-05-21 15:43:08 [INFO] 引擎加载成功: scrap_steel.engine
2026-05-21 15:43:08 [INFO] 分割系统初始化成功
2026-05-21 15:43:11 [INFO] 引擎加载成功: scrap_steel.engine
2026-05-21 15:43:11 [INFO] 分割系统初始化成功
2026-05-21 15:43:11 [INFO] 图像预处理完成，原始尺寸: (2160, 3840)
2026-05-21 15:43:11 [INFO] 开始执行分割...
2026-05-21 15:43:11 [ERROR] 推理过程发生异常: explicit_context_dependent failed: invalid device context - no currently active context?
2026-05-21 15:43:11 [INFO] 分割完成，检测到 0 个物体
2026-05-21 15:43:11 [ERROR] 分割失败: 未能生成有效的分割掩码
2026-05-21 15:43:11 [INFO] 引擎上下文已释放
2026-05-21 15:43:11 [INFO] TensorRT 引擎已释放
2026-05-21 15:43:11 [INFO] 全局 CUDA 资源已释放
2026-05-21 15:43:11 [INFO] 分割系统资源已释放
2026-05-21 15:43:17 [INFO] CUDA 初始化成功
2026-05-21 15:43:17 [INFO] 引擎加载成功: scrap_steel.engine
2026-05-21 15:43:17 [INFO] 分割系统初始化成功
2026-05-21 15:43:17 [INFO] 图像预处理完成，原始尺寸: (2160, 3840)
2026-05-21 15:43:17 [INFO] 开始执行分割...
2026-05-21 15:43:17 [DEBUG] 处理后的检测结果形状: (1, 8400, 6)
2026-05-21 15:43:17 [DEBUG] 示例检测结果: [[-4.00856781e+00 -3.28148508e+00  3.89113884e+01  1.54551754e+01
   4.37479777e-08  5.00000000e+00]
 [-6.28036880e+00 -3.01984119e+00  4.42634315e+01  2.98953438e+01
   9.88032411e-09  9.00000000e+00]
 [-3.64026642e+00 -3.61830521e+00  4.56641998e+01  3.05259895e+01
   4.27439062e-09  9.00000000e+00]]
2026-05-21 15:43:17 [DEBUG] 处理后检测输出形状: (0, 52)
2026-05-21 15:43:17 [DEBUG] 有效检测数量: 0
2026-05-21 15:43:17 [DEBUG] 检测输出为空
2026-05-21 15:43:17 [INFO] 掩码中检测到的类别: [0, 1, 2, 3, 4, 5, 6, 7, 8, 9, 10, 11, 12, 13, 15]
2026-05-21 15:43:17 [INFO] 分割完成，检测到 0 个物体
2026-05-21 15:43:17 [INFO] 从分割掩码中提取检测结果
2026-05-21 15:43:17 [INFO] 从掩码中提取了 539 个检测框
2026-05-21 15:43:17 [INFO] 检测到车兜区域，将过滤区域外的目标
2026-05-21 15:43:17 [INFO] 车兜区域过滤: 539 -> 167 个目标
2026-05-21 15:43:18 [INFO] 保存分割和检测结果到: C:\code\show\Scrap_Steel_In_Field\photos\segmentation\segment_20260521_154317.jpg
2026-05-21 15:43:18 [INFO] JSON结果保存到: C:\code\show\Scrap_Steel_In_Field\photos\segmentation_result.json
2026-05-21 15:43:18 [INFO] 类别统计：{1: 400897, 2: 29988, 3: 288, 4: 9720, 5: 63792, 6: 46800, 7: 31500, 8: 20520, 9: 41721, 10: 90756, 11: 216, 12: 112192, 13: 14607, 15: 10332}
2026-05-21 15:43:18 [INFO] 面积统计：{1: np.float64(400897.0), 2: np.float64(29988.0), 3: np.float64(288.0), 4: np.float64(9720.0), 5: np.float64(63792.0), 6: np.float64(46800.0), 7: np.float64(31500.0), 8: np.float64(20520.0), 9: np.float64(41721.0), 10: np.float64(90756.0), 11: np.float64(216.0), 12: np.float64(112192.0), 13: np.float64(14607.0), 15: np.float64(10332.0)}
2026-05-21 15:43:18 [INFO] 分割成功
2026-05-21 15:43:18 [INFO] 引擎上下文已释放
2026-05-21 15:43:18 [INFO] TensorRT 引擎已释放
2026-05-21 15:43:18 [INFO] 全局 CUDA 资源已释放
2026-05-21 15:43:18 [INFO] 分割系统资源已释放
2026-05-21 15:43:24 [INFO] CUDA 初始化成功
2026-05-21 15:43:24 [INFO] 引擎加载成功: scrap_steel.engine
2026-05-21 15:43:24 [INFO] 分割系统初始化成功
2026-05-21 15:43:24 [INFO] 图像预处理完成，原始尺寸: (2160, 3840)
2026-05-21 15:43:24 [INFO] 开始执行分割...
2026-05-21 15:43:24 [DEBUG] 处理后的检测结果形状: (1, 8400, 6)
2026-05-21 15:43:24 [DEBUG] 示例检测结果: [[-3.98402023e+00 -3.26559067e+00  3.87598038e+01  1.54932251e+01
   4.30608367e-08  5.00000000e+00]
 [-6.27336121e+00 -2.99458313e+00  4.41582527e+01  2.98289757e+01
   9.77672343e-09  9.00000000e+00]
 [-3.62458038e+00 -3.57641411e+00  4.56115036e+01  3.04640217e+01
   4.18079082e-09  9.00000000e+00]]
2026-05-21 15:43:24 [DEBUG] 处理后检测输出形状: (0, 52)
2026-05-21 15:43:24 [DEBUG] 有效检测数量: 0
2026-05-21 15:43:24 [DEBUG] 检测输出为空
2026-05-21 15:43:24 [INFO] 掩码中检测到的类别: [0, 1, 2, 3, 4, 5, 6, 7, 8, 9, 10, 11, 12, 13, 15]
2026-05-21 15:43:25 [INFO] 分割完成，检测到 0 个物体
2026-05-21 15:43:25 [INFO] 从分割掩码中提取检测结果
2026-05-21 15:43:25 [INFO] 从掩码中提取了 543 个检测框
2026-05-21 15:43:25 [INFO] 检测到车兜区域，将过滤区域外的目标
2026-05-21 15:43:25 [INFO] 车兜区域过滤: 543 -> 166 个目标
2026-05-21 15:43:27 [INFO] 保存分割和检测结果到: C:\code\show\Scrap_Steel_In_Field\photos\segmentation\segment_20260521_154325.jpg
2026-05-21 15:43:27 [INFO] JSON结果保存到: C:\code\show\Scrap_Steel_In_Field\photos\segmentation_result.json
2026-05-21 15:43:27 [INFO] 类别统计：{1: 383435, 2: 37728, 3: 504, 4: 10800, 5: 61488, 6: 50436, 7: 32184, 8: 21456, 9: 46177, 10: 87012, 11: 612, 12: 118458, 13: 13927, 15: 9468}
2026-05-21 15:43:27 [INFO] 面积统计：{1: np.float64(383435.0), 2: np.float64(37728.0), 3: np.float64(504.0), 4: np.float64(10800.0), 5: np.float64(61488.0), 6: np.float64(50436.0), 7: np.float64(32184.0), 8: np.float64(21456.0), 9: np.float64(46177.0), 10: np.float64(87012.0), 11: np.float64(612.0), 12: np.float64(118458.0), 13: np.float64(13927.0), 15: np.float64(9468.0)}
2026-05-21 15:43:27 [INFO] 分割成功
2026-05-21 15:43:27 [INFO] 引擎上下文已释放
2026-05-21 15:43:27 [INFO] TensorRT 引擎已释放
2026-05-21 15:43:27 [INFO] 全局 CUDA 资源已释放
2026-05-21 15:43:27 [INFO] 分割系统资源已释放
2026-05-21 15:43:30 [INFO] CUDA 初始化成功
2026-05-21 15:43:30 [INFO] 引擎加载成功: scrap_steel.engine
2026-05-21 15:43:30 [INFO] 分割系统初始化成功
2026-05-21 15:43:30 [INFO] 图像预处理完成，原始尺寸: (2160, 3840)
2026-05-21 15:43:30 [INFO] 开始执行分割...
2026-05-21 15:43:31 [DEBUG] 处理后的检测结果形状: (1, 8400, 6)
2026-05-21 15:43:31 [DEBUG] 示例检测结果: [[-4.00848389e+00 -3.25399590e+00  3.88151016e+01  1.53305302e+01
   4.37537082e-08  5.00000000e+00]
 [-6.28444290e+00 -2.99383354e+00  4.42757759e+01  2.97198582e+01
   9.84604398e-09  9.00000000e+00]
 [-3.64060211e+00 -3.58973122e+00  4.56853027e+01  3.04865551e+01
   4.25961844e-09  9.00000000e+00]]
2026-05-21 15:43:31 [DEBUG] 处理后检测输出形状: (0, 52)
2026-05-21 15:43:31 [DEBUG] 有效检测数量: 0
2026-05-21 15:43:31 [DEBUG] 检测输出为空
2026-05-21 15:43:31 [INFO] 掩码中检测到的类别: [0, 1, 2, 3, 4, 5, 6, 7, 8, 9, 10, 11, 12, 13, 15]
2026-05-21 15:43:31 [INFO] 分割完成，检测到 0 个物体
2026-05-21 15:43:31 [INFO] 从分割掩码中提取检测结果
2026-05-21 15:43:31 [INFO] 从掩码中提取了 541 个检测框
2026-05-21 15:43:31 [INFO] 检测到车兜区域，将过滤区域外的目标
2026-05-21 15:43:31 [INFO] 车兜区域过滤: 541 -> 162 个目标
2026-05-21 15:43:32 [INFO] 保存分割和检测结果到: C:\code\show\Scrap_Steel_In_Field\photos\segmentation\segment_20260521_154331.jpg
2026-05-21 15:43:32 [INFO] JSON结果保存到: C:\code\show\Scrap_Steel_In_Field\photos\segmentation_result.json
2026-05-21 15:43:32 [INFO] 类别统计：{1: 397959, 2: 31716, 4: 10224, 5: 64584, 6: 44532, 7: 34560, 8: 14544, 9: 39695, 10: 91764, 11: 684, 12: 119318, 13: 13966, 15: 10512}
2026-05-21 15:43:32 [INFO] 面积统计：{1: np.float64(397959.0), 2: np.float64(31716.0), 4: np.float64(10224.0), 5: np.float64(64584.0), 6: np.float64(44532.0), 7: np.float64(34560.0), 8: np.float64(14544.0), 9: np.float64(39695.0), 10: np.float64(91764.0), 11: np.float64(684.0), 12: np.float64(119318.0), 13: np.float64(13966.0), 15: np.float64(10512.0)}
2026-05-21 15:43:32 [INFO] 分割成功
2026-05-21 15:43:32 [INFO] 引擎上下文已释放
2026-05-21 15:43:32 [INFO] TensorRT 引擎已释放
2026-05-21 15:43:32 [INFO] 全局 CUDA 资源已释放
2026-05-21 15:43:32 [INFO] 分割系统资源已释放
2026-05-21 15:43:36 [INFO] CUDA 初始化成功
2026-05-21 15:43:36 [INFO] 引擎加载成功: scrap_steel.engine
2026-05-21 15:43:36 [INFO] 分割系统初始化成功
2026-05-21 15:43:36 [INFO] 图像预处理完成，原始尺寸: (2160, 3840)
2026-05-21 15:43:36 [INFO] 开始执行分割...
2026-05-21 15:43:36 [DEBUG] 处理后的检测结果形状: (1, 8400, 6)
2026-05-21 15:43:36 [DEBUG] 示例检测结果: [[-4.03591537e+00 -3.27666950e+00  3.89264030e+01  1.55690145e+01
   4.40894681e-08  5.00000000e+00]
 [-6.28829193e+00 -3.00863647e+00  4.43167267e+01  2.99818382e+01
   9.84167059e-09  9.00000000e+00]
 [-3.63233948e+00 -3.57767868e+00  4.56457367e+01  3.05773125e+01
   4.30773106e-09  9.00000000e+00]]
2026-05-21 15:43:36 [DEBUG] 处理后检测输出形状: (0, 52)
2026-05-21 15:43:36 [DEBUG] 有效检测数量: 0
2026-05-21 15:43:36 [DEBUG] 检测输出为空
2026-05-21 15:43:36 [INFO] 掩码中检测到的类别: [0, 1, 2, 3, 4, 5, 6, 7, 8, 9, 10, 11, 12, 13, 15]
2026-05-21 15:43:36 [INFO] 分割完成，检测到 0 个物体
2026-05-21 15:43:36 [INFO] 从分割掩码中提取检测结果
2026-05-21 15:43:36 [INFO] 从掩码中提取了 550 个检测框
2026-05-21 15:43:36 [INFO] 检测到车兜区域，将过滤区域外的目标
2026-05-21 15:43:36 [INFO] 车兜区域过滤: 550 -> 180 个目标
2026-05-21 15:43:37 [INFO] 保存分割和检测结果到: C:\code\show\Scrap_Steel_In_Field\photos\segmentation\segment_20260521_154336.jpg
2026-05-21 15:43:37 [INFO] JSON结果保存到: C:\code\show\Scrap_Steel_In_Field\photos\segmentation_result.json
2026-05-21 15:43:37 [INFO] 类别统计：{1: 394686, 2: 35928, 3: 180, 4: 8208, 5: 60444, 6: 49572, 7: 28548, 8: 19872, 9: 43006, 10: 90576, 11: 360, 12: 122787, 13: 14894, 15: 9936}
2026-05-21 15:43:37 [INFO] 面积统计：{1: np.float64(394686.0), 2: np.float64(35928.0), 3: np.float64(180.0), 4: np.float64(8208.0), 5: np.float64(60444.0), 6: np.float64(49572.0), 7: np.float64(28548.0), 8: np.float64(19872.0), 9: np.float64(43006.0), 10: np.float64(90576.0), 11: np.float64(360.0), 12: np.float64(122787.0), 13: np.float64(14894.0), 15: np.float64(9936.0)}
2026-05-21 15:43:37 [INFO] 分割成功
2026-05-21 15:43:37 [INFO] 引擎上下文已释放
2026-05-21 15:43:37 [INFO] TensorRT 引擎已释放
2026-05-21 15:43:37 [INFO] 全局 CUDA 资源已释放
2026-05-21 15:43:37 [INFO] 分割系统资源已释放
2026-05-21 15:43:42 [INFO] CUDA 初始化成功
2026-05-21 15:43:42 [INFO] 引擎加载成功: scrap_steel.engine
2026-05-21 15:43:42 [INFO] 分割系统初始化成功
2026-05-21 15:43:42 [INFO] 图像预处理完成，原始尺寸: (2160, 3840)
2026-05-21 15:43:42 [INFO] 开始执行分割...
2026-05-21 15:43:42 [DEBUG] 处理后的检测结果形状: (1, 8400, 6)
2026-05-21 15:43:42 [DEBUG] 示例检测结果: [[-4.04001999e+00 -3.28957272e+00  3.88220673e+01  1.55498247e+01
   4.37537082e-08  5.00000000e+00]
 [-6.28537369e+00 -3.03258038e+00  4.42702751e+01  2.99214058e+01
   9.84604398e-09  9.00000000e+00]
 [-3.65972137e+00 -3.58988476e+00  4.56562805e+01  3.05290565e+01
   4.30773106e-09  9.00000000e+00]]
2026-05-21 15:43:42 [DEBUG] 处理后检测输出形状: (0, 52)
2026-05-21 15:43:42 [DEBUG] 有效检测数量: 0
2026-05-21 15:43:42 [DEBUG] 检测输出为空
2026-05-21 15:43:42 [INFO] 掩码中检测到的类别: [0, 1, 2, 3, 4, 5, 6, 7, 8, 9, 10, 11, 12, 13, 15]
2026-05-21 15:43:42 [INFO] 分割完成，检测到 0 个物体
2026-05-21 15:43:42 [INFO] 从分割掩码中提取检测结果
2026-05-21 15:43:42 [INFO] 从掩码中提取了 537 个检测框
2026-05-21 15:43:42 [INFO] 检测到车兜区域，将过滤区域外的目标
2026-05-21 15:43:42 [INFO] 车兜区域过滤: 537 -> 164 个目标
2026-05-21 15:43:43 [INFO] 保存分割和检测结果到: C:\code\show\Scrap_Steel_In_Field\photos\segmentation\segment_20260521_154342.jpg
2026-05-21 15:43:43 [INFO] JSON结果保存到: C:\code\show\Scrap_Steel_In_Field\photos\segmentation_result.json
2026-05-21 15:43:43 [INFO] 类别统计：{1: 386299, 2: 32472, 4: 8604, 5: 62820, 6: 49500, 7: 31752, 8: 21277, 9: 47140, 10: 87192, 11: 396, 12: 121416, 13: 13999, 15: 7992}
2026-05-21 15:43:43 [INFO] 面积统计：{1: np.float64(386299.0), 2: np.float64(32472.0), 4: np.float64(8604.0), 5: np.float64(62820.0), 6: np.float64(49500.0), 7: np.float64(31752.0), 8: np.float64(21277.0), 9: np.float64(47140.0), 10: np.float64(87192.0), 11: np.float64(396.0), 12: np.float64(121416.0), 13: np.float64(13999.0), 15: np.float64(7992.0)}
2026-05-21 15:43:43 [INFO] 分割成功
2026-05-21 15:43:43 [INFO] 引擎上下文已释放
2026-05-21 15:43:43 [INFO] TensorRT 引擎已释放
2026-05-21 15:43:43 [INFO] 全局 CUDA 资源已释放
2026-05-21 15:43:43 [INFO] 分割系统资源已释放
2026-05-21 15:43:47 [INFO] CUDA 初始化成功
2026-05-21 15:43:47 [INFO] 引擎加载成功: scrap_steel.engine
2026-05-21 15:43:47 [INFO] 分割系统初始化成功
2026-05-21 15:43:47 [INFO] 图像预处理完成，原始尺寸: (2160, 3840)
2026-05-21 15:43:47 [INFO] 开始执行分割...
2026-05-21 15:43:47 [DEBUG] 处理后的检测结果形状: (1, 8400, 6)
2026-05-21 15:43:47 [DEBUG] 示例检测结果: [[-4.03601456e+00 -3.29699993e+00  3.89576950e+01  1.55094290e+01
   4.44462103e-08  5.00000000e+00]
 [-6.32640457e+00 -3.02936268e+00  4.43549004e+01  2.99829407e+01
   9.98640104e-09  9.00000000e+00]
 [-3.65467072e+00 -3.61812401e+00  4.57146225e+01  3.06551418e+01
   4.26962998e-09  9.00000000e+00]]
2026-05-21 15:43:47 [DEBUG] 处理后检测输出形状: (0, 52)
2026-05-21 15:43:47 [DEBUG] 有效检测数量: 0
2026-05-21 15:43:47 [DEBUG] 检测输出为空
2026-05-21 15:43:47 [INFO] 掩码中检测到的类别: [0, 1, 2, 3, 4, 5, 6, 7, 8, 9, 10, 11, 12, 13, 15]
2026-05-21 15:43:47 [INFO] 分割完成，检测到 0 个物体
2026-05-21 15:43:47 [INFO] 从分割掩码中提取检测结果
2026-05-21 15:43:47 [INFO] 从掩码中提取了 568 个检测框
2026-05-21 15:43:47 [INFO] 检测到车兜区域，将过滤区域外的目标
2026-05-21 15:43:47 [INFO] 车兜区域过滤: 568 -> 173 个目标
2026-05-21 15:43:48 [INFO] 保存分割和检测结果到: C:\code\show\Scrap_Steel_In_Field\photos\segmentation\segment_20260521_154347.jpg
2026-05-21 15:43:48 [INFO] JSON结果保存到: C:\code\show\Scrap_Steel_In_Field\photos\segmentation_result.json
2026-05-21 15:43:48 [INFO] 类别统计：{1: 375145, 2: 31752, 4: 11484, 5: 63540, 6: 48420, 7: 32652, 8: 16644, 9: 45272, 10: 91944, 11: 396, 12: 114399, 13: 15260, 15: 8964}
2026-05-21 15:43:48 [INFO] 面积统计：{1: np.float64(375145.0), 2: np.float64(31752.0), 4: np.float64(11484.0), 5: np.float64(63540.0), 6: np.float64(48420.0), 7: np.float64(32652.0), 8: np.float64(16644.0), 9: np.float64(45272.0), 10: np.float64(91944.0), 11: np.float64(396.0), 12: np.float64(114399.0), 13: np.float64(15260.0), 15: np.float64(8964.0)}
2026-05-21 15:43:48 [INFO] 分割成功
2026-05-21 15:43:48 [INFO] 引擎上下文已释放
2026-05-21 15:43:48 [INFO] TensorRT 引擎已释放
2026-05-21 15:43:48 [INFO] 全局 CUDA 资源已释放
2026-05-21 15:43:48 [INFO] 分割系统资源已释放
2026-05-21 15:43:52 [INFO] CUDA 初始化成功
2026-05-21 15:43:52 [INFO] 引擎加载成功: scrap_steel.engine
2026-05-21 15:43:52 [INFO] 分割系统初始化成功
2026-05-21 15:43:52 [INFO] 图像预处理完成，原始尺寸: (2160, 3840)
2026-05-21 15:43:52 [INFO] 开始执行分割...
2026-05-21 15:43:52 [DEBUG] 处理后的检测结果形状: (1, 8400, 6)
2026-05-21 15:43:52 [DEBUG] 示例检测结果: [[-4.06825256e+00 -3.30848408e+00  3.90719376e+01  1.56335402e+01
   4.51518680e-08  5.00000000e+00]
 [-6.36896133e+00 -3.04584599e+00  4.44382668e+01  3.00786285e+01
   1.01311315e-08  9.00000000e+00]
 [-3.66956711e+00 -3.64368725e+00  4.57160072e+01  3.06739197e+01
   4.26962998e-09  9.00000000e+00]]
2026-05-21 15:43:52 [DEBUG] 处理后检测输出形状: (0, 52)
2026-05-21 15:43:52 [DEBUG] 有效检测数量: 0
2026-05-21 15:43:52 [DEBUG] 检测输出为空
2026-05-21 15:43:52 [INFO] 掩码中检测到的类别: [0, 1, 2, 3, 4, 5, 6, 7, 8, 9, 10, 11, 12, 13, 15]
2026-05-21 15:43:52 [INFO] 分割完成，检测到 0 个物体
2026-05-21 15:43:52 [INFO] 从分割掩码中提取检测结果
2026-05-21 15:43:52 [INFO] 从掩码中提取了 580 个检测框
2026-05-21 15:43:52 [INFO] 检测到车兜区域，将过滤区域外的目标
2026-05-21 15:43:52 [INFO] 车兜区域过滤: 580 -> 173 个目标
2026-05-21 15:43:53 [INFO] 保存分割和检测结果到: C:\code\show\Scrap_Steel_In_Field\photos\segmentation\segment_20260521_154352.jpg
2026-05-21 15:43:53 [INFO] JSON结果保存到: C:\code\show\Scrap_Steel_In_Field\photos\segmentation_result.json
2026-05-21 15:43:53 [INFO] 类别统计：{1: 382637, 2: 31788, 3: 144, 4: 8964, 5: 61632, 6: 47448, 7: 31716, 8: 16974, 9: 46365, 10: 91224, 11: 900, 12: 123883, 13: 13605, 15: 11340}
2026-05-21 15:43:53 [INFO] 面积统计：{1: np.float64(382637.0), 2: np.float64(31788.0), 3: np.float64(144.0), 4: np.float64(8964.0), 5: np.float64(61632.0), 6: np.float64(47448.0), 7: np.float64(31716.0), 8: np.float64(16974.0), 9: np.float64(46365.0), 10: np.float64(91224.0), 11: np.float64(900.0), 12: np.float64(123883.0), 13: np.float64(13605.0), 15: np.float64(11340.0)}
2026-05-21 15:43:53 [INFO] 分割成功
2026-05-21 15:43:53 [INFO] 引擎上下文已释放
2026-05-21 15:43:53 [INFO] TensorRT 引擎已释放
2026-05-21 15:43:53 [INFO] 全局 CUDA 资源已释放
2026-05-21 15:43:53 [INFO] 分割系统资源已释放
2026-05-21 15:43:58 [INFO] CUDA 初始化成功
2026-05-21 15:43:58 [INFO] 引擎加载成功: scrap_steel.engine
2026-05-21 15:43:58 [INFO] 分割系统初始化成功
2026-05-21 15:43:58 [INFO] 图像预处理完成，原始尺寸: (2160, 3840)
2026-05-21 15:43:58 [INFO] 开始执行分割...
2026-05-21 15:43:58 [DEBUG] 处理后的检测结果形状: (1, 8400, 6)
2026-05-21 15:43:58 [DEBUG] 示例检测结果: [[-4.00430679e+00 -3.26743507e+00  3.89220772e+01  1.54529762e+01
   4.37537082e-08  5.00000000e+00]
 [-6.27891922e+00 -2.99673271e+00  4.42813339e+01  2.99640408e+01
   9.96259075e-09  9.00000000e+00]
 [-3.61775208e+00 -3.57688808e+00  4.56871948e+01  3.06228790e+01
   4.34155822e-09  9.00000000e+00]]
2026-05-21 15:43:58 [DEBUG] 处理后检测输出形状: (0, 52)
2026-05-21 15:43:58 [DEBUG] 有效检测数量: 0
2026-05-21 15:43:58 [DEBUG] 检测输出为空
2026-05-21 15:43:58 [INFO] 掩码中检测到的类别: [0, 1, 2, 3, 4, 5, 6, 7, 8, 9, 10, 11, 12, 13, 15]
2026-05-21 15:43:58 [INFO] 分割完成，检测到 0 个物体
2026-05-21 15:43:58 [INFO] 从分割掩码中提取检测结果
2026-05-21 15:43:58 [INFO] 从掩码中提取了 552 个检测框
2026-05-21 15:43:58 [INFO] 检测到车兜区域，将过滤区域外的目标
2026-05-21 15:43:58 [INFO] 车兜区域过滤: 552 -> 182 个目标
2026-05-21 15:43:59 [INFO] 保存分割和检测结果到: C:\code\show\Scrap_Steel_In_Field\photos\segmentation\segment_20260521_154358.jpg
2026-05-21 15:43:59 [INFO] JSON结果保存到: C:\code\show\Scrap_Steel_In_Field\photos\segmentation_result.json
2026-05-21 15:43:59 [INFO] 类别统计：{1: 384294, 2: 33732, 3: 576, 4: 10008, 5: 62316, 6: 45612, 7: 31896, 8: 15061, 9: 46257, 10: 91116, 11: 468, 12: 118420, 13: 15915, 15: 9504}
2026-05-21 15:43:59 [INFO] 面积统计：{1: np.float64(384294.0), 2: np.float64(33732.0), 3: np.float64(576.0), 4: np.float64(10008.0), 5: np.float64(62316.0), 6: np.float64(45612.0), 7: np.float64(31896.0), 8: np.float64(15061.0), 9: np.float64(46257.0), 10: np.float64(91116.0), 11: np.float64(468.0), 12: np.float64(118420.0), 13: np.float64(15915.0), 15: np.float64(9504.0)}
2026-05-21 15:43:59 [INFO] 分割成功
2026-05-21 15:43:59 [INFO] 引擎上下文已释放
2026-05-21 15:43:59 [INFO] TensorRT 引擎已释放
2026-05-21 15:43:59 [INFO] 全局 CUDA 资源已释放
2026-05-21 15:43:59 [INFO] 分割系统资源已释放
2026-05-21 15:44:03 [INFO] CUDA 初始化成功
2026-05-21 15:44:03 [INFO] 引擎加载成功: scrap_steel.engine
2026-05-21 15:44:03 [INFO] 分割系统初始化成功
2026-05-21 15:44:03 [INFO] 图像预处理完成，原始尺寸: (2160, 3840)
2026-05-21 15:44:03 [INFO] 开始执行分割...
2026-05-21 15:44:03 [DEBUG] 处理后的检测结果形状: (1, 8400, 6)
2026-05-21 15:44:03 [DEBUG] 示例检测结果: [[-4.04215240e+00 -3.31939125e+00  3.89084396e+01  1.56392326e+01
   4.41019594e-08  5.00000000e+00]
 [-6.34677124e+00 -3.06637478e+00  4.42817459e+01  3.00727730e+01
   9.84167059e-09  9.00000000e+00]
 [-3.65782928e+00 -3.64573669e+00  4.56899033e+01  3.06228714e+01
   4.24105018e-09  9.00000000e+00]]
2026-05-21 15:44:03 [DEBUG] 处理后检测输出形状: (0, 52)
2026-05-21 15:44:03 [DEBUG] 有效检测数量: 0
2026-05-21 15:44:03 [DEBUG] 检测输出为空
2026-05-21 15:44:03 [INFO] 掩码中检测到的类别: [0, 1, 2, 3, 4, 5, 6, 7, 8, 9, 10, 11, 12, 13, 15]
2026-05-21 15:44:03 [INFO] 分割完成，检测到 0 个物体
2026-05-21 15:44:03 [INFO] 从分割掩码中提取检测结果
2026-05-21 15:44:03 [INFO] 从掩码中提取了 542 个检测框
2026-05-21 15:44:03 [INFO] 检测到车兜区域，将过滤区域外的目标
2026-05-21 15:44:03 [INFO] 车兜区域过滤: 542 -> 179 个目标
2026-05-21 15:44:04 [INFO] 保存分割和检测结果到: C:\code\show\Scrap_Steel_In_Field\photos\segmentation\segment_20260521_154403.jpg
2026-05-21 15:44:04 [INFO] JSON结果保存到: C:\code\show\Scrap_Steel_In_Field\photos\segmentation_result.json
2026-05-21 15:44:04 [INFO] 类别统计：{1: 383709, 2: 30348, 3: 576, 4: 11196, 5: 62388, 6: 45900, 7: 31320, 8: 17424, 9: 47733, 10: 90576, 11: 468, 12: 124548, 13: 13732, 15: 9360}
2026-05-21 15:44:04 [INFO] 面积统计：{1: np.float64(383709.0), 2: np.float64(30348.0), 3: np.float64(576.0), 4: np.float64(11196.0), 5: np.float64(62388.0), 6: np.float64(45900.0), 7: np.float64(31320.0), 8: np.float64(17424.0), 9: np.float64(47733.0), 10: np.float64(90576.0), 11: np.float64(468.0), 12: np.float64(124548.0), 13: np.float64(13732.0), 15: np.float64(9360.0)}
2026-05-21 15:44:04 [INFO] 分割成功
2026-05-21 15:44:04 [INFO] 引擎上下文已释放
2026-05-21 15:44:04 [INFO] TensorRT 引擎已释放
2026-05-21 15:44:04 [INFO] 全局 CUDA 资源已释放
2026-05-21 15:44:04 [INFO] 分割系统资源已释放
2026-05-21 15:44:08 [INFO] CUDA 初始化成功
2026-05-21 15:44:08 [INFO] 引擎加载成功: scrap_steel.engine
2026-05-21 15:44:08 [INFO] 分割系统初始化成功
2026-05-21 15:44:08 [INFO] 图像预处理完成，原始尺寸: (2160, 3840)
2026-05-21 15:44:08 [INFO] 开始执行分割...
2026-05-21 15:44:09 [DEBUG] 处理后的检测结果形状: (1, 8400, 6)
2026-05-21 15:44:09 [DEBUG] 示例检测结果: [[-4.00879669e+00 -3.24809647e+00  3.89257774e+01  1.54041157e+01
   4.42750263e-08  5.00000000e+00]
 [-6.28616714e+00 -2.97950554e+00  4.42409859e+01  2.97710361e+01
   9.91897764e-09  9.00000000e+00]
 [-3.65274048e+00 -3.58977699e+00  4.56299896e+01  3.05445080e+01
   4.27439062e-09  9.00000000e+00]]
2026-05-21 15:44:09 [DEBUG] 处理后检测输出形状: (0, 52)
2026-05-21 15:44:09 [DEBUG] 有效检测数量: 0
2026-05-21 15:44:09 [DEBUG] 检测输出为空
2026-05-21 15:44:09 [INFO] 掩码中检测到的类别: [0, 1, 2, 3, 4, 5, 6, 7, 8, 9, 10, 11, 12, 13, 15]
2026-05-21 15:44:09 [INFO] 分割完成，检测到 0 个物体
2026-05-21 15:44:09 [INFO] 从分割掩码中提取检测结果
2026-05-21 15:44:09 [INFO] 从掩码中提取了 560 个检测框
2026-05-21 15:44:09 [INFO] 检测到车兜区域，将过滤区域外的目标
2026-05-21 15:44:09 [INFO] 车兜区域过滤: 560 -> 177 个目标
2026-05-21 15:44:10 [INFO] 保存分割和检测结果到: C:\code\show\Scrap_Steel_In_Field\photos\segmentation\segment_20260521_154409.jpg
2026-05-21 15:44:10 [INFO] JSON结果保存到: C:\code\show\Scrap_Steel_In_Field\photos\segmentation_result.json
2026-05-21 15:44:10 [INFO] 类别统计：{1: 374105, 2: 31896, 3: 324, 4: 10800, 5: 62640, 6: 47880, 7: 30672, 8: 19764, 9: 50980, 10: 89676, 11: 108, 12: 119390, 13: 13680, 15: 10656}
2026-05-21 15:44:10 [INFO] 面积统计：{1: np.float64(374105.0), 2: np.float64(31896.0), 3: np.float64(324.0), 4: np.float64(10800.0), 5: np.float64(62640.0), 6: np.float64(47880.0), 7: np.float64(30672.0), 8: np.float64(19764.0), 9: np.float64(50980.0), 10: np.float64(89676.0), 11: np.float64(108.0), 12: np.float64(119390.0), 13: np.float64(13680.0), 15: np.float64(10656.0)}
2026-05-21 15:44:10 [INFO] 分割成功
2026-05-21 15:44:10 [INFO] 引擎上下文已释放
2026-05-21 15:44:10 [INFO] TensorRT 引擎已释放
2026-05-21 15:44:10 [INFO] 全局 CUDA 资源已释放
2026-05-21 15:44:10 [INFO] 分割系统资源已释放
2026-05-21 15:44:13 [INFO] CUDA 初始化成功
2026-05-21 15:44:13 [INFO] 引擎加载成功: scrap_steel.engine
2026-05-21 15:44:13 [INFO] 分割系统初始化成功
2026-05-21 15:44:14 [INFO] 图像预处理完成，原始尺寸: (2160, 3840)
2026-05-21 15:44:14 [INFO] 开始执行分割...
2026-05-21 15:44:14 [DEBUG] 处理后的检测结果形状: (1, 8400, 6)
2026-05-21 15:44:14 [DEBUG] 示例检测结果: [[-4.02127457e+00 -3.25706768e+00  3.88924942e+01  1.53753481e+01
   4.40894681e-08  5.00000000e+00]
 [-6.28303528e+00 -2.99434566e+00  4.42905197e+01  2.98031807e+01
   9.84604398e-09  9.00000000e+00]
 [-3.62952423e+00 -3.57593155e+00  4.56613121e+01  3.05131111e+01
   4.27439062e-09  9.00000000e+00]]
2026-05-21 15:44:14 [DEBUG] 处理后检测输出形状: (0, 52)
2026-05-21 15:44:14 [DEBUG] 有效检测数量: 0
2026-05-21 15:44:14 [DEBUG] 检测输出为空
2026-05-21 15:44:14 [INFO] 掩码中检测到的类别: [0, 1, 2, 3, 4, 5, 6, 7, 8, 9, 10, 11, 12, 13, 15]
2026-05-21 15:44:14 [INFO] 分割完成，检测到 0 个物体
2026-05-21 15:44:14 [INFO] 从分割掩码中提取检测结果
2026-05-21 15:44:14 [INFO] 从掩码中提取了 536 个检测框
2026-05-21 15:44:14 [INFO] 检测到车兜区域，将过滤区域外的目标
2026-05-21 15:44:14 [INFO] 车兜区域过滤: 536 -> 170 个目标
2026-05-21 15:44:15 [INFO] 保存分割和检测结果到: C:\code\show\Scrap_Steel_In_Field\photos\segmentation\segment_20260521_154414.jpg
2026-05-21 15:44:15 [INFO] JSON结果保存到: C:\code\show\Scrap_Steel_In_Field\photos\segmentation_result.json
2026-05-21 15:44:15 [INFO] 类别统计：{1: 390760, 2: 33876, 3: 72, 4: 9828, 5: 61128, 6: 47340, 7: 34524, 8: 16308, 9: 46001, 10: 91980, 11: 324, 12: 114739, 13: 13623, 15: 8892}
2026-05-21 15:44:15 [INFO] 面积统计：{1: np.float64(390760.0), 2: np.float64(33876.0), 3: np.float64(72.0), 4: np.float64(9828.0), 5: np.float64(61128.0), 6: np.float64(47340.0), 7: np.float64(34524.0), 8: np.float64(16308.0), 9: np.float64(46001.0), 10: np.float64(91980.0), 11: np.float64(324.0), 12: np.float64(114739.0), 13: np.float64(13623.0), 15: np.float64(8892.0)}
2026-05-21 15:44:15 [INFO] 分割成功
2026-05-21 15:44:15 [INFO] 引擎上下文已释放
2026-05-21 15:44:15 [INFO] TensorRT 引擎已释放
2026-05-21 15:44:15 [INFO] 全局 CUDA 资源已释放
2026-05-21 15:44:15 [INFO] 分割系统资源已释放
2026-05-21 15:44:18 [INFO] CUDA 初始化成功
2026-05-21 15:44:18 [INFO] 引擎加载成功: scrap_steel.engine
2026-05-21 15:44:18 [INFO] 分割系统初始化成功
2026-05-21 15:44:19 [INFO] 图像预处理完成，原始尺寸: (2160, 3840)
2026-05-21 15:44:19 [INFO] 开始执行分割...
2026-05-21 15:44:19 [DEBUG] 处理后的检测结果形状: (1, 8400, 6)
2026-05-21 15:44:19 [DEBUG] 示例检测结果: [[-4.01107407e+00 -3.27946901e+00  3.87931404e+01  1.54694099e+01
   4.32298179e-08  5.00000000e+00]
 [-6.24905014e+00 -3.01987457e+00  4.41826820e+01  2.98700638e+01
   9.73845005e-09  9.00000000e+00]
 [-3.63789368e+00 -3.61766434e+00  4.56334763e+01  3.05715446e+01
   4.19697699e-09  9.00000000e+00]]
2026-05-21 15:44:19 [DEBUG] 处理后检测输出形状: (0, 52)
2026-05-21 15:44:19 [DEBUG] 有效检测数量: 0
2026-05-21 15:44:19 [DEBUG] 检测输出为空
2026-05-21 15:44:19 [INFO] 掩码中检测到的类别: [0, 1, 2, 3, 4, 5, 6, 7, 8, 9, 10, 11, 12, 13, 15]
2026-05-21 15:44:19 [INFO] 分割完成，检测到 0 个物体
2026-05-21 15:44:19 [INFO] 从分割掩码中提取检测结果
2026-05-21 15:44:19 [INFO] 从掩码中提取了 565 个检测框
2026-05-21 15:44:19 [INFO] 检测到车兜区域，将过滤区域外的目标
2026-05-21 15:44:19 [INFO] 车兜区域过滤: 565 -> 188 个目标
2026-05-21 15:44:20 [INFO] 保存分割和检测结果到: C:\code\show\Scrap_Steel_In_Field\photos\segmentation\segment_20260521_154419.jpg
2026-05-21 15:44:20 [INFO] JSON结果保存到: C:\code\show\Scrap_Steel_In_Field\photos\segmentation_result.json
2026-05-21 15:44:20 [INFO] 类别统计：{1: 381311, 2: 36036, 3: 864, 4: 9540, 5: 55656, 6: 47016, 7: 29484, 8: 18684, 9: 44456, 10: 90324, 11: 252, 12: 127049, 13: 16450, 15: 9936}
2026-05-21 15:44:20 [INFO] 面积统计：{1: np.float64(381311.0), 2: np.float64(36036.0), 3: np.float64(864.0), 4: np.float64(9540.0), 5: np.float64(55656.0), 6: np.float64(47016.0), 7: np.float64(29484.0), 8: np.float64(18684.0), 9: np.float64(44456.0), 10: np.float64(90324.0), 11: np.float64(252.0), 12: np.float64(127049.0), 13: np.float64(16450.0), 15: np.float64(9936.0)}
2026-05-21 15:44:20 [INFO] 分割成功
2026-05-21 15:44:20 [INFO] 引擎上下文已释放
2026-05-21 15:44:20 [INFO] TensorRT 引擎已释放
2026-05-21 15:44:20 [INFO] 全局 CUDA 资源已释放
2026-05-21 15:44:20 [INFO] 分割系统资源已释放
2026-05-21 15:44:23 [INFO] CUDA 初始化成功
2026-05-21 15:44:24 [INFO] 引擎加载成功: scrap_steel.engine
2026-05-21 15:44:24 [INFO] 分割系统初始化成功
2026-05-21 15:44:24 [INFO] 图像预处理完成，原始尺寸: (2160, 3840)
2026-05-21 15:44:24 [INFO] 开始执行分割...
2026-05-21 15:44:24 [DEBUG] 处理后的检测结果形状: (1, 8400, 6)
2026-05-21 15:44:24 [DEBUG] 示例检测结果: [[-4.03598022e+00 -3.28547001e+00  3.88725662e+01  1.55478926e+01
   4.34148184e-08  5.00000000e+00]
 [-6.28102112e+00 -3.00369644e+00  4.42375031e+01  2.99063759e+01
   9.84604398e-09  9.00000000e+00]
 [-3.63106918e+00 -3.57358551e+00  4.56375351e+01  3.05374260e+01
   4.21009361e-09  9.00000000e+00]]
2026-05-21 15:44:24 [DEBUG] 处理后检测输出形状: (0, 52)
2026-05-21 15:44:24 [DEBUG] 有效检测数量: 0
2026-05-21 15:44:24 [DEBUG] 检测输出为空
2026-05-21 15:44:24 [INFO] 掩码中检测到的类别: [0, 1, 2, 3, 4, 5, 6, 7, 8, 9, 10, 11, 12, 13, 15]
2026-05-21 15:44:24 [INFO] 分割完成，检测到 0 个物体
2026-05-21 15:44:24 [INFO] 从分割掩码中提取检测结果
2026-05-21 15:44:24 [INFO] 从掩码中提取了 541 个检测框
2026-05-21 15:44:24 [INFO] 检测到车兜区域，将过滤区域外的目标
2026-05-21 15:44:24 [INFO] 车兜区域过滤: 541 -> 174 个目标
2026-05-21 15:44:25 [INFO] 保存分割和检测结果到: C:\code\show\Scrap_Steel_In_Field\photos\segmentation\segment_20260521_154424.jpg
2026-05-21 15:44:25 [INFO] JSON结果保存到: C:\code\show\Scrap_Steel_In_Field\photos\segmentation_result.json
2026-05-21 15:44:25 [INFO] 类别统计：{1: 394811, 2: 33372, 3: 144, 4: 11160, 5: 60516, 6: 48960, 7: 30024, 8: 18792, 9: 40619, 10: 87984, 11: 540, 12: 117810, 13: 13851, 15: 9864}
2026-05-21 15:44:25 [INFO] 面积统计：{1: np.float64(394811.0), 2: np.float64(33372.0), 3: np.float64(144.0), 4: np.float64(11160.0), 5: np.float64(60516.0), 6: np.float64(48960.0), 7: np.float64(30024.0), 8: np.float64(18792.0), 9: np.float64(40619.0), 10: np.float64(87984.0), 11: np.float64(540.0), 12: np.float64(117810.0), 13: np.float64(13851.0), 15: np.float64(9864.0)}
2026-05-21 15:44:25 [INFO] 分割成功
2026-05-21 15:44:25 [INFO] 引擎上下文已释放
2026-05-21 15:44:25 [INFO] TensorRT 引擎已释放
2026-05-21 15:44:25 [INFO] 全局 CUDA 资源已释放
2026-05-21 15:44:25 [INFO] 分割系统资源已释放
2026-05-21 15:44:28 [INFO] CUDA 初始化成功
2026-05-21 15:44:28 [INFO] 引擎加载成功: scrap_steel.engine
2026-05-21 15:44:28 [INFO] 分割系统初始化成功
2026-05-21 15:44:29 [INFO] 图像预处理完成，原始尺寸: (2160, 3840)
2026-05-21 15:44:29 [INFO] 开始执行分割...
2026-05-21 15:44:29 [DEBUG] 处理后的检测结果形状: (1, 8400, 6)
2026-05-21 15:44:29 [DEBUG] 示例检测结果: [[-4.01356506e+00 -3.28501749e+00  3.87976608e+01  1.54979191e+01
   4.48029560e-08  5.00000000e+00]
 [-6.29518509e+00 -3.03889561e+00  4.41809082e+01  2.99006271e+01
   1.00648450e-08  9.00000000e+00]
 [-3.66872787e+00 -3.64314175e+00  4.56194763e+01  3.05627899e+01
   4.23891322e-09  9.00000000e+00]]
2026-05-21 15:44:29 [DEBUG] 处理后检测输出形状: (0, 52)
2026-05-21 15:44:29 [DEBUG] 有效检测数量: 0
2026-05-21 15:44:29 [DEBUG] 检测输出为空
2026-05-21 15:44:29 [INFO] 掩码中检测到的类别: [0, 1, 2, 3, 4, 5, 6, 7, 8, 9, 10, 11, 12, 13, 15]
2026-05-21 15:44:29 [INFO] 分割完成，检测到 0 个物体
2026-05-21 15:44:29 [INFO] 从分割掩码中提取检测结果
2026-05-21 15:44:29 [INFO] 从掩码中提取了 573 个检测框
2026-05-21 15:44:29 [INFO] 检测到车兜区域，将过滤区域外的目标
2026-05-21 15:44:29 [INFO] 车兜区域过滤: 573 -> 194 个目标
2026-05-21 15:44:30 [INFO] 保存分割和检测结果到: C:\code\show\Scrap_Steel_In_Field\photos\segmentation\segment_20260521_154429.jpg
2026-05-21 15:44:30 [INFO] JSON结果保存到: C:\code\show\Scrap_Steel_In_Field\photos\segmentation_result.json
2026-05-21 15:44:30 [INFO] 类别统计：{1: 402699, 2: 33408, 3: 324, 4: 9216, 5: 59004, 6: 46908, 7: 32220, 8: 21007, 9: 42117, 10: 93924, 11: 324, 12: 120283, 13: 13914, 15: 10728}
2026-05-21 15:44:30 [INFO] 面积统计：{1: np.float64(402699.0), 2: np.float64(33408.0), 3: np.float64(324.0), 4: np.float64(9216.0), 5: np.float64(59004.0), 6: np.float64(46908.0), 7: np.float64(32220.0), 8: np.float64(21007.0), 9: np.float64(42117.0), 10: np.float64(93924.0), 11: np.float64(324.0), 12: np.float64(120283.0), 13: np.float64(13914.0), 15: np.float64(10728.0)}
2026-05-21 15:44:30 [INFO] 分割成功
2026-05-21 15:44:30 [INFO] 引擎上下文已释放
2026-05-21 15:44:30 [INFO] TensorRT 引擎已释放
2026-05-21 15:44:30 [INFO] 全局 CUDA 资源已释放
2026-05-21 15:44:30 [INFO] 分割系统资源已释放
2026-05-21 15:44:34 [INFO] CUDA 初始化成功
2026-05-21 15:44:34 [INFO] 引擎加载成功: scrap_steel.engine
2026-05-21 15:44:34 [INFO] 分割系统初始化成功
2026-05-21 15:44:34 [INFO] 图像预处理完成，原始尺寸: (2160, 3840)
2026-05-21 15:44:34 [INFO] 开始执行分割...
2026-05-21 15:44:34 [DEBUG] 处理后的检测结果形状: (1, 8400, 6)
2026-05-21 15:44:34 [DEBUG] 示例检测结果: [[-4.04188919e+00 -3.28428459e+00  3.89043655e+01  1.55782928e+01
   4.48029560e-08  5.00000000e+00]
 [-6.34622955e+00 -3.03910160e+00  4.42973862e+01  3.00237045e+01
   9.98640104e-09  9.00000000e+00]
 [-3.66879272e+00 -3.62831593e+00  4.56981277e+01  3.06504021e+01
   4.27200675e-09  9.00000000e+00]]
2026-05-21 15:44:34 [DEBUG] 处理后检测输出形状: (0, 52)
2026-05-21 15:44:34 [DEBUG] 有效检测数量: 0
2026-05-21 15:44:34 [DEBUG] 检测输出为空
2026-05-21 15:44:34 [INFO] 掩码中检测到的类别: [0, 1, 2, 3, 4, 5, 6, 7, 8, 9, 10, 11, 12, 13, 15]
2026-05-21 15:44:34 [INFO] 分割完成，检测到 0 个物体
2026-05-21 15:44:34 [INFO] 从分割掩码中提取检测结果
2026-05-21 15:44:34 [INFO] 从掩码中提取了 550 个检测框
2026-05-21 15:44:34 [INFO] 检测到车兜区域，将过滤区域外的目标
2026-05-21 15:44:35 [INFO] 车兜区域过滤: 550 -> 181 个目标
2026-05-21 15:44:35 [INFO] 保存分割和检测结果到: C:\code\show\Scrap_Steel_In_Field\photos\segmentation\segment_20260521_154435.jpg
2026-05-21 15:44:35 [INFO] JSON结果保存到: C:\code\show\Scrap_Steel_In_Field\photos\segmentation_result.json
2026-05-21 15:44:35 [INFO] 类别统计：{1: 393010, 2: 33300, 3: 288, 4: 9936, 5: 61668, 6: 48960, 7: 29736, 8: 17647, 9: 36032, 10: 93672, 11: 720, 12: 113794, 13: 14243, 15: 10944}
2026-05-21 15:44:35 [INFO] 面积统计：{1: np.float64(393010.0), 2: np.float64(33300.0), 3: np.float64(288.0), 4: np.float64(9936.0), 5: np.float64(61668.0), 6: np.float64(48960.0), 7: np.float64(29736.0), 8: np.float64(17647.0), 9: np.float64(36032.0), 10: np.float64(93672.0), 11: np.float64(720.0), 12: np.float64(113794.0), 13: np.float64(14243.0), 15: np.float64(10944.0)}
2026-05-21 15:44:35 [INFO] 分割成功
2026-05-21 15:44:35 [INFO] 引擎上下文已释放
2026-05-21 15:44:35 [INFO] TensorRT 引擎已释放
2026-05-21 15:44:35 [INFO] 全局 CUDA 资源已释放
2026-05-21 15:44:35 [INFO] 分割系统资源已释放
2026-05-21 15:44:39 [INFO] CUDA 初始化成功
2026-05-21 15:44:40 [INFO] 引擎加载成功: scrap_steel.engine
2026-05-21 15:44:40 [INFO] 分割系统初始化成功
2026-05-21 15:44:40 [INFO] 图像预处理完成，原始尺寸: (2160, 3840)
2026-05-21 15:44:40 [INFO] 开始执行分割...
2026-05-21 15:44:40 [DEBUG] 处理后的检测结果形状: (1, 8400, 6)
2026-05-21 15:44:40 [DEBUG] 示例检测结果: [[-4.00903320e+00 -3.26284409e+00  3.88186150e+01  1.54608116e+01
   4.39196555e-08  5.00000000e+00]
 [-6.28102875e+00 -2.99181747e+00  4.42512131e+01  2.98985481e+01
   9.91897764e-09  9.00000000e+00]
 [-3.63891220e+00 -3.58632851e+00  4.56452713e+01  3.05541706e+01
   4.33917435e-09  9.00000000e+00]]
2026-05-21 15:44:40 [DEBUG] 处理后检测输出形状: (0, 52)
2026-05-21 15:44:40 [DEBUG] 有效检测数量: 0
2026-05-21 15:44:40 [DEBUG] 检测输出为空
2026-05-21 15:44:40 [INFO] 掩码中检测到的类别: [0, 1, 2, 3, 4, 5, 6, 7, 8, 9, 10, 11, 12, 13, 15]
2026-05-21 15:44:40 [INFO] 分割完成，检测到 0 个物体
2026-05-21 15:44:40 [INFO] 从分割掩码中提取检测结果
2026-05-21 15:44:40 [INFO] 从掩码中提取了 524 个检测框
2026-05-21 15:44:40 [INFO] 检测到车兜区域，将过滤区域外的目标
2026-05-21 15:44:40 [INFO] 车兜区域过滤: 524 -> 169 个目标
2026-05-21 15:44:41 [INFO] 保存分割和检测结果到: C:\code\show\Scrap_Steel_In_Field\photos\segmentation\segment_20260521_154440.jpg
2026-05-21 15:44:41 [INFO] JSON结果保存到: C:\code\show\Scrap_Steel_In_Field\photos\segmentation_result.json
2026-05-21 15:44:41 [INFO] 类别统计：{1: 400342, 2: 34632, 3: 612, 4: 9648, 5: 62496, 6: 50940, 7: 26244, 8: 18072, 9: 41266, 10: 90036, 11: 216, 12: 113645, 13: 14697, 15: 10044}
2026-05-21 15:44:41 [INFO] 面积统计：{1: np.float64(400342.0), 2: np.float64(34632.0), 3: np.float64(612.0), 4: np.float64(9648.0), 5: np.float64(62496.0), 6: np.float64(50940.0), 7: np.float64(26244.0), 8: np.float64(18072.0), 9: np.float64(41266.0), 10: np.float64(90036.0), 11: np.float64(216.0), 12: np.float64(113645.0), 13: np.float64(14697.0), 15: np.float64(10044.0)}
2026-05-21 15:44:41 [INFO] 分割成功
2026-05-21 15:44:41 [INFO] 引擎上下文已释放
2026-05-21 15:44:41 [INFO] TensorRT 引擎已释放
2026-05-21 15:44:41 [INFO] 全局 CUDA 资源已释放
2026-05-21 15:44:41 [INFO] 分割系统资源已释放
2026-05-21 15:44:45 [INFO] CUDA 初始化成功
2026-05-21 15:44:45 [INFO] 引擎加载成功: scrap_steel.engine
2026-05-21 15:44:45 [INFO] 分割系统初始化成功
2026-05-21 15:44:45 [INFO] 图像预处理完成，原始尺寸: (2160, 3840)
2026-05-21 15:44:45 [INFO] 开始执行分割...
2026-05-21 15:44:45 [DEBUG] 处理后的检测结果形状: (1, 8400, 6)
2026-05-21 15:44:45 [DEBUG] 示例检测结果: [[-4.02330017e+00 -3.29597378e+00  3.89478607e+01  1.55977678e+01
   4.55113920e-08  5.00000000e+00]
 [-6.33942413e+00 -3.04126644e+00  4.43536606e+01  3.01224823e+01
   1.01243494e-08  9.00000000e+00]
 [-3.67996979e+00 -3.62513924e+00  4.57311935e+01  3.07678509e+01
   4.37713865e-09  9.00000000e+00]]
2026-05-21 15:44:45 [DEBUG] 处理后检测输出形状: (0, 52)
2026-05-21 15:44:45 [DEBUG] 有效检测数量: 0
2026-05-21 15:44:45 [DEBUG] 检测输出为空
2026-05-21 15:44:45 [INFO] 掩码中检测到的类别: [0, 1, 2, 3, 4, 5, 6, 7, 8, 9, 10, 11, 12, 13, 15]
2026-05-21 15:44:45 [INFO] 分割完成，检测到 0 个物体
2026-05-21 15:44:45 [INFO] 从分割掩码中提取检测结果
2026-05-21 15:44:45 [INFO] 从掩码中提取了 563 个检测框
2026-05-21 15:44:45 [INFO] 检测到车兜区域，将过滤区域外的目标
2026-05-21 15:44:45 [INFO] 车兜区域过滤: 563 -> 185 个目标
2026-05-21 15:44:46 [INFO] 保存分割和检测结果到: C:\code\show\Scrap_Steel_In_Field\photos\segmentation\segment_20260521_154445.jpg
2026-05-21 15:44:46 [INFO] JSON结果保存到: C:\code\show\Scrap_Steel_In_Field\photos\segmentation_result.json
2026-05-21 15:44:46 [INFO] 类别统计：{1: 395584, 2: 33408, 3: 72, 4: 9648, 5: 60624, 6: 46512, 7: 35100, 8: 20552, 9: 51230, 10: 91584, 11: 1224, 12: 119165, 13: 13852, 15: 10260}
2026-05-21 15:44:46 [INFO] 面积统计：{1: np.float64(395584.0), 2: np.float64(33408.0), 3: np.float64(72.0), 4: np.float64(9648.0), 5: np.float64(60624.0), 6: np.float64(46512.0), 7: np.float64(35100.0), 8: np.float64(20552.0), 9: np.float64(51230.0), 10: np.float64(91584.0), 11: np.float64(1224.0), 12: np.float64(119165.0), 13: np.float64(13852.0), 15: np.float64(10260.0)}
2026-05-21 15:44:46 [INFO] 分割成功
2026-05-21 15:44:46 [INFO] 引擎上下文已释放
2026-05-21 15:44:46 [INFO] TensorRT 引擎已释放
2026-05-21 15:44:46 [INFO] 全局 CUDA 资源已释放
2026-05-21 15:44:46 [INFO] 分割系统资源已释放
2026-05-21 15:44:50 [INFO] CUDA 初始化成功
2026-05-21 15:44:50 [INFO] 引擎加载成功: scrap_steel.engine
2026-05-21 15:44:50 [INFO] 分割系统初始化成功
2026-05-21 15:44:50 [INFO] 图像预处理完成，原始尺寸: (2160, 3840)
2026-05-21 15:44:50 [INFO] 开始执行分割...
2026-05-21 15:44:50 [DEBUG] 处理后的检测结果形状: (1, 8400, 6)
2026-05-21 15:44:50 [DEBUG] 示例检测结果: [[-3.97973633e+00 -3.24469423e+00  3.88047714e+01  1.53758125e+01
   4.51518680e-08  5.00000000e+00]
 [-6.25860596e+00 -2.98467827e+00  4.42518845e+01  2.98295803e+01
   1.01151443e-08  9.00000000e+00]
 [-3.65178299e+00 -3.56272507e+00  4.56691895e+01  3.05245743e+01
   4.30773106e-09  9.00000000e+00]]
2026-05-21 15:44:50 [DEBUG] 处理后检测输出形状: (0, 52)
2026-05-21 15:44:50 [DEBUG] 有效检测数量: 0
2026-05-21 15:44:50 [DEBUG] 检测输出为空
2026-05-21 15:44:50 [INFO] 掩码中检测到的类别: [0, 1, 2, 3, 4, 5, 6, 7, 8, 9, 10, 11, 12, 13, 15]
2026-05-21 15:44:50 [INFO] 分割完成，检测到 0 个物体
2026-05-21 15:44:50 [INFO] 从分割掩码中提取检测结果
2026-05-21 15:44:50 [INFO] 从掩码中提取了 546 个检测框
2026-05-21 15:44:50 [INFO] 检测到车兜区域，将过滤区域外的目标
2026-05-21 15:44:50 [INFO] 车兜区域过滤: 546 -> 178 个目标
2026-05-21 15:44:51 [INFO] 保存分割和检测结果到: C:\code\show\Scrap_Steel_In_Field\photos\segmentation\segment_20260521_154450.jpg
2026-05-21 15:44:51 [INFO] JSON结果保存到: C:\code\show\Scrap_Steel_In_Field\photos\segmentation_result.json
2026-05-21 15:44:51 [INFO] 类别统计：{1: 371127, 2: 34128, 3: 180, 4: 9936, 5: 59760, 6: 51732, 7: 33588, 8: 20016, 9: 49730, 10: 89028, 11: 288, 12: 127133, 13: 14004, 15: 9864}
2026-05-21 15:44:51 [INFO] 面积统计：{1: np.float64(371127.0), 2: np.float64(34128.0), 3: np.float64(180.0), 4: np.float64(9936.0), 5: np.float64(59760.0), 6: np.float64(51732.0), 7: np.float64(33588.0), 8: np.float64(20016.0), 9: np.float64(49730.0), 10: np.float64(89028.0), 11: np.float64(288.0), 12: np.float64(127133.0), 13: np.float64(14004.0), 15: np.float64(9864.0)}
2026-05-21 15:44:51 [INFO] 分割成功
2026-05-21 15:44:51 [INFO] 引擎上下文已释放
2026-05-21 15:44:51 [INFO] TensorRT 引擎已释放
2026-05-21 15:44:51 [INFO] 全局 CUDA 资源已释放
2026-05-21 15:44:51 [INFO] 分割系统资源已释放
2026-05-21 15:44:55 [INFO] CUDA 初始化成功
2026-05-21 15:44:55 [INFO] 引擎加载成功: scrap_steel.engine
2026-05-21 15:44:55 [INFO] 分割系统初始化成功
2026-05-21 15:44:55 [INFO] 图像预处理完成，原始尺寸: (2160, 3840)
2026-05-21 15:44:55 [INFO] 开始执行分割...
2026-05-21 15:44:55 [DEBUG] 处理后的检测结果形状: (1, 8400, 6)
2026-05-21 15:44:55 [DEBUG] 示例检测结果: [[-4.02376556e+00 -3.27541494e+00  3.88750687e+01  1.54246922e+01
   4.39196555e-08  5.00000000e+00]
 [-6.34649658e+00 -3.00404644e+00  4.43086205e+01  2.98448067e+01
   9.84604398e-09  9.00000000e+00]
 [-3.66082764e+00 -3.58883476e+00  4.56905136e+01  3.05040226e+01
   4.22652136e-09  9.00000000e+00]]
2026-05-21 15:44:55 [DEBUG] 处理后检测输出形状: (0, 52)
2026-05-21 15:44:55 [DEBUG] 有效检测数量: 0
2026-05-21 15:44:55 [DEBUG] 检测输出为空
2026-05-21 15:44:55 [INFO] 掩码中检测到的类别: [0, 1, 2, 3, 4, 5, 6, 7, 8, 9, 10, 11, 12, 13, 15]
2026-05-21 15:44:55 [INFO] 分割完成，检测到 0 个物体
2026-05-21 15:44:55 [INFO] 从分割掩码中提取检测结果
2026-05-21 15:44:55 [INFO] 从掩码中提取了 538 个检测框
2026-05-21 15:44:55 [INFO] 检测到车兜区域，将过滤区域外的目标
2026-05-21 15:44:55 [INFO] 车兜区域过滤: 538 -> 167 个目标
2026-05-21 15:44:56 [INFO] 保存分割和检测结果到: C:\code\show\Scrap_Steel_In_Field\photos\segmentation\segment_20260521_154456.jpg
2026-05-21 15:44:56 [INFO] JSON结果保存到: C:\code\show\Scrap_Steel_In_Field\photos\segmentation_result.json
2026-05-21 15:44:56 [INFO] 类别统计：{1: 400563, 2: 36396, 3: 180, 4: 10476, 5: 59364, 6: 45468, 7: 29736, 8: 19044, 9: 45269, 10: 89352, 11: 540, 12: 114867, 13: 15300, 15: 8820}
2026-05-21 15:44:56 [INFO] 面积统计：{1: np.float64(400563.0), 2: np.float64(36396.0), 3: np.float64(180.0), 4: np.float64(10476.0), 5: np.float64(59364.0), 6: np.float64(45468.0), 7: np.float64(29736.0), 8: np.float64(19044.0), 9: np.float64(45269.0), 10: np.float64(89352.0), 11: np.float64(540.0), 12: np.float64(114867.0), 13: np.float64(15300.0), 15: np.float64(8820.0)}
2026-05-21 15:44:56 [INFO] 分割成功
2026-05-21 15:44:56 [INFO] 引擎上下文已释放
2026-05-21 15:44:56 [INFO] TensorRT 引擎已释放
2026-05-21 15:44:56 [INFO] 全局 CUDA 资源已释放
2026-05-21 15:44:56 [INFO] 分割系统资源已释放
2026-05-21 15:45:00 [INFO] CUDA 初始化成功
2026-05-21 15:45:00 [INFO] 引擎加载成功: scrap_steel.engine
2026-05-21 15:45:00 [INFO] 分割系统初始化成功
2026-05-21 15:45:00 [INFO] 图像预处理完成，原始尺寸: (2160, 3840)
2026-05-21 15:45:00 [INFO] 开始执行分割...
2026-05-21 15:45:00 [DEBUG] 处理后的检测结果形状: (1, 8400, 6)
2026-05-21 15:45:00 [DEBUG] 示例检测结果: [[-4.03911972e+00 -3.28059292e+00  3.88983841e+01  1.55627947e+01
   4.55113920e-08  5.00000000e+00]
 [-6.33743668e+00 -3.03857899e+00  4.42539101e+01  3.00236969e+01
   9.98074157e-09  9.00000000e+00]
 [-3.65037155e+00 -3.62759209e+00  4.56385193e+01  3.06081715e+01
   4.29873381e-09  9.00000000e+00]]
2026-05-21 15:45:00 [DEBUG] 处理后检测输出形状: (0, 52)
2026-05-21 15:45:00 [DEBUG] 有效检测数量: 0
2026-05-21 15:45:00 [DEBUG] 检测输出为空
2026-05-21 15:45:00 [INFO] 掩码中检测到的类别: [0, 1, 2, 3, 4, 5, 6, 7, 8, 9, 10, 11, 12, 13, 15]
2026-05-21 15:45:00 [INFO] 分割完成，检测到 0 个物体
2026-05-21 15:45:00 [INFO] 从分割掩码中提取检测结果
2026-05-21 15:45:01 [INFO] 从掩码中提取了 455 个检测框
2026-05-21 15:45:01 [INFO] 检测到车兜区域，将过滤区域外的目标
2026-05-21 15:45:01 [INFO] 车兜区域过滤: 455 -> 164 个目标
2026-05-21 15:45:01 [INFO] 保存分割和检测结果到: C:\code\show\Scrap_Steel_In_Field\photos\segmentation\segment_20260521_154501.jpg
2026-05-21 15:45:01 [INFO] JSON结果保存到: C:\code\show\Scrap_Steel_In_Field\photos\segmentation_result.json
2026-05-21 15:45:01 [INFO] 类别统计：{1: 380187, 2: 32868, 3: 36, 4: 9648, 5: 56592, 6: 52380, 7: 29520, 8: 18540, 9: 44439, 10: 93996, 11: 144, 12: 128692, 13: 13025, 15: 9612}
2026-05-21 15:45:01 [INFO] 面积统计：{1: np.float64(380187.0), 2: np.float64(32868.0), 3: np.float64(36.0), 4: np.float64(9648.0), 5: np.float64(56592.0), 6: np.float64(52380.0), 7: np.float64(29520.0), 8: np.float64(18540.0), 9: np.float64(44439.0), 10: np.float64(93996.0), 11: np.float64(144.0), 12: np.float64(128692.0), 13: np.float64(13025.0), 15: np.float64(9612.0)}
2026-05-21 15:45:01 [INFO] 分割成功
2026-05-21 15:45:01 [INFO] 引擎上下文已释放
2026-05-21 15:45:01 [INFO] TensorRT 引擎已释放
2026-05-21 15:45:01 [INFO] 全局 CUDA 资源已释放
2026-05-21 15:45:01 [INFO] 分割系统资源已释放
2026-05-21 15:45:05 [INFO] CUDA 初始化成功
2026-05-21 15:45:05 [INFO] 引擎加载成功: scrap_steel.engine
2026-05-21 15:45:05 [INFO] 分割系统初始化成功
2026-05-21 15:45:05 [INFO] 图像预处理完成，原始尺寸: (2160, 3840)
2026-05-21 15:45:05 [INFO] 开始执行分割...
2026-05-21 15:45:05 [DEBUG] 处理后的检测结果形状: (1, 8400, 6)
2026-05-21 15:45:05 [DEBUG] 示例检测结果: [[-4.02599716e+00 -3.26837730e+00  3.88019142e+01  1.53508549e+01
   4.30608367e-08  5.00000000e+00]
 [-6.27214813e+00 -3.02099609e+00  4.42199936e+01  2.98031235e+01
   9.77311032e-09  9.00000000e+00]
 [-3.61717224e+00 -3.59285831e+00  4.56386185e+01  3.04967690e+01
   4.21009361e-09  9.00000000e+00]]
2026-05-21 15:45:05 [DEBUG] 处理后检测输出形状: (0, 52)
2026-05-21 15:45:05 [DEBUG] 有效检测数量: 0
2026-05-21 15:45:05 [DEBUG] 检测输出为空
2026-05-21 15:45:05 [INFO] 掩码中检测到的类别: [0, 1, 2, 3, 4, 5, 6, 7, 8, 9, 10, 11, 12, 13, 15]
2026-05-21 15:45:05 [INFO] 分割完成，检测到 0 个物体
2026-05-21 15:45:05 [INFO] 从分割掩码中提取检测结果
2026-05-21 15:45:06 [INFO] 从掩码中提取了 448 个检测框
2026-05-21 15:45:06 [INFO] 检测到车兜区域，将过滤区域外的目标
2026-05-21 15:45:06 [INFO] 车兜区域过滤: 448 -> 159 个目标
2026-05-21 15:45:06 [INFO] 保存分割和检测结果到: C:\code\show\Scrap_Steel_In_Field\photos\segmentation\segment_20260521_154506.jpg
2026-05-21 15:45:06 [INFO] JSON结果保存到: C:\code\show\Scrap_Steel_In_Field\photos\segmentation_result.json
2026-05-21 15:45:06 [INFO] 类别统计：{1: 377942, 2: 28368, 3: 108, 4: 7488, 5: 69084, 6: 61674, 7: 32292, 8: 21096, 9: 41628, 10: 85500, 11: 540, 12: 120517, 13: 13081, 15: 9468}
2026-05-21 15:45:06 [INFO] 面积统计：{1: np.float64(377942.0), 2: np.float64(28368.0), 3: np.float64(108.0), 4: np.float64(7488.0), 5: np.float64(69084.0), 6: np.float64(61674.0), 7: np.float64(32292.0), 8: np.float64(21096.0), 9: np.float64(41628.0), 10: np.float64(85500.0), 11: np.float64(540.0), 12: np.float64(120517.0), 13: np.float64(13081.0), 15: np.float64(9468.0)}
2026-05-21 15:45:06 [INFO] 分割成功
2026-05-21 15:45:06 [INFO] 引擎上下文已释放
2026-05-21 15:45:06 [INFO] TensorRT 引擎已释放
2026-05-21 15:45:06 [INFO] 全局 CUDA 资源已释放
2026-05-21 15:45:06 [INFO] 分割系统资源已释放
2026-05-21 15:45:11 [INFO] CUDA 初始化成功
2026-05-21 15:45:11 [INFO] 引擎加载成功: scrap_steel.engine
2026-05-21 15:45:11 [INFO] 分割系统初始化成功
2026-05-21 15:45:11 [INFO] 图像预处理完成，原始尺寸: (2160, 3840)
2026-05-21 15:45:11 [INFO] 开始执行分割...
2026-05-21 15:45:11 [DEBUG] 处理后的检测结果形状: (1, 8400, 6)
2026-05-21 15:45:11 [DEBUG] 示例检测结果: [[-4.01185226e+00 -3.25558281e+00  3.88750687e+01  1.54102726e+01
   4.40894681e-08  5.00000000e+00]
 [-6.28840637e+00 -2.98332024e+00  4.42434044e+01  2.98610821e+01
   1.00363877e-08  9.00000000e+00]
 [-3.63473129e+00 -3.57623482e+00  4.56637192e+01  3.05253811e+01
   4.30773106e-09  9.00000000e+00]]
2026-05-21 15:45:11 [DEBUG] 处理后检测输出形状: (0, 52)
2026-05-21 15:45:11 [DEBUG] 有效检测数量: 0
2026-05-21 15:45:11 [DEBUG] 检测输出为空
2026-05-21 15:45:11 [INFO] 掩码中检测到的类别: [0, 1, 2, 3, 4, 5, 6, 7, 8, 9, 10, 11, 12, 13, 15]
2026-05-21 15:45:11 [INFO] 分割完成，检测到 0 个物体
2026-05-21 15:45:11 [INFO] 从分割掩码中提取检测结果
2026-05-21 15:45:11 [INFO] 从掩码中提取了 463 个检测框
2026-05-21 15:45:11 [INFO] 检测到车兜区域，将过滤区域外的目标
2026-05-21 15:45:11 [INFO] 车兜区域过滤: 463 -> 168 个目标
2026-05-21 15:45:13 [INFO] 保存分割和检测结果到: C:\code\show\Scrap_Steel_In_Field\photos\segmentation\segment_20260521_154511.jpg
2026-05-21 15:45:13 [INFO] JSON结果保存到: C:\code\show\Scrap_Steel_In_Field\photos\segmentation_result.json
2026-05-21 15:45:13 [INFO] 类别统计：{1: 390602, 2: 35532, 4: 10296, 5: 59400, 6: 56160, 7: 33012, 8: 17532, 9: 42103, 10: 90972, 11: 756, 12: 116480, 13: 14527, 15: 10980}
2026-05-21 15:45:13 [INFO] 面积统计：{1: np.float64(390602.0), 2: np.float64(35532.0), 4: np.float64(10296.0), 5: np.float64(59400.0), 6: np.float64(56160.0), 7: np.float64(33012.0), 8: np.float64(17532.0), 9: np.float64(42103.0), 10: np.float64(90972.0), 11: np.float64(756.0), 12: np.float64(116480.0), 13: np.float64(14527.0), 15: np.float64(10980.0)}
2026-05-21 15:45:13 [INFO] 分割成功
2026-05-21 15:45:13 [INFO] 引擎上下文已释放
2026-05-21 15:45:13 [INFO] TensorRT 引擎已释放
2026-05-21 15:45:13 [INFO] 全局 CUDA 资源已释放
2026-05-21 15:45:13 [INFO] 分割系统资源已释放
2026-05-21 15:45:17 [INFO] CUDA 初始化成功
2026-05-21 15:45:17 [INFO] 引擎加载成功: scrap_steel.engine
2026-05-21 15:45:17 [INFO] 分割系统初始化成功
2026-05-21 15:45:17 [INFO] 图像预处理完成，原始尺寸: (2160, 3840)
2026-05-21 15:45:17 [INFO] 开始执行分割...
2026-05-21 15:45:17 [DEBUG] 处理后的检测结果形状: (1, 8400, 6)
2026-05-21 15:45:17 [DEBUG] 示例检测结果: [[-4.00873566e+00 -3.28498793e+00  3.89507256e+01  1.54511948e+01
   4.48029560e-08  5.00000000e+00]
 [-6.29663467e+00 -3.01765442e+00  4.43387909e+01  2.98872375e+01
   1.02177786e-08  9.00000000e+00]
 [-3.67226410e+00 -3.60047054e+00  4.56769562e+01  3.05552025e+01
   4.38359038e-09  9.00000000e+00]]
2026-05-21 15:45:17 [DEBUG] 处理后检测输出形状: (0, 52)
2026-05-21 15:45:17 [DEBUG] 有效检测数量: 0
2026-05-21 15:45:17 [DEBUG] 检测输出为空
2026-05-21 15:45:17 [INFO] 掩码中检测到的类别: [0, 1, 2, 3, 4, 5, 6, 7, 8, 9, 10, 11, 12, 13, 15]
2026-05-21 15:45:17 [INFO] 分割完成，检测到 0 个物体
2026-05-21 15:45:17 [INFO] 从分割掩码中提取检测结果
2026-05-21 15:45:17 [INFO] 从掩码中提取了 467 个检测框
2026-05-21 15:45:17 [INFO] 检测到车兜区域，将过滤区域外的目标
2026-05-21 15:45:17 [INFO] 车兜区域过滤: 467 -> 164 个目标
2026-05-21 15:45:18 [INFO] 保存分割和检测结果到: C:\code\show\Scrap_Steel_In_Field\photos\segmentation\segment_20260521_154517.jpg
2026-05-21 15:45:18 [INFO] JSON结果保存到: C:\code\show\Scrap_Steel_In_Field\photos\segmentation_result.json
2026-05-21 15:45:18 [INFO] 类别统计：{1: 372937, 2: 34668, 3: 180, 4: 8280, 5: 66996, 6: 57928, 7: 25308, 8: 20160, 9: 44724, 10: 93240, 11: 504, 12: 122483, 13: 13959, 15: 10368}
2026-05-21 15:45:18 [INFO] 面积统计：{1: np.float64(372937.0), 2: np.float64(34668.0), 3: np.float64(180.0), 4: np.float64(8280.0), 5: np.float64(66996.0), 6: np.float64(57928.0), 7: np.float64(25308.0), 8: np.float64(20160.0), 9: np.float64(44724.0), 10: np.float64(93240.0), 11: np.float64(504.0), 12: np.float64(122483.0), 13: np.float64(13959.0), 15: np.float64(10368.0)}
2026-05-21 15:45:18 [INFO] 分割成功
2026-05-21 15:45:18 [INFO] 引擎上下文已释放
2026-05-21 15:45:18 [INFO] TensorRT 引擎已释放
2026-05-21 15:45:18 [INFO] 全局 CUDA 资源已释放
2026-05-21 15:45:18 [INFO] 分割系统资源已释放
2026-05-21 15:45:22 [INFO] CUDA 初始化成功
2026-05-21 15:45:22 [INFO] 引擎加载成功: scrap_steel.engine
2026-05-21 15:45:22 [INFO] 分割系统初始化成功
2026-05-21 15:45:22 [INFO] 图像预处理完成，原始尺寸: (2160, 3840)
2026-05-21 15:45:22 [INFO] 开始执行分割...
2026-05-21 15:45:22 [DEBUG] 处理后的检测结果形状: (1, 8400, 6)
2026-05-21 15:45:22 [DEBUG] 示例检测结果: [[-4.03217316e+00 -3.29665470e+00  3.89608994e+01  1.55046301e+01
   4.49774120e-08  5.00000000e+00]
 [-6.33938217e+00 -3.04046440e+00  4.44055595e+01  3.00308628e+01
   9.95297356e-09  9.00000000e+00]
 [-3.68174744e+00 -3.62792969e+00  4.57292709e+01  3.06900253e+01
   4.26962998e-09  9.00000000e+00]]
2026-05-21 15:45:22 [DEBUG] 处理后检测输出形状: (0, 52)
2026-05-21 15:45:22 [DEBUG] 有效检测数量: 0
2026-05-21 15:45:22 [DEBUG] 检测输出为空
2026-05-21 15:45:22 [INFO] 掩码中检测到的类别: [0, 1, 2, 3, 4, 5, 6, 7, 8, 9, 10, 11, 12, 13, 15]
2026-05-21 15:45:22 [INFO] 分割完成，检测到 0 个物体
2026-05-21 15:45:22 [INFO] 从分割掩码中提取检测结果
2026-05-21 15:45:22 [INFO] 从掩码中提取了 452 个检测框
2026-05-21 15:45:22 [INFO] 检测到车兜区域，将过滤区域外的目标
2026-05-21 15:45:22 [INFO] 车兜区域过滤: 452 -> 168 个目标
2026-05-21 15:45:23 [INFO] 保存分割和检测结果到: C:\code\show\Scrap_Steel_In_Field\photos\segmentation\segment_20260521_154522.jpg
2026-05-21 15:45:23 [INFO] JSON结果保存到: C:\code\show\Scrap_Steel_In_Field\photos\segmentation_result.json
2026-05-21 15:45:23 [INFO] 类别统计：{1: 391825, 2: 32436, 3: 180, 4: 9396, 5: 63756, 6: 53928, 7: 28080, 8: 19152, 9: 44323, 10: 87696, 11: 396, 12: 114052, 13: 13224, 15: 9324}
2026-05-21 15:45:23 [INFO] 面积统计：{1: np.float64(391825.0), 2: np.float64(32436.0), 3: np.float64(180.0), 4: np.float64(9396.0), 5: np.float64(63756.0), 6: np.float64(53928.0), 7: np.float64(28080.0), 8: np.float64(19152.0), 9: np.float64(44323.0), 10: np.float64(87696.0), 11: np.float64(396.0), 12: np.float64(114052.0), 13: np.float64(13224.0), 15: np.float64(9324.0)}
2026-05-21 15:45:23 [INFO] 分割成功
2026-05-21 15:45:23 [INFO] 引擎上下文已释放
2026-05-21 15:45:23 [INFO] TensorRT 引擎已释放
2026-05-21 15:45:23 [INFO] 全局 CUDA 资源已释放
2026-05-21 15:45:23 [INFO] 分割系统资源已释放
2026-05-21 15:45:28 [INFO] CUDA 初始化成功
2026-05-21 15:45:28 [INFO] 引擎加载成功: scrap_steel.engine
2026-05-21 15:45:28 [INFO] 分割系统初始化成功
2026-05-21 15:45:28 [INFO] 图像预处理完成，原始尺寸: (2160, 3840)
2026-05-21 15:45:28 [INFO] 开始执行分割...
2026-05-21 15:45:28 [DEBUG] 处理后的检测结果形状: (1, 8400, 6)
2026-05-21 15:45:28 [DEBUG] 示例检测结果: [[-4.06696320e+00 -3.37916088e+00  3.88923645e+01  1.59369116e+01
   4.44639667e-08  5.00000000e+00]
 [-6.35647583e+00 -3.11791229e+00  4.40930252e+01  3.02764626e+01
   9.96705651e-09  9.00000000e+00]
 [-3.60921097e+00 -3.63286972e+00  4.55919151e+01  3.06944466e+01
   4.48011228e-09  9.00000000e+00]]
2026-05-21 15:45:28 [DEBUG] 处理后检测输出形状: (0, 52)
2026-05-21 15:45:28 [DEBUG] 有效检测数量: 0
2026-05-21 15:45:28 [DEBUG] 检测输出为空
2026-05-21 15:45:28 [INFO] 掩码中检测到的类别: [0, 1, 2, 3, 4, 5, 6, 7, 8, 9, 10, 11, 12, 13, 15]
2026-05-21 15:45:28 [INFO] 分割完成，检测到 0 个物体
2026-05-21 15:45:28 [INFO] 从分割掩码中提取检测结果
2026-05-21 15:45:28 [INFO] 从掩码中提取了 444 个检测框
2026-05-21 15:45:28 [INFO] 检测到车兜区域，将过滤区域外的目标
2026-05-21 15:45:28 [INFO] 车兜区域过滤: 444 -> 189 个目标
2026-05-21 15:45:29 [INFO] 保存分割和检测结果到: C:\code\show\Scrap_Steel_In_Field\photos\segmentation\segment_20260521_154528.jpg
2026-05-21 15:45:29 [INFO] JSON结果保存到: C:\code\show\Scrap_Steel_In_Field\photos\segmentation_result.json
2026-05-21 15:45:29 [INFO] 类别统计：{1: 271361, 2: 41040, 3: 3924, 4: 9468, 5: 53568, 6: 60246, 7: 17280, 8: 21816, 9: 35352, 10: 97668, 11: 1008, 12: 38520, 13: 18482, 15: 20016}
2026-05-21 15:45:29 [INFO] 面积统计：{1: np.float64(271361.0), 2: np.float64(41040.0), 3: np.float64(3924.0), 4: np.float64(9468.0), 5: np.float64(53568.0), 6: np.float64(60246.0), 7: np.float64(17280.0), 8: np.float64(21816.0), 9: np.float64(35352.0), 10: np.float64(97668.0), 11: np.float64(1008.0), 12: np.float64(38520.0), 13: np.float64(18482.0), 15: np.float64(20016.0)}
2026-05-21 15:45:29 [INFO] 分割成功
2026-05-21 15:45:29 [INFO] 引擎上下文已释放
2026-05-21 15:45:29 [INFO] TensorRT 引擎已释放
2026-05-21 15:45:29 [INFO] 全局 CUDA 资源已释放
2026-05-21 15:45:29 [INFO] 分割系统资源已释放
2026-05-21 15:45:33 [INFO] CUDA 初始化成功
2026-05-21 15:45:33 [INFO] 引擎加载成功: scrap_steel.engine
2026-05-21 15:45:33 [INFO] 分割系统初始化成功
2026-05-21 15:45:33 [INFO] 图像预处理完成，原始尺寸: (2160, 3840)
2026-05-21 15:45:33 [INFO] 开始执行分割...
2026-05-21 15:45:33 [DEBUG] 处理后的检测结果形状: (1, 8400, 6)
2026-05-21 15:45:33 [DEBUG] 示例检测结果: [[-3.96018600e+00 -3.23414516e+00  3.87415543e+01  1.54002237e+01
   4.44328236e-08  5.00000000e+00]
 [-6.20587921e+00 -2.97274971e+00  4.40835152e+01  2.97288876e+01
   9.92374183e-09  9.00000000e+00]
 [-3.59437561e+00 -3.53851891e+00  4.55680695e+01  3.03082829e+01
   4.27628777e-09  9.00000000e+00]]
2026-05-21 15:45:33 [DEBUG] 处理后检测输出形状: (0, 52)
2026-05-21 15:45:33 [DEBUG] 有效检测数量: 0
2026-05-21 15:45:33 [DEBUG] 检测输出为空
2026-05-21 15:45:33 [INFO] 掩码中检测到的类别: [0, 1, 2, 3, 4, 5, 6, 7, 8, 9, 10, 11, 12, 13, 15]
2026-05-21 15:45:33 [INFO] 分割完成，检测到 0 个物体
2026-05-21 15:45:33 [INFO] 从分割掩码中提取检测结果
2026-05-21 15:45:33 [INFO] 从掩码中提取了 436 个检测框
2026-05-21 15:45:33 [INFO] 检测到车兜区域，将过滤区域外的目标
2026-05-21 15:45:33 [INFO] 车兜区域过滤: 436 -> 162 个目标
2026-05-21 15:45:34 [INFO] 保存分割和检测结果到: C:\code\show\Scrap_Steel_In_Field\photos\segmentation\segment_20260521_154533.jpg
2026-05-21 15:45:34 [INFO] JSON结果保存到: C:\code\show\Scrap_Steel_In_Field\photos\segmentation_result.json
2026-05-21 15:45:34 [INFO] 类别统计：{1: 388946, 2: 37656, 3: 1764, 4: 9144, 5: 69588, 6: 47556, 7: 24372, 8: 21420, 9: 38370, 10: 90792, 11: 360, 12: 120686, 13: 14878, 15: 8208}
2026-05-21 15:45:34 [INFO] 面积统计：{1: np.float64(388946.0), 2: np.float64(37656.0), 3: np.float64(1764.0), 4: np.float64(9144.0), 5: np.float64(69588.0), 6: np.float64(47556.0), 7: np.float64(24372.0), 8: np.float64(21420.0), 9: np.float64(38370.0), 10: np.float64(90792.0), 11: np.float64(360.0), 12: np.float64(120686.0), 13: np.float64(14878.0), 15: np.float64(8208.0)}
2026-05-21 15:45:34 [INFO] 分割成功
2026-05-21 15:45:34 [INFO] 引擎上下文已释放
2026-05-21 15:45:34 [INFO] TensorRT 引擎已释放
2026-05-21 15:45:34 [INFO] 全局 CUDA 资源已释放
2026-05-21 15:45:34 [INFO] 分割系统资源已释放
2026-05-21 15:45:38 [INFO] CUDA 初始化成功
2026-05-21 15:45:38 [INFO] 引擎加载成功: scrap_steel.engine
2026-05-21 15:45:38 [INFO] 分割系统初始化成功
2026-05-21 15:45:38 [INFO] 图像预处理完成，原始尺寸: (2160, 3840)
2026-05-21 15:45:38 [INFO] 开始执行分割...
2026-05-21 15:45:38 [DEBUG] 处理后的检测结果形状: (1, 8400, 6)
2026-05-21 15:45:38 [DEBUG] 示例检测结果: [[-3.97999573e+00 -3.24420834e+00  3.88280144e+01  1.53793688e+01
   4.42611459e-08  5.00000000e+00]
 [-6.26307297e+00 -2.98242569e+00  4.42243118e+01  2.97898407e+01
   9.91897764e-09  9.00000000e+00]
 [-3.65048981e+00 -3.54752254e+00  4.56110916e+01  3.03990364e+01
   4.30559055e-09  9.00000000e+00]]
2026-05-21 15:45:38 [DEBUG] 处理后检测输出形状: (0, 52)
2026-05-21 15:45:38 [DEBUG] 有效检测数量: 0
2026-05-21 15:45:38 [DEBUG] 检测输出为空
2026-05-21 15:45:38 [INFO] 掩码中检测到的类别: [0, 1, 2, 3, 4, 5, 6, 7, 8, 9, 10, 11, 12, 13, 15]
2026-05-21 15:45:38 [INFO] 分割完成，检测到 0 个物体
2026-05-21 15:45:38 [INFO] 从分割掩码中提取检测结果
2026-05-21 15:45:38 [INFO] 从掩码中提取了 442 个检测框
2026-05-21 15:45:38 [INFO] 检测到车兜区域，将过滤区域外的目标
2026-05-21 15:45:38 [INFO] 车兜区域过滤: 442 -> 171 个目标
2026-05-21 15:45:39 [INFO] 保存分割和检测结果到: C:\code\show\Scrap_Steel_In_Field\photos\segmentation\segment_20260521_154538.jpg
2026-05-21 15:45:39 [INFO] JSON结果保存到: C:\code\show\Scrap_Steel_In_Field\photos\segmentation_result.json
2026-05-21 15:45:39 [INFO] 类别统计：{1: 390956, 2: 31680, 3: 1044, 4: 9648, 5: 69264, 6: 51636, 7: 21060, 8: 22068, 9: 36834, 10: 92736, 11: 252, 12: 122905, 13: 15161, 15: 9792}
2026-05-21 15:45:39 [INFO] 面积统计：{1: np.float64(390956.0), 2: np.float64(31680.0), 3: np.float64(1044.0), 4: np.float64(9648.0), 5: np.float64(69264.0), 6: np.float64(51636.0), 7: np.float64(21060.0), 8: np.float64(22068.0), 9: np.float64(36834.0), 10: np.float64(92736.0), 11: np.float64(252.0), 12: np.float64(122905.0), 13: np.float64(15161.0), 15: np.float64(9792.0)}
2026-05-21 15:45:39 [INFO] 分割成功
2026-05-21 15:45:39 [INFO] 引擎上下文已释放
2026-05-21 15:45:39 [INFO] TensorRT 引擎已释放
2026-05-21 15:45:39 [INFO] 全局 CUDA 资源已释放
2026-05-21 15:45:39 [INFO] 分割系统资源已释放
2026-05-21 15:45:43 [INFO] CUDA 初始化成功
2026-05-21 15:45:43 [INFO] 引擎加载成功: scrap_steel.engine
2026-05-21 15:45:43 [INFO] 分割系统初始化成功
2026-05-21 15:45:43 [INFO] 图像预处理完成，原始尺寸: (2160, 3840)
2026-05-21 15:45:43 [INFO] 开始执行分割...
2026-05-21 15:45:43 [DEBUG] 处理后的检测结果形状: (1, 8400, 6)
2026-05-21 15:45:43 [DEBUG] 示例检测结果: [[-4.00277710e+00 -3.23271656e+00  3.89454002e+01  1.54313383e+01
   4.40894681e-08  5.00000000e+00]
 [-6.25863647e+00 -2.97368145e+00  4.42723770e+01  2.97956352e+01
   1.00363877e-08  9.00000000e+00]
 [-3.62512589e+00 -3.53299236e+00  4.55973091e+01  3.04374352e+01
   4.33917435e-09  9.00000000e+00]]
2026-05-21 15:45:43 [DEBUG] 处理后检测输出形状: (0, 52)
2026-05-21 15:45:43 [DEBUG] 有效检测数量: 0
2026-05-21 15:45:43 [DEBUG] 检测输出为空
2026-05-21 15:45:43 [INFO] 掩码中检测到的类别: [0, 1, 2, 3, 4, 5, 6, 7, 8, 9, 10, 11, 12, 13, 15]
2026-05-21 15:45:43 [INFO] 分割完成，检测到 0 个物体
2026-05-21 15:45:43 [INFO] 从分割掩码中提取检测结果
2026-05-21 15:45:44 [INFO] 从掩码中提取了 428 个检测框
2026-05-21 15:45:44 [INFO] 检测到车兜区域，将过滤区域外的目标
2026-05-21 15:45:44 [INFO] 车兜区域过滤: 428 -> 163 个目标
2026-05-21 15:45:44 [INFO] 保存分割和检测结果到: C:\code\show\Scrap_Steel_In_Field\photos\segmentation\segment_20260521_154544.jpg
2026-05-21 15:45:44 [INFO] JSON结果保存到: C:\code\show\Scrap_Steel_In_Field\photos\segmentation_result.json
2026-05-21 15:45:44 [INFO] 类别统计：{1: 378943, 2: 35892, 3: 288, 4: 9756, 5: 71244, 6: 47781, 7: 23976, 8: 22788, 9: 32473, 10: 89244, 11: 396, 12: 126884, 13: 14862, 15: 9612}
2026-05-21 15:45:44 [INFO] 面积统计：{1: np.float64(378943.0), 2: np.float64(35892.0), 3: np.float64(288.0), 4: np.float64(9756.0), 5: np.float64(71244.0), 6: np.float64(47781.0), 7: np.float64(23976.0), 8: np.float64(22788.0), 9: np.float64(32473.0), 10: np.float64(89244.0), 11: np.float64(396.0), 12: np.float64(126884.0), 13: np.float64(14862.0), 15: np.float64(9612.0)}
2026-05-21 15:45:44 [INFO] 分割成功
2026-05-21 15:45:44 [INFO] 引擎上下文已释放
2026-05-21 15:45:44 [INFO] TensorRT 引擎已释放
2026-05-21 15:45:45 [INFO] 全局 CUDA 资源已释放
2026-05-21 15:45:45 [INFO] 分割系统资源已释放
2026-05-21 15:45:48 [INFO] CUDA 初始化成功
2026-05-21 15:45:48 [INFO] 引擎加载成功: scrap_steel.engine
2026-05-21 15:45:48 [INFO] 分割系统初始化成功
2026-05-21 15:45:48 [INFO] 图像预处理完成，原始尺寸: (2160, 3840)
2026-05-21 15:45:48 [INFO] 开始执行分割...
2026-05-21 15:45:48 [DEBUG] 处理后的检测结果形状: (1, 8400, 6)
2026-05-21 15:45:48 [DEBUG] 示例检测结果: [[-3.97692108e+00 -3.25617313e+00  3.88132553e+01  1.54040918e+01
   4.40894681e-08  5.00000000e+00]
 [-6.23069000e+00 -2.96298599e+00  4.41982994e+01  2.96944923e+01
   9.85023263e-09  9.00000000e+00]
 [-3.62340927e+00 -3.52197742e+00  4.55766487e+01  3.03406258e+01
   4.27439062e-09  9.00000000e+00]]
2026-05-21 15:45:48 [DEBUG] 处理后检测输出形状: (0, 52)
2026-05-21 15:45:48 [DEBUG] 有效检测数量: 0
2026-05-21 15:45:48 [DEBUG] 检测输出为空
2026-05-21 15:45:48 [INFO] 掩码中检测到的类别: [0, 1, 2, 3, 4, 5, 6, 7, 8, 9, 10, 11, 12, 13, 15]
2026-05-21 15:45:48 [INFO] 分割完成，检测到 0 个物体
2026-05-21 15:45:48 [INFO] 从分割掩码中提取检测结果
2026-05-21 15:45:49 [INFO] 从掩码中提取了 430 个检测框
2026-05-21 15:45:49 [INFO] 检测到车兜区域，将过滤区域外的目标
2026-05-21 15:45:49 [INFO] 车兜区域过滤: 430 -> 162 个目标
2026-05-21 15:45:49 [INFO] 保存分割和检测结果到: C:\code\show\Scrap_Steel_In_Field\photos\segmentation\segment_20260521_154549.jpg
2026-05-21 15:45:49 [INFO] JSON结果保存到: C:\code\show\Scrap_Steel_In_Field\photos\segmentation_result.json
2026-05-21 15:45:49 [INFO] 类别统计：{1: 392436, 2: 33264, 3: 684, 4: 9828, 5: 67788, 6: 50904, 7: 21744, 8: 28512, 9: 34380, 10: 94320, 11: 432, 12: 113067, 13: 14828, 15: 9144}
2026-05-21 15:45:49 [INFO] 面积统计：{1: np.float64(392436.0), 2: np.float64(33264.0), 3: np.float64(684.0), 4: np.float64(9828.0), 5: np.float64(67788.0), 6: np.float64(50904.0), 7: np.float64(21744.0), 8: np.float64(28512.0), 9: np.float64(34380.0), 10: np.float64(94320.0), 11: np.float64(432.0), 12: np.float64(113067.0), 13: np.float64(14828.0), 15: np.float64(9144.0)}
2026-05-21 15:45:49 [INFO] 分割成功
2026-05-21 15:45:49 [INFO] 引擎上下文已释放
2026-05-21 15:45:49 [INFO] TensorRT 引擎已释放
2026-05-21 15:45:50 [INFO] 全局 CUDA 资源已释放
2026-05-21 15:45:50 [INFO] 分割系统资源已释放
2026-05-21 15:45:53 [INFO] CUDA 初始化成功
2026-05-21 15:45:53 [INFO] 引擎加载成功: scrap_steel.engine
2026-05-21 15:45:53 [INFO] 分割系统初始化成功
2026-05-21 15:45:53 [INFO] 图像预处理完成，原始尺寸: (2160, 3840)
2026-05-21 15:45:53 [INFO] 开始执行分割...
2026-05-21 15:45:53 [DEBUG] 处理后的检测结果形状: (1, 8400, 6)
2026-05-21 15:45:53 [DEBUG] 示例检测结果: [[-3.97907257e+00 -3.24567986e+00  3.87404556e+01  1.54550476e+01
   4.37349250e-08  5.00000000e+00]
 [-6.18788910e+00 -2.99564743e+00  4.40900841e+01  2.97454033e+01
   9.85327020e-09  9.00000000e+00]
 [-3.60861969e+00 -3.53870201e+00  4.55761070e+01  3.03433590e+01
   4.24648761e-09  9.00000000e+00]]
2026-05-21 15:45:53 [DEBUG] 处理后检测输出形状: (0, 52)
2026-05-21 15:45:53 [DEBUG] 有效检测数量: 0
2026-05-21 15:45:53 [DEBUG] 检测输出为空
2026-05-21 15:45:53 [INFO] 掩码中检测到的类别: [0, 1, 2, 3, 4, 5, 6, 7, 8, 9, 10, 11, 12, 13, 15]
2026-05-21 15:45:53 [INFO] 分割完成，检测到 0 个物体
2026-05-21 15:45:53 [INFO] 从分割掩码中提取检测结果
2026-05-21 15:45:54 [INFO] 从掩码中提取了 412 个检测框
2026-05-21 15:45:54 [INFO] 检测到车兜区域，将过滤区域外的目标
2026-05-21 15:45:54 [INFO] 车兜区域过滤: 412 -> 156 个目标
2026-05-21 15:45:54 [INFO] 保存分割和检测结果到: C:\code\show\Scrap_Steel_In_Field\photos\segmentation\segment_20260521_154554.jpg
2026-05-21 15:45:54 [INFO] JSON结果保存到: C:\code\show\Scrap_Steel_In_Field\photos\segmentation_result.json
2026-05-21 15:45:54 [INFO] 类别统计：{1: 374344, 2: 39636, 3: 396, 4: 9756, 5: 64584, 6: 55116, 7: 22212, 8: 23868, 9: 34529, 10: 92016, 11: 540, 12: 112949, 13: 14657, 15: 7632}
2026-05-21 15:45:54 [INFO] 面积统计：{1: np.float64(374344.0), 2: np.float64(39636.0), 3: np.float64(396.0), 4: np.float64(9756.0), 5: np.float64(64584.0), 6: np.float64(55116.0), 7: np.float64(22212.0), 8: np.float64(23868.0), 9: np.float64(34529.0), 10: np.float64(92016.0), 11: np.float64(540.0), 12: np.float64(112949.0), 13: np.float64(14657.0), 15: np.float64(7632.0)}
2026-05-21 15:45:54 [INFO] 分割成功
2026-05-21 15:45:54 [INFO] 引擎上下文已释放
2026-05-21 15:45:54 [INFO] TensorRT 引擎已释放
2026-05-21 15:45:54 [INFO] 全局 CUDA 资源已释放
2026-05-21 15:45:54 [INFO] 分割系统资源已释放
2026-05-21 15:45:59 [INFO] CUDA 初始化成功
2026-05-21 15:45:59 [INFO] 引擎加载成功: scrap_steel.engine
2026-05-21 15:45:59 [INFO] 分割系统初始化成功
2026-05-21 15:45:59 [INFO] 图像预处理完成，原始尺寸: (2160, 3840)
2026-05-21 15:45:59 [INFO] 开始执行分割...
2026-05-21 15:45:59 [DEBUG] 处理后的检测结果形状: (1, 8400, 6)
2026-05-21 15:45:59 [DEBUG] 示例检测结果: [[-3.97668839e+00 -3.23865223e+00  3.88923149e+01  1.54001303e+01
   4.34148184e-08  5.00000000e+00]
 [-6.25739288e+00 -2.98560143e+00  4.42062454e+01  2.97280636e+01
   9.85023263e-09  9.00000000e+00]
 [-3.62591934e+00 -3.52390480e+00  4.56025276e+01  3.03422832e+01
   4.29319869e-09  9.00000000e+00]]
2026-05-21 15:45:59 [DEBUG] 处理后检测输出形状: (0, 52)
2026-05-21 15:45:59 [DEBUG] 有效检测数量: 0
2026-05-21 15:45:59 [DEBUG] 检测输出为空
2026-05-21 15:45:59 [INFO] 掩码中检测到的类别: [0, 1, 2, 3, 4, 5, 6, 7, 8, 9, 10, 11, 12, 13, 15]
2026-05-21 15:45:59 [INFO] 分割完成，检测到 0 个物体
2026-05-21 15:45:59 [INFO] 从分割掩码中提取检测结果
2026-05-21 15:45:59 [INFO] 从掩码中提取了 420 个检测框
2026-05-21 15:45:59 [INFO] 检测到车兜区域，将过滤区域外的目标
2026-05-21 15:45:59 [INFO] 车兜区域过滤: 420 -> 161 个目标
2026-05-21 15:46:00 [INFO] 保存分割和检测结果到: C:\code\show\Scrap_Steel_In_Field\photos\segmentation\segment_20260521_154559.jpg
2026-05-21 15:46:00 [INFO] JSON结果保存到: C:\code\show\Scrap_Steel_In_Field\photos\segmentation_result.json
2026-05-21 15:46:00 [INFO] 类别统计：{1: 389474, 2: 35604, 3: 180, 4: 9540, 5: 68220, 6: 53316, 7: 22968, 8: 21888, 9: 36316, 10: 91080, 11: 828, 12: 117935, 13: 13680, 15: 9360}
2026-05-21 15:46:00 [INFO] 面积统计：{1: np.float64(389474.0), 2: np.float64(35604.0), 3: np.float64(180.0), 4: np.float64(9540.0), 5: np.float64(68220.0), 6: np.float64(53316.0), 7: np.float64(22968.0), 8: np.float64(21888.0), 9: np.float64(36316.0), 10: np.float64(91080.0), 11: np.float64(828.0), 12: np.float64(117935.0), 13: np.float64(13680.0), 15: np.float64(9360.0)}
2026-05-21 15:46:00 [INFO] 分割成功
2026-05-21 15:46:00 [INFO] 引擎上下文已释放
2026-05-21 15:46:00 [INFO] TensorRT 引擎已释放
2026-05-21 15:46:00 [INFO] 全局 CUDA 资源已释放
2026-05-21 15:46:00 [INFO] 分割系统资源已释放
2026-05-21 15:46:04 [INFO] CUDA 初始化成功
2026-05-21 15:46:04 [INFO] 引擎加载成功: scrap_steel.engine
2026-05-21 15:46:04 [INFO] 分割系统初始化成功
2026-05-21 15:46:04 [INFO] 图像预处理完成，原始尺寸: (2160, 3840)
2026-05-21 15:46:04 [INFO] 开始执行分割...
2026-05-21 15:46:04 [DEBUG] 处理后的检测结果形状: (1, 8400, 6)
2026-05-21 15:46:04 [DEBUG] 示例检测结果: [[-4.01050949e+00 -3.26462460e+00  3.87484589e+01  1.55170794e+01
   4.47855086e-08  5.00000000e+00]
 [-6.28367996e+00 -3.00755405e+00  4.41561241e+01  2.98142433e+01
   1.00707602e-08  9.00000000e+00]
 [-3.62099457e+00 -3.60145855e+00  4.56042480e+01  3.04166222e+01
   4.30559055e-09  9.00000000e+00]]
2026-05-21 15:46:04 [DEBUG] 处理后检测输出形状: (0, 52)
2026-05-21 15:46:04 [DEBUG] 有效检测数量: 0
2026-05-21 15:46:04 [DEBUG] 检测输出为空
2026-05-21 15:46:04 [INFO] 掩码中检测到的类别: [0, 1, 2, 3, 4, 5, 6, 7, 8, 9, 10, 11, 12, 13, 15]
2026-05-21 15:46:04 [INFO] 分割完成，检测到 0 个物体
2026-05-21 15:46:04 [INFO] 从分割掩码中提取检测结果
2026-05-21 15:46:05 [INFO] 从掩码中提取了 417 个检测框
2026-05-21 15:46:05 [INFO] 检测到车兜区域，将过滤区域外的目标
2026-05-21 15:46:05 [INFO] 车兜区域过滤: 417 -> 154 个目标
2026-05-21 15:46:05 [INFO] 保存分割和检测结果到: C:\code\show\Scrap_Steel_In_Field\photos\segmentation\segment_20260521_154605.jpg
2026-05-21 15:46:05 [INFO] JSON结果保存到: C:\code\show\Scrap_Steel_In_Field\photos\segmentation_result.json
2026-05-21 15:46:05 [INFO] 类别统计：{1: 405136, 2: 31464, 3: 468, 4: 9612, 5: 67608, 6: 45641, 7: 25488, 8: 20772, 9: 39135, 10: 95040, 11: 324, 12: 114761, 13: 14033, 15: 9504}
2026-05-21 15:46:05 [INFO] 面积统计：{1: np.float64(405136.0), 2: np.float64(31464.0), 3: np.float64(468.0), 4: np.float64(9612.0), 5: np.float64(67608.0), 6: np.float64(45641.0), 7: np.float64(25488.0), 8: np.float64(20772.0), 9: np.float64(39135.0), 10: np.float64(95040.0), 11: np.float64(324.0), 12: np.float64(114761.0), 13: np.float64(14033.0), 15: np.float64(9504.0)}
2026-05-21 15:46:05 [INFO] 分割成功
2026-05-21 15:46:05 [INFO] 引擎上下文已释放
2026-05-21 15:46:05 [INFO] TensorRT 引擎已释放
2026-05-21 15:46:06 [INFO] 全局 CUDA 资源已释放
2026-05-21 15:46:06 [INFO] 分割系统资源已释放
2026-05-21 15:46:09 [INFO] CUDA 初始化成功
2026-05-21 15:46:09 [INFO] 引擎加载成功: scrap_steel.engine
2026-05-21 15:46:09 [INFO] 分割系统初始化成功
2026-05-21 15:46:09 [INFO] 图像预处理完成，原始尺寸: (2160, 3840)
2026-05-21 15:46:09 [INFO] 开始执行分割...
2026-05-21 15:46:09 [DEBUG] 处理后的检测结果形状: (1, 8400, 6)
2026-05-21 15:46:09 [DEBUG] 示例检测结果: [[-4.03658295e+00 -3.27281857e+00  3.88315887e+01  1.55166311e+01
   4.44328236e-08  5.00000000e+00]
 [-6.31051254e+00 -3.01666451e+00  4.42045135e+01  2.98539219e+01
   1.00363877e-08  9.00000000e+00]
 [-3.64737320e+00 -3.57313919e+00  4.55698471e+01  3.04303780e+01
   4.24319069e-09  9.00000000e+00]]
2026-05-21 15:46:09 [DEBUG] 处理后检测输出形状: (0, 52)
2026-05-21 15:46:09 [DEBUG] 有效检测数量: 0
2026-05-21 15:46:09 [DEBUG] 检测输出为空
2026-05-21 15:46:09 [INFO] 掩码中检测到的类别: [0, 1, 2, 3, 4, 5, 6, 7, 8, 9, 10, 11, 12, 13, 15]
2026-05-21 15:46:09 [INFO] 分割完成，检测到 0 个物体
2026-05-21 15:46:09 [INFO] 从分割掩码中提取检测结果
2026-05-21 15:46:10 [INFO] 从掩码中提取了 440 个检测框
2026-05-21 15:46:10 [INFO] 检测到车兜区域，将过滤区域外的目标
2026-05-21 15:46:10 [INFO] 车兜区域过滤: 440 -> 160 个目标
2026-05-21 15:46:10 [INFO] 保存分割和检测结果到: C:\code\show\Scrap_Steel_In_Field\photos\segmentation\segment_20260521_154610.jpg
2026-05-21 15:46:10 [INFO] JSON结果保存到: C:\code\show\Scrap_Steel_In_Field\photos\segmentation_result.json
2026-05-21 15:46:10 [INFO] 类别统计：{1: 389100, 2: 37620, 3: 576, 4: 10044, 5: 72108, 6: 50904, 7: 26568, 8: 20592, 9: 33805, 10: 87084, 11: 540, 12: 114624, 13: 13398, 15: 9864}
2026-05-21 15:46:10 [INFO] 面积统计：{1: np.float64(389100.0), 2: np.float64(37620.0), 3: np.float64(576.0), 4: np.float64(10044.0), 5: np.float64(72108.0), 6: np.float64(50904.0), 7: np.float64(26568.0), 8: np.float64(20592.0), 9: np.float64(33805.0), 10: np.float64(87084.0), 11: np.float64(540.0), 12: np.float64(114624.0), 13: np.float64(13398.0), 15: np.float64(9864.0)}
2026-05-21 15:46:10 [INFO] 分割成功
2026-05-21 15:46:10 [INFO] 引擎上下文已释放
2026-05-21 15:46:10 [INFO] TensorRT 引擎已释放
2026-05-21 15:46:10 [INFO] 全局 CUDA 资源已释放
2026-05-21 15:46:10 [INFO] 分割系统资源已释放
2026-05-21 15:46:15 [INFO] CUDA 初始化成功
2026-05-21 15:46:15 [INFO] 引擎加载成功: scrap_steel.engine
2026-05-21 15:46:15 [INFO] 分割系统初始化成功
2026-05-21 15:46:15 [INFO] 图像预处理完成，原始尺寸: (2160, 3840)
2026-05-21 15:46:15 [INFO] 开始执行分割...
2026-05-21 15:46:15 [DEBUG] 处理后的检测结果形状: (1, 8400, 6)
2026-05-21 15:46:15 [DEBUG] 示例检测结果: [[-3.97615051e+00 -3.25359726e+00  3.87570419e+01  1.54622097e+01
   4.47855086e-08  5.00000000e+00]
 [-6.29397964e+00 -3.01627731e+00  4.42021904e+01  2.98564186e+01
   9.99725103e-09  9.00000000e+00]
 [-3.62605286e+00 -3.56192017e+00  4.55867767e+01  3.04092598e+01
   4.27439062e-09  9.00000000e+00]]
2026-05-21 15:46:15 [DEBUG] 处理后检测输出形状: (0, 52)
2026-05-21 15:46:15 [DEBUG] 有效检测数量: 0
2026-05-21 15:46:15 [DEBUG] 检测输出为空
2026-05-21 15:46:15 [INFO] 掩码中检测到的类别: [0, 1, 2, 3, 4, 5, 6, 7, 8, 9, 10, 11, 12, 13, 15]
2026-05-21 15:46:15 [INFO] 分割完成，检测到 0 个物体
2026-05-21 15:46:15 [INFO] 从分割掩码中提取检测结果
2026-05-21 15:46:15 [INFO] 从掩码中提取了 429 个检测框
2026-05-21 15:46:15 [INFO] 检测到车兜区域，将过滤区域外的目标
2026-05-21 15:46:15 [INFO] 车兜区域过滤: 429 -> 168 个目标
2026-05-21 15:46:16 [INFO] 保存分割和检测结果到: C:\code\show\Scrap_Steel_In_Field\photos\segmentation\segment_20260521_154615.jpg
2026-05-21 15:46:16 [INFO] JSON结果保存到: C:\code\show\Scrap_Steel_In_Field\photos\segmentation_result.json
2026-05-21 15:46:16 [INFO] 类别统计：{1: 409396, 2: 33192, 3: 288, 4: 10512, 5: 65916, 6: 48888, 7: 24156, 8: 22608, 9: 31920, 10: 94680, 11: 252, 12: 117864, 13: 14005, 15: 11736}
2026-05-21 15:46:16 [INFO] 面积统计：{1: np.float64(409396.0), 2: np.float64(33192.0), 3: np.float64(288.0), 4: np.float64(10512.0), 5: np.float64(65916.0), 6: np.float64(48888.0), 7: np.float64(24156.0), 8: np.float64(22608.0), 9: np.float64(31920.0), 10: np.float64(94680.0), 11: np.float64(252.0), 12: np.float64(117864.0), 13: np.float64(14005.0), 15: np.float64(11736.0)}
2026-05-21 15:46:16 [INFO] 分割成功
2026-05-21 15:46:16 [INFO] 引擎上下文已释放
2026-05-21 15:46:16 [INFO] TensorRT 引擎已释放
2026-05-21 15:46:16 [INFO] 全局 CUDA 资源已释放
2026-05-21 15:46:16 [INFO] 分割系统资源已释放
2026-05-21 15:46:20 [INFO] CUDA 初始化成功
2026-05-21 15:46:20 [INFO] 引擎加载成功: scrap_steel.engine
2026-05-21 15:46:20 [INFO] 分割系统初始化成功
2026-05-21 15:46:20 [INFO] 图像预处理完成，原始尺寸: (2160, 3840)
2026-05-21 15:46:20 [INFO] 开始执行分割...
2026-05-21 15:46:20 [DEBUG] 处理后的检测结果形状: (1, 8400, 6)
2026-05-21 15:46:20 [DEBUG] 示例检测结果: [[-4.00805283e+00 -3.24598646e+00  3.89179726e+01  1.54924126e+01
   4.47923441e-08  5.00000000e+00]
 [-6.28478622e+00 -2.98180294e+00  4.42710838e+01  2.98385544e+01
   1.01442694e-08  9.00000000e+00]
 [-3.62396240e+00 -3.53335190e+00  4.56102905e+01  3.04436302e+01
   4.40056169e-09  9.00000000e+00]]
2026-05-21 15:46:20 [DEBUG] 处理后检测输出形状: (0, 52)
2026-05-21 15:46:20 [DEBUG] 有效检测数量: 0
2026-05-21 15:46:20 [DEBUG] 检测输出为空
2026-05-21 15:46:20 [INFO] 掩码中检测到的类别: [0, 1, 2, 3, 4, 5, 6, 7, 8, 9, 10, 11, 12, 13, 15]
2026-05-21 15:46:20 [INFO] 分割完成，检测到 0 个物体
2026-05-21 15:46:20 [INFO] 从分割掩码中提取检测结果
2026-05-21 15:46:21 [INFO] 从掩码中提取了 421 个检测框
2026-05-21 15:46:21 [INFO] 检测到车兜区域，将过滤区域外的目标
2026-05-21 15:46:21 [INFO] 车兜区域过滤: 421 -> 164 个目标
2026-05-21 15:46:21 [INFO] 保存分割和检测结果到: C:\code\show\Scrap_Steel_In_Field\photos\segmentation\segment_20260521_154621.jpg
2026-05-21 15:46:21 [INFO] JSON结果保存到: C:\code\show\Scrap_Steel_In_Field\photos\segmentation_result.json
2026-05-21 15:46:21 [INFO] 类别统计：{1: 389009, 2: 31968, 3: 684, 4: 9720, 5: 66672, 6: 51048, 7: 20916, 8: 23364, 9: 34929, 10: 93996, 11: 396, 12: 123923, 13: 13888, 15: 9324}
2026-05-21 15:46:21 [INFO] 面积统计：{1: np.float64(389009.0), 2: np.float64(31968.0), 3: np.float64(684.0), 4: np.float64(9720.0), 5: np.float64(66672.0), 6: np.float64(51048.0), 7: np.float64(20916.0), 8: np.float64(23364.0), 9: np.float64(34929.0), 10: np.float64(93996.0), 11: np.float64(396.0), 12: np.float64(123923.0), 13: np.float64(13888.0), 15: np.float64(9324.0)}
2026-05-21 15:46:21 [INFO] 分割成功
2026-05-21 15:46:21 [INFO] 引擎上下文已释放
2026-05-21 15:46:21 [INFO] TensorRT 引擎已释放
2026-05-21 15:46:21 [INFO] 全局 CUDA 资源已释放
2026-05-21 15:46:21 [INFO] 分割系统资源已释放
2026-05-21 15:46:25 [INFO] CUDA 初始化成功
2026-05-21 15:46:25 [INFO] 引擎加载成功: scrap_steel.engine
2026-05-21 15:46:25 [INFO] 分割系统初始化成功
2026-05-21 15:46:25 [INFO] 图像预处理完成，原始尺寸: (2160, 3840)
2026-05-21 15:46:25 [INFO] 开始执行分割...
2026-05-21 15:46:25 [DEBUG] 处理后的检测结果形状: (1, 8400, 6)
2026-05-21 15:46:25 [DEBUG] 示例检测结果: [[-3.99209595e+00 -3.25649357e+00  3.87930603e+01  1.54670458e+01
   4.44328236e-08  5.00000000e+00]
 [-6.29221725e+00 -2.99707603e+00  4.41413269e+01  2.98020535e+01
   9.84167059e-09  9.00000000e+00]
 [-3.65355301e+00 -3.56270599e+00  4.55646706e+01  3.04072266e+01
   4.27200675e-09  9.00000000e+00]]
2026-05-21 15:46:25 [DEBUG] 处理后检测输出形状: (0, 52)
2026-05-21 15:46:25 [DEBUG] 有效检测数量: 0
2026-05-21 15:46:25 [DEBUG] 检测输出为空
2026-05-21 15:46:25 [INFO] 掩码中检测到的类别: [0, 1, 2, 3, 4, 5, 6, 7, 8, 9, 10, 11, 12, 13, 15]
2026-05-21 15:46:25 [INFO] 分割完成，检测到 0 个物体
2026-05-21 15:46:25 [INFO] 从分割掩码中提取检测结果
2026-05-21 15:46:26 [INFO] 从掩码中提取了 441 个检测框
2026-05-21 15:46:26 [INFO] 检测到车兜区域，将过滤区域外的目标
2026-05-21 15:46:26 [INFO] 车兜区域过滤: 441 -> 163 个目标
2026-05-21 15:46:27 [INFO] 保存分割和检测结果到: C:\code\show\Scrap_Steel_In_Field\photos\segmentation\segment_20260521_154626.jpg
2026-05-21 15:46:27 [INFO] JSON结果保存到: C:\code\show\Scrap_Steel_In_Field\photos\segmentation_result.json
2026-05-21 15:46:27 [INFO] 类别统计：{1: 411088, 2: 32472, 3: 72, 4: 8856, 5: 73836, 6: 51516, 7: 21924, 8: 26100, 9: 37282, 10: 89064, 11: 540, 12: 109440, 13: 14654, 15: 8388}
2026-05-21 15:46:27 [INFO] 面积统计：{1: np.float64(411088.0), 2: np.float64(32472.0), 3: np.float64(72.0), 4: np.float64(8856.0), 5: np.float64(73836.0), 6: np.float64(51516.0), 7: np.float64(21924.0), 8: np.float64(26100.0), 9: np.float64(37282.0), 10: np.float64(89064.0), 11: np.float64(540.0), 12: np.float64(109440.0), 13: np.float64(14654.0), 15: np.float64(8388.0)}
2026-05-21 15:46:27 [INFO] 分割成功
2026-05-21 15:46:27 [INFO] 引擎上下文已释放
2026-05-21 15:46:27 [INFO] TensorRT 引擎已释放
2026-05-21 15:46:27 [INFO] 全局 CUDA 资源已释放
2026-05-21 15:46:27 [INFO] 分割系统资源已释放
2026-05-21 15:46:30 [INFO] CUDA 初始化成功
2026-05-21 15:46:30 [INFO] 引擎加载成功: scrap_steel.engine
2026-05-21 15:46:30 [INFO] 分割系统初始化成功
2026-05-21 15:46:31 [INFO] 图像预处理完成，原始尺寸: (2160, 3840)
2026-05-21 15:46:31 [INFO] 开始执行分割...
2026-05-21 15:46:31 [DEBUG] 处理后的检测结果形状: (1, 8400, 6)
2026-05-21 15:46:31 [DEBUG] 示例检测结果: [[-3.99874496e+00 -3.25744867e+00  3.86119041e+01  1.54980145e+01
   4.40944490e-08  5.00000000e+00]
 [-6.20925522e+00 -3.00994778e+00  4.39840546e+01  2.97185287e+01
   9.92735494e-09  9.00000000e+00]
 [-3.61702347e+00 -3.54962063e+00  4.55047264e+01  3.03173904e+01
   4.30986802e-09  9.00000000e+00]]
2026-05-21 15:46:31 [DEBUG] 处理后检测输出形状: (0, 52)
2026-05-21 15:46:31 [DEBUG] 有效检测数量: 0
2026-05-21 15:46:31 [DEBUG] 检测输出为空
2026-05-21 15:46:31 [INFO] 掩码中检测到的类别: [0, 1, 2, 3, 4, 5, 6, 7, 8, 9, 10, 11, 12, 13, 15]
2026-05-21 15:46:31 [INFO] 分割完成，检测到 0 个物体
2026-05-21 15:46:31 [INFO] 从分割掩码中提取检测结果
2026-05-21 15:46:31 [INFO] 从掩码中提取了 430 个检测框
2026-05-21 15:46:31 [INFO] 检测到车兜区域，将过滤区域外的目标
2026-05-21 15:46:31 [INFO] 车兜区域过滤: 430 -> 161 个目标
2026-05-21 15:46:32 [INFO] 保存分割和检测结果到: C:\code\show\Scrap_Steel_In_Field\photos\segmentation\segment_20260521_154631.jpg
2026-05-21 15:46:32 [INFO] JSON结果保存到: C:\code\show\Scrap_Steel_In_Field\photos\segmentation_result.json
2026-05-21 15:46:32 [INFO] 类别统计：{1: 394416, 2: 34092, 3: 180, 4: 10224, 5: 66708, 6: 52020, 7: 22644, 8: 25524, 9: 35767, 10: 93420, 11: 324, 12: 108602, 13: 14174, 15: 8460}
2026-05-21 15:46:32 [INFO] 面积统计：{1: np.float64(394416.0), 2: np.float64(34092.0), 3: np.float64(180.0), 4: np.float64(10224.0), 5: np.float64(66708.0), 6: np.float64(52020.0), 7: np.float64(22644.0), 8: np.float64(25524.0), 9: np.float64(35767.0), 10: np.float64(93420.0), 11: np.float64(324.0), 12: np.float64(108602.0), 13: np.float64(14174.0), 15: np.float64(8460.0)}
2026-05-21 15:46:32 [INFO] 分割成功
2026-05-21 15:46:32 [INFO] 引擎上下文已释放
2026-05-21 15:46:32 [INFO] TensorRT 引擎已释放
2026-05-21 15:46:32 [INFO] 全局 CUDA 资源已释放
2026-05-21 15:46:32 [INFO] 分割系统资源已释放
2026-05-21 15:46:35 [INFO] CUDA 初始化成功
2026-05-21 15:46:36 [INFO] 引擎加载成功: scrap_steel.engine
2026-05-21 15:46:36 [INFO] 分割系统初始化成功
2026-05-21 15:46:36 [INFO] 图像预处理完成，原始尺寸: (2160, 3840)
2026-05-21 15:46:36 [INFO] 开始执行分割...
2026-05-21 15:46:36 [DEBUG] 处理后的检测结果形状: (1, 8400, 6)
2026-05-21 15:46:36 [DEBUG] 示例检测结果: [[-3.99157333e+00 -3.25187016e+00  3.87437820e+01  1.55166769e+01
   4.47923441e-08  5.00000000e+00]
 [-6.28150177e+00 -3.01757336e+00  4.41996307e+01  2.98327980e+01
   9.99725103e-09  9.00000000e+00]
 [-3.62836075e+00 -3.55971241e+00  4.55592117e+01  3.03645935e+01
   4.33917435e-09  9.00000000e+00]]
2026-05-21 15:46:36 [DEBUG] 处理后检测输出形状: (0, 52)
2026-05-21 15:46:36 [DEBUG] 有效检测数量: 0
2026-05-21 15:46:36 [DEBUG] 检测输出为空
2026-05-21 15:46:36 [INFO] 掩码中检测到的类别: [0, 1, 2, 3, 4, 5, 6, 7, 8, 9, 10, 11, 12, 13, 15]
2026-05-21 15:46:36 [INFO] 分割完成，检测到 0 个物体
2026-05-21 15:46:36 [INFO] 从分割掩码中提取检测结果
2026-05-21 15:46:36 [INFO] 从掩码中提取了 412 个检测框
2026-05-21 15:46:36 [INFO] 检测到车兜区域，将过滤区域外的目标
2026-05-21 15:46:36 [INFO] 车兜区域过滤: 412 -> 163 个目标
2026-05-21 15:46:37 [INFO] 保存分割和检测结果到: C:\code\show\Scrap_Steel_In_Field\photos\segmentation\segment_20260521_154636.jpg
2026-05-21 15:46:37 [INFO] JSON结果保存到: C:\code\show\Scrap_Steel_In_Field\photos\segmentation_result.json
2026-05-21 15:46:37 [INFO] 类别统计：{1: 383056, 2: 39780, 3: 144, 4: 9072, 5: 68364, 6: 52956, 7: 24300, 8: 22140, 9: 39866, 10: 91548, 11: 144, 12: 116784, 13: 15117, 15: 8100}
2026-05-21 15:46:37 [INFO] 面积统计：{1: np.float64(383056.0), 2: np.float64(39780.0), 3: np.float64(144.0), 4: np.float64(9072.0), 5: np.float64(68364.0), 6: np.float64(52956.0), 7: np.float64(24300.0), 8: np.float64(22140.0), 9: np.float64(39866.0), 10: np.float64(91548.0), 11: np.float64(144.0), 12: np.float64(116784.0), 13: np.float64(15117.0), 15: np.float64(8100.0)}
2026-05-21 15:46:37 [INFO] 分割成功
2026-05-21 15:46:37 [INFO] 引擎上下文已释放
2026-05-21 15:46:37 [INFO] TensorRT 引擎已释放
2026-05-21 15:46:37 [INFO] 全局 CUDA 资源已释放
2026-05-21 15:46:37 [INFO] 分割系统资源已释放
2026-05-21 15:46:41 [INFO] CUDA 初始化成功
2026-05-21 15:46:41 [INFO] 引擎加载成功: scrap_steel.engine
2026-05-21 15:46:41 [INFO] 分割系统初始化成功
2026-05-21 15:46:41 [INFO] 图像预处理完成，原始尺寸: (2160, 3840)
2026-05-21 15:46:41 [INFO] 开始执行分割...
2026-05-21 15:46:41 [DEBUG] 处理后的检测结果形状: (1, 8400, 6)
2026-05-21 15:46:41 [DEBUG] 示例检测结果: [[-4.02416992e+00 -3.26906157e+00  3.87607269e+01  1.54568291e+01
   4.40944490e-08  5.00000000e+00]
 [-6.33195496e+00 -3.03284836e+00  4.41998291e+01  2.98062325e+01
   9.88489290e-09  9.00000000e+00]
 [-3.64794159e+00 -3.59027958e+00  4.56127853e+01  3.04117165e+01
   4.27439062e-09  9.00000000e+00]]
2026-05-21 15:46:41 [DEBUG] 处理后检测输出形状: (0, 52)
2026-05-21 15:46:41 [DEBUG] 有效检测数量: 0
2026-05-21 15:46:41 [DEBUG] 检测输出为空
2026-05-21 15:46:41 [INFO] 掩码中检测到的类别: [0, 1, 2, 3, 4, 5, 6, 7, 8, 9, 10, 11, 12, 13, 15]
2026-05-21 15:46:41 [INFO] 分割完成，检测到 0 个物体
2026-05-21 15:46:41 [INFO] 从分割掩码中提取检测结果
2026-05-21 15:46:42 [INFO] 从掩码中提取了 429 个检测框
2026-05-21 15:46:42 [INFO] 检测到车兜区域，将过滤区域外的目标
2026-05-21 15:46:42 [INFO] 车兜区域过滤: 429 -> 171 个目标
2026-05-21 15:46:43 [INFO] 保存分割和检测结果到: C:\code\show\Scrap_Steel_In_Field\photos\segmentation\segment_20260521_154642.jpg
2026-05-21 15:46:43 [INFO] JSON结果保存到: C:\code\show\Scrap_Steel_In_Field\photos\segmentation_result.json
2026-05-21 15:46:43 [INFO] 类别统计：{1: 375662, 2: 35928, 3: 324, 4: 10332, 5: 74736, 6: 52964, 7: 24084, 8: 25020, 9: 33837, 10: 86940, 11: 612, 12: 107363, 13: 14352, 15: 8676}
2026-05-21 15:46:43 [INFO] 面积统计：{1: np.float64(375662.0), 2: np.float64(35928.0), 3: np.float64(324.0), 4: np.float64(10332.0), 5: np.float64(74736.0), 6: np.float64(52964.0), 7: np.float64(24084.0), 8: np.float64(25020.0), 9: np.float64(33837.0), 10: np.float64(86940.0), 11: np.float64(612.0), 12: np.float64(107363.0), 13: np.float64(14352.0), 15: np.float64(8676.0)}
2026-05-21 15:46:43 [INFO] 分割成功
2026-05-21 15:46:43 [INFO] 引擎上下文已释放
2026-05-21 15:46:43 [INFO] TensorRT 引擎已释放
2026-05-21 15:46:43 [INFO] 全局 CUDA 资源已释放
2026-05-21 15:46:43 [INFO] 分割系统资源已释放
2026-05-21 15:46:47 [INFO] CUDA 初始化成功
2026-05-21 15:46:47 [INFO] 引擎加载成功: scrap_steel.engine
2026-05-21 15:46:47 [INFO] 分割系统初始化成功
2026-05-21 15:46:47 [INFO] 图像预处理完成，原始尺寸: (2160, 3840)
2026-05-21 15:46:47 [INFO] 开始执行分割...
2026-05-21 15:46:47 [DEBUG] 处理后的检测结果形状: (1, 8400, 6)
2026-05-21 15:46:47 [DEBUG] 示例检测结果: [[-3.97835159e+00 -3.25450802e+00  3.87572136e+01  1.54097052e+01
   4.44328236e-08  5.00000000e+00]
 [-6.29489517e+00 -2.99425411e+00  4.41556244e+01  2.97273445e+01
   9.76930536e-09  9.00000000e+00]
 [-3.64293289e+00 -3.56361389e+00  4.55572472e+01  3.03247604e+01
   4.22450164e-09  9.00000000e+00]]
2026-05-21 15:46:47 [DEBUG] 处理后检测输出形状: (0, 52)
2026-05-21 15:46:47 [DEBUG] 有效检测数量: 0
2026-05-21 15:46:47 [DEBUG] 检测输出为空
2026-05-21 15:46:47 [INFO] 掩码中检测到的类别: [0, 1, 2, 3, 4, 5, 6, 7, 8, 9, 10, 11, 12, 13, 15]
2026-05-21 15:46:47 [INFO] 分割完成，检测到 0 个物体
2026-05-21 15:46:47 [INFO] 从分割掩码中提取检测结果
2026-05-21 15:46:48 [INFO] 从掩码中提取了 439 个检测框
2026-05-21 15:46:48 [INFO] 检测到车兜区域，将过滤区域外的目标
2026-05-21 15:46:48 [INFO] 车兜区域过滤: 439 -> 171 个目标
2026-05-21 15:46:48 [INFO] 保存分割和检测结果到: C:\code\show\Scrap_Steel_In_Field\photos\segmentation\segment_20260521_154648.jpg
2026-05-21 15:46:48 [INFO] JSON结果保存到: C:\code\show\Scrap_Steel_In_Field\photos\segmentation_result.json
2026-05-21 15:46:48 [INFO] 类别统计：{1: 383261, 2: 37548, 3: 108, 4: 10152, 5: 67968, 6: 53320, 7: 24120, 8: 24984, 9: 34884, 10: 92016, 11: 396, 12: 111287, 13: 14620, 15: 8748}
2026-05-21 15:46:48 [INFO] 面积统计：{1: np.float64(383261.0), 2: np.float64(37548.0), 3: np.float64(108.0), 4: np.float64(10152.0), 5: np.float64(67968.0), 6: np.float64(53320.0), 7: np.float64(24120.0), 8: np.float64(24984.0), 9: np.float64(34884.0), 10: np.float64(92016.0), 11: np.float64(396.0), 12: np.float64(111287.0), 13: np.float64(14620.0), 15: np.float64(8748.0)}
2026-05-21 15:46:48 [INFO] 分割成功
2026-05-21 15:46:48 [INFO] 引擎上下文已释放
2026-05-21 15:46:48 [INFO] TensorRT 引擎已释放
2026-05-21 15:46:48 [INFO] 全局 CUDA 资源已释放
2026-05-21 15:46:48 [INFO] 分割系统资源已释放
2026-05-21 15:46:53 [INFO] CUDA 初始化成功
2026-05-21 15:46:53 [INFO] 引擎加载成功: scrap_steel.engine
2026-05-21 15:46:53 [INFO] 分割系统初始化成功
2026-05-21 15:46:53 [INFO] 图像预处理完成，原始尺寸: (2160, 3840)
2026-05-21 15:46:53 [INFO] 开始执行分割...
2026-05-21 15:46:53 [DEBUG] 处理后的检测结果形状: (1, 8400, 6)
2026-05-21 15:46:53 [DEBUG] 示例检测结果: [[-3.97605515e+00 -3.24430704e+00  3.87106667e+01  1.54666233e+01
   4.47923441e-08  5.00000000e+00]
 [-6.22233200e+00 -2.98388195e+00  4.40996017e+01  2.96669655e+01
   9.84604398e-09  9.00000000e+00]
 [-3.60058212e+00 -3.52191925e+00  4.55050125e+01  3.02884712e+01
   4.27439062e-09  9.00000000e+00]]
2026-05-21 15:46:53 [DEBUG] 处理后检测输出形状: (0, 52)
2026-05-21 15:46:53 [DEBUG] 有效检测数量: 0
2026-05-21 15:46:53 [DEBUG] 检测输出为空
2026-05-21 15:46:53 [INFO] 掩码中检测到的类别: [0, 1, 2, 3, 4, 5, 6, 7, 8, 9, 10, 11, 12, 13, 15]
2026-05-21 15:46:53 [INFO] 分割完成，检测到 0 个物体
2026-05-21 15:46:53 [INFO] 从分割掩码中提取检测结果
2026-05-21 15:46:53 [INFO] 从掩码中提取了 416 个检测框
2026-05-21 15:46:53 [INFO] 检测到车兜区域，将过滤区域外的目标
2026-05-21 15:46:53 [INFO] 车兜区域过滤: 416 -> 156 个目标
2026-05-21 15:46:54 [INFO] 保存分割和检测结果到: C:\code\show\Scrap_Steel_In_Field\photos\segmentation\segment_20260521_154653.jpg
2026-05-21 15:46:54 [INFO] JSON结果保存到: C:\code\show\Scrap_Steel_In_Field\photos\segmentation_result.json
2026-05-21 15:46:54 [INFO] 类别统计：{1: 381835, 2: 31932, 3: 108, 4: 10188, 5: 65340, 6: 52416, 7: 21204, 8: 24228, 9: 38151, 10: 88344, 11: 1152, 12: 115976, 13: 14161, 15: 7920}
2026-05-21 15:46:54 [INFO] 面积统计：{1: np.float64(381835.0), 2: np.float64(31932.0), 3: np.float64(108.0), 4: np.float64(10188.0), 5: np.float64(65340.0), 6: np.float64(52416.0), 7: np.float64(21204.0), 8: np.float64(24228.0), 9: np.float64(38151.0), 10: np.float64(88344.0), 11: np.float64(1152.0), 12: np.float64(115976.0), 13: np.float64(14161.0), 15: np.float64(7920.0)}
2026-05-21 15:46:54 [INFO] 分割成功
2026-05-21 15:46:54 [INFO] 引擎上下文已释放
2026-05-21 15:46:54 [INFO] TensorRT 引擎已释放
2026-05-21 15:46:54 [INFO] 全局 CUDA 资源已释放
2026-05-21 15:46:54 [INFO] 分割系统资源已释放
2026-05-21 15:46:58 [INFO] CUDA 初始化成功
2026-05-21 15:46:58 [INFO] 引擎加载成功: scrap_steel.engine
2026-05-21 15:46:58 [INFO] 分割系统初始化成功
2026-05-21 15:46:59 [INFO] 图像预处理完成，原始尺寸: (2160, 3840)
2026-05-21 15:46:59 [INFO] 开始执行分割...
2026-05-21 15:46:59 [DEBUG] 处理后的检测结果形状: (1, 8400, 6)
2026-05-21 15:46:59 [DEBUG] 示例检测结果: [[-3.97537994e+00 -3.24230719e+00  3.86879883e+01  1.53956165e+01
   4.47855086e-08  5.00000000e+00]
 [-6.22803497e+00 -2.98505974e+00  4.42212296e+01  2.97498035e+01
   1.00755244e-08  9.00000000e+00]
 [-3.60220337e+00 -3.54785252e+00  4.55766373e+01  3.03924141e+01
   4.34155822e-09  9.00000000e+00]]
2026-05-21 15:46:59 [DEBUG] 处理后检测输出形状: (0, 52)
2026-05-21 15:46:59 [DEBUG] 有效检测数量: 0
2026-05-21 15:46:59 [DEBUG] 检测输出为空
2026-05-21 15:46:59 [INFO] 掩码中检测到的类别: [0, 1, 2, 3, 4, 5, 6, 7, 8, 9, 10, 11, 12, 13, 15]
2026-05-21 15:46:59 [INFO] 分割完成，检测到 0 个物体
2026-05-21 15:46:59 [INFO] 从分割掩码中提取检测结果
2026-05-21 15:46:59 [INFO] 从掩码中提取了 408 个检测框
2026-05-21 15:46:59 [INFO] 检测到车兜区域，将过滤区域外的目标
2026-05-21 15:46:59 [INFO] 车兜区域过滤: 408 -> 163 个目标
2026-05-21 15:47:00 [INFO] 保存分割和检测结果到: C:\code\show\Scrap_Steel_In_Field\photos\segmentation\segment_20260521_154659.jpg
2026-05-21 15:47:00 [INFO] JSON结果保存到: C:\code\show\Scrap_Steel_In_Field\photos\segmentation_result.json
2026-05-21 15:47:00 [INFO] 类别统计：{1: 387834, 2: 36972, 3: 36, 4: 10944, 5: 64260, 6: 49112, 7: 21996, 8: 24336, 9: 38148, 10: 89280, 11: 972, 12: 116676, 13: 13677, 15: 7524}
2026-05-21 15:47:00 [INFO] 面积统计：{1: np.float64(387834.0), 2: np.float64(36972.0), 3: np.float64(36.0), 4: np.float64(10944.0), 5: np.float64(64260.0), 6: np.float64(49112.0), 7: np.float64(21996.0), 8: np.float64(24336.0), 9: np.float64(38148.0), 10: np.float64(89280.0), 11: np.float64(972.0), 12: np.float64(116676.0), 13: np.float64(13677.0), 15: np.float64(7524.0)}
2026-05-21 15:47:00 [INFO] 分割成功
2026-05-21 15:47:00 [INFO] 引擎上下文已释放
2026-05-21 15:47:00 [INFO] TensorRT 引擎已释放
2026-05-21 15:47:00 [INFO] 全局 CUDA 资源已释放
2026-05-21 15:47:00 [INFO] 分割系统资源已释放
2026-05-21 15:47:03 [INFO] CUDA 初始化成功
2026-05-21 15:47:03 [INFO] 引擎加载成功: scrap_steel.engine
2026-05-21 15:47:03 [INFO] 分割系统初始化成功
2026-05-21 15:47:04 [INFO] 图像预处理完成，原始尺寸: (2160, 3840)
2026-05-21 15:47:04 [INFO] 开始执行分割...
2026-05-21 15:47:04 [DEBUG] 处理后的检测结果形状: (1, 8400, 6)
2026-05-21 15:47:04 [DEBUG] 示例检测结果: [[-3.98072052e+00 -3.24716377e+00  3.87814178e+01  1.53356209e+01
   4.28707416e-08  5.00000000e+00]
 [-6.29636002e+00 -3.00582314e+00  4.41525688e+01  2.95696888e+01
   9.48137568e-09  9.00000000e+00]
 [-3.61690140e+00 -3.56419659e+00  4.56024780e+01  3.02930107e+01
   4.04039113e-09  9.00000000e+00]]
2026-05-21 15:47:04 [DEBUG] 处理后检测输出形状: (0, 52)
2026-05-21 15:47:04 [DEBUG] 有效检测数量: 0
2026-05-21 15:47:04 [DEBUG] 检测输出为空
2026-05-21 15:47:04 [INFO] 掩码中检测到的类别: [0, 1, 2, 3, 4, 5, 6, 7, 8, 9, 10, 11, 12, 13, 15]
2026-05-21 15:47:04 [INFO] 分割完成，检测到 0 个物体
2026-05-21 15:47:04 [INFO] 从分割掩码中提取检测结果
2026-05-21 15:47:04 [INFO] 从掩码中提取了 427 个检测框
2026-05-21 15:47:04 [INFO] 检测到车兜区域，将过滤区域外的目标
2026-05-21 15:47:04 [INFO] 车兜区域过滤: 427 -> 161 个目标
2026-05-21 15:47:05 [INFO] 保存分割和检测结果到: C:\code\show\Scrap_Steel_In_Field\photos\segmentation\segment_20260521_154704.jpg
2026-05-21 15:47:05 [INFO] JSON结果保存到: C:\code\show\Scrap_Steel_In_Field\photos\segmentation_result.json
2026-05-21 15:47:05 [INFO] 类别统计：{1: 413759, 2: 32184, 3: 468, 4: 8964, 5: 68436, 6: 43776, 7: 24948, 8: 22464, 9: 39121, 10: 89784, 11: 864, 12: 115525, 13: 14305, 15: 10152}
2026-05-21 15:47:05 [INFO] 面积统计：{1: np.float64(413759.0), 2: np.float64(32184.0), 3: np.float64(468.0), 4: np.float64(8964.0), 5: np.float64(68436.0), 6: np.float64(43776.0), 7: np.float64(24948.0), 8: np.float64(22464.0), 9: np.float64(39121.0), 10: np.float64(89784.0), 11: np.float64(864.0), 12: np.float64(115525.0), 13: np.float64(14305.0), 15: np.float64(10152.0)}
2026-05-21 15:47:05 [INFO] 分割成功
2026-05-21 15:47:05 [INFO] 引擎上下文已释放
2026-05-21 15:47:05 [INFO] TensorRT 引擎已释放
2026-05-21 15:47:05 [INFO] 全局 CUDA 资源已释放
2026-05-21 15:47:05 [INFO] 分割系统资源已释放
2026-05-21 15:47:08 [INFO] CUDA 初始化成功
2026-05-21 15:47:08 [INFO] 引擎加载成功: scrap_steel.engine
2026-05-21 15:47:08 [INFO] 分割系统初始化成功
2026-05-21 15:47:09 [INFO] 图像预处理完成，原始尺寸: (2160, 3840)
2026-05-21 15:47:09 [INFO] 开始执行分割...
2026-05-21 15:47:09 [DEBUG] 处理后的检测结果形状: (1, 8400, 6)
2026-05-21 15:47:09 [DEBUG] 示例检测结果: [[-4.02881241e+00 -3.27687931e+00  3.87541733e+01  1.55763426e+01
   4.37410108e-08  5.00000000e+00]
 [-6.32954025e+00 -3.02828598e+00  4.41475754e+01  2.98174477e+01
   9.62457491e-09  9.00000000e+00]
 [-3.62848282e+00 -3.60172939e+00  4.56222382e+01  3.04345474e+01
   4.22829771e-09  9.00000000e+00]]
2026-05-21 15:47:09 [DEBUG] 处理后检测输出形状: (0, 52)
2026-05-21 15:47:09 [DEBUG] 有效检测数量: 0
2026-05-21 15:47:09 [DEBUG] 检测输出为空
2026-05-21 15:47:09 [INFO] 掩码中检测到的类别: [0, 1, 2, 3, 4, 5, 6, 7, 8, 9, 10, 11, 12, 13, 15]
2026-05-21 15:47:09 [INFO] 分割完成，检测到 0 个物体
2026-05-21 15:47:09 [INFO] 从分割掩码中提取检测结果
2026-05-21 15:47:09 [INFO] 从掩码中提取了 447 个检测框
2026-05-21 15:47:09 [INFO] 检测到车兜区域，将过滤区域外的目标
2026-05-21 15:47:09 [INFO] 车兜区域过滤: 447 -> 163 个目标
2026-05-21 15:47:10 [INFO] 保存分割和检测结果到: C:\code\show\Scrap_Steel_In_Field\photos\segmentation\segment_20260521_154709.jpg
2026-05-21 15:47:10 [INFO] JSON结果保存到: C:\code\show\Scrap_Steel_In_Field\photos\segmentation_result.json
2026-05-21 15:47:10 [INFO] 类别统计：{1: 374226, 2: 38376, 3: 360, 4: 9360, 5: 68724, 6: 55224, 7: 20196, 8: 24012, 9: 38658, 10: 88344, 11: 1368, 12: 114156, 13: 13544, 15: 9612}
2026-05-21 15:47:10 [INFO] 面积统计：{1: np.float64(374226.0), 2: np.float64(38376.0), 3: np.float64(360.0), 4: np.float64(9360.0), 5: np.float64(68724.0), 6: np.float64(55224.0), 7: np.float64(20196.0), 8: np.float64(24012.0), 9: np.float64(38658.0), 10: np.float64(88344.0), 11: np.float64(1368.0), 12: np.float64(114156.0), 13: np.float64(13544.0), 15: np.float64(9612.0)}
2026-05-21 15:47:10 [INFO] 分割成功
2026-05-21 15:47:10 [INFO] 引擎上下文已释放
2026-05-21 15:47:10 [INFO] TensorRT 引擎已释放
2026-05-21 15:47:10 [INFO] 全局 CUDA 资源已释放
2026-05-21 15:47:10 [INFO] 分割系统资源已释放
2026-05-21 15:47:14 [INFO] CUDA 初始化成功
2026-05-21 15:47:14 [INFO] 引擎加载成功: scrap_steel.engine
2026-05-21 15:47:14 [INFO] 分割系统初始化成功
2026-05-21 15:47:14 [INFO] 图像预处理完成，原始尺寸: (2160, 3840)
2026-05-21 15:47:14 [INFO] 开始执行分割...
2026-05-21 15:47:14 [DEBUG] 处理后的检测结果形状: (1, 8400, 6)
2026-05-21 15:47:14 [DEBUG] 示例检测结果: [[-4.05462265e+00 -3.28847647e+00  3.89822884e+01  1.55486126e+01
   4.51597018e-08  5.00000000e+00]
 [-6.32779312e+00 -3.03198242e+00  4.43154373e+01  2.99832840e+01
   1.00648450e-08  9.00000000e+00]
 [-3.64088058e+00 -3.60409641e+00  4.57329750e+01  3.06160583e+01
   4.34939817e-09  9.00000000e+00]]
2026-05-21 15:47:14 [DEBUG] 处理后检测输出形状: (0, 52)
2026-05-21 15:47:14 [DEBUG] 有效检测数量: 0
2026-05-21 15:47:14 [DEBUG] 检测输出为空
2026-05-21 15:47:14 [INFO] 掩码中检测到的类别: [0, 1, 2, 3, 4, 5, 6, 7, 8, 9, 10, 11, 12, 13, 15]
2026-05-21 15:47:14 [INFO] 分割完成，检测到 0 个物体
2026-05-21 15:47:14 [INFO] 从分割掩码中提取检测结果
2026-05-21 15:47:14 [INFO] 从掩码中提取了 462 个检测框
2026-05-21 15:47:14 [INFO] 检测到车兜区域，将过滤区域外的目标
2026-05-21 15:47:14 [INFO] 车兜区域过滤: 462 -> 167 个目标
2026-05-21 15:47:15 [INFO] 保存分割和检测结果到: C:\code\show\Scrap_Steel_In_Field\photos\segmentation\segment_20260521_154714.jpg
2026-05-21 15:47:15 [INFO] JSON结果保存到: C:\code\show\Scrap_Steel_In_Field\photos\segmentation_result.json
2026-05-21 15:47:15 [INFO] 类别统计：{1: 396664, 2: 32112, 3: 1080, 4: 10152, 5: 65196, 6: 56844, 7: 25848, 8: 23724, 9: 44964, 10: 83232, 11: 252, 12: 123469, 13: 13214, 15: 9720}
2026-05-21 15:47:15 [INFO] 面积统计：{1: np.float64(396664.0), 2: np.float64(32112.0), 3: np.float64(1080.0), 4: np.float64(10152.0), 5: np.float64(65196.0), 6: np.float64(56844.0), 7: np.float64(25848.0), 8: np.float64(23724.0), 9: np.float64(44964.0), 10: np.float64(83232.0), 11: np.float64(252.0), 12: np.float64(123469.0), 13: np.float64(13214.0), 15: np.float64(9720.0)}
2026-05-21 15:47:15 [INFO] 分割成功
2026-05-21 15:47:15 [INFO] 引擎上下文已释放
2026-05-21 15:47:15 [INFO] TensorRT 引擎已释放
2026-05-21 15:47:15 [INFO] 全局 CUDA 资源已释放
2026-05-21 15:47:15 [INFO] 分割系统资源已释放
2026-05-21 15:47:19 [INFO] CUDA 初始化成功
2026-05-21 15:47:20 [INFO] 引擎加载成功: scrap_steel.engine
2026-05-21 15:47:20 [INFO] 分割系统初始化成功
2026-05-21 15:47:20 [INFO] 图像预处理完成，原始尺寸: (2160, 3840)
2026-05-21 15:47:20 [INFO] 开始执行分割...
2026-05-21 15:47:20 [DEBUG] 处理后的检测结果形状: (1, 8400, 6)
2026-05-21 15:47:20 [DEBUG] 示例检测结果: [[-4.03898239e+00 -3.27654076e+00  3.88918457e+01  1.55298576e+01
   4.42750263e-08  5.00000000e+00]
 [-6.28501511e+00 -3.01888466e+00  4.41912498e+01  2.99006901e+01
   9.91897764e-09  9.00000000e+00]
 [-3.63044357e+00 -3.60271454e+00  4.56308136e+01  3.05191956e+01
   4.24319069e-09  9.00000000e+00]]
2026-05-21 15:47:20 [DEBUG] 处理后检测输出形状: (0, 52)
2026-05-21 15:47:20 [DEBUG] 有效检测数量: 0
2026-05-21 15:47:20 [DEBUG] 检测输出为空
2026-05-21 15:47:20 [INFO] 掩码中检测到的类别: [0, 1, 2, 3, 4, 5, 6, 7, 8, 9, 10, 11, 12, 13, 15]
2026-05-21 15:47:20 [INFO] 分割完成，检测到 0 个物体
2026-05-21 15:47:20 [INFO] 从分割掩码中提取检测结果
2026-05-21 15:47:20 [INFO] 从掩码中提取了 465 个检测框
2026-05-21 15:47:20 [INFO] 检测到车兜区域，将过滤区域外的目标
2026-05-21 15:47:20 [INFO] 车兜区域过滤: 465 -> 172 个目标
2026-05-21 15:47:21 [INFO] 保存分割和检测结果到: C:\code\show\Scrap_Steel_In_Field\photos\segmentation\segment_20260521_154720.jpg
2026-05-21 15:47:21 [INFO] JSON结果保存到: C:\code\show\Scrap_Steel_In_Field\photos\segmentation_result.json
2026-05-21 15:47:21 [INFO] 类别统计：{1: 390080, 2: 32472, 3: 72, 4: 11880, 5: 66528, 6: 49512, 7: 27792, 8: 21276, 9: 41958, 10: 88308, 11: 684, 12: 107539, 13: 15067, 15: 8316}
2026-05-21 15:47:21 [INFO] 面积统计：{1: np.float64(390080.0), 2: np.float64(32472.0), 3: np.float64(72.0), 4: np.float64(11880.0), 5: np.float64(66528.0), 6: np.float64(49512.0), 7: np.float64(27792.0), 8: np.float64(21276.0), 9: np.float64(41958.0), 10: np.float64(88308.0), 11: np.float64(684.0), 12: np.float64(107539.0), 13: np.float64(15067.0), 15: np.float64(8316.0)}
2026-05-21 15:47:21 [INFO] 分割成功
2026-05-21 15:47:21 [INFO] 引擎上下文已释放
2026-05-21 15:47:21 [INFO] TensorRT 引擎已释放
2026-05-21 15:47:21 [INFO] 全局 CUDA 资源已释放
2026-05-21 15:47:21 [INFO] 分割系统资源已释放
2026-05-21 15:47:24 [INFO] CUDA 初始化成功
2026-05-21 15:47:24 [INFO] 引擎加载成功: scrap_steel.engine
2026-05-21 15:47:24 [INFO] 分割系统初始化成功
2026-05-21 15:47:25 [INFO] 图像预处理完成，原始尺寸: (2160, 3840)
2026-05-21 15:47:25 [INFO] 开始执行分割...
2026-05-21 15:47:25 [DEBUG] 处理后的检测结果形状: (1, 8400, 6)
2026-05-21 15:47:25 [DEBUG] 示例检测结果: [[-4.04099274e+00 -3.27769756e+00  3.88705521e+01  1.55881357e+01
   4.35659437e-08  5.00000000e+00]
 [-6.32053757e+00 -3.00715923e+00  4.42839699e+01  2.99641762e+01
   9.77672343e-09  9.00000000e+00]
 [-3.62604523e+00 -3.53557587e+00  4.56364136e+01  3.04665451e+01
   4.24648761e-09  9.00000000e+00]]
2026-05-21 15:47:25 [DEBUG] 处理后检测输出形状: (0, 52)
2026-05-21 15:47:25 [DEBUG] 有效检测数量: 0
2026-05-21 15:47:25 [DEBUG] 检测输出为空
2026-05-21 15:47:25 [INFO] 掩码中检测到的类别: [0, 1, 2, 3, 4, 5, 6, 7, 8, 9, 10, 11, 12, 13, 15]
2026-05-21 15:47:25 [INFO] 分割完成，检测到 0 个物体
2026-05-21 15:47:25 [INFO] 从分割掩码中提取检测结果
2026-05-21 15:47:25 [INFO] 从掩码中提取了 441 个检测框
2026-05-21 15:47:25 [INFO] 检测到车兜区域，将过滤区域外的目标
2026-05-21 15:47:25 [INFO] 车兜区域过滤: 441 -> 152 个目标
2026-05-21 15:47:26 [INFO] 保存分割和检测结果到: C:\code\show\Scrap_Steel_In_Field\photos\segmentation\segment_20260521_154725.jpg
2026-05-21 15:47:26 [INFO] JSON结果保存到: C:\code\show\Scrap_Steel_In_Field\photos\segmentation_result.json
2026-05-21 15:47:26 [INFO] 类别统计：{1: 401611, 2: 38340, 3: 180, 4: 9936, 5: 62928, 6: 59616, 7: 21708, 8: 20916, 9: 44409, 10: 85608, 11: 684, 12: 106264, 13: 13493, 15: 9900}
2026-05-21 15:47:26 [INFO] 面积统计：{1: np.float64(401611.0), 2: np.float64(38340.0), 3: np.float64(180.0), 4: np.float64(9936.0), 5: np.float64(62928.0), 6: np.float64(59616.0), 7: np.float64(21708.0), 8: np.float64(20916.0), 9: np.float64(44409.0), 10: np.float64(85608.0), 11: np.float64(684.0), 12: np.float64(106264.0), 13: np.float64(13493.0), 15: np.float64(9900.0)}
2026-05-21 15:47:26 [INFO] 分割成功
2026-05-21 15:47:26 [INFO] 引擎上下文已释放
2026-05-21 15:47:26 [INFO] TensorRT 引擎已释放
2026-05-21 15:47:26 [INFO] 全局 CUDA 资源已释放
2026-05-21 15:47:26 [INFO] 分割系统资源已释放
2026-05-21 15:47:30 [INFO] CUDA 初始化成功
2026-05-21 15:47:30 [INFO] 引擎加载成功: scrap_steel.engine
2026-05-21 15:47:30 [INFO] 分割系统初始化成功
2026-05-21 15:47:30 [INFO] 图像预处理完成，原始尺寸: (2160, 3840)
2026-05-21 15:47:30 [INFO] 开始执行分割...
2026-05-21 15:47:30 [DEBUG] 处理后的检测结果形状: (1, 8400, 6)
2026-05-21 15:47:30 [DEBUG] 示例检测结果: [[-4.03948975e+00 -3.29541922e+00  3.87670250e+01  1.56586590e+01
   4.51478854e-08  5.00000000e+00]
 [-6.31982803e+00 -3.03862667e+00  4.40819283e+01  2.99165382e+01
   9.99725103e-09  9.00000000e+00]
 [-3.63883972e+00 -3.60235786e+00  4.56347504e+01  3.05389233e+01
   4.30559055e-09  9.00000000e+00]]
2026-05-21 15:47:30 [DEBUG] 处理后检测输出形状: (0, 52)
2026-05-21 15:47:30 [DEBUG] 有效检测数量: 0
2026-05-21 15:47:30 [DEBUG] 检测输出为空
2026-05-21 15:47:30 [INFO] 掩码中检测到的类别: [0, 1, 2, 3, 4, 5, 6, 7, 8, 9, 10, 11, 12, 13, 15]
2026-05-21 15:47:30 [INFO] 分割完成，检测到 0 个物体
2026-05-21 15:47:30 [INFO] 从分割掩码中提取检测结果
2026-05-21 15:47:30 [INFO] 从掩码中提取了 512 个检测框
2026-05-21 15:47:30 [INFO] 检测到车兜区域，将过滤区域外的目标
2026-05-21 15:47:30 [INFO] 车兜区域过滤: 512 -> 186 个目标
2026-05-21 15:47:31 [INFO] 保存分割和检测结果到: C:\code\show\Scrap_Steel_In_Field\photos\segmentation\segment_20260521_154730.jpg
2026-05-21 15:47:31 [INFO] JSON结果保存到: C:\code\show\Scrap_Steel_In_Field\photos\segmentation_result.json
2026-05-21 15:47:31 [INFO] 类别统计：{1: 409837, 2: 35892, 3: 72, 4: 10188, 5: 66420, 6: 47052, 7: 27072, 8: 20124, 9: 51287, 10: 89604, 11: 252, 12: 109768, 13: 15024, 15: 7956}
2026-05-21 15:47:31 [INFO] 面积统计：{1: np.float64(409837.0), 2: np.float64(35892.0), 3: np.float64(72.0), 4: np.float64(10188.0), 5: np.float64(66420.0), 6: np.float64(47052.0), 7: np.float64(27072.0), 8: np.float64(20124.0), 9: np.float64(51287.0), 10: np.float64(89604.0), 11: np.float64(252.0), 12: np.float64(109768.0), 13: np.float64(15024.0), 15: np.float64(7956.0)}
2026-05-21 15:47:31 [INFO] 分割成功
2026-05-21 15:47:31 [INFO] 引擎上下文已释放
2026-05-21 15:47:31 [INFO] TensorRT 引擎已释放
2026-05-21 15:47:31 [INFO] 全局 CUDA 资源已释放
2026-05-21 15:47:31 [INFO] 分割系统资源已释放
2026-05-21 15:47:35 [INFO] CUDA 初始化成功
2026-05-21 15:47:36 [INFO] 引擎加载成功: scrap_steel.engine
2026-05-21 15:47:36 [INFO] 分割系统初始化成功
2026-05-21 15:47:36 [INFO] 图像预处理完成，原始尺寸: (2160, 3840)
2026-05-21 15:47:36 [INFO] 开始执行分割...
2026-05-21 15:47:36 [DEBUG] 处理后的检测结果形状: (1, 8400, 6)
2026-05-21 15:47:36 [DEBUG] 示例检测结果: [[-4.05603027e+00 -3.28849697e+00  3.89059677e+01  1.55719061e+01
   4.40944490e-08  5.00000000e+00]
 [-6.30527115e+00 -3.04296017e+00  4.42845497e+01  2.99648705e+01
   9.84604398e-09  9.00000000e+00]
 [-3.63076019e+00 -3.60359859e+00  4.56757660e+01  3.05832138e+01
   4.22829771e-09  9.00000000e+00]]
2026-05-21 15:47:36 [DEBUG] 处理后检测输出形状: (0, 52)
2026-05-21 15:47:36 [DEBUG] 有效检测数量: 0
2026-05-21 15:47:36 [DEBUG] 检测输出为空
2026-05-21 15:47:36 [INFO] 掩码中检测到的类别: [0, 1, 2, 3, 4, 5, 6, 7, 8, 9, 10, 11, 12, 13, 15]
2026-05-21 15:47:36 [INFO] 分割完成，检测到 0 个物体
2026-05-21 15:47:36 [INFO] 从分割掩码中提取检测结果
2026-05-21 15:47:36 [INFO] 从掩码中提取了 432 个检测框
2026-05-21 15:47:36 [INFO] 检测到车兜区域，将过滤区域外的目标
2026-05-21 15:47:36 [INFO] 车兜区域过滤: 432 -> 156 个目标
2026-05-21 15:47:37 [INFO] 保存分割和检测结果到: C:\code\show\Scrap_Steel_In_Field\photos\segmentation\segment_20260521_154736.jpg
2026-05-21 15:47:37 [INFO] JSON结果保存到: C:\code\show\Scrap_Steel_In_Field\photos\segmentation_result.json
2026-05-21 15:47:37 [INFO] 类别统计：{1: 391053, 2: 35172, 3: 1224, 4: 9072, 5: 62208, 6: 54504, 7: 29340, 8: 22716, 9: 37903, 10: 88308, 11: 108, 12: 118535, 13: 12854, 15: 8964}
2026-05-21 15:47:37 [INFO] 面积统计：{1: np.float64(391053.0), 2: np.float64(35172.0), 3: np.float64(1224.0), 4: np.float64(9072.0), 5: np.float64(62208.0), 6: np.float64(54504.0), 7: np.float64(29340.0), 8: np.float64(22716.0), 9: np.float64(37903.0), 10: np.float64(88308.0), 11: np.float64(108.0), 12: np.float64(118535.0), 13: np.float64(12854.0), 15: np.float64(8964.0)}
2026-05-21 15:47:37 [INFO] 分割成功
2026-05-21 15:47:37 [INFO] 引擎上下文已释放
2026-05-21 15:47:37 [INFO] TensorRT 引擎已释放
2026-05-21 15:47:37 [INFO] 全局 CUDA 资源已释放
2026-05-21 15:47:37 [INFO] 分割系统资源已释放
