2026-06-05 08:48:30 [INFO] CUDA 初始化成功
2026-06-05 08:48:30 [INFO] 引擎加载成功: scrap_steel.engine
2026-06-05 08:48:30 [INFO] 分割系统初始化成功
2026-06-05 08:48:33 [INFO] 引擎加载成功: scrap_steel.engine
2026-06-05 08:48:33 [INFO] 分割系统初始化成功
2026-06-05 08:48:33 [INFO] 图像预处理完成，原始尺寸: (2160, 3840)
2026-06-05 08:48:33 [INFO] 开始执行分割...
2026-06-05 08:48:33 [ERROR] 推理过程发生异常: explicit_context_dependent failed: invalid device context - no currently active context?
2026-06-05 08:48:33 [INFO] 分割完成，检测到 0 个物体
2026-06-05 08:48:33 [ERROR] 保存结果失败: 'NoneType' object has no attribute 'astype'
2026-06-05 08:48:33 [ERROR] 分割失败: 未能生成有效的分割掩码
2026-06-05 08:48:33 [INFO] 引擎上下文已释放
2026-06-05 08:48:33 [INFO] TensorRT 引擎已释放
2026-06-05 08:48:33 [INFO] 全局 CUDA 资源已释放
2026-06-05 08:48:33 [INFO] 分割系统资源已释放
2026-06-05 08:48:38 [INFO] CUDA 初始化成功
2026-06-05 08:48:38 [INFO] 引擎加载成功: scrap_steel.engine
2026-06-05 08:48:38 [INFO] 分割系统初始化成功
2026-06-05 08:48:38 [INFO] 图像预处理完成，原始尺寸: (2160, 3840)
2026-06-05 08:48:38 [INFO] 开始执行分割...
2026-06-05 08:48:38 [DEBUG] 处理后的检测结果形状: (1, 8400, 6)
2026-06-05 08:48:38 [DEBUG] 示例检测结果: [[-4.32295227e+00 -3.33496475e+00  4.05596695e+01  1.65218353e+01
   3.68061457e-08  5.00000000e+00]
 [-6.45076752e+00 -3.05652809e+00  4.53854561e+01  3.11951122e+01
   9.40844203e-09  9.00000000e+00]
 [-3.38365936e+00 -3.30284500e+00  4.61623383e+01  3.12348785e+01
   4.37913705e-09  9.00000000e+00]]
2026-06-05 08:48:38 [DEBUG] 处理后检测输出形状: (0, 52)
2026-06-05 08:48:38 [DEBUG] 有效检测数量: 0
2026-06-05 08:48:38 [DEBUG] 检测输出为空
2026-06-05 08:48:39 [INFO] 掩码中检测到的类别: [0, 1, 2, 3, 4, 5, 6, 7, 8, 9, 10, 11, 12, 13, 15]
2026-06-05 08:48:39 [INFO] 分割完成，检测到 0 个物体
2026-06-05 08:48:39 [INFO] 从分割掩码中提取检测结果
2026-06-05 08:48:39 [INFO] 从掩码中提取了 517 个检测框
2026-06-05 08:48:39 [ERROR] 保存结果失败: 'NoneType' object has no attribute 'astype'
2026-06-05 08:48:39 [INFO] 分割成功
2026-06-05 08:48:39 [INFO] 引擎上下文已释放
2026-06-05 08:48:39 [INFO] TensorRT 引擎已释放
2026-06-05 08:48:39 [INFO] 全局 CUDA 资源已释放
2026-06-05 08:48:39 [INFO] 分割系统资源已释放
2026-06-05 08:48:46 [INFO] CUDA 初始化成功
2026-06-05 08:48:46 [INFO] 引擎加载成功: scrap_steel.engine
2026-06-05 08:48:46 [INFO] 分割系统初始化成功
2026-06-05 08:48:46 [INFO] 图像预处理完成，原始尺寸: (2160, 3840)
2026-06-05 08:48:46 [INFO] 开始执行分割...
2026-06-05 08:48:46 [DEBUG] 处理后的检测结果形状: (1, 8400, 6)
2026-06-05 08:48:46 [DEBUG] 示例检测结果: [[-4.20500946e+00 -3.26137972e+00  3.99273567e+01  1.60611534e+01
   3.59651082e-08  5.00000000e+00]
 [-6.35263824e+00 -3.04277706e+00  4.49712219e+01  3.07556114e+01
   9.57413349e-09  9.00000000e+00]
 [-3.36170197e+00 -3.25219154e+00  4.58729134e+01  3.08262119e+01
   4.57581262e-09  9.00000000e+00]]
2026-06-05 08:48:46 [DEBUG] 处理后检测输出形状: (0, 52)
2026-06-05 08:48:46 [DEBUG] 有效检测数量: 0
2026-06-05 08:48:46 [DEBUG] 检测输出为空
2026-06-05 08:48:46 [INFO] 掩码中检测到的类别: [0, 1, 2, 3, 4, 5, 6, 7, 8, 9, 10, 11, 12, 13, 15]
2026-06-05 08:48:46 [INFO] 分割完成，检测到 0 个物体
2026-06-05 08:48:46 [INFO] 从分割掩码中提取检测结果
2026-06-05 08:48:46 [INFO] 从掩码中提取了 480 个检测框
2026-06-05 08:48:46 [ERROR] 保存结果失败: 'NoneType' object has no attribute 'astype'
2026-06-05 08:48:46 [INFO] 分割成功
2026-06-05 08:48:46 [INFO] 引擎上下文已释放
2026-06-05 08:48:46 [INFO] TensorRT 引擎已释放
2026-06-05 08:48:46 [INFO] 全局 CUDA 资源已释放
2026-06-05 08:48:46 [INFO] 分割系统资源已释放
2026-06-05 08:48:50 [INFO] CUDA 初始化成功
2026-06-05 08:48:50 [INFO] 引擎加载成功: scrap_steel.engine
2026-06-05 08:48:50 [INFO] 分割系统初始化成功
2026-06-05 08:48:50 [INFO] 图像预处理完成，原始尺寸: (2160, 3840)
2026-06-05 08:48:50 [INFO] 开始执行分割...
2026-06-05 08:48:50 [DEBUG] 处理后的检测结果形状: (1, 8400, 6)
2026-06-05 08:48:50 [DEBUG] 示例检测结果: [[-4.16400909e+00 -3.24814987e+00  4.01401367e+01  1.57041645e+01
   3.79876006e-08  5.00000000e+00]
 [-6.36325073e+00 -2.96842575e+00  4.49815636e+01  3.03619957e+01
   9.78296555e-09  9.00000000e+00]
 [-3.45164871e+00 -3.30160713e+00  4.59629898e+01  3.07010670e+01
   4.62296157e-09  9.00000000e+00]]
2026-06-05 08:48:50 [DEBUG] 处理后检测输出形状: (0, 52)
2026-06-05 08:48:50 [DEBUG] 有效检测数量: 0
2026-06-05 08:48:50 [DEBUG] 检测输出为空
2026-06-05 08:48:50 [INFO] 掩码中检测到的类别: [0, 1, 2, 3, 4, 5, 6, 7, 8, 9, 10, 11, 12, 13, 15]
2026-06-05 08:48:50 [INFO] 分割完成，检测到 0 个物体
2026-06-05 08:48:50 [INFO] 从分割掩码中提取检测结果
2026-06-05 08:48:51 [INFO] 从掩码中提取了 522 个检测框
2026-06-05 08:48:51 [ERROR] 保存结果失败: 'NoneType' object has no attribute 'astype'
2026-06-05 08:48:51 [INFO] 分割成功
2026-06-05 08:48:51 [INFO] 引擎上下文已释放
2026-06-05 08:48:51 [INFO] TensorRT 引擎已释放
2026-06-05 08:48:51 [INFO] 全局 CUDA 资源已释放
2026-06-05 08:48:51 [INFO] 分割系统资源已释放
2026-06-05 08:48:55 [INFO] CUDA 初始化成功
2026-06-05 08:48:55 [INFO] 引擎加载成功: scrap_steel.engine
2026-06-05 08:48:55 [INFO] 分割系统初始化成功
2026-06-05 08:48:55 [INFO] 图像预处理完成，原始尺寸: (2160, 3840)
2026-06-05 08:48:55 [INFO] 开始执行分割...
2026-06-05 08:48:56 [DEBUG] 处理后的检测结果形状: (1, 8400, 6)
2026-06-05 08:48:56 [DEBUG] 示例检测结果: [[-4.17443848e+00 -3.24875784e+00  4.02329559e+01  1.59497509e+01
   4.34300631e-08  5.00000000e+00]
 [-6.33982849e+00 -2.95538044e+00  4.50336304e+01  3.05744820e+01
   1.03080922e-08  9.00000000e+00]
 [-3.39314651e+00 -3.27114391e+00  4.60517502e+01  3.09576759e+01
   4.91168350e-09  9.00000000e+00]]
2026-06-05 08:48:56 [DEBUG] 处理后检测输出形状: (0, 52)
2026-06-05 08:48:56 [DEBUG] 有效检测数量: 0
2026-06-05 08:48:56 [DEBUG] 检测输出为空
2026-06-05 08:48:56 [INFO] 掩码中检测到的类别: [0, 1, 2, 3, 4, 5, 6, 7, 8, 9, 10, 11, 12, 13, 15]
2026-06-05 08:48:56 [INFO] 分割完成，检测到 0 个物体
2026-06-05 08:48:56 [INFO] 从分割掩码中提取检测结果
2026-06-05 08:48:56 [INFO] 从掩码中提取了 497 个检测框
2026-06-05 08:48:56 [ERROR] 保存结果失败: 'NoneType' object has no attribute 'astype'
2026-06-05 08:48:56 [INFO] 分割成功
2026-06-05 08:48:56 [INFO] 引擎上下文已释放
2026-06-05 08:48:56 [INFO] TensorRT 引擎已释放
2026-06-05 08:48:56 [INFO] 全局 CUDA 资源已释放
2026-06-05 08:48:56 [INFO] 分割系统资源已释放
2026-06-05 08:49:01 [INFO] CUDA 初始化成功
2026-06-05 08:49:01 [INFO] 引擎加载成功: scrap_steel.engine
2026-06-05 08:49:01 [INFO] 分割系统初始化成功
2026-06-05 08:49:01 [INFO] 图像预处理完成，原始尺寸: (2160, 3840)
2026-06-05 08:49:01 [INFO] 开始执行分割...
2026-06-05 08:49:01 [DEBUG] 处理后的检测结果形状: (1, 8400, 6)
2026-06-05 08:49:01 [DEBUG] 示例检测结果: [[-4.09163666e+00 -3.14632893e+00  4.09623756e+01  1.54701185e+01
   3.78398539e-08  5.00000000e+00]
 [-6.31235123e+00 -2.80239677e+00  4.55137596e+01  3.01232052e+01
   9.93347271e-09  9.00000000e+00]
 [-3.38862991e+00 -3.08519077e+00  4.59668350e+01  3.05646667e+01
   4.80199347e-09  9.00000000e+00]]
2026-06-05 08:49:01 [DEBUG] 处理后检测输出形状: (0, 52)
2026-06-05 08:49:01 [DEBUG] 有效检测数量: 0
2026-06-05 08:49:01 [DEBUG] 检测输出为空
2026-06-05 08:49:01 [INFO] 掩码中检测到的类别: [0, 1, 2, 3, 4, 5, 6, 7, 8, 9, 10, 11, 12, 13, 15]
2026-06-05 08:49:01 [INFO] 分割完成，检测到 0 个物体
2026-06-05 08:49:01 [INFO] 从分割掩码中提取检测结果
2026-06-05 08:49:01 [INFO] 从掩码中提取了 499 个检测框
2026-06-05 08:49:01 [ERROR] 保存结果失败: 'NoneType' object has no attribute 'astype'
2026-06-05 08:49:01 [INFO] 分割成功
2026-06-05 08:49:01 [INFO] 引擎上下文已释放
2026-06-05 08:49:01 [INFO] TensorRT 引擎已释放
2026-06-05 08:49:01 [INFO] 全局 CUDA 资源已释放
2026-06-05 08:49:01 [INFO] 分割系统资源已释放
2026-06-05 08:49:06 [INFO] CUDA 初始化成功
2026-06-05 08:49:06 [INFO] 引擎加载成功: scrap_steel.engine
2026-06-05 08:49:06 [INFO] 分割系统初始化成功
2026-06-05 08:49:06 [INFO] 图像预处理完成，原始尺寸: (2160, 3840)
2026-06-05 08:49:06 [INFO] 开始执行分割...
2026-06-05 08:49:06 [DEBUG] 处理后的检测结果形状: (1, 8400, 6)
2026-06-05 08:49:06 [DEBUG] 示例检测结果: [[-4.01612854e+00 -3.20176220e+00  4.03139648e+01  1.54073038e+01
   3.79907732e-08  5.00000000e+00]
 [-6.28386688e+00 -2.88362885e+00  4.56266937e+01  3.03003311e+01
   9.62457491e-09  9.00000000e+00]
 [-3.44202042e+00 -3.18316078e+00  4.62209740e+01  3.08291950e+01
   4.65862016e-09  9.00000000e+00]]
2026-06-05 08:49:06 [DEBUG] 处理后检测输出形状: (0, 52)
2026-06-05 08:49:06 [DEBUG] 有效检测数量: 0
2026-06-05 08:49:06 [DEBUG] 检测输出为空
2026-06-05 08:49:06 [INFO] 掩码中检测到的类别: [0, 1, 2, 3, 4, 5, 6, 7, 8, 9, 10, 11, 12, 13, 15]
2026-06-05 08:49:06 [INFO] 分割完成，检测到 0 个物体
2026-06-05 08:49:06 [INFO] 从分割掩码中提取检测结果
2026-06-05 08:49:06 [INFO] 从掩码中提取了 469 个检测框
2026-06-05 08:49:06 [ERROR] 保存结果失败: 'NoneType' object has no attribute 'astype'
2026-06-05 08:49:06 [INFO] 分割成功
2026-06-05 08:49:06 [INFO] 引擎上下文已释放
2026-06-05 08:49:06 [INFO] TensorRT 引擎已释放
2026-06-05 08:49:06 [INFO] 全局 CUDA 资源已释放
2026-06-05 08:49:06 [INFO] 分割系统资源已释放
2026-06-05 08:49:11 [INFO] CUDA 初始化成功
2026-06-05 08:49:11 [INFO] 引擎加载成功: scrap_steel.engine
2026-06-05 08:49:11 [INFO] 分割系统初始化成功
2026-06-05 08:49:11 [INFO] 图像预处理完成，原始尺寸: (2160, 3840)
2026-06-05 08:49:11 [INFO] 开始执行分割...
2026-06-05 08:49:11 [DEBUG] 处理后的检测结果形状: (1, 8400, 6)
2026-06-05 08:49:11 [DEBUG] 示例检测结果: [[-3.97617722e+00 -3.20938540e+00  3.90820503e+01  1.49720459e+01
   3.48612232e-08  5.00000000e+00]
 [-6.23334122e+00 -3.00742435e+00  4.48082886e+01  2.94996033e+01
   8.72921735e-09  9.00000000e+00]
 [-3.44598007e+00 -3.35211849e+00  4.58378143e+01  3.01766510e+01
   4.11920098e-09  9.00000000e+00]]
2026-06-05 08:49:11 [DEBUG] 处理后检测输出形状: (0, 52)
2026-06-05 08:49:11 [DEBUG] 有效检测数量: 0
2026-06-05 08:49:11 [DEBUG] 检测输出为空
2026-06-05 08:49:11 [INFO] 掩码中检测到的类别: [0, 1, 2, 3, 4, 5, 6, 7, 8, 9, 10, 11, 12, 13, 15]
2026-06-05 08:49:11 [INFO] 分割完成，检测到 0 个物体
2026-06-05 08:49:11 [INFO] 从分割掩码中提取检测结果
2026-06-05 08:49:11 [INFO] 从掩码中提取了 470 个检测框
2026-06-05 08:49:11 [INFO] 计算出的车框矩形边界: (1030, 618) to (3180, 1516)
2026-06-05 08:49:11 [INFO] 原始检测数: 470, 过滤后检测数: 188
2026-06-05 08:49:12 [INFO] 保存分割和检测结果到: C:\code\show\Scrap_Steel_In_Field\photos\segmentation\segment_20260605_084911.jpg
2026-06-05 08:49:12 [INFO] JSON结果保存到: C:\code\show\Scrap_Steel_In_Field\photos\segmentation_result.json
2026-06-05 08:49:12 [INFO] 类别统计：{0: 25, 1: 51, 2: 29, 3: 10, 4: 31, 5: 26, 6: 26, 7: 25, 8: 47, 9: 55, 10: 29, 11: 15, 12: 21, 13: 63, 14: 0, 15: 17}
2026-06-05 08:49:12 [INFO] 面积统计：{0: 3552840.0, 1: 491436.0, 2: 60408.0, 3: 163692.0, 4: 161100.0, 5: 74628.0, 6: 550656.0, 7: 58824.0, 8: 699156.0, 9: 226188.0, 10: 198036.0, 11: 269208.0, 12: 182340.0, 13: 826200.0, 15: 21852.0}
2026-06-05 08:49:12 [INFO] 分割成功
2026-06-05 08:49:12 [INFO] 引擎上下文已释放
2026-06-05 08:49:12 [INFO] TensorRT 引擎已释放
2026-06-05 08:49:12 [INFO] 全局 CUDA 资源已释放
2026-06-05 08:49:12 [INFO] 分割系统资源已释放
2026-06-05 08:49:16 [INFO] CUDA 初始化成功
2026-06-05 08:49:16 [INFO] 引擎加载成功: scrap_steel.engine
2026-06-05 08:49:16 [INFO] 分割系统初始化成功
2026-06-05 08:49:16 [INFO] 图像预处理完成，原始尺寸: (2160, 3840)
2026-06-05 08:49:16 [INFO] 开始执行分割...
2026-06-05 08:49:16 [DEBUG] 处理后的检测结果形状: (1, 8400, 6)
2026-06-05 08:49:16 [DEBUG] 示例检测结果: [[-4.04185104e+00 -3.19852924e+00  3.87481956e+01  1.50534925e+01
   3.71127307e-08  5.00000000e+00]
 [-6.31353378e+00 -2.99741936e+00  4.44170799e+01  2.96238079e+01
   9.36392297e-09  9.00000000e+00]
 [-3.56223679e+00 -3.43402386e+00  4.59102325e+01  3.02384987e+01
   4.35089920e-09  9.00000000e+00]]
2026-06-05 08:49:16 [DEBUG] 处理后检测输出形状: (0, 52)
2026-06-05 08:49:16 [DEBUG] 有效检测数量: 0
2026-06-05 08:49:16 [DEBUG] 检测输出为空
2026-06-05 08:49:16 [INFO] 掩码中检测到的类别: [0, 1, 2, 3, 4, 5, 6, 7, 8, 9, 10, 11, 12, 13, 15]
2026-06-05 08:49:16 [INFO] 分割完成，检测到 0 个物体
2026-06-05 08:49:16 [INFO] 从分割掩码中提取检测结果
2026-06-05 08:49:16 [INFO] 从掩码中提取了 473 个检测框
2026-06-05 08:49:16 [INFO] 计算出的车框矩形边界: (1029, 620) to (3181, 1515)
2026-06-05 08:49:16 [INFO] 原始检测数: 473, 过滤后检测数: 200
2026-06-05 08:49:17 [INFO] 保存分割和检测结果到: C:\code\show\Scrap_Steel_In_Field\photos\segmentation\segment_20260605_084916.jpg
2026-06-05 08:49:17 [INFO] JSON结果保存到: C:\code\show\Scrap_Steel_In_Field\photos\segmentation_result.json
2026-06-05 08:49:17 [INFO] 类别统计：{0: 14, 1: 60, 2: 29, 3: 3, 4: 28, 5: 31, 6: 18, 7: 24, 8: 56, 9: 65, 10: 25, 11: 13, 12: 24, 13: 63, 14: 0, 15: 20}
2026-06-05 08:49:17 [INFO] 面积统计：{0: 3740508.0, 1: 622260.0, 2: 49248.0, 3: 146196.0, 4: 170568.0, 5: 60336.0, 6: 592668.0, 7: 51408.0, 8: 790776.0, 9: 203328.0, 10: 184932.0, 11: 279972.0, 12: 94140.0, 13: 837072.0, 15: 24120.0}
2026-06-05 08:49:17 [INFO] 分割成功
2026-06-05 08:49:17 [INFO] 引擎上下文已释放
2026-06-05 08:49:17 [INFO] TensorRT 引擎已释放
2026-06-05 08:49:17 [INFO] 全局 CUDA 资源已释放
2026-06-05 08:49:17 [INFO] 分割系统资源已释放
2026-06-05 08:49:21 [INFO] CUDA 初始化成功
2026-06-05 08:49:21 [INFO] 引擎加载成功: scrap_steel.engine
2026-06-05 08:49:21 [INFO] 分割系统初始化成功
2026-06-05 08:49:21 [INFO] 图像预处理完成，原始尺寸: (2160, 3840)
2026-06-05 08:49:21 [INFO] 开始执行分割...
2026-06-05 08:49:21 [DEBUG] 处理后的检测结果形状: (1, 8400, 6)
2026-06-05 08:49:21 [DEBUG] 示例检测结果: [[-4.17173004e+00 -3.29894447e+00  3.93050308e+01  1.54444084e+01
   4.13958681e-08  5.00000000e+00]
 [-6.57265091e+00 -3.06436253e+00  4.46161995e+01  2.99214630e+01
   1.00014397e-08  9.00000000e+00]
 [-3.61788177e+00 -3.51610756e+00  4.59153709e+01  3.04713230e+01
   4.62892569e-09  9.00000000e+00]]
2026-06-05 08:49:21 [DEBUG] 处理后检测输出形状: (0, 52)
2026-06-05 08:49:21 [DEBUG] 有效检测数量: 0
2026-06-05 08:49:21 [DEBUG] 检测输出为空
2026-06-05 08:49:21 [INFO] 掩码中检测到的类别: [0, 1, 2, 3, 4, 5, 6, 7, 8, 9, 10, 11, 12, 13, 15]
2026-06-05 08:49:21 [INFO] 分割完成，检测到 0 个物体
2026-06-05 08:49:21 [INFO] 从分割掩码中提取检测结果
2026-06-05 08:49:22 [INFO] 从掩码中提取了 414 个检测框
2026-06-05 08:49:22 [INFO] 计算出的车框矩形边界: (1032, 619) to (3179, 1516)
2026-06-05 08:49:22 [INFO] 原始检测数: 414, 过滤后检测数: 188
2026-06-05 08:49:23 [INFO] 保存分割和检测结果到: C:\code\show\Scrap_Steel_In_Field\photos\segmentation\segment_20260605_084922.jpg
2026-06-05 08:49:23 [INFO] JSON结果保存到: C:\code\show\Scrap_Steel_In_Field\photos\segmentation_result.json
2026-06-05 08:49:23 [INFO] 类别统计：{0: 11, 1: 50, 2: 23, 3: 1, 4: 21, 5: 27, 6: 16, 7: 21, 8: 47, 9: 59, 10: 27, 11: 14, 12: 23, 13: 56, 14: 0, 15: 18}
2026-06-05 08:49:23 [INFO] 面积统计：{0: 3599280.0, 1: 723024.0, 2: 41868.0, 3: 133704.0, 4: 159300.0, 5: 40896.0, 6: 538092.0, 7: 53964.0, 8: 894924.0, 9: 191448.0, 10: 163008.0, 11: 299196.0, 12: 109908.0, 13: 822996.0, 15: 24948.0}
2026-06-05 08:49:23 [INFO] 分割成功
2026-06-05 08:49:23 [INFO] 引擎上下文已释放
2026-06-05 08:49:23 [INFO] TensorRT 引擎已释放
2026-06-05 08:49:23 [INFO] 全局 CUDA 资源已释放
2026-06-05 08:49:23 [INFO] 分割系统资源已释放
2026-06-05 08:49:26 [INFO] CUDA 初始化成功
2026-06-05 08:49:27 [INFO] 引擎加载成功: scrap_steel.engine
2026-06-05 08:49:27 [INFO] 分割系统初始化成功
2026-06-05 08:49:27 [INFO] 图像预处理完成，原始尺寸: (2160, 3840)
2026-06-05 08:49:27 [INFO] 开始执行分割...
2026-06-05 08:49:27 [DEBUG] 处理后的检测结果形状: (1, 8400, 6)
2026-06-05 08:49:27 [DEBUG] 示例检测结果: [[-4.12762833e+00 -3.25858879e+00  3.92180634e+01  1.52835827e+01
   4.10838723e-08  5.00000000e+00]
 [-6.56867218e+00 -3.04389000e+00  4.45807114e+01  2.97780972e+01
   9.85609461e-09  9.00000000e+00]
 [-3.62301636e+00 -3.54591179e+00  4.59424591e+01  3.05138683e+01
   4.58259564e-09  9.00000000e+00]]
2026-06-05 08:49:27 [DEBUG] 处理后检测输出形状: (1, 52)
2026-06-05 08:49:27 [DEBUG] 有效检测数量: 1
2026-06-05 08:49:27 [DEBUG] 最大置信度: 0.0515, 平均置信度: 0.0515
2026-06-05 08:49:27 [INFO] 掩码中检测到的类别: [0, 1, 2, 3, 4, 5, 6, 7, 8, 9, 10, 11, 12, 13, 15]
2026-06-05 08:49:27 [INFO] 分割完成，检测到 0 个物体
2026-06-05 08:49:27 [INFO] 从分割掩码中提取检测结果
2026-06-05 08:49:27 [INFO] 从掩码中提取了 427 个检测框
2026-06-05 08:49:27 [INFO] 计算出的车框矩形边界: (1032, 620) to (3179, 1516)
2026-06-05 08:49:27 [INFO] 原始检测数: 427, 过滤后检测数: 193
2026-06-05 08:49:28 [INFO] 保存分割和检测结果到: C:\code\show\Scrap_Steel_In_Field\photos\segmentation\segment_20260605_084927.jpg
2026-06-05 08:49:28 [INFO] JSON结果保存到: C:\code\show\Scrap_Steel_In_Field\photos\segmentation_result.json
2026-06-05 08:49:28 [INFO] 类别统计：{0: 18, 1: 55, 2: 19, 3: 1, 4: 23, 5: 32, 6: 15, 7: 21, 8: 54, 9: 64, 10: 25, 11: 15, 12: 19, 13: 50, 14: 0, 15: 16}
2026-06-05 08:49:28 [INFO] 面积统计：{0: 3620988.0, 1: 709452.0, 2: 43524.0, 3: 137340.0, 4: 173520.0, 5: 39888.0, 6: 554868.0, 7: 45288.0, 8: 905868.0, 9: 228816.0, 10: 169452.0, 11: 327564.0, 12: 113868.0, 13: 821988.0, 15: 18396.0}
2026-06-05 08:49:28 [INFO] 分割成功
2026-06-05 08:49:28 [INFO] 引擎上下文已释放
2026-06-05 08:49:28 [INFO] TensorRT 引擎已释放
2026-06-05 08:49:28 [INFO] 全局 CUDA 资源已释放
2026-06-05 08:49:28 [INFO] 分割系统资源已释放
2026-06-05 08:49:32 [INFO] CUDA 初始化成功
2026-06-05 08:49:32 [INFO] 引擎加载成功: scrap_steel.engine
2026-06-05 08:49:32 [INFO] 分割系统初始化成功
2026-06-05 08:49:32 [INFO] 图像预处理完成，原始尺寸: (2160, 3840)
2026-06-05 08:49:32 [INFO] 开始执行分割...
2026-06-05 08:49:32 [DEBUG] 处理后的检测结果形状: (1, 8400, 6)
2026-06-05 08:49:32 [DEBUG] 示例检测结果: [[-4.10673523e+00 -3.23190880e+00  3.92662659e+01  1.51710835e+01
   4.07512033e-08  5.00000000e+00]
 [-6.49604034e+00 -3.00941467e+00  4.46738777e+01  2.97064171e+01
   9.77918546e-09  9.00000000e+00]
 [-3.57479477e+00 -3.46269131e+00  4.59170799e+01  3.04943810e+01
   4.52915572e-09  9.00000000e+00]]
2026-06-05 08:49:32 [DEBUG] 处理后检测输出形状: (0, 52)
2026-06-05 08:49:32 [DEBUG] 有效检测数量: 0
2026-06-05 08:49:32 [DEBUG] 检测输出为空
2026-06-05 08:49:32 [INFO] 掩码中检测到的类别: [0, 1, 2, 3, 4, 5, 6, 7, 8, 9, 10, 11, 12, 13, 15]
2026-06-05 08:49:32 [INFO] 分割完成，检测到 0 个物体
2026-06-05 08:49:32 [INFO] 从分割掩码中提取检测结果
2026-06-05 08:49:32 [INFO] 从掩码中提取了 423 个检测框
2026-06-05 08:49:32 [INFO] 计算出的车框矩形边界: (1029, 619) to (3181, 1515)
2026-06-05 08:49:32 [INFO] 原始检测数: 423, 过滤后检测数: 200
2026-06-05 08:49:33 [INFO] 保存分割和检测结果到: C:\code\show\Scrap_Steel_In_Field\photos\segmentation\segment_20260605_084932.jpg
2026-06-05 08:49:33 [INFO] JSON结果保存到: C:\code\show\Scrap_Steel_In_Field\photos\segmentation_result.json
2026-06-05 08:49:33 [INFO] 类别统计：{0: 10, 1: 50, 2: 25, 3: 4, 4: 22, 5: 31, 6: 16, 7: 23, 8: 43, 9: 59, 10: 24, 11: 18, 12: 22, 13: 61, 14: 0, 15: 15}
2026-06-05 08:49:33 [INFO] 面积统计：{0: 3622320.0, 1: 716940.0, 2: 42516.0, 3: 138744.0, 4: 188820.0, 5: 42732.0, 6: 534600.0, 7: 39708.0, 8: 926784.0, 9: 209016.0, 10: 173952.0, 11: 339372.0, 12: 105336.0, 13: 766260.0, 15: 28080.0}
2026-06-05 08:49:33 [INFO] 分割成功
2026-06-05 08:49:33 [INFO] 引擎上下文已释放
2026-06-05 08:49:33 [INFO] TensorRT 引擎已释放
2026-06-05 08:49:33 [INFO] 全局 CUDA 资源已释放
2026-06-05 08:49:33 [INFO] 分割系统资源已释放
2026-06-05 08:49:38 [INFO] CUDA 初始化成功
2026-06-05 08:49:38 [INFO] 引擎加载成功: scrap_steel.engine
2026-06-05 08:49:38 [INFO] 分割系统初始化成功
2026-06-05 08:49:38 [INFO] 图像预处理完成，原始尺寸: (2160, 3840)
2026-06-05 08:49:38 [INFO] 开始执行分割...
2026-06-05 08:49:38 [DEBUG] 处理后的检测结果形状: (1, 8400, 6)
2026-06-05 08:49:38 [DEBUG] 示例检测结果: [[-4.09785843e+00 -3.23402929e+00  3.92389069e+01  1.52496395e+01
   4.13913881e-08  5.00000000e+00]
 [-6.54579544e+00 -3.00876141e+00  4.46487465e+01  2.97086754e+01
   9.89684779e-09  9.00000000e+00]
 [-3.62839890e+00 -3.48998928e+00  4.59639397e+01  3.04727707e+01
   4.51618121e-09  9.00000000e+00]]
2026-06-05 08:49:38 [DEBUG] 处理后检测输出形状: (0, 52)
2026-06-05 08:49:38 [DEBUG] 有效检测数量: 0
2026-06-05 08:49:38 [DEBUG] 检测输出为空
2026-06-05 08:49:38 [INFO] 掩码中检测到的类别: [0, 1, 2, 3, 4, 5, 6, 7, 8, 9, 10, 11, 12, 13, 14, 15]
2026-06-05 08:49:38 [INFO] 分割完成，检测到 0 个物体
2026-06-05 08:49:38 [INFO] 从分割掩码中提取检测结果
2026-06-05 08:49:38 [INFO] 从掩码中提取了 432 个检测框
2026-06-05 08:49:38 [INFO] 计算出的车框矩形边界: (1029, 619) to (3180, 1512)
2026-06-05 08:49:38 [INFO] 原始检测数: 432, 过滤后检测数: 198
2026-06-05 08:49:39 [INFO] 保存分割和检测结果到: C:\code\show\Scrap_Steel_In_Field\photos\segmentation\segment_20260605_084938.jpg
2026-06-05 08:49:39 [INFO] JSON结果保存到: C:\code\show\Scrap_Steel_In_Field\photos\segmentation_result.json
2026-06-05 08:49:39 [INFO] 类别统计：{0: 9, 1: 51, 2: 24, 3: 2, 4: 25, 5: 26, 6: 14, 7: 23, 8: 51, 9: 60, 10: 23, 11: 22, 12: 19, 13: 68, 14: 0, 15: 15}
2026-06-05 08:49:39 [INFO] 面积统计：{0: 3585276.0, 1: 748440.0, 2: 37440.0, 3: 133848.0, 4: 160524.0, 5: 45360.0, 6: 525168.0, 7: 33156.0, 8: 940176.0, 9: 218736.0, 10: 177336.0, 11: 321588.0, 12: 132516.0, 13: 764244.0, 14: 36.0, 15: 26928.0}
2026-06-05 08:49:39 [INFO] 分割成功
2026-06-05 08:49:39 [INFO] 引擎上下文已释放
2026-06-05 08:49:39 [INFO] TensorRT 引擎已释放
2026-06-05 08:49:39 [INFO] 全局 CUDA 资源已释放
2026-06-05 08:49:39 [INFO] 分割系统资源已释放
2026-06-05 08:49:42 [INFO] CUDA 初始化成功
2026-06-05 08:49:42 [INFO] 引擎加载成功: scrap_steel.engine
2026-06-05 08:49:42 [INFO] 分割系统初始化成功
2026-06-05 08:49:42 [INFO] 图像预处理完成，原始尺寸: (2160, 3840)
2026-06-05 08:49:42 [INFO] 开始执行分割...
2026-06-05 08:49:42 [DEBUG] 处理后的检测结果形状: (1, 8400, 6)
2026-06-05 08:49:42 [DEBUG] 示例检测结果: [[-4.16105652e+00 -3.27789927e+00  3.89334183e+01  1.53203640e+01
   4.10838723e-08  5.00000000e+00]
 [-6.59904861e+00 -3.07935619e+00  4.44763298e+01  2.97439117e+01
   9.85821913e-09  9.00000000e+00]
 [-3.64477539e+00 -3.57346725e+00  4.58889923e+01  3.04016228e+01
   4.54938842e-09  9.00000000e+00]]
2026-06-05 08:49:42 [DEBUG] 处理后检测输出形状: (0, 52)
2026-06-05 08:49:42 [DEBUG] 有效检测数量: 0
2026-06-05 08:49:42 [DEBUG] 检测输出为空
2026-06-05 08:49:42 [INFO] 掩码中检测到的类别: [0, 1, 2, 3, 4, 5, 6, 7, 8, 9, 10, 11, 12, 13, 15]
2026-06-05 08:49:43 [INFO] 分割完成，检测到 0 个物体
2026-06-05 08:49:43 [INFO] 从分割掩码中提取检测结果
2026-06-05 08:49:43 [INFO] 从掩码中提取了 445 个检测框
2026-06-05 08:49:43 [INFO] 计算出的车框矩形边界: (1030, 617) to (3180, 1515)
2026-06-05 08:49:43 [INFO] 原始检测数: 445, 过滤后检测数: 197
2026-06-05 08:49:43 [INFO] 保存分割和检测结果到: C:\code\show\Scrap_Steel_In_Field\photos\segmentation\segment_20260605_084943.jpg
2026-06-05 08:49:43 [INFO] JSON结果保存到: C:\code\show\Scrap_Steel_In_Field\photos\segmentation_result.json
2026-06-05 08:49:43 [INFO] 类别统计：{0: 9, 1: 48, 2: 21, 3: 2, 4: 27, 5: 29, 6: 16, 7: 23, 8: 53, 9: 65, 10: 28, 11: 20, 12: 22, 13: 68, 14: 0, 15: 14}
2026-06-05 08:49:43 [INFO] 面积统计：{0: 3690684.0, 1: 743868.0, 2: 35604.0, 3: 135036.0, 4: 161712.0, 5: 45000.0, 6: 544608.0, 7: 40212.0, 8: 944928.0, 9: 220032.0, 10: 180792.0, 11: 338508.0, 12: 102024.0, 13: 744624.0, 15: 22068.0}
2026-06-05 08:49:43 [INFO] 分割成功
2026-06-05 08:49:43 [INFO] 引擎上下文已释放
2026-06-05 08:49:43 [INFO] TensorRT 引擎已释放
2026-06-05 08:49:43 [INFO] 全局 CUDA 资源已释放
2026-06-05 08:49:43 [INFO] 分割系统资源已释放
2026-06-05 08:49:47 [INFO] CUDA 初始化成功
2026-06-05 08:49:48 [INFO] 引擎加载成功: scrap_steel.engine
2026-06-05 08:49:48 [INFO] 分割系统初始化成功
2026-06-05 08:49:48 [INFO] 图像预处理完成，原始尺寸: (2160, 3840)
2026-06-05 08:49:48 [INFO] 开始执行分割...
2026-06-05 08:49:48 [DEBUG] 处理后的检测结果形状: (1, 8400, 6)
2026-06-05 08:49:48 [DEBUG] 示例检测结果: [[-4.12726974e+00 -3.26061392e+00  3.91617775e+01  1.52586765e+01
   4.04397973e-08  5.00000000e+00]
 [-6.56242752e+00 -3.04554939e+00  4.46217384e+01  2.97845936e+01
   9.89684779e-09  9.00000000e+00]
 [-3.60977173e+00 -3.49456310e+00  4.59100342e+01  3.03897743e+01
   4.51618121e-09  9.00000000e+00]]
2026-06-05 08:49:48 [DEBUG] 处理后检测输出形状: (2, 52)
2026-06-05 08:49:48 [DEBUG] 有效检测数量: 2
2026-06-05 08:49:48 [DEBUG] 最大置信度: 0.0520, 平均置信度: 0.0511
2026-06-05 08:49:48 [INFO] 掩码中检测到的类别: [0, 1, 2, 3, 4, 5, 6, 7, 8, 9, 10, 11, 12, 13, 14, 15]
2026-06-05 08:49:48 [INFO] 分割完成，检测到 0 个物体
2026-06-05 08:49:48 [INFO] 从分割掩码中提取检测结果
2026-06-05 08:49:48 [INFO] 从掩码中提取了 443 个检测框
2026-06-05 08:49:48 [INFO] 计算出的车框矩形边界: (1030, 619) to (3180, 1515)
2026-06-05 08:49:48 [INFO] 原始检测数: 443, 过滤后检测数: 194
2026-06-05 08:49:49 [INFO] 保存分割和检测结果到: C:\code\show\Scrap_Steel_In_Field\photos\segmentation\segment_20260605_084948.jpg
2026-06-05 08:49:49 [INFO] JSON结果保存到: C:\code\show\Scrap_Steel_In_Field\photos\segmentation_result.json
2026-06-05 08:49:49 [INFO] 类别统计：{0: 13, 1: 52, 2: 20, 3: 8, 4: 27, 5: 23, 6: 16, 7: 24, 8: 49, 9: 56, 10: 34, 11: 24, 12: 23, 13: 56, 14: 0, 15: 18}
2026-06-05 08:49:49 [INFO] 面积统计：{0: 3625812.0, 1: 698184.0, 2: 36576.0, 3: 144072.0, 4: 169524.0, 5: 48420.0, 6: 529056.0, 7: 43344.0, 8: 946620.0, 9: 223812.0, 10: 172764.0, 11: 332820.0, 12: 107784.0, 13: 762336.0, 14: 36.0, 15: 19944.0}
2026-06-05 08:49:49 [INFO] 分割成功
2026-06-05 08:49:49 [INFO] 引擎上下文已释放
2026-06-05 08:49:49 [INFO] TensorRT 引擎已释放
2026-06-05 08:49:49 [INFO] 全局 CUDA 资源已释放
2026-06-05 08:49:49 [INFO] 分割系统资源已释放
2026-06-05 08:49:53 [INFO] CUDA 初始化成功
2026-06-05 08:49:53 [INFO] 引擎加载成功: scrap_steel.engine
2026-06-05 08:49:53 [INFO] 分割系统初始化成功
2026-06-05 08:49:53 [INFO] 图像预处理完成，原始尺寸: (2160, 3840)
2026-06-05 08:49:53 [INFO] 开始执行分割...
2026-06-05 08:49:53 [DEBUG] 处理后的检测结果形状: (1, 8400, 6)
2026-06-05 08:49:53 [DEBUG] 示例检测结果: [[-4.16233826e+00 -3.29243469e+00  3.91373787e+01  1.53671646e+01
   4.04397973e-08  5.00000000e+00]
 [-6.57353592e+00 -3.09470654e+00  4.45124550e+01  2.97764854e+01
   9.70675984e-09  9.00000000e+00]
 [-3.61261749e+00 -3.56468773e+00  4.59230652e+01  3.04466915e+01
   4.49878712e-09  9.00000000e+00]]
2026-06-05 08:49:53 [DEBUG] 处理后检测输出形状: (1, 52)
2026-06-05 08:49:53 [DEBUG] 有效检测数量: 1
2026-06-05 08:49:53 [DEBUG] 最大置信度: 0.0544, 平均置信度: 0.0544
2026-06-05 08:49:53 [INFO] 掩码中检测到的类别: [0, 1, 2, 3, 4, 5, 6, 7, 8, 9, 10, 11, 12, 13, 14, 15]
2026-06-05 08:49:53 [INFO] 分割完成，检测到 0 个物体
2026-06-05 08:49:53 [INFO] 从分割掩码中提取检测结果
2026-06-05 08:49:53 [INFO] 从掩码中提取了 454 个检测框
2026-06-05 08:49:53 [INFO] 计算出的车框矩形边界: (1030, 619) to (3178, 1517)
2026-06-05 08:49:53 [INFO] 原始检测数: 454, 过滤后检测数: 201
2026-06-05 08:49:54 [INFO] 保存分割和检测结果到: C:\code\show\Scrap_Steel_In_Field\photos\segmentation\segment_20260605_084953.jpg
2026-06-05 08:49:54 [INFO] JSON结果保存到: C:\code\show\Scrap_Steel_In_Field\photos\segmentation_result.json
2026-06-05 08:49:54 [INFO] 类别统计：{0: 8, 1: 52, 2: 23, 3: 3, 4: 27, 5: 24, 6: 20, 7: 22, 8: 63, 9: 60, 10: 36, 11: 19, 12: 19, 13: 64, 14: 0, 15: 14}
2026-06-05 08:49:54 [INFO] 面积统计：{0: 3588552.0, 1: 705240.0, 2: 39888.0, 3: 135072.0, 4: 170028.0, 5: 46584.0, 6: 512388.0, 7: 40068.0, 8: 957780.0, 9: 232632.0, 10: 170136.0, 11: 329184.0, 12: 121356.0, 13: 747792.0, 14: 36.0, 15: 29880.0}
2026-06-05 08:49:54 [INFO] 分割成功
2026-06-05 08:49:54 [INFO] 引擎上下文已释放
2026-06-05 08:49:54 [INFO] TensorRT 引擎已释放
2026-06-05 08:49:54 [INFO] 全局 CUDA 资源已释放
2026-06-05 08:49:54 [INFO] 分割系统资源已释放
2026-06-05 08:49:58 [INFO] CUDA 初始化成功
2026-06-05 08:49:58 [INFO] 引擎加载成功: scrap_steel.engine
2026-06-05 08:49:58 [INFO] 分割系统初始化成功
2026-06-05 08:49:58 [INFO] 图像预处理完成，原始尺寸: (2160, 3840)
2026-06-05 08:49:58 [INFO] 开始执行分割...
2026-06-05 08:49:58 [DEBUG] 处理后的检测结果形状: (1, 8400, 6)
2026-06-05 08:49:58 [DEBUG] 示例检测结果: [[-4.13402176e+00 -3.28062916e+00  3.90966454e+01  1.53238611e+01
   4.07558574e-08  5.00000000e+00]
 [-6.53536987e+00 -3.05681133e+00  4.44218864e+01  2.97477837e+01
   9.70675984e-09  9.00000000e+00]
 [-3.62180328e+00 -3.55206013e+00  4.59175339e+01  3.03737640e+01
   4.51618121e-09  9.00000000e+00]]
2026-06-05 08:49:58 [DEBUG] 处理后检测输出形状: (0, 52)
2026-06-05 08:49:58 [DEBUG] 有效检测数量: 0
2026-06-05 08:49:58 [DEBUG] 检测输出为空
2026-06-05 08:49:58 [INFO] 掩码中检测到的类别: [0, 1, 2, 3, 4, 5, 6, 7, 8, 9, 10, 11, 12, 13, 14, 15]
2026-06-05 08:49:58 [INFO] 分割完成，检测到 0 个物体
2026-06-05 08:49:58 [INFO] 从分割掩码中提取检测结果
2026-06-05 08:49:58 [INFO] 从掩码中提取了 449 个检测框
2026-06-05 08:49:58 [INFO] 计算出的车框矩形边界: (1030, 619) to (3178, 1517)
2026-06-05 08:49:58 [INFO] 原始检测数: 449, 过滤后检测数: 198
2026-06-05 08:49:59 [INFO] 保存分割和检测结果到: C:\code\show\Scrap_Steel_In_Field\photos\segmentation\segment_20260605_084958.jpg
2026-06-05 08:49:59 [INFO] JSON结果保存到: C:\code\show\Scrap_Steel_In_Field\photos\segmentation_result.json
2026-06-05 08:49:59 [INFO] 类别统计：{0: 16, 1: 59, 2: 19, 3: 4, 4: 27, 5: 25, 6: 16, 7: 23, 8: 51, 9: 61, 10: 28, 11: 23, 12: 24, 13: 59, 14: 0, 15: 14}
2026-06-05 08:49:59 [INFO] 面积统计：{0: 3677292.0, 1: 707940.0, 2: 34632.0, 3: 137376.0, 4: 184788.0, 5: 44208.0, 6: 551664.0, 7: 45216.0, 8: 969012.0, 9: 215388.0, 10: 174168.0, 11: 333468.0, 12: 105552.0, 13: 767484.0, 14: 36.0, 15: 19296.0}
2026-06-05 08:49:59 [INFO] 分割成功
2026-06-05 08:49:59 [INFO] 引擎上下文已释放
2026-06-05 08:49:59 [INFO] TensorRT 引擎已释放
2026-06-05 08:49:59 [INFO] 全局 CUDA 资源已释放
2026-06-05 08:49:59 [INFO] 分割系统资源已释放
2026-06-05 08:50:05 [INFO] CUDA 初始化成功
2026-06-05 08:50:05 [INFO] 引擎加载成功: scrap_steel.engine
2026-06-05 08:50:05 [INFO] 分割系统初始化成功
2026-06-05 08:50:05 [INFO] 图像预处理完成，原始尺寸: (2160, 3840)
2026-06-05 08:50:05 [INFO] 开始执行分割...
2026-06-05 08:50:05 [DEBUG] 处理后的检测结果形状: (1, 8400, 6)
2026-06-05 08:50:05 [DEBUG] 示例检测结果: [[-4.06606674e+00 -3.21293354e+00  3.90335274e+01  1.50253649e+01
   4.10838723e-08  5.00000000e+00]
 [-6.53944397e+00 -2.99607277e+00  4.46200867e+01  2.95947361e+01
   9.78296555e-09  9.00000000e+00]
 [-3.62842178e+00 -3.46201897e+00  4.59394112e+01  3.03461170e+01
   4.51618121e-09  9.00000000e+00]]
2026-06-05 08:50:05 [DEBUG] 处理后检测输出形状: (0, 52)
2026-06-05 08:50:05 [DEBUG] 有效检测数量: 0
2026-06-05 08:50:05 [DEBUG] 检测输出为空
2026-06-05 08:50:05 [INFO] 掩码中检测到的类别: [0, 1, 2, 3, 4, 5, 6, 7, 8, 9, 10, 11, 12, 13, 15]
2026-06-05 08:50:05 [INFO] 分割完成，检测到 0 个物体
2026-06-05 08:50:05 [INFO] 从分割掩码中提取检测结果
2026-06-05 08:50:05 [INFO] 从掩码中提取了 435 个检测框
2026-06-05 08:50:05 [INFO] 计算出的车框矩形边界: (1032, 619) to (3181, 1514)
2026-06-05 08:50:05 [INFO] 原始检测数: 435, 过滤后检测数: 190
2026-06-05 08:50:06 [INFO] 保存分割和检测结果到: C:\code\show\Scrap_Steel_In_Field\photos\segmentation\segment_20260605_085005.jpg
2026-06-05 08:50:06 [INFO] JSON结果保存到: C:\code\show\Scrap_Steel_In_Field\photos\segmentation_result.json
2026-06-05 08:50:06 [INFO] 类别统计：{0: 6, 1: 51, 2: 20, 3: 2, 4: 27, 5: 26, 6: 16, 7: 24, 8: 55, 9: 57, 10: 29, 11: 18, 12: 18, 13: 70, 14: 0, 15: 16}
2026-06-05 08:50:06 [INFO] 面积统计：{0: 3623616.0, 1: 758052.0, 2: 36504.0, 3: 133956.0, 4: 182772.0, 5: 47556.0, 6: 522936.0, 7: 38160.0, 8: 947556.0, 9: 216792.0, 10: 169704.0, 11: 321696.0, 12: 118728.0, 13: 755028.0, 15: 24912.0}
2026-06-05 08:50:06 [INFO] 分割成功
2026-06-05 08:50:06 [INFO] 引擎上下文已释放
2026-06-05 08:50:06 [INFO] TensorRT 引擎已释放
2026-06-05 08:50:06 [INFO] 全局 CUDA 资源已释放
2026-06-05 08:50:06 [INFO] 分割系统资源已释放
2026-06-05 08:50:09 [INFO] CUDA 初始化成功
2026-06-05 08:50:09 [INFO] 引擎加载成功: scrap_steel.engine
2026-06-05 08:50:09 [INFO] 分割系统初始化成功
2026-06-05 08:50:09 [INFO] 图像预处理完成，原始尺寸: (2160, 3840)
2026-06-05 08:50:09 [INFO] 开始执行分割...
2026-06-05 08:50:09 [DEBUG] 处理后的检测结果形状: (1, 8400, 6)
2026-06-05 08:50:09 [DEBUG] 示例检测结果: [[-4.11147308e+00 -3.26957226e+00  3.91575890e+01  1.52514162e+01
   4.15567314e-08  5.00000000e+00]
 [-6.53722000e+00 -3.04323292e+00  4.45731354e+01  2.96814804e+01
   9.93076199e-09  9.00000000e+00]
 [-3.60260773e+00 -3.50569916e+00  4.59134140e+01  3.04513702e+01
   4.54656046e-09  9.00000000e+00]]
2026-06-05 08:50:09 [DEBUG] 处理后检测输出形状: (0, 52)
2026-06-05 08:50:09 [DEBUG] 有效检测数量: 0
2026-06-05 08:50:09 [DEBUG] 检测输出为空
2026-06-05 08:50:09 [INFO] 掩码中检测到的类别: [0, 1, 2, 3, 4, 5, 6, 7, 8, 9, 10, 11, 12, 13, 15]
2026-06-05 08:50:09 [INFO] 分割完成，检测到 0 个物体
2026-06-05 08:50:09 [INFO] 从分割掩码中提取检测结果
2026-06-05 08:50:10 [INFO] 从掩码中提取了 440 个检测框
2026-06-05 08:50:10 [INFO] 计算出的车框矩形边界: (1030, 619) to (3179, 1516)
2026-06-05 08:50:10 [INFO] 原始检测数: 440, 过滤后检测数: 193
2026-06-05 08:50:10 [INFO] 保存分割和检测结果到: C:\code\show\Scrap_Steel_In_Field\photos\segmentation\segment_20260605_085010.jpg
2026-06-05 08:50:10 [INFO] JSON结果保存到: C:\code\show\Scrap_Steel_In_Field\photos\segmentation_result.json
2026-06-05 08:50:10 [INFO] 类别统计：{0: 9, 1: 55, 2: 18, 3: 4, 4: 23, 5: 28, 6: 19, 7: 21, 8: 47, 9: 61, 10: 26, 11: 23, 12: 22, 13: 67, 14: 0, 15: 17}
2026-06-05 08:50:10 [INFO] 面积统计：{0: 3704040.0, 1: 704916.0, 2: 31752.0, 3: 130680.0, 4: 171684.0, 5: 46188.0, 6: 511020.0, 7: 31212.0, 8: 955440.0, 9: 209628.0, 10: 182412.0, 11: 336276.0, 12: 122256.0, 13: 754560.0, 15: 22968.0}
2026-06-05 08:50:10 [INFO] 分割成功
2026-06-05 08:50:10 [INFO] 引擎上下文已释放
2026-06-05 08:50:10 [INFO] TensorRT 引擎已释放
2026-06-05 08:50:10 [INFO] 全局 CUDA 资源已释放
2026-06-05 08:50:10 [INFO] 分割系统资源已释放
2026-06-05 08:50:14 [INFO] CUDA 初始化成功
2026-06-05 08:50:14 [INFO] 引擎加载成功: scrap_steel.engine
2026-06-05 08:50:14 [INFO] 分割系统初始化成功
2026-06-05 08:50:14 [INFO] 图像预处理完成，原始尺寸: (2160, 3840)
2026-06-05 08:50:14 [INFO] 开始执行分割...
2026-06-05 08:50:14 [DEBUG] 处理后的检测结果形状: (1, 8400, 6)
2026-06-05 08:50:14 [DEBUG] 示例检测结果: [[-4.15855026e+00 -3.28866529e+00  3.91327553e+01  1.52726631e+01
   4.02702085e-08  5.00000000e+00]
 [-6.60047150e+00 -3.10853100e+00  4.45478516e+01  2.98214149e+01
   9.74463177e-09  9.00000000e+00]
 [-3.61836624e+00 -3.57786560e+00  4.59019356e+01  3.04509010e+01
   4.48066828e-09  9.00000000e+00]]
2026-06-05 08:50:14 [DEBUG] 处理后检测输出形状: (0, 52)
2026-06-05 08:50:14 [DEBUG] 有效检测数量: 0
2026-06-05 08:50:14 [DEBUG] 检测输出为空
2026-06-05 08:50:14 [INFO] 掩码中检测到的类别: [0, 1, 2, 3, 4, 5, 6, 7, 8, 9, 10, 11, 12, 13, 15]
2026-06-05 08:50:14 [INFO] 分割完成，检测到 0 个物体
2026-06-05 08:50:14 [INFO] 从分割掩码中提取检测结果
2026-06-05 08:50:15 [INFO] 从掩码中提取了 427 个检测框
2026-06-05 08:50:15 [INFO] 计算出的车框矩形边界: (1030, 619) to (3178, 1517)
2026-06-05 08:50:15 [INFO] 原始检测数: 427, 过滤后检测数: 191
2026-06-05 08:50:15 [INFO] 保存分割和检测结果到: C:\code\show\Scrap_Steel_In_Field\photos\segmentation\segment_20260605_085015.jpg
2026-06-05 08:50:15 [INFO] JSON结果保存到: C:\code\show\Scrap_Steel_In_Field\photos\segmentation_result.json
2026-06-05 08:50:15 [INFO] 类别统计：{0: 13, 1: 54, 2: 23, 3: 3, 4: 30, 5: 28, 6: 17, 7: 19, 8: 45, 9: 56, 10: 28, 11: 16, 12: 22, 13: 60, 14: 0, 15: 13}
2026-06-05 08:50:15 [INFO] 面积统计：{0: 3649572.0, 1: 742068.0, 2: 37908.0, 3: 137340.0, 4: 158760.0, 5: 47520.0, 6: 512388.0, 7: 39204.0, 8: 966600.0, 9: 218340.0, 10: 175608.0, 11: 319896.0, 12: 116892.0, 13: 768852.0, 15: 28620.0}
2026-06-05 08:50:15 [INFO] 分割成功
2026-06-05 08:50:15 [INFO] 引擎上下文已释放
2026-06-05 08:50:15 [INFO] TensorRT 引擎已释放
2026-06-05 08:50:15 [INFO] 全局 CUDA 资源已释放
2026-06-05 08:50:15 [INFO] 分割系统资源已释放
2026-06-05 08:50:19 [INFO] CUDA 初始化成功
2026-06-05 08:50:20 [INFO] 引擎加载成功: scrap_steel.engine
2026-06-05 08:50:20 [INFO] 分割系统初始化成功
2026-06-05 08:50:20 [INFO] 图像预处理完成，原始尺寸: (2160, 3840)
2026-06-05 08:50:20 [INFO] 开始执行分割...
2026-06-05 08:50:20 [DEBUG] 处理后的检测结果形状: (1, 8400, 6)
2026-06-05 08:50:20 [DEBUG] 示例检测结果: [[-4.09266281e+00 -3.27131176e+00  3.92047386e+01  1.53124800e+01
   4.17194030e-08  5.00000000e+00]
 [-6.44451141e+00 -3.02173615e+00  4.46151085e+01  2.97929230e+01
   9.70321423e-09  9.00000000e+00]
 [-3.55225372e+00 -3.47761345e+00  4.59259491e+01  3.05602245e+01
   4.57950655e-09  9.00000000e+00]]
2026-06-05 08:50:20 [DEBUG] 处理后检测输出形状: (0, 52)
2026-06-05 08:50:20 [DEBUG] 有效检测数量: 0
2026-06-05 08:50:20 [DEBUG] 检测输出为空
2026-06-05 08:50:20 [INFO] 掩码中检测到的类别: [0, 1, 2, 3, 4, 5, 6, 7, 8, 9, 10, 11, 12, 13, 15]
2026-06-05 08:50:20 [INFO] 分割完成，检测到 0 个物体
2026-06-05 08:50:20 [INFO] 从分割掩码中提取检测结果
2026-06-05 08:50:20 [INFO] 从掩码中提取了 439 个检测框
2026-06-05 08:50:20 [INFO] 计算出的车框矩形边界: (1031, 618) to (3180, 1515)
2026-06-05 08:50:20 [INFO] 原始检测数: 439, 过滤后检测数: 221
2026-06-05 08:50:21 [INFO] 保存分割和检测结果到: C:\code\show\Scrap_Steel_In_Field\photos\segmentation\segment_20260605_085020.jpg
2026-06-05 08:50:21 [INFO] JSON结果保存到: C:\code\show\Scrap_Steel_In_Field\photos\segmentation_result.json
2026-06-05 08:50:21 [INFO] 类别统计：{0: 33, 1: 45, 2: 18, 3: 2, 4: 23, 5: 32, 6: 15, 7: 26, 8: 41, 9: 68, 10: 25, 11: 18, 12: 20, 13: 60, 14: 0, 15: 13}
2026-06-05 08:50:21 [INFO] 面积统计：{0: 3583188.0, 1: 705348.0, 2: 33480.0, 3: 132516.0, 4: 166284.0, 5: 44496.0, 6: 530676.0, 7: 47880.0, 8: 946044.0, 9: 194472.0, 10: 185364.0, 11: 342468.0, 12: 100800.0, 13: 796680.0, 15: 20124.0}
2026-06-05 08:50:21 [INFO] 分割成功
2026-06-05 08:50:21 [INFO] 引擎上下文已释放
2026-06-05 08:50:21 [INFO] TensorRT 引擎已释放
2026-06-05 08:50:21 [INFO] 全局 CUDA 资源已释放
2026-06-05 08:50:21 [INFO] 分割系统资源已释放
2026-06-05 08:50:25 [INFO] CUDA 初始化成功
2026-06-05 08:50:25 [INFO] 引擎加载成功: scrap_steel.engine
2026-06-05 08:50:25 [INFO] 分割系统初始化成功
2026-06-05 08:50:25 [INFO] 图像预处理完成，原始尺寸: (2160, 3840)
2026-06-05 08:50:25 [INFO] 开始执行分割...
2026-06-05 08:50:25 [DEBUG] 处理后的检测结果形状: (1, 8400, 6)
2026-06-05 08:50:25 [DEBUG] 示例检测结果: [[-3.92212677e+00 -3.12668753e+00  3.94131317e+01  1.52709980e+01
   4.07354150e-08  5.00000000e+00]
 [-6.21811295e+00 -2.86723328e+00  4.49818001e+01  2.96575661e+01
   9.17199205e-09  9.00000000e+00]
 [-3.41730499e+00 -3.11731720e+00  4.59016266e+01  3.00891113e+01
   4.26712710e-09  9.00000000e+00]]
2026-06-05 08:50:25 [DEBUG] 处理后检测输出形状: (0, 52)
2026-06-05 08:50:25 [DEBUG] 有效检测数量: 0
2026-06-05 08:50:25 [DEBUG] 检测输出为空
2026-06-05 08:50:25 [INFO] 掩码中检测到的类别: [0, 1, 2, 3, 4, 5, 6, 7, 8, 9, 10, 11, 12, 13, 15]
2026-06-05 08:50:25 [INFO] 分割完成，检测到 0 个物体
2026-06-05 08:50:25 [INFO] 从分割掩码中提取检测结果
2026-06-05 08:50:25 [INFO] 从掩码中提取了 471 个检测框
2026-06-05 08:50:25 [INFO] 计算出的车框矩形边界: (1030, 617) to (3178, 1517)
2026-06-05 08:50:25 [INFO] 原始检测数: 471, 过滤后检测数: 211
2026-06-05 08:50:26 [INFO] 保存分割和检测结果到: C:\code\show\Scrap_Steel_In_Field\photos\segmentation\segment_20260605_085025.jpg
2026-06-05 08:50:26 [INFO] JSON结果保存到: C:\code\show\Scrap_Steel_In_Field\photos\segmentation_result.json
2026-06-05 08:50:26 [INFO] 类别统计：{0: 34, 1: 51, 2: 23, 3: 6, 4: 33, 5: 32, 6: 15, 7: 21, 8: 46, 9: 64, 10: 30, 11: 22, 12: 19, 13: 42, 14: 0, 15: 33}
2026-06-05 08:50:26 [INFO] 面积统计：{0: 3194316.0, 1: 771552.0, 2: 41688.0, 3: 149868.0, 4: 222012.0, 5: 56340.0, 6: 506628.0, 7: 31176.0, 8: 816624.0, 9: 210852.0, 10: 230616.0, 11: 351180.0, 12: 164088.0, 13: 636408.0, 15: 52236.0}
2026-06-05 08:50:26 [INFO] 分割成功
2026-06-05 08:50:26 [INFO] 引擎上下文已释放
2026-06-05 08:50:26 [INFO] TensorRT 引擎已释放
2026-06-05 08:50:26 [INFO] 全局 CUDA 资源已释放
2026-06-05 08:50:26 [INFO] 分割系统资源已释放
2026-06-05 08:50:30 [INFO] CUDA 初始化成功
2026-06-05 08:50:30 [INFO] 引擎加载成功: scrap_steel.engine
2026-06-05 08:50:30 [INFO] 分割系统初始化成功
2026-06-05 08:50:30 [INFO] 图像预处理完成，原始尺寸: (2160, 3840)
2026-06-05 08:50:30 [INFO] 开始执行分割...
2026-06-05 08:50:30 [DEBUG] 处理后的检测结果形状: (1, 8400, 6)
2026-06-05 08:50:30 [DEBUG] 示例检测结果: [[-4.28816986e+00 -3.34474468e+00  4.00654488e+01  1.56840563e+01
   4.07560350e-08  5.00000000e+00]
 [-6.74789810e+00 -3.13241577e+00  4.50672569e+01  3.03301353e+01
   9.80350023e-09  9.00000000e+00]
 [-3.63995361e+00 -3.62567234e+00  4.62414093e+01  3.10234451e+01
   4.48716531e-09  9.00000000e+00]]
2026-06-05 08:50:30 [DEBUG] 处理后检测输出形状: (0, 52)
2026-06-05 08:50:30 [DEBUG] 有效检测数量: 0
2026-06-05 08:50:30 [DEBUG] 检测输出为空
2026-06-05 08:50:30 [INFO] 掩码中检测到的类别: [0, 1, 2, 3, 4, 5, 6, 7, 8, 9, 10, 11, 12, 13, 15]
2026-06-05 08:50:30 [INFO] 分割完成，检测到 0 个物体
2026-06-05 08:50:30 [INFO] 从分割掩码中提取检测结果
2026-06-05 08:50:31 [INFO] 从掩码中提取了 480 个检测框
2026-06-05 08:50:31 [ERROR] 保存结果失败: 'NoneType' object has no attribute 'astype'
2026-06-05 08:50:31 [INFO] 分割成功
2026-06-05 08:50:31 [INFO] 引擎上下文已释放
2026-06-05 08:50:31 [INFO] TensorRT 引擎已释放
2026-06-05 08:50:31 [INFO] 全局 CUDA 资源已释放
2026-06-05 08:50:31 [INFO] 分割系统资源已释放
2026-06-05 08:50:35 [INFO] CUDA 初始化成功
2026-06-05 08:50:35 [INFO] 引擎加载成功: scrap_steel.engine
2026-06-05 08:50:35 [INFO] 分割系统初始化成功
2026-06-05 08:50:35 [INFO] 图像预处理完成，原始尺寸: (2160, 3840)
2026-06-05 08:50:35 [INFO] 开始执行分割...
2026-06-05 08:50:35 [DEBUG] 处理后的检测结果形状: (1, 8400, 6)
2026-06-05 08:50:35 [DEBUG] 示例检测结果: [[-3.93106842e+00 -3.17670584e+00  3.98247604e+01  1.54759235e+01
   3.74010298e-08  5.00000000e+00]
 [-5.98822403e+00 -2.84404945e+00  4.52022285e+01  3.03418369e+01
   9.11682818e-09  9.00000000e+00]
 [-3.24087524e+00 -3.21103764e+00  4.59996109e+01  3.08891754e+01
   4.14676293e-09  9.00000000e+00]]
2026-06-05 08:50:35 [DEBUG] 处理后检测输出形状: (0, 52)
2026-06-05 08:50:35 [DEBUG] 有效检测数量: 0
2026-06-05 08:50:35 [DEBUG] 检测输出为空
2026-06-05 08:50:35 [INFO] 掩码中检测到的类别: [0, 1, 2, 3, 4, 5, 6, 7, 8, 9, 10, 11, 12, 13, 15]
2026-06-05 08:50:35 [INFO] 分割完成，检测到 0 个物体
2026-06-05 08:50:35 [INFO] 从分割掩码中提取检测结果
2026-06-05 08:50:36 [INFO] 从掩码中提取了 416 个检测框
2026-06-05 08:50:36 [INFO] 计算出的车框矩形边界: (1028, 619) to (3181, 1522)
2026-06-05 08:50:36 [INFO] 原始检测数: 416, 过滤后检测数: 180
2026-06-05 08:50:36 [INFO] 保存分割和检测结果到: C:\code\show\Scrap_Steel_In_Field\photos\segmentation\segment_20260605_085036.jpg
2026-06-05 08:50:36 [INFO] JSON结果保存到: C:\code\show\Scrap_Steel_In_Field\photos\segmentation_result.json
2026-06-05 08:50:36 [INFO] 类别统计：{0: 19, 1: 47, 2: 20, 3: 9, 4: 22, 5: 26, 6: 19, 7: 17, 8: 31, 9: 42, 10: 18, 11: 14, 12: 18, 13: 88, 14: 0, 15: 26}
2026-06-05 08:50:36 [INFO] 面积统计：{0: 2976624.0, 1: 441612.0, 2: 52884.0, 3: 207324.0, 4: 213084.0, 5: 55692.0, 6: 618732.0, 7: 34452.0, 8: 927288.0, 9: 201168.0, 10: 162936.0, 11: 238536.0, 12: 113112.0, 13: 754452.0, 15: 67140.0}
2026-06-05 08:50:36 [INFO] 分割成功
2026-06-05 08:50:36 [INFO] 引擎上下文已释放
2026-06-05 08:50:36 [INFO] TensorRT 引擎已释放
2026-06-05 08:50:36 [INFO] 全局 CUDA 资源已释放
2026-06-05 08:50:36 [INFO] 分割系统资源已释放
2026-06-05 08:50:41 [INFO] CUDA 初始化成功
2026-06-05 08:50:41 [INFO] 引擎加载成功: scrap_steel.engine
2026-06-05 08:50:41 [INFO] 分割系统初始化成功
2026-06-05 08:50:41 [INFO] 图像预处理完成，原始尺寸: (2160, 3840)
2026-06-05 08:50:41 [INFO] 开始执行分割...
2026-06-05 08:50:41 [DEBUG] 处理后的检测结果形状: (1, 8400, 6)
2026-06-05 08:50:41 [DEBUG] 示例检测结果: [[-4.22993469e+00 -3.30337238e+00  3.94641266e+01  1.55407267e+01
   3.97923117e-08  5.00000000e+00]
 [-6.74684143e+00 -3.12687683e+00  4.45424118e+01  2.98718796e+01
   9.57601820e-09  9.00000000e+00]
 [-3.64857483e+00 -3.58523941e+00  4.59964523e+01  3.04420853e+01
   4.36773551e-09  9.00000000e+00]]
2026-06-05 08:50:41 [DEBUG] 处理后检测输出形状: (0, 52)
2026-06-05 08:50:41 [DEBUG] 有效检测数量: 0
2026-06-05 08:50:41 [DEBUG] 检测输出为空
2026-06-05 08:50:41 [INFO] 掩码中检测到的类别: [0, 1, 2, 3, 4, 5, 6, 7, 8, 9, 10, 11, 12, 13, 15]
2026-06-05 08:50:41 [INFO] 分割完成，检测到 0 个物体
2026-06-05 08:50:41 [INFO] 从分割掩码中提取检测结果
2026-06-05 08:50:41 [INFO] 从掩码中提取了 474 个检测框
2026-06-05 08:50:41 [ERROR] 保存结果失败: 'NoneType' object has no attribute 'astype'
2026-06-05 08:50:41 [INFO] 分割成功
2026-06-05 08:50:41 [INFO] 引擎上下文已释放
2026-06-05 08:50:41 [INFO] TensorRT 引擎已释放
2026-06-05 08:50:41 [INFO] 全局 CUDA 资源已释放
2026-06-05 08:50:41 [INFO] 分割系统资源已释放
2026-06-05 08:50:46 [INFO] CUDA 初始化成功
2026-06-05 08:50:46 [INFO] 引擎加载成功: scrap_steel.engine
2026-06-05 08:50:46 [INFO] 分割系统初始化成功
2026-06-05 08:50:46 [INFO] 图像预处理完成，原始尺寸: (2160, 3840)
2026-06-05 08:50:46 [INFO] 开始执行分割...
2026-06-05 08:50:46 [DEBUG] 处理后的检测结果形状: (1, 8400, 6)
2026-06-05 08:50:46 [DEBUG] 示例检测结果: [[-4.23848724e+00 -3.36437225e+00  3.96927376e+01  1.56110630e+01
   4.20872368e-08  5.00000000e+00]
 [-6.60683060e+00 -3.18956566e+00  4.47856293e+01  3.02865124e+01
   9.71111191e-09  9.00000000e+00]
 [-3.58515549e+00 -3.65026188e+00  4.60729294e+01  3.08845749e+01
   4.44963533e-09  9.00000000e+00]]
2026-06-05 08:50:46 [DEBUG] 处理后检测输出形状: (0, 52)
2026-06-05 08:50:46 [DEBUG] 有效检测数量: 0
2026-06-05 08:50:46 [DEBUG] 检测输出为空
2026-06-05 08:50:46 [INFO] 掩码中检测到的类别: [0, 1, 2, 3, 4, 5, 6, 7, 8, 9, 10, 11, 12, 13, 15]
2026-06-05 08:50:46 [INFO] 分割完成，检测到 0 个物体
2026-06-05 08:50:46 [INFO] 从分割掩码中提取检测结果
2026-06-05 08:50:46 [INFO] 从掩码中提取了 393 个检测框
2026-06-05 08:50:46 [ERROR] 保存结果失败: 'NoneType' object has no attribute 'astype'
2026-06-05 08:50:46 [INFO] 分割成功
2026-06-05 08:50:46 [INFO] 引擎上下文已释放
2026-06-05 08:50:46 [INFO] TensorRT 引擎已释放
2026-06-05 08:50:46 [INFO] 全局 CUDA 资源已释放
2026-06-05 08:50:46 [INFO] 分割系统资源已释放
2026-06-05 08:50:51 [INFO] CUDA 初始化成功
2026-06-05 08:50:51 [INFO] 引擎加载成功: scrap_steel.engine
2026-06-05 08:50:51 [INFO] 分割系统初始化成功
2026-06-05 08:50:51 [INFO] 图像预处理完成，原始尺寸: (2160, 3840)
2026-06-05 08:50:51 [INFO] 开始执行分割...
2026-06-05 08:50:51 [DEBUG] 处理后的检测结果形状: (1, 8400, 6)
2026-06-05 08:50:51 [DEBUG] 示例检测结果: [[-4.39485168e+00 -3.40308380e+00  3.95190163e+01  1.60632248e+01
   3.84387278e-08  5.00000000e+00]
 [-6.92842865e+00 -3.22267151e+00  4.45004272e+01  3.03085709e+01
   9.46435375e-09  9.00000000e+00]
 [-3.69432068e+00 -3.67742348e+00  4.60991058e+01  3.07708454e+01
   4.33354153e-09  9.00000000e+00]]
2026-06-05 08:50:51 [DEBUG] 处理后检测输出形状: (0, 52)
2026-06-05 08:50:51 [DEBUG] 有效检测数量: 0
2026-06-05 08:50:51 [DEBUG] 检测输出为空
2026-06-05 08:50:51 [INFO] 掩码中检测到的类别: [0, 1, 2, 3, 4, 5, 6, 7, 8, 9, 10, 11, 12, 13, 15]
2026-06-05 08:50:51 [INFO] 分割完成，检测到 0 个物体
2026-06-05 08:50:51 [INFO] 从分割掩码中提取检测结果
2026-06-05 08:50:51 [INFO] 从掩码中提取了 427 个检测框
2026-06-05 08:50:51 [ERROR] 保存结果失败: 'NoneType' object has no attribute 'astype'
2026-06-05 08:50:51 [INFO] 分割成功
2026-06-05 08:50:51 [INFO] 引擎上下文已释放
2026-06-05 08:50:51 [INFO] TensorRT 引擎已释放
2026-06-05 08:50:51 [INFO] 全局 CUDA 资源已释放
2026-06-05 08:50:51 [INFO] 分割系统资源已释放
2026-06-05 08:50:56 [INFO] CUDA 初始化成功
2026-06-05 08:50:56 [INFO] 引擎加载成功: scrap_steel.engine
2026-06-05 08:50:56 [INFO] 分割系统初始化成功
2026-06-05 08:50:56 [INFO] 图像预处理完成，原始尺寸: (2160, 3840)
2026-06-05 08:50:56 [INFO] 开始执行分割...
2026-06-05 08:50:56 [DEBUG] 处理后的检测结果形状: (1, 8400, 6)
2026-06-05 08:50:56 [DEBUG] 示例检测结果: [[-4.45718002e+00 -3.42631340e+00  3.97700462e+01  1.61692944e+01
   3.94837265e-08  5.00000000e+00]
 [-7.00783539e+00 -3.24955463e+00  4.46480103e+01  3.03188438e+01
   9.40844203e-09  9.00000000e+00]
 [-3.69751740e+00 -3.67336559e+00  4.60647888e+01  3.07119026e+01
   4.23266755e-09  9.00000000e+00]]
2026-06-05 08:50:56 [DEBUG] 处理后检测输出形状: (2, 52)
2026-06-05 08:50:56 [DEBUG] 有效检测数量: 2
2026-06-05 08:50:56 [DEBUG] 最大置信度: 0.0590, 平均置信度: 0.0557
2026-06-05 08:50:56 [INFO] 掩码中检测到的类别: [0, 1, 2, 3, 4, 5, 6, 7, 8, 9, 10, 11, 12, 13, 14, 15]
2026-06-05 08:50:56 [INFO] 分割完成，检测到 0 个物体
2026-06-05 08:50:56 [INFO] 从分割掩码中提取检测结果
2026-06-05 08:50:56 [INFO] 从掩码中提取了 470 个检测框
2026-06-05 08:50:56 [INFO] 计算出的车框矩形边界: (1030, 620) to (3179, 1516)
2026-06-05 08:50:56 [INFO] 原始检测数: 470, 过滤后检测数: 197
2026-06-05 08:50:57 [INFO] 保存分割和检测结果到: C:\code\show\Scrap_Steel_In_Field\photos\segmentation\segment_20260605_085056.jpg
2026-06-05 08:50:57 [INFO] JSON结果保存到: C:\code\show\Scrap_Steel_In_Field\photos\segmentation_result.json
2026-06-05 08:50:57 [INFO] 类别统计：{0: 25, 1: 51, 2: 25, 3: 1, 4: 37, 5: 32, 6: 31, 7: 21, 8: 52, 9: 54, 10: 34, 11: 22, 12: 22, 13: 42, 14: 0, 15: 21}
2026-06-05 08:50:57 [INFO] 面积统计：{0: 2967192.0, 1: 748800.0, 2: 38376.0, 3: 111420.0, 4: 240552.0, 5: 58356.0, 6: 618408.0, 7: 48708.0, 8: 1017288.0, 9: 257040.0, 10: 240300.0, 11: 367344.0, 12: 104148.0, 13: 672660.0, 14: 36.0, 15: 81864.0}
2026-06-05 08:50:57 [INFO] 分割成功
2026-06-05 08:50:57 [INFO] 引擎上下文已释放
2026-06-05 08:50:57 [INFO] TensorRT 引擎已释放
2026-06-05 08:50:57 [INFO] 全局 CUDA 资源已释放
2026-06-05 08:50:57 [INFO] 分割系统资源已释放
2026-06-05 08:51:01 [INFO] CUDA 初始化成功
2026-06-05 08:51:01 [INFO] 引擎加载成功: scrap_steel.engine
2026-06-05 08:51:01 [INFO] 分割系统初始化成功
2026-06-05 08:51:01 [INFO] 图像预处理完成，原始尺寸: (2160, 3840)
2026-06-05 08:51:01 [INFO] 开始执行分割...
2026-06-05 08:51:01 [DEBUG] 处理后的检测结果形状: (1, 8400, 6)
2026-06-05 08:51:01 [DEBUG] 示例检测结果: [[-4.40742874e+00 -3.35324955e+00  3.95552521e+01  1.59358912e+01
   3.88902706e-08  5.00000000e+00]
 [-6.93464661e+00 -3.19177723e+00  4.45515785e+01  3.01464500e+01
   9.38997768e-09  9.00000000e+00]
 [-3.67342377e+00 -3.60276985e+00  4.60105972e+01  3.05408039e+01
   4.21761293e-09  9.00000000e+00]]
2026-06-05 08:51:01 [DEBUG] 处理后检测输出形状: (2, 52)
2026-06-05 08:51:01 [DEBUG] 有效检测数量: 2
2026-06-05 08:51:01 [DEBUG] 最大置信度: 0.0639, 平均置信度: 0.0572
2026-06-05 08:51:01 [INFO] 掩码中检测到的类别: [0, 1, 2, 3, 4, 5, 6, 7, 8, 9, 10, 11, 12, 13, 14, 15]
2026-06-05 08:51:01 [INFO] 分割完成，检测到 0 个物体
2026-06-05 08:51:01 [INFO] 从分割掩码中提取检测结果
2026-06-05 08:51:02 [INFO] 从掩码中提取了 481 个检测框
2026-06-05 08:51:02 [INFO] 计算出的车框矩形边界: (1032, 619) to (3180, 1515)
2026-06-05 08:51:02 [INFO] 原始检测数: 481, 过滤后检测数: 214
2026-06-05 08:51:02 [INFO] 保存分割和检测结果到: C:\code\show\Scrap_Steel_In_Field\photos\segmentation\segment_20260605_085102.jpg
2026-06-05 08:51:02 [INFO] JSON结果保存到: C:\code\show\Scrap_Steel_In_Field\photos\segmentation_result.json
2026-06-05 08:51:02 [INFO] 类别统计：{0: 37, 1: 44, 2: 24, 3: 1, 4: 39, 5: 32, 6: 27, 7: 29, 8: 55, 9: 52, 10: 32, 11: 26, 12: 20, 13: 44, 14: 0, 15: 19}
2026-06-05 08:51:02 [INFO] 面积统计：{0: 3141468.0, 1: 745272.0, 2: 35280.0, 3: 109548.0, 4: 216360.0, 5: 50184.0, 6: 580860.0, 7: 52920.0, 8: 996444.0, 9: 245988.0, 10: 250848.0, 11: 368676.0, 12: 105156.0, 13: 670248.0, 14: 36.0, 15: 66528.0}
2026-06-05 08:51:02 [INFO] 分割成功
2026-06-05 08:51:02 [INFO] 引擎上下文已释放
2026-06-05 08:51:02 [INFO] TensorRT 引擎已释放
2026-06-05 08:51:02 [INFO] 全局 CUDA 资源已释放
2026-06-05 08:51:02 [INFO] 分割系统资源已释放
2026-06-05 08:51:06 [INFO] CUDA 初始化成功
2026-06-05 08:51:06 [INFO] 引擎加载成功: scrap_steel.engine
2026-06-05 08:51:06 [INFO] 分割系统初始化成功
2026-06-05 08:51:06 [INFO] 图像预处理完成，原始尺寸: (2160, 3840)
2026-06-05 08:51:06 [INFO] 开始执行分割...
2026-06-05 08:51:06 [DEBUG] 处理后的检测结果形状: (1, 8400, 6)
2026-06-05 08:51:06 [DEBUG] 示例检测结果: [[-4.12530136e+00 -3.28384209e+00  3.92410240e+01  1.54763145e+01
   4.01143261e-08  5.00000000e+00]
 [-6.47967148e+00 -3.04803944e+00  4.46193237e+01  2.99123116e+01
   9.63101598e-09  9.00000000e+00]
 [-3.56068802e+00 -3.49555397e+00  4.59465904e+01  3.05463734e+01
   4.48066828e-09  9.00000000e+00]]
2026-06-05 08:51:06 [DEBUG] 处理后检测输出形状: (1, 52)
2026-06-05 08:51:06 [DEBUG] 有效检测数量: 1
2026-06-05 08:51:06 [DEBUG] 最大置信度: 0.0544, 平均置信度: 0.0544
2026-06-05 08:51:06 [INFO] 掩码中检测到的类别: [0, 1, 2, 3, 4, 5, 6, 7, 8, 9, 10, 11, 12, 13, 14, 15]
2026-06-05 08:51:06 [INFO] 分割完成，检测到 0 个物体
2026-06-05 08:51:06 [INFO] 从分割掩码中提取检测结果
2026-06-05 08:51:07 [INFO] 从掩码中提取了 457 个检测框
2026-06-05 08:51:07 [INFO] 计算出的车框矩形边界: (1031, 620) to (3180, 1517)
2026-06-05 08:51:07 [INFO] 原始检测数: 457, 过滤后检测数: 222
2026-06-05 08:51:08 [INFO] 保存分割和检测结果到: C:\code\show\Scrap_Steel_In_Field\photos\segmentation\segment_20260605_085107.jpg
2026-06-05 08:51:08 [INFO] JSON结果保存到: C:\code\show\Scrap_Steel_In_Field\photos\segmentation_result.json
2026-06-05 08:51:08 [INFO] 类别统计：{0: 45, 1: 42, 2: 23, 3: 5, 4: 26, 5: 22, 6: 19, 7: 23, 8: 39, 9: 61, 10: 25, 11: 19, 12: 20, 13: 70, 14: 0, 15: 18}
2026-06-05 08:51:08 [INFO] 面积统计：{0: 3734172.0, 1: 688284.0, 2: 37224.0, 3: 150912.0, 4: 152388.0, 5: 43704.0, 6: 520668.0, 7: 39348.0, 8: 911016.0, 9: 181800.0, 10: 189972.0, 11: 322560.0, 12: 114300.0, 13: 753876.0, 14: 36.0, 15: 43776.0}
2026-06-05 08:51:08 [INFO] 分割成功
2026-06-05 08:51:08 [INFO] 引擎上下文已释放
2026-06-05 08:51:08 [INFO] TensorRT 引擎已释放
2026-06-05 08:51:08 [INFO] 全局 CUDA 资源已释放
2026-06-05 08:51:08 [INFO] 分割系统资源已释放
2026-06-05 08:51:12 [INFO] CUDA 初始化成功
2026-06-05 08:51:12 [INFO] 引擎加载成功: scrap_steel.engine
2026-06-05 08:51:12 [INFO] 分割系统初始化成功
2026-06-05 08:51:12 [INFO] 图像预处理完成，原始尺寸: (2160, 3840)
2026-06-05 08:51:12 [INFO] 开始执行分割...
2026-06-05 08:51:12 [DEBUG] 处理后的检测结果形状: (1, 8400, 6)
2026-06-05 08:51:12 [DEBUG] 示例检测结果: [[-4.15416718e+00 -3.28815556e+00  3.93273773e+01  1.54510374e+01
   4.04397973e-08  5.00000000e+00]
 [-6.54505157e+00 -3.07433605e+00  4.46414719e+01  2.99337502e+01
   9.62970503e-09  9.00000000e+00]
 [-3.54062271e+00 -3.48168755e+00  4.59418182e+01  3.05551853e+01
   4.46351578e-09  9.00000000e+00]]
2026-06-05 08:51:12 [DEBUG] 处理后检测输出形状: (0, 52)
2026-06-05 08:51:12 [DEBUG] 有效检测数量: 0
2026-06-05 08:51:12 [DEBUG] 检测输出为空
2026-06-05 08:51:12 [INFO] 掩码中检测到的类别: [0, 1, 2, 3, 4, 5, 6, 7, 8, 9, 10, 11, 12, 13, 15]
2026-06-05 08:51:12 [INFO] 分割完成，检测到 0 个物体
2026-06-05 08:51:12 [INFO] 从分割掩码中提取检测结果
2026-06-05 08:51:12 [INFO] 从掩码中提取了 472 个检测框
2026-06-05 08:51:12 [INFO] 计算出的车框矩形边界: (1030, 617) to (3180, 1515)
2026-06-05 08:51:12 [INFO] 原始检测数: 472, 过滤后检测数: 223
2026-06-05 08:51:13 [INFO] 保存分割和检测结果到: C:\code\show\Scrap_Steel_In_Field\photos\segmentation\segment_20260605_085112.jpg
2026-06-05 08:51:13 [INFO] JSON结果保存到: C:\code\show\Scrap_Steel_In_Field\photos\segmentation_result.json
2026-06-05 08:51:13 [INFO] 类别统计：{0: 39, 1: 50, 2: 26, 3: 1, 4: 27, 5: 30, 6: 20, 7: 23, 8: 47, 9: 53, 10: 25, 11: 19, 12: 18, 13: 66, 14: 0, 15: 28}
2026-06-05 08:51:13 [INFO] 面积统计：{0: 3676212.0, 1: 717696.0, 2: 35892.0, 3: 132660.0, 4: 177300.0, 5: 45792.0, 6: 546660.0, 7: 29124.0, 8: 951516.0, 9: 180612.0, 10: 191160.0, 11: 335160.0, 12: 105048.0, 13: 742536.0, 15: 29664.0}
2026-06-05 08:51:13 [INFO] 分割成功
2026-06-05 08:51:13 [INFO] 引擎上下文已释放
2026-06-05 08:51:13 [INFO] TensorRT 引擎已释放
2026-06-05 08:51:13 [INFO] 全局 CUDA 资源已释放
2026-06-05 08:51:13 [INFO] 分割系统资源已释放
2026-06-05 08:51:17 [INFO] CUDA 初始化成功
2026-06-05 08:51:17 [INFO] 引擎加载成功: scrap_steel.engine
2026-06-05 08:51:17 [INFO] 分割系统初始化成功
2026-06-05 08:51:17 [INFO] 图像预处理完成，原始尺寸: (2160, 3840)
2026-06-05 08:51:17 [INFO] 开始执行分割...
2026-06-05 08:51:17 [DEBUG] 处理后的检测结果形状: (1, 8400, 6)
2026-06-05 08:51:17 [DEBUG] 示例检测结果: [[-4.07257080e+00 -3.24934959e+00  3.92808990e+01  1.52944756e+01
   4.12440642e-08  5.00000000e+00]
 [-6.43519211e+00 -3.01801205e+00  4.47994576e+01  2.98672981e+01
   9.96950789e-09  9.00000000e+00]
 [-3.52670670e+00 -3.45347404e+00  4.59955673e+01  3.05895977e+01
   4.61838567e-09  9.00000000e+00]]
2026-06-05 08:51:17 [DEBUG] 处理后检测输出形状: (2, 52)
2026-06-05 08:51:17 [DEBUG] 有效检测数量: 2
2026-06-05 08:51:17 [DEBUG] 最大置信度: 0.0550, 平均置信度: 0.0533
2026-06-05 08:51:17 [INFO] 掩码中检测到的类别: [0, 1, 2, 3, 4, 5, 6, 7, 8, 9, 10, 11, 12, 13, 14, 15]
2026-06-05 08:51:17 [INFO] 分割完成，检测到 0 个物体
2026-06-05 08:51:17 [INFO] 从分割掩码中提取检测结果
2026-06-05 08:51:17 [INFO] 从掩码中提取了 457 个检测框
2026-06-05 08:51:17 [INFO] 计算出的车框矩形边界: (1030, 618) to (3180, 1515)
2026-06-05 08:51:17 [INFO] 原始检测数: 457, 过滤后检测数: 226
2026-06-05 08:51:18 [INFO] 保存分割和检测结果到: C:\code\show\Scrap_Steel_In_Field\photos\segmentation\segment_20260605_085117.jpg
2026-06-05 08:51:18 [INFO] JSON结果保存到: C:\code\show\Scrap_Steel_In_Field\photos\segmentation_result.json
2026-06-05 08:51:18 [INFO] 类别统计：{0: 38, 1: 50, 2: 25, 3: 1, 4: 23, 5: 29, 6: 17, 7: 24, 8: 45, 9: 61, 10: 25, 11: 17, 12: 22, 13: 61, 14: 0, 15: 19}
2026-06-05 08:51:18 [INFO] 面积统计：{0: 3653784.0, 1: 734220.0, 2: 38952.0, 3: 131688.0, 4: 150624.0, 5: 44820.0, 6: 532656.0, 7: 35172.0, 8: 892476.0, 9: 167004.0, 10: 188568.0, 11: 336312.0, 12: 124128.0, 13: 762372.0, 14: 36.0, 15: 32616.0}
2026-06-05 08:51:18 [INFO] 分割成功
2026-06-05 08:51:18 [INFO] 引擎上下文已释放
2026-06-05 08:51:18 [INFO] TensorRT 引擎已释放
2026-06-05 08:51:18 [INFO] 全局 CUDA 资源已释放
2026-06-05 08:51:18 [INFO] 分割系统资源已释放
2026-06-05 08:51:22 [INFO] CUDA 初始化成功
2026-06-05 08:51:22 [INFO] 引擎加载成功: scrap_steel.engine
2026-06-05 08:51:22 [INFO] 分割系统初始化成功
2026-06-05 08:51:22 [INFO] 图像预处理完成，原始尺寸: (2160, 3840)
2026-06-05 08:51:22 [INFO] 开始执行分割...
2026-06-05 08:51:22 [DEBUG] 处理后的检测结果形状: (1, 8400, 6)
2026-06-05 08:51:22 [DEBUG] 示例检测结果: [[-4.15213776e+00 -3.26270771e+00  3.92181396e+01  1.53609514e+01
   4.10838723e-08  5.00000000e+00]
 [-6.55976105e+00 -3.06270790e+00  4.46765976e+01  2.98440609e+01
   9.93347271e-09  9.00000000e+00]
 [-3.56323242e+00 -3.49715328e+00  4.59983368e+01  3.05214310e+01
   4.61838567e-09  9.00000000e+00]]
2026-06-05 08:51:22 [DEBUG] 处理后检测输出形状: (0, 52)
2026-06-05 08:51:22 [DEBUG] 有效检测数量: 0
2026-06-05 08:51:22 [DEBUG] 检测输出为空
2026-06-05 08:51:22 [INFO] 掩码中检测到的类别: [0, 1, 2, 3, 4, 5, 6, 7, 8, 9, 10, 11, 12, 13, 14, 15]
2026-06-05 08:51:22 [INFO] 分割完成，检测到 0 个物体
2026-06-05 08:51:22 [INFO] 从分割掩码中提取检测结果
