2026-07-31 14:52:06 [INFO] CUDA 初始化成功
2026-07-31 14:52:06 [INFO] 引擎加载成功: scrap_steel.engine
2026-07-31 14:52:06 [INFO] 分割系统初始化成功
2026-07-31 14:52:08 [INFO] 引擎加载成功: scrap_steel.engine
2026-07-31 14:52:08 [INFO] 分割系统初始化成功
2026-07-31 14:52:08 [INFO] 图像预处理完成，原始尺寸: (2160, 3840)
2026-07-31 14:52:08 [INFO] 开始执行分割...
2026-07-31 14:52:08 [ERROR] 推理过程发生异常: explicit_context_dependent failed: invalid device context - no currently active context?
2026-07-31 14:52:08 [INFO] 分割完成，检测到 0 个物体
2026-07-31 14:52:08 [INFO] 计算出的车框矩形边界: (930, 714) to (3145, 1665)
2026-07-31 14:52:08 [INFO] 原始检测数: 0, 过滤后检测数: 0
2026-07-31 14:52:08 [ERROR] 保存结果失败: 'NoneType' object has no attribute 'shape'
2026-07-31 14:52:08 [ERROR] 分割失败: 未能生成有效的分割掩码
2026-07-31 14:52:08 [INFO] 引擎上下文已释放
2026-07-31 14:52:09 [INFO] TensorRT 引擎已释放
2026-07-31 14:52:09 [INFO] 全局 CUDA 资源已释放
2026-07-31 14:52:09 [INFO] 分割系统资源已释放
2026-07-31 14:52:14 [INFO] CUDA 初始化成功
2026-07-31 14:52:14 [INFO] 引擎加载成功: scrap_steel.engine
2026-07-31 14:52:14 [INFO] 分割系统初始化成功
2026-07-31 14:52:14 [INFO] 图像预处理完成，原始尺寸: (2160, 3840)
2026-07-31 14:52:14 [INFO] 开始执行分割...
2026-07-31 14:52:14 [DEBUG] 处理后的检测结果形状: (1, 8400, 6)
2026-07-31 14:52:14 [DEBUG] 示例检测结果: [[-3.93267822e+00 -3.21798229e+00  3.87505150e+01  1.50894384e+01
   4.33965504e-08  5.00000000e+00]
 [-6.16203308e+00 -2.95388412e+00  4.43694038e+01  2.95910606e+01
   9.70017666e-09  9.00000000e+00]
 [-3.55014420e+00 -3.55712318e+00  4.57359047e+01  3.04628773e+01
   4.24648761e-09  9.00000000e+00]]
2026-07-31 14:52:14 [DEBUG] 处理后检测输出形状: (0, 52)
2026-07-31 14:52:14 [DEBUG] 有效检测数量: 0
2026-07-31 14:52:14 [DEBUG] 检测输出为空
2026-07-31 14:52:14 [INFO] 掩码中检测到的类别: [0, 1, 2, 3, 4, 5, 6, 7, 8, 9, 10, 11, 12, 13, 14, 15]
2026-07-31 14:52:14 [INFO] 分割完成，检测到 0 个物体
2026-07-31 14:52:14 [INFO] 从分割掩码中提取检测结果
2026-07-31 14:52:14 [INFO] 从掩码中提取了 377 个检测框
2026-07-31 14:52:14 [INFO] 计算出的车框矩形边界: (931, 714) to (3143, 1654)
2026-07-31 14:52:14 [INFO] 原始检测数: 377, 过滤后检测数: 199
2026-07-31 14:52:15 [INFO] 保存分割和检测结果到: C:\code\show\Scrap_Steel_In_Field\photos\segmentation\segment_20260731_145214.jpg
2026-07-31 14:52:15 [INFO] JSON结果保存到: C:\code\show\Scrap_Steel_In_Field\photos\segmentation_result.json
2026-07-31 14:52:15 [INFO] 类别统计：{0: 7, 1: 56, 2: 20, 3: 1, 4: 28, 5: 23, 6: 15, 7: 29, 8: 40, 9: 42, 10: 20, 11: 11, 12: 19, 13: 54, 14: 0, 15: 12}
2026-07-31 14:52:15 [INFO] 面积统计：{0: 4136508.0, 1: 613620.0, 2: 45108.0, 3: 172692.0, 4: 111132.0, 5: 43632.0, 6: 467136.0, 7: 45324.0, 8: 827676.0, 9: 134100.0, 10: 153648.0, 11: 261432.0, 12: 73584.0, 13: 740592.0, 14: 36.0, 15: 44028.0}
2026-07-31 14:52:15 [INFO] 分割成功
2026-07-31 14:52:15 [INFO] 引擎上下文已释放
2026-07-31 14:52:15 [INFO] TensorRT 引擎已释放
2026-07-31 14:52:15 [INFO] 全局 CUDA 资源已释放
2026-07-31 14:52:15 [INFO] 分割系统资源已释放
2026-07-31 14:52:20 [INFO] CUDA 初始化成功
2026-07-31 14:52:20 [INFO] 引擎加载成功: scrap_steel.engine
2026-07-31 14:52:20 [INFO] 分割系统初始化成功
2026-07-31 14:52:20 [INFO] 图像预处理完成，原始尺寸: (2160, 3840)
2026-07-31 14:52:20 [INFO] 开始执行分割...
2026-07-31 14:52:20 [DEBUG] 处理后的检测结果形状: (1, 8400, 6)
2026-07-31 14:52:20 [DEBUG] 示例检测结果: [[-3.94920731e+00 -3.19347954e+00  3.87864456e+01  1.50545444e+01
   4.37537082e-08  5.00000000e+00]
 [-6.18607712e+00 -2.94444370e+00  4.42974281e+01  2.94853172e+01
   9.70017666e-09  9.00000000e+00]
 [-3.53738022e+00 -3.55766201e+00  4.56947594e+01  3.03848915e+01
   4.23006341e-09  9.00000000e+00]]
2026-07-31 14:52:20 [DEBUG] 处理后检测输出形状: (0, 52)
2026-07-31 14:52:20 [DEBUG] 有效检测数量: 0
2026-07-31 14:52:20 [DEBUG] 检测输出为空
2026-07-31 14:52:20 [INFO] 掩码中检测到的类别: [0, 1, 2, 3, 4, 5, 6, 7, 8, 9, 10, 11, 12, 13, 14, 15]
2026-07-31 14:52:20 [INFO] 分割完成，检测到 0 个物体
2026-07-31 14:52:20 [INFO] 从分割掩码中提取检测结果
2026-07-31 14:52:20 [INFO] 从掩码中提取了 399 个检测框
2026-07-31 14:52:20 [INFO] 计算出的车框矩形边界: (930, 721) to (3146, 1654)
2026-07-31 14:52:20 [INFO] 原始检测数: 399, 过滤后检测数: 203
2026-07-31 14:52:21 [INFO] 保存分割和检测结果到: C:\code\show\Scrap_Steel_In_Field\photos\segmentation\segment_20260731_145220.jpg
2026-07-31 14:52:21 [INFO] JSON结果保存到: C:\code\show\Scrap_Steel_In_Field\photos\segmentation_result.json
2026-07-31 14:52:21 [INFO] 类别统计：{0: 16, 1: 58, 2: 19, 3: 1, 4: 36, 5: 24, 6: 16, 7: 25, 8: 38, 9: 44, 10: 23, 11: 11, 12: 18, 13: 57, 14: 0, 15: 13}
2026-07-31 14:52:21 [INFO] 面积统计：{0: 4087800.0, 1: 660924.0, 2: 44172.0, 3: 166032.0, 4: 107136.0, 5: 43776.0, 6: 464220.0, 7: 50508.0, 8: 847188.0, 9: 137376.0, 10: 165204.0, 11: 265428.0, 12: 76032.0, 13: 730044.0, 14: 36.0, 15: 43236.0}
2026-07-31 14:52:21 [INFO] 分割成功
2026-07-31 14:52:21 [INFO] 引擎上下文已释放
2026-07-31 14:52:21 [INFO] TensorRT 引擎已释放
2026-07-31 14:52:21 [INFO] 全局 CUDA 资源已释放
2026-07-31 14:52:21 [INFO] 分割系统资源已释放
2026-07-31 14:52:24 [INFO] CUDA 初始化成功
2026-07-31 14:52:24 [INFO] 引擎加载成功: scrap_steel.engine
2026-07-31 14:52:24 [INFO] 分割系统初始化成功
2026-07-31 14:52:24 [INFO] 图像预处理完成，原始尺寸: (2160, 3840)
2026-07-31 14:52:24 [INFO] 开始执行分割...
2026-07-31 14:52:25 [DEBUG] 处理后的检测结果形状: (1, 8400, 6)
2026-07-31 14:52:25 [DEBUG] 示例检测结果: [[-3.94827652e+00 -3.18521976e+00  3.86756744e+01  1.49713907e+01
   4.25618261e-08  5.00000000e+00]
 [-6.18369293e+00 -2.98103046e+00  4.43508339e+01  2.95198860e+01
   9.62724300e-09  9.00000000e+00]
 [-3.54502106e+00 -3.55531120e+00  4.56923828e+01  3.03785877e+01
   4.24648761e-09  9.00000000e+00]]
2026-07-31 14:52:25 [DEBUG] 处理后检测输出形状: (0, 52)
2026-07-31 14:52:25 [DEBUG] 有效检测数量: 0
2026-07-31 14:52:25 [DEBUG] 检测输出为空
2026-07-31 14:52:25 [INFO] 掩码中检测到的类别: [0, 1, 2, 3, 4, 5, 6, 7, 8, 9, 10, 11, 12, 13, 14, 15]
2026-07-31 14:52:25 [INFO] 分割完成，检测到 0 个物体
2026-07-31 14:52:25 [INFO] 从分割掩码中提取检测结果
2026-07-31 14:52:25 [INFO] 从掩码中提取了 374 个检测框
2026-07-31 14:52:25 [INFO] 计算出的车框矩形边界: (930, 722) to (3145, 1654)
2026-07-31 14:52:25 [INFO] 原始检测数: 374, 过滤后检测数: 187
2026-07-31 14:52:26 [INFO] 保存分割和检测结果到: C:\code\show\Scrap_Steel_In_Field\photos\segmentation\segment_20260731_145225.jpg
2026-07-31 14:52:26 [INFO] JSON结果保存到: C:\code\show\Scrap_Steel_In_Field\photos\segmentation_result.json
2026-07-31 14:52:26 [INFO] 类别统计：{0: 9, 1: 54, 2: 20, 3: 1, 4: 28, 5: 29, 6: 18, 7: 28, 8: 44, 9: 35, 10: 20, 11: 11, 12: 17, 13: 48, 14: 0, 15: 12}
2026-07-31 14:52:26 [INFO] 面积统计：{0: 4160556.0, 1: 624672.0, 2: 48312.0, 3: 163224.0, 4: 93312.0, 5: 46044.0, 6: 466848.0, 7: 43596.0, 8: 832752.0, 9: 139104.0, 10: 165816.0, 11: 264276.0, 12: 76536.0, 13: 738540.0, 14: 36.0, 15: 41184.0}
2026-07-31 14:52:26 [INFO] 分割成功
2026-07-31 14:52:26 [INFO] 引擎上下文已释放
2026-07-31 14:52:26 [INFO] TensorRT 引擎已释放
2026-07-31 14:52:26 [INFO] 全局 CUDA 资源已释放
2026-07-31 14:52:26 [INFO] 分割系统资源已释放
2026-07-31 14:52:30 [INFO] CUDA 初始化成功
2026-07-31 14:52:30 [INFO] 引擎加载成功: scrap_steel.engine
2026-07-31 14:52:30 [INFO] 分割系统初始化成功
2026-07-31 14:52:30 [INFO] 图像预处理完成，原始尺寸: (2160, 3840)
2026-07-31 14:52:30 [INFO] 开始执行分割...
2026-07-31 14:52:30 [DEBUG] 处理后的检测结果形状: (1, 8400, 6)
2026-07-31 14:52:30 [DEBUG] 示例检测结果: [[-3.95003891e+00 -3.20842266e+00  3.86911469e+01  1.50969877e+01
   4.33965504e-08  5.00000000e+00]
 [-6.19748688e+00 -2.98360825e+00  4.43203888e+01  2.95992012e+01
   9.62970503e-09  9.00000000e+00]
 [-3.53610992e+00 -3.55737305e+00  4.56771278e+01  3.04605751e+01
   4.24763691e-09  9.00000000e+00]]
2026-07-31 14:52:30 [DEBUG] 处理后检测输出形状: (0, 52)
2026-07-31 14:52:30 [DEBUG] 有效检测数量: 0
2026-07-31 14:52:30 [DEBUG] 检测输出为空
2026-07-31 14:52:30 [INFO] 掩码中检测到的类别: [0, 1, 2, 3, 4, 5, 6, 7, 8, 9, 10, 11, 12, 13, 14, 15]
2026-07-31 14:52:30 [INFO] 分割完成，检测到 0 个物体
2026-07-31 14:52:30 [INFO] 从分割掩码中提取检测结果
2026-07-31 14:52:30 [INFO] 从掩码中提取了 384 个检测框
2026-07-31 14:52:30 [INFO] 计算出的车框矩形边界: (929, 713) to (3146, 1654)
2026-07-31 14:52:30 [INFO] 原始检测数: 384, 过滤后检测数: 200
2026-07-31 14:52:31 [INFO] 保存分割和检测结果到: C:\code\show\Scrap_Steel_In_Field\photos\segmentation\segment_20260731_145230.jpg
2026-07-31 14:52:31 [INFO] JSON结果保存到: C:\code\show\Scrap_Steel_In_Field\photos\segmentation_result.json
2026-07-31 14:52:31 [INFO] 类别统计：{0: 7, 1: 55, 2: 22, 3: 1, 4: 33, 5: 23, 6: 18, 7: 26, 8: 43, 9: 36, 10: 23, 11: 12, 12: 21, 13: 53, 14: 0, 15: 11}
2026-07-31 14:52:31 [INFO] 面积统计：{0: 4214952.0, 1: 587592.0, 2: 47016.0, 3: 167004.0, 4: 102204.0, 5: 44784.0, 6: 467352.0, 7: 47844.0, 8: 776088.0, 9: 127188.0, 10: 160992.0, 11: 260388.0, 12: 75024.0, 13: 738540.0, 14: 72.0, 15: 45216.0}
2026-07-31 14:52:31 [INFO] 分割成功
2026-07-31 14:52:31 [INFO] 引擎上下文已释放
2026-07-31 14:52:31 [INFO] TensorRT 引擎已释放
2026-07-31 14:52:31 [INFO] 全局 CUDA 资源已释放
2026-07-31 14:52:31 [INFO] 分割系统资源已释放
2026-07-31 14:52:35 [INFO] CUDA 初始化成功
2026-07-31 14:52:35 [INFO] 引擎加载成功: scrap_steel.engine
2026-07-31 14:52:35 [INFO] 分割系统初始化成功
2026-07-31 14:52:35 [INFO] 图像预处理完成，原始尺寸: (2160, 3840)
2026-07-31 14:52:35 [INFO] 开始执行分割...
2026-07-31 14:52:35 [DEBUG] 处理后的检测结果形状: (1, 8400, 6)
2026-07-31 14:52:35 [DEBUG] 示例检测结果: [[-3.97837067e+00 -3.19881630e+00  3.86408997e+01  1.50504475e+01
   4.27044569e-08  5.00000000e+00]
 [-6.21992493e+00 -2.98272038e+00  4.43284760e+01  2.94864922e+01
   9.59360591e-09  9.00000000e+00]
 [-3.56435776e+00 -3.55987740e+00  4.56645508e+01  3.03367634e+01
   4.19973123e-09  9.00000000e+00]]
2026-07-31 14:52:35 [DEBUG] 处理后检测输出形状: (0, 52)
2026-07-31 14:52:35 [DEBUG] 有效检测数量: 0
2026-07-31 14:52:35 [DEBUG] 检测输出为空
2026-07-31 14:52:35 [INFO] 掩码中检测到的类别: [0, 1, 2, 3, 4, 5, 6, 7, 8, 9, 10, 11, 12, 13, 15]
2026-07-31 14:52:35 [INFO] 分割完成，检测到 0 个物体
2026-07-31 14:52:35 [INFO] 从分割掩码中提取检测结果
2026-07-31 14:52:36 [INFO] 从掩码中提取了 394 个检测框
2026-07-31 14:52:36 [INFO] 计算出的车框矩形边界: (929, 720) to (3146, 1654)
2026-07-31 14:52:36 [INFO] 原始检测数: 394, 过滤后检测数: 201
2026-07-31 14:52:36 [INFO] 保存分割和检测结果到: C:\code\show\Scrap_Steel_In_Field\photos\segmentation\segment_20260731_145236.jpg
2026-07-31 14:52:36 [INFO] JSON结果保存到: C:\code\show\Scrap_Steel_In_Field\photos\segmentation_result.json
2026-07-31 14:52:36 [INFO] 类别统计：{0: 12, 1: 55, 2: 18, 3: 1, 4: 32, 5: 26, 6: 17, 7: 23, 8: 47, 9: 45, 10: 19, 11: 12, 12: 20, 13: 56, 14: 0, 15: 11}
2026-07-31 14:52:36 [INFO] 面积统计：{0: 4269420.0, 1: 623664.0, 2: 44064.0, 3: 164520.0, 4: 95868.0, 5: 43416.0, 6: 466992.0, 7: 42192.0, 8: 820224.0, 9: 133668.0, 10: 160308.0, 11: 272988.0, 12: 67968.0, 13: 726660.0, 15: 40248.0}
2026-07-31 14:52:36 [INFO] 分割成功
2026-07-31 14:52:36 [INFO] 引擎上下文已释放
2026-07-31 14:52:36 [INFO] TensorRT 引擎已释放
2026-07-31 14:52:36 [INFO] 全局 CUDA 资源已释放
2026-07-31 14:52:36 [INFO] 分割系统资源已释放
2026-07-31 14:52:41 [INFO] CUDA 初始化成功
2026-07-31 14:52:41 [INFO] 引擎加载成功: scrap_steel.engine
2026-07-31 14:52:41 [INFO] 分割系统初始化成功
2026-07-31 14:52:41 [INFO] 图像预处理完成，原始尺寸: (2160, 3840)
2026-07-31 14:52:41 [INFO] 开始执行分割...
2026-07-31 14:52:41 [DEBUG] 处理后的检测结果形状: (1, 8400, 6)
2026-07-31 14:52:41 [DEBUG] 示例检测结果: [[-3.94522476e+00 -3.17184114e+00  3.87279625e+01  1.50221748e+01
   4.37537082e-08  5.00000000e+00]
 [-6.18354416e+00 -2.94274330e+00  4.43390617e+01  2.94729328e+01
   9.85023263e-09  9.00000000e+00]
 [-3.54621124e+00 -3.52832031e+00  4.56660805e+01  3.03825684e+01
   4.34344827e-09  9.00000000e+00]]
2026-07-31 14:52:41 [DEBUG] 处理后检测输出形状: (0, 52)
2026-07-31 14:52:41 [DEBUG] 有效检测数量: 0
2026-07-31 14:52:41 [DEBUG] 检测输出为空
2026-07-31 14:52:41 [INFO] 掩码中检测到的类别: [0, 1, 2, 3, 4, 5, 6, 7, 8, 9, 10, 11, 12, 13, 15]
2026-07-31 14:52:41 [INFO] 分割完成，检测到 0 个物体
2026-07-31 14:52:41 [INFO] 从分割掩码中提取检测结果
2026-07-31 14:52:41 [INFO] 从掩码中提取了 373 个检测框
2026-07-31 14:52:41 [INFO] 计算出的车框矩形边界: (928, 726) to (3144, 1654)
2026-07-31 14:52:41 [INFO] 原始检测数: 373, 过滤后检测数: 192
2026-07-31 14:52:42 [INFO] 保存分割和检测结果到: C:\code\show\Scrap_Steel_In_Field\photos\segmentation\segment_20260731_145241.jpg
2026-07-31 14:52:42 [INFO] JSON结果保存到: C:\code\show\Scrap_Steel_In_Field\photos\segmentation_result.json
2026-07-31 14:52:42 [INFO] 类别统计：{0: 12, 1: 57, 2: 21, 3: 1, 4: 32, 5: 24, 6: 16, 7: 23, 8: 34, 9: 33, 10: 16, 11: 12, 12: 21, 13: 56, 14: 0, 15: 15}
2026-07-31 14:52:42 [INFO] 面积统计：{0: 4230468.0, 1: 595764.0, 2: 48708.0, 3: 167760.0, 4: 117576.0, 5: 45612.0, 6: 471204.0, 7: 43488.0, 8: 799092.0, 9: 123948.0, 10: 164592.0, 11: 263628.0, 12: 76572.0, 13: 736596.0, 15: 39888.0}
2026-07-31 14:52:42 [INFO] 分割成功
2026-07-31 14:52:42 [INFO] 引擎上下文已释放
2026-07-31 14:52:42 [INFO] TensorRT 引擎已释放
2026-07-31 14:52:42 [INFO] 全局 CUDA 资源已释放
2026-07-31 14:52:42 [INFO] 分割系统资源已释放
2026-07-31 14:52:47 [INFO] CUDA 初始化成功
2026-07-31 14:52:47 [INFO] 引擎加载成功: scrap_steel.engine
2026-07-31 14:52:47 [INFO] 分割系统初始化成功
2026-07-31 14:52:47 [INFO] 图像预处理完成，原始尺寸: (2160, 3840)
2026-07-31 14:52:47 [INFO] 开始执行分割...
2026-07-31 14:52:47 [DEBUG] 处理后的检测结果形状: (1, 8400, 6)
2026-07-31 14:52:47 [DEBUG] 示例检测结果: [[-3.97969818e+00 -3.21439934e+00  3.87535172e+01  1.50514736e+01
   4.44444481e-08  5.00000000e+00]
 [-6.28296661e+00 -2.97787666e+00  4.43092346e+01  2.94969769e+01
   9.73141567e-09  9.00000000e+00]
 [-3.58980560e+00 -3.56313324e+00  4.57171555e+01  3.04714966e+01
   4.25961844e-09  9.00000000e+00]]
2026-07-31 14:52:47 [DEBUG] 处理后检测输出形状: (0, 52)
2026-07-31 14:52:47 [DEBUG] 有效检测数量: 0
2026-07-31 14:52:47 [DEBUG] 检测输出为空
2026-07-31 14:52:47 [INFO] 掩码中检测到的类别: [0, 1, 2, 3, 4, 5, 6, 7, 8, 9, 10, 11, 12, 13, 15]
2026-07-31 14:52:47 [INFO] 分割完成，检测到 0 个物体
2026-07-31 14:52:47 [INFO] 从分割掩码中提取检测结果
2026-07-31 14:52:47 [INFO] 从掩码中提取了 374 个检测框
2026-07-31 14:52:47 [ERROR] 保存结果失败: 'NoneType' object has no attribute 'astype'
2026-07-31 14:52:47 [INFO] 分割成功
2026-07-31 14:52:47 [INFO] 引擎上下文已释放
2026-07-31 14:52:47 [INFO] TensorRT 引擎已释放
2026-07-31 14:52:47 [INFO] 全局 CUDA 资源已释放
2026-07-31 14:52:47 [INFO] 分割系统资源已释放
2026-07-31 14:52:51 [INFO] CUDA 初始化成功
2026-07-31 14:52:51 [INFO] 引擎加载成功: scrap_steel.engine
2026-07-31 14:52:51 [INFO] 分割系统初始化成功
2026-07-31 14:52:51 [INFO] 图像预处理完成，原始尺寸: (2160, 3840)
2026-07-31 14:52:51 [INFO] 开始执行分割...
2026-07-31 14:52:51 [DEBUG] 处理后的检测结果形状: (1, 8400, 6)
2026-07-31 14:52:51 [DEBUG] 示例检测结果: [[-3.93964767e+00 -3.20712709e+00  3.90572739e+01  1.52303696e+01
   4.55387088e-08  5.00000000e+00]
 [-6.29639816e+00 -2.94661045e+00  4.47634087e+01  2.98611717e+01
   1.05853246e-08  9.00000000e+00]
 [-3.55171204e+00 -3.41925240e+00  4.59778366e+01  3.06558247e+01
   4.84948881e-09  9.00000000e+00]]
2026-07-31 14:52:51 [DEBUG] 处理后检测输出形状: (0, 52)
2026-07-31 14:52:51 [DEBUG] 有效检测数量: 0
2026-07-31 14:52:51 [DEBUG] 检测输出为空
2026-07-31 14:52:51 [INFO] 掩码中检测到的类别: [0, 1, 2, 3, 4, 5, 6, 7, 8, 9, 10, 11, 12, 13, 14, 15]
2026-07-31 14:52:51 [INFO] 分割完成，检测到 0 个物体
2026-07-31 14:52:51 [INFO] 从分割掩码中提取检测结果
2026-07-31 14:52:52 [INFO] 从掩码中提取了 350 个检测框
2026-07-31 14:52:52 [INFO] 计算出的车框矩形边界: (928, 727) to (3146, 1653)
2026-07-31 14:52:52 [INFO] 原始检测数: 350, 过滤后检测数: 187
2026-07-31 14:52:52 [INFO] 保存分割和检测结果到: C:\code\show\Scrap_Steel_In_Field\photos\segmentation\segment_20260731_145252.jpg
2026-07-31 14:52:52 [INFO] JSON结果保存到: C:\code\show\Scrap_Steel_In_Field\photos\segmentation_result.json
2026-07-31 14:52:52 [INFO] 类别统计：{0: 15, 1: 65, 2: 21, 3: 1, 4: 16, 5: 17, 6: 19, 7: 9, 8: 43, 9: 28, 10: 15, 11: 5, 12: 16, 13: 69, 14: 0, 15: 11}
2026-07-31 14:52:52 [INFO] 面积统计：{0: 4172508.0, 1: 511272.0, 2: 46224.0, 3: 156852.0, 4: 70416.0, 5: 28944.0, 6: 529884.0, 7: 23220.0, 8: 1053216.0, 9: 134712.0, 10: 146448.0, 11: 345996.0, 12: 56124.0, 13: 815400.0, 14: 108.0, 15: 66204.0}
2026-07-31 14:52:52 [INFO] 分割成功
2026-07-31 14:52:52 [INFO] 引擎上下文已释放
2026-07-31 14:52:52 [INFO] TensorRT 引擎已释放
2026-07-31 14:52:53 [INFO] 全局 CUDA 资源已释放
2026-07-31 14:52:53 [INFO] 分割系统资源已释放
2026-07-31 14:52:57 [INFO] CUDA 初始化成功
2026-07-31 14:52:57 [INFO] 引擎加载成功: scrap_steel.engine
2026-07-31 14:52:57 [INFO] 分割系统初始化成功
2026-07-31 14:52:57 [INFO] 图像预处理完成，原始尺寸: (2160, 3840)
2026-07-31 14:52:57 [INFO] 开始执行分割...
2026-07-31 14:52:57 [DEBUG] 处理后的检测结果形状: (1, 8400, 6)
2026-07-31 14:52:57 [DEBUG] 示例检测结果: [[-3.94469833e+00 -3.18828964e+00  3.87400818e+01  1.50384045e+01
   4.37349250e-08  5.00000000e+00]
 [-6.19055939e+00 -2.95925903e+00  4.44373512e+01  2.94594612e+01
   9.88879378e-09  9.00000000e+00]
 [-3.56432343e+00 -3.51593494e+00  4.57271423e+01  3.03858452e+01
   4.41157511e-09  9.00000000e+00]]
2026-07-31 14:52:57 [DEBUG] 处理后检测输出形状: (0, 52)
2026-07-31 14:52:57 [DEBUG] 有效检测数量: 0
2026-07-31 14:52:57 [DEBUG] 检测输出为空
2026-07-31 14:52:57 [INFO] 掩码中检测到的类别: [0, 1, 2, 3, 4, 5, 6, 7, 8, 9, 10, 11, 12, 13, 14, 15]
2026-07-31 14:52:57 [INFO] 分割完成，检测到 0 个物体
2026-07-31 14:52:57 [INFO] 从分割掩码中提取检测结果
2026-07-31 14:52:57 [INFO] 从掩码中提取了 408 个检测框
2026-07-31 14:52:57 [INFO] 计算出的车框矩形边界: (928, 720) to (3145, 1654)
2026-07-31 14:52:57 [INFO] 原始检测数: 408, 过滤后检测数: 210
2026-07-31 14:52:58 [INFO] 保存分割和检测结果到: C:\code\show\Scrap_Steel_In_Field\photos\segmentation\segment_20260731_145257.jpg
2026-07-31 14:52:58 [INFO] JSON结果保存到: C:\code\show\Scrap_Steel_In_Field\photos\segmentation_result.json
2026-07-31 14:52:58 [INFO] 类别统计：{0: 6, 1: 61, 2: 22, 3: 1, 4: 29, 5: 24, 6: 12, 7: 28, 8: 54, 9: 42, 10: 23, 11: 12, 12: 24, 13: 53, 14: 0, 15: 17}
2026-07-31 14:52:58 [INFO] 面积统计：{0: 4109760.0, 1: 593100.0, 2: 46728.0, 3: 163908.0, 4: 109404.0, 5: 49680.0, 6: 484452.0, 7: 55224.0, 8: 841284.0, 9: 143208.0, 10: 162288.0, 11: 294948.0, 12: 87156.0, 13: 738576.0, 14: 36.0, 15: 32976.0}
2026-07-31 14:52:58 [INFO] 分割成功
2026-07-31 14:52:58 [INFO] 引擎上下文已释放
2026-07-31 14:52:58 [INFO] TensorRT 引擎已释放
2026-07-31 14:52:58 [INFO] 全局 CUDA 资源已释放
2026-07-31 14:52:58 [INFO] 分割系统资源已释放
2026-07-31 14:53:02 [INFO] CUDA 初始化成功
2026-07-31 14:53:02 [INFO] 引擎加载成功: scrap_steel.engine
2026-07-31 14:53:02 [INFO] 分割系统初始化成功
2026-07-31 14:53:02 [INFO] 图像预处理完成，原始尺寸: (2160, 3840)
2026-07-31 14:53:02 [INFO] 开始执行分割...
2026-07-31 14:53:02 [DEBUG] 处理后的检测结果形状: (1, 8400, 6)
2026-07-31 14:53:02 [DEBUG] 示例检测结果: [[-4.01110458e+00 -3.24146938e+00  3.90550117e+01  1.51958742e+01
   4.53355469e-08  5.00000000e+00]
 [-6.34702682e+00 -3.00144291e+00  4.43717117e+01  2.96045876e+01
   1.02510000e-08  9.00000000e+00]
 [-3.60360718e+00 -3.58046627e+00  4.57641754e+01  3.04660339e+01
   4.49838833e-09  9.00000000e+00]]
2026-07-31 14:53:02 [DEBUG] 处理后检测输出形状: (0, 52)
2026-07-31 14:53:02 [DEBUG] 有效检测数量: 0
2026-07-31 14:53:02 [DEBUG] 检测输出为空
2026-07-31 14:53:02 [INFO] 掩码中检测到的类别: [0, 1, 2, 3, 4, 5, 6, 7, 8, 9, 10, 11, 12, 13, 15]
2026-07-31 14:53:02 [INFO] 分割完成，检测到 0 个物体
2026-07-31 14:53:02 [INFO] 从分割掩码中提取检测结果
2026-07-31 14:53:02 [INFO] 从掩码中提取了 367 个检测框
2026-07-31 14:53:02 [ERROR] 保存结果失败: 'NoneType' object has no attribute 'astype'
2026-07-31 14:53:02 [INFO] 分割成功
2026-07-31 14:53:02 [INFO] 引擎上下文已释放
2026-07-31 14:53:02 [INFO] TensorRT 引擎已释放
2026-07-31 14:53:03 [INFO] 全局 CUDA 资源已释放
2026-07-31 14:53:03 [INFO] 分割系统资源已释放
2026-07-31 14:53:07 [INFO] CUDA 初始化成功
2026-07-31 14:53:07 [INFO] 引擎加载成功: scrap_steel.engine
2026-07-31 14:53:07 [INFO] 分割系统初始化成功
2026-07-31 14:53:07 [INFO] 图像预处理完成，原始尺寸: (2160, 3840)
2026-07-31 14:53:07 [INFO] 开始执行分割...
2026-07-31 14:53:07 [DEBUG] 处理后的检测结果形状: (1, 8400, 6)
2026-07-31 14:53:07 [DEBUG] 示例检测结果: [[-4.00007629e+00 -3.25393105e+00  3.99081268e+01  1.55459957e+01
   4.57352947e-08  5.00000000e+00]
 [-6.26611710e+00 -2.93441200e+00  4.51114578e+01  3.04567966e+01
   1.03381703e-08  9.00000000e+00]
 [-3.52890396e+00 -3.40425110e+00  4.60410500e+01  3.11290283e+01
   4.63823113e-09  9.00000000e+00]]
2026-07-31 14:53:07 [DEBUG] 处理后检测输出形状: (0, 52)
2026-07-31 14:53:07 [DEBUG] 有效检测数量: 0
2026-07-31 14:53:07 [DEBUG] 检测输出为空
2026-07-31 14:53:07 [INFO] 掩码中检测到的类别: [0, 1, 2, 3, 4, 5, 6, 7, 8, 9, 10, 11, 12, 13, 14, 15]
2026-07-31 14:53:07 [INFO] 分割完成，检测到 0 个物体
2026-07-31 14:53:07 [INFO] 从分割掩码中提取检测结果
2026-07-31 14:53:08 [INFO] 从掩码中提取了 336 个检测框
2026-07-31 14:53:08 [INFO] 计算出的车框矩形边界: (930, 724) to (3145, 1652)
2026-07-31 14:53:08 [INFO] 原始检测数: 336, 过滤后检测数: 184
2026-07-31 14:53:08 [INFO] 保存分割和检测结果到: C:\code\show\Scrap_Steel_In_Field\photos\segmentation\segment_20260731_145308.jpg
2026-07-31 14:53:08 [INFO] JSON结果保存到: C:\code\show\Scrap_Steel_In_Field\photos\segmentation_result.json
2026-07-31 14:53:08 [INFO] 类别统计：{0: 11, 1: 53, 2: 22, 3: 2, 4: 13, 5: 13, 6: 19, 7: 14, 8: 35, 9: 29, 10: 14, 11: 4, 12: 12, 13: 84, 14: 0, 15: 11}
2026-07-31 14:53:08 [INFO] 面积统计：{0: 4103820.0, 1: 444132.0, 2: 50076.0, 3: 162504.0, 4: 59436.0, 5: 32652.0, 6: 548100.0, 7: 19728.0, 8: 1077912.0, 9: 117324.0, 10: 159804.0, 11: 308376.0, 12: 50904.0, 13: 861408.0, 14: 72.0, 15: 72144.0}
2026-07-31 14:53:08 [INFO] 分割成功
2026-07-31 14:53:08 [INFO] 引擎上下文已释放
2026-07-31 14:53:08 [INFO] TensorRT 引擎已释放
2026-07-31 14:53:09 [INFO] 全局 CUDA 资源已释放
2026-07-31 14:53:09 [INFO] 分割系统资源已释放
2026-07-31 14:53:13 [INFO] CUDA 初始化成功
2026-07-31 14:53:13 [INFO] 引擎加载成功: scrap_steel.engine
2026-07-31 14:53:13 [INFO] 分割系统初始化成功
2026-07-31 14:53:13 [INFO] 图像预处理完成，原始尺寸: (2160, 3840)
2026-07-31 14:53:13 [INFO] 开始执行分割...
2026-07-31 14:53:13 [DEBUG] 处理后的检测结果形状: (1, 8400, 6)
2026-07-31 14:53:13 [DEBUG] 示例检测结果: [[-3.94828796e+00 -3.20570612e+00  3.85748215e+01  1.50056133e+01
   4.23686970e-08  5.00000000e+00]
 [-6.16618347e+00 -2.97009087e+00  4.43783188e+01  2.95250416e+01
   9.48137568e-09  9.00000000e+00]
 [-3.53310394e+00 -3.51392937e+00  4.56602097e+01  3.04021206e+01
   4.21479740e-09  9.00000000e+00]]
2026-07-31 14:53:13 [DEBUG] 处理后检测输出形状: (0, 52)
2026-07-31 14:53:13 [DEBUG] 有效检测数量: 0
2026-07-31 14:53:13 [DEBUG] 检测输出为空
2026-07-31 14:53:13 [INFO] 掩码中检测到的类别: [0, 1, 2, 3, 4, 5, 6, 7, 8, 9, 10, 11, 12, 13, 14, 15]
2026-07-31 14:53:13 [INFO] 分割完成，检测到 0 个物体
2026-07-31 14:53:13 [INFO] 从分割掩码中提取检测结果
2026-07-31 14:53:13 [INFO] 从掩码中提取了 383 个检测框
2026-07-31 14:53:13 [INFO] 计算出的车框矩形边界: (928, 724) to (3146, 1654)
2026-07-31 14:53:13 [INFO] 原始检测数: 383, 过滤后检测数: 197
2026-07-31 14:53:15 [INFO] 保存分割和检测结果到: C:\code\show\Scrap_Steel_In_Field\photos\segmentation\segment_20260731_145313.jpg
2026-07-31 14:53:15 [INFO] JSON结果保存到: C:\code\show\Scrap_Steel_In_Field\photos\segmentation_result.json
2026-07-31 14:53:15 [INFO] 类别统计：{0: 9, 1: 54, 2: 19, 3: 1, 4: 32, 5: 25, 6: 18, 7: 30, 8: 49, 9: 32, 10: 18, 11: 14, 12: 20, 13: 49, 14: 0, 15: 13}
2026-07-31 14:53:15 [INFO] 面积统计：{0: 4022136.0, 1: 607716.0, 2: 41652.0, 3: 165240.0, 4: 105660.0, 5: 48240.0, 6: 476784.0, 7: 53172.0, 8: 877500.0, 9: 129420.0, 10: 163080.0, 11: 291276.0, 12: 87444.0, 13: 729504.0, 14: 36.0, 15: 32904.0}
2026-07-31 14:53:15 [INFO] 分割成功
2026-07-31 14:53:15 [INFO] 引擎上下文已释放
2026-07-31 14:53:15 [INFO] TensorRT 引擎已释放
2026-07-31 14:53:15 [INFO] 全局 CUDA 资源已释放
2026-07-31 14:53:15 [INFO] 分割系统资源已释放
2026-07-31 14:53:18 [INFO] CUDA 初始化成功
2026-07-31 14:53:18 [INFO] 引擎加载成功: scrap_steel.engine
2026-07-31 14:53:18 [INFO] 分割系统初始化成功
2026-07-31 14:53:18 [INFO] 图像预处理完成，原始尺寸: (2160, 3840)
2026-07-31 14:53:18 [INFO] 开始执行分割...
2026-07-31 14:53:18 [DEBUG] 处理后的检测结果形状: (1, 8400, 6)
2026-07-31 14:53:18 [DEBUG] 示例检测结果: [[-3.96154785e+00 -3.20918179e+00  3.87344856e+01  1.50939436e+01
   4.30612026e-08  5.00000000e+00]
 [-6.17319489e+00 -2.97177219e+00  4.44162064e+01  2.95250511e+01
   9.77672343e-09  9.00000000e+00]
 [-3.55352020e+00 -3.50526237e+00  4.57050323e+01  3.03271275e+01
   4.37751169e-09  9.00000000e+00]]
2026-07-31 14:53:18 [DEBUG] 处理后检测输出形状: (0, 52)
2026-07-31 14:53:18 [DEBUG] 有效检测数量: 0
2026-07-31 14:53:18 [DEBUG] 检测输出为空
2026-07-31 14:53:18 [INFO] 掩码中检测到的类别: [0, 1, 2, 3, 4, 5, 6, 7, 8, 9, 10, 11, 12, 13, 14, 15]
2026-07-31 14:53:18 [INFO] 分割完成，检测到 0 个物体
2026-07-31 14:53:18 [INFO] 从分割掩码中提取检测结果
2026-07-31 14:53:19 [INFO] 从掩码中提取了 402 个检测框
2026-07-31 14:53:19 [INFO] 计算出的车框矩形边界: (927, 725) to (3144, 1653)
2026-07-31 14:53:19 [INFO] 原始检测数: 402, 过滤后检测数: 198
2026-07-31 14:53:19 [INFO] 保存分割和检测结果到: C:\code\show\Scrap_Steel_In_Field\photos\segmentation\segment_20260731_145319.jpg
2026-07-31 14:53:19 [INFO] JSON结果保存到: C:\code\show\Scrap_Steel_In_Field\photos\segmentation_result.json
2026-07-31 14:53:19 [INFO] 类别统计：{0: 8, 1: 61, 2: 21, 3: 1, 4: 28, 5: 30, 6: 13, 7: 31, 8: 43, 9: 36, 10: 19, 11: 13, 12: 22, 13: 57, 14: 0, 15: 19}
2026-07-31 14:53:19 [INFO] 面积统计：{0: 4144032.0, 1: 579636.0, 2: 44208.0, 3: 162504.0, 4: 84492.0, 5: 48384.0, 6: 477144.0, 7: 53064.0, 8: 803664.0, 9: 121968.0, 10: 170712.0, 11: 283392.0, 12: 83088.0, 13: 739656.0, 14: 36.0, 15: 33264.0}
2026-07-31 14:53:19 [INFO] 分割成功
2026-07-31 14:53:19 [INFO] 引擎上下文已释放
2026-07-31 14:53:20 [INFO] TensorRT 引擎已释放
2026-07-31 14:53:20 [INFO] 全局 CUDA 资源已释放
2026-07-31 14:53:20 [INFO] 分割系统资源已释放
2026-07-31 14:53:23 [INFO] CUDA 初始化成功
2026-07-31 14:53:24 [INFO] 引擎加载成功: scrap_steel.engine
2026-07-31 14:53:24 [INFO] 分割系统初始化成功
2026-07-31 14:53:24 [INFO] 图像预处理完成，原始尺寸: (2160, 3840)
2026-07-31 14:53:24 [INFO] 开始执行分割...
2026-07-31 14:53:24 [DEBUG] 处理后的检测结果形状: (1, 8400, 6)
2026-07-31 14:53:24 [DEBUG] 示例检测结果: [[-3.96168518e+00 -3.18769407e+00  3.87429390e+01  1.49855118e+01
   4.30612026e-08  5.00000000e+00]
 [-6.18970490e+00 -2.97316360e+00  4.44140549e+01  2.94211159e+01
   9.70017666e-09  9.00000000e+00]
 [-3.55117035e+00 -3.50439453e+00  4.56952591e+01  3.03229866e+01
   4.39266401e-09  9.00000000e+00]]
2026-07-31 14:53:24 [DEBUG] 处理后检测输出形状: (0, 52)
2026-07-31 14:53:24 [DEBUG] 有效检测数量: 0
2026-07-31 14:53:24 [DEBUG] 检测输出为空
2026-07-31 14:53:24 [INFO] 掩码中检测到的类别: [0, 1, 2, 3, 4, 5, 6, 7, 8, 9, 10, 11, 12, 13, 14, 15]
2026-07-31 14:53:24 [INFO] 分割完成，检测到 0 个物体
2026-07-31 14:53:24 [INFO] 从分割掩码中提取检测结果
2026-07-31 14:53:24 [INFO] 从掩码中提取了 398 个检测框
2026-07-31 14:53:24 [INFO] 计算出的车框矩形边界: (927, 727) to (3145, 1653)
2026-07-31 14:53:24 [INFO] 原始检测数: 398, 过滤后检测数: 200
2026-07-31 14:53:24 [INFO] 保存分割和检测结果到: C:\code\show\Scrap_Steel_In_Field\photos\segmentation\segment_20260731_145324.jpg
2026-07-31 14:53:24 [INFO] JSON结果保存到: C:\code\show\Scrap_Steel_In_Field\photos\segmentation_result.json
2026-07-31 14:53:24 [INFO] 类别统计：{0: 11, 1: 53, 2: 19, 3: 1, 4: 29, 5: 29, 6: 17, 7: 28, 8: 48, 9: 29, 10: 23, 11: 14, 12: 25, 13: 55, 14: 0, 15: 17}
2026-07-31 14:53:24 [INFO] 面积统计：{0: 4158072.0, 1: 578664.0, 2: 46476.0, 3: 160776.0, 4: 100764.0, 5: 51156.0, 6: 481968.0, 7: 59184.0, 8: 820764.0, 9: 139932.0, 10: 163548.0, 11: 290088.0, 12: 79776.0, 13: 754704.0, 14: 72.0, 15: 33588.0}
2026-07-31 14:53:24 [INFO] 分割成功
2026-07-31 14:53:24 [INFO] 引擎上下文已释放
2026-07-31 14:53:24 [INFO] TensorRT 引擎已释放
2026-07-31 14:53:24 [INFO] 全局 CUDA 资源已释放
2026-07-31 14:53:24 [INFO] 分割系统资源已释放
