2026-05-21 16:14:47 [INFO] CUDA 初始化成功
2026-05-21 16:14:47 [INFO] 引擎加载成功: scrap_steel.engine
2026-05-21 16:14:47 [INFO] 分割系统初始化成功
2026-05-21 16:14:50 [INFO] 引擎加载成功: scrap_steel.engine
2026-05-21 16:14:50 [INFO] 分割系统初始化成功
2026-05-21 16:14:50 [INFO] 图像预处理完成，原始尺寸: (2160, 3840)
2026-05-21 16:14:50 [INFO] 开始执行分割...
2026-05-21 16:14:50 [ERROR] 推理过程发生异常: explicit_context_dependent failed: invalid device context - no currently active context?
2026-05-21 16:14:50 [INFO] 分割完成，检测到 0 个物体
2026-05-21 16:14:50 [ERROR] 分割失败: 未能生成有效的分割掩码
2026-05-21 16:14:50 [INFO] 引擎上下文已释放
2026-05-21 16:14:50 [INFO] TensorRT 引擎已释放
2026-05-21 16:14:50 [INFO] 全局 CUDA 资源已释放
2026-05-21 16:14:50 [INFO] 分割系统资源已释放
2026-05-21 16:14:56 [INFO] CUDA 初始化成功
2026-05-21 16:14:56 [INFO] 引擎加载成功: scrap_steel.engine
2026-05-21 16:14:56 [INFO] 分割系统初始化成功
2026-05-21 16:14:56 [INFO] 图像预处理完成，原始尺寸: (2160, 3840)
2026-05-21 16:14:56 [INFO] 开始执行分割...
2026-05-21 16:14:56 [DEBUG] 处理后的检测结果形状: (1, 8400, 6)
2026-05-21 16:14:56 [DEBUG] 示例检测结果: [[-4.05877686e+00 -3.28856850e+00  3.88665924e+01  1.55976009e+01
   4.23686970e-08  5.00000000e+00]
 [-6.32934570e+00 -3.03368187e+00  4.40152817e+01  2.98137836e+01
   9.51878576e-09  9.00000000e+00]
 [-3.63924789e+00 -3.57797241e+00  4.55570412e+01  3.03601685e+01
   4.13479295e-09  9.00000000e+00]]
2026-05-21 16:14:56 [DEBUG] 处理后检测输出形状: (0, 52)
2026-05-21 16:14:56 [DEBUG] 有效检测数量: 0
2026-05-21 16:14:56 [DEBUG] 检测输出为空
2026-05-21 16:14:56 [INFO] 掩码中检测到的类别: [0, 1, 2, 3, 4, 5, 6, 7, 8, 9, 10, 11, 12, 13, 15]
2026-05-21 16:14:56 [INFO] 分割完成，检测到 0 个物体
2026-05-21 16:14:56 [INFO] 从分割掩码中提取检测结果
2026-05-21 16:14:56 [INFO] 从掩码中提取了 403 个检测框
2026-05-21 16:14:56 [INFO] 检测到车兜区域，将过滤区域外的目标
2026-05-21 16:14:56 [INFO] 车兜区域过滤: 403 -> 164 个目标
2026-05-21 16:14:57 [INFO] 保存分割和检测结果到: C:\code\show\Scrap_Steel_In_Field\photos\segmentation\segment_20260521_161456.jpg
2026-05-21 16:14:57 [INFO] JSON结果保存到: C:\code\show\Scrap_Steel_In_Field\photos\segmentation_result.json
2026-05-21 16:14:57 [INFO] 类别统计：{0: 8, 1: 27, 2: 17, 3: 0, 4: 6, 5: 23, 6: 12, 7: 13, 8: 17, 9: 11, 10: 9, 11: 0, 12: 7, 13: 11, 14: 0, 15: 3}
2026-05-21 16:14:57 [INFO] 面积统计：{1: np.float64(42.45), 2: np.float64(3.58), 4: np.float64(1.09), 5: np.float64(8.3), 6: np.float64(6.99), 7: np.float64(3.43), 8: np.float64(2.28), 9: np.float64(4.82), 10: np.float64(10.61), 12: np.float64(13.46), 13: np.float64(1.7), 15: np.float64(1.3)}
2026-05-21 16:14:57 [INFO] 分割成功
2026-05-21 16:14:57 [INFO] 引擎上下文已释放
2026-05-21 16:14:57 [INFO] TensorRT 引擎已释放
2026-05-21 16:14:57 [INFO] 全局 CUDA 资源已释放
2026-05-21 16:14:57 [INFO] 分割系统资源已释放
2026-05-21 16:15:01 [INFO] CUDA 初始化成功
2026-05-21 16:15:01 [INFO] 引擎加载成功: scrap_steel.engine
2026-05-21 16:15:01 [INFO] 分割系统初始化成功
2026-05-21 16:15:01 [INFO] 图像预处理完成，原始尺寸: (2160, 3840)
2026-05-21 16:15:01 [INFO] 开始执行分割...
2026-05-21 16:15:01 [DEBUG] 处理后的检测结果形状: (1, 8400, 6)
2026-05-21 16:15:01 [DEBUG] 示例检测结果: [[-4.04366302e+00 -3.27757168e+00  3.87817802e+01  1.55993013e+01
   4.17181631e-08  5.00000000e+00]
 [-6.30226135e+00 -3.03564167e+00  4.39809647e+01  2.98072701e+01
   9.59360591e-09  9.00000000e+00]
 [-3.60496902e+00 -3.55551720e+00  4.55419807e+01  3.03415470e+01
   4.13585699e-09  9.00000000e+00]]
2026-05-21 16:15:01 [DEBUG] 处理后检测输出形状: (0, 52)
2026-05-21 16:15:01 [DEBUG] 有效检测数量: 0
2026-05-21 16:15:01 [DEBUG] 检测输出为空
2026-05-21 16:15:01 [INFO] 掩码中检测到的类别: [0, 1, 2, 3, 4, 5, 6, 7, 8, 9, 10, 11, 12, 13, 15]
2026-05-21 16:15:01 [INFO] 分割完成，检测到 0 个物体
2026-05-21 16:15:01 [INFO] 从分割掩码中提取检测结果
2026-05-21 16:15:01 [INFO] 从掩码中提取了 431 个检测框
2026-05-21 16:15:01 [INFO] 检测到车兜区域，将过滤区域外的目标
2026-05-21 16:15:01 [INFO] 车兜区域过滤: 431 -> 171 个目标
2026-05-21 16:15:02 [INFO] 保存分割和检测结果到: C:\code\show\Scrap_Steel_In_Field\photos\segmentation\segment_20260521_161501.jpg
2026-05-21 16:15:02 [INFO] JSON结果保存到: C:\code\show\Scrap_Steel_In_Field\photos\segmentation_result.json
2026-05-21 16:15:02 [INFO] 类别统计：{0: 1, 1: 25, 2: 16, 3: 1, 4: 6, 5: 23, 6: 14, 7: 16, 8: 15, 9: 18, 10: 11, 11: 1, 12: 8, 13: 12, 14: 0, 15: 4}
2026-05-21 16:15:02 [INFO] 面积统计：{1: np.float64(44.77), 2: np.float64(3.64), 3: np.float64(0.04), 4: np.float64(1.34), 5: np.float64(8.03), 6: np.float64(5.87), 7: np.float64(2.71), 8: np.float64(2.8), 9: np.float64(5.84), 10: np.float64(9.69), 11: np.float64(0.03), 12: np.float64(12.31), 13: np.float64(1.73), 15: np.float64(1.22)}
2026-05-21 16:15:02 [INFO] 分割成功
2026-05-21 16:15:02 [INFO] 引擎上下文已释放
2026-05-21 16:15:02 [INFO] TensorRT 引擎已释放
2026-05-21 16:15:02 [INFO] 全局 CUDA 资源已释放
2026-05-21 16:15:02 [INFO] 分割系统资源已释放
2026-05-21 16:15:06 [INFO] CUDA 初始化成功
2026-05-21 16:15:06 [INFO] 引擎加载成功: scrap_steel.engine
2026-05-21 16:15:06 [INFO] 分割系统初始化成功
2026-05-21 16:15:06 [INFO] 图像预处理完成，原始尺寸: (2160, 3840)
2026-05-21 16:15:06 [INFO] 开始执行分割...
2026-05-21 16:15:06 [DEBUG] 处理后的检测结果形状: (1, 8400, 6)
2026-05-21 16:15:06 [DEBUG] 示例检测结果: [[-4.10395813e+00 -3.33141613e+00  3.87761307e+01  1.57644186e+01
   4.17181631e-08  5.00000000e+00]
 [-6.35120392e+00 -3.10675621e+00  4.39799118e+01  2.99816494e+01
   9.29890831e-09  9.00000000e+00]
 [-3.63393784e+00 -3.62183952e+00  4.55159149e+01  3.04717274e+01
   4.00853750e-09  9.00000000e+00]]
2026-05-21 16:15:06 [DEBUG] 处理后检测输出形状: (0, 52)
2026-05-21 16:15:06 [DEBUG] 有效检测数量: 0
2026-05-21 16:15:06 [DEBUG] 检测输出为空
2026-05-21 16:15:06 [INFO] 掩码中检测到的类别: [0, 1, 2, 3, 4, 5, 6, 7, 8, 9, 10, 11, 12, 13, 15]
2026-05-21 16:15:06 [INFO] 分割完成，检测到 0 个物体
2026-05-21 16:15:06 [INFO] 从分割掩码中提取检测结果
2026-05-21 16:15:06 [INFO] 从掩码中提取了 420 个检测框
2026-05-21 16:15:06 [INFO] 检测到车兜区域，将过滤区域外的目标
2026-05-21 16:15:06 [INFO] 车兜区域过滤: 420 -> 173 个目标
2026-05-21 16:15:07 [INFO] 保存分割和检测结果到: C:\code\show\Scrap_Steel_In_Field\photos\segmentation\segment_20260521_161506.jpg
2026-05-21 16:15:07 [INFO] JSON结果保存到: C:\code\show\Scrap_Steel_In_Field\photos\segmentation_result.json
2026-05-21 16:15:07 [INFO] 类别统计：{0: 1, 1: 30, 2: 14, 3: 1, 4: 7, 5: 21, 6: 13, 7: 19, 8: 13, 9: 16, 10: 11, 11: 0, 12: 9, 13: 13, 14: 0, 15: 5}
2026-05-21 16:15:07 [INFO] 面积统计：{1: np.float64(43.89), 2: np.float64(4.36), 3: np.float64(0.02), 4: np.float64(1.33), 5: np.float64(7.05), 6: np.float64(6.32), 7: np.float64(3.16), 8: np.float64(2.6), 9: np.float64(5.44), 10: np.float64(10.12), 11: np.float64(0.02), 12: np.float64(12.87), 13: np.float64(1.81), 15: np.float64(1.0)}
2026-05-21 16:15:07 [INFO] 分割成功
2026-05-21 16:15:07 [INFO] 引擎上下文已释放
2026-05-21 16:15:07 [INFO] TensorRT 引擎已释放
2026-05-21 16:15:07 [INFO] 全局 CUDA 资源已释放
2026-05-21 16:15:07 [INFO] 分割系统资源已释放
2026-05-21 16:15:11 [INFO] CUDA 初始化成功
2026-05-21 16:15:11 [INFO] 引擎加载成功: scrap_steel.engine
2026-05-21 16:15:11 [INFO] 分割系统初始化成功
2026-05-21 16:15:11 [INFO] 图像预处理完成，原始尺寸: (2160, 3840)
2026-05-21 16:15:11 [INFO] 开始执行分割...
2026-05-21 16:15:11 [DEBUG] 处理后的检测结果形状: (1, 8400, 6)
2026-05-21 16:15:11 [DEBUG] 示例检测结果: [[-4.10609436e+00 -3.31058311e+00  3.88468246e+01  1.57143440e+01
   4.13824033e-08  5.00000000e+00]
 [-6.38470840e+00 -3.05930233e+00  4.40158615e+01  2.98549271e+01
   9.42755474e-09  9.00000000e+00]
 [-3.63599014e+00 -3.59468746e+00  4.55656815e+01  3.03440552e+01
   4.04046308e-09  9.00000000e+00]]
2026-05-21 16:15:11 [DEBUG] 处理后检测输出形状: (0, 52)
2026-05-21 16:15:11 [DEBUG] 有效检测数量: 0
2026-05-21 16:15:11 [DEBUG] 检测输出为空
2026-05-21 16:15:11 [INFO] 掩码中检测到的类别: [0, 1, 2, 3, 4, 5, 6, 7, 8, 9, 10, 11, 12, 13, 15]
2026-05-21 16:15:11 [INFO] 分割完成，检测到 0 个物体
2026-05-21 16:15:11 [INFO] 从分割掩码中提取检测结果
2026-05-21 16:15:11 [INFO] 从掩码中提取了 400 个检测框
2026-05-21 16:15:11 [INFO] 检测到车兜区域，将过滤区域外的目标
2026-05-21 16:15:11 [INFO] 车兜区域过滤: 400 -> 161 个目标
2026-05-21 16:15:12 [INFO] 保存分割和检测结果到: C:\code\show\Scrap_Steel_In_Field\photos\segmentation\segment_20260521_161511.jpg
2026-05-21 16:15:12 [INFO] JSON结果保存到: C:\code\show\Scrap_Steel_In_Field\photos\segmentation_result.json
2026-05-21 16:15:12 [INFO] 类别统计：{0: 1, 1: 24, 2: 14, 3: 0, 4: 6, 5: 20, 6: 15, 7: 14, 8: 14, 9: 15, 10: 9, 11: 0, 12: 10, 13: 13, 14: 0, 15: 6}
2026-05-21 16:15:12 [INFO] 面积统计：{1: np.float64(44.38), 2: np.float64(4.26), 3: np.float64(0.01), 4: np.float64(1.23), 5: np.float64(7.99), 6: np.float64(5.9), 7: np.float64(3.09), 8: np.float64(2.39), 9: np.float64(6.02), 10: np.float64(10.24), 11: np.float64(0.01), 12: np.float64(11.57), 13: np.float64(1.86), 15: np.float64(1.04)}
2026-05-21 16:15:12 [INFO] 分割成功
2026-05-21 16:15:12 [INFO] 引擎上下文已释放
2026-05-21 16:15:12 [INFO] TensorRT 引擎已释放
2026-05-21 16:15:12 [INFO] 全局 CUDA 资源已释放
2026-05-21 16:15:12 [INFO] 分割系统资源已释放
2026-05-21 16:15:16 [INFO] CUDA 初始化成功
2026-05-21 16:15:16 [INFO] 引擎加载成功: scrap_steel.engine
2026-05-21 16:15:16 [INFO] 分割系统初始化成功
2026-05-21 16:15:16 [INFO] 图像预处理完成，原始尺寸: (2160, 3840)
2026-05-21 16:15:16 [INFO] 开始执行分割...
2026-05-21 16:15:16 [DEBUG] 处理后的检测结果形状: (1, 8400, 6)
2026-05-21 16:15:16 [DEBUG] 示例检测结果: [[-4.06296921e+00 -3.27345657e+00  3.88136902e+01  1.55918293e+01
   4.13950403e-08  5.00000000e+00]
 [-6.31673050e+00 -3.03158665e+00  4.39832344e+01  2.98424072e+01
   9.46446121e-09  9.00000000e+00]
 [-3.61959076e+00 -3.57846451e+00  4.55369492e+01  3.03570671e+01
   4.07190637e-09  9.00000000e+00]]
2026-05-21 16:15:16 [DEBUG] 处理后检测输出形状: (0, 52)
2026-05-21 16:15:16 [DEBUG] 有效检测数量: 0
2026-05-21 16:15:16 [DEBUG] 检测输出为空
2026-05-21 16:15:16 [INFO] 掩码中检测到的类别: [0, 1, 2, 3, 4, 5, 6, 7, 8, 9, 10, 11, 12, 13, 15]
2026-05-21 16:15:16 [INFO] 分割完成，检测到 0 个物体
2026-05-21 16:15:16 [INFO] 从分割掩码中提取检测结果
2026-05-21 16:15:16 [INFO] 从掩码中提取了 430 个检测框
2026-05-21 16:15:16 [INFO] 检测到车兜区域，将过滤区域外的目标
2026-05-21 16:15:16 [INFO] 车兜区域过滤: 430 -> 164 个目标
2026-05-21 16:15:17 [INFO] 保存分割和检测结果到: C:\code\show\Scrap_Steel_In_Field\photos\segmentation\segment_20260521_161516.jpg
2026-05-21 16:15:17 [INFO] JSON结果保存到: C:\code\show\Scrap_Steel_In_Field\photos\segmentation_result.json
2026-05-21 16:15:17 [INFO] 类别统计：{0: 1, 1: 22, 2: 14, 3: 0, 4: 8, 5: 25, 6: 15, 7: 13, 8: 15, 9: 13, 10: 10, 11: 1, 12: 11, 13: 11, 14: 0, 15: 5}
2026-05-21 16:15:17 [INFO] 面积统计：{1: np.float64(43.9), 2: np.float64(4.39), 4: np.float64(1.45), 5: np.float64(7.79), 6: np.float64(6.23), 7: np.float64(2.99), 8: np.float64(2.47), 9: np.float64(5.54), 10: np.float64(10.05), 11: np.float64(0.03), 12: np.float64(12.15), 13: np.float64(1.9), 15: np.float64(1.1)}
2026-05-21 16:15:17 [INFO] 分割成功
2026-05-21 16:15:17 [INFO] 引擎上下文已释放
2026-05-21 16:15:17 [INFO] TensorRT 引擎已释放
2026-05-21 16:15:17 [INFO] 全局 CUDA 资源已释放
2026-05-21 16:15:17 [INFO] 分割系统资源已释放
2026-05-21 16:15:21 [INFO] CUDA 初始化成功
2026-05-21 16:15:21 [INFO] 引擎加载成功: scrap_steel.engine
2026-05-21 16:15:21 [INFO] 分割系统初始化成功
2026-05-21 16:15:21 [INFO] 图像预处理完成，原始尺寸: (2160, 3840)
2026-05-21 16:15:21 [INFO] 开始执行分割...
2026-05-21 16:15:21 [DEBUG] 处理后的检测结果形状: (1, 8400, 6)
2026-05-21 16:15:21 [DEBUG] 示例检测结果: [[-4.10856628e+00 -3.33209705e+00  3.88711853e+01  1.57724771e+01
   4.17181631e-08  5.00000000e+00]
 [-6.36070251e+00 -3.07980347e+00  4.39527130e+01  2.99402847e+01
   9.28084010e-09  9.00000000e+00]
 [-3.60483932e+00 -3.60994816e+00  4.55208015e+01  3.03808517e+01
   3.99344113e-09  9.00000000e+00]]
2026-05-21 16:15:21 [DEBUG] 处理后检测输出形状: (0, 52)
2026-05-21 16:15:21 [DEBUG] 有效检测数量: 0
2026-05-21 16:15:21 [DEBUG] 检测输出为空
2026-05-21 16:15:21 [INFO] 掩码中检测到的类别: [0, 1, 2, 3, 4, 5, 6, 7, 8, 9, 10, 11, 12, 13, 15]
2026-05-21 16:15:21 [INFO] 分割完成，检测到 0 个物体
2026-05-21 16:15:21 [INFO] 从分割掩码中提取检测结果
2026-05-21 16:15:22 [INFO] 从掩码中提取了 416 个检测框
2026-05-21 16:15:22 [INFO] 检测到车兜区域，将过滤区域外的目标
2026-05-21 16:15:22 [INFO] 车兜区域过滤: 416 -> 164 个目标
2026-05-21 16:15:22 [INFO] 保存分割和检测结果到: C:\code\show\Scrap_Steel_In_Field\photos\segmentation\segment_20260521_161522.jpg
2026-05-21 16:15:22 [INFO] JSON结果保存到: C:\code\show\Scrap_Steel_In_Field\photos\segmentation_result.json
2026-05-21 16:15:22 [INFO] 类别统计：{0: 1, 1: 23, 2: 17, 3: 0, 4: 5, 5: 21, 6: 13, 7: 17, 8: 15, 9: 14, 10: 11, 11: 2, 12: 6, 13: 14, 14: 0, 15: 5}
2026-05-21 16:15:22 [INFO] 面积统计：{1: np.float64(43.18), 2: np.float64(4.39), 4: np.float64(1.45), 5: np.float64(8.04), 6: np.float64(5.78), 7: np.float64(3.1), 8: np.float64(2.47), 9: np.float64(5.35), 10: np.float64(10.84), 11: np.float64(0.13), 12: np.float64(12.31), 13: np.float64(1.83), 15: np.float64(1.13)}
2026-05-21 16:15:22 [INFO] 分割成功
2026-05-21 16:15:22 [INFO] 引擎上下文已释放
2026-05-21 16:15:22 [INFO] TensorRT 引擎已释放
2026-05-21 16:15:23 [INFO] 全局 CUDA 资源已释放
2026-05-21 16:15:23 [INFO] 分割系统资源已释放
2026-05-21 16:15:26 [INFO] CUDA 初始化成功
2026-05-21 16:15:26 [INFO] 引擎加载成功: scrap_steel.engine
2026-05-21 16:15:26 [INFO] 分割系统初始化成功
2026-05-21 16:15:26 [INFO] 图像预处理完成，原始尺寸: (2160, 3840)
2026-05-21 16:15:26 [INFO] 开始执行分割...
2026-05-21 16:15:26 [DEBUG] 处理后的检测结果形状: (1, 8400, 6)
2026-05-21 16:15:26 [DEBUG] 示例检测结果: [[-4.11905289e+00 -3.32230043e+00  3.88453331e+01  1.58003273e+01
   4.12230179e-08  5.00000000e+00]
 [-6.36206055e+00 -3.06947231e+00  4.39615440e+01  2.99537201e+01
   9.39064826e-09  9.00000000e+00]
 [-3.58382416e+00 -3.58082771e+00  4.55261765e+01  3.03695660e+01
   4.00919120e-09  9.00000000e+00]]
2026-05-21 16:15:26 [DEBUG] 处理后检测输出形状: (0, 52)
2026-05-21 16:15:26 [DEBUG] 有效检测数量: 0
2026-05-21 16:15:26 [DEBUG] 检测输出为空
2026-05-21 16:15:26 [INFO] 掩码中检测到的类别: [0, 1, 2, 3, 4, 5, 6, 7, 8, 9, 10, 11, 12, 13, 15]
2026-05-21 16:15:26 [INFO] 分割完成，检测到 0 个物体
2026-05-21 16:15:26 [INFO] 从分割掩码中提取检测结果
2026-05-21 16:15:27 [INFO] 从掩码中提取了 394 个检测框
2026-05-21 16:15:27 [INFO] 检测到车兜区域，将过滤区域外的目标
2026-05-21 16:15:27 [INFO] 车兜区域过滤: 394 -> 168 个目标
2026-05-21 16:15:27 [INFO] 保存分割和检测结果到: C:\code\show\Scrap_Steel_In_Field\photos\segmentation\segment_20260521_161527.jpg
2026-05-21 16:15:27 [INFO] JSON结果保存到: C:\code\show\Scrap_Steel_In_Field\photos\segmentation_result.json
2026-05-21 16:15:27 [INFO] 类别统计：{0: 1, 1: 27, 2: 15, 3: 0, 4: 5, 5: 22, 6: 14, 7: 16, 8: 17, 9: 16, 10: 10, 11: 1, 12: 8, 13: 12, 14: 0, 15: 4}
2026-05-21 16:15:27 [INFO] 面积统计：{1: np.float64(43.74), 2: np.float64(4.21), 4: np.float64(1.37), 5: np.float64(7.37), 6: np.float64(6.61), 7: np.float64(3.05), 8: np.float64(2.77), 9: np.float64(6.27), 10: np.float64(10.2), 11: np.float64(0.02), 12: np.float64(11.83), 13: np.float64(1.7), 15: np.float64(0.85)}
2026-05-21 16:15:27 [INFO] 分割成功
2026-05-21 16:15:27 [INFO] 引擎上下文已释放
2026-05-21 16:15:27 [INFO] TensorRT 引擎已释放
2026-05-21 16:15:27 [INFO] 全局 CUDA 资源已释放
2026-05-21 16:15:27 [INFO] 分割系统资源已释放
2026-05-21 16:15:32 [INFO] CUDA 初始化成功
2026-05-21 16:15:32 [INFO] 引擎加载成功: scrap_steel.engine
2026-05-21 16:15:32 [INFO] 分割系统初始化成功
2026-05-21 16:15:32 [INFO] 图像预处理完成，原始尺寸: (2160, 3840)
2026-05-21 16:15:32 [INFO] 开始执行分割...
2026-05-21 16:15:32 [DEBUG] 处理后的检测结果形状: (1, 8400, 6)
2026-05-21 16:15:32 [DEBUG] 示例检测结果: [[-4.10795975e+00 -3.31759548e+00  3.87903862e+01  1.57972879e+01
   4.20539230e-08  5.00000000e+00]
 [-6.34543610e+00 -3.06821823e+00  4.39687386e+01  2.99534225e+01
   9.48137568e-09  9.00000000e+00]
 [-3.62582397e+00 -3.60286140e+00  4.55294647e+01  3.04270420e+01
   4.07159106e-09  9.00000000e+00]]
2026-05-21 16:15:32 [DEBUG] 处理后检测输出形状: (0, 52)
2026-05-21 16:15:32 [DEBUG] 有效检测数量: 0
2026-05-21 16:15:32 [DEBUG] 检测输出为空
2026-05-21 16:15:32 [INFO] 掩码中检测到的类别: [0, 1, 2, 3, 4, 5, 6, 7, 8, 9, 10, 11, 12, 13, 15]
2026-05-21 16:15:32 [INFO] 分割完成，检测到 0 个物体
2026-05-21 16:15:32 [INFO] 从分割掩码中提取检测结果
2026-05-21 16:15:32 [INFO] 从掩码中提取了 416 个检测框
2026-05-21 16:15:32 [INFO] 检测到车兜区域，将过滤区域外的目标
2026-05-21 16:15:32 [INFO] 车兜区域过滤: 416 -> 167 个目标
2026-05-21 16:15:33 [INFO] 保存分割和检测结果到: C:\code\show\Scrap_Steel_In_Field\photos\segmentation\segment_20260521_161532.jpg
2026-05-21 16:15:33 [INFO] JSON结果保存到: C:\code\show\Scrap_Steel_In_Field\photos\segmentation_result.json
2026-05-21 16:15:33 [INFO] 类别统计：{0: 9, 1: 23, 2: 15, 3: 1, 4: 6, 5: 21, 6: 13, 7: 13, 8: 15, 9: 12, 10: 12, 11: 1, 12: 9, 13: 13, 14: 0, 15: 4}
2026-05-21 16:15:33 [INFO] 面积统计：{1: np.float64(43.42), 2: np.float64(4.6), 3: np.float64(0.07), 4: np.float64(1.24), 5: np.float64(7.44), 6: np.float64(6.37), 7: np.float64(3.22), 8: np.float64(2.37), 9: np.float64(4.61), 10: np.float64(9.99), 11: np.float64(0.13), 12: np.float64(13.48), 13: np.float64(1.79), 15: np.float64(1.28)}
2026-05-21 16:15:33 [INFO] 分割成功
2026-05-21 16:15:33 [INFO] 引擎上下文已释放
2026-05-21 16:15:33 [INFO] TensorRT 引擎已释放
2026-05-21 16:15:33 [INFO] 全局 CUDA 资源已释放
2026-05-21 16:15:33 [INFO] 分割系统资源已释放
