2026-05-20 20:26:20 [INFO] CUDA 初始化成功
2026-05-20 20:26:20 [INFO] 引擎加载成功: scrap_steel.engine
2026-05-20 20:26:20 [INFO] 分割系统初始化成功
2026-05-20 20:26:21 [INFO] 图像预处理完成，原始尺寸: (2160, 3840)
2026-05-20 20:26:21 [INFO] 开始执行分割...
2026-05-20 20:26:21 [DEBUG] 处理后的检测结果形状: (1, 25600, 6)
2026-05-20 20:26:21 [DEBUG] 示例检测结果: [[ 9.60845947e-02 -1.83380127e-01  1.20590210e-01 -2.58758545e-01
   2.72958726e-03  4.00000000e+00]
 [-1.21047974e-01 -1.57836914e-01 -1.49948120e-01 -3.98315430e-01
   1.96895599e-01  1.20000000e+01]
 [-9.59053040e-02 -1.63879395e-01 -8.97636414e-02 -3.90319824e-01
   1.89903617e-01  1.20000000e+01]]
2026-05-20 20:26:21 [DEBUG] 处理后检测输出形状: (19015, 32)
2026-05-20 20:26:21 [DEBUG] 有效检测数量: 19015
2026-05-20 20:26:21 [DEBUG] 最大置信度: 7.6484, 平均置信度: 0.6181
2026-05-20 20:26:21 [DEBUG] 检测到有效类别: ID=0, 类别名称=Sqr Pipe 1, 置信度=7.65
2026-05-20 20:26:21 [ERROR] 处理掩码输出出错: axes don't match array
2026-05-20 20:26:21 [INFO] 分割完成，检测到 1 个物体
2026-05-20 20:26:21 [INFO] 保存分割和检测结果到: C:\code\show\Scrap_Steel_In_Field\photos\segmentation\segment_20260520_202621.jpg
2026-05-20 20:26:21 [INFO] JSON结果保存到: C:\code\show\Scrap_Steel_In_Field\photos\segmentation_result.json
2026-05-20 20:26:21 [INFO] 类别统计：{0: 1, 1: 0, 2: 0, 3: 0, 4: 0, 5: 0, 6: 0, 7: 0, 8: 0, 9: 0, 10: 0, 11: 0, 12: 0, 13: 0, 14: 0, 15: 0}
2026-05-20 20:26:21 [INFO] 面积统计：{}
2026-05-20 20:26:21 [ERROR] 分割失败: 未能生成有效的分割掩码
2026-05-20 20:26:21 [INFO] 引擎上下文已释放
2026-05-20 20:26:21 [INFO] TensorRT 引擎已释放
2026-05-20 20:26:21 [INFO] 全局 CUDA 资源已释放
2026-05-20 20:26:21 [INFO] 分割系统资源已释放
