2025-11-19 14:53:14 [INFO] CUDA 初始化成功
2025-11-19 14:53:14 [INFO] 引擎加载成功: scrap_steel.engine
2025-11-19 14:53:14 [INFO] 分割系统初始化成功
2025-11-19 14:53:14 [INFO] 图像预处理完成，原始尺寸: (2160, 3840)
2025-11-19 14:53:14 [INFO] 开始执行分割...
2025-11-19 14:53:14 [DEBUG] 处理后的检测结果形状: (1, 8400, 6)
2025-11-19 14:53:14 [DEBUG] 示例检测结果: [[-3.83388519e+00 -3.14259911e+00  3.95238991e+01  1.49347725e+01
   4.33969625e-08  5.00000000e+00]
 [-5.96943665e+00 -2.76996517e+00  4.50508728e+01  2.98879623e+01
   9.76023173e-09  9.00000000e+00]
 [-3.44052124e+00 -3.27772141e+00  4.61174316e+01  3.09366570e+01
   4.51211246e-09  9.00000000e+00]]
2025-11-19 14:53:14 [DEBUG] 处理后检测输出形状: (0, 52)
2025-11-19 14:53:14 [DEBUG] 有效检测数量: 0
2025-11-19 14:53:14 [DEBUG] 检测输出为空
2025-11-19 14:53:14 [INFO] 掩码中检测到的类别: [0, 1, 2, 3, 4, 5, 6, 7, 8, 9, 10, 11, 12, 13, 15]
2025-11-19 14:53:14 [INFO] 分割完成，检测到 0 个物体
2025-11-19 14:53:14 [INFO] 从分割掩码中提取检测结果
2025-11-19 14:53:14 [INFO] 从掩码中提取了 515 个检测框
2025-11-19 14:53:14 [INFO] 保存分割和检测结果到: C:\Users\diaoqingguang\Scrap_steel_system\Scrap_Steel_In_Field\photos\segmentation\segment_20251119_145314.jpg
2025-11-19 14:53:14 [INFO] JSON结果保存到: C:\Users\diaoqingguang\Scrap_steel_system\Scrap_Steel_In_Field\photos\segmentation_result.json
2025-11-19 14:53:14 [INFO] 类别统计：{0: 23, 1: 63, 2: 29, 3: 2, 4: 34, 5: 35, 6: 23, 7: 35, 8: 29, 9: 51, 10: 31, 11: 11, 12: 23, 13: 94, 14: 0, 15: 32}
2025-11-19 14:53:14 [INFO] 面积统计：{0: 2931948.0, 1: 317268.0, 2: 64332.0, 3: 266688.0, 4: 261432.0, 5: 74304.0, 6: 715320.0, 7: 78192.0, 8: 1076724.0, 9: 97236.0, 10: 160416.0, 11: 180252.0, 12: 76824.0, 13: 752688.0, 15: 71280.0}
2025-11-19 14:53:14 [INFO] 分割成功
2025-11-19 14:53:14 [INFO] 引擎上下文已释放
2025-11-19 14:53:14 [INFO] TensorRT 引擎已释放
2025-11-19 14:53:14 [INFO] 全局 CUDA 资源已释放
2025-11-19 14:53:14 [INFO] 分割系统资源已释放
