2026-08-02 14:16:23 [INFO] CUDA 初始化成功
2026-08-02 14:16:23 [INFO] 引擎加载成功: scrap_steel.engine
2026-08-02 14:16:23 [INFO] 分割系统初始化成功
2026-08-02 14:16:26 [INFO] 引擎加载成功: scrap_steel.engine
2026-08-02 14:16:26 [INFO] 分割系统初始化成功
2026-08-02 14:16:26 [INFO] 图像预处理完成，原始尺寸: (2160, 3840)
2026-08-02 14:16:26 [INFO] 开始执行分割...
2026-08-02 14:16:26 [ERROR] 推理过程发生异常: explicit_context_dependent failed: invalid device context - no currently active context?
2026-08-02 14:16:26 [INFO] 分割完成，检测到 0 个物体
2026-08-02 14:16:26 [ERROR] 保存结果失败: 'NoneType' object has no attribute 'astype'
2026-08-02 14:16:26 [ERROR] 分割失败: 未能生成有效的分割掩码
2026-08-02 14:16:26 [INFO] 引擎上下文已释放
2026-08-02 14:16:26 [INFO] TensorRT 引擎已释放
2026-08-02 14:16:26 [INFO] 全局 CUDA 资源已释放
2026-08-02 14:16:26 [INFO] 分割系统资源已释放
2026-08-02 14:16:31 [INFO] CUDA 初始化成功
2026-08-02 14:16:31 [INFO] 引擎加载成功: scrap_steel.engine
2026-08-02 14:16:31 [INFO] 分割系统初始化成功
2026-08-02 14:16:31 [INFO] 图像预处理完成，原始尺寸: (2160, 3840)
2026-08-02 14:16:31 [INFO] 开始执行分割...
2026-08-02 14:16:31 [DEBUG] 处理后的检测结果形状: (1, 8400, 6)
2026-08-02 14:16:31 [DEBUG] 示例检测结果: [[-3.96617126e+00 -3.23222065e+00  3.92425690e+01  1.54823580e+01
   4.49774120e-08  5.00000000e+00]
 [-6.20813370e+00 -2.93965530e+00  4.46827736e+01  3.00308304e+01
   1.02107123e-08  9.00000000e+00]
 [-3.57243347e+00 -3.47754574e+00  4.58128662e+01  3.07457733e+01
   4.63088234e-09  9.00000000e+00]]
2026-08-02 14:16:31 [DEBUG] 处理后检测输出形状: (0, 52)
2026-08-02 14:16:31 [DEBUG] 有效检测数量: 0
2026-08-02 14:16:31 [DEBUG] 检测输出为空
2026-08-02 14:16:31 [INFO] 掩码中检测到的类别: [0, 1, 2, 3, 4, 5, 6, 7, 8, 9, 10, 11, 12, 13, 15]
2026-08-02 14:16:31 [INFO] 分割完成，检测到 0 个物体
2026-08-02 14:16:31 [INFO] 从分割掩码中提取检测结果
2026-08-02 14:16:31 [INFO] 从掩码中提取了 329 个检测框
2026-08-02 14:16:31 [ERROR] 保存结果失败: 'NoneType' object has no attribute 'astype'
2026-08-02 14:16:31 [INFO] 分割成功
2026-08-02 14:16:31 [INFO] 引擎上下文已释放
2026-08-02 14:16:31 [INFO] TensorRT 引擎已释放
2026-08-02 14:16:31 [INFO] 全局 CUDA 资源已释放
2026-08-02 14:16:31 [INFO] 分割系统资源已释放
2026-08-02 14:16:36 [INFO] CUDA 初始化成功
2026-08-02 14:16:36 [INFO] 引擎加载成功: scrap_steel.engine
2026-08-02 14:16:36 [INFO] 分割系统初始化成功
2026-08-02 14:16:36 [INFO] 图像预处理完成，原始尺寸: (2160, 3840)
2026-08-02 14:16:36 [INFO] 开始执行分割...
2026-08-02 14:16:36 [DEBUG] 处理后的检测结果形状: (1, 8400, 6)
2026-08-02 14:16:36 [DEBUG] 示例检测结果: [[-3.95678329e+00 -3.22532272e+00  3.89494476e+01  1.53295879e+01
   4.33965504e-08  5.00000000e+00]
 [-6.17037964e+00 -2.94457150e+00  4.44632301e+01  2.97739906e+01
   9.88879378e-09  9.00000000e+00]
 [-3.54614258e+00 -3.49692345e+00  4.56872559e+01  3.05598850e+01
   4.34155822e-09  9.00000000e+00]]
2026-08-02 14:16:36 [DEBUG] 处理后检测输出形状: (0, 52)
2026-08-02 14:16:36 [DEBUG] 有效检测数量: 0
2026-08-02 14:16:36 [DEBUG] 检测输出为空
2026-08-02 14:16:36 [INFO] 掩码中检测到的类别: [0, 1, 2, 3, 4, 5, 6, 7, 8, 9, 10, 11, 12, 13, 15]
2026-08-02 14:16:36 [INFO] 分割完成，检测到 0 个物体
2026-08-02 14:16:36 [INFO] 从分割掩码中提取检测结果
2026-08-02 14:16:37 [INFO] 从掩码中提取了 331 个检测框
2026-08-02 14:16:37 [ERROR] 保存结果失败: 'NoneType' object has no attribute 'astype'
2026-08-02 14:16:37 [INFO] 分割成功
2026-08-02 14:16:37 [INFO] 引擎上下文已释放
2026-08-02 14:16:37 [INFO] TensorRT 引擎已释放
2026-08-02 14:16:37 [INFO] 全局 CUDA 资源已释放
2026-08-02 14:16:37 [INFO] 分割系统资源已释放
2026-08-02 14:16:41 [INFO] CUDA 初始化成功
2026-08-02 14:16:41 [INFO] 引擎加载成功: scrap_steel.engine
2026-08-02 14:16:41 [INFO] 分割系统初始化成功
2026-08-02 14:16:41 [INFO] 图像预处理完成，原始尺寸: (2160, 3840)
2026-08-02 14:16:41 [INFO] 开始执行分割...
2026-08-02 14:16:41 [DEBUG] 处理后的检测结果形状: (1, 8400, 6)
2026-08-02 14:16:41 [DEBUG] 示例检测结果: [[-3.97034454e+00 -3.23677397e+00  3.90794182e+01  1.53595924e+01
   4.40894681e-08  5.00000000e+00]
 [-6.23794556e+00 -2.96428108e+00  4.45938339e+01  2.99712734e+01
   9.99191130e-09  9.00000000e+00]
 [-3.56848907e+00 -3.50728893e+00  4.57821960e+01  3.06681023e+01
   4.45247395e-09  9.00000000e+00]]
2026-08-02 14:16:41 [DEBUG] 处理后检测输出形状: (0, 52)
2026-08-02 14:16:41 [DEBUG] 有效检测数量: 0
2026-08-02 14:16:41 [DEBUG] 检测输出为空
2026-08-02 14:16:41 [INFO] 掩码中检测到的类别: [0, 1, 2, 3, 4, 5, 6, 7, 8, 9, 10, 11, 12, 13, 15]
2026-08-02 14:16:41 [INFO] 分割完成，检测到 0 个物体
2026-08-02 14:16:41 [INFO] 从分割掩码中提取检测结果
2026-08-02 14:16:41 [INFO] 从掩码中提取了 326 个检测框
2026-08-02 14:16:41 [ERROR] 保存结果失败: 'NoneType' object has no attribute 'astype'
2026-08-02 14:16:41 [INFO] 分割成功
2026-08-02 14:16:41 [INFO] 引擎上下文已释放
2026-08-02 14:16:41 [INFO] TensorRT 引擎已释放
2026-08-02 14:16:41 [INFO] 全局 CUDA 资源已释放
2026-08-02 14:16:41 [INFO] 分割系统资源已释放
2026-08-02 14:16:46 [INFO] CUDA 初始化成功
2026-08-02 14:16:46 [INFO] 引擎加载成功: scrap_steel.engine
2026-08-02 14:16:46 [INFO] 分割系统初始化成功
2026-08-02 14:16:46 [INFO] 图像预处理完成，原始尺寸: (2160, 3840)
2026-08-02 14:16:46 [INFO] 开始执行分割...
2026-08-02 14:16:46 [DEBUG] 处理后的检测结果形状: (1, 8400, 6)
2026-08-02 14:16:46 [DEBUG] 示例检测结果: [[-3.94230270e+00 -3.21443796e+00  3.89578629e+01  1.52724857e+01
   4.44328236e-08  5.00000000e+00]
 [-6.19418716e+00 -2.95172215e+00  4.44973793e+01  2.99082947e+01
   9.87558479e-09  9.00000000e+00]
 [-3.58255386e+00 -3.50747395e+00  4.57568893e+01  3.06524544e+01
   4.44922588e-09  9.00000000e+00]]
2026-08-02 14:16:46 [DEBUG] 处理后检测输出形状: (0, 52)
2026-08-02 14:16:46 [DEBUG] 有效检测数量: 0
2026-08-02 14:16:46 [DEBUG] 检测输出为空
2026-08-02 14:16:46 [INFO] 掩码中检测到的类别: [0, 1, 2, 3, 4, 5, 6, 7, 8, 9, 10, 11, 12, 13, 15]
2026-08-02 14:16:46 [INFO] 分割完成，检测到 0 个物体
2026-08-02 14:16:46 [INFO] 从分割掩码中提取检测结果
2026-08-02 14:16:46 [INFO] 从掩码中提取了 321 个检测框
2026-08-02 14:16:47 [ERROR] 保存结果失败: 'NoneType' object has no attribute 'astype'
2026-08-02 14:16:47 [INFO] 分割成功
2026-08-02 14:16:47 [INFO] 引擎上下文已释放
2026-08-02 14:16:47 [INFO] TensorRT 引擎已释放
2026-08-02 14:16:47 [INFO] 全局 CUDA 资源已释放
2026-08-02 14:16:47 [INFO] 分割系统资源已释放
2026-08-02 14:16:51 [INFO] CUDA 初始化成功
2026-08-02 14:16:51 [INFO] 引擎加载成功: scrap_steel.engine
2026-08-02 14:16:51 [INFO] 分割系统初始化成功
2026-08-02 14:16:51 [INFO] 图像预处理完成，原始尺寸: (2160, 3840)
2026-08-02 14:16:51 [INFO] 开始执行分割...
2026-08-02 14:16:52 [DEBUG] 处理后的检测结果形状: (1, 8400, 6)
2026-08-02 14:16:52 [DEBUG] 示例检测结果: [[-3.94239044e+00 -3.20574093e+00  3.91182480e+01  1.52818804e+01
   4.40894681e-08  5.00000000e+00]
 [-6.18495941e+00 -2.93021393e+00  4.45638657e+01  2.99348373e+01
   9.99725103e-09  9.00000000e+00]
 [-3.56963348e+00 -3.48203278e+00  4.57552338e+01  3.06658707e+01
   4.43925963e-09  9.00000000e+00]]
2026-08-02 14:16:52 [DEBUG] 处理后检测输出形状: (0, 52)
2026-08-02 14:16:52 [DEBUG] 有效检测数量: 0
2026-08-02 14:16:52 [DEBUG] 检测输出为空
2026-08-02 14:16:52 [INFO] 掩码中检测到的类别: [0, 1, 2, 3, 4, 5, 6, 7, 8, 9, 10, 11, 12, 13, 15]
2026-08-02 14:16:52 [INFO] 分割完成，检测到 0 个物体
2026-08-02 14:16:52 [INFO] 从分割掩码中提取检测结果
2026-08-02 14:16:52 [INFO] 从掩码中提取了 336 个检测框
2026-08-02 14:16:52 [ERROR] 保存结果失败: 'NoneType' object has no attribute 'astype'
2026-08-02 14:16:52 [INFO] 分割成功
2026-08-02 14:16:52 [INFO] 引擎上下文已释放
2026-08-02 14:16:52 [INFO] TensorRT 引擎已释放
2026-08-02 14:16:52 [INFO] 全局 CUDA 资源已释放
2026-08-02 14:16:52 [INFO] 分割系统资源已释放
2026-08-02 14:16:57 [INFO] CUDA 初始化成功
2026-08-02 14:16:57 [INFO] 引擎加载成功: scrap_steel.engine
2026-08-02 14:16:57 [INFO] 分割系统初始化成功
