2025-11-18 17:51:10 [INFO] CUDA 初始化成功
2025-11-18 17:51:10 [INFO] 引擎加载成功: scrap_steel.engine
2025-11-18 17:51:10 [INFO] 分割系统初始化成功
2025-11-18 17:51:10 [INFO] 图像预处理完成，原始尺寸: (2160, 3840)
2025-11-18 17:51:10 [INFO] 开始执行分割...
2025-11-18 17:51:10 [DEBUG] 处理后的检测结果形状: (1, 8400, 6)
2025-11-18 17:51:10 [DEBUG] 示例检测结果: [[-3.88729477e+00 -3.18801117e+00  3.96413765e+01  1.52740726e+01
   4.30370264e-08  5.00000000e+00]
 [-5.97608566e+00 -2.79073048e+00  4.51641769e+01  3.01376801e+01
   9.76532988e-09  9.00000000e+00]
 [-3.42213821e+00 -3.29195023e+00  4.61876335e+01  3.11204300e+01
   4.41778258e-09  9.00000000e+00]]
2025-11-18 17:51:10 [DEBUG] 处理后检测输出形状: (0, 52)
2025-11-18 17:51:10 [DEBUG] 有效检测数量: 0
2025-11-18 17:51:10 [DEBUG] 检测输出为空
2025-11-18 17:51:10 [INFO] 掩码中检测到的类别: [0, 1, 2, 3, 4, 5, 6, 7, 8, 9, 10, 11, 12, 13, 14, 15]
2025-11-18 17:51:10 [INFO] 分割完成，检测到 0 个物体
2025-11-18 17:51:10 [INFO] 从分割掩码中提取检测结果
2025-11-18 17:51:10 [INFO] 从掩码中提取了 515 个检测框
2025-11-18 17:51:10 [INFO] 保存分割和检测结果到: C:\Users\diaoqingguang\Scrap_steel_system\Scrap_Steel_In_Field\photos\segmentation\segment_20251118_175110.jpg
2025-11-18 17:51:10 [INFO] JSON结果保存到: C:\Users\diaoqingguang\Scrap_steel_system\Scrap_Steel_In_Field\photos\segmentation_result.json
2025-11-18 17:51:10 [INFO] 类别统计：{0: 15, 1: 49, 2: 25, 3: 5, 4: 51, 5: 33, 6: 33, 7: 50, 8: 38, 9: 61, 10: 21, 11: 9, 12: 19, 13: 68, 14: 0, 15: 38}
2025-11-18 17:51:10 [INFO] 面积统计：{0: 3286296.0, 1: 225288.0, 2: 34668.0, 3: 300060.0, 4: 193176.0, 5: 62820.0, 6: 859896.0, 7: 89316.0, 8: 1026432.0, 9: 131436.0, 10: 241668.0, 11: 164916.0, 12: 100116.0, 13: 766008.0, 14: 180.0, 15: 77580.0}
2025-11-18 17:51:10 [INFO] 分割成功
2025-11-18 17:51:10 [INFO] 引擎上下文已释放
2025-11-18 17:51:10 [INFO] TensorRT 引擎已释放
2025-11-18 17:51:10 [INFO] 全局 CUDA 资源已释放
2025-11-18 17:51:10 [INFO] 分割系统资源已释放
