2026-06-04 17:46:04 [INFO] CUDA 初始化成功
2026-06-04 17:46:04 [INFO] 引擎加载成功: scrap_steel.engine
2026-06-04 17:46:04 [INFO] 分割系统初始化成功
2026-06-04 17:46:07 [INFO] 引擎加载成功: scrap_steel.engine
2026-06-04 17:46:07 [INFO] 分割系统初始化成功
2026-06-04 17:46:07 [INFO] 图像预处理完成，原始尺寸: (2160, 3840)
2026-06-04 17:46:07 [INFO] 开始执行分割...
2026-06-04 17:46:07 [ERROR] 推理过程发生异常: explicit_context_dependent failed: invalid device context - no currently active context?
2026-06-04 17:46:07 [INFO] 分割完成，检测到 0 个物体
2026-06-04 17:46:07 [INFO] 计算出的车框矩形边界: (1025, 620) to (3174, 1518)
2026-06-04 17:46:07 [INFO] 原始检测数: 0, 过滤后检测数: 0
2026-06-04 17:46:07 [ERROR] 保存结果失败: 'NoneType' object has no attribute 'shape'
2026-06-04 17:46:07 [ERROR] 分割失败: 未能生成有效的分割掩码
2026-06-04 17:46:07 [INFO] 引擎上下文已释放
2026-06-04 17:46:07 [INFO] TensorRT 引擎已释放
2026-06-04 17:46:07 [INFO] 全局 CUDA 资源已释放
2026-06-04 17:46:07 [INFO] 分割系统资源已释放
2026-06-04 17:46:12 [INFO] CUDA 初始化成功
2026-06-04 17:46:12 [INFO] 引擎加载成功: scrap_steel.engine
2026-06-04 17:46:12 [INFO] 分割系统初始化成功
2026-06-04 17:46:12 [INFO] 图像预处理完成，原始尺寸: (2160, 3840)
2026-06-04 17:46:12 [INFO] 开始执行分割...
2026-06-04 17:46:12 [DEBUG] 处理后的检测结果形状: (1, 8400, 6)
2026-06-04 17:46:12 [DEBUG] 示例检测结果: [[-4.16072845e+00 -3.28780317e+00  3.94955215e+01  1.55423088e+01
   4.37479777e-08  5.00000000e+00]
 [-6.52985764e+00 -3.03851891e+00  4.45652809e+01  2.98257236e+01
   1.02236939e-08  9.00000000e+00]
 [-3.56449890e+00 -3.51068401e+00  4.59226608e+01  3.04441299e+01
   4.69481787e-09  9.00000000e+00]]
2026-06-04 17:46:12 [DEBUG] 处理后检测输出形状: (0, 52)
2026-06-04 17:46:12 [DEBUG] 有效检测数量: 0
2026-06-04 17:46:12 [DEBUG] 检测输出为空
2026-06-04 17:46:12 [INFO] 掩码中检测到的类别: [0, 1, 2, 3, 4, 5, 6, 7, 8, 9, 10, 11, 12, 13, 14, 15]
2026-06-04 17:46:12 [INFO] 分割完成，检测到 0 个物体
2026-06-04 17:46:12 [INFO] 从分割掩码中提取检测结果
2026-06-04 17:46:12 [INFO] 从掩码中提取了 429 个检测框
2026-06-04 17:46:12 [INFO] 计算出的车框矩形边界: (1025, 620) to (3174, 1518)
2026-06-04 17:46:12 [INFO] 原始检测数: 429, 过滤后检测数: 203
2026-06-04 17:46:13 [INFO] 保存分割和检测结果到: C:\code\show\Scrap_Steel_In_Field\photos\segmentation\segment_20260604_174612.jpg
2026-06-04 17:46:13 [INFO] JSON结果保存到: C:\code\show\Scrap_Steel_In_Field\photos\segmentation_result.json
2026-06-04 17:46:13 [INFO] 类别统计：{0: 12, 1: 45, 2: 20, 3: 2, 4: 27, 5: 27, 6: 16, 7: 23, 8: 46, 9: 60, 10: 27, 11: 18, 12: 21, 13: 66, 14: 0, 15: 19}
2026-06-04 17:46:13 [INFO] 面积统计：{0: 4011192.0, 1: 587160.0, 2: 34344.0, 3: 141048.0, 4: 155232.0, 5: 55800.0, 6: 534312.0, 7: 28800.0, 8: 902448.0, 9: 179424.0, 10: 188352.0, 11: 328788.0, 12: 78480.0, 13: 753768.0, 14: 36.0, 15: 32616.0}
2026-06-04 17:46:13 [INFO] 分割成功
2026-06-04 17:46:13 [INFO] 引擎上下文已释放
2026-06-04 17:46:13 [INFO] TensorRT 引擎已释放
2026-06-04 17:46:13 [INFO] 全局 CUDA 资源已释放
2026-06-04 17:46:13 [INFO] 分割系统资源已释放
2026-06-04 17:46:18 [INFO] CUDA 初始化成功
2026-06-04 17:46:18 [INFO] 引擎加载成功: scrap_steel.engine
2026-06-04 17:46:18 [INFO] 分割系统初始化成功
2026-06-04 17:46:18 [INFO] 图像预处理完成，原始尺寸: (2160, 3840)
2026-06-04 17:46:18 [INFO] 开始执行分割...
2026-06-04 17:46:18 [DEBUG] 处理后的检测结果形状: (1, 8400, 6)
2026-06-04 17:46:18 [DEBUG] 示例检测结果: [[-4.12858963e+00 -3.29127026e+00  3.95788460e+01  1.55567560e+01
   4.46303972e-08  5.00000000e+00]
 [-6.49082947e+00 -3.02781963e+00  4.45193138e+01  2.98939857e+01
   1.03315756e-08  9.00000000e+00]
 [-3.51859283e+00 -3.49785423e+00  4.59148483e+01  3.05042667e+01
   4.69131223e-09  9.00000000e+00]]
2026-06-04 17:46:18 [DEBUG] 处理后检测输出形状: (0, 52)
2026-06-04 17:46:18 [DEBUG] 有效检测数量: 0
2026-06-04 17:46:18 [DEBUG] 检测输出为空
2026-06-04 17:46:18 [INFO] 掩码中检测到的类别: [0, 1, 2, 3, 4, 5, 6, 7, 8, 9, 10, 11, 12, 13, 14, 15]
2026-06-04 17:46:18 [INFO] 分割完成，检测到 0 个物体
2026-06-04 17:46:18 [INFO] 从分割掩码中提取检测结果
2026-06-04 17:46:18 [INFO] 从掩码中提取了 435 个检测框
2026-06-04 17:46:18 [INFO] 计算出的车框矩形边界: (1026, 619) to (3174, 1518)
2026-06-04 17:46:18 [INFO] 原始检测数: 435, 过滤后检测数: 201
2026-06-04 17:46:18 [INFO] 保存分割和检测结果到: C:\code\show\Scrap_Steel_In_Field\photos\segmentation\segment_20260604_174618.jpg
2026-06-04 17:46:18 [INFO] JSON结果保存到: C:\code\show\Scrap_Steel_In_Field\photos\segmentation_result.json
2026-06-04 17:46:18 [INFO] 类别统计：{0: 14, 1: 49, 2: 20, 3: 3, 4: 27, 5: 28, 6: 17, 7: 20, 8: 48, 9: 48, 10: 26, 11: 20, 12: 24, 13: 68, 14: 0, 15: 23}
2026-06-04 17:46:18 [INFO] 面积统计：{0: 3921408.0, 1: 585036.0, 2: 39384.0, 3: 143136.0, 4: 155268.0, 5: 64224.0, 6: 558396.0, 7: 30060.0, 8: 907704.0, 9: 177084.0, 10: 203400.0, 11: 330300.0, 12: 87120.0, 13: 754344.0, 14: 72.0, 15: 33948.0}
2026-06-04 17:46:18 [INFO] 分割成功
2026-06-04 17:46:18 [INFO] 引擎上下文已释放
2026-06-04 17:46:18 [INFO] TensorRT 引擎已释放
2026-06-04 17:46:18 [INFO] 全局 CUDA 资源已释放
2026-06-04 17:46:18 [INFO] 分割系统资源已释放
2026-06-04 17:46:23 [INFO] CUDA 初始化成功
2026-06-04 17:46:23 [INFO] 引擎加载成功: scrap_steel.engine
2026-06-04 17:46:23 [INFO] 分割系统初始化成功
2026-06-04 17:46:23 [INFO] 图像预处理完成，原始尺寸: (2160, 3840)
2026-06-04 17:46:23 [INFO] 开始执行分割...
2026-06-04 17:46:23 [DEBUG] 处理后的检测结果形状: (1, 8400, 6)
2026-06-04 17:46:23 [DEBUG] 示例检测结果: [[-4.09886551e+00 -3.27523327e+00  3.96436996e+01  1.54983377e+01
   4.51597018e-08  5.00000000e+00]
 [-6.47856522e+00 -2.99198723e+00  4.45838051e+01  2.98368473e+01
   1.04383062e-08  9.00000000e+00]
 [-3.55207825e+00 -3.50948334e+00  4.59683304e+01  3.05601158e+01
   4.75462869e-09  9.00000000e+00]]
2026-06-04 17:46:23 [DEBUG] 处理后检测输出形状: (0, 52)
2026-06-04 17:46:23 [DEBUG] 有效检测数量: 0
2026-06-04 17:46:23 [DEBUG] 检测输出为空
2026-06-04 17:46:23 [INFO] 掩码中检测到的类别: [0, 1, 2, 3, 4, 5, 6, 7, 8, 9, 10, 11, 12, 13, 14, 15]
2026-06-04 17:46:23 [INFO] 分割完成，检测到 0 个物体
2026-06-04 17:46:23 [INFO] 从分割掩码中提取检测结果
2026-06-04 17:46:23 [INFO] 从掩码中提取了 439 个检测框
2026-06-04 17:46:23 [INFO] 计算出的车框矩形边界: (1025, 620) to (3174, 1518)
2026-06-04 17:46:23 [INFO] 原始检测数: 439, 过滤后检测数: 215
2026-06-04 17:46:23 [INFO] 保存分割和检测结果到: C:\code\show\Scrap_Steel_In_Field\photos\segmentation\segment_20260604_174623.jpg
2026-06-04 17:46:23 [INFO] JSON结果保存到: C:\code\show\Scrap_Steel_In_Field\photos\segmentation_result.json
2026-06-04 17:46:23 [INFO] 类别统计：{0: 11, 1: 42, 2: 24, 3: 3, 4: 24, 5: 29, 6: 19, 7: 25, 8: 55, 9: 54, 10: 27, 11: 18, 12: 24, 13: 61, 14: 0, 15: 23}
2026-06-04 17:46:23 [INFO] 面积统计：{0: 3906324.0, 1: 589356.0, 2: 37656.0, 3: 136044.0, 4: 166104.0, 5: 66600.0, 6: 533052.0, 7: 30132.0, 8: 892584.0, 9: 183420.0, 10: 191736.0, 11: 325944.0, 12: 90612.0, 13: 788940.0, 14: 36.0, 15: 45900.0}
2026-06-04 17:46:23 [INFO] 分割成功
2026-06-04 17:46:23 [INFO] 引擎上下文已释放
2026-06-04 17:46:23 [INFO] TensorRT 引擎已释放
2026-06-04 17:46:23 [INFO] 全局 CUDA 资源已释放
2026-06-04 17:46:23 [INFO] 分割系统资源已释放
2026-06-04 17:46:28 [INFO] CUDA 初始化成功
2026-06-04 17:46:28 [INFO] 引擎加载成功: scrap_steel.engine
2026-06-04 17:46:28 [INFO] 分割系统初始化成功
2026-06-04 17:46:28 [INFO] 图像预处理完成，原始尺寸: (2160, 3840)
2026-06-04 17:46:28 [INFO] 开始执行分割...
2026-06-04 17:46:28 [DEBUG] 处理后的检测结果形状: (1, 8400, 6)
2026-06-04 17:46:28 [DEBUG] 示例检测结果: [[-4.16357422e+00 -3.31627321e+00  3.94828987e+01  1.56608391e+01
   4.37479777e-08  5.00000000e+00]
 [-6.54050446e+00 -3.04073715e+00  4.45955582e+01  2.98631630e+01
   1.03382725e-08  9.00000000e+00]
 [-3.58076859e+00 -3.52369118e+00  4.59894791e+01  3.04659138e+01
   4.73202810e-09  9.00000000e+00]]
2026-06-04 17:46:28 [DEBUG] 处理后检测输出形状: (0, 52)
2026-06-04 17:46:28 [DEBUG] 有效检测数量: 0
2026-06-04 17:46:28 [DEBUG] 检测输出为空
2026-06-04 17:46:28 [INFO] 掩码中检测到的类别: [0, 1, 2, 3, 4, 5, 6, 7, 8, 9, 10, 11, 12, 13, 14, 15]
2026-06-04 17:46:28 [INFO] 分割完成，检测到 0 个物体
2026-06-04 17:46:28 [INFO] 从分割掩码中提取检测结果
2026-06-04 17:46:28 [INFO] 从掩码中提取了 441 个检测框
2026-06-04 17:46:28 [INFO] 计算出的车框矩形边界: (1026, 621) to (3174, 1518)
2026-06-04 17:46:28 [INFO] 原始检测数: 441, 过滤后检测数: 211
2026-06-04 17:46:28 [INFO] 保存分割和检测结果到: C:\code\show\Scrap_Steel_In_Field\photos\segmentation\segment_20260604_174628.jpg
2026-06-04 17:46:28 [INFO] JSON结果保存到: C:\code\show\Scrap_Steel_In_Field\photos\segmentation_result.json
2026-06-04 17:46:28 [INFO] 类别统计：{0: 15, 1: 48, 2: 23, 3: 2, 4: 26, 5: 29, 6: 18, 7: 19, 8: 53, 9: 52, 10: 25, 11: 21, 12: 20, 13: 66, 14: 0, 15: 24}
2026-06-04 17:46:28 [INFO] 面积统计：{0: 3987036.0, 1: 569232.0, 2: 34056.0, 3: 136116.0, 4: 157608.0, 5: 59832.0, 6: 529164.0, 7: 28728.0, 8: 933480.0, 9: 201240.0, 10: 197784.0, 11: 332352.0, 12: 86148.0, 13: 739224.0, 14: 36.0, 15: 33768.0}
2026-06-04 17:46:28 [INFO] 分割成功
2026-06-04 17:46:28 [INFO] 引擎上下文已释放
2026-06-04 17:46:28 [INFO] TensorRT 引擎已释放
2026-06-04 17:46:28 [INFO] 全局 CUDA 资源已释放
2026-06-04 17:46:28 [INFO] 分割系统资源已释放
2026-06-04 17:46:33 [INFO] CUDA 初始化成功
2026-06-04 17:46:33 [INFO] 引擎加载成功: scrap_steel.engine
2026-06-04 17:46:33 [INFO] 分割系统初始化成功
2026-06-04 17:46:33 [INFO] 图像预处理完成，原始尺寸: (2160, 3840)
2026-06-04 17:46:33 [INFO] 开始执行分割...
2026-06-04 17:46:33 [DEBUG] 处理后的检测结果形状: (1, 8400, 6)
2026-06-04 17:46:33 [DEBUG] 示例检测结果: [[-4.16156769e+00 -3.29038048e+00  3.95046921e+01  1.55887909e+01
   4.44462103e-08  5.00000000e+00]
 [-6.56198502e+00 -3.01375961e+00  4.45830460e+01  2.97665100e+01
   1.03787663e-08  9.00000000e+00]
 [-3.62107468e+00 -3.52080154e+00  4.59605751e+01  3.04557648e+01
   4.69481787e-09  9.00000000e+00]]
2026-06-04 17:46:33 [DEBUG] 处理后检测输出形状: (0, 52)
2026-06-04 17:46:33 [DEBUG] 有效检测数量: 0
2026-06-04 17:46:33 [DEBUG] 检测输出为空
2026-06-04 17:46:33 [INFO] 掩码中检测到的类别: [0, 1, 2, 3, 4, 5, 6, 7, 8, 9, 10, 11, 12, 13, 14, 15]
2026-06-04 17:46:33 [INFO] 分割完成，检测到 0 个物体
2026-06-04 17:46:33 [INFO] 从分割掩码中提取检测结果
2026-06-04 17:46:33 [INFO] 从掩码中提取了 436 个检测框
2026-06-04 17:46:33 [INFO] 计算出的车框矩形边界: (1024, 621) to (3174, 1518)
2026-06-04 17:46:33 [INFO] 原始检测数: 436, 过滤后检测数: 192
2026-06-04 17:46:34 [INFO] 保存分割和检测结果到: C:\code\show\Scrap_Steel_In_Field\photos\segmentation\segment_20260604_174633.jpg
2026-06-04 17:46:34 [INFO] JSON结果保存到: C:\code\show\Scrap_Steel_In_Field\photos\segmentation_result.json
2026-06-04 17:46:34 [INFO] 类别统计：{0: 18, 1: 41, 2: 23, 3: 3, 4: 25, 5: 26, 6: 19, 7: 25, 8: 56, 9: 49, 10: 26, 11: 21, 12: 18, 13: 63, 14: 0, 15: 23}
2026-06-04 17:46:34 [INFO] 面积统计：{0: 3919860.0, 1: 629316.0, 2: 37836.0, 3: 138132.0, 4: 164052.0, 5: 59976.0, 6: 535752.0, 7: 30852.0, 8: 917424.0, 9: 191376.0, 10: 205272.0, 11: 341568.0, 12: 80532.0, 13: 783180.0, 14: 72.0, 15: 35712.0}
2026-06-04 17:46:34 [INFO] 分割成功
2026-06-04 17:46:34 [INFO] 引擎上下文已释放
2026-06-04 17:46:34 [INFO] TensorRT 引擎已释放
2026-06-04 17:46:34 [INFO] 全局 CUDA 资源已释放
2026-06-04 17:46:34 [INFO] 分割系统资源已释放
2026-06-04 17:46:39 [INFO] CUDA 初始化成功
2026-06-04 17:46:39 [INFO] 引擎加载成功: scrap_steel.engine
2026-06-04 17:46:39 [INFO] 分割系统初始化成功
2026-06-04 17:46:39 [INFO] 图像预处理完成，原始尺寸: (2160, 3840)
2026-06-04 17:46:39 [INFO] 开始执行分割...
2026-06-04 17:46:39 [DEBUG] 处理后的检测结果形状: (1, 8400, 6)
2026-06-04 17:46:39 [DEBUG] 示例检测结果: [[-4.12643051e+00 -3.26504040e+00  3.93626213e+01  1.54143038e+01
   4.41019594e-08  5.00000000e+00]
 [-6.46010590e+00 -3.01729584e+00  4.44938889e+01  2.97299995e+01
   1.05355014e-08  9.00000000e+00]
 [-3.54841614e+00 -3.47104359e+00  4.58655167e+01  3.03768501e+01
   4.78384354e-09  9.00000000e+00]]
2026-06-04 17:46:39 [DEBUG] 处理后检测输出形状: (0, 52)
2026-06-04 17:46:39 [DEBUG] 有效检测数量: 0
2026-06-04 17:46:39 [DEBUG] 检测输出为空
2026-06-04 17:46:39 [INFO] 掩码中检测到的类别: [0, 1, 2, 3, 4, 5, 6, 7, 8, 9, 10, 11, 12, 13, 14, 15]
2026-06-04 17:46:39 [INFO] 分割完成，检测到 0 个物体
2026-06-04 17:46:39 [INFO] 从分割掩码中提取检测结果
2026-06-04 17:46:39 [INFO] 从掩码中提取了 417 个检测框
2026-06-04 17:46:39 [INFO] 计算出的车框矩形边界: (1025, 620) to (3174, 1518)
2026-06-04 17:46:39 [INFO] 原始检测数: 417, 过滤后检测数: 197
2026-06-04 17:46:40 [INFO] 保存分割和检测结果到: C:\code\show\Scrap_Steel_In_Field\photos\segmentation\segment_20260604_174639.jpg
2026-06-04 17:46:40 [INFO] JSON结果保存到: C:\code\show\Scrap_Steel_In_Field\photos\segmentation_result.json
2026-06-04 17:46:40 [INFO] 类别统计：{0: 17, 1: 46, 2: 20, 3: 3, 4: 23, 5: 28, 6: 20, 7: 19, 8: 44, 9: 50, 10: 28, 11: 18, 12: 17, 13: 64, 14: 0, 15: 20}
2026-06-04 17:46:40 [INFO] 面积统计：{0: 3951720.0, 1: 581256.0, 2: 35460.0, 3: 140544.0, 4: 167832.0, 5: 59544.0, 6: 543636.0, 7: 27360.0, 8: 898560.0, 9: 188496.0, 10: 190836.0, 11: 324576.0, 12: 82944.0, 13: 780876.0, 14: 36.0, 15: 36828.0}
2026-06-04 17:46:40 [INFO] 分割成功
2026-06-04 17:46:40 [INFO] 引擎上下文已释放
2026-06-04 17:46:40 [INFO] TensorRT 引擎已释放
2026-06-04 17:46:40 [INFO] 全局 CUDA 资源已释放
2026-06-04 17:46:40 [INFO] 分割系统资源已释放
2026-06-04 17:46:44 [INFO] CUDA 初始化成功
2026-06-04 17:46:44 [INFO] 引擎加载成功: scrap_steel.engine
2026-06-04 17:46:44 [INFO] 分割系统初始化成功
2026-06-04 17:46:44 [INFO] 图像预处理完成，原始尺寸: (2160, 3840)
2026-06-04 17:46:44 [INFO] 开始执行分割...
2026-06-04 17:46:44 [DEBUG] 处理后的检测结果形状: (1, 8400, 6)
2026-06-04 17:46:44 [DEBUG] 示例检测结果: [[-4.12757111e+00 -3.29633522e+00  3.94409027e+01  1.55286102e+01
   4.44559412e-08  5.00000000e+00]
 [-6.45367432e+00 -3.03965378e+00  4.45029945e+01  2.99058952e+01
   1.03718634e-08  9.00000000e+00]
 [-3.52645874e+00 -3.50768089e+00  4.58369446e+01  3.04949398e+01
   4.77718309e-09  9.00000000e+00]]
2026-06-04 17:46:44 [DEBUG] 处理后检测输出形状: (0, 52)
2026-06-04 17:46:44 [DEBUG] 有效检测数量: 0
2026-06-04 17:46:44 [DEBUG] 检测输出为空
2026-06-04 17:46:44 [INFO] 掩码中检测到的类别: [0, 1, 2, 3, 4, 5, 6, 7, 8, 9, 10, 11, 12, 13, 14, 15]
2026-06-04 17:46:44 [INFO] 分割完成，检测到 0 个物体
2026-06-04 17:46:44 [INFO] 从分割掩码中提取检测结果
2026-06-04 17:46:44 [INFO] 从掩码中提取了 411 个检测框
2026-06-04 17:46:44 [INFO] 计算出的车框矩形边界: (1025, 620) to (3174, 1518)
2026-06-04 17:46:44 [INFO] 原始检测数: 411, 过滤后检测数: 207
2026-06-04 17:46:45 [INFO] 保存分割和检测结果到: C:\code\show\Scrap_Steel_In_Field\photos\segmentation\segment_20260604_174644.jpg
2026-06-04 17:46:45 [INFO] JSON结果保存到: C:\code\show\Scrap_Steel_In_Field\photos\segmentation_result.json
2026-06-04 17:46:45 [INFO] 类别统计：{0: 7, 1: 43, 2: 24, 3: 3, 4: 28, 5: 27, 6: 16, 7: 21, 8: 45, 9: 58, 10: 22, 11: 20, 12: 22, 13: 53, 14: 0, 15: 22}
2026-06-04 17:46:45 [INFO] 面积统计：{0: 3843936.0, 1: 598752.0, 2: 38412.0, 3: 136584.0, 4: 157248.0, 5: 65052.0, 6: 522432.0, 7: 23796.0, 8: 910800.0, 9: 191736.0, 10: 192420.0, 11: 330156.0, 12: 85896.0, 13: 734544.0, 14: 72.0, 15: 42768.0}
2026-06-04 17:46:45 [INFO] 分割成功
2026-06-04 17:46:45 [INFO] 引擎上下文已释放
2026-06-04 17:46:45 [INFO] TensorRT 引擎已释放
2026-06-04 17:46:45 [INFO] 全局 CUDA 资源已释放
2026-06-04 17:46:45 [INFO] 分割系统资源已释放
2026-06-04 17:46:49 [INFO] CUDA 初始化成功
2026-06-04 17:46:49 [INFO] 引擎加载成功: scrap_steel.engine
2026-06-04 17:46:49 [INFO] 分割系统初始化成功
2026-06-04 17:46:49 [INFO] 图像预处理完成，原始尺寸: (2160, 3840)
2026-06-04 17:46:49 [INFO] 开始执行分割...
2026-06-04 17:46:49 [DEBUG] 处理后的检测结果形状: (1, 8400, 6)
2026-06-04 17:46:49 [DEBUG] 示例检测结果: [[-4.17892838e+00 -3.33156395e+00  3.95161247e+01  1.57915821e+01
   4.41019594e-08  5.00000000e+00]
 [-6.53498077e+00 -3.07753944e+00  4.45343666e+01  2.99851589e+01
   1.03718634e-08  9.00000000e+00]
 [-3.55833435e+00 -3.55198193e+00  4.59057465e+01  3.04972572e+01
   4.70966555e-09  9.00000000e+00]]
2026-06-04 17:46:49 [DEBUG] 处理后检测输出形状: (0, 52)
2026-06-04 17:46:49 [DEBUG] 有效检测数量: 0
2026-06-04 17:46:49 [DEBUG] 检测输出为空
2026-06-04 17:46:49 [INFO] 掩码中检测到的类别: [0, 1, 2, 3, 4, 5, 6, 7, 8, 9, 10, 11, 12, 13, 14, 15]
2026-06-04 17:46:49 [INFO] 分割完成，检测到 0 个物体
2026-06-04 17:46:49 [INFO] 从分割掩码中提取检测结果
2026-06-04 17:46:50 [INFO] 从掩码中提取了 434 个检测框
2026-06-04 17:46:50 [INFO] 计算出的车框矩形边界: (1024, 622) to (3174, 1518)
2026-06-04 17:46:50 [INFO] 原始检测数: 434, 过滤后检测数: 202
2026-06-04 17:46:50 [INFO] 保存分割和检测结果到: C:\code\show\Scrap_Steel_In_Field\photos\segmentation\segment_20260604_174650.jpg
2026-06-04 17:46:50 [INFO] JSON结果保存到: C:\code\show\Scrap_Steel_In_Field\photos\segmentation_result.json
2026-06-04 17:46:50 [INFO] 类别统计：{0: 13, 1: 39, 2: 22, 3: 4, 4: 24, 5: 26, 6: 19, 7: 18, 8: 51, 9: 59, 10: 27, 11: 19, 12: 18, 13: 73, 14: 0, 15: 22}
2026-06-04 17:46:50 [INFO] 面积统计：{0: 3963096.0, 1: 573588.0, 2: 33372.0, 3: 135864.0, 4: 157716.0, 5: 63000.0, 6: 533556.0, 7: 18216.0, 8: 900612.0, 9: 202140.0, 10: 191700.0, 11: 327744.0, 12: 86040.0, 13: 774792.0, 14: 36.0, 15: 40104.0}
2026-06-04 17:46:50 [INFO] 分割成功
2026-06-04 17:46:50 [INFO] 引擎上下文已释放
2026-06-04 17:46:50 [INFO] TensorRT 引擎已释放
2026-06-04 17:46:50 [INFO] 全局 CUDA 资源已释放
2026-06-04 17:46:50 [INFO] 分割系统资源已释放
2026-06-04 17:46:54 [INFO] CUDA 初始化成功
2026-06-04 17:46:54 [INFO] 引擎加载成功: scrap_steel.engine
2026-06-04 17:46:54 [INFO] 分割系统初始化成功
2026-06-04 17:46:54 [INFO] 图像预处理完成，原始尺寸: (2160, 3840)
2026-06-04 17:46:54 [INFO] 开始执行分割...
2026-06-04 17:46:54 [DEBUG] 处理后的检测结果形状: (1, 8400, 6)
2026-06-04 17:46:54 [DEBUG] 示例检测结果: [[-4.11106110e+00 -3.26539993e+00  3.95945663e+01  1.54809856e+01
   4.48099229e-08  5.00000000e+00]
 [-6.43183136e+00 -2.99251556e+00  4.46758728e+01  2.99048958e+01
   1.05529665e-08  9.00000000e+00]
 [-3.54288101e+00 -3.46962643e+00  4.59450417e+01  3.05498695e+01
   4.91227858e-09  9.00000000e+00]]
2026-06-04 17:46:54 [DEBUG] 处理后检测输出形状: (0, 52)
2026-06-04 17:46:54 [DEBUG] 有效检测数量: 0
2026-06-04 17:46:54 [DEBUG] 检测输出为空
2026-06-04 17:46:54 [INFO] 掩码中检测到的类别: [0, 1, 2, 3, 4, 5, 6, 7, 8, 9, 10, 11, 12, 13, 14, 15]
2026-06-04 17:46:54 [INFO] 分割完成，检测到 0 个物体
2026-06-04 17:46:54 [INFO] 从分割掩码中提取检测结果
2026-06-04 17:46:55 [INFO] 从掩码中提取了 452 个检测框
2026-06-04 17:46:55 [INFO] 计算出的车框矩形边界: (1026, 620) to (3173, 1518)
2026-06-04 17:46:55 [INFO] 原始检测数: 452, 过滤后检测数: 219
2026-06-04 17:46:55 [INFO] 保存分割和检测结果到: C:\code\show\Scrap_Steel_In_Field\photos\segmentation\segment_20260604_174655.jpg
2026-06-04 17:46:55 [INFO] JSON结果保存到: C:\code\show\Scrap_Steel_In_Field\photos\segmentation_result.json
2026-06-04 17:46:55 [INFO] 类别统计：{0: 16, 1: 50, 2: 21, 3: 4, 4: 25, 5: 34, 6: 21, 7: 22, 8: 47, 9: 47, 10: 27, 11: 19, 12: 20, 13: 72, 14: 0, 15: 27}
2026-06-04 17:46:55 [INFO] 面积统计：{0: 3882744.0, 1: 568908.0, 2: 38412.0, 3: 137700.0, 4: 156420.0, 5: 65232.0, 6: 550440.0, 7: 26172.0, 8: 885204.0, 9: 195048.0, 10: 195912.0, 11: 341532.0, 12: 90396.0, 13: 786168.0, 14: 36.0, 15: 43200.0}
2026-06-04 17:46:55 [INFO] 分割成功
2026-06-04 17:46:55 [INFO] 引擎上下文已释放
2026-06-04 17:46:55 [INFO] TensorRT 引擎已释放
2026-06-04 17:46:55 [INFO] 全局 CUDA 资源已释放
2026-06-04 17:46:55 [INFO] 分割系统资源已释放
2026-06-04 17:46:59 [INFO] CUDA 初始化成功
2026-06-04 17:46:59 [INFO] 引擎加载成功: scrap_steel.engine
2026-06-04 17:46:59 [INFO] 分割系统初始化成功
2026-06-04 17:46:59 [INFO] 图像预处理完成，原始尺寸: (2160, 3840)
2026-06-04 17:46:59 [INFO] 开始执行分割...
2026-06-04 17:46:59 [DEBUG] 处理后的检测结果形状: (1, 8400, 6)
2026-06-04 17:46:59 [DEBUG] 示例检测结果: [[-4.12948990e+00 -3.27558994e+00  3.96420898e+01  1.54383192e+01
   4.41019594e-08  5.00000000e+00]
 [-6.49896240e+00 -2.97839165e+00  4.45685654e+01  2.97793331e+01
   1.04126485e-08  9.00000000e+00]
 [-3.57754898e+00 -3.48239994e+00  4.59569168e+01  3.04559250e+01
   4.79650097e-09  9.00000000e+00]]
2026-06-04 17:46:59 [DEBUG] 处理后检测输出形状: (0, 52)
2026-06-04 17:46:59 [DEBUG] 有效检测数量: 0
2026-06-04 17:46:59 [DEBUG] 检测输出为空
2026-06-04 17:46:59 [INFO] 掩码中检测到的类别: [0, 1, 2, 3, 4, 5, 6, 7, 8, 9, 10, 11, 12, 13, 14, 15]
2026-06-04 17:46:59 [INFO] 分割完成，检测到 0 个物体
2026-06-04 17:46:59 [INFO] 从分割掩码中提取检测结果
2026-06-04 17:47:00 [INFO] 从掩码中提取了 447 个检测框
2026-06-04 17:47:00 [INFO] 计算出的车框矩形边界: (1024, 622) to (3174, 1518)
2026-06-04 17:47:00 [INFO] 原始检测数: 447, 过滤后检测数: 204
2026-06-04 17:47:00 [INFO] 保存分割和检测结果到: C:\code\show\Scrap_Steel_In_Field\photos\segmentation\segment_20260604_174700.jpg
2026-06-04 17:47:00 [INFO] JSON结果保存到: C:\code\show\Scrap_Steel_In_Field\photos\segmentation_result.json
2026-06-04 17:47:00 [INFO] 类别统计：{0: 19, 1: 45, 2: 22, 3: 3, 4: 27, 5: 30, 6: 21, 7: 20, 8: 46, 9: 56, 10: 24, 11: 19, 12: 21, 13: 70, 14: 0, 15: 24}
2026-06-04 17:47:00 [INFO] 面积统计：{0: 3870360.0, 1: 595836.0, 2: 36936.0, 3: 137448.0, 4: 152316.0, 5: 61128.0, 6: 541620.0, 7: 26532.0, 8: 889092.0, 9: 198720.0, 10: 185904.0, 11: 333036.0, 12: 89208.0, 13: 774648.0, 14: 36.0, 15: 42084.0}
2026-06-04 17:47:00 [INFO] 分割成功
2026-06-04 17:47:00 [INFO] 引擎上下文已释放
2026-06-04 17:47:00 [INFO] TensorRT 引擎已释放
2026-06-04 17:47:00 [INFO] 全局 CUDA 资源已释放
2026-06-04 17:47:00 [INFO] 分割系统资源已释放
