2026-05-22 15:41:26 [INFO] CUDA 初始化成功
2026-05-22 15:41:26 [INFO] 引擎加载成功: scrap_steel.engine
2026-05-22 15:41:26 [INFO] 分割系统初始化成功
2026-05-22 15:41:29 [INFO] 引擎加载成功: scrap_steel.engine
2026-05-22 15:41:29 [INFO] 分割系统初始化成功
2026-05-22 15:41:29 [INFO] 图像预处理完成，原始尺寸: (2160, 3840)
2026-05-22 15:41:29 [INFO] 开始执行分割...
2026-05-22 15:41:29 [ERROR] 推理过程发生异常: explicit_context_dependent failed: invalid device context - no currently active context?
2026-05-22 15:41:29 [INFO] 分割完成，检测到 0 个物体
2026-05-22 15:41:29 [ERROR] 分割失败: 未能生成有效的分割掩码
2026-05-22 15:41:29 [INFO] 引擎上下文已释放
2026-05-22 15:41:29 [INFO] TensorRT 引擎已释放
2026-05-22 15:41:29 [INFO] 全局 CUDA 资源已释放
2026-05-22 15:41:29 [INFO] 分割系统资源已释放
2026-05-22 15:41:34 [INFO] CUDA 初始化成功
2026-05-22 15:41:34 [INFO] 引擎加载成功: scrap_steel.engine
2026-05-22 15:41:34 [INFO] 分割系统初始化成功
2026-05-22 15:41:35 [INFO] 图像预处理完成，原始尺寸: (2160, 3840)
2026-05-22 15:41:35 [INFO] 开始执行分割...
2026-05-22 15:41:35 [DEBUG] 处理后的检测结果形状: (1, 8400, 6)
2026-05-22 15:41:35 [DEBUG] 示例检测结果: [[-4.07982635e+00 -3.31041956e+00  3.87470093e+01  1.56808720e+01
   4.30370264e-08  5.00000000e+00]
 [-6.40257645e+00 -3.09537506e+00  4.39700050e+01  2.98476219e+01
   9.55220969e-09  9.00000000e+00]
 [-3.67154694e+00 -3.64934921e+00  4.55827408e+01  3.03897362e+01
   4.14818047e-09  9.00000000e+00]]
2026-05-22 15:41:35 [DEBUG] 处理后检测输出形状: (4, 52)
2026-05-22 15:41:35 [DEBUG] 有效检测数量: 4
2026-05-22 15:41:35 [DEBUG] 最大置信度: 0.0911, 平均置信度: 0.0772
2026-05-22 15:41:35 [INFO] 掩码中检测到的类别: [0, 1, 2, 3, 4, 5, 6, 7, 8, 9, 10, 11, 12, 13, 15]
2026-05-22 15:41:35 [INFO] 分割完成，检测到 1 个物体
2026-05-22 15:41:35 [INFO] 检测到车兜区域，将过滤区域外的目标
2026-05-22 15:41:35 [ERROR] 发生异常: 'numpy.ndarray' object has no attribute 'get'
2026-05-22 15:41:35 [INFO] 引擎上下文已释放
2026-05-22 15:41:35 [INFO] TensorRT 引擎已释放
2026-05-22 15:41:35 [INFO] 全局 CUDA 资源已释放
2026-05-22 15:41:35 [INFO] 分割系统资源已释放
2026-05-22 15:41:40 [INFO] CUDA 初始化成功
2026-05-22 15:41:40 [INFO] 引擎加载成功: scrap_steel.engine
2026-05-22 15:41:40 [INFO] 分割系统初始化成功
2026-05-22 15:41:40 [INFO] 图像预处理完成，原始尺寸: (2160, 3840)
2026-05-22 15:41:40 [INFO] 开始执行分割...
2026-05-22 15:41:40 [DEBUG] 处理后的检测结果形状: (1, 8400, 6)
2026-05-22 15:41:40 [DEBUG] 示例检测结果: [[-4.07690048e+00 -3.33295155e+00  3.87364998e+01  1.57762289e+01
   4.33786340e-08  5.00000000e+00]
 [-6.42536926e+00 -3.09831524e+00  4.40303802e+01  3.00992050e+01
   9.54991819e-09  9.00000000e+00]
 [-3.66100693e+00 -3.64294624e+00  4.56188316e+01  3.05651188e+01
   4.14676293e-09  9.00000000e+00]]
2026-05-22 15:41:40 [DEBUG] 处理后检测输出形状: (3, 52)
2026-05-22 15:41:40 [DEBUG] 有效检测数量: 3
2026-05-22 15:41:40 [DEBUG] 最大置信度: 0.0603, 平均置信度: 0.0545
2026-05-22 15:41:40 [INFO] 掩码中检测到的类别: [0, 1, 2, 3, 4, 5, 6, 7, 8, 9, 10, 11, 12, 13, 15]
2026-05-22 15:41:40 [INFO] 分割完成，检测到 1 个物体
2026-05-22 15:41:40 [INFO] 检测到车兜区域，将过滤区域外的目标
2026-05-22 15:41:40 [ERROR] 发生异常: 'numpy.ndarray' object has no attribute 'get'
2026-05-22 15:41:40 [INFO] 引擎上下文已释放
2026-05-22 15:41:40 [INFO] TensorRT 引擎已释放
2026-05-22 15:41:40 [INFO] 全局 CUDA 资源已释放
2026-05-22 15:41:40 [INFO] 分割系统资源已释放
2026-05-22 15:41:45 [INFO] CUDA 初始化成功
2026-05-22 15:41:45 [INFO] 引擎加载成功: scrap_steel.engine
2026-05-22 15:41:45 [INFO] 分割系统初始化成功
2026-05-22 15:41:45 [INFO] 图像预处理完成，原始尺寸: (2160, 3840)
2026-05-22 15:41:45 [INFO] 开始执行分割...
2026-05-22 15:41:45 [DEBUG] 处理后的检测结果形状: (1, 8400, 6)
2026-05-22 15:41:45 [DEBUG] 示例检测结果: [[-4.13655853e+00 -3.35273170e+00  3.88947525e+01  1.59812355e+01
   4.32105409e-08  5.00000000e+00]
 [-6.41822815e+00 -3.13143349e+00  4.39582748e+01  3.00768337e+01
   9.55220969e-09  9.00000000e+00]
 [-3.63729858e+00 -3.66185284e+00  4.55876541e+01  3.04604263e+01
   4.11604617e-09  9.00000000e+00]]
2026-05-22 15:41:45 [DEBUG] 处理后检测输出形状: (4, 52)
2026-05-22 15:41:45 [DEBUG] 有效检测数量: 4
2026-05-22 15:41:45 [DEBUG] 最大置信度: 0.0708, 平均置信度: 0.0638
2026-05-22 15:41:45 [INFO] 掩码中检测到的类别: [0, 1, 2, 3, 4, 5, 6, 7, 8, 9, 10, 11, 12, 13, 15]
2026-05-22 15:41:45 [INFO] 分割完成，检测到 1 个物体
2026-05-22 15:41:45 [INFO] 检测到车兜区域，将过滤区域外的目标
2026-05-22 15:41:45 [ERROR] 发生异常: 'numpy.ndarray' object has no attribute 'get'
2026-05-22 15:41:45 [INFO] 引擎上下文已释放
2026-05-22 15:41:45 [INFO] TensorRT 引擎已释放
2026-05-22 15:41:45 [INFO] 全局 CUDA 资源已释放
2026-05-22 15:41:45 [INFO] 分割系统资源已释放
2026-05-22 15:41:53 [INFO] CUDA 初始化成功
2026-05-22 15:41:53 [INFO] 引擎加载成功: scrap_steel.engine
2026-05-22 15:41:53 [INFO] 分割系统初始化成功
2026-05-22 15:41:53 [INFO] 图像预处理完成，原始尺寸: (2160, 3840)
2026-05-22 15:41:53 [INFO] 开始执行分割...
2026-05-22 15:41:53 [DEBUG] 处理后的检测结果形状: (1, 8400, 6)
2026-05-22 15:41:53 [DEBUG] 示例检测结果: [[-4.07668686e+00 -3.33663940e+00  3.87231522e+01  1.57731438e+01
   4.33786340e-08  5.00000000e+00]
 [-6.40699768e+00 -3.09170914e+00  4.39734955e+01  2.99508476e+01
   9.47811429e-09  9.00000000e+00]
 [-3.65503311e+00 -3.61930275e+00  4.55589333e+01  3.04184551e+01
   4.11604617e-09  9.00000000e+00]]
2026-05-22 15:41:53 [DEBUG] 处理后检测输出形状: (4, 52)
2026-05-22 15:41:53 [DEBUG] 有效检测数量: 4
2026-05-22 15:41:53 [DEBUG] 最大置信度: 0.0879, 平均置信度: 0.0751
2026-05-22 15:41:53 [INFO] 掩码中检测到的类别: [0, 1, 2, 3, 4, 5, 6, 7, 8, 9, 10, 11, 12, 13, 15]
2026-05-22 15:41:53 [INFO] 分割完成，检测到 1 个物体
2026-05-22 15:41:53 [INFO] 检测到车兜区域，将过滤区域外的目标
2026-05-22 15:41:53 [ERROR] 发生异常: 'numpy.ndarray' object has no attribute 'get'
2026-05-22 15:41:53 [INFO] 引擎上下文已释放
2026-05-22 15:41:53 [INFO] TensorRT 引擎已释放
2026-05-22 15:41:53 [INFO] 全局 CUDA 资源已释放
2026-05-22 15:41:53 [INFO] 分割系统资源已释放
2026-05-22 15:41:56 [INFO] CUDA 初始化成功
2026-05-22 15:41:56 [INFO] 引擎加载成功: scrap_steel.engine
2026-05-22 15:41:56 [INFO] 分割系统初始化成功
2026-05-22 15:41:57 [INFO] 图像预处理完成，原始尺寸: (2160, 3840)
2026-05-22 15:41:57 [INFO] 开始执行分割...
2026-05-22 15:41:57 [DEBUG] 处理后的检测结果形状: (1, 8400, 6)
2026-05-22 15:41:57 [DEBUG] 示例检测结果: [[-4.08068466e+00 -3.31391287e+00  3.87411308e+01  1.57720203e+01
   4.30375735e-08  5.00000000e+00]
 [-6.44013977e+00 -3.09528160e+00  4.40015564e+01  2.99176922e+01
   9.22649690e-09  9.00000000e+00]
 [-3.68687439e+00 -3.66217136e+00  4.56218643e+01  3.04722939e+01
   4.08532941e-09  9.00000000e+00]]
2026-05-22 15:41:57 [DEBUG] 处理后检测输出形状: (4, 52)
2026-05-22 15:41:57 [DEBUG] 有效检测数量: 4
2026-05-22 15:41:57 [DEBUG] 最大置信度: 0.0789, 平均置信度: 0.0668
2026-05-22 15:41:57 [INFO] 掩码中检测到的类别: [0, 1, 2, 3, 4, 5, 6, 7, 8, 9, 10, 11, 12, 13, 14, 15]
2026-05-22 15:41:57 [INFO] 分割完成，检测到 1 个物体
2026-05-22 15:41:57 [INFO] 检测到车兜区域，将过滤区域外的目标
2026-05-22 15:41:57 [ERROR] 发生异常: 'numpy.ndarray' object has no attribute 'get'
2026-05-22 15:41:57 [INFO] 引擎上下文已释放
2026-05-22 15:41:57 [INFO] TensorRT 引擎已释放
2026-05-22 15:41:57 [INFO] 全局 CUDA 资源已释放
2026-05-22 15:41:57 [INFO] 分割系统资源已释放
