2026-05-21 09:12:46 [INFO] CUDA 初始化成功
2026-05-21 09:12:46 [INFO] 引擎加载成功: scrap_steel.engine
2026-05-21 09:12:46 [INFO] 分割系统初始化成功
2026-05-21 09:12:49 [INFO] 引擎加载成功: scrap_steel.engine
2026-05-21 09:12:49 [INFO] 分割系统初始化成功
2026-05-21 09:12:49 [INFO] 图像预处理完成，原始尺寸: (2160, 3840)
2026-05-21 09:12:49 [INFO] 开始执行分割...
2026-05-21 09:12:49 [ERROR] 推理过程发生异常: explicit_context_dependent failed: invalid device context - no currently active context?
2026-05-21 09:12:49 [INFO] 分割完成，检测到 0 个物体
2026-05-21 09:12:49 [ERROR] 分割失败: 未能生成有效的分割掩码
2026-05-21 09:12:49 [INFO] 引擎上下文已释放
2026-05-21 09:12:49 [INFO] TensorRT 引擎已释放
2026-05-21 09:12:49 [INFO] 全局 CUDA 资源已释放
2026-05-21 09:12:49 [INFO] 分割系统资源已释放
2026-05-21 09:12:56 [INFO] CUDA 初始化成功
2026-05-21 09:12:56 [INFO] 引擎加载成功: scrap_steel.engine
2026-05-21 09:12:56 [INFO] 分割系统初始化成功
2026-05-21 09:12:56 [INFO] 图像预处理完成，原始尺寸: (2160, 3840)
2026-05-21 09:12:56 [INFO] 开始执行分割...
2026-05-21 09:12:56 [DEBUG] 处理后的检测结果形状: (1, 8400, 6)
2026-05-21 09:12:56 [DEBUG] 示例检测结果: [[-3.95952988e+00 -3.25307178e+00  3.96528664e+01  1.57140722e+01
   3.61055186e-08  5.00000000e+00]
 [-6.07890701e+00 -2.90626240e+00  4.48012543e+01  2.99741592e+01
   9.27742239e-09  9.00000000e+00]
 [-3.39669418e+00 -3.26174736e+00  4.59671860e+01  3.04348812e+01
   4.23362323e-09  9.00000000e+00]]
2026-05-21 09:12:56 [DEBUG] 处理后检测输出形状: (0, 52)
2026-05-21 09:12:56 [DEBUG] 有效检测数量: 0
2026-05-21 09:12:56 [DEBUG] 检测输出为空
2026-05-21 09:12:56 [INFO] 掩码中检测到的类别: [0, 1, 2, 3, 4, 5, 6, 7, 8, 9, 10, 11, 12, 13, 15]
2026-05-21 09:12:56 [INFO] 分割完成，检测到 0 个物体
2026-05-21 09:12:56 [INFO] 从分割掩码中提取检测结果
2026-05-21 09:12:57 [INFO] 从掩码中提取了 603 个检测框
2026-05-21 09:12:57 [INFO] 检测到车兜区域，将过滤区域外的目标
2026-05-21 09:12:57 [INFO] 车兜区域过滤: 603 -> 122 个目标
2026-05-21 09:12:57 [INFO] 保存分割和检测结果到: C:\code\show\Scrap_Steel_In_Field\photos\segmentation\segment_20260521_091257.jpg
2026-05-21 09:12:57 [INFO] JSON结果保存到: C:\code\show\Scrap_Steel_In_Field\photos\segmentation_result.json
2026-05-21 09:12:57 [INFO] 类别统计：{1: 77692, 2: 19728, 3: 7020, 4: 11268, 5: 49913, 6: 144, 7: 25106, 8: 12218, 9: 46296, 10: 2088, 11: 5328, 12: 37855, 13: 6583, 15: 5861}
2026-05-21 09:12:57 [INFO] 面积统计：{1: np.float64(77692.0), 2: np.float64(19728.0), 3: np.float64(7020.0), 4: np.float64(11268.0), 5: np.float64(49913.0), 6: np.float64(144.0), 7: np.float64(25106.0), 8: np.float64(12218.0), 9: np.float64(46296.0), 10: np.float64(2088.0), 11: np.float64(5328.0), 12: np.float64(37855.0), 13: np.float64(6583.0), 15: np.float64(5861.0)}
2026-05-21 09:12:57 [INFO] 分割成功
2026-05-21 09:12:57 [INFO] 引擎上下文已释放
2026-05-21 09:12:57 [INFO] TensorRT 引擎已释放
2026-05-21 09:12:57 [INFO] 全局 CUDA 资源已释放
2026-05-21 09:12:57 [INFO] 分割系统资源已释放
2026-05-21 09:13:01 [INFO] CUDA 初始化成功
2026-05-21 09:13:01 [INFO] 引擎加载成功: scrap_steel.engine
2026-05-21 09:13:01 [INFO] 分割系统初始化成功
2026-05-21 09:13:02 [INFO] 图像预处理完成，原始尺寸: (2160, 3840)
2026-05-21 09:13:02 [INFO] 开始执行分割...
2026-05-21 09:13:02 [DEBUG] 处理后的检测结果形状: (1, 8400, 6)
2026-05-21 09:13:02 [DEBUG] 示例检测结果: [[-3.99005508e+00 -3.29472828e+00  3.95974121e+01  1.58010950e+01
   3.65365018e-08  5.00000000e+00]
 [-6.15502548e+00 -2.95223236e+00  4.47570381e+01  3.00329895e+01
   9.24420540e-09  9.00000000e+00]
 [-3.42082214e+00 -3.31379318e+00  4.59517136e+01  3.04433632e+01
   4.23266755e-09  9.00000000e+00]]
2026-05-21 09:13:02 [DEBUG] 处理后检测输出形状: (0, 52)
2026-05-21 09:13:02 [DEBUG] 有效检测数量: 0
2026-05-21 09:13:02 [DEBUG] 检测输出为空
2026-05-21 09:13:02 [INFO] 掩码中检测到的类别: [0, 1, 2, 3, 4, 5, 6, 7, 8, 9, 10, 11, 12, 13, 15]
2026-05-21 09:13:02 [INFO] 分割完成，检测到 0 个物体
2026-05-21 09:13:02 [INFO] 从分割掩码中提取检测结果
2026-05-21 09:13:02 [INFO] 从掩码中提取了 608 个检测框
2026-05-21 09:13:02 [INFO] 检测到车兜区域，将过滤区域外的目标
2026-05-21 09:13:02 [INFO] 车兜区域过滤: 608 -> 118 个目标
2026-05-21 09:13:03 [INFO] 保存分割和检测结果到: C:\code\show\Scrap_Steel_In_Field\photos\segmentation\segment_20260521_091302.jpg
2026-05-21 09:13:03 [INFO] JSON结果保存到: C:\code\show\Scrap_Steel_In_Field\photos\segmentation_result.json
2026-05-21 09:13:03 [INFO] 类别统计：{1: 78882, 2: 26568, 3: 5940, 4: 12636, 5: 54765, 6: 1440, 7: 21856, 8: 13850, 9: 44748, 10: 2988, 11: 5832, 12: 33821, 13: 6177, 15: 6365}
2026-05-21 09:13:03 [INFO] 面积统计：{1: np.float64(78882.0), 2: np.float64(26568.0), 3: np.float64(5940.0), 4: np.float64(12636.0), 5: np.float64(54765.0), 6: np.float64(1440.0), 7: np.float64(21856.0), 8: np.float64(13850.0), 9: np.float64(44748.0), 10: np.float64(2988.0), 11: np.float64(5832.0), 12: np.float64(33821.0), 13: np.float64(6177.0), 15: np.float64(6365.0)}
2026-05-21 09:13:03 [INFO] 分割成功
2026-05-21 09:13:03 [INFO] 引擎上下文已释放
2026-05-21 09:13:03 [INFO] TensorRT 引擎已释放
2026-05-21 09:13:03 [INFO] 全局 CUDA 资源已释放
2026-05-21 09:13:03 [INFO] 分割系统资源已释放
2026-05-21 09:13:07 [INFO] CUDA 初始化成功
2026-05-21 09:13:07 [INFO] 引擎加载成功: scrap_steel.engine
2026-05-21 09:13:07 [INFO] 分割系统初始化成功
2026-05-21 09:13:07 [INFO] 图像预处理完成，原始尺寸: (2160, 3840)
2026-05-21 09:13:07 [INFO] 开始执行分割...
2026-05-21 09:13:07 [DEBUG] 处理后的检测结果形状: (1, 8400, 6)
2026-05-21 09:13:07 [DEBUG] 示例检测结果: [[-3.99042892e+00 -3.28316116e+00  3.95624352e+01  1.57452984e+01
   3.68059503e-08  5.00000000e+00]
 [-6.14250946e+00 -2.95055199e+00  4.47404327e+01  2.99270916e+01
   9.31742683e-09  9.00000000e+00]
 [-3.46408844e+00 -3.28498077e+00  4.59193039e+01  3.03336487e+01
   4.26441105e-09  9.00000000e+00]]
2026-05-21 09:13:07 [DEBUG] 处理后检测输出形状: (0, 52)
2026-05-21 09:13:07 [DEBUG] 有效检测数量: 0
2026-05-21 09:13:07 [DEBUG] 检测输出为空
2026-05-21 09:13:07 [INFO] 掩码中检测到的类别: [0, 1, 2, 3, 4, 5, 6, 7, 8, 9, 10, 11, 12, 13, 15]
2026-05-21 09:13:07 [INFO] 分割完成，检测到 0 个物体
2026-05-21 09:13:07 [INFO] 从分割掩码中提取检测结果
2026-05-21 09:13:07 [INFO] 从掩码中提取了 619 个检测框
2026-05-21 09:13:07 [INFO] 检测到车兜区域，将过滤区域外的目标
2026-05-21 09:13:07 [INFO] 车兜区域过滤: 619 -> 117 个目标
2026-05-21 09:13:08 [INFO] 保存分割和检测结果到: C:\code\show\Scrap_Steel_In_Field\photos\segmentation\segment_20260521_091307.jpg
2026-05-21 09:13:08 [INFO] JSON结果保存到: C:\code\show\Scrap_Steel_In_Field\photos\segmentation_result.json
2026-05-21 09:13:08 [INFO] 类别统计：{1: 75356, 2: 21852, 3: 6552, 4: 12132, 5: 54317, 6: 1584, 7: 24357, 8: 15185, 9: 41184, 10: 1476, 11: 5688, 12: 39170, 13: 6529, 15: 5610}
2026-05-21 09:13:08 [INFO] 面积统计：{1: np.float64(75356.0), 2: np.float64(21852.0), 3: np.float64(6552.0), 4: np.float64(12132.0), 5: np.float64(54317.0), 6: np.float64(1584.0), 7: np.float64(24357.0), 8: np.float64(15185.0), 9: np.float64(41184.0), 10: np.float64(1476.0), 11: np.float64(5688.0), 12: np.float64(39170.0), 13: np.float64(6529.0), 15: np.float64(5610.0)}
2026-05-21 09:13:08 [INFO] 分割成功
2026-05-21 09:13:08 [INFO] 引擎上下文已释放
2026-05-21 09:13:08 [INFO] TensorRT 引擎已释放
2026-05-21 09:13:08 [INFO] 全局 CUDA 资源已释放
2026-05-21 09:13:08 [INFO] 分割系统资源已释放
2026-05-21 09:13:12 [INFO] CUDA 初始化成功
2026-05-21 09:13:12 [INFO] 引擎加载成功: scrap_steel.engine
2026-05-21 09:13:12 [INFO] 分割系统初始化成功
2026-05-21 09:13:12 [INFO] 图像预处理完成，原始尺寸: (2160, 3840)
2026-05-21 09:13:12 [INFO] 开始执行分割...
2026-05-21 09:13:12 [DEBUG] 处理后的检测结果形状: (1, 8400, 6)
2026-05-21 09:13:12 [DEBUG] 示例检测结果: [[-3.97682190e+00 -3.28476715e+00  3.94556389e+01  1.57291279e+01
   3.61102295e-08  5.00000000e+00]
 [-6.14953232e+00 -2.96019173e+00  4.46830215e+01  3.00342083e+01
   9.20502874e-09  9.00000000e+00]
 [-3.44776917e+00 -3.31313515e+00  4.58991241e+01  3.04186649e+01
   4.20047996e-09  9.00000000e+00]]
2026-05-21 09:13:12 [DEBUG] 处理后检测输出形状: (0, 52)
2026-05-21 09:13:12 [DEBUG] 有效检测数量: 0
2026-05-21 09:13:12 [DEBUG] 检测输出为空
2026-05-21 09:13:12 [INFO] 掩码中检测到的类别: [0, 1, 2, 3, 4, 5, 6, 7, 8, 9, 10, 11, 12, 13, 15]
2026-05-21 09:13:12 [INFO] 分割完成，检测到 0 个物体
2026-05-21 09:13:12 [INFO] 从分割掩码中提取检测结果
2026-05-21 09:13:13 [INFO] 从掩码中提取了 610 个检测框
2026-05-21 09:13:13 [INFO] 检测到车兜区域，将过滤区域外的目标
2026-05-21 09:13:13 [INFO] 车兜区域过滤: 610 -> 118 个目标
2026-05-21 09:13:13 [INFO] 保存分割和检测结果到: C:\code\show\Scrap_Steel_In_Field\photos\segmentation\segment_20260521_091313.jpg
2026-05-21 09:13:13 [INFO] JSON结果保存到: C:\code\show\Scrap_Steel_In_Field\photos\segmentation_result.json
2026-05-21 09:13:13 [INFO] 类别统计：{1: 78861, 2: 29520, 3: 8064, 4: 14904, 5: 56048, 6: 2448, 7: 22561, 8: 19842, 9: 43236, 10: 3168, 11: 5400, 12: 33053, 13: 6257, 15: 5778}
2026-05-21 09:13:13 [INFO] 面积统计：{1: np.float64(78861.0), 2: np.float64(29520.0), 3: np.float64(8064.0), 4: np.float64(14904.0), 5: np.float64(56048.0), 6: np.float64(2448.0), 7: np.float64(22561.0), 8: np.float64(19842.0), 9: np.float64(43236.0), 10: np.float64(3168.0), 11: np.float64(5400.0), 12: np.float64(33053.0), 13: np.float64(6257.0), 15: np.float64(5778.0)}
2026-05-21 09:13:13 [INFO] 分割成功
2026-05-21 09:13:13 [INFO] 引擎上下文已释放
2026-05-21 09:13:13 [INFO] TensorRT 引擎已释放
2026-05-21 09:13:13 [INFO] 全局 CUDA 资源已释放
2026-05-21 09:13:13 [INFO] 分割系统资源已释放
2026-05-21 09:13:17 [INFO] CUDA 初始化成功
2026-05-21 09:13:17 [INFO] 引擎加载成功: scrap_steel.engine
2026-05-21 09:13:17 [INFO] 分割系统初始化成功
2026-05-21 09:13:17 [INFO] 图像预处理完成，原始尺寸: (2160, 3840)
2026-05-21 09:13:17 [INFO] 开始执行分割...
2026-05-21 09:13:17 [DEBUG] 处理后的检测结果形状: (1, 8400, 6)
2026-05-21 09:13:17 [DEBUG] 示例检测结果: [[-3.96378326e+00 -3.26134014e+00  3.94067993e+01  1.55710001e+01
   3.65192996e-08  5.00000000e+00]
 [-6.13421631e+00 -2.91577435e+00  4.47373466e+01  2.98429451e+01
   9.20702714e-09  9.00000000e+00]
 [-3.45719910e+00 -3.28565598e+00  4.59222260e+01  3.03271294e+01
   4.26560387e-09  9.00000000e+00]]
2026-05-21 09:13:17 [DEBUG] 处理后检测输出形状: (0, 52)
2026-05-21 09:13:17 [DEBUG] 有效检测数量: 0
2026-05-21 09:13:17 [DEBUG] 检测输出为空
2026-05-21 09:13:17 [INFO] 掩码中检测到的类别: [0, 1, 2, 3, 4, 5, 6, 7, 8, 9, 10, 11, 12, 13, 15]
2026-05-21 09:13:17 [INFO] 分割完成，检测到 0 个物体
2026-05-21 09:13:17 [INFO] 从分割掩码中提取检测结果
2026-05-21 09:13:18 [INFO] 从掩码中提取了 625 个检测框
2026-05-21 09:13:18 [INFO] 检测到车兜区域，将过滤区域外的目标
2026-05-21 09:13:18 [INFO] 车兜区域过滤: 625 -> 120 个目标
2026-05-21 09:13:18 [INFO] 保存分割和检测结果到: C:\code\show\Scrap_Steel_In_Field\photos\segmentation\segment_20260521_091318.jpg
2026-05-21 09:13:18 [INFO] JSON结果保存到: C:\code\show\Scrap_Steel_In_Field\photos\segmentation_result.json
2026-05-21 09:13:18 [INFO] 类别统计：{1: 84872, 2: 28512, 3: 7668, 4: 11844, 5: 44326, 6: 1728, 7: 24361, 8: 11667, 9: 44856, 10: 2268, 11: 5724, 12: 37215, 13: 6131, 15: 7920}
2026-05-21 09:13:18 [INFO] 面积统计：{1: np.float64(84872.0), 2: np.float64(28512.0), 3: np.float64(7668.0), 4: np.float64(11844.0), 5: np.float64(44326.0), 6: np.float64(1728.0), 7: np.float64(24361.0), 8: np.float64(11667.0), 9: np.float64(44856.0), 10: np.float64(2268.0), 11: np.float64(5724.0), 12: np.float64(37215.0), 13: np.float64(6131.0), 15: np.float64(7920.0)}
2026-05-21 09:13:18 [INFO] 分割成功
2026-05-21 09:13:18 [INFO] 引擎上下文已释放
2026-05-21 09:13:18 [INFO] TensorRT 引擎已释放
2026-05-21 09:13:18 [INFO] 全局 CUDA 资源已释放
2026-05-21 09:13:18 [INFO] 分割系统资源已释放
2026-05-21 09:13:22 [INFO] CUDA 初始化成功
2026-05-21 09:13:22 [INFO] 引擎加载成功: scrap_steel.engine
2026-05-21 09:13:22 [INFO] 分割系统初始化成功
2026-05-21 09:13:22 [INFO] 图像预处理完成，原始尺寸: (2160, 3840)
2026-05-21 09:13:22 [INFO] 开始执行分割...
2026-05-21 09:13:22 [DEBUG] 处理后的检测结果形状: (1, 8400, 6)
2026-05-21 09:13:22 [DEBUG] 示例检测结果: [[-3.96250534e+00 -3.27946758e+00  3.95343742e+01  1.56644773e+01
   3.62517589e-08  5.00000000e+00]
 [-6.12858582e+00 -2.94129562e+00  4.47025795e+01  2.98980331e+01
   9.13494080e-09  9.00000000e+00]
 [-3.44564438e+00 -3.30344391e+00  4.59099083e+01  3.02513733e+01
   4.16779411e-09  9.00000000e+00]]
2026-05-21 09:13:22 [DEBUG] 处理后检测输出形状: (0, 52)
2026-05-21 09:13:22 [DEBUG] 有效检测数量: 0
2026-05-21 09:13:22 [DEBUG] 检测输出为空
2026-05-21 09:13:22 [INFO] 掩码中检测到的类别: [0, 1, 2, 3, 4, 5, 6, 7, 8, 9, 10, 11, 12, 13, 15]
2026-05-21 09:13:22 [INFO] 分割完成，检测到 0 个物体
2026-05-21 09:13:22 [INFO] 从分割掩码中提取检测结果
2026-05-21 09:13:23 [INFO] 从掩码中提取了 633 个检测框
2026-05-21 09:13:23 [INFO] 检测到车兜区域，将过滤区域外的目标
2026-05-21 09:13:23 [INFO] 车兜区域过滤: 633 -> 121 个目标
2026-05-21 09:13:23 [INFO] 保存分割和检测结果到: C:\code\show\Scrap_Steel_In_Field\photos\segmentation\segment_20260521_091323.jpg
2026-05-21 09:13:23 [INFO] JSON结果保存到: C:\code\show\Scrap_Steel_In_Field\photos\segmentation_result.json
2026-05-21 09:13:23 [INFO] 类别统计：{1: 76738, 2: 23832, 3: 7452, 4: 13140, 5: 48687, 6: 1944, 7: 25929, 8: 15069, 9: 46044, 10: 3060, 11: 5940, 12: 36302, 13: 7037, 15: 7234}
2026-05-21 09:13:23 [INFO] 面积统计：{1: np.float64(76738.0), 2: np.float64(23832.0), 3: np.float64(7452.0), 4: np.float64(13140.0), 5: np.float64(48687.0), 6: np.float64(1944.0), 7: np.float64(25929.0), 8: np.float64(15069.0), 9: np.float64(46044.0), 10: np.float64(3060.0), 11: np.float64(5940.0), 12: np.float64(36302.0), 13: np.float64(7037.0), 15: np.float64(7234.0)}
2026-05-21 09:13:23 [INFO] 分割成功
2026-05-21 09:13:23 [INFO] 引擎上下文已释放
2026-05-21 09:13:23 [INFO] TensorRT 引擎已释放
2026-05-21 09:13:23 [INFO] 全局 CUDA 资源已释放
2026-05-21 09:13:23 [INFO] 分割系统资源已释放
2026-05-21 09:13:27 [INFO] CUDA 初始化成功
2026-05-21 09:13:27 [INFO] 引擎加载成功: scrap_steel.engine
2026-05-21 09:13:27 [INFO] 分割系统初始化成功
2026-05-21 09:13:27 [INFO] 图像预处理完成，原始尺寸: (2160, 3840)
2026-05-21 09:13:27 [INFO] 开始执行分割...
2026-05-21 09:13:27 [DEBUG] 处理后的检测结果形状: (1, 8400, 6)
2026-05-21 09:13:27 [DEBUG] 示例检测结果: [[-3.99092484e+00 -3.29489183e+00  3.95458755e+01  1.57770958e+01
   3.69496433e-08  5.00000000e+00]
 [-6.15502548e+00 -2.95120907e+00  4.47181015e+01  3.00180473e+01
   9.42755474e-09  9.00000000e+00]
 [-3.43074036e+00 -3.30018520e+00  4.59142227e+01  3.03800735e+01
   4.31313651e-09  9.00000000e+00]]
2026-05-21 09:13:27 [DEBUG] 处理后检测输出形状: (0, 52)
2026-05-21 09:13:27 [DEBUG] 有效检测数量: 0
2026-05-21 09:13:27 [DEBUG] 检测输出为空
2026-05-21 09:13:27 [INFO] 掩码中检测到的类别: [0, 1, 2, 3, 4, 5, 6, 7, 8, 9, 10, 11, 12, 13, 15]
2026-05-21 09:13:27 [INFO] 分割完成，检测到 0 个物体
2026-05-21 09:13:27 [INFO] 从分割掩码中提取检测结果
2026-05-21 09:13:28 [INFO] 从掩码中提取了 624 个检测框
2026-05-21 09:13:28 [INFO] 检测到车兜区域，将过滤区域外的目标
2026-05-21 09:13:28 [INFO] 车兜区域过滤: 624 -> 108 个目标
2026-05-21 09:13:28 [INFO] 保存分割和检测结果到: C:\code\show\Scrap_Steel_In_Field\photos\segmentation\segment_20260521_091328.jpg
2026-05-21 09:13:28 [INFO] JSON结果保存到: C:\code\show\Scrap_Steel_In_Field\photos\segmentation_result.json
2026-05-21 09:13:28 [INFO] 类别统计：{1: 78226, 2: 24552, 3: 6912, 4: 13068, 5: 52737, 6: 756, 7: 23391, 8: 12735, 9: 44712, 10: 972, 11: 6084, 12: 37777, 13: 6723, 15: 5898}
2026-05-21 09:13:28 [INFO] 面积统计：{1: np.float64(78226.0), 2: np.float64(24552.0), 3: np.float64(6912.0), 4: np.float64(13068.0), 5: np.float64(52737.0), 6: np.float64(756.0), 7: np.float64(23391.0), 8: np.float64(12735.0), 9: np.float64(44712.0), 10: np.float64(972.0), 11: np.float64(6084.0), 12: np.float64(37777.0), 13: np.float64(6723.0), 15: np.float64(5898.0)}
2026-05-21 09:13:28 [INFO] 分割成功
2026-05-21 09:13:28 [INFO] 引擎上下文已释放
2026-05-21 09:13:28 [INFO] TensorRT 引擎已释放
2026-05-21 09:13:29 [INFO] 全局 CUDA 资源已释放
2026-05-21 09:13:29 [INFO] 分割系统资源已释放
2026-05-21 09:13:32 [INFO] CUDA 初始化成功
2026-05-21 09:13:32 [INFO] 引擎加载成功: scrap_steel.engine
2026-05-21 09:13:32 [INFO] 分割系统初始化成功
2026-05-21 09:13:32 [INFO] 图像预处理完成，原始尺寸: (2160, 3840)
2026-05-21 09:13:32 [INFO] 开始执行分割...
2026-05-21 09:13:33 [DEBUG] 处理后的检测结果形状: (1, 8400, 6)
2026-05-21 09:13:33 [DEBUG] 示例检测结果: [[-3.94373703e+00 -3.27260876e+00  3.96033287e+01  1.57256842e+01
   3.68061457e-08  5.00000000e+00]
 [-6.09622955e+00 -2.92872810e+00  4.47593956e+01  2.99067631e+01
   9.35319822e-09  9.00000000e+00]
 [-3.43328094e+00 -3.25036144e+00  4.59650497e+01  3.03653641e+01
   4.31582592e-09  9.00000000e+00]]
2026-05-21 09:13:33 [DEBUG] 处理后检测输出形状: (0, 52)
2026-05-21 09:13:33 [DEBUG] 有效检测数量: 0
2026-05-21 09:13:33 [DEBUG] 检测输出为空
2026-05-21 09:13:33 [INFO] 掩码中检测到的类别: [0, 1, 2, 3, 4, 5, 6, 7, 8, 9, 10, 11, 12, 13, 15]
2026-05-21 09:13:33 [INFO] 分割完成，检测到 0 个物体
2026-05-21 09:13:33 [INFO] 从分割掩码中提取检测结果
2026-05-21 09:13:33 [INFO] 从掩码中提取了 627 个检测框
2026-05-21 09:13:33 [INFO] 检测到车兜区域，将过滤区域外的目标
2026-05-21 09:13:33 [INFO] 车兜区域过滤: 627 -> 112 个目标
2026-05-21 09:13:34 [INFO] 保存分割和检测结果到: C:\code\show\Scrap_Steel_In_Field\photos\segmentation\segment_20260521_091333.jpg
2026-05-21 09:13:34 [INFO] JSON结果保存到: C:\code\show\Scrap_Steel_In_Field\photos\segmentation_result.json
2026-05-21 09:13:34 [INFO] 类别统计：{1: 73415, 2: 23004, 3: 7200, 4: 12888, 5: 52292, 6: 216, 7: 24970, 8: 8447, 9: 43596, 10: 2952, 11: 5292, 12: 44810, 13: 8075, 15: 6696}
2026-05-21 09:13:34 [INFO] 面积统计：{1: np.float64(73415.0), 2: np.float64(23004.0), 3: np.float64(7200.0), 4: np.float64(12888.0), 5: np.float64(52292.0), 6: np.float64(216.0), 7: np.float64(24970.0), 8: np.float64(8447.0), 9: np.float64(43596.0), 10: np.float64(2952.0), 11: np.float64(5292.0), 12: np.float64(44810.0), 13: np.float64(8075.0), 15: np.float64(6696.0)}
2026-05-21 09:13:34 [INFO] 分割成功
2026-05-21 09:13:34 [INFO] 引擎上下文已释放
2026-05-21 09:13:34 [INFO] TensorRT 引擎已释放
2026-05-21 09:13:34 [INFO] 全局 CUDA 资源已释放
2026-05-21 09:13:34 [INFO] 分割系统资源已释放
2026-05-21 09:13:37 [INFO] CUDA 初始化成功
2026-05-21 09:13:37 [INFO] 引擎加载成功: scrap_steel.engine
2026-05-21 09:13:37 [INFO] 分割系统初始化成功
2026-05-21 09:13:38 [INFO] 图像预处理完成，原始尺寸: (2160, 3840)
2026-05-21 09:13:38 [INFO] 开始执行分割...
2026-05-21 09:13:38 [DEBUG] 处理后的检测结果形状: (1, 8400, 6)
2026-05-21 09:13:38 [DEBUG] 示例检测结果: [[-3.96451950e+00 -3.25461483e+00  3.95644073e+01  1.55964689e+01
   3.59687000e-08  5.00000000e+00]
 [-6.13426971e+00 -2.94070244e+00  4.47443848e+01  2.98740559e+01
   9.13494080e-09  9.00000000e+00]
 [-3.44049835e+00 -3.27562714e+00  4.59006042e+01  3.02650337e+01
   4.20047996e-09  9.00000000e+00]]
2026-05-21 09:13:38 [DEBUG] 处理后检测输出形状: (0, 52)
2026-05-21 09:13:38 [DEBUG] 有效检测数量: 0
2026-05-21 09:13:38 [DEBUG] 检测输出为空
2026-05-21 09:13:38 [INFO] 掩码中检测到的类别: [0, 1, 2, 3, 4, 5, 6, 7, 8, 9, 10, 11, 12, 13, 15]
2026-05-21 09:13:38 [INFO] 分割完成，检测到 0 个物体
2026-05-21 09:13:38 [INFO] 从分割掩码中提取检测结果
2026-05-21 09:13:38 [INFO] 从掩码中提取了 616 个检测框
