2025-05-27 12:00:12 [INFO] CUDA 初始化成功
2025-05-27 12:00:12 [INFO] 引擎加载成功: scrap_steel.engine
2025-05-27 12:00:12 [INFO] 分割系统初始化成功
2025-05-27 12:00:12 [INFO] 图像预处理完成，原始尺寸: (2160, 3840)
2025-05-27 12:00:12 [INFO] 开始执行分割...
2025-05-27 12:00:12 [DEBUG] 处理后的检测结果形状: (1, 8400, 6)
2025-05-27 12:00:12 [DEBUG] 示例检测结果: [[-3.90319061e+00 -3.21523094e+00  3.93971596e+01  1.53079891e+01
   4.13874517e-08  5.00000000e+00]
 [-5.96375656e+00 -2.84697628e+00  4.48197479e+01  3.00958405e+01
   9.48137568e-09  9.00000000e+00]
 [-3.43650436e+00 -3.41685009e+00  4.60220222e+01  3.10751228e+01
   4.16726209e-09  9.00000000e+00]]
2025-05-27 12:00:12 [DEBUG] 处理后检测输出形状: (0, 52)
2025-05-27 12:00:12 [DEBUG] 有效检测数量: 0
2025-05-27 12:00:12 [DEBUG] 检测输出为空
2025-05-27 12:00:12 [INFO] 掩码中检测到的类别: [0, 1, 2, 3, 4, 5, 6, 7, 8, 9, 10, 11, 12, 13, 14, 15]
2025-05-27 12:00:12 [INFO] 分割完成，检测到 0 个物体
2025-05-27 12:00:12 [INFO] 从分割掩码中提取检测结果
2025-05-27 12:00:12 [INFO] 从掩码中提取了 554 个检测框
2025-05-27 12:00:13 [INFO] 保存分割和检测结果到: C:\Users\diaoqingguang\Scrap_steel_system\Scrap_Steel_In_Field\photos\segmentation\segment_20250527_120012.jpg
2025-05-27 12:00:13 [INFO] JSON结果保存到: C:\Users\diaoqingguang\Scrap_steel_system\Scrap_Steel_In_Field\photos\segmentation_result.json
2025-05-27 12:00:13 [INFO] 类别统计：{0: 33, 1: 73, 2: 25, 3: 5, 4: 40, 5: 27, 6: 30, 7: 35, 8: 46, 9: 66, 10: 35, 11: 7, 12: 15, 13: 70, 14: 3, 15: 44}
2025-05-27 12:00:13 [INFO] 面积统计：{0: 3433248.0, 1: 465084.0, 2: 60588.0, 3: 362952.0, 4: 219636.0, 5: 73404.0, 6: 619056.0, 7: 58428.0, 8: 1067904.0, 9: 312768.0, 10: 224388.0, 11: 182592.0, 12: 95292.0, 13: 860004.0, 14: 1764.0, 15: 167868.0}
2025-05-27 12:00:13 [INFO] 分割成功
2025-05-27 12:00:13 [INFO] 引擎上下文已释放
2025-05-27 12:00:13 [INFO] TensorRT 引擎已释放
2025-05-27 12:00:13 [INFO] 全局 CUDA 资源已释放
2025-05-27 12:00:13 [INFO] 分割系统资源已释放
