2026-05-22 10:58:00 [INFO] CUDA 初始化成功
2026-05-22 10:58:00 [INFO] 引擎加载成功: scrap_steel.engine
2026-05-22 10:58:00 [INFO] 分割系统初始化成功
2026-05-22 10:58:03 [INFO] 引擎加载成功: scrap_steel.engine
2026-05-22 10:58:03 [INFO] 分割系统初始化成功
2026-05-22 10:58:03 [INFO] 图像预处理完成，原始尺寸: (2160, 3840)
2026-05-22 10:58:03 [INFO] 开始执行分割...
2026-05-22 10:58:03 [ERROR] 推理过程发生异常: explicit_context_dependent failed: invalid device context - no currently active context?
2026-05-22 10:58:03 [INFO] 分割完成，检测到 0 个物体
2026-05-22 10:58:03 [ERROR] 分割失败: 未能生成有效的分割掩码
2026-05-22 10:58:03 [INFO] 引擎上下文已释放
2026-05-22 10:58:03 [INFO] TensorRT 引擎已释放
2026-05-22 10:58:03 [INFO] 全局 CUDA 资源已释放
2026-05-22 10:58:03 [INFO] 分割系统资源已释放
2026-05-22 10:58:09 [INFO] CUDA 初始化成功
2026-05-22 10:58:09 [INFO] 引擎加载成功: scrap_steel.engine
2026-05-22 10:58:09 [INFO] 分割系统初始化成功
2026-05-22 10:58:09 [INFO] 图像预处理完成，原始尺寸: (2160, 3840)
2026-05-22 10:58:09 [INFO] 开始执行分割...
2026-05-22 10:58:09 [DEBUG] 处理后的检测结果形状: (1, 8400, 6)
2026-05-22 10:58:09 [DEBUG] 示例检测结果: [[-4.18375015e+00 -3.33031750e+00  3.88505592e+01  1.56705885e+01
   4.39240786e-08  5.00000000e+00]
 [-6.60097504e+00 -3.14328003e+00  4.41773224e+01  2.99802361e+01
   9.69352598e-09  9.00000000e+00]
 [-3.66098404e+00 -3.63067913e+00  4.56873550e+01  3.04065590e+01
   4.27200675e-09  9.00000000e+00]]
2026-05-22 10:58:09 [DEBUG] 处理后检测输出形状: (0, 52)
2026-05-22 10:58:09 [DEBUG] 有效检测数量: 0
2026-05-22 10:58:09 [DEBUG] 检测输出为空
2026-05-22 10:58:09 [INFO] 掩码中检测到的类别: [0, 1, 2, 3, 4, 5, 6, 7, 8, 9, 10, 11, 12, 13, 15]
2026-05-22 10:58:09 [INFO] 分割完成，检测到 0 个物体
2026-05-22 10:58:09 [INFO] 从分割掩码中提取检测结果
2026-05-22 10:58:09 [INFO] 从掩码中提取了 471 个检测框
2026-05-22 10:58:09 [INFO] 检测到车兜区域，将过滤区域外的目标
2026-05-22 10:58:09 [INFO] 车兜区域过滤: 471 -> 202 个目标
2026-05-22 10:58:10 [INFO] 保存分割和检测结果到: C:\code\show\Scrap_Steel_In_Field\photos\segmentation\segment_20260522_105809.jpg
2026-05-22 10:58:10 [INFO] JSON结果保存到: C:\code\show\Scrap_Steel_In_Field\photos\segmentation_result.json
2026-05-22 10:58:10 [INFO] 类别统计：{0: 1, 1: 34, 2: 14, 3: 3, 4: 11, 5: 21, 6: 16, 7: 20, 8: 15, 9: 21, 10: 15, 11: 3, 12: 12, 13: 12, 14: 0, 15: 4}
2026-05-22 10:58:10 [INFO] 面积统计：{1: np.float64(33.31), 2: np.float64(5.42), 3: np.float64(0.43), 4: np.float64(3.72), 5: np.float64(8.76), 6: np.float64(10.81), 7: np.float64(4.77), 8: np.float64(2.42), 9: np.float64(6.91), 10: np.float64(11.45), 11: np.float64(0.19), 12: np.float64(9.88), 13: np.float64(1.41), 15: np.float64(0.51)}
2026-05-22 10:58:10 [INFO] 分割成功
2026-05-22 10:58:10 [INFO] 引擎上下文已释放
2026-05-22 10:58:10 [INFO] TensorRT 引擎已释放
2026-05-22 10:58:10 [INFO] 全局 CUDA 资源已释放
2026-05-22 10:58:10 [INFO] 分割系统资源已释放
2026-05-22 10:58:14 [INFO] CUDA 初始化成功
2026-05-22 10:58:14 [INFO] 引擎加载成功: scrap_steel.engine
2026-05-22 10:58:14 [INFO] 分割系统初始化成功
2026-05-22 10:58:14 [INFO] 图像预处理完成，原始尺寸: (2160, 3840)
2026-05-22 10:58:14 [INFO] 开始执行分割...
2026-05-22 10:58:14 [DEBUG] 处理后的检测结果形状: (1, 8400, 6)
2026-05-22 10:58:14 [DEBUG] 示例检测结果: [[-4.16881561e+00 -3.33450794e+00  3.89000626e+01  1.56117277e+01
   4.35659437e-08  5.00000000e+00]
 [-6.60482788e+00 -3.13293743e+00  4.42218552e+01  2.99830284e+01
   9.54650403e-09  9.00000000e+00]
 [-3.64642334e+00 -3.61915874e+00  4.56930389e+01  3.04403267e+01
   4.28867608e-09  9.00000000e+00]]
2026-05-22 10:58:14 [DEBUG] 处理后检测输出形状: (0, 52)
2026-05-22 10:58:14 [DEBUG] 有效检测数量: 0
2026-05-22 10:58:14 [DEBUG] 检测输出为空
2026-05-22 10:58:14 [INFO] 掩码中检测到的类别: [0, 1, 2, 3, 4, 5, 6, 7, 8, 9, 10, 11, 12, 13, 15]
2026-05-22 10:58:14 [INFO] 分割完成，检测到 0 个物体
2026-05-22 10:58:14 [INFO] 从分割掩码中提取检测结果
2026-05-22 10:58:15 [INFO] 从掩码中提取了 486 个检测框
2026-05-22 10:58:15 [INFO] 检测到车兜区域，将过滤区域外的目标
2026-05-22 10:58:15 [INFO] 车兜区域过滤: 486 -> 215 个目标
2026-05-22 10:58:16 [INFO] 保存分割和检测结果到: C:\code\show\Scrap_Steel_In_Field\photos\segmentation\segment_20260522_105815.jpg
2026-05-22 10:58:16 [INFO] JSON结果保存到: C:\code\show\Scrap_Steel_In_Field\photos\segmentation_result.json
2026-05-22 10:58:16 [INFO] 类别统计：{0: 1, 1: 33, 2: 15, 3: 3, 4: 14, 5: 21, 6: 16, 7: 23, 8: 16, 9: 19, 10: 20, 11: 3, 12: 17, 13: 9, 14: 0, 15: 5}
2026-05-22 10:58:16 [INFO] 面积统计：{1: np.float64(33.08), 2: np.float64(5.33), 3: np.float64(0.5), 4: np.float64(3.32), 5: np.float64(10.11), 6: np.float64(10.15), 7: np.float64(4.54), 8: np.float64(2.38), 9: np.float64(7.54), 10: np.float64(11.86), 11: np.float64(0.16), 12: np.float64(9.04), 13: np.float64(1.32), 15: np.float64(0.68)}
2026-05-22 10:58:16 [INFO] 分割成功
2026-05-22 10:58:16 [INFO] 引擎上下文已释放
2026-05-22 10:58:16 [INFO] TensorRT 引擎已释放
2026-05-22 10:58:16 [INFO] 全局 CUDA 资源已释放
2026-05-22 10:58:16 [INFO] 分割系统资源已释放
2026-05-22 10:58:20 [INFO] CUDA 初始化成功
2026-05-22 10:58:20 [INFO] 引擎加载成功: scrap_steel.engine
2026-05-22 10:58:20 [INFO] 分割系统初始化成功
2026-05-22 10:58:20 [INFO] 图像预处理完成，原始尺寸: (2160, 3840)
2026-05-22 10:58:20 [INFO] 开始执行分割...
2026-05-22 10:58:20 [DEBUG] 处理后的检测结果形状: (1, 8400, 6)
2026-05-22 10:58:20 [DEBUG] 示例检测结果: [[-4.13654327e+00 -3.31907654e+00  3.87596474e+01  1.55200615e+01
   4.37349250e-08  5.00000000e+00]
 [-6.50298691e+00 -3.10750484e+00  4.42032051e+01  2.98773994e+01
   9.65933111e-09  9.00000000e+00]
 [-3.63401794e+00 -3.57646751e+00  4.56571808e+01  3.03992176e+01
   4.27439062e-09  9.00000000e+00]]
2026-05-22 10:58:20 [DEBUG] 处理后检测输出形状: (0, 52)
2026-05-22 10:58:20 [DEBUG] 有效检测数量: 0
2026-05-22 10:58:20 [DEBUG] 检测输出为空
2026-05-22 10:58:20 [INFO] 掩码中检测到的类别: [0, 1, 2, 3, 4, 5, 6, 7, 8, 9, 10, 11, 12, 13, 15]
2026-05-22 10:58:20 [INFO] 分割完成，检测到 0 个物体
2026-05-22 10:58:20 [INFO] 从分割掩码中提取检测结果
2026-05-22 10:58:20 [INFO] 从掩码中提取了 504 个检测框
2026-05-22 10:58:20 [INFO] 检测到车兜区域，将过滤区域外的目标
2026-05-22 10:58:20 [INFO] 车兜区域过滤: 504 -> 221 个目标
2026-05-22 10:58:21 [INFO] 保存分割和检测结果到: C:\code\show\Scrap_Steel_In_Field\photos\segmentation\segment_20260522_105820.jpg
2026-05-22 10:58:21 [INFO] JSON结果保存到: C:\code\show\Scrap_Steel_In_Field\photos\segmentation_result.json
2026-05-22 10:58:21 [INFO] 类别统计：{0: 1, 1: 36, 2: 19, 3: 2, 4: 14, 5: 23, 6: 18, 7: 25, 8: 17, 9: 18, 10: 14, 11: 3, 12: 15, 13: 12, 14: 0, 15: 4}
2026-05-22 10:58:21 [INFO] 面积统计：{1: np.float64(33.95), 2: np.float64(4.31), 3: np.float64(0.23), 4: np.float64(3.38), 5: np.float64(9.39), 6: np.float64(9.85), 7: np.float64(4.96), 8: np.float64(2.62), 9: np.float64(7.75), 10: np.float64(11.94), 11: np.float64(0.2), 12: np.float64(9.56), 13: np.float64(1.33), 15: np.float64(0.54)}
2026-05-22 10:58:21 [INFO] 分割成功
2026-05-22 10:58:21 [INFO] 引擎上下文已释放
2026-05-22 10:58:21 [INFO] TensorRT 引擎已释放
2026-05-22 10:58:21 [INFO] 全局 CUDA 资源已释放
2026-05-22 10:58:21 [INFO] 分割系统资源已释放
2026-05-22 10:58:25 [INFO] CUDA 初始化成功
2026-05-22 10:58:25 [INFO] 引擎加载成功: scrap_steel.engine
2026-05-22 10:58:25 [INFO] 分割系统初始化成功
2026-05-22 10:58:25 [INFO] 图像预处理完成，原始尺寸: (2160, 3840)
2026-05-22 10:58:25 [INFO] 开始执行分割...
2026-05-22 10:58:25 [DEBUG] 处理后的检测结果形状: (1, 8400, 6)
2026-05-22 10:58:25 [DEBUG] 示例检测结果: [[-4.17043686e+00 -3.36260319e+00  3.87993355e+01  1.57181597e+01
   4.40944490e-08  5.00000000e+00]
 [-6.59502411e+00 -3.14377594e+00  4.41642647e+01  2.99903603e+01
   9.65130198e-09  9.00000000e+00]
 [-3.67336273e+00 -3.62983608e+00  4.56586685e+01  3.04312782e+01
   4.23891322e-09  9.00000000e+00]]
2026-05-22 10:58:25 [DEBUG] 处理后检测输出形状: (0, 52)
2026-05-22 10:58:25 [DEBUG] 有效检测数量: 0
2026-05-22 10:58:25 [DEBUG] 检测输出为空
2026-05-22 10:58:25 [INFO] 掩码中检测到的类别: [0, 1, 2, 3, 4, 5, 6, 7, 8, 9, 10, 11, 12, 13, 15]
2026-05-22 10:58:25 [INFO] 分割完成，检测到 0 个物体
2026-05-22 10:58:25 [INFO] 从分割掩码中提取检测结果
2026-05-22 10:58:26 [INFO] 从掩码中提取了 502 个检测框
2026-05-22 10:58:26 [INFO] 检测到车兜区域，将过滤区域外的目标
2026-05-22 10:58:26 [INFO] 车兜区域过滤: 502 -> 214 个目标
2026-05-22 10:58:27 [INFO] 保存分割和检测结果到: C:\code\show\Scrap_Steel_In_Field\photos\segmentation\segment_20260522_105826.jpg
2026-05-22 10:58:27 [INFO] JSON结果保存到: C:\code\show\Scrap_Steel_In_Field\photos\segmentation_result.json
2026-05-22 10:58:27 [INFO] 类别统计：{0: 1, 1: 32, 2: 17, 3: 3, 4: 15, 5: 20, 6: 17, 7: 29, 8: 18, 9: 18, 10: 15, 11: 3, 12: 13, 13: 9, 14: 0, 15: 4}
2026-05-22 10:58:27 [INFO] 面积统计：{1: np.float64(32.81), 2: np.float64(5.41), 3: np.float64(0.33), 4: np.float64(3.01), 5: np.float64(10.09), 6: np.float64(9.06), 7: np.float64(4.99), 8: np.float64(2.43), 9: np.float64(7.05), 10: np.float64(12.63), 11: np.float64(0.22), 12: np.float64(10.23), 13: np.float64(1.18), 15: np.float64(0.57)}
2026-05-22 10:58:27 [INFO] 分割成功
2026-05-22 10:58:27 [INFO] 引擎上下文已释放
2026-05-22 10:58:27 [INFO] TensorRT 引擎已释放
2026-05-22 10:58:27 [INFO] 全局 CUDA 资源已释放
2026-05-22 10:58:27 [INFO] 分割系统资源已释放
2026-05-22 10:58:31 [INFO] CUDA 初始化成功
2026-05-22 10:58:31 [INFO] 引擎加载成功: scrap_steel.engine
2026-05-22 10:58:31 [INFO] 分割系统初始化成功
2026-05-22 10:58:31 [INFO] 图像预处理完成，原始尺寸: (2160, 3840)
2026-05-22 10:58:31 [INFO] 开始执行分割...
2026-05-22 10:58:31 [DEBUG] 处理后的检测结果形状: (1, 8400, 6)
2026-05-22 10:58:31 [DEBUG] 示例检测结果: [[-4.20323563e+00 -3.37382936e+00  3.88587952e+01  1.57884483e+01
   4.40944490e-08  5.00000000e+00]
 [-6.61526489e+00 -3.17959213e+00  4.41667786e+01  3.01222115e+01
   9.54650403e-09  9.00000000e+00]
 [-3.66878510e+00 -3.68880558e+00  4.56577606e+01  3.04661865e+01
   4.28867608e-09  9.00000000e+00]]
2026-05-22 10:58:31 [DEBUG] 处理后检测输出形状: (0, 52)
2026-05-22 10:58:31 [DEBUG] 有效检测数量: 0
2026-05-22 10:58:31 [DEBUG] 检测输出为空
2026-05-22 10:58:31 [INFO] 掩码中检测到的类别: [0, 1, 2, 3, 4, 5, 6, 7, 8, 9, 10, 11, 12, 13, 15]
2026-05-22 10:58:31 [INFO] 分割完成，检测到 0 个物体
2026-05-22 10:58:31 [INFO] 从分割掩码中提取检测结果
2026-05-22 10:58:31 [INFO] 从掩码中提取了 499 个检测框
2026-05-22 10:58:31 [INFO] 检测到车兜区域，将过滤区域外的目标
2026-05-22 10:58:31 [INFO] 车兜区域过滤: 499 -> 224 个目标
2026-05-22 10:58:32 [INFO] 保存分割和检测结果到: C:\code\show\Scrap_Steel_In_Field\photos\segmentation\segment_20260522_105831.jpg
2026-05-22 10:58:32 [INFO] JSON结果保存到: C:\code\show\Scrap_Steel_In_Field\photos\segmentation_result.json
2026-05-22 10:58:32 [INFO] 类别统计：{0: 1, 1: 37, 2: 20, 3: 3, 4: 15, 5: 21, 6: 14, 7: 27, 8: 16, 9: 21, 10: 19, 11: 3, 12: 13, 13: 10, 14: 0, 15: 4}
2026-05-22 10:58:32 [INFO] 面积统计：{1: np.float64(33.28), 2: np.float64(5.42), 3: np.float64(0.36), 4: np.float64(3.47), 5: np.float64(10.25), 6: np.float64(9.39), 7: np.float64(5.09), 8: np.float64(2.37), 9: np.float64(7.52), 10: np.float64(11.53), 11: np.float64(0.23), 12: np.float64(9.25), 13: np.float64(1.29), 15: np.float64(0.56)}
2026-05-22 10:58:32 [INFO] 分割成功
2026-05-22 10:58:32 [INFO] 引擎上下文已释放
2026-05-22 10:58:32 [INFO] TensorRT 引擎已释放
2026-05-22 10:58:32 [INFO] 全局 CUDA 资源已释放
2026-05-22 10:58:32 [INFO] 分割系统资源已释放
2026-05-22 10:58:36 [INFO] CUDA 初始化成功
2026-05-22 10:58:36 [INFO] 引擎加载成功: scrap_steel.engine
2026-05-22 10:58:36 [INFO] 分割系统初始化成功
2026-05-22 10:58:36 [INFO] 图像预处理完成，原始尺寸: (2160, 3840)
2026-05-22 10:58:36 [INFO] 开始执行分割...
2026-05-22 10:58:36 [DEBUG] 处理后的检测结果形状: (1, 8400, 6)
2026-05-22 10:58:36 [DEBUG] 示例检测结果: [[-4.16752243e+00 -3.32864094e+00  3.88319855e+01  1.55809565e+01
   4.40944490e-08  5.00000000e+00]
 [-6.56802368e+00 -3.13318253e+00  4.41756744e+01  2.98902664e+01
   9.69352598e-09  9.00000000e+00]
 [-3.64879608e+00 -3.62054443e+00  4.56645203e+01  3.03511009e+01
   4.24105018e-09  9.00000000e+00]]
2026-05-22 10:58:36 [DEBUG] 处理后检测输出形状: (0, 52)
2026-05-22 10:58:36 [DEBUG] 有效检测数量: 0
2026-05-22 10:58:36 [DEBUG] 检测输出为空
2026-05-22 10:58:36 [INFO] 掩码中检测到的类别: [0, 1, 2, 3, 4, 5, 6, 7, 8, 9, 10, 11, 12, 13, 15]
2026-05-22 10:58:36 [INFO] 分割完成，检测到 0 个物体
2026-05-22 10:58:36 [INFO] 从分割掩码中提取检测结果
2026-05-22 10:58:37 [INFO] 从掩码中提取了 489 个检测框
2026-05-22 10:58:37 [INFO] 检测到车兜区域，将过滤区域外的目标
2026-05-22 10:58:37 [INFO] 车兜区域过滤: 489 -> 211 个目标
2026-05-22 10:58:39 [INFO] 保存分割和检测结果到: C:\code\show\Scrap_Steel_In_Field\photos\segmentation\segment_20260522_105837.jpg
2026-05-22 10:58:39 [INFO] JSON结果保存到: C:\code\show\Scrap_Steel_In_Field\photos\segmentation_result.json
2026-05-22 10:58:39 [INFO] 类别统计：{0: 1, 1: 32, 2: 15, 3: 4, 4: 12, 5: 23, 6: 14, 7: 24, 8: 19, 9: 20, 10: 16, 11: 2, 12: 14, 13: 11, 14: 0, 15: 4}
2026-05-22 10:58:39 [INFO] 面积统计：{1: np.float64(34.07), 2: np.float64(3.6), 3: np.float64(0.41), 4: np.float64(3.04), 5: np.float64(9.19), 6: np.float64(10.5), 7: np.float64(4.92), 8: np.float64(2.48), 9: np.float64(7.43), 10: np.float64(11.93), 11: np.float64(0.17), 12: np.float64(10.16), 13: np.float64(1.38), 15: np.float64(0.72)}
2026-05-22 10:58:39 [INFO] 分割成功
2026-05-22 10:58:39 [INFO] 引擎上下文已释放
2026-05-22 10:58:39 [INFO] TensorRT 引擎已释放
2026-05-22 10:58:39 [INFO] 全局 CUDA 资源已释放
2026-05-22 10:58:39 [INFO] 分割系统资源已释放
2026-05-22 10:58:43 [INFO] CUDA 初始化成功
2026-05-22 10:58:43 [INFO] 引擎加载成功: scrap_steel.engine
2026-05-22 10:58:43 [INFO] 分割系统初始化成功
2026-05-22 10:58:43 [INFO] 图像预处理完成，原始尺寸: (2160, 3840)
2026-05-22 10:58:43 [INFO] 开始执行分割...
2026-05-22 10:58:43 [DEBUG] 处理后的检测结果形状: (1, 8400, 6)
2026-05-22 10:58:43 [DEBUG] 示例检测结果: [[-4.18270493e+00 -3.35137987e+00  3.88630714e+01  1.57603035e+01
   4.40820713e-08  5.00000000e+00]
 [-6.53614426e+00 -3.11904335e+00  4.41243477e+01  2.99781971e+01
   9.65933111e-09  9.00000000e+00]
 [-3.63998795e+00 -3.59041500e+00  4.56382713e+01  3.04263000e+01
   4.29093916e-09  9.00000000e+00]]
2026-05-22 10:58:43 [DEBUG] 处理后检测输出形状: (0, 52)
2026-05-22 10:58:43 [DEBUG] 有效检测数量: 0
2026-05-22 10:58:43 [DEBUG] 检测输出为空
2026-05-22 10:58:43 [INFO] 掩码中检测到的类别: [0, 1, 2, 3, 4, 5, 6, 7, 8, 9, 10, 11, 12, 13, 15]
2026-05-22 10:58:43 [INFO] 分割完成，检测到 0 个物体
2026-05-22 10:58:43 [INFO] 从分割掩码中提取检测结果
2026-05-22 10:58:43 [INFO] 从掩码中提取了 495 个检测框
2026-05-22 10:58:43 [INFO] 检测到车兜区域，将过滤区域外的目标
2026-05-22 10:58:43 [INFO] 车兜区域过滤: 495 -> 210 个目标
2026-05-22 10:58:44 [INFO] 保存分割和检测结果到: C:\code\show\Scrap_Steel_In_Field\photos\segmentation\segment_20260522_105843.jpg
2026-05-22 10:58:44 [INFO] JSON结果保存到: C:\code\show\Scrap_Steel_In_Field\photos\segmentation_result.json
2026-05-22 10:58:44 [INFO] 类别统计：{0: 1, 1: 33, 2: 15, 3: 2, 4: 12, 5: 18, 6: 17, 7: 21, 8: 19, 9: 20, 10: 19, 11: 4, 12: 15, 13: 11, 14: 0, 15: 3}
2026-05-22 10:58:44 [INFO] 面积统计：{1: np.float64(33.24), 2: np.float64(5.91), 3: np.float64(0.23), 4: np.float64(3.22), 5: np.float64(9.89), 6: np.float64(10.07), 7: np.float64(4.64), 8: np.float64(2.67), 9: np.float64(7.03), 10: np.float64(11.71), 11: np.float64(0.25), 12: np.float64(9.37), 13: np.float64(1.32), 15: np.float64(0.45)}
2026-05-22 10:58:44 [INFO] 分割成功
2026-05-22 10:58:44 [INFO] 引擎上下文已释放
2026-05-22 10:58:44 [INFO] TensorRT 引擎已释放
2026-05-22 10:58:45 [INFO] 全局 CUDA 资源已释放
2026-05-22 10:58:45 [INFO] 分割系统资源已释放
2026-05-22 10:58:48 [INFO] CUDA 初始化成功
2026-05-22 10:58:48 [INFO] 引擎加载成功: scrap_steel.engine
2026-05-22 10:58:48 [INFO] 分割系统初始化成功
2026-05-22 10:58:48 [INFO] 图像预处理完成，原始尺寸: (2160, 3840)
2026-05-22 10:58:48 [INFO] 开始执行分割...
2026-05-22 10:58:48 [DEBUG] 处理后的检测结果形状: (1, 8400, 6)
2026-05-22 10:58:48 [DEBUG] 示例检测结果: [[-4.15455627e+00 -3.32792234e+00  3.88689423e+01  1.55812187e+01
   4.39240786e-08  5.00000000e+00]
 [-6.54845810e+00 -3.11928558e+00  4.41672173e+01  2.98708153e+01
   9.62172209e-09  9.00000000e+00]
 [-3.63801575e+00 -3.60672474e+00  4.56580505e+01  3.03490829e+01
   4.25533742e-09  9.00000000e+00]]
2026-05-22 10:58:48 [DEBUG] 处理后检测输出形状: (0, 52)
2026-05-22 10:58:48 [DEBUG] 有效检测数量: 0
2026-05-22 10:58:48 [DEBUG] 检测输出为空
2026-05-22 10:58:48 [INFO] 掩码中检测到的类别: [0, 1, 2, 3, 4, 5, 6, 7, 8, 9, 10, 11, 12, 13, 15]
2026-05-22 10:58:48 [INFO] 分割完成，检测到 0 个物体
2026-05-22 10:58:48 [INFO] 从分割掩码中提取检测结果
2026-05-22 10:58:49 [INFO] 从掩码中提取了 507 个检测框
2026-05-22 10:58:49 [INFO] 检测到车兜区域，将过滤区域外的目标
2026-05-22 10:58:49 [INFO] 车兜区域过滤: 507 -> 222 个目标
2026-05-22 10:58:50 [INFO] 保存分割和检测结果到: C:\code\show\Scrap_Steel_In_Field\photos\segmentation\segment_20260522_105849.jpg
2026-05-22 10:58:50 [INFO] JSON结果保存到: C:\code\show\Scrap_Steel_In_Field\photos\segmentation_result.json
2026-05-22 10:58:50 [INFO] 类别统计：{0: 1, 1: 36, 2: 19, 3: 3, 4: 12, 5: 21, 6: 18, 7: 21, 8: 18, 9: 21, 10: 18, 11: 5, 12: 11, 13: 14, 14: 0, 15: 4}
2026-05-22 10:58:50 [INFO] 面积统计：{1: np.float64(34.1), 2: np.float64(4.67), 3: np.float64(0.41), 4: np.float64(3.04), 5: np.float64(9.25), 6: np.float64(9.83), 7: np.float64(4.33), 8: np.float64(2.45), 9: np.float64(7.3), 10: np.float64(11.89), 11: np.float64(0.23), 12: np.float64(10.81), 13: np.float64(1.18), 15: np.float64(0.51)}
2026-05-22 10:58:50 [INFO] 分割成功
2026-05-22 10:58:50 [INFO] 引擎上下文已释放
2026-05-22 10:58:50 [INFO] TensorRT 引擎已释放
2026-05-22 10:58:50 [INFO] 全局 CUDA 资源已释放
2026-05-22 10:58:50 [INFO] 分割系统资源已释放
2026-05-22 10:58:54 [INFO] CUDA 初始化成功
2026-05-22 10:58:54 [INFO] 引擎加载成功: scrap_steel.engine
2026-05-22 10:58:54 [INFO] 分割系统初始化成功
2026-05-22 10:58:54 [INFO] 图像预处理完成，原始尺寸: (2160, 3840)
2026-05-22 10:58:54 [INFO] 开始执行分割...
2026-05-22 10:58:54 [DEBUG] 处理后的检测结果形状: (1, 8400, 6)
2026-05-22 10:58:54 [DEBUG] 示例检测结果: [[-4.12133789e+00 -3.29680157e+00  3.88007736e+01  1.54912443e+01
   4.23736957e-08  5.00000000e+00]
 [-6.53979111e+00 -3.08300591e+00  4.41465569e+01  2.97948589e+01
   9.44307743e-09  9.00000000e+00]
 [-3.67122269e+00 -3.59482574e+00  4.56677551e+01  3.03497086e+01
   4.24484448e-09  9.00000000e+00]]
2026-05-22 10:58:54 [DEBUG] 处理后检测输出形状: (0, 52)
2026-05-22 10:58:54 [DEBUG] 有效检测数量: 0
2026-05-22 10:58:54 [DEBUG] 检测输出为空
2026-05-22 10:58:54 [INFO] 掩码中检测到的类别: [0, 1, 2, 3, 4, 5, 6, 7, 8, 9, 10, 11, 12, 13, 15]
2026-05-22 10:58:54 [INFO] 分割完成，检测到 0 个物体
2026-05-22 10:58:54 [INFO] 从分割掩码中提取检测结果
2026-05-22 10:58:54 [INFO] 从掩码中提取了 501 个检测框
2026-05-22 10:58:55 [INFO] 检测到车兜区域，将过滤区域外的目标
2026-05-22 10:58:55 [INFO] 车兜区域过滤: 501 -> 216 个目标
2026-05-22 10:58:57 [INFO] 保存分割和检测结果到: C:\code\show\Scrap_Steel_In_Field\photos\segmentation\segment_20260522_105855.jpg
2026-05-22 10:58:57 [INFO] JSON结果保存到: C:\code\show\Scrap_Steel_In_Field\photos\segmentation_result.json
2026-05-22 10:58:57 [INFO] 类别统计：{0: 1, 1: 35, 2: 19, 3: 3, 4: 10, 5: 27, 6: 17, 7: 22, 8: 14, 9: 20, 10: 14, 11: 5, 12: 14, 13: 11, 14: 0, 15: 4}
2026-05-22 10:58:57 [INFO] 面积统计：{1: np.float64(32.43), 2: np.float64(5.33), 3: np.float64(0.4), 4: np.float64(3.7), 5: np.float64(9.92), 6: np.float64(10.09), 7: np.float64(4.52), 8: np.float64(2.66), 9: np.float64(6.76), 10: np.float64(11.57), 11: np.float64(0.17), 12: np.float64(10.61), 13: np.float64(1.32), 15: np.float64(0.52)}
2026-05-22 10:58:57 [INFO] 分割成功
2026-05-22 10:58:57 [INFO] 引擎上下文已释放
2026-05-22 10:58:57 [INFO] TensorRT 引擎已释放
2026-05-22 10:58:57 [INFO] 全局 CUDA 资源已释放
2026-05-22 10:58:57 [INFO] 分割系统资源已释放
2026-05-22 10:59:01 [INFO] CUDA 初始化成功
2026-05-22 10:59:01 [INFO] 引擎加载成功: scrap_steel.engine
2026-05-22 10:59:01 [INFO] 分割系统初始化成功
2026-05-22 10:59:01 [INFO] 图像预处理完成，原始尺寸: (2160, 3840)
2026-05-22 10:59:01 [INFO] 开始执行分割...
2026-05-22 10:59:01 [DEBUG] 处理后的检测结果形状: (1, 8400, 6)
2026-05-22 10:59:01 [DEBUG] 示例检测结果: [[-4.16828537e+00 -3.34262800e+00  3.88951073e+01  1.56947517e+01
   4.27044569e-08  5.00000000e+00]
 [-6.55003357e+00 -3.13217163e+00  4.41822128e+01  2.99259758e+01
   9.62457491e-09  9.00000000e+00]
 [-3.63442230e+00 -3.60599709e+00  4.56856842e+01  3.04042530e+01
   4.27628777e-09  9.00000000e+00]]
2026-05-22 10:59:01 [DEBUG] 处理后检测输出形状: (0, 52)
2026-05-22 10:59:01 [DEBUG] 有效检测数量: 0
2026-05-22 10:59:01 [DEBUG] 检测输出为空
2026-05-22 10:59:01 [INFO] 掩码中检测到的类别: [0, 1, 2, 3, 4, 5, 6, 7, 8, 9, 10, 11, 12, 13, 15]
2026-05-22 10:59:01 [INFO] 分割完成，检测到 0 个物体
2026-05-22 10:59:01 [INFO] 从分割掩码中提取检测结果
2026-05-22 10:59:01 [INFO] 从掩码中提取了 482 个检测框
2026-05-22 10:59:01 [INFO] 检测到车兜区域，将过滤区域外的目标
2026-05-22 10:59:01 [INFO] 车兜区域过滤: 482 -> 203 个目标
2026-05-22 10:59:03 [INFO] 保存分割和检测结果到: C:\code\show\Scrap_Steel_In_Field\photos\segmentation\segment_20260522_105901.jpg
2026-05-22 10:59:03 [INFO] JSON结果保存到: C:\code\show\Scrap_Steel_In_Field\photos\segmentation_result.json
2026-05-22 10:59:03 [INFO] 类别统计：{0: 1, 1: 31, 2: 16, 3: 2, 4: 9, 5: 20, 6: 19, 7: 23, 8: 18, 9: 20, 10: 15, 11: 3, 12: 13, 13: 10, 14: 0, 15: 3}
2026-05-22 10:59:03 [INFO] 面积统计：{1: np.float64(33.02), 2: np.float64(4.94), 3: np.float64(0.33), 4: np.float64(3.98), 5: np.float64(10.16), 6: np.float64(9.52), 7: np.float64(4.53), 8: np.float64(2.49), 9: np.float64(6.48), 10: np.float64(12.13), 11: np.float64(0.24), 12: np.float64(10.36), 13: np.float64(1.21), 15: np.float64(0.61)}
2026-05-22 10:59:03 [INFO] 分割成功
2026-05-22 10:59:03 [INFO] 引擎上下文已释放
2026-05-22 10:59:03 [INFO] TensorRT 引擎已释放
2026-05-22 10:59:03 [INFO] 全局 CUDA 资源已释放
2026-05-22 10:59:03 [INFO] 分割系统资源已释放
2026-05-22 10:59:06 [INFO] CUDA 初始化成功
2026-05-22 10:59:06 [INFO] 引擎加载成功: scrap_steel.engine
2026-05-22 10:59:06 [INFO] 分割系统初始化成功
2026-05-22 10:59:06 [INFO] 图像预处理完成，原始尺寸: (2160, 3840)
2026-05-22 10:59:06 [INFO] 开始执行分割...
2026-05-22 10:59:07 [DEBUG] 处理后的检测结果形状: (1, 8400, 6)
2026-05-22 10:59:07 [DEBUG] 示例检测结果: [[-4.16737747e+00 -3.32321930e+00  3.87858467e+01  1.55160713e+01
   4.27044569e-08  5.00000000e+00]
 [-6.58278275e+00 -3.13496590e+00  4.42153511e+01  2.98264179e+01
   9.40747924e-09  9.00000000e+00]
 [-3.66020203e+00 -3.60968304e+00  4.56512146e+01  3.02900505e+01
   4.21340118e-09  9.00000000e+00]]
2026-05-22 10:59:07 [DEBUG] 处理后检测输出形状: (0, 52)
2026-05-22 10:59:07 [DEBUG] 有效检测数量: 0
2026-05-22 10:59:07 [DEBUG] 检测输出为空
2026-05-22 10:59:07 [INFO] 掩码中检测到的类别: [0, 1, 2, 3, 4, 5, 6, 7, 8, 9, 10, 11, 12, 13, 15]
2026-05-22 10:59:07 [INFO] 分割完成，检测到 0 个物体
2026-05-22 10:59:07 [INFO] 从分割掩码中提取检测结果
2026-05-22 10:59:07 [INFO] 从掩码中提取了 489 个检测框
2026-05-22 10:59:07 [INFO] 检测到车兜区域，将过滤区域外的目标
2026-05-22 10:59:07 [INFO] 车兜区域过滤: 489 -> 205 个目标
2026-05-22 10:59:08 [INFO] 保存分割和检测结果到: C:\code\show\Scrap_Steel_In_Field\photos\segmentation\segment_20260522_105907.jpg
2026-05-22 10:59:08 [INFO] JSON结果保存到: C:\code\show\Scrap_Steel_In_Field\photos\segmentation_result.json
2026-05-22 10:59:08 [INFO] 类别统计：{0: 1, 1: 33, 2: 18, 3: 3, 4: 11, 5: 22, 6: 17, 7: 23, 8: 14, 9: 17, 10: 14, 11: 5, 12: 12, 13: 10, 14: 0, 15: 5}
2026-05-22 10:59:08 [INFO] 面积统计：{1: np.float64(34.24), 2: np.float64(5.37), 3: np.float64(0.38), 4: np.float64(3.2), 5: np.float64(10.43), 6: np.float64(9.94), 7: np.float64(5.0), 8: np.float64(2.47), 9: np.float64(6.72), 10: np.float64(11.02), 11: np.float64(0.16), 12: np.float64(9.19), 13: np.float64(1.17), 15: np.float64(0.71)}
2026-05-22 10:59:08 [INFO] 分割成功
2026-05-22 10:59:08 [INFO] 引擎上下文已释放
2026-05-22 10:59:08 [INFO] TensorRT 引擎已释放
2026-05-22 10:59:08 [INFO] 全局 CUDA 资源已释放
2026-05-22 10:59:08 [INFO] 分割系统资源已释放
2026-05-22 10:59:12 [INFO] CUDA 初始化成功
2026-05-22 10:59:12 [INFO] 引擎加载成功: scrap_steel.engine
2026-05-22 10:59:12 [INFO] 分割系统初始化成功
2026-05-22 10:59:12 [INFO] 图像预处理完成，原始尺寸: (2160, 3840)
2026-05-22 10:59:12 [INFO] 开始执行分割...
2026-05-22 10:59:12 [DEBUG] 处理后的检测结果形状: (1, 8400, 6)
2026-05-22 10:59:12 [DEBUG] 示例检测结果: [[-4.17094040e+00 -3.34185696e+00  3.88138466e+01  1.55872660e+01
   4.33965504e-08  5.00000000e+00]
 [-6.59857941e+00 -3.14433098e+00  4.41872177e+01  2.99083881e+01
   9.65933111e-09  9.00000000e+00]
 [-3.68083191e+00 -3.61896038e+00  4.56950073e+01  3.03819923e+01
   4.27439062e-09  9.00000000e+00]]
2026-05-22 10:59:12 [DEBUG] 处理后检测输出形状: (0, 52)
2026-05-22 10:59:12 [DEBUG] 有效检测数量: 0
2026-05-22 10:59:12 [DEBUG] 检测输出为空
2026-05-22 10:59:12 [INFO] 掩码中检测到的类别: [0, 1, 2, 3, 4, 5, 6, 7, 8, 9, 10, 11, 12, 13, 15]
2026-05-22 10:59:12 [INFO] 分割完成，检测到 0 个物体
2026-05-22 10:59:12 [INFO] 从分割掩码中提取检测结果
2026-05-22 10:59:12 [INFO] 从掩码中提取了 518 个检测框
2026-05-22 10:59:12 [INFO] 检测到车兜区域，将过滤区域外的目标
2026-05-22 10:59:12 [INFO] 车兜区域过滤: 518 -> 213 个目标
2026-05-22 10:59:14 [INFO] 保存分割和检测结果到: C:\code\show\Scrap_Steel_In_Field\photos\segmentation\segment_20260522_105913.jpg
2026-05-22 10:59:14 [INFO] JSON结果保存到: C:\code\show\Scrap_Steel_In_Field\photos\segmentation_result.json
2026-05-22 10:59:14 [INFO] 类别统计：{0: 1, 1: 32, 2: 19, 3: 2, 4: 12, 5: 21, 6: 16, 7: 24, 8: 18, 9: 21, 10: 16, 11: 2, 12: 14, 13: 11, 14: 0, 15: 4}
2026-05-22 10:59:14 [INFO] 面积统计：{1: np.float64(33.31), 2: np.float64(5.17), 3: np.float64(0.25), 4: np.float64(3.34), 5: np.float64(9.88), 6: np.float64(9.4), 7: np.float64(5.18), 8: np.float64(2.49), 9: np.float64(6.88), 10: np.float64(11.7), 11: np.float64(0.09), 12: np.float64(10.36), 13: np.float64(1.3), 15: np.float64(0.65)}
2026-05-22 10:59:14 [INFO] 分割成功
2026-05-22 10:59:14 [INFO] 引擎上下文已释放
2026-05-22 10:59:14 [INFO] TensorRT 引擎已释放
2026-05-22 10:59:14 [INFO] 全局 CUDA 资源已释放
2026-05-22 10:59:14 [INFO] 分割系统资源已释放
2026-05-22 10:59:17 [INFO] CUDA 初始化成功
2026-05-22 10:59:17 [INFO] 引擎加载成功: scrap_steel.engine
2026-05-22 10:59:17 [INFO] 分割系统初始化成功
2026-05-22 10:59:17 [INFO] 图像预处理完成，原始尺寸: (2160, 3840)
2026-05-22 10:59:17 [INFO] 开始执行分割...
2026-05-22 10:59:18 [DEBUG] 处理后的检测结果形状: (1, 8400, 6)
2026-05-22 10:59:18 [DEBUG] 示例检测结果: [[-4.13851166e+00 -3.33479023e+00  3.87638588e+01  1.54701796e+01
   4.28953513e-08  5.00000000e+00]
 [-6.57629395e+00 -3.15794754e+00  4.42047043e+01  2.98833237e+01
   9.47811429e-09  9.00000000e+00]
 [-3.65560913e+00 -3.62175369e+00  4.56677017e+01  3.03450279e+01
   4.21199076e-09  9.00000000e+00]]
2026-05-22 10:59:18 [DEBUG] 处理后检测输出形状: (0, 52)
2026-05-22 10:59:18 [DEBUG] 有效检测数量: 0
2026-05-22 10:59:18 [DEBUG] 检测输出为空
2026-05-22 10:59:18 [INFO] 掩码中检测到的类别: [0, 1, 2, 3, 4, 5, 6, 7, 8, 9, 10, 11, 12, 13, 15]
2026-05-22 10:59:18 [INFO] 分割完成，检测到 0 个物体
2026-05-22 10:59:18 [INFO] 从分割掩码中提取检测结果
2026-05-22 10:59:18 [INFO] 从掩码中提取了 483 个检测框
2026-05-22 10:59:18 [INFO] 检测到车兜区域，将过滤区域外的目标
2026-05-22 10:59:18 [INFO] 车兜区域过滤: 483 -> 207 个目标
2026-05-22 10:59:19 [INFO] 保存分割和检测结果到: C:\code\show\Scrap_Steel_In_Field\photos\segmentation\segment_20260522_105918.jpg
2026-05-22 10:59:19 [INFO] JSON结果保存到: C:\code\show\Scrap_Steel_In_Field\photos\segmentation_result.json
2026-05-22 10:59:19 [INFO] 类别统计：{0: 1, 1: 30, 2: 15, 3: 3, 4: 13, 5: 21, 6: 19, 7: 19, 8: 14, 9: 22, 10: 18, 11: 3, 12: 16, 13: 10, 14: 0, 15: 3}
2026-05-22 10:59:19 [INFO] 面积统计：{1: np.float64(33.74), 2: np.float64(5.18), 3: np.float64(0.3), 4: np.float64(3.29), 5: np.float64(9.96), 6: np.float64(10.34), 7: np.float64(4.77), 8: np.float64(2.39), 9: np.float64(6.93), 10: np.float64(11.73), 11: np.float64(0.14), 12: np.float64(9.52), 13: np.float64(1.25), 15: np.float64(0.47)}
2026-05-22 10:59:19 [INFO] 分割成功
2026-05-22 10:59:19 [INFO] 引擎上下文已释放
2026-05-22 10:59:19 [INFO] TensorRT 引擎已释放
2026-05-22 10:59:19 [INFO] 全局 CUDA 资源已释放
2026-05-22 10:59:19 [INFO] 分割系统资源已释放
2026-05-22 10:59:23 [INFO] CUDA 初始化成功
2026-05-22 10:59:23 [INFO] 引擎加载成功: scrap_steel.engine
2026-05-22 10:59:23 [INFO] 分割系统初始化成功
2026-05-22 10:59:23 [INFO] 图像预处理完成，原始尺寸: (2160, 3840)
2026-05-22 10:59:23 [INFO] 开始执行分割...
2026-05-22 10:59:23 [DEBUG] 处理后的检测结果形状: (1, 8400, 6)
2026-05-22 10:59:23 [DEBUG] 示例检测结果: [[-4.17028046e+00 -3.32308292e+00  3.89085617e+01  1.55771475e+01
   4.33969625e-08  5.00000000e+00]
 [-6.58378220e+00 -3.13397884e+00  4.42123833e+01  2.99539948e+01
   9.62457491e-09  9.00000000e+00]
 [-3.64590454e+00 -3.62185287e+00  4.56646881e+01  3.04145432e+01
   4.30773106e-09  9.00000000e+00]]
2026-05-22 10:59:23 [DEBUG] 处理后检测输出形状: (0, 52)
2026-05-22 10:59:23 [DEBUG] 有效检测数量: 0
2026-05-22 10:59:23 [DEBUG] 检测输出为空
2026-05-22 10:59:23 [INFO] 掩码中检测到的类别: [0, 1, 2, 3, 4, 5, 6, 7, 8, 9, 10, 11, 12, 13, 15]
2026-05-22 10:59:23 [INFO] 分割完成，检测到 0 个物体
2026-05-22 10:59:23 [INFO] 从分割掩码中提取检测结果
2026-05-22 10:59:23 [INFO] 从掩码中提取了 512 个检测框
2026-05-22 10:59:23 [INFO] 检测到车兜区域，将过滤区域外的目标
2026-05-22 10:59:23 [INFO] 车兜区域过滤: 512 -> 213 个目标
2026-05-22 10:59:26 [INFO] 保存分割和检测结果到: C:\code\show\Scrap_Steel_In_Field\photos\segmentation\segment_20260522_105923.jpg
2026-05-22 10:59:26 [INFO] JSON结果保存到: C:\code\show\Scrap_Steel_In_Field\photos\segmentation_result.json
2026-05-22 10:59:26 [INFO] 类别统计：{0: 1, 1: 37, 2: 17, 3: 4, 4: 14, 5: 24, 6: 15, 7: 25, 8: 14, 9: 20, 10: 18, 11: 2, 12: 11, 13: 9, 14: 0, 15: 2}
2026-05-22 10:59:26 [INFO] 面积统计：{1: np.float64(33.73), 2: np.float64(4.68), 3: np.float64(0.4), 4: np.float64(3.47), 5: np.float64(9.85), 6: np.float64(9.09), 7: np.float64(5.33), 8: np.float64(2.23), 9: np.float64(7.53), 10: np.float64(11.48), 11: np.float64(0.22), 12: np.float64(10.04), 13: np.float64(1.33), 15: np.float64(0.62)}
2026-05-22 10:59:26 [INFO] 分割成功
2026-05-22 10:59:26 [INFO] 引擎上下文已释放
2026-05-22 10:59:26 [INFO] TensorRT 引擎已释放
2026-05-22 10:59:26 [INFO] 全局 CUDA 资源已释放
2026-05-22 10:59:26 [INFO] 分割系统资源已释放
