2026-05-25 10:32:40 [INFO] CUDA 初始化成功
2026-05-25 10:32:40 [INFO] 引擎加载成功: scrap_steel.engine
2026-05-25 10:32:40 [INFO] 分割系统初始化成功
2026-05-25 10:32:43 [INFO] 引擎加载成功: scrap_steel.engine
2026-05-25 10:32:43 [INFO] 分割系统初始化成功
2026-05-25 10:32:43 [INFO] 图像预处理完成，原始尺寸: (2160, 3840)
2026-05-25 10:32:43 [INFO] 开始执行分割...
2026-05-25 10:32:43 [ERROR] 推理过程发生异常: explicit_context_dependent failed: invalid device context - no currently active context?
2026-05-25 10:32:43 [INFO] 分割完成，检测到 0 个物体
2026-05-25 10:32:43 [INFO] 计算出的车框矩形边界: (996, 673) to (3242, 1668)
2026-05-25 10:32:43 [INFO] 原始检测数: 0, 过滤后检测数: 0
2026-05-25 10:32:43 [ERROR] 保存结果失败: 'NoneType' object has no attribute 'shape'
2026-05-25 10:32:43 [ERROR] 分割失败: 未能生成有效的分割掩码
2026-05-25 10:32:43 [INFO] 引擎上下文已释放
2026-05-25 10:32:43 [INFO] TensorRT 引擎已释放
2026-05-25 10:32:43 [INFO] 全局 CUDA 资源已释放
2026-05-25 10:32:43 [INFO] 分割系统资源已释放
2026-05-25 10:32:51 [INFO] CUDA 初始化成功
2026-05-25 10:32:51 [INFO] 引擎加载成功: scrap_steel.engine
2026-05-25 10:32:51 [INFO] 分割系统初始化成功
2026-05-25 10:32:51 [INFO] 图像预处理完成，原始尺寸: (2160, 3840)
2026-05-25 10:32:51 [INFO] 开始执行分割...
2026-05-25 10:32:51 [DEBUG] 处理后的检测结果形状: (1, 8400, 6)
2026-05-25 10:32:51 [DEBUG] 示例检测结果: [[-3.94753265e+00 -3.27117109e+00  3.90515862e+01  1.53906670e+01
   4.51871252e-08  5.00000000e+00]
 [-6.28610611e+00 -3.00109100e+00  4.44399071e+01  2.99274673e+01
   9.95954963e-09  9.00000000e+00]
 [-3.63549042e+00 -3.60264587e+00  4.58081360e+01  3.07123947e+01
   4.39341896e-09  9.00000000e+00]]
2026-05-25 10:32:51 [DEBUG] 处理后检测输出形状: (0, 52)
2026-05-25 10:32:51 [DEBUG] 有效检测数量: 0
2026-05-25 10:32:51 [DEBUG] 检测输出为空
2026-05-25 10:32:51 [INFO] 掩码中检测到的类别: [0, 1, 2, 3, 4, 5, 6, 7, 8, 9, 10, 11, 12, 13, 15]
2026-05-25 10:32:51 [INFO] 分割完成，检测到 0 个物体
2026-05-25 10:32:51 [INFO] 从分割掩码中提取检测结果
2026-05-25 10:32:51 [INFO] 从掩码中提取了 388 个检测框
2026-05-25 10:32:51 [INFO] 计算出的车框矩形边界: (997, 672) to (3246, 1668)
2026-05-25 10:32:51 [INFO] 原始检测数: 388, 过滤后检测数: 201
2026-05-25 10:32:52 [INFO] 保存分割和检测结果到: C:\code\show\Scrap_Steel_In_Field\photos\segmentation\segment_20260525_103251.jpg
2026-05-25 10:32:52 [INFO] JSON结果保存到: C:\code\show\Scrap_Steel_In_Field\photos\segmentation_result.json
2026-05-25 10:32:52 [INFO] 类别统计：{0: 28, 1: 54, 2: 20, 3: 1, 4: 15, 5: 31, 6: 26, 7: 24, 8: 54, 9: 44, 10: 15, 11: 10, 12: 16, 13: 41, 14: 0, 15: 9}
2026-05-25 10:32:52 [INFO] 面积统计：{0: 3904416.0, 1: 1002780.0, 2: 29592.0, 3: 156672.0, 4: 114804.0, 5: 72648.0, 6: 487584.0, 7: 33912.0, 8: 975852.0, 9: 149436.0, 10: 110916.0, 11: 251964.0, 12: 101952.0, 13: 575172.0, 15: 221004.0}
2026-05-25 10:32:52 [INFO] 分割成功
2026-05-25 10:32:52 [INFO] 引擎上下文已释放
2026-05-25 10:32:52 [INFO] TensorRT 引擎已释放
2026-05-25 10:32:52 [INFO] 全局 CUDA 资源已释放
2026-05-25 10:32:52 [INFO] 分割系统资源已释放
2026-05-25 10:32:55 [INFO] CUDA 初始化成功
2026-05-25 10:32:55 [INFO] 引擎加载成功: scrap_steel.engine
2026-05-25 10:32:55 [INFO] 分割系统初始化成功
2026-05-25 10:32:55 [INFO] 图像预处理完成，原始尺寸: (2160, 3840)
2026-05-25 10:32:55 [INFO] 开始执行分割...
2026-05-25 10:32:56 [DEBUG] 处理后的检测结果形状: (1, 8400, 6)
2026-05-25 10:32:56 [DEBUG] 示例检测结果: [[-3.97245407e+00 -3.27956676e+00  3.91877441e+01  1.53375826e+01
   4.59135130e-08  5.00000000e+00]
 [-6.29342651e+00 -2.99629402e+00  4.44719162e+01  3.00198421e+01
   1.01477626e-08  9.00000000e+00]
 [-3.67403412e+00 -3.58575916e+00  4.58023987e+01  3.07501335e+01
   4.45060966e-09  9.00000000e+00]]
2026-05-25 10:32:56 [DEBUG] 处理后检测输出形状: (0, 52)
2026-05-25 10:32:56 [DEBUG] 有效检测数量: 0
2026-05-25 10:32:56 [DEBUG] 检测输出为空
2026-05-25 10:32:56 [INFO] 掩码中检测到的类别: [0, 1, 2, 3, 4, 5, 6, 7, 8, 9, 10, 11, 12, 13, 15]
2026-05-25 10:32:56 [INFO] 分割完成，检测到 0 个物体
2026-05-25 10:32:56 [INFO] 从分割掩码中提取检测结果
2026-05-25 10:32:56 [INFO] 从掩码中提取了 367 个检测框
2026-05-25 10:32:56 [INFO] 计算出的车框矩形边界: (996, 672) to (3247, 1668)
2026-05-25 10:32:56 [INFO] 原始检测数: 367, 过滤后检测数: 181
2026-05-25 10:32:56 [INFO] 保存分割和检测结果到: C:\code\show\Scrap_Steel_In_Field\photos\segmentation\segment_20260525_103256.jpg
2026-05-25 10:32:56 [INFO] JSON结果保存到: C:\code\show\Scrap_Steel_In_Field\photos\segmentation_result.json
2026-05-25 10:32:56 [INFO] 类别统计：{0: 7, 1: 54, 2: 20, 3: 2, 4: 18, 5: 29, 6: 24, 7: 23, 8: 60, 9: 40, 10: 20, 11: 13, 12: 8, 13: 39, 14: 0, 15: 10}
2026-05-25 10:32:56 [INFO] 面积统计：{0: 4003452.0, 1: 890028.0, 2: 30564.0, 3: 153180.0, 4: 118260.0, 5: 73044.0, 6: 486396.0, 7: 33876.0, 8: 922356.0, 9: 177264.0, 10: 110736.0, 11: 247608.0, 12: 121320.0, 13: 571356.0, 15: 235980.0}
2026-05-25 10:32:56 [INFO] 分割成功
2026-05-25 10:32:56 [INFO] 引擎上下文已释放
2026-05-25 10:32:56 [INFO] TensorRT 引擎已释放
2026-05-25 10:32:56 [INFO] 全局 CUDA 资源已释放
2026-05-25 10:32:57 [INFO] 分割系统资源已释放
2026-05-25 10:33:01 [INFO] CUDA 初始化成功
2026-05-25 10:33:01 [INFO] 引擎加载成功: scrap_steel.engine
2026-05-25 10:33:01 [INFO] 分割系统初始化成功
2026-05-25 10:33:01 [INFO] 图像预处理完成，原始尺寸: (2160, 3840)
2026-05-25 10:33:01 [INFO] 开始执行分割...
2026-05-25 10:33:01 [DEBUG] 处理后的检测结果形状: (1, 8400, 6)
2026-05-25 10:33:01 [DEBUG] 示例检测结果: [[-4.00321579e+00 -3.27198458e+00  3.91786995e+01  1.53451881e+01
   4.53619471e-08  5.00000000e+00]
 [-6.36119843e+00 -3.02188873e+00  4.45129318e+01  3.00080910e+01
   9.92070426e-09  9.00000000e+00]
 [-3.65288162e+00 -3.58789253e+00  4.58029289e+01  3.07414951e+01
   4.31664482e-09  9.00000000e+00]]
2026-05-25 10:33:01 [DEBUG] 处理后检测输出形状: (0, 52)
2026-05-25 10:33:01 [DEBUG] 有效检测数量: 0
2026-05-25 10:33:01 [DEBUG] 检测输出为空
2026-05-25 10:33:01 [INFO] 掩码中检测到的类别: [0, 1, 2, 3, 4, 5, 6, 7, 8, 9, 10, 11, 12, 13, 15]
2026-05-25 10:33:01 [INFO] 分割完成，检测到 0 个物体
2026-05-25 10:33:01 [INFO] 从分割掩码中提取检测结果
2026-05-25 10:33:01 [INFO] 从掩码中提取了 378 个检测框
2026-05-25 10:33:01 [INFO] 计算出的车框矩形边界: (997, 669) to (3241, 1669)
2026-05-25 10:33:01 [INFO] 原始检测数: 378, 过滤后检测数: 186
2026-05-25 10:33:02 [INFO] 保存分割和检测结果到: C:\code\show\Scrap_Steel_In_Field\photos\segmentation\segment_20260525_103301.jpg
2026-05-25 10:33:02 [INFO] JSON结果保存到: C:\code\show\Scrap_Steel_In_Field\photos\segmentation_result.json
2026-05-25 10:33:02 [INFO] 类别统计：{0: 11, 1: 56, 2: 17, 3: 1, 4: 14, 5: 29, 6: 22, 7: 26, 8: 62, 9: 42, 10: 17, 11: 11, 12: 14, 13: 44, 14: 0, 15: 12}
2026-05-25 10:33:02 [INFO] 面积统计：{0: 3930948.0, 1: 917136.0, 2: 29844.0, 3: 156384.0, 4: 111636.0, 5: 65304.0, 6: 489132.0, 7: 30960.0, 8: 1011852.0, 9: 170208.0, 10: 109116.0, 11: 252504.0, 12: 106416.0, 13: 566172.0, 15: 215820.0}
2026-05-25 10:33:02 [INFO] 分割成功
2026-05-25 10:33:02 [INFO] 引擎上下文已释放
2026-05-25 10:33:02 [INFO] TensorRT 引擎已释放
2026-05-25 10:33:02 [INFO] 全局 CUDA 资源已释放
2026-05-25 10:33:02 [INFO] 分割系统资源已释放
2026-05-25 10:33:06 [INFO] CUDA 初始化成功
2026-05-25 10:33:06 [INFO] 引擎加载成功: scrap_steel.engine
2026-05-25 10:33:06 [INFO] 分割系统初始化成功
2026-05-25 10:33:06 [INFO] 图像预处理完成，原始尺寸: (2160, 3840)
2026-05-25 10:33:06 [INFO] 开始执行分割...
2026-05-25 10:33:06 [DEBUG] 处理后的检测结果形状: (1, 8400, 6)
2026-05-25 10:33:06 [DEBUG] 示例检测结果: [[-4.00296783e+00 -3.27985144e+00  3.91571007e+01  1.53953648e+01
   4.57352947e-08  5.00000000e+00]
 [-6.33678436e+00 -3.02144432e+00  4.44658432e+01  3.00315990e+01
   1.00296873e-08  9.00000000e+00]
 [-3.63276672e+00 -3.60137558e+00  4.57824173e+01  3.07692680e+01
   4.41065318e-09  9.00000000e+00]]
2026-05-25 10:33:06 [DEBUG] 处理后检测输出形状: (0, 52)
2026-05-25 10:33:06 [DEBUG] 有效检测数量: 0
2026-05-25 10:33:06 [DEBUG] 检测输出为空
2026-05-25 10:33:06 [INFO] 掩码中检测到的类别: [0, 1, 2, 3, 4, 5, 6, 7, 8, 9, 10, 11, 12, 13, 15]
2026-05-25 10:33:06 [INFO] 分割完成，检测到 0 个物体
2026-05-25 10:33:06 [INFO] 从分割掩码中提取检测结果
2026-05-25 10:33:06 [INFO] 从掩码中提取了 388 个检测框
2026-05-25 10:33:06 [INFO] 计算出的车框矩形边界: (997, 669) to (3246, 1668)
2026-05-25 10:33:06 [INFO] 原始检测数: 388, 过滤后检测数: 193
2026-05-25 10:33:07 [INFO] 保存分割和检测结果到: C:\code\show\Scrap_Steel_In_Field\photos\segmentation\segment_20260525_103306.jpg
2026-05-25 10:33:07 [INFO] JSON结果保存到: C:\code\show\Scrap_Steel_In_Field\photos\segmentation_result.json
2026-05-25 10:33:07 [INFO] 类别统计：{0: 12, 1: 53, 2: 21, 3: 1, 4: 16, 5: 31, 6: 29, 7: 28, 8: 60, 9: 43, 10: 18, 11: 11, 12: 13, 13: 44, 14: 0, 15: 8}
2026-05-25 10:33:07 [INFO] 面积统计：{0: 4034268.0, 1: 900936.0, 2: 31464.0, 3: 155916.0, 4: 102312.0, 5: 66492.0, 6: 484560.0, 7: 35244.0, 8: 963792.0, 9: 167328.0, 10: 103356.0, 11: 246852.0, 12: 100944.0, 13: 561780.0, 15: 219564.0}
2026-05-25 10:33:07 [INFO] 分割成功
2026-05-25 10:33:07 [INFO] 引擎上下文已释放
2026-05-25 10:33:07 [INFO] TensorRT 引擎已释放
2026-05-25 10:33:07 [INFO] 全局 CUDA 资源已释放
2026-05-25 10:33:07 [INFO] 分割系统资源已释放
2026-05-25 10:33:11 [INFO] CUDA 初始化成功
2026-05-25 10:33:11 [INFO] 引擎加载成功: scrap_steel.engine
2026-05-25 10:33:11 [INFO] 分割系统初始化成功
2026-05-25 10:33:11 [INFO] 图像预处理完成，原始尺寸: (2160, 3840)
2026-05-25 10:33:11 [INFO] 开始执行分割...
2026-05-25 10:33:11 [DEBUG] 处理后的检测结果形状: (1, 8400, 6)
2026-05-25 10:33:11 [DEBUG] 示例检测结果: [[-3.97223282e+00 -3.28143883e+00  3.90758934e+01  1.54530067e+01
   4.48099229e-08  5.00000000e+00]
 [-6.27809525e+00 -3.02414322e+00  4.43853149e+01  3.00235100e+01
   9.88941196e-09  9.00000000e+00]
 [-3.63161850e+00 -3.61770821e+00  4.57655907e+01  3.07233181e+01
   4.30563762e-09  9.00000000e+00]]
2026-05-25 10:33:11 [DEBUG] 处理后检测输出形状: (0, 52)
2026-05-25 10:33:11 [DEBUG] 有效检测数量: 0
2026-05-25 10:33:11 [DEBUG] 检测输出为空
2026-05-25 10:33:11 [INFO] 掩码中检测到的类别: [0, 1, 2, 3, 4, 5, 6, 7, 8, 9, 10, 11, 12, 13, 15]
2026-05-25 10:33:11 [INFO] 分割完成，检测到 0 个物体
2026-05-25 10:33:11 [INFO] 从分割掩码中提取检测结果
2026-05-25 10:33:11 [INFO] 从掩码中提取了 369 个检测框
2026-05-25 10:33:11 [INFO] 计算出的车框矩形边界: (997, 673) to (3246, 1668)
2026-05-25 10:33:11 [INFO] 原始检测数: 369, 过滤后检测数: 190
2026-05-25 10:33:12 [INFO] 保存分割和检测结果到: C:\code\show\Scrap_Steel_In_Field\photos\segmentation\segment_20260525_103311.jpg
2026-05-25 10:33:12 [INFO] JSON结果保存到: C:\code\show\Scrap_Steel_In_Field\photos\segmentation_result.json
2026-05-25 10:33:12 [INFO] 类别统计：{0: 7, 1: 55, 2: 21, 3: 1, 4: 15, 5: 30, 6: 27, 7: 25, 8: 55, 9: 41, 10: 18, 11: 12, 12: 13, 13: 39, 14: 0, 15: 10}
2026-05-25 10:33:12 [INFO] 面积统计：{0: 3878244.0, 1: 938484.0, 2: 33444.0, 3: 157500.0, 4: 113220.0, 5: 66564.0, 6: 482796.0, 7: 35640.0, 8: 1010880.0, 9: 170280.0, 10: 105192.0, 11: 254484.0, 12: 117972.0, 13: 571500.0, 15: 241308.0}
2026-05-25 10:33:12 [INFO] 分割成功
2026-05-25 10:33:12 [INFO] 引擎上下文已释放
2026-05-25 10:33:12 [INFO] TensorRT 引擎已释放
2026-05-25 10:33:12 [INFO] 全局 CUDA 资源已释放
2026-05-25 10:33:12 [INFO] 分割系统资源已释放
2026-05-25 10:33:16 [INFO] CUDA 初始化成功
2026-05-25 10:33:16 [INFO] 引擎加载成功: scrap_steel.engine
2026-05-25 10:33:16 [INFO] 分割系统初始化成功
2026-05-25 10:33:16 [INFO] 图像预处理完成，原始尺寸: (2160, 3840)
2026-05-25 10:33:16 [INFO] 开始执行分割...
2026-05-25 10:33:16 [DEBUG] 处理后的检测结果形状: (1, 8400, 6)
2026-05-25 10:33:16 [DEBUG] 示例检测结果: [[-4.00519943e+00 -3.30268145e+00  3.91690369e+01  1.54772911e+01
   4.55387088e-08  5.00000000e+00]
 [-6.36988449e+00 -3.03200722e+00  4.44270363e+01  3.00240459e+01
   1.00296873e-08  9.00000000e+00]
 [-3.68470383e+00 -3.61456013e+00  4.58036537e+01  3.07647324e+01
   4.35921166e-09  9.00000000e+00]]
2026-05-25 10:33:16 [DEBUG] 处理后检测输出形状: (0, 52)
2026-05-25 10:33:16 [DEBUG] 有效检测数量: 0
2026-05-25 10:33:16 [DEBUG] 检测输出为空
2026-05-25 10:33:16 [INFO] 掩码中检测到的类别: [0, 1, 2, 3, 4, 5, 6, 7, 8, 9, 10, 11, 12, 13, 15]
2026-05-25 10:33:16 [INFO] 分割完成，检测到 0 个物体
2026-05-25 10:33:16 [INFO] 从分割掩码中提取检测结果
2026-05-25 10:33:16 [INFO] 从掩码中提取了 377 个检测框
2026-05-25 10:33:16 [INFO] 计算出的车框矩形边界: (996, 673) to (3246, 1669)
2026-05-25 10:33:16 [INFO] 原始检测数: 377, 过滤后检测数: 189
2026-05-25 10:33:17 [INFO] 保存分割和检测结果到: C:\code\show\Scrap_Steel_In_Field\photos\segmentation\segment_20260525_103316.jpg
2026-05-25 10:33:17 [INFO] JSON结果保存到: C:\code\show\Scrap_Steel_In_Field\photos\segmentation_result.json
2026-05-25 10:33:17 [INFO] 类别统计：{0: 10, 1: 60, 2: 17, 3: 1, 4: 13, 5: 30, 6: 29, 7: 23, 8: 54, 9: 42, 10: 16, 11: 14, 12: 14, 13: 45, 14: 0, 15: 9}
2026-05-25 10:33:17 [INFO] 面积统计：{0: 3871044.0, 1: 952560.0, 2: 30528.0, 3: 157176.0, 4: 101232.0, 5: 73764.0, 6: 483552.0, 7: 30564.0, 8: 974412.0, 9: 164340.0, 10: 100872.0, 11: 248256.0, 12: 97200.0, 13: 587016.0, 15: 225972.0}
2026-05-25 10:33:17 [INFO] 分割成功
2026-05-25 10:33:17 [INFO] 引擎上下文已释放
2026-05-25 10:33:17 [INFO] TensorRT 引擎已释放
2026-05-25 10:33:17 [INFO] 全局 CUDA 资源已释放
2026-05-25 10:33:17 [INFO] 分割系统资源已释放
2026-05-25 10:33:21 [INFO] CUDA 初始化成功
2026-05-25 10:33:21 [INFO] 引擎加载成功: scrap_steel.engine
2026-05-25 10:33:21 [INFO] 分割系统初始化成功
2026-05-25 10:33:21 [INFO] 图像预处理完成，原始尺寸: (2160, 3840)
2026-05-25 10:33:21 [INFO] 开始执行分割...
2026-05-25 10:33:21 [DEBUG] 处理后的检测结果形状: (1, 8400, 6)
2026-05-25 10:33:21 [DEBUG] 示例检测结果: [[-3.95862198e+00 -3.30098867e+00  3.91210213e+01  1.54643421e+01
   4.53619471e-08  5.00000000e+00]
 [-6.29629517e+00 -3.03116703e+00  4.44906960e+01  3.01543083e+01
   9.87422766e-09  9.00000000e+00]
 [-3.65698624e+00 -3.60001183e+00  4.57928658e+01  3.08268604e+01
   4.49526460e-09  9.00000000e+00]]
2026-05-25 10:33:21 [DEBUG] 处理后检测输出形状: (0, 52)
2026-05-25 10:33:21 [DEBUG] 有效检测数量: 0
2026-05-25 10:33:21 [DEBUG] 检测输出为空
2026-05-25 10:33:21 [INFO] 掩码中检测到的类别: [0, 1, 2, 3, 4, 5, 6, 7, 8, 9, 10, 11, 12, 13, 15]
2026-05-25 10:33:21 [INFO] 分割完成，检测到 0 个物体
2026-05-25 10:33:21 [INFO] 从分割掩码中提取检测结果
2026-05-25 10:33:21 [INFO] 从掩码中提取了 364 个检测框
2026-05-25 10:33:21 [INFO] 计算出的车框矩形边界: (997, 672) to (3246, 1666)
2026-05-25 10:33:21 [INFO] 原始检测数: 364, 过滤后检测数: 196
2026-05-25 10:33:22 [INFO] 保存分割和检测结果到: C:\code\show\Scrap_Steel_In_Field\photos\segmentation\segment_20260525_103321.jpg
2026-05-25 10:33:22 [INFO] JSON结果保存到: C:\code\show\Scrap_Steel_In_Field\photos\segmentation_result.json
2026-05-25 10:33:22 [INFO] 类别统计：{0: 5, 1: 53, 2: 18, 3: 2, 4: 15, 5: 32, 6: 28, 7: 20, 8: 54, 9: 43, 10: 16, 11: 9, 12: 16, 13: 45, 14: 0, 15: 8}
2026-05-25 10:33:22 [INFO] 面积统计：{0: 3938400.0, 1: 916236.0, 2: 34740.0, 3: 152640.0, 4: 103464.0, 5: 67932.0, 6: 524952.0, 7: 35712.0, 8: 979200.0, 9: 155520.0, 10: 105120.0, 11: 255744.0, 12: 105840.0, 13: 564012.0, 15: 229788.0}
2026-05-25 10:33:22 [INFO] 分割成功
2026-05-25 10:33:22 [INFO] 引擎上下文已释放
2026-05-25 10:33:22 [INFO] TensorRT 引擎已释放
2026-05-25 10:33:22 [INFO] 全局 CUDA 资源已释放
2026-05-25 10:33:22 [INFO] 分割系统资源已释放
2026-05-25 10:33:26 [INFO] CUDA 初始化成功
2026-05-25 10:33:26 [INFO] 引擎加载成功: scrap_steel.engine
2026-05-25 10:33:26 [INFO] 分割系统初始化成功
2026-05-25 10:33:26 [INFO] 图像预处理完成，原始尺寸: (2160, 3840)
2026-05-25 10:33:26 [INFO] 开始执行分割...
2026-05-25 10:33:26 [DEBUG] 处理后的检测结果形状: (1, 8400, 6)
2026-05-25 10:33:26 [DEBUG] 示例检测结果: [[-3.97708130e+00 -3.29689598e+00  3.91058769e+01  1.54204845e+01
   4.51871252e-08  5.00000000e+00]
 [-6.35209656e+00 -3.04801750e+00  4.44982758e+01  3.00288601e+01
   1.00296873e-08  9.00000000e+00]
 [-3.65169907e+00 -3.63339329e+00  4.57761688e+01  3.07401428e+01
   4.39341896e-09  9.00000000e+00]]
2026-05-25 10:33:26 [DEBUG] 处理后检测输出形状: (0, 52)
2026-05-25 10:33:26 [DEBUG] 有效检测数量: 0
2026-05-25 10:33:26 [DEBUG] 检测输出为空
2026-05-25 10:33:26 [INFO] 掩码中检测到的类别: [0, 1, 2, 3, 4, 5, 6, 7, 8, 9, 10, 11, 12, 13, 15]
2026-05-25 10:33:26 [INFO] 分割完成，检测到 0 个物体
2026-05-25 10:33:26 [INFO] 从分割掩码中提取检测结果
2026-05-25 10:33:27 [INFO] 从掩码中提取了 407 个检测框
2026-05-25 10:33:27 [INFO] 计算出的车框矩形边界: (996, 673) to (3246, 1668)
2026-05-25 10:33:27 [INFO] 原始检测数: 407, 过滤后检测数: 201
2026-05-25 10:33:27 [INFO] 保存分割和检测结果到: C:\code\show\Scrap_Steel_In_Field\photos\segmentation\segment_20260525_103327.jpg
2026-05-25 10:33:27 [INFO] JSON结果保存到: C:\code\show\Scrap_Steel_In_Field\photos\segmentation_result.json
2026-05-25 10:33:27 [INFO] 类别统计：{0: 12, 1: 65, 2: 17, 3: 1, 4: 19, 5: 31, 6: 25, 7: 31, 8: 63, 9: 47, 10: 16, 11: 13, 12: 18, 13: 39, 14: 0, 15: 10}
2026-05-25 10:33:27 [INFO] 面积统计：{0: 3862008.0, 1: 915228.0, 2: 33768.0, 3: 154908.0, 4: 110808.0, 5: 72972.0, 6: 493092.0, 7: 33372.0, 8: 961704.0, 9: 176724.0, 10: 115632.0, 11: 253584.0, 12: 110484.0, 13: 579348.0, 15: 237744.0}
2026-05-25 10:33:27 [INFO] 分割成功
2026-05-25 10:33:27 [INFO] 引擎上下文已释放
2026-05-25 10:33:27 [INFO] TensorRT 引擎已释放
2026-05-25 10:33:27 [INFO] 全局 CUDA 资源已释放
2026-05-25 10:33:27 [INFO] 分割系统资源已释放
2026-05-25 10:33:31 [INFO] CUDA 初始化成功
2026-05-25 10:33:31 [INFO] 引擎加载成功: scrap_steel.engine
2026-05-25 10:33:31 [INFO] 分割系统初始化成功
2026-05-25 10:33:32 [INFO] 图像预处理完成，原始尺寸: (2160, 3840)
2026-05-25 10:33:32 [INFO] 开始执行分割...
2026-05-25 10:33:32 [DEBUG] 处理后的检测结果形状: (1, 8400, 6)
2026-05-25 10:33:32 [DEBUG] 示例检测结果: [[-4.10169601e+00 -3.33941269e+00  4.00793114e+01  1.60509357e+01
   4.78111630e-08  5.00000000e+00]
 [-6.10195923e+00 -2.95522594e+00  4.48384781e+01  3.07377815e+01
   1.02942366e-08  9.00000000e+00]
 [-3.36354828e+00 -3.44771385e+00  4.58570099e+01  3.11049442e+01
   4.76080508e-09  9.00000000e+00]]
2026-05-25 10:33:32 [DEBUG] 处理后检测输出形状: (0, 52)
2026-05-25 10:33:32 [DEBUG] 有效检测数量: 0
2026-05-25 10:33:32 [DEBUG] 检测输出为空
2026-05-25 10:33:32 [INFO] 掩码中检测到的类别: [0, 1, 2, 3, 4, 5, 6, 7, 8, 9, 10, 11, 12, 13, 15]
2026-05-25 10:33:32 [INFO] 分割完成，检测到 0 个物体
2026-05-25 10:33:32 [INFO] 从分割掩码中提取检测结果
2026-05-25 10:33:32 [INFO] 从掩码中提取了 410 个检测框
2026-05-25 10:33:32 [ERROR] 保存结果失败: 'NoneType' object has no attribute 'astype'
2026-05-25 10:33:32 [INFO] 分割成功
2026-05-25 10:33:32 [INFO] 引擎上下文已释放
2026-05-25 10:33:32 [INFO] TensorRT 引擎已释放
2026-05-25 10:33:32 [INFO] 全局 CUDA 资源已释放
2026-05-25 10:33:32 [INFO] 分割系统资源已释放
2026-05-25 10:33:37 [INFO] CUDA 初始化成功
2026-05-25 10:33:37 [INFO] 引擎加载成功: scrap_steel.engine
2026-05-25 10:33:37 [INFO] 分割系统初始化成功
2026-05-25 10:33:37 [INFO] 图像预处理完成，原始尺寸: (2160, 3840)
2026-05-25 10:33:37 [INFO] 开始执行分割...
2026-05-25 10:33:37 [DEBUG] 处理后的检测结果形状: (1, 8400, 6)
2026-05-25 10:33:37 [DEBUG] 示例检测结果: [[-4.13598633e+00 -3.34086370e+00  3.90824127e+01  1.53550739e+01
   4.59135130e-08  5.00000000e+00]
 [-6.57595444e+00 -3.14528275e+00  4.44134331e+01  2.98495674e+01
   9.95195748e-09  9.00000000e+00]
 [-3.69568634e+00 -3.70061207e+00  4.58188629e+01  3.04867706e+01
   4.35921166e-09  9.00000000e+00]]
2026-05-25 10:33:37 [DEBUG] 处理后检测输出形状: (0, 52)
2026-05-25 10:33:37 [DEBUG] 有效检测数量: 0
2026-05-25 10:33:37 [DEBUG] 检测输出为空
2026-05-25 10:33:37 [INFO] 掩码中检测到的类别: [0, 1, 2, 3, 4, 5, 6, 7, 8, 9, 10, 11, 12, 13, 15]
2026-05-25 10:33:37 [INFO] 分割完成，检测到 0 个物体
2026-05-25 10:33:37 [INFO] 从分割掩码中提取检测结果
2026-05-25 10:33:37 [INFO] 从掩码中提取了 342 个检测框
2026-05-25 10:33:37 [ERROR] 保存结果失败: 'NoneType' object has no attribute 'astype'
2026-05-25 10:33:37 [INFO] 分割成功
2026-05-25 10:33:37 [INFO] 引擎上下文已释放
2026-05-25 10:33:37 [INFO] TensorRT 引擎已释放
2026-05-25 10:33:37 [INFO] 全局 CUDA 资源已释放
2026-05-25 10:33:37 [INFO] 分割系统资源已释放
2026-05-25 10:33:42 [INFO] CUDA 初始化成功
2026-05-25 10:33:42 [INFO] 引擎加载成功: scrap_steel.engine
2026-05-25 10:33:42 [INFO] 分割系统初始化成功
2026-05-25 10:33:42 [INFO] 图像预处理完成，原始尺寸: (2160, 3840)
2026-05-25 10:33:42 [INFO] 开始执行分割...
2026-05-25 10:33:42 [DEBUG] 处理后的检测结果形状: (1, 8400, 6)
2026-05-25 10:33:42 [DEBUG] 示例检测结果: [[-4.13347244e+00 -3.34622526e+00  3.92097893e+01  1.54306908e+01
   4.43149659e-08  5.00000000e+00]
 [-6.51021957e+00 -3.12440872e+00  4.44614868e+01  2.99173813e+01
   9.88236337e-09  9.00000000e+00]
 [-3.66293335e+00 -3.70800686e+00  4.58845825e+01  3.05942154e+01
   4.38064873e-09  9.00000000e+00]]
2026-05-25 10:33:42 [DEBUG] 处理后检测输出形状: (0, 52)
2026-05-25 10:33:42 [DEBUG] 有效检测数量: 0
2026-05-25 10:33:42 [DEBUG] 检测输出为空
2026-05-25 10:33:42 [INFO] 掩码中检测到的类别: [0, 1, 2, 3, 4, 5, 6, 7, 8, 9, 10, 11, 12, 13, 15]
2026-05-25 10:33:42 [INFO] 分割完成，检测到 0 个物体
2026-05-25 10:33:42 [INFO] 从分割掩码中提取检测结果
2026-05-25 10:33:42 [INFO] 从掩码中提取了 329 个检测框
2026-05-25 10:33:42 [ERROR] 保存结果失败: 'NoneType' object has no attribute 'astype'
2026-05-25 10:33:42 [INFO] 分割成功
2026-05-25 10:33:42 [INFO] 引擎上下文已释放
2026-05-25 10:33:42 [INFO] TensorRT 引擎已释放
2026-05-25 10:33:42 [INFO] 全局 CUDA 资源已释放
2026-05-25 10:33:42 [INFO] 分割系统资源已释放
2026-05-25 10:33:47 [INFO] CUDA 初始化成功
2026-05-25 10:33:47 [INFO] 引擎加载成功: scrap_steel.engine
2026-05-25 10:33:47 [INFO] 分割系统初始化成功
2026-05-25 10:33:47 [INFO] 图像预处理完成，原始尺寸: (2160, 3840)
2026-05-25 10:33:47 [INFO] 开始执行分割...
2026-05-25 10:33:47 [DEBUG] 处理后的检测结果形状: (1, 8400, 6)
2026-05-25 10:33:47 [DEBUG] 示例检测结果: [[-3.93331146e+00 -3.17054939e+00  3.97805481e+01  1.51458397e+01
   3.68178164e-08  5.00000000e+00]
 [-6.04838943e+00 -2.80307770e+00  4.51099281e+01  2.98265228e+01
   8.76919870e-09  9.00000000e+00]
 [-3.34001541e+00 -3.08251762e+00  4.58107872e+01  3.03337460e+01
   4.14061319e-09  9.00000000e+00]]
2026-05-25 10:33:47 [DEBUG] 处理后检测输出形状: (2, 52)
2026-05-25 10:33:47 [DEBUG] 有效检测数量: 2
2026-05-25 10:33:47 [DEBUG] 最大置信度: 0.1801, 平均置信度: 0.1247
2026-05-25 10:33:47 [INFO] 掩码中检测到的类别: [0, 1, 2, 3, 4, 5, 6, 7, 8, 9, 10, 11, 12, 13, 15]
2026-05-25 10:33:47 [INFO] 分割完成，检测到 0 个物体
2026-05-25 10:33:47 [INFO] 从分割掩码中提取检测结果
2026-05-25 10:33:47 [INFO] 从掩码中提取了 352 个检测框
2026-05-25 10:33:47 [INFO] 计算出的车框矩形边界: (995, 667) to (3243, 1668)
2026-05-25 10:33:47 [INFO] 原始检测数: 352, 过滤后检测数: 175
2026-05-25 10:33:48 [INFO] 保存分割和检测结果到: C:\code\show\Scrap_Steel_In_Field\photos\segmentation\segment_20260525_103347.jpg
2026-05-25 10:33:48 [INFO] JSON结果保存到: C:\code\show\Scrap_Steel_In_Field\photos\segmentation_result.json
2026-05-25 10:33:48 [INFO] 类别统计：{0: 11, 1: 50, 2: 16, 3: 9, 4: 26, 5: 17, 6: 23, 7: 13, 8: 37, 9: 31, 10: 10, 11: 8, 12: 20, 13: 65, 14: 0, 15: 16}
2026-05-25 10:33:48 [INFO] 面积统计：{0: 3630024.0, 1: 615528.0, 2: 25596.0, 3: 184932.0, 4: 97200.0, 5: 48024.0, 6: 594180.0, 7: 12384.0, 8: 950148.0, 9: 160992.0, 10: 125172.0, 11: 230868.0, 12: 130068.0, 13: 688140.0, 15: 209916.0}
2026-05-25 10:33:48 [INFO] 分割成功
2026-05-25 10:33:48 [INFO] 引擎上下文已释放
2026-05-25 10:33:48 [INFO] TensorRT 引擎已释放
2026-05-25 10:33:48 [INFO] 全局 CUDA 资源已释放
2026-05-25 10:33:48 [INFO] 分割系统资源已释放
2026-05-25 10:33:52 [INFO] CUDA 初始化成功
2026-05-25 10:33:52 [INFO] 引擎加载成功: scrap_steel.engine
2026-05-25 10:33:52 [INFO] 分割系统初始化成功
2026-05-25 10:33:52 [INFO] 图像预处理完成，原始尺寸: (2160, 3840)
2026-05-25 10:33:52 [INFO] 开始执行分割...
2026-05-25 10:33:52 [DEBUG] 处理后的检测结果形状: (1, 8400, 6)
2026-05-25 10:33:52 [DEBUG] 示例检测结果: [[-3.97412109e+00 -3.31513357e+00  3.91682816e+01  1.55141697e+01
   4.51871252e-08  5.00000000e+00]
 [-6.31267929e+00 -3.05964279e+00  4.44555206e+01  3.00992584e+01
   1.00693143e-08  9.00000000e+00]
 [-3.65839386e+00 -3.64669037e+00  4.58212738e+01  3.07752609e+01
   4.45565984e-09  9.00000000e+00]]
2026-05-25 10:33:52 [DEBUG] 处理后检测输出形状: (0, 52)
2026-05-25 10:33:52 [DEBUG] 有效检测数量: 0
2026-05-25 10:33:52 [DEBUG] 检测输出为空
2026-05-25 10:33:52 [INFO] 掩码中检测到的类别: [0, 1, 2, 3, 4, 5, 6, 7, 8, 9, 10, 11, 12, 13, 15]
2026-05-25 10:33:52 [INFO] 分割完成，检测到 0 个物体
2026-05-25 10:33:52 [INFO] 从分割掩码中提取检测结果
2026-05-25 10:33:52 [INFO] 从掩码中提取了 387 个检测框
2026-05-25 10:33:52 [INFO] 计算出的车框矩形边界: (996, 672) to (3246, 1668)
2026-05-25 10:33:52 [INFO] 原始检测数: 387, 过滤后检测数: 199
2026-05-25 10:33:53 [INFO] 保存分割和检测结果到: C:\code\show\Scrap_Steel_In_Field\photos\segmentation\segment_20260525_103352.jpg
2026-05-25 10:33:53 [INFO] JSON结果保存到: C:\code\show\Scrap_Steel_In_Field\photos\segmentation_result.json
2026-05-25 10:33:53 [INFO] 类别统计：{0: 21, 1: 56, 2: 20, 3: 2, 4: 16, 5: 32, 6: 23, 7: 25, 8: 61, 9: 46, 10: 17, 11: 6, 12: 10, 13: 42, 14: 0, 15: 10}
2026-05-25 10:33:53 [INFO] 面积统计：{0: 3882564.0, 1: 910152.0, 2: 31464.0, 3: 156060.0, 4: 109224.0, 5: 67356.0, 6: 494028.0, 7: 29232.0, 8: 969588.0, 9: 139932.0, 10: 113004.0, 11: 254268.0, 12: 97236.0, 13: 571824.0, 15: 212220.0}
2026-05-25 10:33:53 [INFO] 分割成功
2026-05-25 10:33:53 [INFO] 引擎上下文已释放
2026-05-25 10:33:53 [INFO] TensorRT 引擎已释放
2026-05-25 10:33:53 [INFO] 全局 CUDA 资源已释放
2026-05-25 10:33:53 [INFO] 分割系统资源已释放
2026-05-25 10:33:57 [INFO] CUDA 初始化成功
2026-05-25 10:33:57 [INFO] 引擎加载成功: scrap_steel.engine
2026-05-25 10:33:57 [INFO] 分割系统初始化成功
2026-05-25 10:33:57 [INFO] 图像预处理完成，原始尺寸: (2160, 3840)
2026-05-25 10:33:57 [INFO] 开始执行分割...
2026-05-25 10:33:57 [DEBUG] 处理后的检测结果形状: (1, 8400, 6)
2026-05-25 10:33:57 [DEBUG] 示例检测结果: [[-4.00464249e+00 -3.31438303e+00  3.90459747e+01  1.55563946e+01
   4.42900330e-08  5.00000000e+00]
 [-6.34931183e+00 -3.06980228e+00  4.43720551e+01  3.01740952e+01
   9.81927428e-09  9.00000000e+00]
 [-3.65656662e+00 -3.67292786e+00  4.57834129e+01  3.08897171e+01
   4.24221991e-09  9.00000000e+00]]
2026-05-25 10:33:57 [DEBUG] 处理后检测输出形状: (0, 52)
2026-05-25 10:33:57 [DEBUG] 有效检测数量: 0
2026-05-25 10:33:57 [DEBUG] 检测输出为空
2026-05-25 10:33:57 [INFO] 掩码中检测到的类别: [0, 1, 2, 3, 4, 5, 6, 7, 8, 9, 10, 11, 12, 13, 15]
2026-05-25 10:33:57 [INFO] 分割完成，检测到 0 个物体
2026-05-25 10:33:57 [INFO] 从分割掩码中提取检测结果
2026-05-25 10:33:57 [INFO] 从掩码中提取了 378 个检测框
2026-05-25 10:33:57 [INFO] 计算出的车框矩形边界: (996, 672) to (3246, 1668)
2026-05-25 10:33:57 [INFO] 原始检测数: 378, 过滤后检测数: 191
2026-05-25 10:33:58 [INFO] 保存分割和检测结果到: C:\code\show\Scrap_Steel_In_Field\photos\segmentation\segment_20260525_103357.jpg
2026-05-25 10:33:58 [INFO] JSON结果保存到: C:\code\show\Scrap_Steel_In_Field\photos\segmentation_result.json
2026-05-25 10:33:58 [INFO] 类别统计：{0: 11, 1: 55, 2: 19, 3: 3, 4: 18, 5: 30, 6: 29, 7: 18, 8: 54, 9: 46, 10: 23, 11: 11, 12: 14, 13: 38, 14: 0, 15: 9}
2026-05-25 10:33:58 [INFO] 面积统计：{0: 3837168.0, 1: 992232.0, 2: 28512.0, 3: 160992.0, 4: 100836.0, 5: 75168.0, 6: 497880.0, 7: 33660.0, 8: 981972.0, 9: 143316.0, 10: 111744.0, 11: 248940.0, 12: 96588.0, 13: 580140.0, 15: 237240.0}
2026-05-25 10:33:58 [INFO] 分割成功
2026-05-25 10:33:58 [INFO] 引擎上下文已释放
2026-05-25 10:33:58 [INFO] TensorRT 引擎已释放
2026-05-25 10:33:58 [INFO] 全局 CUDA 资源已释放
2026-05-25 10:33:58 [INFO] 分割系统资源已释放
2026-05-25 10:34:02 [INFO] CUDA 初始化成功
2026-05-25 10:34:02 [INFO] 引擎加载成功: scrap_steel.engine
2026-05-25 10:34:02 [INFO] 分割系统初始化成功
2026-05-25 10:34:02 [INFO] 图像预处理完成，原始尺寸: (2160, 3840)
2026-05-25 10:34:02 [INFO] 开始执行分割...
2026-05-25 10:34:02 [DEBUG] 处理后的检测结果形状: (1, 8400, 6)
2026-05-25 10:34:02 [DEBUG] 示例检测结果: [[-3.98485947e+00 -3.26806927e+00  3.92479134e+01  1.53965483e+01
   4.59309462e-08  5.00000000e+00]
 [-6.26840591e+00 -2.98633957e+00  4.45585022e+01  3.00116310e+01
   1.00604325e-08  9.00000000e+00]
 [-3.62468719e+00 -3.56045532e+00  4.58035889e+01  3.07209892e+01
   4.41065318e-09  9.00000000e+00]]
2026-05-25 10:34:02 [DEBUG] 处理后检测输出形状: (0, 52)
2026-05-25 10:34:02 [DEBUG] 有效检测数量: 0
2026-05-25 10:34:02 [DEBUG] 检测输出为空
2026-05-25 10:34:02 [INFO] 掩码中检测到的类别: [0, 1, 2, 3, 4, 5, 6, 7, 8, 9, 10, 11, 12, 13, 15]
2026-05-25 10:34:02 [INFO] 分割完成，检测到 0 个物体
2026-05-25 10:34:02 [INFO] 从分割掩码中提取检测结果
2026-05-25 10:34:03 [INFO] 从掩码中提取了 361 个检测框
2026-05-25 10:34:03 [INFO] 计算出的车框矩形边界: (996, 673) to (3245, 1669)
2026-05-25 10:34:03 [INFO] 原始检测数: 361, 过滤后检测数: 193
2026-05-25 10:34:03 [INFO] 保存分割和检测结果到: C:\code\show\Scrap_Steel_In_Field\photos\segmentation\segment_20260525_103403.jpg
2026-05-25 10:34:03 [INFO] JSON结果保存到: C:\code\show\Scrap_Steel_In_Field\photos\segmentation_result.json
2026-05-25 10:34:03 [INFO] 类别统计：{0: 10, 1: 54, 2: 20, 3: 2, 4: 14, 5: 32, 6: 24, 7: 25, 8: 55, 9: 35, 10: 14, 11: 10, 12: 12, 13: 45, 14: 0, 15: 9}
2026-05-25 10:34:03 [INFO] 面积统计：{0: 3969468.0, 1: 877464.0, 2: 39492.0, 3: 156564.0, 4: 110988.0, 5: 68400.0, 6: 476064.0, 7: 32220.0, 8: 889200.0, 9: 137016.0, 10: 103788.0, 11: 250884.0, 12: 86400.0, 13: 604512.0, 15: 223668.0}
2026-05-25 10:34:03 [INFO] 分割成功
2026-05-25 10:34:03 [INFO] 引擎上下文已释放
2026-05-25 10:34:03 [INFO] TensorRT 引擎已释放
2026-05-25 10:34:03 [INFO] 全局 CUDA 资源已释放
2026-05-25 10:34:03 [INFO] 分割系统资源已释放
2026-05-25 10:34:07 [INFO] CUDA 初始化成功
2026-05-25 10:34:07 [INFO] 引擎加载成功: scrap_steel.engine
2026-05-25 10:34:07 [INFO] 分割系统初始化成功
2026-05-25 10:34:07 [INFO] 图像预处理完成，原始尺寸: (2160, 3840)
2026-05-25 10:34:07 [INFO] 开始执行分割...
2026-05-25 10:34:07 [DEBUG] 处理后的检测结果形状: (1, 8400, 6)
2026-05-25 10:34:07 [DEBUG] 示例检测结果: [[-4.12909698e+00 -3.32821369e+00  3.94383545e+01  1.53979273e+01
   4.37758771e-08  5.00000000e+00]
 [-6.53357315e+00 -3.10671616e+00  4.46364822e+01  3.00024300e+01
   9.97395944e-09  9.00000000e+00]
 [-3.65232086e+00 -3.68353653e+00  4.59491882e+01  3.07380676e+01
   4.42852421e-09  9.00000000e+00]]
2026-05-25 10:34:07 [DEBUG] 处理后检测输出形状: (1, 52)
2026-05-25 10:34:07 [DEBUG] 有效检测数量: 1
2026-05-25 10:34:07 [DEBUG] 最大置信度: 0.0552, 平均置信度: 0.0552
2026-05-25 10:34:07 [INFO] 掩码中检测到的类别: [0, 1, 2, 3, 4, 5, 6, 7, 8, 9, 10, 11, 12, 13, 15]
2026-05-25 10:34:07 [INFO] 分割完成，检测到 0 个物体
2026-05-25 10:34:07 [INFO] 从分割掩码中提取检测结果
2026-05-25 10:34:08 [INFO] 从掩码中提取了 438 个检测框
2026-05-25 10:34:08 [ERROR] 保存结果失败: 'NoneType' object has no attribute 'astype'
2026-05-25 10:34:08 [INFO] 分割成功
2026-05-25 10:34:08 [INFO] 引擎上下文已释放
2026-05-25 10:34:08 [INFO] TensorRT 引擎已释放
2026-05-25 10:34:08 [INFO] 全局 CUDA 资源已释放
2026-05-25 10:34:08 [INFO] 分割系统资源已释放
2026-05-25 10:34:12 [INFO] CUDA 初始化成功
2026-05-25 10:34:12 [INFO] 引擎加载成功: scrap_steel.engine
2026-05-25 10:34:12 [INFO] 分割系统初始化成功
2026-05-25 10:34:12 [INFO] 图像预处理完成，原始尺寸: (2160, 3840)
2026-05-25 10:34:12 [INFO] 开始执行分割...
2026-05-25 10:34:12 [DEBUG] 处理后的检测结果形状: (1, 8400, 6)
2026-05-25 10:34:12 [DEBUG] 示例检测结果: [[-4.06681061e+00 -3.29475975e+00  3.91856804e+01  1.53352585e+01
   4.63028584e-08  5.00000000e+00]
 [-6.43606567e+00 -3.06712151e+00  4.46431808e+01  2.99228611e+01
   1.04295159e-08  9.00000000e+00]
 [-3.66344452e+00 -3.62467289e+00  4.59410324e+01  3.05788727e+01
   4.59705074e-09  9.00000000e+00]]
2026-05-25 10:34:12 [DEBUG] 处理后检测输出形状: (0, 52)
2026-05-25 10:34:12 [DEBUG] 有效检测数量: 0
2026-05-25 10:34:12 [DEBUG] 检测输出为空
2026-05-25 10:34:12 [INFO] 掩码中检测到的类别: [0, 1, 2, 3, 4, 5, 6, 7, 8, 9, 10, 11, 12, 13, 15]
2026-05-25 10:34:12 [INFO] 分割完成，检测到 0 个物体
2026-05-25 10:34:12 [INFO] 从分割掩码中提取检测结果
2026-05-25 10:34:13 [INFO] 从掩码中提取了 374 个检测框
2026-05-25 10:34:13 [ERROR] 保存结果失败: 'NoneType' object has no attribute 'astype'
2026-05-25 10:34:13 [INFO] 分割成功
2026-05-25 10:34:13 [INFO] 引擎上下文已释放
2026-05-25 10:34:13 [INFO] TensorRT 引擎已释放
2026-05-25 10:34:13 [INFO] 全局 CUDA 资源已释放
2026-05-25 10:34:13 [INFO] 分割系统资源已释放
2026-05-25 10:34:18 [INFO] CUDA 初始化成功
2026-05-25 10:34:18 [INFO] 引擎加载成功: scrap_steel.engine
2026-05-25 10:34:18 [INFO] 分割系统初始化成功
2026-05-25 10:34:18 [INFO] 图像预处理完成，原始尺寸: (2160, 3840)
2026-05-25 10:34:18 [INFO] 开始执行分割...
2026-05-25 10:34:18 [DEBUG] 处理后的检测结果形状: (1, 8400, 6)
2026-05-25 10:34:18 [DEBUG] 示例检测结果: [[-4.13571930e+00 -3.35374737e+00  3.91605530e+01  1.53957014e+01
   4.55590374e-08  5.00000000e+00]
 [-6.53573608e+00 -3.11281204e+00  4.44507256e+01  2.98593369e+01
   1.01084332e-08  9.00000000e+00]
 [-3.70252228e+00 -3.73629189e+00  4.59187126e+01  3.06785831e+01
   4.48011228e-09  9.00000000e+00]]
2026-05-25 10:34:18 [DEBUG] 处理后检测输出形状: (0, 52)
2026-05-25 10:34:18 [DEBUG] 有效检测数量: 0
2026-05-25 10:34:18 [DEBUG] 检测输出为空
2026-05-25 10:34:18 [INFO] 掩码中检测到的类别: [0, 1, 2, 3, 4, 5, 6, 7, 8, 9, 10, 11, 12, 13, 15]
2026-05-25 10:34:18 [INFO] 分割完成，检测到 0 个物体
2026-05-25 10:34:18 [INFO] 从分割掩码中提取检测结果
2026-05-25 10:34:18 [INFO] 从掩码中提取了 292 个检测框
2026-05-25 10:34:18 [ERROR] 保存结果失败: 'NoneType' object has no attribute 'astype'
2026-05-25 10:34:18 [INFO] 分割成功
2026-05-25 10:34:18 [INFO] 引擎上下文已释放
2026-05-25 10:34:18 [INFO] TensorRT 引擎已释放
2026-05-25 10:34:18 [INFO] 全局 CUDA 资源已释放
2026-05-25 10:34:18 [INFO] 分割系统资源已释放
2026-05-25 10:34:23 [INFO] CUDA 初始化成功
2026-05-25 10:34:23 [INFO] 引擎加载成功: scrap_steel.engine
2026-05-25 10:34:23 [INFO] 分割系统初始化成功
2026-05-25 10:34:23 [INFO] 图像预处理完成，原始尺寸: (2160, 3840)
2026-05-25 10:34:23 [INFO] 开始执行分割...
2026-05-25 10:34:23 [DEBUG] 处理后的检测结果形状: (1, 8400, 6)
2026-05-25 10:34:23 [DEBUG] 示例检测结果: [[-4.03073502e+00 -3.33999538e+00  3.94054871e+01  1.56299963e+01
   4.41420340e-08  5.00000000e+00]
 [-6.35627365e+00 -3.08469868e+00  4.45594826e+01  3.02946854e+01
   1.00770947e-08  9.00000000e+00]
 [-3.60730743e+00 -3.64822578e+00  4.58193283e+01  3.09091816e+01
   4.44538273e-09  9.00000000e+00]]
2026-05-25 10:34:23 [DEBUG] 处理后检测输出形状: (2, 52)
2026-05-25 10:34:23 [DEBUG] 有效检测数量: 2
2026-05-25 10:34:23 [DEBUG] 最大置信度: 0.1059, 平均置信度: 0.0797
2026-05-25 10:34:23 [INFO] 掩码中检测到的类别: [0, 1, 2, 3, 4, 5, 6, 7, 8, 9, 10, 11, 12, 13, 15]
2026-05-25 10:34:23 [INFO] 分割完成，检测到 0 个物体
2026-05-25 10:34:23 [INFO] 从分割掩码中提取检测结果
2026-05-25 10:34:23 [INFO] 从掩码中提取了 341 个检测框
2026-05-25 10:34:23 [INFO] 计算出的车框矩形边界: (995, 668) to (3242, 1669)
2026-05-25 10:34:23 [INFO] 原始检测数: 341, 过滤后检测数: 183
2026-05-25 10:34:24 [INFO] 保存分割和检测结果到: C:\code\show\Scrap_Steel_In_Field\photos\segmentation\segment_20260525_103423.jpg
2026-05-25 10:34:24 [INFO] JSON结果保存到: C:\code\show\Scrap_Steel_In_Field\photos\segmentation_result.json
2026-05-25 10:34:24 [INFO] 类别统计：{0: 12, 1: 53, 2: 19, 3: 3, 4: 20, 5: 22, 6: 22, 7: 19, 8: 36, 9: 34, 10: 11, 11: 9, 12: 11, 13: 57, 14: 0, 15: 13}
2026-05-25 10:34:24 [INFO] 面积统计：{0: 3410532.0, 1: 956448.0, 2: 29520.0, 3: 159120.0, 4: 78480.0, 5: 55404.0, 6: 512604.0, 7: 21348.0, 8: 998712.0, 9: 125352.0, 10: 107136.0, 11: 242352.0, 12: 86508.0, 13: 637956.0, 15: 206460.0}
2026-05-25 10:34:24 [INFO] 分割成功
2026-05-25 10:34:24 [INFO] 引擎上下文已释放
2026-05-25 10:34:24 [INFO] TensorRT 引擎已释放
2026-05-25 10:34:24 [INFO] 全局 CUDA 资源已释放
2026-05-25 10:34:24 [INFO] 分割系统资源已释放
2026-05-25 10:34:28 [INFO] CUDA 初始化成功
2026-05-25 10:34:28 [INFO] 引擎加载成功: scrap_steel.engine
2026-05-25 10:34:28 [INFO] 分割系统初始化成功
2026-05-25 10:34:28 [INFO] 图像预处理完成，原始尺寸: (2160, 3840)
2026-05-25 10:34:28 [INFO] 开始执行分割...
2026-05-25 10:34:28 [DEBUG] 处理后的检测结果形状: (1, 8400, 6)
2026-05-25 10:34:28 [DEBUG] 示例检测结果: [[-3.98481750e+00 -3.30104446e+00  3.93680763e+01  1.55921822e+01
   4.68553445e-08  5.00000000e+00]
 [-6.32811356e+00 -3.01936722e+00  4.46087646e+01  3.02259598e+01
   1.02367430e-08  9.00000000e+00]
 [-3.65401459e+00 -3.61777115e+00  4.58718719e+01  3.08808594e+01
   4.52810323e-09  9.00000000e+00]]
2026-05-25 10:34:28 [DEBUG] 处理后检测输出形状: (0, 52)
2026-05-25 10:34:28 [DEBUG] 有效检测数量: 0
2026-05-25 10:34:28 [DEBUG] 检测输出为空
2026-05-25 10:34:28 [INFO] 掩码中检测到的类别: [0, 1, 2, 3, 4, 5, 6, 7, 8, 9, 10, 11, 12, 13, 15]
2026-05-25 10:34:28 [INFO] 分割完成，检测到 0 个物体
2026-05-25 10:34:28 [INFO] 从分割掩码中提取检测结果
2026-05-25 10:34:28 [INFO] 从掩码中提取了 385 个检测框
2026-05-25 10:34:28 [INFO] 计算出的车框矩形边界: (996, 672) to (3246, 1668)
2026-05-25 10:34:28 [INFO] 原始检测数: 385, 过滤后检测数: 185
2026-05-25 10:34:29 [INFO] 保存分割和检测结果到: C:\code\show\Scrap_Steel_In_Field\photos\segmentation\segment_20260525_103428.jpg
2026-05-25 10:34:29 [INFO] JSON结果保存到: C:\code\show\Scrap_Steel_In_Field\photos\segmentation_result.json
2026-05-25 10:34:29 [INFO] 类别统计：{0: 20, 1: 60, 2: 21, 3: 2, 4: 18, 5: 28, 6: 24, 7: 23, 8: 58, 9: 39, 10: 18, 11: 11, 12: 11, 13: 42, 14: 0, 15: 10}
2026-05-25 10:34:29 [INFO] 面积统计：{0: 3796380.0, 1: 932616.0, 2: 33840.0, 3: 151380.0, 4: 124632.0, 5: 70704.0, 6: 511956.0, 7: 32004.0, 8: 988812.0, 9: 124776.0, 10: 118296.0, 11: 257616.0, 12: 83088.0, 13: 589500.0, 15: 218412.0}
2026-05-25 10:34:29 [INFO] 分割成功
2026-05-25 10:34:29 [INFO] 引擎上下文已释放
2026-05-25 10:34:29 [INFO] TensorRT 引擎已释放
2026-05-25 10:34:29 [INFO] 全局 CUDA 资源已释放
2026-05-25 10:34:29 [INFO] 分割系统资源已释放
2026-05-25 10:34:33 [INFO] CUDA 初始化成功
2026-05-25 10:34:33 [INFO] 引擎加载成功: scrap_steel.engine
2026-05-25 10:34:33 [INFO] 分割系统初始化成功
2026-05-25 10:34:33 [INFO] 图像预处理完成，原始尺寸: (2160, 3840)
2026-05-25 10:34:33 [INFO] 开始执行分割...
2026-05-25 10:34:33 [DEBUG] 处理后的检测结果形状: (1, 8400, 6)
2026-05-25 10:34:33 [DEBUG] 示例检测结果: [[-4.03539276e+00 -3.31404781e+00  3.91505127e+01  1.55580492e+01
   4.57174139e-08  5.00000000e+00]
 [-6.38708496e+00 -3.04524136e+00  4.44334717e+01  3.00537453e+01
   9.85084014e-09  9.00000000e+00]
 [-3.66616440e+00 -3.64614296e+00  4.57942886e+01  3.06931973e+01
   4.27198987e-09  9.00000000e+00]]
2026-05-25 10:34:33 [DEBUG] 处理后检测输出形状: (0, 52)
2026-05-25 10:34:33 [DEBUG] 有效检测数量: 0
2026-05-25 10:34:33 [DEBUG] 检测输出为空
2026-05-25 10:34:33 [INFO] 掩码中检测到的类别: [0, 1, 2, 3, 4, 5, 6, 7, 8, 9, 10, 11, 12, 13, 15]
2026-05-25 10:34:33 [INFO] 分割完成，检测到 0 个物体
2026-05-25 10:34:33 [INFO] 从分割掩码中提取检测结果
2026-05-25 10:34:34 [INFO] 从掩码中提取了 372 个检测框
2026-05-25 10:34:34 [INFO] 计算出的车框矩形边界: (996, 672) to (3245, 1666)
2026-05-25 10:34:34 [INFO] 原始检测数: 372, 过滤后检测数: 184
2026-05-25 10:34:34 [INFO] 保存分割和检测结果到: C:\code\show\Scrap_Steel_In_Field\photos\segmentation\segment_20260525_103434.jpg
2026-05-25 10:34:34 [INFO] JSON结果保存到: C:\code\show\Scrap_Steel_In_Field\photos\segmentation_result.json
2026-05-25 10:34:34 [INFO] 类别统计：{0: 9, 1: 54, 2: 19, 3: 2, 4: 15, 5: 34, 6: 26, 7: 23, 8: 57, 9: 42, 10: 17, 11: 10, 12: 12, 13: 41, 14: 0, 15: 11}
2026-05-25 10:34:34 [INFO] 面积统计：{0: 3968496.0, 1: 966276.0, 2: 31356.0, 3: 157968.0, 4: 91116.0, 5: 74664.0, 6: 497232.0, 7: 31932.0, 8: 949536.0, 9: 150984.0, 10: 113328.0, 11: 251172.0, 12: 102276.0, 13: 580032.0, 15: 223200.0}
2026-05-25 10:34:34 [INFO] 分割成功
2026-05-25 10:34:34 [INFO] 引擎上下文已释放
2026-05-25 10:34:34 [INFO] TensorRT 引擎已释放
2026-05-25 10:34:34 [INFO] 全局 CUDA 资源已释放
2026-05-25 10:34:34 [INFO] 分割系统资源已释放
2026-05-25 10:34:38 [INFO] CUDA 初始化成功
2026-05-25 10:34:38 [INFO] 引擎加载成功: scrap_steel.engine
2026-05-25 10:34:38 [INFO] 分割系统初始化成功
2026-05-25 10:34:38 [INFO] 图像预处理完成，原始尺寸: (2160, 3840)
2026-05-25 10:34:38 [INFO] 开始执行分割...
2026-05-25 10:34:38 [DEBUG] 处理后的检测结果形状: (1, 8400, 6)
2026-05-25 10:34:38 [DEBUG] 示例检测结果: [[-3.97998810e+00 -3.21778393e+00  3.97640839e+01  1.55912046e+01
   4.55590374e-08  5.00000000e+00]
 [-6.06470108e+00 -2.83675098e+00  4.48340378e+01  3.02947845e+01
   1.01381303e-08  9.00000000e+00]
 [-3.36260986e+00 -3.25330925e+00  4.58812332e+01  3.07320004e+01
   4.60994887e-09  9.00000000e+00]]
2026-05-25 10:34:38 [DEBUG] 处理后检测输出形状: (0, 52)
2026-05-25 10:34:38 [DEBUG] 有效检测数量: 0
2026-05-25 10:34:38 [DEBUG] 检测输出为空
2026-05-25 10:34:38 [INFO] 掩码中检测到的类别: [0, 1, 2, 3, 4, 5, 6, 7, 8, 9, 10, 11, 12, 13, 15]
2026-05-25 10:34:38 [INFO] 分割完成，检测到 0 个物体
2026-05-25 10:34:38 [INFO] 从分割掩码中提取检测结果
2026-05-25 10:34:39 [INFO] 从掩码中提取了 367 个检测框
2026-05-25 10:34:39 [INFO] 计算出的车框矩形边界: (996, 671) to (3244, 1666)
2026-05-25 10:34:39 [INFO] 原始检测数: 367, 过滤后检测数: 186
2026-05-25 10:34:39 [INFO] 保存分割和检测结果到: C:\code\show\Scrap_Steel_In_Field\photos\segmentation\segment_20260525_103439.jpg
2026-05-25 10:34:39 [INFO] JSON结果保存到: C:\code\show\Scrap_Steel_In_Field\photos\segmentation_result.json
2026-05-25 10:34:39 [INFO] 类别统计：{0: 7, 1: 44, 2: 17, 3: 10, 4: 19, 5: 36, 6: 27, 7: 30, 8: 49, 9: 35, 10: 21, 11: 11, 12: 13, 13: 38, 14: 0, 15: 10}
2026-05-25 10:34:39 [INFO] 面积统计：{0: 3855708.0, 1: 590904.0, 2: 36000.0, 3: 168444.0, 4: 100800.0, 5: 106668.0, 6: 475128.0, 7: 36684.0, 8: 896976.0, 9: 116100.0, 10: 121068.0, 11: 276336.0, 12: 151884.0, 13: 576756.0, 15: 156780.0}
2026-05-25 10:34:39 [INFO] 分割成功
2026-05-25 10:34:39 [INFO] 引擎上下文已释放
2026-05-25 10:34:39 [INFO] TensorRT 引擎已释放
2026-05-25 10:34:39 [INFO] 全局 CUDA 资源已释放
2026-05-25 10:34:39 [INFO] 分割系统资源已释放
2026-05-25 10:34:43 [INFO] CUDA 初始化成功
2026-05-25 10:34:43 [INFO] 引擎加载成功: scrap_steel.engine
2026-05-25 10:34:43 [INFO] 分割系统初始化成功
2026-05-25 10:34:44 [INFO] 图像预处理完成，原始尺寸: (2160, 3840)
2026-05-25 10:34:44 [INFO] 开始执行分割...
2026-05-25 10:34:44 [DEBUG] 处理后的检测结果形状: (1, 8400, 6)
2026-05-25 10:34:44 [DEBUG] 示例检测结果: [[-4.06481934e+00 -3.31626606e+00  3.92094345e+01  1.53594656e+01
   4.63028584e-08  5.00000000e+00]
 [-6.46540070e+00 -3.06249237e+00  4.46395645e+01  2.98999062e+01
   1.02576347e-08  9.00000000e+00]
 [-3.68018341e+00 -3.67502785e+00  4.59163589e+01  3.06505756e+01
   4.56067539e-09  9.00000000e+00]]
2026-05-25 10:34:44 [DEBUG] 处理后检测输出形状: (1, 52)
2026-05-25 10:34:44 [DEBUG] 有效检测数量: 1
2026-05-25 10:34:44 [DEBUG] 最大置信度: 0.0548, 平均置信度: 0.0548
2026-05-25 10:34:44 [INFO] 掩码中检测到的类别: [0, 1, 2, 3, 4, 5, 6, 7, 8, 9, 10, 11, 12, 13, 15]
2026-05-25 10:34:44 [INFO] 分割完成，检测到 0 个物体
2026-05-25 10:34:44 [INFO] 从分割掩码中提取检测结果
2026-05-25 10:34:44 [INFO] 从掩码中提取了 387 个检测框
2026-05-25 10:34:44 [ERROR] 保存结果失败: 'NoneType' object has no attribute 'astype'
2026-05-25 10:34:44 [INFO] 分割成功
2026-05-25 10:34:44 [INFO] 引擎上下文已释放
2026-05-25 10:34:44 [INFO] TensorRT 引擎已释放
2026-05-25 10:34:44 [INFO] 全局 CUDA 资源已释放
2026-05-25 10:34:44 [INFO] 分割系统资源已释放
2026-05-25 10:34:49 [INFO] CUDA 初始化成功
2026-05-25 10:34:49 [INFO] 引擎加载成功: scrap_steel.engine
2026-05-25 10:34:49 [INFO] 分割系统初始化成功
2026-05-25 10:34:49 [INFO] 图像预处理完成，原始尺寸: (2160, 3840)
2026-05-25 10:34:49 [INFO] 开始执行分割...
2026-05-25 10:34:49 [DEBUG] 处理后的检测结果形状: (1, 8400, 6)
2026-05-25 10:34:49 [DEBUG] 示例检测结果: [[-4.00598526e+00 -3.32773209e+00  3.91074295e+01  1.53898449e+01
   4.63186218e-08  5.00000000e+00]
 [-6.41872787e+00 -3.09876633e+00  4.44692497e+01  3.00153198e+01
   1.01676925e-08  9.00000000e+00]
 [-3.67234039e+00 -3.69675064e+00  4.58702621e+01  3.07794456e+01
   4.48993376e-09  9.00000000e+00]]
2026-05-25 10:34:49 [DEBUG] 处理后检测输出形状: (0, 52)
2026-05-25 10:34:49 [DEBUG] 有效检测数量: 0
2026-05-25 10:34:49 [DEBUG] 检测输出为空
2026-05-25 10:34:49 [INFO] 掩码中检测到的类别: [0, 1, 2, 3, 4, 5, 6, 7, 8, 9, 10, 11, 12, 13, 15]
2026-05-25 10:34:49 [INFO] 分割完成，检测到 0 个物体
2026-05-25 10:34:49 [INFO] 从分割掩码中提取检测结果
2026-05-25 10:34:49 [INFO] 从掩码中提取了 424 个检测框
2026-05-25 10:34:49 [ERROR] 保存结果失败: 'NoneType' object has no attribute 'astype'
2026-05-25 10:34:49 [INFO] 分割成功
2026-05-25 10:34:49 [INFO] 引擎上下文已释放
2026-05-25 10:34:49 [INFO] TensorRT 引擎已释放
2026-05-25 10:34:49 [INFO] 全局 CUDA 资源已释放
2026-05-25 10:34:49 [INFO] 分割系统资源已释放
2026-05-25 10:34:54 [INFO] CUDA 初始化成功
2026-05-25 10:34:54 [INFO] 引擎加载成功: scrap_steel.engine
2026-05-25 10:34:54 [INFO] 分割系统初始化成功
2026-05-25 10:34:54 [INFO] 图像预处理完成，原始尺寸: (2160, 3840)
2026-05-25 10:34:54 [INFO] 开始执行分割...
2026-05-25 10:34:54 [DEBUG] 处理后的检测结果形状: (1, 8400, 6)
2026-05-25 10:34:54 [DEBUG] 示例检测结果: [[-4.09626389e+00 -3.33142614e+00  3.92840195e+01  1.54511356e+01
   4.66806256e-08  5.00000000e+00]
 [-6.45069122e+00 -3.09286308e+00  4.46631165e+01  3.00133190e+01
   1.03573550e-08  9.00000000e+00]
 [-3.64724731e+00 -3.63495541e+00  4.59169312e+01  3.06963577e+01
   4.56968952e-09  9.00000000e+00]]
2026-05-25 10:34:54 [DEBUG] 处理后检测输出形状: (0, 52)
2026-05-25 10:34:54 [DEBUG] 有效检测数量: 0
2026-05-25 10:34:54 [DEBUG] 检测输出为空
2026-05-25 10:34:54 [INFO] 掩码中检测到的类别: [0, 1, 2, 3, 4, 5, 6, 7, 8, 9, 10, 11, 12, 13, 15]
2026-05-25 10:34:54 [INFO] 分割完成，检测到 0 个物体
2026-05-25 10:34:54 [INFO] 从分割掩码中提取检测结果
2026-05-25 10:34:54 [INFO] 从掩码中提取了 318 个检测框
2026-05-25 10:34:54 [ERROR] 保存结果失败: 'NoneType' object has no attribute 'astype'
2026-05-25 10:34:54 [INFO] 分割成功
2026-05-25 10:34:54 [INFO] 引擎上下文已释放
2026-05-25 10:34:54 [INFO] TensorRT 引擎已释放
2026-05-25 10:34:54 [INFO] 全局 CUDA 资源已释放
2026-05-25 10:34:54 [INFO] 分割系统资源已释放
2026-05-25 10:34:59 [INFO] CUDA 初始化成功
2026-05-25 10:34:59 [INFO] 引擎加载成功: scrap_steel.engine
2026-05-25 10:34:59 [INFO] 分割系统初始化成功
2026-05-25 10:34:59 [INFO] 图像预处理完成，原始尺寸: (2160, 3840)
2026-05-25 10:34:59 [INFO] 开始执行分割...
2026-05-25 10:34:59 [DEBUG] 处理后的检测结果形状: (1, 8400, 6)
2026-05-25 10:34:59 [DEBUG] 示例检测结果: [[-3.96907806e+00 -3.33761692e+00  3.94390335e+01  1.56746626e+01
   4.52201547e-08  5.00000000e+00]
 [-6.33344269e+00 -3.07279968e+00  4.47233353e+01  3.03370628e+01
   1.03381703e-08  9.00000000e+00]
 [-3.64909744e+00 -3.63222599e+00  4.59104347e+01  3.09102631e+01
   4.52503457e-09  9.00000000e+00]]
2026-05-25 10:34:59 [DEBUG] 处理后检测输出形状: (1, 52)
2026-05-25 10:34:59 [DEBUG] 有效检测数量: 1
2026-05-25 10:34:59 [DEBUG] 最大置信度: 0.0719, 平均置信度: 0.0719
2026-05-25 10:34:59 [INFO] 掩码中检测到的类别: [0, 1, 2, 3, 4, 5, 6, 7, 8, 9, 10, 11, 12, 13, 15]
2026-05-25 10:34:59 [INFO] 分割完成，检测到 0 个物体
2026-05-25 10:34:59 [INFO] 从分割掩码中提取检测结果
2026-05-25 10:35:00 [INFO] 从掩码中提取了 349 个检测框
2026-05-25 10:35:00 [INFO] 计算出的车框矩形边界: (996, 669) to (3246, 1669)
2026-05-25 10:35:00 [INFO] 原始检测数: 349, 过滤后检测数: 184
2026-05-25 10:35:01 [INFO] 保存分割和检测结果到: C:\code\show\Scrap_Steel_In_Field\photos\segmentation\segment_20260525_103500.jpg
2026-05-25 10:35:01 [INFO] JSON结果保存到: C:\code\show\Scrap_Steel_In_Field\photos\segmentation_result.json
2026-05-25 10:35:01 [INFO] 类别统计：{0: 9, 1: 50, 2: 20, 3: 4, 4: 23, 5: 26, 6: 22, 7: 24, 8: 46, 9: 34, 10: 12, 11: 10, 12: 11, 13: 46, 14: 0, 15: 12}
2026-05-25 10:35:01 [INFO] 面积统计：{0: 3288420.0, 1: 1026360.0, 2: 34416.0, 3: 156384.0, 4: 61740.0, 5: 53640.0, 6: 507672.0, 7: 22860.0, 8: 964476.0, 9: 113508.0, 10: 114840.0, 11: 249192.0, 12: 88236.0, 13: 600228.0, 15: 214740.0}
2026-05-25 10:35:01 [INFO] 分割成功
2026-05-25 10:35:01 [INFO] 引擎上下文已释放
2026-05-25 10:35:01 [INFO] TensorRT 引擎已释放
2026-05-25 10:35:01 [INFO] 全局 CUDA 资源已释放
2026-05-25 10:35:01 [INFO] 分割系统资源已释放
2026-05-25 10:35:04 [INFO] CUDA 初始化成功
2026-05-25 10:35:04 [INFO] 引擎加载成功: scrap_steel.engine
2026-05-25 10:35:04 [INFO] 分割系统初始化成功
2026-05-25 10:35:04 [INFO] 图像预处理完成，原始尺寸: (2160, 3840)
2026-05-25 10:35:04 [INFO] 开始执行分割...
2026-05-25 10:35:04 [DEBUG] 处理后的检测结果形状: (1, 8400, 6)
2026-05-25 10:35:04 [DEBUG] 示例检测结果: [[-3.99105453e+00 -3.29047155e+00  3.91881599e+01  1.54775295e+01
   4.51871252e-08  5.00000000e+00]
 [-6.35415268e+00 -3.02245998e+00  4.45393333e+01  3.00273933e+01
   9.99056837e-09  9.00000000e+00]
 [-3.64780807e+00 -3.62981129e+00  4.58347778e+01  3.07747307e+01
   4.37618475e-09  9.00000000e+00]]
2026-05-25 10:35:04 [DEBUG] 处理后检测输出形状: (0, 52)
2026-05-25 10:35:04 [DEBUG] 有效检测数量: 0
2026-05-25 10:35:04 [DEBUG] 检测输出为空
2026-05-25 10:35:04 [INFO] 掩码中检测到的类别: [0, 1, 2, 3, 4, 5, 6, 7, 8, 9, 10, 11, 12, 13, 15]
2026-05-25 10:35:04 [INFO] 分割完成，检测到 0 个物体
2026-05-25 10:35:04 [INFO] 从分割掩码中提取检测结果
2026-05-25 10:35:05 [INFO] 从掩码中提取了 377 个检测框
2026-05-25 10:35:05 [INFO] 计算出的车框矩形边界: (996, 672) to (3246, 1668)
2026-05-25 10:35:05 [INFO] 原始检测数: 377, 过滤后检测数: 191
2026-05-25 10:35:05 [INFO] 保存分割和检测结果到: C:\code\show\Scrap_Steel_In_Field\photos\segmentation\segment_20260525_103505.jpg
2026-05-25 10:35:05 [INFO] JSON结果保存到: C:\code\show\Scrap_Steel_In_Field\photos\segmentation_result.json
2026-05-25 10:35:05 [INFO] 类别统计：{0: 11, 1: 56, 2: 19, 3: 2, 4: 15, 5: 29, 6: 27, 7: 24, 8: 51, 9: 47, 10: 23, 11: 12, 12: 13, 13: 39, 14: 0, 15: 9}
2026-05-25 10:35:05 [INFO] 面积统计：{0: 3797460.0, 1: 993132.0, 2: 29988.0, 3: 159624.0, 4: 91368.0, 5: 71568.0, 6: 501012.0, 7: 33768.0, 8: 937476.0, 9: 173160.0, 10: 102600.0, 11: 253728.0, 12: 87120.0, 13: 572580.0, 15: 218016.0}
2026-05-25 10:35:05 [INFO] 分割成功
2026-05-25 10:35:05 [INFO] 引擎上下文已释放
2026-05-25 10:35:05 [INFO] TensorRT 引擎已释放
2026-05-25 10:35:05 [INFO] 全局 CUDA 资源已释放
2026-05-25 10:35:05 [INFO] 分割系统资源已释放
2026-05-25 10:35:09 [INFO] CUDA 初始化成功
2026-05-25 10:35:09 [INFO] 引擎加载成功: scrap_steel.engine
2026-05-25 10:35:09 [INFO] 分割系统初始化成功
2026-05-25 10:35:09 [INFO] 图像预处理完成，原始尺寸: (2160, 3840)
2026-05-25 10:35:09 [INFO] 开始执行分割...
2026-05-25 10:35:09 [DEBUG] 处理后的检测结果形状: (1, 8400, 6)
2026-05-25 10:35:09 [DEBUG] 示例检测结果: [[-3.95878601e+00 -3.28140831e+00  3.90774345e+01  1.53340054e+01
   4.51847271e-08  5.00000000e+00]
 [-6.27014160e+00 -3.00969791e+00  4.44137840e+01  2.99804268e+01
   9.88941196e-09  9.00000000e+00]
 [-3.63019562e+00 -3.60260963e+00  4.58017273e+01  3.07315006e+01
   4.35064429e-09  9.00000000e+00]]
2026-05-25 10:35:09 [DEBUG] 处理后检测输出形状: (0, 52)
2026-05-25 10:35:09 [DEBUG] 有效检测数量: 0
2026-05-25 10:35:09 [DEBUG] 检测输出为空
2026-05-25 10:35:09 [INFO] 掩码中检测到的类别: [0, 1, 2, 3, 4, 5, 6, 7, 8, 9, 10, 11, 12, 13, 15]
2026-05-25 10:35:09 [INFO] 分割完成，检测到 0 个物体
2026-05-25 10:35:09 [INFO] 从分割掩码中提取检测结果
2026-05-25 10:35:10 [INFO] 从掩码中提取了 368 个检测框
2026-05-25 10:35:10 [INFO] 计算出的车框矩形边界: (996, 673) to (3242, 1666)
2026-05-25 10:35:10 [INFO] 原始检测数: 368, 过滤后检测数: 191
2026-05-25 10:35:10 [INFO] 保存分割和检测结果到: C:\code\show\Scrap_Steel_In_Field\photos\segmentation\segment_20260525_103510.jpg
2026-05-25 10:35:10 [INFO] JSON结果保存到: C:\code\show\Scrap_Steel_In_Field\photos\segmentation_result.json
2026-05-25 10:35:10 [INFO] 类别统计：{0: 7, 1: 55, 2: 16, 3: 2, 4: 12, 5: 24, 6: 24, 7: 25, 8: 60, 9: 45, 10: 17, 11: 15, 12: 16, 13: 39, 14: 0, 15: 11}
2026-05-25 10:35:10 [INFO] 面积统计：{0: 3844008.0, 1: 958716.0, 2: 35424.0, 3: 157500.0, 4: 89712.0, 5: 67176.0, 6: 494964.0, 7: 37692.0, 8: 914544.0, 9: 164664.0, 10: 107820.0, 11: 252360.0, 12: 107316.0, 13: 576432.0, 15: 231408.0}
2026-05-25 10:35:10 [INFO] 分割成功
2026-05-25 10:35:10 [INFO] 引擎上下文已释放
2026-05-25 10:35:10 [INFO] TensorRT 引擎已释放
2026-05-25 10:35:10 [INFO] 全局 CUDA 资源已释放
2026-05-25 10:35:10 [INFO] 分割系统资源已释放
2026-05-25 10:35:15 [INFO] CUDA 初始化成功
2026-05-25 10:35:15 [INFO] 引擎加载成功: scrap_steel.engine
2026-05-25 10:35:15 [INFO] 分割系统初始化成功
2026-05-25 10:35:15 [INFO] 图像预处理完成，原始尺寸: (2160, 3840)
2026-05-25 10:35:15 [INFO] 开始执行分割...
2026-05-25 10:35:15 [DEBUG] 处理后的检测结果形状: (1, 8400, 6)
2026-05-25 10:35:15 [DEBUG] 示例检测结果: [[-3.97261047e+00 -3.27680349e+00  3.90484505e+01  1.53345394e+01
   4.59309462e-08  5.00000000e+00]
 [-6.28629684e+00 -3.00800896e+00  4.44501076e+01  3.00244656e+01
   1.00295914e-08  9.00000000e+00]
 [-3.64831161e+00 -3.61314583e+00  4.57537422e+01  3.07938061e+01
   4.42552484e-09  9.00000000e+00]]
2026-05-25 10:35:15 [DEBUG] 处理后检测输出形状: (0, 52)
2026-05-25 10:35:15 [DEBUG] 有效检测数量: 0
2026-05-25 10:35:15 [DEBUG] 检测输出为空
2026-05-25 10:35:15 [INFO] 掩码中检测到的类别: [0, 1, 2, 3, 4, 5, 6, 7, 8, 9, 10, 11, 12, 13, 15]
2026-05-25 10:35:15 [INFO] 分割完成，检测到 0 个物体
2026-05-25 10:35:15 [INFO] 从分割掩码中提取检测结果
2026-05-25 10:35:16 [INFO] 从掩码中提取了 384 个检测框
2026-05-25 10:35:16 [INFO] 计算出的车框矩形边界: (997, 673) to (3245, 1668)
2026-05-25 10:35:16 [INFO] 原始检测数: 384, 过滤后检测数: 188
2026-05-25 10:35:16 [INFO] 保存分割和检测结果到: C:\code\show\Scrap_Steel_In_Field\photos\segmentation\segment_20260525_103516.jpg
2026-05-25 10:35:16 [INFO] JSON结果保存到: C:\code\show\Scrap_Steel_In_Field\photos\segmentation_result.json
2026-05-25 10:35:16 [INFO] 类别统计：{0: 13, 1: 55, 2: 21, 3: 1, 4: 14, 5: 30, 6: 24, 7: 24, 8: 61, 9: 45, 10: 17, 11: 11, 12: 14, 13: 44, 14: 0, 15: 10}
2026-05-25 10:35:16 [INFO] 面积统计：{0: 4029156.0, 1: 904716.0, 2: 27396.0, 3: 152424.0, 4: 97416.0, 5: 72396.0, 6: 467784.0, 7: 31824.0, 8: 916380.0, 9: 163080.0, 10: 110808.0, 11: 254664.0, 12: 104040.0, 13: 582300.0, 15: 227556.0}
2026-05-25 10:35:16 [INFO] 分割成功
2026-05-25 10:35:16 [INFO] 引擎上下文已释放
2026-05-25 10:35:16 [INFO] TensorRT 引擎已释放
2026-05-25 10:35:16 [INFO] 全局 CUDA 资源已释放
2026-05-25 10:35:16 [INFO] 分割系统资源已释放
2026-05-25 10:35:20 [INFO] CUDA 初始化成功
2026-05-25 10:35:20 [INFO] 引擎加载成功: scrap_steel.engine
2026-05-25 10:35:20 [INFO] 分割系统初始化成功
2026-05-25 10:35:20 [INFO] 图像预处理完成，原始尺寸: (2160, 3840)
2026-05-25 10:35:20 [INFO] 开始执行分割...
2026-05-25 10:35:20 [DEBUG] 处理后的检测结果形状: (1, 8400, 6)
2026-05-25 10:35:20 [DEBUG] 示例检测结果: [[-3.94538879e+00 -3.29405308e+00  3.91434555e+01  1.54218340e+01
   4.46604886e-08  5.00000000e+00]
 [-6.30331802e+00 -3.03510284e+00  4.44465523e+01  2.99656639e+01
   1.01164446e-08  9.00000000e+00]
 [-3.65868378e+00 -3.64640522e+00  4.57920151e+01  3.07770042e+01
   4.41514203e-09  9.00000000e+00]]
2026-05-25 10:35:20 [DEBUG] 处理后检测输出形状: (0, 52)
2026-05-25 10:35:20 [DEBUG] 有效检测数量: 0
2026-05-25 10:35:20 [DEBUG] 检测输出为空
2026-05-25 10:35:20 [INFO] 掩码中检测到的类别: [0, 1, 2, 3, 4, 5, 6, 7, 8, 9, 10, 11, 12, 13, 15]
2026-05-25 10:35:20 [INFO] 分割完成，检测到 0 个物体
2026-05-25 10:35:20 [INFO] 从分割掩码中提取检测结果
2026-05-25 10:35:20 [INFO] 从掩码中提取了 480 个检测框
2026-05-25 10:35:20 [INFO] 计算出的车框矩形边界: (996, 669) to (3246, 1666)
2026-05-25 10:35:20 [INFO] 原始检测数: 480, 过滤后检测数: 221
2026-05-25 10:35:21 [INFO] 保存分割和检测结果到: C:\code\show\Scrap_Steel_In_Field\photos\segmentation\segment_20260525_103520.jpg
2026-05-25 10:35:21 [INFO] JSON结果保存到: C:\code\show\Scrap_Steel_In_Field\photos\segmentation_result.json
2026-05-25 10:35:21 [INFO] 类别统计：{0: 60, 1: 65, 2: 21, 3: 6, 4: 20, 5: 45, 6: 26, 7: 27, 8: 58, 9: 45, 10: 20, 11: 18, 12: 13, 13: 41, 14: 0, 15: 15}
2026-05-25 10:35:21 [INFO] 面积统计：{0: 3556908.0, 1: 1143360.0, 2: 68508.0, 3: 158184.0, 4: 69552.0, 5: 97164.0, 6: 437256.0, 7: 42336.0, 8: 970452.0, 9: 264780.0, 10: 126864.0, 11: 257832.0, 12: 73296.0, 13: 590508.0, 15: 221328.0}
2026-05-25 10:35:21 [INFO] 分割成功
2026-05-25 10:35:21 [INFO] 引擎上下文已释放
2026-05-25 10:35:21 [INFO] TensorRT 引擎已释放
2026-05-25 10:35:21 [INFO] 全局 CUDA 资源已释放
2026-05-25 10:35:21 [INFO] 分割系统资源已释放
2026-05-25 10:35:25 [INFO] CUDA 初始化成功
2026-05-25 10:35:25 [INFO] 引擎加载成功: scrap_steel.engine
2026-05-25 10:35:25 [INFO] 分割系统初始化成功
2026-05-25 10:35:25 [INFO] 图像预处理完成，原始尺寸: (2160, 3840)
2026-05-25 10:35:25 [INFO] 开始执行分割...
2026-05-25 10:35:25 [DEBUG] 处理后的检测结果形状: (1, 8400, 6)
2026-05-25 10:35:25 [DEBUG] 示例检测结果: [[-3.97248459e+00 -3.28364658e+00  3.90973473e+01  1.53918200e+01
   4.44870274e-08  5.00000000e+00]
 [-6.30241394e+00 -3.02311897e+00  4.44962540e+01  3.00186634e+01
   9.95954963e-09  9.00000000e+00]
 [-3.64955902e+00 -3.60263348e+00  4.58022842e+01  3.07406769e+01
   4.31664482e-09  9.00000000e+00]]
2026-05-25 10:35:25 [DEBUG] 处理后检测输出形状: (0, 52)
2026-05-25 10:35:25 [DEBUG] 有效检测数量: 0
2026-05-25 10:35:25 [DEBUG] 检测输出为空
2026-05-25 10:35:25 [INFO] 掩码中检测到的类别: [0, 1, 2, 3, 4, 5, 6, 7, 8, 9, 10, 11, 12, 13, 15]
2026-05-25 10:35:25 [INFO] 分割完成，检测到 0 个物体
2026-05-25 10:35:25 [INFO] 从分割掩码中提取检测结果
2026-05-25 10:35:25 [INFO] 从掩码中提取了 460 个检测框
2026-05-25 10:35:25 [INFO] 计算出的车框矩形边界: (996, 669) to (3247, 1668)
2026-05-25 10:35:25 [INFO] 原始检测数: 460, 过滤后检测数: 204
2026-05-25 10:35:26 [INFO] 保存分割和检测结果到: C:\code\show\Scrap_Steel_In_Field\photos\segmentation\segment_20260525_103525.jpg
2026-05-25 10:35:26 [INFO] JSON结果保存到: C:\code\show\Scrap_Steel_In_Field\photos\segmentation_result.json
2026-05-25 10:35:26 [INFO] 类别统计：{0: 52, 1: 65, 2: 29, 3: 4, 4: 20, 5: 39, 6: 25, 7: 32, 8: 54, 9: 37, 10: 16, 11: 15, 12: 13, 13: 48, 14: 0, 15: 11}
2026-05-25 10:35:26 [INFO] 面积统计：{0: 3449988.0, 1: 1156716.0, 2: 59436.0, 3: 156348.0, 4: 62640.0, 5: 111024.0, 6: 426672.0, 7: 39780.0, 8: 998352.0, 9: 265536.0, 10: 125100.0, 11: 251388.0, 12: 94068.0, 13: 583344.0, 15: 242136.0}
2026-05-25 10:35:26 [INFO] 分割成功
2026-05-25 10:35:26 [INFO] 引擎上下文已释放
2026-05-25 10:35:26 [INFO] TensorRT 引擎已释放
2026-05-25 10:35:26 [INFO] 全局 CUDA 资源已释放
2026-05-25 10:35:26 [INFO] 分割系统资源已释放
2026-05-25 10:35:31 [INFO] CUDA 初始化成功
2026-05-25 10:35:31 [INFO] 引擎加载成功: scrap_steel.engine
2026-05-25 10:35:31 [INFO] 分割系统初始化成功
2026-05-25 10:35:31 [INFO] 图像预处理完成，原始尺寸: (2160, 3840)
2026-05-25 10:35:31 [INFO] 开始执行分割...
2026-05-25 10:35:31 [DEBUG] 处理后的检测结果形状: (1, 8400, 6)
2026-05-25 10:35:31 [DEBUG] 示例检测结果: [[-4.01986313e+00 -3.32361507e+00  3.90550194e+01  1.55698996e+01
   4.51871252e-08  5.00000000e+00]
 [-6.36210251e+00 -3.04575157e+00  4.44714050e+01  3.00821819e+01
   9.83612480e-09  9.00000000e+00]
 [-3.63919449e+00 -3.64486885e+00  4.58132095e+01  3.07661037e+01
   4.29158042e-09  9.00000000e+00]]
2026-05-25 10:35:31 [DEBUG] 处理后检测输出形状: (0, 52)
2026-05-25 10:35:31 [DEBUG] 有效检测数量: 0
2026-05-25 10:35:31 [DEBUG] 检测输出为空
2026-05-25 10:35:31 [INFO] 掩码中检测到的类别: [0, 1, 2, 3, 4, 5, 6, 7, 8, 9, 10, 11, 12, 13, 15]
2026-05-25 10:35:31 [INFO] 分割完成，检测到 0 个物体
2026-05-25 10:35:31 [INFO] 从分割掩码中提取检测结果
2026-05-25 10:35:31 [INFO] 从掩码中提取了 484 个检测框
2026-05-25 10:35:31 [INFO] 计算出的车框矩形边界: (996, 672) to (3243, 1668)
2026-05-25 10:35:31 [INFO] 原始检测数: 484, 过滤后检测数: 222
2026-05-25 10:35:32 [INFO] 保存分割和检测结果到: C:\code\show\Scrap_Steel_In_Field\photos\segmentation\segment_20260525_103531.jpg
2026-05-25 10:35:32 [INFO] JSON结果保存到: C:\code\show\Scrap_Steel_In_Field\photos\segmentation_result.json
2026-05-25 10:35:32 [INFO] 类别统计：{0: 60, 1: 73, 2: 25, 3: 4, 4: 22, 5: 39, 6: 28, 7: 32, 8: 58, 9: 39, 10: 16, 11: 16, 12: 14, 13: 45, 14: 0, 15: 13}
2026-05-25 10:35:32 [INFO] 面积统计：{0: 3538008.0, 1: 1086948.0, 2: 63468.0, 3: 156492.0, 4: 60984.0, 5: 99504.0, 6: 427392.0, 7: 45216.0, 8: 984924.0, 9: 299016.0, 10: 119160.0, 11: 251280.0, 12: 89496.0, 13: 582804.0, 15: 242316.0}
2026-05-25 10:35:32 [INFO] 分割成功
2026-05-25 10:35:32 [INFO] 引擎上下文已释放
2026-05-25 10:35:32 [INFO] TensorRT 引擎已释放
2026-05-25 10:35:32 [INFO] 全局 CUDA 资源已释放
2026-05-25 10:35:32 [INFO] 分割系统资源已释放
2026-05-25 10:35:35 [INFO] CUDA 初始化成功
2026-05-25 10:35:35 [INFO] 引擎加载成功: scrap_steel.engine
2026-05-25 10:35:35 [INFO] 分割系统初始化成功
2026-05-25 10:35:35 [INFO] 图像预处理完成，原始尺寸: (2160, 3840)
2026-05-25 10:35:35 [INFO] 开始执行分割...
2026-05-25 10:35:36 [DEBUG] 处理后的检测结果形状: (1, 8400, 6)
2026-05-25 10:35:36 [DEBUG] 示例检测结果: [[-4.00294113e+00 -3.29392576e+00  3.91301003e+01  1.54264526e+01
   4.59135130e-08  5.00000000e+00]
 [-6.34104156e+00 -3.04447365e+00  4.44272499e+01  3.00416851e+01
   1.00296873e-08  9.00000000e+00]
 [-3.65914917e+00 -3.64221001e+00  4.57917709e+01  3.07472668e+01
   4.34641478e-09  9.00000000e+00]]
2026-05-25 10:35:36 [DEBUG] 处理后检测输出形状: (0, 52)
2026-05-25 10:35:36 [DEBUG] 有效检测数量: 0
2026-05-25 10:35:36 [DEBUG] 检测输出为空
2026-05-25 10:35:36 [INFO] 掩码中检测到的类别: [0, 1, 2, 3, 4, 5, 6, 7, 8, 9, 10, 11, 12, 13, 15]
2026-05-25 10:35:36 [INFO] 分割完成，检测到 0 个物体
2026-05-25 10:35:36 [INFO] 从分割掩码中提取检测结果
2026-05-25 10:35:36 [INFO] 从掩码中提取了 467 个检测框
2026-05-25 10:35:36 [INFO] 计算出的车框矩形边界: (997, 672) to (3243, 1668)
2026-05-25 10:35:36 [INFO] 原始检测数: 467, 过滤后检测数: 227
2026-05-25 10:35:36 [INFO] 保存分割和检测结果到: C:\code\show\Scrap_Steel_In_Field\photos\segmentation\segment_20260525_103536.jpg
2026-05-25 10:35:36 [INFO] JSON结果保存到: C:\code\show\Scrap_Steel_In_Field\photos\segmentation_result.json
2026-05-25 10:35:36 [INFO] 类别统计：{0: 47, 1: 61, 2: 28, 3: 3, 4: 20, 5: 37, 6: 29, 7: 35, 8: 57, 9: 45, 10: 20, 11: 14, 12: 12, 13: 48, 14: 0, 15: 11}
2026-05-25 10:35:36 [INFO] 面积统计：{0: 3382308.0, 1: 1198224.0, 2: 53424.0, 3: 156060.0, 4: 59220.0, 5: 97308.0, 6: 427752.0, 7: 39600.0, 8: 1002816.0, 9: 257616.0, 10: 126900.0, 11: 248292.0, 12: 105948.0, 13: 581904.0, 15: 239076.0}
2026-05-25 10:35:36 [INFO] 分割成功
2026-05-25 10:35:36 [INFO] 引擎上下文已释放
2026-05-25 10:35:36 [INFO] TensorRT 引擎已释放
2026-05-25 10:35:36 [INFO] 全局 CUDA 资源已释放
2026-05-25 10:35:36 [INFO] 分割系统资源已释放
2026-05-25 10:35:41 [INFO] CUDA 初始化成功
2026-05-25 10:35:41 [INFO] 引擎加载成功: scrap_steel.engine
2026-05-25 10:35:41 [INFO] 分割系统初始化成功
2026-05-25 10:35:41 [INFO] 图像预处理完成，原始尺寸: (2160, 3840)
2026-05-25 10:35:41 [INFO] 开始执行分割...
2026-05-25 10:35:41 [DEBUG] 处理后的检测结果形状: (1, 8400, 6)
2026-05-25 10:35:41 [DEBUG] 示例检测结果: [[-3.97480774e+00 -3.28102779e+00  3.91132545e+01  1.53938780e+01
   4.50103634e-08  5.00000000e+00]
 [-6.33133316e+00 -3.01969719e+00  4.44375572e+01  3.00286350e+01
   9.87422766e-09  9.00000000e+00]
 [-3.64697647e+00 -3.61543274e+00  4.58088837e+01  3.07543869e+01
   4.34223857e-09  9.00000000e+00]]
2026-05-25 10:35:41 [DEBUG] 处理后检测输出形状: (0, 52)
2026-05-25 10:35:41 [DEBUG] 有效检测数量: 0
2026-05-25 10:35:41 [DEBUG] 检测输出为空
2026-05-25 10:35:41 [INFO] 掩码中检测到的类别: [0, 1, 2, 3, 4, 5, 6, 7, 8, 9, 10, 11, 12, 13, 15]
2026-05-25 10:35:41 [INFO] 分割完成，检测到 0 个物体
2026-05-25 10:35:41 [INFO] 从分割掩码中提取检测结果
2026-05-25 10:35:41 [INFO] 从掩码中提取了 462 个检测框
2026-05-25 10:35:41 [INFO] 计算出的车框矩形边界: (996, 673) to (3243, 1668)
2026-05-25 10:35:41 [INFO] 原始检测数: 462, 过滤后检测数: 214
2026-05-25 10:35:42 [INFO] 保存分割和检测结果到: C:\code\show\Scrap_Steel_In_Field\photos\segmentation\segment_20260525_103541.jpg
2026-05-25 10:35:42 [INFO] JSON结果保存到: C:\code\show\Scrap_Steel_In_Field\photos\segmentation_result.json
2026-05-25 10:35:42 [INFO] 类别统计：{0: 45, 1: 66, 2: 26, 3: 5, 4: 20, 5: 36, 6: 25, 7: 29, 8: 61, 9: 50, 10: 19, 11: 16, 12: 11, 13: 39, 14: 0, 15: 14}
2026-05-25 10:35:42 [INFO] 面积统计：{0: 3500640.0, 1: 1152612.0, 2: 56484.0, 3: 155664.0, 4: 60084.0, 5: 90072.0, 6: 432396.0, 7: 35640.0, 8: 964800.0, 9: 269748.0, 10: 134892.0, 11: 245448.0, 12: 86868.0, 13: 590904.0, 15: 238608.0}
2026-05-25 10:35:42 [INFO] 分割成功
2026-05-25 10:35:42 [INFO] 引擎上下文已释放
2026-05-25 10:35:42 [INFO] TensorRT 引擎已释放
2026-05-25 10:35:42 [INFO] 全局 CUDA 资源已释放
2026-05-25 10:35:42 [INFO] 分割系统资源已释放
