2025-05-11 20:24:31 [INFO] 
===== 开始 arm1 的处理流程 =====
2025-05-11 20:24:31 [INFO] 收到机械臂消息: yes_grab
2025-05-11 20:25:04 [INFO] 机械臂坐标系抓取点: [(454.0179748535156, -190.6016845703125), (447.1982116699219, -73.62120819091797), (439.61334228515625, 56.483192443847656)]
2025-05-11 20:25:04 [INFO] 抓取点坐标（z=0）:
2025-05-11 20:25:04 [INFO] 454.0179748535156,-190.6016845703125,0
2025-05-11 20:25:04 [INFO] 447.1982116699219,-73.62120819091797,0
2025-05-11 20:25:04 [INFO] 439.61334228515625,56.483192443847656,0
2025-05-11 20:25:04 [INFO] 发送第一个抓取点坐标: 454.0179748535156,-190.6016845703125,0
2025-05-11 20:25:16 [INFO] 收到机械臂消息: A
2025-05-11 20:25:16 [INFO] 收到第1次的抓取点位: A
2025-05-11 20:25:16 [INFO] 发送第二个抓取点坐标: 447.1982116699219,-73.62120819091797,0
2025-05-11 20:25:28 [INFO] 收到机械臂消息: B
2025-05-11 20:25:28 [INFO] 收到第1次的抓取点位: B
2025-05-11 20:25:28 [INFO] 发送第三个抓取点坐标: 439.61334228515625,56.483192443847656,0
2025-05-11 20:25:41 [INFO] 收到机械臂消息: C
2025-05-11 20:25:41 [INFO] 收到第1次的抓取点位: C
2025-05-11 20:25:41 [INFO] [完成] 第1次抓取指令发送成功
2025-05-11 20:25:41 [INFO] 收到机械臂消息: yes_grab
2025-05-11 20:25:54 [INFO] 机械臂坐标系抓取点: [(454.0179748535156, -190.6016845703125), (447.1982116699219, -73.62120819091797), (439.61334228515625, 56.483192443847656)]
2025-05-11 20:25:54 [INFO] 抓取点坐标（z=0）:
2025-05-11 20:25:54 [INFO] 454.0179748535156,-190.6016845703125,0
2025-05-11 20:25:54 [INFO] 447.1982116699219,-73.62120819091797,0
2025-05-11 20:25:54 [INFO] 439.61334228515625,56.483192443847656,0
2025-05-11 20:25:54 [INFO] 发送第一个抓取点坐标: 454.0179748535156,-190.6016845703125,0
