2025-05-15 19:15:34 [INFO] 收到机械臂消息: yes_grab
2025-05-15 19:15:34 [INFO] 开始获取清晰图像...
2025-05-15 19:15:48 [INFO] 已保存original图像: C:\Users\qinguang\feigangxiangmu\Scrap_steel_system\Scrap_Steel_In_Field\photos\original\original_image_20250515_191548.jpg
2025-05-15 19:15:50 [INFO] [完成] 第1次原始图片拍照完成: C:\Users\qinguang\feigangxiangmu\Scrap_steel_system\Scrap_Steel_In_Field\photos\original\original_image_20250515_191548.jpg
2025-05-15 19:15:55 [ERROR] 更新图片路径到 Flask 应用时出错: HTTPConnectionPool(host='localhost', port=5000): Max retries exceeded with url: /set_image_path (Caused by NewConnectionError('<urllib3.connection.HTTPConnection object at 0x000002BB29462920>: Failed to establish a new connection: [WinError 10061] 由于目标计算机积极拒绝，无法连接。'))
2025-05-15 19:15:55 [INFO] [步骤3.1] 进行危险品推理
2025-05-15 19:15:55 [INFO] [完成] 危险品检测成功，发现 4 个危险品
2025-05-15 19:15:55 [INFO] 危险品 1: GasCyl1 (置信度: 0.93)
2025-05-15 19:15:55 [INFO] 危险品 2: GasCyl1 (置信度: 0.85)
2025-05-15 19:15:55 [INFO] 危险品 3: GasCyl1 (置信度: 0.77)
2025-05-15 19:15:55 [INFO] 危险品 4: GasCyl1 (置信度: 0.66)
2025-05-15 19:15:55 [INFO] 危险品检测结果已写入JSON文件: C:\Users\qinguang\feigangxiangmu\Scrap_steel_system\Scrap_Steel_In_Field\photos\detection_results.json
2025-05-15 19:15:59 [ERROR] 更新饼状图到 Flask 应用时出错: HTTPConnectionPool(host='localhost', port=5000): Max retries exceeded with url: /set_pie_chart_path (Caused by NewConnectionError('<urllib3.connection.HTTPConnection object at 0x000002BB2B2AD0C0>: Failed to establish a new connection: [WinError 10061] 由于目标计算机积极拒绝，无法连接。'))
2025-05-15 19:15:59 [INFO] 检测结果的路径为：C:\Users\qinguang\feigangxiangmu\Scrap_steel_system\Scrap_Steel_In_Field\photos\dangerous_det\detection_20250515_191555.jpg
2025-05-15 19:15:59 [INFO] 文件存在，大小: 1830469 字节
2025-05-15 19:16:03 [ERROR] 更新危险品检测结果到 Flask 应用时出错: HTTPConnectionPool(host='localhost', port=5000): Max retries exceeded with url: /set_detection_path (Caused by NewConnectionError('<urllib3.connection.HTTPConnection object at 0x000002BB2B2AD930>: Failed to establish a new connection: [WinError 10061] 由于目标计算机积极拒绝，无法连接。'))
2025-05-15 19:16:03 [INFO] [步骤3.2] 对原始图片进行废钢分割
2025-05-15 19:16:04 [WARNING] [警告] 废钢分割失败，将按默认流程继续
2025-05-15 19:16:04 [INFO] 
[步骤3.3] 请求第1次抓取循环
