2025-07-01 10:50:21 [INFO] 收到机械臂消息: yes_grab
2025-07-01 10:50:21 [INFO] 开始获取清晰图像...
2025-07-01 10:50:25 [INFO] 已保存original图像: C:\Users\diaoqingguang\Scrap_steel_system\Scrap_Steel_In_Field\photos\original\original_image_20250701_105025.jpg
2025-07-01 10:50:27 [INFO] [完成] 第1次原始图片拍照完成: C:\Users\diaoqingguang\Scrap_steel_system\Scrap_Steel_In_Field\photos\original\original_image_20250701_105025.jpg
2025-07-01 10:50:27 [INFO] [步骤3.1] 进行危险品推理
2025-07-01 10:50:27 [INFO] [完成] 危险品检测成功，发现 4 个危险品
2025-07-01 10:50:27 [INFO] 危险品 1: GasCyl1 (置信度: 0.91)
2025-07-01 10:50:27 [INFO] 危险品 2: GasCyl1 (置信度: 0.83)
2025-07-01 10:50:27 [INFO] 危险品 3: GasCyl1 (置信度: 0.70)
2025-07-01 10:50:27 [INFO] 危险品 4: FireExt1 (置信度: 0.25)
2025-07-01 10:50:27 [INFO] 危险品检测结果已写入JSON文件: C:\Users\diaoqingguang\Scrap_steel_system\Scrap_Steel_In_Field\photos\detection_results.json
2025-07-01 10:50:27 [INFO] [步骤3.2] 对原始图片进行废钢分割
2025-07-01 10:50:28 [INFO] [完成] 废钢分割成功
2025-07-01 10:50:28 [INFO] 检测到 481 个物体
2025-07-01 10:50:28 [INFO] 类别统计: {0: 11, 1: 56, 2: 21, 3: 10, 4: 30, 5: 29, 6: 35, 7: 35, 8: 44, 9: 46, 10: 24, 11: 11, 12: 12, 13: 81, 14: 0, 15: 36}
2025-07-01 10:50:28 [INFO] 面积统计: {0: 3345084.0, 1: 303480.0, 2: 52920.0, 3: 320328.0, 4: 125784.0, 5: 93996.0, 6: 710676.0, 7: 58392.0, 8: 872172.0, 9: 172440.0, 10: 172980.0, 11: 179388.0, 12: 79200.0, 13: 807840.0, 14: 216.0, 15: 65664.0}
2025-07-01 10:50:28 [INFO] 废钢分割结果保存路径: C:\Users\diaoqingguang\Scrap_steel_system\Scrap_Steel_In_Field\photos\segmentation\segment_20250701_105028.jpg
2025-07-01 10:50:28 [INFO] 
[步骤3.3] 请求第1次抓取循环
2025-07-01 10:50:35 [INFO] 机械臂坐标系抓取点: [(417.2269428998266, -74.95835575906054), (419.4356521453348, 49.95892898300928), (421.644361390843, 174.87621372507908)]
2025-07-01 10:50:35 [INFO] 抓取点坐标（z=0）:
2025-07-01 10:50:35 [INFO] 417.2269428998266,-74.95835575906054,0
2025-07-01 10:50:35 [INFO] 419.4356521453348,49.95892898300928,0
2025-07-01 10:50:35 [INFO] 421.644361390843,174.87621372507908,0
2025-07-01 10:50:35 [INFO] 发送第一个抓取点坐标: 417.2269428998266,-74.95835575906054,0
2025-07-01 10:50:53 [INFO] 收到机械臂消息: A
2025-07-01 10:50:53 [INFO] 收到第1次的抓取点位: A
2025-07-01 10:50:53 [INFO] 发送第二个抓取点坐标: 419.4356521453348,49.95892898300928,0
2025-07-01 10:51:11 [INFO] 收到机械臂消息: B
2025-07-01 10:51:11 [INFO] 收到第1次的抓取点位: B
2025-07-01 10:51:11 [INFO] 发送第三个抓取点坐标: 421.644361390843,174.87621372507908,0
2025-07-01 10:51:31 [INFO] 收到机械臂消息: C
2025-07-01 10:51:31 [INFO] 收到第1次的抓取点位: C
2025-07-01 10:51:31 [INFO] [完成] 第1次抓取指令发送成功
2025-07-01 10:51:31 [INFO] 收到机械臂消息: no_grab
2025-07-01 10:51:31 [INFO] 
===== arm1 的处理流程已完成 =====

