2025-05-13 19:25:13 [INFO] 
===== 开始 arm1 的处理流程 =====
2025-05-13 19:25:13 [INFO] 
[步骤1] 请求拍摄车体照片
2025-05-13 19:25:13 [INFO] 开始获取清晰图像...
2025-05-13 19:25:57 [INFO] 已保存vehicle图像: C:\Users\qinguang\feigangxiangmu\Scrap_steel_system\Scrap_Steel_Loading\photos\vehicle\vehicle_image_20250513_192557.jpg
2025-05-13 19:25:57 [INFO] [完成] 车体拍照完成: C:\Users\qinguang\feigangxiangmu\Scrap_steel_system\Scrap_Steel_Loading\photos\vehicle\vehicle_image_20250513_192557.jpg
2025-05-13 19:25:57 [INFO] 
[步骤2] 进行废钢检测
2025-05-13 19:25:57 [INFO] 收到机械臂消息: yes_grab
2025-05-13 19:25:57 [INFO] 开始获取清晰图像...
2025-05-13 19:26:40 [INFO] 已保存original图像: C:\Users\qinguang\feigangxiangmu\Scrap_steel_system\Scrap_Steel_Loading\photos\original\original_image_20250513_192640.jpg
2025-05-13 19:26:43 [INFO] [完成] 第1次原始图片拍照完成: C:\Users\qinguang\feigangxiangmu\Scrap_steel_system\Scrap_Steel_Loading\photos\original\original_image_20250513_192640.jpg
2025-05-13 19:26:47 [ERROR] 更新图片路径到 Flask 应用时出错: HTTPConnectionPool(host='localhost', port=5000): Max retries exceeded with url: /set_image_path (Caused by NewConnectionError('<urllib3.connection.HTTPConnection object at 0x000002CDF89C48B0>: Failed to establish a new connection: [WinError 10061] 由于目标计算机积极拒绝，无法连接。'))
2025-05-13 19:26:47 [INFO] [步骤3.1] 进行危险品推理
2025-05-13 19:26:49 [INFO] [完成] 危险品检测完成，未发现危险品
2025-05-13 19:26:49 [INFO] 危险品检测结果已写入JSON文件: C:\Users\qinguang\feigangxiangmu\Scrap_steel_system\Scrap_Steel_Loading\photos\detection_results.json
2025-05-13 19:26:49 [INFO] 检测结果的路径为：C:\Users\qinguang\feigangxiangmu\Scrap_steel_system\Scrap_Steel_Loading\photos\dangerous_det\detection_20250513_192649.jpg
2025-05-13 19:26:49 [INFO] 文件存在，大小: 135193 字节
2025-05-13 19:26:53 [ERROR] 更新危险品检测结果到 Flask 应用时出错: HTTPConnectionPool(host='localhost', port=5000): Max retries exceeded with url: /set_detection_path (Caused by NewConnectionError('<urllib3.connection.HTTPConnection object at 0x000002CDF89C5BD0>: Failed to establish a new connection: [WinError 10061] 由于目标计算机积极拒绝，无法连接。'))
2025-05-13 19:26:53 [INFO] [步骤3.2] 对原始图片进行废钢分割
2025-05-13 19:26:53 [WARNING] [警告] 废钢分割失败，将按默认流程继续
2025-05-13 19:26:53 [INFO] 
[步骤3.3] 请求第1次抓取循环
2025-05-13 19:27:33 [INFO] 机械臂坐标系抓取点: [(443.37297427202196, -222.01676651954193), (428.1587375766584, -96.60557081789555), (412.9445008812948, 28.805624883750838)]
2025-05-13 19:27:33 [INFO] 抓取点坐标（z=0）:
2025-05-13 19:27:33 [INFO] 443.37297427202196,-222.01676651954193,0
2025-05-13 19:27:33 [INFO] 428.1587375766584,-96.60557081789555,0
2025-05-13 19:27:33 [INFO] 412.9445008812948,28.805624883750838,0
2025-05-13 19:27:33 [INFO] 发送第一个抓取点坐标: 443.37297427202196,-222.01676651954193,0
2025-05-13 19:27:49 [INFO] 收到机械臂消息: A
2025-05-13 19:27:49 [INFO] 收到第1次的抓取点位: A
2025-05-13 19:27:49 [INFO] 发送第二个抓取点坐标: 428.1587375766584,-96.60557081789555,0
2025-05-13 19:28:03 [INFO] 收到机械臂消息: B
2025-05-13 19:28:03 [INFO] 收到第1次的抓取点位: B
2025-05-13 19:28:03 [INFO] 发送第三个抓取点坐标: 412.9445008812948,28.805624883750838,0
2025-05-13 19:28:19 [INFO] 收到机械臂消息: C
2025-05-13 19:28:19 [INFO] 收到第1次的抓取点位: C
2025-05-13 19:28:19 [INFO] [完成] 第1次抓取指令发送成功
2025-05-13 19:28:19 [INFO] 收到机械臂消息: no_grab
2025-05-13 19:28:19 [INFO] 
===== arm1 的处理流程已完成 =====

