2025-05-22 15:21:18 [INFO] 收到机械臂消息: yes_grab
2025-05-22 15:21:18 [INFO] 开始获取清晰图像...
2025-05-22 15:21:22 [INFO] 已保存original图像: C:\Users\qinguang\feigangxiangmu\Scrap_steel_system\Scrap_Steel_In_Field\photos\original\original_image_20250522_152122.jpg
2025-05-22 15:21:34 [INFO] [完成] 第1次原始图片拍照完成: C:\Users\qinguang\feigangxiangmu\Scrap_steel_system\Scrap_Steel_In_Field\photos\original\original_image_20250522_152122.jpg
2025-05-22 15:21:35 [INFO] 图片路径已更新到 Flask 应用
2025-05-22 15:21:35 [INFO] [步骤3.1] 进行危险品推理
2025-05-22 15:21:35 [INFO] [完成] 危险品检测成功，发现 5 个危险品
2025-05-22 15:21:35 [INFO] 危险品 1: GasCyl1 (置信度: 0.90)
2025-05-22 15:21:35 [INFO] 危险品 2: GasCyl1 (置信度: 0.49)
2025-05-22 15:21:35 [INFO] 危险品 3: FireExt1 (置信度: 0.45)
2025-05-22 15:21:35 [INFO] 危险品 4: GasCyl1 (置信度: 0.40)
2025-05-22 15:21:35 [INFO] 危险品 5: GasCyl1 (置信度: 0.39)
2025-05-22 15:21:35 [INFO] 危险品检测结果已写入JSON文件: C:\Users\qinguang\feigangxiangmu\Scrap_steel_system\Scrap_Steel_In_Field\photos\detection_results.json
2025-05-22 15:21:35 [INFO] [步骤3.2] 对原始图片进行废钢分割
2025-05-22 15:21:37 [INFO] [完成] 废钢分割成功
2025-05-22 15:21:37 [INFO] 检测到 515 个物体
2025-05-22 15:21:37 [INFO] 类别统计: {0: 22, 1: 59, 2: 16, 3: 4, 4: 49, 5: 29, 6: 21, 7: 27, 8: 45, 9: 58, 10: 38, 11: 14, 12: 17, 13: 81, 14: 0, 15: 35}
2025-05-22 15:21:37 [INFO] 面积统计: {0: 2583900.0, 1: 559404.0, 2: 75780.0, 3: 283968.0, 4: 206748.0, 5: 90720.0, 6: 1214280.0, 7: 35928.0, 8: 817992.0, 9: 227772.0, 10: 156456.0, 11: 245268.0, 12: 67896.0, 13: 750456.0, 14: 72.0, 15: 70560.0}
2025-05-22 15:21:37 [INFO] 废钢分割结果保存路径: C:\Users\qinguang\feigangxiangmu\Scrap_steel_system\Scrap_Steel_In_Field\photos\segmentation\segment_20250522_152136.jpg
2025-05-22 15:21:37 [INFO] 
[步骤3.3] 请求第1次抓取循环
2025-05-22 15:21:45 [INFO] 机械臂坐标系抓取点: [(444.6641820387022, -84.7065592909144), (438.67171751628683, 40.937860488484674), (432.67925299387144, 166.58228026788373)]
2025-05-22 15:21:45 [INFO] 抓取点坐标（z=0）:
2025-05-22 15:21:45 [INFO] 444.6641820387022,-84.7065592909144,0
2025-05-22 15:21:45 [INFO] 438.67171751628683,40.937860488484674,0
2025-05-22 15:21:45 [INFO] 432.67925299387144,166.58228026788373,0
2025-05-22 15:21:45 [INFO] 发送第一个抓取点坐标: 444.6641820387022,-84.7065592909144,0
2025-05-22 15:21:59 [INFO] 收到机械臂消息: A
2025-05-22 15:21:59 [INFO] 收到第1次的抓取点位: A
2025-05-22 15:21:59 [INFO] 发送第二个抓取点坐标: 438.67171751628683,40.937860488484674,0
2025-05-22 15:22:12 [INFO] 收到机械臂消息: B
2025-05-22 15:22:12 [INFO] 收到第1次的抓取点位: B
2025-05-22 15:22:12 [INFO] 发送第三个抓取点坐标: 432.67925299387144,166.58228026788373,0
2025-05-22 15:22:28 [INFO] 收到机械臂消息: C
2025-05-22 15:22:28 [INFO] 收到第1次的抓取点位: C
2025-05-22 15:22:28 [INFO] [完成] 第1次抓取指令发送成功
2025-05-22 15:22:28 [INFO] 收到机械臂消息: no_grab
2025-05-22 15:22:28 [INFO] 
===== arm1 的处理流程已完成 =====

2025-05-22 15:22:28 [INFO] 机械臂处理流程已完成
