2025-11-21 15:13:39 [INFO] 收到机械臂消息: yes_grab
2025-11-21 15:13:39 [INFO] 开始获取清晰图像...
2025-11-21 15:13:43 [INFO] 已保存original图像: C:\Users\diaoqingguang\Scrap_steel_system\Scrap_Steel_In_Field\photos\original\original_image_20251121_151343.jpg
2025-11-21 15:13:55 [INFO] [完成] 第1次原始图片拍照完成: C:\Users\diaoqingguang\Scrap_steel_system\Scrap_Steel_In_Field\photos\original\original_image_20251121_151343.jpg
2025-11-21 15:13:55 [INFO] [步骤3.1] 进行危险品推理
2025-11-21 15:13:55 [INFO] [完成] 危险品检测成功，发现 3 个危险品
2025-11-21 15:13:55 [INFO] 危险品 1: GasCyl1 (置信度: 0.95)
2025-11-21 15:13:55 [INFO] 危险品 2: GasCyl1 (置信度: 0.82)
2025-11-21 15:13:55 [INFO] 危险品 3: GasCyl1 (置信度: 0.43)
2025-11-21 15:13:55 [INFO] 危险品检测结果已写入JSON文件: C:\Users\diaoqingguang\Scrap_steel_system\Scrap_Steel_In_Field\photos\detection_results.json
2025-11-21 15:13:55 [INFO] [步骤3.2] 对原始图片进行废钢分割
2025-11-21 15:13:56 [INFO] [完成] 废钢分割成功
2025-11-21 15:13:56 [INFO] 检测到 492 个物体
2025-11-21 15:13:56 [INFO] 类别统计: {0: 10, 1: 41, 2: 26, 3: 2, 4: 47, 5: 30, 6: 38, 7: 37, 8: 48, 9: 46, 10: 29, 11: 5, 12: 19, 13: 86, 14: 0, 15: 28}
2025-11-21 15:13:56 [INFO] 面积统计: {0: 2431728.0, 1: 272340.0, 2: 67140.0, 3: 253476.0, 4: 155736.0, 5: 85356.0, 6: 799740.0, 7: 72360.0, 8: 1232028.0, 9: 142596.0, 10: 189468.0, 11: 143172.0, 12: 106560.0, 13: 1116720.0, 15: 71424.0}
2025-11-21 15:13:56 [INFO] 废钢分割结果保存路径: C:\Users\diaoqingguang\Scrap_steel_system\Scrap_Steel_In_Field\photos\segmentation\segment_20251121_151355.jpg
2025-11-21 15:13:56 [INFO] 
[步骤3.3] 请求第1次抓取循环
2025-11-21 15:13:59 [INFO] 机械臂坐标系抓取点: [(371.88940330738353, -35.44848884642808), (372.8731753889366, 88.42725452142733), (373.8569474704897, 212.30299788928272)]
2025-11-21 15:13:59 [INFO] 抓取点坐标（z=0）:
2025-11-21 15:13:59 [INFO] 371.88940330738353,-35.44848884642808,0
2025-11-21 15:13:59 [INFO] 372.8731753889366,88.42725452142733,0
2025-11-21 15:13:59 [INFO] 373.8569474704897,212.30299788928272,0
2025-11-21 15:13:59 [INFO] 发送第一个抓取点坐标: 371.88940330738353,-35.44848884642808,0
2025-11-21 15:14:13 [INFO] 收到机械臂消息: A
2025-11-21 15:14:13 [INFO] 收到第1次的抓取点位: A
2025-11-21 15:14:13 [INFO] 发送第二个抓取点坐标: 372.8731753889366,88.42725452142733,0
2025-11-21 15:14:27 [INFO] 收到机械臂消息: B
2025-11-21 15:14:27 [INFO] 收到第1次的抓取点位: B
2025-11-21 15:14:27 [INFO] 发送第三个抓取点坐标: 373.8569474704897,212.30299788928272,0
2025-11-21 15:14:43 [INFO] 收到机械臂消息: C
2025-11-21 15:14:43 [INFO] 收到第1次的抓取点位: C
2025-11-21 15:14:43 [INFO] [完成] 第1次抓取指令发送成功
2025-11-21 15:14:43 [INFO] 收到机械臂消息: no_grab
2025-11-21 15:14:43 [INFO] 
===== arm1 的处理流程已完成 =====

