2025-06-26 10:58:33 [INFO] 收到机械臂消息: yes_grab
2025-06-26 10:58:33 [INFO] 开始获取清晰图像...
2025-06-26 10:58:36 [INFO] 已保存original图像: C:\Users\diaoqingguang\Scrap_steel_system\Scrap_Steel_In_Field\photos\original\original_image_20250626_105836.jpg
2025-06-26 10:58:38 [INFO] [完成] 第1次原始图片拍照完成: C:\Users\diaoqingguang\Scrap_steel_system\Scrap_Steel_In_Field\photos\original\original_image_20250626_105836.jpg
2025-06-26 10:58:38 [INFO] [步骤3.1] 进行危险品推理
2025-06-26 10:58:39 [INFO] [完成] 危险品检测成功，发现 4 个危险品
2025-06-26 10:58:39 [INFO] 危险品 1: GasCyl1 (置信度: 0.93)
2025-06-26 10:58:39 [INFO] 危险品 2: GasCyl1 (置信度: 0.83)
2025-06-26 10:58:39 [INFO] 危险品 3: GasCyl1 (置信度: 0.83)
2025-06-26 10:58:39 [INFO] 危险品 4: GasCyl1 (置信度: 0.64)
2025-06-26 10:58:39 [INFO] 危险品检测结果已写入JSON文件: C:\Users\diaoqingguang\Scrap_steel_system\Scrap_Steel_In_Field\photos\detection_results.json
2025-06-26 10:58:39 [INFO] [步骤3.2] 对原始图片进行废钢分割
2025-06-26 10:58:39 [INFO] [完成] 废钢分割成功
2025-06-26 10:58:39 [INFO] 检测到 531 个物体
2025-06-26 10:58:39 [INFO] 类别统计: {0: 10, 1: 60, 2: 20, 3: 5, 4: 28, 5: 30, 6: 35, 7: 38, 8: 42, 9: 50, 10: 30, 11: 11, 12: 21, 13: 116, 14: 0, 15: 35}
2025-06-26 10:58:39 [INFO] 面积统计: {0: 2987712.0, 1: 298440.0, 2: 54360.0, 3: 275220.0, 4: 156888.0, 5: 93780.0, 6: 699300.0, 7: 58680.0, 8: 849600.0, 9: 130788.0, 10: 159804.0, 11: 168120.0, 12: 82044.0, 13: 1022112.0, 15: 75924.0}
2025-06-26 10:58:39 [INFO] 废钢分割结果保存路径: C:\Users\diaoqingguang\Scrap_steel_system\Scrap_Steel_In_Field\photos\segmentation\segment_20250626_105839.jpg
2025-06-26 10:58:39 [INFO] 
[步骤3.3] 请求第1次抓取循环
2025-06-26 10:58:42 [INFO] 机械臂坐标系抓取点: [(408.5729465356703, -73.13401457893409), (410.84146481893356, 51.580082429319205), (413.1099831021968, 176.2941794375725)]
2025-06-26 10:58:42 [INFO] 抓取点坐标（z=0）:
2025-06-26 10:58:42 [INFO] 408.5729465356703,-73.13401457893409,0
2025-06-26 10:58:42 [INFO] 410.84146481893356,51.580082429319205,0
2025-06-26 10:58:42 [INFO] 413.1099831021968,176.2941794375725,0
2025-06-26 10:58:42 [INFO] 发送第一个抓取点坐标: 408.5729465356703,-73.13401457893409,0
2025-06-26 10:58:57 [INFO] 收到机械臂消息: A
2025-06-26 10:58:57 [INFO] 收到第1次的抓取点位: A
2025-06-26 10:58:57 [INFO] 发送第二个抓取点坐标: 410.84146481893356,51.580082429319205,0
2025-06-26 10:59:10 [INFO] 收到机械臂消息: B
2025-06-26 10:59:10 [INFO] 收到第1次的抓取点位: B
2025-06-26 10:59:10 [INFO] 发送第三个抓取点坐标: 413.1099831021968,176.2941794375725,0
2025-06-26 10:59:26 [INFO] 收到机械臂消息: C
2025-06-26 10:59:26 [INFO] 收到第1次的抓取点位: C
2025-06-26 10:59:26 [INFO] [完成] 第1次抓取指令发送成功
2025-06-26 10:59:26 [INFO] 收到机械臂消息: no_grab
2025-06-26 10:59:26 [INFO] 
===== arm1 的处理流程已完成 =====

