2025-05-29 17:24:24 [INFO] 收到机械臂消息: yes_grab
2025-05-29 17:24:24 [INFO] 开始获取清晰图像...
2025-05-29 17:24:27 [INFO] 已保存original图像: C:\Users\diaoqingguang\Scrap_steel_system\Scrap_Steel_In_Field\photos\original\original_image_20250529_172427.jpg
2025-05-29 17:24:29 [INFO] [完成] 第1次原始图片拍照完成: C:\Users\diaoqingguang\Scrap_steel_system\Scrap_Steel_In_Field\photos\original\original_image_20250529_172427.jpg
2025-05-29 17:24:29 [INFO] [步骤3.1] 进行危险品推理
2025-05-29 17:24:29 [INFO] [完成] 危险品检测成功，发现 4 个危险品
2025-05-29 17:24:29 [INFO] 危险品 1: GasCyl1 (置信度: 0.93)
2025-05-29 17:24:29 [INFO] 危险品 2: GasCyl1 (置信度: 0.78)
2025-05-29 17:24:29 [INFO] 危险品 3: GasCyl1 (置信度: 0.67)
2025-05-29 17:24:29 [INFO] 危险品 4: GasCyl1 (置信度: 0.45)
2025-05-29 17:24:29 [INFO] 危险品检测结果已写入JSON文件: C:\Users\diaoqingguang\Scrap_steel_system\Scrap_Steel_In_Field\photos\detection_results.json
2025-05-29 17:24:29 [INFO] [步骤3.2] 对原始图片进行废钢分割
2025-05-29 17:24:30 [INFO] [完成] 废钢分割成功
2025-05-29 17:24:30 [INFO] 检测到 521 个物体
2025-05-29 17:24:30 [INFO] 类别统计: {0: 10, 1: 57, 2: 25, 3: 6, 4: 40, 5: 30, 6: 30, 7: 40, 8: 54, 9: 60, 10: 44, 11: 11, 12: 16, 13: 73, 14: 0, 15: 25}
2025-05-29 17:24:30 [INFO] 面积统计: {0: 3563280.0, 1: 721404.0, 2: 75924.0, 3: 320616.0, 4: 158472.0, 5: 73728.0, 6: 613836.0, 7: 71352.0, 8: 761076.0, 9: 163080.0, 10: 168480.0, 11: 219816.0, 12: 100116.0, 13: 830160.0, 14: 144.0, 15: 32688.0}
2025-05-29 17:24:30 [INFO] 废钢分割结果保存路径: C:\Users\diaoqingguang\Scrap_steel_system\Scrap_Steel_In_Field\photos\segmentation\segment_20250529_172429.jpg
2025-05-29 17:24:30 [INFO] 
[步骤3.3] 请求第1次抓取循环
2025-05-29 17:24:33 [INFO] 机械臂坐标系抓取点: [(455.58914976340026, -128.7361682612994), (456.6392881047965, -3.4511752508910476), (457.6894264461927, 121.83381775951733)]
2025-05-29 17:24:33 [INFO] 抓取点坐标（z=0）:
2025-05-29 17:24:33 [INFO] 455.58914976340026,-128.7361682612994,0
2025-05-29 17:24:33 [INFO] 456.6392881047965,-3.4511752508910476,0
2025-05-29 17:24:33 [INFO] 457.6894264461927,121.83381775951733,0
2025-05-29 17:24:33 [INFO] 发送第一个抓取点坐标: 455.58914976340026,-128.7361682612994,0
2025-05-29 17:24:57 [INFO] 收到机械臂消息: A
2025-05-29 17:24:57 [INFO] 收到第1次的抓取点位: A
2025-05-29 17:24:57 [INFO] 发送第二个抓取点坐标: 456.6392881047965,-3.4511752508910476,0
2025-05-29 17:25:11 [INFO] 收到机械臂消息: B
2025-05-29 17:25:11 [INFO] 收到第1次的抓取点位: B
2025-05-29 17:25:11 [INFO] 发送第三个抓取点坐标: 457.6894264461927,121.83381775951733,0
2025-05-29 17:25:27 [INFO] 收到机械臂消息: C
2025-05-29 17:25:27 [INFO] 收到第1次的抓取点位: C
2025-05-29 17:25:27 [INFO] [完成] 第1次抓取指令发送成功
2025-05-29 17:25:27 [INFO] 收到机械臂消息: no_grab
2025-05-29 17:25:27 [INFO] 
===== arm1 的处理流程已完成 =====

