2025-05-29 16:55:40 [INFO] 收到机械臂消息: yes_grab
2025-05-29 16:55:40 [INFO] 开始获取清晰图像...
2025-05-29 16:55:53 [INFO] 已保存original图像: C:\Users\diaoqingguang\Scrap_steel_system\Scrap_Steel_In_Field\photos\original\original_image_20250529_165553.jpg
2025-05-29 16:55:55 [INFO] [完成] 第1次原始图片拍照完成: C:\Users\diaoqingguang\Scrap_steel_system\Scrap_Steel_In_Field\photos\original\original_image_20250529_165553.jpg
2025-05-29 16:55:55 [INFO] [步骤3.1] 进行危险品推理
2025-05-29 16:55:56 [INFO] [完成] 危险品检测成功，发现 3 个危险品
2025-05-29 16:55:56 [INFO] 危险品 1: GasCyl1 (置信度: 0.92)
2025-05-29 16:55:56 [INFO] 危险品 2: GasCyl1 (置信度: 0.90)
2025-05-29 16:55:56 [INFO] 危险品 3: GasCyl1 (置信度: 0.87)
2025-05-29 16:55:56 [INFO] 危险品检测结果已写入JSON文件: C:\Users\diaoqingguang\Scrap_steel_system\Scrap_Steel_In_Field\photos\detection_results.json
2025-05-29 16:55:56 [INFO] [步骤3.2] 对原始图片进行废钢分割
2025-05-29 16:55:56 [INFO] [完成] 废钢分割成功
2025-05-29 16:55:56 [INFO] 检测到 493 个物体
2025-05-29 16:55:56 [INFO] 类别统计: {0: 3, 1: 56, 2: 23, 3: 6, 4: 35, 5: 31, 6: 31, 7: 39, 8: 60, 9: 39, 10: 30, 11: 9, 12: 17, 13: 89, 14: 0, 15: 25}
2025-05-29 16:55:56 [INFO] 面积统计: {0: 2388384.0, 1: 383112.0, 2: 76176.0, 3: 243180.0, 4: 239364.0, 5: 97380.0, 6: 711648.0, 7: 63972.0, 8: 707616.0, 9: 142884.0, 10: 166536.0, 11: 157140.0, 12: 85176.0, 13: 1248588.0, 14: 108.0, 15: 35532.0}
2025-05-29 16:55:56 [INFO] 废钢分割结果保存路径: C:\Users\diaoqingguang\Scrap_steel_system\Scrap_Steel_In_Field\photos\segmentation\segment_20250529_165556.jpg
2025-05-29 16:55:56 [INFO] 
[步骤3.3] 请求第1次抓取循环
2025-05-29 16:55:59 [INFO] 机械臂坐标系抓取点: [(408.7262715194657, -89.75615588139878), (405.64266197054184, 34.84828883208324), (402.559052421618, 159.45273354556525)]
2025-05-29 16:55:59 [INFO] 抓取点坐标（z=0）:
2025-05-29 16:55:59 [INFO] 408.7262715194657,-89.75615588139878,0
2025-05-29 16:55:59 [INFO] 405.64266197054184,34.84828883208324,0
2025-05-29 16:55:59 [INFO] 402.559052421618,159.45273354556525,0
2025-05-29 16:55:59 [INFO] 发送第一个抓取点坐标: 408.7262715194657,-89.75615588139878,0
2025-05-29 16:56:13 [INFO] 收到机械臂消息: A
2025-05-29 16:56:13 [INFO] 收到第1次的抓取点位: A
2025-05-29 16:56:13 [INFO] 发送第二个抓取点坐标: 405.64266197054184,34.84828883208324,0
2025-05-29 16:56:27 [INFO] 收到机械臂消息: B
2025-05-29 16:56:27 [INFO] 收到第1次的抓取点位: B
2025-05-29 16:56:27 [INFO] 发送第三个抓取点坐标: 402.559052421618,159.45273354556525,0
2025-05-29 16:56:43 [INFO] 收到机械臂消息: C
2025-05-29 16:56:43 [INFO] 收到第1次的抓取点位: C
2025-05-29 16:56:43 [INFO] [完成] 第1次抓取指令发送成功
2025-05-29 16:56:43 [INFO] 收到机械臂消息: no_grab
2025-05-29 16:56:43 [INFO] 
===== arm1 的处理流程已完成 =====

