2025-05-28 16:33:38 [INFO] 收到机械臂消息: yes_grab
2025-05-28 16:33:38 [INFO] 开始获取清晰图像...
2025-05-28 16:33:57 [INFO] 已保存original图像: C:\Users\diaoqingguang\Scrap_steel_system\Scrap_Steel_In_Field\photos\original\original_image_20250528_163357.jpg
2025-05-28 16:33:59 [INFO] [完成] 第1次原始图片拍照完成: C:\Users\diaoqingguang\Scrap_steel_system\Scrap_Steel_In_Field\photos\original\original_image_20250528_163357.jpg
2025-05-28 16:33:59 [INFO] [步骤3.1] 进行危险品推理
2025-05-28 16:33:59 [INFO] [完成] 危险品检测完成，未发现危险品
2025-05-28 16:33:59 [INFO] 危险品检测结果已写入JSON文件: C:\Users\diaoqingguang\Scrap_steel_system\Scrap_Steel_In_Field\photos\detection_results.json
2025-05-28 16:33:59 [INFO] [步骤3.2] 对原始图片进行废钢分割
2025-05-28 16:34:00 [INFO] [完成] 废钢分割成功
2025-05-28 16:34:00 [INFO] 检测到 421 个物体
2025-05-28 16:34:00 [INFO] 类别统计: {0: 12, 1: 57, 2: 19, 3: 6, 4: 28, 5: 18, 6: 32, 7: 26, 8: 29, 9: 50, 10: 18, 11: 11, 12: 22, 13: 61, 14: 0, 15: 32}
2025-05-28 16:34:00 [INFO] 面积统计: {0: 4409280.0, 1: 369756.0, 2: 60588.0, 3: 296676.0, 4: 128088.0, 5: 38664.0, 6: 603360.0, 7: 55728.0, 8: 657720.0, 9: 225144.0, 10: 114516.0, 11: 241380.0, 12: 106236.0, 13: 847800.0, 15: 57240.0}
2025-05-28 16:34:00 [INFO] 废钢分割结果保存路径: C:\Users\diaoqingguang\Scrap_steel_system\Scrap_Steel_In_Field\photos\segmentation\segment_20250528_163359.jpg
2025-05-28 16:34:00 [INFO] 
[步骤3.3] 请求第1次抓取循环
2025-05-28 16:34:11 [INFO] 机械臂坐标系抓取点: [(445.0196901409138, -136.27638185895552), (447.33829466751774, -11.076384104230925), (449.6568991941217, 114.12361365049367)]
2025-05-28 16:34:11 [INFO] 抓取点坐标（z=0）:
2025-05-28 16:34:11 [INFO] 445.0196901409138,-136.27638185895552,0
2025-05-28 16:34:11 [INFO] 447.33829466751774,-11.076384104230925,0
2025-05-28 16:34:11 [INFO] 449.6568991941217,114.12361365049367,0
2025-05-28 16:34:11 [INFO] 发送第一个抓取点坐标: 445.0196901409138,-136.27638185895552,0
2025-05-28 16:34:26 [INFO] 收到机械臂消息: A
2025-05-28 16:34:26 [INFO] 收到第1次的抓取点位: A
2025-05-28 16:34:26 [INFO] 发送第二个抓取点坐标: 447.33829466751774,-11.076384104230925,0
2025-05-28 16:34:39 [INFO] 收到机械臂消息: B
2025-05-28 16:34:39 [INFO] 收到第1次的抓取点位: B
2025-05-28 16:34:39 [INFO] 发送第三个抓取点坐标: 449.6568991941217,114.12361365049367,0
2025-05-28 16:34:55 [INFO] 收到机械臂消息: C
2025-05-28 16:34:55 [INFO] 收到第1次的抓取点位: C
2025-05-28 16:34:55 [INFO] [完成] 第1次抓取指令发送成功
2025-05-28 16:34:55 [INFO] 收到机械臂消息: no_grab
2025-05-28 16:34:55 [INFO] 
===== arm1 的处理流程已完成 =====

