2025-04-28 15:09:27 [INFO] 
===== 开始 arm1 的处理流程 =====
2025-04-28 15:09:27 [INFO] 
[步骤1] 请求拍摄车体照片
2025-04-28 15:09:27 [INFO] 开始获取清晰图像...
2025-04-28 15:09:31 [INFO] 已保存vehicle图像: C:\Users\qinguang\feigangxiangmu\Scrap_steel_system\Scrap_Steel_Loading\photos\vehicle\vehicle_image_20250428_150931.jpg
2025-04-28 15:09:31 [INFO] 图片路径已更新到 Flask 应用
2025-04-28 15:09:31 [INFO] [完成] 车体拍照完成: C:\Users\qinguang\feigangxiangmu\Scrap_steel_system\Scrap_Steel_Loading\photos\vehicle\vehicle_image_20250428_150931.jpg
2025-04-28 15:09:31 [INFO] 
[步骤2] 请求第1次原始图片拍照
2025-04-28 15:09:31 [INFO] 开始获取清晰图像...
2025-04-28 15:09:52 [INFO] 已保存original图像: C:\Users\qinguang\feigangxiangmu\Scrap_steel_system\Scrap_Steel_Loading\photos\original\original_image_20250428_150952.jpg
2025-04-28 15:09:52 [INFO] 图片路径已更新到 Flask 应用
2025-04-28 15:09:52 [INFO] [完成] 第1次原始图片拍照完成: C:\Users\qinguang\feigangxiangmu\Scrap_steel_system\Scrap_Steel_Loading\photos\original\original_image_20250428_150952.jpg
2025-04-28 15:09:52 [INFO] [步骤2.1] 进行危险品推理
2025-04-28 15:09:52 [INFO] [完成] 危险品检测完成，未发现危险品
2025-04-28 15:09:52 [INFO] 检测结果图片路径: C:\Users\qinguang\feigangxiangmu\Scrap_steel_system\Scrap_Steel_Loading\photos\dangerous_det\detection_20250428_150952.jpg
2025-04-28 15:09:52 [INFO] 文件存在，大小: 1473882 字节
2025-04-28 15:09:52 [INFO] 危险品检测结果已更新到 Flask 应用
2025-04-28 15:09:52 [INFO] [步骤2.2] 对原始图片进行废钢分割
2025-04-28 15:09:53 [WARNING] [警告] 废钢分割失败，将按默认流程继续
2025-04-28 15:09:53 [INFO] 
[步骤2.3] 请求第1次抓取循环
2025-04-28 15:09:53 [INFO] [发送] → arm1: 'START_GRAB'
2025-04-28 15:09:53 [INFO] [完成] 第1次抓取指令发送成功
2025-04-28 15:10:03 [INFO] 收到机械臂消息: 1
2025-04-28 15:10:03 [INFO] 收到第1次抓取后的消息: 1
2025-04-28 15:10:03 [INFO] 
[步骤3] 请求第2次原始图片拍照
2025-04-28 15:10:03 [INFO] 开始获取清晰图像...
2025-04-28 15:10:07 [INFO] 已保存original图像: C:\Users\qinguang\feigangxiangmu\Scrap_steel_system\Scrap_Steel_Loading\photos\original\original_image_20250428_151006.jpg
2025-04-28 15:10:07 [INFO] 图片路径已更新到 Flask 应用
2025-04-28 15:10:07 [INFO] [完成] 第2次原始图片拍照完成: C:\Users\qinguang\feigangxiangmu\Scrap_steel_system\Scrap_Steel_Loading\photos\original\original_image_20250428_151006.jpg
2025-04-28 15:10:07 [INFO] [步骤3.1] 进行危险品推理
2025-04-28 15:10:07 [INFO] [完成] 危险品检测完成，未发现危险品
2025-04-28 15:10:07 [INFO] 检测结果图片路径: C:\Users\qinguang\feigangxiangmu\Scrap_steel_system\Scrap_Steel_Loading\photos\dangerous_det\detection_20250428_151007.jpg
2025-04-28 15:10:07 [INFO] 文件存在，大小: 1462414 字节
2025-04-28 15:10:07 [INFO] 危险品检测结果已更新到 Flask 应用
2025-04-28 15:10:07 [INFO] [步骤3.2] 对原始图片进行废钢分割
2025-04-28 15:10:07 [WARNING] [警告] 废钢分割失败，将按默认流程继续
2025-04-28 15:10:07 [INFO] 
[步骤3.3] 请求第2次抓取循环
2025-04-28 15:10:07 [INFO] [发送] → arm1: 'START_GRAB'
2025-04-28 15:10:07 [INFO] [完成] 第2次抓取指令发送成功
2025-04-28 15:10:15 [INFO] 收到机械臂消息: 1
2025-04-28 15:10:15 [INFO] 收到第2次抓取后的消息: 1
2025-04-28 15:10:15 [INFO] 
[步骤4] 请求第3次原始图片拍照
2025-04-28 15:10:15 [INFO] 开始获取清晰图像...
2025-04-28 15:10:19 [INFO] 已保存original图像: C:\Users\qinguang\feigangxiangmu\Scrap_steel_system\Scrap_Steel_Loading\photos\original\original_image_20250428_151019.jpg
2025-04-28 15:10:19 [INFO] 图片路径已更新到 Flask 应用
2025-04-28 15:10:19 [INFO] [完成] 第3次原始图片拍照完成: C:\Users\qinguang\feigangxiangmu\Scrap_steel_system\Scrap_Steel_Loading\photos\original\original_image_20250428_151019.jpg
2025-04-28 15:10:19 [INFO] [步骤4.1] 进行危险品推理
2025-04-28 15:10:20 [INFO] [完成] 危险品检测完成，未发现危险品
2025-04-28 15:10:20 [INFO] 检测结果图片路径: C:\Users\qinguang\feigangxiangmu\Scrap_steel_system\Scrap_Steel_Loading\photos\dangerous_det\detection_20250428_151020.jpg
2025-04-28 15:10:20 [INFO] 文件存在，大小: 1466479 字节
2025-04-28 15:10:20 [INFO] 危险品检测结果已更新到 Flask 应用
2025-04-28 15:10:20 [INFO] [步骤4.2] 对原始图片进行废钢分割
2025-04-28 15:10:20 [WARNING] [警告] 废钢分割失败，将按默认流程继续
2025-04-28 15:10:20 [INFO] 
[步骤4.3] 请求第3次抓取循环
2025-04-28 15:10:20 [INFO] [发送] → arm1: 'START_GRAB'
2025-04-28 15:10:20 [INFO] [完成] 第3次抓取指令发送成功
2025-04-28 15:10:26 [INFO] 收到机械臂消息: 1
2025-04-28 15:10:26 [INFO] 收到第3次抓取后的消息: 1
2025-04-28 15:10:26 [INFO] 
===== arm1 的处理流程已完成 =====

2025-04-28 15:10:26 [INFO] 机械臂处理流程已完成
