2025-04-28 15:17:19 [INFO] 
===== 开始 arm1 的处理流程 =====
2025-04-28 15:17:19 [INFO] 
[步骤1] 请求拍摄车体照片
2025-04-28 15:17:19 [INFO] 开始获取清晰图像...
2025-04-28 15:17:22 [INFO] 已保存vehicle图像: C:\Users\qinguang\feigangxiangmu\Scrap_steel_system\Scrap_Steel_Loading\photos\vehicle\vehicle_image_20250428_151722.jpg
2025-04-28 15:17:23 [INFO] 图片路径已更新到 Flask 应用
2025-04-28 15:17:23 [INFO] [完成] 车体拍照完成: C:\Users\qinguang\feigangxiangmu\Scrap_steel_system\Scrap_Steel_Loading\photos\vehicle\vehicle_image_20250428_151722.jpg
2025-04-28 15:17:23 [INFO] 
[步骤2] 请求第1次原始图片拍照
2025-04-28 15:17:23 [INFO] 开始获取清晰图像...
2025-04-28 15:17:38 [INFO] 已保存original图像: C:\Users\qinguang\feigangxiangmu\Scrap_steel_system\Scrap_Steel_Loading\photos\original\original_image_20250428_151738.jpg
2025-04-28 15:17:38 [INFO] 图片路径已更新到 Flask 应用
2025-04-28 15:17:38 [INFO] [完成] 第1次原始图片拍照完成: C:\Users\qinguang\feigangxiangmu\Scrap_steel_system\Scrap_Steel_Loading\photos\original\original_image_20250428_151738.jpg
2025-04-28 15:17:38 [INFO] [步骤2.1] 进行危险品推理
2025-04-28 15:17:38 [INFO] [完成] 危险品检测完成，未发现危险品
2025-04-28 15:17:38 [INFO] 检测结果图片路径: C:\Users\qinguang\feigangxiangmu\Scrap_steel_system\Scrap_Steel_Loading\photos\original\original_image_20250428_151738.jpg
2025-04-28 15:17:38 [INFO] 文件存在，大小: 1463929 字节
2025-04-28 15:17:38 [INFO] 危险品检测结果已更新到 Flask 应用
2025-04-28 15:17:38 [INFO] [步骤2.2] 对原始图片进行废钢分割
2025-04-28 15:17:38 [WARNING] [警告] 废钢分割失败，将按默认流程继续
2025-04-28 15:17:38 [INFO] 
[步骤2.3] 请求第1次抓取循环
2025-04-28 15:17:38 [INFO] [发送] → arm1: 'START_GRAB'
2025-04-28 15:17:38 [INFO] [完成] 第1次抓取指令发送成功
2025-04-28 15:17:42 [INFO] 收到机械臂消息: 1
2025-04-28 15:17:42 [INFO] 收到第1次抓取后的消息: 1
2025-04-28 15:17:42 [INFO] 
[步骤3] 请求第2次原始图片拍照
2025-04-28 15:17:42 [INFO] 开始获取清晰图像...
2025-04-28 15:18:15 [INFO] 已保存original图像: C:\Users\qinguang\feigangxiangmu\Scrap_steel_system\Scrap_Steel_Loading\photos\original\original_image_20250428_151815.jpg
2025-04-28 15:18:15 [INFO] 图片路径已更新到 Flask 应用
2025-04-28 15:18:15 [INFO] [完成] 第2次原始图片拍照完成: C:\Users\qinguang\feigangxiangmu\Scrap_steel_system\Scrap_Steel_Loading\photos\original\original_image_20250428_151815.jpg
2025-04-28 15:18:15 [INFO] [步骤3.1] 进行危险品推理
2025-04-28 15:18:15 [INFO] [完成] 危险品检测完成，未发现危险品
2025-04-28 15:18:15 [INFO] 检测结果图片路径: C:\Users\qinguang\feigangxiangmu\Scrap_steel_system\Scrap_Steel_Loading\photos\original\original_image_20250428_151815.jpg
2025-04-28 15:18:15 [INFO] 文件存在，大小: 1469186 字节
2025-04-28 15:18:15 [INFO] 危险品检测结果已更新到 Flask 应用
2025-04-28 15:18:15 [INFO] [步骤3.2] 对原始图片进行废钢分割
2025-04-28 15:18:15 [WARNING] [警告] 废钢分割失败，将按默认流程继续
2025-04-28 15:18:15 [INFO] 
[步骤3.3] 请求第2次抓取循环
2025-04-28 15:18:15 [INFO] [发送] → arm1: 'START_GRAB'
2025-04-28 15:18:15 [INFO] [完成] 第2次抓取指令发送成功
2025-04-28 15:18:54 [INFO] 收到机械臂消息: 1
2025-04-28 15:18:54 [INFO] 收到第2次抓取后的消息: 1
2025-04-28 15:18:54 [INFO] 
[步骤4] 请求第3次原始图片拍照
2025-04-28 15:18:54 [INFO] 开始获取清晰图像...
2025-04-28 15:19:03 [INFO] 已保存original图像: C:\Users\qinguang\feigangxiangmu\Scrap_steel_system\Scrap_Steel_Loading\photos\original\original_image_20250428_151903.jpg
2025-04-28 15:19:03 [INFO] 图片路径已更新到 Flask 应用
2025-04-28 15:19:03 [INFO] [完成] 第3次原始图片拍照完成: C:\Users\qinguang\feigangxiangmu\Scrap_steel_system\Scrap_Steel_Loading\photos\original\original_image_20250428_151903.jpg
2025-04-28 15:19:03 [INFO] [步骤4.1] 进行危险品推理
2025-04-28 15:19:04 [INFO] [完成] 危险品检测完成，未发现危险品
2025-04-28 15:19:04 [INFO] 检测结果图片路径: C:\Users\qinguang\feigangxiangmu\Scrap_steel_system\Scrap_Steel_Loading\photos\original\original_image_20250428_151903.jpg
2025-04-28 15:19:04 [INFO] 文件存在，大小: 1475317 字节
2025-04-28 15:19:04 [INFO] 危险品检测结果已更新到 Flask 应用
2025-04-28 15:19:04 [INFO] [步骤4.2] 对原始图片进行废钢分割
2025-04-28 15:19:04 [WARNING] [警告] 废钢分割失败，将按默认流程继续
2025-04-28 15:19:04 [INFO] 
[步骤4.3] 请求第3次抓取循环
2025-04-28 15:19:04 [INFO] [发送] → arm1: 'START_GRAB'
2025-04-28 15:19:04 [INFO] [完成] 第3次抓取指令发送成功
2025-04-28 15:19:04 [INFO] 收到机械臂消息: 1
2025-04-28 15:19:04 [INFO] 收到第3次抓取后的消息: 1
2025-04-28 15:19:04 [INFO] 
===== arm1 的处理流程已完成 =====

2025-04-28 15:19:04 [INFO] 机械臂处理流程已完成
