2025-06-26 10:46:10 [INFO] 收到机械臂消息: yes_grab
2025-06-26 10:46:10 [INFO] 开始获取清晰图像...
2025-06-26 10:46:13 [INFO] 已保存original图像: C:\Users\diaoqingguang\Scrap_steel_system\Scrap_Steel_In_Field\photos\original\original_image_20250626_104613.jpg
2025-06-26 10:46:15 [INFO] [完成] 第1次原始图片拍照完成: C:\Users\diaoqingguang\Scrap_steel_system\Scrap_Steel_In_Field\photos\original\original_image_20250626_104613.jpg
2025-06-26 10:46:15 [INFO] [步骤3.1] 进行危险品推理
2025-06-26 10:46:16 [INFO] [完成] 危险品检测成功，发现 5 个危险品
2025-06-26 10:46:16 [INFO] 危险品 1: GasCyl1 (置信度: 0.90)
2025-06-26 10:46:16 [INFO] 危险品 2: GasCyl1 (置信度: 0.87)
2025-06-26 10:46:16 [INFO] 危险品 3: GasCyl1 (置信度: 0.67)
2025-06-26 10:46:16 [INFO] 危险品 4: GasCyl1 (置信度: 0.66)
2025-06-26 10:46:16 [INFO] 危险品 5: GasCyl1 (置信度: 0.41)
2025-06-26 10:46:16 [INFO] 危险品检测结果已写入JSON文件: C:\Users\diaoqingguang\Scrap_steel_system\Scrap_Steel_In_Field\photos\detection_results.json
2025-06-26 10:46:16 [INFO] [步骤3.2] 对原始图片进行废钢分割
2025-06-26 10:46:16 [INFO] [完成] 废钢分割成功
2025-06-26 10:46:16 [INFO] 检测到 482 个物体
2025-06-26 10:46:16 [INFO] 类别统计: {0: 8, 1: 49, 2: 19, 3: 6, 4: 32, 5: 26, 6: 45, 7: 34, 8: 47, 9: 59, 10: 21, 11: 5, 12: 16, 13: 88, 14: 0, 15: 27}
2025-06-26 10:46:16 [INFO] 面积统计: {0: 2403396.0, 1: 302724.0, 2: 46440.0, 3: 285948.0, 4: 210096.0, 5: 62388.0, 6: 878940.0, 7: 50760.0, 8: 1066140.0, 9: 185976.0, 10: 182844.0, 11: 137700.0, 12: 99468.0, 13: 1285380.0, 14: 216.0, 15: 82044.0}
2025-06-26 10:46:16 [INFO] 废钢分割结果保存路径: C:\Users\diaoqingguang\Scrap_steel_system\Scrap_Steel_In_Field\photos\segmentation\segment_20250626_104616.jpg
2025-06-26 10:46:16 [INFO] 
[步骤3.3] 请求第1次抓取循环
2025-06-26 10:46:19 [INFO] 机械臂坐标系抓取点: [(398.73802314194637, -48.83011627204944), (401.69858415050027, 75.35396033516096), (404.65914515905416, 199.53803694237138)]
2025-06-26 10:46:19 [INFO] 抓取点坐标（z=0）:
2025-06-26 10:46:19 [INFO] 398.73802314194637,-48.83011627204944,0
2025-06-26 10:46:19 [INFO] 401.69858415050027,75.35396033516096,0
2025-06-26 10:46:19 [INFO] 404.65914515905416,199.53803694237138,0
2025-06-26 10:46:19 [INFO] 发送第一个抓取点坐标: 398.73802314194637,-48.83011627204944,0
2025-06-26 10:46:33 [INFO] 收到机械臂消息: A
2025-06-26 10:46:33 [INFO] 收到第1次的抓取点位: A
2025-06-26 10:46:33 [INFO] 发送第二个抓取点坐标: 401.69858415050027,75.35396033516096,0
2025-06-26 10:46:47 [INFO] 收到机械臂消息: B
2025-06-26 10:46:47 [INFO] 收到第1次的抓取点位: B
2025-06-26 10:46:47 [INFO] 发送第三个抓取点坐标: 404.65914515905416,199.53803694237138,0
2025-06-26 10:47:03 [INFO] 收到机械臂消息: C
2025-06-26 10:47:03 [INFO] 收到第1次的抓取点位: C
2025-06-26 10:47:03 [INFO] [完成] 第1次抓取指令发送成功
2025-06-26 10:47:03 [INFO] 收到机械臂消息: no_grab
2025-06-26 10:47:03 [INFO] 
===== arm1 的处理流程已完成 =====

