2025-05-15 21:10:41 [INFO] 收到机械臂消息: yes_grab
2025-05-15 21:10:41 [INFO] 开始获取清晰图像...
2025-05-15 21:11:25 [INFO] 已保存original图像: C:\Users\qinguang\feigangxiangmu\Scrap_steel_system\Scrap_Steel_In_Field\photos\original\original_image_20250515_211125.jpg
2025-05-15 21:11:28 [INFO] [完成] 第1次原始图片拍照完成: C:\Users\qinguang\feigangxiangmu\Scrap_steel_system\Scrap_Steel_In_Field\photos\original\original_image_20250515_211125.jpg
2025-05-15 21:11:32 [ERROR] 更新图片路径到 Flask 应用时出错: HTTPConnectionPool(host='localhost', port=5000): Max retries exceeded with url: /set_image_path (Caused by NewConnectionError('<urllib3.connection.HTTPConnection object at 0x000001DE800C3A00>: Failed to establish a new connection: [WinError 10061] 由于目标计算机积极拒绝，无法连接。'))
2025-05-15 21:11:32 [INFO] [步骤3.1] 进行危险品推理
2025-05-15 21:11:33 [INFO] [完成] 危险品检测完成，未发现危险品
2025-05-15 21:11:33 [INFO] 危险品检测结果已写入JSON文件: C:\Users\qinguang\feigangxiangmu\Scrap_steel_system\Scrap_Steel_In_Field\photos\detection_results.json
2025-05-15 21:11:37 [ERROR] 更新饼状图到 Flask 应用时出错: HTTPConnectionPool(host='localhost', port=5000): Max retries exceeded with url: /set_pie_chart_path (Caused by NewConnectionError('<urllib3.connection.HTTPConnection object at 0x000001DE86F31780>: Failed to establish a new connection: [WinError 10061] 由于目标计算机积极拒绝，无法连接。'))
2025-05-15 21:11:37 [INFO] 检测结果的路径为：C:\Users\qinguang\feigangxiangmu\Scrap_steel_system\Scrap_Steel_In_Field\photos\dangerous_det\detection_20250515_211133.jpg
2025-05-15 21:11:37 [INFO] 文件存在，大小: 138088 字节
2025-05-15 21:11:42 [ERROR] 更新危险品检测结果到 Flask 应用时出错: HTTPConnectionPool(host='localhost', port=5000): Max retries exceeded with url: /set_detection_path (Caused by NewConnectionError('<urllib3.connection.HTTPConnection object at 0x000001DE86F30DC0>: Failed to establish a new connection: [WinError 10061] 由于目标计算机积极拒绝，无法连接。'))
2025-05-15 21:11:42 [INFO] [步骤3.2] 对原始图片进行废钢分割
2025-05-15 21:11:42 [WARNING] [警告] 废钢分割失败，将按默认流程继续
2025-05-15 21:11:42 [INFO] 
[步骤3.3] 请求第1次抓取循环
2025-05-15 21:12:10 [INFO] 机械臂坐标系抓取点: [(451.98715930378694, -141.2651634622319), (450.6954904334001, -11.331155971463438), (449.40382156301325, 118.60285151930503)]
2025-05-15 21:12:10 [INFO] 抓取点坐标（z=0）:
2025-05-15 21:12:10 [INFO] 451.98715930378694,-141.2651634622319,0
2025-05-15 21:12:10 [INFO] 450.6954904334001,-11.331155971463438,0
2025-05-15 21:12:10 [INFO] 449.40382156301325,118.60285151930503,0
2025-05-15 21:12:10 [INFO] 发送第一个抓取点坐标: 451.98715930378694,-141.2651634622319,0
2025-05-15 21:12:25 [INFO] 收到机械臂消息: A
2025-05-15 21:12:25 [INFO] 收到第1次的抓取点位: A
2025-05-15 21:12:25 [INFO] 发送第二个抓取点坐标: 450.6954904334001,-11.331155971463438,0
2025-05-15 21:12:39 [INFO] 收到机械臂消息: B
2025-05-15 21:12:39 [INFO] 收到第1次的抓取点位: B
2025-05-15 21:12:39 [INFO] 发送第三个抓取点坐标: 449.40382156301325,118.60285151930503,0
2025-05-15 21:12:55 [INFO] 收到机械臂消息: C
2025-05-15 21:12:55 [INFO] 收到第1次的抓取点位: C
2025-05-15 21:12:55 [INFO] [完成] 第1次抓取指令发送成功
2025-05-15 21:12:55 [INFO] 收到机械臂消息: no_grab
2025-05-15 21:12:55 [INFO] 
===== arm1 的处理流程已完成 =====

