2025-11-21 16:24:21 [INFO] 收到机械臂消息: yes_grab
2025-11-21 16:24:21 [INFO] 开始获取清晰图像...
2025-11-21 16:24:29 [INFO] 已保存original图像: C:\Users\diaoqingguang\Scrap_steel_system\Scrap_Steel_In_Field\photos\original\original_image_20251121_162429.jpg
2025-11-21 16:24:41 [INFO] [完成] 第1次原始图片拍照完成: C:\Users\diaoqingguang\Scrap_steel_system\Scrap_Steel_In_Field\photos\original\original_image_20251121_162429.jpg
2025-11-21 16:24:41 [INFO] [步骤3.1] 进行危险品推理
2025-11-21 16:24:41 [INFO] [完成] 危险品检测成功，发现 4 个危险品
2025-11-21 16:24:41 [INFO] 危险品 1: GasCyl1 (置信度: 0.91)
2025-11-21 16:24:41 [INFO] 危险品 2: GasCyl1 (置信度: 0.61)
2025-11-21 16:24:41 [INFO] 危险品 3: GasCyl1 (置信度: 0.57)
2025-11-21 16:24:41 [INFO] 危险品 4: GasCyl1 (置信度: 0.51)
2025-11-21 16:24:41 [INFO] 危险品检测结果已写入JSON文件: C:\Users\diaoqingguang\Scrap_steel_system\Scrap_Steel_In_Field\photos\detection_results.json
2025-11-21 16:24:41 [INFO] [步骤3.2] 对原始图片进行废钢分割
2025-11-21 16:24:42 [INFO] [完成] 废钢分割成功
2025-11-21 16:24:42 [INFO] 检测到 569 个物体
2025-11-21 16:24:42 [INFO] 类别统计: {0: 19, 1: 57, 2: 33, 3: 7, 4: 40, 5: 38, 6: 28, 7: 38, 8: 59, 9: 56, 10: 38, 11: 6, 12: 26, 13: 101, 14: 0, 15: 23}
2025-11-21 16:24:42 [INFO] 面积统计: {0: 2941452.0, 1: 372816.0, 2: 70092.0, 3: 259452.0, 4: 302652.0, 5: 81972.0, 6: 768708.0, 7: 58428.0, 8: 903888.0, 9: 145440.0, 10: 203148.0, 11: 187164.0, 12: 139032.0, 13: 728460.0, 14: 144.0, 15: 65232.0}
2025-11-21 16:24:42 [INFO] 废钢分割结果保存路径: C:\Users\diaoqingguang\Scrap_steel_system\Scrap_Steel_In_Field\photos\segmentation\segment_20251121_162441.jpg
2025-11-21 16:24:42 [INFO] 
[步骤3.3] 请求第1次抓取循环
2025-11-21 16:24:45 [INFO] 机械臂坐标系抓取点: [(439.0474305539839, -26.370645482981246), (438.10110106885566, 97.63278760647745), (437.15477158372744, 221.63622069593615)]
2025-11-21 16:24:45 [INFO] 抓取点坐标（z=0）:
2025-11-21 16:24:45 [INFO] 439.0474305539839,-26.370645482981246,0
2025-11-21 16:24:45 [INFO] 438.10110106885566,97.63278760647745,0
2025-11-21 16:24:45 [INFO] 437.15477158372744,221.63622069593615,0
2025-11-21 16:24:45 [INFO] 发送第一个抓取点坐标: 439.0474305539839,-26.370645482981246,0
2025-11-21 16:24:59 [INFO] 收到机械臂消息: A
2025-11-21 16:24:59 [INFO] 收到第1次的抓取点位: A
2025-11-21 16:24:59 [INFO] 发送第二个抓取点坐标: 438.10110106885566,97.63278760647745,0
2025-11-21 16:25:12 [INFO] 收到机械臂消息: B
2025-11-21 16:25:12 [INFO] 收到第1次的抓取点位: B
2025-11-21 16:25:12 [INFO] 发送第三个抓取点坐标: 437.15477158372744,221.63622069593615,0
2025-11-21 16:25:28 [INFO] 收到机械臂消息: C
2025-11-21 16:25:28 [INFO] 收到第1次的抓取点位: C
2025-11-21 16:25:28 [INFO] [完成] 第1次抓取指令发送成功
2025-11-21 16:25:28 [INFO] 收到机械臂消息: no_grab
2025-11-21 16:25:28 [INFO] 
===== arm1 的处理流程已完成 =====

