2025-05-28 15:52:36 [INFO] 收到机械臂消息: yes_grab
2025-05-28 15:52:36 [INFO] 开始获取清晰图像...
2025-05-28 15:52:49 [INFO] 已保存original图像: C:\Users\diaoqingguang\Scrap_steel_system\Scrap_Steel_In_Field\photos\original\original_image_20250528_155249.jpg
2025-05-28 15:52:52 [INFO] [完成] 第1次原始图片拍照完成: C:\Users\diaoqingguang\Scrap_steel_system\Scrap_Steel_In_Field\photos\original\original_image_20250528_155249.jpg
2025-05-28 15:52:52 [INFO] [步骤3.1] 进行危险品推理
2025-05-28 15:52:52 [INFO] [完成] 危险品检测成功，发现 1 个危险品
2025-05-28 15:52:52 [INFO] 危险品 1: GasCyl1 (置信度: 0.26)
2025-05-28 15:52:52 [INFO] 危险品检测结果已写入JSON文件: C:\Users\diaoqingguang\Scrap_steel_system\Scrap_Steel_In_Field\photos\detection_results.json
2025-05-28 15:52:52 [INFO] [步骤3.2] 对原始图片进行废钢分割
2025-05-28 15:52:53 [INFO] [完成] 废钢分割成功
2025-05-28 15:52:53 [INFO] 检测到 491 个物体
2025-05-28 15:52:53 [INFO] 类别统计: {0: 20, 1: 64, 2: 22, 3: 10, 4: 32, 5: 28, 6: 24, 7: 27, 8: 33, 9: 52, 10: 19, 11: 10, 12: 25, 13: 96, 14: 0, 15: 29}
2025-05-28 15:52:53 [INFO] 面积统计: {0: 3398328.0, 1: 327960.0, 2: 45756.0, 3: 362916.0, 4: 159372.0, 5: 52632.0, 6: 630756.0, 7: 53424.0, 8: 610596.0, 9: 212616.0, 10: 114300.0, 11: 234144.0, 12: 98964.0, 13: 791028.0, 14: 180.0, 15: 75780.0}
2025-05-28 15:52:53 [INFO] 废钢分割结果保存路径: C:\Users\diaoqingguang\Scrap_steel_system\Scrap_Steel_In_Field\photos\segmentation\segment_20250528_155252.jpg
2025-05-28 15:52:53 [INFO] 
[步骤3.3] 请求第1次抓取循环
2025-05-28 15:53:00 [INFO] 机械臂坐标系抓取点: [(424.79611614879354, -59.834283623100674), (428.82186527139373, 64.61112768439284), (432.8476143939939, 189.05653899188636)]
2025-05-28 15:53:00 [INFO] 抓取点坐标（z=0）:
2025-05-28 15:53:00 [INFO] 424.79611614879354,-59.834283623100674,0
2025-05-28 15:53:00 [INFO] 428.82186527139373,64.61112768439284,0
2025-05-28 15:53:00 [INFO] 432.8476143939939,189.05653899188636,0
2025-05-28 15:53:00 [INFO] 发送第一个抓取点坐标: 424.79611614879354,-59.834283623100674,0
2025-05-28 15:53:14 [INFO] 收到机械臂消息: A
2025-05-28 15:53:14 [INFO] 收到第1次的抓取点位: A
2025-05-28 15:53:14 [INFO] 发送第二个抓取点坐标: 428.82186527139373,64.61112768439284,0
2025-05-28 15:53:28 [INFO] 收到机械臂消息: B
2025-05-28 15:53:28 [INFO] 收到第1次的抓取点位: B
2025-05-28 15:53:28 [INFO] 发送第三个抓取点坐标: 432.8476143939939,189.05653899188636,0
2025-05-28 15:53:44 [INFO] 收到机械臂消息: C
2025-05-28 15:53:44 [INFO] 收到第1次的抓取点位: C
2025-05-28 15:53:44 [INFO] [完成] 第1次抓取指令发送成功
2025-05-28 15:53:44 [INFO] 收到机械臂消息: no_grab
2025-05-28 15:53:44 [INFO] 
===== arm1 的处理流程已完成 =====

