2025-05-28 17:56:16 [INFO] 收到机械臂消息: yes_grab
2025-05-28 17:56:16 [INFO] 开始获取清晰图像...
2025-05-28 17:56:19 [INFO] 已保存original图像: C:\Users\diaoqingguang\Scrap_steel_system\Scrap_Steel_In_Field\photos\original\original_image_20250528_175619.jpg
2025-05-28 17:56:21 [INFO] [完成] 第1次原始图片拍照完成: C:\Users\diaoqingguang\Scrap_steel_system\Scrap_Steel_In_Field\photos\original\original_image_20250528_175619.jpg
2025-05-28 17:56:21 [INFO] [步骤3.1] 进行危险品推理
2025-05-28 17:56:21 [INFO] [完成] 危险品检测成功，发现 2 个危险品
2025-05-28 17:56:21 [INFO] 危险品 1: GasCyl1 (置信度: 0.62)
2025-05-28 17:56:21 [INFO] 危险品 2: FireExt1 (置信度: 0.31)
2025-05-28 17:56:21 [INFO] 危险品检测结果已写入JSON文件: C:\Users\diaoqingguang\Scrap_steel_system\Scrap_Steel_In_Field\photos\detection_results.json
2025-05-28 17:56:21 [INFO] [步骤3.2] 对原始图片进行废钢分割
2025-05-28 17:56:22 [INFO] [完成] 废钢分割成功
2025-05-28 17:56:22 [INFO] 检测到 468 个物体
2025-05-28 17:56:22 [INFO] 类别统计: {0: 16, 1: 76, 2: 15, 3: 5, 4: 28, 5: 26, 6: 25, 7: 21, 8: 33, 9: 46, 10: 32, 11: 7, 12: 20, 13: 92, 14: 0, 15: 26}
2025-05-28 17:56:22 [INFO] 面积统计: {0: 3144888.0, 1: 522468.0, 2: 45504.0, 3: 313596.0, 4: 190548.0, 5: 69156.0, 6: 639360.0, 7: 41004.0, 8: 730980.0, 9: 206676.0, 10: 158616.0, 11: 222480.0, 12: 128772.0, 13: 873612.0, 15: 86544.0}
2025-05-28 17:56:22 [INFO] 废钢分割结果保存路径: C:\Users\diaoqingguang\Scrap_steel_system\Scrap_Steel_In_Field\photos\segmentation\segment_20250528_175621.jpg
2025-05-28 17:56:22 [INFO] 
[步骤3.3] 请求第1次抓取循环
2025-05-28 17:56:25 [INFO] 机械臂坐标系抓取点: [(474.9998549302116, -53.404535506569346), (472.07139018959083, 71.20611253813587), (469.14292544897006, 195.81676058284108)]
2025-05-28 17:56:25 [INFO] 抓取点坐标（z=0）:
2025-05-28 17:56:25 [INFO] 474.9998549302116,-53.404535506569346,0
2025-05-28 17:56:25 [INFO] 472.07139018959083,71.20611253813587,0
2025-05-28 17:56:25 [INFO] 469.14292544897006,195.81676058284108,0
2025-05-28 17:56:25 [INFO] 发送第一个抓取点坐标: 474.9998549302116,-53.404535506569346,0
2025-05-28 17:56:39 [INFO] 收到机械臂消息: A
2025-05-28 17:56:39 [INFO] 收到第1次的抓取点位: A
2025-05-28 17:56:39 [INFO] 发送第二个抓取点坐标: 472.07139018959083,71.20611253813587,0
2025-05-28 17:56:52 [INFO] 收到机械臂消息: B
2025-05-28 17:56:52 [INFO] 收到第1次的抓取点位: B
2025-05-28 17:56:52 [INFO] 发送第三个抓取点坐标: 469.14292544897006,195.81676058284108,0
2025-05-28 17:57:08 [INFO] 收到机械臂消息: C
2025-05-28 17:57:08 [INFO] 收到第1次的抓取点位: C
2025-05-28 17:57:08 [INFO] [完成] 第1次抓取指令发送成功
2025-05-28 17:57:08 [INFO] 收到机械臂消息: no_grab
2025-05-28 17:57:08 [INFO] 
===== arm1 的处理流程已完成 =====

