2025-04-28 17:35:54 [INFO] 
===== 开始 arm1 的处理流程 =====
2025-04-28 17:35:54 [INFO] 
[步骤1] 请求拍摄车体照片
2025-04-28 17:35:54 [INFO] 开始获取清晰图像...
2025-04-28 17:35:58 [INFO] 已保存vehicle图像: C:\Users\qinguang\feigangxiangmu\Scrap_steel_system\Scrap_Steel_Loading\photos\vehicle\vehicle_image_20250428_173558.jpg
2025-04-28 17:35:58 [INFO] [完成] 车体拍照完成: C:\Users\qinguang\feigangxiangmu\Scrap_steel_system\Scrap_Steel_Loading\photos\vehicle\vehicle_image_20250428_173558.jpg
2025-04-28 17:35:58 [INFO] 
[步骤2] 请求第1次原始图片拍照
2025-04-28 17:35:58 [INFO] 开始获取清晰图像...
2025-04-28 17:36:02 [INFO] 已保存original图像: C:\Users\qinguang\feigangxiangmu\Scrap_steel_system\Scrap_Steel_Loading\photos\original\original_image_20250428_173602.jpg
2025-04-28 17:36:02 [INFO] [完成] 第1次原始图片拍照完成: C:\Users\qinguang\feigangxiangmu\Scrap_steel_system\Scrap_Steel_Loading\photos\original\original_image_20250428_173602.jpg
2025-04-28 17:36:02 [INFO] 图片路径已更新到 Flask 应用
2025-04-28 17:36:02 [INFO] [步骤2.1] 进行危险品推理
2025-04-28 17:36:03 [INFO] [完成] 危险品检测成功，发现 1 个危险品
2025-04-28 17:36:03 [INFO] 危险品 1: FireExt1 (置信度: 0.49)
2025-04-28 17:36:03 [INFO] 危险品检测结果已写入JSON文件: C:\Users\qinguang\feigangxiangmu\Scrap_steel_system\Scrap_Steel_Loading\photos\detection_results.json
2025-04-28 17:36:03 [INFO] 饼状图已更新到 Flask 应用
2025-04-28 17:36:03 [INFO] [步骤2.2] 对原始图片进行废钢分割
2025-04-28 17:36:03 [WARNING] [警告] 废钢分割失败，将按默认流程继续
2025-04-28 17:36:03 [INFO] 
[步骤2.3] 请求第1次抓取循环
2025-04-28 17:36:03 [INFO] [发送] → arm1: 'START_GRAB'
2025-04-28 17:36:03 [INFO] [完成] 第1次抓取指令发送成功
2025-04-28 17:36:29 [INFO] 收到机械臂消息: 1
2025-04-28 17:36:29 [INFO] 收到第1次抓取后的消息: 1
2025-04-28 17:36:29 [INFO] 
[步骤3] 请求第2次原始图片拍照
2025-04-28 17:36:29 [INFO] 开始获取清晰图像...
2025-04-28 17:36:38 [INFO] 已保存original图像: C:\Users\qinguang\feigangxiangmu\Scrap_steel_system\Scrap_Steel_Loading\photos\original\original_image_20250428_173638.jpg
2025-04-28 17:36:38 [INFO] [完成] 第2次原始图片拍照完成: C:\Users\qinguang\feigangxiangmu\Scrap_steel_system\Scrap_Steel_Loading\photos\original\original_image_20250428_173638.jpg
2025-04-28 17:36:38 [INFO] 图片路径已更新到 Flask 应用
2025-04-28 17:36:38 [INFO] [步骤3.1] 进行危险品推理
2025-04-28 17:36:39 [INFO] [完成] 危险品检测成功，发现 1 个危险品
2025-04-28 17:36:39 [INFO] 危险品 1: FireExt1 (置信度: 0.48)
2025-04-28 17:36:39 [INFO] 危险品检测结果已写入JSON文件: C:\Users\qinguang\feigangxiangmu\Scrap_steel_system\Scrap_Steel_Loading\photos\detection_results.json
2025-04-28 17:36:39 [INFO] 饼状图已更新到 Flask 应用
2025-04-28 17:36:39 [INFO] [步骤3.2] 对原始图片进行废钢分割
2025-04-28 17:36:39 [WARNING] [警告] 废钢分割失败，将按默认流程继续
2025-04-28 17:36:39 [INFO] 
[步骤3.3] 请求第2次抓取循环
2025-04-28 17:36:39 [INFO] [发送] → arm1: 'START_GRAB'
2025-04-28 17:36:39 [INFO] [完成] 第2次抓取指令发送成功
2025-04-28 17:36:41 [INFO] 收到机械臂消息: 1
2025-04-28 17:36:41 [INFO] 收到第2次抓取后的消息: 1
2025-04-28 17:36:41 [INFO] 
[步骤4] 请求第3次原始图片拍照
2025-04-28 17:36:41 [INFO] 开始获取清晰图像...
2025-04-28 17:36:51 [INFO] 已保存original图像: C:\Users\qinguang\feigangxiangmu\Scrap_steel_system\Scrap_Steel_Loading\photos\original\original_image_20250428_173651.jpg
2025-04-28 17:36:51 [INFO] [完成] 第3次原始图片拍照完成: C:\Users\qinguang\feigangxiangmu\Scrap_steel_system\Scrap_Steel_Loading\photos\original\original_image_20250428_173651.jpg
2025-04-28 17:36:51 [INFO] 图片路径已更新到 Flask 应用
2025-04-28 17:36:51 [INFO] [步骤4.1] 进行危险品推理
2025-04-28 17:36:51 [INFO] [完成] 危险品检测成功，发现 1 个危险品
2025-04-28 17:36:51 [INFO] 危险品 1: FireExt1 (置信度: 0.50)
2025-04-28 17:36:51 [INFO] 危险品检测结果已写入JSON文件: C:\Users\qinguang\feigangxiangmu\Scrap_steel_system\Scrap_Steel_Loading\photos\detection_results.json
2025-04-28 17:36:51 [INFO] 饼状图已更新到 Flask 应用
2025-04-28 17:36:51 [INFO] [步骤4.2] 对原始图片进行废钢分割
2025-04-28 17:36:51 [WARNING] [警告] 废钢分割失败，将按默认流程继续
2025-04-28 17:36:51 [INFO] 
[步骤4.3] 请求第3次抓取循环
2025-04-28 17:36:51 [INFO] [发送] → arm1: 'START_GRAB'
2025-04-28 17:36:51 [INFO] [完成] 第3次抓取指令发送成功
