2025-08-19 14:43:42 [INFO] 收到机械臂消息: yes_grab
2025-08-19 14:43:42 [INFO] 开始获取清晰图像...
2025-08-19 14:43:45 [INFO] 已保存original图像: C:\Users\diaoqingguang\Scrap_steel_system\Scrap_Steel_In_Field\photos\original\original_image_20250819_144345.jpg
2025-08-19 14:43:47 [INFO] [完成] 第1次原始图片拍照完成: C:\Users\diaoqingguang\Scrap_steel_system\Scrap_Steel_In_Field\photos\original\original_image_20250819_144345.jpg
2025-08-19 14:43:47 [INFO] [步骤3.1] 进行危险品推理
2025-08-19 14:43:48 [INFO] [完成] 危险品检测成功，发现 5 个危险品
2025-08-19 14:43:48 [INFO] 危险品 1: GasCyl1 (置信度: 0.75)
2025-08-19 14:43:48 [INFO] 危险品 2: GasCyl1 (置信度: 0.59)
2025-08-19 14:43:48 [INFO] 危险品 3: GasCyl1 (置信度: 0.53)
2025-08-19 14:43:48 [INFO] 危险品 4: FireExt1 (置信度: 0.52)
2025-08-19 14:43:48 [INFO] 危险品 5: FireExt2 (置信度: 0.28)
2025-08-19 14:43:48 [INFO] 危险品检测结果已写入JSON文件: C:\Users\diaoqingguang\Scrap_steel_system\Scrap_Steel_In_Field\photos\detection_results.json
2025-08-19 14:43:48 [INFO] [步骤3.2] 对原始图片进行废钢分割
2025-08-19 14:43:48 [INFO] [完成] 废钢分割成功
2025-08-19 14:43:48 [INFO] 检测到 518 个物体
2025-08-19 14:43:48 [INFO] 类别统计: {0: 16, 1: 75, 2: 32, 3: 1, 4: 41, 5: 37, 6: 24, 7: 49, 8: 42, 9: 49, 10: 29, 11: 9, 12: 26, 13: 66, 14: 0, 15: 22}
2025-08-19 14:43:48 [INFO] 面积统计: {0: 3181644.0, 1: 514008.0, 2: 79560.0, 3: 285228.0, 4: 257832.0, 5: 120132.0, 6: 662904.0, 7: 52236.0, 8: 761688.0, 9: 110304.0, 10: 160704.0, 11: 218196.0, 12: 120636.0, 13: 743508.0, 14: 576.0, 15: 55872.0}
2025-08-19 14:43:48 [INFO] 废钢分割结果保存路径: C:\Users\diaoqingguang\Scrap_steel_system\Scrap_Steel_In_Field\photos\segmentation\segment_20250819_144348.jpg
2025-08-19 14:43:48 [INFO] 
[步骤3.3] 请求第1次抓取循环
2025-08-19 14:43:51 [INFO] 机械臂坐标系抓取点: [(443.1638043653771, -85.52363460805574), (440.58882324832445, 40.02169762101609), (438.0138421312718, 165.56702985008792)]
2025-08-19 14:43:51 [INFO] 抓取点坐标（z=0）:
2025-08-19 14:43:51 [INFO] 443.1638043653771,-85.52363460805574,0
2025-08-19 14:43:51 [INFO] 440.58882324832445,40.02169762101609,0
2025-08-19 14:43:51 [INFO] 438.0138421312718,165.56702985008792,0
2025-08-19 14:43:51 [INFO] 发送第一个抓取点坐标: 443.1638043653771,-85.52363460805574,0
2025-08-19 14:44:17 [INFO] 收到机械臂消息: A
2025-08-19 14:44:17 [INFO] 收到第1次的抓取点位: A
2025-08-19 14:44:17 [INFO] 发送第二个抓取点坐标: 440.58882324832445,40.02169762101609,0
2025-08-19 14:44:42 [INFO] 收到机械臂消息: B
2025-08-19 14:44:42 [INFO] 收到第1次的抓取点位: B
2025-08-19 14:44:42 [INFO] 发送第三个抓取点坐标: 438.0138421312718,165.56702985008792,0
2025-08-19 14:45:11 [INFO] 收到机械臂消息: C
2025-08-19 14:45:11 [INFO] 收到第1次的抓取点位: C
2025-08-19 14:45:11 [INFO] [完成] 第1次抓取指令发送成功
2025-08-19 14:45:11 [INFO] 收到机械臂消息: no_grab
2025-08-19 14:45:11 [INFO] 
===== arm1 的处理流程已完成 =====

