2025-06-26 10:53:54 [INFO] 收到机械臂消息: yes_grab
2025-06-26 10:53:54 [INFO] 开始获取清晰图像...
2025-06-26 10:54:06 [INFO] 已保存original图像: C:\Users\diaoqingguang\Scrap_steel_system\Scrap_Steel_In_Field\photos\original\original_image_20250626_105406.jpg
2025-06-26 10:54:08 [INFO] [完成] 第1次原始图片拍照完成: C:\Users\diaoqingguang\Scrap_steel_system\Scrap_Steel_In_Field\photos\original\original_image_20250626_105406.jpg
2025-06-26 10:54:08 [INFO] [步骤3.1] 进行危险品推理
2025-06-26 10:54:09 [INFO] [完成] 危险品检测成功，发现 4 个危险品
2025-06-26 10:54:09 [INFO] 危险品 1: GasCyl1 (置信度: 0.79)
2025-06-26 10:54:09 [INFO] 危险品 2: GasCyl1 (置信度: 0.78)
2025-06-26 10:54:09 [INFO] 危险品 3: GasCyl1 (置信度: 0.77)
2025-06-26 10:54:09 [INFO] 危险品 4: GasCyl1 (置信度: 0.77)
2025-06-26 10:54:09 [INFO] 危险品检测结果已写入JSON文件: C:\Users\diaoqingguang\Scrap_steel_system\Scrap_Steel_In_Field\photos\detection_results.json
2025-06-26 10:54:09 [INFO] [步骤3.2] 对原始图片进行废钢分割
2025-06-26 10:54:09 [INFO] [完成] 废钢分割成功
2025-06-26 10:54:09 [INFO] 检测到 548 个物体
2025-06-26 10:54:09 [INFO] 类别统计: {0: 22, 1: 68, 2: 22, 3: 7, 4: 37, 5: 36, 6: 24, 7: 38, 8: 61, 9: 46, 10: 41, 11: 12, 12: 16, 13: 92, 14: 0, 15: 26}
2025-06-26 10:54:09 [INFO] 面积统计: {0: 3022668.0, 1: 555624.0, 2: 38520.0, 3: 331920.0, 4: 235944.0, 5: 80064.0, 6: 801648.0, 7: 71676.0, 8: 764280.0, 9: 151236.0, 10: 211392.0, 11: 223884.0, 12: 89244.0, 13: 804960.0, 14: 324.0, 15: 60876.0}
2025-06-26 10:54:09 [INFO] 废钢分割结果保存路径: C:\Users\diaoqingguang\Scrap_steel_system\Scrap_Steel_In_Field\photos\segmentation\segment_20250626_105409.jpg
2025-06-26 10:54:09 [INFO] 
[步骤3.3] 请求第1次抓取循环
2025-06-26 10:54:16 [INFO] 机械臂坐标系抓取点: [(443.43029970701883, -41.66157719448718), (446.1742503144278, 82.6540312908326), (448.9182009218368, 206.9696397761524)]
2025-06-26 10:54:16 [INFO] 抓取点坐标（z=0）:
2025-06-26 10:54:16 [INFO] 443.43029970701883,-41.66157719448718,0
2025-06-26 10:54:16 [INFO] 446.1742503144278,82.6540312908326,0
2025-06-26 10:54:16 [INFO] 448.9182009218368,206.9696397761524,0
2025-06-26 10:54:16 [INFO] 发送第一个抓取点坐标: 443.43029970701883,-41.66157719448718,0
2025-06-26 10:54:30 [INFO] 收到机械臂消息: A
2025-06-26 10:54:30 [INFO] 收到第1次的抓取点位: A
2025-06-26 10:54:30 [INFO] 发送第二个抓取点坐标: 446.1742503144278,82.6540312908326,0
2025-06-26 10:54:43 [INFO] 收到机械臂消息: B
2025-06-26 10:54:43 [INFO] 收到第1次的抓取点位: B
2025-06-26 10:54:43 [INFO] 发送第三个抓取点坐标: 448.9182009218368,206.9696397761524,0
2025-06-26 10:54:59 [INFO] 收到机械臂消息: C
2025-06-26 10:54:59 [INFO] 收到第1次的抓取点位: C
2025-06-26 10:54:59 [INFO] [完成] 第1次抓取指令发送成功
2025-06-26 10:55:00 [INFO] 收到机械臂消息: no_grab
2025-06-26 10:55:00 [INFO] 
===== arm1 的处理流程已完成 =====

