2025-05-29 17:15:40 [INFO] 收到机械臂消息: yes_grab
2025-05-29 17:15:40 [INFO] 开始获取清晰图像...
2025-05-29 17:15:43 [INFO] 已保存original图像: C:\Users\diaoqingguang\Scrap_steel_system\Scrap_Steel_In_Field\photos\original\original_image_20250529_171543.jpg
2025-05-29 17:15:46 [INFO] [完成] 第1次原始图片拍照完成: C:\Users\diaoqingguang\Scrap_steel_system\Scrap_Steel_In_Field\photos\original\original_image_20250529_171543.jpg
2025-05-29 17:15:46 [INFO] [步骤3.1] 进行危险品推理
2025-05-29 17:15:46 [INFO] [完成] 危险品检测成功，发现 3 个危险品
2025-05-29 17:15:46 [INFO] 危险品 1: GasCyl1 (置信度: 0.94)
2025-05-29 17:15:46 [INFO] 危险品 2: GasCyl1 (置信度: 0.86)
2025-05-29 17:15:46 [INFO] 危险品 3: GasCyl1 (置信度: 0.65)
2025-05-29 17:15:46 [INFO] 危险品检测结果已写入JSON文件: C:\Users\diaoqingguang\Scrap_steel_system\Scrap_Steel_In_Field\photos\detection_results.json
2025-05-29 17:15:46 [INFO] [步骤3.2] 对原始图片进行废钢分割
2025-05-29 17:15:46 [INFO] [完成] 废钢分割成功
2025-05-29 17:15:46 [INFO] 检测到 480 个物体
2025-05-29 17:15:46 [INFO] 类别统计: {0: 12, 1: 51, 2: 21, 3: 10, 4: 28, 5: 22, 6: 28, 7: 43, 8: 38, 9: 57, 10: 28, 11: 10, 12: 18, 13: 82, 14: 0, 15: 32}
2025-05-29 17:15:46 [INFO] 面积统计: {0: 3983904.0, 1: 320616.0, 2: 76608.0, 3: 374328.0, 4: 143676.0, 5: 60624.0, 6: 610452.0, 7: 66456.0, 8: 737388.0, 9: 195876.0, 10: 110268.0, 11: 181512.0, 12: 70380.0, 13: 1031364.0, 14: 180.0, 15: 84528.0}
2025-05-29 17:15:46 [INFO] 废钢分割结果保存路径: C:\Users\diaoqingguang\Scrap_steel_system\Scrap_Steel_In_Field\photos\segmentation\segment_20250529_171546.jpg
2025-05-29 17:15:46 [INFO] 
[步骤3.3] 请求第1次抓取循环
2025-05-29 17:15:49 [INFO] 机械臂坐标系抓取点: [(405.6872865331709, -175.8197933375663), (408.51584712558486, -50.71291365877558), (411.3444077179988, 74.39396602001513)]
2025-05-29 17:15:49 [INFO] 抓取点坐标（z=0）:
2025-05-29 17:15:49 [INFO] 405.6872865331709,-175.8197933375663,0
2025-05-29 17:15:49 [INFO] 408.51584712558486,-50.71291365877558,0
2025-05-29 17:15:49 [INFO] 411.3444077179988,74.39396602001513,0
2025-05-29 17:15:49 [INFO] 发送第一个抓取点坐标: 405.6872865331709,-175.8197933375663,0
2025-05-29 17:16:43 [INFO] 收到机械臂消息: A
2025-05-29 17:16:43 [INFO] 收到第1次的抓取点位: A
2025-05-29 17:16:43 [INFO] 发送第二个抓取点坐标: 408.51584712558486,-50.71291365877558,0
2025-05-29 17:17:31 [INFO] 收到机械臂消息: B
2025-05-29 17:17:31 [INFO] 收到第1次的抓取点位: B
2025-05-29 17:17:31 [INFO] 发送第三个抓取点坐标: 411.3444077179988,74.39396602001513,0
2025-05-29 17:18:28 [INFO] 收到机械臂消息: C
2025-05-29 17:18:28 [INFO] 收到第1次的抓取点位: C
2025-05-29 17:18:28 [INFO] [完成] 第1次抓取指令发送成功
2025-05-29 17:18:28 [INFO] 收到机械臂消息: no_grab
2025-05-29 17:18:28 [INFO] 
===== arm1 的处理流程已完成 =====

