2025-11-21 15:29:31 [INFO] 收到机械臂消息: yes_grab
2025-11-21 15:29:31 [INFO] 开始获取清晰图像...
2025-11-21 15:29:44 [INFO] 已保存original图像: C:\Users\diaoqingguang\Scrap_steel_system\Scrap_Steel_In_Field\photos\original\original_image_20251121_152944.jpg
2025-11-21 15:29:56 [INFO] [完成] 第1次原始图片拍照完成: C:\Users\diaoqingguang\Scrap_steel_system\Scrap_Steel_In_Field\photos\original\original_image_20251121_152944.jpg
2025-11-21 15:29:56 [INFO] [步骤3.1] 进行危险品推理
2025-11-21 15:29:56 [INFO] [完成] 危险品检测成功，发现 4 个危险品
2025-11-21 15:29:56 [INFO] 危险品 1: GasCyl1 (置信度: 0.92)
2025-11-21 15:29:56 [INFO] 危险品 2: GasCyl1 (置信度: 0.30)
2025-11-21 15:29:56 [INFO] 危险品 3: GasCyl1 (置信度: 0.29)
2025-11-21 15:29:56 [INFO] 危险品 4: GasCyl1 (置信度: 0.29)
2025-11-21 15:29:56 [INFO] 危险品检测结果已写入JSON文件: C:\Users\diaoqingguang\Scrap_steel_system\Scrap_Steel_In_Field\photos\detection_results.json
2025-11-21 15:29:56 [INFO] [步骤3.2] 对原始图片进行废钢分割
2025-11-21 15:29:57 [INFO] [完成] 废钢分割成功
2025-11-21 15:29:57 [INFO] 检测到 476 个物体
2025-11-21 15:29:57 [INFO] 类别统计: {0: 20, 1: 51, 2: 19, 3: 0, 4: 44, 5: 33, 6: 33, 7: 36, 8: 36, 9: 40, 10: 28, 11: 7, 12: 23, 13: 84, 14: 0, 15: 22}
2025-11-21 15:29:57 [INFO] 面积统计: {0: 2805516.0, 1: 376200.0, 2: 60300.0, 3: 239868.0, 4: 267552.0, 5: 81540.0, 6: 791748.0, 7: 60408.0, 8: 951660.0, 9: 91728.0, 10: 212040.0, 11: 180936.0, 12: 120744.0, 13: 836316.0, 15: 59616.0}
2025-11-21 15:29:57 [INFO] 废钢分割结果保存路径: C:\Users\diaoqingguang\Scrap_steel_system\Scrap_Steel_In_Field\photos\segmentation\segment_20251121_152956.jpg
2025-11-21 15:29:57 [INFO] 
[步骤3.3] 请求第1次抓取循环
2025-11-21 15:30:00 [INFO] 机械臂坐标系抓取点: [(405.4323814054182, -25.657628865199925), (404.89715019054483, 98.31059918735329), (404.3619189756715, 222.2788272399065)]
2025-11-21 15:30:00 [INFO] 抓取点坐标（z=0）:
2025-11-21 15:30:00 [INFO] 405.4323814054182,-25.657628865199925,0
2025-11-21 15:30:00 [INFO] 404.89715019054483,98.31059918735329,0
2025-11-21 15:30:00 [INFO] 404.3619189756715,222.2788272399065,0
2025-11-21 15:30:00 [INFO] 发送第一个抓取点坐标: 405.4323814054182,-25.657628865199925,0
2025-11-21 15:30:14 [INFO] 收到机械臂消息: A
2025-11-21 15:30:14 [INFO] 收到第1次的抓取点位: A
2025-11-21 15:30:14 [INFO] 发送第二个抓取点坐标: 404.89715019054483,98.31059918735329,0
2025-11-21 15:30:27 [INFO] 收到机械臂消息: B
2025-11-21 15:30:27 [INFO] 收到第1次的抓取点位: B
2025-11-21 15:30:27 [INFO] 发送第三个抓取点坐标: 404.3619189756715,222.2788272399065,0
2025-11-21 15:30:43 [INFO] 收到机械臂消息: C
2025-11-21 15:30:43 [INFO] 收到第1次的抓取点位: C
2025-11-21 15:30:43 [INFO] [完成] 第1次抓取指令发送成功
2025-11-21 15:30:43 [INFO] 收到机械臂消息: no_grab
2025-11-21 15:30:43 [INFO] 
===== arm1 的处理流程已完成 =====

