2025-08-19 14:20:12 [INFO] 收到机械臂消息: yes_grab
2025-08-19 14:20:12 [INFO] 开始获取清晰图像...
2025-08-19 14:20:25 [INFO] 已保存original图像: C:\Users\diaoqingguang\Scrap_steel_system\Scrap_Steel_In_Field\photos\original\original_image_20250819_142025.jpg
2025-08-19 14:20:27 [INFO] [完成] 第1次原始图片拍照完成: C:\Users\diaoqingguang\Scrap_steel_system\Scrap_Steel_In_Field\photos\original\original_image_20250819_142025.jpg
2025-08-19 14:20:27 [INFO] [步骤3.1] 进行危险品推理
2025-08-19 14:20:28 [INFO] [完成] 危险品检测成功，发现 5 个危险品
2025-08-19 14:20:28 [INFO] 危险品 1: GasCyl1 (置信度: 0.90)
2025-08-19 14:20:28 [INFO] 危险品 2: GasCyl1 (置信度: 0.88)
2025-08-19 14:20:28 [INFO] 危险品 3: GasCyl1 (置信度: 0.77)
2025-08-19 14:20:28 [INFO] 危险品 4: FireExt1 (置信度: 0.39)
2025-08-19 14:20:28 [INFO] 危险品 5: GasCyl1 (置信度: 0.32)
2025-08-19 14:20:28 [INFO] 危险品检测结果已写入JSON文件: C:\Users\diaoqingguang\Scrap_steel_system\Scrap_Steel_In_Field\photos\detection_results.json
2025-08-19 14:20:28 [INFO] [步骤3.2] 对原始图片进行废钢分割
2025-08-19 14:20:28 [INFO] [完成] 废钢分割成功
2025-08-19 14:20:28 [INFO] 检测到 530 个物体
2025-08-19 14:20:28 [INFO] 类别统计: {0: 9, 1: 80, 2: 26, 3: 3, 4: 35, 5: 37, 6: 25, 7: 38, 8: 43, 9: 48, 10: 31, 11: 14, 12: 24, 13: 92, 14: 0, 15: 25}
2025-08-19 14:20:28 [INFO] 面积统计: {0: 3012444.0, 1: 632160.0, 2: 38232.0, 3: 304704.0, 4: 166320.0, 5: 70920.0, 6: 684540.0, 7: 45036.0, 8: 696996.0, 9: 167472.0, 10: 171828.0, 11: 214380.0, 12: 134892.0, 13: 762660.0, 14: 144.0, 15: 59364.0}
2025-08-19 14:20:28 [INFO] 废钢分割结果保存路径: C:\Users\diaoqingguang\Scrap_steel_system\Scrap_Steel_In_Field\photos\segmentation\segment_20250819_142028.jpg
2025-08-19 14:20:28 [INFO] 
[步骤3.3] 请求第1次抓取循环
2025-08-19 14:20:38 [INFO] 机械臂坐标系抓取点: [(442.91456031204604, -85.73315144031562), (440.40322281221995, 39.79143892597587), (437.89188531239387, 165.31602929226736)]
2025-08-19 14:20:38 [INFO] 抓取点坐标（z=0）:
2025-08-19 14:20:38 [INFO] 442.91456031204604,-85.73315144031562,0
2025-08-19 14:20:38 [INFO] 440.40322281221995,39.79143892597587,0
2025-08-19 14:20:38 [INFO] 437.89188531239387,165.31602929226736,0
2025-08-19 14:20:38 [INFO] 发送第一个抓取点坐标: 442.91456031204604,-85.73315144031562,0
2025-08-19 14:21:04 [INFO] 收到机械臂消息: A
2025-08-19 14:21:04 [INFO] 收到第1次的抓取点位: A
2025-08-19 14:21:04 [INFO] 发送第二个抓取点坐标: 440.40322281221995,39.79143892597587,0
2025-08-19 14:21:29 [INFO] 收到机械臂消息: B
2025-08-19 14:21:29 [INFO] 收到第1次的抓取点位: B
2025-08-19 14:21:29 [INFO] 发送第三个抓取点坐标: 437.89188531239387,165.31602929226736,0
2025-08-19 14:21:58 [INFO] 收到机械臂消息: C
2025-08-19 14:21:58 [INFO] 收到第1次的抓取点位: C
2025-08-19 14:21:58 [INFO] [完成] 第1次抓取指令发送成功
2025-08-19 14:21:58 [INFO] 收到机械臂消息: no_grab
2025-08-19 14:21:58 [INFO] 
===== arm1 的处理流程已完成 =====

