2025-05-28 17:50:40 [INFO] 收到机械臂消息: yes_grab
2025-05-28 17:50:40 [INFO] 开始获取清晰图像...
2025-05-28 17:50:43 [INFO] 已保存original图像: C:\Users\diaoqingguang\Scrap_steel_system\Scrap_Steel_In_Field\photos\original\original_image_20250528_175043.jpg
2025-05-28 17:50:45 [INFO] [完成] 第1次原始图片拍照完成: C:\Users\diaoqingguang\Scrap_steel_system\Scrap_Steel_In_Field\photos\original\original_image_20250528_175043.jpg
2025-05-28 17:50:45 [INFO] [步骤3.1] 进行危险品推理
2025-05-28 17:50:46 [INFO] [完成] 危险品检测成功，发现 2 个危险品
2025-05-28 17:50:46 [INFO] 危险品 1: GasCyl1 (置信度: 0.74)
2025-05-28 17:50:46 [INFO] 危险品 2: FireExt1 (置信度: 0.29)
2025-05-28 17:50:46 [INFO] 危险品检测结果已写入JSON文件: C:\Users\diaoqingguang\Scrap_steel_system\Scrap_Steel_In_Field\photos\detection_results.json
2025-05-28 17:50:46 [INFO] [步骤3.2] 对原始图片进行废钢分割
2025-05-28 17:50:46 [INFO] [完成] 废钢分割成功
2025-05-28 17:50:46 [INFO] 检测到 484 个物体
2025-05-28 17:50:46 [INFO] 类别统计: {0: 12, 1: 62, 2: 18, 3: 5, 4: 31, 5: 30, 6: 29, 7: 30, 8: 41, 9: 56, 10: 25, 11: 9, 12: 19, 13: 81, 14: 0, 15: 36}
2025-05-28 17:50:46 [INFO] 面积统计: {0: 3044340.0, 1: 559908.0, 2: 53208.0, 3: 284868.0, 4: 156564.0, 5: 87624.0, 6: 682776.0, 7: 49824.0, 8: 685224.0, 9: 257112.0, 10: 154224.0, 11: 225072.0, 12: 86328.0, 13: 747972.0, 14: 72.0, 15: 93564.0}
2025-05-28 17:50:46 [INFO] 废钢分割结果保存路径: C:\Users\diaoqingguang\Scrap_steel_system\Scrap_Steel_In_Field\photos\segmentation\segment_20250528_175046.jpg
2025-05-28 17:50:46 [INFO] 
[步骤3.3] 请求第1次抓取循环
2025-05-28 17:51:07 [INFO] 机械臂坐标系抓取点: [(475.3633411052487, -82.1632918258345), (472.1565867309827, 42.963647501544855), (468.94983235671674, 168.09058682892422)]
2025-05-28 17:51:07 [INFO] 抓取点坐标（z=0）:
2025-05-28 17:51:07 [INFO] 475.3633411052487,-82.1632918258345,0
2025-05-28 17:51:07 [INFO] 472.1565867309827,42.963647501544855,0
2025-05-28 17:51:07 [INFO] 468.94983235671674,168.09058682892422,0
2025-05-28 17:51:07 [INFO] 发送第一个抓取点坐标: 475.3633411052487,-82.1632918258345,0
2025-05-28 17:51:20 [INFO] 收到机械臂消息: A
2025-05-28 17:51:20 [INFO] 收到第1次的抓取点位: A
2025-05-28 17:51:20 [INFO] 发送第二个抓取点坐标: 472.1565867309827,42.963647501544855,0
2025-05-28 17:51:34 [INFO] 收到机械臂消息: B
2025-05-28 17:51:34 [INFO] 收到第1次的抓取点位: B
2025-05-28 17:51:34 [INFO] 发送第三个抓取点坐标: 468.94983235671674,168.09058682892422,0
2025-05-28 17:51:50 [INFO] 收到机械臂消息: C
2025-05-28 17:51:50 [INFO] 收到第1次的抓取点位: C
2025-05-28 17:51:50 [INFO] [完成] 第1次抓取指令发送成功
2025-05-28 17:51:50 [INFO] 收到机械臂消息: no_grab
2025-05-28 17:51:50 [INFO] 
===== arm1 的处理流程已完成 =====

