2025-04-28 14:39:27 [INFO] 
===== 开始 arm1 的处理流程 =====
2025-04-28 14:39:27 [INFO] 
[步骤1] 请求拍摄车体照片
2025-04-28 14:39:27 [INFO] 开始获取清晰图像...
2025-04-28 14:39:42 [INFO] 已保存vehicle图像: C:\Users\qinguang\feigangxiangmu\Scrap_steel_system\Scrap_Steel_Loading\photos\vehicle\vehicle_image_20250428_143942.jpg
2025-04-28 14:39:46 [ERROR] 更新图片路径到 Flask 应用时出错: HTTPConnectionPool(host='localhost', port=5000): Max retries exceeded with url: /set_image_path (Caused by NewConnectionError('<urllib3.connection.HTTPConnection object at 0x000001F2FCC63940>: Failed to establish a new connection: [WinError 10061] 由于目标计算机积极拒绝，无法连接。'))
2025-04-28 14:39:46 [INFO] [完成] 车体拍照完成: C:\Users\qinguang\feigangxiangmu\Scrap_steel_system\Scrap_Steel_Loading\photos\vehicle\vehicle_image_20250428_143942.jpg
2025-04-28 14:39:46 [INFO] 
[步骤2] 请求第1次原始图片拍照
2025-04-28 14:39:46 [INFO] 开始获取清晰图像...
2025-04-28 14:39:49 [INFO] 已保存original图像: C:\Users\qinguang\feigangxiangmu\Scrap_steel_system\Scrap_Steel_Loading\photos\original\original_image_20250428_143949.jpg
2025-04-28 14:39:54 [ERROR] 更新图片路径到 Flask 应用时出错: HTTPConnectionPool(host='localhost', port=5000): Max retries exceeded with url: /set_image_path (Caused by NewConnectionError('<urllib3.connection.HTTPConnection object at 0x000001F2FCC63160>: Failed to establish a new connection: [WinError 10061] 由于目标计算机积极拒绝，无法连接。'))
2025-04-28 14:39:54 [INFO] [完成] 第1次原始图片拍照完成: C:\Users\qinguang\feigangxiangmu\Scrap_steel_system\Scrap_Steel_Loading\photos\original\original_image_20250428_143949.jpg
2025-04-28 14:39:54 [INFO] [步骤2.1] 进行危险品推理
2025-04-28 14:39:54 [INFO] [完成] 危险品检测成功，发现 1 个危险品
2025-04-28 14:39:54 [INFO] 危险品 1: NoDangerous (置信度: 0.00)
2025-04-28 14:39:54 [INFO] 检测结果数量: 1
2025-04-28 14:39:54 [INFO] 检测结果图片路径: C:\Users\qinguang\feigangxiangmu\Scrap_steel_system\Scrap_Steel_Loading\photos\dangerous_det\detection_20250428_143954.jpg
2025-04-28 14:39:54 [INFO] 文件存在，大小: 1473473 字节
2025-04-28 14:39:58 [ERROR] 更新危险品检测结果到 Flask 应用时出错: HTTPConnectionPool(host='localhost', port=5000): Max retries exceeded with url: /set_detection_path (Caused by NewConnectionError('<urllib3.connection.HTTPConnection object at 0x000001F2FCCA83D0>: Failed to establish a new connection: [WinError 10061] 由于目标计算机积极拒绝，无法连接。'))
2025-04-28 14:39:58 [INFO] [步骤2.2] 对原始图片进行废钢分割
2025-04-28 14:39:58 [WARNING] [警告] 废钢分割失败，将按默认流程继续
2025-04-28 14:39:58 [INFO] 
[步骤2.3] 请求第1次抓取循环
2025-04-28 14:39:58 [INFO] [发送] → arm1: 'START_GRAB'
2025-04-28 14:39:58 [INFO] [完成] 第1次抓取指令发送成功
