2025-05-15 22:08:17 [INFO] 收到机械臂消息: yes_grab
2025-05-15 22:08:17 [INFO] 开始获取清晰图像...
2025-05-15 22:08:42 [INFO] 已保存original图像: C:\Users\qinguang\feigangxiangmu\Scrap_steel_system\Scrap_Steel_In_Field\photos\original\original_image_20250515_220842.jpg
2025-05-15 22:08:44 [INFO] [完成] 第1次原始图片拍照完成: C:\Users\qinguang\feigangxiangmu\Scrap_steel_system\Scrap_Steel_In_Field\photos\original\original_image_20250515_220842.jpg
2025-05-15 22:08:48 [ERROR] 更新图片路径到 Flask 应用时出错: HTTPConnectionPool(host='localhost', port=5000): Max retries exceeded with url: /set_image_path (Caused by NewConnectionError('<urllib3.connection.HTTPConnection object at 0x000001DE86F331C0>: Failed to establish a new connection: [WinError 10061] 由于目标计算机积极拒绝，无法连接。'))
2025-05-15 22:08:48 [INFO] [步骤3.1] 进行危险品推理
2025-05-15 22:08:49 [INFO] [完成] 危险品检测成功，发现 4 个危险品
2025-05-15 22:08:49 [INFO] 危险品 1: GasCyl1 (置信度: 0.88)
2025-05-15 22:08:49 [INFO] 危险品 2: GasCyl1 (置信度: 0.39)
2025-05-15 22:08:49 [INFO] 危险品 3: FireExt1 (置信度: 0.31)
2025-05-15 22:08:49 [INFO] 危险品 4: FireExt1 (置信度: 0.27)
2025-05-15 22:08:49 [INFO] 危险品检测结果已写入JSON文件: C:\Users\qinguang\feigangxiangmu\Scrap_steel_system\Scrap_Steel_In_Field\photos\detection_results.json
2025-05-15 22:08:53 [ERROR] 更新饼状图到 Flask 应用时出错: HTTPConnectionPool(host='localhost', port=5000): Max retries exceeded with url: /set_pie_chart_path (Caused by NewConnectionError('<urllib3.connection.HTTPConnection object at 0x000001DE80103580>: Failed to establish a new connection: [WinError 10061] 由于目标计算机积极拒绝，无法连接。'))
2025-05-15 22:08:53 [INFO] 检测结果的路径为：C:\Users\qinguang\feigangxiangmu\Scrap_steel_system\Scrap_Steel_In_Field\photos\dangerous_det\detection_20250515_220849.jpg
2025-05-15 22:08:53 [INFO] 文件存在，大小: 1637373 字节
2025-05-15 22:08:57 [ERROR] 更新危险品检测结果到 Flask 应用时出错: HTTPConnectionPool(host='localhost', port=5000): Max retries exceeded with url: /set_detection_path (Caused by NewConnectionError('<urllib3.connection.HTTPConnection object at 0x000001DE86F5B130>: Failed to establish a new connection: [WinError 10061] 由于目标计算机积极拒绝，无法连接。'))
2025-05-15 22:08:57 [INFO] [步骤3.2] 对原始图片进行废钢分割
2025-05-15 22:08:58 [WARNING] [警告] 废钢分割失败，将按默认流程继续
2025-05-15 22:08:58 [INFO] 
[步骤3.3] 请求第1次抓取循环
2025-05-15 22:10:11 [INFO] 机械臂坐标系抓取点: [(514.0586251044696, -162.5122795270226), (511.799406870917, -33.62485493079707), (509.54018863736434, 95.26256966542847)]
2025-05-15 22:10:11 [INFO] 抓取点坐标（z=0）:
2025-05-15 22:10:11 [INFO] 514.0586251044696,-162.5122795270226,0
2025-05-15 22:10:11 [INFO] 511.799406870917,-33.62485493079707,0
2025-05-15 22:10:11 [INFO] 509.54018863736434,95.26256966542847,0
2025-05-15 22:10:11 [INFO] 发送第一个抓取点坐标: 514.0586251044696,-162.5122795270226,0
2025-05-15 22:10:25 [INFO] 收到机械臂消息: A
2025-05-15 22:10:25 [INFO] 收到第1次的抓取点位: A
2025-05-15 22:10:25 [INFO] 发送第二个抓取点坐标: 511.799406870917,-33.62485493079707,0
2025-05-15 22:10:39 [INFO] 收到机械臂消息: B
2025-05-15 22:10:39 [INFO] 收到第1次的抓取点位: B
2025-05-15 22:10:39 [INFO] 发送第三个抓取点坐标: 509.54018863736434,95.26256966542847,0
2025-05-15 22:10:56 [INFO] 收到机械臂消息: C
2025-05-15 22:10:56 [INFO] 收到第1次的抓取点位: C
2025-05-15 22:10:56 [INFO] [完成] 第1次抓取指令发送成功
2025-05-15 22:10:56 [INFO] 收到机械臂消息: no_grabyes_grab
2025-05-15 22:10:56 [INFO] 
===== arm1 的处理流程已完成 =====

