2025-05-15 21:35:03 [INFO] 收到机械臂消息: yes_grab
2025-05-15 21:35:03 [INFO] 开始获取清晰图像...
2025-05-15 21:35:12 [INFO] 已保存original图像: C:\Users\qinguang\feigangxiangmu\Scrap_steel_system\Scrap_Steel_In_Field\photos\original\original_image_20250515_213512.jpg
2025-05-15 21:35:14 [INFO] [完成] 第1次原始图片拍照完成: C:\Users\qinguang\feigangxiangmu\Scrap_steel_system\Scrap_Steel_In_Field\photos\original\original_image_20250515_213512.jpg
2025-05-15 21:35:18 [ERROR] 更新图片路径到 Flask 应用时出错: HTTPConnectionPool(host='localhost', port=5000): Max retries exceeded with url: /set_image_path (Caused by NewConnectionError('<urllib3.connection.HTTPConnection object at 0x000001DE80100D60>: Failed to establish a new connection: [WinError 10061] 由于目标计算机积极拒绝，无法连接。'))
2025-05-15 21:35:18 [INFO] [步骤3.1] 进行危险品推理
2025-05-15 21:35:19 [INFO] [完成] 危险品检测成功，发现 5 个危险品
2025-05-15 21:35:19 [INFO] 危险品 1: GasCyl1 (置信度: 0.81)
2025-05-15 21:35:19 [INFO] 危险品 2: GasCyl1 (置信度: 0.52)
2025-05-15 21:35:19 [INFO] 危险品 3: FireExt1 (置信度: 0.38)
2025-05-15 21:35:19 [INFO] 危险品 4: GasCyl1 (置信度: 0.27)
2025-05-15 21:35:19 [INFO] 危险品 5: FireExt1 (置信度: 0.26)
2025-05-15 21:35:19 [INFO] 危险品检测结果已写入JSON文件: C:\Users\qinguang\feigangxiangmu\Scrap_steel_system\Scrap_Steel_In_Field\photos\detection_results.json
2025-05-15 21:35:23 [ERROR] 更新饼状图到 Flask 应用时出错: HTTPConnectionPool(host='localhost', port=5000): Max retries exceeded with url: /set_pie_chart_path (Caused by NewConnectionError('<urllib3.connection.HTTPConnection object at 0x000001DE86FA0A90>: Failed to establish a new connection: [WinError 10061] 由于目标计算机积极拒绝，无法连接。'))
2025-05-15 21:35:23 [INFO] 检测结果的路径为：C:\Users\qinguang\feigangxiangmu\Scrap_steel_system\Scrap_Steel_In_Field\photos\dangerous_det\detection_20250515_213519.jpg
2025-05-15 21:35:23 [INFO] 文件存在，大小: 1633693 字节
2025-05-15 21:35:27 [ERROR] 更新危险品检测结果到 Flask 应用时出错: HTTPConnectionPool(host='localhost', port=5000): Max retries exceeded with url: /set_detection_path (Caused by NewConnectionError('<urllib3.connection.HTTPConnection object at 0x000001DE86FA1270>: Failed to establish a new connection: [WinError 10061] 由于目标计算机积极拒绝，无法连接。'))
2025-05-15 21:35:27 [INFO] [步骤3.2] 对原始图片进行废钢分割
2025-05-15 21:35:27 [WARNING] [警告] 废钢分割失败，将按默认流程继续
2025-05-15 21:35:27 [INFO] 
[步骤3.3] 请求第1次抓取循环
2025-05-15 21:37:46 [INFO] 机械臂坐标系抓取点: [(462.0599386944572, -110.24234215564198), (459.8769388087369, 20.104047612009346), (457.6939389230166, 150.45043737966066)]
2025-05-15 21:37:46 [INFO] 抓取点坐标（z=0）:
2025-05-15 21:37:46 [INFO] 462.0599386944572,-110.24234215564198,0
2025-05-15 21:37:46 [INFO] 459.8769388087369,20.104047612009346,0
2025-05-15 21:37:46 [INFO] 457.6939389230166,150.45043737966066,0
2025-05-15 21:37:46 [INFO] 发送第一个抓取点坐标: 462.0599386944572,-110.24234215564198,0
2025-05-15 21:38:00 [INFO] 收到机械臂消息: A
2025-05-15 21:38:00 [INFO] 收到第1次的抓取点位: A
2025-05-15 21:38:00 [INFO] 发送第二个抓取点坐标: 459.8769388087369,20.104047612009346,0
2025-05-15 21:38:14 [INFO] 收到机械臂消息: B
2025-05-15 21:38:14 [INFO] 收到第1次的抓取点位: B
2025-05-15 21:38:14 [INFO] 发送第三个抓取点坐标: 457.6939389230166,150.45043737966066,0
2025-05-15 21:38:30 [INFO] 收到机械臂消息: C
2025-05-15 21:38:30 [INFO] 收到第1次的抓取点位: C
2025-05-15 21:38:30 [INFO] [完成] 第1次抓取指令发送成功
2025-05-15 21:38:30 [INFO] 收到机械臂消息: no_grab
2025-05-15 21:38:30 [INFO] 
===== arm1 的处理流程已完成 =====

