2025-05-28 17:51:55 [INFO] 收到机械臂消息: yes_grab
2025-05-28 17:51:55 [INFO] 开始获取清晰图像...
2025-05-28 17:52:03 [INFO] 已保存original图像: C:\Users\diaoqingguang\Scrap_steel_system\Scrap_Steel_In_Field\photos\original\original_image_20250528_175203.jpg
2025-05-28 17:52:05 [INFO] [完成] 第1次原始图片拍照完成: C:\Users\diaoqingguang\Scrap_steel_system\Scrap_Steel_In_Field\photos\original\original_image_20250528_175203.jpg
2025-05-28 17:52:05 [INFO] [步骤3.1] 进行危险品推理
2025-05-28 17:52:05 [INFO] [完成] 危险品检测成功，发现 2 个危险品
2025-05-28 17:52:05 [INFO] 危险品 1: GasCyl1 (置信度: 0.72)
2025-05-28 17:52:05 [INFO] 危险品 2: FireExt1 (置信度: 0.36)
2025-05-28 17:52:05 [INFO] 危险品检测结果已写入JSON文件: C:\Users\diaoqingguang\Scrap_steel_system\Scrap_Steel_In_Field\photos\detection_results.json
2025-05-28 17:52:05 [INFO] [步骤3.2] 对原始图片进行废钢分割
2025-05-28 17:52:06 [INFO] [完成] 废钢分割成功
2025-05-28 17:52:06 [INFO] 检测到 517 个物体
2025-05-28 17:52:06 [INFO] 类别统计: {0: 17, 1: 67, 2: 21, 3: 4, 4: 28, 5: 29, 6: 24, 7: 28, 8: 45, 9: 60, 10: 29, 11: 4, 12: 15, 13: 110, 14: 0, 15: 36}
2025-05-28 17:52:06 [INFO] 面积统计: {0: 3091140.0, 1: 722052.0, 2: 63108.0, 3: 300132.0, 4: 162576.0, 5: 77292.0, 6: 656568.0, 7: 44100.0, 8: 671040.0, 9: 228852.0, 10: 135612.0, 11: 223272.0, 12: 91008.0, 13: 860364.0, 14: 396.0, 15: 84816.0}
2025-05-28 17:52:06 [INFO] 废钢分割结果保存路径: C:\Users\diaoqingguang\Scrap_steel_system\Scrap_Steel_In_Field\photos\segmentation\segment_20250528_175205.jpg
2025-05-28 17:52:06 [INFO] 
[步骤3.3] 请求第1次抓取循环
2025-05-28 17:52:16 [INFO] 机械臂坐标系抓取点: [(475.6377920403108, -74.73830622865714), (472.5425259586139, 50.42561853949943), (469.44725987691703, 175.58954330765602)]
2025-05-28 17:52:16 [INFO] 抓取点坐标（z=0）:
2025-05-28 17:52:16 [INFO] 475.6377920403108,-74.73830622865714,0
2025-05-28 17:52:16 [INFO] 472.5425259586139,50.42561853949943,0
2025-05-28 17:52:16 [INFO] 469.44725987691703,175.58954330765602,0
2025-05-28 17:52:16 [INFO] 发送第一个抓取点坐标: 475.6377920403108,-74.73830622865714,0
2025-05-28 17:52:30 [INFO] 收到机械臂消息: A
2025-05-28 17:52:30 [INFO] 收到第1次的抓取点位: A
2025-05-28 17:52:30 [INFO] 发送第二个抓取点坐标: 472.5425259586139,50.42561853949943,0
2025-05-28 17:52:43 [INFO] 收到机械臂消息: B
2025-05-28 17:52:43 [INFO] 收到第1次的抓取点位: B
2025-05-28 17:52:43 [INFO] 发送第三个抓取点坐标: 469.44725987691703,175.58954330765602,0
2025-05-28 17:52:59 [INFO] 收到机械臂消息: C
2025-05-28 17:52:59 [INFO] 收到第1次的抓取点位: C
2025-05-28 17:52:59 [INFO] [完成] 第1次抓取指令发送成功
2025-05-28 17:53:00 [INFO] 收到机械臂消息: no_grab
2025-05-28 17:53:00 [INFO] 
===== arm1 的处理流程已完成 =====

