2025-05-27 14:39:34 [INFO] 收到机械臂消息: yes_grab
2025-05-27 14:39:34 [INFO] 开始获取清晰图像...
2025-05-27 14:39:38 [INFO] 已保存original图像: C:\Users\diaoqingguang\Scrap_steel_system\Scrap_Steel_In_Field\photos\original\original_image_20250527_143938.jpg
2025-05-27 14:39:50 [INFO] [完成] 第1次原始图片拍照完成: C:\Users\diaoqingguang\Scrap_steel_system\Scrap_Steel_In_Field\photos\original\original_image_20250527_143938.jpg
2025-05-27 14:39:50 [INFO] [步骤3.1] 进行危险品推理
2025-05-27 14:39:50 [INFO] [完成] 危险品检测成功，发现 2 个危险品
2025-05-27 14:39:50 [INFO] 危险品 1: GasCyl1 (置信度: 0.61)
2025-05-27 14:39:50 [INFO] 危险品 2: GasCyl1 (置信度: 0.55)
2025-05-27 14:39:50 [INFO] 危险品检测结果已写入JSON文件: C:\Users\diaoqingguang\Scrap_steel_system\Scrap_Steel_In_Field\photos\detection_results.json
2025-05-27 14:39:50 [INFO] [步骤3.2] 对原始图片进行废钢分割
2025-05-27 14:39:51 [INFO] [完成] 废钢分割成功
2025-05-27 14:39:51 [INFO] 检测到 511 个物体
2025-05-27 14:39:51 [INFO] 类别统计: {0: 19, 1: 67, 2: 18, 3: 14, 4: 49, 5: 22, 6: 24, 7: 27, 8: 34, 9: 65, 10: 34, 11: 8, 12: 11, 13: 78, 14: 0, 15: 41}
2025-05-27 14:39:51 [INFO] 面积统计: {0: 3652884.0, 1: 483624.0, 2: 42480.0, 3: 366300.0, 4: 251856.0, 5: 65916.0, 6: 605196.0, 7: 61200.0, 8: 868788.0, 9: 281304.0, 10: 173448.0, 11: 173304.0, 12: 101628.0, 13: 786816.0, 14: 360.0, 15: 190872.0}
2025-05-27 14:39:51 [INFO] 废钢分割结果保存路径: C:\Users\diaoqingguang\Scrap_steel_system\Scrap_Steel_In_Field\photos\segmentation\segment_20250527_143950.jpg
2025-05-27 14:39:51 [INFO] 
[步骤3.3] 请求第1次抓取循环
2025-05-27 14:39:55 [INFO] 机械臂坐标系抓取点: [(447.4023898755299, -105.3315760247459), (445.9842370452418, 20.02950982968123), (444.5660842149537, 145.39059568410835)]
2025-05-27 14:39:55 [INFO] 抓取点坐标（z=0）:
2025-05-27 14:39:55 [INFO] 447.4023898755299,-105.3315760247459,0
2025-05-27 14:39:55 [INFO] 445.9842370452418,20.02950982968123,0
2025-05-27 14:39:55 [INFO] 444.5660842149537,145.39059568410835,0
2025-05-27 14:39:55 [INFO] 发送第一个抓取点坐标: 447.4023898755299,-105.3315760247459,0
2025-05-27 14:40:09 [INFO] 收到机械臂消息: A
2025-05-27 14:40:09 [INFO] 收到第1次的抓取点位: A
2025-05-27 14:40:09 [INFO] 发送第二个抓取点坐标: 445.9842370452418,20.02950982968123,0
2025-05-27 14:40:23 [INFO] 收到机械臂消息: B
2025-05-27 14:40:23 [INFO] 收到第1次的抓取点位: B
2025-05-27 14:40:23 [INFO] 发送第三个抓取点坐标: 444.5660842149537,145.39059568410835,0
2025-05-27 14:40:39 [INFO] 收到机械臂消息: C
2025-05-27 14:40:39 [INFO] 收到第1次的抓取点位: C
2025-05-27 14:40:39 [INFO] [完成] 第1次抓取指令发送成功
2025-05-27 14:40:39 [INFO] 收到机械臂消息: no_grab
2025-05-27 14:40:39 [INFO] 
===== arm1 的处理流程已完成 =====

