2025-05-27 14:24:31 [INFO] 收到机械臂消息: yes_grab
2025-05-27 14:24:31 [INFO] 开始获取清晰图像...
2025-05-27 14:24:34 [INFO] 已保存original图像: C:\Users\diaoqingguang\Scrap_steel_system\Scrap_Steel_In_Field\photos\original\original_image_20250527_142434.jpg
2025-05-27 14:24:47 [INFO] [完成] 第1次原始图片拍照完成: C:\Users\diaoqingguang\Scrap_steel_system\Scrap_Steel_In_Field\photos\original\original_image_20250527_142434.jpg
2025-05-27 14:24:47 [INFO] [步骤3.1] 进行危险品推理
2025-05-27 14:24:47 [INFO] [完成] 危险品检测成功，发现 6 个危险品
2025-05-27 14:24:47 [INFO] 危险品 1: GasCyl1 (置信度: 0.76)
2025-05-27 14:24:47 [INFO] 危险品 2: GasCyl1 (置信度: 0.64)
2025-05-27 14:24:47 [INFO] 危险品 3: GasCyl1 (置信度: 0.62)
2025-05-27 14:24:47 [INFO] 危险品 4: GasCyl1 (置信度: 0.57)
2025-05-27 14:24:47 [INFO] 危险品 5: GasCyl1 (置信度: 0.50)
2025-05-27 14:24:47 [INFO] 危险品 6: FireExt1 (置信度: 0.32)
2025-05-27 14:24:47 [INFO] 危险品检测结果已写入JSON文件: C:\Users\diaoqingguang\Scrap_steel_system\Scrap_Steel_In_Field\photos\detection_results.json
2025-05-27 14:24:47 [INFO] [步骤3.2] 对原始图片进行废钢分割
2025-05-27 14:24:48 [INFO] [完成] 废钢分割成功
2025-05-27 14:24:48 [INFO] 检测到 567 个物体
2025-05-27 14:24:48 [INFO] 类别统计: {0: 20, 1: 75, 2: 26, 3: 6, 4: 51, 5: 30, 6: 31, 7: 30, 8: 47, 9: 46, 10: 37, 11: 6, 12: 13, 13: 114, 14: 1, 15: 34}
2025-05-27 14:24:48 [INFO] 面积统计: {0: 3638304.0, 1: 457308.0, 2: 65196.0, 3: 295164.0, 4: 228708.0, 5: 54432.0, 6: 625788.0, 7: 42408.0, 8: 970668.0, 9: 221868.0, 10: 166752.0, 11: 199188.0, 12: 97848.0, 13: 883728.0, 14: 1188.0, 15: 139536.0}
2025-05-27 14:24:48 [INFO] 废钢分割结果保存路径: C:\Users\diaoqingguang\Scrap_steel_system\Scrap_Steel_In_Field\photos\segmentation\segment_20250527_142447.jpg
2025-05-27 14:24:48 [INFO] 
[步骤3.3] 请求第1次抓取循环
2025-05-27 14:24:51 [INFO] 机械臂坐标系抓取点: [(411.5364026770036, -154.84313901859986), (414.7626462029467, -30.089443138193857), (417.98888972888983, 94.66425274221216)]
2025-05-27 14:24:51 [INFO] 抓取点坐标（z=0）:
2025-05-27 14:24:51 [INFO] 411.5364026770036,-154.84313901859986,0
2025-05-27 14:24:51 [INFO] 414.7626462029467,-30.089443138193857,0
2025-05-27 14:24:51 [INFO] 417.98888972888983,94.66425274221216,0
2025-05-27 14:24:51 [INFO] 发送第一个抓取点坐标: 411.5364026770036,-154.84313901859986,0
2025-05-27 14:25:06 [INFO] 收到机械臂消息: A
2025-05-27 14:25:06 [INFO] 收到第1次的抓取点位: A
2025-05-27 14:25:06 [INFO] 发送第二个抓取点坐标: 414.7626462029467,-30.089443138193857,0
2025-05-27 14:25:20 [INFO] 收到机械臂消息: B
2025-05-27 14:25:20 [INFO] 收到第1次的抓取点位: B
2025-05-27 14:25:20 [INFO] 发送第三个抓取点坐标: 417.98888972888983,94.66425274221216,0
2025-05-27 14:25:36 [INFO] 收到机械臂消息: C
2025-05-27 14:25:36 [INFO] 收到第1次的抓取点位: C
2025-05-27 14:25:36 [INFO] [完成] 第1次抓取指令发送成功
2025-05-27 14:25:36 [INFO] 收到机械臂消息: no_grab
2025-05-27 14:25:36 [INFO] 
===== arm1 的处理流程已完成 =====

