2025-06-26 10:35:27 [INFO] 收到机械臂消息: yes_grab
2025-06-26 10:35:27 [INFO] 开始获取清晰图像...
2025-06-26 10:35:30 [INFO] 已保存original图像: C:\Users\diaoqingguang\Scrap_steel_system\Scrap_Steel_In_Field\photos\original\original_image_20250626_103530.jpg
2025-06-26 10:35:32 [INFO] [完成] 第1次原始图片拍照完成: C:\Users\diaoqingguang\Scrap_steel_system\Scrap_Steel_In_Field\photos\original\original_image_20250626_103530.jpg
2025-06-26 10:35:32 [INFO] [步骤3.1] 进行危险品推理
2025-06-26 10:35:32 [INFO] [完成] 危险品检测成功，发现 5 个危险品
2025-06-26 10:35:32 [INFO] 危险品 1: GasCyl1 (置信度: 0.90)
2025-06-26 10:35:32 [INFO] 危险品 2: GasCyl1 (置信度: 0.84)
2025-06-26 10:35:32 [INFO] 危险品 3: GasCyl1 (置信度: 0.68)
2025-06-26 10:35:32 [INFO] 危险品 4: GasCyl1 (置信度: 0.30)
2025-06-26 10:35:32 [INFO] 危险品 5: GasCyl1 (置信度: 0.28)
2025-06-26 10:35:32 [INFO] 危险品检测结果已写入JSON文件: C:\Users\diaoqingguang\Scrap_steel_system\Scrap_Steel_In_Field\photos\detection_results.json
2025-06-26 10:35:32 [INFO] [步骤3.2] 对原始图片进行废钢分割
2025-06-26 10:35:33 [INFO] [完成] 废钢分割成功
2025-06-26 10:35:33 [INFO] 检测到 484 个物体
2025-06-26 10:35:33 [INFO] 类别统计: {0: 7, 1: 51, 2: 25, 3: 9, 4: 29, 5: 23, 6: 19, 7: 34, 8: 39, 9: 47, 10: 26, 11: 10, 12: 19, 13: 101, 14: 0, 15: 45}
2025-06-26 10:35:33 [INFO] 面积统计: {0: 3040848.0, 1: 285408.0, 2: 43092.0, 3: 305820.0, 4: 144468.0, 5: 69696.0, 6: 666720.0, 7: 53100.0, 8: 879552.0, 9: 145656.0, 10: 169200.0, 11: 152784.0, 12: 73944.0, 13: 1020276.0, 14: 108.0, 15: 80820.0}
2025-06-26 10:35:33 [INFO] 废钢分割结果保存路径: C:\Users\diaoqingguang\Scrap_steel_system\Scrap_Steel_In_Field\photos\segmentation\segment_20250626_103532.jpg
2025-06-26 10:35:33 [INFO] 
[步骤3.3] 请求第1次抓取循环
2025-06-26 10:35:50 [INFO] 机械臂坐标系抓取点: [(412.8645725215784, -73.92817252017507), (417.41593003209175, 51.007658625255885), (421.9672875426051, 175.94348977068682)]
2025-06-26 10:35:50 [INFO] 抓取点坐标（z=0）:
2025-06-26 10:35:50 [INFO] 412.8645725215784,-73.92817252017507,0
2025-06-26 10:35:50 [INFO] 417.41593003209175,51.007658625255885,0
2025-06-26 10:35:50 [INFO] 421.9672875426051,175.94348977068682,0
2025-06-26 10:35:50 [INFO] 发送第一个抓取点坐标: 412.8645725215784,-73.92817252017507,0
2025-06-26 10:36:04 [INFO] 收到机械臂消息: A
2025-06-26 10:36:04 [INFO] 收到第1次的抓取点位: A
2025-06-26 10:36:04 [INFO] 发送第二个抓取点坐标: 417.41593003209175,51.007658625255885,0
2025-06-26 10:36:17 [INFO] 收到机械臂消息: B
2025-06-26 10:36:17 [INFO] 收到第1次的抓取点位: B
2025-06-26 10:36:17 [INFO] 发送第三个抓取点坐标: 421.9672875426051,175.94348977068682,0
2025-06-26 10:36:33 [INFO] 收到机械臂消息: C
2025-06-26 10:36:33 [INFO] 收到第1次的抓取点位: C
2025-06-26 10:36:33 [INFO] [完成] 第1次抓取指令发送成功
2025-06-26 10:36:33 [INFO] 收到机械臂消息: no_grab
2025-06-26 10:36:33 [INFO] 
===== arm1 的处理流程已完成 =====

