2025-05-14 11:29:47 [INFO] 
===== 开始 arm1 的处理流程 =====
2025-05-14 11:29:47 [INFO] 
[步骤1] 请求拍摄车体照片
2025-05-14 11:29:47 [INFO] 开始获取清晰图像...
2025-05-14 11:29:56 [INFO] 已保存vehicle图像: C:\Users\qinguang\feigangxiangmu\Scrap_steel_system\Scrap_Steel_Loading\photos\vehicle\vehicle_image_20250514_112956.jpg
2025-05-14 11:29:56 [INFO] [完成] 车体拍照完成: C:\Users\qinguang\feigangxiangmu\Scrap_steel_system\Scrap_Steel_Loading\photos\vehicle\vehicle_image_20250514_112956.jpg
2025-05-14 11:29:56 [INFO] 
[步骤2] 进行废钢检测
2025-05-14 11:29:56 [INFO] 收到机械臂消息: yes_grab
2025-05-14 11:29:56 [INFO] 开始获取清晰图像...
2025-05-14 11:30:41 [INFO] 已保存original图像: C:\Users\qinguang\feigangxiangmu\Scrap_steel_system\Scrap_Steel_Loading\photos\original\original_image_20250514_113041.jpg
2025-05-14 11:30:53 [INFO] [完成] 第1次原始图片拍照完成: C:\Users\qinguang\feigangxiangmu\Scrap_steel_system\Scrap_Steel_Loading\photos\original\original_image_20250514_113041.jpg
2025-05-14 11:30:53 [INFO] 图片路径已更新到 Flask 应用
2025-05-14 11:30:53 [INFO] [步骤3.1] 进行危险品推理
2025-05-14 11:30:53 [INFO] [完成] 危险品检测完成，未发现危险品
2025-05-14 11:30:53 [INFO] 危险品检测结果已写入JSON文件: C:\Users\qinguang\feigangxiangmu\Scrap_steel_system\Scrap_Steel_Loading\photos\detection_results.json
2025-05-14 11:30:53 [INFO] 检测结果的路径为：C:\Users\qinguang\feigangxiangmu\Scrap_steel_system\Scrap_Steel_Loading\photos\dangerous_det\detection_20250514_113053.jpg
2025-05-14 11:30:53 [INFO] 文件存在，大小: 134331 字节
2025-05-14 11:30:53 [INFO] 危险品检测结果已更新到 Flask 应用
2025-05-14 11:30:53 [INFO] [步骤3.2] 对原始图片进行废钢分割
2025-05-14 11:30:54 [WARNING] [警告] 废钢分割失败，将按默认流程继续
2025-05-14 11:30:54 [INFO] 
[步骤3.3] 请求第1次抓取循环
2025-05-14 11:33:34 [ERROR] [错误] 车体拍照处理过程中发生异常: object of type 'NoneType' has no len()
