2025-05-29 10:20:25 [INFO] 收到机械臂消息: yes_grab
2025-05-29 10:20:25 [INFO] 开始获取清晰图像...
2025-05-29 10:20:29 [INFO] 已保存original图像: C:\Users\diaoqingguang\Scrap_steel_system\Scrap_Steel_In_Field\photos\original\original_image_20250529_102028.jpg
2025-05-29 10:20:31 [INFO] [完成] 第1次原始图片拍照完成: C:\Users\diaoqingguang\Scrap_steel_system\Scrap_Steel_In_Field\photos\original\original_image_20250529_102028.jpg
2025-05-29 10:20:31 [INFO] [步骤3.1] 进行危险品推理
2025-05-29 10:20:31 [INFO] [完成] 危险品检测成功，发现 1 个危险品
2025-05-29 10:20:31 [INFO] 危险品 1: GasCyl1 (置信度: 0.52)
2025-05-29 10:20:31 [INFO] 危险品检测结果已写入JSON文件: C:\Users\diaoqingguang\Scrap_steel_system\Scrap_Steel_In_Field\photos\detection_results.json
2025-05-29 10:20:31 [INFO] [步骤3.2] 对原始图片进行废钢分割
2025-05-29 10:20:32 [INFO] [完成] 废钢分割成功
2025-05-29 10:20:32 [INFO] 检测到 433 个物体
2025-05-29 10:20:32 [INFO] 类别统计: {0: 7, 1: 71, 2: 12, 3: 4, 4: 25, 5: 13, 6: 28, 7: 25, 8: 41, 9: 32, 10: 20, 11: 9, 12: 19, 13: 100, 14: 0, 15: 27}
2025-05-29 10:20:32 [INFO] 面积统计: {0: 3067596.0, 1: 311688.0, 2: 26424.0, 3: 251352.0, 4: 282060.0, 5: 26136.0, 6: 736740.0, 7: 44100.0, 8: 669024.0, 9: 131580.0, 10: 128736.0, 11: 174492.0, 12: 130284.0, 13: 870372.0, 15: 59112.0}
2025-05-29 10:20:32 [INFO] 废钢分割结果保存路径: C:\Users\diaoqingguang\Scrap_steel_system\Scrap_Steel_In_Field\photos\segmentation\segment_20250529_102032.jpg
2025-05-29 10:20:32 [INFO] 
[步骤3.3] 请求第1次抓取循环
2025-05-29 10:20:36 [INFO] 机械臂坐标系抓取点: [(424.6464498686388, -78.61763853647008), (425.60937019941974, 46.096555713368694), (426.5722905302007, 170.81074996320746)]
2025-05-29 10:20:36 [INFO] 抓取点坐标（z=0）:
2025-05-29 10:20:36 [INFO] 424.6464498686388,-78.61763853647008,0
2025-05-29 10:20:36 [INFO] 425.60937019941974,46.096555713368694,0
2025-05-29 10:20:36 [INFO] 426.5722905302007,170.81074996320746,0
2025-05-29 10:20:36 [INFO] 发送第一个抓取点坐标: 424.6464498686388,-78.61763853647008,0
2025-05-29 10:20:50 [INFO] 收到机械臂消息: A
2025-05-29 10:20:50 [INFO] 收到第1次的抓取点位: A
2025-05-29 10:20:50 [INFO] 发送第二个抓取点坐标: 425.60937019941974,46.096555713368694,0
2025-05-29 10:21:03 [INFO] 收到机械臂消息: B
2025-05-29 10:21:03 [INFO] 收到第1次的抓取点位: B
2025-05-29 10:21:03 [INFO] 发送第三个抓取点坐标: 426.5722905302007,170.81074996320746,0
2025-05-29 10:21:19 [INFO] 收到机械臂消息: C
2025-05-29 10:21:19 [INFO] 收到第1次的抓取点位: C
2025-05-29 10:21:19 [INFO] [完成] 第1次抓取指令发送成功
2025-05-29 10:21:19 [INFO] 收到机械臂消息: no_grab
2025-05-29 10:21:19 [INFO] 
===== arm1 的处理流程已完成 =====

