2025-05-19 17:53:25 [INFO] 收到机械臂消息: yes_grab
2025-05-19 17:53:25 [INFO] 开始获取清晰图像...
2025-05-19 17:53:39 [INFO] 已保存original图像: C:\Users\qinguang\feigangxiangmu\Scrap_steel_system\Scrap_Steel_In_Field\photos\original\original_image_20250519_175339.jpg
2025-05-19 17:53:41 [INFO] [完成] 第1次原始图片拍照完成: C:\Users\qinguang\feigangxiangmu\Scrap_steel_system\Scrap_Steel_In_Field\photos\original\original_image_20250519_175339.jpg
2025-05-19 17:53:41 [INFO] 图片路径已更新到 Flask 应用
2025-05-19 17:53:41 [INFO] [步骤3.1] 进行危险品推理
2025-05-19 17:53:42 [INFO] [完成] 危险品检测成功，发现 2 个危险品
2025-05-19 17:53:42 [INFO] 危险品 1: GasCyl1 (置信度: 0.69)
2025-05-19 17:53:42 [INFO] 危险品 2: GasCyl1 (置信度: 0.42)
2025-05-19 17:53:42 [INFO] 危险品检测结果已写入JSON文件: C:\Users\qinguang\feigangxiangmu\Scrap_steel_system\Scrap_Steel_In_Field\photos\detection_results.json
2025-05-19 17:53:42 [INFO] 饼状图已更新到 Flask 应用
2025-05-19 17:53:42 [INFO] 检测结果的路径为：C:\Users\qinguang\feigangxiangmu\Scrap_steel_system\Scrap_Steel_In_Field\photos\dangerous_det\detection_20250519_175342.jpg
2025-05-19 17:53:42 [INFO] 文件存在，大小: 1969388 字节
2025-05-19 17:53:42 [INFO] 危险品检测结果已更新到 Flask 应用
2025-05-19 17:53:42 [INFO] [步骤3.2] 对原始图片进行废钢分割
2025-05-19 17:53:42 [WARNING] [警告] 废钢分割失败，将按默认流程继续
2025-05-19 17:53:42 [INFO] 
[步骤3.3] 请求第1次抓取循环
2025-05-19 17:53:54 [INFO] 机械臂坐标系抓取点: [(408.35482393998495, -146.6122984320615), (411.27908097183825, -20.8048699918818), (414.20333800369156, 105.00255844829788)]
2025-05-19 17:53:54 [INFO] 抓取点坐标（z=0）:
2025-05-19 17:53:54 [INFO] 408.35482393998495,-146.6122984320615,0
2025-05-19 17:53:54 [INFO] 411.27908097183825,-20.8048699918818,0
2025-05-19 17:53:54 [INFO] 414.20333800369156,105.00255844829788,0
2025-05-19 17:53:54 [INFO] 发送第一个抓取点坐标: 408.35482393998495,-146.6122984320615,0
2025-05-19 17:54:09 [INFO] 收到机械臂消息: A
2025-05-19 17:54:09 [INFO] 收到第1次的抓取点位: A
2025-05-19 17:54:09 [INFO] 发送第二个抓取点坐标: 411.27908097183825,-20.8048699918818,0
2025-05-19 17:54:22 [INFO] 收到机械臂消息: B
2025-05-19 17:54:22 [INFO] 收到第1次的抓取点位: B
2025-05-19 17:54:22 [INFO] 发送第三个抓取点坐标: 414.20333800369156,105.00255844829788,0
2025-05-19 17:54:38 [INFO] 收到机械臂消息: C
2025-05-19 17:54:38 [INFO] 收到第1次的抓取点位: C
2025-05-19 17:54:38 [INFO] [完成] 第1次抓取指令发送成功
2025-05-19 17:54:38 [INFO] 收到机械臂消息: no_grab
2025-05-19 17:54:38 [INFO] 
===== arm1 的处理流程已完成 =====

