2025-05-15 08:56:42 [INFO] 收到机械臂消息: yes_grab
2025-05-15 08:56:42 [INFO] 开始获取清晰图像...
2025-05-15 08:57:26 [INFO] 已保存original图像: C:\Users\qinguang\feigangxiangmu\Scrap_steel_system\Scrap_Steel_In_Field\photos\original\original_image_20250515_085726.jpg
2025-05-15 08:57:38 [INFO] [完成] 第1次原始图片拍照完成: C:\Users\qinguang\feigangxiangmu\Scrap_steel_system\Scrap_Steel_In_Field\photos\original\original_image_20250515_085726.jpg
2025-05-15 08:57:42 [ERROR] 更新图片路径到 Flask 应用时出错: HTTPConnectionPool(host='localhost', port=5000): Max retries exceeded with url: /set_image_path (Caused by NewConnectionError('<urllib3.connection.HTTPConnection object at 0x00000208432EF550>: Failed to establish a new connection: [WinError 10061] 由于目标计算机积极拒绝，无法连接。'))
2025-05-15 08:57:42 [INFO] [步骤3.1] 进行危险品推理
2025-05-15 08:57:43 [INFO] [完成] 危险品检测完成，未发现危险品
2025-05-15 08:57:43 [INFO] 危险品检测结果已写入JSON文件: C:\Users\qinguang\feigangxiangmu\Scrap_steel_system\Scrap_Steel_In_Field\photos\detection_results.json
2025-05-15 08:57:43 [INFO] 检测结果的路径为：C:\Users\qinguang\feigangxiangmu\Scrap_steel_system\Scrap_Steel_In_Field\photos\dangerous_det\detection_20250515_085743.jpg
2025-05-15 08:57:43 [INFO] 文件存在，大小: 133459 字节
2025-05-15 08:57:47 [ERROR] 更新危险品检测结果到 Flask 应用时出错: HTTPConnectionPool(host='localhost', port=5000): Max retries exceeded with url: /set_detection_path (Caused by NewConnectionError('<urllib3.connection.HTTPConnection object at 0x000002084333C2B0>: Failed to establish a new connection: [WinError 10061] 由于目标计算机积极拒绝，无法连接。'))
2025-05-15 08:57:47 [INFO] [步骤3.2] 对原始图片进行废钢分割
2025-05-15 08:57:47 [WARNING] [警告] 废钢分割失败，将按默认流程继续
2025-05-15 08:57:47 [INFO] 
[步骤3.3] 请求第1次抓取循环
2025-05-15 08:58:39 [INFO] 机械臂坐标系抓取点: [(406.02677985009825, -118.96887543765018), (410.45005425489, 10.311610266651343), (414.87332865968176, 139.59209597095287)]
2025-05-15 08:58:39 [INFO] 抓取点坐标（z=0）:
2025-05-15 08:58:39 [INFO] 406.02677985009825,-118.96887543765018,0
2025-05-15 08:58:39 [INFO] 410.45005425489,10.311610266651343,0
2025-05-15 08:58:39 [INFO] 414.87332865968176,139.59209597095287,0
2025-05-15 08:58:39 [INFO] 发送第一个抓取点坐标: 406.02677985009825,-118.96887543765018,0
2025-05-15 08:58:47 [INFO] 收到机械臂消息: A
2025-05-15 08:58:47 [INFO] 收到第1次的抓取点位: A
2025-05-15 08:58:47 [INFO] 发送第二个抓取点坐标: 410.45005425489,10.311610266651343,0
2025-05-15 08:59:01 [INFO] 收到机械臂消息: B
2025-05-15 08:59:01 [INFO] 收到第1次的抓取点位: B
2025-05-15 08:59:01 [INFO] 发送第三个抓取点坐标: 414.87332865968176,139.59209597095287,0
2025-05-15 08:59:17 [INFO] 收到机械臂消息: C
2025-05-15 08:59:17 [INFO] 收到第1次的抓取点位: C
2025-05-15 08:59:17 [INFO] [完成] 第1次抓取指令发送成功
2025-05-15 08:59:17 [INFO] 收到机械臂消息: no_grab
2025-05-15 08:59:17 [INFO] 
===== arm1 的处理流程已完成 =====

2025-05-15 08:59:17 [INFO] 机械臂处理流程已完成
