2025-05-28 16:16:28 [INFO] 收到机械臂消息: yes_grab
2025-05-28 16:16:28 [INFO] 开始获取清晰图像...
2025-05-28 16:16:37 [INFO] 已保存original图像: C:\Users\diaoqingguang\Scrap_steel_system\Scrap_Steel_In_Field\photos\original\original_image_20250528_161637.jpg
2025-05-28 16:16:39 [INFO] [完成] 第1次原始图片拍照完成: C:\Users\diaoqingguang\Scrap_steel_system\Scrap_Steel_In_Field\photos\original\original_image_20250528_161637.jpg
2025-05-28 16:16:39 [INFO] [步骤3.1] 进行危险品推理
2025-05-28 16:16:39 [INFO] [完成] 危险品检测成功，发现 2 个危险品
2025-05-28 16:16:39 [INFO] 危险品 1: GasCyl1 (置信度: 0.31)
2025-05-28 16:16:39 [INFO] 危险品 2: FireExt1 (置信度: 0.29)
2025-05-28 16:16:39 [INFO] 危险品检测结果已写入JSON文件: C:\Users\diaoqingguang\Scrap_steel_system\Scrap_Steel_In_Field\photos\detection_results.json
2025-05-28 16:16:39 [INFO] [步骤3.2] 对原始图片进行废钢分割
2025-05-28 16:16:40 [INFO] [完成] 废钢分割成功
2025-05-28 16:16:40 [INFO] 检测到 504 个物体
2025-05-28 16:16:40 [INFO] 类别统计: {0: 31, 1: 57, 2: 18, 3: 13, 4: 30, 5: 28, 6: 25, 7: 30, 8: 37, 9: 72, 10: 28, 11: 12, 12: 21, 13: 63, 14: 0, 15: 39}
2025-05-28 16:16:40 [INFO] 面积统计: {0: 4261320.0, 1: 694872.0, 2: 68364.0, 3: 327744.0, 4: 158400.0, 5: 54756.0, 6: 588456.0, 7: 61992.0, 8: 640764.0, 9: 264492.0, 10: 122688.0, 11: 249084.0, 12: 97272.0, 13: 872676.0, 15: 99396.0}
2025-05-28 16:16:40 [INFO] 废钢分割结果保存路径: C:\Users\diaoqingguang\Scrap_steel_system\Scrap_Steel_In_Field\photos\segmentation\segment_20250528_161639.jpg
2025-05-28 16:16:40 [INFO] 
[步骤3.3] 请求第1次抓取循环
2025-05-28 16:16:55 [INFO] 机械臂坐标系抓取点: [(466.2713861135731, -156.95337765058025), (467.79817357961485, -31.56334636524867), (469.3249610456566, 93.82668492008293)]
2025-05-28 16:16:55 [INFO] 抓取点坐标（z=0）:
2025-05-28 16:16:55 [INFO] 466.2713861135731,-156.95337765058025,0
2025-05-28 16:16:55 [INFO] 467.79817357961485,-31.56334636524867,0
2025-05-28 16:16:55 [INFO] 469.3249610456566,93.82668492008293,0
2025-05-28 16:16:55 [INFO] 发送第一个抓取点坐标: 466.2713861135731,-156.95337765058025,0
2025-05-28 16:17:10 [INFO] 收到机械臂消息: A
2025-05-28 16:17:10 [INFO] 收到第1次的抓取点位: A
2025-05-28 16:17:10 [INFO] 发送第二个抓取点坐标: 467.79817357961485,-31.56334636524867,0
2025-05-28 16:17:24 [INFO] 收到机械臂消息: B
2025-05-28 16:17:24 [INFO] 收到第1次的抓取点位: B
2025-05-28 16:17:24 [INFO] 发送第三个抓取点坐标: 469.3249610456566,93.82668492008293,0
2025-05-28 16:17:40 [INFO] 收到机械臂消息: C
2025-05-28 16:17:40 [INFO] 收到第1次的抓取点位: C
2025-05-28 16:17:40 [INFO] [完成] 第1次抓取指令发送成功
2025-05-28 16:17:40 [INFO] 收到机械臂消息: no_grab
2025-05-28 16:17:40 [INFO] 
===== arm1 的处理流程已完成 =====

