2025-04-30 15:47:52 [INFO] 
===== 开始 arm1 的处理流程 =====
2025-04-30 15:47:52 [INFO] 
[步骤1] 请求拍摄车体照片
2025-04-30 15:47:52 [INFO] 开始获取清晰图像...
2025-04-30 15:48:35 [INFO] 已保存vehicle图像: C:\Users\qinguang\feigangxiangmu\Scrap_steel_system\Scrap_Steel_Loading\photos\vehicle\vehicle_image_20250430_154835.jpg
2025-04-30 15:48:35 [INFO] [完成] 车体拍照完成: C:\Users\qinguang\feigangxiangmu\Scrap_steel_system\Scrap_Steel_Loading\photos\vehicle\vehicle_image_20250430_154835.jpg
2025-04-30 15:48:35 [INFO] 
[步骤2] 请求第1次原始图片拍照
2025-04-30 15:48:35 [INFO] 开始获取清晰图像...
2025-04-30 15:49:19 [INFO] 已保存original图像: C:\Users\qinguang\feigangxiangmu\Scrap_steel_system\Scrap_Steel_Loading\photos\original\original_image_20250430_154919.jpg
2025-04-30 15:49:20 [INFO] [完成] 第1次原始图片拍照完成: C:\Users\qinguang\feigangxiangmu\Scrap_steel_system\Scrap_Steel_Loading\photos\original\original_image_20250430_154919.jpg
2025-04-30 15:49:24 [ERROR] 更新图片路径到 Flask 应用时出错: HTTPConnectionPool(host='localhost', port=5000): Max retries exceeded with url: /set_image_path (Caused by NewConnectionError('<urllib3.connection.HTTPConnection object at 0x000001BB4CF79F90>: Failed to establish a new connection: [WinError 10061] 由于目标计算机积极拒绝，无法连接。'))
2025-04-30 15:49:24 [INFO] [步骤2.1] 进行危险品推理
2025-04-30 15:49:24 [INFO] [完成] 危险品检测完成，未发现危险品
2025-04-30 15:49:24 [INFO] 危险品检测结果已写入JSON文件: C:\Users\qinguang\feigangxiangmu\Scrap_steel_system\Scrap_Steel_Loading\photos\detection_results.json
2025-04-30 15:49:24 [INFO] 检测结果的路径为：C:\Users\qinguang\feigangxiangmu\Scrap_steel_system\Scrap_Steel_Loading\photos\dangerous_det\detection_20250430_154924.jpg
2025-04-30 15:49:24 [INFO] 文件存在，大小: 130247 字节
2025-04-30 15:49:29 [ERROR] 更新危险品检测结果到 Flask 应用时出错: HTTPConnectionPool(host='localhost', port=5000): Max retries exceeded with url: /set_detection_path (Caused by NewConnectionError('<urllib3.connection.HTTPConnection object at 0x000001BB4CF7AA10>: Failed to establish a new connection: [WinError 10061] 由于目标计算机积极拒绝，无法连接。'))
2025-04-30 15:49:29 [INFO] [步骤2.2] 对原始图片进行废钢分割
2025-04-30 15:49:29 [WARNING] [警告] 废钢分割失败，将按默认流程继续
2025-04-30 15:49:29 [INFO] 
[步骤2.3] 请求第1次抓取循环
2025-04-30 15:49:29 [INFO] [发送] → arm1: 'START_GRAB'
2025-04-30 15:49:29 [ERROR] [错误] 第1次抓取指令发送失败: [arm1] 没有连接的客户端
2025-04-30 15:49:29 [INFO] 
[步骤3] 请求第2次原始图片拍照
2025-04-30 15:49:29 [INFO] 开始获取清晰图像...
2025-04-30 15:50:12 [INFO] 已保存original图像: C:\Users\qinguang\feigangxiangmu\Scrap_steel_system\Scrap_Steel_Loading\photos\original\original_image_20250430_155012.jpg
2025-04-30 15:50:13 [INFO] [完成] 第2次原始图片拍照完成: C:\Users\qinguang\feigangxiangmu\Scrap_steel_system\Scrap_Steel_Loading\photos\original\original_image_20250430_155012.jpg
2025-04-30 15:50:17 [ERROR] 更新图片路径到 Flask 应用时出错: HTTPConnectionPool(host='localhost', port=5000): Max retries exceeded with url: /set_image_path (Caused by NewConnectionError('<urllib3.connection.HTTPConnection object at 0x000001BB4CF7A680>: Failed to establish a new connection: [WinError 10061] 由于目标计算机积极拒绝，无法连接。'))
2025-04-30 15:50:17 [INFO] [步骤3.1] 进行危险品推理
2025-04-30 15:50:18 [INFO] [完成] 危险品检测完成，未发现危险品
2025-04-30 15:50:18 [INFO] 危险品检测结果已写入JSON文件: C:\Users\qinguang\feigangxiangmu\Scrap_steel_system\Scrap_Steel_Loading\photos\detection_results.json
2025-04-30 15:50:18 [INFO] 检测结果的路径为：C:\Users\qinguang\feigangxiangmu\Scrap_steel_system\Scrap_Steel_Loading\photos\dangerous_det\detection_20250430_155017.jpg
2025-04-30 15:50:18 [INFO] 文件存在，大小: 130249 字节
2025-04-30 15:50:22 [ERROR] 更新危险品检测结果到 Flask 应用时出错: HTTPConnectionPool(host='localhost', port=5000): Max retries exceeded with url: /set_detection_path (Caused by NewConnectionError('<urllib3.connection.HTTPConnection object at 0x000001BB4CF78F70>: Failed to establish a new connection: [WinError 10061] 由于目标计算机积极拒绝，无法连接。'))
2025-04-30 15:50:22 [INFO] [步骤3.2] 对原始图片进行废钢分割
2025-04-30 15:50:22 [WARNING] [警告] 废钢分割失败，将按默认流程继续
2025-04-30 15:50:22 [INFO] 
[步骤3.3] 请求第2次抓取循环
2025-04-30 15:50:22 [INFO] [发送] → arm1: 'START_GRAB'
2025-04-30 15:50:22 [ERROR] [错误] 第2次抓取指令发送失败: [arm1] 没有连接的客户端
2025-04-30 15:50:22 [INFO] 
[步骤4] 请求第3次原始图片拍照
2025-04-30 15:50:22 [INFO] 开始获取清晰图像...
2025-04-30 15:51:06 [INFO] 已保存original图像: C:\Users\qinguang\feigangxiangmu\Scrap_steel_system\Scrap_Steel_Loading\photos\original\original_image_20250430_155106.jpg
2025-04-30 15:51:07 [INFO] [完成] 第3次原始图片拍照完成: C:\Users\qinguang\feigangxiangmu\Scrap_steel_system\Scrap_Steel_Loading\photos\original\original_image_20250430_155106.jpg
2025-04-30 15:51:11 [ERROR] 更新图片路径到 Flask 应用时出错: HTTPConnectionPool(host='localhost', port=5000): Max retries exceeded with url: /set_image_path (Caused by NewConnectionError('<urllib3.connection.HTTPConnection object at 0x000001BB4CF7B520>: Failed to establish a new connection: [WinError 10061] 由于目标计算机积极拒绝，无法连接。'))
2025-04-30 15:51:11 [INFO] [步骤4.1] 进行危险品推理
2025-04-30 15:51:11 [INFO] [完成] 危险品检测完成，未发现危险品
2025-04-30 15:51:11 [INFO] 危险品检测结果已写入JSON文件: C:\Users\qinguang\feigangxiangmu\Scrap_steel_system\Scrap_Steel_Loading\photos\detection_results.json
2025-04-30 15:51:11 [INFO] 检测结果的路径为：C:\Users\qinguang\feigangxiangmu\Scrap_steel_system\Scrap_Steel_Loading\photos\dangerous_det\detection_20250430_155111.jpg
2025-04-30 15:51:11 [INFO] 文件存在，大小: 1222080 字节
2025-04-30 15:51:15 [ERROR] 更新危险品检测结果到 Flask 应用时出错: HTTPConnectionPool(host='localhost', port=5000): Max retries exceeded with url: /set_detection_path (Caused by NewConnectionError('<urllib3.connection.HTTPConnection object at 0x000001BB4CF79F60>: Failed to establish a new connection: [WinError 10061] 由于目标计算机积极拒绝，无法连接。'))
2025-04-30 15:51:15 [INFO] [步骤4.2] 对原始图片进行废钢分割
2025-04-30 15:51:16 [WARNING] [警告] 废钢分割失败，将按默认流程继续
2025-04-30 15:51:16 [INFO] 
[步骤4.3] 请求第3次抓取循环
2025-04-30 15:51:16 [INFO] [发送] → arm1: 'START_GRAB'
2025-04-30 15:51:16 [ERROR] [错误] 第3次抓取指令发送失败: [arm1] 没有连接的客户端
2025-04-30 15:51:16 [INFO] 
===== arm1 的处理流程已完成 =====

