2025-04-28 18:26:23 [INFO] 
===== 开始 arm1 的处理流程 =====
2025-04-28 18:26:23 [INFO] 
[步骤1] 请求拍摄车体照片
2025-04-28 18:26:23 [INFO] 开始获取清晰图像...
2025-04-28 18:26:27 [INFO] 已保存vehicle图像: C:\Users\qinguang\feigangxiangmu\Scrap_steel_system\Scrap_Steel_Loading\photos\vehicle\vehicle_image_20250428_182627.jpg
2025-04-28 18:26:27 [INFO] [完成] 车体拍照完成: C:\Users\qinguang\feigangxiangmu\Scrap_steel_system\Scrap_Steel_Loading\photos\vehicle\vehicle_image_20250428_182627.jpg
2025-04-28 18:26:27 [INFO] 
[步骤2] 请求第1次原始图片拍照
2025-04-28 18:26:27 [INFO] 开始获取清晰图像...
2025-04-28 18:26:31 [INFO] 已保存original图像: C:\Users\qinguang\feigangxiangmu\Scrap_steel_system\Scrap_Steel_Loading\photos\original\original_image_20250428_182631.jpg
2025-04-28 18:26:31 [INFO] [完成] 第1次原始图片拍照完成: C:\Users\qinguang\feigangxiangmu\Scrap_steel_system\Scrap_Steel_Loading\photos\original\original_image_20250428_182631.jpg
2025-04-28 18:26:31 [INFO] 图片路径已更新到 Flask 应用
2025-04-28 18:26:31 [INFO] [步骤2.1] 进行危险品推理
2025-04-28 18:26:31 [INFO] [完成] 危险品检测成功，发现 1 个危险品
2025-04-28 18:26:31 [INFO] 危险品 1: FireExt1 (置信度: 0.49)
2025-04-28 18:26:31 [INFO] 危险品检测结果已写入JSON文件: C:\Users\qinguang\feigangxiangmu\Scrap_steel_system\Scrap_Steel_Loading\photos\detection_results.json
2025-04-28 18:26:31 [INFO] 饼状图已更新到 Flask 应用
2025-04-28 18:26:31 [INFO] 检测结果的路径为：C:\Users\qinguang\feigangxiangmu\Scrap_steel_system\Scrap_Steel_Loading\photos\dangerous_det\detection_20250428_182631.jpg
2025-04-28 18:26:31 [INFO] 文件存在，大小: 1479663 字节
2025-04-28 18:26:31 [INFO] 危险品检测结果已更新到 Flask 应用
2025-04-28 18:26:31 [INFO] [步骤2.2] 对原始图片进行废钢分割
2025-04-28 18:26:31 [WARNING] [警告] 废钢分割失败，将按默认流程继续
2025-04-28 18:26:31 [INFO] 
[步骤2.3] 请求第1次抓取循环
2025-04-28 18:26:31 [INFO] [发送] → arm1: 'START_GRAB'
2025-04-28 18:26:31 [INFO] [完成] 第1次抓取指令发送成功
