2025-05-29 17:35:59 [INFO] 收到机械臂消息: yes_grab
2025-05-29 17:35:59 [INFO] 开始获取清晰图像...
2025-05-29 17:36:07 [INFO] 已保存original图像: C:\Users\diaoqingguang\Scrap_steel_system\Scrap_Steel_In_Field\photos\original\original_image_20250529_173607.jpg
2025-05-29 17:36:10 [INFO] [完成] 第1次原始图片拍照完成: C:\Users\diaoqingguang\Scrap_steel_system\Scrap_Steel_In_Field\photos\original\original_image_20250529_173607.jpg
2025-05-29 17:36:10 [INFO] [步骤3.1] 进行危险品推理
2025-05-29 17:36:10 [INFO] [完成] 危险品检测成功，发现 3 个危险品
2025-05-29 17:36:10 [INFO] 危险品 1: GasCyl1 (置信度: 0.94)
2025-05-29 17:36:10 [INFO] 危险品 2: GasCyl1 (置信度: 0.91)
2025-05-29 17:36:10 [INFO] 危险品 3: GasCyl1 (置信度: 0.82)
2025-05-29 17:36:10 [INFO] 危险品检测结果已写入JSON文件: C:\Users\diaoqingguang\Scrap_steel_system\Scrap_Steel_In_Field\photos\detection_results.json
2025-05-29 17:36:10 [INFO] [步骤3.2] 对原始图片进行废钢分割
2025-05-29 17:36:10 [INFO] [完成] 废钢分割成功
2025-05-29 17:36:10 [INFO] 检测到 533 个物体
2025-05-29 17:36:10 [INFO] 类别统计: {0: 6, 1: 46, 2: 24, 3: 4, 4: 30, 5: 37, 6: 35, 7: 37, 8: 64, 9: 47, 10: 27, 11: 6, 12: 24, 13: 120, 14: 0, 15: 26}
2025-05-29 17:36:10 [INFO] 面积统计: {0: 2584944.0, 1: 360000.0, 2: 71136.0, 3: 263628.0, 4: 246384.0, 5: 73872.0, 6: 830916.0, 7: 64476.0, 8: 693036.0, 9: 105984.0, 10: 140040.0, 11: 187236.0, 12: 98388.0, 13: 1006560.0, 14: 36.0, 15: 51228.0}
2025-05-29 17:36:10 [INFO] 废钢分割结果保存路径: C:\Users\diaoqingguang\Scrap_steel_system\Scrap_Steel_In_Field\photos\segmentation\segment_20250529_173610.jpg
2025-05-29 17:36:10 [INFO] 
[步骤3.3] 请求第1次抓取循环
2025-05-29 17:36:13 [INFO] 机械臂坐标系抓取点: [(395.897588437237, -26.468485030096417), (397.5968160661386, 97.35294879661186), (399.2960436950402, 221.17438262332013)]
2025-05-29 17:36:13 [INFO] 抓取点坐标（z=0）:
2025-05-29 17:36:13 [INFO] 395.897588437237,-26.468485030096417,0
2025-05-29 17:36:13 [INFO] 397.5968160661386,97.35294879661186,0
2025-05-29 17:36:13 [INFO] 399.2960436950402,221.17438262332013,0
2025-05-29 17:36:13 [INFO] 发送第一个抓取点坐标: 395.897588437237,-26.468485030096417,0
2025-05-29 17:36:27 [INFO] 收到机械臂消息: A
2025-05-29 17:36:27 [INFO] 收到第1次的抓取点位: A
2025-05-29 17:36:27 [INFO] 发送第二个抓取点坐标: 397.5968160661386,97.35294879661186,0
2025-05-29 17:36:41 [INFO] 收到机械臂消息: B
2025-05-29 17:36:41 [INFO] 收到第1次的抓取点位: B
2025-05-29 17:36:41 [INFO] 发送第三个抓取点坐标: 399.2960436950402,221.17438262332013,0
2025-05-29 17:36:57 [INFO] 收到机械臂消息: C
2025-05-29 17:36:57 [INFO] 收到第1次的抓取点位: C
2025-05-29 17:36:57 [INFO] [完成] 第1次抓取指令发送成功
2025-05-29 17:36:57 [INFO] 收到机械臂消息: no_grab
2025-05-29 17:36:57 [INFO] 
===== arm1 的处理流程已完成 =====

