2025-05-15 22:03:32 [INFO] 收到机械臂消息: yes_grab
2025-05-15 22:03:32 [INFO] 开始获取清晰图像...
2025-05-15 22:04:17 [INFO] 已保存original图像: C:\Users\qinguang\feigangxiangmu\Scrap_steel_system\Scrap_Steel_In_Field\photos\original\original_image_20250515_220417.jpg
2025-05-15 22:04:19 [INFO] [完成] 第1次原始图片拍照完成: C:\Users\qinguang\feigangxiangmu\Scrap_steel_system\Scrap_Steel_In_Field\photos\original\original_image_20250515_220417.jpg
2025-05-15 22:04:23 [ERROR] 更新图片路径到 Flask 应用时出错: HTTPConnectionPool(host='localhost', port=5000): Max retries exceeded with url: /set_image_path (Caused by NewConnectionError('<urllib3.connection.HTTPConnection object at 0x000001DE86FC3490>: Failed to establish a new connection: [WinError 10061] 由于目标计算机积极拒绝，无法连接。'))
2025-05-15 22:04:23 [INFO] [步骤3.1] 进行危险品推理
2025-05-15 22:04:25 [INFO] [完成] 危险品检测完成，未发现危险品
2025-05-15 22:04:25 [INFO] 危险品检测结果已写入JSON文件: C:\Users\qinguang\feigangxiangmu\Scrap_steel_system\Scrap_Steel_In_Field\photos\detection_results.json
2025-05-15 22:04:29 [ERROR] 更新饼状图到 Flask 应用时出错: HTTPConnectionPool(host='localhost', port=5000): Max retries exceeded with url: /set_pie_chart_path (Caused by NewConnectionError('<urllib3.connection.HTTPConnection object at 0x000001DE86F32FB0>: Failed to establish a new connection: [WinError 10061] 由于目标计算机积极拒绝，无法连接。'))
2025-05-15 22:04:29 [INFO] 检测结果的路径为：C:\Users\qinguang\feigangxiangmu\Scrap_steel_system\Scrap_Steel_In_Field\photos\dangerous_det\detection_20250515_220424.jpg
2025-05-15 22:04:29 [INFO] 文件存在，大小: 144986 字节
2025-05-15 22:04:33 [ERROR] 更新危险品检测结果到 Flask 应用时出错: HTTPConnectionPool(host='localhost', port=5000): Max retries exceeded with url: /set_detection_path (Caused by NewConnectionError('<urllib3.connection.HTTPConnection object at 0x000001DE86F32DD0>: Failed to establish a new connection: [WinError 10061] 由于目标计算机积极拒绝，无法连接。'))
2025-05-15 22:04:33 [INFO] [步骤3.2] 对原始图片进行废钢分割
2025-05-15 22:04:33 [WARNING] [警告] 废钢分割失败，将按默认流程继续
2025-05-15 22:04:33 [INFO] 
[步骤3.3] 请求第1次抓取循环
2025-05-15 22:05:15 [INFO] 机械臂坐标系抓取点: [(534.4109385824531, -151.56588868486637), (535.9003500626491, -22.48997813695526), (537.389761542845, 106.58593241095586)]
2025-05-15 22:05:15 [INFO] 抓取点坐标（z=0）:
2025-05-15 22:05:15 [INFO] 534.4109385824531,-151.56588868486637,0
2025-05-15 22:05:15 [INFO] 535.9003500626491,-22.48997813695526,0
2025-05-15 22:05:15 [INFO] 537.389761542845,106.58593241095586,0
2025-05-15 22:05:15 [INFO] 发送第一个抓取点坐标: 534.4109385824531,-151.56588868486637,0
2025-05-15 22:05:29 [INFO] 收到机械臂消息: A
2025-05-15 22:05:29 [INFO] 收到第1次的抓取点位: A
2025-05-15 22:05:29 [INFO] 发送第二个抓取点坐标: 535.9003500626491,-22.48997813695526,0
2025-05-15 22:05:43 [INFO] 收到机械臂消息: B
2025-05-15 22:05:43 [INFO] 收到第1次的抓取点位: B
2025-05-15 22:05:43 [INFO] 发送第三个抓取点坐标: 537.389761542845,106.58593241095586,0
2025-05-15 22:06:00 [INFO] 收到机械臂消息: C
2025-05-15 22:06:00 [INFO] 收到第1次的抓取点位: C
2025-05-15 22:06:00 [INFO] [完成] 第1次抓取指令发送成功
2025-05-15 22:06:00 [INFO] 收到机械臂消息: no_grab
2025-05-15 22:06:00 [INFO] 
===== arm1 的处理流程已完成 =====

