2025-05-28 16:29:36 [INFO] 收到机械臂消息: yes_grab
2025-05-28 16:29:36 [INFO] 开始获取清晰图像...
2025-05-28 16:29:40 [INFO] 已保存original图像: C:\Users\diaoqingguang\Scrap_steel_system\Scrap_Steel_In_Field\photos\original\original_image_20250528_162940.jpg
2025-05-28 16:29:42 [INFO] [完成] 第1次原始图片拍照完成: C:\Users\diaoqingguang\Scrap_steel_system\Scrap_Steel_In_Field\photos\original\original_image_20250528_162940.jpg
2025-05-28 16:29:42 [INFO] [步骤3.1] 进行危险品推理
2025-05-28 16:29:42 [INFO] [完成] 危险品检测完成，未发现危险品
2025-05-28 16:29:42 [INFO] 危险品检测结果已写入JSON文件: C:\Users\diaoqingguang\Scrap_steel_system\Scrap_Steel_In_Field\photos\detection_results.json
2025-05-28 16:29:42 [INFO] [步骤3.2] 对原始图片进行废钢分割
2025-05-28 16:29:43 [INFO] [完成] 废钢分割成功
2025-05-28 16:29:43 [INFO] 检测到 434 个物体
2025-05-28 16:29:43 [INFO] 类别统计: {0: 15, 1: 62, 2: 13, 3: 13, 4: 29, 5: 17, 6: 20, 7: 24, 8: 30, 9: 46, 10: 17, 11: 9, 12: 18, 13: 78, 14: 0, 15: 43}
2025-05-28 16:29:43 [INFO] 面积统计: {0: 3579912.0, 1: 316368.0, 2: 59040.0, 3: 381708.0, 4: 166500.0, 5: 54072.0, 6: 600012.0, 7: 45612.0, 8: 702756.0, 9: 286020.0, 10: 95688.0, 11: 196056.0, 12: 109872.0, 13: 739692.0, 14: 72.0, 15: 99396.0}
2025-05-28 16:29:43 [INFO] 废钢分割结果保存路径: C:\Users\diaoqingguang\Scrap_steel_system\Scrap_Steel_In_Field\photos\segmentation\segment_20250528_162942.jpg
2025-05-28 16:29:43 [INFO] 
[步骤3.3] 请求第1次抓取循环
2025-05-28 16:29:54 [INFO] 机械臂坐标系抓取点: [(443.68642937148945, -98.82865538718005), (446.7326410354773, 26.279780719119394), (449.7788526994651, 151.38821682541885)]
2025-05-28 16:29:54 [INFO] 抓取点坐标（z=0）:
2025-05-28 16:29:54 [INFO] 443.68642937148945,-98.82865538718005,0
2025-05-28 16:29:54 [INFO] 446.7326410354773,26.279780719119394,0
2025-05-28 16:29:54 [INFO] 449.7788526994651,151.38821682541885,0
2025-05-28 16:29:54 [INFO] 发送第一个抓取点坐标: 443.68642937148945,-98.82865538718005,0
2025-05-28 16:30:08 [INFO] 收到机械臂消息: A
2025-05-28 16:30:08 [INFO] 收到第1次的抓取点位: A
2025-05-28 16:30:08 [INFO] 发送第二个抓取点坐标: 446.7326410354773,26.279780719119394,0
2025-05-28 16:30:21 [INFO] 收到机械臂消息: B
2025-05-28 16:30:21 [INFO] 收到第1次的抓取点位: B
2025-05-28 16:30:21 [INFO] 发送第三个抓取点坐标: 449.7788526994651,151.38821682541885,0
2025-05-28 16:30:37 [INFO] 收到机械臂消息: C
2025-05-28 16:30:37 [INFO] 收到第1次的抓取点位: C
2025-05-28 16:30:37 [INFO] [完成] 第1次抓取指令发送成功
2025-05-28 16:30:38 [INFO] 收到机械臂消息: no_grab
2025-05-28 16:30:38 [INFO] 
===== arm1 的处理流程已完成 =====

