2025-05-09 21:03:28 [INFO] 
===== 开始 arm1 的处理流程 =====
2025-05-09 21:03:28 [INFO] 
[步骤1] 请求拍摄车体照片
2025-05-09 21:03:28 [INFO] 开始获取清晰图像...
2025-05-09 21:04:08 [INFO] 已保存vehicle图像: C:\Users\qinguang\feigangxiangmu\Scrap_steel_system\Scrap_Steel_Loading\photos\vehicle\vehicle_image_20250509_210408.jpg
2025-05-09 21:04:08 [INFO] [完成] 车体拍照完成: C:\Users\qinguang\feigangxiangmu\Scrap_steel_system\Scrap_Steel_Loading\photos\vehicle\vehicle_image_20250509_210408.jpg
2025-05-09 21:04:08 [INFO] 
[步骤2] 请求第1次原始图片拍照
2025-05-09 21:04:08 [INFO] 开始获取清晰图像...
2025-05-09 21:04:54 [INFO] 已保存original图像: C:\Users\qinguang\feigangxiangmu\Scrap_steel_system\Scrap_Steel_Loading\photos\original\original_image_20250509_210454.jpg
2025-05-09 21:05:06 [INFO] [完成] 第1次原始图片拍照完成: C:\Users\qinguang\feigangxiangmu\Scrap_steel_system\Scrap_Steel_Loading\photos\original\original_image_20250509_210454.jpg
2025-05-09 21:05:10 [ERROR] 更新图片路径到 Flask 应用时出错: HTTPConnectionPool(host='localhost', port=5000): Max retries exceeded with url: /set_image_path (Caused by NewConnectionError('<urllib3.connection.HTTPConnection object at 0x00000162BB589510>: Failed to establish a new connection: [WinError 10061] 由于目标计算机积极拒绝，无法连接。'))
2025-05-09 21:05:10 [INFO] [步骤2.1] 进行危险品推理
2025-05-09 21:05:12 [INFO] [完成] 危险品检测完成，未发现危险品
2025-05-09 21:05:12 [INFO] 危险品检测结果已写入JSON文件: C:\Users\qinguang\feigangxiangmu\Scrap_steel_system\Scrap_Steel_Loading\photos\detection_results.json
2025-05-09 21:05:12 [INFO] 检测结果的路径为：C:\Users\qinguang\feigangxiangmu\Scrap_steel_system\Scrap_Steel_Loading\photos\dangerous_det\detection_20250509_210512.jpg
2025-05-09 21:05:12 [INFO] 文件存在，大小: 155419 字节
2025-05-09 21:05:17 [ERROR] 更新危险品检测结果到 Flask 应用时出错: HTTPConnectionPool(host='localhost', port=5000): Max retries exceeded with url: /set_detection_path (Caused by NewConnectionError('<urllib3.connection.HTTPConnection object at 0x00000162BB556F50>: Failed to establish a new connection: [WinError 10061] 由于目标计算机积极拒绝，无法连接。'))
2025-05-09 21:05:17 [INFO] [步骤2.2] 对原始图片进行废钢分割
2025-05-09 21:05:17 [WARNING] [警告] 废钢分割失败，将按默认流程继续
2025-05-09 21:05:17 [INFO] 
[步骤2.3] 请求第1次抓取循环
2025-05-09 21:05:17 [INFO] [发送] → arm1: 'START_GRAB'
2025-05-09 21:05:37 [INFO] 机械臂坐标系抓取点: [(400.36181640625, -71.06505584716797), (400.1892395019531, 50.046875), (394.10394287109375, 170.709228515625)]
2025-05-09 21:05:37 [INFO] 抓取点坐标（带z=0）:
2025-05-09 21:05:37 [INFO] 400.36181640625,-71.06505584716797,0
2025-05-09 21:05:37 [INFO] 400.1892395019531,50.046875,0
2025-05-09 21:05:37 [INFO] 394.10394287109375,170.709228515625,0
2025-05-09 21:05:37 [INFO] 发送第一个抓取点坐标: 400.36181640625, -71.06505584716797, 0
2025-05-09 21:05:37 [INFO] 发送第二个抓取点坐标: 400.1892395019531, 50.046875, 0
2025-05-09 21:05:37 [INFO] 发送第三个抓取点坐标: 394.10394287109375, 170.709228515625, 0
2025-05-09 21:05:37 [INFO] [完成] 第1次抓取指令发送成功
