2025-05-29 14:22:57 [INFO] 收到机械臂消息: yes_grab
2025-05-29 14:22:57 [INFO] 开始获取清晰图像...
2025-05-29 14:23:05 [INFO] 已保存original图像: C:\Users\diaoqingguang\Scrap_steel_system\Scrap_Steel_In_Field\photos\original\original_image_20250529_142305.jpg
2025-05-29 14:23:07 [INFO] [完成] 第1次原始图片拍照完成: C:\Users\diaoqingguang\Scrap_steel_system\Scrap_Steel_In_Field\photos\original\original_image_20250529_142305.jpg
2025-05-29 14:23:07 [INFO] [步骤3.1] 进行危险品推理
2025-05-29 14:23:08 [INFO] [完成] 危险品检测成功，发现 3 个危险品
2025-05-29 14:23:08 [INFO] 危险品 1: GasCyl1 (置信度: 0.93)
2025-05-29 14:23:08 [INFO] 危险品 2: GasCyl1 (置信度: 0.92)
2025-05-29 14:23:08 [INFO] 危险品 3: GasCyl1 (置信度: 0.86)
2025-05-29 14:23:08 [INFO] 危险品检测结果已写入JSON文件: C:\Users\diaoqingguang\Scrap_steel_system\Scrap_Steel_In_Field\photos\detection_results.json
2025-05-29 14:23:08 [INFO] [步骤3.2] 对原始图片进行废钢分割
2025-05-29 14:23:08 [INFO] [完成] 废钢分割成功
2025-05-29 14:23:08 [INFO] 检测到 508 个物体
2025-05-29 14:23:08 [INFO] 类别统计: {0: 17, 1: 56, 2: 23, 3: 4, 4: 33, 5: 46, 6: 20, 7: 48, 8: 45, 9: 37, 10: 26, 11: 9, 12: 19, 13: 97, 14: 0, 15: 28}
2025-05-29 14:23:08 [INFO] 面积统计: {0: 3036168.0, 1: 416088.0, 2: 78588.0, 3: 290052.0, 4: 107820.0, 5: 87660.0, 6: 611208.0, 7: 67140.0, 8: 650916.0, 9: 150048.0, 10: 134568.0, 11: 167868.0, 12: 81432.0, 13: 1246680.0, 15: 54720.0}
2025-05-29 14:23:08 [INFO] 废钢分割结果保存路径: C:\Users\diaoqingguang\Scrap_steel_system\Scrap_Steel_In_Field\photos\segmentation\segment_20250529_142308.jpg
2025-05-29 14:23:08 [INFO] 
[步骤3.3] 请求第1次抓取循环
2025-05-29 14:23:32 [INFO] 机械臂坐标系抓取点: [(380.116133624521, -130.56161971330317), (381.9880919027426, -5.7498050474281825), (383.8600501809642, 119.06200961844681)]
2025-05-29 14:23:32 [INFO] 抓取点坐标（z=0）:
2025-05-29 14:23:32 [INFO] 380.116133624521,-130.56161971330317,0
2025-05-29 14:23:32 [INFO] 381.9880919027426,-5.7498050474281825,0
2025-05-29 14:23:32 [INFO] 383.8600501809642,119.06200961844681,0
2025-05-29 14:23:32 [INFO] 发送第一个抓取点坐标: 380.116133624521,-130.56161971330317,0
2025-05-29 14:23:46 [INFO] 收到机械臂消息: A
2025-05-29 14:23:46 [INFO] 收到第1次的抓取点位: A
2025-05-29 14:23:46 [INFO] 发送第二个抓取点坐标: 381.9880919027426,-5.7498050474281825,0
2025-05-29 14:24:00 [INFO] 收到机械臂消息: B
2025-05-29 14:24:00 [INFO] 收到第1次的抓取点位: B
2025-05-29 14:24:00 [INFO] 发送第三个抓取点坐标: 383.8600501809642,119.06200961844681,0
2025-05-29 14:24:16 [INFO] 收到机械臂消息: C
2025-05-29 14:24:16 [INFO] 收到第1次的抓取点位: C
2025-05-29 14:24:16 [INFO] [完成] 第1次抓取指令发送成功
2025-05-29 14:24:16 [INFO] 收到机械臂消息: no_grab
2025-05-29 14:24:16 [INFO] 
===== arm1 的处理流程已完成 =====

