2025-07-01 10:36:30 [INFO] 收到机械臂消息: yes_grab
2025-07-01 10:36:30 [INFO] 开始获取清晰图像...
2025-07-01 10:36:49 [INFO] 已保存original图像: C:\Users\diaoqingguang\Scrap_steel_system\Scrap_Steel_In_Field\photos\original\original_image_20250701_103649.jpg
2025-07-01 10:36:51 [INFO] [完成] 第1次原始图片拍照完成: C:\Users\diaoqingguang\Scrap_steel_system\Scrap_Steel_In_Field\photos\original\original_image_20250701_103649.jpg
2025-07-01 10:36:51 [INFO] [步骤3.1] 进行危险品推理
2025-07-01 10:36:51 [INFO] [完成] 危险品检测成功，发现 4 个危险品
2025-07-01 10:36:51 [INFO] 危险品 1: GasCyl1 (置信度: 0.91)
2025-07-01 10:36:51 [INFO] 危险品 2: GasCyl1 (置信度: 0.87)
2025-07-01 10:36:51 [INFO] 危险品 3: GasCyl1 (置信度: 0.87)
2025-07-01 10:36:51 [INFO] 危险品 4: GasCyl1 (置信度: 0.38)
2025-07-01 10:36:51 [INFO] 危险品检测结果已写入JSON文件: C:\Users\diaoqingguang\Scrap_steel_system\Scrap_Steel_In_Field\photos\detection_results.json
2025-07-01 10:36:51 [INFO] [步骤3.2] 对原始图片进行废钢分割
2025-07-01 10:36:53 [INFO] [完成] 废钢分割成功
2025-07-01 10:36:53 [INFO] 检测到 551 个物体
2025-07-01 10:36:53 [INFO] 类别统计: {0: 11, 1: 80, 2: 21, 3: 4, 4: 33, 5: 36, 6: 21, 7: 51, 8: 48, 9: 48, 10: 35, 11: 8, 12: 16, 13: 116, 14: 0, 15: 23}
2025-07-01 10:36:53 [INFO] 面积统计: {0: 3102228.0, 1: 428508.0, 2: 67212.0, 3: 277812.0, 4: 180360.0, 5: 110628.0, 6: 672192.0, 7: 60480.0, 8: 770796.0, 9: 119772.0, 10: 150156.0, 11: 169164.0, 12: 143496.0, 13: 847188.0, 14: 72.0, 15: 46368.0}
2025-07-01 10:36:53 [INFO] 废钢分割结果保存路径: C:\Users\diaoqingguang\Scrap_steel_system\Scrap_Steel_In_Field\photos\segmentation\segment_20250701_103652.jpg
2025-07-01 10:36:53 [INFO] 
[步骤3.3] 请求第1次抓取循环
2025-07-01 10:36:56 [INFO] 机械臂坐标系抓取点: [(422.23515004341226, -49.14330648950681), (423.1888939122338, 75.42627652702436), (424.1426377810554, 199.99585954355553)]
2025-07-01 10:36:56 [INFO] 抓取点坐标（z=0）:
2025-07-01 10:36:56 [INFO] 422.23515004341226,-49.14330648950681,0
2025-07-01 10:36:56 [INFO] 423.1888939122338,75.42627652702436,0
2025-07-01 10:36:56 [INFO] 424.1426377810554,199.99585954355553,0
2025-07-01 10:36:56 [INFO] 发送第一个抓取点坐标: 422.23515004341226,-49.14330648950681,0
2025-07-01 10:37:14 [INFO] 收到机械臂消息: A
2025-07-01 10:37:14 [INFO] 收到第1次的抓取点位: A
2025-07-01 10:37:14 [INFO] 发送第二个抓取点坐标: 423.1888939122338,75.42627652702436,0
2025-07-01 10:37:31 [INFO] 收到机械臂消息: B
2025-07-01 10:37:31 [INFO] 收到第1次的抓取点位: B
2025-07-01 10:37:31 [INFO] 发送第三个抓取点坐标: 424.1426377810554,199.99585954355553,0
2025-07-01 10:37:52 [INFO] 收到机械臂消息: C
2025-07-01 10:37:52 [INFO] 收到第1次的抓取点位: C
2025-07-01 10:37:52 [INFO] [完成] 第1次抓取指令发送成功
2025-07-01 10:37:52 [INFO] 收到机械臂消息: no_grab
2025-07-01 10:37:52 [INFO] 
===== arm1 的处理流程已完成 =====

