2025-05-20 17:33:03 [INFO] 收到机械臂消息: yes_grab
2025-05-20 17:33:03 [INFO] 开始获取清晰图像...
2025-05-20 17:33:18 [INFO] 已保存original图像: C:\Users\qinguang\feigangxiangmu\Scrap_steel_system\Scrap_Steel_In_Field\photos\original\original_image_20250520_173318.jpg
2025-05-20 17:33:30 [INFO] [完成] 第1次原始图片拍照完成: C:\Users\qinguang\feigangxiangmu\Scrap_steel_system\Scrap_Steel_In_Field\photos\original\original_image_20250520_173318.jpg
2025-05-20 17:33:30 [INFO] 图片路径已更新到 Flask 应用
2025-05-20 17:33:30 [INFO] [步骤3.1] 进行危险品推理
2025-05-20 17:33:31 [INFO] [完成] 危险品检测成功，发现 4 个危险品
2025-05-20 17:33:31 [INFO] 危险品 1: GasCyl1 (置信度: 0.74)
2025-05-20 17:33:31 [INFO] 危险品 2: FireExt1 (置信度: 0.46)
2025-05-20 17:33:31 [INFO] 危险品 3: FireExt1 (置信度: 0.41)
2025-05-20 17:33:31 [INFO] 危险品 4: FireExt1 (置信度: 0.30)
2025-05-20 17:33:31 [INFO] 危险品检测结果已写入JSON文件: C:\Users\qinguang\feigangxiangmu\Scrap_steel_system\Scrap_Steel_In_Field\photos\detection_results.json
2025-05-20 17:33:31 [INFO] 饼状图已更新到 Flask 应用
2025-05-20 17:33:31 [INFO] 检测结果的路径为：C:\Users\qinguang\feigangxiangmu\Scrap_steel_system\Scrap_Steel_In_Field\photos\dangerous_det\detection_20250520_173330.jpg
2025-05-20 17:33:31 [INFO] 文件存在，大小: 2013267 字节
2025-05-20 17:33:31 [INFO] 危险品检测结果已更新到 Flask 应用
2025-05-20 17:33:31 [INFO] [步骤3.2] 对原始图片进行废钢分割
2025-05-20 17:33:31 [WARNING] [警告] 废钢分割失败，将按默认流程继续
2025-05-20 17:33:31 [INFO] 
[步骤3.3] 请求第1次抓取循环
2025-05-20 17:33:39 [INFO] 机械臂坐标系抓取点: [(483.5738863721067, -81.93557370593022), (489.88459001010034, 43.69211974683644), (496.195293648094, 169.31981319960312)]
2025-05-20 17:33:39 [INFO] 抓取点坐标（z=0）:
2025-05-20 17:33:39 [INFO] 483.5738863721067,-81.93557370593022,0
2025-05-20 17:33:39 [INFO] 489.88459001010034,43.69211974683644,0
2025-05-20 17:33:39 [INFO] 496.195293648094,169.31981319960312,0
2025-05-20 17:33:39 [INFO] 发送第一个抓取点坐标: 483.5738863721067,-81.93557370593022,0
2025-05-20 17:33:53 [INFO] 收到机械臂消息: A
2025-05-20 17:33:53 [INFO] 收到第1次的抓取点位: A
2025-05-20 17:33:53 [INFO] 发送第二个抓取点坐标: 489.88459001010034,43.69211974683644,0
2025-05-20 17:34:06 [INFO] 收到机械臂消息: B
2025-05-20 17:34:06 [INFO] 收到第1次的抓取点位: B
2025-05-20 17:34:06 [INFO] 发送第三个抓取点坐标: 496.195293648094,169.31981319960312,0
2025-05-20 17:34:23 [INFO] 收到机械臂消息: C
2025-05-20 17:34:23 [INFO] 收到第1次的抓取点位: C
2025-05-20 17:34:23 [INFO] [完成] 第1次抓取指令发送成功
2025-05-20 17:34:23 [INFO] 收到机械臂消息: no_grab
2025-05-20 17:34:23 [INFO] 
===== arm1 的处理流程已完成 =====

