2025-05-29 17:53:05 [INFO] 收到机械臂消息: yes_grab
2025-05-29 17:53:05 [INFO] 开始获取清晰图像...
2025-05-29 17:53:23 [INFO] 已保存original图像: C:\Users\diaoqingguang\Scrap_steel_system\Scrap_Steel_In_Field\photos\original\original_image_20250529_175323.jpg
2025-05-29 17:53:25 [INFO] [完成] 第1次原始图片拍照完成: C:\Users\diaoqingguang\Scrap_steel_system\Scrap_Steel_In_Field\photos\original\original_image_20250529_175323.jpg
2025-05-29 17:53:25 [INFO] [步骤3.1] 进行危险品推理
2025-05-29 17:53:25 [INFO] [完成] 危险品检测成功，发现 3 个危险品
2025-05-29 17:53:25 [INFO] 危险品 1: GasCyl1 (置信度: 0.93)
2025-05-29 17:53:25 [INFO] 危险品 2: GasCyl1 (置信度: 0.78)
2025-05-29 17:53:25 [INFO] 危险品 3: GasCyl1 (置信度: 0.71)
2025-05-29 17:53:25 [INFO] 危险品检测结果已写入JSON文件: C:\Users\diaoqingguang\Scrap_steel_system\Scrap_Steel_In_Field\photos\detection_results.json
2025-05-29 17:53:25 [INFO] [步骤3.2] 对原始图片进行废钢分割
2025-05-29 17:53:26 [INFO] [完成] 废钢分割成功
2025-05-29 17:53:26 [INFO] 检测到 525 个物体
2025-05-29 17:53:26 [INFO] 类别统计: {0: 7, 1: 68, 2: 24, 3: 5, 4: 38, 5: 32, 6: 28, 7: 36, 8: 67, 9: 41, 10: 35, 11: 11, 12: 23, 13: 85, 14: 0, 15: 25}
2025-05-29 17:53:26 [INFO] 面积统计: {0: 3301272.0, 1: 427644.0, 2: 64080.0, 3: 278280.0, 4: 249228.0, 5: 68688.0, 6: 715716.0, 7: 46692.0, 8: 848160.0, 9: 139860.0, 10: 162000.0, 11: 205812.0, 12: 90360.0, 13: 829116.0, 14: 216.0, 15: 49032.0}
2025-05-29 17:53:26 [INFO] 废钢分割结果保存路径: C:\Users\diaoqingguang\Scrap_steel_system\Scrap_Steel_In_Field\photos\segmentation\segment_20250529_175325.jpg
2025-05-29 17:53:26 [INFO] 
[步骤3.3] 请求第1次抓取循环
2025-05-29 17:53:39 [INFO] 机械臂坐标系抓取点: [(447.5065561479367, -57.4275553633407), (448.5921556544781, 66.86606753998856), (449.67775516101955, 191.15969044331783)]
2025-05-29 17:53:39 [INFO] 抓取点坐标（z=0）:
2025-05-29 17:53:39 [INFO] 447.5065561479367,-57.4275553633407,0
2025-05-29 17:53:39 [INFO] 448.5921556544781,66.86606753998856,0
2025-05-29 17:53:39 [INFO] 449.67775516101955,191.15969044331783,0
2025-05-29 17:53:39 [INFO] 发送第一个抓取点坐标: 447.5065561479367,-57.4275553633407,0
2025-05-29 17:53:53 [INFO] 收到机械臂消息: A
2025-05-29 17:53:53 [INFO] 收到第1次的抓取点位: A
2025-05-29 17:53:53 [INFO] 发送第二个抓取点坐标: 448.5921556544781,66.86606753998856,0
2025-05-29 17:54:07 [INFO] 收到机械臂消息: B
2025-05-29 17:54:07 [INFO] 收到第1次的抓取点位: B
2025-05-29 17:54:07 [INFO] 发送第三个抓取点坐标: 449.67775516101955,191.15969044331783,0
2025-05-29 17:54:23 [INFO] 收到机械臂消息: C
2025-05-29 17:54:23 [INFO] 收到第1次的抓取点位: C
2025-05-29 17:54:23 [INFO] [完成] 第1次抓取指令发送成功
2025-05-29 17:54:23 [INFO] 收到机械臂消息: no_grab
2025-05-29 17:54:23 [INFO] 
===== arm1 的处理流程已完成 =====

