2025-08-19 14:29:58 [INFO] 收到机械臂消息: yes_grab
2025-08-19 14:29:58 [INFO] 开始获取清晰图像...
2025-08-19 14:30:06 [INFO] 已保存original图像: C:\Users\diaoqingguang\Scrap_steel_system\Scrap_Steel_In_Field\photos\original\original_image_20250819_143006.jpg
2025-08-19 14:30:08 [INFO] [完成] 第1次原始图片拍照完成: C:\Users\diaoqingguang\Scrap_steel_system\Scrap_Steel_In_Field\photos\original\original_image_20250819_143006.jpg
2025-08-19 14:30:08 [INFO] [步骤3.1] 进行危险品推理
2025-08-19 14:30:08 [INFO] [完成] 危险品检测成功，发现 5 个危险品
2025-08-19 14:30:08 [INFO] 危险品 1: GasCyl1 (置信度: 0.75)
2025-08-19 14:30:08 [INFO] 危险品 2: GasCyl1 (置信度: 0.72)
2025-08-19 14:30:08 [INFO] 危险品 3: GasCyl1 (置信度: 0.50)
2025-08-19 14:30:08 [INFO] 危险品 4: GasCyl1 (置信度: 0.50)
2025-08-19 14:30:08 [INFO] 危险品 5: GasCyl1 (置信度: 0.49)
2025-08-19 14:30:08 [INFO] 危险品检测结果已写入JSON文件: C:\Users\diaoqingguang\Scrap_steel_system\Scrap_Steel_In_Field\photos\detection_results.json
2025-08-19 14:30:08 [INFO] [步骤3.2] 对原始图片进行废钢分割
2025-08-19 14:30:09 [INFO] [完成] 废钢分割成功
2025-08-19 14:30:09 [INFO] 检测到 522 个物体
2025-08-19 14:30:09 [INFO] 类别统计: {0: 16, 1: 69, 2: 30, 3: 1, 4: 51, 5: 42, 6: 26, 7: 38, 8: 49, 9: 61, 10: 42, 11: 9, 12: 18, 13: 49, 14: 0, 15: 21}
2025-08-19 14:30:09 [INFO] 面积统计: {0: 3062592.0, 1: 620676.0, 2: 70344.0, 3: 280512.0, 4: 319824.0, 5: 88704.0, 6: 664524.0, 7: 56196.0, 8: 765396.0, 9: 143640.0, 10: 160992.0, 11: 230724.0, 12: 153792.0, 13: 724464.0, 14: 396.0, 15: 67068.0}
2025-08-19 14:30:09 [INFO] 废钢分割结果保存路径: C:\Users\diaoqingguang\Scrap_steel_system\Scrap_Steel_In_Field\photos\segmentation\segment_20250819_143008.jpg
2025-08-19 14:30:09 [INFO] 
[步骤3.3] 请求第1次抓取循环
2025-08-19 14:30:12 [INFO] 机械臂坐标系抓取点: [(443.26806572223245, -85.66934843821917), (440.7645854031474, 39.897600974715196), (438.26110508406236, 165.46455038764955)]
2025-08-19 14:30:12 [INFO] 抓取点坐标（z=0）:
2025-08-19 14:30:12 [INFO] 443.26806572223245,-85.66934843821917,0
2025-08-19 14:30:12 [INFO] 440.7645854031474,39.897600974715196,0
2025-08-19 14:30:12 [INFO] 438.26110508406236,165.46455038764955,0
2025-08-19 14:30:12 [INFO] 发送第一个抓取点坐标: 443.26806572223245,-85.66934843821917,0
2025-08-19 14:30:37 [INFO] 收到机械臂消息: A
2025-08-19 14:30:37 [INFO] 收到第1次的抓取点位: A
2025-08-19 14:30:37 [INFO] 发送第二个抓取点坐标: 440.7645854031474,39.897600974715196,0
2025-08-19 14:31:02 [INFO] 收到机械臂消息: B
2025-08-19 14:31:02 [INFO] 收到第1次的抓取点位: B
2025-08-19 14:31:02 [INFO] 发送第三个抓取点坐标: 438.26110508406236,165.46455038764955,0
2025-08-19 14:31:32 [INFO] 收到机械臂消息: C
2025-08-19 14:31:32 [INFO] 收到第1次的抓取点位: C
2025-08-19 14:31:32 [INFO] [完成] 第1次抓取指令发送成功
2025-08-19 14:31:32 [INFO] 收到机械臂消息: no_grab
2025-08-19 14:31:32 [INFO] 
===== arm1 的处理流程已完成 =====

