2025-06-26 11:53:44 [INFO] 收到机械臂消息: yes_grab
2025-06-26 11:53:44 [INFO] 开始获取清晰图像...
2025-06-26 11:53:57 [INFO] 已保存original图像: C:\Users\diaoqingguang\Scrap_steel_system\Scrap_Steel_In_Field\photos\original\original_image_20250626_115357.jpg
2025-06-26 11:53:59 [INFO] [完成] 第1次原始图片拍照完成: C:\Users\diaoqingguang\Scrap_steel_system\Scrap_Steel_In_Field\photos\original\original_image_20250626_115357.jpg
2025-06-26 11:53:59 [INFO] [步骤3.1] 进行危险品推理
2025-06-26 11:53:59 [INFO] [完成] 危险品检测成功，发现 4 个危险品
2025-06-26 11:53:59 [INFO] 危险品 1: GasCyl1 (置信度: 0.91)
2025-06-26 11:53:59 [INFO] 危险品 2: GasCyl1 (置信度: 0.88)
2025-06-26 11:53:59 [INFO] 危险品 3: GasCyl1 (置信度: 0.69)
2025-06-26 11:53:59 [INFO] 危险品 4: GasCyl1 (置信度: 0.37)
2025-06-26 11:53:59 [INFO] 危险品检测结果已写入JSON文件: C:\Users\diaoqingguang\Scrap_steel_system\Scrap_Steel_In_Field\photos\detection_results.json
2025-06-26 11:53:59 [INFO] [步骤3.2] 对原始图片进行废钢分割
2025-06-26 11:54:00 [INFO] [完成] 废钢分割成功
2025-06-26 11:54:00 [INFO] 检测到 515 个物体
2025-06-26 11:54:00 [INFO] 类别统计: {0: 13, 1: 74, 2: 21, 3: 6, 4: 43, 5: 34, 6: 32, 7: 31, 8: 42, 9: 54, 10: 37, 11: 8, 12: 17, 13: 81, 14: 0, 15: 22}
2025-06-26 11:54:00 [INFO] 面积统计: {0: 3033576.0, 1: 556740.0, 2: 54000.0, 3: 300096.0, 4: 233784.0, 5: 81000.0, 6: 796176.0, 7: 55188.0, 8: 758124.0, 9: 111384.0, 10: 224604.0, 11: 211716.0, 12: 89496.0, 13: 801216.0, 14: 36.0, 15: 73008.0}
2025-06-26 11:54:00 [INFO] 废钢分割结果保存路径: C:\Users\diaoqingguang\Scrap_steel_system\Scrap_Steel_In_Field\photos\segmentation\segment_20250626_115359.jpg
2025-06-26 11:54:00 [INFO] 
[步骤3.3] 请求第1次抓取循环
2025-06-26 11:54:16 [INFO] 机械臂坐标系抓取点: [(455.6883620874979, -52.28249803737225), (455.7536474932507, 72.3707703378885), (455.81893289900347, 197.02403871314925)]
2025-06-26 11:54:16 [INFO] 抓取点坐标（z=0）:
2025-06-26 11:54:16 [INFO] 455.6883620874979,-52.28249803737225,0
2025-06-26 11:54:16 [INFO] 455.7536474932507,72.3707703378885,0
2025-06-26 11:54:16 [INFO] 455.81893289900347,197.02403871314925,0
2025-06-26 11:54:16 [INFO] 发送第一个抓取点坐标: 455.6883620874979,-52.28249803737225,0
2025-06-26 11:54:30 [INFO] 收到机械臂消息: A
2025-06-26 11:54:30 [INFO] 收到第1次的抓取点位: A
2025-06-26 11:54:30 [INFO] 发送第二个抓取点坐标: 455.7536474932507,72.3707703378885,0
2025-06-26 11:54:44 [INFO] 收到机械臂消息: B
2025-06-26 11:54:44 [INFO] 收到第1次的抓取点位: B
2025-06-26 11:54:44 [INFO] 发送第三个抓取点坐标: 455.81893289900347,197.02403871314925,0
2025-06-26 11:55:00 [INFO] 收到机械臂消息: C
2025-06-26 11:55:00 [INFO] 收到第1次的抓取点位: C
2025-06-26 11:55:00 [INFO] [完成] 第1次抓取指令发送成功
2025-06-26 11:55:00 [INFO] 收到机械臂消息: no_grab
2025-06-26 11:55:00 [INFO] 
===== arm1 的处理流程已完成 =====

