2025-05-28 16:37:59 [INFO] 收到机械臂消息: yes_grab
2025-05-28 16:37:59 [INFO] 开始获取清晰图像...
2025-05-28 16:38:02 [INFO] 已保存original图像: C:\Users\diaoqingguang\Scrap_steel_system\Scrap_Steel_In_Field\photos\original\original_image_20250528_163802.jpg
2025-05-28 16:38:04 [INFO] [完成] 第1次原始图片拍照完成: C:\Users\diaoqingguang\Scrap_steel_system\Scrap_Steel_In_Field\photos\original\original_image_20250528_163802.jpg
2025-05-28 16:38:04 [INFO] [步骤3.1] 进行危险品推理
2025-05-28 16:38:05 [INFO] [完成] 危险品检测成功，发现 4 个危险品
2025-05-28 16:38:05 [INFO] 危险品 1: GasCyl1 (置信度: 0.64)
2025-05-28 16:38:05 [INFO] 危险品 2: FireExt2 (置信度: 0.36)
2025-05-28 16:38:05 [INFO] 危险品 3: GasCyl1 (置信度: 0.29)
2025-05-28 16:38:05 [INFO] 危险品 4: FireExt1 (置信度: 0.29)
2025-05-28 16:38:05 [INFO] 危险品检测结果已写入JSON文件: C:\Users\diaoqingguang\Scrap_steel_system\Scrap_Steel_In_Field\photos\detection_results.json
2025-05-28 16:38:05 [INFO] [步骤3.2] 对原始图片进行废钢分割
2025-05-28 16:38:06 [INFO] [完成] 废钢分割成功
2025-05-28 16:38:06 [INFO] 检测到 458 个物体
2025-05-28 16:38:06 [INFO] 类别统计: {0: 14, 1: 50, 2: 14, 3: 24, 4: 38, 5: 18, 6: 29, 7: 25, 8: 39, 9: 62, 10: 19, 11: 6, 12: 16, 13: 64, 14: 0, 15: 40}
2025-05-28 16:38:06 [INFO] 面积统计: {0: 3718512.0, 1: 588996.0, 2: 51336.0, 3: 373572.0, 4: 102132.0, 5: 36396.0, 6: 534456.0, 7: 43704.0, 8: 631512.0, 9: 386496.0, 10: 97560.0, 11: 191088.0, 12: 96588.0, 13: 876708.0, 15: 199008.0}
2025-05-28 16:38:06 [INFO] 废钢分割结果保存路径: C:\Users\diaoqingguang\Scrap_steel_system\Scrap_Steel_In_Field\photos\segmentation\segment_20250528_163805.jpg
2025-05-28 16:38:06 [INFO] 
[步骤3.3] 请求第1次抓取循环
2025-05-28 16:38:16 [INFO] 机械臂坐标系抓取点: [(482.9666225466017, -159.55657372021446), (485.64971232663265, -34.63532513891671), (488.3328021066636, 90.28592344238103)]
2025-05-28 16:38:16 [INFO] 抓取点坐标（z=0）:
2025-05-28 16:38:16 [INFO] 482.9666225466017,-159.55657372021446,0
2025-05-28 16:38:16 [INFO] 485.64971232663265,-34.63532513891671,0
2025-05-28 16:38:16 [INFO] 488.3328021066636,90.28592344238103,0
2025-05-28 16:38:16 [INFO] 发送第一个抓取点坐标: 482.9666225466017,-159.55657372021446,0
2025-05-28 16:38:31 [INFO] 收到机械臂消息: A
2025-05-28 16:38:31 [INFO] 收到第1次的抓取点位: A
2025-05-28 16:38:31 [INFO] 发送第二个抓取点坐标: 485.64971232663265,-34.63532513891671,0
2025-05-28 16:38:45 [INFO] 收到机械臂消息: B
2025-05-28 16:38:45 [INFO] 收到第1次的抓取点位: B
2025-05-28 16:38:45 [INFO] 发送第三个抓取点坐标: 488.3328021066636,90.28592344238103,0
2025-05-28 16:39:01 [INFO] 收到机械臂消息: C
2025-05-28 16:39:01 [INFO] 收到第1次的抓取点位: C
2025-05-28 16:39:01 [INFO] [完成] 第1次抓取指令发送成功
2025-05-28 16:39:01 [INFO] 收到机械臂消息: no_grab
2025-05-28 16:39:01 [INFO] 
===== arm1 的处理流程已完成 =====

