2025-05-29 08:53:02 [INFO] 收到机械臂消息: yes_grab
2025-05-29 08:53:02 [INFO] 开始获取清晰图像...
2025-05-29 08:53:20 [INFO] 已保存original图像: C:\Users\diaoqingguang\Scrap_steel_system\Scrap_Steel_In_Field\photos\original\original_image_20250529_085320.jpg
2025-05-29 08:53:32 [INFO] [完成] 第1次原始图片拍照完成: C:\Users\diaoqingguang\Scrap_steel_system\Scrap_Steel_In_Field\photos\original\original_image_20250529_085320.jpg
2025-05-29 08:53:32 [INFO] [步骤3.1] 进行危险品推理
2025-05-29 08:53:33 [INFO] [完成] 危险品检测成功，发现 1 个危险品
2025-05-29 08:53:33 [INFO] 危险品 1: GasCyl1 (置信度: 0.43)
2025-05-29 08:53:33 [INFO] 危险品检测结果已写入JSON文件: C:\Users\diaoqingguang\Scrap_steel_system\Scrap_Steel_In_Field\photos\detection_results.json
2025-05-29 08:53:33 [INFO] [步骤3.2] 对原始图片进行废钢分割
2025-05-29 08:53:34 [INFO] [完成] 废钢分割成功
2025-05-29 08:53:34 [INFO] 检测到 432 个物体
2025-05-29 08:53:34 [INFO] 类别统计: {0: 24, 1: 52, 2: 11, 3: 8, 4: 38, 5: 15, 6: 27, 7: 29, 8: 31, 9: 65, 10: 16, 11: 8, 12: 13, 13: 58, 14: 0, 15: 37}
2025-05-29 08:53:34 [INFO] 面积统计: {0: 3692448.0, 1: 728712.0, 2: 27396.0, 3: 309636.0, 4: 265500.0, 5: 24876.0, 6: 641196.0, 7: 61452.0, 8: 691200.0, 9: 186264.0, 10: 110052.0, 11: 228996.0, 12: 126324.0, 13: 863100.0, 15: 67176.0}
2025-05-29 08:53:34 [INFO] 废钢分割结果保存路径: C:\Users\diaoqingguang\Scrap_steel_system\Scrap_Steel_In_Field\photos\segmentation\segment_20250529_085333.jpg
2025-05-29 08:53:34 [INFO] 
[步骤3.3] 请求第1次抓取循环
2025-05-29 08:53:40 [INFO] 机械臂坐标系抓取点: [(429.1602551172511, -154.60184778673676), (432.74801319921653, -29.57623442378909), (436.33577128118196, 95.44937893915858)]
2025-05-29 08:53:40 [INFO] 抓取点坐标（z=0）:
2025-05-29 08:53:40 [INFO] 429.1602551172511,-154.60184778673676,0
2025-05-29 08:53:40 [INFO] 432.74801319921653,-29.57623442378909,0
2025-05-29 08:53:40 [INFO] 436.33577128118196,95.44937893915858,0
2025-05-29 08:53:40 [INFO] 发送第一个抓取点坐标: 429.1602551172511,-154.60184778673676,0
2025-05-29 08:53:55 [INFO] 收到机械臂消息: A
2025-05-29 08:53:55 [INFO] 收到第1次的抓取点位: A
2025-05-29 08:53:55 [INFO] 发送第二个抓取点坐标: 432.74801319921653,-29.57623442378909,0
2025-05-29 08:54:09 [INFO] 收到机械臂消息: B
2025-05-29 08:54:09 [INFO] 收到第1次的抓取点位: B
2025-05-29 08:54:09 [INFO] 发送第三个抓取点坐标: 436.33577128118196,95.44937893915858,0
2025-05-29 08:54:25 [INFO] 收到机械臂消息: C
2025-05-29 08:54:25 [INFO] 收到第1次的抓取点位: C
2025-05-29 08:54:25 [INFO] [完成] 第1次抓取指令发送成功
2025-05-29 08:54:25 [INFO] 收到机械臂消息: no_grabyes_grab
2025-05-29 08:54:25 [INFO] 
===== arm1 的处理流程已完成 =====

