2025-08-19 14:46:03 [INFO] 收到机械臂消息: yes_grab
2025-08-19 14:46:03 [INFO] 开始获取清晰图像...
2025-08-19 14:46:06 [INFO] 已保存original图像: C:\Users\diaoqingguang\Scrap_steel_system\Scrap_Steel_In_Field\photos\original\original_image_20250819_144606.jpg
2025-08-19 14:46:09 [INFO] [完成] 第1次原始图片拍照完成: C:\Users\diaoqingguang\Scrap_steel_system\Scrap_Steel_In_Field\photos\original\original_image_20250819_144606.jpg
2025-08-19 14:46:09 [INFO] [步骤3.1] 进行危险品推理
2025-08-19 14:46:09 [INFO] [完成] 危险品检测成功，发现 4 个危险品
2025-08-19 14:46:09 [INFO] 危险品 1: GasCyl1 (置信度: 0.78)
2025-08-19 14:46:09 [INFO] 危险品 2: GasCyl1 (置信度: 0.76)
2025-08-19 14:46:09 [INFO] 危险品 3: FireExt1 (置信度: 0.48)
2025-08-19 14:46:09 [INFO] 危险品 4: GasCyl1 (置信度: 0.47)
2025-08-19 14:46:09 [INFO] 危险品检测结果已写入JSON文件: C:\Users\diaoqingguang\Scrap_steel_system\Scrap_Steel_In_Field\photos\detection_results.json
2025-08-19 14:46:09 [INFO] [步骤3.2] 对原始图片进行废钢分割
2025-08-19 14:46:09 [INFO] [完成] 废钢分割成功
2025-08-19 14:46:09 [INFO] 检测到 519 个物体
2025-08-19 14:46:09 [INFO] 类别统计: {0: 14, 1: 70, 2: 35, 3: 0, 4: 37, 5: 31, 6: 17, 7: 42, 8: 56, 9: 55, 10: 30, 11: 7, 12: 17, 13: 89, 14: 0, 15: 19}
2025-08-19 14:46:09 [INFO] 面积统计: {0: 3081132.0, 1: 590544.0, 2: 73548.0, 3: 315360.0, 4: 272124.0, 5: 90216.0, 6: 654696.0, 7: 48384.0, 8: 717192.0, 9: 105660.0, 10: 169992.0, 11: 215964.0, 12: 81756.0, 13: 731988.0, 14: 144.0, 15: 53820.0}
2025-08-19 14:46:09 [INFO] 废钢分割结果保存路径: C:\Users\diaoqingguang\Scrap_steel_system\Scrap_Steel_In_Field\photos\segmentation\segment_20250819_144609.jpg
2025-08-19 14:46:09 [INFO] 
[步骤3.3] 请求第1次抓取循环
2025-08-19 14:46:13 [INFO] 机械臂坐标系抓取点: [(443.14435412710367, -85.54854299113902), (440.5850832899076, 39.8464436063406), (438.0258124527115, 165.24143020382022)]
2025-08-19 14:46:13 [INFO] 抓取点坐标（z=0）:
2025-08-19 14:46:13 [INFO] 443.14435412710367,-85.54854299113902,0
2025-08-19 14:46:13 [INFO] 440.5850832899076,39.8464436063406,0
2025-08-19 14:46:13 [INFO] 438.0258124527115,165.24143020382022,0
2025-08-19 14:46:13 [INFO] 发送第一个抓取点坐标: 443.14435412710367,-85.54854299113902,0
2025-08-19 14:46:38 [INFO] 收到机械臂消息: A
2025-08-19 14:46:38 [INFO] 收到第1次的抓取点位: A
2025-08-19 14:46:38 [INFO] 发送第二个抓取点坐标: 440.5850832899076,39.8464436063406,0
2025-08-19 14:47:03 [INFO] 收到机械臂消息: B
2025-08-19 14:47:03 [INFO] 收到第1次的抓取点位: B
2025-08-19 14:47:03 [INFO] 发送第三个抓取点坐标: 438.0258124527115,165.24143020382022,0
2025-08-19 14:47:32 [INFO] 收到机械臂消息: C
2025-08-19 14:47:32 [INFO] 收到第1次的抓取点位: C
2025-08-19 14:47:32 [INFO] [完成] 第1次抓取指令发送成功
2025-08-19 14:47:33 [INFO] 收到机械臂消息: no_grab
2025-08-19 14:47:33 [INFO] 
===== arm1 的处理流程已完成 =====

