2025-05-13 19:17:39 [INFO] 
===== 开始 arm1 的处理流程 =====
2025-05-13 19:17:39 [INFO] 
[步骤1] 请求拍摄车体照片
2025-05-13 19:17:39 [INFO] 开始获取清晰图像...
2025-05-13 19:18:24 [INFO] 已保存vehicle图像: C:\Users\qinguang\feigangxiangmu\Scrap_steel_system\Scrap_Steel_Loading\photos\vehicle\vehicle_image_20250513_191824.jpg
2025-05-13 19:18:24 [INFO] [完成] 车体拍照完成: C:\Users\qinguang\feigangxiangmu\Scrap_steel_system\Scrap_Steel_Loading\photos\vehicle\vehicle_image_20250513_191824.jpg
2025-05-13 19:18:24 [INFO] 
[步骤2] 进行废钢检测
2025-05-13 19:18:24 [INFO] 收到机械臂消息: yes_grab
2025-05-13 19:18:24 [INFO] 开始获取清晰图像...
2025-05-13 19:19:09 [INFO] 已保存original图像: C:\Users\qinguang\feigangxiangmu\Scrap_steel_system\Scrap_Steel_Loading\photos\original\original_image_20250513_191909.jpg
2025-05-13 19:19:11 [INFO] [完成] 第1次原始图片拍照完成: C:\Users\qinguang\feigangxiangmu\Scrap_steel_system\Scrap_Steel_Loading\photos\original\original_image_20250513_191909.jpg
2025-05-13 19:19:15 [ERROR] 更新图片路径到 Flask 应用时出错: HTTPConnectionPool(host='localhost', port=5000): Max retries exceeded with url: /set_image_path (Caused by NewConnectionError('<urllib3.connection.HTTPConnection object at 0x00000295924348B0>: Failed to establish a new connection: [WinError 10061] 由于目标计算机积极拒绝，无法连接。'))
2025-05-13 19:19:15 [INFO] [步骤3.1] 进行危险品推理
2025-05-13 19:19:18 [INFO] [完成] 危险品检测完成，未发现危险品
2025-05-13 19:19:18 [INFO] 危险品检测结果已写入JSON文件: C:\Users\qinguang\feigangxiangmu\Scrap_steel_system\Scrap_Steel_Loading\photos\detection_results.json
2025-05-13 19:19:18 [INFO] 检测结果的路径为：C:\Users\qinguang\feigangxiangmu\Scrap_steel_system\Scrap_Steel_Loading\photos\dangerous_det\detection_20250513_191918.jpg
2025-05-13 19:19:18 [INFO] 文件存在，大小: 131049 字节
2025-05-13 19:19:22 [ERROR] 更新危险品检测结果到 Flask 应用时出错: HTTPConnectionPool(host='localhost', port=5000): Max retries exceeded with url: /set_detection_path (Caused by NewConnectionError('<urllib3.connection.HTTPConnection object at 0x0000029592435BD0>: Failed to establish a new connection: [WinError 10061] 由于目标计算机积极拒绝，无法连接。'))
2025-05-13 19:19:22 [INFO] [步骤3.2] 对原始图片进行废钢分割
2025-05-13 19:19:22 [WARNING] [警告] 废钢分割失败，将按默认流程继续
2025-05-13 19:19:22 [INFO] 
[步骤3.3] 请求第1次抓取循环
2025-05-13 19:20:47 [INFO] 机械臂坐标系抓取点: [(443.1492397078891, -221.92596861710115), (427.93600025408654, -96.43736938993518), (412.722760800284, 29.05122983723078)]
2025-05-13 19:20:47 [INFO] 抓取点坐标（z=0）:
2025-05-13 19:20:47 [INFO] 443.1492397078891,-221.92596861710115,0
2025-05-13 19:20:47 [INFO] 427.93600025408654,-96.43736938993518,0
2025-05-13 19:20:47 [INFO] 412.722760800284,29.05122983723078,0
2025-05-13 19:20:47 [INFO] 发送第一个抓取点坐标: 443.1492397078891,-221.92596861710115,0
2025-05-13 19:21:03 [INFO] 收到机械臂消息: A
2025-05-13 19:21:03 [INFO] 收到第1次的抓取点位: A
2025-05-13 19:21:03 [INFO] 发送第二个抓取点坐标: 427.93600025408654,-96.43736938993518,0
2025-05-13 19:21:16 [INFO] 收到机械臂消息: B
2025-05-13 19:21:16 [INFO] 收到第1次的抓取点位: B
2025-05-13 19:21:16 [INFO] 发送第三个抓取点坐标: 412.722760800284,29.05122983723078,0
2025-05-13 19:21:32 [INFO] 收到机械臂消息: C
2025-05-13 19:21:32 [INFO] 收到第1次的抓取点位: C
2025-05-13 19:21:32 [INFO] [完成] 第1次抓取指令发送成功
2025-05-13 19:21:32 [INFO] 收到机械臂消息: yes_grab
2025-05-13 19:21:32 [INFO] 开始获取清晰图像...
2025-05-13 19:21:47 [INFO] 已保存original图像: C:\Users\qinguang\feigangxiangmu\Scrap_steel_system\Scrap_Steel_Loading\photos\original\original_image_20250513_192147.jpg
2025-05-13 19:21:49 [INFO] [完成] 第2次原始图片拍照完成: C:\Users\qinguang\feigangxiangmu\Scrap_steel_system\Scrap_Steel_Loading\photos\original\original_image_20250513_192147.jpg
2025-05-13 19:21:53 [ERROR] 更新图片路径到 Flask 应用时出错: HTTPConnectionPool(host='localhost', port=5000): Max retries exceeded with url: /set_image_path (Caused by NewConnectionError('<urllib3.connection.HTTPConnection object at 0x0000029592435E70>: Failed to establish a new connection: [WinError 10061] 由于目标计算机积极拒绝，无法连接。'))
2025-05-13 19:21:53 [INFO] [步骤4.1] 进行危险品推理
2025-05-13 19:21:54 [INFO] [完成] 危险品检测成功，发现 2 个危险品
2025-05-13 19:21:54 [INFO] 危险品 1: GasCyl1 (置信度: 0.92)
2025-05-13 19:21:54 [INFO] 危险品 2: GasCyl1 (置信度: 0.87)
2025-05-13 19:21:54 [INFO] 危险品检测结果已写入JSON文件: C:\Users\qinguang\feigangxiangmu\Scrap_steel_system\Scrap_Steel_Loading\photos\detection_results.json
2025-05-13 19:21:58 [ERROR] 更新饼状图到 Flask 应用时出错: HTTPConnectionPool(host='localhost', port=5000): Max retries exceeded with url: /set_pie_chart_path (Caused by NewConnectionError('<urllib3.connection.HTTPConnection object at 0x000002959422CF10>: Failed to establish a new connection: [WinError 10061] 由于目标计算机积极拒绝，无法连接。'))
2025-05-13 19:21:58 [INFO] 检测结果的路径为：C:\Users\qinguang\feigangxiangmu\Scrap_steel_system\Scrap_Steel_Loading\photos\dangerous_det\detection_20250513_192154.jpg
2025-05-13 19:21:58 [INFO] 文件存在，大小: 1758244 字节
2025-05-13 19:22:02 [ERROR] 更新危险品检测结果到 Flask 应用时出错: HTTPConnectionPool(host='localhost', port=5000): Max retries exceeded with url: /set_detection_path (Caused by NewConnectionError('<urllib3.connection.HTTPConnection object at 0x000002959422D6F0>: Failed to establish a new connection: [WinError 10061] 由于目标计算机积极拒绝，无法连接。'))
2025-05-13 19:22:02 [INFO] [步骤4.2] 对原始图片进行废钢分割
2025-05-13 19:22:02 [WARNING] [警告] 废钢分割失败，将按默认流程继续
2025-05-13 19:22:02 [INFO] 
[步骤4.3] 请求第2次抓取循环
