2025-05-29 17:48:38 [INFO] 收到机械臂消息: yes_grab
2025-05-29 17:48:38 [INFO] 开始获取清晰图像...
2025-05-29 17:49:06 [INFO] 已保存original图像: C:\Users\diaoqingguang\Scrap_steel_system\Scrap_Steel_In_Field\photos\original\original_image_20250529_174906.jpg
2025-05-29 17:49:08 [INFO] [完成] 第1次原始图片拍照完成: C:\Users\diaoqingguang\Scrap_steel_system\Scrap_Steel_In_Field\photos\original\original_image_20250529_174906.jpg
2025-05-29 17:49:08 [INFO] [步骤3.1] 进行危险品推理
2025-05-29 17:49:08 [INFO] [完成] 危险品检测成功，发现 3 个危险品
2025-05-29 17:49:08 [INFO] 危险品 1: GasCyl1 (置信度: 0.93)
2025-05-29 17:49:08 [INFO] 危险品 2: GasCyl1 (置信度: 0.88)
2025-05-29 17:49:08 [INFO] 危险品 3: GasCyl1 (置信度: 0.68)
2025-05-29 17:49:08 [INFO] 危险品检测结果已写入JSON文件: C:\Users\diaoqingguang\Scrap_steel_system\Scrap_Steel_In_Field\photos\detection_results.json
2025-05-29 17:49:08 [INFO] [步骤3.2] 对原始图片进行废钢分割
2025-05-29 17:49:09 [INFO] [完成] 废钢分割成功
2025-05-29 17:49:09 [INFO] 检测到 510 个物体
2025-05-29 17:49:09 [INFO] 类别统计: {0: 7, 1: 69, 2: 17, 3: 5, 4: 42, 5: 27, 6: 33, 7: 42, 8: 47, 9: 46, 10: 37, 11: 6, 12: 14, 13: 101, 14: 0, 15: 17}
2025-05-29 17:49:09 [INFO] 面积统计: {0: 3424788.0, 1: 631656.0, 2: 82008.0, 3: 297864.0, 4: 206496.0, 5: 69480.0, 6: 624960.0, 7: 59400.0, 8: 760824.0, 9: 196308.0, 10: 168840.0, 11: 203904.0, 12: 119736.0, 13: 818820.0, 14: 288.0, 15: 40140.0}
2025-05-29 17:49:09 [INFO] 废钢分割结果保存路径: C:\Users\diaoqingguang\Scrap_steel_system\Scrap_Steel_In_Field\photos\segmentation\segment_20250529_174909.jpg
2025-05-29 17:49:09 [INFO] 
[步骤3.3] 请求第1次抓取循环
2025-05-29 17:49:12 [INFO] 机械臂坐标系抓取点: [(436.1136324810605, -126.70160982205763), (442.5600244627948, -2.0533003595626766), (449.00641644452907, 122.5950091029323)]
2025-05-29 17:49:12 [INFO] 抓取点坐标（z=0）:
2025-05-29 17:49:12 [INFO] 436.1136324810605,-126.70160982205763,0
2025-05-29 17:49:12 [INFO] 442.5600244627948,-2.0533003595626766,0
2025-05-29 17:49:12 [INFO] 449.00641644452907,122.5950091029323,0
2025-05-29 17:49:12 [INFO] 发送第一个抓取点坐标: 436.1136324810605,-126.70160982205763,0
2025-05-29 17:49:26 [INFO] 收到机械臂消息: A
2025-05-29 17:49:26 [INFO] 收到第1次的抓取点位: A
2025-05-29 17:49:26 [INFO] 发送第二个抓取点坐标: 442.5600244627948,-2.0533003595626766,0
2025-05-29 17:49:40 [INFO] 收到机械臂消息: B
2025-05-29 17:49:40 [INFO] 收到第1次的抓取点位: B
2025-05-29 17:49:40 [INFO] 发送第三个抓取点坐标: 449.00641644452907,122.5950091029323,0
2025-05-29 17:49:56 [INFO] 收到机械臂消息: C
2025-05-29 17:49:56 [INFO] 收到第1次的抓取点位: C
2025-05-29 17:49:56 [INFO] [完成] 第1次抓取指令发送成功
2025-05-29 17:49:56 [INFO] 收到机械臂消息: no_grab
2025-05-29 17:49:56 [INFO] 
===== arm1 的处理流程已完成 =====

