2025-05-11 17:23:28 [INFO] 正在连接相机 192.168.3.168...
2025-05-11 17:23:28 [INFO] 第1次尝试检测黄色矩形...
2025-05-11 17:23:59 [WARNING] 未检测到黄色矩形，3秒后重试...
2025-05-11 17:24:02 [INFO] 第2次尝试检测黄色矩形...
2025-05-11 17:24:21 [INFO] 成功检测到黄色矩形！
2025-05-11 17:24:21 [INFO] ====== 坐标转换结果 ======
2025-05-11 17:24:21 [INFO] 角点1(左上): 世界坐标(299.6, -206.5)
2025-05-11 17:24:21 [INFO] 角点2(右上): 世界坐标(288.5, 294.3)
2025-05-11 17:24:21 [INFO] 角点3(右下): 世界坐标(491.9, 297.0)
2025-05-11 17:24:21 [INFO] 角点4(左下): 世界坐标(502.4, -202.1)
2025-05-11 17:24:21 [INFO] 抓取点1: 世界坐标(401.7, -67.7)
2025-05-11 17:24:21 [INFO] 抓取点2: 世界坐标(400.7, 53.3)
2025-05-11 17:24:21 [INFO] 抓取点3: 世界坐标(393.9, 173.8)
2025-05-11 17:24:21 [INFO] 检测成功！总共尝试了2次
2025-05-11 17:25:57 [INFO] 正在连接相机 192.168.3.168...
2025-05-11 17:25:57 [INFO] 第1次尝试检测黄色矩形...
2025-05-11 17:26:28 [WARNING] 未检测到黄色矩形，3秒后重试...
2025-05-11 17:26:31 [INFO] 第2次尝试检测黄色矩形...
2025-05-11 17:27:03 [WARNING] 未检测到黄色矩形，3秒后重试...
2025-05-11 17:27:06 [INFO] 第3次尝试检测黄色矩形...
2025-05-11 17:27:25 [INFO] 成功检测到黄色矩形！
2025-05-11 17:27:25 [INFO] ====== 坐标转换结果 ======
2025-05-11 17:27:25 [INFO] 角点1(左上): 世界坐标(299.6, -206.5)
2025-05-11 17:27:26 [INFO] 角点2(右上): 世界坐标(288.5, 294.3)
2025-05-11 17:27:26 [INFO] 角点3(右下): 世界坐标(491.9, 297.0)
2025-05-11 17:27:26 [INFO] 角点4(左下): 世界坐标(502.4, -202.1)
2025-05-11 17:27:26 [INFO] 抓取点1: 世界坐标(401.2, -67.7)
2025-05-11 17:27:26 [INFO] 抓取点2: 世界坐标(400.6, 53.4)
2025-05-11 17:27:26 [INFO] 抓取点3: 世界坐标(394.0, 174.0)
2025-05-11 17:27:26 [INFO] 检测成功！总共尝试了3次
2025-05-11 17:29:01 [INFO] 正在连接相机 192.168.3.168...
2025-05-11 17:29:01 [INFO] 第1次尝试检测黄色矩形...
2025-05-11 17:29:33 [WARNING] 未检测到黄色矩形，3秒后重试...
2025-05-11 17:29:36 [INFO] 第2次尝试检测黄色矩形...
2025-05-11 17:30:07 [WARNING] 未检测到黄色矩形，3秒后重试...
2025-05-11 17:30:10 [INFO] 第3次尝试检测黄色矩形...
2025-05-11 17:30:29 [INFO] 成功检测到黄色矩形！
2025-05-11 17:30:29 [INFO] ====== 坐标转换结果 ======
2025-05-11 17:30:29 [INFO] 角点1(左上): 世界坐标(299.6, -206.5)
2025-05-11 17:30:29 [INFO] 角点2(右上): 世界坐标(288.5, 294.3)
2025-05-11 17:30:29 [INFO] 角点3(右下): 世界坐标(491.9, 297.0)
2025-05-11 17:30:29 [INFO] 角点4(左下): 世界坐标(502.4, -202.1)
2025-05-11 17:30:29 [INFO] 抓取点1: 世界坐标(401.6, -67.8)
2025-05-11 17:30:29 [INFO] 抓取点2: 世界坐标(400.6, 53.2)
2025-05-11 17:30:29 [INFO] 抓取点3: 世界坐标(393.8, 173.8)
2025-05-11 17:30:29 [INFO] 检测成功！总共尝试了3次
2025-05-11 17:32:05 [INFO] 正在连接相机 192.168.3.168...
2025-05-11 17:32:05 [INFO] 第1次尝试检测黄色矩形...
2025-05-11 17:32:37 [WARNING] 未检测到黄色矩形，3秒后重试...
2025-05-11 17:32:40 [INFO] 第2次尝试检测黄色矩形...
2025-05-11 17:32:43 [INFO] 成功检测到黄色矩形！
2025-05-11 17:32:43 [INFO] ====== 坐标转换结果 ======
2025-05-11 17:32:43 [INFO] 角点1(左上): 世界坐标(299.6, -206.5)
2025-05-11 17:32:43 [INFO] 角点2(右上): 世界坐标(288.5, 294.3)
2025-05-11 17:32:43 [INFO] 角点3(右下): 世界坐标(491.9, 297.0)
2025-05-11 17:32:43 [INFO] 角点4(左下): 世界坐标(502.4, -202.1)
2025-05-11 17:32:43 [INFO] 抓取点1: 世界坐标(401.7, -67.8)
2025-05-11 17:32:43 [INFO] 抓取点2: 世界坐标(400.7, 53.2)
2025-05-11 17:32:43 [INFO] 抓取点3: 世界坐标(393.9, 173.8)
2025-05-11 17:32:43 [INFO] 检测成功！总共尝试了2次
