2025-05-09 20:35:21 [INFO] 正在连接相机 192.168.3.168...
2025-05-09 20:35:21 [INFO] 第1次尝试检测黄色矩形...
2025-05-09 20:35:53 [WARNING] 未检测到黄色矩形，3秒后重试...
2025-05-09 20:35:56 [INFO] 第2次尝试检测黄色矩形...
2025-05-09 20:36:27 [WARNING] 未检测到黄色矩形，3秒后重试...
2025-05-09 20:36:30 [INFO] 第3次尝试检测黄色矩形...
2025-05-09 20:37:02 [WARNING] 未检测到黄色矩形，3秒后重试...
2025-05-09 20:37:05 [INFO] 第4次尝试检测黄色矩形...
2025-05-09 20:37:37 [WARNING] 未检测到黄色矩形，3秒后重试...
2025-05-09 20:37:40 [INFO] 第5次尝试检测黄色矩形...
2025-05-09 20:37:43 [INFO] 成功检测到黄色矩形！
2025-05-09 20:37:43 [INFO] ====== 坐标转换结果 ======
2025-05-09 20:37:43 [INFO] 角点1(左上): 世界坐标(299.6, -206.5)
2025-05-09 20:37:43 [INFO] 角点2(右上): 世界坐标(288.5, 294.3)
2025-05-09 20:37:43 [INFO] 角点3(右下): 世界坐标(491.9, 297.0)
2025-05-09 20:37:43 [INFO] 角点4(左下): 世界坐标(502.4, -202.1)
2025-05-09 20:37:43 [INFO] 抓取点1: 世界坐标(400.4, -70.9)
2025-05-09 20:37:43 [INFO] 抓取点2: 世界坐标(400.2, 50.1)
2025-05-09 20:37:43 [INFO] 抓取点3: 世界坐标(394.1, 170.8)
2025-05-09 20:37:43 [INFO] 检测成功！总共尝试了5次
