2025-07-30 10:27:12 [INFO] [分割完成] original_image_20250529_174906.jpg -> C:\Users\xindao\workspace\Scrap_steel_system\Scrap_Steel_In_Field\photos\segmentation\segment_20250730_102712.jpg
2025-07-30 10:27:12 [INFO] 检测到 515 个物体
2025-07-30 10:27:12 [INFO] 类别统计: {0: 7, 1: 66, 2: 17, 3: 6, 4: 42, 5: 26, 6: 33, 7: 43, 8: 48, 9: 47, 10: 38, 11: 6, 12: 14, 13: 104, 14: 0, 15: 18}
2025-07-30 10:27:12 [INFO] 面积统计: {0: 3432276.0, 1: 630252.0, 2: 82512.0, 3: 298620.0, 4: 203508.0, 5: 68868.0, 6: 625464.0, 7: 59724.0, 8: 766440.0, 9: 196668.0, 10: 168948.0, 11: 202392.0, 12: 119700.0, 13: 822744.0, 14: 288.0, 15: 40356.0}
2025-07-30 10:27:12 [INFO] 废钢分割结果保存路径: C:\Users\xindao\workspace\Scrap_steel_system\Scrap_Steel_In_Field\photos\segmentation\segment_20250730_102712.jpg
2025-07-30 10:27:12 [INFO] 废钢分割结果已写入JSON文件: C:\Users\xindao\workspace\Scrap_steel_system\Scrap_Steel_In_Field\photos\segmentation_result.json
2025-07-30 10:27:13 [INFO] [分割完成] original_image_20250701_105437.jpg -> C:\Users\xindao\workspace\Scrap_steel_system\Scrap_Steel_In_Field\photos\segmentation\segment_20250730_102713.jpg
2025-07-30 10:27:13 [INFO] 检测到 526 个物体
2025-07-30 10:27:13 [INFO] 类别统计: {0: 9, 1: 58, 2: 23, 3: 6, 4: 45, 5: 22, 6: 29, 7: 36, 8: 44, 9: 53, 10: 26, 11: 11, 12: 8, 13: 114, 14: 0, 15: 42}
2025-07-30 10:27:13 [INFO] 面积统计: {0: 3206916.0, 1: 401472.0, 2: 71712.0, 3: 336960.0, 4: 179892.0, 5: 90540.0, 6: 638748.0, 7: 47448.0, 8: 817164.0, 9: 188208.0, 10: 141660.0, 11: 183852.0, 12: 129600.0, 13: 848520.0, 14: 684.0, 15: 74412.0}
2025-07-30 10:27:13 [INFO] 废钢分割结果保存路径: C:\Users\xindao\workspace\Scrap_steel_system\Scrap_Steel_In_Field\photos\segmentation\segment_20250730_102713.jpg
2025-07-30 10:27:13 [INFO] 废钢分割结果已写入JSON文件: C:\Users\xindao\workspace\Scrap_steel_system\Scrap_Steel_In_Field\photos\segmentation_result.json
2025-07-30 10:27:14 [INFO] [分割完成] original_image_20250722_133945.jpg -> C:\Users\xindao\workspace\Scrap_steel_system\Scrap_Steel_In_Field\photos\segmentation\segment_20250730_102714.jpg
2025-07-30 10:27:14 [INFO] 检测到 461 个物体
2025-07-30 10:27:14 [INFO] 类别统计: {0: 35, 1: 35, 2: 14, 3: 20, 4: 30, 5: 26, 6: 28, 7: 37, 8: 44, 9: 79, 10: 39, 11: 14, 12: 7, 13: 35, 14: 0, 15: 18}
2025-07-30 10:27:14 [INFO] 面积统计: {0: 369171.0, 1: 31635.0, 2: 11007.0, 3: 54360.0, 4: 97101.0, 5: 17847.0, 6: 221022.0, 7: 35919.0, 8: 240930.0, 9: 183069.0, 10: 97911.0, 11: 50958.0, 12: 6327.0, 13: 173673.0, 15: 17388.0}
2025-07-30 10:27:14 [INFO] 废钢分割结果保存路径: C:\Users\xindao\workspace\Scrap_steel_system\Scrap_Steel_In_Field\photos\segmentation\segment_20250730_102714.jpg
2025-07-30 10:27:14 [INFO] 废钢分割结果已写入JSON文件: C:\Users\xindao\workspace\Scrap_steel_system\Scrap_Steel_In_Field\photos\segmentation_result.json
2025-07-30 10:27:14 [INFO] [分割完成] original_image_20250722_133953.jpg -> C:\Users\xindao\workspace\Scrap_steel_system\Scrap_Steel_In_Field\photos\segmentation\segment_20250730_102714.jpg
2025-07-30 10:27:14 [INFO] 检测到 468 个物体
2025-07-30 10:27:14 [INFO] 类别统计: {0: 34, 1: 39, 2: 17, 3: 17, 4: 30, 5: 27, 6: 29, 7: 44, 8: 34, 9: 81, 10: 37, 11: 15, 12: 6, 13: 35, 14: 0, 15: 23}
2025-07-30 10:27:14 [INFO] 面积统计: {0: 370764.0, 1: 35775.0, 2: 9630.0, 3: 50436.0, 4: 90774.0, 5: 17793.0, 6: 217908.0, 7: 41499.0, 8: 241803.0, 9: 182430.0, 10: 90567.0, 11: 52344.0, 12: 7470.0, 13: 156978.0, 15: 14742.0}
2025-07-30 10:27:14 [INFO] 废钢分割结果保存路径: C:\Users\xindao\workspace\Scrap_steel_system\Scrap_Steel_In_Field\photos\segmentation\segment_20250730_102714.jpg
2025-07-30 10:27:14 [INFO] 废钢分割结果已写入JSON文件: C:\Users\xindao\workspace\Scrap_steel_system\Scrap_Steel_In_Field\photos\segmentation_result.json
2025-07-30 10:27:15 [INFO] [分割完成] original_image_20250722_140006.jpg -> C:\Users\xindao\workspace\Scrap_steel_system\Scrap_Steel_In_Field\photos\segmentation\segment_20250730_102714.jpg
2025-07-30 10:27:15 [INFO] 检测到 617 个物体
2025-07-30 10:27:15 [INFO] 类别统计: {0: 65, 1: 56, 2: 23, 3: 15, 4: 53, 5: 40, 6: 32, 7: 55, 8: 62, 9: 87, 10: 55, 11: 16, 12: 9, 13: 35, 14: 0, 15: 14}
2025-07-30 10:27:15 [INFO] 面积统计: {0: 357786.0, 1: 56160.0, 2: 15273.0, 3: 108585.0, 4: 89343.0, 5: 35946.0, 6: 210177.0, 7: 36270.0, 8: 234045.0, 9: 246672.0, 10: 82089.0, 11: 61335.0, 12: 16731.0, 13: 198504.0, 15: 6714.0}
2025-07-30 10:27:15 [INFO] 废钢分割结果保存路径: C:\Users\xindao\workspace\Scrap_steel_system\Scrap_Steel_In_Field\photos\segmentation\segment_20250730_102714.jpg
2025-07-30 10:27:15 [INFO] 废钢分割结果已写入JSON文件: C:\Users\xindao\workspace\Scrap_steel_system\Scrap_Steel_In_Field\photos\segmentation_result.json
2025-07-30 10:27:15 [INFO] [分割完成] original_image_20250722_140014.jpg -> C:\Users\xindao\workspace\Scrap_steel_system\Scrap_Steel_In_Field\photos\segmentation\segment_20250730_102715.jpg
2025-07-30 10:27:15 [INFO] 检测到 578 个物体
2025-07-30 10:27:15 [INFO] 类别统计: {0: 42, 1: 50, 2: 22, 3: 17, 4: 54, 5: 40, 6: 38, 7: 54, 8: 60, 9: 77, 10: 52, 11: 15, 12: 6, 13: 35, 14: 0, 15: 16}
2025-07-30 10:27:15 [INFO] 面积统计: {0: 356130.0, 1: 51156.0, 2: 14526.0, 3: 106119.0, 4: 99072.0, 5: 34245.0, 6: 214011.0, 7: 41283.0, 8: 222057.0, 9: 235782.0, 10: 77679.0, 11: 59985.0, 12: 15948.0, 13: 204525.0, 15: 8154.0}
2025-07-30 10:27:15 [INFO] 废钢分割结果保存路径: C:\Users\xindao\workspace\Scrap_steel_system\Scrap_Steel_In_Field\photos\segmentation\segment_20250730_102715.jpg
2025-07-30 10:27:15 [INFO] 废钢分割结果已写入JSON文件: C:\Users\xindao\workspace\Scrap_steel_system\Scrap_Steel_In_Field\photos\segmentation_result.json
2025-07-30 10:27:15 [INFO] [分割完成] original_image_20250722_162031.jpg -> C:\Users\xindao\workspace\Scrap_steel_system\Scrap_Steel_In_Field\photos\segmentation\segment_20250730_102715.jpg
2025-07-30 10:27:15 [INFO] 检测到 422 个物体
2025-07-30 10:27:15 [INFO] 类别统计: {0: 42, 1: 33, 2: 25, 3: 35, 4: 44, 5: 30, 6: 17, 7: 34, 8: 60, 9: 24, 10: 25, 11: 24, 12: 9, 13: 20, 14: 0, 15: 0}
2025-07-30 10:27:15 [INFO] 面积统计: {0: 111429.0, 1: 50652.0, 2: 22014.0, 3: 129051.0, 4: 51048.0, 5: 31662.0, 6: 319932.0, 7: 25398.0, 8: 244971.0, 9: 83970.0, 10: 78381.0, 11: 53370.0, 12: 40023.0, 13: 131175.0, 15: 405.0}
2025-07-30 10:27:15 [INFO] 废钢分割结果保存路径: C:\Users\xindao\workspace\Scrap_steel_system\Scrap_Steel_In_Field\photos\segmentation\segment_20250730_102715.jpg
2025-07-30 10:27:15 [INFO] 废钢分割结果已写入JSON文件: C:\Users\xindao\workspace\Scrap_steel_system\Scrap_Steel_In_Field\photos\segmentation_result.json
2025-07-30 10:27:16 [INFO] [分割完成] original_image_20250722_162039.jpg -> C:\Users\xindao\workspace\Scrap_steel_system\Scrap_Steel_In_Field\photos\segmentation\segment_20250730_102716.jpg
2025-07-30 10:27:16 [INFO] 检测到 407 个物体
2025-07-30 10:27:16 [INFO] 类别统计: {0: 38, 1: 34, 2: 26, 3: 32, 4: 37, 5: 37, 6: 17, 7: 37, 8: 61, 9: 20, 10: 26, 11: 16, 12: 9, 13: 17, 14: 0, 15: 0}
2025-07-30 10:27:16 [INFO] 面积统计: {0: 126009.0, 1: 53766.0, 2: 21555.0, 3: 125415.0, 4: 54621.0, 5: 32499.0, 6: 304866.0, 7: 23211.0, 8: 244278.0, 9: 92907.0, 10: 74061.0, 11: 51111.0, 12: 37008.0, 13: 147042.0, 15: 495.0}
2025-07-30 10:27:16 [INFO] 废钢分割结果保存路径: C:\Users\xindao\workspace\Scrap_steel_system\Scrap_Steel_In_Field\photos\segmentation\segment_20250730_102716.jpg
2025-07-30 10:27:16 [INFO] 废钢分割结果已写入JSON文件: C:\Users\xindao\workspace\Scrap_steel_system\Scrap_Steel_In_Field\photos\segmentation_result.json
2025-07-30 10:27:16 [INFO] [分割完成] original_image_20250722_162501.jpg -> C:\Users\xindao\workspace\Scrap_steel_system\Scrap_Steel_In_Field\photos\segmentation\segment_20250730_102716.jpg
2025-07-30 10:27:16 [INFO] 检测到 409 个物体
2025-07-30 10:27:16 [INFO] 类别统计: {0: 43, 1: 46, 2: 22, 3: 31, 4: 41, 5: 27, 6: 15, 7: 38, 8: 47, 9: 23, 10: 35, 11: 18, 12: 9, 13: 14, 14: 0, 15: 0}
2025-07-30 10:27:16 [INFO] 面积统计: {0: 111069.0, 1: 48735.0, 2: 14580.0, 3: 119880.0, 4: 61785.0, 5: 26559.0, 6: 336780.0, 7: 26631.0, 8: 232947.0, 9: 87309.0, 10: 76392.0, 11: 50580.0, 12: 38898.0, 13: 134226.0, 15: 630.0}
2025-07-30 10:27:16 [INFO] 废钢分割结果保存路径: C:\Users\xindao\workspace\Scrap_steel_system\Scrap_Steel_In_Field\photos\segmentation\segment_20250730_102716.jpg
2025-07-30 10:27:16 [INFO] 废钢分割结果已写入JSON文件: C:\Users\xindao\workspace\Scrap_steel_system\Scrap_Steel_In_Field\photos\segmentation_result.json
2025-07-30 10:27:17 [INFO] [分割完成] original_image_20250722_162508.jpg -> C:\Users\xindao\workspace\Scrap_steel_system\Scrap_Steel_In_Field\photos\segmentation\segment_20250730_102716.jpg
2025-07-30 10:27:17 [INFO] 检测到 403 个物体
2025-07-30 10:27:17 [INFO] 类别统计: {0: 43, 1: 39, 2: 21, 3: 33, 4: 37, 5: 26, 6: 16, 7: 42, 8: 54, 9: 20, 10: 30, 11: 19, 12: 7, 13: 16, 14: 0, 15: 0}
2025-07-30 10:27:17 [INFO] 面积统计: {0: 111123.0, 1: 48186.0, 2: 14967.0, 3: 128358.0, 4: 63729.0, 5: 28476.0, 6: 326169.0, 7: 30717.0, 8: 242649.0, 9: 89019.0, 10: 79731.0, 11: 52407.0, 12: 35577.0, 13: 143307.0, 15: 648.0}
2025-07-30 10:27:17 [INFO] 废钢分割结果保存路径: C:\Users\xindao\workspace\Scrap_steel_system\Scrap_Steel_In_Field\photos\segmentation\segment_20250730_102716.jpg
2025-07-30 10:27:17 [INFO] 废钢分割结果已写入JSON文件: C:\Users\xindao\workspace\Scrap_steel_system\Scrap_Steel_In_Field\photos\segmentation_result.json
2025-07-30 10:27:17 [INFO] [分割完成] original_image_20250722_162727.jpg -> C:\Users\xindao\workspace\Scrap_steel_system\Scrap_Steel_In_Field\photos\segmentation\segment_20250730_102717.jpg
2025-07-30 10:27:17 [INFO] 检测到 407 个物体
2025-07-30 10:27:17 [INFO] 类别统计: {0: 37, 1: 41, 2: 16, 3: 32, 4: 47, 5: 27, 6: 23, 7: 44, 8: 50, 9: 19, 10: 28, 11: 19, 12: 6, 13: 13, 14: 0, 15: 5}
2025-07-30 10:27:17 [INFO] 面积统计: {0: 98262.0, 1: 50211.0, 2: 12501.0, 3: 123435.0, 4: 59202.0, 5: 26253.0, 6: 358596.0, 7: 34857.0, 8: 216216.0, 9: 86859.0, 10: 90423.0, 11: 53172.0, 12: 37341.0, 13: 140535.0, 15: 2439.0}
2025-07-30 10:27:17 [INFO] 废钢分割结果保存路径: C:\Users\xindao\workspace\Scrap_steel_system\Scrap_Steel_In_Field\photos\segmentation\segment_20250730_102717.jpg
2025-07-30 10:27:17 [INFO] 废钢分割结果已写入JSON文件: C:\Users\xindao\workspace\Scrap_steel_system\Scrap_Steel_In_Field\photos\segmentation_result.json
2025-07-30 10:27:17 [INFO] [分割完成] original_image_20250722_171712.jpg -> C:\Users\xindao\workspace\Scrap_steel_system\Scrap_Steel_In_Field\photos\segmentation\segment_20250730_102717.jpg
2025-07-30 10:27:17 [INFO] 检测到 378 个物体
2025-07-30 10:27:17 [INFO] 类别统计: {0: 37, 1: 35, 2: 17, 3: 31, 4: 39, 5: 28, 6: 12, 7: 29, 8: 54, 9: 19, 10: 25, 11: 20, 12: 9, 13: 23, 14: 0, 15: 0}
2025-07-30 10:27:17 [INFO] 面积统计: {0: 92430.0, 1: 51507.0, 2: 14463.0, 3: 138726.0, 4: 54684.0, 5: 29718.0, 6: 364419.0, 7: 27144.0, 8: 222579.0, 9: 95130.0, 10: 81216.0, 11: 52641.0, 12: 37899.0, 13: 130302.0, 15: 558.0}
2025-07-30 10:27:17 [INFO] 废钢分割结果保存路径: C:\Users\xindao\workspace\Scrap_steel_system\Scrap_Steel_In_Field\photos\segmentation\segment_20250730_102717.jpg
2025-07-30 10:27:17 [INFO] 废钢分割结果已写入JSON文件: C:\Users\xindao\workspace\Scrap_steel_system\Scrap_Steel_In_Field\photos\segmentation_result.json
2025-07-30 10:27:18 [INFO] [分割完成] original_image_20250723_135612.jpg -> C:\Users\xindao\workspace\Scrap_steel_system\Scrap_Steel_In_Field\photos\segmentation\segment_20250730_102717.jpg
2025-07-30 10:27:18 [INFO] 检测到 579 个物体
2025-07-30 10:27:18 [INFO] 类别统计: {0: 31, 1: 62, 2: 24, 3: 18, 4: 55, 5: 41, 6: 41, 7: 56, 8: 50, 9: 87, 10: 52, 11: 11, 12: 8, 13: 26, 14: 0, 15: 17}
2025-07-30 10:27:18 [INFO] 面积统计: {0: 365715.0, 1: 51768.0, 2: 18594.0, 3: 90108.0, 4: 78372.0, 5: 42417.0, 6: 230346.0, 7: 38700.0, 8: 209169.0, 9: 271773.0, 10: 65826.0, 11: 48843.0, 12: 10998.0, 13: 154827.0, 15: 20016.0}
2025-07-30 10:27:18 [INFO] 废钢分割结果保存路径: C:\Users\xindao\workspace\Scrap_steel_system\Scrap_Steel_In_Field\photos\segmentation\segment_20250730_102717.jpg
2025-07-30 10:27:18 [INFO] 废钢分割结果已写入JSON文件: C:\Users\xindao\workspace\Scrap_steel_system\Scrap_Steel_In_Field\photos\segmentation_result.json
2025-07-30 10:27:18 [INFO] [分割完成] original_image_20250723_135619.jpg -> C:\Users\xindao\workspace\Scrap_steel_system\Scrap_Steel_In_Field\photos\segmentation\segment_20250730_102718.jpg
2025-07-30 10:27:18 [INFO] 检测到 593 个物体
2025-07-30 10:27:18 [INFO] 类别统计: {0: 59, 1: 60, 2: 23, 3: 22, 4: 45, 5: 38, 6: 39, 7: 58, 8: 53, 9: 81, 10: 52, 11: 13, 12: 4, 13: 27, 14: 0, 15: 19}
